# WCTIME: wall clock time in seconds
WCTIME=4.6683
# CPUTIME: CPU time in seconds (USERTIME+SYSTEMTIME)
CPUTIME=4.54282
# USERTIME: CPU time spent in user mode in seconds
USERTIME=4.45846
# SYSTEMTIME: CPU time spent in system mode in seconds
SYSTEMTIME=0.084357
# CPUUSAGE: CPUTIME/WCTIME in percent
CPUUSAGE=97.312
# MAXVM: maximum virtual memory used in KiB
MAXVM=29280
# MAXMM: maximum memory used in KiB
MAXMM=20584
# MAXRSS: maximum Resident Segment Size in KiB
MAXRSS=12648
# TIMEOUT: did the solver exceed the time limit?
TIMEOUT=false
# MEMOUT: did the solver exceed the memory limit?
MEMOUT=false
# EXITSTATUS: Exit status of the solver
EXITSTATUS=0
