runsolver version 3.4.1 (svn: 3018) Copyright (C) 2010-2013 Olivier ROUSSEL

This program is distributed in the hope that it will be useful,
but WITHOUT ANY WARRANTY; without even the implied warranty of
MERCHANTABILITY or FITNESS FOR A PARTICULAR PURPOSE.  See the
GNU General Public License for more details.

NUMA information:
  number of nodes: 8
  memory of node 0: 63700 MiB (61900 MiB free)
  memory of node 1: 64461 MiB (59988 MiB free)
  memory of node 2: 64504 MiB (62093 MiB free)
  memory of node 3: 64504 MiB (58181 MiB free)
  memory of node 4: 64504 MiB (62224 MiB free)
  memory of node 5: 64504 MiB (61742 MiB free)
  memory of node 6: 64504 MiB (61762 MiB free)
  memory of node 7: 64491 MiB (61879 MiB free)
  node distances:
     10  12  12  12  21  21  21  21
     12  10  12  12  21  21  21  21
     12  12  10  12  21  21  21  21
     12  12  12  10  21  21  21  21
     21  21  21  21  10  12  12  12
     21  21  21  21  12  10  12  12
     21  21  21  21  12  12  10  12
     21  21  21  21  12  12  12  10

command line: /usr/local/bin/runsolver --timestamp -w /output/runsolver-watch.log -v /output/runsolver-values.log -o /output/solver-output.log -C 1800.0 -W 1800.0 -R 64000 /opt/solver/run_bn4rust.py --mode cyber-complement-gfp-plus-sink-scc --instance /input/model_082.bnet 

running on 15 cores: 60-64,77-80,83,189-192,195

Enforcing CPUTime limit (soft limit, will send SIGTERM then SIGKILL): 1800 seconds
Enforcing CPUTime limit (hard limit, will send SIGXCPU): 1830 seconds
Enforcing wall clock limit (soft limit, will send SIGTERM then SIGKILL): 1800 seconds
Enforcing RSS+Swap limit (soft limit, will send SIGTERM then SIGKILL): 65536000 KiB
Linux 4.18.0-553.159.1.el8_10.x86_64
solver pid=16, runsolver pid=13
Current StackSize limit: 18014398509481983 KiB


[startup+0.100095 s]*
/proc/loadavg: 38.54 40.70 43.18 38/2993 17
/proc/meminfo: memFree=501521204/527542216 swapFree=33432572/33554428
[pid=16] ppid=13 vsize=15800 memory=10048 CPUtime=0.02 cores=56-64,77-80,83,168-176,189-192,195
/proc/16/stat : 16 (python3) R 13 16 0 0 -1 4194304 1383 0 84 0 2 0 0 0 20 0 1 0 53417518 16179200 2512 67087892480 4194304 7154137 140727174206896 0 0 0 0 16781312 2 0 0 0 17 61 0 0 6 0 0 9727432 11029816 34639872 140727174212415 140727174212525 140727174212525 140727174213607 0
/proc/16/statm: 3950 2512 1377 723 0 1674 0
Current children cumulated CPU time: 0.02 s
Current children cumulated vsize: 15800 KiB
Current children cumulated memory: 10048 KiB

[startup+0.20072 s]*
/proc/loadavg: 38.54 40.70 43.18 38/2968 18
/proc/meminfo: memFree=501547496/527542216 swapFree=33432572/33554428
[pid=16] ppid=13 vsize=17684 memory=12356 CPUtime=0.04 cores=56-64,77-80,83,168-176,189-192,195
/proc/16/stat : 16 (python3) S 13 16 0 0 -1 4194304 1897 0 96 0 3 1 0 0 20 0 1 0 53417518 18108416 3089 67087892480 4194304 7154137 140727174206896 0 0 0 0 16781312 2 1 0 0 17 61 0 0 8 0 0 9727432 11029816 34639872 140727174212415 140727174212525 140727174212525 140727174213607 0
/proc/16/statm: 4421 3089 1495 723 0 2063 0
[pid=18] ppid=16 vsize=16632 memory=12848 CPUtime=0.03 cores=56-64,77-80,83,168-176,189-192,195
/proc/18/stat : 18 (bn4rust) R 16 16 0 0 -1 4194304 3304 0 19 0 3 0 0 0 20 0 1 0 53417531 17031168 3212 67087892480 94602610057216 94602611924337 140722805533472 0 0 0 0 4096 1088 0 0 0 17 172 0 0 1 0 0 94602612182400 94602612229336 94602630270976 140722805537538 140722805537686 140722805537686 140722805538785 0
/proc/18/statm: 4158 3212 1070 456 0 2319 0
Current children cumulated CPU time: 0.07 s
Current children cumulated vsize: 34316 KiB
Current children cumulated memory: 25204 KiB

[startup+0.300603 s]*
/proc/loadavg: 38.54 40.70 43.18 39/2976 18
/proc/meminfo: memFree=501501768/527542216 swapFree=33432572/33554428
[pid=16] ppid=13 vsize=17684 memory=12356 CPUtime=0.04 cores=56-64,77-80,83,168-176,189-192,195
/proc/16/stat : 16 (python3) S 13 16 0 0 -1 4194304 1897 0 96 0 3 1 0 0 20 0 1 0 53417518 18108416 3089 67087892480 4194304 7154137 140727174206896 0 0 0 0 16781312 2 1 0 0 17 61 0 0 8 0 0 9727432 11029816 34639872 140727174212415 140727174212525 140727174212525 140727174213607 0
/proc/16/statm: 4421 3089 1495 723 0 2063 0
[pid=18] ppid=16 vsize=39116 memory=35208 CPUtime=0.13 cores=56-64,77-80,83,168-176,189-192,195
/proc/18/stat : 18 (bn4rust) R 16 16 0 0 -1 4194304 8971 0 19 0 12 1 0 0 20 0 1 0 53417531 40054784 8802 67087892480 94602610057216 94602611924337 140722805533472 0 0 0 0 4096 1088 0 0 0 17 172 0 0 1 0 0 94602612182400 94602612229336 94602630270976 140722805537538 140722805537686 140722805537686 140722805538785 0
/proc/18/statm: 9779 8802 1070 456 0 7940 0
Current children cumulated CPU time: 0.17 s
Current children cumulated vsize: 56800 KiB
Current children cumulated memory: 47564 KiB

[startup+0.700435 s]
/proc/loadavg: 38.54 40.70 43.18 40/2976 18
/proc/meminfo: memFree=501472792/527542216 swapFree=33432572/33554428
[pid=16] ppid=13 vsize=17684 memory=12356 CPUtime=0.04 cores=56-64,77-80,83,168-176,189-192,195
/proc/16/stat : 16 (python3) S 13 16 0 0 -1 4194304 1897 0 96 0 3 1 0 0 20 0 1 0 53417518 18108416 3089 67087892480 4194304 7154137 140727174206896 0 0 0 0 16781312 2 1 0 0 17 61 0 0 8 0 0 9727432 11029816 34639872 140727174212415 140727174212525 140727174212525 140727174213607 0
/proc/16/statm: 4421 3089 1495 723 0 2063 0
[pid=18] ppid=16 vsize=61672 memory=52840 CPUtime=0.54 cores=56-64,77-80,83,168-176,189-192,195
/proc/18/stat : 18 (bn4rust) R 16 16 0 0 -1 4194304 14643 0 19 0 51 3 0 0 20 0 1 0 53417531 63152128 13210 67087892480 94602610057216 94602611924337 140722805533472 0 0 0 0 4096 1088 0 0 0 17 172 0 0 1 0 0 94602612182400 94602612229336 94602630270976 140722805537538 140722805537686 140722805537686 140722805538785 0
/proc/18/statm: 15418 13210 1070 456 0 13579 0
Current children cumulated CPU time: 0.58 s
Current children cumulated vsize: 79356 KiB
Current children cumulated memory: 65196 KiB

[startup+1.50035 s]
/proc/loadavg: 38.54 40.70 43.18 39/2979 18
/proc/meminfo: memFree=501495944/527542216 swapFree=33432572/33554428
[pid=16] ppid=13 vsize=17684 memory=12356 CPUtime=0.04 cores=56-64,77-80,83,168-176,189-192,195
/proc/16/stat : 16 (python3) S 13 16 0 0 -1 4194304 1897 0 96 0 3 1 0 0 20 0 1 0 53417518 18108416 3089 67087892480 4194304 7154137 140727174206896 0 0 0 0 16781312 2 1 0 0 17 61 0 0 8 0 0 9727432 11029816 34639872 140727174212415 140727174212525 140727174212525 140727174213607 0
/proc/16/statm: 4421 3089 1495 723 0 2063 0
[pid=18] ppid=16 vsize=77676 memory=67104 CPUtime=1.33 cores=56-64,77-80,83,168-176,189-192,195
/proc/18/stat : 18 (bn4rust) R 16 16 0 0 -1 4194304 20302 0 19 0 128 5 0 0 20 0 1 0 53417531 79540224 16776 67087892480 94602610057216 94602611924337 140722805533472 0 0 0 0 4096 1088 0 0 0 17 172 0 0 1 0 0 94602612182400 94602612229336 94602630270976 140722805537538 140722805537686 140722805537686 140722805538785 0
/proc/18/statm: 19419 16776 1070 456 0 17580 0
Current children cumulated CPU time: 1.37 s
Current children cumulated vsize: 95360 KiB
Current children cumulated memory: 79460 KiB

[startup+3.10059 s]
/proc/loadavg: 38.49 40.65 43.15 38/2979 18
/proc/meminfo: memFree=501393020/527542216 swapFree=33432572/33554428
[pid=16] ppid=13 vsize=17684 memory=12356 CPUtime=0.04 cores=56-64,77-80,83,168-176,189-192,195
/proc/16/stat : 16 (python3) S 13 16 0 0 -1 4194304 1897 0 96 0 3 1 0 0 20 0 1 0 53417518 18108416 3089 67087892480 4194304 7154137 140727174206896 0 0 0 0 16781312 2 1 0 0 17 61 0 0 8 0 0 9727432 11029816 34639872 140727174212415 140727174212525 140727174212525 140727174213607 0
/proc/16/statm: 4421 3089 1495 723 0 2063 0
[pid=18] ppid=16 vsize=130024 memory=116104 CPUtime=2.92 cores=56-64,77-80,83,168-176,189-192,195
/proc/18/stat : 18 (bn4rust) R 16 16 0 0 -1 4194304 23649 0 19 0 285 7 0 0 20 0 1 0 53417531 133144576 29026 67087892480 94602610057216 94602611924337 140722805533472 0 0 0 0 4096 1088 0 0 0 17 172 0 0 1 0 0 94602612182400 94602612229336 94602630270976 140722805537538 140722805537686 140722805537686 140722805538785 0
/proc/18/statm: 32506 29026 1070 456 0 30667 0
Current children cumulated CPU time: 2.96 s
Current children cumulated vsize: 147708 KiB
Current children cumulated memory: 128460 KiB

[startup+6.3004 s]
/proc/loadavg: 38.49 40.65 43.15 41/2980 18
/proc/meminfo: memFree=501513572/527542216 swapFree=33432572/33554428
[pid=16] ppid=13 vsize=17684 memory=12356 CPUtime=0.04 cores=56-64,77-80,83,168-176,189-192,195
/proc/16/stat : 16 (python3) S 13 16 0 0 -1 4194304 1897 0 96 0 3 1 0 0 20 0 1 0 53417518 18108416 3089 67087892480 4194304 7154137 140727174206896 0 0 0 0 16781312 2 1 0 0 17 61 0 0 8 0 0 9727432 11029816 34639872 140727174212415 140727174212525 140727174212525 140727174213607 0
/proc/16/statm: 4421 3089 1495 723 0 2063 0
[pid=18] ppid=16 vsize=67852 memory=64292 CPUtime=6.11 cores=56-64,77-80,83,168-176,189-192,195
/proc/18/stat : 18 (bn4rust) R 16 16 0 0 -1 4194304 29786 0 19 0 601 10 0 0 20 0 1 0 53417531 69480448 16073 67087892480 94602610057216 94602611924337 140722805533472 0 0 0 0 4096 1088 0 0 0 17 172 0 0 1 0 0 94602612182400 94602612229336 94602630270976 140722805537538 140722805537686 140722805537686 140722805538785 0
/proc/18/statm: 16963 16073 1072 456 0 15124 0
Current children cumulated CPU time: 6.15 s
Current children cumulated vsize: 85536 KiB
Current children cumulated memory: 76648 KiB

[startup+12.7003 s]
/proc/loadavg: 38.50 40.58 43.10 42/3020 18
/proc/meminfo: memFree=501183884/527542216 swapFree=33432572/33554428
[pid=16] ppid=13 vsize=17684 memory=12356 CPUtime=0.04 cores=56-64,77-80,83,168-176,189-192,195
/proc/16/stat : 16 (python3) S 13 16 0 0 -1 4194304 1897 0 96 0 3 1 0 0 20 0 1 0 53417518 18108416 3089 67087892480 4194304 7154137 140727174206896 0 0 0 0 16781312 2 1 0 0 17 61 0 0 8 0 0 9727432 11029816 34639872 140727174212415 140727174212525 140727174212525 140727174213607 0
/proc/16/statm: 4421 3089 1495 723 0 2063 0
[pid=18] ppid=16 vsize=107788 memory=104484 CPUtime=12.47 cores=56-64,77-80,83,168-176,189-192,195
/proc/18/stat : 18 (bn4rust) R 16 16 0 0 -1 4194304 38742 0 19 0 1233 14 0 0 20 0 1 0 53417531 110374912 26121 67087892480 94602610057216 94602611924337 140722805533472 0 0 0 0 4096 1088 0 0 0 17 60 0 0 1 0 0 94602612182400 94602612229336 94602630270976 140722805537538 140722805537686 140722805537686 140722805538785 0
/proc/18/statm: 26947 26121 1072 456 0 25108 0
Current children cumulated CPU time: 12.51 s
Current children cumulated vsize: 125472 KiB
Current children cumulated memory: 116840 KiB

[startup+25.5004 s]
/proc/loadavg: 38.80 40.58 43.07 40/3019 18
/proc/meminfo: memFree=500720488/527542216 swapFree=33432572/33554428
[pid=16] ppid=13 vsize=17684 memory=12356 CPUtime=0.04 cores=56-64,77-80,83,168-176,189-192,195
/proc/16/stat : 16 (python3) S 13 16 0 0 -1 4194304 1898 0 96 0 3 1 0 0 20 0 1 0 53417518 18108416 3089 67087892480 4194304 7154137 140727174206896 0 0 0 0 16781312 2 1 0 0 17 61 0 0 8 0 0 9727432 11029816 34639872 140727174212415 140727174212525 140727174212525 140727174213607 0
/proc/16/statm: 4421 3089 1495 723 0 2063 0
[pid=18] ppid=16 vsize=134412 memory=120432 CPUtime=25.21 cores=56-64,77-80,83,168-176,189-192,195
/proc/18/stat : 18 (bn4rust) R 16 16 0 0 -1 4194304 56940 0 19 0 2498 23 0 0 20 0 1 0 53417531 137637888 30108 67087892480 94602610057216 94602611924337 140722805533472 0 0 0 0 4096 1088 0 0 0 17 60 0 0 1 0 0 94602612182400 94602612229336 94602630270976 140722805537538 140722805537686 140722805537686 140722805538785 0
/proc/18/statm: 33603 30108 1072 456 0 31764 0
Current children cumulated CPU time: 25.25 s
Current children cumulated vsize: 152096 KiB
Current children cumulated memory: 132788 KiB

[startup+51.1007 s]
/proc/loadavg: 39.02 40.49 42.97 39/3018 18
/proc/meminfo: memFree=499893580/527542216 swapFree=33432572/33554428
[pid=16] ppid=13 vsize=17684 memory=12356 CPUtime=0.04 cores=56-64,77-80,83,168-176,189-192,195
/proc/16/stat : 16 (python3) S 13 16 0 0 -1 4194304 1898 0 96 0 3 1 0 0 20 0 1 0 53417518 18108416 3089 67087892480 4194304 7154137 140727174206896 0 0 0 0 16781312 2 1 0 0 17 61 0 0 8 0 0 9727432 11029816 34639872 140727174212415 140727174212525 140727174212525 140727174213607 0
/proc/16/statm: 4421 3089 1495 723 0 2063 0
[pid=18] ppid=16 vsize=96920 memory=93744 CPUtime=50.69 cores=56-64,77-80,83,168-176,189-192,195
/proc/18/stat : 18 (bn4rust) R 16 16 0 0 -1 4194304 107874 0 19 0 5024 45 0 0 20 0 1 0 53417531 99246080 23436 67087892480 94602610057216 94602611924337 140722805533472 0 0 0 0 4096 1088 0 0 0 17 60 0 0 1 0 0 94602612182400 94602612229336 94602630270976 140722805537538 140722805537686 140722805537686 140722805538785 0
/proc/18/statm: 24230 23436 1072 456 0 22391 0
Current children cumulated CPU time: 50.73 s
Current children cumulated vsize: 114604 KiB
Current children cumulated memory: 106100 KiB

[startup+102.3 s]
/proc/loadavg: 39.07 40.24 42.74 41/3020 18
/proc/meminfo: memFree=499047312/527542216 swapFree=33432572/33554428
[pid=16] ppid=13 vsize=17684 memory=12356 CPUtime=0.04 cores=56-64,77-80,83,168-176,189-192,195
/proc/16/stat : 16 (python3) S 13 16 0 0 -1 4194304 1898 0 96 0 3 1 0 0 20 0 1 0 53417518 18108416 3089 67087892480 4194304 7154137 140727174206896 0 0 0 0 16781312 2 1 0 0 17 61 0 0 8 0 0 9727432 11029816 34639872 140727174212415 140727174212525 140727174212525 140727174213607 0
/proc/16/statm: 4421 3089 1495 723 0 2063 0
[pid=18] ppid=16 vsize=218440 memory=208380 CPUtime=101.65 cores=56-64,77-80,83,168-176,189-192,195
/proc/18/stat : 18 (bn4rust) R 16 16 0 0 -1 4194304 200857 0 19 0 10078 87 0 0 20 0 1 0 53417531 223682560 52095 67087892480 94602610057216 94602611924337 140722805533472 0 0 0 0 4096 1088 0 0 0 17 60 0 0 1 0 0 94602612182400 94602612229336 94602630270976 140722805537538 140722805537686 140722805537686 140722805538785 0
/proc/18/statm: 54610 52095 1072 456 0 52771 0
Current children cumulated CPU time: 101.69 s
Current children cumulated vsize: 236124 KiB
Current children cumulated memory: 220736 KiB

[startup+162.3 s]
/proc/loadavg: 39.33 40.10 42.53 41/3031 18
/proc/meminfo: memFree=499203228/527542216 swapFree=33432572/33554428
[pid=16] ppid=13 vsize=17684 memory=12356 CPUtime=0.04 cores=56-64,77-80,83,168-176,189-192,195
/proc/16/stat : 16 (python3) S 13 16 0 0 -1 4194304 1898 0 96 0 3 1 0 0 20 0 1 0 53417518 18108416 3089 67087892480 4194304 7154137 140727174206896 0 0 0 0 16781312 2 1 0 0 17 61 0 0 8 0 0 9727432 11029816 34639872 140727174212415 140727174212525 140727174212525 140727174213607 0
/proc/16/statm: 4421 3089 1495 723 0 2063 0
[pid=18] ppid=16 vsize=248136 memory=244840 CPUtime=161.38 cores=56-64,77-80,83,168-176,189-192,195
/proc/18/stat : 18 (bn4rust) R 16 16 0 0 -1 4194304 269410 0 19 0 15993 145 0 0 20 0 1 0 53417531 254091264 61210 67087892480 94602610057216 94602611924337 140722805533472 0 0 0 0 4096 1088 0 0 0 17 60 0 0 1 0 0 94602612182400 94602612229336 94602630270976 140722805537538 140722805537686 140722805537686 140722805538785 0
/proc/18/statm: 62034 61210 1072 456 0 60195 0
Current children cumulated CPU time: 161.42 s
Current children cumulated vsize: 265820 KiB
Current children cumulated memory: 257196 KiB

[startup+222.3 s]
/proc/loadavg: 40.05 40.12 42.38 47/3042 18
/proc/meminfo: memFree=498911744/527542216 swapFree=33432572/33554428
[pid=16] ppid=13 vsize=17684 memory=12356 CPUtime=0.04 cores=56-64,77-80,83,168-176,189-192,195
/proc/16/stat : 16 (python3) S 13 16 0 0 -1 4194304 1898 0 96 0 3 1 0 0 20 0 1 0 53417518 18108416 3089 67087892480 4194304 7154137 140727174206896 0 0 0 0 16781312 2 1 0 0 17 61 0 0 8 0 0 9727432 11029816 34639872 140727174212415 140727174212525 140727174212525 140727174213607 0
/proc/16/statm: 4421 3089 1495 723 0 2063 0
[pid=18] ppid=16 vsize=129484 memory=125948 CPUtime=221.11 cores=56-64,77-80,83,168-176,189-192,195
/proc/18/stat : 18 (bn4rust) R 16 16 0 0 -1 4194304 368947 0 19 0 21871 240 0 0 20 0 1 0 53417531 132591616 31487 67087892480 94602610057216 94602611924337 140722805533472 0 0 0 0 4096 1088 0 0 0 17 60 0 0 1 0 0 94602612182400 94602612229336 94602630270976 140722805537538 140722805537686 140722805537686 140722805538785 0
/proc/18/statm: 32371 31487 1072 456 0 30532 0
Current children cumulated CPU time: 221.15 s
Current children cumulated vsize: 147168 KiB
Current children cumulated memory: 138304 KiB

[startup+282.3 s]
/proc/loadavg: 39.25 39.88 42.16 39/2985 18
/proc/meminfo: memFree=498623144/527542216 swapFree=33432572/33554428
[pid=16] ppid=13 vsize=17684 memory=12356 CPUtime=0.04 cores=56-64,77-80,83,168-176,189-192,195
/proc/16/stat : 16 (python3) S 13 16 0 0 -1 4194304 1898 0 96 0 3 1 0 0 20 0 1 0 53417518 18108416 3089 67087892480 4194304 7154137 140727174206896 0 0 0 0 16781312 2 1 0 0 17 61 0 0 8 0 0 9727432 11029816 34639872 140727174212415 140727174212525 140727174212525 140727174213607 0
/proc/16/statm: 4421 3089 1495 723 0 2063 0
[pid=18] ppid=16 vsize=276948 memory=263684 CPUtime=280.84 cores=56-64,77-80,83,168-176,189-192,195
/proc/18/stat : 18 (bn4rust) R 16 16 0 0 -1 4194304 453318 0 19 0 27737 347 0 0 20 0 1 0 53417531 283594752 65921 67087892480 94602610057216 94602611924337 140722805533472 0 0 0 0 4096 1088 0 0 0 17 60 0 0 1 0 0 94602612182400 94602612229336 94602630270976 140722805537538 140722805537686 140722805537686 140722805538785 0
/proc/18/statm: 69237 65921 1072 456 0 67398 0
Current children cumulated CPU time: 280.88 s
Current children cumulated vsize: 294632 KiB
Current children cumulated memory: 276040 KiB

[startup+342.3 s]
/proc/loadavg: 38.38 39.39 41.84 41/2998 18
/proc/meminfo: memFree=497616960/527542216 swapFree=33432572/33554428
[pid=16] ppid=13 vsize=17684 memory=12356 CPUtime=0.04 cores=56-64,77-80,83,168-176,189-192,195
/proc/16/stat : 16 (python3) S 13 16 0 0 -1 4194304 1898 0 96 0 3 1 0 0 20 0 1 0 53417518 18108416 3089 67087892480 4194304 7154137 140727174206896 0 0 0 0 16781312 2 1 0 0 17 61 0 0 8 0 0 9727432 11029816 34639872 140727174212415 140727174212525 140727174212525 140727174213607 0
/proc/16/statm: 4421 3089 1495 723 0 2063 0
[pid=18] ppid=16 vsize=345388 memory=314044 CPUtime=340.49 cores=56-64,77-80,83,168-176,189-192,195
/proc/18/stat : 18 (bn4rust) R 16 16 0 0 -1 4194304 519802 0 19 0 33615 434 0 0 20 0 1 0 53417531 353677312 78511 67087892480 94602610057216 94602611924337 140722805533472 0 0 0 0 4096 1088 0 0 0 17 60 0 0 1 0 0 94602612182400 94602612229336 94602630270976 140722805537538 140722805537686 140722805537686 140722805538785 0
/proc/18/statm: 86347 78511 1072 456 0 84508 0
Current children cumulated CPU time: 340.53 s
Current children cumulated vsize: 363072 KiB
Current children cumulated memory: 326400 KiB

[startup+402.3 s]
/proc/loadavg: 39.22 39.46 41.70 41/2997 18
/proc/meminfo: memFree=496325668/527542216 swapFree=33432572/33554428
[pid=16] ppid=13 vsize=17684 memory=12356 CPUtime=0.04 cores=56-64,77-80,83,168-176,189-192,195
/proc/16/stat : 16 (python3) S 13 16 0 0 -1 4194304 1898 0 96 0 3 1 0 0 20 0 1 0 53417518 18108416 3089 67087892480 4194304 7154137 140727174206896 0 0 0 0 16781312 2 1 0 0 17 61 0 0 8 0 0 9727432 11029816 34639872 140727174212415 140727174212525 140727174212525 140727174213607 0
/proc/16/statm: 4421 3089 1495 723 0 2063 0
[pid=18] ppid=16 vsize=465372 memory=405640 CPUtime=400.15 cores=56-64,77-80,83,168-176,189-192,195
/proc/18/stat : 18 (bn4rust) R 16 16 0 0 -1 4194304 568252 0 19 0 39517 498 0 0 20 0 1 0 53417531 476540928 101410 67087892480 94602610057216 94602611924337 140722805533472 0 0 0 0 4096 1088 0 0 0 17 60 0 0 1 0 0 94602612182400 94602612229336 94602630270976 140722805537538 140722805537686 140722805537686 140722805538785 0
/proc/18/statm: 116343 101410 1072 456 0 114504 0
Current children cumulated CPU time: 400.19 s
Current children cumulated vsize: 483056 KiB
Current children cumulated memory: 417996 KiB

[startup+462.3 s]
/proc/loadavg: 39.39 39.45 41.56 42/2987 18
/proc/meminfo: memFree=497065536/527542216 swapFree=33432572/33554428
[pid=16] ppid=13 vsize=17684 memory=12356 CPUtime=0.04 cores=56-64,77-80,83,168-176,189-192,195
/proc/16/stat : 16 (python3) S 13 16 0 0 -1 4194304 1898 0 96 0 3 1 0 0 20 0 1 0 53417518 18108416 3089 67087892480 4194304 7154137 140727174206896 0 0 0 0 16781312 2 1 0 0 17 61 0 0 8 0 0 9727432 11029816 34639872 140727174212415 140727174212525 140727174212525 140727174213607 0
/proc/16/statm: 4421 3089 1495 723 0 2063 0
[pid=18] ppid=16 vsize=559576 memory=504212 CPUtime=459.79 cores=56-64,77-80,83,168-176,189-192,195
/proc/18/stat : 18 (bn4rust) R 16 16 0 0 -1 4194304 616766 0 19 0 45367 612 0 0 20 0 1 0 53417531 573005824 126053 67087892480 94602610057216 94602611924337 140722805533472 0 0 0 0 4096 1088 0 0 0 17 60 0 0 1 0 0 94602612182400 94602612229336 94602630270976 140722805537538 140722805537686 140722805537686 140722805538785 0
/proc/18/statm: 139894 126053 1072 456 0 138055 0
Current children cumulated CPU time: 459.83 s
Current children cumulated vsize: 577260 KiB
Current children cumulated memory: 516568 KiB

[startup+522.3 s]
/proc/loadavg: 39.52 39.48 41.43 41/2997 18
/proc/meminfo: memFree=500393484/527542216 swapFree=33432572/33554428
[pid=16] ppid=13 vsize=17684 memory=12356 CPUtime=0.04 cores=56-64,77-80,83,168-176,189-192,195
/proc/16/stat : 16 (python3) S 13 16 0 0 -1 4194304 1898 0 96 0 3 1 0 0 20 0 1 0 53417518 18108416 3089 67087892480 4194304 7154137 140727174206896 0 0 0 0 16781312 2 1 0 0 17 61 0 0 8 0 0 9727432 11029816 34639872 140727174212415 140727174212525 140727174212525 140727174213607 0
/proc/16/statm: 4421 3089 1495 723 0 2063 0
[pid=18] ppid=16 vsize=215500 memory=208100 CPUtime=519.45 cores=56-64,77-80,83,168-176,189-192,195
/proc/18/stat : 18 (bn4rust) R 16 16 0 0 -1 4194304 659875 0 19 0 51258 687 0 0 20 0 1 0 53417531 220672000 52025 67087892480 94602610057216 94602611924337 140722805533472 0 0 0 0 4096 1088 0 0 0 17 60 0 0 1 0 0 94602612182400 94602612229336 94602630270976 140722805537538 140722805537686 140722805537686 140722805538785 0
/proc/18/statm: 53875 52025 1072 456 0 52036 0
Current children cumulated CPU time: 519.49 s
Current children cumulated vsize: 233184 KiB
Current children cumulated memory: 220456 KiB

[startup+582.3 s]
/proc/loadavg: 39.63 39.51 41.32 41/2990 18
/proc/meminfo: memFree=499029008/527542216 swapFree=33432572/33554428
[pid=16] ppid=13 vsize=17684 memory=12356 CPUtime=0.04 cores=56-64,77-80,83,168-176,189-192,195
/proc/16/stat : 16 (python3) S 13 16 0 0 -1 4194304 1898 0 96 0 3 1 0 0 20 0 1 0 53417518 18108416 3089 67087892480 4194304 7154137 140727174206896 0 0 0 0 16781312 2 1 0 0 17 61 0 0 8 0 0 9727432 11029816 34639872 140727174212415 140727174212525 140727174212525 140727174213607 0
/proc/16/statm: 4421 3089 1495 723 0 2063 0
[pid=18] ppid=16 vsize=764380 memory=680828 CPUtime=579.19 cores=56-64,77-80,83,168-176,189-192,195
/proc/18/stat : 18 (bn4rust) R 16 16 0 0 -1 4194304 694087 0 19 0 57136 783 0 0 20 0 1 0 53417531 782725120 170207 67087892480 94602610057216 94602611924337 140722805533472 0 0 0 0 4096 1088 0 0 0 17 60 0 0 1 0 0 94602612182400 94602612229336 94602630270976 140722805537538 140722805537686 140722805537686 140722805538785 0
/proc/18/statm: 191095 170207 1072 456 0 189256 0
Current children cumulated CPU time: 579.23 s
Current children cumulated vsize: 782064 KiB
Current children cumulated memory: 693184 KiB

[startup+642.3 s]
/proc/loadavg: 38.44 39.24 41.11 37/2899 18
/proc/meminfo: memFree=500353204/527542216 swapFree=33432572/33554428
[pid=16] ppid=13 vsize=17684 memory=12356 CPUtime=0.04 cores=56-64,77-80,83,168-176,189-192,195
/proc/16/stat : 16 (python3) S 13 16 0 0 -1 4194304 1898 0 96 0 3 1 0 0 20 0 1 0 53417518 18108416 3089 67087892480 4194304 7154137 140727174206896 0 0 0 0 16781312 2 1 0 0 17 61 0 0 8 0 0 9727432 11029816 34639872 140727174212415 140727174212525 140727174212525 140727174213607 0
/proc/16/statm: 4421 3089 1495 723 0 2063 0
[pid=18] ppid=16 vsize=559576 memory=507912 CPUtime=638.92 cores=56-64,77-80,83,168-176,189-192,195
/proc/18/stat : 18 (bn4rust) R 16 16 0 0 -1 4194304 736429 0 19 0 63004 888 0 0 20 0 1 0 53417531 573005824 126978 67087892480 94602610057216 94602611924337 140722805533472 0 0 0 0 4096 1088 0 0 0 17 60 0 0 1 0 0 94602612182400 94602612229336 94602630270976 140722805537538 140722805537686 140722805537686 140722805538785 0
/proc/18/statm: 139894 126978 1072 456 0 138055 0
Current children cumulated CPU time: 638.96 s
Current children cumulated vsize: 577260 KiB
Current children cumulated memory: 520268 KiB

[startup+702.3 s]
/proc/loadavg: 37.14 38.72 40.82 37/2898 18
/proc/meminfo: memFree=499680004/527542216 swapFree=33432572/33554428
[pid=16] ppid=13 vsize=17684 memory=12356 CPUtime=0.04 cores=56-64,77-80,83,168-176,189-192,195
/proc/16/stat : 16 (python3) S 13 16 0 0 -1 4194304 1898 0 96 0 3 1 0 0 20 0 1 0 53417518 18108416 3089 67087892480 4194304 7154137 140727174206896 0 0 0 0 16781312 2 1 0 0 17 61 0 0 8 0 0 9727432 11029816 34639872 140727174212415 140727174212525 140727174212525 140727174213607 0
/proc/16/statm: 4421 3089 1495 723 0 2063 0
[pid=18] ppid=16 vsize=289232 memory=262228 CPUtime=698.66 cores=56-64,77-80,83,168-176,189-192,195
/proc/18/stat : 18 (bn4rust) R 16 16 0 0 -1 4194304 781975 0 19 0 68906 960 0 0 20 0 1 0 53417531 296173568 65557 67087892480 94602610057216 94602611924337 140722805533472 0 0 0 0 4096 1088 0 0 0 17 172 0 0 1 0 0 94602612182400 94602612229336 94602630270976 140722805537538 140722805537686 140722805537686 140722805538785 0
/proc/18/statm: 72308 65557 1072 456 0 70469 0
Current children cumulated CPU time: 698.7 s
Current children cumulated vsize: 306916 KiB
Current children cumulated memory: 274584 KiB

[startup+762.3 s]
/proc/loadavg: 51.63 42.48 41.97 62/2959 18
/proc/meminfo: memFree=498254180/527542216 swapFree=33432572/33554428
[pid=16] ppid=13 vsize=17684 memory=12356 CPUtime=0.04 cores=56-64,77-80,83,168-176,189-192,195
/proc/16/stat : 16 (python3) S 13 16 0 0 -1 4194304 1898 0 96 0 3 1 0 0 20 0 1 0 53417518 18108416 3089 67087892480 4194304 7154137 140727174206896 0 0 0 0 16781312 2 1 0 0 17 61 0 0 8 0 0 9727432 11029816 34639872 140727174212415 140727174212525 140727174212525 140727174213607 0
/proc/16/statm: 4421 3089 1495 723 0 2063 0
[pid=18] ppid=16 vsize=895380 memory=616092 CPUtime=758.38 cores=56-64,77-80,83,168-176,189-192,195
/proc/18/stat : 18 (bn4rust) R 16 16 0 0 -1 4194304 839482 0 19 0 74748 1090 0 0 20 0 1 0 53417531 916869120 154023 67087892480 94602610057216 94602611924337 140722805533472 0 0 0 0 4096 1088 0 0 0 17 60 0 0 1 0 0 94602612182400 94602612229336 94602630270976 140722805537538 140722805537686 140722805537686 140722805538785 0
/proc/18/statm: 223845 154023 1072 456 0 222006 0
Current children cumulated CPU time: 758.42 s
Current children cumulated vsize: 913064 KiB
Current children cumulated memory: 628448 KiB

[startup+822.3 s]
/proc/loadavg: 56.69 45.59 43.08 62/2946 18
/proc/meminfo: memFree=494643760/527542216 swapFree=33432572/33554428
[pid=16] ppid=13 vsize=17684 memory=12356 CPUtime=0.04 cores=56-64,77-80,83,168-176,189-192,195
/proc/16/stat : 16 (python3) S 13 16 0 0 -1 4194304 1898 0 96 0 3 1 0 0 20 0 1 0 53417518 18108416 3089 67087892480 4194304 7154137 140727174206896 0 0 0 0 16781312 2 1 0 0 17 61 0 0 8 0 0 9727432 11029816 34639872 140727174212415 140727174212525 140727174212525 140727174213607 0
/proc/16/statm: 4421 3089 1495 723 0 2063 0
[pid=18] ppid=16 vsize=571712 memory=440216 CPUtime=818.09 cores=56-64,77-80,83,168-176,189-192,195
/proc/18/stat : 18 (bn4rust) R 16 16 0 0 -1 4194304 896461 0 19 0 80591 1218 0 0 20 0 1 0 53417531 585433088 110054 67087892480 94602610057216 94602611924337 140722805533472 0 0 0 0 4096 1088 0 0 0 17 172 0 0 1 0 0 94602612182400 94602612229336 94602630270976 140722805537538 140722805537686 140722805537686 140722805538785 0
/proc/18/statm: 142928 110054 1072 456 0 141089 0
Current children cumulated CPU time: 818.13 s
Current children cumulated vsize: 589396 KiB
Current children cumulated memory: 452572 KiB

[startup+882.3 s]
/proc/loadavg: 59.63 48.45 44.22 63/2982 18
/proc/meminfo: memFree=492806500/527542216 swapFree=33432572/33554428
[pid=16] ppid=13 vsize=17684 memory=12356 CPUtime=0.04 cores=56-64,77-80,83,168-176,189-192,195
/proc/16/stat : 16 (python3) S 13 16 0 0 -1 4194304 1898 0 96 0 3 1 0 0 20 0 1 0 53417518 18108416 3089 67087892480 4194304 7154137 140727174206896 0 0 0 0 16781312 2 1 0 0 17 61 0 0 8 0 0 9727432 11029816 34639872 140727174212415 140727174212525 140727174212525 140727174213607 0
/proc/16/statm: 4421 3089 1495 723 0 2063 0
[pid=18] ppid=16 vsize=270808 memory=238912 CPUtime=877.79 cores=56-64,77-80,83,168-176,189-192,195
/proc/18/stat : 18 (bn4rust) R 16 16 0 0 -1 4194304 973120 0 19 0 86421 1358 0 0 20 0 1 0 53417531 277307392 59728 67087892480 94602610057216 94602611924337 140722805533472 0 0 0 0 4096 1088 0 0 0 17 60 0 0 1 0 0 94602612182400 94602612229336 94602630270976 140722805537538 140722805537686 140722805537686 140722805538785 0
/proc/18/statm: 67702 59728 1072 456 0 65863 0
Current children cumulated CPU time: 877.83 s
Current children cumulated vsize: 288492 KiB
Current children cumulated memory: 251268 KiB

[startup+942.3 s]
/proc/loadavg: 60.71 50.79 45.29 62/2936 18
/proc/meminfo: memFree=493486304/527542216 swapFree=33432572/33554428
[pid=16] ppid=13 vsize=17684 memory=12356 CPUtime=0.04 cores=56-64,77-80,83,168-176,189-192,195
/proc/16/stat : 16 (python3) S 13 16 0 0 -1 4194304 1898 0 96 0 3 1 0 0 20 0 1 0 53417518 18108416 3089 67087892480 4194304 7154137 140727174206896 0 0 0 0 16781312 2 1 0 0 17 61 0 0 8 0 0 9727432 11029816 34639872 140727174212415 140727174212525 140727174212525 140727174213607 0
/proc/16/statm: 4421 3089 1495 723 0 2063 0
[pid=18] ppid=16 vsize=344544 memory=270580 CPUtime=937.48 cores=56-64,77-80,83,168-176,189-192,195
/proc/18/stat : 18 (bn4rust) R 16 16 0 0 -1 4194304 1109007 0 19 0 92228 1520 0 0 20 0 1 0 53417531 352813056 67645 67087892480 94602610057216 94602611924337 140722805533472 0 0 0 0 4096 1088 0 0 0 17 60 0 0 1 0 0 94602612182400 94602612229336 94602630270976 140722805537538 140722805537686 140722805537686 140722805538785 0
/proc/18/statm: 86136 67645 1072 456 0 84297 0
Current children cumulated CPU time: 937.52 s
Current children cumulated vsize: 362228 KiB
Current children cumulated memory: 282936 KiB

[startup+1002.3 s]
/proc/loadavg: 61.44 52.78 46.32 63/2979 18
/proc/meminfo: memFree=490641512/527542216 swapFree=33432572/33554428
[pid=16] ppid=13 vsize=17684 memory=12356 CPUtime=0.04 cores=56-64,77-80,83,168-176,189-192,195
/proc/16/stat : 16 (python3) S 13 16 0 0 -1 4194304 1898 0 96 0 3 1 0 0 20 0 1 0 53417518 18108416 3089 67087892480 4194304 7154137 140727174206896 0 0 0 0 16781312 2 1 0 0 17 61 0 0 8 0 0 9727432 11029816 34639872 140727174212415 140727174212525 140727174212525 140727174213607 0
/proc/16/statm: 4421 3089 1495 723 0 2063 0
[pid=18] ppid=16 vsize=1296704 memory=1026456 CPUtime=997.08 cores=56-64,77-80,83,168-176,189-192,195
/proc/18/stat : 18 (bn4rust) R 16 16 0 0 -1 4194304 1166591 0 19 0 98060 1648 0 0 20 0 1 0 53417531 1327824896 256614 67087892480 94602610057216 94602611924337 140722805533472 0 0 0 0 4096 1088 0 0 0 17 60 0 0 1 0 0 94602612182400 94602612229336 94602630270976 140722805537538 140722805537686 140722805537686 140722805538785 0
/proc/18/statm: 324176 256614 1072 456 0 322337 0
Current children cumulated CPU time: 997.12 s
Current children cumulated vsize: 1314388 KiB
Current children cumulated memory: 1038812 KiB

[startup+1062.3 s]
/proc/loadavg: 60.10 54.02 47.16 63/2979 18
/proc/meminfo: memFree=492513044/527542216 swapFree=33432572/33554428
[pid=16] ppid=13 vsize=17684 memory=12356 CPUtime=0.04 cores=56-64,77-80,83,168-176,189-192,195
/proc/16/stat : 16 (python3) S 13 16 0 0 -1 4194304 1898 0 96 0 3 1 0 0 20 0 1 0 53417518 18108416 3089 67087892480 4194304 7154137 140727174206896 0 0 0 0 16781312 2 1 0 0 17 61 0 0 8 0 0 9727432 11029816 34639872 140727174212415 140727174212525 140727174212525 140727174213607 0
/proc/16/statm: 4421 3089 1495 723 0 2063 0
[pid=18] ppid=16 vsize=1037912 memory=818220 CPUtime=1056.7 cores=56-64,77-80,83,168-176,189-192,195
/proc/18/stat : 18 (bn4rust) R 16 16 0 0 -1 4194304 1210255 0 19 0 103903 1767 0 0 20 0 1 0 53417531 1062821888 204555 67087892480 94602610057216 94602611924337 140722805533472 0 0 0 0 4096 1088 0 0 0 17 60 0 0 1 0 0 94602612182400 94602612229336 94602630270976 140722805537538 140722805537686 140722805537686 140722805538785 0
/proc/18/statm: 259478 204555 1072 456 0 257639 0
Current children cumulated CPU time: 1056.74 s
Current children cumulated vsize: 1055596 KiB
Current children cumulated memory: 830576 KiB

[startup+1122.3 s]
/proc/loadavg: 60.82 55.34 48.04 62/2976 18
/proc/meminfo: memFree=492451584/527542216 swapFree=33432572/33554428
[pid=16] ppid=13 vsize=17684 memory=12356 CPUtime=0.04 cores=56-64,77-80,83,168-176,189-192,195
/proc/16/stat : 16 (python3) S 13 16 0 0 -1 4194304 1898 0 96 0 3 1 0 0 20 0 1 0 53417518 18108416 3089 67087892480 4194304 7154137 140727174206896 0 0 0 0 16781312 2 1 0 0 17 61 0 0 8 0 0 9727432 11029816 34639872 140727174212415 140727174212525 140727174212525 140727174213607 0
/proc/16/statm: 4421 3089 1495 723 0 2063 0
[pid=18] ppid=16 vsize=921156 memory=781328 CPUtime=1116.33 cores=56-64,77-80,83,168-176,189-192,195
/proc/18/stat : 18 (bn4rust) R 16 16 0 0 -1 4194304 1261784 0 19 0 109738 1895 0 0 20 0 1 0 53417531 943263744 195332 67087892480 94602610057216 94602611924337 140722805533472 0 0 0 0 4096 1088 0 0 0 17 60 0 0 1 0 0 94602612182400 94602612229336 94602630270976 140722805537538 140722805537686 140722805537686 140722805538785 0
/proc/18/statm: 230289 195332 1072 456 0 228450 0
Current children cumulated CPU time: 1116.37 s
Current children cumulated vsize: 938840 KiB
Current children cumulated memory: 793684 KiB

[startup+1182.3 s]
/proc/loadavg: 61.22 56.46 48.88 63/2971 18
/proc/meminfo: memFree=491890888/527542216 swapFree=33432572/33554428
[pid=16] ppid=13 vsize=17684 memory=12356 CPUtime=0.04 cores=56-64,77-80,83,168-176,189-192,195
/proc/16/stat : 16 (python3) S 13 16 0 0 -1 4194304 1898 0 96 0 3 1 0 0 20 0 1 0 53417518 18108416 3089 67087892480 4194304 7154137 140727174206896 0 0 0 0 16781312 2 1 0 0 17 61 0 0 8 0 0 9727432 11029816 34639872 140727174212415 140727174212525 140727174212525 140727174213607 0
/proc/16/statm: 4421 3089 1495 723 0 2063 0
[pid=18] ppid=16 vsize=915604 memory=588056 CPUtime=1175.95 cores=56-64,77-80,83,168-176,189-192,195
/proc/18/stat : 18 (bn4rust) R 16 16 0 0 -1 4194304 1335772 0 19 0 115567 2028 0 0 20 0 1 0 53417531 937578496 146502 67087892480 94602610057216 94602611924337 140722805533472 0 0 0 0 4096 1088 0 0 0 17 60 0 0 1 0 0 94602612182400 94602612229336 94602630270976 140722805537538 140722805537686 140722805537686 140722805538785 0
/proc/18/statm: 228901 147014 1072 456 0 227062 0
Current children cumulated CPU time: 1175.99 s
Current children cumulated vsize: 933288 KiB
Current children cumulated memory: 600412 KiB

[startup+1242.3 s]
/proc/loadavg: 61.34 57.37 49.67 63/2971 18
/proc/meminfo: memFree=491866008/527542216 swapFree=33432572/33554428
[pid=16] ppid=13 vsize=17684 memory=12356 CPUtime=0.04 cores=56-64,77-80,83,168-176,189-192,195
/proc/16/stat : 16 (python3) S 13 16 0 0 -1 4194304 1898 0 96 0 3 1 0 0 20 0 1 0 53417518 18108416 3089 67087892480 4194304 7154137 140727174206896 0 0 0 0 16781312 2 1 0 0 17 61 0 0 8 0 0 9727432 11029816 34639872 140727174212415 140727174212525 140727174212525 140727174213607 0
/proc/16/statm: 4421 3089 1495 723 0 2063 0
[pid=18] ppid=16 vsize=295388 memory=259336 CPUtime=1235.57 cores=56-64,77-80,83,168-176,189-192,195
/proc/18/stat : 18 (bn4rust) R 16 16 0 0 -1 4194304 1435057 0 19 0 121385 2172 0 0 20 0 1 0 53417531 302477312 64834 67087892480 94602610057216 94602611924337 140722805533472 0 0 0 0 4096 1088 0 0 0 17 60 0 0 1 0 0 94602612182400 94602612229336 94602630270976 140722805537538 140722805537686 140722805537686 140722805538785 0
/proc/18/statm: 73847 64834 1072 456 0 72008 0
Current children cumulated CPU time: 1235.61 s
Current children cumulated vsize: 313072 KiB
Current children cumulated memory: 271692 KiB

[startup+1302.3 s]
/proc/loadavg: 60.44 57.81 50.31 62/2962 18
/proc/meminfo: memFree=489955236/527542216 swapFree=33432572/33554428
[pid=16] ppid=13 vsize=17684 memory=12356 CPUtime=0.04 cores=56-64,77-80,83,168-176,189-192,195
/proc/16/stat : 16 (python3) S 13 16 0 0 -1 4194304 1898 0 96 0 3 1 0 0 20 0 1 0 53417518 18108416 3089 67087892480 4194304 7154137 140727174206896 0 0 0 0 16781312 2 1 0 0 17 61 0 0 8 0 0 9727432 11029816 34639872 140727174212415 140727174212525 140727174212525 140727174213607 0
/proc/16/statm: 4421 3089 1495 723 0 2063 0
[pid=18] ppid=16 vsize=1000044 memory=803820 CPUtime=1295.2 cores=56-64,77-80,83,168-176,189-192,195
/proc/18/stat : 18 (bn4rust) R 16 16 0 0 -1 4194304 1498188 0 19 0 127231 2289 0 0 20 0 1 0 53417531 1024045056 200955 67087892480 94602610057216 94602611924337 140722805533472 0 0 0 0 4096 1088 0 0 0 17 60 0 0 1 0 0 94602612182400 94602612229336 94602630270976 140722805537538 140722805537686 140722805537686 140722805538785 0
/proc/18/statm: 250011 200955 1072 456 0 248172 0
Current children cumulated CPU time: 1295.24 s
Current children cumulated vsize: 1017728 KiB
Current children cumulated memory: 816176 KiB

[startup+1362.3 s]
/proc/loadavg: 58.89 57.82 50.78 63/2962 18
/proc/meminfo: memFree=489628524/527542216 swapFree=33432572/33554428
[pid=16] ppid=13 vsize=17684 memory=12356 CPUtime=0.04 cores=56-64,77-80,83,168-176,189-192,195
/proc/16/stat : 16 (python3) S 13 16 0 0 -1 4194304 1898 0 96 0 3 1 0 0 20 0 1 0 53417518 18108416 3089 67087892480 4194304 7154137 140727174206896 0 0 0 0 16781312 2 1 0 0 17 61 0 0 8 0 0 9727432 11029816 34639872 140727174212415 140727174212525 140727174212525 140727174213607 0
/proc/16/statm: 4421 3089 1495 723 0 2063 0
[pid=18] ppid=16 vsize=1883620 memory=1448012 CPUtime=1354.82 cores=56-64,77-80,83,168-176,189-192,195
/proc/18/stat : 18 (bn4rust) R 16 16 0 0 -1 4194304 1532505 0 19 0 133086 2396 0 0 20 0 1 0 53417531 1928826880 362003 67087892480 94602610057216 94602611924337 140722805533472 0 0 0 0 4096 1088 0 0 0 17 60 0 0 1 0 0 94602612182400 94602612229336 94602630270976 140722805537538 140722805537686 140722805537686 140722805538785 0
/proc/18/statm: 470905 362003 1072 456 0 469066 0
Current children cumulated CPU time: 1354.86 s
Current children cumulated vsize: 1901304 KiB
Current children cumulated memory: 1460368 KiB

[startup+1422.3 s]
/proc/loadavg: 60.59 58.51 51.46 62/2962 18
/proc/meminfo: memFree=490030124/527542216 swapFree=33432572/33554428
[pid=16] ppid=13 vsize=17684 memory=12356 CPUtime=0.04 cores=56-64,77-80,83,168-176,189-192,195
/proc/16/stat : 16 (python3) S 13 16 0 0 -1 4194304 1898 0 96 0 3 1 0 0 20 0 1 0 53417518 18108416 3089 67087892480 4194304 7154137 140727174206896 0 0 0 0 16781312 2 1 0 0 17 61 0 0 8 0 0 9727432 11029816 34639872 140727174212415 140727174212525 140727174212525 140727174213607 0
/proc/16/statm: 4421 3089 1495 723 0 2063 0
[pid=18] ppid=16 vsize=442844 memory=343320 CPUtime=1414.45 cores=56-64,77-80,83,168-176,189-192,195
/proc/18/stat : 18 (bn4rust) R 16 16 0 0 -1 4194304 1576107 0 19 0 138921 2524 0 0 20 0 1 0 53417531 453472256 85830 67087892480 94602610057216 94602611924337 140722805533472 0 0 0 0 4096 1088 0 0 0 17 60 0 0 1 0 0 94602612182400 94602612229336 94602630270976 140722805537538 140722805537686 140722805537686 140722805538785 0
/proc/18/statm: 110711 85830 1072 456 0 108872 0
Current children cumulated CPU time: 1414.49 s
Current children cumulated vsize: 460528 KiB
Current children cumulated memory: 355676 KiB

[startup+1482.3 s]
/proc/loadavg: 60.37 58.71 51.96 62/2959 18
/proc/meminfo: memFree=494938016/527542216 swapFree=33432572/33554428
[pid=16] ppid=13 vsize=17684 memory=12356 CPUtime=0.04 cores=56-64,77-80,83,168-176,189-192,195
/proc/16/stat : 16 (python3) S 13 16 0 0 -1 4194304 1898 0 96 0 3 1 0 0 20 0 1 0 53417518 18108416 3089 67087892480 4194304 7154137 140727174206896 0 0 0 0 16781312 2 1 0 0 17 61 0 0 8 0 0 9727432 11029816 34639872 140727174212415 140727174212525 140727174212525 140727174213607 0
/proc/16/statm: 4421 3089 1495 723 0 2063 0
[pid=18] ppid=16 vsize=1031484 memory=803868 CPUtime=1474.09 cores=56-64,77-80,83,168-176,189-192,195
/proc/18/stat : 18 (bn4rust) R 16 16 0 0 -1 4194304 1626885 0 19 0 144760 2649 0 0 20 0 1 0 53417531 1056239616 200967 67087892480 94602610057216 94602611924337 140722805533472 0 0 0 0 4096 1088 0 0 0 17 60 0 0 1 0 0 94602612182400 94602612229336 94602630270976 140722805537538 140722805537686 140722805537686 140722805538785 0
/proc/18/statm: 257871 200967 1072 456 0 256032 0
Current children cumulated CPU time: 1474.13 s
Current children cumulated vsize: 1049168 KiB
Current children cumulated memory: 816224 KiB

[startup+1542.3 s]
/proc/loadavg: 61.03 59.20 52.56 62/2958 18
/proc/meminfo: memFree=494010348/527542216 swapFree=33432572/33554428
[pid=16] ppid=13 vsize=17684 memory=12356 CPUtime=0.04 cores=56-64,77-80,83,168-176,189-192,195
/proc/16/stat : 16 (python3) S 13 16 0 0 -1 4194304 1898 0 96 0 3 1 0 0 20 0 1 0 53417518 18108416 3089 67087892480 4194304 7154137 140727174206896 0 0 0 0 16781312 2 1 0 0 17 61 0 0 8 0 0 9727432 11029816 34639872 140727174212415 140727174212525 140727174212525 140727174213607 0
/proc/16/statm: 4421 3089 1495 723 0 2063 0
[pid=18] ppid=16 vsize=659924 memory=519192 CPUtime=1533.71 cores=56-64,77-80,83,168-176,189-192,195
/proc/18/stat : 18 (bn4rust) R 16 16 0 0 -1 4194304 1685533 0 19 0 150594 2777 0 0 20 0 1 0 53417531 675762176 129798 67087892480 94602610057216 94602611924337 140722805533472 0 0 0 0 4096 1088 0 0 0 17 60 0 0 1 0 0 94602612182400 94602612229336 94602630270976 140722805537538 140722805537686 140722805537686 140722805538785 0
/proc/18/statm: 164981 129798 1072 456 0 163142 0
Current children cumulated CPU time: 1533.75 s
Current children cumulated vsize: 677608 KiB
Current children cumulated memory: 531548 KiB

[startup+1602.3 s]
/proc/loadavg: 61.31 59.61 53.11 62/2956 18
/proc/meminfo: memFree=493884372/527542216 swapFree=33432572/33554428
[pid=16] ppid=13 vsize=17684 memory=12356 CPUtime=0.04 cores=56-64,77-80,83,168-176,189-192,195
/proc/16/stat : 16 (python3) S 13 16 0 0 -1 4194304 1898 0 96 0 3 1 0 0 20 0 1 0 53417518 18108416 3089 67087892480 4194304 7154137 140727174206896 0 0 0 0 16781312 2 1 0 0 17 61 0 0 8 0 0 9727432 11029816 34639872 140727174212415 140727174212525 140727174212525 140727174213607 0
/proc/16/statm: 4421 3089 1495 723 0 2063 0
[pid=18] ppid=16 vsize=393696 memory=317700 CPUtime=1593.33 cores=56-64,77-80,83,168-176,189-192,195
/proc/18/stat : 18 (bn4rust) R 16 16 0 0 -1 4194304 1764988 0 19 0 156421 2912 0 0 20 0 1 0 53417531 403144704 79425 67087892480 94602610057216 94602611924337 140722805533472 0 0 0 0 4096 1088 0 0 0 17 172 0 0 1 0 0 94602612182400 94602612229336 94602630270976 140722805537538 140722805537686 140722805537686 140722805538785 0
/proc/18/statm: 98424 79425 1072 456 0 96585 0
Current children cumulated CPU time: 1593.37 s
Current children cumulated vsize: 411380 KiB
Current children cumulated memory: 330056 KiB

[startup+1662.3 s]
/proc/loadavg: 58.27 59.17 53.38 41/2958 18
/proc/meminfo: memFree=499886672/527542216 swapFree=33432572/33554428
[pid=16] ppid=13 vsize=17684 memory=12356 CPUtime=0.04 cores=56-64,77-80,83,168-176,189-192,195
/proc/16/stat : 16 (python3) S 13 16 0 0 -1 4194304 1898 0 96 0 3 1 0 0 20 0 1 0 53417518 18108416 3089 67087892480 4194304 7154137 140727174206896 0 0 0 0 16781312 2 1 0 0 17 61 0 0 8 0 0 9727432 11029816 34639872 140727174212415 140727174212525 140727174212525 140727174213607 0
/proc/16/statm: 4421 3089 1495 723 0 2063 0
[pid=18] ppid=16 vsize=713188 memory=517156 CPUtime=1653.09 cores=56-64,77-80,83,168-176,189-192,195
/proc/18/stat : 18 (bn4rust) R 16 16 0 0 -1 4194304 1866353 0 19 0 162234 3075 0 0 20 0 1 0 53417531 730304512 129289 67087892480 94602610057216 94602611924337 140722805533472 0 0 0 0 4096 1088 0 0 0 17 172 0 0 1 0 0 94602612182400 94602612229336 94602630270976 140722805537538 140722805537686 140722805537686 140722805538785 0
/proc/18/statm: 178297 129289 1072 456 0 176458 0
Current children cumulated CPU time: 1653.13 s
Current children cumulated vsize: 730872 KiB
Current children cumulated memory: 529512 KiB

[startup+1722.3 s]
/proc/loadavg: 60.31 59.60 53.89 63/2961 18
/proc/meminfo: memFree=497729712/527542216 swapFree=33432572/33554428
[pid=16] ppid=13 vsize=17684 memory=12356 CPUtime=0.04 cores=56-64,77-80,83,168-176,189-192,195
/proc/16/stat : 16 (python3) S 13 16 0 0 -1 4194304 1898 0 96 0 3 1 0 0 20 0 1 0 53417518 18108416 3089 67087892480 4194304 7154137 140727174206896 0 0 0 0 16781312 2 1 0 0 17 61 0 0 8 0 0 9727432 11029816 34639872 140727174212415 140727174212525 140727174212525 140727174213607 0
/proc/16/statm: 4421 3089 1495 723 0 2063 0
[pid=18] ppid=16 vsize=1763848 memory=1425720 CPUtime=1712.8 cores=56-64,77-80,83,168-176,189-192,195
/proc/18/stat : 18 (bn4rust) R 16 16 0 0 -1 4194304 1899262 0 19 0 168088 3192 0 0 20 0 1 0 53417531 1806180352 356430 67087892480 94602610057216 94602611924337 140722805533472 0 0 0 0 4096 1088 0 0 0 17 60 0 0 1 0 0 94602612182400 94602612229336 94602630270976 140722805537538 140722805537686 140722805537686 140722805538785 0
/proc/18/statm: 440962 356430 1072 456 0 439123 0
Current children cumulated CPU time: 1712.84 s
Current children cumulated vsize: 1781532 KiB
Current children cumulated memory: 1438076 KiB

[startup+1782.3 s]
/proc/loadavg: 60.10 59.63 54.26 62/2958 18
/proc/meminfo: memFree=497198440/527542216 swapFree=33432572/33554428
[pid=16] ppid=13 vsize=17684 memory=12356 CPUtime=0.04 cores=56-64,77-80,83,168-176,189-192,195
/proc/16/stat : 16 (python3) S 13 16 0 0 -1 4194304 1898 0 96 0 3 1 0 0 20 0 1 0 53417518 18108416 3089 67087892480 4194304 7154137 140727174206896 0 0 0 0 16781312 2 1 0 0 17 61 0 0 8 0 0 9727432 11029816 34639872 140727174212415 140727174212525 140727174212525 140727174213607 0
/proc/16/statm: 4421 3089 1495 723 0 2063 0
[pid=18] ppid=16 vsize=1971708 memory=1609548 CPUtime=1772.51 cores=56-64,77-80,83,168-176,189-192,195
/proc/18/stat : 18 (bn4rust) R 16 16 0 0 -1 4194304 1927185 0 19 0 173945 3306 0 0 20 0 1 0 53417531 2019028992 402387 67087892480 94602610057216 94602611924337 140722805533472 0 0 0 0 4096 1088 0 0 0 17 60 0 0 1 0 0 94602612182400 94602612229336 94602630270976 140722805537538 140722805537686 140722805537686 140722805538785 0
/proc/18/statm: 492927 402387 1072 456 0 491088 0
Current children cumulated CPU time: 1772.55 s
Current children cumulated vsize: 1989392 KiB
Current children cumulated memory: 1621904 KiB



Maximum wall clock time exceeded: sending SIGTERM then SIGKILL

[startup+1800 s]*
/proc/loadavg: 58.90 59.39 54.26 62/2958 18
/proc/meminfo: memFree=498433004/527542216 swapFree=33432572/33554428
[pid=16] ppid=13 vsize=17684 memory=12356 CPUtime=0.04 cores=56-64,77-80,83,168-176,189-192,195
/proc/16/stat : 16 (python3) S 13 16 0 0 -1 4194304 1898 0 96 0 3 1 0 0 20 0 1 0 53417518 18108416 3089 67087892480 4194304 7154137 140727174206896 0 0 0 0 16781312 2 1 0 0 17 61 0 0 8 0 0 9727432 11029816 34639872 140727174212415 140727174212525 140727174212525 140727174213607 0
/proc/16/statm: 4421 3089 1495 723 0 2063 0
[pid=18] ppid=16 vsize=614876 memory=539988 CPUtime=1790.13 cores=56-64,77-80,83,168-176,189-192,195
/proc/18/stat : 18 (bn4rust) R 16 16 0 0 -1 4194304 1935031 0 19 0 175670 3343 0 0 20 0 1 0 53417531 629633024 134997 67087892480 94602610057216 94602611924337 140722805533472 0 0 0 0 4096 1088 0 0 0 17 60 0 0 1 0 0 94602612182400 94602612229336 94602630270976 140722805537538 140722805537686 140722805537686 140722805538785 0
/proc/18/statm: 153719 134997 1072 456 0 151880 0
Current children cumulated CPU time: 1790.17 s
Current children cumulated vsize: 632560 KiB
Current children cumulated memory: 552344 KiB

Sending SIGTERM to process tree (bottom up)
Sleeping 2 seconds

[startup+1800.01 s]
# the end of solver process 16 was just reported to runsolver
# cumulated CPU time of all completed processes:  user=0.035097 s, system=0.012149 s

[startup+1800.01 s]
# the end of solver process 18 was just reported to runsolver
# cumulated CPU time of all completed processes:  user=1756.74 s, system=33.4492 s
# this solver process was not waited by its parent and was adopted by runsolver

Solver just ended.
??? end of watcher thread
Dumping a history of the last processes samples

Child ended because it received signal 15 (SIGTERM)
Real time (s): 1800.01
CPU time (s): 1790.19
CPU user time (s): 1756.74
CPU system time (s): 33.4492
CPU usage (%): 99.4544
Max. virtual memory (cumulated for all children) (KiB): 3037972
Max. memory (cumulated for all children) (KiB): 2499580

getrusage(RUSAGE_CHILDREN,...) data:
user time used= 1756.74
system time used= 33.4492
maximum resident set size= 2492040
integral shared memory size= 0
integral unshared data size= 0
integral unshared stack size= 0
page reclaims= 1936929
page faults= 115
swaps= 0
block input operations= 19720
block output operations= 8
messages sent= 0
messages received= 0
signals received= 0
voluntary context switches= 987
involuntary context switches= 2888


# summary of solver processes directly reported to runsolver:
#   pid: 16,18
#   total CPU time (s): 1790.19
#   total CPU user time (s): 1756.74
#   total CPU system time (s): 33.4492

??? join timestamper begins
??? join timestamper ends
??? end of timestamper thread
runsolver used 1.07843 second user time and 3.5789 second system time

The end
