runsolver version 3.4.1 (svn: 3018) Copyright (C) 2010-2013 Olivier ROUSSEL

This program is distributed in the hope that it will be useful,
but WITHOUT ANY WARRANTY; without even the implied warranty of
MERCHANTABILITY or FITNESS FOR A PARTICULAR PURPOSE.  See the
GNU General Public License for more details.

NUMA information:
  number of nodes: 8
  memory of node 0: 63700 MiB (56772 MiB free)
  memory of node 1: 64461 MiB (51291 MiB free)
  memory of node 2: 64504 MiB (53161 MiB free)
  memory of node 3: 64504 MiB (63865 MiB free)
  memory of node 4: 64504 MiB (63735 MiB free)
  memory of node 5: 64504 MiB (55474 MiB free)
  memory of node 6: 64504 MiB (63640 MiB free)
  memory of node 7: 64491 MiB (63931 MiB free)
  node distances:
     10  12  12  12  21  21  21  21
     12  10  12  12  21  21  21  21
     12  12  10  12  21  21  21  21
     12  12  12  10  21  21  21  21
     21  21  21  21  10  12  12  12
     21  21  21  21  12  10  12  12
     21  21  21  21  12  12  10  12
     21  21  21  21  12  12  12  10

command line: /usr/local/bin/runsolver --timestamp -w /output/runsolver-watch.log -v /output/runsolver-values.log -o /output/solver-output.log -C 1800.0 -W 1800.0 -R 64000 /opt/solver/run_bn4rust.py --mode cyber-complement-gfp-plus-sink-scc --instance /input/model_151.bnet 

running on 20 cores: 94-103,206-211,216-219

Enforcing CPUTime limit (soft limit, will send SIGTERM then SIGKILL): 1800 seconds
Enforcing CPUTime limit (hard limit, will send SIGXCPU): 1830 seconds
Enforcing wall clock limit (soft limit, will send SIGTERM then SIGKILL): 1800 seconds
Enforcing RSS+Swap limit (soft limit, will send SIGTERM then SIGKILL): 65536000 KiB
Linux 4.18.0-553.159.1.el8_10.x86_64
Current StackSize limit: 18014398509481983 KiB

solver pid=16, runsolver pid=13

[startup+0.100063 s]*
/proc/loadavg: 12.87 16.40 20.31 13/2826 17
/proc/meminfo: memFree=483121080/527542260 swapFree=33528828/33554428
[pid=16] ppid=13 vsize=15800 memory=10116 CPUtime=0.02 cores=94-107,206-219
/proc/16/stat : 16 (python3) R 13 16 0 0 -1 4194304 1378 0 84 0 1 1 0 0 20 0 1 0 53414156 16179200 2529 67087892480 4194304 7154137 140720755850016 0 0 0 0 16781312 2 0 0 0 17 208 0 0 6 0 0 9727432 11029816 20586496 140720755854143 140720755854253 140720755854253 140720755855335 0
/proc/16/statm: 3950 2529 1394 723 0 1674 0
Current children cumulated CPU time: 0.02 s
Current children cumulated vsize: 15800 KiB
Current children cumulated memory: 10116 KiB

[startup+0.200499 s]*
/proc/loadavg: 12.87 16.40 20.31 9/2827 18
/proc/meminfo: memFree=483051256/527542260 swapFree=33528828/33554428
[pid=16] ppid=13 vsize=17684 memory=12424 CPUtime=0.03 cores=94-107,206-219
/proc/16/stat : 16 (python3) S 13 16 0 0 -1 4194304 1893 0 96 0 2 1 0 0 20 0 1 0 53414156 18108416 3106 67087892480 4194304 7154137 140720755850016 0 0 0 0 16781312 2 1 0 0 17 208 0 0 8 0 0 9727432 11029816 20586496 140720755854143 140720755854253 140720755854253 140720755855335 0
/proc/16/statm: 4421 3106 1512 723 0 2063 0
[pid=18] ppid=16 vsize=17564 memory=13884 CPUtime=0.03 cores=94-107,206-219
/proc/18/stat : 18 (bn4rust) R 16 16 0 0 -1 4194304 3511 0 19 0 3 0 0 0 20 0 1 0 53414170 17985536 3471 67087892480 94282602643456 94282604510577 140732194187648 0 0 0 0 4096 1088 0 0 0 17 206 0 0 1 0 0 94282604768640 94282604815576 94282613219328 140732194196226 140732194196374 140732194196374 140732194197473 0
/proc/18/statm: 4391 3471 1056 456 0 2552 0
Current children cumulated CPU time: 0.06 s
Current children cumulated vsize: 35248 KiB
Current children cumulated memory: 26308 KiB

[startup+0.300383 s]*
/proc/loadavg: 12.96 16.36 20.27 7/2827 18
/proc/meminfo: memFree=483024352/527542260 swapFree=33528828/33554428
[pid=16] ppid=13 vsize=17684 memory=12424 CPUtime=0.03 cores=94-107,206-219
/proc/16/stat : 16 (python3) S 13 16 0 0 -1 4194304 1893 0 96 0 2 1 0 0 20 0 1 0 53414156 18108416 3106 67087892480 4194304 7154137 140720755850016 0 0 0 0 16781312 2 1 0 0 17 208 0 0 8 0 0 9727432 11029816 20586496 140720755854143 140720755854253 140720755854253 140720755855335 0
/proc/16/statm: 4421 3106 1512 723 0 2063 0
[pid=18] ppid=16 vsize=24572 memory=21088 CPUtime=0.13 cores=94-107,206-219
/proc/18/stat : 18 (bn4rust) R 16 16 0 0 -1 4194304 7815 0 19 0 12 1 0 0 20 0 1 0 53414170 25161728 5272 67087892480 94282602643456 94282604510577 140732194187648 0 0 0 0 4096 1088 0 0 0 17 206 0 0 1 0 0 94282604768640 94282604815576 94282613219328 140732194196226 140732194196374 140732194196374 140732194197473 0
/proc/18/statm: 6143 5272 1056 456 0 4304 0
Current children cumulated CPU time: 0.16 s
Current children cumulated vsize: 42256 KiB
Current children cumulated memory: 33512 KiB

[startup+0.700162 s]
/proc/loadavg: 12.96 16.36 20.27 12/2827 18
/proc/meminfo: memFree=482958972/527542260 swapFree=33528828/33554428
[pid=16] ppid=13 vsize=17684 memory=12424 CPUtime=0.03 cores=94-107,206-219
/proc/16/stat : 16 (python3) S 13 16 0 0 -1 4194304 1893 0 96 0 2 1 0 0 20 0 1 0 53414156 18108416 3106 67087892480 4194304 7154137 140720755850016 0 0 0 0 16781312 2 1 0 0 17 208 0 0 8 0 0 9727432 11029816 20586496 140720755854143 140720755854253 140720755854253 140720755855335 0
/proc/16/statm: 4421 3106 1512 723 0 2063 0
[pid=18] ppid=16 vsize=162132 memory=141988 CPUtime=0.53 cores=94-107,206-219
/proc/18/stat : 18 (bn4rust) R 16 16 0 0 -1 4194304 14189 0 19 0 49 4 0 0 20 0 1 0 53414170 166023168 35497 67087892480 94282602643456 94282604510577 140732194187648 0 0 0 0 4096 1088 0 0 0 17 206 0 0 1 0 0 94282604768640 94282604815576 94282613219328 140732194196226 140732194196374 140732194196374 140732194197473 0
/proc/18/statm: 40533 35497 1056 456 0 38694 0
Current children cumulated CPU time: 0.56 s
Current children cumulated vsize: 179816 KiB
Current children cumulated memory: 154412 KiB

[startup+1.50026 s]
/proc/loadavg: 12.96 16.36 20.27 15/2827 18
/proc/meminfo: memFree=482814816/527542260 swapFree=33528828/33554428
[pid=16] ppid=13 vsize=17684 memory=12424 CPUtime=0.03 cores=94-107,206-219
/proc/16/stat : 16 (python3) S 13 16 0 0 -1 4194304 1893 0 96 0 2 1 0 0 20 0 1 0 53414156 18108416 3106 67087892480 4194304 7154137 140720755850016 0 0 0 0 16781312 2 1 0 0 17 208 0 0 8 0 0 9727432 11029816 20586496 140720755854143 140720755854253 140720755854253 140720755855335 0
/proc/16/statm: 4421 3106 1512 723 0 2063 0
[pid=18] ppid=16 vsize=146436 memory=109652 CPUtime=1.33 cores=94-107,206-219
/proc/18/stat : 18 (bn4rust) R 16 16 0 0 -1 4194304 21373 0 19 0 125 8 0 0 20 0 1 0 53414170 149950464 27413 67087892480 94282602643456 94282604510577 140732194187648 0 0 0 0 4096 1088 0 0 0 17 206 0 0 1 0 0 94282604768640 94282604815576 94282613219328 140732194196226 140732194196374 140732194196374 140732194197473 0
/proc/18/statm: 36609 27413 1056 456 0 34770 0
Current children cumulated CPU time: 1.36 s
Current children cumulated vsize: 164120 KiB
Current children cumulated memory: 122076 KiB

[startup+3.10048 s]
/proc/loadavg: 12.96 16.36 20.27 12/2827 18
/proc/meminfo: memFree=482566496/527542260 swapFree=33528828/33554428
[pid=16] ppid=13 vsize=17684 memory=12424 CPUtime=0.03 cores=94-107,206-219
/proc/16/stat : 16 (python3) S 13 16 0 0 -1 4194304 1893 0 96 0 2 1 0 0 20 0 1 0 53414156 18108416 3106 67087892480 4194304 7154137 140720755850016 0 0 0 0 16781312 2 1 0 0 17 208 0 0 8 0 0 9727432 11029816 20586496 140720755854143 140720755854253 140720755854253 140720755855335 0
/proc/16/statm: 4421 3106 1512 723 0 2063 0
[pid=18] ppid=16 vsize=220124 memory=181060 CPUtime=2.92 cores=94-107,206-219
/proc/18/stat : 18 (bn4rust) R 16 16 0 0 -1 4194304 28311 0 19 0 277 15 0 0 20 0 1 0 53414170 225406976 45265 67087892480 94282602643456 94282604510577 140732194187648 0 0 0 0 4096 1088 0 0 0 17 206 0 0 1 0 0 94282604768640 94282604815576 94282613219328 140732194196226 140732194196374 140732194196374 140732194197473 0
/proc/18/statm: 55031 45265 1056 456 0 53192 0
Current children cumulated CPU time: 2.95 s
Current children cumulated vsize: 237808 KiB
Current children cumulated memory: 193484 KiB

[startup+6.30026 s]
/proc/loadavg: 12.97 16.30 20.24 15/2827 18
/proc/meminfo: memFree=481966104/527542260 swapFree=33528828/33554428
[pid=16] ppid=13 vsize=17684 memory=12424 CPUtime=0.03 cores=94-107,206-219
/proc/16/stat : 16 (python3) S 13 16 0 0 -1 4194304 1893 0 96 0 2 1 0 0 20 0 1 0 53414156 18108416 3106 67087892480 4194304 7154137 140720755850016 0 0 0 0 16781312 2 1 0 0 17 208 0 0 8 0 0 9727432 11029816 20586496 140720755854143 140720755854253 140720755854253 140720755855335 0
/proc/16/statm: 4421 3106 1512 723 0 2063 0
[pid=18] ppid=16 vsize=526156 memory=385200 CPUtime=6.11 cores=94-107,206-219
/proc/18/stat : 18 (bn4rust) R 16 16 0 0 -1 4194304 41733 0 19 0 584 27 0 0 20 0 1 0 53414170 538783744 96300 67087892480 94282602643456 94282604510577 140732194187648 0 0 0 0 4096 1088 0 0 0 17 206 0 0 1 0 0 94282604768640 94282604815576 94282613219328 140732194196226 140732194196374 140732194196374 140732194197473 0
/proc/18/statm: 131539 96300 1056 456 0 129700 0
Current children cumulated CPU time: 6.14 s
Current children cumulated vsize: 543840 KiB
Current children cumulated memory: 397624 KiB

[startup+12.7003 s]
/proc/loadavg: 12.73 16.20 20.18 12/2825 18
/proc/meminfo: memFree=481306204/527542260 swapFree=33528828/33554428
[pid=16] ppid=13 vsize=17684 memory=12424 CPUtime=0.03 cores=94-107,206-219
/proc/16/stat : 16 (python3) S 13 16 0 0 -1 4194304 1893 0 96 0 2 1 0 0 20 0 1 0 53414156 18108416 3106 67087892480 4194304 7154137 140720755850016 0 0 0 0 16781312 2 1 0 0 17 208 0 0 8 0 0 9727432 11029816 20586496 140720755854143 140720755854253 140720755854253 140720755855335 0
/proc/16/statm: 4421 3106 1512 723 0 2063 0
[pid=18] ppid=16 vsize=427584 memory=335856 CPUtime=12.49 cores=94-107,206-219
/proc/18/stat : 18 (bn4rust) R 16 16 0 0 -1 4194304 50713 0 19 0 1199 50 0 0 20 0 1 0 53414170 437846016 83964 67087892480 94282602643456 94282604510577 140732194187648 0 0 0 0 4096 1088 0 0 0 17 206 0 0 1 0 0 94282604768640 94282604815576 94282613219328 140732194196226 140732194196374 140732194196374 140732194197473 0
/proc/18/statm: 106896 83964 1056 456 0 105057 0
Current children cumulated CPU time: 12.52 s
Current children cumulated vsize: 445268 KiB
Current children cumulated memory: 348280 KiB

[startup+25.5002 s]
/proc/loadavg: 12.38 16.01 20.08 9/2781 18
/proc/meminfo: memFree=481775260/527542260 swapFree=33528828/33554428
[pid=16] ppid=13 vsize=17684 memory=12424 CPUtime=0.03 cores=94-107,206-219
/proc/16/stat : 16 (python3) S 13 16 0 0 -1 4194304 1893 0 96 0 2 1 0 0 20 0 1 0 53414156 18108416 3106 67087892480 4194304 7154137 140720755850016 0 0 0 0 16781312 2 1 0 0 17 208 0 0 8 0 0 9727432 11029816 20586496 140720755854143 140720755854253 140720755854253 140720755855335 0
/proc/16/statm: 4421 3106 1512 723 0 2063 0
[pid=18] ppid=16 vsize=464200 memory=369048 CPUtime=25.23 cores=94-107,206-219
/proc/18/stat : 18 (bn4rust) R 16 16 0 0 -1 4194304 102066 0 19 0 2433 90 0 0 20 0 1 0 53414170 475340800 92262 67087892480 94282602643456 94282604510577 140732194187648 0 0 0 0 4096 1088 0 0 0 17 206 0 0 1 0 0 94282604768640 94282604815576 94282613219328 140732194196226 140732194196374 140732194196374 140732194197473 0
/proc/18/statm: 116050 92262 1056 456 0 114211 0
Current children cumulated CPU time: 25.26 s
Current children cumulated vsize: 481884 KiB
Current children cumulated memory: 381472 KiB

[startup+51.1005 s]
/proc/loadavg: 10.31 15.15 19.66 8/2757 18
/proc/meminfo: memFree=480930748/527542260 swapFree=33528828/33554428
[pid=16] ppid=13 vsize=17684 memory=12424 CPUtime=0.03 cores=94-107,206-219
/proc/16/stat : 16 (python3) S 13 16 0 0 -1 4194304 1893 0 96 0 2 1 0 0 20 0 1 0 53414156 18108416 3106 67087892480 4194304 7154137 140720755850016 0 0 0 0 16781312 2 1 0 0 17 208 0 0 8 0 0 9727432 11029816 20586496 140720755854143 140720755854253 140720755854253 140720755855335 0
/proc/16/statm: 4421 3106 1512 723 0 2063 0
[pid=18] ppid=16 vsize=492520 memory=406132 CPUtime=50.71 cores=94-107,206-219
/proc/18/stat : 18 (bn4rust) R 16 16 0 0 -1 4194304 171586 0 19 0 4893 178 0 0 20 0 1 0 53414170 504340480 101533 67087892480 94282602643456 94282604510577 140732194187648 0 0 0 0 4096 1088 0 0 0 17 206 0 0 1 0 0 94282604768640 94282604815576 94282613219328 140732194196226 140732194196374 140732194196374 140732194197473 0
/proc/18/statm: 123130 101533 1056 456 0 121291 0
Current children cumulated CPU time: 50.74 s
Current children cumulated vsize: 510204 KiB
Current children cumulated memory: 418556 KiB

[startup+102.3 s]
/proc/loadavg: 24.38 17.93 20.35 55/2804 18
/proc/meminfo: memFree=478778408/527542260 swapFree=33528828/33554428
[pid=16] ppid=13 vsize=17684 memory=12424 CPUtime=0.03 cores=94-107,206-219
/proc/16/stat : 16 (python3) S 13 16 0 0 -1 4194304 1894 0 96 0 2 1 0 0 20 0 1 0 53414156 18108416 3106 67087892480 4194304 7154137 140720755850016 0 0 0 0 16781312 2 1 0 0 17 208 0 0 8 0 0 9727432 11029816 20586496 140720755854143 140720755854253 140720755854253 140720755855335 0
/proc/16/statm: 4421 3106 1512 723 0 2063 0
[pid=18] ppid=16 vsize=15160 memory=11780 CPUtime=101.69 cores=94-107,206-219
/proc/18/stat : 18 (bn4rust) R 16 16 0 0 -1 4194304 322831 0 19 0 9824 345 0 0 20 0 1 0 53414170 15523840 2945 67087892480 94282602643456 94282604510577 140732194187648 0 0 0 0 4096 1088 0 0 0 17 206 0 0 1 0 0 94282604768640 94282604815576 94282613219328 140732194196226 140732194196374 140732194196374 140732194197473 0
/proc/18/statm: 3790 2945 1056 456 0 1951 0
Current children cumulated CPU time: 101.72 s
Current children cumulated vsize: 32844 KiB
Current children cumulated memory: 24204 KiB

[startup+162.3 s]
/proc/loadavg: 34.81 22.10 21.64 76/2797 18
/proc/meminfo: memFree=477084032/527542260 swapFree=33528828/33554428
[pid=16] ppid=13 vsize=17684 memory=12424 CPUtime=0.03 cores=94-107,206-219
/proc/16/stat : 16 (python3) S 13 16 0 0 -1 4194304 1894 0 96 0 2 1 0 0 20 0 1 0 53414156 18108416 3106 67087892480 4194304 7154137 140720755850016 0 0 0 0 16781312 2 1 0 0 17 208 0 0 8 0 0 9727432 11029816 20586496 140720755854143 140720755854253 140720755854253 140720755855335 0
/proc/16/statm: 4421 3106 1512 723 0 2063 0
[pid=18] ppid=16 vsize=207384 memory=95508 CPUtime=161.43 cores=94-107,206-219
/proc/18/stat : 18 (bn4rust) R 16 16 0 0 -1 4194304 495507 0 19 0 15594 549 0 0 20 0 1 0 53414170 212361216 23877 67087892480 94282602643456 94282604510577 140732194187648 0 0 0 0 4096 1088 0 0 0 17 206 0 0 1 0 0 94282604768640 94282604815576 94282613219328 140732194196226 140732194196374 140732194196374 140732194197473 0
/proc/18/statm: 51846 23877 1056 456 0 50007 0
Current children cumulated CPU time: 161.46 s
Current children cumulated vsize: 225068 KiB
Current children cumulated memory: 107932 KiB

[startup+222.3 s]
/proc/loadavg: 55.48 30.35 24.50 69/2792 18
/proc/meminfo: memFree=474626536/527542260 swapFree=33528828/33554428
[pid=16] ppid=13 vsize=17684 memory=12424 CPUtime=0.03 cores=94-107,206-219
/proc/16/stat : 16 (python3) S 13 16 0 0 -1 4194304 1894 0 96 0 2 1 0 0 20 0 1 0 53414156 18108416 3106 67087892480 4194304 7154137 140720755850016 0 0 0 0 16781312 2 1 0 0 17 208 0 0 8 0 0 9727432 11029816 20586496 140720755854143 140720755854253 140720755854253 140720755855335 0
/proc/16/statm: 4421 3106 1512 723 0 2063 0
[pid=18] ppid=16 vsize=479624 memory=387660 CPUtime=221.17 cores=94-107,206-219
/proc/18/stat : 18 (bn4rust) R 16 16 0 0 -1 4194304 668639 0 19 0 21373 744 0 0 20 0 1 0 53414170 491134976 96915 67087892480 94282602643456 94282604510577 140732194187648 0 0 0 0 4096 1088 0 0 0 17 206 0 0 1 0 0 94282604768640 94282604815576 94282613219328 140732194196226 140732194196374 140732194196374 140732194197473 0
/proc/18/statm: 119906 96915 1056 456 0 118067 0
Current children cumulated CPU time: 221.2 s
Current children cumulated vsize: 497308 KiB
Current children cumulated memory: 400084 KiB

[startup+282.3 s]
/proc/loadavg: 60.63 36.37 26.94 61/2786 18
/proc/meminfo: memFree=472498748/527542260 swapFree=33528828/33554428
[pid=16] ppid=13 vsize=17684 memory=12424 CPUtime=0.03 cores=94-107,206-219
/proc/16/stat : 16 (python3) S 13 16 0 0 -1 4194304 1894 0 96 0 2 1 0 0 20 0 1 0 53414156 18108416 3106 67087892480 4194304 7154137 140720755850016 0 0 0 0 16781312 2 1 0 0 17 208 0 0 8 0 0 9727432 11029816 20586496 140720755854143 140720755854253 140720755854253 140720755855335 0
/proc/16/statm: 4421 3106 1512 723 0 2063 0
[pid=18] ppid=16 vsize=219696 memory=197060 CPUtime=280.99 cores=94-107,206-219
/proc/18/stat : 18 (bn4rust) R 16 16 0 0 -1 4194304 826196 0 19 0 27184 915 0 0 20 0 1 0 53414170 224968704 49265 67087892480 94282602643456 94282604510577 140732194187648 0 0 0 0 4096 1088 0 0 0 17 94 0 0 1 0 0 94282604768640 94282604815576 94282613219328 140732194196226 140732194196374 140732194196374 140732194197473 0
/proc/18/statm: 54924 49265 1056 456 0 53085 0
Current children cumulated CPU time: 281.02 s
Current children cumulated vsize: 237380 KiB
Current children cumulated memory: 209484 KiB

[startup+342.3 s]
/proc/loadavg: 66.16 42.36 29.59 70/2774 18
/proc/meminfo: memFree=470217260/527542260 swapFree=33528828/33554428
[pid=16] ppid=13 vsize=17684 memory=12424 CPUtime=0.03 cores=94-107,206-219
/proc/16/stat : 16 (python3) S 13 16 0 0 -1 4194304 1894 0 96 0 2 1 0 0 20 0 1 0 53414156 18108416 3106 67087892480 4194304 7154137 140720755850016 0 0 0 0 16781312 2 1 0 0 17 208 0 0 8 0 0 9727432 11029816 20586496 140720755854143 140720755854253 140720755854253 140720755855335 0
/proc/16/statm: 4421 3106 1512 723 0 2063 0
[pid=18] ppid=16 vsize=168124 memory=155236 CPUtime=340.8 cores=94-107,206-219
/proc/18/stat : 18 (bn4rust) R 16 16 0 0 -1 4194304 966044 0 19 0 33012 1068 0 0 20 0 1 0 53414170 172158976 38809 67087892480 94282602643456 94282604510577 140732194187648 0 0 0 0 4096 1088 0 0 0 17 94 0 0 1 0 0 94282604768640 94282604815576 94282613219328 140732194196226 140732194196374 140732194196374 140732194197473 0
/proc/18/statm: 42031 38809 1056 456 0 40192 0
Current children cumulated CPU time: 340.83 s
Current children cumulated vsize: 185808 KiB
Current children cumulated memory: 167660 KiB

[startup+402.3 s]
/proc/loadavg: 67.70 47.01 31.98 43/2773 18
/proc/meminfo: memFree=469840208/527542260 swapFree=33528828/33554428
[pid=16] ppid=13 vsize=17684 memory=12424 CPUtime=0.03 cores=94-107,206-219
/proc/16/stat : 16 (python3) S 13 16 0 0 -1 4194304 1894 0 96 0 2 1 0 0 20 0 1 0 53414156 18108416 3106 67087892480 4194304 7154137 140720755850016 0 0 0 0 16781312 2 1 0 0 17 208 0 0 8 0 0 9727432 11029816 20586496 140720755854143 140720755854253 140720755854253 140720755855335 0
/proc/16/statm: 4421 3106 1512 723 0 2063 0
[pid=18] ppid=16 vsize=517404 memory=432336 CPUtime=400.63 cores=94-107,206-219
/proc/18/stat : 18 (bn4rust) R 16 16 0 0 -1 4194304 1079255 0 19 0 38838 1225 0 0 20 0 1 0 53414170 529821696 108084 67087892480 94282602643456 94282604510577 140732194187648 0 0 0 0 4096 1088 0 0 0 17 94 0 0 1 0 0 94282604768640 94282604815576 94282613219328 140732194196226 140732194196374 140732194196374 140732194197473 0
/proc/18/statm: 129351 108084 1056 456 0 127512 0
Current children cumulated CPU time: 400.66 s
Current children cumulated vsize: 535088 KiB
Current children cumulated memory: 444760 KiB

[startup+462.3 s]
/proc/loadavg: 58.88 48.70 33.53 49/2726 18
/proc/meminfo: memFree=484648228/527542260 swapFree=33528828/33554428
[pid=16] ppid=13 vsize=17684 memory=12424 CPUtime=0.03 cores=94-107,206-219
/proc/16/stat : 16 (python3) S 13 16 0 0 -1 4194304 1894 0 96 0 2 1 0 0 20 0 1 0 53414156 18108416 3106 67087892480 4194304 7154137 140720755850016 0 0 0 0 16781312 2 1 0 0 17 208 0 0 8 0 0 9727432 11029816 20586496 140720755854143 140720755854253 140720755854253 140720755855335 0
/proc/16/statm: 4421 3106 1512 723 0 2063 0
[pid=18] ppid=16 vsize=102844 memory=95844 CPUtime=460.43 cores=94-107,206-219
/proc/18/stat : 18 (bn4rust) R 16 16 0 0 -1 4194304 1177946 0 19 0 44684 1359 0 0 20 0 1 0 53414170 105312256 23961 67087892480 94282602643456 94282604510577 140732194187648 0 0 0 0 4096 1088 0 0 0 17 206 0 0 1 0 0 94282604768640 94282604815576 94282613219328 140732194196226 140732194196374 140732194196374 140732194197473 0
/proc/18/statm: 25711 23961 1056 456 0 23872 0
Current children cumulated CPU time: 460.46 s
Current children cumulated vsize: 120528 KiB
Current children cumulated memory: 108268 KiB

[startup+522.3 s]
/proc/loadavg: 45.41 47.15 33.98 27/2677 18
/proc/meminfo: memFree=496871628/527542260 swapFree=33528828/33554428
[pid=16] ppid=13 vsize=17684 memory=12424 CPUtime=0.03 cores=94-107,206-219
/proc/16/stat : 16 (python3) S 13 16 0 0 -1 4194304 1894 0 96 0 2 1 0 0 20 0 1 0 53414156 18108416 3106 67087892480 4194304 7154137 140720755850016 0 0 0 0 16781312 2 1 0 0 17 208 0 0 8 0 0 9727432 11029816 20586496 140720755854143 140720755854253 140720755854253 140720755855335 0
/proc/16/statm: 4421 3106 1512 723 0 2063 0
[pid=18] ppid=16 vsize=196484 memory=183776 CPUtime=520.24 cores=94-107,206-219
/proc/18/stat : 18 (bn4rust) R 16 16 0 0 -1 4194304 1267982 0 19 0 50528 1496 0 0 20 0 1 0 53414170 201199616 45944 67087892480 94282602643456 94282604510577 140732194187648 0 0 0 0 4096 1088 0 0 0 17 206 0 0 1 0 0 94282604768640 94282604815576 94282613219328 140732194196226 140732194196374 140732194196374 140732194197473 0
/proc/18/statm: 49121 45944 1056 456 0 47282 0
Current children cumulated CPU time: 520.27 s
Current children cumulated vsize: 214168 KiB
Current children cumulated memory: 196200 KiB

[startup+582.3 s]
/proc/loadavg: 28.50 42.04 33.05 27/2673 18
/proc/meminfo: memFree=495358472/527542260 swapFree=33528828/33554428
[pid=16] ppid=13 vsize=17684 memory=12424 CPUtime=0.03 cores=94-107,206-219
/proc/16/stat : 16 (python3) S 13 16 0 0 -1 4194304 1894 0 96 0 2 1 0 0 20 0 1 0 53414156 18108416 3106 67087892480 4194304 7154137 140720755850016 0 0 0 0 16781312 2 1 0 0 17 208 0 0 8 0 0 9727432 11029816 20586496 140720755854143 140720755854253 140720755854253 140720755855335 0
/proc/16/statm: 4421 3106 1512 723 0 2063 0
[pid=18] ppid=16 vsize=887752 memory=771496 CPUtime=580.05 cores=94-107,206-219
/proc/18/stat : 18 (bn4rust) R 16 16 0 0 -1 4194304 1346501 0 19 0 56385 1620 0 0 20 0 1 0 53414170 909058048 192874 67087892480 94282602643456 94282604510577 140732194187648 0 0 0 0 4096 1088 0 0 0 17 206 0 0 1 0 0 94282604768640 94282604815576 94282613219328 140732194196226 140732194196374 140732194196374 140732194197473 0
/proc/18/statm: 221938 192874 1056 456 0 220099 0
Current children cumulated CPU time: 580.08 s
Current children cumulated vsize: 905436 KiB
Current children cumulated memory: 783920 KiB

[startup+642.3 s]
/proc/loadavg: 17.95 36.93 31.87 3/2621 18
/proc/meminfo: memFree=501966620/527542260 swapFree=33528828/33554428
[pid=16] ppid=13 vsize=17684 memory=12424 CPUtime=0.03 cores=94-107,206-219
/proc/16/stat : 16 (python3) S 13 16 0 0 -1 4194304 1894 0 96 0 2 1 0 0 20 0 1 0 53414156 18108416 3106 67087892480 4194304 7154137 140720755850016 0 0 0 0 16781312 2 1 0 0 17 208 0 0 8 0 0 9727432 11029816 20586496 140720755854143 140720755854253 140720755854253 140720755855335 0
/proc/16/statm: 4421 3106 1512 723 0 2063 0
[pid=18] ppid=16 vsize=468424 memory=446136 CPUtime=639.89 cores=94-107,206-219
/proc/18/stat : 18 (bn4rust) R 16 16 0 0 -1 4194304 1417301 0 19 0 62262 1727 0 0 20 0 1 0 53414170 479666176 111534 67087892480 94282602643456 94282604510577 140732194187648 0 0 0 0 4096 1088 0 0 0 17 94 0 0 1 0 0 94282604768640 94282604815576 94282613219328 140732194196226 140732194196374 140732194196374 140732194197473 0
/proc/18/statm: 117106 111534 1056 456 0 115267 0
Current children cumulated CPU time: 639.92 s
Current children cumulated vsize: 486108 KiB
Current children cumulated memory: 458560 KiB

[startup+702.3 s]
/proc/loadavg: 7.86 30.57 30.00 3/2621 18
/proc/meminfo: memFree=502228004/527542260 swapFree=33528828/33554428
[pid=16] ppid=13 vsize=17684 memory=12424 CPUtime=0.03 cores=94-107,206-219
/proc/16/stat : 16 (python3) S 13 16 0 0 -1 4194304 1894 0 96 0 2 1 0 0 20 0 1 0 53414156 18108416 3106 67087892480 4194304 7154137 140720755850016 0 0 0 0 16781312 2 1 0 0 17 208 0 0 8 0 0 9727432 11029816 20586496 140720755854143 140720755854253 140720755854253 140720755855335 0
/proc/16/statm: 4421 3106 1512 723 0 2063 0
[pid=18] ppid=16 vsize=185788 memory=161044 CPUtime=699.72 cores=94-107,206-219
/proc/18/stat : 18 (bn4rust) R 16 16 0 0 -1 4194304 1492146 0 19 0 68115 1857 0 0 20 0 1 0 53414170 190246912 40261 67087892480 94282602643456 94282604510577 140732194187648 0 0 0 0 4096 1088 0 0 0 17 94 0 0 1 0 0 94282604768640 94282604815576 94282613219328 140732194196226 140732194196374 140732194196374 140732194197473 0
/proc/18/statm: 46447 40261 1056 456 0 44608 0
Current children cumulated CPU time: 699.75 s
Current children cumulated vsize: 203472 KiB
Current children cumulated memory: 173468 KiB

[startup+762.3 s]
/proc/loadavg: 4.15 25.37 28.24 3/2618 18
/proc/meminfo: memFree=501893884/527542260 swapFree=33528828/33554428
[pid=16] ppid=13 vsize=17684 memory=12424 CPUtime=0.03 cores=94-107,206-219
/proc/16/stat : 16 (python3) S 13 16 0 0 -1 4194304 1894 0 96 0 2 1 0 0 20 0 1 0 53414156 18108416 3106 67087892480 4194304 7154137 140720755850016 0 0 0 0 16781312 2 1 0 0 17 208 0 0 8 0 0 9727432 11029816 20586496 140720755854143 140720755854253 140720755854253 140720755855335 0
/proc/16/statm: 4421 3106 1512 723 0 2063 0
[pid=18] ppid=16 vsize=853456 memory=610292 CPUtime=759.57 cores=94-107,206-219
/proc/18/stat : 18 (bn4rust) R 16 16 0 0 -1 4194304 1532960 0 19 0 74019 1938 0 0 20 0 1 0 53414170 873938944 152573 67087892480 94282602643456 94282604510577 140732194187648 0 0 0 0 4096 1088 0 0 0 17 94 0 0 1 0 0 94282604768640 94282604815576 94282613219328 140732194196226 140732194196374 140732194196374 140732194197473 0
/proc/18/statm: 213364 152573 1056 456 0 211525 0
Current children cumulated CPU time: 759.6 s
Current children cumulated vsize: 871140 KiB
Current children cumulated memory: 622716 KiB

[startup+822.3 s]
/proc/loadavg: 2.79 21.11 26.60 3/2615 18
/proc/meminfo: memFree=502158600/527542260 swapFree=33528828/33554428
[pid=16] ppid=13 vsize=17684 memory=12424 CPUtime=0.03 cores=94-107,206-219
/proc/16/stat : 16 (python3) S 13 16 0 0 -1 4194304 1894 0 96 0 2 1 0 0 20 0 1 0 53414156 18108416 3106 67087892480 4194304 7154137 140720755850016 0 0 0 0 16781312 2 1 0 0 17 208 0 0 8 0 0 9727432 11029816 20586496 140720755854143 140720755854253 140720755854253 140720755855335 0
/proc/16/statm: 4421 3106 1512 723 0 2063 0
[pid=18] ppid=16 vsize=222652 memory=206436 CPUtime=819.43 cores=94-107,206-219
/proc/18/stat : 18 (bn4rust) R 16 16 0 0 -1 4194304 1585513 0 19 0 79880 2063 0 0 20 0 1 0 53414170 227995648 51609 67087892480 94282602643456 94282604510577 140732194187648 0 0 0 0 4096 1088 0 0 0 17 94 0 0 1 0 0 94282604768640 94282604815576 94282613219328 140732194196226 140732194196374 140732194196374 140732194197473 0
/proc/18/statm: 55663 51609 1056 456 0 53824 0
Current children cumulated CPU time: 819.46 s
Current children cumulated vsize: 240336 KiB
Current children cumulated memory: 218860 KiB

[startup+882.3 s]
/proc/loadavg: 2.29 17.63 25.06 3/2615 18
/proc/meminfo: memFree=501926084/527542260 swapFree=33528828/33554428
[pid=16] ppid=13 vsize=17684 memory=12424 CPUtime=0.03 cores=94-107,206-219
/proc/16/stat : 16 (python3) S 13 16 0 0 -1 4194304 1894 0 96 0 2 1 0 0 20 0 1 0 53414156 18108416 3106 67087892480 4194304 7154137 140720755850016 0 0 0 0 16781312 2 1 0 0 17 208 0 0 8 0 0 9727432 11029816 20586496 140720755854143 140720755854253 140720755854253 140720755855335 0
/proc/16/statm: 4421 3106 1512 723 0 2063 0
[pid=18] ppid=16 vsize=511012 memory=416588 CPUtime=879.29 cores=94-107,206-219
/proc/18/stat : 18 (bn4rust) R 16 16 0 0 -1 4194304 1670840 0 19 0 85764 2165 0 0 20 0 1 0 53414170 523276288 104147 67087892480 94282602643456 94282604510577 140732194187648 0 0 0 0 4096 1088 0 0 0 17 206 0 0 1 0 0 94282604768640 94282604815576 94282613219328 140732194196226 140732194196374 140732194196374 140732194197473 0
/proc/18/statm: 127753 104147 1056 456 0 125914 0
Current children cumulated CPU time: 879.32 s
Current children cumulated vsize: 528696 KiB
Current children cumulated memory: 429012 KiB

[startup+942.3 s]
/proc/loadavg: 2.10 14.78 23.61 3/2613 18
/proc/meminfo: memFree=501634416/527542260 swapFree=33528828/33554428
[pid=16] ppid=13 vsize=17684 memory=12424 CPUtime=0.03 cores=94-107,206-219
/proc/16/stat : 16 (python3) S 13 16 0 0 -1 4194304 1894 0 96 0 2 1 0 0 20 0 1 0 53414156 18108416 3106 67087892480 4194304 7154137 140720755850016 0 0 0 0 16781312 2 1 0 0 17 208 0 0 8 0 0 9727432 11029816 20586496 140720755854143 140720755854253 140720755854253 140720755855335 0
/proc/16/statm: 4421 3106 1512 723 0 2063 0
[pid=18] ppid=16 vsize=934084 memory=734684 CPUtime=939.13 cores=94-107,206-219
/proc/18/stat : 18 (bn4rust) R 16 16 0 0 -1 4194304 1773908 0 19 0 91593 2320 0 0 20 0 1 0 53414170 956502016 183671 67087892480 94282602643456 94282604510577 140732194187648 0 0 0 0 4096 1088 0 0 0 17 206 0 0 1 0 0 94282604768640 94282604815576 94282613219328 140732194196226 140732194196374 140732194196374 140732194197473 0
/proc/18/statm: 233521 183671 1056 456 0 231682 0
Current children cumulated CPU time: 939.16 s
Current children cumulated vsize: 951768 KiB
Current children cumulated memory: 747108 KiB

[startup+1002.3 s]
/proc/loadavg: 2.04 12.45 22.26 3/2612 18
/proc/meminfo: memFree=502059848/527542260 swapFree=33528828/33554428
[pid=16] ppid=13 vsize=17684 memory=12424 CPUtime=0.03 cores=94-107,206-219
/proc/16/stat : 16 (python3) S 13 16 0 0 -1 4194304 1894 0 96 0 2 1 0 0 20 0 1 0 53414156 18108416 3106 67087892480 4194304 7154137 140720755850016 0 0 0 0 16781312 2 1 0 0 17 208 0 0 8 0 0 9727432 11029816 20586496 140720755854143 140720755854253 140720755854253 140720755855335 0
/proc/16/statm: 4421 3106 1512 723 0 2063 0
[pid=18] ppid=16 vsize=286120 memory=282176 CPUtime=998.94 cores=94-107,206-219
/proc/18/stat : 18 (bn4rust) R 16 16 0 0 -1 4194304 1897015 0 19 0 97452 2442 0 0 20 0 1 0 53414170 292986880 70544 67087892480 94282602643456 94282604510577 140732194187648 0 0 0 0 4096 1088 0 0 0 17 206 0 0 1 0 0 94282604768640 94282604815576 94282613219328 140732194196226 140732194196374 140732194196374 140732194197473 0
/proc/18/statm: 71530 70544 1056 456 0 69691 0
Current children cumulated CPU time: 998.97 s
Current children cumulated vsize: 303804 KiB
Current children cumulated memory: 294600 KiB

[startup+1062.3 s]
/proc/loadavg: 2.25 10.61 21.01 3/2613 18
/proc/meminfo: memFree=501468152/527542260 swapFree=33528828/33554428
[pid=16] ppid=13 vsize=17684 memory=12424 CPUtime=0.03 cores=94-107,206-219
/proc/16/stat : 16 (python3) S 13 16 0 0 -1 4194304 1894 0 96 0 2 1 0 0 20 0 1 0 53414156 18108416 3106 67087892480 4194304 7154137 140720755850016 0 0 0 0 16781312 2 1 0 0 17 208 0 0 8 0 0 9727432 11029816 20586496 140720755854143 140720755854253 140720755854253 140720755855335 0
/proc/16/statm: 4421 3106 1512 723 0 2063 0
[pid=18] ppid=16 vsize=954396 memory=845948 CPUtime=1058.76 cores=94-107,206-219
/proc/18/stat : 18 (bn4rust) R 16 16 0 0 -1 4194304 1942332 0 19 0 103329 2547 0 0 20 0 1 0 53414170 977301504 211487 67087892480 94282602643456 94282604510577 140732194187648 0 0 0 0 4096 1088 0 0 0 17 206 0 0 1 0 0 94282604768640 94282604815576 94282613219328 140732194196226 140732194196374 140732194196374 140732194197473 0
/proc/18/statm: 238599 211487 1056 456 0 236760 0
Current children cumulated CPU time: 1058.79 s
Current children cumulated vsize: 972080 KiB
Current children cumulated memory: 858372 KiB

[startup+1122.3 s]
/proc/loadavg: 2.12 9.06 19.82 3/2613 18
/proc/meminfo: memFree=501382548/527542260 swapFree=33528828/33554428
[pid=16] ppid=13 vsize=17684 memory=12424 CPUtime=0.03 cores=94-107,206-219
/proc/16/stat : 16 (python3) S 13 16 0 0 -1 4194304 1894 0 96 0 2 1 0 0 20 0 1 0 53414156 18108416 3106 67087892480 4194304 7154137 140720755850016 0 0 0 0 16781312 2 1 0 0 17 208 0 0 8 0 0 9727432 11029816 20586496 140720755854143 140720755854253 140720755854253 140720755855335 0
/proc/16/statm: 4421 3106 1512 723 0 2063 0
[pid=18] ppid=16 vsize=1151008 memory=963264 CPUtime=1118.57 cores=94-107,206-219
/proc/18/stat : 18 (bn4rust) R 16 16 0 0 -1 4194304 1974092 0 19 0 109202 2655 0 0 20 0 1 0 53414170 1178632192 240816 67087892480 94282602643456 94282604510577 140732194187648 0 0 0 0 4096 1088 0 0 0 17 206 0 0 1 0 0 94282604768640 94282604815576 94282613219328 140732194196226 140732194196374 140732194196374 140732194197473 0
/proc/18/statm: 287752 240816 1056 456 0 285913 0
Current children cumulated CPU time: 1118.6 s
Current children cumulated vsize: 1168692 KiB
Current children cumulated memory: 975688 KiB

[startup+1182.3 s]
/proc/loadavg: 2.04 7.77 18.70 3/2610 18
/proc/meminfo: memFree=502040356/527542260 swapFree=33528828/33554428
[pid=16] ppid=13 vsize=17684 memory=12424 CPUtime=0.03 cores=94-107,206-219
/proc/16/stat : 16 (python3) S 13 16 0 0 -1 4194304 1894 0 96 0 2 1 0 0 20 0 1 0 53414156 18108416 3106 67087892480 4194304 7154137 140720755850016 0 0 0 0 16781312 2 1 0 0 17 208 0 0 8 0 0 9727432 11029816 20586496 140720755854143 140720755854253 140720755854253 140720755855335 0
/proc/16/statm: 4421 3106 1512 723 0 2063 0
[pid=18] ppid=16 vsize=315412 memory=279564 CPUtime=1178.39 cores=94-107,206-219
/proc/18/stat : 18 (bn4rust) R 16 16 0 0 -1 4194304 2012773 0 19 0 115094 2745 0 0 20 0 1 0 53414170 322981888 69891 67087892480 94282602643456 94282604510577 140732194187648 0 0 0 0 4096 1088 0 0 0 17 206 0 0 1 0 0 94282604768640 94282604815576 94282613219328 140732194196226 140732194196374 140732194196374 140732194197473 0
/proc/18/statm: 78853 69891 1056 456 0 77014 0
Current children cumulated CPU time: 1178.42 s
Current children cumulated vsize: 333096 KiB
Current children cumulated memory: 291988 KiB

[startup+1242.3 s]
/proc/loadavg: 2.01 6.72 17.65 3/2609 18
/proc/meminfo: memFree=501564848/527542260 swapFree=33528828/33554428
[pid=16] ppid=13 vsize=17684 memory=12424 CPUtime=0.03 cores=94-107,206-219
/proc/16/stat : 16 (python3) S 13 16 0 0 -1 4194304 1894 0 96 0 2 1 0 0 20 0 1 0 53414156 18108416 3106 67087892480 4194304 7154137 140720755850016 0 0 0 0 16781312 2 1 0 0 17 208 0 0 8 0 0 9727432 11029816 20586496 140720755854143 140720755854253 140720755854253 140720755855335 0
/proc/16/statm: 4421 3106 1512 723 0 2063 0
[pid=18] ppid=16 vsize=987352 memory=787732 CPUtime=1238.2 cores=94-107,206-219
/proc/18/stat : 18 (bn4rust) R 16 16 0 0 -1 4194304 2051845 0 19 0 121009 2811 0 0 20 0 1 0 53414170 1011048448 196933 67087892480 94282602643456 94282604510577 140732194187648 0 0 0 0 4096 1088 0 0 0 17 206 0 0 1 0 0 94282604768640 94282604815576 94282613219328 140732194196226 140732194196374 140732194196374 140732194197473 0
/proc/18/statm: 246838 196933 1056 456 0 244999 0
Current children cumulated CPU time: 1238.23 s
Current children cumulated vsize: 1005036 KiB
Current children cumulated memory: 800156 KiB

[startup+1302.3 s]
/proc/loadavg: 2.00 5.86 16.67 3/2610 18
/proc/meminfo: memFree=501466668/527542260 swapFree=33528828/33554428
[pid=16] ppid=13 vsize=17684 memory=12424 CPUtime=0.03 cores=94-107,206-219
/proc/16/stat : 16 (python3) S 13 16 0 0 -1 4194304 1894 0 96 0 2 1 0 0 20 0 1 0 53414156 18108416 3106 67087892480 4194304 7154137 140720755850016 0 0 0 0 16781312 2 1 0 0 17 208 0 0 8 0 0 9727432 11029816 20586496 140720755854143 140720755854253 140720755854253 140720755855335 0
/proc/16/statm: 4421 3106 1512 723 0 2063 0
[pid=18] ppid=16 vsize=452192 memory=330380 CPUtime=1298.03 cores=94-107,206-219
/proc/18/stat : 18 (bn4rust) R 16 16 0 0 -1 4194304 2105694 0 19 0 126863 2940 0 0 20 0 1 0 53414170 463044608 82595 67087892480 94282602643456 94282604510577 140732194187648 0 0 0 0 4096 1088 0 0 0 17 206 0 0 1 0 0 94282604768640 94282604815576 94282613219328 140732194196226 140732194196374 140732194196374 140732194197473 0
/proc/18/statm: 113048 82595 1056 456 0 111209 0
Current children cumulated CPU time: 1298.06 s
Current children cumulated vsize: 469876 KiB
Current children cumulated memory: 342804 KiB

[startup+1362.3 s]
/proc/loadavg: 2.00 5.15 15.75 3/2609 18
/proc/meminfo: memFree=502013616/527542260 swapFree=33528828/33554428
[pid=16] ppid=13 vsize=17684 memory=12424 CPUtime=0.03 cores=94-107,206-219
/proc/16/stat : 16 (python3) S 13 16 0 0 -1 4194304 1894 0 96 0 2 1 0 0 20 0 1 0 53414156 18108416 3106 67087892480 4194304 7154137 140720755850016 0 0 0 0 16781312 2 1 0 0 17 208 0 0 8 0 0 9727432 11029816 20586496 140720755854143 140720755854253 140720755854253 140720755855335 0
/proc/16/statm: 4421 3106 1512 723 0 2063 0
[pid=18] ppid=16 vsize=452192 memory=369292 CPUtime=1357.88 cores=94-107,206-219
/proc/18/stat : 18 (bn4rust) R 16 16 0 0 -1 4194304 2155502 0 19 0 132721 3067 0 0 20 0 1 0 53414170 463044608 92323 67087892480 94282602643456 94282604510577 140732194187648 0 0 0 0 4096 1088 0 0 0 17 206 0 0 1 0 0 94282604768640 94282604815576 94282613219328 140732194196226 140732194196374 140732194196374 140732194197473 0
/proc/18/statm: 113048 92323 1056 456 0 111209 0
Current children cumulated CPU time: 1357.91 s
Current children cumulated vsize: 469876 KiB
Current children cumulated memory: 381716 KiB

[startup+1422.3 s]
/proc/loadavg: 2.07 4.59 14.89 3/2609 18
/proc/meminfo: memFree=502049648/527542260 swapFree=33528828/33554428
[pid=16] ppid=13 vsize=17684 memory=12424 CPUtime=0.03 cores=94-107,206-219
/proc/16/stat : 16 (python3) S 13 16 0 0 -1 4194304 1894 0 96 0 2 1 0 0 20 0 1 0 53414156 18108416 3106 67087892480 4194304 7154137 140720755850016 0 0 0 0 16781312 2 1 0 0 17 208 0 0 8 0 0 9727432 11029816 20586496 140720755854143 140720755854253 140720755854253 140720755855335 0
/proc/16/statm: 4421 3106 1512 723 0 2063 0
[pid=18] ppid=16 vsize=353892 memory=285892 CPUtime=1417.74 cores=94-107,206-219
/proc/18/stat : 18 (bn4rust) R 16 16 0 0 -1 4194304 2241235 0 19 0 138554 3220 0 0 20 0 1 0 53414170 362385408 71473 67087892480 94282602643456 94282604510577 140732194187648 0 0 0 0 4096 1088 0 0 0 17 206 0 0 1 0 0 94282604768640 94282604815576 94282613219328 140732194196226 140732194196374 140732194196374 140732194197473 0
/proc/18/statm: 88473 71473 1056 456 0 86634 0
Current children cumulated CPU time: 1417.77 s
Current children cumulated vsize: 371576 KiB
Current children cumulated memory: 298316 KiB

[startup+1482.3 s]
/proc/loadavg: 2.07 4.13 14.09 3/2608 18
/proc/meminfo: memFree=502089076/527542260 swapFree=33528828/33554428
[pid=16] ppid=13 vsize=17684 memory=12424 CPUtime=0.03 cores=94-107,206-219
/proc/16/stat : 16 (python3) S 13 16 0 0 -1 4194304 1894 0 96 0 2 1 0 0 20 0 1 0 53414156 18108416 3106 67087892480 4194304 7154137 140720755850016 0 0 0 0 16781312 2 1 0 0 17 208 0 0 8 0 0 9727432 11029816 20586496 140720755854143 140720755854253 140720755854253 140720755855335 0
/proc/16/statm: 4421 3106 1512 723 0 2063 0
[pid=18] ppid=16 vsize=353892 memory=285888 CPUtime=1477.6 cores=94-107,206-219
/proc/18/stat : 18 (bn4rust) R 16 16 0 0 -1 4194304 2359549 0 19 0 144374 3386 0 0 20 0 1 0 53414170 362385408 71472 67087892480 94282602643456 94282604510577 140732194187648 0 0 0 0 4096 1088 0 0 0 17 206 0 0 1 0 0 94282604768640 94282604815576 94282613219328 140732194196226 140732194196374 140732194196374 140732194197473 0
/proc/18/statm: 88473 71472 1056 456 0 86634 0
Current children cumulated CPU time: 1477.63 s
Current children cumulated vsize: 371576 KiB
Current children cumulated memory: 298312 KiB

[startup+1542.3 s]
/proc/loadavg: 2.02 3.74 13.33 3/2608 18
/proc/meminfo: memFree=501515944/527542260 swapFree=33528828/33554428
[pid=16] ppid=13 vsize=17684 memory=12424 CPUtime=0.03 cores=94-107,206-219
/proc/16/stat : 16 (python3) S 13 16 0 0 -1 4194304 1894 0 96 0 2 1 0 0 20 0 1 0 53414156 18108416 3106 67087892480 4194304 7154137 140720755850016 0 0 0 0 16781312 2 1 0 0 17 208 0 0 8 0 0 9727432 11029816 20586496 140720755854143 140720755854253 140720755854253 140720755855335 0
/proc/16/statm: 4421 3106 1512 723 0 2063 0
[pid=18] ppid=16 vsize=1005468 memory=809988 CPUtime=1537.44 cores=94-107,206-219
/proc/18/stat : 18 (bn4rust) R 16 16 0 0 -1 4194304 2423607 0 19 0 150219 3525 0 0 20 0 1 0 53414170 1029599232 202497 67087892480 94282602643456 94282604510577 140732194187648 0 0 0 0 4096 1088 0 0 0 17 206 0 0 1 0 0 94282604768640 94282604815576 94282613219328 140732194196226 140732194196374 140732194196374 140732194197473 0
/proc/18/statm: 251367 202497 1056 456 0 249528 0
Current children cumulated CPU time: 1537.47 s
Current children cumulated vsize: 1023152 KiB
Current children cumulated memory: 822412 KiB

[startup+1602.3 s]
/proc/loadavg: 2.01 3.42 12.62 3/2608 18
/proc/meminfo: memFree=501929828/527542260 swapFree=33528828/33554428
[pid=16] ppid=13 vsize=17684 memory=12424 CPUtime=0.03 cores=94-107,206-219
/proc/16/stat : 16 (python3) S 13 16 0 0 -1 4194304 1894 0 96 0 2 1 0 0 20 0 1 0 53414156 18108416 3106 67087892480 4194304 7154137 140720755850016 0 0 0 0 16781312 2 1 0 0 17 208 0 0 8 0 0 9727432 11029816 20586496 140720755854143 140720755854253 140720755854253 140720755855335 0
/proc/16/statm: 4421 3106 1512 723 0 2063 0
[pid=18] ppid=16 vsize=452192 memory=350880 CPUtime=1597.27 cores=94-107,206-219
/proc/18/stat : 18 (bn4rust) R 16 16 0 0 -1 4194304 2471941 0 19 0 156070 3657 0 0 20 0 1 0 53414170 463044608 87720 67087892480 94282602643456 94282604510577 140732194187648 0 0 0 0 4096 1088 0 0 0 17 206 0 0 1 0 0 94282604768640 94282604815576 94282613219328 140732194196226 140732194196374 140732194196374 140732194197473 0
/proc/18/statm: 113048 87720 1056 456 0 111209 0
Current children cumulated CPU time: 1597.3 s
Current children cumulated vsize: 469876 KiB
Current children cumulated memory: 363304 KiB

[startup+1662.3 s]
/proc/loadavg: 2.00 3.16 11.95 3/2608 18
/proc/meminfo: memFree=501518816/527542260 swapFree=33528828/33554428
[pid=16] ppid=13 vsize=17684 memory=12424 CPUtime=0.03 cores=94-107,206-219
/proc/16/stat : 16 (python3) S 13 16 0 0 -1 4194304 1894 0 96 0 2 1 0 0 20 0 1 0 53414156 18108416 3106 67087892480 4194304 7154137 140720755850016 0 0 0 0 16781312 2 1 0 0 17 208 0 0 8 0 0 9727432 11029816 20586496 140720755854143 140720755854253 140720755854253 140720755855335 0
/proc/16/statm: 4421 3106 1512 723 0 2063 0
[pid=18] ppid=16 vsize=1058148 memory=835428 CPUtime=1657.08 cores=94-107,206-219
/proc/18/stat : 18 (bn4rust) R 16 16 0 0 -1 4194304 2519142 0 19 0 161916 3792 0 0 20 0 1 0 53414170 1083543552 208857 67087892480 94282602643456 94282604510577 140732194187648 0 0 0 0 4096 1088 0 0 0 17 206 0 0 1 0 0 94282604768640 94282604815576 94282613219328 140732194196226 140732194196374 140732194196374 140732194197473 0
/proc/18/statm: 264537 208857 1056 456 0 262698 0
Current children cumulated CPU time: 1657.11 s
Current children cumulated vsize: 1075832 KiB
Current children cumulated memory: 847852 KiB

[startup+1722.3 s]
/proc/loadavg: 2.00 2.95 11.32 3/2610 18
/proc/meminfo: memFree=501879780/527542260 swapFree=33528828/33554428
[pid=16] ppid=13 vsize=17684 memory=12424 CPUtime=0.03 cores=94-107,206-219
/proc/16/stat : 16 (python3) S 13 16 0 0 -1 4194304 1894 0 96 0 2 1 0 0 20 0 1 0 53414156 18108416 3106 67087892480 4194304 7154137 140720755850016 0 0 0 0 16781312 2 1 0 0 17 208 0 0 8 0 0 9727432 11029816 20586496 140720755854143 140720755854253 140720755854253 140720755855335 0
/proc/16/statm: 4421 3106 1512 723 0 2063 0
[pid=18] ppid=16 vsize=615528 memory=490732 CPUtime=1716.9 cores=94-107,206-219
/proc/18/stat : 18 (bn4rust) R 16 16 0 0 -1 4194304 2584279 0 19 0 167760 3930 0 0 20 0 1 0 53414170 630300672 122683 67087892480 94282602643456 94282604510577 140732194187648 0 0 0 0 4096 1088 0 0 0 17 206 0 0 1 0 0 94282604768640 94282604815576 94282613219328 140732194196226 140732194196374 140732194196374 140732194197473 0
/proc/18/statm: 153882 122683 1056 456 0 152043 0
Current children cumulated CPU time: 1716.93 s
Current children cumulated vsize: 633212 KiB
Current children cumulated memory: 503156 KiB

[startup+1782.3 s]
/proc/loadavg: 2.00 2.77 10.74 3/2609 18
/proc/meminfo: memFree=501913456/527542260 swapFree=33528828/33554428
[pid=16] ppid=13 vsize=17684 memory=12424 CPUtime=0.03 cores=94-107,206-219
/proc/16/stat : 16 (python3) S 13 16 0 0 -1 4194304 1894 0 96 0 2 1 0 0 20 0 1 0 53414156 18108416 3106 67087892480 4194304 7154137 140720755850016 0 0 0 0 16781312 2 1 0 0 17 208 0 0 8 0 0 9727432 11029816 20586496 140720755854143 140720755854253 140720755854253 140720755855335 0
/proc/16/statm: 4421 3106 1512 723 0 2063 0
[pid=18] ppid=16 vsize=476772 memory=431320 CPUtime=1776.72 cores=94-107,206-219
/proc/18/stat : 18 (bn4rust) R 16 16 0 0 -1 4194304 2678008 0 19 0 173580 4092 0 0 20 0 1 0 53414170 488214528 107830 67087892480 94282602643456 94282604510577 140732194187648 0 0 0 0 4096 1088 0 0 0 17 206 0 0 1 0 0 94282604768640 94282604815576 94282613219328 140732194196226 140732194196374 140732194196374 140732194197473 0
/proc/18/statm: 119193 107830 1056 456 0 117354 0
Current children cumulated CPU time: 1776.75 s
Current children cumulated vsize: 494456 KiB
Current children cumulated memory: 443744 KiB



Maximum wall clock time exceeded: sending SIGTERM then SIGKILL

[startup+1800 s]*
/proc/loadavg: 2.00 2.73 10.60 3/2609 18
/proc/meminfo: memFree=502048412/527542260 swapFree=33528828/33554428
[pid=16] ppid=13 vsize=17684 memory=12424 CPUtime=0.03 cores=94-107,206-219
/proc/16/stat : 16 (python3) S 13 16 0 0 -1 4194304 1894 0 96 0 2 1 0 0 20 0 1 0 53414156 18108416 3106 67087892480 4194304 7154137 140720755850016 0 0 0 0 16781312 2 1 0 0 17 208 0 0 8 0 0 9727432 11029816 20586496 140720755854143 140720755854253 140720755854253 140720755855335 0
/proc/16/statm: 4421 3106 1512 723 0 2063 0
[pid=18] ppid=16 vsize=304736 memory=273032 CPUtime=1794.36 cores=94-107,206-219
/proc/18/stat : 18 (bn4rust) R 16 16 0 0 -1 4194304 2704807 0 19 0 175295 4141 0 0 20 0 1 0 53414170 312049664 68258 67087892480 94282602643456 94282604510577 140732194187648 0 0 0 0 4096 1088 0 0 0 17 206 0 0 1 0 0 94282604768640 94282604815576 94282613219328 140732194196226 140732194196374 140732194196374 140732194197473 0
/proc/18/statm: 76184 68258 1056 456 0 74345 0
Current children cumulated CPU time: 1794.39 s
Current children cumulated vsize: 322420 KiB
Current children cumulated memory: 285456 KiB

Sending SIGTERM to process tree (bottom up)
Sleeping 2 seconds

[startup+1800.01 s]
# the end of solver process 16 was just reported to runsolver
# cumulated CPU time of all completed processes:  user=1752.99 s, system=41.4364 s

Solver just ended.
??? end of watcher thread
Dumping a history of the last processes samples

Child ended because it received signal 15 (SIGTERM)
Real time (s): 1800.01
CPU time (s): 1794.43
CPU user time (s): 1752.99
CPU system time (s): 41.4364
CPU usage (%): 99.69
Max. virtual memory (cumulated for all children) (KiB): 1992392
Max. memory (cumulated for all children) (KiB): 1646044

getrusage(RUSAGE_CHILDREN,...) data:
user time used= 1752.99
system time used= 41.4364
maximum resident set size= 1726320
integral shared memory size= 0
integral unshared data size= 0
integral unshared stack size= 0
page reclaims= 2706702
page faults= 115
swaps= 0
block input operations= 19784
block output operations= 8
messages sent= 0
messages received= 0
signals received= 0
voluntary context switches= 996
involuntary context switches= 2381


# summary of solver processes directly reported to runsolver:
#   pid: 16
#   total CPU time (s): 1794.43
#   total CPU user time (s): 1752.99
#   total CPU system time (s): 41.4364

??? join timestamper begins
??? join timestamper ends
??? end of timestamper thread
runsolver used 0.782241 second user time and 2.74697 second system time

The end
