# WCTIME: wall clock time in seconds
WCTIME=0.306575
# CPUTIME: CPU time in seconds (USERTIME+SYSTEMTIME)
CPUTIME=0.194222
# USERTIME: CPU time spent in user mode in seconds
USERTIME=0.177858
# SYSTEMTIME: CPU time spent in system mode in seconds
SYSTEMTIME=0.016364
# CPUUSAGE: CPUTIME/WCTIME in percent
CPUUSAGE=63.3522
# MAXVM: maximum virtual memory used in KiB
MAXVM=25864
# MAXMM: maximum memory used in KiB
MAXMM=17324
# MAXRSS: maximum Resident Segment Size in KiB
MAXRSS=12656
# TIMEOUT: did the solver exceed the time limit?
TIMEOUT=false
# MEMOUT: did the solver exceed the memory limit?
MEMOUT=false
# EXITSTATUS: Exit status of the solver
EXITSTATUS=0
