# WCTIME: wall clock time in seconds
WCTIME=1800.01
# CPUTIME: CPU time in seconds (USERTIME+SYSTEMTIME)
CPUTIME=1796.08
# USERTIME: CPU time spent in user mode in seconds
USERTIME=1760.96
# SYSTEMTIME: CPU time spent in system mode in seconds
SYSTEMTIME=35.1162
# CPUUSAGE: CPUTIME/WCTIME in percent
CPUUSAGE=99.7819
# MAXVM: maximum virtual memory used in KiB
MAXVM=4407604
# MAXMM: maximum memory used in KiB
MAXMM=3794564
# MAXRSS: maximum Resident Segment Size in KiB
MAXRSS=3923072
# TIMEOUT: did the solver exceed the time limit?
TIMEOUT=true
# MEMOUT: did the solver exceed the memory limit?
MEMOUT=false
# EXITSTATUS: Exit status of the solver
EXITSTATUS=15
