# WCTIME: wall clock time in seconds
WCTIME=2.34815
# CPUTIME: CPU time in seconds (USERTIME+SYSTEMTIME)
CPUTIME=1.58089
# USERTIME: CPU time spent in user mode in seconds
USERTIME=1.39516
# SYSTEMTIME: CPU time spent in system mode in seconds
SYSTEMTIME=0.185738
# CPUUSAGE: CPUTIME/WCTIME in percent
CPUUSAGE=67.3251
# MAXVM: maximum virtual memory used in KiB
MAXVM=227684
# MAXMM: maximum memory used in KiB
MAXMM=75340
# MAXRSS: maximum Resident Segment Size in KiB
MAXRSS=71476
# TIMEOUT: did the solver exceed the time limit?
TIMEOUT=false
# MEMOUT: did the solver exceed the memory limit?
MEMOUT=false
# EXITSTATUS: Exit status of the solver
EXITSTATUS=0
