runsolver version 3.4.1 (svn: 3018) Copyright (C) 2010-2013 Olivier ROUSSEL

This program is distributed in the hope that it will be useful,
but WITHOUT ANY WARRANTY; without even the implied warranty of
MERCHANTABILITY or FITNESS FOR A PARTICULAR PURPOSE.  See the
GNU General Public License for more details.

NUMA information:
  number of nodes: 8
  memory of node 0: 63657 MiB (51498 MiB free)
  memory of node 1: 64504 MiB (1195 MiB free)
  memory of node 2: 64504 MiB (1140 MiB free)
  memory of node 3: 64504 MiB (54995 MiB free)
  memory of node 4: 64504 MiB (63525 MiB free)
  memory of node 5: 64504 MiB (63795 MiB free)
  memory of node 6: 64504 MiB (63768 MiB free)
  memory of node 7: 64491 MiB (63683 MiB free)
  node distances:
     10  12  12  12  21  21  21  21
     12  10  12  12  21  21  21  21
     12  12  10  12  21  21  21  21
     12  12  12  10  21  21  21  21
     21  21  21  21  10  12  12  12
     21  21  21  21  12  10  12  12
     21  21  21  21  12  12  10  12
     21  21  21  21  12  12  12  10

command line: /usr/local/bin/runsolver --timestamp -w /output/runsolver-watch.log -v /output/runsolver-values.log -o /output/solver-output.log -C 1800.0 -W 1800.0 -R 64000 /opt/solver/run_bn4rust.py --mode cyber-forward-baseline --instance /input/model_135.bnet 

running on 28 cores: 84-97,196-209

Enforcing CPUTime limit (soft limit, will send SIGTERM then SIGKILL): 1800 seconds
Enforcing CPUTime limit (hard limit, will send SIGXCPU): 1830 seconds
Enforcing wall clock limit (soft limit, will send SIGTERM then SIGKILL): 1800 seconds
Enforcing RSS+Swap limit (soft limit, will send SIGTERM then SIGKILL): 65536000 KiB
Linux 4.18.0-553.159.1.el8_10.x86_64
Current StackSize limit: 18014398509481983 KiB

solver pid=16, runsolver pid=13

[startup+0.100071 s]*
/proc/loadavg: 47.00 54.25 60.55 50/2954 17
/proc/meminfo: memFree=372282860/527542240 swapFree=33461244/33554428
[pid=16] ppid=13 vsize=15800 memory=10052 CPUtime=0.02 cores=84-97,196-209
/proc/16/stat : 16 (python3) R 13 16 0 0 -1 4194304 1397 0 84 0 2 0 0 0 20 0 1 0 53232414 16179200 2513 67087892480 4194304 7154137 140724156724592 0 0 0 0 16781312 2 0 0 0 17 93 0 0 6 0 0 9727432 11029816 20955136 140724156730187 140724156730285 140724156730285 140724156731367 0
/proc/16/statm: 3950 2513 1380 723 0 1674 0
Current children cumulated CPU time: 0.02 s
Current children cumulated vsize: 15800 KiB
Current children cumulated memory: 10052 KiB

[startup+0.200558 s]*
/proc/loadavg: 47.00 54.25 60.55 51/2959 18
/proc/meminfo: memFree=372264148/527542240 swapFree=33461244/33554428
[pid=16] ppid=13 vsize=17684 memory=12428 CPUtime=0.04 cores=84-97,196-209
/proc/16/stat : 16 (python3) S 13 16 0 0 -1 4194304 1889 0 96 0 3 1 0 0 20 0 1 0 53232414 18108416 3107 67087892480 4194304 7154137 140724156724592 0 0 0 0 16781312 2 1 0 0 17 93 0 0 8 0 0 9727432 11029816 20955136 140724156730187 140724156730285 140724156730285 140724156731367 0
/proc/16/statm: 4421 3107 1498 723 0 2063 0
[pid=18] ppid=16 vsize=8272 memory=5012 CPUtime=0.04 cores=84-97,196-209
/proc/18/stat : 18 (bn4rust) R 16 16 0 0 -1 4194304 393 0 18 0 4 0 0 0 20 0 1 0 53232427 8470528 1253 67087892480 94871653289984 94871655157105 140730895432576 0 0 0 0 4096 1088 0 0 0 17 96 0 0 1 0 0 94871655415168 94871655462104 94871665065984 140730895440654 140730895440790 140730895440790 140730895441889 0
/proc/18/statm: 2068 1253 1076 456 0 229 0
Current children cumulated CPU time: 0.08 s
Current children cumulated vsize: 25956 KiB
Current children cumulated memory: 17440 KiB

[startup+0.300525 s]*
/proc/loadavg: 47.00 54.25 60.55 50/2959 18
/proc/meminfo: memFree=372215928/527542240 swapFree=33461244/33554428
[pid=16] ppid=13 vsize=17684 memory=12428 CPUtime=0.04 cores=84-97,196-209
/proc/16/stat : 16 (python3) S 13 16 0 0 -1 4194304 1889 0 96 0 3 1 0 0 20 0 1 0 53232414 18108416 3107 67087892480 4194304 7154137 140724156724592 0 0 0 0 16781312 2 1 0 0 17 93 0 0 8 0 0 9727432 11029816 20955136 140724156730187 140724156730285 140724156730285 140724156731367 0
/proc/16/statm: 4421 3107 1498 723 0 2063 0
[pid=18] ppid=16 vsize=8912 memory=5620 CPUtime=0.14 cores=84-97,196-209
/proc/18/stat : 18 (bn4rust) R 16 16 0 0 -1 4194304 1325 0 18 0 14 0 0 0 20 0 1 0 53232427 9125888 1405 67087892480 94871653289984 94871655157105 140730895432576 0 0 0 0 4096 1088 0 0 0 17 96 0 0 1 0 0 94871655415168 94871655462104 94871665065984 140730895440654 140730895440790 140730895440790 140730895441889 0
/proc/18/statm: 2228 1405 1076 456 0 389 0
Current children cumulated CPU time: 0.18 s
Current children cumulated vsize: 26596 KiB
Current children cumulated memory: 18048 KiB

[startup+0.700222 s]
/proc/loadavg: 47.00 54.25 60.55 50/2959 18
/proc/meminfo: memFree=372229012/527542240 swapFree=33461244/33554428
[pid=16] ppid=13 vsize=17684 memory=12428 CPUtime=0.04 cores=84-97,196-209
/proc/16/stat : 16 (python3) S 13 16 0 0 -1 4194304 1889 0 96 0 3 1 0 0 20 0 1 0 53232414 18108416 3107 67087892480 4194304 7154137 140724156724592 0 0 0 0 16781312 2 1 0 0 17 93 0 0 8 0 0 9727432 11029816 20955136 140724156730187 140724156730285 140724156730285 140724156731367 0
/proc/16/statm: 4421 3107 1498 723 0 2063 0
[pid=18] ppid=16 vsize=10596 memory=6756 CPUtime=0.53 cores=84-97,196-209
/proc/18/stat : 18 (bn4rust) R 16 16 0 0 -1 4194304 5898 0 18 0 53 0 0 0 20 0 1 0 53232427 10850304 1689 67087892480 94871653289984 94871655157105 140730895432576 0 0 0 0 4096 1088 0 0 0 17 96 0 0 1 0 0 94871655415168 94871655462104 94871665065984 140730895440654 140730895440790 140730895440790 140730895441889 0
/proc/18/statm: 2649 1689 1076 456 0 810 0
Current children cumulated CPU time: 0.57 s
Current children cumulated vsize: 28280 KiB
Current children cumulated memory: 19184 KiB

[startup+1.50022 s]
/proc/loadavg: 47.00 54.25 60.55 50/2959 18
/proc/meminfo: memFree=372180040/527542240 swapFree=33461244/33554428
[pid=16] ppid=13 vsize=17684 memory=12428 CPUtime=0.04 cores=84-97,196-209
/proc/16/stat : 16 (python3) S 13 16 0 0 -1 4194304 1889 0 96 0 3 1 0 0 20 0 1 0 53232414 18108416 3107 67087892480 4194304 7154137 140724156724592 0 0 0 0 16781312 2 1 0 0 17 93 0 0 8 0 0 9727432 11029816 20955136 140724156730187 140724156730285 140724156730285 140724156731367 0
/proc/16/statm: 4421 3107 1498 723 0 2063 0
[pid=18] ppid=16 vsize=11700 memory=8084 CPUtime=1.33 cores=84-97,196-209
/proc/18/stat : 18 (bn4rust) R 16 16 0 0 -1 4194304 13679 0 18 0 132 1 0 0 20 0 1 0 53232427 11980800 2021 67087892480 94871653289984 94871655157105 140730895432576 0 0 0 0 4096 1088 0 0 0 17 96 0 0 1 0 0 94871655415168 94871655462104 94871665065984 140730895440654 140730895440790 140730895440790 140730895441889 0
/proc/18/statm: 2925 2021 1076 456 0 1086 0
Current children cumulated CPU time: 1.37 s
Current children cumulated vsize: 29384 KiB
Current children cumulated memory: 20512 KiB

[startup+3.10044 s]
/proc/loadavg: 47.24 54.18 60.49 50/2945 18
/proc/meminfo: memFree=371928356/527542240 swapFree=33461244/33554428
[pid=16] ppid=13 vsize=17684 memory=12428 CPUtime=0.04 cores=84-97,196-209
/proc/16/stat : 16 (python3) S 13 16 0 0 -1 4194304 1889 0 96 0 3 1 0 0 20 0 1 0 53232414 18108416 3107 67087892480 4194304 7154137 140724156724592 0 0 0 0 16781312 2 1 0 0 17 93 0 0 8 0 0 9727432 11029816 20955136 140724156730187 140724156730285 140724156730285 140724156731367 0
/proc/16/statm: 4421 3107 1498 723 0 2063 0
[pid=18] ppid=16 vsize=13908 memory=10436 CPUtime=2.93 cores=84-97,196-209
/proc/18/stat : 18 (bn4rust) R 16 16 0 0 -1 4194304 24283 0 18 0 290 3 0 0 20 0 1 0 53232427 14241792 2609 67087892480 94871653289984 94871655157105 140730895432576 0 0 0 0 4096 1088 0 0 0 17 96 0 0 1 0 0 94871655415168 94871655462104 94871665065984 140730895440654 140730895440790 140730895440790 140730895441889 0
/proc/18/statm: 3477 2609 1076 456 0 1638 0
Current children cumulated CPU time: 2.97 s
Current children cumulated vsize: 31592 KiB
Current children cumulated memory: 22864 KiB

[startup+6.30022 s]
/proc/loadavg: 47.24 54.18 60.49 50/2945 18
/proc/meminfo: memFree=371918488/527542240 swapFree=33461244/33554428
[pid=16] ppid=13 vsize=17684 memory=12428 CPUtime=0.04 cores=84-97,196-209
/proc/16/stat : 16 (python3) S 13 16 0 0 -1 4194304 1889 0 96 0 3 1 0 0 20 0 1 0 53232414 18108416 3107 67087892480 4194304 7154137 140724156724592 0 0 0 0 16781312 2 1 0 0 17 93 0 0 8 0 0 9727432 11029816 20955136 140724156730187 140724156730285 140724156730285 140724156731367 0
/proc/16/statm: 4421 3107 1498 723 0 2063 0
[pid=18] ppid=16 vsize=14228 memory=10700 CPUtime=6.11 cores=84-97,196-209
/proc/18/stat : 18 (bn4rust) R 16 16 0 0 -1 4194304 24321 0 18 0 608 3 0 0 20 0 1 0 53232427 14569472 2675 67087892480 94871653289984 94871655157105 140730895432576 0 0 0 0 4096 1088 0 0 0 17 96 0 0 1 0 0 94871655415168 94871655462104 94871665065984 140730895440654 140730895440790 140730895440790 140730895441889 0
/proc/18/statm: 3557 2675 1076 456 0 1718 0
Current children cumulated CPU time: 6.15 s
Current children cumulated vsize: 31912 KiB
Current children cumulated memory: 23128 KiB

[startup+9.91214 s]
# the end of solver process 16 was just reported to runsolver
# cumulated CPU time of all completed processes:  user=9.71967 s, system=0.048197 s

Solver just ended.
??? end of watcher thread
Dumping a history of the last processes samples

[startup+6.40034 s]
/proc/loadavg: 47.24 54.18 60.49 50/2945 18
/proc/meminfo: memFree=371918488/527542240 swapFree=33461244/33554428
[pid=16] ppid=13 vsize=17684 memory=12428 CPUtime=0.04 cores=84-97,196-209
/proc/16/stat : 16 (python3) S 13 16 0 0 -1 4194304 1889 0 96 0 3 1 0 0 20 0 1 0 53232414 18108416 3107 67087892480 4194304 7154137 140724156724592 0 0 0 0 16781312 2 1 0 0 17 93 0 0 8 0 0 9727432 11029816 20955136 140724156730187 140724156730285 140724156730285 140724156731367 0
/proc/16/statm: 4421 3107 1498 723 0 2063 0
[pid=18] ppid=16 vsize=14228 memory=10700 CPUtime=6.21 cores=84-97,196-209
/proc/18/stat : 18 (bn4rust) R 16 16 0 0 -1 4194304 24321 0 18 0 618 3 0 0 20 0 1 0 53232427 14569472 2675 67087892480 94871653289984 94871655157105 140730895432576 0 0 0 0 4096 1088 0 0 0 17 96 0 0 1 0 0 94871655415168 94871655462104 94871665065984 140730895440654 140730895440790 140730895440790 140730895441889 0
/proc/18/statm: 3557 2675 1076 456 0 1718 0
Current children cumulated CPU time: 6.25 s
Current children cumulated vsize: 31912 KiB
Current children cumulated memory: 23128 KiB

[startup+8.00022 s]*
/proc/loadavg: 47.46 54.11 60.44 51/2954 18
/proc/meminfo: memFree=372048656/527542240 swapFree=33461244/33554428
[pid=16] ppid=13 vsize=17684 memory=12428 CPUtime=0.04 cores=84-97,196-209
/proc/16/stat : 16 (python3) S 13 16 0 0 -1 4194304 1889 0 96 0 3 1 0 0 20 0 1 0 53232414 18108416 3107 67087892480 4194304 7154137 140724156724592 0 0 0 0 16781312 2 1 0 0 17 93 0 0 8 0 0 9727432 11029816 20955136 140724156730187 140724156730285 140724156730285 140724156731367 0
/proc/16/statm: 4421 3107 1498 723 0 2063 0
[pid=18] ppid=16 vsize=14228 memory=10700 CPUtime=7.81 cores=84-97,196-209
/proc/18/stat : 18 (bn4rust) R 16 16 0 0 -1 4194304 24321 0 18 0 778 3 0 0 20 0 1 0 53232427 14569472 2675 67087892480 94871653289984 94871655157105 140730895432576 0 0 0 0 4096 1088 0 0 0 17 96 0 0 1 0 0 94871655415168 94871655462104 94871665065984 140730895440654 140730895440790 140730895440790 140730895441889 0
/proc/18/statm: 3557 2675 1076 456 0 1718 0
Current children cumulated CPU time: 7.85 s
Current children cumulated vsize: 31912 KiB
Current children cumulated memory: 23128 KiB

[startup+8.80022 s]
/proc/loadavg: 47.46 54.11 60.44 51/2954 18
/proc/meminfo: memFree=372048656/527542240 swapFree=33461244/33554428
[pid=16] ppid=13 vsize=17684 memory=12428 CPUtime=0.04 cores=84-97,196-209
/proc/16/stat : 16 (python3) S 13 16 0 0 -1 4194304 1889 0 96 0 3 1 0 0 20 0 1 0 53232414 18108416 3107 67087892480 4194304 7154137 140724156724592 0 0 0 0 16781312 2 1 0 0 17 93 0 0 8 0 0 9727432 11029816 20955136 140724156730187 140724156730285 140724156730285 140724156731367 0
/proc/16/statm: 4421 3107 1498 723 0 2063 0
[pid=18] ppid=16 vsize=14228 memory=10700 CPUtime=8.6 cores=84-97,196-209
/proc/18/stat : 18 (bn4rust) R 16 16 0 0 -1 4194304 24321 0 18 0 857 3 0 0 20 0 1 0 53232427 14569472 2675 67087892480 94871653289984 94871655157105 140730895432576 0 0 0 0 4096 1088 0 0 0 17 96 0 0 1 0 0 94871655415168 94871655462104 94871665065984 140730895440654 140730895440790 140730895440790 140730895441889 0
/proc/18/statm: 3557 2675 1076 456 0 1718 0
Current children cumulated CPU time: 8.64 s
Current children cumulated vsize: 31912 KiB
Current children cumulated memory: 23128 KiB

[startup+9.60022 s]
/proc/loadavg: 47.46 54.11 60.44 52/2986 18
/proc/meminfo: memFree=371793080/527542240 swapFree=33461244/33554428
[pid=16] ppid=13 vsize=17684 memory=12428 CPUtime=0.04 cores=84-97,196-209
/proc/16/stat : 16 (python3) S 13 16 0 0 -1 4194304 1889 0 96 0 3 1 0 0 20 0 1 0 53232414 18108416 3107 67087892480 4194304 7154137 140724156724592 0 0 0 0 16781312 2 1 0 0 17 93 0 0 8 0 0 9727432 11029816 20955136 140724156730187 140724156730285 140724156730285 140724156731367 0
/proc/16/statm: 4421 3107 1498 723 0 2063 0
[pid=18] ppid=16 vsize=14228 memory=10700 CPUtime=9.4 cores=84-97,196-209
/proc/18/stat : 18 (bn4rust) R 16 16 0 0 -1 4194304 24321 0 18 0 937 3 0 0 20 0 1 0 53232427 14569472 2675 67087892480 94871653289984 94871655157105 140730895432576 0 0 0 0 4096 1088 0 0 0 17 96 0 0 1 0 0 94871655415168 94871655462104 94871665065984 140730895440654 140730895440790 140730895440790 140730895441889 0
/proc/18/statm: 3557 2675 1076 456 0 1718 0
Current children cumulated CPU time: 9.44 s
Current children cumulated vsize: 31912 KiB
Current children cumulated memory: 23128 KiB

[startup+9.80021 s]
/proc/loadavg: 47.46 54.11 60.44 52/2986 18
/proc/meminfo: memFree=371793080/527542240 swapFree=33461244/33554428
[pid=16] ppid=13 vsize=17684 memory=12428 CPUtime=0.04 cores=84-97,196-209
/proc/16/stat : 16 (python3) S 13 16 0 0 -1 4194304 1889 0 96 0 3 1 0 0 20 0 1 0 53232414 18108416 3107 67087892480 4194304 7154137 140724156724592 0 0 0 0 16781312 2 1 0 0 17 93 0 0 8 0 0 9727432 11029816 20955136 140724156730187 140724156730285 140724156730285 140724156731367 0
/proc/16/statm: 4421 3107 1498 723 0 2063 0
[pid=18] ppid=16 vsize=14228 memory=10700 CPUtime=9.6 cores=84-97,196-209
/proc/18/stat : 18 (bn4rust) R 16 16 0 0 -1 4194304 24321 0 18 0 957 3 0 0 20 0 1 0 53232427 14569472 2675 67087892480 94871653289984 94871655157105 140730895432576 0 0 0 0 4096 1088 0 0 0 17 96 0 0 1 0 0 94871655415168 94871655462104 94871665065984 140730895440654 140730895440790 140730895440790 140730895441889 0
/proc/18/statm: 3557 2675 1076 456 0 1718 0
Current children cumulated CPU time: 9.64 s
Current children cumulated vsize: 31912 KiB
Current children cumulated memory: 23128 KiB

[startup+9.90022 s]
/proc/loadavg: 47.46 54.11 60.44 52/2986 18
/proc/meminfo: memFree=371793080/527542240 swapFree=33461244/33554428
[pid=16] ppid=13 vsize=17684 memory=12428 CPUtime=0.04 cores=84-97,196-209
/proc/16/stat : 16 (python3) S 13 16 0 0 -1 4194304 1889 0 96 0 3 1 0 0 20 0 1 0 53232414 18108416 3107 67087892480 4194304 7154137 140724156724592 0 0 0 0 16781312 2 1 0 0 17 93 0 0 8 0 0 9727432 11029816 20955136 140724156730187 140724156730285 140724156730285 140724156731367 0
/proc/16/statm: 4421 3107 1498 723 0 2063 0
[pid=18] ppid=16 vsize=14212 memory=10836 CPUtime=9.7 cores=84-97,196-209
/proc/18/stat : 18 (bn4rust) D 16 16 0 0 -1 4194304 24324 0 19 0 967 3 0 0 20 0 1 0 53232427 14553088 2709 67087892480 94871653289984 94871655157105 140730895432576 0 0 0 0 4096 1088 0 0 0 17 96 0 0 1 0 0 94871655415168 94871655462104 94871665065984 140730895440654 140730895440790 140730895440790 140730895441889 0
/proc/18/statm: 3553 2709 1093 456 0 1715 0
Current children cumulated CPU time: 9.74 s
Current children cumulated vsize: 31896 KiB
Current children cumulated memory: 23264 KiB

Child status: 0
Real time (s): 9.91222
CPU time (s): 9.76787
CPU user time (s): 9.71967
CPU system time (s): 0.048197
CPU usage (%): 98.5436
Max. virtual memory (cumulated for all children) (KiB): 31912
Max. memory (cumulated for all children) (KiB): 23264

getrusage(RUSAGE_CHILDREN,...) data:
user time used= 9.71967
system time used= 0.048197
maximum resident set size= 12564
integral shared memory size= 0
integral unshared data size= 0
integral unshared stack size= 0
page reclaims= 26232
page faults= 116
swaps= 0
block input operations= 19800
block output operations= 0
messages sent= 0
messages received= 0
signals received= 0
voluntary context switches= 1043
involuntary context switches= 21


# summary of solver processes directly reported to runsolver:
#   pid: 16
#   total CPU time (s): 9.76787
#   total CPU user time (s): 9.71967
#   total CPU system time (s): 0.048197

??? join timestamper begins
??? join timestamper ends
??? end of timestamper thread
runsolver used 0.006284 second user time and 0.019035 second system time

The end
