runsolver version 3.4.1 (svn: 3018) Copyright (C) 2010-2013 Olivier ROUSSEL

This program is distributed in the hope that it will be useful,
but WITHOUT ANY WARRANTY; without even the implied warranty of
MERCHANTABILITY or FITNESS FOR A PARTICULAR PURPOSE.  See the
GNU General Public License for more details.

NUMA information:
  number of nodes: 8
  memory of node 0: 63700 MiB (57768 MiB free)
  memory of node 1: 64504 MiB (63027 MiB free)
  memory of node 2: 64461 MiB (54858 MiB free)
  memory of node 3: 64504 MiB (57755 MiB free)
  memory of node 4: 64504 MiB (34407 MiB free)
  memory of node 5: 64504 MiB (51767 MiB free)
  memory of node 6: 64504 MiB (63825 MiB free)
  memory of node 7: 64491 MiB (61743 MiB free)
  node distances:
     10  12  12  12  21  21  21  21
     12  10  12  12  21  21  21  21
     12  12  10  12  21  21  21  21
     12  12  12  10  21  21  21  21
     21  21  21  21  10  12  12  12
     21  21  21  21  12  10  12  12
     21  21  21  21  12  12  10  12
     21  21  21  21  12  12  12  10

command line: /usr/local/bin/runsolver --timestamp -w /output/runsolver-watch.log -v /output/runsolver-values.log -o /output/solver-output.log -C 1800.0 -W 1800.0 -R 64000 /opt/solver/run_bn4rust.py --mode cyber-complement-gfp-plus-dependency-order --instance /input/model_004.bnet 

running on 28 cores: 12-25,124-137

Enforcing CPUTime limit (soft limit, will send SIGTERM then SIGKILL): 1800 seconds
Enforcing CPUTime limit (hard limit, will send SIGXCPU): 1830 seconds
Enforcing wall clock limit (soft limit, will send SIGTERM then SIGKILL): 1800 seconds
Enforcing RSS+Swap limit (soft limit, will send SIGTERM then SIGKILL): 65536000 KiB
Linux 4.18.0-553.159.1.el8_10.x86_64
solver pid=16, runsolver pid=13
Current StackSize limit: 18014398509481983 KiB


[startup+0.100086 s]*
/proc/loadavg: 55.73 56.93 62.74 57/2901 17
/proc/meminfo: memFree=455994496/527542220 swapFree=33429500/33554428
[pid=16] ppid=13 vsize=15748 memory=9984 CPUtime=0.01 cores=12-25,124-137
/proc/16/stat : 16 (python3) D 13 16 0 0 -1 4194304 1367 0 81 0 1 0 0 0 20 0 1 0 53545063 16125952 2496 67087892480 4194304 7154137 140727610254672 0 0 0 0 16781312 2 0 0 0 17 12 0 0 6 0 0 9727432 11029816 39202816 140727610260279 140727610260397 140727610260397 140727610261479 0
/proc/16/statm: 3937 2496 1395 723 0 1673 0
Current children cumulated CPU time: 0.01 s
Current children cumulated vsize: 15748 KiB
Current children cumulated memory: 9984 KiB

[startup+0.200787 s]*
/proc/loadavg: 55.73 56.93 62.74 57/2902 18
/proc/meminfo: memFree=455974484/527542220 swapFree=33429500/33554428
[pid=16] ppid=13 vsize=17684 memory=12420 CPUtime=0.03 cores=12-25,124-137
/proc/16/stat : 16 (python3) S 13 16 0 0 -1 4194304 1897 0 96 0 3 0 0 0 20 0 1 0 53545063 18108416 3105 67087892480 4194304 7154137 140727610254672 0 0 0 0 16781312 2 1 0 0 17 12 0 0 8 0 0 9727432 11029816 39202816 140727610260279 140727610260397 140727610260397 140727610261479 0
/proc/16/statm: 4421 3105 1511 723 0 2063 0
[pid=18] ppid=16 vsize=16964 memory=12496 CPUtime=0.03 cores=12-25,124-137
/proc/18/stat : 18 (bn4rust) R 16 16 0 0 -1 4194304 3281 0 18 0 2 1 0 0 20 0 1 0 53545077 17371136 3124 67087892480 94920409079808 94920410946929 140722750418576 0 0 0 0 4096 1088 0 0 0 17 125 0 0 1 0 0 94920411204992 94920411251928 94920423391232 140722750421754 140722750421910 140722750421910 140722750423009 0
/proc/18/statm: 4241 3124 1069 456 0 2402 0
Current children cumulated CPU time: 0.06 s
Current children cumulated vsize: 34648 KiB
Current children cumulated memory: 24916 KiB

[startup+0.300722 s]*
/proc/loadavg: 55.73 56.93 62.74 57/2902 18
/proc/meminfo: memFree=455960748/527542220 swapFree=33429500/33554428
[pid=16] ppid=13 vsize=17684 memory=12420 CPUtime=0.03 cores=12-25,124-137
/proc/16/stat : 16 (python3) S 13 16 0 0 -1 4194304 1897 0 96 0 3 0 0 0 20 0 1 0 53545063 18108416 3105 67087892480 4194304 7154137 140727610254672 0 0 0 0 16781312 2 1 0 0 17 12 0 0 8 0 0 9727432 11029816 39202816 140727610260279 140727610260397 140727610260397 140727610261479 0
/proc/16/statm: 4421 3105 1511 723 0 2063 0
[pid=18] ppid=16 vsize=24292 memory=20076 CPUtime=0.12 cores=12-25,124-137
/proc/18/stat : 18 (bn4rust) R 16 16 0 0 -1 4194304 9401 0 18 0 11 1 0 0 20 0 1 0 53545077 24875008 5019 67087892480 94920409079808 94920410946929 140722750418576 0 0 0 0 4096 1088 0 0 0 17 125 0 0 1 0 0 94920411204992 94920411251928 94920423391232 140722750421754 140722750421910 140722750421910 140722750423009 0
/proc/18/statm: 6073 5019 1069 456 0 4234 0
Current children cumulated CPU time: 0.15 s
Current children cumulated vsize: 41976 KiB
Current children cumulated memory: 32496 KiB

[startup+0.700349 s]
/proc/loadavg: 55.73 56.93 62.74 57/2904 18
/proc/meminfo: memFree=456874496/527542220 swapFree=33429500/33554428
[pid=16] ppid=13 vsize=17684 memory=12420 CPUtime=0.03 cores=12-25,124-137
/proc/16/stat : 16 (python3) S 13 16 0 0 -1 4194304 1897 0 96 0 3 0 0 0 20 0 1 0 53545063 18108416 3105 67087892480 4194304 7154137 140727610254672 0 0 0 0 16781312 2 1 0 0 17 12 0 0 8 0 0 9727432 11029816 39202816 140727610260279 140727610260397 140727610260397 140727610261479 0
/proc/16/statm: 4421 3105 1511 723 0 2063 0
[pid=18] ppid=16 vsize=161452 memory=133740 CPUtime=0.53 cores=12-25,124-137
/proc/18/stat : 18 (bn4rust) R 16 16 0 0 -1 4194304 17908 0 18 0 48 5 0 0 20 0 1 0 53545077 165326848 33435 67087892480 94920409079808 94920410946929 140722750418576 0 0 0 0 4096 1088 0 0 0 17 125 0 0 1 0 0 94920411204992 94920411251928 94920423391232 140722750421754 140722750421910 140722750421910 140722750423009 0
/proc/18/statm: 40363 33435 1069 456 0 38524 0
Current children cumulated CPU time: 0.56 s
Current children cumulated vsize: 179136 KiB
Current children cumulated memory: 146160 KiB

[startup+1.50032 s]
/proc/loadavg: 55.73 56.93 62.74 57/2904 18
/proc/meminfo: memFree=456657492/527542220 swapFree=33429500/33554428
[pid=16] ppid=13 vsize=17684 memory=12420 CPUtime=0.03 cores=12-25,124-137
/proc/16/stat : 16 (python3) S 13 16 0 0 -1 4194304 1897 0 96 0 3 0 0 0 20 0 1 0 53545063 18108416 3105 67087892480 4194304 7154137 140727610254672 0 0 0 0 16781312 2 1 0 0 17 12 0 0 8 0 0 9727432 11029816 39202816 140727610260279 140727610260397 140727610260397 140727610261479 0
/proc/16/statm: 4421 3105 1511 723 0 2063 0
[pid=18] ppid=16 vsize=252396 memory=213872 CPUtime=1.32 cores=12-25,124-137
/proc/18/stat : 18 (bn4rust) R 16 16 0 0 -1 4194304 25736 0 18 0 123 9 0 0 20 0 1 0 53545077 258453504 53468 67087892480 94920409079808 94920410946929 140722750418576 0 0 0 0 4096 1088 0 0 0 17 13 0 0 1 0 0 94920411204992 94920411251928 94920423391232 140722750421754 140722750421910 140722750421910 140722750423009 0
/proc/18/statm: 63099 53468 1069 456 0 61260 0
Current children cumulated CPU time: 1.35 s
Current children cumulated vsize: 270080 KiB
Current children cumulated memory: 226292 KiB

[startup+3.10056 s]
/proc/loadavg: 55.75 56.91 62.70 57/2905 18
/proc/meminfo: memFree=455944148/527542220 swapFree=33429500/33554428
[pid=16] ppid=13 vsize=17684 memory=12420 CPUtime=0.03 cores=12-25,124-137
/proc/16/stat : 16 (python3) S 13 16 0 0 -1 4194304 1897 0 96 0 3 0 0 0 20 0 1 0 53545063 18108416 3105 67087892480 4194304 7154137 140727610254672 0 0 0 0 16781312 2 1 0 0 17 12 0 0 8 0 0 9727432 11029816 39202816 140727610260279 140727610260397 140727610260397 140727610261479 0
/proc/16/statm: 4421 3105 1511 723 0 2063 0
[pid=18] ppid=16 vsize=472604 memory=375528 CPUtime=2.92 cores=12-25,124-137
/proc/18/stat : 18 (bn4rust) R 16 16 0 0 -1 4194304 31139 0 18 0 276 16 0 0 20 0 1 0 53545077 483946496 93882 67087892480 94920409079808 94920410946929 140722750418576 0 0 0 0 4096 1088 0 0 0 17 13 0 0 1 0 0 94920411204992 94920411251928 94920423391232 140722750421754 140722750421910 140722750421910 140722750423009 0
/proc/18/statm: 118151 93882 1069 456 0 116312 0
Current children cumulated CPU time: 2.95 s
Current children cumulated vsize: 490288 KiB
Current children cumulated memory: 387948 KiB

[startup+6.30032 s]
/proc/loadavg: 55.75 56.91 62.70 57/2905 18
/proc/meminfo: memFree=455850476/527542220 swapFree=33429500/33554428
[pid=16] ppid=13 vsize=17684 memory=12420 CPUtime=0.03 cores=12-25,124-137
/proc/16/stat : 16 (python3) S 13 16 0 0 -1 4194304 1897 0 96 0 3 0 0 0 20 0 1 0 53545063 18108416 3105 67087892480 4194304 7154137 140727610254672 0 0 0 0 16781312 2 1 0 0 17 12 0 0 8 0 0 9727432 11029816 39202816 140727610260279 140727610260397 140727610260397 140727610261479 0
/proc/16/statm: 4421 3105 1511 723 0 2063 0
[pid=18] ppid=16 vsize=475672 memory=387536 CPUtime=6.11 cores=12-25,124-137
/proc/18/stat : 18 (bn4rust) R 16 16 0 0 -1 4194304 43524 0 18 0 583 28 0 0 20 0 1 0 53545077 487088128 96884 67087892480 94920409079808 94920410946929 140722750418576 0 0 0 0 4096 1088 0 0 0 17 13 0 0 1 0 0 94920411204992 94920411251928 94920423391232 140722750421754 140722750421910 140722750421910 140722750423009 0
/proc/18/statm: 118918 96884 1069 456 0 117079 0
Current children cumulated CPU time: 6.14 s
Current children cumulated vsize: 493356 KiB
Current children cumulated memory: 399956 KiB

[startup+12.7003 s]
/proc/loadavg: 55.79 56.88 62.63 57/2903 18
/proc/meminfo: memFree=455847852/527542220 swapFree=33429500/33554428
[pid=16] ppid=13 vsize=17684 memory=12420 CPUtime=0.03 cores=12-25,124-137
/proc/16/stat : 16 (python3) S 13 16 0 0 -1 4194304 1897 0 96 0 3 0 0 0 20 0 1 0 53545063 18108416 3105 67087892480 4194304 7154137 140727610254672 0 0 0 0 16781312 2 1 0 0 17 12 0 0 8 0 0 9727432 11029816 39202816 140727610260279 140727610260397 140727610260397 140727610261479 0
/proc/16/statm: 4421 3105 1511 723 0 2063 0
[pid=18] ppid=16 vsize=873064 memory=694748 CPUtime=12.48 cores=12-25,124-137
/proc/18/stat : 18 (bn4rust) R 16 16 0 0 -1 4194304 53405 0 18 0 1201 47 0 0 20 0 1 0 53545077 894017536 173687 67087892480 94920409079808 94920410946929 140722750418576 0 0 0 0 4096 1088 0 0 0 17 13 0 0 1 0 0 94920411204992 94920411251928 94920423391232 140722750421754 140722750421910 140722750421910 140722750423009 0
/proc/18/statm: 218266 173687 1069 456 0 216427 0
Current children cumulated CPU time: 12.51 s
Current children cumulated vsize: 890748 KiB
Current children cumulated memory: 707168 KiB

[startup+25.5003 s]
/proc/loadavg: 55.82 56.85 62.56 57/2903 18
/proc/meminfo: memFree=455294512/527542220 swapFree=33429500/33554428
[pid=16] ppid=13 vsize=17684 memory=12420 CPUtime=0.03 cores=12-25,124-137
/proc/16/stat : 16 (python3) S 13 16 0 0 -1 4194304 1897 0 96 0 3 0 0 0 20 0 1 0 53545063 18108416 3105 67087892480 4194304 7154137 140727610254672 0 0 0 0 16781312 2 1 0 0 17 12 0 0 8 0 0 9727432 11029816 39202816 140727610260279 140727610260397 140727610260397 140727610261479 0
/proc/16/statm: 4421 3105 1511 723 0 2063 0
[pid=18] ppid=16 vsize=1452668 memory=1277352 CPUtime=25.24 cores=12-25,124-137
/proc/18/stat : 18 (bn4rust) R 16 16 0 0 -1 4194304 63592 0 18 0 2435 89 0 0 20 0 1 0 53545077 1487532032 319338 67087892480 94920409079808 94920410946929 140722750418576 0 0 0 0 4096 1088 0 0 0 17 125 0 0 1 0 0 94920411204992 94920411251928 94920423391232 140722750421754 140722750421910 140722750421910 140722750423009 0
/proc/18/statm: 363167 319338 1069 456 0 361328 0
Current children cumulated CPU time: 25.27 s
Current children cumulated vsize: 1470352 KiB
Current children cumulated memory: 1289772 KiB

[startup+51.1006 s]
/proc/loadavg: 55.89 56.78 62.38 57/2903 18
/proc/meminfo: memFree=454070580/527542220 swapFree=33429500/33554428
[pid=16] ppid=13 vsize=17684 memory=12420 CPUtime=0.03 cores=12-25,124-137
/proc/16/stat : 16 (python3) S 13 16 0 0 -1 4194304 1897 0 96 0 3 0 0 0 20 0 1 0 53545063 18108416 3105 67087892480 4194304 7154137 140727610254672 0 0 0 0 16781312 2 1 0 0 17 12 0 0 8 0 0 9727432 11029816 39202816 140727610260279 140727610260397 140727610260397 140727610261479 0
/proc/16/statm: 4421 3105 1511 723 0 2063 0
[pid=18] ppid=16 vsize=3057692 memory=2605908 CPUtime=50.73 cores=12-25,124-137
/proc/18/stat : 18 (bn4rust) R 16 16 0 0 -1 4194304 75543 0 18 0 4917 156 0 0 20 0 1 0 53545077 3131076608 651477 67087892480 94920409079808 94920410946929 140722750418576 0 0 0 0 4096 1088 0 0 0 17 13 0 0 1 0 0 94920411204992 94920411251928 94920423391232 140722750421754 140722750421910 140722750421910 140722750423009 0
/proc/18/statm: 764423 651477 1069 456 0 762584 0
Current children cumulated CPU time: 50.76 s
Current children cumulated vsize: 3075376 KiB
Current children cumulated memory: 2618328 KiB

[startup+102.3 s]
/proc/loadavg: 55.96 56.65 62.01 57/2903 18
/proc/meminfo: memFree=453055256/527542220 swapFree=33429500/33554428
[pid=16] ppid=13 vsize=17684 memory=12420 CPUtime=0.03 cores=12-25,124-137
/proc/16/stat : 16 (python3) S 13 16 0 0 -1 4194304 1897 0 96 0 3 0 0 0 20 0 1 0 53545063 18108416 3105 67087892480 4194304 7154137 140727610254672 0 0 0 0 16781312 2 1 0 0 17 12 0 0 8 0 0 9727432 11029816 39202816 140727610260279 140727610260397 140727610260397 140727610261479 0
/proc/16/statm: 4421 3105 1511 723 0 2063 0
[pid=18] ppid=16 vsize=5621244 memory=3938840 CPUtime=101.73 cores=12-25,124-137
/proc/18/stat : 18 (bn4rust) R 16 16 0 0 -1 4194304 91291 0 18 0 9926 247 0 0 20 0 1 0 53545077 5756153856 984710 67087892480 94920409079808 94920410946929 140722750418576 0 0 0 0 4096 1088 0 0 0 17 13 0 0 1 0 0 94920411204992 94920411251928 94920423391232 140722750421754 140722750421910 140722750421910 140722750423009 0
/proc/18/statm: 1405311 984710 1069 456 0 1403472 0
Current children cumulated CPU time: 101.76 s
Current children cumulated vsize: 5638928 KiB
Current children cumulated memory: 3951260 KiB

[startup+162.3 s]
/proc/loadavg: 55.99 56.53 61.63 57/2903 18
/proc/meminfo: memFree=453205476/527542220 swapFree=33429500/33554428
[pid=16] ppid=13 vsize=17684 memory=12420 CPUtime=0.03 cores=12-25,124-137
/proc/16/stat : 16 (python3) S 13 16 0 0 -1 4194304 1897 0 96 0 3 0 0 0 20 0 1 0 53545063 18108416 3105 67087892480 4194304 7154137 140727610254672 0 0 0 0 16781312 2 1 0 0 17 12 0 0 8 0 0 9727432 11029816 39202816 140727610260279 140727610260397 140727610260397 140727610261479 0
/proc/16/statm: 4421 3105 1511 723 0 2063 0
[pid=18] ppid=16 vsize=4039208 memory=3192280 CPUtime=161.49 cores=12-25,124-137
/proc/18/stat : 18 (bn4rust) R 16 16 0 0 -1 4194304 110252 0 18 0 15763 386 0 0 20 0 1 0 53545077 4136148992 798070 67087892480 94920409079808 94920410946929 140722750418576 0 0 0 0 4096 1088 0 0 0 17 125 0 0 1 0 0 94920411204992 94920411251928 94920423391232 140722750421754 140722750421910 140722750421910 140722750423009 0
/proc/18/statm: 1009802 798070 1069 456 0 1007963 0
Current children cumulated CPU time: 161.52 s
Current children cumulated vsize: 4056892 KiB
Current children cumulated memory: 3204700 KiB

[startup+222.3 s]
/proc/loadavg: 55.92 56.41 61.27 56/2868 18
/proc/meminfo: memFree=452338856/527542220 swapFree=33429500/33554428
[pid=16] ppid=13 vsize=17684 memory=12420 CPUtime=0.03 cores=12-25,124-137
/proc/16/stat : 16 (python3) S 13 16 0 0 -1 4194304 1897 0 96 0 3 0 0 0 20 0 1 0 53545063 18108416 3105 67087892480 4194304 7154137 140727610254672 0 0 0 0 16781312 2 1 0 0 17 12 0 0 8 0 0 9727432 11029816 39202816 140727610260279 140727610260397 140727610260397 140727610261479 0
/proc/16/statm: 4421 3105 1511 723 0 2063 0
[pid=18] ppid=16 vsize=5622148 memory=5011908 CPUtime=221.24 cores=12-25,124-137
/proc/18/stat : 18 (bn4rust) R 16 16 0 0 -1 4194304 130044 0 18 0 21577 547 0 0 20 0 1 0 53545077 5757079552 1252977 67087892480 94920409079808 94920410946929 140722750418576 0 0 0 0 4096 1088 0 0 0 17 125 0 0 1 0 0 94920411204992 94920411251928 94920423391232 140722750421754 140722750421910 140722750421910 140722750423009 0
/proc/18/statm: 1405537 1252977 1069 456 0 1403698 0
Current children cumulated CPU time: 221.27 s
Current children cumulated vsize: 5639832 KiB
Current children cumulated memory: 5024328 KiB

[startup+282.3 s]
/proc/loadavg: 55.90 56.31 60.93 57/2908 18
/proc/meminfo: memFree=452559052/527542220 swapFree=33429500/33554428
[pid=16] ppid=13 vsize=17684 memory=12420 CPUtime=0.03 cores=12-25,124-137
/proc/16/stat : 16 (python3) S 13 16 0 0 -1 4194304 1897 0 96 0 3 0 0 0 20 0 1 0 53545063 18108416 3105 67087892480 4194304 7154137 140727610254672 0 0 0 0 16781312 2 1 0 0 17 12 0 0 8 0 0 9727432 11029816 39202816 140727610260279 140727610260397 140727610260397 140727610261479 0
/proc/16/statm: 4421 3105 1511 723 0 2063 0
[pid=18] ppid=16 vsize=6814520 memory=5660964 CPUtime=281 cores=12-25,124-137
/proc/18/stat : 18 (bn4rust) R 16 16 0 0 -1 4194304 143874 0 18 0 27445 655 0 0 20 0 1 0 53545077 6978068480 1415241 67087892480 94920409079808 94920410946929 140722750418576 0 0 0 0 4096 1088 0 0 0 17 13 0 0 1 0 0 94920411204992 94920411251928 94920423391232 140722750421754 140722750421910 140722750421910 140722750423009 0
/proc/18/statm: 1703630 1415241 1069 456 0 1701791 0
Current children cumulated CPU time: 281.03 s
Current children cumulated vsize: 6832204 KiB
Current children cumulated memory: 5673384 KiB

[startup+342.3 s]
/proc/loadavg: 56.04 56.26 60.62 57/2907 18
/proc/meminfo: memFree=451627472/527542220 swapFree=33429500/33554428
[pid=16] ppid=13 vsize=17684 memory=12420 CPUtime=0.03 cores=12-25,124-137
/proc/16/stat : 16 (python3) S 13 16 0 0 -1 4194304 1897 0 96 0 3 0 0 0 20 0 1 0 53545063 18108416 3105 67087892480 4194304 7154137 140727610254672 0 0 0 0 16781312 2 1 0 0 17 12 0 0 8 0 0 9727432 11029816 39202816 140727610260279 140727610260397 140727610260397 140727610261479 0
/proc/16/statm: 4421 3105 1511 723 0 2063 0
[pid=18] ppid=16 vsize=6664740 memory=5511608 CPUtime=340.76 cores=12-25,124-137
/proc/18/stat : 18 (bn4rust) R 16 16 0 0 -1 4194304 160972 0 18 0 33246 830 0 0 20 0 1 0 53545077 6824693760 1377902 67087892480 94920409079808 94920410946929 140722750418576 0 0 0 0 4096 1088 0 0 0 17 13 0 0 1 0 0 94920411204992 94920411251928 94920423391232 140722750421754 140722750421910 140722750421910 140722750423009 0
/proc/18/statm: 1666185 1377902 1069 456 0 1664346 0
Current children cumulated CPU time: 340.79 s
Current children cumulated vsize: 6682424 KiB
Current children cumulated memory: 5524028 KiB

[startup+402.3 s]
/proc/loadavg: 56.01 56.21 60.33 57/2908 18
/proc/meminfo: memFree=447846852/527542220 swapFree=33429500/33554428
[pid=16] ppid=13 vsize=17684 memory=12420 CPUtime=0.03 cores=12-25,124-137
/proc/16/stat : 16 (python3) S 13 16 0 0 -1 4194304 1897 0 96 0 3 0 0 0 20 0 1 0 53545063 18108416 3105 67087892480 4194304 7154137 140727610254672 0 0 0 0 16781312 2 1 0 0 17 12 0 0 8 0 0 9727432 11029816 39202816 140727610260279 140727610260397 140727610260397 140727610261479 0
/proc/16/statm: 4421 3105 1511 723 0 2063 0
[pid=18] ppid=16 vsize=11190248 memory=9976416 CPUtime=400.52 cores=12-25,124-137
/proc/18/stat : 18 (bn4rust) R 16 16 0 0 -1 4194304 178645 0 18 0 39041 1011 0 0 20 0 1 0 53545077 11458813952 2494104 67087892480 94920409079808 94920410946929 140722750418576 0 0 0 0 4096 1088 0 0 0 17 13 0 0 1 0 0 94920411204992 94920411251928 94920423391232 140722750421754 140722750421910 140722750421910 140722750423009 0
/proc/18/statm: 2797562 2494104 1069 456 0 2795723 0
Current children cumulated CPU time: 400.55 s
Current children cumulated vsize: 11207932 KiB
Current children cumulated memory: 9988836 KiB

[startup+462.3 s]
/proc/loadavg: 56.11 56.22 60.07 57/2909 18
/proc/meminfo: memFree=447193092/527542220 swapFree=33429500/33554428
[pid=16] ppid=13 vsize=17684 memory=12420 CPUtime=0.03 cores=12-25,124-137
/proc/16/stat : 16 (python3) S 13 16 0 0 -1 4194304 1897 0 96 0 3 0 0 0 20 0 1 0 53545063 18108416 3105 67087892480 4194304 7154137 140727610254672 0 0 0 0 16781312 2 1 0 0 17 12 0 0 8 0 0 9727432 11029816 39202816 140727610260279 140727610260397 140727610260397 140727610261479 0
/proc/16/statm: 4421 3105 1511 723 0 2063 0
[pid=18] ppid=16 vsize=11979132 memory=10416572 CPUtime=460.28 cores=12-25,124-137
/proc/18/stat : 18 (bn4rust) R 16 16 0 0 -1 4194304 190600 0 18 0 44914 1114 0 0 20 0 1 0 53545077 12266631168 2604143 67087892480 94920409079808 94920410946929 140722750418576 0 0 0 0 4096 1088 0 0 0 17 13 0 0 1 0 0 94920411204992 94920411251928 94920423391232 140722750421754 140722750421910 140722750421910 140722750423009 0
/proc/18/statm: 2994783 2604143 1069 456 0 2992944 0
Current children cumulated CPU time: 460.31 s
Current children cumulated vsize: 11996816 KiB
Current children cumulated memory: 10428992 KiB

[startup+522.3 s]
/proc/loadavg: 56.11 56.19 59.82 57/2909 18
/proc/meminfo: memFree=451713748/527542220 swapFree=33429500/33554428
[pid=16] ppid=13 vsize=17684 memory=12420 CPUtime=0.03 cores=12-25,124-137
/proc/16/stat : 16 (python3) S 13 16 0 0 -1 4194304 1897 0 96 0 3 0 0 0 20 0 1 0 53545063 18108416 3105 67087892480 4194304 7154137 140727610254672 0 0 0 0 16781312 2 1 0 0 17 12 0 0 8 0 0 9727432 11029816 39202816 140727610260279 140727610260397 140727610260397 140727610261479 0
/proc/16/statm: 4421 3105 1511 723 0 2063 0
[pid=18] ppid=16 vsize=7213852 memory=5998620 CPUtime=520.05 cores=12-25,124-137
/proc/18/stat : 18 (bn4rust) R 16 16 0 0 -1 4194304 204627 0 18 0 50782 1223 0 0 20 0 1 0 53545077 7386984448 1499655 67087892480 94920409079808 94920410946929 140722750418576 0 0 0 0 4096 1088 0 0 0 17 13 0 0 1 0 0 94920411204992 94920411251928 94920423391232 140722750421754 140722750421910 140722750421910 140722750423009 0
/proc/18/statm: 1803463 1499655 1069 456 0 1801624 0
Current children cumulated CPU time: 520.08 s
Current children cumulated vsize: 7231536 KiB
Current children cumulated memory: 6011040 KiB

[startup+582.3 s]
/proc/loadavg: 56.04 56.15 59.58 57/2902 18
/proc/meminfo: memFree=452106580/527542220 swapFree=33429500/33554428
[pid=16] ppid=13 vsize=17684 memory=12420 CPUtime=0.03 cores=12-25,124-137
/proc/16/stat : 16 (python3) S 13 16 0 0 -1 4194304 1897 0 96 0 3 0 0 0 20 0 1 0 53545063 18108416 3105 67087892480 4194304 7154137 140727610254672 0 0 0 0 16781312 2 1 0 0 17 12 0 0 8 0 0 9727432 11029816 39202816 140727610260279 140727610260397 140727610260397 140727610261479 0
/proc/16/statm: 4421 3105 1511 723 0 2063 0
[pid=18] ppid=16 vsize=6735004 memory=5373028 CPUtime=579.83 cores=12-25,124-137
/proc/18/stat : 18 (bn4rust) R 16 16 0 0 -1 4194304 218805 0 18 0 56650 1333 0 0 20 0 1 0 53545077 6896644096 1343257 67087892480 94920409079808 94920410946929 140722750418576 0 0 0 0 4096 1088 0 0 0 17 13 0 0 1 0 0 94920411204992 94920411251928 94920423391232 140722750421754 140722750421910 140722750421910 140722750423009 0
/proc/18/statm: 1683751 1343257 1069 456 0 1681912 0
Current children cumulated CPU time: 579.86 s
Current children cumulated vsize: 6752688 KiB
Current children cumulated memory: 5385448 KiB

[startup+642.3 s]
/proc/loadavg: 56.01 56.12 59.35 57/2902 18
/proc/meminfo: memFree=450732936/527542220 swapFree=33429500/33554428
[pid=16] ppid=13 vsize=17684 memory=12420 CPUtime=0.03 cores=12-25,124-137
/proc/16/stat : 16 (python3) S 13 16 0 0 -1 4194304 1897 0 96 0 3 0 0 0 20 0 1 0 53545063 18108416 3105 67087892480 4194304 7154137 140727610254672 0 0 0 0 16781312 2 1 0 0 17 12 0 0 8 0 0 9727432 11029816 39202816 140727610260279 140727610260397 140727610260397 140727610261479 0
/proc/16/statm: 4421 3105 1511 723 0 2063 0
[pid=18] ppid=16 vsize=7229004 memory=5844592 CPUtime=639.61 cores=12-25,124-137
/proc/18/stat : 18 (bn4rust) R 16 16 0 0 -1 4194304 229777 0 18 0 62533 1428 0 0 20 0 1 0 53545077 7402500096 1461148 67087892480 94920409079808 94920410946929 140722750418576 0 0 0 0 4096 1088 0 0 0 17 13 0 0 1 0 0 94920411204992 94920411251928 94920423391232 140722750421754 140722750421910 140722750421910 140722750423009 0
/proc/18/statm: 1807251 1461148 1069 456 0 1805412 0
Current children cumulated CPU time: 639.64 s
Current children cumulated vsize: 7246688 KiB
Current children cumulated memory: 5857012 KiB

[startup+702.3 s]
/proc/loadavg: 56.00 56.10 59.14 57/2901 18
/proc/meminfo: memFree=450490476/527542220 swapFree=33429500/33554428
[pid=16] ppid=13 vsize=17684 memory=12420 CPUtime=0.03 cores=12-25,124-137
/proc/16/stat : 16 (python3) S 13 16 0 0 -1 4194304 1897 0 96 0 3 0 0 0 20 0 1 0 53545063 18108416 3105 67087892480 4194304 7154137 140727610254672 0 0 0 0 16781312 2 1 0 0 17 12 0 0 8 0 0 9727432 11029816 39202816 140727610260279 140727610260397 140727610260397 140727610261479 0
/proc/16/statm: 4421 3105 1511 723 0 2063 0
[pid=18] ppid=16 vsize=8015864 memory=6592548 CPUtime=699.39 cores=12-25,124-137
/proc/18/stat : 18 (bn4rust) R 16 16 0 0 -1 4194304 239368 0 18 0 68445 1494 0 0 20 0 1 0 53545077 8208244736 1648137 67087892480 94920409079808 94920410946929 140722750418576 0 0 0 0 4096 1088 0 0 0 17 13 0 0 1 0 0 94920411204992 94920411251928 94920423391232 140722750421754 140722750421910 140722750421910 140722750423009 0
/proc/18/statm: 2003966 1648137 1069 456 0 2002127 0
Current children cumulated CPU time: 699.42 s
Current children cumulated vsize: 8033548 KiB
Current children cumulated memory: 6604968 KiB

[startup+762.3 s]
/proc/loadavg: 56.00 56.08 58.94 57/2902 18
/proc/meminfo: memFree=447873496/527542220 swapFree=33429500/33554428
[pid=16] ppid=13 vsize=17684 memory=12420 CPUtime=0.03 cores=12-25,124-137
/proc/16/stat : 16 (python3) S 13 16 0 0 -1 4194304 1897 0 96 0 3 0 0 0 20 0 1 0 53545063 18108416 3105 67087892480 4194304 7154137 140727610254672 0 0 0 0 16781312 2 1 0 0 17 12 0 0 8 0 0 9727432 11029816 39202816 140727610260279 140727610260397 140727610260397 140727610261479 0
/proc/16/statm: 4421 3105 1511 723 0 2063 0
[pid=18] ppid=16 vsize=11206844 memory=9823948 CPUtime=759.16 cores=12-25,124-137
/proc/18/stat : 18 (bn4rust) R 16 16 0 0 -1 4194304 262307 0 18 0 74156 1760 0 0 20 0 1 0 53545077 11475808256 2455987 67087892480 94920409079808 94920410946929 140722750418576 0 0 0 0 4096 1088 0 0 0 17 13 0 0 1 0 0 94920411204992 94920411251928 94920423391232 140722750421754 140722750421910 140722750421910 140722750423009 0
/proc/18/statm: 2801711 2455987 1069 456 0 2799872 0
Current children cumulated CPU time: 759.19 s
Current children cumulated vsize: 11224528 KiB
Current children cumulated memory: 9836368 KiB

[startup+822.3 s]
/proc/loadavg: 56.00 56.06 58.75 57/2902 18
/proc/meminfo: memFree=446712244/527542220 swapFree=33429500/33554428
[pid=16] ppid=13 vsize=17684 memory=12420 CPUtime=0.03 cores=12-25,124-137
/proc/16/stat : 16 (python3) S 13 16 0 0 -1 4194304 1897 0 96 0 3 0 0 0 20 0 1 0 53545063 18108416 3105 67087892480 4194304 7154137 140727610254672 0 0 0 0 16781312 2 1 0 0 17 12 0 0 8 0 0 9727432 11029816 39202816 140727610260279 140727610260397 140727610260397 140727610261479 0
/proc/16/statm: 4421 3105 1511 723 0 2063 0
[pid=18] ppid=16 vsize=11993516 memory=10665872 CPUtime=818.92 cores=12-25,124-137
/proc/18/stat : 18 (bn4rust) R 16 16 0 0 -1 4194304 275659 0 18 0 80025 1867 0 0 20 0 1 0 53545077 12281360384 2666468 67087892480 94920409079808 94920410946929 140722750418576 0 0 0 0 4096 1088 0 0 0 17 13 0 0 1 0 0 94920411204992 94920411251928 94920423391232 140722750421754 140722750421910 140722750421910 140722750423009 0
/proc/18/statm: 2998379 2666468 1069 456 0 2996540 0
Current children cumulated CPU time: 818.95 s
Current children cumulated vsize: 12011200 KiB
Current children cumulated memory: 10678292 KiB

[startup+882.3 s]
/proc/loadavg: 56.00 56.05 58.58 57/2901 18
/proc/meminfo: memFree=447610460/527542220 swapFree=33429500/33554428
[pid=16] ppid=13 vsize=17684 memory=12420 CPUtime=0.03 cores=12-25,124-137
/proc/16/stat : 16 (python3) S 13 16 0 0 -1 4194304 1897 0 96 0 3 0 0 0 20 0 1 0 53545063 18108416 3105 67087892480 4194304 7154137 140727610254672 0 0 0 0 16781312 2 1 0 0 17 12 0 0 8 0 0 9727432 11029816 39202816 140727610260279 140727610260397 140727610260397 140727610261479 0
/proc/16/statm: 4421 3105 1511 723 0 2063 0
[pid=18] ppid=16 vsize=11254368 memory=10052396 CPUtime=878.68 cores=12-25,124-137
/proc/18/stat : 18 (bn4rust) R 16 16 0 0 -1 4194304 296150 0 18 0 85813 2055 0 0 20 0 1 0 53545077 11524472832 2513099 67087892480 94920409079808 94920410946929 140722750418576 0 0 0 0 4096 1088 0 0 0 17 13 0 0 1 0 0 94920411204992 94920411251928 94920423391232 140722750421754 140722750421910 140722750421910 140722750423009 0
/proc/18/statm: 2813592 2513099 1069 456 0 2811753 0
Current children cumulated CPU time: 878.71 s
Current children cumulated vsize: 11272052 KiB
Current children cumulated memory: 10064816 KiB

[startup+942.3 s]
/proc/loadavg: 56.00 56.04 58.41 57/2900 18
/proc/meminfo: memFree=446433708/527542220 swapFree=33429500/33554428
[pid=16] ppid=13 vsize=17684 memory=12420 CPUtime=0.03 cores=12-25,124-137
/proc/16/stat : 16 (python3) S 13 16 0 0 -1 4194304 1897 0 96 0 3 0 0 0 20 0 1 0 53545063 18108416 3105 67087892480 4194304 7154137 140727610254672 0 0 0 0 16781312 2 1 0 0 17 12 0 0 8 0 0 9727432 11029816 39202816 140727610260279 140727610260397 140727610260397 140727610261479 0
/proc/16/statm: 4421 3105 1511 723 0 2063 0
[pid=18] ppid=16 vsize=12041608 memory=10757676 CPUtime=938.44 cores=12-25,124-137
/proc/18/stat : 18 (bn4rust) R 16 16 0 0 -1 4194304 309995 0 18 0 91683 2161 0 0 20 0 1 0 53545077 12330606592 2689419 67087892480 94920409079808 94920410946929 140722750418576 0 0 0 0 4096 1088 0 0 0 17 125 0 0 1 0 0 94920411204992 94920411251928 94920423391232 140722750421754 140722750421910 140722750421910 140722750423009 0
/proc/18/statm: 3010402 2689419 1069 456 0 3008563 0
Current children cumulated CPU time: 938.47 s
Current children cumulated vsize: 12059292 KiB
Current children cumulated memory: 10770096 KiB

[startup+1002.3 s]
/proc/loadavg: 56.06 56.05 58.27 57/2900 18
/proc/meminfo: memFree=451803236/527542220 swapFree=33429500/33554428
[pid=16] ppid=13 vsize=17684 memory=12420 CPUtime=0.03 cores=12-25,124-137
/proc/16/stat : 16 (python3) S 13 16 0 0 -1 4194304 1897 0 96 0 3 0 0 0 20 0 1 0 53545063 18108416 3105 67087892480 4194304 7154137 140727610254672 0 0 0 0 16781312 2 1 0 0 17 12 0 0 8 0 0 9727432 11029816 39202816 140727610260279 140727610260397 140727610260397 140727610261479 0
/proc/16/statm: 4421 3105 1511 723 0 2063 0
[pid=18] ppid=16 vsize=6379568 memory=5096336 CPUtime=998.19 cores=12-25,124-137
/proc/18/stat : 18 (bn4rust) R 16 16 0 0 -1 4194304 327530 0 18 0 97514 2305 0 0 20 0 1 0 53545077 6532677632 1274084 67087892480 94920409079808 94920410946929 140722750418576 0 0 0 0 4096 1088 0 0 0 17 13 0 0 1 0 0 94920411204992 94920411251928 94920423391232 140722750421754 140722750421910 140722750421910 140722750423009 0
/proc/18/statm: 1594892 1274084 1069 456 0 1593053 0
Current children cumulated CPU time: 998.22 s
Current children cumulated vsize: 6397252 KiB
Current children cumulated memory: 5108756 KiB

[startup+1062.3 s]
/proc/loadavg: 56.12 56.05 58.13 59/2918 18
/proc/meminfo: memFree=452280104/527542220 swapFree=33430012/33554428
[pid=16] ppid=13 vsize=17684 memory=12420 CPUtime=0.03 cores=12-25,124-137
/proc/16/stat : 16 (python3) S 13 16 0 0 -1 4194304 1897 0 96 0 3 0 0 0 20 0 1 0 53545063 18108416 3105 67087892480 4194304 7154137 140727610254672 0 0 0 0 16781312 2 1 0 0 17 12 0 0 8 0 0 9727432 11029816 39202816 140727610260279 140727610260397 140727610260397 140727610261479 0
/proc/16/statm: 4421 3105 1511 723 0 2063 0
[pid=18] ppid=16 vsize=7755816 memory=5846640 CPUtime=1057.92 cores=12-25,124-137
/proc/18/stat : 18 (bn4rust) R 16 16 0 0 -1 4194304 363781 0 18 0 103374 2418 0 0 20 0 1 0 53545077 7941955584 1461660 67087892480 94920409079808 94920410946929 140722750418576 0 0 0 0 4096 1088 0 0 0 17 12 0 0 1 0 0 94920411204992 94920411251928 94920423391232 140722750421754 140722750421910 140722750421910 140722750423009 0
/proc/18/statm: 1938954 1461660 1069 456 0 1937115 0
Current children cumulated CPU time: 1057.95 s
Current children cumulated vsize: 7773500 KiB
Current children cumulated memory: 5859060 KiB

[startup+1122.3 s]
/proc/loadavg: 55.41 55.86 57.93 56/2866 18
/proc/meminfo: memFree=451585168/527542220 swapFree=33430012/33554428
[pid=16] ppid=13 vsize=17684 memory=12420 CPUtime=0.03 cores=12-25,124-137
/proc/16/stat : 16 (python3) S 13 16 0 0 -1 4194304 1897 0 96 0 3 0 0 0 20 0 1 0 53545063 18108416 3105 67087892480 4194304 7154137 140727610254672 0 0 0 0 16781312 2 1 0 0 17 12 0 0 8 0 0 9727432 11029816 39202816 140727610260279 140727610260397 140727610260397 140727610261479 0
/proc/16/statm: 4421 3105 1511 723 0 2063 0
[pid=18] ppid=16 vsize=8312664 memory=7290272 CPUtime=1117.68 cores=12-25,124-137
/proc/18/stat : 18 (bn4rust) R 16 16 0 0 -1 4194304 480407 0 18 0 109180 2588 0 0 20 0 1 0 53545077 8512167936 1822568 67087892480 94920409079808 94920410946929 140722750418576 0 0 0 0 4096 1088 0 0 0 17 12 0 0 1 0 0 94920411204992 94920411251928 94920423391232 140722750421754 140722750421910 140722750421910 140722750423009 0
/proc/18/statm: 2078166 1822568 1069 456 0 2076327 0
Current children cumulated CPU time: 1117.71 s
Current children cumulated vsize: 8330348 KiB
Current children cumulated memory: 7302692 KiB

[startup+1182.3 s]
/proc/loadavg: 54.55 55.53 57.68 55/2832 18
/proc/meminfo: memFree=454953528/527542220 swapFree=33430012/33554428
[pid=16] ppid=13 vsize=17684 memory=12420 CPUtime=0.03 cores=12-25,124-137
/proc/16/stat : 16 (python3) S 13 16 0 0 -1 4194304 1897 0 96 0 3 0 0 0 20 0 1 0 53545063 18108416 3105 67087892480 4194304 7154137 140727610254672 0 0 0 0 16781312 2 1 0 0 17 12 0 0 8 0 0 9727432 11029816 39202816 140727610260279 140727610260397 140727610260397 140727610261479 0
/proc/16/statm: 4421 3105 1511 723 0 2063 0
[pid=18] ppid=16 vsize=7936500 memory=5992092 CPUtime=1177.48 cores=12-25,124-137
/proc/18/stat : 18 (bn4rust) R 16 16 0 0 -1 4194304 497226 0 18 0 115057 2691 0 0 20 0 1 0 53545077 8126976000 1498023 67087892480 94920409079808 94920410946929 140722750418576 0 0 0 0 4096 1088 0 0 0 17 12 0 0 1 0 0 94920411204992 94920411251928 94920423391232 140722750421754 140722750421910 140722750421910 140722750423009 0
/proc/18/statm: 1984125 1498023 1069 456 0 1982286 0
Current children cumulated CPU time: 1177.51 s
Current children cumulated vsize: 7954184 KiB
Current children cumulated memory: 6004512 KiB

[startup+1242.3 s]
/proc/loadavg: 54.88 55.41 57.50 57/2915 18
/proc/meminfo: memFree=449800268/527542220 swapFree=33430012/33554428
[pid=16] ppid=13 vsize=17684 memory=12420 CPUtime=0.03 cores=12-25,124-137
/proc/16/stat : 16 (python3) S 13 16 0 0 -1 4194304 1897 0 96 0 3 0 0 0 20 0 1 0 53545063 18108416 3105 67087892480 4194304 7154137 140727610254672 0 0 0 0 16781312 2 1 0 0 17 12 0 0 8 0 0 9727432 11029816 39202816 140727610260279 140727610260397 140727610260397 140727610261479 0
/proc/16/statm: 4421 3105 1511 723 0 2063 0
[pid=18] ppid=16 vsize=7124208 memory=5579848 CPUtime=1237.24 cores=12-25,124-137
/proc/18/stat : 18 (bn4rust) R 16 16 0 0 -1 4194304 511701 0 18 0 120927 2797 0 0 20 0 1 0 53545077 7295188992 1394962 67087892480 94920409079808 94920410946929 140722750418576 0 0 0 0 4096 1088 0 0 0 17 12 0 0 1 0 0 94920411204992 94920411251928 94920423391232 140722750421754 140722750421910 140722750421910 140722750423009 0
/proc/18/statm: 1781052 1394962 1069 456 0 1779213 0
Current children cumulated CPU time: 1237.27 s
Current children cumulated vsize: 7141892 KiB
Current children cumulated memory: 5592268 KiB

[startup+1302.3 s]
/proc/loadavg: 55.59 55.52 57.41 57/2915 18
/proc/meminfo: memFree=428909884/527542220 swapFree=33430012/33554428
[pid=16] ppid=13 vsize=17684 memory=12420 CPUtime=0.03 cores=12-25,124-137
/proc/16/stat : 16 (python3) S 13 16 0 0 -1 4194304 1897 0 96 0 3 0 0 0 20 0 1 0 53545063 18108416 3105 67087892480 4194304 7154137 140727610254672 0 0 0 0 16781312 2 1 0 0 17 12 0 0 8 0 0 9727432 11029816 39202816 140727610260279 140727610260397 140727610260397 140727610261479 0
/proc/16/statm: 4421 3105 1511 723 0 2063 0
[pid=18] ppid=16 vsize=13063612 memory=10164716 CPUtime=1296.96 cores=12-25,124-137
/proc/18/stat : 18 (bn4rust) R 16 16 0 0 -1 4194304 528364 0 18 0 126722 2974 0 0 20 0 1 0 53545077 13377138688 2541179 67087892480 94920409079808 94920410946929 140722750418576 0 0 0 0 4096 1088 0 0 0 17 124 0 0 1 0 0 94920411204992 94920411251928 94920423391232 140722750421754 140722750421910 140722750421910 140722750423009 0
/proc/18/statm: 3265903 2541179 1069 456 0 3264064 0
Current children cumulated CPU time: 1296.99 s
Current children cumulated vsize: 13081296 KiB
Current children cumulated memory: 10177136 KiB

[startup+1362.3 s]
/proc/loadavg: 55.89 55.62 57.32 57/2911 18
/proc/meminfo: memFree=411171440/527542220 swapFree=33430012/33554428
[pid=16] ppid=13 vsize=17684 memory=12420 CPUtime=0.03 cores=12-25,124-137
/proc/16/stat : 16 (python3) S 13 16 0 0 -1 4194304 1897 0 96 0 3 0 0 0 20 0 1 0 53545063 18108416 3105 67087892480 4194304 7154137 140727610254672 0 0 0 0 16781312 2 1 0 0 17 12 0 0 8 0 0 9727432 11029816 39202816 140727610260279 140727610260397 140727610260397 140727610261479 0
/proc/16/statm: 4421 3105 1511 723 0 2063 0
[pid=18] ppid=16 vsize=15422908 memory=11815412 CPUtime=1356.73 cores=12-25,124-137
/proc/18/stat : 18 (bn4rust) R 16 16 0 0 -1 4194304 534911 0 18 0 132678 2995 0 0 20 0 1 0 53545077 15793057792 2953853 67087892480 94920409079808 94920410946929 140722750418576 0 0 0 0 4096 1088 0 0 0 17 12 0 0 1 0 0 94920411204992 94920411251928 94920423391232 140722750421754 140722750421910 140722750421910 140722750423009 0
/proc/18/statm: 3855727 2953853 1069 456 0 3853888 0
Current children cumulated CPU time: 1356.76 s
Current children cumulated vsize: 15440592 KiB
Current children cumulated memory: 11827832 KiB

[startup+1422.3 s]
/proc/loadavg: 55.96 55.70 57.24 57/2908 18
/proc/meminfo: memFree=394890136/527542220 swapFree=33430012/33554428
[pid=16] ppid=13 vsize=17684 memory=12420 CPUtime=0.03 cores=12-25,124-137
/proc/16/stat : 16 (python3) S 13 16 0 0 -1 4194304 1897 0 96 0 3 0 0 0 20 0 1 0 53545063 18108416 3105 67087892480 4194304 7154137 140727610254672 0 0 0 0 16781312 2 1 0 0 17 12 0 0 8 0 0 9727432 11029816 39202816 140727610260279 140727610260397 140727610260397 140727610261479 0
/proc/16/statm: 4421 3105 1511 723 0 2063 0
[pid=18] ppid=16 vsize=15633080 memory=12016636 CPUtime=1416.51 cores=12-25,124-137
/proc/18/stat : 18 (bn4rust) R 16 16 0 0 -1 4194304 548377 0 18 0 138552 3099 0 0 20 0 1 0 53545077 16008273920 3004159 67087892480 94920409079808 94920410946929 140722750418576 0 0 0 0 4096 1088 0 0 0 17 12 0 0 1 0 0 94920411204992 94920411251928 94920423391232 140722750421754 140722750421910 140722750421910 140722750423009 0
/proc/18/statm: 3908270 3004159 1069 456 0 3906431 0
Current children cumulated CPU time: 1416.54 s
Current children cumulated vsize: 15650764 KiB
Current children cumulated memory: 12029056 KiB

[startup+1482.3 s]
/proc/loadavg: 55.99 55.75 57.16 57/2906 18
/proc/meminfo: memFree=393458008/527542220 swapFree=33430012/33554428
[pid=16] ppid=13 vsize=17684 memory=12420 CPUtime=0.03 cores=12-25,124-137
/proc/16/stat : 16 (python3) S 13 16 0 0 -1 4194304 1897 0 96 0 3 0 0 0 20 0 1 0 53545063 18108416 3105 67087892480 4194304 7154137 140727610254672 0 0 0 0 16781312 2 1 0 0 17 12 0 0 8 0 0 9727432 11029816 39202816 140727610260279 140727610260397 140727610260397 140727610261479 0
/proc/16/statm: 4421 3105 1511 723 0 2063 0
[pid=18] ppid=16 vsize=15574580 memory=11950912 CPUtime=1476.28 cores=12-25,124-137
/proc/18/stat : 18 (bn4rust) R 16 16 0 0 -1 4194304 562356 0 18 0 144423 3205 0 0 20 0 1 0 53545077 15948369920 2987728 67087892480 94920409079808 94920410946929 140722750418576 0 0 0 0 4096 1088 0 0 0 17 12 0 0 1 0 0 94920411204992 94920411251928 94920423391232 140722750421754 140722750421910 140722750421910 140722750423009 0
/proc/18/statm: 3893645 2987728 1069 456 0 3891806 0
Current children cumulated CPU time: 1476.31 s
Current children cumulated vsize: 15592264 KiB
Current children cumulated memory: 11963332 KiB

[startup+1542.3 s]
/proc/loadavg: 56.00 55.80 57.08 57/2906 18
/proc/meminfo: memFree=382641472/527542220 swapFree=33430012/33554428
[pid=16] ppid=13 vsize=17684 memory=12420 CPUtime=0.03 cores=12-25,124-137
/proc/16/stat : 16 (python3) S 13 16 0 0 -1 4194304 1897 0 96 0 3 0 0 0 20 0 1 0 53545063 18108416 3105 67087892480 4194304 7154137 140727610254672 0 0 0 0 16781312 2 1 0 0 17 12 0 0 8 0 0 9727432 11029816 39202816 140727610260279 140727610260397 140727610260397 140727610261479 0
/proc/16/statm: 4421 3105 1511 723 0 2063 0
[pid=18] ppid=16 vsize=15574580 memory=11606660 CPUtime=1536.09 cores=12-25,124-137
/proc/18/stat : 18 (bn4rust) R 16 16 0 0 -1 4194304 575889 0 18 0 150300 3309 0 0 20 0 1 0 53545077 15948369920 2901665 67087892480 94920409079808 94920410946929 140722750418576 0 0 0 0 4096 1088 0 0 0 17 124 0 0 1 0 0 94920411204992 94920411251928 94920423391232 140722750421754 140722750421910 140722750421910 140722750423009 0
/proc/18/statm: 3893645 2901665 1069 456 0 3891806 0
Current children cumulated CPU time: 1536.12 s
Current children cumulated vsize: 15592264 KiB
Current children cumulated memory: 11619080 KiB

[startup+1602.3 s]
/proc/loadavg: 56.00 55.84 57.01 57/2906 18
/proc/meminfo: memFree=385876260/527542220 swapFree=33430012/33554428
[pid=16] ppid=13 vsize=17684 memory=12420 CPUtime=0.03 cores=12-25,124-137
/proc/16/stat : 16 (python3) S 13 16 0 0 -1 4194304 1897 0 96 0 3 0 0 0 20 0 1 0 53545063 18108416 3105 67087892480 4194304 7154137 140727610254672 0 0 0 0 16781312 2 1 0 0 17 12 0 0 8 0 0 9727432 11029816 39202816 140727610260279 140727610260397 140727610260397 140727610261479 0
/proc/16/statm: 4421 3105 1511 723 0 2063 0
[pid=18] ppid=16 vsize=15442928 memory=11518016 CPUtime=1595.85 cores=12-25,124-137
/proc/18/stat : 18 (bn4rust) R 16 16 0 0 -1 4194304 593703 0 18 0 156102 3483 0 0 20 0 1 0 53545077 15813558272 2879504 67087892480 94920409079808 94920410946929 140722750418576 0 0 0 0 4096 1088 0 0 0 17 12 0 0 1 0 0 94920411204992 94920411251928 94920423391232 140722750421754 140722750421910 140722750421910 140722750423009 0
/proc/18/statm: 3860732 2879504 1069 456 0 3858893 0
Current children cumulated CPU time: 1595.88 s
Current children cumulated vsize: 15460612 KiB
Current children cumulated memory: 11530436 KiB

[startup+1662.3 s]
/proc/loadavg: 56.00 55.87 56.94 57/2907 18
/proc/meminfo: memFree=374621012/527542220 swapFree=33430012/33554428
[pid=16] ppid=13 vsize=17684 memory=12420 CPUtime=0.03 cores=12-25,124-137
/proc/16/stat : 16 (python3) S 13 16 0 0 -1 4194304 1897 0 96 0 3 0 0 0 20 0 1 0 53545063 18108416 3105 67087892480 4194304 7154137 140727610254672 0 0 0 0 16781312 2 1 0 0 17 12 0 0 8 0 0 9727432 11029816 39202816 140727610260279 140727610260397 140727610260397 140727610261479 0
/proc/16/statm: 4421 3105 1511 723 0 2063 0
[pid=18] ppid=16 vsize=12493808 memory=9862464 CPUtime=1655.63 cores=12-25,124-137
/proc/18/stat : 18 (bn4rust) R 16 16 0 0 -1 4194304 613585 0 18 0 161889 3674 0 0 20 0 1 0 53545077 12793659392 2465616 67087892480 94920409079808 94920410946929 140722750418576 0 0 0 0 4096 1088 0 0 0 17 12 0 0 1 0 0 94920411204992 94920411251928 94920423391232 140722750421754 140722750421910 140722750421910 140722750423009 0
/proc/18/statm: 3123452 2465616 1069 456 0 3121613 0
Current children cumulated CPU time: 1655.66 s
Current children cumulated vsize: 12511492 KiB
Current children cumulated memory: 9874884 KiB

[startup+1722.3 s]
/proc/loadavg: 56.04 55.91 56.89 57/2905 18
/proc/meminfo: memFree=386988512/527542220 swapFree=33430012/33554428
[pid=16] ppid=13 vsize=17684 memory=12420 CPUtime=0.03 cores=12-25,124-137
/proc/16/stat : 16 (python3) S 13 16 0 0 -1 4194304 1897 0 96 0 3 0 0 0 20 0 1 0 53545063 18108416 3105 67087892480 4194304 7154137 140727610254672 0 0 0 0 16781312 2 1 0 0 17 12 0 0 8 0 0 9727432 11029816 39202816 140727610260279 140727610260397 140727610260397 140727610261479 0
/proc/16/statm: 4421 3105 1511 723 0 2063 0
[pid=18] ppid=16 vsize=13085408 memory=10220768 CPUtime=1715.42 cores=12-25,124-137
/proc/18/stat : 18 (bn4rust) R 16 16 0 0 -1 4194304 629469 0 18 0 167759 3783 0 0 20 0 1 0 53545077 13399457792 2555192 67087892480 94920409079808 94920410946929 140722750418576 0 0 0 0 4096 1088 0 0 0 17 12 0 0 1 0 0 94920411204992 94920411251928 94920423391232 140722750421754 140722750421910 140722750421910 140722750423009 0
/proc/18/statm: 3271352 2555192 1069 456 0 3269513 0
Current children cumulated CPU time: 1715.45 s
Current children cumulated vsize: 13103092 KiB
Current children cumulated memory: 10233188 KiB

[startup+1782.3 s]
/proc/loadavg: 56.09 55.96 56.84 57/2903 18
/proc/meminfo: memFree=388111056/527542220 swapFree=33430012/33554428
[pid=16] ppid=13 vsize=17684 memory=12420 CPUtime=0.03 cores=12-25,124-137
/proc/16/stat : 16 (python3) S 13 16 0 0 -1 4194304 1897 0 96 0 3 0 0 0 20 0 1 0 53545063 18108416 3105 67087892480 4194304 7154137 140727610254672 0 0 0 0 16781312 2 1 0 0 17 12 0 0 8 0 0 9727432 11029816 39202816 140727610260279 140727610260397 140727610260397 140727610261479 0
/proc/16/statm: 4421 3105 1511 723 0 2063 0
[pid=18] ppid=16 vsize=13873616 memory=10572596 CPUtime=1775.2 cores=12-25,124-137
/proc/18/stat : 18 (bn4rust) R 16 16 0 0 -1 4194304 644189 0 18 0 173627 3893 0 0 20 0 1 0 53545077 14206582784 2643149 67087892480 94920409079808 94920410946929 140722750418576 0 0 0 0 4096 1088 0 0 0 17 12 0 0 1 0 0 94920411204992 94920411251928 94920423391232 140722750421754 140722750421910 140722750421910 140722750423009 0
/proc/18/statm: 3468404 2643149 1069 456 0 3466565 0
Current children cumulated CPU time: 1775.23 s
Current children cumulated vsize: 13891300 KiB
Current children cumulated memory: 10585016 KiB



Maximum wall clock time exceeded: sending SIGTERM then SIGKILL

[startup+1800 s]*
/proc/loadavg: 56.07 55.96 56.83 57/2903 18
/proc/meminfo: memFree=387437456/527542220 swapFree=33430012/33554428
[pid=16] ppid=13 vsize=17684 memory=12420 CPUtime=0.03 cores=12-25,124-137
/proc/16/stat : 16 (python3) S 13 16 0 0 -1 4194304 1897 0 96 0 3 0 0 0 20 0 1 0 53545063 18108416 3105 67087892480 4194304 7154137 140727610254672 0 0 0 0 16781312 2 1 0 0 17 12 0 0 8 0 0 9727432 11029816 39202816 140727610260279 140727610260397 140727610260397 140727610261479 0
/proc/16/statm: 4421 3105 1511 723 0 2063 0
[pid=18] ppid=16 vsize=13873616 memory=11234268 CPUtime=1792.85 cores=12-25,124-137
/proc/18/stat : 18 (bn4rust) R 16 16 0 0 -1 4194304 646014 0 18 0 175384 3901 0 0 20 0 1 0 53545077 14206582784 2808567 67087892480 94920409079808 94920410946929 140722750418576 0 0 0 0 4096 1088 0 0 0 17 12 0 0 1 0 0 94920411204992 94920411251928 94920423391232 140722750421754 140722750421910 140722750421910 140722750423009 0
/proc/18/statm: 3468404 2808567 1069 456 0 3466565 0
Current children cumulated CPU time: 1792.88 s
Current children cumulated vsize: 13891300 KiB
Current children cumulated memory: 11246688 KiB

Sending SIGTERM to process tree (bottom up)
Sleeping 2 seconds

[startup+1800.01 s]
# the end of solver process 16 was just reported to runsolver
# cumulated CPU time of all completed processes:  user=0.037971 s, system=0.01077 s

[startup+1800.08 s]
# the end of solver process 18 was just reported to runsolver
# cumulated CPU time of all completed processes:  user=1753.88 s, system=39.1015 s
# this solver process was not waited by its parent and was adopted by runsolver

Solver just ended.
??? end of watcher thread
Dumping a history of the last processes samples

Child ended because it received signal 15 (SIGTERM)
Real time (s): 1800.08
CPU time (s): 1792.98
CPU user time (s): 1753.88
CPU system time (s): 39.1015
CPU usage (%): 99.6058
Max. virtual memory (cumulated for all children) (KiB): 22408012
Max. memory (cumulated for all children) (KiB): 18477792

getrusage(RUSAGE_CHILDREN,...) data:
user time used= 1753.88
system time used= 39.1015
maximum resident set size= 18547292
integral shared memory size= 0
integral unshared data size= 0
integral unshared stack size= 0
page reclaims= 647911
page faults= 114
swaps= 0
block input operations= 19568
block output operations= 8
messages sent= 0
messages received= 0
signals received= 0
voluntary context switches= 958
involuntary context switches= 3852


# summary of solver processes directly reported to runsolver:
#   pid: 16,18
#   total CPU time (s): 1792.98
#   total CPU user time (s): 1753.88
#   total CPU system time (s): 39.1015

??? join timestamper begins
??? join timestamper ends
??? end of timestamper thread
runsolver used 1.32929 second user time and 3.61629 second system time

The end
