runsolver version 3.4.1 (svn: 3018) Copyright (C) 2010-2013 Olivier ROUSSEL

This program is distributed in the hope that it will be useful,
but WITHOUT ANY WARRANTY; without even the implied warranty of
MERCHANTABILITY or FITNESS FOR A PARTICULAR PURPOSE.  See the
GNU General Public License for more details.

NUMA information:
  number of nodes: 8
  memory of node 0: 63700 MiB (1762 MiB free)
  memory of node 1: 64504 MiB (26928 MiB free)
  memory of node 2: 64504 MiB (34035 MiB free)
  memory of node 3: 64504 MiB (381 MiB free)
  memory of node 4: 64504 MiB (26324 MiB free)
  memory of node 5: 64461 MiB (61707 MiB free)
  memory of node 6: 64504 MiB (59317 MiB free)
  memory of node 7: 64491 MiB (55556 MiB free)
  node distances:
     10  12  12  12  21  21  21  21
     12  10  12  12  21  21  21  21
     12  12  10  12  21  21  21  21
     12  12  12  10  21  21  21  21
     21  21  21  21  10  12  12  12
     21  21  21  21  12  10  12  12
     21  21  21  21  12  12  10  12
     21  21  21  21  12  12  12  10

command line: /usr/local/bin/runsolver --timestamp -w /output/runsolver-watch.log -v /output/runsolver-values.log -o /output/solver-output.log -C 1800.0 -W 1800.0 -R 64000 /opt/solver/run_pyboolnet.py --instance /input/model_225.bnet 

running on 26 cores: 74-87,188-199

Enforcing CPUTime limit (soft limit, will send SIGTERM then SIGKILL): 1800 seconds
Enforcing CPUTime limit (hard limit, will send SIGXCPU): 1830 seconds
Enforcing wall clock limit (soft limit, will send SIGTERM then SIGKILL): 1800 seconds
Enforcing RSS+Swap limit (soft limit, will send SIGTERM then SIGKILL): 65536000 KiB
Linux 4.18.0-553.126.1.el8_10.x86_64
Current StackSize limit: 18014398509481983 KiB

solver pid=16, runsolver pid=13

[startup+0.10007 s]*
/proc/loadavg: 63.28 62.10 61.60 65/3137 17
/proc/meminfo: memFree=272407272/527542200 swapFree=60/33554428
[pid=16] ppid=13 vsize=13704 memory=7456 CPUtime=0 cores=74-87,186-199
/proc/16/stat : 16 (python3) R 13 16 0 0 -1 4194304 807 0 52 0 0 0 0 0 20 0 1 0 522738743 14032896 1864 67087892480 94697779605504 94697782876205 140721614809744 0 0 0 0 16781312 2 1 0 0 17 195 0 0 5 0 0 94697785239568 94697785523608 94697799462912 140721614818049 140721614818119 140721614818119 140721614819303 0
/proc/16/statm: 3426 1864 1247 799 0 1045 0
Current children cumulated CPU time: 0 s
Current children cumulated vsize: 13704 KiB
Current children cumulated memory: 7456 KiB

[startup+0.200596 s]*
/proc/loadavg: 63.28 62.10 61.60 61/3137 17
/proc/meminfo: memFree=272404088/527542200 swapFree=60/33554428
[pid=16] ppid=13 vsize=17020 memory=11960 CPUtime=0.04 cores=74-87,186-199
/proc/16/stat : 16 (python3) D 13 16 0 0 -1 4194304 1717 0 72 0 3 1 0 0 20 0 1 0 522738743 17428480 2990 67087892480 94697779605504 94697782876205 140721614809744 0 0 0 0 16781312 2 0 0 0 17 195 0 0 10 0 0 94697785239568 94697785523608 94697799462912 140721614818049 140721614818119 140721614818119 140721614819303 0
/proc/16/statm: 4255 2990 1501 799 0 1783 0
Current children cumulated CPU time: 0.04 s
Current children cumulated vsize: 17020 KiB
Current children cumulated memory: 11960 KiB

[startup+0.300358 s]*
/proc/loadavg: 63.28 62.10 61.60 65/3137 17
/proc/meminfo: memFree=272404944/527542200 swapFree=60/33554428
[pid=16] ppid=13 vsize=19804 memory=14420 CPUtime=0.06 cores=74-87,186-199
/proc/16/stat : 16 (python3) S 13 16 0 0 -1 4194304 2341 0 74 0 4 2 0 0 20 0 1 0 522738743 20279296 3605 67087892480 94697779605504 94697782876205 140721614809744 0 0 0 0 16781312 2 1 0 0 17 76 0 0 17 0 0 94697785239568 94697785523608 94697799462912 140721614818049 140721614818119 140721614818119 140721614819303 0
/proc/16/statm: 4951 3605 1550 799 0 2475 0
Current children cumulated CPU time: 0.06 s
Current children cumulated vsize: 19804 KiB
Current children cumulated memory: 14420 KiB

[startup+0.700128 s]
/proc/loadavg: 63.28 62.10 61.60 56/3137 17
/proc/meminfo: memFree=272373652/527542200 swapFree=60/33554428
[pid=16] ppid=13 vsize=71540 memory=32140 CPUtime=0.21 cores=74-87,186-199
/proc/16/stat : 16 (python3) D 13 16 0 0 -1 4194304 6101 0 128 0 15 6 0 0 20 0 1 0 522738743 73256960 8035 67087892480 94697779605504 94697782876205 140721614809744 0 0 0 0 16781312 2 0 0 0 17 76 0 0 37 0 0 94697785239568 94697785523608 94697799462912 140721614818049 140721614818119 140721614818119 140721614819303 0
/proc/16/statm: 17885 8035 2314 799 0 6342 0
Current children cumulated CPU time: 0.21 s
Current children cumulated vsize: 71540 KiB
Current children cumulated memory: 32140 KiB

[startup+1.50029 s]
/proc/loadavg: 63.28 62.10 61.60 61/3138 17
/proc/meminfo: memFree=272330356/527542200 swapFree=0/33554428
[pid=16] ppid=13 vsize=212400 memory=61968 CPUtime=0.58 cores=74-87,186-199
/proc/16/stat : 16 (python3) R 13 16 0 0 -1 4194304 11158 0 292 0 48 10 0 0 20 0 1 0 522738743 217497600 15492 67087892480 94697779605504 94697782876205 140721614809744 0 0 0 0 16781312 2 0 0 0 17 76 0 0 77 0 0 94697785239568 94697785523608 94697799462912 140721614818049 140721614818119 140721614818119 140721614819303 0
/proc/16/statm: 53100 15492 5092 799 0 19807 0
Current children cumulated CPU time: 0.58 s
Current children cumulated vsize: 212400 KiB
Current children cumulated memory: 61968 KiB

[startup+3.10041 s]
/proc/loadavg: 63.02 62.06 61.60 57/3139 20
/proc/meminfo: memFree=272305764/527542200 swapFree=16/33554428
[pid=16] ppid=13 vsize=220844 memory=70800 CPUtime=0.79 cores=74-87,186-199
/proc/16/stat : 16 (python3) S 13 16 0 0 -1 4194304 13224 0 298 0 68 11 0 0 20 0 1 0 522738743 226144256 17700 67087892480 94697779605504 94697782876205 140721614809744 0 0 0 0 16781312 2 1 0 0 17 76 0 0 81 0 0 94697785239568 94697785523608 94697799462912 140721614818049 140721614818119 140721614818119 140721614819303 0
/proc/16/statm: 55211 17700 5193 799 0 21918 0
[pid=20] ppid=16 vsize=6720 memory=4368 CPUtime=1.29 cores=74-87,186-199
/proc/20/stat : 20 (BNetToPrime_lin) R 16 16 0 0 -1 4194304 402 0 3 0 129 0 0 0 20 0 1 0 522738921 6881280 1092 67087892480 4194304 4299828 140734426768464 0 0 0 0 0 0 0 0 0 17 81 0 0 0 0 0 6397400 6398600 15110144 140734426774139 140734426774252 140734426774252 140734426775453 0
/proc/20/statm: 1680 1092 886 26 0 241 0
Current children cumulated CPU time: 2.08 s
Current children cumulated vsize: 227564 KiB
Current children cumulated memory: 75168 KiB
heavy processes:

[startup+6.30018 s]
/proc/loadavg: 63.02 62.06 61.60 54/3139 20
/proc/meminfo: memFree=272089440/527542200 swapFree=12/33554428
[pid=16] ppid=13 vsize=220844 memory=70800 CPUtime=0.79 cores=74-87,186-199
/proc/16/stat : 16 (python3) S 13 16 0 0 -1 4194304 13224 0 298 0 68 11 0 0 20 0 1 0 522738743 226144256 17700 67087892480 94697779605504 94697782876205 140721614809744 0 0 0 0 16781312 2 1 0 0 17 76 0 0 81 0 0 94697785239568 94697785523608 94697799462912 140721614818049 140721614818119 140721614818119 140721614819303 0
/proc/16/statm: 55211 17700 5193 799 0 21918 0
[pid=20] ppid=16 vsize=8020 memory=5484 CPUtime=4.47 cores=74-87,186-199
/proc/20/stat : 20 (BNetToPrime_lin) R 16 16 0 0 -1 4194304 781 0 3 0 447 0 0 0 20 0 1 0 522738921 8212480 1371 67087892480 4194304 4299828 140734426768464 0 0 0 0 0 0 0 0 0 17 82 0 0 0 0 0 6397400 6398600 15110144 140734426774139 140734426774252 140734426774252 140734426775453 0
/proc/20/statm: 2005 1371 886 26 0 566 0
Current children cumulated CPU time: 5.26 s
Current children cumulated vsize: 228864 KiB
Current children cumulated memory: 76284 KiB

[startup+12.7003 s]
/proc/loadavg: 62.70 62.01 61.58 59/3139 20
/proc/meminfo: memFree=272087792/527542200 swapFree=24/33554428
[pid=16] ppid=13 vsize=220844 memory=70800 CPUtime=0.79 cores=74-87,186-199
/proc/16/stat : 16 (python3) S 13 16 0 0 -1 4194304 13224 0 298 0 68 11 0 0 20 0 1 0 522738743 226144256 17700 67087892480 94697779605504 94697782876205 140721614809744 0 0 0 0 16781312 2 1 0 0 17 76 0 0 81 0 0 94697785239568 94697785523608 94697799462912 140721614818049 140721614818119 140721614818119 140721614819303 0
/proc/16/statm: 55211 17700 5193 799 0 21918 0
[pid=20] ppid=16 vsize=13360 memory=10696 CPUtime=10.84 cores=74-87,186-199
/proc/20/stat : 20 (BNetToPrime_lin) R 16 16 0 0 -1 4194304 2147 0 3 0 1084 0 0 0 20 0 1 0 522738921 13680640 2674 67087892480 4194304 4299828 140734426768464 0 0 0 0 0 0 0 0 0 17 82 0 0 0 0 0 6397400 6398600 15110144 140734426774139 140734426774252 140734426774252 140734426775453 0
/proc/20/statm: 3340 2674 886 26 0 1901 0
Current children cumulated CPU time: 11.63 s
Current children cumulated vsize: 234204 KiB
Current children cumulated memory: 81496 KiB

[startup+25.5002 s]
/proc/loadavg: 62.81 62.08 61.61 47/3139 20
/proc/meminfo: memFree=272538788/527542200 swapFree=40/33554428
[pid=16] ppid=13 vsize=220844 memory=70800 CPUtime=0.79 cores=74-87,186-199
/proc/16/stat : 16 (python3) S 13 16 0 0 -1 4194304 13224 0 298 0 68 11 0 0 20 0 1 0 522738743 226144256 17700 67087892480 94697779605504 94697782876205 140721614809744 0 0 0 0 16781312 2 1 0 0 17 76 0 0 81 0 0 94697785239568 94697785523608 94697799462912 140721614818049 140721614818119 140721614818119 140721614819303 0
/proc/16/statm: 55211 17700 5193 799 0 21918 0
[pid=20] ppid=16 vsize=20656 memory=16868 CPUtime=23.58 cores=74-87,186-199
/proc/20/stat : 20 (BNetToPrime_lin) R 16 16 0 0 -1 4194304 3442 0 3 0 2357 1 0 0 20 0 1 0 522738921 21151744 4217 67087892480 4194304 4299828 140734426768464 0 0 0 0 0 0 0 0 0 17 82 0 0 0 0 0 6397400 6398600 15110144 140734426774139 140734426774252 140734426774252 140734426775453 0
/proc/20/statm: 5164 4217 886 26 0 3725 0
Current children cumulated CPU time: 24.37 s
Current children cumulated vsize: 241500 KiB
Current children cumulated memory: 87668 KiB

[startup+51.1005 s]
/proc/loadavg: 62.69 62.10 61.63 64/3139 20
/proc/meminfo: memFree=273094188/527542200 swapFree=16/33554428
[pid=16] ppid=13 vsize=220844 memory=70800 CPUtime=0.79 cores=74-87,186-199
/proc/16/stat : 16 (python3) S 13 16 0 0 -1 4194304 13224 0 298 0 68 11 0 0 20 0 1 0 522738743 226144256 17700 67087892480 94697779605504 94697782876205 140721614809744 0 0 0 0 16781312 2 1 0 0 17 76 0 0 81 0 0 94697785239568 94697785523608 94697799462912 140721614818049 140721614818119 140721614818119 140721614819303 0
/proc/16/statm: 55211 17700 5193 799 0 21918 0
[pid=20] ppid=16 vsize=34984 memory=29208 CPUtime=49.06 cores=74-87,186-199
/proc/20/stat : 20 (BNetToPrime_lin) R 16 16 0 0 -1 4194304 6024 0 3 0 4905 1 0 0 20 0 1 0 522738921 35823616 7302 67087892480 4194304 4299828 140734426768464 0 0 0 0 0 0 0 0 0 17 188 0 0 0 0 0 6397400 6398600 15110144 140734426774139 140734426774252 140734426774252 140734426775453 0
/proc/20/statm: 8746 7302 886 26 0 7307 0
Current children cumulated CPU time: 49.85 s
Current children cumulated vsize: 255828 KiB
Current children cumulated memory: 100008 KiB

[startup+102.3 s]
/proc/loadavg: 63.77 62.38 61.75 57/3134 20
/proc/meminfo: memFree=271524044/527542200 swapFree=0/33554428
[pid=16] ppid=13 vsize=220844 memory=70800 CPUtime=0.79 cores=74-87,186-199
/proc/16/stat : 16 (python3) S 13 16 0 0 -1 4194304 13224 0 298 0 68 11 0 0 20 0 1 0 522738743 226144256 17700 67087892480 94697779605504 94697782876205 140721614809744 0 0 0 0 16781312 2 1 0 0 17 76 0 0 81 0 0 94697785239568 94697785523608 94697799462912 140721614818049 140721614818119 140721614818119 140721614819303 0
/proc/16/statm: 55211 17700 5193 799 0 21918 0
[pid=20] ppid=16 vsize=380564 memory=373468 CPUtime=99.98 cores=74-87,186-199
/proc/20/stat : 20 (BNetToPrime_lin) R 16 16 0 0 -1 4194304 82415 0 3 0 9985 13 0 0 20 0 1 0 522738921 389697536 93367 67087892480 4194304 4299828 140734426768464 0 0 0 0 0 0 0 0 0 17 82 0 0 0 0 0 6397400 6398600 15110144 140734426774139 140734426774252 140734426774252 140734426775453 0
/proc/20/statm: 95141 93367 886 26 0 93702 0
Current children cumulated CPU time: 100.77 s
Current children cumulated vsize: 601408 KiB
Current children cumulated memory: 444268 KiB

[startup+162.3 s]
/proc/loadavg: 63.19 62.50 61.83 62/3122 20
/proc/meminfo: memFree=271266656/527542200 swapFree=0/33554428
[pid=16] ppid=13 vsize=220844 memory=70800 CPUtime=0.79 cores=74-87,186-199
/proc/16/stat : 16 (python3) S 13 16 0 0 -1 4194304 13224 0 298 0 68 11 0 0 20 0 1 0 522738743 226144256 17700 67087892480 94697779605504 94697782876205 140721614809744 0 0 0 0 16781312 2 1 0 0 17 76 0 0 81 0 0 94697785239568 94697785523608 94697799462912 140721614818049 140721614818119 140721614818119 140721614819303 0
/proc/16/statm: 55211 17700 5193 799 0 21918 0
[pid=20] ppid=16 vsize=418476 memory=410568 CPUtime=159.65 cores=74-87,186-199
/proc/20/stat : 20 (BNetToPrime_lin) R 16 16 0 0 -1 4194304 86624 0 3 0 15951 14 0 0 20 0 1 0 522738921 428519424 102642 67087892480 4194304 4299828 140734426768464 0 0 0 0 0 0 0 0 0 17 82 0 0 0 0 0 6397400 6398600 15110144 140734426774139 140734426774252 140734426774252 140734426775453 0
/proc/20/statm: 104619 102642 886 26 0 103180 0
Current children cumulated CPU time: 160.44 s
Current children cumulated vsize: 639320 KiB
Current children cumulated memory: 481368 KiB

[startup+222.3 s]
/proc/loadavg: 63.15 62.67 61.93 61/3126 20
/proc/meminfo: memFree=271186292/527542200 swapFree=456/33554428
[pid=16] ppid=13 vsize=220844 memory=70800 CPUtime=0.79 cores=74-87,186-199
/proc/16/stat : 16 (python3) S 13 16 0 0 -1 4194304 13224 0 298 0 68 11 0 0 20 0 1 0 522738743 226144256 17700 67087892480 94697779605504 94697782876205 140721614809744 0 0 0 0 16781312 2 1 0 0 17 76 0 0 81 0 0 94697785239568 94697785523608 94697799462912 140721614818049 140721614818119 140721614818119 140721614819303 0
/proc/16/statm: 55211 17700 5193 799 0 21918 0
[pid=20] ppid=16 vsize=491112 memory=462440 CPUtime=219.32 cores=74-87,186-199
/proc/20/stat : 20 (BNetToPrime_lin) R 16 16 0 0 -1 4194304 96527 0 3 0 21915 17 0 0 20 0 1 0 522738921 502898688 115610 67087892480 4194304 4299828 140734426768464 0 0 0 0 0 0 0 0 0 17 77 0 0 0 0 0 6397400 6398600 15110144 140734426774139 140734426774252 140734426774252 140734426775453 0
/proc/20/statm: 122778 115610 886 26 0 121339 0
Current children cumulated CPU time: 220.11 s
Current children cumulated vsize: 711956 KiB
Current children cumulated memory: 533240 KiB

[startup+282.3 s]
/proc/loadavg: 61.32 62.28 61.85 63/3123 20
/proc/meminfo: memFree=271364600/527542200 swapFree=112/33554428
[pid=16] ppid=13 vsize=220844 memory=70800 CPUtime=0.79 cores=74-87,186-199
/proc/16/stat : 16 (python3) S 13 16 0 0 -1 4194304 13224 0 298 0 68 11 0 0 20 0 1 0 522738743 226144256 17700 67087892480 94697779605504 94697782876205 140721614809744 0 0 0 0 16781312 2 1 0 0 17 76 0 0 81 0 0 94697785239568 94697785523608 94697799462912 140721614818049 140721614818119 140721614818119 140721614819303 0
/proc/16/statm: 55211 17700 5193 799 0 21918 0
[pid=20] ppid=16 vsize=491244 memory=474840 CPUtime=279 cores=74-87,186-199
/proc/20/stat : 20 (BNetToPrime_lin) R 16 16 0 0 -1 4194304 96584 0 3 0 27882 18 0 0 20 0 1 0 522738921 503033856 118710 67087892480 4194304 4299828 140734426768464 0 0 0 0 0 0 0 0 0 17 82 0 0 0 0 0 6397400 6398600 15110144 140734426774139 140734426774252 140734426774252 140734426775453 0
/proc/20/statm: 122811 118710 886 26 0 121372 0
Current children cumulated CPU time: 279.79 s
Current children cumulated vsize: 712088 KiB
Current children cumulated memory: 545640 KiB

[startup+342.3 s]
/proc/loadavg: 62.44 62.35 61.89 60/3130 20
/proc/meminfo: memFree=269994332/527542200 swapFree=24/33554428
[pid=16] ppid=13 vsize=220844 memory=70800 CPUtime=0.79 cores=74-87,186-199
/proc/16/stat : 16 (python3) S 13 16 0 0 -1 4194304 13224 0 298 0 68 11 0 0 20 0 1 0 522738743 226144256 17700 67087892480 94697779605504 94697782876205 140721614809744 0 0 0 0 16781312 2 1 0 0 17 76 0 0 81 0 0 94697785239568 94697785523608 94697799462912 140721614818049 140721614818119 140721614818119 140721614819303 0
/proc/16/statm: 55211 17700 5193 799 0 21918 0
[pid=20] ppid=16 vsize=646812 memory=568928 CPUtime=338.66 cores=74-87,186-199
/proc/20/stat : 20 (BNetToPrime_lin) R 16 16 0 0 -1 4194304 118134 0 3 0 33842 24 0 0 20 0 1 0 522738921 662335488 142232 67087892480 4194304 4299828 140734426768464 0 0 0 0 0 0 0 0 0 17 75 0 0 0 0 0 6397400 6398600 15110144 140734426774139 140734426774252 140734426774252 140734426775453 0
/proc/20/statm: 161703 142232 886 26 0 160264 0
Current children cumulated CPU time: 339.45 s
Current children cumulated vsize: 867656 KiB
Current children cumulated memory: 639728 KiB

[startup+402.3 s]
/proc/loadavg: 62.51 62.46 61.97 61/3131 20
/proc/meminfo: memFree=270570416/527542200 swapFree=12/33554428
[pid=16] ppid=13 vsize=220844 memory=70800 CPUtime=0.79 cores=74-87,186-199
/proc/16/stat : 16 (python3) S 13 16 0 0 -1 4194304 13224 0 298 0 68 11 0 0 20 0 1 0 522738743 226144256 17700 67087892480 94697779605504 94697782876205 140721614809744 0 0 0 0 16781312 2 1 0 0 17 76 0 0 81 0 0 94697785239568 94697785523608 94697799462912 140721614818049 140721614818119 140721614818119 140721614819303 0
/proc/16/statm: 55211 17700 5193 799 0 21918 0
[pid=20] ppid=16 vsize=646812 memory=581216 CPUtime=398.33 cores=74-87,186-199
/proc/20/stat : 20 (BNetToPrime_lin) R 16 16 0 0 -1 4194304 118148 0 3 0 39809 24 0 0 20 0 1 0 522738921 662335488 145304 67087892480 4194304 4299828 140734426768464 0 0 0 0 0 0 0 0 0 17 81 0 0 0 0 0 6397400 6398600 15110144 140734426774139 140734426774252 140734426774252 140734426775453 0
/proc/20/statm: 161703 145304 886 26 0 160264 0
Current children cumulated CPU time: 399.12 s
Current children cumulated vsize: 867656 KiB
Current children cumulated memory: 652016 KiB

[startup+462.3 s]
/proc/loadavg: 61.32 62.15 61.89 58/3135 20
/proc/meminfo: memFree=270113044/527542200 swapFree=4/33554428
[pid=16] ppid=13 vsize=220844 memory=70800 CPUtime=0.79 cores=74-87,186-199
/proc/16/stat : 16 (python3) S 13 16 0 0 -1 4194304 13224 0 298 0 68 11 0 0 20 0 1 0 522738743 226144256 17700 67087892480 94697779605504 94697782876205 140721614809744 0 0 0 0 16781312 2 1 0 0 17 76 0 0 81 0 0 94697785239568 94697785523608 94697799462912 140721614818049 140721614818119 140721614818119 140721614819303 0
/proc/16/statm: 55211 17700 5193 799 0 21918 0
[pid=20] ppid=16 vsize=646812 memory=591456 CPUtime=458.01 cores=74-87,186-199
/proc/20/stat : 20 (BNetToPrime_lin) R 16 16 0 0 -1 4194304 118159 0 3 0 45776 25 0 0 20 0 1 0 522738921 662335488 147864 67087892480 4194304 4299828 140734426768464 0 0 0 0 0 0 0 0 0 17 82 0 0 0 0 0 6397400 6398600 15110144 140734426774139 140734426774252 140734426774252 140734426775453 0
/proc/20/statm: 161703 147864 886 26 0 160264 0
Current children cumulated CPU time: 458.8 s
Current children cumulated vsize: 867656 KiB
Current children cumulated memory: 662256 KiB

[startup+522.3 s]
/proc/loadavg: 63.79 62.76 62.12 60/3134 20
/proc/meminfo: memFree=269918768/527542200 swapFree=40/33554428
[pid=16] ppid=13 vsize=220844 memory=70800 CPUtime=0.79 cores=74-87,186-199
/proc/16/stat : 16 (python3) S 13 16 0 0 -1 4194304 13224 0 298 0 68 11 0 0 20 0 1 0 522738743 226144256 17700 67087892480 94697779605504 94697782876205 140721614809744 0 0 0 0 16781312 2 1 0 0 17 76 0 0 81 0 0 94697785239568 94697785523608 94697799462912 140721614818049 140721614818119 140721614818119 140721614819303 0
/proc/16/statm: 55211 17700 5193 799 0 21918 0
[pid=20] ppid=16 vsize=646812 memory=599648 CPUtime=517.66 cores=74-87,186-199
/proc/20/stat : 20 (BNetToPrime_lin) R 16 16 0 0 -1 4194304 118169 0 3 0 51741 25 0 0 20 0 1 0 522738921 662335488 149912 67087892480 4194304 4299828 140734426768464 0 0 0 0 0 0 0 0 0 17 80 0 0 0 0 0 6397400 6398600 15110144 140734426774139 140734426774252 140734426774252 140734426775453 0
/proc/20/statm: 161703 149912 886 26 0 160264 0
Current children cumulated CPU time: 518.45 s
Current children cumulated vsize: 867656 KiB
Current children cumulated memory: 670448 KiB

[startup+582.3 s]
/proc/loadavg: 62.66 62.62 62.11 56/3140 20
/proc/meminfo: memFree=269055204/527542200 swapFree=44/33554428
[pid=16] ppid=13 vsize=220844 memory=70800 CPUtime=0.79 cores=74-87,186-199
/proc/16/stat : 16 (python3) S 13 16 0 0 -1 4194304 13224 0 298 0 68 11 0 0 20 0 1 0 522738743 226144256 17700 67087892480 94697779605504 94697782876205 140721614809744 0 0 0 0 16781312 2 1 0 0 17 76 0 0 81 0 0 94697785239568 94697785523608 94697799462912 140721614818049 140721614818119 140721614818119 140721614819303 0
/proc/16/statm: 55211 17700 5193 799 0 21918 0
[pid=20] ppid=16 vsize=646812 memory=609888 CPUtime=577.32 cores=74-87,186-199
/proc/20/stat : 20 (BNetToPrime_lin) R 16 16 0 0 -1 4194304 118179 0 3 0 57706 26 0 0 20 0 1 0 522738921 662335488 152472 67087892480 4194304 4299828 140734426768464 0 0 0 0 0 0 0 0 0 17 83 0 0 0 0 0 6397400 6398600 15110144 140734426774139 140734426774252 140734426774252 140734426775453 0
/proc/20/statm: 161703 152472 886 26 0 160264 0
Current children cumulated CPU time: 578.11 s
Current children cumulated vsize: 867656 KiB
Current children cumulated memory: 680688 KiB

[startup+642.3 s]
/proc/loadavg: 62.24 62.55 62.12 60/3142 20
/proc/meminfo: memFree=267193152/527542200 swapFree=780/33554428
[pid=16] ppid=13 vsize=220844 memory=70800 CPUtime=0.79 cores=74-87,186-199
/proc/16/stat : 16 (python3) S 13 16 0 0 -1 4194304 13224 0 298 0 68 11 0 0 20 0 1 0 522738743 226144256 17700 67087892480 94697779605504 94697782876205 140721614809744 0 0 0 0 16781312 2 1 0 0 17 76 0 0 81 0 0 94697785239568 94697785523608 94697799462912 140721614818049 140721614818119 140721614818119 140721614819303 0
/proc/16/statm: 55211 17700 5193 799 0 21918 0
[pid=20] ppid=16 vsize=647340 memory=618624 CPUtime=636.98 cores=74-87,186-199
/proc/20/stat : 20 (BNetToPrime_lin) R 16 16 0 0 -1 4194304 118334 0 3 0 63671 27 0 0 20 0 1 0 522738921 662876160 154656 67087892480 4194304 4299828 140734426768464 0 0 0 0 0 0 0 0 0 17 77 0 0 0 0 0 6397400 6398600 15110144 140734426774139 140734426774252 140734426774252 140734426775453 0
/proc/20/statm: 161835 154656 886 26 0 160396 0
Current children cumulated CPU time: 637.77 s
Current children cumulated vsize: 868184 KiB
Current children cumulated memory: 689424 KiB

[startup+702.3 s]
/proc/loadavg: 61.33 62.28 62.05 55/3151 20
/proc/meminfo: memFree=262633348/527542200 swapFree=696/33554428
[pid=16] ppid=13 vsize=220844 memory=70800 CPUtime=0.79 cores=74-87,186-199
/proc/16/stat : 16 (python3) S 13 16 0 0 -1 4194304 13224 0 298 0 68 11 0 0 20 0 1 0 522738743 226144256 17700 67087892480 94697779605504 94697782876205 140721614809744 0 0 0 0 16781312 2 1 0 0 17 76 0 0 81 0 0 94697785239568 94697785523608 94697799462912 140721614818049 140721614818119 140721614818119 140721614819303 0
/proc/16/statm: 55211 17700 5193 799 0 21918 0
[pid=20] ppid=16 vsize=659880 memory=641236 CPUtime=696.64 cores=74-87,186-199
/proc/20/stat : 20 (BNetToPrime_lin) R 16 16 0 0 -1 4194304 121476 0 3 0 69635 29 0 0 20 0 1 0 522738921 675717120 160309 67087892480 4194304 4299828 140734426768464 0 0 0 0 0 0 0 0 0 17 82 0 0 0 0 0 6397400 6398600 15110144 140734426774139 140734426774252 140734426774252 140734426775453 0
/proc/20/statm: 164970 160309 886 26 0 163531 0
Current children cumulated CPU time: 697.43 s
Current children cumulated vsize: 880724 KiB
Current children cumulated memory: 712036 KiB

[startup+762.3 s]
/proc/loadavg: 60.23 61.79 61.90 56/3148 20
/proc/meminfo: memFree=264792040/527542200 swapFree=764/33554428
[pid=16] ppid=13 vsize=220844 memory=70800 CPUtime=0.79 cores=74-87,186-199
/proc/16/stat : 16 (python3) S 13 16 0 0 -1 4194304 13224 0 298 0 68 11 0 0 20 0 1 0 522738743 226144256 17700 67087892480 94697779605504 94697782876205 140721614809744 0 0 0 0 16781312 2 1 0 0 17 76 0 0 81 0 0 94697785239568 94697785523608 94697799462912 140721614818049 140721614818119 140721614818119 140721614819303 0
/proc/16/statm: 55211 17700 5193 799 0 21918 0
[pid=20] ppid=16 vsize=672420 memory=662056 CPUtime=756.3 cores=74-87,186-199
/proc/20/stat : 20 (BNetToPrime_lin) R 16 16 0 0 -1 4194304 124627 0 3 0 75599 31 0 0 20 0 1 0 522738921 688558080 165514 67087892480 4194304 4299828 140734426768464 0 0 0 0 0 0 0 0 0 17 80 0 0 0 0 0 6397400 6398600 15110144 140734426774139 140734426774252 140734426774252 140734426775453 0
/proc/20/statm: 168105 165514 886 26 0 166666 0
Current children cumulated CPU time: 757.09 s
Current children cumulated vsize: 893264 KiB
Current children cumulated memory: 732856 KiB

[startup+822.3 s]
/proc/loadavg: 61.72 61.97 61.95 67/3147 20
/proc/meminfo: memFree=266735120/527542200 swapFree=880/33554428
[pid=16] ppid=13 vsize=220844 memory=70800 CPUtime=0.79 cores=74-87,186-199
/proc/16/stat : 16 (python3) S 13 16 0 0 -1 4194304 13224 0 298 0 68 11 0 0 20 0 1 0 522738743 226144256 17700 67087892480 94697779605504 94697782876205 140721614809744 0 0 0 0 16781312 2 1 0 0 17 76 0 0 81 0 0 94697785239568 94697785523608 94697799462912 140721614818049 140721614818119 140721614818119 140721614819303 0
/proc/16/statm: 55211 17700 5193 799 0 21918 0
[pid=20] ppid=16 vsize=958080 memory=810624 CPUtime=815.95 cores=74-87,186-199
/proc/20/stat : 20 (BNetToPrime_lin) R 16 16 0 0 -1 4194304 160360 0 3 0 81555 40 0 0 20 0 1 0 522738921 981073920 202656 67087892480 4194304 4299828 140734426768464 0 0 0 0 0 0 0 0 0 17 82 0 0 0 0 0 6397400 6398600 15110144 140734426774139 140734426774252 140734426774252 140734426775453 0
/proc/20/statm: 239520 202656 886 26 0 238081 0
Current children cumulated CPU time: 816.74 s
Current children cumulated vsize: 1178924 KiB
Current children cumulated memory: 881424 KiB

[startup+882.3 s]
/proc/loadavg: 61.84 62.00 61.97 51/3147 20
/proc/meminfo: memFree=270473224/527542200 swapFree=972/33554428
[pid=16] ppid=13 vsize=220844 memory=70800 CPUtime=0.79 cores=74-87,186-199
/proc/16/stat : 16 (python3) S 13 16 0 0 -1 4194304 13224 0 298 0 68 11 0 0 20 0 1 0 522738743 226144256 17700 67087892480 94697779605504 94697782876205 140721614809744 0 0 0 0 16781312 2 1 0 0 17 76 0 0 81 0 0 94697785239568 94697785523608 94697799462912 140721614818049 140721614818119 140721614818119 140721614819303 0
/proc/16/statm: 55211 17700 5193 799 0 21918 0
[pid=20] ppid=16 vsize=958080 memory=818816 CPUtime=875.62 cores=74-87,186-199
/proc/20/stat : 20 (BNetToPrime_lin) R 16 16 0 0 -1 4194304 160366 0 3 0 87521 41 0 0 20 0 1 0 522738921 981073920 204704 67087892480 4194304 4299828 140734426768464 0 0 0 0 0 0 0 0 0 17 81 0 0 0 0 0 6397400 6398600 15110144 140734426774139 140734426774252 140734426774252 140734426775453 0
/proc/20/statm: 239520 204704 886 26 0 238081 0
Current children cumulated CPU time: 876.41 s
Current children cumulated vsize: 1178924 KiB
Current children cumulated memory: 889616 KiB

[startup+942.3 s]
/proc/loadavg: 60.83 61.69 61.86 51/3147 20
/proc/meminfo: memFree=270244624/527542200 swapFree=132/33554428
[pid=16] ppid=13 vsize=220844 memory=70800 CPUtime=0.79 cores=74-87,186-199
/proc/16/stat : 16 (python3) S 13 16 0 0 -1 4194304 13224 0 298 0 68 11 0 0 20 0 1 0 522738743 226144256 17700 67087892480 94697779605504 94697782876205 140721614809744 0 0 0 0 16781312 2 1 0 0 17 76 0 0 81 0 0 94697785239568 94697785523608 94697799462912 140721614818049 140721614818119 140721614818119 140721614819303 0
/proc/16/statm: 55211 17700 5193 799 0 21918 0
[pid=20] ppid=16 vsize=958080 memory=827008 CPUtime=935.27 cores=74-87,186-199
/proc/20/stat : 20 (BNetToPrime_lin) R 16 16 0 0 -1 4194304 160380 0 3 0 93486 41 0 0 20 0 1 0 522738921 981073920 206752 67087892480 4194304 4299828 140734426768464 0 0 0 0 0 0 0 0 0 17 83 0 0 0 0 0 6397400 6398600 15110144 140734426774139 140734426774252 140734426774252 140734426775453 0
/proc/20/statm: 239520 206752 886 26 0 238081 0
Current children cumulated CPU time: 936.06 s
Current children cumulated vsize: 1178924 KiB
Current children cumulated memory: 897808 KiB

[startup+1002.3 s]
/proc/loadavg: 62.25 61.94 61.94 59/3141 20
/proc/meminfo: memFree=270253544/527542200 swapFree=0/33554428
[pid=16] ppid=13 vsize=220844 memory=70800 CPUtime=0.79 cores=74-87,186-199
/proc/16/stat : 16 (python3) S 13 16 0 0 -1 4194304 13224 0 298 0 68 11 0 0 20 0 1 0 522738743 226144256 17700 67087892480 94697779605504 94697782876205 140721614809744 0 0 0 0 16781312 2 1 0 0 17 76 0 0 81 0 0 94697785239568 94697785523608 94697799462912 140721614818049 140721614818119 140721614818119 140721614819303 0
/proc/16/statm: 55211 17700 5193 799 0 21918 0
[pid=20] ppid=16 vsize=958080 memory=837248 CPUtime=994.93 cores=74-87,186-199
/proc/20/stat : 20 (BNetToPrime_lin) R 16 16 0 0 -1 4194304 160390 0 3 0 99451 42 0 0 20 0 1 0 522738921 981073920 209312 67087892480 4194304 4299828 140734426768464 0 0 0 0 0 0 0 0 0 17 83 0 0 0 0 0 6397400 6398600 15110144 140734426774139 140734426774252 140734426774252 140734426775453 0
/proc/20/statm: 239520 209312 886 26 0 238081 0
Current children cumulated CPU time: 995.72 s
Current children cumulated vsize: 1178924 KiB
Current children cumulated memory: 908048 KiB

[startup+1062.3 s]
/proc/loadavg: 62.23 61.99 61.95 54/3135 20
/proc/meminfo: memFree=268943724/527542200 swapFree=0/33554428
[pid=16] ppid=13 vsize=220844 memory=70800 CPUtime=0.79 cores=74-87,186-199
/proc/16/stat : 16 (python3) S 13 16 0 0 -1 4194304 13224 0 298 0 68 11 0 0 20 0 1 0 522738743 226144256 17700 67087892480 94697779605504 94697782876205 140721614809744 0 0 0 0 16781312 2 1 0 0 17 76 0 0 81 0 0 94697785239568 94697785523608 94697799462912 140721614818049 140721614818119 140721614818119 140721614819303 0
/proc/16/statm: 55211 17700 5193 799 0 21918 0
[pid=20] ppid=16 vsize=958080 memory=843392 CPUtime=1054.59 cores=74-87,186-199
/proc/20/stat : 20 (BNetToPrime_lin) R 16 16 0 0 -1 4194304 160398 0 3 0 105417 42 0 0 20 0 1 0 522738921 981073920 210848 67087892480 4194304 4299828 140734426768464 0 0 0 0 0 0 0 0 0 17 187 0 0 0 0 0 6397400 6398600 15110144 140734426774139 140734426774252 140734426774252 140734426775453 0
/proc/20/statm: 239520 210848 886 26 0 238081 0
Current children cumulated CPU time: 1055.38 s
Current children cumulated vsize: 1178924 KiB
Current children cumulated memory: 914192 KiB

[startup+1122.3 s]
/proc/loadavg: 60.91 61.69 61.86 55/3134 20
/proc/meminfo: memFree=268055304/527542200 swapFree=0/33554428
[pid=16] ppid=13 vsize=220844 memory=70800 CPUtime=0.79 cores=74-87,186-199
/proc/16/stat : 16 (python3) S 13 16 0 0 -1 4194304 13224 0 298 0 68 11 0 0 20 0 1 0 522738743 226144256 17700 67087892480 94697779605504 94697782876205 140721614809744 0 0 0 0 16781312 2 1 0 0 17 76 0 0 81 0 0 94697785239568 94697785523608 94697799462912 140721614818049 140721614818119 140721614818119 140721614819303 0
/proc/16/statm: 55211 17700 5193 799 0 21918 0
[pid=20] ppid=16 vsize=958080 memory=853632 CPUtime=1114.26 cores=74-87,186-199
/proc/20/stat : 20 (BNetToPrime_lin) R 16 16 0 0 -1 4194304 160414 0 3 0 111383 43 0 0 20 0 1 0 522738921 981073920 213408 67087892480 4194304 4299828 140734426768464 0 0 0 0 0 0 0 0 0 17 83 0 0 0 0 0 6397400 6398600 15110144 140734426774139 140734426774252 140734426774252 140734426775453 0
/proc/20/statm: 239520 213408 886 26 0 238081 0
Current children cumulated CPU time: 1115.05 s
Current children cumulated vsize: 1178924 KiB
Current children cumulated memory: 924432 KiB

[startup+1182.3 s]
/proc/loadavg: 61.80 61.73 61.85 65/3144 20
/proc/meminfo: memFree=266097428/527542200 swapFree=4/33554428
[pid=16] ppid=13 vsize=220844 memory=70800 CPUtime=0.79 cores=74-87,186-199
/proc/16/stat : 16 (python3) S 13 16 0 0 -1 4194304 13224 0 298 0 68 11 0 0 20 0 1 0 522738743 226144256 17700 67087892480 94697779605504 94697782876205 140721614809744 0 0 0 0 16781312 2 1 0 0 17 76 0 0 81 0 0 94697785239568 94697785523608 94697799462912 140721614818049 140721614818119 140721614818119 140721614819303 0
/proc/16/statm: 55211 17700 5193 799 0 21918 0
[pid=20] ppid=16 vsize=958080 memory=861824 CPUtime=1173.91 cores=74-87,186-199
/proc/20/stat : 20 (BNetToPrime_lin) R 16 16 0 0 -1 4194304 160422 0 3 0 117348 43 0 0 20 0 1 0 522738921 981073920 215456 67087892480 4194304 4299828 140734426768464 0 0 0 0 0 0 0 0 0 17 80 0 0 0 0 0 6397400 6398600 15110144 140734426774139 140734426774252 140734426774252 140734426775453 0
/proc/20/statm: 239520 215456 886 26 0 238081 0
Current children cumulated CPU time: 1174.7 s
Current children cumulated vsize: 1178924 KiB
Current children cumulated memory: 932624 KiB

[startup+1242.3 s]
/proc/loadavg: 61.20 61.51 61.76 58/3146 20
/proc/meminfo: memFree=260622688/527542200 swapFree=16/33554428
[pid=16] ppid=13 vsize=220844 memory=70800 CPUtime=0.79 cores=74-87,186-199
/proc/16/stat : 16 (python3) S 13 16 0 0 -1 4194304 13224 0 298 0 68 11 0 0 20 0 1 0 522738743 226144256 17700 67087892480 94697779605504 94697782876205 140721614809744 0 0 0 0 16781312 2 1 0 0 17 76 0 0 81 0 0 94697785239568 94697785523608 94697799462912 140721614818049 140721614818119 140721614818119 140721614819303 0
/proc/16/statm: 55211 17700 5193 799 0 21918 0
[pid=20] ppid=16 vsize=958080 memory=870016 CPUtime=1233.59 cores=74-87,186-199
/proc/20/stat : 20 (BNetToPrime_lin) R 16 16 0 0 -1 4194304 160454 0 3 0 123312 47 0 0 20 0 1 0 522738921 981073920 217504 67087892480 4194304 4299828 140734426768464 0 0 0 0 0 0 0 0 0 17 81 0 0 0 0 0 6397400 6398600 15110144 140734426774139 140734426774252 140734426774252 140734426775453 0
/proc/20/statm: 239520 217504 886 26 0 238081 0
Current children cumulated CPU time: 1234.38 s
Current children cumulated vsize: 1178924 KiB
Current children cumulated memory: 940816 KiB

[startup+1302.3 s]
/proc/loadavg: 61.92 61.57 61.77 53/3148 20
/proc/meminfo: memFree=260510724/527542200 swapFree=312/33554428
[pid=16] ppid=13 vsize=220844 memory=70800 CPUtime=0.79 cores=74-87,186-199
/proc/16/stat : 16 (python3) S 13 16 0 0 -1 4194304 13224 0 298 0 68 11 0 0 20 0 1 0 522738743 226144256 17700 67087892480 94697779605504 94697782876205 140721614809744 0 0 0 0 16781312 2 1 0 0 17 76 0 0 81 0 0 94697785239568 94697785523608 94697799462912 140721614818049 140721614818119 140721614818119 140721614819303 0
/proc/16/statm: 55211 17700 5193 799 0 21918 0
[pid=20] ppid=16 vsize=958080 memory=880256 CPUtime=1293.26 cores=74-87,186-199
/proc/20/stat : 20 (BNetToPrime_lin) R 16 16 0 0 -1 4194304 160468 0 3 0 129277 49 0 0 20 0 1 0 522738921 981073920 220064 67087892480 4194304 4299828 140734426768464 0 0 0 0 0 0 0 0 0 17 81 0 0 0 0 0 6397400 6398600 15110144 140734426774139 140734426774252 140734426774252 140734426775453 0
/proc/20/statm: 239520 220064 886 26 0 238081 0
Current children cumulated CPU time: 1294.05 s
Current children cumulated vsize: 1178924 KiB
Current children cumulated memory: 951056 KiB

[startup+1362.3 s]
/proc/loadavg: 62.23 61.73 61.81 47/3150 20
/proc/meminfo: memFree=266614208/527542200 swapFree=16/33554428
[pid=16] ppid=13 vsize=220844 memory=70800 CPUtime=0.79 cores=74-87,186-199
/proc/16/stat : 16 (python3) S 13 16 0 0 -1 4194304 13224 0 298 0 68 11 0 0 20 0 1 0 522738743 226144256 17700 67087892480 94697779605504 94697782876205 140721614809744 0 0 0 0 16781312 2 1 0 0 17 76 0 0 81 0 0 94697785239568 94697785523608 94697799462912 140721614818049 140721614818119 140721614818119 140721614819303 0
/proc/16/statm: 55211 17700 5193 799 0 21918 0
[pid=20] ppid=16 vsize=958080 memory=890496 CPUtime=1352.93 cores=74-87,186-199
/proc/20/stat : 20 (BNetToPrime_lin) R 16 16 0 0 -1 4194304 160477 0 3 0 135243 50 0 0 20 0 1 0 522738921 981073920 222624 67087892480 4194304 4299828 140734426768464 0 0 0 0 0 0 0 0 0 17 80 0 0 0 0 0 6397400 6398600 15110144 140734426774139 140734426774252 140734426774252 140734426775453 0
/proc/20/statm: 239520 222624 886 26 0 238081 0
Current children cumulated CPU time: 1353.72 s
Current children cumulated vsize: 1178924 KiB
Current children cumulated memory: 961296 KiB

[startup+1422.3 s]
/proc/loadavg: 61.82 61.70 61.80 72/3149 20
/proc/meminfo: memFree=268740140/527542200 swapFree=124/33554428
[pid=16] ppid=13 vsize=220844 memory=70800 CPUtime=0.79 cores=74-87,186-199
/proc/16/stat : 16 (python3) S 13 16 0 0 -1 4194304 13224 0 298 0 68 11 0 0 20 0 1 0 522738743 226144256 17700 67087892480 94697779605504 94697782876205 140721614809744 0 0 0 0 16781312 2 1 0 0 17 76 0 0 81 0 0 94697785239568 94697785523608 94697799462912 140721614818049 140721614818119 140721614818119 140721614819303 0
/proc/16/statm: 55211 17700 5193 799 0 21918 0
[pid=20] ppid=16 vsize=958080 memory=898688 CPUtime=1412.59 cores=74-87,186-199
/proc/20/stat : 20 (BNetToPrime_lin) R 16 16 0 0 -1 4194304 160493 0 3 0 141209 50 0 0 20 0 1 0 522738921 981073920 224672 67087892480 4194304 4299828 140734426768464 0 0 0 0 0 0 0 0 0 17 81 0 0 0 0 0 6397400 6398600 15110144 140734426774139 140734426774252 140734426774252 140734426775453 0
/proc/20/statm: 239520 224672 886 26 0 238081 0
Current children cumulated CPU time: 1413.38 s
Current children cumulated vsize: 1178924 KiB
Current children cumulated memory: 969488 KiB

[startup+1482.3 s]
/proc/loadavg: 61.71 61.68 61.78 61/3143 20
/proc/meminfo: memFree=268129088/527542200 swapFree=156/33554428
[pid=16] ppid=13 vsize=220844 memory=70800 CPUtime=0.79 cores=74-87,186-199
/proc/16/stat : 16 (python3) S 13 16 0 0 -1 4194304 13224 0 298 0 68 11 0 0 20 0 1 0 522738743 226144256 17700 67087892480 94697779605504 94697782876205 140721614809744 0 0 0 0 16781312 2 1 0 0 17 76 0 0 81 0 0 94697785239568 94697785523608 94697799462912 140721614818049 140721614818119 140721614818119 140721614819303 0
/proc/16/statm: 55211 17700 5193 799 0 21918 0
[pid=20] ppid=16 vsize=962436 memory=913092 CPUtime=1472.25 cores=74-87,186-199
/proc/20/stat : 20 (BNetToPrime_lin) R 16 16 0 0 -1 4194304 161599 0 3 0 147174 51 0 0 20 0 1 0 522738921 985534464 228273 67087892480 4194304 4299828 140734426768464 0 0 0 0 0 0 0 0 0 17 79 0 0 0 0 0 6397400 6398600 15110144 140734426774139 140734426774252 140734426774252 140734426775453 0
/proc/20/statm: 240609 228273 886 26 0 239170 0
Current children cumulated CPU time: 1473.04 s
Current children cumulated vsize: 1183280 KiB
Current children cumulated memory: 983892 KiB

[startup+1542.3 s]
/proc/loadavg: 60.76 61.37 61.66 58/3128 20
/proc/meminfo: memFree=268635472/527542200 swapFree=244/33554428
[pid=16] ppid=13 vsize=220844 memory=70800 CPUtime=0.79 cores=74-87,186-199
/proc/16/stat : 16 (python3) S 13 16 0 0 -1 4194304 13224 0 298 0 68 11 0 0 20 0 1 0 522738743 226144256 17700 67087892480 94697779605504 94697782876205 140721614809744 0 0 0 0 16781312 2 1 0 0 17 76 0 0 81 0 0 94697785239568 94697785523608 94697799462912 140721614818049 140721614818119 140721614818119 140721614819303 0
/proc/16/statm: 55211 17700 5193 799 0 21918 0
[pid=20] ppid=16 vsize=974712 memory=933660 CPUtime=1531.91 cores=74-87,186-199
/proc/20/stat : 20 (BNetToPrime_lin) R 16 16 0 0 -1 4194304 164688 0 3 0 153138 53 0 0 20 0 1 0 522738921 998105088 233415 67087892480 4194304 4299828 140734426768464 0 0 0 0 0 0 0 0 0 17 83 0 0 0 0 0 6397400 6398600 15110144 140734426774139 140734426774252 140734426774252 140734426775453 0
/proc/20/statm: 243678 233415 886 26 0 242239 0
Current children cumulated CPU time: 1532.7 s
Current children cumulated vsize: 1195556 KiB
Current children cumulated memory: 1004460 KiB

[startup+1602.3 s]
/proc/loadavg: 61.42 61.58 61.73 54/3125 20
/proc/meminfo: memFree=267667616/527542200 swapFree=384/33554428
[pid=16] ppid=13 vsize=220844 memory=70800 CPUtime=0.79 cores=74-87,186-199
/proc/16/stat : 16 (python3) S 13 16 0 0 -1 4194304 13224 0 298 0 68 11 0 0 20 0 1 0 522738743 226144256 17700 67087892480 94697779605504 94697782876205 140721614809744 0 0 0 0 16781312 2 1 0 0 17 76 0 0 81 0 0 94697785239568 94697785523608 94697799462912 140721614818049 140721614818119 140721614818119 140721614819303 0
/proc/16/statm: 55211 17700 5193 799 0 21918 0
[pid=20] ppid=16 vsize=988044 memory=957328 CPUtime=1591.58 cores=74-87,186-199
/proc/20/stat : 20 (BNetToPrime_lin) R 16 16 0 0 -1 4194304 168012 0 3 0 159102 56 0 0 20 0 1 0 522738921 1011757056 239332 67087892480 4194304 4299828 140734426768464 0 0 0 0 0 0 0 0 0 17 77 0 0 0 0 0 6397400 6398600 15110144 140734426774139 140734426774252 140734426774252 140734426775453 0
/proc/20/statm: 247011 239332 886 26 0 245572 0
Current children cumulated CPU time: 1592.37 s
Current children cumulated vsize: 1208888 KiB
Current children cumulated memory: 1028128 KiB

[startup+1662.3 s]
/proc/loadavg: 62.87 61.96 61.85 56/3126 20
/proc/meminfo: memFree=269305112/527542200 swapFree=576/33554428
[pid=16] ppid=13 vsize=220844 memory=70800 CPUtime=0.79 cores=74-87,186-199
/proc/16/stat : 16 (python3) S 13 16 0 0 -1 4194304 13224 0 298 0 68 11 0 0 20 0 1 0 522738743 226144256 17700 67087892480 94697779605504 94697782876205 140721614809744 0 0 0 0 16781312 2 1 0 0 17 76 0 0 81 0 0 94697785239568 94697785523608 94697799462912 140721614818049 140721614818119 140721614818119 140721614819303 0
/proc/16/statm: 55211 17700 5193 799 0 21918 0
[pid=20] ppid=16 vsize=1004940 memory=988516 CPUtime=1651.24 cores=74-87,186-199
/proc/20/stat : 20 (BNetToPrime_lin) R 16 16 0 0 -1 4194304 172255 0 3 0 165065 59 0 0 20 0 1 0 522738921 1029058560 247129 67087892480 4194304 4299828 140734426768464 0 0 0 0 0 0 0 0 0 17 80 0 0 0 0 0 6397400 6398600 15110144 140734426774139 140734426774252 140734426774252 140734426775453 0
/proc/20/statm: 251235 247129 886 26 0 249796 0
Current children cumulated CPU time: 1652.03 s
Current children cumulated vsize: 1225784 KiB
Current children cumulated memory: 1059316 KiB

[startup+1722.3 s]
/proc/loadavg: 61.76 61.79 61.79 64/3128 20
/proc/meminfo: memFree=269789492/527542200 swapFree=28/33554428
[pid=16] ppid=13 vsize=220844 memory=70800 CPUtime=0.79 cores=74-87,186-199
/proc/16/stat : 16 (python3) S 13 16 0 0 -1 4194304 13224 0 298 0 68 11 0 0 20 0 1 0 522738743 226144256 17700 67087892480 94697779605504 94697782876205 140721614809744 0 0 0 0 16781312 2 1 0 0 17 76 0 0 81 0 0 94697785239568 94697785523608 94697799462912 140721614818049 140721614818119 140721614818119 140721614819303 0
/proc/16/statm: 55211 17700 5193 799 0 21918 0
[pid=20] ppid=16 vsize=1021572 memory=1014368 CPUtime=1710.89 cores=74-87,186-199
/proc/20/stat : 20 (BNetToPrime_lin) R 16 16 0 0 -1 4194304 176680 0 3 0 171028 61 0 0 20 0 1 0 522738921 1046089728 253592 67087892480 4194304 4299828 140734426768464 0 0 0 0 0 0 0 0 0 17 77 0 0 0 0 0 6397400 6398600 15110144 140734426774139 140734426774252 140734426774252 140734426775453 0
/proc/20/statm: 255393 253592 886 26 0 253954 0
Current children cumulated CPU time: 1711.68 s
Current children cumulated vsize: 1242416 KiB
Current children cumulated memory: 1085168 KiB

[startup+1782.3 s]
/proc/loadavg: 60.11 61.34 61.64 49/3131 20
/proc/meminfo: memFree=269866692/527542200 swapFree=116/33554428
[pid=16] ppid=13 vsize=220844 memory=70800 CPUtime=0.79 cores=74-87,186-199
/proc/16/stat : 16 (python3) S 13 16 0 0 -1 4194304 13224 0 298 0 68 11 0 0 20 0 1 0 522738743 226144256 17700 67087892480 94697779605504 94697782876205 140721614809744 0 0 0 0 16781312 2 1 0 0 17 76 0 0 81 0 0 94697785239568 94697785523608 94697799462912 140721614818049 140721614818119 140721614818119 140721614819303 0
/proc/16/statm: 55211 17700 5193 799 0 21918 0
[pid=20] ppid=16 vsize=1580616 memory=1291884 CPUtime=1770.55 cores=74-87,186-199
/proc/20/stat : 20 (BNetToPrime_lin) R 16 16 0 0 -1 4194304 243776 0 3 0 176979 76 0 0 20 0 1 0 522738921 1618550784 322971 67087892480 4194304 4299828 140734426768464 0 0 0 0 0 0 0 0 0 17 80 0 0 0 0 0 6397400 6398600 15110144 140734426774139 140734426774252 140734426774252 140734426775453 0
/proc/20/statm: 395154 322971 886 26 0 393715 0
Current children cumulated CPU time: 1771.34 s
Current children cumulated vsize: 1801460 KiB
Current children cumulated memory: 1362684 KiB



Maximum wall clock time exceeded: sending SIGTERM then SIGKILL

[startup+1800 s]*
/proc/loadavg: 60.39 61.33 61.63 63/3131 20
/proc/meminfo: memFree=269994744/527542200 swapFree=144/33554428
[pid=16] ppid=13 vsize=220844 memory=70800 CPUtime=0.79 cores=74-87,186-199
/proc/16/stat : 16 (python3) S 13 16 0 0 -1 4194304 13224 0 298 0 68 11 0 0 20 0 1 0 522738743 226144256 17700 67087892480 94697779605504 94697782876205 140721614809744 0 0 0 0 16781312 2 1 0 0 17 76 0 0 81 0 0 94697785239568 94697785523608 94697799462912 140721614818049 140721614818119 140721614818119 140721614819303 0
/proc/16/statm: 55211 17700 5193 799 0 21918 0
[pid=20] ppid=16 vsize=1580616 memory=1295980 CPUtime=1788.15 cores=74-87,186-199
/proc/20/stat : 20 (BNetToPrime_lin) R 16 16 0 0 -1 4194304 243779 0 3 0 178738 77 0 0 20 0 1 0 522738921 1618550784 323995 67087892480 4194304 4299828 140734426768464 0 0 0 0 0 0 0 0 0 17 77 0 0 0 0 0 6397400 6398600 15110144 140734426774139 140734426774252 140734426774252 140734426775453 0
/proc/20/statm: 395154 323995 886 26 0 393715 0
Current children cumulated CPU time: 1788.94 s
Current children cumulated vsize: 1801460 KiB
Current children cumulated memory: 1366780 KiB

Sending SIGTERM to process tree (bottom up)
Sleeping 2 seconds

[startup+1800.01 s]
# the end of solver process 16 was just reported to runsolver
# cumulated CPU time of all completed processes:  user=0.683676 s, system=0.120529 s

[startup+1800.05 s]
# the end of solver process 20 was just reported to runsolver
# cumulated CPU time of all completed processes:  user=1788.07 s, system=0.94286 s
# this solver process was not waited by its parent and was adopted by runsolver

Solver just ended.
??? end of watcher thread
Dumping a history of the last processes samples

Child ended because it received signal 15 (SIGTERM)
Real time (s): 1800.05
CPU time (s): 1789.01
CPU user time (s): 1788.07
CPU system time (s): 0.94286
CPU usage (%): 99.3866
Max. virtual memory (cumulated for all children) (KiB): 1998072
Max. memory (cumulated for all children) (KiB): 1548984

getrusage(RUSAGE_CHILDREN,...) data:
user time used= 1788.07
system time used= 0.94286
maximum resident set size= 1478184
integral shared memory size= 0
integral unshared data size= 0
integral unshared stack size= 0
page reclaims= 257003
page faults= 301
swaps= 0
block input operations= 93160
block output operations= 8
messages sent= 0
messages received= 0
signals received= 0
voluntary context switches= 10137
involuntary context switches= 9793


# summary of solver processes directly reported to runsolver:
#   pid: 16,20
#   total CPU time (s): 1789.01
#   total CPU user time (s): 1788.07
#   total CPU system time (s): 0.94286

??? join timestamper begins
??? join timestamper ends
??? end of timestamper thread
runsolver used 0.894785 second user time and 2.24684 second system time

The end
