runsolver version 3.4.1 (svn: 3018) Copyright (C) 2010-2013 Olivier ROUSSEL

This program is distributed in the hope that it will be useful,
but WITHOUT ANY WARRANTY; without even the implied warranty of
MERCHANTABILITY or FITNESS FOR A PARTICULAR PURPOSE.  See the
GNU General Public License for more details.

NUMA information:
  number of nodes: 8
  memory of node 0: 63700 MiB (61308 MiB free)
  memory of node 1: 64461 MiB (57767 MiB free)
  memory of node 2: 64504 MiB (63659 MiB free)
  memory of node 3: 64504 MiB (61430 MiB free)
  memory of node 4: 64504 MiB (63622 MiB free)
  memory of node 5: 64504 MiB (63553 MiB free)
  memory of node 6: 64504 MiB (43720 MiB free)
  memory of node 7: 64491 MiB (23565 MiB free)
  node distances:
     10  12  12  12  21  21  21  21
     12  10  12  12  21  21  21  21
     12  12  10  12  21  21  21  21
     12  12  12  10  21  21  21  21
     21  21  21  21  10  12  12  12
     21  21  21  21  12  10  12  12
     21  21  21  21  12  12  10  12
     21  21  21  21  12  12  12  10

command line: /usr/local/bin/runsolver --timestamp -w /output/runsolver-watch.log -v /output/runsolver-values.log -o /output/solver-output.log -C 1800.0 -W 1800.0 -R 64000 /opt/solver/run_bn4rust.py --mode cyber-complement-gfp-plus-dependency-order --instance /input/model_198.bnet 

running on 20 cores: 28-31,36-37,144-149,90-93,202-205

Enforcing CPUTime limit (soft limit, will send SIGTERM then SIGKILL): 1800 seconds
Enforcing CPUTime limit (hard limit, will send SIGXCPU): 1830 seconds
Enforcing wall clock limit (soft limit, will send SIGTERM then SIGKILL): 1800 seconds
Enforcing RSS+Swap limit (soft limit, will send SIGTERM then SIGKILL): 65536000 KiB
Linux 4.18.0-553.159.1.el8_10.x86_64
Current StackSize limit: 18014398509481983 KiB

solver pid=16, runsolver pid=13

[startup+0.100067 s]*
/proc/loadavg: 26.90 38.78 40.91 24/3009 17
/proc/meminfo: memFree=449117352/527542208 swapFree=33473532/33554428
[pid=16] ppid=13 vsize=15748 memory=10020 CPUtime=0.02 cores=28-37,90-93,140-149,202-205
/proc/16/stat : 16 (python3) R 13 16 0 0 -1 4194304 1378 0 81 0 2 0 0 0 20 0 1 0 53471642 16125952 2505 67087892480 4194304 7154137 140733894766560 0 0 0 0 16781312 2 0 0 0 17 203 0 0 6 0 0 9727432 11029816 37560320 140733894769463 140733894769581 140733894769581 140733894770663 0
/proc/16/statm: 3937 2505 1405 723 0 1673 0
Current children cumulated CPU time: 0.02 s
Current children cumulated vsize: 15748 KiB
Current children cumulated memory: 10020 KiB

[startup+0.200568 s]*
/proc/loadavg: 26.90 38.78 40.91 26/3010 18
/proc/meminfo: memFree=449253408/527542208 swapFree=33473532/33554428
[pid=16] ppid=13 vsize=17684 memory=12472 CPUtime=0.07 cores=28-37,90-93,140-149,202-205
/proc/16/stat : 16 (python3) R 13 16 0 0 -1 4194304 1902 176 96 19 3 4 0 0 20 0 1 0 53471642 18108416 3118 67087892480 4194304 7154137 140733894766560 0 0 0 0 16781312 2 0 0 0 17 91 0 0 8 0 0 9727432 11029816 37560320 140733894769463 140733894769581 140733894769581 140733894770663 0
/proc/16/statm: 4421 3118 1525 723 0 2063 0
Current children cumulated CPU time: 0.07 s
Current children cumulated vsize: 17684 KiB
Current children cumulated memory: 12472 KiB

[startup+0.207768 s]
# the end of solver process 16 was just reported to runsolver
# cumulated CPU time of all completed processes:  user=0.048139 s, system=0.044564 s

Solver just ended.
??? end of watcher thread
Dumping a history of the last processes samples

Child status: 0
Real time (s): 0.207779
CPU time (s): 0.092703
CPU user time (s): 0.048139
CPU system time (s): 0.044564
CPU usage (%): 44.6162
Max. virtual memory (cumulated for all children) (KiB): 17684
Max. memory (cumulated for all children) (KiB): 12472

getrusage(RUSAGE_CHILDREN,...) data:
user time used= 0.048139
system time used= 0.044564
maximum resident set size= 12616
integral shared memory size= 0
integral unshared data size= 0
integral unshared stack size= 0
page reclaims= 2088
page faults= 115
swaps= 0
block input operations= 19800
block output operations= 0
messages sent= 0
messages received= 0
signals received= 0
voluntary context switches= 968
involuntary context switches= 1


# summary of solver processes directly reported to runsolver:
#   pid: 16
#   total CPU time (s): 0.092703
#   total CPU user time (s): 0.048139
#   total CPU system time (s): 0.044564

??? join timestamper begins
??? join timestamper ends
??? end of timestamper thread
runsolver used 0.001768 second user time and 0.03858 second system time

The end
