# WCTIME: wall clock time in seconds
WCTIME=3.28482
# CPUTIME: CPU time in seconds (USERTIME+SYSTEMTIME)
CPUTIME=2.05682
# USERTIME: CPU time spent in user mode in seconds
USERTIME=1.87557
# SYSTEMTIME: CPU time spent in system mode in seconds
SYSTEMTIME=0.181254
# CPUUSAGE: CPUTIME/WCTIME in percent
CPUUSAGE=62.6159
# MAXVM: maximum virtual memory used in KiB
MAXVM=281264
# MAXMM: maximum memory used in KiB
MAXMM=91572
# MAXRSS: maximum Resident Segment Size in KiB
MAXRSS=71288
# TIMEOUT: did the solver exceed the time limit?
TIMEOUT=false
# MEMOUT: did the solver exceed the memory limit?
MEMOUT=false
# EXITSTATUS: Exit status of the solver
EXITSTATUS=0
