# WCTIME: wall clock time in seconds
WCTIME=1800.01
# CPUTIME: CPU time in seconds (USERTIME+SYSTEMTIME)
CPUTIME=1791.85
# USERTIME: CPU time spent in user mode in seconds
USERTIME=1761.28
# SYSTEMTIME: CPU time spent in system mode in seconds
SYSTEMTIME=30.5708
# CPUUSAGE: CPUTIME/WCTIME in percent
CPUUSAGE=99.5467
# MAXVM: maximum virtual memory used in KiB
MAXVM=847908
# MAXMM: maximum memory used in KiB
MAXMM=755888
# MAXRSS: maximum Resident Segment Size in KiB
MAXRSS=754808
# TIMEOUT: did the solver exceed the time limit?
TIMEOUT=true
# MEMOUT: did the solver exceed the memory limit?
MEMOUT=false
# EXITSTATUS: Exit status of the solver
EXITSTATUS=15
