# WCTIME: wall clock time in seconds
WCTIME=0.316871
# CPUTIME: CPU time in seconds (USERTIME+SYSTEMTIME)
CPUTIME=0.063483
# USERTIME: CPU time spent in user mode in seconds
USERTIME=0.046607
# SYSTEMTIME: CPU time spent in system mode in seconds
SYSTEMTIME=0.016876
# CPUUSAGE: CPUTIME/WCTIME in percent
CPUUSAGE=20.0343
# MAXVM: maximum virtual memory used in KiB
MAXVM=25456
# MAXMM: maximum memory used in KiB
MAXMM=16772
# MAXRSS: maximum Resident Segment Size in KiB
MAXRSS=12600
# TIMEOUT: did the solver exceed the time limit?
TIMEOUT=false
# MEMOUT: did the solver exceed the memory limit?
MEMOUT=false
# EXITSTATUS: Exit status of the solver
EXITSTATUS=0
