runsolver version 3.4.1 (svn: 3018) Copyright (C) 2010-2013 Olivier ROUSSEL

This program is distributed in the hope that it will be useful,
but WITHOUT ANY WARRANTY; without even the implied warranty of
MERCHANTABILITY or FITNESS FOR A PARTICULAR PURPOSE.  See the
GNU General Public License for more details.

NUMA information:
  number of nodes: 8
  memory of node 0: 63700 MiB (10553 MiB free)
  memory of node 1: 64461 MiB (59579 MiB free)
  memory of node 2: 64504 MiB (6949 MiB free)
  memory of node 3: 64504 MiB (60846 MiB free)
  memory of node 4: 64504 MiB (59254 MiB free)
  memory of node 5: 64504 MiB (63159 MiB free)
  memory of node 6: 64504 MiB (15582 MiB free)
  memory of node 7: 64491 MiB (41742 MiB free)
  node distances:
     10  12  12  12  21  21  21  21
     12  10  12  12  21  21  21  21
     12  12  10  12  21  21  21  21
     12  12  12  10  21  21  21  21
     21  21  21  21  10  12  12  12
     21  21  21  21  12  10  12  12
     21  21  21  21  12  12  10  12
     21  21  21  21  12  12  12  10

command line: /usr/local/bin/runsolver --timestamp -w /output/runsolver-watch.log -v /output/runsolver-values.log -o /output/solver-output.log -C 1800.0 -W 1800.0 -R 64000 /opt/solver/run_bn4rust.py --mode cyber-full --instance /input/model_056.bnet 

running on 18 cores: 0-1,11-14,29-31,36,124-126,144-148

Enforcing CPUTime limit (soft limit, will send SIGTERM then SIGKILL): 1800 seconds
Enforcing CPUTime limit (hard limit, will send SIGXCPU): 1830 seconds
Enforcing wall clock limit (soft limit, will send SIGTERM then SIGKILL): 1800 seconds
Enforcing RSS+Swap limit (soft limit, will send SIGTERM then SIGKILL): 65536000 KiB
Linux 4.18.0-553.159.1.el8_10.x86_64
Current StackSize limit: 18014398509481983 KiB

solver pid=16, runsolver pid=13

[startup+0.100075 s]*
/proc/loadavg: 75.09 76.10 74.61 76/2930 17
/proc/meminfo: memFree=325261208/527542232 swapFree=33513212/33554428
[pid=16] ppid=13 vsize=15800 memory=10096 CPUtime=0.01 cores=0-1,11-14,29-36,112-113,123-126,141-148
/proc/16/stat : 16 (python3) R 13 16 0 0 -1 4194304 1378 0 84 0 1 0 0 0 20 0 1 0 53230961 16179200 2524 67087892480 4194304 7154137 140726582642928 0 0 0 0 16781312 2 0 0 0 17 125 0 0 6 0 0 9727432 11029816 26935296 140726582647639 140726582647725 140726582647725 140726582648807 0
/proc/16/statm: 3950 2524 1389 723 0 1674 0
Current children cumulated CPU time: 0.01 s
Current children cumulated vsize: 15800 KiB
Current children cumulated memory: 10096 KiB

[startup+0.200654 s]*
/proc/loadavg: 75.09 76.10 74.61 74/2932 18
/proc/meminfo: memFree=325260668/527542232 swapFree=33513212/33554428
[pid=16] ppid=13 vsize=17684 memory=12436 CPUtime=0.04 cores=0-1,11-14,29-36,112-113,123-126,141-148
/proc/16/stat : 16 (python3) S 13 16 0 0 -1 4194304 1889 0 96 0 3 1 0 0 20 0 1 0 53230961 18108416 3109 67087892480 4194304 7154137 140726582642928 0 0 0 0 16781312 2 1 0 0 17 125 0 0 8 0 0 9727432 11029816 26935296 140726582647639 140726582647725 140726582647725 140726582648807 0
/proc/16/statm: 4421 3109 1515 723 0 2063 0
[pid=18] ppid=16 vsize=7772 memory=2084 CPUtime=0 cores=0-1,11-14,29-36,112-113,123-126,141-148
/proc/18/stat : 18 (bn4rust) I 16 16 0 0 -1 4194304 136 0 12 0 0 0 0 0 20 0 1 0 53230975 7958528 521 67087892480 94630124814336 94630126681457 140721064592720 0 0 0 0 4096 1088 0 0 0 17 0 0 0 1 0 0 94630126939520 94630126986456 94630151192576 140721064598298 140721064598422 140721064598422 140721064599521 0
/proc/18/statm: 1943 521 466 456 0 104 0
Current children cumulated CPU time: 0.04 s
Current children cumulated vsize: 25456 KiB
Current children cumulated memory: 14520 KiB

[startup+0.300569 s]*
/proc/loadavg: 75.09 76.10 74.61 74/2929 18
/proc/meminfo: memFree=324932436/527542232 swapFree=33513212/33554428
[pid=16] ppid=13 vsize=17684 memory=12436 CPUtime=0.04 cores=0-1,11-14,29-36,112-113,123-126,141-148
/proc/16/stat : 16 (python3) S 13 16 0 0 -1 4194304 1891 0 96 0 3 1 0 0 20 0 1 0 53230961 18108416 3109 67087892480 4194304 7154137 140726582642928 0 0 0 0 16781312 2 1 0 0 17 125 0 0 8 0 0 9727432 11029816 26935296 140726582647639 140726582647725 140726582647725 140726582648807 0
/proc/16/statm: 4421 3109 1515 723 0 2063 0
[pid=18] ppid=16 vsize=7772 memory=4336 CPUtime=0 cores=0-1,11-14,29-36,112-113,123-126,141-148
/proc/18/stat : 18 (bn4rust) I 16 16 0 0 -1 4194304 146 0 14 0 0 0 0 0 20 0 1 0 53230975 7958528 1084 67087892480 94630124814336 94630126681457 140721064592720 0 0 0 0 4096 1088 0 0 0 17 0 0 0 1 0 0 94630126939520 94630126986456 94630151192576 140721064598298 140721064598422 140721064598422 140721064599521 0
/proc/18/statm: 1943 1084 1014 456 0 104 0
Current children cumulated CPU time: 0.04 s
Current children cumulated vsize: 25456 KiB
Current children cumulated memory: 16772 KiB

[startup+0.316843 s]
# the end of solver process 16 was just reported to runsolver
# cumulated CPU time of all completed processes:  user=0.046607 s, system=0.016876 s

Solver just ended.
??? end of watcher thread
Dumping a history of the last processes samples

[startup+0.300569 s]*
/proc/loadavg: 75.09 76.10 74.61 74/2929 18
/proc/meminfo: memFree=324932436/527542232 swapFree=33513212/33554428
[pid=16] ppid=13 vsize=17684 memory=12436 CPUtime=0.04 cores=0-1,11-14,29-36,112-113,123-126,141-148
/proc/16/stat : 16 (python3) S 13 16 0 0 -1 4194304 1891 0 96 0 3 1 0 0 20 0 1 0 53230961 18108416 3109 67087892480 4194304 7154137 140726582642928 0 0 0 0 16781312 2 1 0 0 17 125 0 0 8 0 0 9727432 11029816 26935296 140726582647639 140726582647725 140726582647725 140726582648807 0
/proc/16/statm: 4421 3109 1515 723 0 2063 0
[pid=18] ppid=16 vsize=7772 memory=4336 CPUtime=0 cores=0-1,11-14,29-36,112-113,123-126,141-148
/proc/18/stat : 18 (bn4rust) I 16 16 0 0 -1 4194304 146 0 14 0 0 0 0 0 20 0 1 0 53230975 7958528 1084 67087892480 94630124814336 94630126681457 140721064592720 0 0 0 0 4096 1088 0 0 0 17 0 0 0 1 0 0 94630126939520 94630126986456 94630151192576 140721064598298 140721064598422 140721064598422 140721064599521 0
/proc/18/statm: 1943 1084 1014 456 0 104 0
Current children cumulated CPU time: 0.04 s
Current children cumulated vsize: 25456 KiB
Current children cumulated memory: 16772 KiB

Child status: 0
Real time (s): 0.316871
CPU time (s): 0.063483
CPU user time (s): 0.046607
CPU system time (s): 0.016876
CPU usage (%): 20.0343
Max. virtual memory (cumulated for all children) (KiB): 25456
Max. memory (cumulated for all children) (KiB): 16772

getrusage(RUSAGE_CHILDREN,...) data:
user time used= 0.046607
system time used= 0.016876
maximum resident set size= 12600
integral shared memory size= 0
integral unshared data size= 0
integral unshared stack size= 0
page reclaims= 2092
page faults= 116
swaps= 0
block input operations= 20000
block output operations= 0
messages sent= 0
messages received= 0
signals received= 0
voluntary context switches= 964
involuntary context switches= 0


# summary of solver processes directly reported to runsolver:
#   pid: 16
#   total CPU time (s): 0.063483
#   total CPU user time (s): 0.046607
#   total CPU system time (s): 0.016876

??? join timestamper begins
??? join timestamper ends
??? end of timestamper thread
runsolver used 0.001746 second user time and 0.005621 second system time

The end
