# WCTIME: wall clock time in seconds
WCTIME=3.35516
# CPUTIME: CPU time in seconds (USERTIME+SYSTEMTIME)
CPUTIME=3.22808
# USERTIME: CPU time spent in user mode in seconds
USERTIME=3.15016
# SYSTEMTIME: CPU time spent in system mode in seconds
SYSTEMTIME=0.077928
# CPUUSAGE: CPUTIME/WCTIME in percent
CPUUSAGE=96.2126
# MAXVM: maximum virtual memory used in KiB
MAXVM=28304
# MAXMM: maximum memory used in KiB
MAXMM=19620
# MAXRSS: maximum Resident Segment Size in KiB
MAXRSS=12520
# TIMEOUT: did the solver exceed the time limit?
TIMEOUT=false
# MEMOUT: did the solver exceed the memory limit?
MEMOUT=false
# EXITSTATUS: Exit status of the solver
EXITSTATUS=0
