# WCTIME: wall clock time in seconds
WCTIME=0.345078
# CPUTIME: CPU time in seconds (USERTIME+SYSTEMTIME)
CPUTIME=0.232021
# USERTIME: CPU time spent in user mode in seconds
USERTIME=0.211046
# SYSTEMTIME: CPU time spent in system mode in seconds
SYSTEMTIME=0.020975
# CPUUSAGE: CPUTIME/WCTIME in percent
CPUUSAGE=67.2373
# MAXVM: maximum virtual memory used in KiB
MAXVM=26124
# MAXMM: maximum memory used in KiB
MAXMM=17572
# MAXRSS: maximum Resident Segment Size in KiB
MAXRSS=12612
# TIMEOUT: did the solver exceed the time limit?
TIMEOUT=false
# MEMOUT: did the solver exceed the memory limit?
MEMOUT=false
# EXITSTATUS: Exit status of the solver
EXITSTATUS=0
