runsolver version 3.4.1 (svn: 3018) Copyright (C) 2010-2013 Olivier ROUSSEL

This program is distributed in the hope that it will be useful,
but WITHOUT ANY WARRANTY; without even the implied warranty of
MERCHANTABILITY or FITNESS FOR A PARTICULAR PURPOSE.  See the
GNU General Public License for more details.

NUMA information:
  number of nodes: 8
  memory of node 0: 63700 MiB (61744 MiB free)
  memory of node 1: 64504 MiB (63647 MiB free)
  memory of node 2: 64504 MiB (63868 MiB free)
  memory of node 3: 64504 MiB (63805 MiB free)
  memory of node 4: 64504 MiB (63897 MiB free)
  memory of node 5: 64461 MiB (63901 MiB free)
  memory of node 6: 64504 MiB (62711 MiB free)
  memory of node 7: 64491 MiB (63823 MiB free)
  node distances:
     10  12  12  12  21  21  21  21
     12  10  12  12  21  21  21  21
     12  12  10  12  21  21  21  21
     12  12  12  10  21  21  21  21
     21  21  21  21  10  12  12  12
     21  21  21  21  12  10  12  12
     21  21  21  21  12  12  10  12
     21  21  21  21  12  12  12  10

command line: /usr/local/bin/runsolver --timestamp -w /output/runsolver-watch.log -v /output/runsolver-values.log -o /output/solver-output.log -C 1800.0 -W 1800.0 -R 64000 /opt/solver/run_bn4rust.py --mode cyber-forward-baseline --instance /input/model_121.bnet 

running on 28 cores: 42-55,154-167

Enforcing CPUTime limit (soft limit, will send SIGTERM then SIGKILL): 1800 seconds
Enforcing CPUTime limit (hard limit, will send SIGXCPU): 1830 seconds
Enforcing wall clock limit (soft limit, will send SIGTERM then SIGKILL): 1800 seconds
Enforcing RSS+Swap limit (soft limit, will send SIGTERM then SIGKILL): 65536000 KiB
Linux 4.18.0-553.159.1.el8_10.x86_64
solver pid=16, runsolver pid=13
Current StackSize limit: 18014398509481983 KiB


[startup+0.100065 s]*
/proc/loadavg: 0.94 0.23 0.07 9/2876 17
/proc/meminfo: memFree=519528336/527542252 swapFree=33525500/33554428
[pid=16] ppid=13 vsize=15800 memory=10108 CPUtime=0.02 cores=42-55,154-167
/proc/16/stat : 16 (python3) R 13 16 0 0 -1 4194304 1390 0 84 0 2 0 0 0 20 0 1 0 46721328 16179200 2527 67087892480 4194304 7154137 140726994027712 0 0 0 0 16781312 2 0 0 0 17 47 0 0 6 0 0 9727432 11029816 37171200 140726994033483 140726994033581 140726994033581 140726994034663 0
/proc/16/statm: 3950 2527 1394 723 0 1674 0
Current children cumulated CPU time: 0.02 s
Current children cumulated vsize: 15800 KiB
Current children cumulated memory: 10108 KiB

[startup+0.200501 s]*
/proc/loadavg: 1.51 0.36 0.11 7/2874 18
/proc/meminfo: memFree=519501764/527542252 swapFree=33525500/33554428
[pid=16] ppid=13 vsize=17684 memory=12488 CPUtime=0.03 cores=42-55,154-167
/proc/16/stat : 16 (python3) S 13 16 0 0 -1 4194304 1887 0 96 0 3 0 0 0 20 0 1 0 46721328 18108416 3122 67087892480 4194304 7154137 140726994027712 0 0 0 0 16781312 2 1 0 0 17 47 0 0 8 0 0 9727432 11029816 37171200 140726994033483 140726994033581 140726994033581 140726994034663 0
/proc/16/statm: 4421 3122 1512 723 0 2063 0
[pid=18] ppid=16 vsize=8260 memory=5124 CPUtime=0.04 cores=42-55,154-167
/proc/18/stat : 18 (bn4rust) R 16 16 0 0 -1 4194304 728 0 18 0 4 0 0 0 20 0 1 0 46721341 8458240 1281 67087892480 94519436562432 94519438429553 140724297746192 0 0 0 0 4096 1088 0 0 0 17 53 0 0 1 0 0 94519438687616 94519438734552 94519469928448 140724297747214 140724297747350 140724297747350 140724297748449 0
/proc/18/statm: 2065 1281 1090 456 0 226 0
Current children cumulated CPU time: 0.07 s
Current children cumulated vsize: 25944 KiB
Current children cumulated memory: 17612 KiB

[startup+0.300486 s]*
/proc/loadavg: 1.51 0.36 0.11 9/2857 18
/proc/meminfo: memFree=519550792/527542252 swapFree=33525500/33554428
[pid=16] ppid=13 vsize=17684 memory=12488 CPUtime=0.03 cores=42-55,154-167
/proc/16/stat : 16 (python3) S 13 16 0 0 -1 4194304 1887 0 96 0 3 0 0 0 20 0 1 0 46721328 18108416 3122 67087892480 4194304 7154137 140726994027712 0 0 0 0 16781312 2 1 0 0 17 47 0 0 8 0 0 9727432 11029816 37171200 140726994033483 140726994033581 140726994033581 140726994034663 0
/proc/16/statm: 4421 3122 1512 723 0 2063 0
[pid=18] ppid=16 vsize=8796 memory=5484 CPUtime=0.14 cores=42-55,154-167
/proc/18/stat : 18 (bn4rust) R 16 16 0 0 -1 4194304 1821 0 18 0 14 0 0 0 20 0 1 0 46721341 9007104 1371 67087892480 94519436562432 94519438429553 140724297746192 0 0 0 0 4096 1088 0 0 0 17 53 0 0 1 0 0 94519438687616 94519438734552 94519469928448 140724297747214 140724297747350 140724297747350 140724297748449 0
/proc/18/statm: 2199 1371 1090 456 0 360 0
Current children cumulated CPU time: 0.17 s
Current children cumulated vsize: 26480 KiB
Current children cumulated memory: 17972 KiB

[startup+0.700236 s]
/proc/loadavg: 1.51 0.36 0.11 9/2858 18
/proc/meminfo: memFree=519511300/527542252 swapFree=33525500/33554428
[pid=16] ppid=13 vsize=17684 memory=12488 CPUtime=0.03 cores=42-55,154-167
/proc/16/stat : 16 (python3) S 13 16 0 0 -1 4194304 1887 0 96 0 3 0 0 0 20 0 1 0 46721328 18108416 3122 67087892480 4194304 7154137 140726994027712 0 0 0 0 16781312 2 1 0 0 17 47 0 0 8 0 0 9727432 11029816 37171200 140726994033483 140726994033581 140726994033581 140726994034663 0
/proc/16/statm: 4421 3122 1512 723 0 2063 0
[pid=18] ppid=16 vsize=10836 memory=7432 CPUtime=0.53 cores=42-55,154-167
/proc/18/stat : 18 (bn4rust) R 16 16 0 0 -1 4194304 5940 0 18 0 53 0 0 0 20 0 1 0 46721341 11096064 1858 67087892480 94519436562432 94519438429553 140724297746192 0 0 0 0 4096 1088 0 0 0 17 53 0 0 1 0 0 94519438687616 94519438734552 94519469928448 140724297747214 140724297747350 140724297747350 140724297748449 0
/proc/18/statm: 2709 1858 1090 456 0 870 0
Current children cumulated CPU time: 0.56 s
Current children cumulated vsize: 28520 KiB
Current children cumulated memory: 19920 KiB

[startup+1.50022 s]
/proc/loadavg: 1.51 0.36 0.11 7/2854 18
/proc/meminfo: memFree=519462768/527542252 swapFree=33525500/33554428
[pid=16] ppid=13 vsize=17684 memory=12488 CPUtime=0.03 cores=42-55,154-167
/proc/16/stat : 16 (python3) S 13 16 0 0 -1 4194304 1887 0 96 0 3 0 0 0 20 0 1 0 46721328 18108416 3122 67087892480 4194304 7154137 140726994027712 0 0 0 0 16781312 2 1 0 0 17 47 0 0 8 0 0 9727432 11029816 37171200 140726994033483 140726994033581 140726994033581 140726994034663 0
/proc/16/statm: 4421 3122 1512 723 0 2063 0
[pid=18] ppid=16 vsize=15800 memory=12444 CPUtime=1.33 cores=42-55,154-167
/proc/18/stat : 18 (bn4rust) R 16 16 0 0 -1 4194304 11484 0 18 0 132 1 0 0 20 0 1 0 46721341 16179200 3111 67087892480 94519436562432 94519438429553 140724297746192 0 0 0 0 4096 1088 0 0 0 17 53 0 0 1 0 0 94519438687616 94519438734552 94519469928448 140724297747214 140724297747350 140724297747350 140724297748449 0
/proc/18/statm: 3950 3111 1090 456 0 2111 0
Current children cumulated CPU time: 1.36 s
Current children cumulated vsize: 33484 KiB
Current children cumulated memory: 24932 KiB

[startup+3.10046 s]
/proc/loadavg: 1.51 0.36 0.11 7/2840 18
/proc/meminfo: memFree=519398652/527542252 swapFree=33525500/33554428
[pid=16] ppid=13 vsize=17684 memory=12488 CPUtime=0.03 cores=42-55,154-167
/proc/16/stat : 16 (python3) S 13 16 0 0 -1 4194304 1887 0 96 0 3 0 0 0 20 0 1 0 46721328 18108416 3122 67087892480 4194304 7154137 140726994027712 0 0 0 0 16781312 2 1 0 0 17 47 0 0 8 0 0 9727432 11029816 37171200 140726994033483 140726994033581 140726994033581 140726994034663 0
/proc/16/statm: 4421 3122 1512 723 0 2063 0
[pid=18] ppid=16 vsize=23480 memory=19704 CPUtime=2.92 cores=42-55,154-167
/proc/18/stat : 18 (bn4rust) R 16 16 0 0 -1 4194304 21417 0 18 0 289 3 0 0 20 0 1 0 46721341 24043520 4926 67087892480 94519436562432 94519438429553 140724297746192 0 0 0 0 4096 1088 0 0 0 17 53 0 0 1 0 0 94519438687616 94519438734552 94519469928448 140724297747214 140724297747350 140724297747350 140724297748449 0
/proc/18/statm: 5870 4926 1090 456 0 4031 0
Current children cumulated CPU time: 2.95 s
Current children cumulated vsize: 41164 KiB
Current children cumulated memory: 32192 KiB

[startup+6.30024 s]
/proc/loadavg: 1.87 0.45 0.14 7/2826 18
/proc/meminfo: memFree=519392684/527542252 swapFree=33525500/33554428
[pid=16] ppid=13 vsize=17684 memory=12488 CPUtime=0.03 cores=42-55,154-167
/proc/16/stat : 16 (python3) S 13 16 0 0 -1 4194304 1887 0 96 0 3 0 0 0 20 0 1 0 46721328 18108416 3122 67087892480 4194304 7154137 140726994027712 0 0 0 0 16781312 2 1 0 0 17 47 0 0 8 0 0 9727432 11029816 37171200 140726994033483 140726994033581 140726994033581 140726994034663 0
/proc/16/statm: 4421 3122 1512 723 0 2063 0
[pid=18] ppid=16 vsize=28364 memory=24428 CPUtime=6.11 cores=42-55,154-167
/proc/18/stat : 18 (bn4rust) R 16 16 0 0 -1 4194304 37602 0 18 0 605 6 0 0 20 0 1 0 46721341 29044736 6107 67087892480 94519436562432 94519438429553 140724297746192 0 0 0 0 4096 1088 0 0 0 17 53 0 0 1 0 0 94519438687616 94519438734552 94519469928448 140724297747214 140724297747350 140724297747350 140724297748449 0
/proc/18/statm: 7091 6107 1090 456 0 5252 0
Current children cumulated CPU time: 6.14 s
Current children cumulated vsize: 46048 KiB
Current children cumulated memory: 36916 KiB

[startup+12.7003 s]
/proc/loadavg: 2.20 0.54 0.17 7/2823 18
/proc/meminfo: memFree=519466032/527542252 swapFree=33525500/33554428
[pid=16] ppid=13 vsize=17684 memory=12488 CPUtime=0.03 cores=42-55,154-167
/proc/16/stat : 16 (python3) S 13 16 0 0 -1 4194304 1887 0 96 0 3 0 0 0 20 0 1 0 46721328 18108416 3122 67087892480 4194304 7154137 140726994027712 0 0 0 0 16781312 2 1 0 0 17 47 0 0 8 0 0 9727432 11029816 37171200 140726994033483 140726994033581 140726994033581 140726994034663 0
/proc/16/statm: 4421 3122 1512 723 0 2063 0
[pid=18] ppid=16 vsize=59832 memory=55676 CPUtime=12.49 cores=42-55,154-167
/proc/18/stat : 18 (bn4rust) R 16 16 0 0 -1 4194304 68197 0 18 0 1237 12 0 0 20 0 1 0 46721341 61267968 13919 67087892480 94519436562432 94519438429553 140724297746192 0 0 0 0 4096 1088 0 0 0 17 53 0 0 1 0 0 94519438687616 94519438734552 94519469928448 140724297747214 140724297747350 140724297747350 140724297748449 0
/proc/18/statm: 14958 13919 1090 456 0 13119 0
Current children cumulated CPU time: 12.52 s
Current children cumulated vsize: 77516 KiB
Current children cumulated memory: 68164 KiB

[startup+25.5003 s]
/proc/loadavg: 2.79 0.72 0.24 7/2789 18
/proc/meminfo: memFree=519502144/527542252 swapFree=33525500/33554428
[pid=16] ppid=13 vsize=17684 memory=12488 CPUtime=0.03 cores=42-55,154-167
/proc/16/stat : 16 (python3) S 13 16 0 0 -1 4194304 1887 0 96 0 3 0 0 0 20 0 1 0 46721328 18108416 3122 67087892480 4194304 7154137 140726994027712 0 0 0 0 16781312 2 1 0 0 17 47 0 0 8 0 0 9727432 11029816 37171200 140726994033483 140726994033581 140726994033581 140726994034663 0
/proc/16/statm: 4421 3122 1512 723 0 2063 0
[pid=18] ppid=16 vsize=81040 memory=68320 CPUtime=25.24 cores=42-55,154-167
/proc/18/stat : 18 (bn4rust) R 16 16 0 0 -1 4194304 97210 0 18 0 2504 20 0 0 20 0 1 0 46721341 82984960 17080 67087892480 94519436562432 94519438429553 140724297746192 0 0 0 0 4096 1088 0 0 0 17 53 0 0 1 0 0 94519438687616 94519438734552 94519469928448 140724297747214 140724297747350 140724297747350 140724297748449 0
/proc/18/statm: 20260 17080 1090 456 0 18421 0
Current children cumulated CPU time: 25.27 s
Current children cumulated vsize: 98724 KiB
Current children cumulated memory: 80808 KiB

[startup+51.1005 s]
/proc/loadavg: 3.49 1.10 0.38 5/2737 18
/proc/meminfo: memFree=519517608/527542252 swapFree=33525500/33554428
[pid=16] ppid=13 vsize=17684 memory=12488 CPUtime=0.03 cores=42-55,154-167
/proc/16/stat : 16 (python3) S 13 16 0 0 -1 4194304 1887 0 96 0 3 0 0 0 20 0 1 0 46721328 18108416 3122 67087892480 4194304 7154137 140726994027712 0 0 0 0 16781312 2 1 0 0 17 47 0 0 8 0 0 9727432 11029816 37171200 140726994033483 140726994033581 140726994033581 140726994034663 0
/proc/16/statm: 4421 3122 1512 723 0 2063 0
[pid=18] ppid=16 vsize=114900 memory=106032 CPUtime=50.74 cores=42-55,154-167
/proc/18/stat : 18 (bn4rust) R 16 16 0 0 -1 4194304 131528 0 18 0 5045 29 0 0 20 0 1 0 46721341 117657600 26508 67087892480 94519436562432 94519438429553 140724297746192 0 0 0 0 4096 1088 0 0 0 17 53 0 0 1 0 0 94519438687616 94519438734552 94519469928448 140724297747214 140724297747350 140724297747350 140724297748449 0
/proc/18/statm: 28725 26508 1090 456 0 26886 0
Current children cumulated CPU time: 50.77 s
Current children cumulated vsize: 132584 KiB
Current children cumulated memory: 118520 KiB

[startup+102.3 s]
/proc/loadavg: 3.44 1.47 0.54 4/2702 18
/proc/meminfo: memFree=519590432/527542252 swapFree=33525500/33554428
[pid=16] ppid=13 vsize=17684 memory=12488 CPUtime=0.03 cores=42-55,154-167
/proc/16/stat : 16 (python3) S 13 16 0 0 -1 4194304 1887 0 96 0 3 0 0 0 20 0 1 0 46721328 18108416 3122 67087892480 4194304 7154137 140726994027712 0 0 0 0 16781312 2 1 0 0 17 47 0 0 8 0 0 9727432 11029816 37171200 140726994033483 140726994033581 140726994033581 140726994034663 0
/proc/16/statm: 4421 3122 1512 723 0 2063 0
[pid=18] ppid=16 vsize=154232 memory=136640 CPUtime=101.77 cores=42-55,154-167
/proc/18/stat : 18 (bn4rust) R 16 16 0 0 -1 4194304 174766 0 18 0 10130 47 0 0 20 0 1 0 46721341 157933568 34160 67087892480 94519436562432 94519438429553 140724297746192 0 0 0 0 4096 1088 0 0 0 17 53 0 0 1 0 0 94519438687616 94519438734552 94519469928448 140724297747214 140724297747350 140724297747350 140724297748449 0
/proc/18/statm: 38558 34160 1090 456 0 36719 0
Current children cumulated CPU time: 101.8 s
Current children cumulated vsize: 171916 KiB
Current children cumulated memory: 149128 KiB

[startup+162.3 s]
/proc/loadavg: 3.16 1.75 0.70 4/2702 18
/proc/meminfo: memFree=519622312/527542252 swapFree=33525500/33554428
[pid=16] ppid=13 vsize=17684 memory=12488 CPUtime=0.03 cores=42-55,154-167
/proc/16/stat : 16 (python3) S 13 16 0 0 -1 4194304 1887 0 96 0 3 0 0 0 20 0 1 0 46721328 18108416 3122 67087892480 4194304 7154137 140726994027712 0 0 0 0 16781312 2 1 0 0 17 47 0 0 8 0 0 9727432 11029816 37171200 140726994033483 140726994033581 140726994033581 140726994034663 0
/proc/16/statm: 4421 3122 1512 723 0 2063 0
[pid=18] ppid=16 vsize=169608 memory=153256 CPUtime=161.56 cores=42-55,154-167
/proc/18/stat : 18 (bn4rust) R 16 16 0 0 -1 4194304 244220 0 18 0 16071 85 0 0 20 0 1 0 46721341 173678592 38314 67087892480 94519436562432 94519438429553 140724297746192 0 0 0 0 4096 1088 0 0 0 17 53 0 0 1 0 0 94519438687616 94519438734552 94519469928448 140724297747214 140724297747350 140724297747350 140724297748449 0
/proc/18/statm: 42402 38314 1090 456 0 40563 0
Current children cumulated CPU time: 161.59 s
Current children cumulated vsize: 187292 KiB
Current children cumulated memory: 165744 KiB

[startup+222.3 s]
/proc/loadavg: 3.15 2.01 0.86 4/2702 18
/proc/meminfo: memFree=519476496/527542252 swapFree=33525500/33554428
[pid=16] ppid=13 vsize=17684 memory=12488 CPUtime=0.03 cores=42-55,154-167
/proc/16/stat : 16 (python3) S 13 16 0 0 -1 4194304 1887 0 96 0 3 0 0 0 20 0 1 0 46721328 18108416 3122 67087892480 4194304 7154137 140726994027712 0 0 0 0 16781312 2 1 0 0 17 47 0 0 8 0 0 9727432 11029816 37171200 140726994033483 140726994033581 140726994033581 140726994034663 0
/proc/16/statm: 4421 3122 1512 723 0 2063 0
[pid=18] ppid=16 vsize=231736 memory=226852 CPUtime=221.36 cores=42-55,154-167
/proc/18/stat : 18 (bn4rust) R 16 16 0 0 -1 4194304 322327 0 18 0 21987 149 0 0 20 0 1 0 46721341 237297664 56713 67087892480 94519436562432 94519438429553 140724297746192 0 0 0 0 4096 1088 0 0 0 17 53 0 0 1 0 0 94519438687616 94519438734552 94519469928448 140724297747214 140724297747350 140724297747350 140724297748449 0
/proc/18/statm: 57934 56713 1090 456 0 56095 0
Current children cumulated CPU time: 221.39 s
Current children cumulated vsize: 249420 KiB
Current children cumulated memory: 239340 KiB

[startup+282.3 s]
/proc/loadavg: 3.06 2.19 0.99 4/2704 18
/proc/meminfo: memFree=519391408/527542252 swapFree=33525500/33554428
[pid=16] ppid=13 vsize=17684 memory=12712 CPUtime=0.03 cores=42-55,154-167
/proc/16/stat : 16 (python3) S 13 16 0 0 -1 4194304 1887 0 96 0 3 0 0 0 20 0 1 0 46721328 18108416 3178 67087892480 4194304 7154137 140726994027712 0 0 0 0 16781312 2 1 0 0 17 47 0 0 8 0 0 9727432 11029816 37171200 140726994033483 140726994033581 140726994033581 140726994034663 0
/proc/16/statm: 4421 3178 1512 723 0 2063 0
[pid=18] ppid=16 vsize=256316 memory=231148 CPUtime=281.16 cores=42-55,154-167
/proc/18/stat : 18 (bn4rust) R 16 16 0 0 -1 4194304 399894 0 18 0 27880 236 0 0 20 0 1 0 46721341 262467584 57787 67087892480 94519436562432 94519438429553 140724297746192 0 0 0 0 4096 1088 0 0 0 17 53 0 0 1 0 0 94519438687616 94519438734552 94519469928448 140724297747214 140724297747350 140724297747350 140724297748449 0
/proc/18/statm: 64079 57787 1090 456 0 62240 0
Current children cumulated CPU time: 281.19 s
Current children cumulated vsize: 274000 KiB
Current children cumulated memory: 243860 KiB

[startup+342.3 s]
/proc/loadavg: 2.53 2.21 1.08 3/2652 18
/proc/meminfo: memFree=519619648/527542252 swapFree=33525500/33554428
[pid=16] ppid=13 vsize=17684 memory=12712 CPUtime=0.03 cores=42-55,154-167
/proc/16/stat : 16 (python3) S 13 16 0 0 -1 4194304 1887 0 96 0 3 0 0 0 20 0 1 0 46721328 18108416 3178 67087892480 4194304 7154137 140726994027712 0 0 0 0 16781312 2 1 0 0 17 47 0 0 8 0 0 9727432 11029816 37171200 140726994033483 140726994033581 140726994033581 140726994034663 0
/proc/16/statm: 4421 3178 1512 723 0 2063 0
[pid=18] ppid=16 vsize=153908 memory=150668 CPUtime=340.98 cores=42-55,154-167
/proc/18/stat : 18 (bn4rust) R 16 16 0 0 -1 4194304 470765 0 18 0 33777 321 0 0 20 0 1 0 46721341 157601792 37667 67087892480 94519436562432 94519438429553 140724297746192 0 0 0 0 4096 1088 0 0 0 17 53 0 0 1 0 0 94519438687616 94519438734552 94519469928448 140724297747214 140724297747350 140724297747350 140724297748449 0
/proc/18/statm: 38477 37667 1090 456 0 36638 0
Current children cumulated CPU time: 341.01 s
Current children cumulated vsize: 171592 KiB
Current children cumulated memory: 163380 KiB

[startup+402.3 s]
/proc/loadavg: 2.19 2.17 1.14 3/2647 18
/proc/meminfo: memFree=519454284/527542252 swapFree=33525500/33554428
[pid=16] ppid=13 vsize=17684 memory=12712 CPUtime=0.03 cores=42-55,154-167
/proc/16/stat : 16 (python3) S 13 16 0 0 -1 4194304 1887 0 96 0 3 0 0 0 20 0 1 0 46721328 18108416 3178 67087892480 4194304 7154137 140726994027712 0 0 0 0 16781312 2 1 0 0 17 47 0 0 8 0 0 9727432 11029816 37171200 140726994033483 140726994033581 140726994033581 140726994034663 0
/proc/16/statm: 4421 3178 1512 723 0 2063 0
[pid=18] ppid=16 vsize=256316 memory=235240 CPUtime=400.81 cores=42-55,154-167
/proc/18/stat : 18 (bn4rust) R 16 16 0 0 -1 4194304 538815 0 18 0 39673 408 0 0 20 0 1 0 46721341 262467584 58810 67087892480 94519436562432 94519438429553 140724297746192 0 0 0 0 4096 1088 0 0 0 17 53 0 0 1 0 0 94519438687616 94519438734552 94519469928448 140724297747214 140724297747350 140724297747350 140724297748449 0
/proc/18/statm: 64079 58810 1090 456 0 62240 0
Current children cumulated CPU time: 400.84 s
Current children cumulated vsize: 274000 KiB
Current children cumulated memory: 247952 KiB

[startup+462.3 s]
/proc/loadavg: 2.07 2.14 1.20 3/2647 18
/proc/meminfo: memFree=519527656/527542252 swapFree=33525500/33554428
[pid=16] ppid=13 vsize=17684 memory=12712 CPUtime=0.03 cores=42-55,154-167
/proc/16/stat : 16 (python3) S 13 16 0 0 -1 4194304 1887 0 96 0 3 0 0 0 20 0 1 0 46721328 18108416 3178 67087892480 4194304 7154137 140726994027712 0 0 0 0 16781312 2 1 0 0 17 47 0 0 8 0 0 9727432 11029816 37171200 140726994033483 140726994033581 140726994033581 140726994034663 0
/proc/16/statm: 4421 3178 1512 723 0 2063 0
[pid=18] ppid=16 vsize=256316 memory=233192 CPUtime=460.68 cores=42-55,154-167
/proc/18/stat : 18 (bn4rust) R 16 16 0 0 -1 4194304 610817 0 18 0 45572 496 0 0 20 0 1 0 46721341 262467584 58298 67087892480 94519436562432 94519438429553 140724297746192 0 0 0 0 4096 1088 0 0 0 17 53 0 0 1 0 0 94519438687616 94519438734552 94519469928448 140724297747214 140724297747350 140724297747350 140724297748449 0
/proc/18/statm: 64079 58298 1090 456 0 62240 0
Current children cumulated CPU time: 460.71 s
Current children cumulated vsize: 274000 KiB
Current children cumulated memory: 245904 KiB

[startup+522.3 s]
/proc/loadavg: 2.02 2.11 1.25 3/2647 18
/proc/meminfo: memFree=519292464/527542252 swapFree=33525500/33554428
[pid=16] ppid=13 vsize=17684 memory=12712 CPUtime=0.03 cores=42-55,154-167
/proc/16/stat : 16 (python3) S 13 16 0 0 -1 4194304 1887 0 96 0 3 0 0 0 20 0 1 0 46721328 18108416 3178 67087892480 4194304 7154137 140726994027712 0 0 0 0 16781312 2 1 0 0 17 47 0 0 8 0 0 9727432 11029816 37171200 140726994033483 140726994033581 140726994033581 140726994034663 0
/proc/16/statm: 4421 3178 1512 723 0 2063 0
[pid=18] ppid=16 vsize=270748 memory=245580 CPUtime=520.55 cores=42-55,154-167
/proc/18/stat : 18 (bn4rust) R 16 16 0 0 -1 4194304 684516 0 18 0 51468 587 0 0 20 0 1 0 46721341 277245952 61395 67087892480 94519436562432 94519438429553 140724297746192 0 0 0 0 4096 1088 0 0 0 17 53 0 0 1 0 0 94519438687616 94519438734552 94519469928448 140724297747214 140724297747350 140724297747350 140724297748449 0
/proc/18/statm: 67687 61395 1090 456 0 65848 0
Current children cumulated CPU time: 520.58 s
Current children cumulated vsize: 288432 KiB
Current children cumulated memory: 258292 KiB

[startup+582.3 s]
/proc/loadavg: 2.01 2.09 1.30 3/2650 18
/proc/meminfo: memFree=519423644/527542252 swapFree=33525500/33554428
[pid=16] ppid=13 vsize=17684 memory=12712 CPUtime=0.03 cores=42-55,154-167
/proc/16/stat : 16 (python3) S 13 16 0 0 -1 4194304 1887 0 96 0 3 0 0 0 20 0 1 0 46721328 18108416 3178 67087892480 4194304 7154137 140726994027712 0 0 0 0 16781312 2 1 0 0 17 47 0 0 8 0 0 9727432 11029816 37171200 140726994033483 140726994033581 140726994033581 140726994034663 0
/proc/16/statm: 4421 3178 1512 723 0 2063 0
[pid=18] ppid=16 vsize=256316 memory=224304 CPUtime=580.41 cores=42-55,154-167
/proc/18/stat : 18 (bn4rust) R 16 16 0 0 -1 4194304 758444 0 18 0 57368 673 0 0 20 0 1 0 46721341 262467584 56076 67087892480 94519436562432 94519438429553 140724297746192 0 0 0 0 4096 1088 0 0 0 17 53 0 0 1 0 0 94519438687616 94519438734552 94519469928448 140724297747214 140724297747350 140724297747350 140724297748449 0
/proc/18/statm: 64079 56076 1090 456 0 62240 0
Current children cumulated CPU time: 580.44 s
Current children cumulated vsize: 274000 KiB
Current children cumulated memory: 237016 KiB

[startup+642.3 s]
/proc/loadavg: 2.00 2.07 1.35 3/2641 18
/proc/meminfo: memFree=519326908/527542252 swapFree=33525500/33554428
[pid=16] ppid=13 vsize=17684 memory=12712 CPUtime=0.03 cores=42-55,154-167
/proc/16/stat : 16 (python3) S 13 16 0 0 -1 4194304 1887 0 96 0 3 0 0 0 20 0 1 0 46721328 18108416 3178 67087892480 4194304 7154137 140726994027712 0 0 0 0 16781312 2 1 0 0 17 47 0 0 8 0 0 9727432 11029816 37171200 140726994033483 140726994033581 140726994033581 140726994034663 0
/proc/16/statm: 4421 3178 1512 723 0 2063 0
[pid=18] ppid=16 vsize=169724 memory=158384 CPUtime=640.28 cores=42-55,154-167
/proc/18/stat : 18 (bn4rust) R 16 16 0 0 -1 4194304 835838 0 18 0 63266 762 0 0 20 0 1 0 46721341 173797376 39596 67087892480 94519436562432 94519438429553 140724297746192 0 0 0 0 4096 1088 0 0 0 17 53 0 0 1 0 0 94519438687616 94519438734552 94519469928448 140724297747214 140724297747350 140724297747350 140724297748449 0
/proc/18/statm: 42431 39596 1090 456 0 40592 0
Current children cumulated CPU time: 640.31 s
Current children cumulated vsize: 187408 KiB
Current children cumulated memory: 171096 KiB

[startup+702.3 s]
/proc/loadavg: 2.00 2.05 1.39 3/2635 18
/proc/meminfo: memFree=519318052/527542252 swapFree=33525500/33554428
[pid=16] ppid=13 vsize=17684 memory=12712 CPUtime=0.03 cores=42-55,154-167
/proc/16/stat : 16 (python3) S 13 16 0 0 -1 4194304 1887 0 96 0 3 0 0 0 20 0 1 0 46721328 18108416 3178 67087892480 4194304 7154137 140726994027712 0 0 0 0 16781312 2 1 0 0 17 47 0 0 8 0 0 9727432 11029816 37171200 140726994033483 140726994033581 140726994033581 140726994034663 0
/proc/16/statm: 4421 3178 1512 723 0 2063 0
[pid=18] ppid=16 vsize=178484 memory=174956 CPUtime=700.15 cores=42-55,154-167
/proc/18/stat : 18 (bn4rust) R 16 16 0 0 -1 4194304 891549 0 18 0 69192 823 0 0 20 0 1 0 46721341 182767616 43739 67087892480 94519436562432 94519438429553 140724297746192 0 0 0 0 4096 1088 0 0 0 17 53 0 0 1 0 0 94519438687616 94519438734552 94519469928448 140724297747214 140724297747350 140724297747350 140724297748449 0
/proc/18/statm: 44621 43739 1090 456 0 42782 0
Current children cumulated CPU time: 700.18 s
Current children cumulated vsize: 196168 KiB
Current children cumulated memory: 187668 KiB

[startup+762.3 s]
/proc/loadavg: 2.00 2.04 1.43 3/2635 18
/proc/meminfo: memFree=519392096/527542252 swapFree=33525500/33554428
[pid=16] ppid=13 vsize=17684 memory=12712 CPUtime=0.03 cores=42-55,154-167
/proc/16/stat : 16 (python3) S 13 16 0 0 -1 4194304 1887 0 96 0 3 0 0 0 20 0 1 0 46721328 18108416 3178 67087892480 4194304 7154137 140726994027712 0 0 0 0 16781312 2 1 0 0 17 47 0 0 8 0 0 9727432 11029816 37171200 140726994033483 140726994033581 140726994033581 140726994034663 0
/proc/16/statm: 4421 3178 1512 723 0 2063 0
[pid=18] ppid=16 vsize=178484 memory=174956 CPUtime=760.02 cores=42-55,154-167
/proc/18/stat : 18 (bn4rust) R 16 16 0 0 -1 4194304 911536 0 18 0 75156 846 0 0 20 0 1 0 46721341 182767616 43739 67087892480 94519436562432 94519438429553 140724297746192 0 0 0 0 4096 1088 0 0 0 17 53 0 0 1 0 0 94519438687616 94519438734552 94519469928448 140724297747214 140724297747350 140724297747350 140724297748449 0
/proc/18/statm: 44621 43739 1090 456 0 42782 0
Current children cumulated CPU time: 760.05 s
Current children cumulated vsize: 196168 KiB
Current children cumulated memory: 187668 KiB

[startup+822.3 s]
/proc/loadavg: 28.74 8.50 3.62 24/2921 18
/proc/meminfo: memFree=466812588/527542252 swapFree=33525500/33554428
[pid=16] ppid=13 vsize=17684 memory=12712 CPUtime=0.03 cores=42-55,154-167
/proc/16/stat : 16 (python3) S 13 16 0 0 -1 4194304 1887 0 96 0 3 0 0 0 20 0 1 0 46721328 18108416 3178 67087892480 4194304 7154137 140726994027712 0 0 0 0 16781312 2 1 0 0 17 47 0 0 8 0 0 9727432 11029816 37171200 140726994033483 140726994033581 140726994033581 140726994034663 0
/proc/16/statm: 4421 3178 1512 723 0 2063 0
[pid=18] ppid=16 vsize=180532 memory=169528 CPUtime=819.75 cores=42-55,154-167
/proc/18/stat : 18 (bn4rust) R 16 16 0 0 -1 4194304 919228 0 18 0 81122 853 0 0 20 0 1 0 46721341 184864768 42382 67087892480 94519436562432 94519438429553 140724297746192 0 0 0 0 4096 1088 0 0 0 17 53 0 0 1 0 0 94519438687616 94519438734552 94519469928448 140724297747214 140724297747350 140724297747350 140724297748449 0
/proc/18/statm: 45133 42382 1090 456 0 43294 0
Current children cumulated CPU time: 819.78 s
Current children cumulated vsize: 198216 KiB
Current children cumulated memory: 182240 KiB

[startup+882.3 s]
/proc/loadavg: 33.70 12.46 5.22 95/3015 18
/proc/meminfo: memFree=466158512/527542252 swapFree=33525500/33554428
[pid=16] ppid=13 vsize=17684 memory=12712 CPUtime=0.03 cores=42-55,154-167
/proc/16/stat : 16 (python3) S 13 16 0 0 -1 4194304 1887 0 96 0 3 0 0 0 20 0 1 0 46721328 18108416 3178 67087892480 4194304 7154137 140726994027712 0 0 0 0 16781312 2 1 0 0 17 47 0 0 8 0 0 9727432 11029816 37171200 140726994033483 140726994033581 140726994033581 140726994034663 0
/proc/16/statm: 4421 3178 1512 723 0 2063 0
[pid=18] ppid=16 vsize=129332 memory=126220 CPUtime=879.48 cores=42-55,154-167
/proc/18/stat : 18 (bn4rust) R 16 16 0 0 -1 4194304 920954 0 18 0 87094 854 0 0 20 0 1 0 46721341 132435968 31555 67087892480 94519436562432 94519438429553 140724297746192 0 0 0 0 4096 1088 0 0 0 17 53 0 0 1 0 0 94519438687616 94519438734552 94519469928448 140724297747214 140724297747350 140724297747350 140724297748449 0
/proc/18/statm: 32333 31555 1090 456 0 30494 0
Current children cumulated CPU time: 879.51 s
Current children cumulated vsize: 147016 KiB
Current children cumulated memory: 138932 KiB

[startup+942.3 s]
/proc/loadavg: 23.52 14.51 6.45 7/2823 18
/proc/meminfo: memFree=509435492/527542252 swapFree=33525500/33554428
[pid=16] ppid=13 vsize=17684 memory=12712 CPUtime=0.04 cores=42-55,154-167
/proc/16/stat : 16 (python3) S 13 16 0 0 -1 4194304 1887 0 96 0 3 1 0 0 20 0 1 0 46721328 18108416 3178 67087892480 4194304 7154137 140726994027712 0 0 0 0 16781312 2 1 0 0 17 47 0 0 8 0 0 9727432 11029816 37171200 140726994033483 140726994033581 140726994033581 140726994034663 0
/proc/16/statm: 4421 3178 1512 723 0 2063 0
[pid=18] ppid=16 vsize=155956 memory=152716 CPUtime=939.19 cores=42-55,154-167
/proc/18/stat : 18 (bn4rust) R 16 16 0 0 -1 4194304 922011 0 18 0 93064 855 0 0 20 0 1 0 46721341 159698944 38179 67087892480 94519436562432 94519438429553 140724297746192 0 0 0 0 4096 1088 0 0 0 17 53 0 0 1 0 0 94519438687616 94519438734552 94519469928448 140724297747214 140724297747350 140724297747350 140724297748449 0
/proc/18/statm: 38989 38179 1090 456 0 37150 0
Current children cumulated CPU time: 939.23 s
Current children cumulated vsize: 173640 KiB
Current children cumulated memory: 165428 KiB

[startup+959.222 s]
# the end of solver process 16 was just reported to runsolver
# cumulated CPU time of all completed processes:  user=947.453 s, system=8.57125 s

Solver just ended.
??? end of watcher thread
Dumping a history of the last processes samples

[startup+947.2 s]
/proc/loadavg: 22.36 14.41 6.47 82/2996 18
/proc/meminfo: memFree=470187016/527542252 swapFree=33525500/33554428
[pid=16] ppid=13 vsize=17684 memory=12712 CPUtime=0.04 cores=42-55,154-167
/proc/16/stat : 16 (python3) S 13 16 0 0 -1 4194304 1887 0 96 0 3 1 0 0 20 0 1 0 46721328 18108416 3178 67087892480 4194304 7154137 140726994027712 0 0 0 0 16781312 2 1 0 0 17 47 0 0 8 0 0 9727432 11029816 37171200 140726994033483 140726994033581 140726994033581 140726994034663 0
/proc/16/statm: 4421 3178 1512 723 0 2063 0
[pid=18] ppid=16 vsize=155956 memory=152716 CPUtime=944.06 cores=42-55,154-167
/proc/18/stat : 18 (bn4rust) R 16 16 0 0 -1 4194304 922011 0 18 0 93551 855 0 0 20 0 1 0 46721341 159698944 38179 67087892480 94519436562432 94519438429553 140724297746192 0 0 0 0 4096 1088 0 0 0 17 53 0 0 1 0 0 94519438687616 94519438734552 94519469928448 140724297747214 140724297747350 140724297747350 140724297748449 0
/proc/18/statm: 38989 38179 1090 456 0 37150 0
Current children cumulated CPU time: 944.1 s
Current children cumulated vsize: 173640 KiB
Current children cumulated memory: 165428 KiB

[startup+953.6 s]
/proc/loadavg: 27.54 15.62 6.90 87/3001 18
/proc/meminfo: memFree=467334332/527542252 swapFree=33525500/33554428
[pid=16] ppid=13 vsize=17684 memory=12712 CPUtime=0.04 cores=42-55,154-167
/proc/16/stat : 16 (python3) S 13 16 0 0 -1 4194304 1887 0 96 0 3 1 0 0 20 0 1 0 46721328 18108416 3178 67087892480 4194304 7154137 140726994027712 0 0 0 0 16781312 2 1 0 0 17 47 0 0 8 0 0 9727432 11029816 37171200 140726994033483 140726994033581 140726994033581 140726994034663 0
/proc/16/statm: 4421 3178 1512 723 0 2063 0
[pid=18] ppid=16 vsize=155956 memory=152716 CPUtime=950.43 cores=42-55,154-167
/proc/18/stat : 18 (bn4rust) R 16 16 0 0 -1 4194304 922011 0 18 0 94188 855 0 0 20 0 1 0 46721341 159698944 38179 67087892480 94519436562432 94519438429553 140724297746192 0 0 0 0 4096 1088 0 0 0 17 53 0 0 1 0 0 94519438687616 94519438734552 94519469928448 140724297747214 140724297747350 140724297747350 140724297748449 0
/proc/18/statm: 38989 38179 1090 456 0 37150 0
Current children cumulated CPU time: 950.47 s
Current children cumulated vsize: 173640 KiB
Current children cumulated memory: 165428 KiB

[startup+956.8 s]
/proc/loadavg: 32.46 16.84 7.34 79/2993 18
/proc/meminfo: memFree=466512980/527542252 swapFree=33525500/33554428
[pid=16] ppid=13 vsize=17684 memory=12712 CPUtime=0.04 cores=42-55,154-167
/proc/16/stat : 16 (python3) S 13 16 0 0 -1 4194304 1887 0 96 0 3 1 0 0 20 0 1 0 46721328 18108416 3178 67087892480 4194304 7154137 140726994027712 0 0 0 0 16781312 2 1 0 0 17 47 0 0 8 0 0 9727432 11029816 37171200 140726994033483 140726994033581 140726994033581 140726994034663 0
/proc/16/statm: 4421 3178 1512 723 0 2063 0
[pid=18] ppid=16 vsize=155956 memory=152716 CPUtime=953.6 cores=42-55,154-167
/proc/18/stat : 18 (bn4rust) R 16 16 0 0 -1 4194304 922011 0 18 0 94505 855 0 0 20 0 1 0 46721341 159698944 38179 67087892480 94519436562432 94519438429553 140724297746192 0 0 0 0 4096 1088 0 0 0 17 53 0 0 1 0 0 94519438687616 94519438734552 94519469928448 140724297747214 140724297747350 140724297747350 140724297748449 0
/proc/18/statm: 38989 38179 1090 456 0 37150 0
Current children cumulated CPU time: 953.64 s
Current children cumulated vsize: 173640 KiB
Current children cumulated memory: 165428 KiB

[startup+958.4 s]
/proc/loadavg: 32.46 16.84 7.34 97/3025 18
/proc/meminfo: memFree=465693860/527542252 swapFree=33525500/33554428
[pid=16] ppid=13 vsize=17684 memory=12712 CPUtime=0.04 cores=42-55,154-167
/proc/16/stat : 16 (python3) S 13 16 0 0 -1 4194304 1887 0 96 0 3 1 0 0 20 0 1 0 46721328 18108416 3178 67087892480 4194304 7154137 140726994027712 0 0 0 0 16781312 2 1 0 0 17 47 0 0 8 0 0 9727432 11029816 37171200 140726994033483 140726994033581 140726994033581 140726994034663 0
/proc/16/statm: 4421 3178 1512 723 0 2063 0
[pid=18] ppid=16 vsize=155956 memory=152716 CPUtime=955.19 cores=42-55,154-167
/proc/18/stat : 18 (bn4rust) R 16 16 0 0 -1 4194304 922011 0 18 0 94664 855 0 0 20 0 1 0 46721341 159698944 38179 67087892480 94519436562432 94519438429553 140724297746192 0 0 0 0 4096 1088 0 0 0 17 53 0 0 1 0 0 94519438687616 94519438734552 94519469928448 140724297747214 140724297747350 140724297747350 140724297748449 0
/proc/18/statm: 38989 38179 1090 456 0 37150 0
Current children cumulated CPU time: 955.23 s
Current children cumulated vsize: 173640 KiB
Current children cumulated memory: 165428 KiB

[startup+958.8 s]
/proc/loadavg: 32.46 16.84 7.34 97/3025 18
/proc/meminfo: memFree=465693860/527542252 swapFree=33525500/33554428
[pid=16] ppid=13 vsize=17684 memory=12712 CPUtime=0.04 cores=42-55,154-167
/proc/16/stat : 16 (python3) S 13 16 0 0 -1 4194304 1887 0 96 0 3 1 0 0 20 0 1 0 46721328 18108416 3178 67087892480 4194304 7154137 140726994027712 0 0 0 0 16781312 2 1 0 0 17 47 0 0 8 0 0 9727432 11029816 37171200 140726994033483 140726994033581 140726994033581 140726994034663 0
/proc/16/statm: 4421 3178 1512 723 0 2063 0
[pid=18] ppid=16 vsize=155956 memory=152716 CPUtime=955.59 cores=42-55,154-167
/proc/18/stat : 18 (bn4rust) R 16 16 0 0 -1 4194304 922011 0 18 0 94704 855 0 0 20 0 1 0 46721341 159698944 38179 67087892480 94519436562432 94519438429553 140724297746192 0 0 0 0 4096 1088 0 0 0 17 53 0 0 1 0 0 94519438687616 94519438734552 94519469928448 140724297747214 140724297747350 140724297747350 140724297748449 0
/proc/18/statm: 38989 38179 1090 456 0 37150 0
Current children cumulated CPU time: 955.63 s
Current children cumulated vsize: 173640 KiB
Current children cumulated memory: 165428 KiB

[startup+959.2 s]
/proc/loadavg: 32.46 16.84 7.34 107/3025 18
/proc/meminfo: memFree=465659296/527542252 swapFree=33525500/33554428
[pid=16] ppid=13 vsize=17684 memory=12712 CPUtime=0.04 cores=42-55,154-167
/proc/16/stat : 16 (python3) S 13 16 0 0 -1 4194304 1887 0 96 0 3 1 0 0 20 0 1 0 46721328 18108416 3178 67087892480 4194304 7154137 140726994027712 0 0 0 0 16781312 2 1 0 0 17 47 0 0 8 0 0 9727432 11029816 37171200 140726994033483 140726994033581 140726994033581 140726994034663 0
/proc/16/statm: 4421 3178 1512 723 0 2063 0
[pid=18] ppid=16 vsize=155940 memory=152800 CPUtime=955.95 cores=42-55,154-167
/proc/18/stat : 18 (bn4rust) D 16 16 0 0 -1 4194304 922014 0 19 0 94740 855 0 0 20 0 1 0 46721341 159682560 38200 67087892480 94519436562432 94519438429553 140724297746192 0 0 0 0 4096 1088 0 0 0 17 53 0 0 1 0 0 94519438687616 94519438734552 94519469928448 140724297747214 140724297747350 140724297747350 140724297748449 0
/proc/18/statm: 38985 38200 1111 456 0 37147 0
Current children cumulated CPU time: 955.99 s
Current children cumulated vsize: 173624 KiB
Current children cumulated memory: 165512 KiB

Child status: 0
Real time (s): 959.222
CPU time (s): 956.024
CPU user time (s): 947.453
CPU system time (s): 8.57125
CPU usage (%): 99.6666
Max. virtual memory (cumulated for all children) (KiB): 370260
Max. memory (cumulated for all children) (KiB): 340160

getrusage(RUSAGE_CHILDREN,...) data:
user time used= 947.453
system time used= 8.57125
maximum resident set size= 327448
integral shared memory size= 0
integral unshared data size= 0
integral unshared stack size= 0
page reclaims= 923919
page faults= 116
swaps= 0
block input operations= 19800
block output operations= 8
messages sent= 0
messages received= 0
signals received= 0
voluntary context switches= 1089
involuntary context switches= 1248


# summary of solver processes directly reported to runsolver:
#   pid: 16
#   total CPU time (s): 956.024
#   total CPU user time (s): 947.453
#   total CPU system time (s): 8.57125

??? join timestamper begins
??? join timestamper ends
??? end of timestamper thread
runsolver used 1.03784 second user time and 1.05092 second system time

The end
