# WCTIME: wall clock time in seconds
WCTIME=93.4756
# CPUTIME: CPU time in seconds (USERTIME+SYSTEMTIME)
CPUTIME=92.805
# USERTIME: CPU time spent in user mode in seconds
USERTIME=91.6622
# SYSTEMTIME: CPU time spent in system mode in seconds
SYSTEMTIME=1.14274
# CPUUSAGE: CPUTIME/WCTIME in percent
CPUUSAGE=99.2826
# MAXVM: maximum virtual memory used in KiB
MAXVM=59052
# MAXMM: maximum memory used in KiB
MAXMM=49968
# MAXRSS: maximum Resident Segment Size in KiB
MAXRSS=38132
# TIMEOUT: did the solver exceed the time limit?
TIMEOUT=false
# MEMOUT: did the solver exceed the memory limit?
MEMOUT=false
# EXITSTATUS: Exit status of the solver
EXITSTATUS=0
