# WCTIME: wall clock time in seconds
WCTIME=1800.03
# CPUTIME: CPU time in seconds (USERTIME+SYSTEMTIME)
CPUTIME=1794.3
# USERTIME: CPU time spent in user mode in seconds
USERTIME=1754.65
# SYSTEMTIME: CPU time spent in system mode in seconds
SYSTEMTIME=39.642
# CPUUSAGE: CPUTIME/WCTIME in percent
CPUUSAGE=99.6814
# MAXVM: maximum virtual memory used in KiB
MAXVM=11476644
# MAXMM: maximum memory used in KiB
MAXMM=9779512
# MAXRSS: maximum Resident Segment Size in KiB
MAXRSS=9809056
# TIMEOUT: did the solver exceed the time limit?
TIMEOUT=true
# MEMOUT: did the solver exceed the memory limit?
MEMOUT=false
# EXITSTATUS: Exit status of the solver
EXITSTATUS=15
