runsolver version 3.4.1 (svn: 3018) Copyright (C) 2010-2013 Olivier ROUSSEL

This program is distributed in the hope that it will be useful,
but WITHOUT ANY WARRANTY; without even the implied warranty of
MERCHANTABILITY or FITNESS FOR A PARTICULAR PURPOSE.  See the
GNU General Public License for more details.

NUMA information:
  number of nodes: 8
  memory of node 0: 63700 MiB (61321 MiB free)
  memory of node 1: 64504 MiB (63231 MiB free)
  memory of node 2: 64504 MiB (60983 MiB free)
  memory of node 3: 64504 MiB (62932 MiB free)
  memory of node 4: 64504 MiB (63212 MiB free)
  memory of node 5: 64461 MiB (63349 MiB free)
  memory of node 6: 64504 MiB (63590 MiB free)
  memory of node 7: 64491 MiB (37206 MiB free)
  node distances:
     10  12  12  12  21  21  21  21
     12  10  12  12  21  21  21  21
     12  12  10  12  21  21  21  21
     12  12  12  10  21  21  21  21
     21  21  21  21  10  12  12  12
     21  21  21  21  12  10  12  12
     21  21  21  21  12  12  10  12
     21  21  21  21  12  12  12  10

command line: /usr/local/bin/runsolver --timestamp -w /output/runsolver-watch.log -v /output/runsolver-values.log -o /output/solver-output.log -C 1800.0 -W 1800.0 -R 64000 /opt/solver/run_bn4rust.py --mode cyber-complement-gfp-plus-dependency-order --instance /input/model_200.bnet 

running on 6 cores: 65-67,72-74

Enforcing CPUTime limit (soft limit, will send SIGTERM then SIGKILL): 1800 seconds
Enforcing CPUTime limit (hard limit, will send SIGXCPU): 1830 seconds
Enforcing wall clock limit (soft limit, will send SIGTERM then SIGKILL): 1800 seconds
Enforcing RSS+Swap limit (soft limit, will send SIGTERM then SIGKILL): 65536000 KiB
Linux 4.18.0-553.159.1.el8_10.x86_64
Current StackSize limit: 18014398509481983 KiB

solver pid=17, runsolver pid=13

[startup+0.100108 s]*
/proc/loadavg: 43.80 44.36 45.61 46/3016 18
/proc/meminfo: memFree=487107424/527542200 swapFree=33551356/33554428
[pid=17] ppid=13 vsize=15800 memory=10060 CPUtime=0.02 cores=56-59,65-74,168-171,177-186
/proc/17/stat : 17 (python3) R 13 17 0 0 -1 4194304 1384 0 84 0 2 0 0 0 20 0 1 0 53437222 16179200 2515 67087892480 4194304 7154137 140731224970544 0 0 0 0 16781312 2 0 0 0 17 65 0 0 6 0 0 9727432 11029816 34222080 140731224976183 140731224976301 140731224976301 140731224977383 0
/proc/17/statm: 3950 2515 1380 723 0 1674 0
Current children cumulated CPU time: 0.02 s
Current children cumulated vsize: 15800 KiB
Current children cumulated memory: 10060 KiB

[startup+0.200655 s]*
/proc/loadavg: 43.80 44.36 45.61 46/3017 19
/proc/meminfo: memFree=487089792/527542200 swapFree=33551356/33554428
[pid=17] ppid=13 vsize=17684 memory=12368 CPUtime=0.04 cores=56-59,65-74,168-171,177-186
/proc/17/stat : 17 (python3) S 13 17 0 0 -1 4194304 1897 0 96 0 3 1 0 0 20 0 1 0 53437222 18108416 3092 67087892480 4194304 7154137 140731224970544 0 0 0 0 16781312 2 1 0 0 17 65 0 0 8 0 0 9727432 11029816 34222080 140731224976183 140731224976301 140731224976301 140731224977383 0
/proc/17/statm: 4421 3092 1498 723 0 2063 0
[pid=19] ppid=17 vsize=8080 memory=4988 CPUtime=0.04 cores=56-59,65-74,168-171,177-186
/proc/19/stat : 19 (bn4rust) R 17 17 0 0 -1 4194304 350 0 18 0 4 0 0 0 20 0 1 0 53437235 8273920 1247 67087892480 94480659496960 94480661364081 140736088126640 0 0 0 0 4096 1088 0 0 0 17 59 0 0 1 0 0 94480661622144 94480661669080 94480676089856 140736088132346 140736088132502 140736088132502 140736088133601 0
/proc/19/statm: 2020 1247 1092 456 0 181 0
Current children cumulated CPU time: 0.08 s
Current children cumulated vsize: 25764 KiB
Current children cumulated memory: 17356 KiB

[startup+0.300532 s]*
/proc/loadavg: 43.80 44.36 45.61 46/3017 19
/proc/meminfo: memFree=487082672/527542200 swapFree=33551356/33554428
[pid=17] ppid=13 vsize=17684 memory=12368 CPUtime=0.04 cores=56-59,65-74,168-171,177-186
/proc/17/stat : 17 (python3) S 13 17 0 0 -1 4194304 1897 0 96 0 3 1 0 0 20 0 1 0 53437222 18108416 3092 67087892480 4194304 7154137 140731224970544 0 0 0 0 16781312 2 1 0 0 17 65 0 0 8 0 0 9727432 11029816 34222080 140731224976183 140731224976301 140731224976301 140731224977383 0
/proc/17/statm: 4421 3092 1498 723 0 2063 0
[pid=19] ppid=17 vsize=8152 memory=5036 CPUtime=0.14 cores=56-59,65-74,168-171,177-186
/proc/19/stat : 19 (bn4rust) R 17 17 0 0 -1 4194304 787 0 18 0 14 0 0 0 20 0 1 0 53437235 8347648 1259 67087892480 94480659496960 94480661364081 140736088126640 0 0 0 0 4096 1088 0 0 0 17 59 0 0 1 0 0 94480661622144 94480661669080 94480676089856 140736088132346 140736088132502 140736088132502 140736088133601 0
/proc/19/statm: 2038 1259 1092 456 0 199 0
Current children cumulated CPU time: 0.18 s
Current children cumulated vsize: 25836 KiB
Current children cumulated memory: 17404 KiB

[startup+0.383184 s]
# the end of solver process 17 was just reported to runsolver
# cumulated CPU time of all completed processes:  user=0.250877 s, system=0.019053 s

Solver just ended.
??? end of watcher thread
Dumping a history of the last processes samples

[startup+0.300532 s]*
/proc/loadavg: 43.80 44.36 45.61 46/3017 19
/proc/meminfo: memFree=487082672/527542200 swapFree=33551356/33554428
[pid=17] ppid=13 vsize=17684 memory=12368 CPUtime=0.04 cores=56-59,65-74,168-171,177-186
/proc/17/stat : 17 (python3) S 13 17 0 0 -1 4194304 1897 0 96 0 3 1 0 0 20 0 1 0 53437222 18108416 3092 67087892480 4194304 7154137 140731224970544 0 0 0 0 16781312 2 1 0 0 17 65 0 0 8 0 0 9727432 11029816 34222080 140731224976183 140731224976301 140731224976301 140731224977383 0
/proc/17/statm: 4421 3092 1498 723 0 2063 0
[pid=19] ppid=17 vsize=8152 memory=5036 CPUtime=0.14 cores=56-59,65-74,168-171,177-186
/proc/19/stat : 19 (bn4rust) R 17 17 0 0 -1 4194304 787 0 18 0 14 0 0 0 20 0 1 0 53437235 8347648 1259 67087892480 94480659496960 94480661364081 140736088126640 0 0 0 0 4096 1088 0 0 0 17 59 0 0 1 0 0 94480661622144 94480661669080 94480676089856 140736088132346 140736088132502 140736088132502 140736088133601 0
/proc/19/statm: 2038 1259 1092 456 0 199 0
Current children cumulated CPU time: 0.18 s
Current children cumulated vsize: 25836 KiB
Current children cumulated memory: 17404 KiB

Child status: 0
Real time (s): 0.383212
CPU time (s): 0.26993
CPU user time (s): 0.250877
CPU system time (s): 0.019053
CPU usage (%): 70.4388
Max. virtual memory (cumulated for all children) (KiB): 25836
Max. memory (cumulated for all children) (KiB): 17404

getrusage(RUSAGE_CHILDREN,...) data:
user time used= 0.250877
system time used= 0.019053
maximum resident set size= 12536
integral shared memory size= 0
integral unshared data size= 0
integral unshared stack size= 0
page reclaims= 2713
page faults= 116
swaps= 0
block input operations= 19800
block output operations= 0
messages sent= 0
messages received= 0
signals received= 0
voluntary context switches= 1008
involuntary context switches= 1


# summary of solver processes directly reported to runsolver:
#   pid: 17
#   total CPU time (s): 0.26993
#   total CPU user time (s): 0.250877
#   total CPU system time (s): 0.019053

??? join timestamper begins
??? join timestamper ends
??? end of timestamper thread
runsolver used 0.002064 second user time and 0.040612 second system time

The end
