# WCTIME: wall clock time in seconds
WCTIME=0.383212
# CPUTIME: CPU time in seconds (USERTIME+SYSTEMTIME)
CPUTIME=0.26993
# USERTIME: CPU time spent in user mode in seconds
USERTIME=0.250877
# SYSTEMTIME: CPU time spent in system mode in seconds
SYSTEMTIME=0.019053
# CPUUSAGE: CPUTIME/WCTIME in percent
CPUUSAGE=70.4388
# MAXVM: maximum virtual memory used in KiB
MAXVM=25836
# MAXMM: maximum memory used in KiB
MAXMM=17404
# MAXRSS: maximum Resident Segment Size in KiB
MAXRSS=12536
# TIMEOUT: did the solver exceed the time limit?
TIMEOUT=false
# MEMOUT: did the solver exceed the memory limit?
MEMOUT=false
# EXITSTATUS: Exit status of the solver
EXITSTATUS=0
