runsolver version 3.4.1 (svn: 3018) Copyright (C) 2010-2013 Olivier ROUSSEL

This program is distributed in the hope that it will be useful,
but WITHOUT ANY WARRANTY; without even the implied warranty of
MERCHANTABILITY or FITNESS FOR A PARTICULAR PURPOSE.  See the
GNU General Public License for more details.

NUMA information:
  number of nodes: 8
  memory of node 0: 63700 MiB (37717 MiB free)
  memory of node 1: 64461 MiB (63852 MiB free)
  memory of node 2: 64504 MiB (63765 MiB free)
  memory of node 3: 64504 MiB (63012 MiB free)
  memory of node 4: 64504 MiB (63440 MiB free)
  memory of node 5: 64504 MiB (63552 MiB free)
  memory of node 6: 64504 MiB (63598 MiB free)
  memory of node 7: 64491 MiB (61284 MiB free)
  node distances:
     10  12  12  12  21  21  21  21
     12  10  12  12  21  21  21  21
     12  12  10  12  21  21  21  21
     12  12  12  10  21  21  21  21
     21  21  21  21  10  12  12  12
     21  21  21  21  12  10  12  12
     21  21  21  21  12  12  10  12
     21  21  21  21  12  12  12  10

command line: /usr/local/bin/runsolver --timestamp -w /output/runsolver-watch.log -v /output/runsolver-values.log -o /output/solver-output.log -C 1800.0 -W 1800.0 -R 64000 /opt/solver/run_bn4rust.py --mode cyber-complement-gfp-plus-immutable --instance /input/model_134.bnet 

running on 8 cores: 60-67

Enforcing CPUTime limit (soft limit, will send SIGTERM then SIGKILL): 1800 seconds
Enforcing CPUTime limit (hard limit, will send SIGXCPU): 1830 seconds
Enforcing wall clock limit (soft limit, will send SIGTERM then SIGKILL): 1800 seconds
Enforcing RSS+Swap limit (soft limit, will send SIGTERM then SIGKILL): 65536000 KiB
Linux 4.18.0-553.159.1.el8_10.x86_64
solver pid=16, runsolver pid=13
Current StackSize limit: 18014398509481983 KiB


[startup+0.100076 s]*
/proc/loadavg: 8.05 11.42 15.20 7/2872 17
/proc/meminfo: memFree=491733772/527542268 swapFree=33507324/33554428
[pid=16] ppid=13 vsize=15800 memory=10156 CPUtime=0.01 cores=56-69,168-181
/proc/16/stat : 16 (python3) D 13 16 0 0 -1 4194304 1400 0 84 0 1 0 0 0 20 0 1 0 53412529 16179200 2539 67087892480 4194304 7154137 140723644269552 0 0 0 0 16781312 2 0 0 0 17 63 0 0 6 0 0 9727432 11029816 40591360 140723644271422 140723644271533 140723644271533 140723644272615 0
/proc/16/statm: 3950 2539 1404 723 0 1674 0
Current children cumulated CPU time: 0.01 s
Current children cumulated vsize: 15800 KiB
Current children cumulated memory: 10156 KiB

[startup+0.200549 s]*
/proc/loadavg: 8.05 11.42 15.20 7/2852 18
/proc/meminfo: memFree=491718140/527542268 swapFree=33507324/33554428
[pid=16] ppid=13 vsize=17684 memory=12468 CPUtime=0.04 cores=56-69,168-181
/proc/16/stat : 16 (python3) S 13 16 0 0 -1 4194304 1900 0 96 0 3 1 0 0 20 0 1 0 53412529 18108416 3117 67087892480 4194304 7154137 140723644269552 0 0 0 0 16781312 2 1 0 0 17 63 0 0 8 0 0 9727432 11029816 40591360 140723644271422 140723644271533 140723644271533 140723644272615 0
/proc/16/statm: 4421 3117 1523 723 0 2063 0
[pid=18] ppid=16 vsize=8452 memory=5348 CPUtime=0.04 cores=56-69,168-181
/proc/18/stat : 18 (bn4rust) R 16 16 0 0 -1 4194304 740 0 17 0 4 0 0 0 20 0 1 0 53412543 8654848 1337 67087892480 93966533533696 93966535400817 140721587483760 0 0 0 0 4096 1088 0 0 0 17 69 0 0 1 0 0 93966535658880 93966535705816 93966566604800 140721587489537 140721587489686 140721587489686 140721587490785 0
/proc/18/statm: 2113 1337 1091 456 0 274 0
Current children cumulated CPU time: 0.08 s
Current children cumulated vsize: 26136 KiB
Current children cumulated memory: 17816 KiB

[startup+0.30047 s]*
/proc/loadavg: 8.05 11.42 15.20 7/2847 18
/proc/meminfo: memFree=491776436/527542268 swapFree=33507324/33554428
[pid=16] ppid=13 vsize=17684 memory=12468 CPUtime=0.04 cores=56-69,168-181
/proc/16/stat : 16 (python3) S 13 16 0 0 -1 4194304 1900 0 96 0 3 1 0 0 20 0 1 0 53412529 18108416 3117 67087892480 4194304 7154137 140723644269552 0 0 0 0 16781312 2 1 0 0 17 63 0 0 8 0 0 9727432 11029816 40591360 140723644271422 140723644271533 140723644271533 140723644272615 0
/proc/16/statm: 4421 3117 1523 723 0 2063 0
[pid=18] ppid=16 vsize=10516 memory=6960 CPUtime=0.13 cores=56-69,168-181
/proc/18/stat : 18 (bn4rust) R 16 16 0 0 -1 4194304 3010 0 17 0 13 0 0 0 20 0 1 0 53412543 10768384 1740 67087892480 93966533533696 93966535400817 140721587483760 0 0 0 0 4096 1088 0 0 0 17 69 0 0 1 0 0 93966535658880 93966535705816 93966566604800 140721587489537 140721587489686 140721587489686 140721587490785 0
/proc/18/statm: 2629 1740 1091 456 0 790 0
Current children cumulated CPU time: 0.17 s
Current children cumulated vsize: 28200 KiB
Current children cumulated memory: 19428 KiB

[startup+0.70024 s]
/proc/loadavg: 8.05 11.42 15.20 8/2842 18
/proc/meminfo: memFree=491777536/527542268 swapFree=33507324/33554428
[pid=16] ppid=13 vsize=17684 memory=12468 CPUtime=0.04 cores=56-69,168-181
/proc/16/stat : 16 (python3) S 13 16 0 0 -1 4194304 1900 0 96 0 3 1 0 0 20 0 1 0 53412529 18108416 3117 67087892480 4194304 7154137 140723644269552 0 0 0 0 16781312 2 1 0 0 17 63 0 0 8 0 0 9727432 11029816 40591360 140723644271422 140723644271533 140723644271533 140723644272615 0
/proc/16/statm: 4421 3117 1523 723 0 2063 0
[pid=18] ppid=16 vsize=11652 memory=8120 CPUtime=0.54 cores=56-69,168-181
/proc/18/stat : 18 (bn4rust) R 16 16 0 0 -1 4194304 10429 0 17 0 53 1 0 0 20 0 1 0 53412543 11931648 2030 67087892480 93966533533696 93966535400817 140721587483760 0 0 0 0 4096 1088 0 0 0 17 69 0 0 1 0 0 93966535658880 93966535705816 93966566604800 140721587489537 140721587489686 140721587489686 140721587490785 0
/proc/18/statm: 2913 2030 1091 456 0 1074 0
Current children cumulated CPU time: 0.58 s
Current children cumulated vsize: 29336 KiB
Current children cumulated memory: 20588 KiB

[startup+1.50022 s]
/proc/loadavg: 8.05 11.42 15.20 9/2853 18
/proc/meminfo: memFree=491705196/527542268 swapFree=33507324/33554428
[pid=16] ppid=13 vsize=17684 memory=12468 CPUtime=0.04 cores=56-69,168-181
/proc/16/stat : 16 (python3) S 13 16 0 0 -1 4194304 1900 0 96 0 3 1 0 0 20 0 1 0 53412529 18108416 3117 67087892480 4194304 7154137 140723644269552 0 0 0 0 16781312 2 1 0 0 17 63 0 0 8 0 0 9727432 11029816 40591360 140723644271422 140723644271533 140723644271533 140723644272615 0
/proc/16/statm: 4421 3117 1523 723 0 2063 0
[pid=18] ppid=16 vsize=22596 memory=18432 CPUtime=1.33 cores=56-69,168-181
/proc/18/stat : 18 (bn4rust) R 16 16 0 0 -1 4194304 23983 0 17 0 131 2 0 0 20 0 1 0 53412543 23138304 4608 67087892480 93966533533696 93966535400817 140721587483760 0 0 0 0 4096 1088 0 0 0 17 69 0 0 1 0 0 93966535658880 93966535705816 93966566604800 140721587489537 140721587489686 140721587489686 140721587490785 0
/proc/18/statm: 5649 4608 1091 456 0 3810 0
Current children cumulated CPU time: 1.37 s
Current children cumulated vsize: 40280 KiB
Current children cumulated memory: 30900 KiB

[startup+3.10046 s]
/proc/loadavg: 7.89 11.33 15.15 7/2839 18
/proc/meminfo: memFree=491690648/527542268 swapFree=33507324/33554428
[pid=16] ppid=13 vsize=17684 memory=12468 CPUtime=0.04 cores=56-69,168-181
/proc/16/stat : 16 (python3) S 13 16 0 0 -1 4194304 1900 0 96 0 3 1 0 0 20 0 1 0 53412529 18108416 3117 67087892480 4194304 7154137 140723644269552 0 0 0 0 16781312 2 1 0 0 17 63 0 0 8 0 0 9727432 11029816 40591360 140723644271422 140723644271533 140723644271533 140723644272615 0
/proc/16/statm: 4421 3117 1523 723 0 2063 0
[pid=18] ppid=16 vsize=36804 memory=33548 CPUtime=2.93 cores=56-69,168-181
/proc/18/stat : 18 (bn4rust) R 16 16 0 0 -1 4194304 40933 0 17 0 287 6 0 0 20 0 1 0 53412543 37687296 8387 67087892480 93966533533696 93966535400817 140721587483760 0 0 0 0 4096 1088 0 0 0 17 69 0 0 1 0 0 93966535658880 93966535705816 93966566604800 140721587489537 140721587489686 140721587489686 140721587490785 0
/proc/18/statm: 9201 8387 1091 456 0 7362 0
Current children cumulated CPU time: 2.97 s
Current children cumulated vsize: 54488 KiB
Current children cumulated memory: 46016 KiB

[startup+6.30023 s]
/proc/loadavg: 7.89 11.33 15.15 8/2858 18
/proc/meminfo: memFree=494451964/527542268 swapFree=33507324/33554428
[pid=16] ppid=13 vsize=17684 memory=12468 CPUtime=0.04 cores=56-69,168-181
/proc/16/stat : 16 (python3) S 13 16 0 0 -1 4194304 1900 0 96 0 3 1 0 0 20 0 1 0 53412529 18108416 3117 67087892480 4194304 7154137 140723644269552 0 0 0 0 16781312 2 1 0 0 17 63 0 0 8 0 0 9727432 11029816 40591360 140723644271422 140723644271533 140723644271533 140723644272615 0
/proc/16/statm: 4421 3117 1523 723 0 2063 0
[pid=18] ppid=16 vsize=37752 memory=34284 CPUtime=6.12 cores=56-69,168-181
/proc/18/stat : 18 (bn4rust) R 16 16 0 0 -1 4194304 58399 0 17 0 602 10 0 0 20 0 1 0 53412543 38658048 8571 67087892480 93966533533696 93966535400817 140721587483760 0 0 0 0 4096 1088 0 0 0 17 69 0 0 1 0 0 93966535658880 93966535705816 93966566604800 140721587489537 140721587489686 140721587489686 140721587490785 0
/proc/18/statm: 9438 8571 1091 456 0 7599 0
Current children cumulated CPU time: 6.16 s
Current children cumulated vsize: 55436 KiB
Current children cumulated memory: 46752 KiB

[startup+12.7003 s]
/proc/loadavg: 7.90 11.22 15.08 9/2852 18
/proc/meminfo: memFree=495129788/527542268 swapFree=33507324/33554428
[pid=16] ppid=13 vsize=17684 memory=12468 CPUtime=0.04 cores=56-69,168-181
/proc/16/stat : 16 (python3) S 13 16 0 0 -1 4194304 1900 0 96 0 3 1 0 0 20 0 1 0 53412529 18108416 3117 67087892480 4194304 7154137 140723644269552 0 0 0 0 16781312 2 1 0 0 17 63 0 0 8 0 0 9727432 11029816 40591360 140723644271422 140723644271533 140723644271533 140723644272615 0
/proc/16/statm: 4421 3117 1523 723 0 2063 0
[pid=18] ppid=16 vsize=70596 memory=65724 CPUtime=12.49 cores=56-69,168-181
/proc/18/stat : 18 (bn4rust) R 16 16 0 0 -1 4194304 91844 0 17 0 1232 17 0 0 20 0 1 0 53412543 72290304 16431 67087892480 93966533533696 93966535400817 140721587483760 0 0 0 0 4096 1088 0 0 0 17 69 0 0 1 0 0 93966535658880 93966535705816 93966566604800 140721587489537 140721587489686 140721587489686 140721587490785 0
/proc/18/statm: 17649 16431 1091 456 0 15810 0
Current children cumulated CPU time: 12.53 s
Current children cumulated vsize: 88280 KiB
Current children cumulated memory: 78192 KiB

[startup+25.5003 s]
/proc/loadavg: 7.61 11.04 14.98 8/2834 18
/proc/meminfo: memFree=494816220/527542268 swapFree=33507324/33554428
[pid=16] ppid=13 vsize=17684 memory=12468 CPUtime=0.04 cores=56-69,168-181
/proc/16/stat : 16 (python3) S 13 16 0 0 -1 4194304 1900 0 96 0 3 1 0 0 20 0 1 0 53412529 18108416 3117 67087892480 4194304 7154137 140723644269552 0 0 0 0 16781312 2 1 0 0 17 63 0 0 8 0 0 9727432 11029816 40591360 140723644271422 140723644271533 140723644271533 140723644272615 0
/proc/16/statm: 4421 3117 1523 723 0 2063 0
[pid=18] ppid=16 vsize=61124 memory=57856 CPUtime=25.26 cores=56-69,168-181
/proc/18/stat : 18 (bn4rust) R 16 16 0 0 -1 4194304 116267 0 17 0 2500 26 0 0 20 0 1 0 53412543 62590976 14464 67087892480 93966533533696 93966535400817 140721587483760 0 0 0 0 4096 1088 0 0 0 17 69 0 0 1 0 0 93966535658880 93966535705816 93966566604800 140721587489537 140721587489686 140721587489686 140721587490785 0
/proc/18/statm: 15281 14464 1091 456 0 13442 0
Current children cumulated CPU time: 25.3 s
Current children cumulated vsize: 78808 KiB
Current children cumulated memory: 70324 KiB

[startup+51.1005 s]
/proc/loadavg: 7.77 10.80 14.79 9/2914 18
/proc/meminfo: memFree=492377472/527542268 swapFree=33507324/33554428
[pid=16] ppid=13 vsize=17684 memory=12468 CPUtime=0.04 cores=56-69,168-181
/proc/16/stat : 16 (python3) S 13 16 0 0 -1 4194304 1900 0 96 0 3 1 0 0 20 0 1 0 53412529 18108416 3117 67087892480 4194304 7154137 140723644269552 0 0 0 0 16781312 2 1 0 0 17 63 0 0 8 0 0 9727432 11029816 40591360 140723644271422 140723644271533 140723644271533 140723644272615 0
/proc/16/statm: 4421 3117 1523 723 0 2063 0
[pid=18] ppid=16 vsize=144068 memory=140364 CPUtime=50.78 cores=56-69,168-181
/proc/18/stat : 18 (bn4rust) R 16 16 0 0 -1 4194304 156720 0 17 0 5036 42 0 0 20 0 1 0 53412543 147525632 35091 67087892480 93966533533696 93966535400817 140721587483760 0 0 0 0 4096 1088 0 0 0 17 69 0 0 1 0 0 93966535658880 93966535705816 93966566604800 140721587489537 140721587489686 140721587489686 140721587490785 0
/proc/18/statm: 36017 35091 1091 456 0 34178 0
Current children cumulated CPU time: 50.82 s
Current children cumulated vsize: 161752 KiB
Current children cumulated memory: 152832 KiB

[startup+102.3 s]
/proc/loadavg: 6.72 10.01 14.29 7/2834 18
/proc/meminfo: memFree=491295228/527542268 swapFree=33507324/33554428
[pid=16] ppid=13 vsize=17684 memory=12468 CPUtime=0.04 cores=56-69,168-181
/proc/16/stat : 16 (python3) S 13 16 0 0 -1 4194304 1900 0 96 0 3 1 0 0 20 0 1 0 53412529 18108416 3117 67087892480 4194304 7154137 140723644269552 0 0 0 0 16781312 2 1 0 0 17 63 0 0 8 0 0 9727432 11029816 40591360 140723644271422 140723644271533 140723644271533 140723644272615 0
/proc/16/statm: 4421 3117 1523 723 0 2063 0
[pid=18] ppid=16 vsize=80580 memory=76848 CPUtime=101.81 cores=56-69,168-181
/proc/18/stat : 18 (bn4rust) R 16 16 0 0 -1 4194304 256998 0 17 0 10089 92 0 0 20 0 1 0 53412543 82513920 19212 67087892480 93966533533696 93966535400817 140721587483760 0 0 0 0 4096 1088 0 0 0 17 69 0 0 1 0 0 93966535658880 93966535705816 93966566604800 140721587489537 140721587489686 140721587489686 140721587490785 0
/proc/18/statm: 20145 19212 1091 456 0 18306 0
Current children cumulated CPU time: 101.85 s
Current children cumulated vsize: 98264 KiB
Current children cumulated memory: 89316 KiB

[startup+162.3 s]
/proc/loadavg: 6.14 9.24 13.76 7/2835 18
/proc/meminfo: memFree=489039976/527542268 swapFree=33507324/33554428
[pid=16] ppid=13 vsize=17684 memory=12468 CPUtime=0.04 cores=56-69,168-181
/proc/16/stat : 16 (python3) S 13 16 0 0 -1 4194304 1901 0 96 0 3 1 0 0 20 0 1 0 53412529 18108416 3117 67087892480 4194304 7154137 140723644269552 0 0 0 0 16781312 2 1 0 0 17 63 0 0 8 0 0 9727432 11029816 40591360 140723644271422 140723644271533 140723644271533 140723644272615 0
/proc/16/statm: 4421 3117 1523 723 0 2063 0
[pid=18] ppid=16 vsize=128896 memory=123972 CPUtime=161.59 cores=56-69,168-181
/proc/18/stat : 18 (bn4rust) R 16 16 0 0 -1 4194304 371422 0 17 0 16012 147 0 0 20 0 1 0 53412543 131989504 30993 67087892480 93966533533696 93966535400817 140721587483760 0 0 0 0 4096 1088 0 0 0 17 69 0 0 1 0 0 93966535658880 93966535705816 93966566604800 140721587489537 140721587489686 140721587489686 140721587490785 0
/proc/18/statm: 32224 30993 1091 456 0 30385 0
Current children cumulated CPU time: 161.63 s
Current children cumulated vsize: 146580 KiB
Current children cumulated memory: 136440 KiB

[startup+222.3 s]
/proc/loadavg: 8.94 9.28 13.48 18/2953 18
/proc/meminfo: memFree=486181080/527542268 swapFree=33507324/33554428
[pid=16] ppid=13 vsize=17684 memory=12468 CPUtime=0.04 cores=56-69,168-181
/proc/16/stat : 16 (python3) S 13 16 0 0 -1 4194304 1901 0 96 0 3 1 0 0 20 0 1 0 53412529 18108416 3117 67087892480 4194304 7154137 140723644269552 0 0 0 0 16781312 2 1 0 0 17 63 0 0 8 0 0 9727432 11029816 40591360 140723644271422 140723644271533 140723644271533 140723644272615 0
/proc/16/statm: 4421 3117 1523 723 0 2063 0
[pid=18] ppid=16 vsize=212680 memory=153088 CPUtime=221.31 cores=56-69,168-181
/proc/18/stat : 18 (bn4rust) R 16 16 0 0 -1 4194304 481059 0 17 0 21932 199 0 0 20 0 1 0 53412543 217784320 38272 67087892480 93966533533696 93966535400817 140721587483760 0 0 0 0 4096 1088 0 0 0 17 69 0 0 1 0 0 93966535658880 93966535705816 93966566604800 140721587489537 140721587489686 140721587489686 140721587490785 0
/proc/18/statm: 53170 38272 1091 456 0 51331 0
Current children cumulated CPU time: 221.35 s
Current children cumulated vsize: 230364 KiB
Current children cumulated memory: 165556 KiB

[startup+282.3 s]
/proc/loadavg: 7.79 8.88 13.08 8/2855 18
/proc/meminfo: memFree=482936684/527542268 swapFree=33507324/33554428
[pid=16] ppid=13 vsize=17684 memory=12468 CPUtime=0.04 cores=56-69,168-181
/proc/16/stat : 16 (python3) S 13 16 0 0 -1 4194304 1901 0 96 0 3 1 0 0 20 0 1 0 53412529 18108416 3117 67087892480 4194304 7154137 140723644269552 0 0 0 0 16781312 2 1 0 0 17 63 0 0 8 0 0 9727432 11029816 40591360 140723644271422 140723644271533 140723644271533 140723644272615 0
/proc/16/statm: 4421 3117 1523 723 0 2063 0
[pid=18] ppid=16 vsize=111300 memory=107584 CPUtime=281.09 cores=56-69,168-181
/proc/18/stat : 18 (bn4rust) R 16 16 0 0 -1 4194304 576807 0 17 0 27863 246 0 0 20 0 1 0 53412543 113971200 26896 67087892480 93966533533696 93966535400817 140721587483760 0 0 0 0 4096 1088 0 0 0 17 181 0 0 1 0 0 93966535658880 93966535705816 93966566604800 140721587489537 140721587489686 140721587489686 140721587490785 0
/proc/18/statm: 27825 26896 1091 456 0 25986 0
Current children cumulated CPU time: 281.13 s
Current children cumulated vsize: 128984 KiB
Current children cumulated memory: 120052 KiB

[startup+342.3 s]
/proc/loadavg: 6.54 8.34 12.62 6/2809 18
/proc/meminfo: memFree=481799720/527542268 swapFree=33507324/33554428
[pid=16] ppid=13 vsize=17684 memory=12468 CPUtime=0.04 cores=56-69,168-181
/proc/16/stat : 16 (python3) S 13 16 0 0 -1 4194304 1901 0 96 0 3 1 0 0 20 0 1 0 53412529 18108416 3117 67087892480 4194304 7154137 140723644269552 0 0 0 0 16781312 2 1 0 0 17 63 0 0 8 0 0 9727432 11029816 40591360 140723644271422 140723644271533 140723644271533 140723644272615 0
/proc/16/statm: 4421 3117 1523 723 0 2063 0
[pid=18] ppid=16 vsize=191172 memory=161620 CPUtime=340.91 cores=56-69,168-181
/proc/18/stat : 18 (bn4rust) R 16 16 0 0 -1 4194304 615085 0 17 0 33820 271 0 0 20 0 1 0 53412543 195760128 40405 67087892480 93966533533696 93966535400817 140721587483760 0 0 0 0 4096 1088 0 0 0 17 181 0 0 1 0 0 93966535658880 93966535705816 93966566604800 140721587489537 140721587489686 140721587489686 140721587490785 0
/proc/18/statm: 47793 40405 1091 456 0 45954 0
Current children cumulated CPU time: 340.95 s
Current children cumulated vsize: 208856 KiB
Current children cumulated memory: 174088 KiB

[startup+402.3 s]
/proc/loadavg: 6.16 7.90 12.20 7/2810 18
/proc/meminfo: memFree=479955012/527542268 swapFree=33507324/33554428
[pid=16] ppid=13 vsize=17684 memory=12912 CPUtime=0.04 cores=56-69,168-181
/proc/16/stat : 16 (python3) S 13 16 0 0 -1 4194304 1901 0 96 0 3 1 0 0 20 0 1 0 53412529 18108416 3228 67087892480 4194304 7154137 140723644269552 0 0 0 0 16781312 2 1 0 0 17 63 0 0 8 0 0 9727432 11029816 40591360 140723644271422 140723644271533 140723644271533 140723644272615 0
/proc/16/statm: 4421 3228 1523 723 0 2063 0
[pid=18] ppid=16 vsize=154308 memory=140556 CPUtime=400.74 cores=56-69,168-181
/proc/18/stat : 18 (bn4rust) R 16 16 0 0 -1 4194304 662424 0 17 0 39772 302 0 0 20 0 1 0 53412543 158011392 35139 67087892480 93966533533696 93966535400817 140721587483760 0 0 0 0 4096 1088 0 0 0 17 181 0 0 1 0 0 93966535658880 93966535705816 93966566604800 140721587489537 140721587489686 140721587489686 140721587490785 0
/proc/18/statm: 38577 35139 1091 456 0 36738 0
Current children cumulated CPU time: 400.78 s
Current children cumulated vsize: 171992 KiB
Current children cumulated memory: 153468 KiB

[startup+462.3 s]
/proc/loadavg: 6.08 7.55 11.81 7/2809 18
/proc/meminfo: memFree=476978472/527542268 swapFree=33507324/33554428
[pid=16] ppid=13 vsize=17684 memory=12912 CPUtime=0.04 cores=56-69,168-181
/proc/16/stat : 16 (python3) S 13 16 0 0 -1 4194304 1901 0 96 0 3 1 0 0 20 0 1 0 53412529 18108416 3228 67087892480 4194304 7154137 140723644269552 0 0 0 0 16781312 2 1 0 0 17 63 0 0 8 0 0 9727432 11029816 40591360 140723644271422 140723644271533 140723644271533 140723644272615 0
/proc/16/statm: 4421 3228 1523 723 0 2063 0
[pid=18] ppid=16 vsize=129732 memory=126500 CPUtime=460.57 cores=56-69,168-181
/proc/18/stat : 18 (bn4rust) R 16 16 0 0 -1 4194304 738481 0 17 0 45702 355 0 0 20 0 1 0 53412543 132845568 31625 67087892480 93966533533696 93966535400817 140721587483760 0 0 0 0 4096 1088 0 0 0 17 181 0 0 1 0 0 93966535658880 93966535705816 93966566604800 140721587489537 140721587489686 140721587489686 140721587490785 0
/proc/18/statm: 32433 31625 1091 456 0 30594 0
Current children cumulated CPU time: 460.61 s
Current children cumulated vsize: 147416 KiB
Current children cumulated memory: 139412 KiB

[startup+522.3 s]
/proc/loadavg: 5.34 7.09 11.39 5/2769 18
/proc/meminfo: memFree=475231384/527542268 swapFree=33507324/33554428
[pid=16] ppid=13 vsize=17684 memory=12912 CPUtime=0.04 cores=56-69,168-181
/proc/16/stat : 16 (python3) S 13 16 0 0 -1 4194304 1902 0 96 0 3 1 0 0 20 0 1 0 53412529 18108416 3228 67087892480 4194304 7154137 140723644269552 0 0 0 0 16781312 2 1 0 0 17 63 0 0 8 0 0 9727432 11029816 40591360 140723644271422 140723644271533 140723644271533 140723644272615 0
/proc/16/statm: 4421 3228 1523 723 0 2063 0
[pid=18] ppid=16 vsize=152260 memory=148608 CPUtime=520.4 cores=56-69,168-181
/proc/18/stat : 18 (bn4rust) R 16 16 0 0 -1 4194304 808112 0 17 0 51633 407 0 0 20 0 1 0 53412543 155914240 37152 67087892480 93966533533696 93966535400817 140721587483760 0 0 0 0 4096 1088 0 0 0 17 181 0 0 1 0 0 93966535658880 93966535705816 93966566604800 140721587489537 140721587489686 140721587489686 140721587490785 0
/proc/18/statm: 38065 37152 1091 456 0 36226 0
Current children cumulated CPU time: 520.44 s
Current children cumulated vsize: 169944 KiB
Current children cumulated memory: 161520 KiB

[startup+582.3 s]
/proc/loadavg: 5.08 6.69 10.98 7/2765 18
/proc/meminfo: memFree=472094576/527542268 swapFree=33507324/33554428
[pid=16] ppid=13 vsize=17684 memory=12912 CPUtime=0.04 cores=56-69,168-181
/proc/16/stat : 16 (python3) S 13 16 0 0 -1 4194304 1902 0 96 0 3 1 0 0 20 0 1 0 53412529 18108416 3228 67087892480 4194304 7154137 140723644269552 0 0 0 0 16781312 2 1 0 0 17 63 0 0 8 0 0 9727432 11029816 40591360 140723644271422 140723644271533 140723644271533 140723644272615 0
/proc/16/statm: 4421 3228 1523 723 0 2063 0
[pid=18] ppid=16 vsize=194248 memory=188716 CPUtime=580.24 cores=56-69,168-181
/proc/18/stat : 18 (bn4rust) R 16 16 0 0 -1 4194304 906910 0 17 0 57556 468 0 0 20 0 1 0 53412543 198909952 47179 67087892480 93966533533696 93966535400817 140721587483760 0 0 0 0 4096 1088 0 0 0 17 181 0 0 1 0 0 93966535658880 93966535705816 93966566604800 140721587489537 140721587489686 140721587489686 140721587490785 0
/proc/18/statm: 48562 47179 1091 456 0 46723 0
Current children cumulated CPU time: 580.28 s
Current children cumulated vsize: 211932 KiB
Current children cumulated memory: 201628 KiB

[startup+642.3 s]
/proc/loadavg: 5.03 6.38 10.60 6/2763 18
/proc/meminfo: memFree=473110708/527542268 swapFree=33507324/33554428
[pid=16] ppid=13 vsize=17684 memory=12912 CPUtime=0.04 cores=56-69,168-181
/proc/16/stat : 16 (python3) S 13 16 0 0 -1 4194304 1902 0 96 0 3 1 0 0 20 0 1 0 53412529 18108416 3228 67087892480 4194304 7154137 140723644269552 0 0 0 0 16781312 2 1 0 0 17 63 0 0 8 0 0 9727432 11029816 40591360 140723644271422 140723644271533 140723644271533 140723644272615 0
/proc/16/statm: 4421 3228 1523 723 0 2063 0
[pid=18] ppid=16 vsize=134852 memory=131420 CPUtime=640.07 cores=56-69,168-181
/proc/18/stat : 18 (bn4rust) R 16 16 0 0 -1 4194304 1021799 0 17 0 63459 548 0 0 20 0 1 0 53412543 138088448 32855 67087892480 93966533533696 93966535400817 140721587483760 0 0 0 0 4096 1088 0 0 0 17 181 0 0 1 0 0 93966535658880 93966535705816 93966566604800 140721587489537 140721587489686 140721587489686 140721587490785 0
/proc/18/statm: 33713 32855 1091 456 0 31874 0
Current children cumulated CPU time: 640.11 s
Current children cumulated vsize: 152536 KiB
Current children cumulated memory: 144332 KiB

[startup+702.3 s]
/proc/loadavg: 5.01 6.13 10.25 6/2762 18
/proc/meminfo: memFree=470284840/527542268 swapFree=33507324/33554428
[pid=16] ppid=13 vsize=17684 memory=12912 CPUtime=0.04 cores=56-69,168-181
/proc/16/stat : 16 (python3) S 13 16 0 0 -1 4194304 1902 0 96 0 3 1 0 0 20 0 1 0 53412529 18108416 3228 67087892480 4194304 7154137 140723644269552 0 0 0 0 16781312 2 1 0 0 17 63 0 0 8 0 0 9727432 11029816 40591360 140723644271422 140723644271533 140723644271533 140723644272615 0
/proc/16/statm: 4421 3228 1523 723 0 2063 0
[pid=18] ppid=16 vsize=121540 memory=115756 CPUtime=699.91 cores=56-69,168-181
/proc/18/stat : 18 (bn4rust) R 16 16 0 0 -1 4194304 1131933 0 17 0 69369 622 0 0 20 0 1 0 53412543 124456960 28939 67087892480 93966533533696 93966535400817 140721587483760 0 0 0 0 4096 1088 0 0 0 17 181 0 0 1 0 0 93966535658880 93966535705816 93966566604800 140721587489537 140721587489686 140721587489686 140721587490785 0
/proc/18/statm: 30385 28939 1091 456 0 28546 0
Current children cumulated CPU time: 699.95 s
Current children cumulated vsize: 139224 KiB
Current children cumulated memory: 128668 KiB

[startup+762.3 s]
/proc/loadavg: 4.96 5.91 9.91 6/2759 18
/proc/meminfo: memFree=468086880/527542268 swapFree=33507324/33554428
[pid=16] ppid=13 vsize=17684 memory=12912 CPUtime=0.04 cores=56-69,168-181
/proc/16/stat : 16 (python3) S 13 16 0 0 -1 4194304 1902 0 96 0 3 1 0 0 20 0 1 0 53412529 18108416 3228 67087892480 4194304 7154137 140723644269552 0 0 0 0 16781312 2 1 0 0 17 63 0 0 8 0 0 9727432 11029816 40591360 140723644271422 140723644271533 140723644271533 140723644272615 0
/proc/16/statm: 4421 3228 1523 723 0 2063 0
[pid=18] ppid=16 vsize=90820 memory=83152 CPUtime=759.74 cores=56-69,168-181
/proc/18/stat : 18 (bn4rust) R 16 16 0 0 -1 4194304 1222644 0 17 0 75288 686 0 0 20 0 1 0 53412543 92999680 20788 67087892480 93966533533696 93966535400817 140721587483760 0 0 0 0 4096 1088 0 0 0 17 181 0 0 1 0 0 93966535658880 93966535705816 93966566604800 140721587489537 140721587489686 140721587489686 140721587490785 0
/proc/18/statm: 22705 20788 1091 456 0 20866 0
Current children cumulated CPU time: 759.78 s
Current children cumulated vsize: 108504 KiB
Current children cumulated memory: 96064 KiB

[startup+822.3 s]
/proc/loadavg: 5.04 5.75 9.61 6/2756 18
/proc/meminfo: memFree=465549496/527542268 swapFree=33507324/33554428
[pid=16] ppid=13 vsize=17684 memory=12912 CPUtime=0.04 cores=56-69,168-181
/proc/16/stat : 16 (python3) S 13 16 0 0 -1 4194304 1902 0 96 0 3 1 0 0 20 0 1 0 53412529 18108416 3228 67087892480 4194304 7154137 140723644269552 0 0 0 0 16781312 2 1 0 0 17 63 0 0 8 0 0 9727432 11029816 40591360 140723644271422 140723644271533 140723644271533 140723644272615 0
/proc/16/statm: 4421 3228 1523 723 0 2063 0
[pid=18] ppid=16 vsize=168648 memory=162864 CPUtime=819.57 cores=56-69,168-181
/proc/18/stat : 18 (bn4rust) R 16 16 0 0 -1 4194304 1343059 0 17 0 81191 766 0 0 20 0 1 0 53412543 172695552 40716 67087892480 93966533533696 93966535400817 140721587483760 0 0 0 0 4096 1088 0 0 0 17 181 0 0 1 0 0 93966535658880 93966535705816 93966566604800 140721587489537 140721587489686 140721587489686 140721587490785 0
/proc/18/statm: 42162 40716 1091 456 0 40323 0
Current children cumulated CPU time: 819.61 s
Current children cumulated vsize: 186332 KiB
Current children cumulated memory: 175776 KiB

[startup+882.3 s]
/proc/loadavg: 5.01 5.61 9.32 6/2754 18
/proc/meminfo: memFree=463584636/527542268 swapFree=33507324/33554428
[pid=16] ppid=13 vsize=17684 memory=12912 CPUtime=0.04 cores=56-69,168-181
/proc/16/stat : 16 (python3) S 13 16 0 0 -1 4194304 1902 0 96 0 3 1 0 0 20 0 1 0 53412529 18108416 3228 67087892480 4194304 7154137 140723644269552 0 0 0 0 16781312 2 1 0 0 17 63 0 0 8 0 0 9727432 11029816 40591360 140723644271422 140723644271533 140723644271533 140723644272615 0
/proc/16/statm: 4421 3228 1523 723 0 2063 0
[pid=18] ppid=16 vsize=218820 memory=208140 CPUtime=879.41 cores=56-69,168-181
/proc/18/stat : 18 (bn4rust) R 16 16 0 0 -1 4194304 1442743 0 17 0 87106 835 0 0 20 0 1 0 53412543 224071680 52035 67087892480 93966533533696 93966535400817 140721587483760 0 0 0 0 4096 1088 0 0 0 17 181 0 0 1 0 0 93966535658880 93966535705816 93966566604800 140721587489537 140721587489686 140721587489686 140721587490785 0
/proc/18/statm: 54705 52035 1091 456 0 52866 0
Current children cumulated CPU time: 879.45 s
Current children cumulated vsize: 236504 KiB
Current children cumulated memory: 221052 KiB

[startup+942.3 s]
/proc/loadavg: 4.92 5.50 9.04 6/2753 18
/proc/meminfo: memFree=460283416/527542268 swapFree=33507324/33554428
[pid=16] ppid=13 vsize=17684 memory=12912 CPUtime=0.04 cores=56-69,168-181
/proc/16/stat : 16 (python3) S 13 16 0 0 -1 4194304 1902 0 96 0 3 1 0 0 20 0 1 0 53412529 18108416 3228 67087892480 4194304 7154137 140723644269552 0 0 0 0 16781312 2 1 0 0 17 63 0 0 8 0 0 9727432 11029816 40591360 140723644271422 140723644271533 140723644271533 140723644272615 0
/proc/16/statm: 4421 3228 1523 723 0 2063 0
[pid=18] ppid=16 vsize=164548 memory=161316 CPUtime=939.24 cores=56-69,168-181
/proc/18/stat : 18 (bn4rust) R 16 16 0 0 -1 4194304 1529664 0 17 0 93031 893 0 0 20 0 1 0 53412543 168497152 40329 67087892480 93966533533696 93966535400817 140721587483760 0 0 0 0 4096 1088 0 0 0 17 181 0 0 1 0 0 93966535658880 93966535705816 93966566604800 140721587489537 140721587489686 140721587489686 140721587490785 0
/proc/18/statm: 41137 40329 1091 456 0 39298 0
Current children cumulated CPU time: 939.28 s
Current children cumulated vsize: 182232 KiB
Current children cumulated memory: 174228 KiB

[startup+1002.3 s]
/proc/loadavg: 4.89 5.37 8.78 6/2754 18
/proc/meminfo: memFree=458116464/527542268 swapFree=33507324/33554428
[pid=16] ppid=13 vsize=17684 memory=12912 CPUtime=0.04 cores=56-69,168-181
/proc/16/stat : 16 (python3) S 13 16 0 0 -1 4194304 1903 0 96 0 3 1 0 0 20 0 1 0 53412529 18108416 3228 67087892480 4194304 7154137 140723644269552 0 0 0 0 16781312 2 1 0 0 17 63 0 0 8 0 0 9727432 11029816 40591360 140723644271422 140723644271533 140723644271533 140723644272615 0
/proc/16/statm: 4421 3228 1523 723 0 2063 0
[pid=18] ppid=16 vsize=116420 memory=111628 CPUtime=999.08 cores=56-69,168-181
/proc/18/stat : 18 (bn4rust) R 16 16 0 0 -1 4194304 1613666 0 17 0 98958 950 0 0 20 0 1 0 53412543 119214080 27907 67087892480 93966533533696 93966535400817 140721587483760 0 0 0 0 4096 1088 0 0 0 17 181 0 0 1 0 0 93966535658880 93966535705816 93966566604800 140721587489537 140721587489686 140721587489686 140721587490785 0
/proc/18/statm: 29105 27907 1091 456 0 27266 0
Current children cumulated CPU time: 999.12 s
Current children cumulated vsize: 134104 KiB
Current children cumulated memory: 124540 KiB

[startup+1062.3 s]
/proc/loadavg: 5.22 5.37 8.56 6/2753 18
/proc/meminfo: memFree=456089320/527542268 swapFree=33507324/33554428
[pid=16] ppid=13 vsize=17684 memory=12912 CPUtime=0.04 cores=56-69,168-181
/proc/16/stat : 16 (python3) S 13 16 0 0 -1 4194304 1903 0 96 0 3 1 0 0 20 0 1 0 53412529 18108416 3228 67087892480 4194304 7154137 140723644269552 0 0 0 0 16781312 2 1 0 0 17 63 0 0 8 0 0 9727432 11029816 40591360 140723644271422 140723644271533 140723644271533 140723644272615 0
/proc/16/statm: 4421 3228 1523 723 0 2063 0
[pid=18] ppid=16 vsize=196292 memory=185612 CPUtime=1058.9 cores=56-69,168-181
/proc/18/stat : 18 (bn4rust) R 16 16 0 0 -1 4194304 1723055 0 17 0 104869 1021 0 0 20 0 1 0 53412543 201003008 46403 67087892480 93966533533696 93966535400817 140721587483760 0 0 0 0 4096 1088 0 0 0 17 181 0 0 1 0 0 93966535658880 93966535705816 93966566604800 140721587489537 140721587489686 140721587489686 140721587490785 0
/proc/18/statm: 49073 46403 1091 456 0 47234 0
Current children cumulated CPU time: 1058.94 s
Current children cumulated vsize: 213976 KiB
Current children cumulated memory: 198524 KiB

[startup+1122.3 s]
/proc/loadavg: 5.16 5.33 8.34 6/2752 18
/proc/meminfo: memFree=458766656/527542268 swapFree=33507324/33554428
[pid=16] ppid=13 vsize=17684 memory=12912 CPUtime=0.04 cores=56-69,168-181
/proc/16/stat : 16 (python3) S 13 16 0 0 -1 4194304 1903 0 96 0 3 1 0 0 20 0 1 0 53412529 18108416 3228 67087892480 4194304 7154137 140723644269552 0 0 0 0 16781312 2 1 0 0 17 63 0 0 8 0 0 9727432 11029816 40591360 140723644271422 140723644271533 140723644271533 140723644272615 0
/proc/16/statm: 4421 3228 1523 723 0 2063 0
[pid=18] ppid=16 vsize=135876 memory=132596 CPUtime=1118.68 cores=56-69,168-181
/proc/18/stat : 18 (bn4rust) R 16 16 0 0 -1 4194304 1834478 0 17 0 110775 1093 0 0 20 0 1 0 53412543 139137024 33149 67087892480 93966533533696 93966535400817 140721587483760 0 0 0 0 4096 1088 0 0 0 17 181 0 0 1 0 0 93966535658880 93966535705816 93966566604800 140721587489537 140721587489686 140721587489686 140721587490785 0
/proc/18/statm: 33969 33149 1091 456 0 32130 0
Current children cumulated CPU time: 1118.72 s
Current children cumulated vsize: 153560 KiB
Current children cumulated memory: 145508 KiB

[startup+1182.3 s]
/proc/loadavg: 4.76 5.19 8.10 5/2751 18
/proc/meminfo: memFree=456985620/527542268 swapFree=33507324/33554428
[pid=16] ppid=13 vsize=17684 memory=12912 CPUtime=0.04 cores=56-69,168-181
/proc/16/stat : 16 (python3) S 13 16 0 0 -1 4194304 1903 0 96 0 3 1 0 0 20 0 1 0 53412529 18108416 3228 67087892480 4194304 7154137 140723644269552 0 0 0 0 16781312 2 1 0 0 17 63 0 0 8 0 0 9727432 11029816 40591360 140723644271422 140723644271533 140723644271533 140723644272615 0
/proc/16/statm: 4421 3228 1523 723 0 2063 0
[pid=18] ppid=16 vsize=194244 memory=183564 CPUtime=1178.46 cores=56-69,168-181
/proc/18/stat : 18 (bn4rust) R 16 16 0 0 -1 4194304 1914427 0 17 0 116693 1153 0 0 20 0 1 0 53412543 198905856 45891 67087892480 93966533533696 93966535400817 140721587483760 0 0 0 0 4096 1088 0 0 0 17 181 0 0 1 0 0 93966535658880 93966535705816 93966566604800 140721587489537 140721587489686 140721587489686 140721587490785 0
/proc/18/statm: 48561 45891 1091 456 0 46722 0
Current children cumulated CPU time: 1178.5 s
Current children cumulated vsize: 211928 KiB
Current children cumulated memory: 196476 KiB

[startup+1242.3 s]
/proc/loadavg: 4.88 5.14 7.90 6/2751 18
/proc/meminfo: memFree=455397404/527542268 swapFree=33507324/33554428
[pid=16] ppid=13 vsize=17684 memory=12912 CPUtime=0.04 cores=56-69,168-181
/proc/16/stat : 16 (python3) S 13 16 0 0 -1 4194304 1903 0 96 0 3 1 0 0 20 0 1 0 53412529 18108416 3228 67087892480 4194304 7154137 140723644269552 0 0 0 0 16781312 2 1 0 0 17 63 0 0 8 0 0 9727432 11029816 40591360 140723644271422 140723644271533 140723644271533 140723644272615 0
/proc/16/statm: 4421 3228 1523 723 0 2063 0
[pid=18] ppid=16 vsize=147140 memory=143684 CPUtime=1238.26 cores=56-69,168-181
/proc/18/stat : 18 (bn4rust) R 16 16 0 0 -1 4194304 1985858 0 17 0 122621 1205 0 0 20 0 1 0 53412543 150671360 35921 67087892480 93966533533696 93966535400817 140721587483760 0 0 0 0 4096 1088 0 0 0 17 181 0 0 1 0 0 93966535658880 93966535705816 93966566604800 140721587489537 140721587489686 140721587489686 140721587490785 0
/proc/18/statm: 36785 35921 1091 456 0 34946 0
Current children cumulated CPU time: 1238.3 s
Current children cumulated vsize: 164824 KiB
Current children cumulated memory: 156596 KiB

[startup+1302.3 s]
/proc/loadavg: 4.95 5.11 7.72 5/2715 18
/proc/meminfo: memFree=475339332/527542268 swapFree=33507324/33554428
[pid=16] ppid=13 vsize=17684 memory=12912 CPUtime=0.04 cores=56-69,168-181
/proc/16/stat : 16 (python3) S 13 16 0 0 -1 4194304 1903 0 96 0 3 1 0 0 20 0 1 0 53412529 18108416 3228 67087892480 4194304 7154137 140723644269552 0 0 0 0 16781312 2 1 0 0 17 63 0 0 8 0 0 9727432 11029816 40591360 140723644271422 140723644271533 140723644271533 140723644272615 0
/proc/16/statm: 4421 3228 1523 723 0 2063 0
[pid=18] ppid=16 vsize=114372 memory=103456 CPUtime=1298.1 cores=56-69,168-181
/proc/18/stat : 18 (bn4rust) R 16 16 0 0 -1 4194304 2083817 0 17 0 128540 1270 0 0 20 0 1 0 53412543 117116928 25864 67087892480 93966533533696 93966535400817 140721587483760 0 0 0 0 4096 1088 0 0 0 17 181 0 0 1 0 0 93966535658880 93966535705816 93966566604800 140721587489537 140721587489686 140721587489686 140721587490785 0
/proc/18/statm: 28593 25864 1091 456 0 26754 0
Current children cumulated CPU time: 1298.14 s
Current children cumulated vsize: 132056 KiB
Current children cumulated memory: 116368 KiB

[startup+1362.3 s]
/proc/loadavg: 4.42 4.93 7.49 5/2715 18
/proc/meminfo: memFree=472272544/527542268 swapFree=33507324/33554428
[pid=16] ppid=13 vsize=17684 memory=12912 CPUtime=0.04 cores=56-69,168-181
/proc/16/stat : 16 (python3) S 13 16 0 0 -1 4194304 1903 0 96 0 3 1 0 0 20 0 1 0 53412529 18108416 3228 67087892480 4194304 7154137 140723644269552 0 0 0 0 16781312 2 1 0 0 17 63 0 0 8 0 0 9727432 11029816 40591360 140723644271422 140723644271533 140723644271533 140723644272615 0
/proc/16/statm: 4421 3228 1523 723 0 2063 0
[pid=18] ppid=16 vsize=116420 memory=109584 CPUtime=1357.88 cores=56-69,168-181
/proc/18/stat : 18 (bn4rust) R 16 16 0 0 -1 4194304 2187898 0 17 0 134451 1337 0 0 20 0 1 0 53412543 119214080 27396 67087892480 93966533533696 93966535400817 140721587483760 0 0 0 0 4096 1088 0 0 0 17 181 0 0 1 0 0 93966535658880 93966535705816 93966566604800 140721587489537 140721587489686 140721587489686 140721587490785 0
/proc/18/statm: 29105 27396 1091 456 0 27266 0
Current children cumulated CPU time: 1357.92 s
Current children cumulated vsize: 134104 KiB
Current children cumulated memory: 122496 KiB

[startup+1422.3 s]
/proc/loadavg: 4.11 4.75 7.27 5/2717 18
/proc/meminfo: memFree=469693304/527542268 swapFree=33507324/33554428
[pid=16] ppid=13 vsize=17684 memory=12912 CPUtime=0.04 cores=56-69,168-181
/proc/16/stat : 16 (python3) S 13 16 0 0 -1 4194304 1903 0 96 0 3 1 0 0 20 0 1 0 53412529 18108416 3228 67087892480 4194304 7154137 140723644269552 0 0 0 0 16781312 2 1 0 0 17 63 0 0 8 0 0 9727432 11029816 40591360 140723644271422 140723644271533 140723644271533 140723644272615 0
/proc/16/statm: 4421 3228 1523 723 0 2063 0
[pid=18] ppid=16 vsize=114372 memory=103456 CPUtime=1417.67 cores=56-69,168-181
/proc/18/stat : 18 (bn4rust) R 16 16 0 0 -1 4194304 2297943 0 17 0 140362 1405 0 0 20 0 1 0 53412543 117116928 25864 67087892480 93966533533696 93966535400817 140721587483760 0 0 0 0 4096 1088 0 0 0 17 181 0 0 1 0 0 93966535658880 93966535705816 93966566604800 140721587489537 140721587489686 140721587489686 140721587490785 0
/proc/18/statm: 28593 25864 1091 456 0 26754 0
Current children cumulated CPU time: 1417.71 s
Current children cumulated vsize: 132056 KiB
Current children cumulated memory: 116368 KiB

[startup+1482.3 s]
/proc/loadavg: 4.15 4.64 7.07 5/2720 18
/proc/meminfo: memFree=467768348/527542268 swapFree=33507324/33554428
[pid=16] ppid=13 vsize=17684 memory=12912 CPUtime=0.04 cores=56-69,168-181
/proc/16/stat : 16 (python3) S 13 16 0 0 -1 4194304 1904 0 96 0 3 1 0 0 20 0 1 0 53412529 18108416 3228 67087892480 4194304 7154137 140723644269552 0 0 0 0 16781312 2 1 0 0 17 63 0 0 8 0 0 9727432 11029816 40591360 140723644271422 140723644271533 140723644271533 140723644272615 0
/proc/16/statm: 4421 3228 1523 723 0 2063 0
[pid=18] ppid=16 vsize=169668 memory=166200 CPUtime=1477.46 cores=56-69,168-181
/proc/18/stat : 18 (bn4rust) R 16 16 0 0 -1 4194304 2381034 0 17 0 146283 1463 0 0 20 0 1 0 53412543 173740032 41550 67087892480 93966533533696 93966535400817 140721587483760 0 0 0 0 4096 1088 0 0 0 17 181 0 0 1 0 0 93966535658880 93966535705816 93966566604800 140721587489537 140721587489686 140721587489686 140721587490785 0
/proc/18/statm: 42417 41550 1091 456 0 40578 0
Current children cumulated CPU time: 1477.5 s
Current children cumulated vsize: 187352 KiB
Current children cumulated memory: 179112 KiB

[startup+1542.3 s]
/proc/loadavg: 4.18 4.55 6.88 5/2717 18
/proc/meminfo: memFree=464478928/527542268 swapFree=33507324/33554428
[pid=16] ppid=13 vsize=17684 memory=12912 CPUtime=0.04 cores=56-69,168-181
/proc/16/stat : 16 (python3) S 13 16 0 0 -1 4194304 1904 0 96 0 3 1 0 0 20 0 1 0 53412529 18108416 3228 67087892480 4194304 7154137 140723644269552 0 0 0 0 16781312 2 1 0 0 17 63 0 0 8 0 0 9727432 11029816 40591360 140723644271422 140723644271533 140723644271533 140723644272615 0
/proc/16/statm: 4421 3228 1523 723 0 2063 0
[pid=18] ppid=16 vsize=114372 memory=103456 CPUtime=1537.23 cores=56-69,168-181
/proc/18/stat : 18 (bn4rust) R 16 16 0 0 -1 4194304 2460812 0 17 0 152207 1516 0 0 20 0 1 0 53412543 117116928 25864 67087892480 93966533533696 93966535400817 140721587483760 0 0 0 0 4096 1088 0 0 0 17 181 0 0 1 0 0 93966535658880 93966535705816 93966566604800 140721587489537 140721587489686 140721587489686 140721587490785 0
/proc/18/statm: 28593 25864 1091 456 0 26754 0
Current children cumulated CPU time: 1537.27 s
Current children cumulated vsize: 132056 KiB
Current children cumulated memory: 116368 KiB

[startup+1602.3 s]
/proc/loadavg: 4.03 4.44 6.70 5/2716 18
/proc/meminfo: memFree=463080208/527542268 swapFree=33507324/33554428
[pid=16] ppid=13 vsize=17684 memory=12912 CPUtime=0.04 cores=56-69,168-181
/proc/16/stat : 16 (python3) S 13 16 0 0 -1 4194304 1904 0 96 0 3 1 0 0 20 0 1 0 53412529 18108416 3228 67087892480 4194304 7154137 140723644269552 0 0 0 0 16781312 2 1 0 0 17 63 0 0 8 0 0 9727432 11029816 40591360 140723644271422 140723644271533 140723644271533 140723644272615 0
/proc/16/statm: 4421 3228 1523 723 0 2063 0
[pid=18] ppid=16 vsize=147140 memory=142356 CPUtime=1597.02 cores=56-69,168-181
/proc/18/stat : 18 (bn4rust) R 16 16 0 0 -1 4194304 2561528 0 17 0 158123 1579 0 0 20 0 1 0 53412543 150671360 35589 67087892480 93966533533696 93966535400817 140721587483760 0 0 0 0 4096 1088 0 0 0 17 181 0 0 1 0 0 93966535658880 93966535705816 93966566604800 140721587489537 140721587489686 140721587489686 140721587490785 0
/proc/18/statm: 36785 35589 1091 456 0 34946 0
Current children cumulated CPU time: 1597.06 s
Current children cumulated vsize: 164824 KiB
Current children cumulated memory: 155268 KiB

[startup+1662.3 s]
/proc/loadavg: 3.96 4.33 6.51 5/2712 18
/proc/meminfo: memFree=460608584/527542268 swapFree=33507324/33554428
[pid=16] ppid=13 vsize=17684 memory=12912 CPUtime=0.04 cores=56-69,168-181
/proc/16/stat : 16 (python3) S 13 16 0 0 -1 4194304 1904 0 96 0 3 1 0 0 20 0 1 0 53412529 18108416 3228 67087892480 4194304 7154137 140723644269552 0 0 0 0 16781312 2 1 0 0 17 63 0 0 8 0 0 9727432 11029816 40591360 140723644271422 140723644271533 140723644271533 140723644272615 0
/proc/16/statm: 4421 3228 1523 723 0 2063 0
[pid=18] ppid=16 vsize=204484 memory=188628 CPUtime=1656.81 cores=56-69,168-181
/proc/18/stat : 18 (bn4rust) R 16 16 0 0 -1 4194304 2672646 0 17 0 164034 1647 0 0 20 0 1 0 53412543 209391616 47157 67087892480 93966533533696 93966535400817 140721587483760 0 0 0 0 4096 1088 0 0 0 17 181 0 0 1 0 0 93966535658880 93966535705816 93966566604800 140721587489537 140721587489686 140721587489686 140721587490785 0
/proc/18/statm: 51121 47157 1091 456 0 49282 0
Current children cumulated CPU time: 1656.85 s
Current children cumulated vsize: 222168 KiB
Current children cumulated memory: 201540 KiB

[startup+1722.3 s]
/proc/loadavg: 4.01 4.27 6.35 5/2715 18
/proc/meminfo: memFree=458404432/527542268 swapFree=33507324/33554428
[pid=16] ppid=13 vsize=17684 memory=12912 CPUtime=0.04 cores=56-69,168-181
/proc/16/stat : 16 (python3) S 13 16 0 0 -1 4194304 1904 0 96 0 3 1 0 0 20 0 1 0 53412529 18108416 3228 67087892480 4194304 7154137 140723644269552 0 0 0 0 16781312 2 1 0 0 17 63 0 0 8 0 0 9727432 11029816 40591360 140723644271422 140723644271533 140723644271533 140723644272615 0
/proc/16/statm: 4421 3228 1523 723 0 2063 0
[pid=18] ppid=16 vsize=169668 memory=162844 CPUtime=1716.61 cores=56-69,168-181
/proc/18/stat : 18 (bn4rust) R 16 16 0 0 -1 4194304 2772582 0 17 0 169955 1706 0 0 20 0 1 0 53412543 173740032 40711 67087892480 93966533533696 93966535400817 140721587483760 0 0 0 0 4096 1088 0 0 0 17 181 0 0 1 0 0 93966535658880 93966535705816 93966566604800 140721587489537 140721587489686 140721587489686 140721587490785 0
/proc/18/statm: 42417 40711 1091 456 0 40578 0
Current children cumulated CPU time: 1716.65 s
Current children cumulated vsize: 187352 KiB
Current children cumulated memory: 175756 KiB

[startup+1782.3 s]
/proc/loadavg: 4.00 4.22 6.20 5/2716 18
/proc/meminfo: memFree=460428764/527542268 swapFree=33507324/33554428
[pid=16] ppid=13 vsize=17684 memory=12912 CPUtime=0.04 cores=56-69,168-181
/proc/16/stat : 16 (python3) S 13 16 0 0 -1 4194304 1904 0 96 0 3 1 0 0 20 0 1 0 53412529 18108416 3228 67087892480 4194304 7154137 140723644269552 0 0 0 0 16781312 2 1 0 0 17 63 0 0 8 0 0 9727432 11029816 40591360 140723644271422 140723644271533 140723644271533 140723644272615 0
/proc/16/statm: 4421 3228 1523 723 0 2063 0
[pid=18] ppid=16 vsize=147140 memory=143036 CPUtime=1776.41 cores=56-69,168-181
/proc/18/stat : 18 (bn4rust) R 16 16 0 0 -1 4194304 2825555 0 17 0 175902 1739 0 0 20 0 1 0 53412543 150671360 35759 67087892480 93966533533696 93966535400817 140721587483760 0 0 0 0 4096 1088 0 0 0 17 181 0 0 1 0 0 93966535658880 93966535705816 93966566604800 140721587489537 140721587489686 140721587489686 140721587490785 0
/proc/18/statm: 36785 35759 1091 456 0 34946 0
Current children cumulated CPU time: 1776.45 s
Current children cumulated vsize: 164824 KiB
Current children cumulated memory: 155948 KiB



Maximum wall clock time exceeded: sending SIGTERM then SIGKILL

[startup+1800 s]*
/proc/loadavg: 3.92 4.19 6.16 9/2735 18
/proc/meminfo: memFree=460437208/527542268 swapFree=33507324/33554428
[pid=16] ppid=13 vsize=17684 memory=12912 CPUtime=0.04 cores=56-69,168-181
/proc/16/stat : 16 (python3) S 13 16 0 0 -1 4194304 1904 0 96 0 3 1 0 0 20 0 1 0 53412529 18108416 3228 67087892480 4194304 7154137 140723644269552 0 0 0 0 16781312 2 1 0 0 17 63 0 0 8 0 0 9727432 11029816 40591360 140723644271422 140723644271533 140723644271533 140723644272615 0
/proc/16/statm: 4421 3228 1523 723 0 2063 0
[pid=18] ppid=16 vsize=147140 memory=142772 CPUtime=1794.04 cores=56-69,168-181
/proc/18/stat : 18 (bn4rust) R 16 16 0 0 -1 4194304 2841940 0 17 0 177655 1749 0 0 20 0 1 0 53412543 150671360 35693 67087892480 93966533533696 93966535400817 140721587483760 0 0 0 0 4096 1088 0 0 0 17 181 0 0 1 0 0 93966535658880 93966535705816 93966566604800 140721587489537 140721587489686 140721587489686 140721587490785 0
/proc/18/statm: 36785 35693 1091 456 0 34946 0
Current children cumulated CPU time: 1794.08 s
Current children cumulated vsize: 164824 KiB
Current children cumulated memory: 155684 KiB

Sending SIGTERM to process tree (bottom up)
Sleeping 2 seconds

[startup+1800.01 s]
# the end of solver process 16 was just reported to runsolver
# cumulated CPU time of all completed processes:  user=1776.6 s, system=17.5162 s

Solver just ended.
??? end of watcher thread
Dumping a history of the last processes samples

Child ended because it received signal 15 (SIGTERM)
Real time (s): 1800.01
CPU time (s): 1794.12
CPU user time (s): 1776.6
CPU system time (s): 17.5162
CPU usage (%): 99.6728
Max. virtual memory (cumulated for all children) (KiB): 344188
Max. memory (cumulated for all children) (KiB): 323416

getrusage(RUSAGE_CHILDREN,...) data:
user time used= 1776.6
system time used= 17.5162
maximum resident set size= 310504
integral shared memory size= 0
integral unshared data size= 0
integral unshared stack size= 0
page reclaims= 2843847
page faults= 113
swaps= 0
block input operations= 19512
block output operations= 0
messages sent= 0
messages received= 0
signals received= 0
voluntary context switches= 1154
involuntary context switches= 2331


# summary of solver processes directly reported to runsolver:
#   pid: 16
#   total CPU time (s): 1794.12
#   total CPU user time (s): 1776.6
#   total CPU system time (s): 17.5162

??? join timestamper begins
??? join timestamper ends
??? end of timestamper thread
runsolver used 1.65856 second user time and 2.17847 second system time

The end
