# WCTIME: wall clock time in seconds
WCTIME=460.084
# CPUTIME: CPU time in seconds (USERTIME+SYSTEMTIME)
CPUTIME=458.402
# USERTIME: CPU time spent in user mode in seconds
USERTIME=456.074
# SYSTEMTIME: CPU time spent in system mode in seconds
SYSTEMTIME=2.32877
# CPUUSAGE: CPUTIME/WCTIME in percent
CPUUSAGE=99.6346
# MAXVM: maximum virtual memory used in KiB
MAXVM=277796
# MAXMM: maximum memory used in KiB
MAXMM=254296
# MAXRSS: maximum Resident Segment Size in KiB
MAXRSS=241460
# TIMEOUT: did the solver exceed the time limit?
TIMEOUT=false
# MEMOUT: did the solver exceed the memory limit?
MEMOUT=false
# EXITSTATUS: Exit status of the solver
EXITSTATUS=0
