runsolver version 3.4.1 (svn: 3018) Copyright (C) 2010-2013 Olivier ROUSSEL

This program is distributed in the hope that it will be useful,
but WITHOUT ANY WARRANTY; without even the implied warranty of
MERCHANTABILITY or FITNESS FOR A PARTICULAR PURPOSE.  See the
GNU General Public License for more details.

NUMA information:
  number of nodes: 8
  memory of node 0: 63700 MiB (61323 MiB free)
  memory of node 1: 64504 MiB (63365 MiB free)
  memory of node 2: 64504 MiB (63812 MiB free)
  memory of node 3: 64504 MiB (63879 MiB free)
  memory of node 4: 64461 MiB (60538 MiB free)
  memory of node 5: 64504 MiB (62757 MiB free)
  memory of node 6: 64504 MiB (63022 MiB free)
  memory of node 7: 64491 MiB (62816 MiB free)
  node distances:
     10  12  12  12  21  21  21  21
     12  10  12  12  21  21  21  21
     12  12  10  12  21  21  21  21
     12  12  12  10  21  21  21  21
     21  21  21  21  10  12  12  12
     21  21  21  21  12  10  12  12
     21  21  21  21  12  12  10  12
     21  21  21  21  12  12  12  10

command line: /usr/local/bin/runsolver --timestamp -w /output/runsolver-watch.log -v /output/runsolver-values.log -o /output/solver-output.log -C 1800.0 -W 1800.0 -R 64000 /opt/solver/run_bn4rust.py --mode cyber-forward-baseline --instance /input/model_126.bnet 

running on 20 cores: 28-31,36-41,144-153

Enforcing CPUTime limit (soft limit, will send SIGTERM then SIGKILL): 1800 seconds
Enforcing CPUTime limit (hard limit, will send SIGXCPU): 1830 seconds
Enforcing wall clock limit (soft limit, will send SIGTERM then SIGKILL): 1800 seconds
Enforcing RSS+Swap limit (soft limit, will send SIGTERM then SIGKILL): 65536000 KiB
Linux 4.18.0-553.159.1.el8_10.x86_64
Current StackSize limit: 18014398509481983 KiB

solver pid=16, runsolver pid=13

[startup+0.10008 s]*
/proc/loadavg: 21.79 25.80 26.41 12/2897 17
/proc/meminfo: memFree=513527796/527542212 swapFree=33553404/33554428
[pid=16] ppid=13 vsize=15800 memory=10100 CPUtime=0.01 cores=28-41,140-153
/proc/16/stat : 16 (python3) R 13 16 0 0 -1 4194304 1416 0 84 0 1 0 0 0 20 0 1 0 53232818 16179200 2525 67087892480 4194304 7154137 140724912243104 0 0 0 0 16781312 2 0 0 0 17 37 0 0 6 0 0 9727432 11029816 39550976 140724912245579 140724912245677 140724912245677 140724912246759 0
/proc/16/statm: 3950 2525 1394 723 0 1674 0
Current children cumulated CPU time: 0.01 s
Current children cumulated vsize: 15800 KiB
Current children cumulated memory: 10100 KiB

[startup+0.200585 s]*
/proc/loadavg: 21.79 25.80 26.41 12/2898 18
/proc/meminfo: memFree=513509928/527542212 swapFree=33553404/33554428
[pid=16] ppid=13 vsize=17684 memory=12480 CPUtime=0.04 cores=28-41,140-153
/proc/16/stat : 16 (python3) S 13 16 0 0 -1 4194304 1887 0 96 0 3 1 0 0 20 0 1 0 53232818 18108416 3120 67087892480 4194304 7154137 140724912243104 0 0 0 0 16781312 2 1 0 0 17 37 0 0 8 0 0 9727432 11029816 39550976 140724912245579 140724912245677 140724912245677 140724912246759 0
/proc/16/statm: 4421 3120 1512 723 0 2063 0
[pid=18] ppid=16 vsize=8536 memory=5156 CPUtime=0.04 cores=28-41,140-153
/proc/18/stat : 18 (bn4rust) R 16 16 0 0 -1 4194304 1555 0 18 0 4 0 0 0 20 0 1 0 53232832 8740864 1289 67087892480 94107621961728 94107623828849 140728584776400 0 0 0 0 4096 1088 0 0 0 17 151 0 0 1 0 0 94107624086912 94107624133848 94107624828928 140728584784654 140728584784790 140728584784790 140728584785889 0
/proc/18/statm: 2134 1289 1056 456 0 295 0
Current children cumulated CPU time: 0.08 s
Current children cumulated vsize: 26220 KiB
Current children cumulated memory: 17636 KiB

[startup+0.300515 s]*
/proc/loadavg: 21.79 25.80 26.41 12/2898 18
/proc/meminfo: memFree=513515592/527542212 swapFree=33553404/33554428
[pid=16] ppid=13 vsize=17684 memory=12480 CPUtime=0.04 cores=28-41,140-153
/proc/16/stat : 16 (python3) S 13 16 0 0 -1 4194304 1887 0 96 0 3 1 0 0 20 0 1 0 53232818 18108416 3120 67087892480 4194304 7154137 140724912243104 0 0 0 0 16781312 2 1 0 0 17 37 0 0 8 0 0 9727432 11029816 39550976 140724912245579 140724912245677 140724912245677 140724912246759 0
/proc/16/statm: 4421 3120 1512 723 0 2063 0
[pid=18] ppid=16 vsize=8992 memory=5348 CPUtime=0.13 cores=28-41,140-153
/proc/18/stat : 18 (bn4rust) R 16 16 0 0 -1 4194304 2891 0 18 0 13 0 0 0 20 0 1 0 53232832 9207808 1337 67087892480 94107621961728 94107623828849 140728584776400 0 0 0 0 4096 1088 0 0 0 17 151 0 0 1 0 0 94107624086912 94107624133848 94107624828928 140728584784654 140728584784790 140728584784790 140728584785889 0
/proc/18/statm: 2248 1337 1056 456 0 409 0
Current children cumulated CPU time: 0.17 s
Current children cumulated vsize: 26676 KiB
Current children cumulated memory: 17828 KiB

[startup+0.376028 s]
# the end of solver process 16 was just reported to runsolver
# cumulated CPU time of all completed processes:  user=0.242419 s, system=0.02242 s

Solver just ended.
??? end of watcher thread
Dumping a history of the last processes samples

[startup+0.300515 s]*
/proc/loadavg: 21.79 25.80 26.41 12/2898 18
/proc/meminfo: memFree=513515592/527542212 swapFree=33553404/33554428
[pid=16] ppid=13 vsize=17684 memory=12480 CPUtime=0.04 cores=28-41,140-153
/proc/16/stat : 16 (python3) S 13 16 0 0 -1 4194304 1887 0 96 0 3 1 0 0 20 0 1 0 53232818 18108416 3120 67087892480 4194304 7154137 140724912243104 0 0 0 0 16781312 2 1 0 0 17 37 0 0 8 0 0 9727432 11029816 39550976 140724912245579 140724912245677 140724912245677 140724912246759 0
/proc/16/statm: 4421 3120 1512 723 0 2063 0
[pid=18] ppid=16 vsize=8992 memory=5348 CPUtime=0.13 cores=28-41,140-153
/proc/18/stat : 18 (bn4rust) R 16 16 0 0 -1 4194304 2891 0 18 0 13 0 0 0 20 0 1 0 53232832 9207808 1337 67087892480 94107621961728 94107623828849 140728584776400 0 0 0 0 4096 1088 0 0 0 17 151 0 0 1 0 0 94107624086912 94107624133848 94107624828928 140728584784654 140728584784790 140728584784790 140728584785889 0
/proc/18/statm: 2248 1337 1056 456 0 409 0
Current children cumulated CPU time: 0.17 s
Current children cumulated vsize: 26676 KiB
Current children cumulated memory: 17828 KiB

Child status: 0
Real time (s): 0.376055
CPU time (s): 0.264839
CPU user time (s): 0.242419
CPU system time (s): 0.02242
CPU usage (%): 70.4256
Max. virtual memory (cumulated for all children) (KiB): 26676
Max. memory (cumulated for all children) (KiB): 17828

getrusage(RUSAGE_CHILDREN,...) data:
user time used= 0.242419
system time used= 0.02242
maximum resident set size= 12624
integral shared memory size= 0
integral unshared data size= 0
integral unshared stack size= 0
page reclaims= 5605
page faults= 116
swaps= 0
block input operations= 19800
block output operations= 8
messages sent= 0
messages received= 0
signals received= 0
voluntary context switches= 972
involuntary context switches= 1


# summary of solver processes directly reported to runsolver:
#   pid: 16
#   total CPU time (s): 0.264839
#   total CPU user time (s): 0.242419
#   total CPU system time (s): 0.02242

??? join timestamper begins
??? join timestamper ends
??? end of timestamper thread
runsolver used 0.001004 second user time and 0.006041 second system time

The end
