runsolver version 3.4.1 (svn: 3018) Copyright (C) 2010-2013 Olivier ROUSSEL

This program is distributed in the hope that it will be useful,
but WITHOUT ANY WARRANTY; without even the implied warranty of
MERCHANTABILITY or FITNESS FOR A PARTICULAR PURPOSE.  See the
GNU General Public License for more details.

NUMA information:
  number of nodes: 8
  memory of node 0: 63700 MiB (55527 MiB free)
  memory of node 1: 64504 MiB (63638 MiB free)
  memory of node 2: 64504 MiB (60380 MiB free)
  memory of node 3: 64461 MiB (56869 MiB free)
  memory of node 4: 64504 MiB (40287 MiB free)
  memory of node 5: 64504 MiB (40757 MiB free)
  memory of node 6: 64504 MiB (38389 MiB free)
  memory of node 7: 64491 MiB (40637 MiB free)
  node distances:
     10  12  12  12  21  21  21  21
     12  10  12  12  21  21  21  21
     12  12  10  12  21  21  21  21
     12  12  12  10  21  21  21  21
     21  21  21  21  10  12  12  12
     21  21  21  21  12  10  12  12
     21  21  21  21  12  12  10  12
     21  21  21  21  12  12  12  10

command line: /usr/local/bin/runsolver --timestamp -w /output/runsolver-watch.log -v /output/runsolver-values.log -o /output/solver-output.log -C 1800.0 -W 1800.0 -R 64000 /opt/solver/run_bn4rust.py --mode cyber-full --instance /input/model_034.bnet 

running on 20 cores: 28-31,36-41,144-153

Enforcing CPUTime limit (soft limit, will send SIGTERM then SIGKILL): 1800 seconds
Enforcing CPUTime limit (hard limit, will send SIGXCPU): 1830 seconds
Enforcing wall clock limit (soft limit, will send SIGTERM then SIGKILL): 1800 seconds
Enforcing RSS+Swap limit (soft limit, will send SIGTERM then SIGKILL): 65536000 KiB
Linux 4.18.0-553.159.1.el8_10.x86_64
Current StackSize limit: 18014398509481983 KiB

solver pid=16, runsolver pid=13

[startup+0.100077 s]*
/proc/loadavg: 57.00 57.00 57.00 63/2879 17
/proc/meminfo: memFree=406682876/527542244 swapFree=33549052/33554428
[pid=16] ppid=13 vsize=15800 memory=10120 CPUtime=0.02 cores=28-41,140-153
/proc/16/stat : 16 (python3) D 13 16 0 0 -1 4194304 1396 0 84 0 2 0 0 0 20 0 1 0 53229859 16179200 2530 67087892480 4194304 7154137 140735025188496 0 0 0 0 16781312 2 0 0 0 17 148 0 0 6 0 0 9727432 11029816 31997952 140735025195863 140735025195949 140735025195949 140735025197031 0
/proc/16/statm: 3950 2530 1394 723 0 1674 0
Current children cumulated CPU time: 0.02 s
Current children cumulated vsize: 15800 KiB
Current children cumulated memory: 10120 KiB

[startup+0.200551 s]*
/proc/loadavg: 57.00 57.00 57.00 61/2881 18
/proc/meminfo: memFree=407348880/527542244 swapFree=33549052/33554428
[pid=16] ppid=13 vsize=17684 memory=12428 CPUtime=0.04 cores=28-41,140-153
/proc/16/stat : 16 (python3) S 13 16 0 0 -1 4194304 1894 0 96 0 3 1 0 0 20 0 1 0 53229859 18108416 3107 67087892480 4194304 7154137 140735025188496 0 0 0 0 16781312 2 1 0 0 17 148 0 0 8 0 0 9727432 11029816 31997952 140735025195863 140735025195949 140735025195949 140735025197031 0
/proc/16/statm: 4421 3107 1512 723 0 2063 0
[pid=18] ppid=16 vsize=7772 memory=2100 CPUtime=0 cores=28-41,140-153
/proc/18/stat : 18 (bn4rust) I 16 16 0 0 -1 4194304 136 0 12 0 0 0 0 0 20 0 1 0 53229872 7958528 525 67087892480 94300352811008 94300354678129 140728441727504 0 0 0 0 4096 1088 0 0 0 17 29 0 0 1 0 0 94300354936192 94300354983128 94300378574848 140728441735962 140728441736086 140728441736086 140728441737185 0
/proc/18/statm: 1943 525 471 456 0 104 0
Current children cumulated CPU time: 0.04 s
Current children cumulated vsize: 25456 KiB
Current children cumulated memory: 14528 KiB

[startup+0.239355 s]
# the end of solver process 16 was just reported to runsolver
# cumulated CPU time of all completed processes:  user=0.040226 s, system=0.015839 s

Solver just ended.
??? end of watcher thread
Dumping a history of the last processes samples

Child status: 0
Real time (s): 0.239363
CPU time (s): 0.056065
CPU user time (s): 0.040226
CPU system time (s): 0.015839
CPU usage (%): 23.4226
Max. virtual memory (cumulated for all children) (KiB): 25456
Max. memory (cumulated for all children) (KiB): 14528

getrusage(RUSAGE_CHILDREN,...) data:
user time used= 0.040226
system time used= 0.015839
maximum resident set size= 12592
integral shared memory size= 0
integral unshared data size= 0
integral unshared stack size= 0
page reclaims= 2083
page faults= 116
swaps= 0
block input operations= 20000
block output operations= 0
messages sent= 0
messages received= 0
signals received= 0
voluntary context switches= 964
involuntary context switches= 0


# summary of solver processes directly reported to runsolver:
#   pid: 16
#   total CPU time (s): 0.056065
#   total CPU user time (s): 0.040226
#   total CPU system time (s): 0.015839

??? join timestamper begins
??? join timestamper ends
??? end of timestamper thread
runsolver used 0 second user time and 0.028005 second system time

The end
