runsolver version 3.4.1 (svn: 3018) Copyright (C) 2010-2013 Olivier ROUSSEL

This program is distributed in the hope that it will be useful,
but WITHOUT ANY WARRANTY; without even the implied warranty of
MERCHANTABILITY or FITNESS FOR A PARTICULAR PURPOSE.  See the
GNU General Public License for more details.

NUMA information:
  number of nodes: 8
  memory of node 0: 63700 MiB (47947 MiB free)
  memory of node 1: 64504 MiB (62938 MiB free)
  memory of node 2: 64461 MiB (63598 MiB free)
  memory of node 3: 64504 MiB (58298 MiB free)
  memory of node 4: 64504 MiB (44161 MiB free)
  memory of node 5: 64504 MiB (53154 MiB free)
  memory of node 6: 64504 MiB (46849 MiB free)
  memory of node 7: 64491 MiB (43502 MiB free)
  node distances:
     10  12  12  12  21  21  21  21
     12  10  12  12  21  21  21  21
     12  12  10  12  21  21  21  21
     12  12  12  10  21  21  21  21
     21  21  21  21  10  12  12  12
     21  21  21  21  12  10  12  12
     21  21  21  21  12  12  10  12
     21  21  21  21  12  12  12  10

command line: /usr/local/bin/runsolver --timestamp -w /output/runsolver-watch.log -v /output/runsolver-values.log -o /output/solver-output.log -C 1800.0 -W 1800.0 -R 64000 /opt/solver/run_bn4rust.py --mode cyber-complement-gfp --instance /input/model_159.bnet 

running on 26 cores: 10-21,26-27,124-133,138-139

Enforcing CPUTime limit (soft limit, will send SIGTERM then SIGKILL): 1800 seconds
Enforcing CPUTime limit (hard limit, will send SIGXCPU): 1830 seconds
Enforcing wall clock limit (soft limit, will send SIGTERM then SIGKILL): 1800 seconds
Enforcing RSS+Swap limit (soft limit, will send SIGTERM then SIGKILL): 65536000 KiB
Linux 4.18.0-553.159.1.el8_10.x86_64
Current StackSize limit: 18014398509481983 KiB

solver pid=16, runsolver pid=13

[startup+0.10008 s]*
/proc/loadavg: 63.66 62.49 62.17 66/2912 17
/proc/meminfo: memFree=430522392/527542264 swapFree=33520892/33554428
[pid=16] ppid=13 vsize=15800 memory=10164 CPUtime=0.02 cores=10-21,26-27,122-133,138-139
/proc/16/stat : 16 (python3) R 13 16 0 0 -1 4194304 1390 0 84 0 2 0 0 0 20 0 1 0 53238061 16179200 2541 67087892480 4194304 7154137 140721733276912 0 0 0 0 16781312 2 0 0 0 17 21 0 0 6 0 0 9727432 11029816 31154176 140721733278541 140721733278637 140721733278637 140721733279719 0
/proc/16/statm: 3950 2541 1406 723 0 1674 0
Current children cumulated CPU time: 0.02 s
Current children cumulated vsize: 15800 KiB
Current children cumulated memory: 10164 KiB

[startup+0.200596 s]*
/proc/loadavg: 63.66 62.49 62.17 66/2913 18
/proc/meminfo: memFree=430511992/527542264 swapFree=33520892/33554428
[pid=16] ppid=13 vsize=17684 memory=12476 CPUtime=0.04 cores=10-21,26-27,122-133,138-139
/proc/16/stat : 16 (python3) S 13 16 0 0 -1 4194304 1895 0 96 0 3 1 0 0 20 0 1 0 53238061 18108416 3119 67087892480 4194304 7154137 140721733276912 0 0 0 0 16781312 2 1 0 0 17 21 0 0 8 0 0 9727432 11029816 31154176 140721733278541 140721733278637 140721733278637 140721733279719 0
/proc/16/statm: 4421 3119 1525 723 0 2063 0
[pid=18] ppid=16 vsize=12300 memory=8892 CPUtime=0.04 cores=10-21,26-27,122-133,138-139
/proc/18/stat : 18 (bn4rust) R 16 16 0 0 -1 4194304 1452 0 18 0 4 0 0 0 20 0 1 0 53238074 12595200 2223 67087892480 94583942643712 94583944510833 140730133385152 0 0 0 0 4096 1088 0 0 0 17 26 0 0 1 0 0 94583944768896 94583944815832 94583950024704 140730133392144 140730133392278 140730133392278 140730133393377 0
/proc/18/statm: 3075 2223 1064 456 0 1236 0
Current children cumulated CPU time: 0.08 s
Current children cumulated vsize: 29984 KiB
Current children cumulated memory: 21368 KiB

[startup+0.300535 s]*
/proc/loadavg: 63.66 62.49 62.17 66/2913 18
/proc/meminfo: memFree=430506392/527542264 swapFree=33520892/33554428
[pid=16] ppid=13 vsize=17684 memory=12476 CPUtime=0.04 cores=10-21,26-27,122-133,138-139
/proc/16/stat : 16 (python3) S 13 16 0 0 -1 4194304 1896 0 96 0 3 1 0 0 20 0 1 0 53238061 18108416 3119 67087892480 4194304 7154137 140721733276912 0 0 0 0 16781312 2 1 0 0 17 21 0 0 8 0 0 9727432 11029816 31154176 140721733278541 140721733278637 140721733278637 140721733279719 0
/proc/16/statm: 4421 3119 1525 723 0 2063 0
[pid=18] ppid=16 vsize=13744 memory=10448 CPUtime=0.14 cores=10-21,26-27,122-133,138-139
/proc/18/stat : 18 (bn4rust) R 16 16 0 0 -1 4194304 2436 0 18 0 14 0 0 0 20 0 1 0 53238074 14073856 2612 67087892480 94583942643712 94583944510833 140730133385152 0 0 0 0 4096 1088 0 0 0 17 26 0 0 1 0 0 94583944768896 94583944815832 94583950024704 140730133392144 140730133392278 140730133392278 140730133393377 0
/proc/18/statm: 3436 2612 1064 456 0 1597 0
Current children cumulated CPU time: 0.18 s
Current children cumulated vsize: 31428 KiB
Current children cumulated memory: 22924 KiB

[startup+0.700236 s]
/proc/loadavg: 63.66 62.49 62.17 66/2913 18
/proc/meminfo: memFree=430499744/527542264 swapFree=33520892/33554428
[pid=16] ppid=13 vsize=17684 memory=12476 CPUtime=0.04 cores=10-21,26-27,122-133,138-139
/proc/16/stat : 16 (python3) S 13 16 0 0 -1 4194304 1896 0 96 0 3 1 0 0 20 0 1 0 53238061 18108416 3119 67087892480 4194304 7154137 140721733276912 0 0 0 0 16781312 2 1 0 0 17 21 0 0 8 0 0 9727432 11029816 31154176 140721733278541 140721733278637 140721733278637 140721733279719 0
/proc/16/statm: 4421 3119 1525 723 0 2063 0
[pid=18] ppid=16 vsize=14640 memory=11148 CPUtime=0.53 cores=10-21,26-27,122-133,138-139
/proc/18/stat : 18 (bn4rust) R 16 16 0 0 -1 4194304 6420 0 18 0 53 0 0 0 20 0 1 0 53238074 14991360 2787 67087892480 94583942643712 94583944510833 140730133385152 0 0 0 0 4096 1088 0 0 0 17 26 0 0 1 0 0 94583944768896 94583944815832 94583950024704 140730133392144 140730133392278 140730133392278 140730133393377 0
/proc/18/statm: 3660 2787 1064 456 0 1821 0
Current children cumulated CPU time: 0.57 s
Current children cumulated vsize: 32324 KiB
Current children cumulated memory: 23624 KiB

[startup+1.50025 s]
/proc/loadavg: 63.77 62.53 62.18 66/2913 18
/proc/meminfo: memFree=430475548/527542264 swapFree=33520892/33554428
[pid=16] ppid=13 vsize=17684 memory=12476 CPUtime=0.04 cores=10-21,26-27,122-133,138-139
/proc/16/stat : 16 (python3) S 13 16 0 0 -1 4194304 1896 0 96 0 3 1 0 0 20 0 1 0 53238061 18108416 3119 67087892480 4194304 7154137 140721733276912 0 0 0 0 16781312 2 1 0 0 17 21 0 0 8 0 0 9727432 11029816 31154176 140721733278541 140721733278637 140721733278637 140721733279719 0
/proc/16/statm: 4421 3119 1525 723 0 2063 0
[pid=18] ppid=16 vsize=16100 memory=12548 CPUtime=1.33 cores=10-21,26-27,122-133,138-139
/proc/18/stat : 18 (bn4rust) R 16 16 0 0 -1 4194304 20031 0 18 0 130 3 0 0 20 0 1 0 53238074 16486400 3137 67087892480 94583942643712 94583944510833 140730133385152 0 0 0 0 4096 1088 0 0 0 17 26 0 0 1 0 0 94583944768896 94583944815832 94583950024704 140730133392144 140730133392278 140730133392278 140730133393377 0
/proc/18/statm: 4025 3137 1064 456 0 2186 0
Current children cumulated CPU time: 1.37 s
Current children cumulated vsize: 33784 KiB
Current children cumulated memory: 25024 KiB

[startup+3.10049 s]
/proc/loadavg: 63.77 62.53 62.18 66/2913 18
/proc/meminfo: memFree=430407564/527542264 swapFree=33520892/33554428
[pid=16] ppid=13 vsize=17684 memory=12476 CPUtime=0.04 cores=10-21,26-27,122-133,138-139
/proc/16/stat : 16 (python3) S 13 16 0 0 -1 4194304 1896 0 96 0 3 1 0 0 20 0 1 0 53238061 18108416 3119 67087892480 4194304 7154137 140721733276912 0 0 0 0 16781312 2 1 0 0 17 21 0 0 8 0 0 9727432 11029816 31154176 140721733278541 140721733278637 140721733278637 140721733279719 0
/proc/16/statm: 4421 3119 1525 723 0 2063 0
[pid=18] ppid=16 vsize=18408 memory=15096 CPUtime=2.93 cores=10-21,26-27,122-133,138-139
/proc/18/stat : 18 (bn4rust) R 16 16 0 0 -1 4194304 46139 0 18 0 285 8 0 0 20 0 1 0 53238074 18849792 3774 67087892480 94583942643712 94583944510833 140730133385152 0 0 0 0 4096 1088 0 0 0 17 26 0 0 1 0 0 94583944768896 94583944815832 94583950024704 140730133392144 140730133392278 140730133392278 140730133393377 0
/proc/18/statm: 4602 3774 1064 456 0 2763 0
Current children cumulated CPU time: 2.97 s
Current children cumulated vsize: 36092 KiB
Current children cumulated memory: 27572 KiB

[startup+6.30025 s]
/proc/loadavg: 63.87 62.57 62.20 66/2913 18
/proc/meminfo: memFree=430625708/527542264 swapFree=33520892/33554428
[pid=16] ppid=13 vsize=17684 memory=12476 CPUtime=0.04 cores=10-21,26-27,122-133,138-139
/proc/16/stat : 16 (python3) S 13 16 0 0 -1 4194304 1897 0 96 0 3 1 0 0 20 0 1 0 53238061 18108416 3119 67087892480 4194304 7154137 140721733276912 0 0 0 0 16781312 2 1 0 0 17 21 0 0 8 0 0 9727432 11029816 31154176 140721733278541 140721733278637 140721733278637 140721733279719 0
/proc/16/statm: 4421 3119 1525 723 0 2063 0
[pid=18] ppid=16 vsize=17384 memory=14040 CPUtime=6.11 cores=10-21,26-27,122-133,138-139
/proc/18/stat : 18 (bn4rust) R 16 16 0 0 -1 4194304 78049 0 18 0 599 12 0 0 20 0 1 0 53238074 17801216 3510 67087892480 94583942643712 94583944510833 140730133385152 0 0 0 0 4096 1088 0 0 0 17 26 0 0 1 0 0 94583944768896 94583944815832 94583950024704 140730133392144 140730133392278 140730133392278 140730133393377 0
/proc/18/statm: 4346 3510 1064 456 0 2507 0
Current children cumulated CPU time: 6.15 s
Current children cumulated vsize: 35068 KiB
Current children cumulated memory: 26516 KiB

[startup+9.3073 s]
# the end of solver process 16 was just reported to runsolver
# cumulated CPU time of all completed processes:  user=9.00824 s, system=0.154563 s

Solver just ended.
??? end of watcher thread
Dumping a history of the last processes samples

[startup+6.40037 s]
/proc/loadavg: 63.87 62.57 62.20 66/2913 18
/proc/meminfo: memFree=430625708/527542264 swapFree=33520892/33554428
[pid=16] ppid=13 vsize=17684 memory=12476 CPUtime=0.04 cores=10-21,26-27,122-133,138-139
/proc/16/stat : 16 (python3) S 13 16 0 0 -1 4194304 1897 0 96 0 3 1 0 0 20 0 1 0 53238061 18108416 3119 67087892480 4194304 7154137 140721733276912 0 0 0 0 16781312 2 1 0 0 17 21 0 0 8 0 0 9727432 11029816 31154176 140721733278541 140721733278637 140721733278637 140721733279719 0
/proc/16/statm: 4421 3119 1525 723 0 2063 0
[pid=18] ppid=16 vsize=14696 memory=11400 CPUtime=6.21 cores=10-21,26-27,122-133,138-139
/proc/18/stat : 18 (bn4rust) R 16 16 0 0 -1 4194304 78257 0 18 0 609 12 0 0 20 0 1 0 53238074 15048704 2850 67087892480 94583942643712 94583944510833 140730133385152 0 0 0 0 4096 1088 0 0 0 17 26 0 0 1 0 0 94583944768896 94583944815832 94583950024704 140730133392144 140730133392278 140730133392278 140730133393377 0
/proc/18/statm: 3674 2850 1064 456 0 1835 0
Current children cumulated CPU time: 6.25 s
Current children cumulated vsize: 32380 KiB
Current children cumulated memory: 23876 KiB

[startup+8.00024 s]*
/proc/loadavg: 63.87 62.57 62.20 66/2913 18
/proc/meminfo: memFree=430556424/527542264 swapFree=33520892/33554428
[pid=16] ppid=13 vsize=17684 memory=12476 CPUtime=0.04 cores=10-21,26-27,122-133,138-139
/proc/16/stat : 16 (python3) S 13 16 0 0 -1 4194304 1897 0 96 0 3 1 0 0 20 0 1 0 53238061 18108416 3119 67087892480 4194304 7154137 140721733276912 0 0 0 0 16781312 2 1 0 0 17 21 0 0 8 0 0 9727432 11029816 31154176 140721733278541 140721733278637 140721733278637 140721733279719 0
/proc/16/statm: 4421 3119 1525 723 0 2063 0
[pid=18] ppid=16 vsize=16488 memory=13176 CPUtime=7.8 cores=10-21,26-27,122-133,138-139
/proc/18/stat : 18 (bn4rust) R 16 16 0 0 -1 4194304 82312 0 18 0 767 13 0 0 20 0 1 0 53238074 16883712 3294 67087892480 94583942643712 94583944510833 140730133385152 0 0 0 0 4096 1088 0 0 0 17 26 0 0 1 0 0 94583944768896 94583944815832 94583950024704 140730133392144 140730133392278 140730133392278 140730133393377 0
/proc/18/statm: 4122 3294 1064 456 0 2283 0
Current children cumulated CPU time: 7.84 s
Current children cumulated vsize: 34172 KiB
Current children cumulated memory: 25652 KiB

[startup+8.80023 s]
/proc/loadavg: 63.87 62.57 62.20 66/2913 18
/proc/meminfo: memFree=430556424/527542264 swapFree=33520892/33554428
[pid=16] ppid=13 vsize=17684 memory=12476 CPUtime=0.04 cores=10-21,26-27,122-133,138-139
/proc/16/stat : 16 (python3) S 13 16 0 0 -1 4194304 1898 0 96 0 3 1 0 0 20 0 1 0 53238061 18108416 3119 67087892480 4194304 7154137 140721733276912 0 0 0 0 16781312 2 1 0 0 17 21 0 0 8 0 0 9727432 11029816 31154176 140721733278541 140721733278637 140721733278637 140721733279719 0
/proc/16/statm: 4421 3119 1525 723 0 2063 0
[pid=18] ppid=16 vsize=16488 memory=13176 CPUtime=8.6 cores=10-21,26-27,122-133,138-139
/proc/18/stat : 18 (bn4rust) R 16 16 0 0 -1 4194304 82312 0 18 0 847 13 0 0 20 0 1 0 53238074 16883712 3294 67087892480 94583942643712 94583944510833 140730133385152 0 0 0 0 4096 1088 0 0 0 17 26 0 0 1 0 0 94583944768896 94583944815832 94583950024704 140730133392144 140730133392278 140730133392278 140730133393377 0
/proc/18/statm: 4122 3294 1064 456 0 2283 0
Current children cumulated CPU time: 8.64 s
Current children cumulated vsize: 34172 KiB
Current children cumulated memory: 25652 KiB

[startup+9.20023 s]
/proc/loadavg: 63.87 62.57 62.20 66/2913 18
/proc/meminfo: memFree=430517516/527542264 swapFree=33520892/33554428
[pid=16] ppid=13 vsize=17684 memory=12476 CPUtime=0.04 cores=10-21,26-27,122-133,138-139
/proc/16/stat : 16 (python3) S 13 16 0 0 -1 4194304 1898 0 96 0 3 1 0 0 20 0 1 0 53238061 18108416 3119 67087892480 4194304 7154137 140721733276912 0 0 0 0 16781312 2 1 0 0 17 21 0 0 8 0 0 9727432 11029816 31154176 140721733278541 140721733278637 140721733278637 140721733279719 0
/proc/16/statm: 4421 3119 1525 723 0 2063 0
[pid=18] ppid=16 vsize=16488 memory=13176 CPUtime=9 cores=10-21,26-27,122-133,138-139
/proc/18/stat : 18 (bn4rust) R 16 16 0 0 -1 4194304 82312 0 18 0 887 13 0 0 20 0 1 0 53238074 16883712 3294 67087892480 94583942643712 94583944510833 140730133385152 0 0 0 0 4096 1088 0 0 0 17 26 0 0 1 0 0 94583944768896 94583944815832 94583950024704 140730133392144 140730133392278 140730133392278 140730133393377 0
/proc/18/statm: 4122 3294 1064 456 0 2283 0
Current children cumulated CPU time: 9.04 s
Current children cumulated vsize: 34172 KiB
Current children cumulated memory: 25652 KiB

[startup+9.30023 s]
/proc/loadavg: 63.87 62.57 62.20 66/2913 18
/proc/meminfo: memFree=430517516/527542264 swapFree=33520892/33554428
[pid=16] ppid=13 vsize=17684 memory=12476 CPUtime=9.13 cores=10-21,26-27,122-133,138-139
/proc/16/stat : 16 (python3) R 13 16 0 0 -1 4194304 1907 82318 96 20 3 1 896 13 20 0 1 0 53238061 18108416 3119 67087892480 4194304 7154137 140721733276912 0 0 0 0 16781312 2 0 0 0 17 21 0 0 8 0 0 9727432 11029816 31154176 140721733278541 140721733278637 140721733278637 140721733279719 0
/proc/16/statm: 4421 3119 1525 723 0 2063 0
Current children cumulated CPU time: 9.13 s
Current children cumulated vsize: 17684 KiB
Current children cumulated memory: 12476 KiB

Child status: 0
Real time (s): 9.30733
CPU time (s): 9.1628
CPU user time (s): 9.00824
CPU system time (s): 0.154563
CPU usage (%): 98.4471
Max. virtual memory (cumulated for all children) (KiB): 36092
Max. memory (cumulated for all children) (KiB): 27572

getrusage(RUSAGE_CHILDREN,...) data:
user time used= 9.00824
system time used= 0.154563
maximum resident set size= 16344
integral shared memory size= 0
integral unshared data size= 0
integral unshared stack size= 0
page reclaims= 84235
page faults= 116
swaps= 0
block input operations= 20136
block output operations= 8
messages sent= 0
messages received= 0
signals received= 0
voluntary context switches= 1076
involuntary context switches= 12


# summary of solver processes directly reported to runsolver:
#   pid: 16
#   total CPU time (s): 9.1628
#   total CPU user time (s): 9.00824
#   total CPU system time (s): 0.154563

??? join timestamper begins
??? join timestamper ends
??? end of timestamper thread
runsolver used 0.005633 second user time and 0.019877 second system time

The end
