runsolver version 3.4.1 (svn: 3018) Copyright (C) 2010-2013 Olivier ROUSSEL

This program is distributed in the hope that it will be useful,
but WITHOUT ANY WARRANTY; without even the implied warranty of
MERCHANTABILITY or FITNESS FOR A PARTICULAR PURPOSE.  See the
GNU General Public License for more details.

NUMA information:
  number of nodes: 8
  memory of node 0: 63657 MiB (3656 MiB free)
  memory of node 1: 64504 MiB (6540 MiB free)
  memory of node 2: 64504 MiB (45385 MiB free)
  memory of node 3: 64504 MiB (63650 MiB free)
  memory of node 4: 64504 MiB (62921 MiB free)
  memory of node 5: 64504 MiB (63618 MiB free)
  memory of node 6: 64504 MiB (63506 MiB free)
  memory of node 7: 64491 MiB (63216 MiB free)
  node distances:
     10  12  12  12  21  21  21  21
     12  10  12  12  21  21  21  21
     12  12  10  12  21  21  21  21
     12  12  12  10  21  21  21  21
     21  21  21  21  10  12  12  12
     21  21  21  21  12  10  12  12
     21  21  21  21  12  12  10  12
     21  21  21  21  12  12  12  10

command line: /usr/local/bin/runsolver --timestamp -w /output/runsolver-watch.log -v /output/runsolver-values.log -o /output/solver-output.log -C 1800.0 -W 1800.0 -R 64000 /opt/solver/run_bn4rust.py --mode cyber-complement-gfp-plus-sink-scc --instance /input/model_039.bnet 

running on 24 cores: 36-45,144-157

Enforcing CPUTime limit (soft limit, will send SIGTERM then SIGKILL): 1800 seconds
Enforcing CPUTime limit (hard limit, will send SIGXCPU): 1830 seconds
Enforcing wall clock limit (soft limit, will send SIGTERM then SIGKILL): 1800 seconds
Enforcing RSS+Swap limit (soft limit, will send SIGTERM then SIGKILL): 65536000 KiB
Linux 4.18.0-553.159.1.el8_10.x86_64
Current StackSize limit: 18014398509481983 KiB

solver pid=16, runsolver pid=13

[startup+0.100084 s]*
/proc/loadavg: 32.47 35.91 38.52 34/2820 17
/proc/meminfo: memFree=381421648/527542224 swapFree=33427684/33554428
[pid=16] ppid=13 vsize=14576 memory=9660 CPUtime=0.02 cores=32-45,144-157
/proc/16/stat : 16 (python3) D 13 16 0 0 -1 4194304 1344 0 80 0 1 1 0 0 20 0 1 0 53414002 14925824 2415 67087892480 4194304 7154137 140730898682272 0 0 0 0 16781312 2 0 0 0 17 42 0 0 6 0 0 9727432 11029816 34471936 140730898688831 140730898688941 140730898688941 140730898690023 0
/proc/16/statm: 3644 2415 1379 723 0 1380 0
Current children cumulated CPU time: 0.02 s
Current children cumulated vsize: 14576 KiB
Current children cumulated memory: 9660 KiB

[startup+0.201268 s]*
/proc/loadavg: 32.47 35.91 38.52 34/2821 18
/proc/meminfo: memFree=381406900/527542224 swapFree=33427684/33554428
[pid=16] ppid=13 vsize=17684 memory=12424 CPUtime=0.04 cores=32-45,144-157
/proc/16/stat : 16 (python3) S 13 16 0 0 -1 4194304 1899 0 96 0 3 1 0 0 20 0 1 0 53414002 18108416 3106 67087892480 4194304 7154137 140730898682272 0 0 0 0 16781312 2 1 0 0 17 42 0 0 8 0 0 9727432 11029816 34471936 140730898688831 140730898688941 140730898688941 140730898690023 0
/proc/16/statm: 4421 3106 1512 723 0 2063 0
[pid=18] ppid=16 vsize=16232 memory=12640 CPUtime=0.02 cores=32-45,144-157
/proc/18/stat : 18 (bn4rust) R 16 16 0 0 -1 4194304 3078 0 19 0 2 0 0 0 20 0 1 0 53414017 16621568 3160 67087892480 94349558001664 94349559868785 140734614199600 0 0 0 0 4096 1088 0 0 0 17 157 0 0 1 0 0 94349560126848 94349560173784 94349587030016 140734614203138 140734614203286 140734614203286 140734614204385 0
/proc/18/statm: 4058 3160 1119 456 0 2219 0
Current children cumulated CPU time: 0.06 s
Current children cumulated vsize: 33916 KiB
Current children cumulated memory: 25064 KiB

[startup+0.301273 s]*
/proc/loadavg: 32.47 35.91 38.52 34/2821 18
/proc/meminfo: memFree=381391180/527542224 swapFree=33427684/33554428
[pid=16] ppid=13 vsize=17684 memory=12424 CPUtime=0.04 cores=32-45,144-157
/proc/16/stat : 16 (python3) S 13 16 0 0 -1 4194304 1899 0 96 0 3 1 0 0 20 0 1 0 53414002 18108416 3106 67087892480 4194304 7154137 140730898682272 0 0 0 0 16781312 2 1 0 0 17 42 0 0 8 0 0 9727432 11029816 34471936 140730898688831 140730898688941 140730898688941 140730898690023 0
/proc/16/statm: 4421 3106 1512 723 0 2063 0
[pid=18] ppid=16 vsize=31328 memory=28004 CPUtime=0.12 cores=32-45,144-157
/proc/18/stat : 18 (bn4rust) R 16 16 0 0 -1 4194304 7398 0 19 0 11 1 0 0 20 0 1 0 53414017 32079872 7001 67087892480 94349558001664 94349559868785 140734614199600 0 0 0 0 4096 1088 0 0 0 17 157 0 0 1 0 0 94349560126848 94349560173784 94349587030016 140734614203138 140734614203286 140734614203286 140734614204385 0
/proc/18/statm: 7832 7001 1119 456 0 5993 0
Current children cumulated CPU time: 0.16 s
Current children cumulated vsize: 49012 KiB
Current children cumulated memory: 40428 KiB

[startup+0.701271 s]
/proc/loadavg: 32.47 35.91 38.52 34/2821 18
/proc/meminfo: memFree=381348772/527542224 swapFree=33427684/33554428
[pid=16] ppid=13 vsize=17684 memory=12424 CPUtime=0.04 cores=32-45,144-157
/proc/16/stat : 16 (python3) S 13 16 0 0 -1 4194304 1899 0 96 0 3 1 0 0 20 0 1 0 53414002 18108416 3106 67087892480 4194304 7154137 140730898682272 0 0 0 0 16781312 2 1 0 0 17 42 0 0 8 0 0 9727432 11029816 34471936 140730898688831 140730898688941 140730898688941 140730898690023 0
/proc/16/statm: 4421 3106 1512 723 0 2063 0
[pid=18] ppid=16 vsize=130664 memory=125436 CPUtime=0.52 cores=32-45,144-157
/proc/18/stat : 18 (bn4rust) R 16 16 0 0 -1 4194304 10951 0 19 0 49 3 0 0 20 0 1 0 53414017 133799936 31359 67087892480 94349558001664 94349559868785 140734614199600 0 0 0 0 4096 1088 0 0 0 17 157 0 0 1 0 0 94349560126848 94349560173784 94349587030016 140734614203138 140734614203286 140734614203286 140734614204385 0
/proc/18/statm: 32666 31359 1119 456 0 30827 0
Current children cumulated CPU time: 0.56 s
Current children cumulated vsize: 148348 KiB
Current children cumulated memory: 137860 KiB

[startup+1.50036 s]
/proc/loadavg: 32.47 35.91 38.52 34/2821 18
/proc/meminfo: memFree=381316600/527542224 swapFree=33427684/33554428
[pid=16] ppid=13 vsize=17684 memory=12424 CPUtime=0.04 cores=32-45,144-157
/proc/16/stat : 16 (python3) S 13 16 0 0 -1 4194304 1899 0 96 0 3 1 0 0 20 0 1 0 53414002 18108416 3106 67087892480 4194304 7154137 140730898682272 0 0 0 0 16781312 2 1 0 0 17 42 0 0 8 0 0 9727432 11029816 34471936 140730898688831 140730898688941 140730898688941 140730898690023 0
/proc/16/statm: 4421 3106 1512 723 0 2063 0
[pid=18] ppid=16 vsize=152256 memory=131460 CPUtime=1.31 cores=32-45,144-157
/proc/18/stat : 18 (bn4rust) R 16 16 0 0 -1 4194304 14051 0 19 0 127 4 0 0 20 0 1 0 53414017 155910144 32865 67087892480 94349558001664 94349559868785 140734614199600 0 0 0 0 4096 1088 0 0 0 17 45 0 0 1 0 0 94349560126848 94349560173784 94349587030016 140734614203138 140734614203286 140734614203286 140734614204385 0
/proc/18/statm: 38064 32865 1119 456 0 36225 0
Current children cumulated CPU time: 1.35 s
Current children cumulated vsize: 169940 KiB
Current children cumulated memory: 143884 KiB

[startup+3.10126 s]
/proc/loadavg: 32.51 35.86 38.49 34/2821 18
/proc/meminfo: memFree=381259284/527542224 swapFree=33427684/33554428
[pid=16] ppid=13 vsize=17684 memory=12424 CPUtime=0.04 cores=32-45,144-157
/proc/16/stat : 16 (python3) S 13 16 0 0 -1 4194304 1899 0 96 0 3 1 0 0 20 0 1 0 53414002 18108416 3106 67087892480 4194304 7154137 140730898682272 0 0 0 0 16781312 2 1 0 0 17 42 0 0 8 0 0 9727432 11029816 34471936 140730898688831 140730898688941 140730898688941 140730898690023 0
/proc/16/statm: 4421 3106 1512 723 0 2063 0
[pid=18] ppid=16 vsize=234544 memory=177748 CPUtime=2.91 cores=32-45,144-157
/proc/18/stat : 18 (bn4rust) R 16 16 0 0 -1 4194304 23578 0 19 0 280 11 0 0 20 0 1 0 53414017 240173056 44437 67087892480 94349558001664 94349559868785 140734614199600 0 0 0 0 4096 1088 0 0 0 17 157 0 0 1 0 0 94349560126848 94349560173784 94349587030016 140734614203138 140734614203286 140734614203286 140734614204385 0
/proc/18/statm: 58636 44437 1119 456 0 56797 0
Current children cumulated CPU time: 2.95 s
Current children cumulated vsize: 252228 KiB
Current children cumulated memory: 190172 KiB

[startup+6.30037 s]
/proc/loadavg: 32.51 35.86 38.49 34/2821 18
/proc/meminfo: memFree=381296900/527542224 swapFree=33427684/33554428
[pid=16] ppid=13 vsize=17684 memory=12424 CPUtime=0.04 cores=32-45,144-157
/proc/16/stat : 16 (python3) S 13 16 0 0 -1 4194304 1899 0 96 0 3 1 0 0 20 0 1 0 53414002 18108416 3106 67087892480 4194304 7154137 140730898682272 0 0 0 0 16781312 2 1 0 0 17 42 0 0 8 0 0 9727432 11029816 34471936 140730898688831 140730898688941 140730898688941 140730898690023 0
/proc/16/statm: 4421 3106 1512 723 0 2063 0
[pid=18] ppid=16 vsize=220408 memory=212876 CPUtime=6.1 cores=32-45,144-157
/proc/18/stat : 18 (bn4rust) R 16 16 0 0 -1 4194304 39289 0 19 0 585 25 0 0 20 0 1 0 53414017 225697792 53219 67087892480 94349558001664 94349559868785 140734614199600 0 0 0 0 4096 1088 0 0 0 17 45 0 0 1 0 0 94349560126848 94349560173784 94349587030016 140734614203138 140734614203286 140734614203286 140734614204385 0
/proc/18/statm: 55102 53219 1119 456 0 53263 0
Current children cumulated CPU time: 6.14 s
Current children cumulated vsize: 238092 KiB
Current children cumulated memory: 225300 KiB

[startup+12.7003 s]
/proc/loadavg: 32.58 35.76 38.43 34/2821 18
/proc/meminfo: memFree=381047520/527542224 swapFree=33427684/33554428
[pid=16] ppid=13 vsize=17684 memory=12424 CPUtime=0.04 cores=32-45,144-157
/proc/16/stat : 16 (python3) S 13 16 0 0 -1 4194304 1899 0 96 0 3 1 0 0 20 0 1 0 53414002 18108416 3106 67087892480 4194304 7154137 140730898682272 0 0 0 0 16781312 2 1 0 0 17 42 0 0 8 0 0 9727432 11029816 34471936 140730898688831 140730898688941 140730898688941 140730898690023 0
/proc/16/statm: 4421 3106 1512 723 0 2063 0
[pid=18] ppid=16 vsize=543164 memory=435404 CPUtime=12.46 cores=32-45,144-157
/proc/18/stat : 18 (bn4rust) R 16 16 0 0 -1 4194304 55940 0 19 0 1200 46 0 0 20 0 1 0 53414017 556199936 108851 67087892480 94349558001664 94349559868785 140734614199600 0 0 0 0 4096 1088 0 0 0 17 45 0 0 1 0 0 94349560126848 94349560173784 94349587030016 140734614203138 140734614203286 140734614203286 140734614204385 0
/proc/18/statm: 135791 108851 1119 456 0 133952 0
Current children cumulated CPU time: 12.5 s
Current children cumulated vsize: 560848 KiB
Current children cumulated memory: 447828 KiB

[startup+25.5003 s]
/proc/loadavg: 32.65 35.67 38.37 34/2809 18
/proc/meminfo: memFree=380796292/527542224 swapFree=33427684/33554428
[pid=16] ppid=13 vsize=17684 memory=12424 CPUtime=0.04 cores=32-45,144-157
/proc/16/stat : 16 (python3) S 13 16 0 0 -1 4194304 1899 0 96 0 3 1 0 0 20 0 1 0 53414002 18108416 3106 67087892480 4194304 7154137 140730898682272 0 0 0 0 16781312 2 1 0 0 17 42 0 0 8 0 0 9727432 11029816 34471936 140730898688831 140730898688941 140730898688941 140730898690023 0
/proc/16/statm: 4421 3106 1512 723 0 2063 0
[pid=18] ppid=16 vsize=697916 memory=618552 CPUtime=25.22 cores=32-45,144-157
/proc/18/stat : 18 (bn4rust) R 16 16 0 0 -1 4194304 71544 0 19 0 2432 90 0 0 20 0 1 0 53414017 714665984 154638 67087892480 94349558001664 94349559868785 140734614199600 0 0 0 0 4096 1088 0 0 0 17 45 0 0 1 0 0 94349560126848 94349560173784 94349587030016 140734614203138 140734614203286 140734614203286 140734614204385 0
/proc/18/statm: 174479 154638 1119 456 0 172640 0
Current children cumulated CPU time: 25.26 s
Current children cumulated vsize: 715600 KiB
Current children cumulated memory: 630976 KiB

[startup+51.1005 s]
/proc/loadavg: 32.77 35.46 38.23 34/2809 18
/proc/meminfo: memFree=381173372/527542224 swapFree=33427684/33554428
[pid=16] ppid=13 vsize=17684 memory=12424 CPUtime=0.04 cores=32-45,144-157
/proc/16/stat : 16 (python3) S 13 16 0 0 -1 4194304 1899 0 96 0 3 1 0 0 20 0 1 0 53414002 18108416 3106 67087892480 4194304 7154137 140730898682272 0 0 0 0 16781312 2 1 0 0 17 42 0 0 8 0 0 9727432 11029816 34471936 140730898688831 140730898688941 140730898688941 140730898690023 0
/proc/16/statm: 4421 3106 1512 723 0 2063 0
[pid=18] ppid=16 vsize=422656 memory=326436 CPUtime=50.73 cores=32-45,144-157
/proc/18/stat : 18 (bn4rust) R 16 16 0 0 -1 4194304 122863 0 19 0 4907 166 0 0 20 0 1 0 53414017 432799744 81609 67087892480 94349558001664 94349559868785 140734614199600 0 0 0 0 4096 1088 0 0 0 17 42 0 0 1 0 0 94349560126848 94349560173784 94349587030016 140734614203138 140734614203286 140734614203286 140734614204385 0
/proc/18/statm: 105664 81609 1119 456 0 103825 0
Current children cumulated CPU time: 50.77 s
Current children cumulated vsize: 440340 KiB
Current children cumulated memory: 338860 KiB

[startup+102.3 s]
/proc/loadavg: 32.91 35.04 37.92 34/2809 18
/proc/meminfo: memFree=380937468/527542224 swapFree=33427684/33554428
[pid=16] ppid=13 vsize=17684 memory=12424 CPUtime=0.04 cores=32-45,144-157
/proc/16/stat : 16 (python3) S 13 16 0 0 -1 4194304 1899 0 96 0 3 1 0 0 20 0 1 0 53414002 18108416 3106 67087892480 4194304 7154137 140730898682272 0 0 0 0 16781312 2 1 0 0 17 42 0 0 8 0 0 9727432 11029816 34471936 140730898688831 140730898688941 140730898688941 140730898690023 0
/proc/16/statm: 4421 3106 1512 723 0 2063 0
[pid=18] ppid=16 vsize=459060 memory=376700 CPUtime=101.77 cores=32-45,144-157
/proc/18/stat : 18 (bn4rust) R 16 16 0 0 -1 4194304 235365 0 19 0 9847 330 0 0 20 0 1 0 53414017 470077440 94175 67087892480 94349558001664 94349559868785 140734614199600 0 0 0 0 4096 1088 0 0 0 17 42 0 0 1 0 0 94349560126848 94349560173784 94349587030016 140734614203138 140734614203286 140734614203286 140734614204385 0
/proc/18/statm: 114765 94175 1122 456 0 112926 0
Current children cumulated CPU time: 101.81 s
Current children cumulated vsize: 476744 KiB
Current children cumulated memory: 389124 KiB

[startup+162.3 s]
/proc/loadavg: 32.97 34.67 37.61 34/2807 18
/proc/meminfo: memFree=380771336/527542224 swapFree=33427684/33554428
[pid=16] ppid=13 vsize=17684 memory=12424 CPUtime=0.04 cores=32-45,144-157
/proc/16/stat : 16 (python3) S 13 16 0 0 -1 4194304 1899 0 96 0 3 1 0 0 20 0 1 0 53414002 18108416 3106 67087892480 4194304 7154137 140730898682272 0 0 0 0 16781312 2 1 0 0 17 42 0 0 8 0 0 9727432 11029816 34471936 140730898688831 140730898688941 140730898688941 140730898690023 0
/proc/16/statm: 4421 3106 1512 723 0 2063 0
[pid=18] ppid=16 vsize=1016920 memory=760276 CPUtime=161.57 cores=32-45,144-157
/proc/18/stat : 18 (bn4rust) R 16 16 0 0 -1 4194304 347262 0 19 0 15640 517 0 0 20 0 1 0 53414017 1041326080 190069 67087892480 94349558001664 94349559868785 140734614199600 0 0 0 0 4096 1088 0 0 0 17 42 0 0 1 0 0 94349560126848 94349560173784 94349587030016 140734614203138 140734614203286 140734614203286 140734614204385 0
/proc/18/statm: 254230 190069 1122 456 0 252391 0
Current children cumulated CPU time: 161.61 s
Current children cumulated vsize: 1034604 KiB
Current children cumulated memory: 772700 KiB

[startup+222.3 s]
/proc/loadavg: 32.99 34.36 37.32 34/2807 18
/proc/meminfo: memFree=380778784/527542224 swapFree=33427684/33554428
[pid=16] ppid=13 vsize=17684 memory=12424 CPUtime=0.04 cores=32-45,144-157
/proc/16/stat : 16 (python3) S 13 16 0 0 -1 4194304 1900 0 96 0 3 1 0 0 20 0 1 0 53414002 18108416 3106 67087892480 4194304 7154137 140730898682272 0 0 0 0 16781312 2 1 0 0 17 157 0 0 8 0 0 9727432 11029816 34471936 140730898688831 140730898688941 140730898688941 140730898690023 0
/proc/16/statm: 4421 3106 1512 723 0 2063 0
[pid=18] ppid=16 vsize=808544 memory=689928 CPUtime=221.37 cores=32-45,144-157
/proc/18/stat : 18 (bn4rust) R 16 16 0 0 -1 4194304 468121 0 19 0 21431 706 0 0 20 0 1 0 53414017 827949056 172482 67087892480 94349558001664 94349559868785 140734614199600 0 0 0 0 4096 1088 0 0 0 17 42 0 0 1 0 0 94349560126848 94349560173784 94349587030016 140734614203138 140734614203286 140734614203286 140734614204385 0
/proc/18/statm: 202136 172482 1122 456 0 200297 0
Current children cumulated CPU time: 221.41 s
Current children cumulated vsize: 826228 KiB
Current children cumulated memory: 702352 KiB

[startup+282.3 s]
/proc/loadavg: 33.00 34.11 37.05 34/2800 18
/proc/meminfo: memFree=381830028/527542224 swapFree=33427684/33554428
[pid=16] ppid=13 vsize=17684 memory=12424 CPUtime=0.04 cores=32-45,144-157
/proc/16/stat : 16 (python3) S 13 16 0 0 -1 4194304 1900 0 96 0 3 1 0 0 20 0 1 0 53414002 18108416 3106 67087892480 4194304 7154137 140730898682272 0 0 0 0 16781312 2 1 0 0 17 157 0 0 8 0 0 9727432 11029816 34471936 140730898688831 140730898688941 140730898688941 140730898690023 0
/proc/16/statm: 4421 3106 1512 723 0 2063 0
[pid=18] ppid=16 vsize=809804 memory=691044 CPUtime=281.13 cores=32-45,144-157
/proc/18/stat : 18 (bn4rust) R 16 16 0 0 -1 4194304 603753 0 19 0 27219 894 0 0 20 0 1 0 53414017 829239296 172761 67087892480 94349558001664 94349559868785 140734614199600 0 0 0 0 4096 1088 0 0 0 17 154 0 0 1 0 0 94349560126848 94349560173784 94349587030016 140734614203138 140734614203286 140734614203286 140734614204385 0
/proc/18/statm: 202451 172761 1122 456 0 200612 0
Current children cumulated CPU time: 281.17 s
Current children cumulated vsize: 827488 KiB
Current children cumulated memory: 703468 KiB

[startup+342.3 s]
/proc/loadavg: 33.00 33.91 36.79 34/2773 18
/proc/meminfo: memFree=380949712/527542224 swapFree=33427684/33554428
[pid=16] ppid=13 vsize=17684 memory=12424 CPUtime=0.04 cores=32-45,144-157
/proc/16/stat : 16 (python3) S 13 16 0 0 -1 4194304 1900 0 96 0 3 1 0 0 20 0 1 0 53414002 18108416 3106 67087892480 4194304 7154137 140730898682272 0 0 0 0 16781312 2 1 0 0 17 157 0 0 8 0 0 9727432 11029816 34471936 140730898688831 140730898688941 140730898688941 140730898690023 0
/proc/16/statm: 4421 3106 1512 723 0 2063 0
[pid=18] ppid=16 vsize=818544 memory=644336 CPUtime=340.88 cores=32-45,144-157
/proc/18/stat : 18 (bn4rust) R 16 16 0 0 -1 4194304 715017 0 19 0 33005 1083 0 0 20 0 1 0 53414017 838189056 161084 67087892480 94349558001664 94349559868785 140734614199600 0 0 0 0 4096 1088 0 0 0 17 154 0 0 1 0 0 94349560126848 94349560173784 94349587030016 140734614203138 140734614203286 140734614203286 140734614204385 0
/proc/18/statm: 204636 161084 1122 456 0 202797 0
Current children cumulated CPU time: 340.92 s
Current children cumulated vsize: 836228 KiB
Current children cumulated memory: 656760 KiB

[startup+402.3 s]
/proc/loadavg: 33.00 33.74 36.55 34/2771 18
/proc/meminfo: memFree=381257336/527542224 swapFree=33427684/33554428
[pid=16] ppid=13 vsize=17684 memory=12424 CPUtime=0.04 cores=32-45,144-157
/proc/16/stat : 16 (python3) S 13 16 0 0 -1 4194304 1900 0 96 0 3 1 0 0 20 0 1 0 53414002 18108416 3106 67087892480 4194304 7154137 140730898682272 0 0 0 0 16781312 2 1 0 0 17 157 0 0 8 0 0 9727432 11029816 34471936 140730898688831 140730898688941 140730898688941 140730898690023 0
/proc/16/statm: 4421 3106 1512 723 0 2063 0
[pid=18] ppid=16 vsize=372860 memory=340352 CPUtime=400.65 cores=32-45,144-157
/proc/18/stat : 18 (bn4rust) R 16 16 0 0 -1 4194304 811878 0 19 0 38811 1254 0 0 20 0 1 0 53414017 381808640 85088 67087892480 94349558001664 94349559868785 140734614199600 0 0 0 0 4096 1088 0 0 0 17 42 0 0 1 0 0 94349560126848 94349560173784 94349587030016 140734614203138 140734614203286 140734614203286 140734614204385 0
/proc/18/statm: 93215 85088 1122 456 0 91376 0
Current children cumulated CPU time: 400.69 s
Current children cumulated vsize: 390544 KiB
Current children cumulated memory: 352776 KiB

[startup+462.3 s]
/proc/loadavg: 33.00 33.60 36.33 34/2770 18
/proc/meminfo: memFree=381365576/527542224 swapFree=33427684/33554428
[pid=16] ppid=13 vsize=17684 memory=12424 CPUtime=0.04 cores=32-45,144-157
/proc/16/stat : 16 (python3) S 13 16 0 0 -1 4194304 1900 0 96 0 3 1 0 0 20 0 1 0 53414002 18108416 3106 67087892480 4194304 7154137 140730898682272 0 0 0 0 16781312 2 1 0 0 17 157 0 0 8 0 0 9727432 11029816 34471936 140730898688831 140730898688941 140730898688941 140730898690023 0
/proc/16/statm: 4421 3106 1512 723 0 2063 0
[pid=18] ppid=16 vsize=307076 memory=241900 CPUtime=460.46 cores=32-45,144-157
/proc/18/stat : 18 (bn4rust) R 16 16 0 0 -1 4194304 908886 0 19 0 44600 1446 0 0 20 0 1 0 53414017 314445824 60475 67087892480 94349558001664 94349559868785 140734614199600 0 0 0 0 4096 1088 0 0 0 17 42 0 0 1 0 0 94349560126848 94349560173784 94349587030016 140734614203138 140734614203286 140734614203286 140734614204385 0
/proc/18/statm: 76769 60475 1122 456 0 74930 0
Current children cumulated CPU time: 460.5 s
Current children cumulated vsize: 324760 KiB
Current children cumulated memory: 254324 KiB

[startup+522.3 s]
/proc/loadavg: 33.00 33.49 36.12 34/2770 18
/proc/meminfo: memFree=380866280/527542224 swapFree=33427684/33554428
[pid=16] ppid=13 vsize=17684 memory=12424 CPUtime=0.04 cores=32-45,144-157
/proc/16/stat : 16 (python3) S 13 16 0 0 -1 4194304 1900 0 96 0 3 1 0 0 20 0 1 0 53414002 18108416 3106 67087892480 4194304 7154137 140730898682272 0 0 0 0 16781312 2 1 0 0 17 157 0 0 8 0 0 9727432 11029816 34471936 140730898688831 140730898688941 140730898688941 140730898690023 0
/proc/16/statm: 4421 3106 1512 723 0 2063 0
[pid=18] ppid=16 vsize=832652 memory=716168 CPUtime=520.27 cores=32-45,144-157
/proc/18/stat : 18 (bn4rust) R 16 16 0 0 -1 4194304 1001904 0 19 0 50417 1610 0 0 20 0 1 0 53414017 852635648 179042 67087892480 94349558001664 94349559868785 140734614199600 0 0 0 0 4096 1088 0 0 0 17 42 0 0 1 0 0 94349560126848 94349560173784 94349587030016 140734614203138 140734614203286 140734614203286 140734614204385 0
/proc/18/statm: 208163 179042 1122 456 0 206324 0
Current children cumulated CPU time: 520.31 s
Current children cumulated vsize: 850336 KiB
Current children cumulated memory: 728592 KiB

[startup+582.3 s]
/proc/loadavg: 33.00 33.40 35.92 34/2769 18
/proc/meminfo: memFree=381396220/527542224 swapFree=33427684/33554428
[pid=16] ppid=13 vsize=17684 memory=12424 CPUtime=0.04 cores=32-45,144-157
/proc/16/stat : 16 (python3) S 13 16 0 0 -1 4194304 1900 0 96 0 3 1 0 0 20 0 1 0 53414002 18108416 3106 67087892480 4194304 7154137 140730898682272 0 0 0 0 16781312 2 1 0 0 17 157 0 0 8 0 0 9727432 11029816 34471936 140730898688831 140730898688941 140730898688941 140730898690023 0
/proc/16/statm: 4421 3106 1512 723 0 2063 0
[pid=18] ppid=16 vsize=425136 memory=414152 CPUtime=580.08 cores=32-45,144-157
/proc/18/stat : 18 (bn4rust) R 16 16 0 0 -1 4194304 1110525 0 19 0 56231 1777 0 0 20 0 1 0 53414017 435339264 103538 67087892480 94349558001664 94349559868785 140734614199600 0 0 0 0 4096 1088 0 0 0 17 154 0 0 1 0 0 94349560126848 94349560173784 94349587030016 140734614203138 140734614203286 140734614203286 140734614204385 0
/proc/18/statm: 106284 103538 1122 456 0 104445 0
Current children cumulated CPU time: 580.12 s
Current children cumulated vsize: 442820 KiB
Current children cumulated memory: 426576 KiB

[startup+642.3 s]
/proc/loadavg: 33.00 33.32 35.73 34/2762 18
/proc/meminfo: memFree=380803080/527542224 swapFree=33427684/33554428
[pid=16] ppid=13 vsize=17684 memory=12424 CPUtime=0.04 cores=32-45,144-157
/proc/16/stat : 16 (python3) S 13 16 0 0 -1 4194304 1900 0 96 0 3 1 0 0 20 0 1 0 53414002 18108416 3106 67087892480 4194304 7154137 140730898682272 0 0 0 0 16781312 2 1 0 0 17 157 0 0 8 0 0 9727432 11029816 34471936 140730898688831 140730898688941 140730898688941 140730898690023 0
/proc/16/statm: 4421 3106 1512 723 0 2063 0
[pid=18] ppid=16 vsize=966848 memory=793456 CPUtime=639.88 cores=32-45,144-157
/proc/18/stat : 18 (bn4rust) R 16 16 0 0 -1 4194304 1172771 0 19 0 62052 1936 0 0 20 0 1 0 53414017 990052352 198364 67087892480 94349558001664 94349559868785 140734614199600 0 0 0 0 4096 1088 0 0 0 17 154 0 0 1 0 0 94349560126848 94349560173784 94349587030016 140734614203138 140734614203286 140734614203286 140734614204385 0
/proc/18/statm: 241712 198364 1122 456 0 239873 0
Current children cumulated CPU time: 639.92 s
Current children cumulated vsize: 984532 KiB
Current children cumulated memory: 805880 KiB

[startup+702.3 s]
/proc/loadavg: 33.00 33.26 35.56 34/2762 18
/proc/meminfo: memFree=381307512/527542224 swapFree=33427684/33554428
[pid=16] ppid=13 vsize=17684 memory=12424 CPUtime=0.04 cores=32-45,144-157
/proc/16/stat : 16 (python3) S 13 16 0 0 -1 4194304 1900 0 96 0 3 1 0 0 20 0 1 0 53414002 18108416 3106 67087892480 4194304 7154137 140730898682272 0 0 0 0 16781312 2 1 0 0 17 157 0 0 8 0 0 9727432 11029816 34471936 140730898688831 140730898688941 140730898688941 140730898690023 0
/proc/16/statm: 4421 3106 1512 723 0 2063 0
[pid=18] ppid=16 vsize=134952 memory=129568 CPUtime=699.7 cores=32-45,144-157
/proc/18/stat : 18 (bn4rust) R 16 16 0 0 -1 4194304 1250975 0 19 0 67878 2092 0 0 20 0 1 0 53414017 138190848 32392 67087892480 94349558001664 94349559868785 140734614199600 0 0 0 0 4096 1088 0 0 0 17 42 0 0 1 0 0 94349560126848 94349560173784 94349587030016 140734614203138 140734614203286 140734614203286 140734614204385 0
/proc/18/statm: 33738 32392 1122 456 0 31899 0
Current children cumulated CPU time: 699.74 s
Current children cumulated vsize: 152636 KiB
Current children cumulated memory: 141992 KiB

[startup+762.3 s]
/proc/loadavg: 33.00 33.21 35.40 34/2760 18
/proc/meminfo: memFree=381201604/527542224 swapFree=33427684/33554428
[pid=16] ppid=13 vsize=17684 memory=12424 CPUtime=0.04 cores=32-45,144-157
/proc/16/stat : 16 (python3) S 13 16 0 0 -1 4194304 1900 0 96 0 3 1 0 0 20 0 1 0 53414002 18108416 3106 67087892480 4194304 7154137 140730898682272 0 0 0 0 16781312 2 1 0 0 17 157 0 0 8 0 0 9727432 11029816 34471936 140730898688831 140730898688941 140730898688941 140730898690023 0
/proc/16/statm: 4421 3106 1512 723 0 2063 0
[pid=18] ppid=16 vsize=437340 memory=356372 CPUtime=759.49 cores=32-45,144-157
/proc/18/stat : 18 (bn4rust) R 16 16 0 0 -1 4194304 1341255 0 19 0 73712 2237 0 0 20 0 1 0 53414017 447836160 89093 67087892480 94349558001664 94349559868785 140734614199600 0 0 0 0 4096 1088 0 0 0 17 154 0 0 1 0 0 94349560126848 94349560173784 94349587030016 140734614203138 140734614203286 140734614203286 140734614204385 0
/proc/18/statm: 109335 89093 1122 456 0 107496 0
Current children cumulated CPU time: 759.53 s
Current children cumulated vsize: 455024 KiB
Current children cumulated memory: 368796 KiB

[startup+822.3 s]
/proc/loadavg: 33.00 33.17 35.24 34/2762 18
/proc/meminfo: memFree=380625424/527542224 swapFree=33427684/33554428
[pid=16] ppid=13 vsize=17684 memory=12424 CPUtime=0.04 cores=32-45,144-157
/proc/16/stat : 16 (python3) S 13 16 0 0 -1 4194304 1900 0 96 0 3 1 0 0 20 0 1 0 53414002 18108416 3106 67087892480 4194304 7154137 140730898682272 0 0 0 0 16781312 2 1 0 0 17 157 0 0 8 0 0 9727432 11029816 34471936 140730898688831 140730898688941 140730898688941 140730898690023 0
/proc/16/statm: 4421 3106 1512 723 0 2063 0
[pid=18] ppid=16 vsize=1160296 memory=937660 CPUtime=819.3 cores=32-45,144-157
/proc/18/stat : 18 (bn4rust) R 16 16 0 0 -1 4194304 1400304 0 19 0 79553 2377 0 0 20 0 1 0 53414017 1188143104 234415 67087892480 94349558001664 94349559868785 140734614199600 0 0 0 0 4096 1088 0 0 0 17 42 0 0 1 0 0 94349560126848 94349560173784 94349587030016 140734614203138 140734614203286 140734614203286 140734614204385 0
/proc/18/statm: 290074 234415 1122 456 0 288235 0
Current children cumulated CPU time: 819.34 s
Current children cumulated vsize: 1177980 KiB
Current children cumulated memory: 950084 KiB

[startup+882.3 s]
/proc/loadavg: 33.00 33.14 35.10 34/2762 18
/proc/meminfo: memFree=380738100/527542224 swapFree=33427684/33554428
[pid=16] ppid=13 vsize=17684 memory=12424 CPUtime=0.04 cores=32-45,144-157
/proc/16/stat : 16 (python3) S 13 16 0 0 -1 4194304 1900 0 96 0 3 1 0 0 20 0 1 0 53414002 18108416 3106 67087892480 4194304 7154137 140730898682272 0 0 0 0 16781312 2 1 0 0 17 157 0 0 8 0 0 9727432 11029816 34471936 140730898688831 140730898688941 140730898688941 140730898690023 0
/proc/16/statm: 4421 3106 1512 723 0 2063 0
[pid=18] ppid=16 vsize=969472 memory=815812 CPUtime=879.11 cores=32-45,144-157
/proc/18/stat : 18 (bn4rust) R 16 16 0 0 -1 4194304 1439119 0 19 0 85380 2531 0 0 20 0 1 0 53414017 992739328 203953 67087892480 94349558001664 94349559868785 140734614199600 0 0 0 0 4096 1088 0 0 0 17 42 0 0 1 0 0 94349560126848 94349560173784 94349587030016 140734614203138 140734614203286 140734614203286 140734614204385 0
/proc/18/statm: 242368 203953 1122 456 0 240529 0
Current children cumulated CPU time: 879.15 s
Current children cumulated vsize: 987156 KiB
Current children cumulated memory: 828236 KiB

[startup+942.3 s]
/proc/loadavg: 33.00 33.11 34.97 34/2762 18
/proc/meminfo: memFree=381222996/527542224 swapFree=33427684/33554428
[pid=16] ppid=13 vsize=17684 memory=12424 CPUtime=0.04 cores=32-45,144-157
/proc/16/stat : 16 (python3) S 13 16 0 0 -1 4194304 1900 0 96 0 3 1 0 0 20 0 1 0 53414002 18108416 3106 67087892480 4194304 7154137 140730898682272 0 0 0 0 16781312 2 1 0 0 17 157 0 0 8 0 0 9727432 11029816 34471936 140730898688831 140730898688941 140730898688941 140730898690023 0
/proc/16/statm: 4421 3106 1512 723 0 2063 0
[pid=18] ppid=16 vsize=777312 memory=765968 CPUtime=938.92 cores=32-45,144-157
/proc/18/stat : 18 (bn4rust) R 16 16 0 0 -1 4194304 1503307 0 19 0 91216 2676 0 0 20 0 1 0 53414017 795967488 191492 67087892480 94349558001664 94349559868785 140734614199600 0 0 0 0 4096 1088 0 0 0 17 42 0 0 1 0 0 94349560126848 94349560173784 94349587030016 140734614203138 140734614203286 140734614203286 140734614204385 0
/proc/18/statm: 194328 191492 1122 456 0 192489 0
Current children cumulated CPU time: 938.96 s
Current children cumulated vsize: 794996 KiB
Current children cumulated memory: 778392 KiB

[startup+1002.3 s]
/proc/loadavg: 33.00 33.09 34.84 34/2761 18
/proc/meminfo: memFree=381169764/527542224 swapFree=33427684/33554428
[pid=16] ppid=13 vsize=17684 memory=12424 CPUtime=0.04 cores=32-45,144-157
/proc/16/stat : 16 (python3) S 13 16 0 0 -1 4194304 1900 0 96 0 3 1 0 0 20 0 1 0 53414002 18108416 3106 67087892480 4194304 7154137 140730898682272 0 0 0 0 16781312 2 1 0 0 17 157 0 0 8 0 0 9727432 11029816 34471936 140730898688831 140730898688941 140730898688941 140730898690023 0
/proc/16/statm: 4421 3106 1512 723 0 2063 0
[pid=18] ppid=16 vsize=537632 memory=397500 CPUtime=998.72 cores=32-45,144-157
/proc/18/stat : 18 (bn4rust) R 16 16 0 0 -1 4194304 1588503 0 19 0 97048 2824 0 0 20 0 1 0 53414017 550535168 99375 67087892480 94349558001664 94349559868785 140734614199600 0 0 0 0 4096 1088 0 0 0 17 42 0 0 1 0 0 94349560126848 94349560173784 94349587030016 140734614203138 140734614203286 140734614203286 140734614204385 0
/proc/18/statm: 134408 99375 1122 456 0 132569 0
Current children cumulated CPU time: 998.76 s
Current children cumulated vsize: 555316 KiB
Current children cumulated memory: 409924 KiB

[startup+1062.3 s]
/proc/loadavg: 33.25 33.13 34.75 34/2761 18
/proc/meminfo: memFree=380111884/527542224 swapFree=33427684/33554428
[pid=16] ppid=13 vsize=17684 memory=12424 CPUtime=0.04 cores=32-45,144-157
/proc/16/stat : 16 (python3) S 13 16 0 0 -1 4194304 1900 0 96 0 3 1 0 0 20 0 1 0 53414002 18108416 3106 67087892480 4194304 7154137 140730898682272 0 0 0 0 16781312 2 1 0 0 17 157 0 0 8 0 0 9727432 11029816 34471936 140730898688831 140730898688941 140730898688941 140730898690023 0
/proc/16/statm: 4421 3106 1512 723 0 2063 0
[pid=18] ppid=16 vsize=1835168 memory=1429108 CPUtime=1058.53 cores=32-45,144-157
/proc/18/stat : 18 (bn4rust) R 16 16 0 0 -1 4194304 1646409 0 19 0 102873 2980 0 0 20 0 1 0 53414017 1879212032 357277 67087892480 94349558001664 94349559868785 140734614199600 0 0 0 0 4096 1088 0 0 0 17 42 0 0 1 0 0 94349560126848 94349560173784 94349587030016 140734614203138 140734614203286 140734614203286 140734614204385 0
/proc/18/statm: 458792 357277 1122 456 0 456953 0
Current children cumulated CPU time: 1058.57 s
Current children cumulated vsize: 1852852 KiB
Current children cumulated memory: 1441532 KiB

[startup+1122.3 s]
/proc/loadavg: 33.13 33.12 34.64 34/2759 18
/proc/meminfo: memFree=379937284/527542224 swapFree=33427684/33554428
[pid=16] ppid=13 vsize=17684 memory=12424 CPUtime=0.04 cores=32-45,144-157
/proc/16/stat : 16 (python3) S 13 16 0 0 -1 4194304 1900 0 96 0 3 1 0 0 20 0 1 0 53414002 18108416 3106 67087892480 4194304 7154137 140730898682272 0 0 0 0 16781312 2 1 0 0 17 157 0 0 8 0 0 9727432 11029816 34471936 140730898688831 140730898688941 140730898688941 140730898690023 0
/proc/16/statm: 4421 3106 1512 723 0 2063 0
[pid=18] ppid=16 vsize=2147376 memory=1601068 CPUtime=1118.35 cores=32-45,144-157
/proc/18/stat : 18 (bn4rust) R 16 16 0 0 -1 4194304 1721094 0 19 0 108736 3099 0 0 20 0 1 0 53414017 2198913024 400267 67087892480 94349558001664 94349559868785 140734614199600 0 0 0 0 4096 1088 0 0 0 17 42 0 0 1 0 0 94349560126848 94349560173784 94349587030016 140734614203138 140734614203286 140734614203286 140734614204385 0
/proc/18/statm: 536844 400267 1122 456 0 535005 0
Current children cumulated CPU time: 1118.39 s
Current children cumulated vsize: 2165060 KiB
Current children cumulated memory: 1613492 KiB

[startup+1182.3 s]
/proc/loadavg: 33.04 33.10 34.54 34/2761 18
/proc/meminfo: memFree=380246404/527542224 swapFree=33427684/33554428
[pid=16] ppid=13 vsize=17684 memory=12424 CPUtime=0.04 cores=32-45,144-157
/proc/16/stat : 16 (python3) S 13 16 0 0 -1 4194304 1900 0 96 0 3 1 0 0 20 0 1 0 53414002 18108416 3106 67087892480 4194304 7154137 140730898682272 0 0 0 0 16781312 2 1 0 0 17 157 0 0 8 0 0 9727432 11029816 34471936 140730898688831 140730898688941 140730898688941 140730898690023 0
/proc/16/statm: 4421 3106 1512 723 0 2063 0
[pid=18] ppid=16 vsize=1655940 memory=1405156 CPUtime=1178.15 cores=32-45,144-157
/proc/18/stat : 18 (bn4rust) R 16 16 0 0 -1 4194304 1833692 0 19 0 114565 3250 0 0 20 0 1 0 53414017 1695682560 351289 67087892480 94349558001664 94349559868785 140734614199600 0 0 0 0 4096 1088 0 0 0 17 154 0 0 1 0 0 94349560126848 94349560173784 94349587030016 140734614203138 140734614203286 140734614203286 140734614204385 0
/proc/18/statm: 413985 351289 1122 456 0 412146 0
Current children cumulated CPU time: 1178.19 s
Current children cumulated vsize: 1673624 KiB
Current children cumulated memory: 1417580 KiB

[startup+1242.3 s]
/proc/loadavg: 33.01 33.08 34.44 34/2759 18
/proc/meminfo: memFree=380694792/527542224 swapFree=33427684/33554428
[pid=16] ppid=13 vsize=17684 memory=12424 CPUtime=0.04 cores=32-45,144-157
/proc/16/stat : 16 (python3) S 13 16 0 0 -1 4194304 1900 0 96 0 3 1 0 0 20 0 1 0 53414002 18108416 3106 67087892480 4194304 7154137 140730898682272 0 0 0 0 16781312 2 1 0 0 17 157 0 0 8 0 0 9727432 11029816 34471936 140730898688831 140730898688941 140730898688941 140730898690023 0
/proc/16/statm: 4421 3106 1512 723 0 2063 0
[pid=18] ppid=16 vsize=1204532 memory=958180 CPUtime=1237.97 cores=32-45,144-157
/proc/18/stat : 18 (bn4rust) R 16 16 0 0 -1 4194304 1873016 0 19 0 120422 3375 0 0 20 0 1 0 53414017 1233440768 239545 67087892480 94349558001664 94349559868785 140734614199600 0 0 0 0 4096 1088 0 0 0 17 154 0 0 1 0 0 94349560126848 94349560173784 94349587030016 140734614203138 140734614203286 140734614203286 140734614204385 0
/proc/18/statm: 301133 239545 1122 456 0 299294 0
Current children cumulated CPU time: 1238.01 s
Current children cumulated vsize: 1222216 KiB
Current children cumulated memory: 970604 KiB

[startup+1302.3 s]
/proc/loadavg: 33.00 33.06 34.35 34/2759 18
/proc/meminfo: memFree=380125548/527542224 swapFree=33427684/33554428
[pid=16] ppid=13 vsize=17684 memory=12424 CPUtime=0.04 cores=32-45,144-157
/proc/16/stat : 16 (python3) S 13 16 0 0 -1 4194304 1900 0 96 0 3 1 0 0 20 0 1 0 53414002 18108416 3106 67087892480 4194304 7154137 140730898682272 0 0 0 0 16781312 2 1 0 0 17 157 0 0 8 0 0 9727432 11029816 34471936 140730898688831 140730898688941 140730898688941 140730898690023 0
/proc/16/statm: 4421 3106 1512 723 0 2063 0
[pid=18] ppid=16 vsize=1990072 memory=1547776 CPUtime=1297.72 cores=32-45,144-157
/proc/18/stat : 18 (bn4rust) R 16 16 0 0 -1 4194304 1912955 0 19 0 126254 3518 0 0 20 0 1 0 53414017 2037833728 386944 67087892480 94349558001664 94349559868785 140734614199600 0 0 0 0 4096 1088 0 0 0 17 154 0 0 1 0 0 94349560126848 94349560173784 94349587030016 140734614203138 140734614203286 140734614203286 140734614204385 0
/proc/18/statm: 497518 386944 1122 456 0 495679 0
Current children cumulated CPU time: 1297.76 s
Current children cumulated vsize: 2007756 KiB
Current children cumulated memory: 1560200 KiB

[startup+1362.3 s]
/proc/loadavg: 33.00 33.05 34.26 34/2759 18
/proc/meminfo: memFree=380799912/527542224 swapFree=33427684/33554428
[pid=16] ppid=13 vsize=17684 memory=12424 CPUtime=0.04 cores=32-45,144-157
/proc/16/stat : 16 (python3) S 13 16 0 0 -1 4194304 1900 0 96 0 3 1 0 0 20 0 1 0 53414002 18108416 3106 67087892480 4194304 7154137 140730898682272 0 0 0 0 16781312 2 1 0 0 17 157 0 0 8 0 0 9727432 11029816 34471936 140730898688831 140730898688941 140730898688941 140730898690023 0
/proc/16/statm: 4421 3106 1512 723 0 2063 0
[pid=18] ppid=16 vsize=1874944 memory=1454484 CPUtime=1357.47 cores=32-45,144-157
/proc/18/stat : 18 (bn4rust) R 16 16 0 0 -1 4194304 1953777 0 19 0 132097 3650 0 0 20 0 1 0 53414017 1919942656 363621 67087892480 94349558001664 94349559868785 140734614199600 0 0 0 0 4096 1088 0 0 0 17 32 0 0 1 0 0 94349560126848 94349560173784 94349587030016 140734614203138 140734614203286 140734614203286 140734614204385 0
/proc/18/statm: 468736 363621 1122 456 0 466897 0
Current children cumulated CPU time: 1357.51 s
Current children cumulated vsize: 1892628 KiB
Current children cumulated memory: 1466908 KiB

[startup+1422.3 s]
/proc/loadavg: 33.00 33.04 34.18 34/2759 18
/proc/meminfo: memFree=380325024/527542224 swapFree=33427684/33554428
[pid=16] ppid=13 vsize=17684 memory=12424 CPUtime=0.04 cores=32-45,144-157
/proc/16/stat : 16 (python3) S 13 16 0 0 -1 4194304 1900 0 96 0 3 1 0 0 20 0 1 0 53414002 18108416 3106 67087892480 4194304 7154137 140730898682272 0 0 0 0 16781312 2 1 0 0 17 157 0 0 8 0 0 9727432 11029816 34471936 140730898688831 140730898688941 140730898688941 140730898690023 0
/proc/16/statm: 4421 3106 1512 723 0 2063 0
[pid=18] ppid=16 vsize=1650048 memory=1405416 CPUtime=1417.27 cores=32-45,144-157
/proc/18/stat : 18 (bn4rust) R 16 16 0 0 -1 4194304 2067020 0 19 0 137909 3818 0 0 20 0 1 0 53414017 1689649152 351354 67087892480 94349558001664 94349559868785 140734614199600 0 0 0 0 4096 1088 0 0 0 17 154 0 0 1 0 0 94349560126848 94349560173784 94349587030016 140734614203138 140734614203286 140734614203286 140734614204385 0
/proc/18/statm: 412512 351354 1122 456 0 410673 0
Current children cumulated CPU time: 1417.31 s
Current children cumulated vsize: 1667732 KiB
Current children cumulated memory: 1417840 KiB

[startup+1482.3 s]
/proc/loadavg: 33.00 33.03 34.10 34/2759 18
/proc/meminfo: memFree=380728748/527542224 swapFree=33427684/33554428
[pid=16] ppid=13 vsize=17684 memory=12424 CPUtime=0.04 cores=32-45,144-157
/proc/16/stat : 16 (python3) S 13 16 0 0 -1 4194304 1900 0 96 0 3 1 0 0 20 0 1 0 53414002 18108416 3106 67087892480 4194304 7154137 140730898682272 0 0 0 0 16781312 2 1 0 0 17 157 0 0 8 0 0 9727432 11029816 34471936 140730898688831 140730898688941 140730898688941 140730898690023 0
/proc/16/statm: 4421 3106 1512 723 0 2063 0
[pid=18] ppid=16 vsize=1148184 memory=910340 CPUtime=1477.09 cores=32-45,144-157
/proc/18/stat : 18 (bn4rust) R 16 16 0 0 -1 4194304 2120355 0 19 0 143731 3978 0 0 20 0 1 0 53414017 1175740416 227585 67087892480 94349558001664 94349559868785 140734614199600 0 0 0 0 4096 1088 0 0 0 17 42 0 0 1 0 0 94349560126848 94349560173784 94349587030016 140734614203138 140734614203286 140734614203286 140734614204385 0
/proc/18/statm: 287046 227585 1122 456 0 285207 0
Current children cumulated CPU time: 1477.13 s
Current children cumulated vsize: 1165868 KiB
Current children cumulated memory: 922764 KiB

[startup+1542.3 s]
/proc/loadavg: 33.00 33.02 34.03 34/2759 18
/proc/meminfo: memFree=380744672/527542224 swapFree=33427684/33554428
[pid=16] ppid=13 vsize=17684 memory=12424 CPUtime=0.04 cores=32-45,144-157
/proc/16/stat : 16 (python3) S 13 16 0 0 -1 4194304 1900 0 96 0 3 1 0 0 20 0 1 0 53414002 18108416 3106 67087892480 4194304 7154137 140730898682272 0 0 0 0 16781312 2 1 0 0 17 157 0 0 8 0 0 9727432 11029816 34471936 140730898688831 140730898688941 140730898688941 140730898690023 0
/proc/16/statm: 4421 3106 1512 723 0 2063 0
[pid=18] ppid=16 vsize=1227520 memory=893264 CPUtime=1536.89 cores=32-45,144-157
/proc/18/stat : 18 (bn4rust) R 16 16 0 0 -1 4194304 2174928 0 19 0 149579 4110 0 0 20 0 1 0 53414017 1256980480 223316 67087892480 94349558001664 94349559868785 140734614199600 0 0 0 0 4096 1088 0 0 0 17 154 0 0 1 0 0 94349560126848 94349560173784 94349587030016 140734614203138 140734614203286 140734614203286 140734614204385 0
/proc/18/statm: 306880 223316 1122 456 0 305041 0
Current children cumulated CPU time: 1536.93 s
Current children cumulated vsize: 1245204 KiB
Current children cumulated memory: 905688 KiB

[startup+1602.3 s]
/proc/loadavg: 33.00 33.02 33.96 34/2760 18
/proc/meminfo: memFree=380835868/527542224 swapFree=33427684/33554428
[pid=16] ppid=13 vsize=17684 memory=12424 CPUtime=0.04 cores=32-45,144-157
/proc/16/stat : 16 (python3) S 13 16 0 0 -1 4194304 1900 0 96 0 3 1 0 0 20 0 1 0 53414002 18108416 3106 67087892480 4194304 7154137 140730898682272 0 0 0 0 16781312 2 1 0 0 17 157 0 0 8 0 0 9727432 11029816 34471936 140730898688831 140730898688941 140730898688941 140730898690023 0
/proc/16/statm: 4421 3106 1512 723 0 2063 0
[pid=18] ppid=16 vsize=1027564 memory=793852 CPUtime=1596.69 cores=32-45,144-157
/proc/18/stat : 18 (bn4rust) R 16 16 0 0 -1 4194304 2234356 0 19 0 155412 4257 0 0 20 0 1 0 53414017 1052225536 198463 67087892480 94349558001664 94349559868785 140734614199600 0 0 0 0 4096 1088 0 0 0 17 154 0 0 1 0 0 94349560126848 94349560173784 94349587030016 140734614203138 140734614203286 140734614203286 140734614204385 0
/proc/18/statm: 256891 198463 1122 456 0 255052 0
Current children cumulated CPU time: 1596.73 s
Current children cumulated vsize: 1045248 KiB
Current children cumulated memory: 806276 KiB

[startup+1662.3 s]
/proc/loadavg: 33.00 33.01 33.90 34/2760 18
/proc/meminfo: memFree=380029224/527542224 swapFree=33427684/33554428
[pid=16] ppid=13 vsize=17684 memory=12424 CPUtime=0.04 cores=32-45,144-157
/proc/16/stat : 16 (python3) S 13 16 0 0 -1 4194304 1900 0 96 0 3 1 0 0 20 0 1 0 53414002 18108416 3106 67087892480 4194304 7154137 140730898682272 0 0 0 0 16781312 2 1 0 0 17 157 0 0 8 0 0 9727432 11029816 34471936 140730898688831 140730898688941 140730898688941 140730898690023 0
/proc/16/statm: 4421 3106 1512 723 0 2063 0
[pid=18] ppid=16 vsize=2076296 memory=1586116 CPUtime=1656.5 cores=32-45,144-157
/proc/18/stat : 18 (bn4rust) R 16 16 0 0 -1 4194304 2289455 0 19 0 161246 4404 0 0 20 0 1 0 53414017 2126127104 396529 67087892480 94349558001664 94349559868785 140734614199600 0 0 0 0 4096 1088 0 0 0 17 154 0 0 1 0 0 94349560126848 94349560173784 94349587030016 140734614203138 140734614203286 140734614203286 140734614204385 0
/proc/18/statm: 519074 396529 1122 456 0 517235 0
Current children cumulated CPU time: 1656.54 s
Current children cumulated vsize: 2093980 KiB
Current children cumulated memory: 1598540 KiB

[startup+1722.3 s]
/proc/loadavg: 33.00 33.00 33.84 34/2760 18
/proc/meminfo: memFree=380426796/527542224 swapFree=33427684/33554428
[pid=16] ppid=13 vsize=17684 memory=12424 CPUtime=0.04 cores=32-45,144-157
/proc/16/stat : 16 (python3) S 13 16 0 0 -1 4194304 1900 0 96 0 3 1 0 0 20 0 1 0 53414002 18108416 3106 67087892480 4194304 7154137 140730898682272 0 0 0 0 16781312 2 1 0 0 17 157 0 0 8 0 0 9727432 11029816 34471936 140730898688831 140730898688941 140730898688941 140730898690023 0
/proc/16/statm: 4421 3106 1512 723 0 2063 0
[pid=18] ppid=16 vsize=1715664 memory=1192216 CPUtime=1716.31 cores=32-45,144-157
/proc/18/stat : 18 (bn4rust) R 16 16 0 0 -1 4194304 2316712 0 19 0 167101 4530 0 0 20 0 1 0 53414017 1756839936 298054 67087892480 94349558001664 94349559868785 140734614199600 0 0 0 0 4096 1088 0 0 0 17 154 0 0 1 0 0 94349560126848 94349560173784 94349587030016 140734614203138 140734614203286 140734614203286 140734614204385 0
/proc/18/statm: 428916 298054 1122 456 0 427077 0
Current children cumulated CPU time: 1716.35 s
Current children cumulated vsize: 1733348 KiB
Current children cumulated memory: 1204640 KiB

[startup+1782.3 s]
/proc/loadavg: 33.00 33.00 33.79 34/2760 18
/proc/meminfo: memFree=378686796/527542224 swapFree=33427684/33554428
[pid=16] ppid=13 vsize=17684 memory=12424 CPUtime=0.04 cores=32-45,144-157
/proc/16/stat : 16 (python3) S 13 16 0 0 -1 4194304 1900 0 96 0 3 1 0 0 20 0 1 0 53414002 18108416 3106 67087892480 4194304 7154137 140730898682272 0 0 0 0 16781312 2 1 0 0 17 157 0 0 8 0 0 9727432 11029816 34471936 140730898688831 140730898688941 140730898688941 140730898690023 0
/proc/16/statm: 4421 3106 1512 723 0 2063 0
[pid=18] ppid=16 vsize=3739132 memory=2913412 CPUtime=1776.12 cores=32-45,144-157
/proc/18/stat : 18 (bn4rust) R 16 16 0 0 -1 4194304 2342290 0 19 0 172959 4653 0 0 20 0 1 0 53414017 3828871168 728353 67087892480 94349558001664 94349559868785 140734614199600 0 0 0 0 4096 1088 0 0 0 17 154 0 0 1 0 0 94349560126848 94349560173784 94349587030016 140734614203138 140734614203286 140734614203286 140734614204385 0
/proc/18/statm: 934783 728353 1122 456 0 932944 0
Current children cumulated CPU time: 1776.16 s
Current children cumulated vsize: 3756816 KiB
Current children cumulated memory: 2925836 KiB



Maximum wall clock time exceeded: sending SIGTERM then SIGKILL

[startup+1800 s]*
/proc/loadavg: 33.24 33.05 33.78 37/2915 18
/proc/meminfo: memFree=379164028/527542224 swapFree=33427684/33554428
[pid=16] ppid=13 vsize=17684 memory=12424 CPUtime=0.04 cores=32-45,144-157
/proc/16/stat : 16 (python3) S 13 16 0 0 -1 4194304 1900 0 96 0 3 1 0 0 20 0 1 0 53414002 18108416 3106 67087892480 4194304 7154137 140730898682272 0 0 0 0 16781312 2 1 0 0 17 157 0 0 8 0 0 9727432 11029816 34471936 140730898688831 140730898688941 140730898688941 140730898690023 0
/proc/16/statm: 4421 3106 1512 723 0 2063 0
[pid=18] ppid=16 vsize=2026960 memory=1524148 CPUtime=1793.75 cores=32-45,144-157
/proc/18/stat : 18 (bn4rust) R 16 16 0 0 -1 4194304 2348421 0 19 0 174689 4686 0 0 20 0 1 0 53414017 2075607040 381037 67087892480 94349558001664 94349559868785 140734614199600 0 0 0 0 4096 1088 0 0 0 17 42 0 0 1 0 0 94349560126848 94349560173784 94349587030016 140734614203138 140734614203286 140734614203286 140734614204385 0
/proc/18/statm: 506740 381037 1122 456 0 504901 0
Current children cumulated CPU time: 1793.79 s
Current children cumulated vsize: 2044644 KiB
Current children cumulated memory: 1536572 KiB

Sending SIGTERM to process tree (bottom up)
Sleeping 2 seconds

[startup+1800.01 s]
# the end of solver process 16 was just reported to runsolver
# cumulated CPU time of all completed processes:  user=0.033106 s, system=0.018161 s

[startup+1800.02 s]
# the end of solver process 18 was just reported to runsolver
# cumulated CPU time of all completed processes:  user=1746.93 s, system=46.899 s
# this solver process was not waited by its parent and was adopted by runsolver

Solver just ended.
??? end of watcher thread
Dumping a history of the last processes samples

Child ended because it received signal 15 (SIGTERM)
Real time (s): 1800.02
CPU time (s): 1793.83
CPU user time (s): 1746.93
CPU system time (s): 46.899
CPU usage (%): 99.6562
Max. virtual memory (cumulated for all children) (KiB): 6050580
Max. memory (cumulated for all children) (KiB): 4837952

getrusage(RUSAGE_CHILDREN,...) data:
user time used= 1746.93
system time used= 46.899
maximum resident set size= 4982700
integral shared memory size= 0
integral unshared data size= 0
integral unshared stack size= 0
page reclaims= 2350321
page faults= 115
swaps= 0
block input operations= 19720
block output operations= 0
messages sent= 0
messages received= 0
signals received= 0
voluntary context switches= 968
involuntary context switches= 2249


# summary of solver processes directly reported to runsolver:
#   pid: 16,18
#   total CPU time (s): 1793.83
#   total CPU user time (s): 1746.93
#   total CPU system time (s): 46.899

??? join timestamper begins
??? join timestamper ends
??? end of timestamper thread
runsolver used 0.184805 second user time and 4.92069 second system time

The end
