# WCTIME: wall clock time in seconds
WCTIME=0.770949
# CPUTIME: CPU time in seconds (USERTIME+SYSTEMTIME)
CPUTIME=0.657732
# USERTIME: CPU time spent in user mode in seconds
USERTIME=0.638681
# SYSTEMTIME: CPU time spent in system mode in seconds
SYSTEMTIME=0.019051
# CPUUSAGE: CPUTIME/WCTIME in percent
CPUUSAGE=85.3146
# MAXVM: maximum virtual memory used in KiB
MAXVM=25880
# MAXMM: maximum memory used in KiB
MAXMM=17344
# MAXRSS: maximum Resident Segment Size in KiB
MAXRSS=12520
# TIMEOUT: did the solver exceed the time limit?
TIMEOUT=false
# MEMOUT: did the solver exceed the memory limit?
MEMOUT=false
# EXITSTATUS: Exit status of the solver
EXITSTATUS=0
