runsolver version 3.4.1 (svn: 3018) Copyright (C) 2010-2013 Olivier ROUSSEL

This program is distributed in the hope that it will be useful,
but WITHOUT ANY WARRANTY; without even the implied warranty of
MERCHANTABILITY or FITNESS FOR A PARTICULAR PURPOSE.  See the
GNU General Public License for more details.

NUMA information:
  number of nodes: 8
  memory of node 0: 63700 MiB (47063 MiB free)
  memory of node 1: 64504 MiB (62270 MiB free)
  memory of node 2: 64504 MiB (48145 MiB free)
  memory of node 3: 64504 MiB (52938 MiB free)
  memory of node 4: 64461 MiB (53753 MiB free)
  memory of node 5: 64504 MiB (62885 MiB free)
  memory of node 6: 64504 MiB (53599 MiB free)
  memory of node 7: 64491 MiB (53477 MiB free)
  node distances:
     10  12  12  12  21  21  21  21
     12  10  12  12  21  21  21  21
     12  12  10  12  21  21  21  21
     12  12  12  10  21  21  21  21
     21  21  21  21  10  12  12  12
     21  21  21  21  12  10  12  12
     21  21  21  21  12  12  10  12
     21  21  21  21  12  12  12  10

command line: /usr/local/bin/runsolver --timestamp -w /output/runsolver-watch.log -v /output/runsolver-values.log -o /output/solver-output.log -C 1800.0 -W 1800.0 -R 64000 /opt/solver/run_bn4rust.py --mode cyber-complement-gfp-plus-sink-scc --instance /input/model_190.bnet 

running on 26 cores: 36-37,42-49,54-55,146-149,154-161,166-167

Enforcing CPUTime limit (soft limit, will send SIGTERM then SIGKILL): 1800 seconds
Enforcing CPUTime limit (hard limit, will send SIGXCPU): 1830 seconds
Enforcing wall clock limit (soft limit, will send SIGTERM then SIGKILL): 1800 seconds
Enforcing RSS+Swap limit (soft limit, will send SIGTERM then SIGKILL): 65536000 KiB
Linux 4.18.0-553.159.1.el8_10.x86_64
solver pid=16, runsolver pid=12
Current StackSize limit: 18014398509481983 KiB


[startup+0.10008 s]*
/proc/loadavg: 22.60 24.20 25.19 26/2830 17
/proc/meminfo: memFree=444521784/527542268 swapFree=33537020/33554428
[pid=16] ppid=12 vsize=15800 memory=9992 CPUtime=0.02 cores=34-37,42-49,54-55,146-149,154-161,166-167
/proc/16/stat : 16 (python3) R 12 16 0 0 -1 4194304 1382 0 84 0 2 0 0 0 20 0 1 0 53414099 16179200 2498 67087892480 4194304 7154137 140728112455296 0 0 0 0 16781312 2 0 0 0 17 157 0 0 6 0 0 9727432 11029816 41533440 140728112458559 140728112458669 140728112458669 140728112459751 0
/proc/16/statm: 3950 2498 1363 723 0 1674 0
Current children cumulated CPU time: 0.02 s
Current children cumulated vsize: 15800 KiB
Current children cumulated memory: 9992 KiB

[startup+0.200646 s]*
/proc/loadavg: 22.60 24.20 25.19 26/2831 18
/proc/meminfo: memFree=444495132/527542268 swapFree=33537020/33554428
[pid=16] ppid=12 vsize=17684 memory=12300 CPUtime=0.04 cores=34-37,42-49,54-55,146-149,154-161,166-167
/proc/16/stat : 16 (python3) S 12 16 0 0 -1 4194304 1897 0 96 0 3 1 0 0 20 0 1 0 53414099 18108416 3075 67087892480 4194304 7154137 140728112455296 0 0 0 0 16781312 2 1 0 0 17 157 0 0 8 0 0 9727432 11029816 41533440 140728112458559 140728112458669 140728112458669 140728112459751 0
/proc/16/statm: 4421 3075 1481 723 0 2063 0
[pid=18] ppid=16 vsize=8140 memory=4944 CPUtime=0.04 cores=34-37,42-49,54-55,146-149,154-161,166-167
/proc/18/stat : 18 (bn4rust) R 16 16 0 0 -1 4194304 382 0 19 0 4 0 0 0 20 0 1 0 53414113 8335360 1236 67087892480 94431880048640 94431881915761 140733084224096 0 0 0 0 4096 1088 0 0 0 17 166 0 0 1 0 0 94431882173824 94431882220760 94431888891904 140733084232450 140733084232598 140733084232598 140733084233697 0
/proc/18/statm: 2035 1236 1081 456 0 196 0
Current children cumulated CPU time: 0.08 s
Current children cumulated vsize: 25824 KiB
Current children cumulated memory: 17244 KiB

[startup+0.300601 s]*
/proc/loadavg: 22.60 24.20 25.19 26/2831 18
/proc/meminfo: memFree=444491036/527542268 swapFree=33537020/33554428
[pid=16] ppid=12 vsize=17684 memory=12300 CPUtime=0.04 cores=34-37,42-49,54-55,146-149,154-161,166-167
/proc/16/stat : 16 (python3) S 12 16 0 0 -1 4194304 1897 0 96 0 3 1 0 0 20 0 1 0 53414099 18108416 3075 67087892480 4194304 7154137 140728112455296 0 0 0 0 16781312 2 1 0 0 17 157 0 0 8 0 0 9727432 11029816 41533440 140728112458559 140728112458669 140728112458669 140728112459751 0
/proc/16/statm: 4421 3075 1481 723 0 2063 0
[pid=18] ppid=16 vsize=8196 memory=5044 CPUtime=0.13 cores=34-37,42-49,54-55,146-149,154-161,166-167
/proc/18/stat : 18 (bn4rust) R 16 16 0 0 -1 4194304 798 0 19 0 13 0 0 0 20 0 1 0 53414113 8392704 1261 67087892480 94431880048640 94431881915761 140733084224096 0 0 0 0 4096 1088 0 0 0 17 166 0 0 1 0 0 94431882173824 94431882220760 94431888891904 140733084232450 140733084232598 140733084232598 140733084233697 0
/proc/18/statm: 2049 1261 1081 456 0 210 0
Current children cumulated CPU time: 0.17 s
Current children cumulated vsize: 25880 KiB
Current children cumulated memory: 17344 KiB

[startup+0.700277 s]
/proc/loadavg: 22.60 24.20 25.19 26/2831 18
/proc/meminfo: memFree=444505560/527542268 swapFree=33537020/33554428
[pid=16] ppid=12 vsize=17684 memory=12300 CPUtime=0.04 cores=34-37,42-49,54-55,146-149,154-161,166-167
/proc/16/stat : 16 (python3) S 12 16 0 0 -1 4194304 1898 0 96 0 3 1 0 0 20 0 1 0 53414099 18108416 3075 67087892480 4194304 7154137 140728112455296 0 0 0 0 16781312 2 1 0 0 17 157 0 0 8 0 0 9727432 11029816 41533440 140728112458559 140728112458669 140728112458669 140728112459751 0
/proc/16/statm: 4421 3075 1481 723 0 2063 0
[pid=18] ppid=16 vsize=8100 memory=4956 CPUtime=0.53 cores=34-37,42-49,54-55,146-149,154-161,166-167
/proc/18/stat : 18 (bn4rust) R 16 16 0 0 -1 4194304 2292 0 19 0 53 0 0 0 20 0 1 0 53414113 8294400 1239 67087892480 94431880048640 94431881915761 140733084224096 0 0 0 0 4096 1088 0 0 0 17 166 0 0 1 0 0 94431882173824 94431882220760 94431888891904 140733084232450 140733084232598 140733084232598 140733084233697 0
/proc/18/statm: 2025 1239 1081 456 0 186 0
Current children cumulated CPU time: 0.57 s
Current children cumulated vsize: 25784 KiB
Current children cumulated memory: 17256 KiB

[startup+0.770909 s]
# the end of solver process 16 was just reported to runsolver
# cumulated CPU time of all completed processes:  user=0.638681 s, system=0.019051 s

Solver just ended.
??? end of watcher thread
Dumping a history of the last processes samples

[startup+0.700277 s]
/proc/loadavg: 22.60 24.20 25.19 26/2831 18
/proc/meminfo: memFree=444505560/527542268 swapFree=33537020/33554428
[pid=16] ppid=12 vsize=17684 memory=12300 CPUtime=0.04 cores=34-37,42-49,54-55,146-149,154-161,166-167
/proc/16/stat : 16 (python3) S 12 16 0 0 -1 4194304 1898 0 96 0 3 1 0 0 20 0 1 0 53414099 18108416 3075 67087892480 4194304 7154137 140728112455296 0 0 0 0 16781312 2 1 0 0 17 157 0 0 8 0 0 9727432 11029816 41533440 140728112458559 140728112458669 140728112458669 140728112459751 0
/proc/16/statm: 4421 3075 1481 723 0 2063 0
[pid=18] ppid=16 vsize=8100 memory=4956 CPUtime=0.53 cores=34-37,42-49,54-55,146-149,154-161,166-167
/proc/18/stat : 18 (bn4rust) R 16 16 0 0 -1 4194304 2292 0 19 0 53 0 0 0 20 0 1 0 53414113 8294400 1239 67087892480 94431880048640 94431881915761 140733084224096 0 0 0 0 4096 1088 0 0 0 17 166 0 0 1 0 0 94431882173824 94431882220760 94431888891904 140733084232450 140733084232598 140733084232598 140733084233697 0
/proc/18/statm: 2025 1239 1081 456 0 186 0
Current children cumulated CPU time: 0.57 s
Current children cumulated vsize: 25784 KiB
Current children cumulated memory: 17256 KiB

Child status: 0
Real time (s): 0.770949
CPU time (s): 0.657732
CPU user time (s): 0.638681
CPU system time (s): 0.019051
CPU usage (%): 85.3146
Max. virtual memory (cumulated for all children) (KiB): 25880
Max. memory (cumulated for all children) (KiB): 17344

getrusage(RUSAGE_CHILDREN,...) data:
user time used= 0.638681
system time used= 0.019051
maximum resident set size= 12520
integral shared memory size= 0
integral unshared data size= 0
integral unshared stack size= 0
page reclaims= 4341
page faults= 117
swaps= 0
block input operations= 20000
block output operations= 0
messages sent= 0
messages received= 0
signals received= 0
voluntary context switches= 1066
involuntary context switches= 1


# summary of solver processes directly reported to runsolver:
#   pid: 16
#   total CPU time (s): 0.657732
#   total CPU user time (s): 0.638681
#   total CPU system time (s): 0.019051

??? join timestamper begins
??? join timestamper ends
??? end of timestamper thread
runsolver used 0.002463 second user time and 0.007041 second system time

The end
