# WCTIME: wall clock time in seconds
WCTIME=0.535026
# CPUTIME: CPU time in seconds (USERTIME+SYSTEMTIME)
CPUTIME=0.423451
# USERTIME: CPU time spent in user mode in seconds
USERTIME=0.403774
# SYSTEMTIME: CPU time spent in system mode in seconds
SYSTEMTIME=0.019677
# CPUUSAGE: CPUTIME/WCTIME in percent
CPUUSAGE=79.1459
# MAXVM: maximum virtual memory used in KiB
MAXVM=25880
# MAXMM: maximum memory used in KiB
MAXMM=17692
# MAXRSS: maximum Resident Segment Size in KiB
MAXRSS=12652
# TIMEOUT: did the solver exceed the time limit?
TIMEOUT=false
# MEMOUT: did the solver exceed the memory limit?
MEMOUT=false
# EXITSTATUS: Exit status of the solver
EXITSTATUS=0
