# WCTIME: wall clock time in seconds
WCTIME=0.863516
# CPUTIME: CPU time in seconds (USERTIME+SYSTEMTIME)
CPUTIME=0.75147
# USERTIME: CPU time spent in user mode in seconds
USERTIME=0.727338
# SYSTEMTIME: CPU time spent in system mode in seconds
SYSTEMTIME=0.024132
# CPUUSAGE: CPUTIME/WCTIME in percent
CPUUSAGE=87.0244
# MAXVM: maximum virtual memory used in KiB
MAXVM=26268
# MAXMM: maximum memory used in KiB
MAXMM=17680
# MAXRSS: maximum Resident Segment Size in KiB
MAXRSS=12668
# TIMEOUT: did the solver exceed the time limit?
TIMEOUT=false
# MEMOUT: did the solver exceed the memory limit?
MEMOUT=false
# EXITSTATUS: Exit status of the solver
EXITSTATUS=0
