runsolver version 3.4.1 (svn: 3018) Copyright (C) 2010-2013 Olivier ROUSSEL

This program is distributed in the hope that it will be useful,
but WITHOUT ANY WARRANTY; without even the implied warranty of
MERCHANTABILITY or FITNESS FOR A PARTICULAR PURPOSE.  See the
GNU General Public License for more details.

NUMA information:
  number of nodes: 8
  memory of node 0: 63700 MiB (59048 MiB free)
  memory of node 1: 64461 MiB (61375 MiB free)
  memory of node 2: 64504 MiB (61133 MiB free)
  memory of node 3: 64504 MiB (61467 MiB free)
  memory of node 4: 64504 MiB (61121 MiB free)
  memory of node 5: 64504 MiB (62783 MiB free)
  memory of node 6: 64504 MiB (63622 MiB free)
  memory of node 7: 64491 MiB (63329 MiB free)
  node distances:
     10  12  12  12  21  21  21  21
     12  10  12  12  21  21  21  21
     12  12  10  12  21  21  21  21
     12  12  12  10  21  21  21  21
     21  21  21  21  10  12  12  12
     21  21  21  21  12  10  12  12
     21  21  21  21  12  12  10  12
     21  21  21  21  12  12  12  10

command line: /usr/local/bin/runsolver --timestamp -w /output/runsolver-watch.log -v /output/runsolver-values.log -o /output/solver-output.log -C 1800.0 -W 1800.0 -R 64000 /opt/solver/run_bn4rust.py --mode cyber-forward-baseline --instance /input/model_148.bnet 

running on 26 cores: 74-79,85,87,90,93-94,96-98,188-191,197,199,202,205-206,208-210

Enforcing CPUTime limit (soft limit, will send SIGTERM then SIGKILL): 1800 seconds
Enforcing CPUTime limit (hard limit, will send SIGXCPU): 1830 seconds
Enforcing wall clock limit (soft limit, will send SIGTERM then SIGKILL): 1800 seconds
Enforcing RSS+Swap limit (soft limit, will send SIGTERM then SIGKILL): 65536000 KiB
Linux 4.18.0-553.159.1.el8_10.x86_64
solver pid=16, runsolver pid=13
Current StackSize limit: 18014398509481983 KiB


[startup+0.100354 s]*
/proc/loadavg: 30.61 30.55 30.90 34/2978 17
/proc/meminfo: memFree=505708432/527542228 swapFree=33456124/33554428
[pid=16] ppid=13 vsize=15800 memory=10028 CPUtime=0.02 cores=74-79,85,87,90,93-94,96-98,186-191,197,199,202,205-206,208-210
/proc/16/stat : 16 (python3) R 13 16 0 0 -1 4194304 1375 0 84 0 1 1 0 0 20 0 1 0 53231886 16179200 2507 67087892480 4194304 7154137 140737026407984 0 0 0 0 16781312 2 0 0 0 17 98 0 0 6 0 0 9727432 11029816 41361408 140737026411339 140737026411437 140737026411437 140737026412519 0
/proc/16/statm: 3950 2507 1375 723 0 1674 0
Current children cumulated CPU time: 0.02 s
Current children cumulated vsize: 15800 KiB
Current children cumulated memory: 10028 KiB

[startup+0.200771 s]*
/proc/loadavg: 30.61 30.55 30.90 34/2968 18
/proc/meminfo: memFree=505707788/527542228 swapFree=33456124/33554428
[pid=16] ppid=13 vsize=17684 memory=12408 CPUtime=0.04 cores=74-79,85,87,90,93-94,96-98,186-191,197,199,202,205-206,208-210
/proc/16/stat : 16 (python3) S 13 16 0 0 -1 4194304 1882 0 96 0 3 1 0 0 20 0 1 0 53231886 18108416 3102 67087892480 4194304 7154137 140737026407984 0 0 0 0 16781312 2 1 0 0 17 210 0 0 8 0 0 9727432 11029816 41361408 140737026411339 140737026411437 140737026411437 140737026412519 0
/proc/16/statm: 4421 3102 1493 723 0 2063 0
[pid=18] ppid=16 vsize=13520 memory=9708 CPUtime=0.03 cores=74-79,85,87,90,93-94,96-98,186-191,197,199,202,205-206,208-210
/proc/18/stat : 18 (bn4rust) R 16 16 0 0 -1 4194304 3710 0 18 0 3 0 0 0 20 0 1 0 53231900 13844480 2427 67087892480 94586797068288 94586798935409 140726354425696 0 0 0 0 4096 1088 0 0 0 17 98 0 0 1 0 0 94586799193472 94586799240408 94586803888128 140726354426638 140726354426774 140726354426774 140726354427873 0
/proc/18/statm: 3380 2427 1075 456 0 1541 0
Current children cumulated CPU time: 0.07 s
Current children cumulated vsize: 31204 KiB
Current children cumulated memory: 22116 KiB

[startup+0.300774 s]*
/proc/loadavg: 30.61 30.55 30.90 34/2947 18
/proc/meminfo: memFree=505749736/527542228 swapFree=33456124/33554428
[pid=16] ppid=13 vsize=17684 memory=12408 CPUtime=0.04 cores=74-79,85,87,90,93-94,96-98,186-191,197,199,202,205-206,208-210
/proc/16/stat : 16 (python3) S 13 16 0 0 -1 4194304 1882 0 96 0 3 1 0 0 20 0 1 0 53231886 18108416 3102 67087892480 4194304 7154137 140737026407984 0 0 0 0 16781312 2 1 0 0 17 210 0 0 8 0 0 9727432 11029816 41361408 140737026411339 140737026411437 140737026411437 140737026412519 0
/proc/16/statm: 4421 3102 1493 723 0 2063 0
[pid=18] ppid=16 vsize=16300 memory=12740 CPUtime=0.13 cores=74-79,85,87,90,93-94,96-98,186-191,197,199,202,205-206,208-210
/proc/18/stat : 18 (bn4rust) R 16 16 0 0 -1 4194304 5665 0 18 0 13 0 0 0 20 0 1 0 53231900 16691200 3185 67087892480 94586797068288 94586798935409 140726354425696 0 0 0 0 4096 1088 0 0 0 17 210 0 0 1 0 0 94586799193472 94586799240408 94586803888128 140726354426638 140726354426774 140726354426774 140726354427873 0
/proc/18/statm: 4075 3185 1075 456 0 2236 0
Current children cumulated CPU time: 0.17 s
Current children cumulated vsize: 33984 KiB
Current children cumulated memory: 25148 KiB

[startup+0.702773 s]
/proc/loadavg: 30.61 30.55 30.90 34/2947 18
/proc/meminfo: memFree=504753144/527542228 swapFree=33456124/33554428
[pid=16] ppid=13 vsize=17684 memory=12408 CPUtime=0.04 cores=74-79,85,87,90,93-94,96-98,186-191,197,199,202,205-206,208-210
/proc/16/stat : 16 (python3) S 13 16 0 0 -1 4194304 1882 0 96 0 3 1 0 0 20 0 1 0 53231886 18108416 3102 67087892480 4194304 7154137 140737026407984 0 0 0 0 16781312 2 1 0 0 17 98 0 0 8 0 0 9727432 11029816 41361408 140737026411339 140737026411437 140737026411437 140737026412519 0
/proc/16/statm: 4421 3102 1493 723 0 2063 0
[pid=18] ppid=16 vsize=15880 memory=12328 CPUtime=0.53 cores=74-79,85,87,90,93-94,96-98,186-191,197,199,202,205-206,208-210
/proc/18/stat : 18 (bn4rust) R 16 16 0 0 -1 4194304 14454 0 18 0 51 2 0 0 20 0 1 0 53231900 16261120 3082 67087892480 94586797068288 94586798935409 140726354425696 0 0 0 0 4096 1088 0 0 0 17 210 0 0 1 0 0 94586799193472 94586799240408 94586803888128 140726354426638 140726354426774 140726354426774 140726354427873 0
/proc/18/statm: 3970 3082 1075 456 0 2131 0
Current children cumulated CPU time: 0.57 s
Current children cumulated vsize: 33564 KiB
Current children cumulated memory: 24736 KiB

[startup+1.50025 s]
/proc/loadavg: 30.61 30.55 30.90 33/2953 18
/proc/meminfo: memFree=504741884/527542228 swapFree=33456124/33554428
[pid=16] ppid=13 vsize=17684 memory=12408 CPUtime=0.04 cores=74-79,85,87,90,93-94,96-98,186-191,197,199,202,205-206,208-210
/proc/16/stat : 16 (python3) S 13 16 0 0 -1 4194304 1882 0 96 0 3 1 0 0 20 0 1 0 53231886 18108416 3102 67087892480 4194304 7154137 140737026407984 0 0 0 0 16781312 2 1 0 0 17 210 0 0 8 0 0 9727432 11029816 41361408 140737026411339 140737026411437 140737026411437 140737026412519 0
/proc/16/statm: 4421 3102 1493 723 0 2063 0
[pid=18] ppid=16 vsize=17480 memory=13928 CPUtime=1.32 cores=74-79,85,87,90,93-94,96-98,186-191,197,199,202,205-206,208-210
/proc/18/stat : 18 (bn4rust) R 16 16 0 0 -1 4194304 33625 0 18 0 127 5 0 0 20 0 1 0 53231900 17899520 3482 67087892480 94586797068288 94586798935409 140726354425696 0 0 0 0 4096 1088 0 0 0 17 98 0 0 1 0 0 94586799193472 94586799240408 94586803888128 140726354426638 140726354426774 140726354426774 140726354427873 0
/proc/18/statm: 4370 3482 1075 456 0 2531 0
Current children cumulated CPU time: 1.36 s
Current children cumulated vsize: 35164 KiB
Current children cumulated memory: 26336 KiB

[startup+3.10058 s]
/proc/loadavg: 30.73 30.58 30.91 14/2953 18
/proc/meminfo: memFree=505642808/527542228 swapFree=33456124/33554428
[pid=16] ppid=13 vsize=17684 memory=12408 CPUtime=0.04 cores=74-79,85,87,90,93-94,96-98,186-191,197,199,202,205-206,208-210
/proc/16/stat : 16 (python3) S 13 16 0 0 -1 4194304 1882 0 96 0 3 1 0 0 20 0 1 0 53231886 18108416 3102 67087892480 4194304 7154137 140737026407984 0 0 0 0 16781312 2 1 0 0 17 210 0 0 8 0 0 9727432 11029816 41361408 140737026411339 140737026411437 140737026411437 140737026412519 0
/proc/16/statm: 4421 3102 1493 723 0 2063 0
[pid=18] ppid=16 vsize=15496 memory=11536 CPUtime=2.92 cores=74-79,85,87,90,93-94,96-98,186-191,197,199,202,205-206,208-210
/proc/18/stat : 18 (bn4rust) R 16 16 0 0 -1 4194304 44229 0 18 0 285 7 0 0 20 0 1 0 53231900 15867904 2884 67087892480 94586797068288 94586798935409 140726354425696 0 0 0 0 4096 1088 0 0 0 17 98 0 0 1 0 0 94586799193472 94586799240408 94586803888128 140726354426638 140726354426774 140726354426774 140726354427873 0
/proc/18/statm: 3874 2884 1075 456 0 2035 0
Current children cumulated CPU time: 2.96 s
Current children cumulated vsize: 33180 KiB
Current children cumulated memory: 23944 KiB

[startup+6.3003 s]
/proc/loadavg: 30.73 30.58 30.91 34/2979 18
/proc/meminfo: memFree=504620800/527542228 swapFree=33456124/33554428
[pid=16] ppid=13 vsize=17684 memory=12408 CPUtime=0.04 cores=74-79,85,87,90,93-94,96-98,186-191,197,199,202,205-206,208-210
/proc/16/stat : 16 (python3) S 13 16 0 0 -1 4194304 1882 0 96 0 3 1 0 0 20 0 1 0 53231886 18108416 3102 67087892480 4194304 7154137 140737026407984 0 0 0 0 16781312 2 1 0 0 17 210 0 0 8 0 0 9727432 11029816 41361408 140737026411339 140737026411437 140737026411437 140737026412519 0
/proc/16/statm: 4421 3102 1493 723 0 2063 0
[pid=18] ppid=16 vsize=29188 memory=25292 CPUtime=6.1 cores=74-79,85,87,90,93-94,96-98,186-191,197,199,202,205-206,208-210
/proc/18/stat : 18 (bn4rust) R 16 16 0 0 -1 4194304 60879 0 18 0 599 11 0 0 20 0 1 0 53231900 29888512 6323 67087892480 94586797068288 94586798935409 140726354425696 0 0 0 0 4096 1088 0 0 0 17 98 0 0 1 0 0 94586799193472 94586799240408 94586803888128 140726354426638 140726354426774 140726354426774 140726354427873 0
/proc/18/statm: 7297 6323 1075 456 0 5458 0
Current children cumulated CPU time: 6.14 s
Current children cumulated vsize: 46872 KiB
Current children cumulated memory: 37700 KiB

[startup+12.7003 s]
/proc/loadavg: 30.83 30.60 30.92 33/2940 18
/proc/meminfo: memFree=504488444/527542228 swapFree=33456124/33554428
[pid=16] ppid=13 vsize=17684 memory=12408 CPUtime=0.04 cores=74-79,85,87,90,93-94,96-98,186-191,197,199,202,205-206,208-210
/proc/16/stat : 16 (python3) S 13 16 0 0 -1 4194304 1882 0 96 0 3 1 0 0 20 0 1 0 53231886 18108416 3102 67087892480 4194304 7154137 140737026407984 0 0 0 0 16781312 2 1 0 0 17 98 0 0 8 0 0 9727432 11029816 41361408 140737026411339 140737026411437 140737026411437 140737026412519 0
/proc/16/statm: 4421 3102 1493 723 0 2063 0
[pid=18] ppid=16 vsize=62632 memory=59024 CPUtime=12.48 cores=74-79,85,87,90,93-94,96-98,186-191,197,199,202,205-206,208-210
/proc/18/stat : 18 (bn4rust) R 16 16 0 0 -1 4194304 84110 0 18 0 1232 16 0 0 20 0 1 0 53231900 64135168 14756 67087892480 94586797068288 94586798935409 140726354425696 0 0 0 0 4096 1088 0 0 0 17 98 0 0 1 0 0 94586799193472 94586799240408 94586803888128 140726354426638 140726354426774 140726354426774 140726354427873 0
/proc/18/statm: 15658 14756 1075 456 0 13819 0
Current children cumulated CPU time: 12.52 s
Current children cumulated vsize: 80316 KiB
Current children cumulated memory: 71432 KiB

[startup+25.5002 s]
/proc/loadavg: 31.74 30.82 30.98 39/2999 18
/proc/meminfo: memFree=504060840/527542228 swapFree=33456124/33554428
[pid=16] ppid=13 vsize=17684 memory=12408 CPUtime=0.04 cores=74-79,85,87,90,93-94,96-98,186-191,197,199,202,205-206,208-210
/proc/16/stat : 16 (python3) S 13 16 0 0 -1 4194304 1882 0 96 0 3 1 0 0 20 0 1 0 53231886 18108416 3102 67087892480 4194304 7154137 140737026407984 0 0 0 0 16781312 2 1 0 0 17 210 0 0 8 0 0 9727432 11029816 41361408 140737026411339 140737026411437 140737026411437 140737026412519 0
/proc/16/statm: 4421 3102 1493 723 0 2063 0
[pid=18] ppid=16 vsize=96396 memory=90924 CPUtime=25.21 cores=74-79,85,87,90,93-94,96-98,186-191,197,199,202,205-206,208-210
/proc/18/stat : 18 (bn4rust) R 16 16 0 0 -1 4194304 94026 0 18 0 2502 19 0 0 20 0 1 0 53231900 98709504 22731 67087892480 94586797068288 94586798935409 140726354425696 0 0 0 0 4096 1088 0 0 0 17 98 0 0 1 0 0 94586799193472 94586799240408 94586803888128 140726354426638 140726354426774 140726354426774 140726354427873 0
/proc/18/statm: 24099 22731 1075 456 0 22260 0
Current children cumulated CPU time: 25.25 s
Current children cumulated vsize: 114080 KiB
Current children cumulated memory: 103332 KiB

[startup+51.1005 s]
/proc/loadavg: 33.63 31.32 31.14 34/2975 18
/proc/meminfo: memFree=508487304/527542228 swapFree=33456124/33554428
[pid=16] ppid=13 vsize=17684 memory=12408 CPUtime=0.04 cores=74-79,85,87,90,93-94,96-98,186-191,197,199,202,205-206,208-210
/proc/16/stat : 16 (python3) S 13 16 0 0 -1 4194304 1882 0 96 0 3 1 0 0 20 0 1 0 53231886 18108416 3102 67087892480 4194304 7154137 140737026407984 0 0 0 0 16781312 2 1 0 0 17 98 0 0 8 0 0 9727432 11029816 41361408 140737026411339 140737026411437 140737026411437 140737026412519 0
/proc/16/statm: 4421 3102 1493 723 0 2063 0
[pid=18] ppid=16 vsize=170228 memory=150260 CPUtime=50.67 cores=74-79,85,87,90,93-94,96-98,186-191,197,199,202,205-206,208-210
/proc/18/stat : 18 (bn4rust) R 16 16 0 0 -1 4194304 110508 0 18 0 5041 26 0 0 20 0 1 0 53231900 174313472 37565 67087892480 94586797068288 94586798935409 140726354425696 0 0 0 0 4096 1088 0 0 0 17 98 0 0 1 0 0 94586799193472 94586799240408 94586803888128 140726354426638 140726354426774 140726354426774 140726354427873 0
/proc/18/statm: 42557 37565 1075 456 0 40718 0
Current children cumulated CPU time: 50.71 s
Current children cumulated vsize: 187912 KiB
Current children cumulated memory: 162668 KiB

[startup+102.3 s]
/proc/loadavg: 31.94 31.12 31.08 34/2974 18
/proc/meminfo: memFree=505370888/527542228 swapFree=33456124/33554428
[pid=16] ppid=13 vsize=17684 memory=12828 CPUtime=0.04 cores=74-79,85,87,90,93-94,96-98,186-191,197,199,202,205-206,208-210
/proc/16/stat : 16 (python3) S 13 16 0 0 -1 4194304 1882 0 96 0 3 1 0 0 20 0 1 0 53231886 18108416 3207 67087892480 4194304 7154137 140737026407984 0 0 0 0 16781312 2 1 0 0 17 98 0 0 8 0 0 9727432 11029816 41361408 140737026411339 140737026411437 140737026411437 140737026412519 0
/proc/16/statm: 4421 3207 1493 723 0 2063 0
[pid=18] ppid=16 vsize=265664 memory=204224 CPUtime=101.66 cores=74-79,85,87,90,93-94,96-98,186-191,197,199,202,205-206,208-210
/proc/18/stat : 18 (bn4rust) R 16 16 0 0 -1 4194304 244678 0 18 0 10019 147 0 0 20 0 1 0 53231900 272039936 51056 67087892480 94586797068288 94586798935409 140726354425696 0 0 0 0 4096 1088 0 0 0 17 98 0 0 1 0 0 94586799193472 94586799240408 94586803888128 140726354426638 140726354426774 140726354426774 140726354427873 0
/proc/18/statm: 66416 51056 1075 456 0 64577 0
Current children cumulated CPU time: 101.7 s
Current children cumulated vsize: 283348 KiB
Current children cumulated memory: 217052 KiB

[startup+162.3 s]
/proc/loadavg: 32.69 31.49 31.21 34/2975 18
/proc/meminfo: memFree=504427220/527542228 swapFree=33456124/33554428
[pid=16] ppid=13 vsize=17684 memory=12828 CPUtime=0.04 cores=74-79,85,87,90,93-94,96-98,186-191,197,199,202,205-206,208-210
/proc/16/stat : 16 (python3) S 13 16 0 0 -1 4194304 1882 0 96 0 3 1 0 0 20 0 1 0 53231886 18108416 3207 67087892480 4194304 7154137 140737026407984 0 0 0 0 16781312 2 1 0 0 17 210 0 0 8 0 0 9727432 11029816 41361408 140737026411339 140737026411437 140737026411437 140737026412519 0
/proc/16/statm: 4421 3207 1493 723 0 2063 0
[pid=18] ppid=16 vsize=470188 memory=435668 CPUtime=161.44 cores=74-79,85,87,90,93-94,96-98,186-191,197,199,202,205-206,208-210
/proc/18/stat : 18 (bn4rust) R 16 16 0 0 -1 4194304 343941 0 18 0 15869 275 0 0 20 0 1 0 53231900 481472512 108917 67087892480 94586797068288 94586798935409 140726354425696 0 0 0 0 4096 1088 0 0 0 17 98 0 0 1 0 0 94586799193472 94586799240408 94586803888128 140726354426638 140726354426774 140726354426774 140726354427873 0
/proc/18/statm: 117547 108917 1075 456 0 115708 0
Current children cumulated CPU time: 161.48 s
Current children cumulated vsize: 487872 KiB
Current children cumulated memory: 448496 KiB

[startup+222.3 s]
/proc/loadavg: 33.17 31.87 31.36 35/2999 18
/proc/meminfo: memFree=505179616/527542228 swapFree=33456124/33554428
[pid=16] ppid=13 vsize=17684 memory=12828 CPUtime=0.04 cores=74-79,85,87,90,93-94,96-98,186-191,197,199,202,205-206,208-210
/proc/16/stat : 16 (python3) S 13 16 0 0 -1 4194304 1882 0 96 0 3 1 0 0 20 0 1 0 53231886 18108416 3207 67087892480 4194304 7154137 140737026407984 0 0 0 0 16781312 2 1 0 0 17 98 0 0 8 0 0 9727432 11029816 41361408 140737026411339 140737026411437 140737026411437 140737026412519 0
/proc/16/statm: 4421 3207 1493 723 0 2063 0
[pid=18] ppid=16 vsize=241840 memory=238288 CPUtime=221.15 cores=74-79,85,87,90,93-94,96-98,186-191,197,199,202,205-206,208-210
/proc/18/stat : 18 (bn4rust) R 16 16 0 0 -1 4194304 408714 0 18 0 21737 378 0 0 20 0 1 0 53231900 247644160 59572 67087892480 94586797068288 94586798935409 140726354425696 0 0 0 0 4096 1088 0 0 0 17 98 0 0 1 0 0 94586799193472 94586799240408 94586803888128 140726354426638 140726354426774 140726354426774 140726354427873 0
/proc/18/statm: 60460 59572 1075 456 0 58621 0
Current children cumulated CPU time: 221.19 s
Current children cumulated vsize: 259524 KiB
Current children cumulated memory: 251116 KiB

[startup+282.3 s]
/proc/loadavg: 33.75 32.27 31.53 35/3003 18
/proc/meminfo: memFree=503412808/527542228 swapFree=33456124/33554428
[pid=16] ppid=13 vsize=17684 memory=12828 CPUtime=0.04 cores=74-79,85,87,90,93-94,96-98,186-191,197,199,202,205-206,208-210
/proc/16/stat : 16 (python3) S 13 16 0 0 -1 4194304 1882 0 96 0 3 1 0 0 20 0 1 0 53231886 18108416 3207 67087892480 4194304 7154137 140737026407984 0 0 0 0 16781312 2 1 0 0 17 98 0 0 8 0 0 9727432 11029816 41361408 140737026411339 140737026411437 140737026411437 140737026412519 0
/proc/16/statm: 4421 3207 1493 723 0 2063 0
[pid=18] ppid=16 vsize=470168 memory=394112 CPUtime=280.91 cores=74-79,85,87,90,93-94,96-98,186-191,197,199,202,205-206,208-210
/proc/18/stat : 18 (bn4rust) R 16 16 0 0 -1 4194304 478822 0 18 0 27587 504 0 0 20 0 1 0 53231900 481452032 98528 67087892480 94586797068288 94586798935409 140726354425696 0 0 0 0 4096 1088 0 0 0 17 98 0 0 1 0 0 94586799193472 94586799240408 94586803888128 140726354426638 140726354426774 140726354426774 140726354427873 0
/proc/18/statm: 117542 98528 1075 456 0 115703 0
Current children cumulated CPU time: 280.95 s
Current children cumulated vsize: 487852 KiB
Current children cumulated memory: 406940 KiB

[startup+342.301 s]
/proc/loadavg: 32.39 32.27 31.59 35/2993 18
/proc/meminfo: memFree=511383512/527542228 swapFree=33456124/33554428
[pid=16] ppid=13 vsize=17684 memory=12828 CPUtime=0.04 cores=74-79,85,87,90,93-94,96-98,186-191,197,199,202,205-206,208-210
/proc/16/stat : 16 (python3) S 13 16 0 0 -1 4194304 1882 0 96 0 3 1 0 0 20 0 1 0 53231886 18108416 3207 67087892480 4194304 7154137 140737026407984 0 0 0 0 16781312 2 1 0 0 17 98 0 0 8 0 0 9727432 11029816 41361408 140737026411339 140737026411437 140737026411437 140737026412519 0
/proc/16/statm: 4421 3207 1493 723 0 2063 0
[pid=18] ppid=16 vsize=521244 memory=429348 CPUtime=340.66 cores=74-79,85,87,90,93-94,96-98,186-191,197,199,202,205-206,208-210
/proc/18/stat : 18 (bn4rust) R 16 16 0 0 -1 4194304 535801 0 18 0 33453 613 0 0 20 0 1 0 53231900 533753856 107337 67087892480 94586797068288 94586798935409 140726354425696 0 0 0 0 4096 1088 0 0 0 17 210 0 0 1 0 0 94586799193472 94586799240408 94586803888128 140726354426638 140726354426774 140726354426774 140726354427873 0
/proc/18/statm: 130311 107337 1075 456 0 128472 0
Current children cumulated CPU time: 340.7 s
Current children cumulated vsize: 538928 KiB
Current children cumulated memory: 442176 KiB

[startup+402.3 s]
/proc/loadavg: 33.67 32.68 31.77 34/2969 18
/proc/meminfo: memFree=504727728/527542228 swapFree=33456124/33554428
[pid=16] ppid=13 vsize=17684 memory=12828 CPUtime=0.04 cores=74-79,85,87,90,93-94,96-98,186-191,197,199,202,205-206,208-210
/proc/16/stat : 16 (python3) S 13 16 0 0 -1 4194304 1882 0 96 0 3 1 0 0 20 0 1 0 53231886 18108416 3207 67087892480 4194304 7154137 140737026407984 0 0 0 0 16781312 2 1 0 0 17 210 0 0 8 0 0 9727432 11029816 41361408 140737026411339 140737026411437 140737026411437 140737026412519 0
/proc/16/statm: 4421 3207 1493 723 0 2063 0
[pid=18] ppid=16 vsize=259244 memory=248612 CPUtime=400.38 cores=74-79,85,87,90,93-94,96-98,186-191,197,199,202,205-206,208-210
/proc/18/stat : 18 (bn4rust) R 16 16 0 0 -1 4194304 611249 0 18 0 39348 690 0 0 20 0 1 0 53231900 265465856 62153 67087892480 94586797068288 94586798935409 140726354425696 0 0 0 0 4096 1088 0 0 0 17 98 0 0 1 0 0 94586799193472 94586799240408 94586803888128 140726354426638 140726354426774 140726354426774 140726354427873 0
/proc/18/statm: 64811 62153 1075 456 0 62972 0
Current children cumulated CPU time: 400.42 s
Current children cumulated vsize: 276928 KiB
Current children cumulated memory: 261440 KiB

[startup+462.3 s]
/proc/loadavg: 33.80 32.88 31.90 34/2969 18
/proc/meminfo: memFree=507885244/527542228 swapFree=33456124/33554428
[pid=16] ppid=13 vsize=17684 memory=12828 CPUtime=0.04 cores=74-79,85,87,90,93-94,96-98,186-191,197,199,202,205-206,208-210
/proc/16/stat : 16 (python3) S 13 16 0 0 -1 4194304 1882 0 96 0 3 1 0 0 20 0 1 0 53231886 18108416 3207 67087892480 4194304 7154137 140737026407984 0 0 0 0 16781312 2 1 0 0 17 210 0 0 8 0 0 9727432 11029816 41361408 140737026411339 140737026411437 140737026411437 140737026412519 0
/proc/16/statm: 4421 3207 1493 723 0 2063 0
[pid=18] ppid=16 vsize=899564 memory=739736 CPUtime=460.12 cores=74-79,85,87,90,93-94,96-98,186-191,197,199,202,205-206,208-210
/proc/18/stat : 18 (bn4rust) R 16 16 0 0 -1 4194304 668840 0 18 0 45192 820 0 0 20 0 1 0 53231900 921153536 184934 67087892480 94586797068288 94586798935409 140726354425696 0 0 0 0 4096 1088 0 0 0 17 98 0 0 1 0 0 94586799193472 94586799240408 94586803888128 140726354426638 140726354426774 140726354426774 140726354427873 0
/proc/18/statm: 224891 184934 1075 456 0 223052 0
Current children cumulated CPU time: 460.16 s
Current children cumulated vsize: 917248 KiB
Current children cumulated memory: 752564 KiB

[startup+522.3 s]
/proc/loadavg: 34.17 33.00 32.00 42/3009 18
/proc/meminfo: memFree=500170940/527542228 swapFree=33456124/33554428
[pid=16] ppid=13 vsize=17684 memory=12828 CPUtime=0.04 cores=74-79,85,87,90,93-94,96-98,186-191,197,199,202,205-206,208-210
/proc/16/stat : 16 (python3) S 13 16 0 0 -1 4194304 1882 0 96 0 3 1 0 0 20 0 1 0 53231886 18108416 3207 67087892480 4194304 7154137 140737026407984 0 0 0 0 16781312 2 1 0 0 17 210 0 0 8 0 0 9727432 11029816 41361408 140737026411339 140737026411437 140737026411437 140737026412519 0
/proc/16/statm: 4421 3207 1493 723 0 2063 0
[pid=18] ppid=16 vsize=330924 memory=248776 CPUtime=519.87 cores=74-79,85,87,90,93-94,96-98,186-191,197,199,202,205-206,208-210
/proc/18/stat : 18 (bn4rust) R 16 16 0 0 -1 4194304 708164 0 18 0 51069 918 0 0 20 0 1 0 53231900 338866176 62194 67087892480 94586797068288 94586798935409 140726354425696 0 0 0 0 4096 1088 0 0 0 17 98 0 0 1 0 0 94586799193472 94586799240408 94586803888128 140726354426638 140726354426774 140726354426774 140726354427873 0
/proc/18/statm: 82731 62194 1075 456 0 80892 0
Current children cumulated CPU time: 519.91 s
Current children cumulated vsize: 348608 KiB
Current children cumulated memory: 261604 KiB

[startup+582.301 s]
/proc/loadavg: 36.61 33.92 32.38 34/3318 18
/proc/meminfo: memFree=502162592/527542228 swapFree=33456124/33554428
[pid=16] ppid=13 vsize=17684 memory=12828 CPUtime=0.04 cores=74-79,85,87,90,93-94,96-98,186-191,197,199,202,205-206,208-210
/proc/16/stat : 16 (python3) S 13 16 0 0 -1 4194304 1882 0 96 0 3 1 0 0 20 0 1 0 53231886 18108416 3207 67087892480 4194304 7154137 140737026407984 0 0 0 0 16781312 2 1 0 0 17 210 0 0 8 0 0 9727432 11029816 41361408 140737026411339 140737026411437 140737026411437 140737026412519 0
/proc/16/statm: 4421 3207 1493 723 0 2063 0
[pid=18] ppid=16 vsize=1001644 memory=837980 CPUtime=579.59 cores=74-79,85,87,90,93-94,96-98,186-191,197,199,202,205-206,208-210
/proc/18/stat : 18 (bn4rust) R 16 16 0 0 -1 4194304 748419 0 18 0 56934 1025 0 0 20 0 1 0 53231900 1025683456 209495 67087892480 94586797068288 94586798935409 140726354425696 0 0 0 0 4096 1088 0 0 0 17 210 0 0 1 0 0 94586799193472 94586799240408 94586803888128 140726354426638 140726354426774 140726354426774 140726354427873 0
/proc/18/statm: 250411 209495 1075 456 0 248572 0
Current children cumulated CPU time: 579.63 s
Current children cumulated vsize: 1019328 KiB
Current children cumulated memory: 850808 KiB

[startup+642.3 s]
/proc/loadavg: 46.78 37.26 33.62 47/3650 18
/proc/meminfo: memFree=493387172/527542228 swapFree=33456124/33554428
[pid=16] ppid=13 vsize=17684 memory=12828 CPUtime=0.04 cores=74-79,85,87,90,93-94,96-98,186-191,197,199,202,205-206,208-210
/proc/16/stat : 16 (python3) S 13 16 0 0 -1 4194304 1882 0 96 0 3 1 0 0 20 0 1 0 53231886 18108416 3207 67087892480 4194304 7154137 140737026407984 0 0 0 0 16781312 2 1 0 0 17 210 0 0 8 0 0 9727432 11029816 41361408 140737026411339 140737026411437 140737026411437 140737026412519 0
/proc/16/statm: 4421 3207 1493 723 0 2063 0
[pid=18] ppid=16 vsize=950884 memory=772616 CPUtime=639.3 cores=74-79,85,87,90,93-94,96-98,186-191,197,199,202,205-206,208-210
/proc/18/stat : 18 (bn4rust) R 16 16 0 0 -1 4194304 818957 0 18 0 62780 1150 0 0 20 0 1 0 53231900 973705216 193154 67087892480 94586797068288 94586798935409 140726354425696 0 0 0 0 4096 1088 0 0 0 17 74 0 0 1 0 0 94586799193472 94586799240408 94586803888128 140726354426638 140726354426774 140726354426774 140726354427873 0
/proc/18/statm: 237721 193154 1075 456 0 235882 0
Current children cumulated CPU time: 639.34 s
Current children cumulated vsize: 968568 KiB
Current children cumulated memory: 785444 KiB

[startup+702.3 s]
/proc/loadavg: 46.68 39.03 34.46 47/3379 18
/proc/meminfo: memFree=495301960/527542228 swapFree=33456124/33554428
[pid=16] ppid=13 vsize=17684 memory=12828 CPUtime=0.04 cores=74-79,85,87,90,93-94,96-98,186-191,197,199,202,205-206,208-210
/proc/16/stat : 16 (python3) S 13 16 0 0 -1 4194304 1882 0 96 0 3 1 0 0 20 0 1 0 53231886 18108416 3207 67087892480 4194304 7154137 140737026407984 0 0 0 0 16781312 2 1 0 0 17 210 0 0 8 0 0 9727432 11029816 41361408 140737026411339 140737026411437 140737026411437 140737026412519 0
/proc/16/statm: 4421 3207 1493 723 0 2063 0
[pid=18] ppid=16 vsize=597168 memory=406840 CPUtime=699.04 cores=74-79,85,87,90,93-94,96-98,186-191,197,199,202,205-206,208-210
/proc/18/stat : 18 (bn4rust) R 16 16 0 0 -1 4194304 891726 0 18 0 68662 1242 0 0 20 0 1 0 53231900 611500032 101710 67087892480 94586797068288 94586798935409 140726354425696 0 0 0 0 4096 1088 0 0 0 17 186 0 0 1 0 0 94586799193472 94586799240408 94586803888128 140726354426638 140726354426774 140726354426774 140726354427873 0
/proc/18/statm: 149292 101710 1075 456 0 147453 0
Current children cumulated CPU time: 699.08 s
Current children cumulated vsize: 614852 KiB
Current children cumulated memory: 419668 KiB

[startup+762.3 s]
/proc/loadavg: 44.90 40.02 35.10 41/3393 18
/proc/meminfo: memFree=494753252/527542228 swapFree=33456124/33554428
[pid=16] ppid=13 vsize=17684 memory=12828 CPUtime=0.04 cores=74-79,85,87,90,93-94,96-98,186-191,197,199,202,205-206,208-210
/proc/16/stat : 16 (python3) S 13 16 0 0 -1 4194304 1882 0 96 0 3 1 0 0 20 0 1 0 53231886 18108416 3207 67087892480 4194304 7154137 140737026407984 0 0 0 0 16781312 2 1 0 0 17 75 0 0 8 0 0 9727432 11029816 41361408 140737026411339 140737026411437 140737026411437 140737026412519 0
/proc/16/statm: 4421 3207 1493 723 0 2063 0
[pid=18] ppid=16 vsize=322636 memory=230072 CPUtime=758.78 cores=74-79,85,87,90,93-94,96-98,186-191,197,199,202,205-206,208-210
/proc/18/stat : 18 (bn4rust) R 16 16 0 0 -1 4194304 950893 0 18 0 74542 1336 0 0 20 0 1 0 53231900 330379264 57518 67087892480 94586797068288 94586798935409 140726354425696 0 0 0 0 4096 1088 0 0 0 17 74 0 0 1 0 0 94586799193472 94586799240408 94586803888128 140726354426638 140726354426774 140726354426774 140726354427873 0
/proc/18/statm: 80659 57518 1075 456 0 78820 0
Current children cumulated CPU time: 758.82 s
Current children cumulated vsize: 340320 KiB
Current children cumulated memory: 242900 KiB

[startup+822.3 s]
/proc/loadavg: 40.60 39.72 35.31 46/3129 18
/proc/meminfo: memFree=482260348/527542228 swapFree=33456124/33554428
[pid=16] ppid=13 vsize=17684 memory=12828 CPUtime=0.04 cores=74-79,85,87,90,93-94,96-98,186-191,197,199,202,205-206,208-210
/proc/16/stat : 16 (python3) S 13 16 0 0 -1 4194304 1882 0 96 0 3 1 0 0 20 0 1 0 53231886 18108416 3207 67087892480 4194304 7154137 140737026407984 0 0 0 0 16781312 2 1 0 0 17 75 0 0 8 0 0 9727432 11029816 41361408 140737026411339 140737026411437 140737026411437 140737026412519 0
/proc/16/statm: 4421 3207 1493 723 0 2063 0
[pid=18] ppid=16 vsize=978736 memory=803832 CPUtime=818.53 cores=74-79,85,87,90,93-94,96-98,186-191,197,199,202,205-206,208-210
/proc/18/stat : 18 (bn4rust) R 16 16 0 0 -1 4194304 1014927 0 18 0 80405 1448 0 0 20 0 1 0 53231900 1002225664 200958 67087892480 94586797068288 94586798935409 140726354425696 0 0 0 0 4096 1088 0 0 0 17 98 0 0 1 0 0 94586799193472 94586799240408 94586803888128 140726354426638 140726354426774 140726354426774 140726354427873 0
/proc/18/statm: 244684 200958 1075 456 0 242845 0
Current children cumulated CPU time: 818.57 s
Current children cumulated vsize: 996420 KiB
Current children cumulated memory: 816660 KiB

[startup+882.301 s]
/proc/loadavg: 39.23 39.11 35.36 97/3276 18
/proc/meminfo: memFree=461718176/527542228 swapFree=33456124/33554428
[pid=16] ppid=13 vsize=17684 memory=12828 CPUtime=0.04 cores=74-79,85,87,90,93-94,96-98,186-191,197,199,202,205-206,208-210
/proc/16/stat : 16 (python3) S 13 16 0 0 -1 4194304 1882 0 96 0 3 1 0 0 20 0 1 0 53231886 18108416 3207 67087892480 4194304 7154137 140737026407984 0 0 0 0 16781312 2 1 0 0 17 75 0 0 8 0 0 9727432 11029816 41361408 140737026411339 140737026411437 140737026411437 140737026412519 0
/proc/16/statm: 4421 3207 1493 723 0 2063 0
[pid=18] ppid=16 vsize=1491488 memory=1327504 CPUtime=878.31 cores=74-79,85,87,90,93-94,96-98,186-191,197,199,202,205-206,208-210
/proc/18/stat : 18 (bn4rust) R 16 16 0 0 -1 4194304 1047602 0 18 0 86261 1570 0 0 20 0 1 0 53231900 1527283712 331876 67087892480 94586797068288 94586798935409 140726354425696 0 0 0 0 4096 1088 0 0 0 17 210 0 0 1 0 0 94586799193472 94586799240408 94586803888128 140726354426638 140726354426774 140726354426774 140726354427873 0
/proc/18/statm: 372872 331876 1075 456 0 371033 0
Current children cumulated CPU time: 878.35 s
Current children cumulated vsize: 1509172 KiB
Current children cumulated memory: 1340332 KiB

[startup+942.3 s]
/proc/loadavg: 58.21 44.48 37.44 49/3232 18
/proc/meminfo: memFree=460274008/527542228 swapFree=33456124/33554428
[pid=16] ppid=13 vsize=17684 memory=12828 CPUtime=0.04 cores=74-79,85,87,90,93-94,96-98,186-191,197,199,202,205-206,208-210
/proc/16/stat : 16 (python3) S 13 16 0 0 -1 4194304 1882 0 96 0 3 1 0 0 20 0 1 0 53231886 18108416 3207 67087892480 4194304 7154137 140737026407984 0 0 0 0 16781312 2 1 0 0 17 75 0 0 8 0 0 9727432 11029816 41361408 140737026411339 140737026411437 140737026411437 140737026412519 0
/proc/16/statm: 4421 3207 1493 723 0 2063 0
[pid=18] ppid=16 vsize=1588732 memory=1411952 CPUtime=938.02 cores=74-79,85,87,90,93-94,96-98,186-191,197,199,202,205-206,208-210
/proc/18/stat : 18 (bn4rust) R 16 16 0 0 -1 4194304 1111782 0 18 0 92105 1697 0 0 20 0 1 0 53231900 1626861568 352988 67087892480 94586797068288 94586798935409 140726354425696 0 0 0 0 4096 1088 0 0 0 17 74 0 0 1 0 0 94586799193472 94586799240408 94586803888128 140726354426638 140726354426774 140726354426774 140726354427873 0
/proc/18/statm: 397183 352988 1075 456 0 395344 0
Current children cumulated CPU time: 938.06 s
Current children cumulated vsize: 1606416 KiB
Current children cumulated memory: 1424780 KiB

[startup+1002.3 s]
/proc/loadavg: 52.36 44.22 37.73 87/3363 18
/proc/meminfo: memFree=464968236/527542228 swapFree=33456124/33554428
[pid=16] ppid=13 vsize=17684 memory=12828 CPUtime=0.04 cores=74-79,85,87,90,93-94,96-98,186-191,197,199,202,205-206,208-210
/proc/16/stat : 16 (python3) S 13 16 0 0 -1 4194304 1882 0 96 0 3 1 0 0 20 0 1 0 53231886 18108416 3207 67087892480 4194304 7154137 140737026407984 0 0 0 0 16781312 2 1 0 0 17 75 0 0 8 0 0 9727432 11029816 41361408 140737026411339 140737026411437 140737026411437 140737026412519 0
/proc/16/statm: 4421 3207 1493 723 0 2063 0
[pid=18] ppid=16 vsize=1494124 memory=1316476 CPUtime=997.79 cores=74-79,85,87,90,93-94,96-98,186-191,197,199,202,205-206,208-210
/proc/18/stat : 18 (bn4rust) R 16 16 0 0 -1 4194304 1149063 0 18 0 97951 1828 0 0 20 0 1 0 53231900 1529982976 329119 67087892480 94586797068288 94586798935409 140726354425696 0 0 0 0 4096 1088 0 0 0 17 74 0 0 1 0 0 94586799193472 94586799240408 94586803888128 140726354426638 140726354426774 140726354426774 140726354427873 0
/proc/18/statm: 373531 329119 1075 456 0 371692 0
Current children cumulated CPU time: 997.83 s
Current children cumulated vsize: 1511808 KiB
Current children cumulated memory: 1329304 KiB

[startup+1062.3 s]
/proc/loadavg: 52.58 45.66 38.62 17/3103 18
/proc/meminfo: memFree=489315820/527542228 swapFree=33456124/33554428
[pid=16] ppid=13 vsize=17684 memory=12828 CPUtime=0.04 cores=74-79,85,87,90,93-94,96-98,186-191,197,199,202,205-206,208-210
/proc/16/stat : 16 (python3) S 13 16 0 0 -1 4194304 1882 0 96 0 3 1 0 0 20 0 1 0 53231886 18108416 3207 67087892480 4194304 7154137 140737026407984 0 0 0 0 16781312 2 1 0 0 17 75 0 0 8 0 0 9727432 11029816 41361408 140737026411339 140737026411437 140737026411437 140737026412519 0
/proc/16/statm: 4421 3207 1493 723 0 2063 0
[pid=18] ppid=16 vsize=1594916 memory=1437648 CPUtime=1057.52 cores=74-79,85,87,90,93-94,96-98,186-191,197,199,202,205-206,208-210
/proc/18/stat : 18 (bn4rust) R 16 16 0 0 -1 4194304 1181067 0 18 0 103803 1949 0 0 20 0 1 0 53231900 1633193984 359412 67087892480 94586797068288 94586798935409 140726354425696 0 0 0 0 4096 1088 0 0 0 17 74 0 0 1 0 0 94586799193472 94586799240408 94586803888128 140726354426638 140726354426774 140726354426774 140726354427873 0
/proc/18/statm: 398729 359412 1075 456 0 396890 0
Current children cumulated CPU time: 1057.56 s
Current children cumulated vsize: 1612600 KiB
Current children cumulated memory: 1450476 KiB

[startup+1122.3 s]
/proc/loadavg: 53.14 46.08 39.14 23/3193 18
/proc/meminfo: memFree=469635044/527542228 swapFree=33456124/33554428
[pid=16] ppid=13 vsize=17684 memory=12828 CPUtime=0.04 cores=74-79,85,87,90,93-94,96-98,186-191,197,199,202,205-206,208-210
/proc/16/stat : 16 (python3) S 13 16 0 0 -1 4194304 1882 0 96 0 3 1 0 0 20 0 1 0 53231886 18108416 3207 67087892480 4194304 7154137 140737026407984 0 0 0 0 16781312 2 1 0 0 17 75 0 0 8 0 0 9727432 11029816 41361408 140737026411339 140737026411437 140737026411437 140737026412519 0
/proc/16/statm: 4421 3207 1493 723 0 2063 0
[pid=18] ppid=16 vsize=1591472 memory=1400648 CPUtime=1117.29 cores=74-79,85,87,90,93-94,96-98,186-191,197,199,202,205-206,208-210
/proc/18/stat : 18 (bn4rust) R 16 16 0 0 -1 4194304 1216663 0 18 0 109645 2084 0 0 20 0 1 0 53231900 1629667328 350162 67087892480 94586797068288 94586798935409 140726354425696 0 0 0 0 4096 1088 0 0 0 17 74 0 0 1 0 0 94586799193472 94586799240408 94586803888128 140726354426638 140726354426774 140726354426774 140726354427873 0
/proc/18/statm: 397868 350162 1075 456 0 396029 0
Current children cumulated CPU time: 1117.33 s
Current children cumulated vsize: 1609156 KiB
Current children cumulated memory: 1413476 KiB

[startup+1182.3 s]
/proc/loadavg: 39.55 42.65 38.36 92/3294 18
/proc/meminfo: memFree=459051996/527542228 swapFree=33456124/33554428
[pid=16] ppid=13 vsize=17684 memory=12828 CPUtime=0.04 cores=74-79,85,87,90,93-94,96-98,186-191,197,199,202,205-206,208-210
/proc/16/stat : 16 (python3) S 13 16 0 0 -1 4194304 1882 0 96 0 3 1 0 0 20 0 1 0 53231886 18108416 3207 67087892480 4194304 7154137 140737026407984 0 0 0 0 16781312 2 1 0 0 17 75 0 0 8 0 0 9727432 11029816 41361408 140737026411339 140737026411437 140737026411437 140737026412519 0
/proc/16/statm: 4421 3207 1493 723 0 2063 0
[pid=18] ppid=16 vsize=846944 memory=713220 CPUtime=1177.1 cores=74-79,85,87,90,93-94,96-98,186-191,197,199,202,205-206,208-210
/proc/18/stat : 18 (bn4rust) R 16 16 0 0 -1 4194304 1267132 0 18 0 115507 2203 0 0 20 0 1 0 53231900 867270656 178305 67087892480 94586797068288 94586798935409 140726354425696 0 0 0 0 4096 1088 0 0 0 17 186 0 0 1 0 0 94586799193472 94586799240408 94586803888128 140726354426638 140726354426774 140726354426774 140726354427873 0
/proc/18/statm: 211736 178305 1075 456 0 209897 0
Current children cumulated CPU time: 1177.14 s
Current children cumulated vsize: 864628 KiB
Current children cumulated memory: 726048 KiB

[startup+1242.3 s]
/proc/loadavg: 29.74 40.00 37.76 87/3275 18
/proc/meminfo: memFree=460270340/527542228 swapFree=33456124/33554428
[pid=16] ppid=13 vsize=17684 memory=12828 CPUtime=0.04 cores=74-79,85,87,90,93-94,96-98,186-191,197,199,202,205-206,208-210
/proc/16/stat : 16 (python3) S 13 16 0 0 -1 4194304 1882 0 96 0 3 1 0 0 20 0 1 0 53231886 18108416 3207 67087892480 4194304 7154137 140737026407984 0 0 0 0 16781312 2 1 0 0 17 75 0 0 8 0 0 9727432 11029816 41361408 140737026411339 140737026411437 140737026411437 140737026412519 0
/proc/16/statm: 4421 3207 1493 723 0 2063 0
[pid=18] ppid=16 vsize=1703560 memory=1528472 CPUtime=1236.88 cores=74-79,85,87,90,93-94,96-98,186-191,197,199,202,205-206,208-210
/proc/18/stat : 18 (bn4rust) R 16 16 0 0 -1 4194304 1331879 0 18 0 121397 2291 0 0 20 0 1 0 53231900 1744445440 382118 67087892480 94586797068288 94586798935409 140726354425696 0 0 0 0 4096 1088 0 0 0 17 186 0 0 1 0 0 94586799193472 94586799240408 94586803888128 140726354426638 140726354426774 140726354426774 140726354427873 0
/proc/18/statm: 425890 382118 1075 456 0 424051 0
Current children cumulated CPU time: 1236.92 s
Current children cumulated vsize: 1721244 KiB
Current children cumulated memory: 1541300 KiB

[startup+1302.3 s]
/proc/loadavg: 28.93 38.92 37.59 19/3145 18
/proc/meminfo: memFree=481199120/527542228 swapFree=33456124/33554428
[pid=16] ppid=13 vsize=17684 memory=12828 CPUtime=0.04 cores=74-79,85,87,90,93-94,96-98,186-191,197,199,202,205-206,208-210
/proc/16/stat : 16 (python3) S 13 16 0 0 -1 4194304 1882 0 96 0 3 1 0 0 20 0 1 0 53231886 18108416 3207 67087892480 4194304 7154137 140737026407984 0 0 0 0 16781312 2 1 0 0 17 75 0 0 8 0 0 9727432 11029816 41361408 140737026411339 140737026411437 140737026411437 140737026412519 0
/proc/16/statm: 4421 3207 1493 723 0 2063 0
[pid=18] ppid=16 vsize=1027880 memory=865160 CPUtime=1296.66 cores=74-79,85,87,90,93-94,96-98,186-191,197,199,202,205-206,208-210
/proc/18/stat : 18 (bn4rust) R 16 16 0 0 -1 4194304 1391238 0 18 0 127272 2394 0 0 20 0 1 0 53231900 1052549120 216290 67087892480 94586797068288 94586798935409 140726354425696 0 0 0 0 4096 1088 0 0 0 17 74 0 0 1 0 0 94586799193472 94586799240408 94586803888128 140726354426638 140726354426774 140726354426774 140726354427873 0
/proc/18/statm: 256970 216290 1075 456 0 255131 0
Current children cumulated CPU time: 1296.7 s
Current children cumulated vsize: 1045564 KiB
Current children cumulated memory: 877988 KiB

[startup+1362.3 s]
/proc/loadavg: 36.70 40.24 38.18 14/3004 18
/proc/meminfo: memFree=498666716/527542228 swapFree=33456124/33554428
[pid=16] ppid=13 vsize=17684 memory=12828 CPUtime=0.04 cores=74-79,85,87,90,93-94,96-98,186-191,197,199,202,205-206,208-210
/proc/16/stat : 16 (python3) S 13 16 0 0 -1 4194304 1882 0 96 0 3 1 0 0 20 0 1 0 53231886 18108416 3207 67087892480 4194304 7154137 140737026407984 0 0 0 0 16781312 2 1 0 0 17 75 0 0 8 0 0 9727432 11029816 41361408 140737026411339 140737026411437 140737026411437 140737026412519 0
/proc/16/statm: 4421 3207 1493 723 0 2063 0
[pid=18] ppid=16 vsize=1756796 memory=1418264 CPUtime=1356.41 cores=74-79,85,87,90,93-94,96-98,186-191,197,199,202,205-206,208-210
/proc/18/stat : 18 (bn4rust) R 16 16 0 0 -1 4194304 1422110 0 18 0 133128 2513 0 0 20 0 1 0 53231900 1798959104 354566 67087892480 94586797068288 94586798935409 140726354425696 0 0 0 0 4096 1088 0 0 0 17 74 0 0 1 0 0 94586799193472 94586799240408 94586803888128 140726354426638 140726354426774 140726354426774 140726354427873 0
/proc/18/statm: 439199 354566 1075 456 0 437360 0
Current children cumulated CPU time: 1356.45 s
Current children cumulated vsize: 1774480 KiB
Current children cumulated memory: 1431092 KiB

[startup+1422.3 s]
/proc/loadavg: 42.93 40.78 38.46 80/4870 18
/proc/meminfo: memFree=423088996/527542228 swapFree=33456124/33554428
[pid=16] ppid=13 vsize=17684 memory=12828 CPUtime=0.04 cores=74-79,85,87,90,93-94,96-98,186-191,197,199,202,205-206,208-210
/proc/16/stat : 16 (python3) S 13 16 0 0 -1 4194304 1882 0 96 0 3 1 0 0 20 0 1 0 53231886 18108416 3207 67087892480 4194304 7154137 140737026407984 0 0 0 0 16781312 2 1 0 0 17 75 0 0 8 0 0 9727432 11029816 41361408 140737026411339 140737026411437 140737026411437 140737026412519 0
/proc/16/statm: 4421 3207 1493 723 0 2063 0
[pid=18] ppid=16 vsize=1794036 memory=1473900 CPUtime=1416.16 cores=74-79,85,87,90,93-94,96-98,186-191,197,199,202,205-206,208-210
/proc/18/stat : 18 (bn4rust) R 16 16 0 0 -1 4194304 1447720 0 18 0 139004 2612 0 0 20 0 1 0 53231900 1837092864 368475 67087892480 94586797068288 94586798935409 140726354425696 0 0 0 0 4096 1088 0 0 0 17 74 0 0 1 0 0 94586799193472 94586799240408 94586803888128 140726354426638 140726354426774 140726354426774 140726354427873 0
/proc/18/statm: 448509 368475 1075 456 0 446670 0
Current children cumulated CPU time: 1416.2 s
Current children cumulated vsize: 1811720 KiB
Current children cumulated memory: 1486728 KiB

[startup+1482.3 s]
/proc/loadavg: 35.20 39.49 38.19 15/3163 18
/proc/meminfo: memFree=487794992/527542228 swapFree=33456124/33554428
[pid=16] ppid=13 vsize=17684 memory=12828 CPUtime=0.04 cores=74-79,85,87,90,93-94,96-98,186-191,197,199,202,205-206,208-210
/proc/16/stat : 16 (python3) S 13 16 0 0 -1 4194304 1882 0 96 0 3 1 0 0 20 0 1 0 53231886 18108416 3207 67087892480 4194304 7154137 140737026407984 0 0 0 0 16781312 2 1 0 0 17 75 0 0 8 0 0 9727432 11029816 41361408 140737026411339 140737026411437 140737026411437 140737026412519 0
/proc/16/statm: 4421 3207 1493 723 0 2063 0
[pid=18] ppid=16 vsize=1897816 memory=1543956 CPUtime=1475.9 cores=74-79,85,87,90,93-94,96-98,186-191,197,199,202,205-206,208-210
/proc/18/stat : 18 (bn4rust) R 16 16 0 0 -1 4194304 1468925 0 18 0 144882 2708 0 0 20 0 1 0 53231900 1943363584 385989 67087892480 94586797068288 94586798935409 140726354425696 0 0 0 0 4096 1088 0 0 0 17 74 0 0 1 0 0 94586799193472 94586799240408 94586803888128 140726354426638 140726354426774 140726354426774 140726354427873 0
/proc/18/statm: 474454 385989 1075 456 0 472615 0
Current children cumulated CPU time: 1475.94 s
Current children cumulated vsize: 1915500 KiB
Current children cumulated memory: 1556784 KiB

[startup+1542.3 s]
/proc/loadavg: 25.83 35.90 37.03 34/3253 18
/proc/meminfo: memFree=473220888/527542228 swapFree=33456124/33554428
[pid=16] ppid=13 vsize=17684 memory=12828 CPUtime=0.04 cores=74-79,85,87,90,93-94,96-98,186-191,197,199,202,205-206,208-210
/proc/16/stat : 16 (python3) S 13 16 0 0 -1 4194304 1882 0 96 0 3 1 0 0 20 0 1 0 53231886 18108416 3207 67087892480 4194304 7154137 140737026407984 0 0 0 0 16781312 2 1 0 0 17 75 0 0 8 0 0 9727432 11029816 41361408 140737026411339 140737026411437 140737026411437 140737026412519 0
/proc/16/statm: 4421 3207 1493 723 0 2063 0
[pid=18] ppid=16 vsize=1848820 memory=1526480 CPUtime=1535.67 cores=74-79,85,87,90,93-94,96-98,186-191,197,199,202,205-206,208-210
/proc/18/stat : 18 (bn4rust) R 16 16 0 0 -1 4194304 1546191 0 18 0 150736 2831 0 0 20 0 1 0 53231900 1893191680 381620 67087892480 94586797068288 94586798935409 140726354425696 0 0 0 0 4096 1088 0 0 0 17 98 0 0 1 0 0 94586799193472 94586799240408 94586803888128 140726354426638 140726354426774 140726354426774 140726354427873 0
/proc/18/statm: 462205 381620 1075 456 0 460366 0
Current children cumulated CPU time: 1535.71 s
Current children cumulated vsize: 1866504 KiB
Current children cumulated memory: 1539308 KiB

[startup+1602.3 s]
/proc/loadavg: 28.51 34.84 36.59 15/3206 18
/proc/meminfo: memFree=469563060/527542228 swapFree=33456124/33554428
[pid=16] ppid=13 vsize=17684 memory=12828 CPUtime=0.04 cores=74-79,85,87,90,93-94,96-98,186-191,197,199,202,205-206,208-210
/proc/16/stat : 16 (python3) S 13 16 0 0 -1 4194304 1882 0 96 0 3 1 0 0 20 0 1 0 53231886 18108416 3207 67087892480 4194304 7154137 140737026407984 0 0 0 0 16781312 2 1 0 0 17 75 0 0 8 0 0 9727432 11029816 41361408 140737026411339 140737026411437 140737026411437 140737026412519 0
/proc/16/statm: 4421 3207 1493 723 0 2063 0
[pid=18] ppid=16 vsize=630592 memory=502372 CPUtime=1595.37 cores=74-79,85,87,90,93-94,96-98,186-191,197,199,202,205-206,208-210
/proc/18/stat : 18 (bn4rust) R 16 16 0 0 -1 4194304 1570570 0 18 0 156608 2929 0 0 20 0 1 0 53231900 645726208 125593 67087892480 94586797068288 94586798935409 140726354425696 0 0 0 0 4096 1088 0 0 0 17 98 0 0 1 0 0 94586799193472 94586799240408 94586803888128 140726354426638 140726354426774 140726354426774 140726354427873 0
/proc/18/statm: 157648 125593 1075 456 0 155809 0
Current children cumulated CPU time: 1595.41 s
Current children cumulated vsize: 648276 KiB
Current children cumulated memory: 515200 KiB

[startup+1662.3 s]
/proc/loadavg: 28.49 33.57 36.04 19/3196 18
/proc/meminfo: memFree=487282888/527542228 swapFree=33456124/33554428
[pid=16] ppid=13 vsize=17684 memory=12828 CPUtime=0.04 cores=74-79,85,87,90,93-94,96-98,186-191,197,199,202,205-206,208-210
/proc/16/stat : 16 (python3) S 13 16 0 0 -1 4194304 1882 0 96 0 3 1 0 0 20 0 1 0 53231886 18108416 3207 67087892480 4194304 7154137 140737026407984 0 0 0 0 16781312 2 1 0 0 17 75 0 0 8 0 0 9727432 11029816 41361408 140737026411339 140737026411437 140737026411437 140737026412519 0
/proc/16/statm: 4421 3207 1493 723 0 2063 0
[pid=18] ppid=16 vsize=2000308 memory=1659976 CPUtime=1655.1 cores=74-79,85,87,90,93-94,96-98,186-191,197,199,202,205-206,208-210
/proc/18/stat : 18 (bn4rust) R 16 16 0 0 -1 4194304 1596138 0 18 0 162483 3027 0 0 20 0 1 0 53231900 2048315392 414994 67087892480 94586797068288 94586798935409 140726354425696 0 0 0 0 4096 1088 0 0 0 17 98 0 0 1 0 0 94586799193472 94586799240408 94586803888128 140726354426638 140726354426774 140726354426774 140726354427873 0
/proc/18/statm: 500077 414994 1075 456 0 498238 0
Current children cumulated CPU time: 1655.14 s
Current children cumulated vsize: 2017992 KiB
Current children cumulated memory: 1672804 KiB

[startup+1722.3 s]
/proc/loadavg: 25.56 31.76 35.26 25/3223 18
/proc/meminfo: memFree=486473020/527542228 swapFree=33456124/33554428
[pid=16] ppid=13 vsize=17684 memory=12828 CPUtime=0.04 cores=74-79,85,87,90,93-94,96-98,186-191,197,199,202,205-206,208-210
/proc/16/stat : 16 (python3) S 13 16 0 0 -1 4194304 1882 0 96 0 3 1 0 0 20 0 1 0 53231886 18108416 3207 67087892480 4194304 7154137 140737026407984 0 0 0 0 16781312 2 1 0 0 17 75 0 0 8 0 0 9727432 11029816 41361408 140737026411339 140737026411437 140737026411437 140737026412519 0
/proc/16/statm: 4421 3207 1493 723 0 2063 0
[pid=18] ppid=16 vsize=630592 memory=511452 CPUtime=1714.85 cores=74-79,85,87,90,93-94,96-98,186-191,197,199,202,205-206,208-210
/proc/18/stat : 18 (bn4rust) R 16 16 0 0 -1 4194304 1617369 0 18 0 168373 3112 0 0 20 0 1 0 53231900 645726208 127863 67087892480 94586797068288 94586798935409 140726354425696 0 0 0 0 4096 1088 0 0 0 17 98 0 0 1 0 0 94586799193472 94586799240408 94586803888128 140726354426638 140726354426774 140726354426774 140726354427873 0
/proc/18/statm: 157648 127863 1075 456 0 155809 0
Current children cumulated CPU time: 1714.89 s
Current children cumulated vsize: 648276 KiB
Current children cumulated memory: 524280 KiB

[startup+1782.3 s]
/proc/loadavg: 24.04 30.27 34.53 21/3180 18
/proc/meminfo: memFree=477954624/527542228 swapFree=33456124/33554428
[pid=16] ppid=13 vsize=17684 memory=12828 CPUtime=0.04 cores=74-79,85,87,90,93-94,96-98,186-191,197,199,202,205-206,208-210
/proc/16/stat : 16 (python3) S 13 16 0 0 -1 4194304 1882 0 96 0 3 1 0 0 20 0 1 0 53231886 18108416 3207 67087892480 4194304 7154137 140737026407984 0 0 0 0 16781312 2 1 0 0 17 75 0 0 8 0 0 9727432 11029816 41361408 140737026411339 140737026411437 140737026411437 140737026412519 0
/proc/16/statm: 4421 3207 1493 723 0 2063 0
[pid=18] ppid=16 vsize=2201868 memory=1715636 CPUtime=1774.63 cores=74-79,85,87,90,93-94,96-98,186-191,197,199,202,205-206,208-210
/proc/18/stat : 18 (bn4rust) R 16 16 0 0 -1 4194304 1642319 0 18 0 174256 3207 0 0 20 0 1 0 53231900 2254712832 428909 67087892480 94586797068288 94586798935409 140726354425696 0 0 0 0 4096 1088 0 0 0 17 98 0 0 1 0 0 94586799193472 94586799240408 94586803888128 140726354426638 140726354426774 140726354426774 140726354427873 0
/proc/18/statm: 550467 428909 1075 456 0 548628 0
Current children cumulated CPU time: 1774.67 s
Current children cumulated vsize: 2219552 KiB
Current children cumulated memory: 1728464 KiB



Maximum wall clock time exceeded: sending SIGTERM then SIGKILL

[startup+1800 s]*
/proc/loadavg: 23.61 29.76 34.27 22/3180 18
/proc/meminfo: memFree=476048796/527542228 swapFree=33456124/33554428
[pid=16] ppid=13 vsize=17684 memory=12828 CPUtime=0.04 cores=74-79,85,87,90,93-94,96-98,186-191,197,199,202,205-206,208-210
/proc/16/stat : 16 (python3) S 13 16 0 0 -1 4194304 1882 0 96 0 3 1 0 0 20 0 1 0 53231886 18108416 3207 67087892480 4194304 7154137 140737026407984 0 0 0 0 16781312 2 1 0 0 17 75 0 0 8 0 0 9727432 11029816 41361408 140737026411339 140737026411437 140737026411437 140737026412519 0
/proc/16/statm: 4421 3207 1493 723 0 2063 0
[pid=18] ppid=16 vsize=2202108 memory=1711956 CPUtime=1792.28 cores=74-79,85,87,90,93-94,96-98,186-191,197,199,202,205-206,208-210
/proc/18/stat : 18 (bn4rust) R 16 16 0 0 -1 4194304 1649629 0 18 0 175994 3234 0 0 20 0 1 0 53231900 2254958592 427989 67087892480 94586797068288 94586798935409 140726354425696 0 0 0 0 4096 1088 0 0 0 17 98 0 0 1 0 0 94586799193472 94586799240408 94586803888128 140726354426638 140726354426774 140726354426774 140726354427873 0
/proc/18/statm: 550527 427989 1075 456 0 548688 0
Current children cumulated CPU time: 1792.32 s
Current children cumulated vsize: 2219792 KiB
Current children cumulated memory: 1724784 KiB

Sending SIGTERM to process tree (bottom up)
Sleeping 2 seconds

[startup+1800.01 s]
# the end of solver process 16 was just reported to runsolver
# cumulated CPU time of all completed processes:  user=0.031163 s, system=0.016359 s

[startup+1800.02 s]
# the end of solver process 18 was just reported to runsolver
# cumulated CPU time of all completed processes:  user=1759.97 s, system=32.3746 s
# this solver process was not waited by its parent and was adopted by runsolver

Solver just ended.
??? end of watcher thread
Dumping a history of the last processes samples

Child ended because it received signal 15 (SIGTERM)
Real time (s): 1800.02
CPU time (s): 1792.35
CPU user time (s): 1759.97
CPU system time (s): 32.3746
CPU usage (%): 99.574
Max. virtual memory (cumulated for all children) (KiB): 3062992
Max. memory (cumulated for all children) (KiB): 2609820

getrusage(RUSAGE_CHILDREN,...) data:
user time used= 1759.97
system time used= 32.3746
maximum resident set size= 2615404
integral shared memory size= 0
integral unshared data size= 0
integral unshared stack size= 0
page reclaims= 1651511
page faults= 114
swaps= 0
block input operations= 19520
block output operations= 8
messages sent= 0
messages received= 0
signals received= 0
voluntary context switches= 977
involuntary context switches= 15327


# summary of solver processes directly reported to runsolver:
#   pid: 16,18
#   total CPU time (s): 1792.35
#   total CPU user time (s): 1759.97
#   total CPU system time (s): 32.3746

??? join timestamper begins
??? join timestamper ends
??? end of timestamper thread
runsolver used 1.44937 second user time and 2.33965 second system time

The end
