# WCTIME: wall clock time in seconds
WCTIME=421.094
# CPUTIME: CPU time in seconds (USERTIME+SYSTEMTIME)
CPUTIME=418.026
# USERTIME: CPU time spent in user mode in seconds
USERTIME=417.705
# SYSTEMTIME: CPU time spent in system mode in seconds
SYSTEMTIME=0.321644
# CPUUSAGE: CPUTIME/WCTIME in percent
CPUUSAGE=99.2716
# MAXVM: maximum virtual memory used in KiB
MAXVM=336164
# MAXMM: maximum memory used in KiB
MAXMM=147512
# MAXRSS: maximum Resident Segment Size in KiB
MAXRSS=75180
# TIMEOUT: did the solver exceed the time limit?
TIMEOUT=false
# MEMOUT: did the solver exceed the memory limit?
MEMOUT=false
# EXITSTATUS: Exit status of the solver
EXITSTATUS=0
