runsolver version 3.4.1 (svn: 3018) Copyright (C) 2010-2013 Olivier ROUSSEL

This program is distributed in the hope that it will be useful,
but WITHOUT ANY WARRANTY; without even the implied warranty of
MERCHANTABILITY or FITNESS FOR A PARTICULAR PURPOSE.  See the
GNU General Public License for more details.

NUMA information:
  number of nodes: 8
  memory of node 0: 63700 MiB (48184 MiB free)
  memory of node 1: 64504 MiB (50190 MiB free)
  memory of node 2: 64461 MiB (51250 MiB free)
  memory of node 3: 64504 MiB (51078 MiB free)
  memory of node 4: 64504 MiB (48031 MiB free)
  memory of node 5: 64504 MiB (59390 MiB free)
  memory of node 6: 64504 MiB (58963 MiB free)
  memory of node 7: 64491 MiB (62214 MiB free)
  node distances:
     10  12  12  12  21  21  21  21
     12  10  12  12  21  21  21  21
     12  12  10  12  21  21  21  21
     12  12  12  10  21  21  21  21
     21  21  21  21  10  12  12  12
     21  21  21  21  12  10  12  12
     21  21  21  21  12  12  10  12
     21  21  21  21  12  12  12  10

command line: /usr/local/bin/runsolver --timestamp -w /output/runsolver-watch.log -v /output/runsolver-values.log -o /output/solver-output.log -C 1800.0 -W 1800.0 -R 64000 /opt/solver/run_bn4rust.py --mode cyber-complement-gfp --instance /input/model_140.bnet 

running on 24 cores: 74,76-77,82,87-91,93-94,109,188-189,194,199-203,205-206,217,221

Enforcing CPUTime limit (soft limit, will send SIGTERM then SIGKILL): 1800 seconds
Enforcing CPUTime limit (hard limit, will send SIGXCPU): 1830 seconds
Enforcing wall clock limit (soft limit, will send SIGTERM then SIGKILL): 1800 seconds
Enforcing RSS+Swap limit (soft limit, will send SIGTERM then SIGKILL): 65536000 KiB
Linux 4.18.0-553.159.1.el8_10.x86_64
solver pid=17, runsolver pid=14
Current StackSize limit: 18014398509481983 KiB


[startup+0.100071 s]*
/proc/loadavg: 58.74 58.51 58.41 58/2877 18
/proc/meminfo: memFree=439592204/527542236 swapFree=33503740/33554428
[pid=17] ppid=14 vsize=15748 memory=9968 CPUtime=0.02 cores=70,74,76-77,82,87-91,93-94,105,109,182,186,188-189,194,199-203,205-206,217,221
/proc/17/stat : 17 (python3) D 14 17 0 0 -1 4194304 1369 0 81 0 2 0 0 0 20 0 1 0 53235997 16125952 2492 67087892480 4194304 7154137 140721235291056 0 0 0 0 16781312 2 0 0 0 17 202 0 0 6 0 0 9727432 11029816 17833984 140721235295053 140721235295149 140721235295149 140721235296231 0
/proc/17/statm: 3937 2492 1391 723 0 1673 0
Current children cumulated CPU time: 0.02 s
Current children cumulated vsize: 15748 KiB
Current children cumulated memory: 9968 KiB

[startup+0.200733 s]*
/proc/loadavg: 58.74 58.51 58.41 58/2878 19
/proc/meminfo: memFree=439581352/527542236 swapFree=33503740/33554428
[pid=17] ppid=14 vsize=17684 memory=12420 CPUtime=0.04 cores=70,74,76-77,82,87-91,93-94,105,109,182,186,188-189,194,199-203,205-206,217,221
/proc/17/stat : 17 (python3) S 14 17 0 0 -1 4194304 1891 0 96 0 3 1 0 0 20 0 1 0 53235997 18108416 3105 67087892480 4194304 7154137 140721235291056 0 0 0 0 16781312 2 1 0 0 17 202 0 0 8 0 0 9727432 11029816 17833984 140721235295053 140721235295149 140721235295149 140721235296231 0
/proc/17/statm: 4421 3105 1511 723 0 2063 0
[pid=19] ppid=17 vsize=14804 memory=8644 CPUtime=0.04 cores=70,74,76-77,82,87-91,93-94,105,109,182,186,188-189,194,199-203,205-206,217,221
/proc/19/stat : 19 (bn4rust) R 17 17 0 0 -1 4194304 2377 0 18 0 4 0 0 0 20 0 1 0 53236011 15159296 2161 67087892480 94710695768064 94710697635185 140736458500288 0 0 0 0 4096 1088 0 0 0 17 87 0 0 1 0 0 94710697893248 94710697940184 94710713430016 140736458504976 140736458505110 140736458505110 140736458506209 0
/proc/19/statm: 3701 2161 1073 456 0 1862 0
Current children cumulated CPU time: 0.08 s
Current children cumulated vsize: 32488 KiB
Current children cumulated memory: 21064 KiB

[startup+0.300576 s]*
/proc/loadavg: 58.74 58.51 58.41 58/2878 19
/proc/meminfo: memFree=439570420/527542236 swapFree=33503740/33554428
[pid=17] ppid=14 vsize=17684 memory=12420 CPUtime=0.04 cores=70,74,76-77,82,87-91,93-94,105,109,182,186,188-189,194,199-203,205-206,217,221
/proc/17/stat : 17 (python3) S 14 17 0 0 -1 4194304 1891 0 96 0 3 1 0 0 20 0 1 0 53235997 18108416 3105 67087892480 4194304 7154137 140721235291056 0 0 0 0 16781312 2 1 0 0 17 202 0 0 8 0 0 9727432 11029816 17833984 140721235295053 140721235295149 140721235295149 140721235296231 0
/proc/17/statm: 4421 3105 1511 723 0 2063 0
[pid=19] ppid=17 vsize=23944 memory=19300 CPUtime=0.14 cores=70,74,76-77,82,87-91,93-94,105,109,182,186,188-189,194,199-203,205-206,217,221
/proc/19/stat : 19 (bn4rust) R 17 17 0 0 -1 4194304 7710 0 18 0 13 1 0 0 20 0 1 0 53236011 24518656 4825 67087892480 94710695768064 94710697635185 140736458500288 0 0 0 0 4096 1088 0 0 0 17 87 0 0 1 0 0 94710697893248 94710697940184 94710713430016 140736458504976 140736458505110 140736458505110 140736458506209 0
/proc/19/statm: 5986 4825 1073 456 0 4147 0
Current children cumulated CPU time: 0.18 s
Current children cumulated vsize: 41628 KiB
Current children cumulated memory: 31720 KiB

[startup+0.700291 s]
/proc/loadavg: 58.74 58.51 58.41 72/2878 19
/proc/meminfo: memFree=439575744/527542236 swapFree=33503740/33554428
[pid=17] ppid=14 vsize=17684 memory=12420 CPUtime=0.04 cores=70,74,76-77,82,87-91,93-94,105,109,182,186,188-189,194,199-203,205-206,217,221
/proc/17/stat : 17 (python3) S 14 17 0 0 -1 4194304 1891 0 96 0 3 1 0 0 20 0 1 0 53235997 18108416 3105 67087892480 4194304 7154137 140721235291056 0 0 0 0 16781312 2 1 0 0 17 202 0 0 8 0 0 9727432 11029816 17833984 140721235295053 140721235295149 140721235295149 140721235296231 0
/proc/17/statm: 4421 3105 1511 723 0 2063 0
[pid=19] ppid=17 vsize=17328 memory=13784 CPUtime=0.53 cores=70,74,76-77,82,87-91,93-94,105,109,182,186,188-189,194,199-203,205-206,217,221
/proc/19/stat : 19 (bn4rust) R 17 17 0 0 -1 4194304 14480 0 18 0 51 2 0 0 20 0 1 0 53236011 17743872 3446 67087892480 94710695768064 94710697635185 140736458500288 0 0 0 0 4096 1088 0 0 0 17 87 0 0 1 0 0 94710697893248 94710697940184 94710713430016 140736458504976 140736458505110 140736458505110 140736458506209 0
/proc/19/statm: 4332 3446 1076 456 0 2493 0
Current children cumulated CPU time: 0.57 s
Current children cumulated vsize: 35012 KiB
Current children cumulated memory: 26204 KiB

[startup+1.50035 s]
/proc/loadavg: 58.74 58.51 58.41 58/2878 19
/proc/meminfo: memFree=439577444/527542236 swapFree=33503740/33554428
[pid=17] ppid=14 vsize=17684 memory=12420 CPUtime=0.04 cores=70,74,76-77,82,87-91,93-94,105,109,182,186,188-189,194,199-203,205-206,217,221
/proc/17/stat : 17 (python3) S 14 17 0 0 -1 4194304 1891 0 96 0 3 1 0 0 20 0 1 0 53235997 18108416 3105 67087892480 4194304 7154137 140721235291056 0 0 0 0 16781312 2 1 0 0 17 202 0 0 8 0 0 9727432 11029816 17833984 140721235295053 140721235295149 140721235295149 140721235296231 0
/proc/17/statm: 4421 3105 1511 723 0 2063 0
[pid=19] ppid=17 vsize=16732 memory=13380 CPUtime=1.32 cores=70,74,76-77,82,87-91,93-94,105,109,182,186,188-189,194,199-203,205-206,217,221
/proc/19/stat : 19 (bn4rust) R 17 17 0 0 -1 4194304 26873 0 18 0 128 4 0 0 20 0 1 0 53236011 17133568 3345 67087892480 94710695768064 94710697635185 140736458500288 0 0 0 0 4096 1088 0 0 0 17 87 0 0 1 0 0 94710697893248 94710697940184 94710713430016 140736458504976 140736458505110 140736458505110 140736458506209 0
/proc/19/statm: 4183 3345 1076 456 0 2344 0
Current children cumulated CPU time: 1.36 s
Current children cumulated vsize: 34416 KiB
Current children cumulated memory: 25800 KiB

[startup+3.10053 s]
/proc/loadavg: 58.60 58.48 58.40 58/2878 19
/proc/meminfo: memFree=439579068/527542236 swapFree=33503740/33554428
[pid=17] ppid=14 vsize=17684 memory=12420 CPUtime=0.04 cores=70,74,76-77,82,87-91,93-94,105,109,182,186,188-189,194,199-203,205-206,217,221
/proc/17/stat : 17 (python3) S 14 17 0 0 -1 4194304 1892 0 96 0 3 1 0 0 20 0 1 0 53235997 18108416 3105 67087892480 4194304 7154137 140721235291056 0 0 0 0 16781312 2 1 0 0 17 202 0 0 8 0 0 9727432 11029816 17833984 140721235295053 140721235295149 140721235295149 140721235296231 0
/proc/17/statm: 4421 3105 1511 723 0 2063 0
[pid=19] ppid=17 vsize=15816 memory=12276 CPUtime=2.92 cores=70,74,76-77,82,87-91,93-94,105,109,182,186,188-189,194,199-203,205-206,217,221
/proc/19/stat : 19 (bn4rust) R 17 17 0 0 -1 4194304 48245 0 18 0 284 8 0 0 20 0 1 0 53236011 16195584 3069 67087892480 94710695768064 94710697635185 140736458500288 0 0 0 0 4096 1088 0 0 0 17 87 0 0 1 0 0 94710697893248 94710697940184 94710713430016 140736458504976 140736458505110 140736458505110 140736458506209 0
/proc/19/statm: 3954 3069 1076 456 0 2115 0
Current children cumulated CPU time: 2.96 s
Current children cumulated vsize: 33500 KiB
Current children cumulated memory: 24696 KiB

[startup+6.30035 s]
/proc/loadavg: 58.60 58.48 58.40 58/2878 19
/proc/meminfo: memFree=439574336/527542236 swapFree=33503740/33554428
[pid=17] ppid=14 vsize=17684 memory=12420 CPUtime=0.04 cores=70,74,76-77,82,87-91,93-94,105,109,182,186,188-189,194,199-203,205-206,217,221
/proc/17/stat : 17 (python3) S 14 17 0 0 -1 4194304 1892 0 96 0 3 1 0 0 20 0 1 0 53235997 18108416 3105 67087892480 4194304 7154137 140721235291056 0 0 0 0 16781312 2 1 0 0 17 202 0 0 8 0 0 9727432 11029816 17833984 140721235295053 140721235295149 140721235295149 140721235296231 0
/proc/17/statm: 4421 3105 1511 723 0 2063 0
[pid=19] ppid=17 vsize=28808 memory=24160 CPUtime=6.1 cores=70,74,76-77,82,87-91,93-94,105,109,182,186,188-189,194,199-203,205-206,217,221
/proc/19/stat : 19 (bn4rust) R 17 17 0 0 -1 4194304 78203 0 18 0 595 15 0 0 20 0 1 0 53236011 29499392 6040 67087892480 94710695768064 94710697635185 140736458500288 0 0 0 0 4096 1088 0 0 0 17 87 0 0 1 0 0 94710697893248 94710697940184 94710713430016 140736458504976 140736458505110 140736458505110 140736458506209 0
/proc/19/statm: 7202 6040 1076 456 0 5363 0
Current children cumulated CPU time: 6.14 s
Current children cumulated vsize: 46492 KiB
Current children cumulated memory: 36580 KiB

[startup+12.7004 s]
/proc/loadavg: 58.35 58.43 58.38 58/2876 19
/proc/meminfo: memFree=439563340/527542236 swapFree=33503740/33554428
[pid=17] ppid=14 vsize=17684 memory=12420 CPUtime=0.04 cores=70,74,76-77,82,87-91,93-94,105,109,182,186,188-189,194,199-203,205-206,217,221
/proc/17/stat : 17 (python3) S 14 17 0 0 -1 4194304 1892 0 96 0 3 1 0 0 20 0 1 0 53235997 18108416 3105 67087892480 4194304 7154137 140721235291056 0 0 0 0 16781312 2 1 0 0 17 202 0 0 8 0 0 9727432 11029816 17833984 140721235295053 140721235295149 140721235295149 140721235296231 0
/proc/17/statm: 4421 3105 1511 723 0 2063 0
[pid=19] ppid=17 vsize=23624 memory=19932 CPUtime=12.47 cores=70,74,76-77,82,87-91,93-94,105,109,182,186,188-189,194,199-203,205-206,217,221
/proc/19/stat : 19 (bn4rust) R 17 17 0 0 -1 4194304 104000 0 18 0 1226 21 0 0 20 0 1 0 53236011 24190976 4983 67087892480 94710695768064 94710697635185 140736458500288 0 0 0 0 4096 1088 0 0 0 17 87 0 0 1 0 0 94710697893248 94710697940184 94710713430016 140736458504976 140736458505110 140736458505110 140736458506209 0
/proc/19/statm: 5906 4983 1076 456 0 4067 0
Current children cumulated CPU time: 12.51 s
Current children cumulated vsize: 41308 KiB
Current children cumulated memory: 32352 KiB

[startup+25.5003 s]
/proc/loadavg: 58.14 58.38 58.37 58/2876 19
/proc/meminfo: memFree=439432356/527542236 swapFree=33503740/33554428
[pid=17] ppid=14 vsize=17684 memory=12420 CPUtime=0.04 cores=70,74,76-77,82,87-91,93-94,105,109,182,186,188-189,194,199-203,205-206,217,221
/proc/17/stat : 17 (python3) S 14 17 0 0 -1 4194304 1892 0 96 0 3 1 0 0 20 0 1 0 53235997 18108416 3105 67087892480 4194304 7154137 140721235291056 0 0 0 0 16781312 2 1 0 0 17 202 0 0 8 0 0 9727432 11029816 17833984 140721235295053 140721235295149 140721235295149 140721235296231 0
/proc/17/statm: 4421 3105 1511 723 0 2063 0
[pid=19] ppid=17 vsize=39780 memory=36256 CPUtime=25.21 cores=70,74,76-77,82,87-91,93-94,105,109,182,186,188-189,194,199-203,205-206,217,221
/proc/19/stat : 19 (bn4rust) R 17 17 0 0 -1 4194304 144497 0 18 0 2489 32 0 0 20 0 1 0 53236011 40734720 9064 67087892480 94710695768064 94710697635185 140736458500288 0 0 0 0 4096 1088 0 0 0 17 87 0 0 1 0 0 94710697893248 94710697940184 94710713430016 140736458504976 140736458505110 140736458505110 140736458506209 0
/proc/19/statm: 9945 9064 1076 456 0 8106 0
Current children cumulated CPU time: 25.25 s
Current children cumulated vsize: 57464 KiB
Current children cumulated memory: 48676 KiB

[startup+51.1007 s]
/proc/loadavg: 57.94 58.32 58.35 58/2875 19
/proc/meminfo: memFree=439138896/527542236 swapFree=33503740/33554428
[pid=17] ppid=14 vsize=17684 memory=12420 CPUtime=0.04 cores=70,74,76-77,82,87-91,93-94,105,109,182,186,188-189,194,199-203,205-206,217,221
/proc/17/stat : 17 (python3) S 14 17 0 0 -1 4194304 1892 0 96 0 3 1 0 0 20 0 1 0 53235997 18108416 3105 67087892480 4194304 7154137 140721235291056 0 0 0 0 16781312 2 1 0 0 17 202 0 0 8 0 0 9727432 11029816 17833984 140721235295053 140721235295149 140721235295149 140721235296231 0
/proc/17/statm: 4421 3105 1511 723 0 2063 0
[pid=19] ppid=17 vsize=69384 memory=65896 CPUtime=50.69 cores=70,74,76-77,82,87-91,93-94,105,109,182,186,188-189,194,199-203,205-206,217,221
/proc/19/stat : 19 (bn4rust) R 17 17 0 0 -1 4194304 199590 0 18 0 5017 52 0 0 20 0 1 0 53236011 71049216 16474 67087892480 94710695768064 94710697635185 140736458500288 0 0 0 0 4096 1088 0 0 0 17 87 0 0 1 0 0 94710697893248 94710697940184 94710713430016 140736458504976 140736458505110 140736458505110 140736458506209 0
/proc/19/statm: 17346 16474 1076 456 0 15507 0
Current children cumulated CPU time: 50.73 s
Current children cumulated vsize: 87068 KiB
Current children cumulated memory: 78316 KiB

[startup+102.3 s]
/proc/loadavg: 57.41 58.11 58.27 58/2873 19
/proc/meminfo: memFree=439110556/527542236 swapFree=33503740/33554428
[pid=17] ppid=14 vsize=17684 memory=12420 CPUtime=0.04 cores=70,74,76-77,82,87-91,93-94,105,109,182,186,188-189,194,199-203,205-206,217,221
/proc/17/stat : 17 (python3) S 14 17 0 0 -1 4194304 1892 0 96 0 3 1 0 0 20 0 1 0 53235997 18108416 3105 67087892480 4194304 7154137 140721235291056 0 0 0 0 16781312 2 1 0 0 17 202 0 0 8 0 0 9727432 11029816 17833984 140721235295053 140721235295149 140721235295149 140721235296231 0
/proc/17/statm: 4421 3105 1511 723 0 2063 0
[pid=19] ppid=17 vsize=88584 memory=81104 CPUtime=101.63 cores=70,74,76-77,82,87-91,93-94,105,109,182,186,188-189,194,199-203,205-206,217,221
/proc/19/stat : 19 (bn4rust) R 17 17 0 0 -1 4194304 249886 0 18 0 10093 70 0 0 20 0 1 0 53236011 90710016 20276 67087892480 94710695768064 94710697635185 140736458500288 0 0 0 0 4096 1088 0 0 0 17 87 0 0 1 0 0 94710697893248 94710697940184 94710713430016 140736458504976 140736458505110 140736458505110 140736458506209 0
/proc/19/statm: 22146 20276 1076 456 0 20307 0
Current children cumulated CPU time: 101.67 s
Current children cumulated vsize: 106268 KiB
Current children cumulated memory: 93524 KiB

[startup+162.3 s]
/proc/loadavg: 57.15 57.90 58.19 58/2866 19
/proc/meminfo: memFree=438998684/527542236 swapFree=33503740/33554428
[pid=17] ppid=14 vsize=17684 memory=12420 CPUtime=0.04 cores=70,74,76-77,82,87-91,93-94,105,109,182,186,188-189,194,199-203,205-206,217,221
/proc/17/stat : 17 (python3) S 14 17 0 0 -1 4194304 1892 0 96 0 3 1 0 0 20 0 1 0 53235997 18108416 3105 67087892480 4194304 7154137 140721235291056 0 0 0 0 16781312 2 1 0 0 17 202 0 0 8 0 0 9727432 11029816 17833984 140721235295053 140721235295149 140721235295149 140721235296231 0
/proc/17/statm: 4421 3105 1511 723 0 2063 0
[pid=19] ppid=17 vsize=108908 memory=101636 CPUtime=161.33 cores=70,74,76-77,82,87-91,93-94,105,109,182,186,188-189,194,199-203,205-206,217,221
/proc/19/stat : 19 (bn4rust) R 17 17 0 0 -1 4194304 357479 0 18 0 16015 118 0 0 20 0 1 0 53236011 111521792 25409 67087892480 94710695768064 94710697635185 140736458500288 0 0 0 0 4096 1088 0 0 0 17 199 0 0 1 0 0 94710697893248 94710697940184 94710713430016 140736458504976 140736458505110 140736458505110 140736458506209 0
/proc/19/statm: 27227 25409 1076 456 0 25388 0
Current children cumulated CPU time: 161.37 s
Current children cumulated vsize: 126592 KiB
Current children cumulated memory: 114056 KiB

[startup+222.3 s]
/proc/loadavg: 57.05 57.74 58.11 58/2868 19
/proc/meminfo: memFree=438805764/527542236 swapFree=33503740/33554428
[pid=17] ppid=14 vsize=17684 memory=12420 CPUtime=0.04 cores=70,74,76-77,82,87-91,93-94,105,109,182,186,188-189,194,199-203,205-206,217,221
/proc/17/stat : 17 (python3) S 14 17 0 0 -1 4194304 1893 0 96 0 3 1 0 0 20 0 1 0 53235997 18108416 3105 67087892480 4194304 7154137 140721235291056 0 0 0 0 16781312 2 1 0 0 17 202 0 0 8 0 0 9727432 11029816 17833984 140721235295053 140721235295149 140721235295149 140721235296231 0
/proc/17/statm: 4421 3105 1511 723 0 2063 0
[pid=19] ppid=17 vsize=159480 memory=145732 CPUtime=221.03 cores=70,74,76-77,82,87-91,93-94,105,109,182,186,188-189,194,199-203,205-206,217,221
/proc/19/stat : 19 (bn4rust) R 17 17 0 0 -1 4194304 435947 0 18 0 21945 158 0 0 20 0 1 0 53236011 163307520 36433 67087892480 94710695768064 94710697635185 140736458500288 0 0 0 0 4096 1088 0 0 0 17 199 0 0 1 0 0 94710697893248 94710697940184 94710713430016 140736458504976 140736458505110 140736458505110 140736458506209 0
/proc/19/statm: 39870 36433 1076 456 0 38031 0
Current children cumulated CPU time: 221.07 s
Current children cumulated vsize: 177164 KiB
Current children cumulated memory: 158152 KiB

[startup+282.3 s]
/proc/loadavg: 57.02 57.60 58.04 58/2862 19
/proc/meminfo: memFree=438794008/527542236 swapFree=33503740/33554428
[pid=17] ppid=14 vsize=17684 memory=12420 CPUtime=0.04 cores=70,74,76-77,82,87-91,93-94,105,109,182,186,188-189,194,199-203,205-206,217,221
/proc/17/stat : 17 (python3) S 14 17 0 0 -1 4194304 1893 0 96 0 3 1 0 0 20 0 1 0 53235997 18108416 3105 67087892480 4194304 7154137 140721235291056 0 0 0 0 16781312 2 1 0 0 17 202 0 0 8 0 0 9727432 11029816 17833984 140721235295053 140721235295149 140721235295149 140721235296231 0
/proc/17/statm: 4421 3105 1511 723 0 2063 0
[pid=19] ppid=17 vsize=119308 memory=115888 CPUtime=280.73 cores=70,74,76-77,82,87-91,93-94,105,109,182,186,188-189,194,199-203,205-206,217,221
/proc/19/stat : 19 (bn4rust) R 17 17 0 0 -1 4194304 538584 0 18 0 27863 210 0 0 20 0 1 0 53236011 122171392 28972 67087892480 94710695768064 94710697635185 140736458500288 0 0 0 0 4096 1088 0 0 0 17 199 0 0 1 0 0 94710697893248 94710697940184 94710713430016 140736458504976 140736458505110 140736458505110 140736458506209 0
/proc/19/statm: 29827 28972 1076 456 0 27988 0
Current children cumulated CPU time: 280.77 s
Current children cumulated vsize: 136992 KiB
Current children cumulated memory: 128308 KiB

[startup+342.3 s]
/proc/loadavg: 57.00 57.49 57.97 58/2861 19
/proc/meminfo: memFree=439685268/527542236 swapFree=33503740/33554428
[pid=17] ppid=14 vsize=17684 memory=12420 CPUtime=0.04 cores=70,74,76-77,82,87-91,93-94,105,109,182,186,188-189,194,199-203,205-206,217,221
/proc/17/stat : 17 (python3) S 14 17 0 0 -1 4194304 1893 0 96 0 3 1 0 0 20 0 1 0 53235997 18108416 3105 67087892480 4194304 7154137 140721235291056 0 0 0 0 16781312 2 1 0 0 17 202 0 0 8 0 0 9727432 11029816 17833984 140721235295053 140721235295149 140721235295149 140721235296231 0
/proc/17/statm: 4421 3105 1511 723 0 2063 0
[pid=19] ppid=17 vsize=88584 memory=85092 CPUtime=340.42 cores=70,74,76-77,82,87-91,93-94,105,109,182,186,188-189,194,199-203,205-206,217,221
/proc/19/stat : 19 (bn4rust) R 17 17 0 0 -1 4194304 623004 0 18 0 33790 252 0 0 20 0 1 0 53236011 90710016 21273 67087892480 94710695768064 94710697635185 140736458500288 0 0 0 0 4096 1088 0 0 0 17 199 0 0 1 0 0 94710697893248 94710697940184 94710713430016 140736458504976 140736458505110 140736458505110 140736458506209 0
/proc/19/statm: 22146 21273 1076 456 0 20307 0
Current children cumulated CPU time: 340.46 s
Current children cumulated vsize: 106268 KiB
Current children cumulated memory: 97512 KiB

[startup+402.3 s]
/proc/loadavg: 57.00 57.40 57.91 58/2860 19
/proc/meminfo: memFree=440793296/527542236 swapFree=33503740/33554428
[pid=17] ppid=14 vsize=17684 memory=12420 CPUtime=0.04 cores=70,74,76-77,82,87-91,93-94,105,109,182,186,188-189,194,199-203,205-206,217,221
/proc/17/stat : 17 (python3) S 14 17 0 0 -1 4194304 1893 0 96 0 3 1 0 0 20 0 1 0 53235997 18108416 3105 67087892480 4194304 7154137 140721235291056 0 0 0 0 16781312 2 1 0 0 17 202 0 0 8 0 0 9727432 11029816 17833984 140721235295053 140721235295149 140721235295149 140721235296231 0
/proc/17/statm: 4421 3105 1511 723 0 2063 0
[pid=19] ppid=17 vsize=70664 memory=67296 CPUtime=400.1 cores=70,74,76-77,82,87-91,93-94,105,109,182,186,188-189,194,199-203,205-206,217,221
/proc/19/stat : 19 (bn4rust) R 17 17 0 0 -1 4194304 660134 0 18 0 39741 269 0 0 20 0 1 0 53236011 72359936 16824 67087892480 94710695768064 94710697635185 140736458500288 0 0 0 0 4096 1088 0 0 0 17 199 0 0 1 0 0 94710697893248 94710697940184 94710713430016 140736458504976 140736458505110 140736458505110 140736458506209 0
/proc/19/statm: 17666 16824 1076 456 0 15827 0
Current children cumulated CPU time: 400.14 s
Current children cumulated vsize: 88348 KiB
Current children cumulated memory: 79716 KiB

[startup+462.3 s]
/proc/loadavg: 57.00 57.32 57.85 58/2885 19
/proc/meminfo: memFree=441234944/527542236 swapFree=33503740/33554428
[pid=17] ppid=14 vsize=17684 memory=12420 CPUtime=0.04 cores=70,74,76-77,82,87-91,93-94,105,109,182,186,188-189,194,199-203,205-206,217,221
/proc/17/stat : 17 (python3) S 14 17 0 0 -1 4194304 1894 0 96 0 3 1 0 0 20 0 1 0 53235997 18108416 3105 67087892480 4194304 7154137 140721235291056 0 0 0 0 16781312 2 1 0 0 17 202 0 0 8 0 0 9727432 11029816 17833984 140721235295053 140721235295149 140721235295149 140721235296231 0
/proc/17/statm: 4421 3105 1511 723 0 2063 0
[pid=19] ppid=17 vsize=94216 memory=87360 CPUtime=459.79 cores=70,74,76-77,82,87-91,93-94,105,109,182,186,188-189,194,199-203,205-206,217,221
/proc/19/stat : 19 (bn4rust) R 17 17 0 0 -1 4194304 661103 0 18 0 45710 269 0 0 20 0 1 0 53236011 96477184 21840 67087892480 94710695768064 94710697635185 140736458500288 0 0 0 0 4096 1088 0 0 0 17 89 0 0 1 0 0 94710697893248 94710697940184 94710713430016 140736458504976 140736458505110 140736458505110 140736458506209 0
/proc/19/statm: 23554 21840 1076 456 0 21715 0
Current children cumulated CPU time: 459.83 s
Current children cumulated vsize: 111900 KiB
Current children cumulated memory: 99780 KiB

[startup+468.492 s]
# the end of solver process 17 was just reported to runsolver
# cumulated CPU time of all completed processes:  user=463.298 s, system=2.71982 s

Solver just ended.
??? end of watcher thread
Dumping a history of the last processes samples

[startup+464 s]*
/proc/loadavg: 57.00 57.32 57.85 58/2885 19
/proc/meminfo: memFree=441102412/527542236 swapFree=33503740/33554428
[pid=17] ppid=14 vsize=17684 memory=12420 CPUtime=0.04 cores=70,74,76-77,82,87-91,93-94,105,109,182,186,188-189,194,199-203,205-206,217,221
/proc/17/stat : 17 (python3) S 14 17 0 0 -1 4194304 1894 0 96 0 3 1 0 0 20 0 1 0 53235997 18108416 3105 67087892480 4194304 7154137 140721235291056 0 0 0 0 16781312 2 1 0 0 17 202 0 0 8 0 0 9727432 11029816 17833984 140721235295053 140721235295149 140721235295149 140721235296231 0
/proc/17/statm: 4421 3105 1511 723 0 2063 0
[pid=19] ppid=17 vsize=94216 memory=87360 CPUtime=461.48 cores=70,74,76-77,82,87-91,93-94,105,109,182,186,188-189,194,199-203,205-206,217,221
/proc/19/stat : 19 (bn4rust) R 17 17 0 0 -1 4194304 661103 0 18 0 45879 269 0 0 20 0 1 0 53236011 96477184 21840 67087892480 94710695768064 94710697635185 140736458500288 0 0 0 0 4096 1088 0 0 0 17 89 0 0 1 0 0 94710697893248 94710697940184 94710713430016 140736458504976 140736458505110 140736458505110 140736458506209 0
/proc/19/statm: 23554 21840 1076 456 0 21715 0
Current children cumulated CPU time: 461.52 s
Current children cumulated vsize: 111900 KiB
Current children cumulated memory: 99780 KiB

[startup+465.6 s]
/proc/loadavg: 57.00 57.32 57.85 58/2885 19
/proc/meminfo: memFree=441102664/527542236 swapFree=33503740/33554428
[pid=17] ppid=14 vsize=17684 memory=12420 CPUtime=0.04 cores=70,74,76-77,82,87-91,93-94,105,109,182,186,188-189,194,199-203,205-206,217,221
/proc/17/stat : 17 (python3) R 14 17 0 0 -1 4194304 1894 0 96 0 3 1 0 0 20 0 1 0 53235997 18108416 3105 67087892480 4194304 7154137 140721235291056 0 0 0 0 16781312 2 1 0 0 17 202 0 0 8 0 0 9727432 11029816 17833984 140721235295053 140721235295149 140721235295149 140721235296231 0
/proc/17/statm: 4421 3105 1511 723 0 2063 0
[pid=19] ppid=17 vsize=94216 memory=87360 CPUtime=463.08 cores=70,74,76-77,82,87-91,93-94,105,109,182,186,188-189,194,199-203,205-206,217,221
/proc/19/stat : 19 (bn4rust) R 17 17 0 0 -1 4194304 661103 0 18 0 46039 269 0 0 20 0 1 0 53236011 96477184 21840 67087892480 94710695768064 94710697635185 140736458500288 0 0 0 0 4096 1088 0 0 0 17 89 0 0 1 0 0 94710697893248 94710697940184 94710713430016 140736458504976 140736458505110 140736458505110 140736458506209 0
/proc/19/statm: 23554 21840 1076 456 0 21715 0
Current children cumulated CPU time: 463.12 s
Current children cumulated vsize: 111900 KiB
Current children cumulated memory: 99780 KiB

[startup+467.2 s]
/proc/loadavg: 57.00 57.32 57.84 58/2885 19
/proc/meminfo: memFree=441090256/527542236 swapFree=33503740/33554428
[pid=17] ppid=14 vsize=17684 memory=12420 CPUtime=0.04 cores=70,74,76-77,82,87-91,93-94,105,109,182,186,188-189,194,199-203,205-206,217,221
/proc/17/stat : 17 (python3) S 14 17 0 0 -1 4194304 1894 0 96 0 3 1 0 0 20 0 1 0 53235997 18108416 3105 67087892480 4194304 7154137 140721235291056 0 0 0 0 16781312 2 1 0 0 17 202 0 0 8 0 0 9727432 11029816 17833984 140721235295053 140721235295149 140721235295149 140721235296231 0
/proc/17/statm: 4421 3105 1511 723 0 2063 0
[pid=19] ppid=17 vsize=94216 memory=87360 CPUtime=464.67 cores=70,74,76-77,82,87-91,93-94,105,109,182,186,188-189,194,199-203,205-206,217,221
/proc/19/stat : 19 (bn4rust) R 17 17 0 0 -1 4194304 661103 0 18 0 46198 269 0 0 20 0 1 0 53236011 96477184 21840 67087892480 94710695768064 94710697635185 140736458500288 0 0 0 0 4096 1088 0 0 0 17 89 0 0 1 0 0 94710697893248 94710697940184 94710713430016 140736458504976 140736458505110 140736458505110 140736458506209 0
/proc/19/statm: 23554 21840 1076 456 0 21715 0
Current children cumulated CPU time: 464.71 s
Current children cumulated vsize: 111900 KiB
Current children cumulated memory: 99780 KiB

[startup+468 s]*
/proc/loadavg: 57.00 57.32 57.84 58/2885 19
/proc/meminfo: memFree=441242508/527542236 swapFree=33503740/33554428
[pid=17] ppid=14 vsize=17684 memory=12420 CPUtime=0.04 cores=70,74,76-77,82,87-91,93-94,105,109,182,186,188-189,194,199-203,205-206,217,221
/proc/17/stat : 17 (python3) S 14 17 0 0 -1 4194304 1894 0 96 0 3 1 0 0 20 0 1 0 53235997 18108416 3105 67087892480 4194304 7154137 140721235291056 0 0 0 0 16781312 2 1 0 0 17 202 0 0 8 0 0 9727432 11029816 17833984 140721235295053 140721235295149 140721235295149 140721235296231 0
/proc/17/statm: 4421 3105 1511 723 0 2063 0
[pid=19] ppid=17 vsize=94216 memory=87360 CPUtime=465.46 cores=70,74,76-77,82,87-91,93-94,105,109,182,186,188-189,194,199-203,205-206,217,221
/proc/19/stat : 19 (bn4rust) R 17 17 0 0 -1 4194304 661103 0 18 0 46277 269 0 0 20 0 1 0 53236011 96477184 21840 67087892480 94710695768064 94710697635185 140736458500288 0 0 0 0 4096 1088 0 0 0 17 89 0 0 1 0 0 94710697893248 94710697940184 94710713430016 140736458504976 140736458505110 140736458505110 140736458506209 0
/proc/19/statm: 23554 21840 1076 456 0 21715 0
Current children cumulated CPU time: 465.5 s
Current children cumulated vsize: 111900 KiB
Current children cumulated memory: 99780 KiB

[startup+468.4 s]
/proc/loadavg: 57.00 57.32 57.84 58/2885 19
/proc/meminfo: memFree=441242508/527542236 swapFree=33503740/33554428
[pid=17] ppid=14 vsize=17684 memory=12420 CPUtime=0.04 cores=70,74,76-77,82,87-91,93-94,105,109,182,186,188-189,194,199-203,205-206,217,221
/proc/17/stat : 17 (python3) S 14 17 0 0 -1 4194304 1894 0 96 0 3 1 0 0 20 0 1 0 53235997 18108416 3105 67087892480 4194304 7154137 140721235291056 0 0 0 0 16781312 2 1 0 0 17 202 0 0 8 0 0 9727432 11029816 17833984 140721235295053 140721235295149 140721235295149 140721235296231 0
/proc/17/statm: 4421 3105 1511 723 0 2063 0
[pid=19] ppid=17 vsize=94216 memory=87360 CPUtime=465.86 cores=70,74,76-77,82,87-91,93-94,105,109,182,186,188-189,194,199-203,205-206,217,221
/proc/19/stat : 19 (bn4rust) R 17 17 0 0 -1 4194304 661103 0 18 0 46317 269 0 0 20 0 1 0 53236011 96477184 21840 67087892480 94710695768064 94710697635185 140736458500288 0 0 0 0 4096 1088 0 0 0 17 89 0 0 1 0 0 94710697893248 94710697940184 94710713430016 140736458504976 140736458505110 140736458505110 140736458506209 0
/proc/19/statm: 23554 21840 1076 456 0 21715 0
Current children cumulated CPU time: 465.9 s
Current children cumulated vsize: 111900 KiB
Current children cumulated memory: 99780 KiB

Child status: 0
Real time (s): 468.492
CPU time (s): 466.018
CPU user time (s): 463.298
CPU system time (s): 2.71982
CPU usage (%): 99.472
Max. virtual memory (cumulated for all children) (KiB): 209536
Max. memory (cumulated for all children) (KiB): 185260

getrusage(RUSAGE_CHILDREN,...) data:
user time used= 463.298
system time used= 2.71982
maximum resident set size= 172840
integral shared memory size= 0
integral unshared data size= 0
integral unshared stack size= 0
page reclaims= 663021
page faults= 116
swaps= 0
block input operations= 19800
block output operations= 8
messages sent= 0
messages received= 0
signals received= 0
voluntary context switches= 1061
involuntary context switches= 425


# summary of solver processes directly reported to runsolver:
#   pid: 17
#   total CPU time (s): 466.018
#   total CPU user time (s): 463.298
#   total CPU system time (s): 2.71982

??? join timestamper begins
??? join timestamper ends
??? end of timestamper thread
runsolver used 0.240726 second user time and 0.841934 second system time

The end
