runsolver version 3.4.1 (svn: 3018) Copyright (C) 2010-2013 Olivier ROUSSEL

This program is distributed in the hope that it will be useful,
but WITHOUT ANY WARRANTY; without even the implied warranty of
MERCHANTABILITY or FITNESS FOR A PARTICULAR PURPOSE.  See the
GNU General Public License for more details.

NUMA information:
  number of nodes: 8
  memory of node 0: 63700 MiB (60283 MiB free)
  memory of node 1: 64504 MiB (63538 MiB free)
  memory of node 2: 64504 MiB (63799 MiB free)
  memory of node 3: 64504 MiB (63819 MiB free)
  memory of node 4: 64461 MiB (60542 MiB free)
  memory of node 5: 64504 MiB (62757 MiB free)
  memory of node 6: 64504 MiB (62987 MiB free)
  memory of node 7: 64491 MiB (62816 MiB free)
  node distances:
     10  12  12  12  21  21  21  21
     12  10  12  12  21  21  21  21
     12  12  10  12  21  21  21  21
     12  12  12  10  21  21  21  21
     21  21  21  21  10  12  12  12
     21  21  21  21  12  10  12  12
     21  21  21  21  12  12  10  12
     21  21  21  21  12  12  12  10

command line: /usr/local/bin/runsolver --timestamp -w /output/runsolver-watch.log -v /output/runsolver-values.log -o /output/solver-output.log -C 1800.0 -W 1800.0 -R 64000 /opt/solver/run_bn4rust.py --mode cyber-complement-gfp --instance /input/model_112.bnet 

running on 20 cores: 28-31,36-41,144-153

Enforcing CPUTime limit (soft limit, will send SIGTERM then SIGKILL): 1800 seconds
Enforcing CPUTime limit (hard limit, will send SIGXCPU): 1830 seconds
Enforcing wall clock limit (soft limit, will send SIGTERM then SIGKILL): 1800 seconds
Enforcing RSS+Swap limit (soft limit, will send SIGTERM then SIGKILL): 65536000 KiB
Linux 4.18.0-553.159.1.el8_10.x86_64
Current StackSize limit: 18014398509481983 KiB

solver pid=16, runsolver pid=13

[startup+0.100084 s]*
/proc/loadavg: 17.41 24.35 25.91 12/2900 17
/proc/meminfo: memFree=512595952/527542212 swapFree=33553404/33554428
[pid=16] ppid=13 vsize=15800 memory=10060 CPUtime=0.02 cores=28-41,140-153
/proc/16/stat : 16 (python3) R 13 16 0 0 -1 4194304 1416 0 84 0 1 1 0 0 20 0 1 0 53236083 16179200 2515 67087892480 4194304 7154137 140726492450896 0 0 0 0 16781312 2 0 0 0 17 31 0 0 6 0 0 9727432 11029816 33759232 140726492457805 140726492457901 140726492457901 140726492458983 0
/proc/16/statm: 3950 2515 1380 723 0 1674 0
Current children cumulated CPU time: 0.02 s
Current children cumulated vsize: 15800 KiB
Current children cumulated memory: 10060 KiB

[startup+0.200579 s]*
/proc/loadavg: 17.41 24.35 25.91 12/2901 18
/proc/meminfo: memFree=512564756/527542212 swapFree=33553404/33554428
[pid=16] ppid=13 vsize=17684 memory=12368 CPUtime=0.03 cores=28-41,140-153
/proc/16/stat : 16 (python3) S 13 16 0 0 -1 4194304 1895 0 96 0 2 1 0 0 20 0 1 0 53236083 18108416 3092 67087892480 4194304 7154137 140726492450896 0 0 0 0 16781312 2 1 0 0 17 37 0 0 8 0 0 9727432 11029816 33759232 140726492457805 140726492457901 140726492457901 140726492458983 0
/proc/16/statm: 4421 3092 1498 723 0 2063 0
[pid=18] ppid=16 vsize=20028 memory=16196 CPUtime=0.03 cores=28-41,140-153
/proc/18/stat : 18 (bn4rust) R 16 16 0 0 -1 4194304 4864 0 18 0 3 0 0 0 20 0 1 0 53236096 20508672 4049 67087892480 94884120985600 94884122852721 140734180058960 0 0 0 0 4096 1088 0 0 0 17 31 0 0 1 0 0 94884123110784 94884123157720 94884149280768 140734180064016 140734180064150 140734180064150 140734180065249 0
/proc/18/statm: 5007 4049 1048 456 0 3168 0
Current children cumulated CPU time: 0.06 s
Current children cumulated vsize: 37712 KiB
Current children cumulated memory: 28564 KiB

[startup+0.300527 s]*
/proc/loadavg: 17.41 24.35 25.91 12/2901 18
/proc/meminfo: memFree=512535992/527542212 swapFree=33553404/33554428
[pid=16] ppid=13 vsize=17684 memory=12368 CPUtime=0.03 cores=28-41,140-153
/proc/16/stat : 16 (python3) S 13 16 0 0 -1 4194304 1895 0 96 0 2 1 0 0 20 0 1 0 53236083 18108416 3092 67087892480 4194304 7154137 140726492450896 0 0 0 0 16781312 2 1 0 0 17 37 0 0 8 0 0 9727432 11029816 33759232 140726492457805 140726492457901 140726492457901 140726492458983 0
/proc/16/statm: 4421 3092 1498 723 0 2063 0
[pid=18] ppid=16 vsize=39992 memory=34444 CPUtime=0.14 cores=28-41,140-153
/proc/18/stat : 18 (bn4rust) R 16 16 0 0 -1 4194304 8540 0 18 0 13 1 0 0 20 0 1 0 53236096 40951808 8611 67087892480 94884120985600 94884122852721 140734180058960 0 0 0 0 4096 1088 0 0 0 17 31 0 0 1 0 0 94884123110784 94884123157720 94884149280768 140734180064016 140734180064150 140734180064150 140734180065249 0
/proc/18/statm: 9998 8611 1048 456 0 8159 0
Current children cumulated CPU time: 0.17 s
Current children cumulated vsize: 57676 KiB
Current children cumulated memory: 46812 KiB

[startup+0.700265 s]
/proc/loadavg: 17.41 24.35 25.91 12/2901 18
/proc/meminfo: memFree=512479676/527542212 swapFree=33553404/33554428
[pid=16] ppid=13 vsize=17684 memory=12368 CPUtime=0.03 cores=28-41,140-153
/proc/16/stat : 16 (python3) S 13 16 0 0 -1 4194304 1895 0 96 0 2 1 0 0 20 0 1 0 53236083 18108416 3092 67087892480 4194304 7154137 140726492450896 0 0 0 0 16781312 2 1 0 0 17 37 0 0 8 0 0 9727432 11029816 33759232 140726492457805 140726492457901 140726492457901 140726492458983 0
/proc/16/statm: 4421 3092 1498 723 0 2063 0
[pid=18] ppid=16 vsize=76488 memory=66124 CPUtime=0.54 cores=28-41,140-153
/proc/18/stat : 18 (bn4rust) R 16 16 0 0 -1 4194304 10858 0 18 0 52 2 0 0 20 0 1 0 53236096 78323712 16531 67087892480 94884120985600 94884122852721 140734180058960 0 0 0 0 4096 1088 0 0 0 17 31 0 0 1 0 0 94884123110784 94884123157720 94884149280768 140734180064016 140734180064150 140734180064150 140734180065249 0
/proc/18/statm: 19122 16531 1048 456 0 17283 0
Current children cumulated CPU time: 0.57 s
Current children cumulated vsize: 94172 KiB
Current children cumulated memory: 78492 KiB

[startup+1.5003 s]
/proc/loadavg: 16.89 24.13 25.83 12/2901 18
/proc/meminfo: memFree=512686112/527542212 swapFree=33553404/33554428
[pid=16] ppid=13 vsize=17684 memory=12368 CPUtime=0.03 cores=28-41,140-153
/proc/16/stat : 16 (python3) S 13 16 0 0 -1 4194304 1895 0 96 0 2 1 0 0 20 0 1 0 53236083 18108416 3092 67087892480 4194304 7154137 140726492450896 0 0 0 0 16781312 2 1 0 0 17 37 0 0 8 0 0 9727432 11029816 33759232 140726492457805 140726492457901 140726492457901 140726492458983 0
/proc/16/statm: 4421 3092 1498 723 0 2063 0
[pid=18] ppid=16 vsize=102192 memory=98788 CPUtime=1.34 cores=28-41,140-153
/proc/18/stat : 18 (bn4rust) R 16 16 0 0 -1 4194304 14431 0 18 0 130 4 0 0 20 0 1 0 53236096 104644608 24697 67087892480 94884120985600 94884122852721 140734180058960 0 0 0 0 4096 1088 0 0 0 17 31 0 0 1 0 0 94884123110784 94884123157720 94884149280768 140734180064016 140734180064150 140734180064150 140734180065249 0
/proc/18/statm: 25548 24697 1048 456 0 23709 0
Current children cumulated CPU time: 1.37 s
Current children cumulated vsize: 119876 KiB
Current children cumulated memory: 111156 KiB

[startup+3.10055 s]
/proc/loadavg: 16.89 24.13 25.83 12/2901 18
/proc/meminfo: memFree=512636528/527542212 swapFree=33553404/33554428
[pid=16] ppid=13 vsize=17684 memory=12368 CPUtime=0.03 cores=28-41,140-153
/proc/16/stat : 16 (python3) S 13 16 0 0 -1 4194304 1895 0 96 0 2 1 0 0 20 0 1 0 53236083 18108416 3092 67087892480 4194304 7154137 140726492450896 0 0 0 0 16781312 2 1 0 0 17 37 0 0 8 0 0 9727432 11029816 33759232 140726492457805 140726492457901 140726492457901 140726492458983 0
/proc/16/statm: 4421 3092 1498 723 0 2063 0
[pid=18] ppid=16 vsize=151952 memory=115248 CPUtime=2.93 cores=28-41,140-153
/proc/18/stat : 18 (bn4rust) R 16 16 0 0 -1 4194304 16511 0 18 0 288 5 0 0 20 0 1 0 53236096 155598848 28812 67087892480 94884120985600 94884122852721 140734180058960 0 0 0 0 4096 1088 0 0 0 17 31 0 0 1 0 0 94884123110784 94884123157720 94884149280768 140734180064016 140734180064150 140734180064150 140734180065249 0
/proc/18/statm: 37988 28812 1048 456 0 36149 0
Current children cumulated CPU time: 2.96 s
Current children cumulated vsize: 169636 KiB
Current children cumulated memory: 127616 KiB

[startup+6.30029 s]
/proc/loadavg: 16.42 23.91 25.75 12/2901 18
/proc/meminfo: memFree=512515016/527542212 swapFree=33553404/33554428
[pid=16] ppid=13 vsize=17684 memory=12368 CPUtime=0.03 cores=28-41,140-153
/proc/16/stat : 16 (python3) S 13 16 0 0 -1 4194304 1895 0 96 0 2 1 0 0 20 0 1 0 53236083 18108416 3092 67087892480 4194304 7154137 140726492450896 0 0 0 0 16781312 2 1 0 0 17 37 0 0 8 0 0 9727432 11029816 33759232 140726492457805 140726492457901 140726492457901 140726492458983 0
/proc/16/statm: 4421 3092 1498 723 0 2063 0
[pid=18] ppid=16 vsize=98292 memory=94672 CPUtime=6.12 cores=28-41,140-153
/proc/18/stat : 18 (bn4rust) R 16 16 0 0 -1 4194304 23998 0 18 0 605 7 0 0 20 0 1 0 53236096 100651008 23668 67087892480 94884120985600 94884122852721 140734180058960 0 0 0 0 4096 1088 0 0 0 17 31 0 0 1 0 0 94884123110784 94884123157720 94884149280768 140734180064016 140734180064150 140734180064150 140734180065249 0
/proc/18/statm: 24573 23668 1048 456 0 22734 0
Current children cumulated CPU time: 6.15 s
Current children cumulated vsize: 115976 KiB
Current children cumulated memory: 107040 KiB

[startup+12.7003 s]
/proc/loadavg: 15.99 23.70 25.67 12/2899 18
/proc/meminfo: memFree=512383164/527542212 swapFree=33553404/33554428
[pid=16] ppid=13 vsize=17684 memory=12368 CPUtime=0.03 cores=28-41,140-153
/proc/16/stat : 16 (python3) S 13 16 0 0 -1 4194304 1895 0 96 0 2 1 0 0 20 0 1 0 53236083 18108416 3092 67087892480 4194304 7154137 140726492450896 0 0 0 0 16781312 2 1 0 0 17 37 0 0 8 0 0 9727432 11029816 33759232 140726492457805 140726492457901 140726492457901 140726492458983 0
/proc/16/statm: 4421 3092 1498 723 0 2063 0
[pid=18] ppid=16 vsize=153912 memory=141312 CPUtime=12.5 cores=28-41,140-153
/proc/18/stat : 18 (bn4rust) R 16 16 0 0 -1 4194304 35138 0 18 0 1238 12 0 0 20 0 1 0 53236096 157605888 35328 67087892480 94884120985600 94884122852721 140734180058960 0 0 0 0 4096 1088 0 0 0 17 31 0 0 1 0 0 94884123110784 94884123157720 94884149280768 140734180064016 140734180064150 140734180064150 140734180065249 0
/proc/18/statm: 38478 35328 1048 456 0 36639 0
Current children cumulated CPU time: 12.53 s
Current children cumulated vsize: 171596 KiB
Current children cumulated memory: 153680 KiB

[startup+25.5003 s]
/proc/loadavg: 15.22 23.28 25.51 12/2899 18
/proc/meminfo: memFree=511780492/527542212 swapFree=33553404/33554428
[pid=16] ppid=13 vsize=17684 memory=12368 CPUtime=0.03 cores=28-41,140-153
/proc/16/stat : 16 (python3) S 13 16 0 0 -1 4194304 1896 0 96 0 2 1 0 0 20 0 1 0 53236083 18108416 3092 67087892480 4194304 7154137 140726492450896 0 0 0 0 16781312 2 1 0 0 17 37 0 0 8 0 0 9727432 11029816 33759232 140726492457805 140726492457901 140726492457901 140726492458983 0
/proc/16/statm: 4421 3092 1498 723 0 2063 0
[pid=18] ppid=16 vsize=54960 memory=51476 CPUtime=25.27 cores=28-41,140-153
/proc/18/stat : 18 (bn4rust) R 16 16 0 0 -1 4194304 58415 0 18 0 2506 21 0 0 20 0 1 0 53236096 56279040 12869 67087892480 94884120985600 94884122852721 140734180058960 0 0 0 0 4096 1088 0 0 0 17 31 0 0 1 0 0 94884123110784 94884123157720 94884149280768 140734180064016 140734180064150 140734180064150 140734180065249 0
/proc/18/statm: 13740 12869 1048 456 0 11901 0
Current children cumulated CPU time: 25.3 s
Current children cumulated vsize: 72644 KiB
Current children cumulated memory: 63844 KiB

[startup+51.1005 s]
/proc/loadavg: 13.56 22.10 25.05 12/2897 18
/proc/meminfo: memFree=511048532/527542212 swapFree=33553404/33554428
[pid=16] ppid=13 vsize=17684 memory=12368 CPUtime=0.03 cores=28-41,140-153
/proc/16/stat : 16 (python3) S 13 16 0 0 -1 4194304 1896 0 96 0 2 1 0 0 20 0 1 0 53236083 18108416 3092 67087892480 4194304 7154137 140726492450896 0 0 0 0 16781312 2 1 0 0 17 37 0 0 8 0 0 9727432 11029816 33759232 140726492457805 140726492457901 140726492457901 140726492458983 0
/proc/16/statm: 4421 3092 1498 723 0 2063 0
[pid=18] ppid=16 vsize=113412 memory=110008 CPUtime=50.78 cores=28-41,140-153
/proc/18/stat : 18 (bn4rust) R 16 16 0 0 -1 4194304 114833 0 18 0 5036 42 0 0 20 0 1 0 53236096 116133888 27502 67087892480 94884120985600 94884122852721 140734180058960 0 0 0 0 4096 1088 0 0 0 17 31 0 0 1 0 0 94884123110784 94884123157720 94884149280768 140734180064016 140734180064150 140734180064150 140734180065249 0
/proc/18/statm: 28353 27502 1048 456 0 26514 0
Current children cumulated CPU time: 50.81 s
Current children cumulated vsize: 131096 KiB
Current children cumulated memory: 122376 KiB

[startup+102.3 s]
/proc/loadavg: 12.11 20.39 24.31 12/2899 18
/proc/meminfo: memFree=510990296/527542212 swapFree=33553404/33554428
[pid=16] ppid=13 vsize=17684 memory=12368 CPUtime=0.03 cores=28-41,140-153
/proc/16/stat : 16 (python3) S 13 16 0 0 -1 4194304 1896 0 96 0 2 1 0 0 20 0 1 0 53236083 18108416 3092 67087892480 4194304 7154137 140726492450896 0 0 0 0 16781312 2 1 0 0 17 37 0 0 8 0 0 9727432 11029816 33759232 140726492457805 140726492457901 140726492457901 140726492458983 0
/proc/16/statm: 4421 3092 1498 723 0 2063 0
[pid=18] ppid=16 vsize=73592 memory=63548 CPUtime=101.83 cores=28-41,140-153
/proc/18/stat : 18 (bn4rust) R 16 16 0 0 -1 4194304 201721 0 18 0 10095 88 0 0 20 0 1 0 53236096 75358208 15887 67087892480 94884120985600 94884122852721 140734180058960 0 0 0 0 4096 1088 0 0 0 17 31 0 0 1 0 0 94884123110784 94884123157720 94884149280768 140734180064016 140734180064150 140734180064150 140734180065249 0
/proc/18/statm: 18398 15887 1048 456 0 16559 0
Current children cumulated CPU time: 101.86 s
Current children cumulated vsize: 91276 KiB
Current children cumulated memory: 75916 KiB

[startup+162.3 s]
/proc/loadavg: 11.95 18.81 23.52 13/2918 18
/proc/meminfo: memFree=507183904/527542212 swapFree=33553404/33554428
[pid=16] ppid=13 vsize=17684 memory=12368 CPUtime=0.03 cores=28-41,140-153
/proc/16/stat : 16 (python3) S 13 16 0 0 -1 4194304 1896 0 96 0 2 1 0 0 20 0 1 0 53236083 18108416 3092 67087892480 4194304 7154137 140726492450896 0 0 0 0 16781312 2 1 0 0 17 37 0 0 8 0 0 9727432 11029816 33759232 140726492457805 140726492457901 140726492457901 140726492458983 0
/proc/16/statm: 4421 3092 1498 723 0 2063 0
[pid=18] ppid=16 vsize=352736 memory=326200 CPUtime=161.64 cores=28-41,140-153
/proc/18/stat : 18 (bn4rust) R 16 16 0 0 -1 4194304 302234 0 18 0 15987 177 0 0 20 0 1 0 53236096 361201664 81550 67087892480 94884120985600 94884122852721 140734180058960 0 0 0 0 4096 1088 0 0 0 17 31 0 0 1 0 0 94884123110784 94884123157720 94884149280768 140734180064016 140734180064150 140734180064150 140734180065249 0
/proc/18/statm: 88184 81550 1048 456 0 86345 0
Current children cumulated CPU time: 161.67 s
Current children cumulated vsize: 370420 KiB
Current children cumulated memory: 338568 KiB

[startup+222.3 s]
/proc/loadavg: 11.98 17.57 22.79 13/2921 18
/proc/meminfo: memFree=509968072/527542212 swapFree=33553404/33554428
[pid=16] ppid=13 vsize=17684 memory=12368 CPUtime=0.03 cores=28-41,140-153
/proc/16/stat : 16 (python3) S 13 16 0 0 -1 4194304 1896 0 96 0 2 1 0 0 20 0 1 0 53236083 18108416 3092 67087892480 4194304 7154137 140726492450896 0 0 0 0 16781312 2 1 0 0 17 37 0 0 8 0 0 9727432 11029816 33759232 140726492457805 140726492457901 140726492457901 140726492458983 0
/proc/16/statm: 4421 3092 1498 723 0 2063 0
[pid=18] ppid=16 vsize=377312 memory=340944 CPUtime=221.46 cores=28-41,140-153
/proc/18/stat : 18 (bn4rust) R 16 16 0 0 -1 4194304 400121 0 18 0 21861 285 0 0 20 0 1 0 53236096 386367488 85236 67087892480 94884120985600 94884122852721 140734180058960 0 0 0 0 4096 1088 0 0 0 17 31 0 0 1 0 0 94884123110784 94884123157720 94884149280768 140734180064016 140734180064150 140734180064150 140734180065249 0
/proc/18/statm: 94328 85236 1048 456 0 92489 0
Current children cumulated CPU time: 221.49 s
Current children cumulated vsize: 394996 KiB
Current children cumulated memory: 353312 KiB

[startup+282.3 s]
/proc/loadavg: 11.77 16.50 22.10 12/2897 18
/proc/meminfo: memFree=506752428/527542212 swapFree=33553404/33554428
[pid=16] ppid=13 vsize=17684 memory=12368 CPUtime=0.03 cores=28-41,140-153
/proc/16/stat : 16 (python3) S 13 16 0 0 -1 4194304 1896 0 96 0 2 1 0 0 20 0 1 0 53236083 18108416 3092 67087892480 4194304 7154137 140726492450896 0 0 0 0 16781312 2 1 0 0 17 37 0 0 8 0 0 9727432 11029816 33759232 140726492457805 140726492457901 140726492457901 140726492458983 0
/proc/16/statm: 4421 3092 1498 723 0 2063 0
[pid=18] ppid=16 vsize=274904 memory=253432 CPUtime=281.28 cores=28-41,140-153
/proc/18/stat : 18 (bn4rust) R 16 16 0 0 -1 4194304 498955 0 18 0 27708 420 0 0 20 0 1 0 53236096 281501696 63358 67087892480 94884120985600 94884122852721 140734180058960 0 0 0 0 4096 1088 0 0 0 17 31 0 0 1 0 0 94884123110784 94884123157720 94884149280768 140734180064016 140734180064150 140734180064150 140734180065249 0
/proc/18/statm: 68726 63358 1048 456 0 66887 0
Current children cumulated CPU time: 281.31 s
Current children cumulated vsize: 292588 KiB
Current children cumulated memory: 265800 KiB

[startup+342.3 s]
/proc/loadavg: 11.28 15.50 21.40 12/2892 18
/proc/meminfo: memFree=506563480/527542212 swapFree=33553404/33554428
[pid=16] ppid=13 vsize=17684 memory=12368 CPUtime=0.03 cores=28-41,140-153
/proc/16/stat : 16 (python3) S 13 16 0 0 -1 4194304 1896 0 96 0 2 1 0 0 20 0 1 0 53236083 18108416 3092 67087892480 4194304 7154137 140726492450896 0 0 0 0 16781312 2 1 0 0 17 37 0 0 8 0 0 9727432 11029816 33759232 140726492457805 140726492457901 140726492457901 140726492458983 0
/proc/16/statm: 4421 3092 1498 723 0 2063 0
[pid=18] ppid=16 vsize=623684 memory=570956 CPUtime=341.11 cores=28-41,140-153
/proc/18/stat : 18 (bn4rust) R 16 16 0 0 -1 4194304 569343 0 18 0 33577 534 0 0 20 0 1 0 53236096 638652416 142739 67087892480 94884120985600 94884122852721 140734180058960 0 0 0 0 4096 1088 0 0 0 17 31 0 0 1 0 0 94884123110784 94884123157720 94884149280768 140734180064016 140734180064150 140734180064150 140734180065249 0
/proc/18/statm: 155921 142739 1048 456 0 154082 0
Current children cumulated CPU time: 341.14 s
Current children cumulated vsize: 641368 KiB
Current children cumulated memory: 583324 KiB

[startup+402.3 s]
/proc/loadavg: 11.10 14.68 20.75 12/2892 18
/proc/meminfo: memFree=502035648/527542212 swapFree=33553404/33554428
[pid=16] ppid=13 vsize=17684 memory=12368 CPUtime=0.03 cores=28-41,140-153
/proc/16/stat : 16 (python3) S 13 16 0 0 -1 4194304 1896 0 96 0 2 1 0 0 20 0 1 0 53236083 18108416 3092 67087892480 4194304 7154137 140726492450896 0 0 0 0 16781312 2 1 0 0 17 37 0 0 8 0 0 9727432 11029816 33759232 140726492457805 140726492457901 140726492457901 140726492458983 0
/proc/16/statm: 4421 3092 1498 723 0 2063 0
[pid=18] ppid=16 vsize=418876 memory=414076 CPUtime=400.93 cores=28-41,140-153
/proc/18/stat : 18 (bn4rust) R 16 16 0 0 -1 4194304 631034 0 18 0 39445 648 0 0 20 0 1 0 53236096 428929024 103519 67087892480 94884120985600 94884122852721 140734180058960 0 0 0 0 4096 1088 0 0 0 17 31 0 0 1 0 0 94884123110784 94884123157720 94884149280768 140734180064016 140734180064150 140734180064150 140734180065249 0
/proc/18/statm: 104719 103519 1048 456 0 102880 0
Current children cumulated CPU time: 400.96 s
Current children cumulated vsize: 436560 KiB
Current children cumulated memory: 426444 KiB

[startup+462.3 s]
/proc/loadavg: 11.07 14.02 20.14 12/2895 18
/proc/meminfo: memFree=507267408/527542212 swapFree=33553404/33554428
[pid=16] ppid=13 vsize=17684 memory=12368 CPUtime=0.03 cores=28-41,140-153
/proc/16/stat : 16 (python3) S 13 16 0 0 -1 4194304 1896 0 96 0 2 1 0 0 20 0 1 0 53236083 18108416 3092 67087892480 4194304 7154137 140726492450896 0 0 0 0 16781312 2 1 0 0 17 37 0 0 8 0 0 9727432 11029816 33759232 140726492457805 140726492457901 140726492457901 140726492458983 0
/proc/16/statm: 4421 3092 1498 723 0 2063 0
[pid=18] ppid=16 vsize=352732 memory=318500 CPUtime=460.76 cores=28-41,140-153
/proc/18/stat : 18 (bn4rust) R 16 16 0 0 -1 4194304 678157 0 18 0 45370 706 0 0 20 0 1 0 53236096 361197568 79625 67087892480 94884120985600 94884122852721 140734180058960 0 0 0 0 4096 1088 0 0 0 17 31 0 0 1 0 0 94884123110784 94884123157720 94884149280768 140734180064016 140734180064150 140734180064150 140734180065249 0
/proc/18/statm: 88183 79625 1048 456 0 86344 0
Current children cumulated CPU time: 460.79 s
Current children cumulated vsize: 370416 KiB
Current children cumulated memory: 330868 KiB

[startup+522.3 s]
/proc/loadavg: 13.59 14.24 19.83 12/2894 18
/proc/meminfo: memFree=496346856/527542212 swapFree=33553404/33554428
[pid=16] ppid=13 vsize=17684 memory=12368 CPUtime=0.03 cores=28-41,140-153
/proc/16/stat : 16 (python3) S 13 16 0 0 -1 4194304 1896 0 96 0 2 1 0 0 20 0 1 0 53236083 18108416 3092 67087892480 4194304 7154137 140726492450896 0 0 0 0 16781312 2 1 0 0 17 37 0 0 8 0 0 9727432 11029816 33759232 140726492457805 140726492457901 140726492457901 140726492458983 0
/proc/16/statm: 4421 3092 1498 723 0 2063 0
[pid=18] ppid=16 vsize=375268 memory=326628 CPUtime=520.57 cores=28-41,140-153
/proc/18/stat : 18 (bn4rust) R 16 16 0 0 -1 4194304 757155 0 18 0 51204 853 0 0 20 0 1 0 53236096 384274432 81657 67087892480 94884120985600 94884122852721 140734180058960 0 0 0 0 4096 1088 0 0 0 17 143 0 0 1 0 0 94884123110784 94884123157720 94884149280768 140734180064016 140734180064150 140734180064150 140734180065249 0
/proc/18/statm: 93817 81657 1048 456 0 91978 0
Current children cumulated CPU time: 520.6 s
Current children cumulated vsize: 392952 KiB
Current children cumulated memory: 338996 KiB

[startup+582.3 s]
/proc/loadavg: 19.85 15.71 19.97 34/3420 18
/proc/meminfo: memFree=492061800/527542212 swapFree=33553404/33554428
[pid=16] ppid=13 vsize=17684 memory=12368 CPUtime=0.03 cores=28-41,140-153
/proc/16/stat : 16 (python3) S 13 16 0 0 -1 4194304 1896 0 96 0 2 1 0 0 20 0 1 0 53236083 18108416 3092 67087892480 4194304 7154137 140726492450896 0 0 0 0 16781312 2 1 0 0 17 37 0 0 8 0 0 9727432 11029816 33759232 140726492457805 140726492457901 140726492457901 140726492458983 0
/proc/16/statm: 4421 3092 1498 723 0 2063 0
[pid=18] ppid=16 vsize=547304 memory=481788 CPUtime=580.37 cores=28-41,140-153
/proc/18/stat : 18 (bn4rust) R 16 16 0 0 -1 4194304 829465 0 18 0 57037 1000 0 0 20 0 1 0 53236096 560439296 120447 67087892480 94884120985600 94884122852721 140734180058960 0 0 0 0 4096 1088 0 0 0 17 31 0 0 1 0 0 94884123110784 94884123157720 94884149280768 140734180064016 140734180064150 140734180064150 140734180065249 0
/proc/18/statm: 136826 120447 1048 456 0 134987 0
Current children cumulated CPU time: 580.4 s
Current children cumulated vsize: 564988 KiB
Current children cumulated memory: 494156 KiB

[startup+642.3 s]
/proc/loadavg: 22.65 17.34 20.27 22/3418 18
/proc/meminfo: memFree=483980852/527542212 swapFree=33553404/33554428
[pid=16] ppid=13 vsize=17684 memory=12368 CPUtime=0.03 cores=28-41,140-153
/proc/16/stat : 16 (python3) S 13 16 0 0 -1 4194304 1896 0 96 0 2 1 0 0 20 0 1 0 53236083 18108416 3092 67087892480 4194304 7154137 140726492450896 0 0 0 0 16781312 2 1 0 0 17 37 0 0 8 0 0 9727432 11029816 33759232 140726492457805 140726492457901 140726492457901 140726492458983 0
/proc/16/statm: 4421 3092 1498 723 0 2063 0
[pid=18] ppid=16 vsize=596460 memory=518624 CPUtime=640.16 cores=28-41,140-153
/proc/18/stat : 18 (bn4rust) R 16 16 0 0 -1 4194304 919006 0 18 0 62867 1149 0 0 20 0 1 0 53236096 610775040 129656 67087892480 94884120985600 94884122852721 140734180058960 0 0 0 0 4096 1088 0 0 0 17 143 0 0 1 0 0 94884123110784 94884123157720 94884149280768 140734180064016 140734180064150 140734180064150 140734180065249 0
/proc/18/statm: 149115 129656 1048 456 0 147276 0
Current children cumulated CPU time: 640.19 s
Current children cumulated vsize: 614144 KiB
Current children cumulated memory: 530992 KiB

[startup+702.3 s]
/proc/loadavg: 17.00 16.84 19.93 12/2979 18
/proc/meminfo: memFree=484422780/527542212 swapFree=33553404/33554428
[pid=16] ppid=13 vsize=17684 memory=12368 CPUtime=0.03 cores=28-41,140-153
/proc/16/stat : 16 (python3) S 13 16 0 0 -1 4194304 1896 0 96 0 2 1 0 0 20 0 1 0 53236083 18108416 3092 67087892480 4194304 7154137 140726492450896 0 0 0 0 16781312 2 1 0 0 17 37 0 0 8 0 0 9727432 11029816 33759232 140726492457805 140726492457901 140726492457901 140726492458983 0
/proc/16/statm: 4421 3092 1498 723 0 2063 0
[pid=18] ppid=16 vsize=498148 memory=426992 CPUtime=699.97 cores=28-41,140-153
/proc/18/stat : 18 (bn4rust) R 16 16 0 0 -1 4194304 1031787 0 18 0 68685 1312 0 0 20 0 1 0 53236096 510103552 106748 67087892480 94884120985600 94884122852721 140734180058960 0 0 0 0 4096 1088 0 0 0 17 143 0 0 1 0 0 94884123110784 94884123157720 94884149280768 140734180064016 140734180064150 140734180064150 140734180065249 0
/proc/18/statm: 124537 106748 1048 456 0 122698 0
Current children cumulated CPU time: 700 s
Current children cumulated vsize: 515832 KiB
Current children cumulated memory: 439360 KiB

[startup+762.3 s]
/proc/loadavg: 13.23 15.79 19.37 12/2978 18
/proc/meminfo: memFree=485980116/527542212 swapFree=33553404/33554428
[pid=16] ppid=13 vsize=17684 memory=12368 CPUtime=0.03 cores=28-41,140-153
/proc/16/stat : 16 (python3) S 13 16 0 0 -1 4194304 1896 0 96 0 2 1 0 0 20 0 1 0 53236083 18108416 3092 67087892480 4194304 7154137 140726492450896 0 0 0 0 16781312 2 1 0 0 17 37 0 0 8 0 0 9727432 11029816 33759232 140726492457805 140726492457901 140726492457901 140726492458983 0
/proc/16/statm: 4421 3092 1498 723 0 2063 0
[pid=18] ppid=16 vsize=1121600 memory=856908 CPUtime=759.8 cores=28-41,140-153
/proc/18/stat : 18 (bn4rust) R 16 16 0 0 -1 4194304 1120226 0 18 0 74507 1473 0 0 20 0 1 0 53236096 1148518400 214227 67087892480 94884120985600 94884122852721 140734180058960 0 0 0 0 4096 1088 0 0 0 17 31 0 0 1 0 0 94884123110784 94884123157720 94884149280768 140734180064016 140734180064150 140734180064150 140734180065249 0
/proc/18/statm: 280400 214227 1048 456 0 278561 0
Current children cumulated CPU time: 759.83 s
Current children cumulated vsize: 1139284 KiB
Current children cumulated memory: 869276 KiB

[startup+822.3 s]
/proc/loadavg: 11.82 14.91 18.84 12/2982 18
/proc/meminfo: memFree=484254084/527542212 swapFree=33553404/33554428
[pid=16] ppid=13 vsize=17684 memory=12368 CPUtime=0.03 cores=28-41,140-153
/proc/16/stat : 16 (python3) S 13 16 0 0 -1 4194304 1896 0 96 0 2 1 0 0 20 0 1 0 53236083 18108416 3092 67087892480 4194304 7154137 140726492450896 0 0 0 0 16781312 2 1 0 0 17 37 0 0 8 0 0 9727432 11029816 33759232 140726492457805 140726492457901 140726492457901 140726492458983 0
/proc/16/statm: 4421 3092 1498 723 0 2063 0
[pid=18] ppid=16 vsize=645604 memory=508952 CPUtime=819.63 cores=28-41,140-153
/proc/18/stat : 18 (bn4rust) R 16 16 0 0 -1 4194304 1169693 0 18 0 80362 1601 0 0 20 0 1 0 53236096 661098496 127238 67087892480 94884120985600 94884122852721 140734180058960 0 0 0 0 4096 1088 0 0 0 17 143 0 0 1 0 0 94884123110784 94884123157720 94884149280768 140734180064016 140734180064150 140734180064150 140734180065249 0
/proc/18/statm: 161401 127238 1048 456 0 159562 0
Current children cumulated CPU time: 819.66 s
Current children cumulated vsize: 663288 KiB
Current children cumulated memory: 521320 KiB

[startup+882.3 s]
/proc/loadavg: 11.30 14.20 18.35 12/2977 18
/proc/meminfo: memFree=483141476/527542212 swapFree=33553404/33554428
[pid=16] ppid=13 vsize=17684 memory=12368 CPUtime=0.03 cores=28-41,140-153
/proc/16/stat : 16 (python3) S 13 16 0 0 -1 4194304 1896 0 96 0 2 1 0 0 20 0 1 0 53236083 18108416 3092 67087892480 4194304 7154137 140726492450896 0 0 0 0 16781312 2 1 0 0 17 37 0 0 8 0 0 9727432 11029816 33759232 140726492457805 140726492457901 140726492457901 140726492458983 0
/proc/16/statm: 4421 3092 1498 723 0 2063 0
[pid=18] ppid=16 vsize=1174140 memory=915600 CPUtime=879.46 cores=28-41,140-153
/proc/18/stat : 18 (bn4rust) R 16 16 0 0 -1 4194304 1219047 0 18 0 86216 1730 0 0 20 0 1 0 53236096 1202319360 228900 67087892480 94884120985600 94884122852721 140734180058960 0 0 0 0 4096 1088 0 0 0 17 143 0 0 1 0 0 94884123110784 94884123157720 94884149280768 140734180064016 140734180064150 140734180064150 140734180065249 0
/proc/18/statm: 293535 228900 1048 456 0 291696 0
Current children cumulated CPU time: 879.49 s
Current children cumulated vsize: 1191824 KiB
Current children cumulated memory: 927968 KiB

[startup+942.3 s]
/proc/loadavg: 11.58 13.73 17.92 14/3001 18
/proc/meminfo: memFree=484475136/527542212 swapFree=33553404/33554428
[pid=16] ppid=13 vsize=17684 memory=12368 CPUtime=0.03 cores=28-41,140-153
/proc/16/stat : 16 (python3) S 13 16 0 0 -1 4194304 1896 0 96 0 2 1 0 0 20 0 1 0 53236083 18108416 3092 67087892480 4194304 7154137 140726492450896 0 0 0 0 16781312 2 1 0 0 17 37 0 0 8 0 0 9727432 11029816 33759232 140726492457805 140726492457901 140726492457901 140726492458983 0
/proc/16/statm: 4421 3092 1498 723 0 2063 0
[pid=18] ppid=16 vsize=1157764 memory=888980 CPUtime=939.27 cores=28-41,140-153
/proc/18/stat : 18 (bn4rust) R 16 16 0 0 -1 4194304 1274831 0 18 0 92062 1865 0 0 20 0 1 0 53236096 1185550336 222245 67087892480 94884120985600 94884122852721 140734180058960 0 0 0 0 4096 1088 0 0 0 17 143 0 0 1 0 0 94884123110784 94884123157720 94884149280768 140734180064016 140734180064150 140734180064150 140734180065249 0
/proc/18/statm: 289441 222245 1048 456 0 287602 0
Current children cumulated CPU time: 939.3 s
Current children cumulated vsize: 1175448 KiB
Current children cumulated memory: 901348 KiB

[startup+1002.3 s]
/proc/loadavg: 11.54 13.35 17.53 12/2961 18
/proc/meminfo: memFree=483273340/527542212 swapFree=33553404/33554428
[pid=16] ppid=13 vsize=17684 memory=12368 CPUtime=0.03 cores=28-41,140-153
/proc/16/stat : 16 (python3) S 13 16 0 0 -1 4194304 1896 0 96 0 2 1 0 0 20 0 1 0 53236083 18108416 3092 67087892480 4194304 7154137 140726492450896 0 0 0 0 16781312 2 1 0 0 17 37 0 0 8 0 0 9727432 11029816 33759232 140726492457805 140726492457901 140726492457901 140726492458983 0
/proc/16/statm: 4421 3092 1498 723 0 2063 0
[pid=18] ppid=16 vsize=1052652 memory=878660 CPUtime=999.1 cores=28-41,140-153
/proc/18/stat : 18 (bn4rust) R 16 16 0 0 -1 4194304 1337303 0 18 0 97912 1998 0 0 20 0 1 0 53236096 1077915648 219665 67087892480 94884120985600 94884122852721 140734180058960 0 0 0 0 4096 1088 0 0 0 17 143 0 0 1 0 0 94884123110784 94884123157720 94884149280768 140734180064016 140734180064150 140734180064150 140734180065249 0
/proc/18/statm: 263163 219665 1048 456 0 261324 0
Current children cumulated CPU time: 999.13 s
Current children cumulated vsize: 1070336 KiB
Current children cumulated memory: 891028 KiB

[startup+1062.3 s]
/proc/loadavg: 11.20 12.92 17.12 12/2961 18
/proc/meminfo: memFree=474175548/527542212 swapFree=33553404/33554428
[pid=16] ppid=13 vsize=17684 memory=12368 CPUtime=0.03 cores=28-41,140-153
/proc/16/stat : 16 (python3) S 13 16 0 0 -1 4194304 1896 0 96 0 2 1 0 0 20 0 1 0 53236083 18108416 3092 67087892480 4194304 7154137 140726492450896 0 0 0 0 16781312 2 1 0 0 17 37 0 0 8 0 0 9727432 11029816 33759232 140726492457805 140726492457901 140726492457901 140726492458983 0
/proc/16/statm: 4421 3092 1498 723 0 2063 0
[pid=18] ppid=16 vsize=547300 memory=476176 CPUtime=1058.93 cores=28-41,140-153
/proc/18/stat : 18 (bn4rust) R 16 16 0 0 -1 4194304 1410659 0 18 0 103738 2155 0 0 20 0 1 0 53236096 560435200 119044 67087892480 94884120985600 94884122852721 140734180058960 0 0 0 0 4096 1088 0 0 0 17 143 0 0 1 0 0 94884123110784 94884123157720 94884149280768 140734180064016 140734180064150 140734180064150 140734180065249 0
/proc/18/statm: 136825 119044 1048 456 0 134986 0
Current children cumulated CPU time: 1058.96 s
Current children cumulated vsize: 564984 KiB
Current children cumulated memory: 488544 KiB

[startup+1122.3 s]
/proc/loadavg: 11.07 12.57 16.74 12/2963 18
/proc/meminfo: memFree=464519172/527542212 swapFree=33553404/33554428
[pid=16] ppid=13 vsize=17684 memory=12368 CPUtime=0.03 cores=28-41,140-153
/proc/16/stat : 16 (python3) S 13 16 0 0 -1 4194304 1896 0 96 0 2 1 0 0 20 0 1 0 53236083 18108416 3092 67087892480 4194304 7154137 140726492450896 0 0 0 0 16781312 2 1 0 0 17 37 0 0 8 0 0 9727432 11029816 33759232 140726492457805 140726492457901 140726492457901 140726492458983 0
/proc/16/statm: 4421 3092 1498 723 0 2063 0
[pid=18] ppid=16 vsize=601792 memory=473304 CPUtime=1118.77 cores=28-41,140-153
/proc/18/stat : 18 (bn4rust) R 16 16 0 0 -1 4194304 1491203 0 18 0 109584 2293 0 0 20 0 1 0 53236096 616235008 118326 67087892480 94884120985600 94884122852721 140734180058960 0 0 0 0 4096 1088 0 0 0 17 143 0 0 1 0 0 94884123110784 94884123157720 94884149280768 140734180064016 140734180064150 140734180064150 140734180065249 0
/proc/18/statm: 150448 118326 1048 456 0 148609 0
Current children cumulated CPU time: 1118.8 s
Current children cumulated vsize: 619476 KiB
Current children cumulated memory: 485672 KiB

[startup+1182.3 s]
/proc/loadavg: 11.02 12.28 16.37 12/2960 18
/proc/meminfo: memFree=461970188/527542212 swapFree=33553404/33554428
[pid=16] ppid=13 vsize=17684 memory=12368 CPUtime=0.03 cores=28-41,140-153
/proc/16/stat : 16 (python3) S 13 16 0 0 -1 4194304 1896 0 96 0 2 1 0 0 20 0 1 0 53236083 18108416 3092 67087892480 4194304 7154137 140726492450896 0 0 0 0 16781312 2 1 0 0 17 37 0 0 8 0 0 9727432 11029816 33759232 140726492457805 140726492457901 140726492457901 140726492458983 0
/proc/16/statm: 4421 3092 1498 723 0 2063 0
[pid=18] ppid=16 vsize=2068304 memory=1322500 CPUtime=1178.6 cores=28-41,140-153
/proc/18/stat : 18 (bn4rust) R 16 16 0 0 -1 4194304 1557908 0 18 0 115437 2423 0 0 20 0 1 0 53236096 2117943296 330625 67087892480 94884120985600 94884122852721 140734180058960 0 0 0 0 4096 1088 0 0 0 17 31 0 0 1 0 0 94884123110784 94884123157720 94884149280768 140734180064016 140734180064150 140734180064150 140734180065249 0
/proc/18/statm: 517076 330625 1048 456 0 515237 0
Current children cumulated CPU time: 1178.63 s
Current children cumulated vsize: 2085988 KiB
Current children cumulated memory: 1334868 KiB

[startup+1242.3 s]
/proc/loadavg: 11.05 12.06 16.04 12/2958 18
/proc/meminfo: memFree=464745420/527542212 swapFree=33553404/33554428
[pid=16] ppid=13 vsize=17684 memory=12368 CPUtime=0.03 cores=28-41,140-153
/proc/16/stat : 16 (python3) S 13 16 0 0 -1 4194304 1896 0 96 0 2 1 0 0 20 0 1 0 53236083 18108416 3092 67087892480 4194304 7154137 140726492450896 0 0 0 0 16781312 2 1 0 0 17 37 0 0 8 0 0 9727432 11029816 33759232 140726492457805 140726492457901 140726492457901 140726492458983 0
/proc/16/statm: 4421 3092 1498 723 0 2063 0
[pid=18] ppid=16 vsize=945604 memory=683564 CPUtime=1238.43 cores=28-41,140-153
/proc/18/stat : 18 (bn4rust) R 16 16 0 0 -1 4194304 1593317 0 18 0 121293 2550 0 0 20 0 1 0 53236096 968298496 170891 67087892480 94884120985600 94884122852721 140734180058960 0 0 0 0 4096 1088 0 0 0 17 31 0 0 1 0 0 94884123110784 94884123157720 94884149280768 140734180064016 140734180064150 140734180064150 140734180065249 0
/proc/18/statm: 236401 170891 1048 456 0 234562 0
Current children cumulated CPU time: 1238.46 s
Current children cumulated vsize: 963288 KiB
Current children cumulated memory: 695932 KiB

[startup+1302.3 s]
/proc/loadavg: 11.10 11.88 15.73 18/3021 18
/proc/meminfo: memFree=463039644/527542212 swapFree=33553404/33554428
[pid=16] ppid=13 vsize=17684 memory=12368 CPUtime=0.03 cores=28-41,140-153
/proc/16/stat : 16 (python3) S 13 16 0 0 -1 4194304 1896 0 96 0 2 1 0 0 20 0 1 0 53236083 18108416 3092 67087892480 4194304 7154137 140726492450896 0 0 0 0 16781312 2 1 0 0 17 37 0 0 8 0 0 9727432 11029816 33759232 140726492457805 140726492457901 140726492457901 140726492458983 0
/proc/16/statm: 4421 3092 1498 723 0 2063 0
[pid=18] ppid=16 vsize=1794060 memory=1541988 CPUtime=1298.26 cores=28-41,140-153
/proc/18/stat : 18 (bn4rust) R 16 16 0 0 -1 4194304 1627835 0 18 0 127159 2667 0 0 20 0 1 0 53236096 1837117440 385497 67087892480 94884120985600 94884122852721 140734180058960 0 0 0 0 4096 1088 0 0 0 17 31 0 0 1 0 0 94884123110784 94884123157720 94884149280768 140734180064016 140734180064150 140734180064150 140734180065249 0
/proc/18/statm: 448515 385497 1048 456 0 446676 0
Current children cumulated CPU time: 1298.29 s
Current children cumulated vsize: 1811744 KiB
Current children cumulated memory: 1554356 KiB

[startup+1362.3 s]
/proc/loadavg: 12.44 12.16 15.58 13/2994 18
/proc/meminfo: memFree=456903344/527542212 swapFree=33553404/33554428
[pid=16] ppid=13 vsize=17684 memory=12368 CPUtime=0.03 cores=28-41,140-153
/proc/16/stat : 16 (python3) S 13 16 0 0 -1 4194304 1896 0 96 0 2 1 0 0 20 0 1 0 53236083 18108416 3092 67087892480 4194304 7154137 140726492450896 0 0 0 0 16781312 2 1 0 0 17 37 0 0 8 0 0 9727432 11029816 33759232 140726492457805 140726492457901 140726492457901 140726492458983 0
/proc/16/statm: 4421 3092 1498 723 0 2063 0
[pid=18] ppid=16 vsize=1810424 memory=1422728 CPUtime=1358.07 cores=28-41,140-153
/proc/18/stat : 18 (bn4rust) R 16 16 0 0 -1 4194304 1663961 0 18 0 133018 2789 0 0 20 0 1 0 53236096 1853874176 355682 67087892480 94884120985600 94884122852721 140734180058960 0 0 0 0 4096 1088 0 0 0 17 31 0 0 1 0 0 94884123110784 94884123157720 94884149280768 140734180064016 140734180064150 140734180064150 140734180065249 0
/proc/18/statm: 452606 355682 1048 456 0 450767 0
Current children cumulated CPU time: 1358.1 s
Current children cumulated vsize: 1828108 KiB
Current children cumulated memory: 1435096 KiB

[startup+1422.3 s]
/proc/loadavg: 12.83 12.36 15.43 13/2975 18
/proc/meminfo: memFree=456307636/527542212 swapFree=33553404/33554428
[pid=16] ppid=13 vsize=17684 memory=12368 CPUtime=0.03 cores=28-41,140-153
/proc/16/stat : 16 (python3) S 13 16 0 0 -1 4194304 1896 0 96 0 2 1 0 0 20 0 1 0 53236083 18108416 3092 67087892480 4194304 7154137 140726492450896 0 0 0 0 16781312 2 1 0 0 17 37 0 0 8 0 0 9727432 11029816 33759232 140726492457805 140726492457901 140726492457901 140726492458983 0
/proc/16/statm: 4421 3092 1498 723 0 2063 0
[pid=18] ppid=16 vsize=798148 memory=673372 CPUtime=1417.89 cores=28-41,140-153
/proc/18/stat : 18 (bn4rust) R 16 16 0 0 -1 4194304 1695414 0 18 0 138891 2898 0 0 20 0 1 0 53236096 817303552 168343 67087892480 94884120985600 94884122852721 140734180058960 0 0 0 0 4096 1088 0 0 0 17 31 0 0 1 0 0 94884123110784 94884123157720 94884149280768 140734180064016 140734180064150 140734180064150 140734180065249 0
/proc/18/statm: 199537 168343 1048 456 0 197698 0
Current children cumulated CPU time: 1417.92 s
Current children cumulated vsize: 815832 KiB
Current children cumulated memory: 685740 KiB

[startup+1482.3 s]
/proc/loadavg: 11.67 12.11 15.16 12/2960 18
/proc/meminfo: memFree=454046080/527542212 swapFree=33553404/33554428
[pid=16] ppid=13 vsize=17684 memory=12368 CPUtime=0.03 cores=28-41,140-153
/proc/16/stat : 16 (python3) S 13 16 0 0 -1 4194304 1896 0 96 0 2 1 0 0 20 0 1 0 53236083 18108416 3092 67087892480 4194304 7154137 140726492450896 0 0 0 0 16781312 2 1 0 0 17 37 0 0 8 0 0 9727432 11029816 33759232 140726492457805 140726492457901 140726492457901 140726492458983 0
/proc/16/statm: 4421 3092 1498 723 0 2063 0
[pid=18] ppid=16 vsize=1499972 memory=1244284 CPUtime=1477.72 cores=28-41,140-153
/proc/18/stat : 18 (bn4rust) R 16 16 0 0 -1 4194304 1738342 0 18 0 144750 3022 0 0 20 0 1 0 53236096 1535971328 311071 67087892480 94884120985600 94884122852721 140734180058960 0 0 0 0 4096 1088 0 0 0 17 31 0 0 1 0 0 94884123110784 94884123157720 94884149280768 140734180064016 140734180064150 140734180064150 140734180065249 0
/proc/18/statm: 374993 311071 1048 456 0 373154 0
Current children cumulated CPU time: 1477.75 s
Current children cumulated vsize: 1517656 KiB
Current children cumulated memory: 1256652 KiB

[startup+1542.3 s]
/proc/loadavg: 11.24 11.91 14.89 12/2961 18
/proc/meminfo: memFree=452978384/527542212 swapFree=33553404/33554428
[pid=16] ppid=13 vsize=17684 memory=12368 CPUtime=0.03 cores=28-41,140-153
/proc/16/stat : 16 (python3) S 13 16 0 0 -1 4194304 1896 0 96 0 2 1 0 0 20 0 1 0 53236083 18108416 3092 67087892480 4194304 7154137 140726492450896 0 0 0 0 16781312 2 1 0 0 17 37 0 0 8 0 0 9727432 11029816 33759232 140726492457805 140726492457901 140726492457901 140726492458983 0
/proc/16/statm: 4421 3092 1498 723 0 2063 0
[pid=18] ppid=16 vsize=1140324 memory=926800 CPUtime=1537.55 cores=28-41,140-153
/proc/18/stat : 18 (bn4rust) R 16 16 0 0 -1 4194304 1787496 0 18 0 150596 3159 0 0 20 0 1 0 53236096 1167691776 231700 67087892480 94884120985600 94884122852721 140734180058960 0 0 0 0 4096 1088 0 0 0 17 31 0 0 1 0 0 94884123110784 94884123157720 94884149280768 140734180064016 140734180064150 140734180064150 140734180065249 0
/proc/18/statm: 285081 231700 1048 456 0 283242 0
Current children cumulated CPU time: 1537.58 s
Current children cumulated vsize: 1158008 KiB
Current children cumulated memory: 939168 KiB

[startup+1602.3 s]
/proc/loadavg: 11.99 11.96 14.72 13/2977 18
/proc/meminfo: memFree=510279556/527542212 swapFree=33547772/33554428
[pid=16] ppid=13 vsize=17684 memory=12368 CPUtime=0.03 cores=28-41,140-153
/proc/16/stat : 16 (python3) S 13 16 0 0 -1 4194304 1896 0 96 0 2 1 0 0 20 0 1 0 53236083 18108416 3092 67087892480 4194304 7154137 140726492450896 0 0 0 0 16781312 2 1 0 0 17 37 0 0 8 0 0 9727432 11029816 33759232 140726492457805 140726492457901 140726492457901 140726492458983 0
/proc/16/statm: 4421 3092 1498 723 0 2063 0
[pid=18] ppid=16 vsize=1176464 memory=940400 CPUtime=1597.37 cores=28-41,140-153
/proc/18/stat : 18 (bn4rust) R 16 16 0 0 -1 4194304 1836969 0 18 0 156459 3278 0 0 20 0 1 0 53236096 1204699136 235100 67087892480 94884120985600 94884122852721 140734180058960 0 0 0 0 4096 1088 0 0 0 17 31 0 0 1 0 0 94884123110784 94884123157720 94884149280768 140734180064016 140734180064150 140734180064150 140734180065249 0
/proc/18/statm: 294116 235100 1048 456 0 292277 0
Current children cumulated CPU time: 1597.4 s
Current children cumulated vsize: 1194148 KiB
Current children cumulated memory: 952768 KiB

[startup+1662.3 s]
/proc/loadavg: 12.89 12.24 14.64 12/2975 18
/proc/meminfo: memFree=507530600/527542212 swapFree=33547772/33554428
[pid=16] ppid=13 vsize=17684 memory=12368 CPUtime=0.03 cores=28-41,140-153
/proc/16/stat : 16 (python3) S 13 16 0 0 -1 4194304 1896 0 96 0 2 1 0 0 20 0 1 0 53236083 18108416 3092 67087892480 4194304 7154137 140726492450896 0 0 0 0 16781312 2 1 0 0 17 37 0 0 8 0 0 9727432 11029816 33759232 140726492457805 140726492457901 140726492457901 140726492458983 0
/proc/16/statm: 4421 3092 1498 723 0 2063 0
[pid=18] ppid=16 vsize=748996 memory=575024 CPUtime=1657.19 cores=28-41,140-153
/proc/18/stat : 18 (bn4rust) R 16 16 0 0 -1 4194304 1891690 0 18 0 162314 3405 0 0 20 0 1 0 53236096 766971904 143756 67087892480 94884120985600 94884122852721 140734180058960 0 0 0 0 4096 1088 0 0 0 17 31 0 0 1 0 0 94884123110784 94884123157720 94884149280768 140734180064016 140734180064150 140734180064150 140734180065249 0
/proc/18/statm: 187249 143756 1048 456 0 185410 0
Current children cumulated CPU time: 1657.22 s
Current children cumulated vsize: 766680 KiB
Current children cumulated memory: 587392 KiB

[startup+1722.3 s]
/proc/loadavg: 12.67 12.30 14.51 14/2975 18
/proc/meminfo: memFree=504899304/527542212 swapFree=33547772/33554428
[pid=16] ppid=13 vsize=17684 memory=12368 CPUtime=0.03 cores=28-41,140-153
/proc/16/stat : 16 (python3) S 13 16 0 0 -1 4194304 1896 0 96 0 2 1 0 0 20 0 1 0 53236083 18108416 3092 67087892480 4194304 7154137 140726492450896 0 0 0 0 16781312 2 1 0 0 17 37 0 0 8 0 0 9727432 11029816 33759232 140726492457805 140726492457901 140726492457901 140726492458983 0
/proc/16/statm: 4421 3092 1498 723 0 2063 0
[pid=18] ppid=16 vsize=1070448 memory=412196 CPUtime=1717.01 cores=28-41,140-153
/proc/18/stat : 18 (bn4rust) R 16 16 0 0 -1 4194304 1948627 0 18 0 168167 3534 0 0 20 0 1 0 53236096 1096138752 103049 67087892480 94884120985600 94884122852721 140734180058960 0 0 0 0 4096 1088 0 0 0 17 31 0 0 1 0 0 94884123110784 94884123157720 94884149280768 140734180064016 140734180064150 140734180064150 140734180065249 0
/proc/18/statm: 267612 103049 1048 456 0 265773 0
Current children cumulated CPU time: 1717.04 s
Current children cumulated vsize: 1088132 KiB
Current children cumulated memory: 424564 KiB

[startup+1782.3 s]
/proc/loadavg: 12.36 12.28 14.36 13/2980 18
/proc/meminfo: memFree=502694544/527542212 swapFree=33547772/33554428
[pid=16] ppid=13 vsize=17684 memory=12368 CPUtime=0.03 cores=28-41,140-153
/proc/16/stat : 16 (python3) S 13 16 0 0 -1 4194304 1896 0 96 0 2 1 0 0 20 0 1 0 53236083 18108416 3092 67087892480 4194304 7154137 140726492450896 0 0 0 0 16781312 2 1 0 0 17 37 0 0 8 0 0 9727432 11029816 33759232 140726492457805 140726492457901 140726492457901 140726492458983 0
/proc/16/statm: 4421 3092 1498 723 0 2063 0
[pid=18] ppid=16 vsize=972116 memory=785484 CPUtime=1776.83 cores=28-41,140-153
/proc/18/stat : 18 (bn4rust) R 16 16 0 0 -1 4194304 2011837 0 18 0 174009 3674 0 0 20 0 1 0 53236096 995446784 196371 67087892480 94884120985600 94884122852721 140734180058960 0 0 0 0 4096 1088 0 0 0 17 31 0 0 1 0 0 94884123110784 94884123157720 94884149280768 140734180064016 140734180064150 140734180064150 140734180065249 0
/proc/18/statm: 243029 196371 1048 456 0 241190 0
Current children cumulated CPU time: 1776.86 s
Current children cumulated vsize: 989800 KiB
Current children cumulated memory: 797852 KiB



Maximum wall clock time exceeded: sending SIGTERM then SIGKILL

[startup+1800 s]*
/proc/loadavg: 13.09 12.44 14.38 16/2992 18
/proc/meminfo: memFree=500500640/527542212 swapFree=33547772/33554428
[pid=16] ppid=13 vsize=17684 memory=12368 CPUtime=0.03 cores=28-41,140-153
/proc/16/stat : 16 (python3) S 13 16 0 0 -1 4194304 1896 0 96 0 2 1 0 0 20 0 1 0 53236083 18108416 3092 67087892480 4194304 7154137 140726492450896 0 0 0 0 16781312 2 1 0 0 17 37 0 0 8 0 0 9727432 11029816 33759232 140726492457805 140726492457901 140726492457901 140726492458983 0
/proc/16/statm: 4421 3092 1498 723 0 2063 0
[pid=18] ppid=16 vsize=1021272 memory=816432 CPUtime=1794.47 cores=28-41,140-153
/proc/18/stat : 18 (bn4rust) R 16 16 0 0 -1 4194304 2031784 0 18 0 175732 3715 0 0 20 0 1 0 53236096 1045782528 204108 67087892480 94884120985600 94884122852721 140734180058960 0 0 0 0 4096 1088 0 0 0 17 31 0 0 1 0 0 94884123110784 94884123157720 94884149280768 140734180064016 140734180064150 140734180064150 140734180065249 0
/proc/18/statm: 255318 204108 1048 456 0 253479 0
Current children cumulated CPU time: 1794.5 s
Current children cumulated vsize: 1038956 KiB
Current children cumulated memory: 828800 KiB

Sending SIGTERM to process tree (bottom up)
Sleeping 2 seconds

[startup+1800.01 s]
# the end of solver process 16 was just reported to runsolver
# cumulated CPU time of all completed processes:  user=0.02861 s, system=0.016955 s

[startup+1800.01 s]
# the end of solver process 18 was just reported to runsolver
# cumulated CPU time of all completed processes:  user=1757.36 s, system=37.1833 s
# this solver process was not waited by its parent and was adopted by runsolver

Solver just ended.
??? end of watcher thread
Dumping a history of the last processes samples

Child ended because it received signal 15 (SIGTERM)
Real time (s): 1800.01
CPU time (s): 1794.54
CPU user time (s): 1757.36
CPU system time (s): 37.1833
CPU usage (%): 99.6962
Max. virtual memory (cumulated for all children) (KiB): 2900328
Max. memory (cumulated for all children) (KiB): 2413168

getrusage(RUSAGE_CHILDREN,...) data:
user time used= 1757.36
system time used= 37.1833
maximum resident set size= 2510776
integral shared memory size= 0
integral unshared data size= 0
integral unshared stack size= 0
page reclaims= 2033680
page faults= 114
swaps= 0
block input operations= 19520
block output operations= 8
messages sent= 0
messages received= 0
signals received= 0
voluntary context switches= 975
involuntary context switches= 3157


# summary of solver processes directly reported to runsolver:
#   pid: 16,18
#   total CPU time (s): 1794.54
#   total CPU user time (s): 1757.36
#   total CPU system time (s): 37.1833

??? join timestamper begins
??? join timestamper ends
??? end of timestamper thread
runsolver used 1.69693 second user time and 2.47315 second system time

The end
