runsolver version 3.4.1 (svn: 3018) Copyright (C) 2010-2013 Olivier ROUSSEL

This program is distributed in the hope that it will be useful,
but WITHOUT ANY WARRANTY; without even the implied warranty of
MERCHANTABILITY or FITNESS FOR A PARTICULAR PURPOSE.  See the
GNU General Public License for more details.

NUMA information:
  number of nodes: 8
  memory of node 0: 63700 MiB (56202 MiB free)
  memory of node 1: 64461 MiB (56526 MiB free)
  memory of node 2: 64504 MiB (57672 MiB free)
  memory of node 3: 64504 MiB (62334 MiB free)
  memory of node 4: 64504 MiB (48394 MiB free)
  memory of node 5: 64504 MiB (62846 MiB free)
  memory of node 6: 64504 MiB (62599 MiB free)
  memory of node 7: 64491 MiB (61050 MiB free)
  node distances:
     10  12  12  12  21  21  21  21
     12  10  12  12  21  21  21  21
     12  12  10  12  21  21  21  21
     12  12  12  10  21  21  21  21
     21  21  21  21  10  12  12  12
     21  21  21  21  12  10  12  12
     21  21  21  21  12  12  10  12
     21  21  21  21  12  12  12  10

command line: /usr/local/bin/runsolver --timestamp -w /output/runsolver-watch.log -v /output/runsolver-values.log -o /output/solver-output.log -C 1800.0 -W 1800.0 -R 64000 /opt/solver/run_pyboolnet.py --instance /input/model_027.bnet 

running on 28 cores: 78-91,190-203

Enforcing CPUTime limit (soft limit, will send SIGTERM then SIGKILL): 1800 seconds
Enforcing CPUTime limit (hard limit, will send SIGXCPU): 1830 seconds
Enforcing wall clock limit (soft limit, will send SIGTERM then SIGKILL): 1800 seconds
Enforcing RSS+Swap limit (soft limit, will send SIGTERM then SIGKILL): 65536000 KiB
Linux 4.18.0-553.126.1.el8_10.x86_64
solver pid=16, runsolver pid=12
Current StackSize limit: 18014398509481983 KiB


[startup+0.100108 s]*
/proc/loadavg: 53.82 54.06 54.25 55/3004 17
/proc/meminfo: memFree=478837948/527542224 swapFree=30769424/33554428
[pid=16] ppid=12 vsize=14924 memory=9276 CPUtime=0.02 cores=78-91,190-203
/proc/16/stat : 16 (python3) R 12 16 0 0 -1 4194304 1139 0 56 0 2 0 0 0 20 0 1 0 522986747 15282176 2319 67087892480 94258470072320 94258473343021 140730264548112 0 0 0 0 16781312 2 0 0 0 17 192 0 0 6 0 0 94258475706384 94258475990424 94258491043840 140730264554241 140730264554311 140730264554311 140730264555495 0
/proc/16/statm: 3731 2319 1392 799 0 1350 0
Current children cumulated CPU time: 0.02 s
Current children cumulated vsize: 14924 KiB
Current children cumulated memory: 9276 KiB

[startup+0.200962 s]*
/proc/loadavg: 53.82 54.06 54.25 56/3002 17
/proc/meminfo: memFree=478829064/527542224 swapFree=30769424/33554428
[pid=16] ppid=12 vsize=19804 memory=14488 CPUtime=0.06 cores=78-91,190-203
/proc/16/stat : 16 (python3) S 12 16 0 0 -1 4194304 2325 0 74 0 5 1 0 0 20 0 1 0 522986747 20279296 3622 67087892480 94258470072320 94258473343021 140730264548112 0 0 0 0 16781312 2 1 0 0 17 192 0 0 10 0 0 94258475706384 94258475990424 94258491043840 140730264554241 140730264554311 140730264554311 140730264555495 0
/proc/16/statm: 4951 3622 1567 799 0 2475 0
Current children cumulated CPU time: 0.06 s
Current children cumulated vsize: 19804 KiB
Current children cumulated memory: 14488 KiB

[startup+0.300705 s]*
/proc/loadavg: 53.82 54.06 54.25 55/3002 17
/proc/meminfo: memFree=478821300/527542224 swapFree=30769424/33554428
[pid=16] ppid=12 vsize=24768 memory=19972 CPUtime=0.12 cores=78-91,190-203
/proc/16/stat : 16 (python3) D 12 16 0 0 -1 4194304 3663 0 80 0 9 3 0 0 20 0 1 0 522986747 25362432 4993 67087892480 94258470072320 94258473343021 140730264548112 0 0 0 0 16781312 2 0 0 0 17 192 0 0 12 0 0 94258475706384 94258475990424 94258491043840 140730264554241 140730264554311 140730264554311 140730264555495 0
/proc/16/statm: 6192 4993 1690 799 0 3704 0
Current children cumulated CPU time: 0.12 s
Current children cumulated vsize: 24768 KiB
Current children cumulated memory: 19972 KiB

[startup+0.700262 s]
/proc/loadavg: 53.82 54.06 54.25 55/3002 17
/proc/meminfo: memFree=478801576/527542224 swapFree=30769424/33554428
[pid=16] ppid=12 vsize=121276 memory=44960 CPUtime=0.3 cores=78-91,190-203
/proc/16/stat : 16 (python3) S 12 16 0 0 -1 4194304 8007 0 221 0 21 9 0 0 20 0 1 0 522986747 124186624 11240 67087892480 94258470072320 94258473343021 140730264548112 0 0 0 0 16781312 2 0 0 0 17 192 0 0 31 0 0 94258475706384 94258475990424 94258491043840 140730264554241 140730264554311 140730264554311 140730264555495 0
/proc/16/statm: 30319 11240 3892 799 0 16318 0
Current children cumulated CPU time: 0.3 s
Current children cumulated vsize: 121276 KiB
Current children cumulated memory: 44960 KiB

[startup+1.50023 s]
/proc/loadavg: 53.82 54.06 54.25 55/3004 19
/proc/meminfo: memFree=478756432/527542224 swapFree=30769424/33554428
[pid=16] ppid=12 vsize=224940 memory=70772 CPUtime=0.84 cores=78-91,190-203
/proc/16/stat : 16 (python3) I 12 16 0 0 -1 4194304 13217 0 298 0 70 14 0 0 20 0 1 0 522986747 230338560 17693 67087892480 94258470072320 94258473343021 140730264548112 0 0 0 0 16781312 2 0 0 0 17 192 0 0 51 0 0 94258475706384 94258475990424 94258491043840 140730264554241 140730264554311 140730264554311 140730264555495 0
/proc/16/statm: 56235 17693 5195 799 0 22942 0
Current children cumulated CPU time: 0.84 s
Current children cumulated vsize: 224940 KiB
Current children cumulated memory: 70772 KiB

[startup+1.86472 s]
# the end of solver process 16 was just reported to runsolver
# cumulated CPU time of all completed processes:  user=0.955741 s, system=0.15951 s

Solver just ended.
??? end of watcher thread
Dumping a history of the last processes samples

[startup+1.60034 s]
/proc/loadavg: 53.82 54.06 54.25 55/3004 19
/proc/meminfo: memFree=478756432/527542224 swapFree=30769424/33554428
[pid=16] ppid=12 vsize=220972 memory=71072 CPUtime=0.87 cores=78-91,190-203
/proc/16/stat : 16 (python3) S 12 16 0 0 -1 4194304 13329 198 298 4 70 14 3 0 20 0 1 0 522986747 226275328 17768 67087892480 94258470072320 94258473343021 140730264548112 0 0 0 0 16781312 2 1 0 0 17 192 0 0 51 0 0 94258475706384 94258475990424 94258491043840 140730264554241 140730264554311 140730264554311 140730264555495 0
/proc/16/statm: 55243 17768 5195 799 0 21950 0
Current children cumulated CPU time: 0.87 s
Current children cumulated vsize: 220972 KiB
Current children cumulated memory: 71072 KiB

[startup+1.80036 s]
/proc/loadavg: 53.82 54.06 54.25 55/3004 19
/proc/meminfo: memFree=478756432/527542224 swapFree=30769424/33554428
[pid=16] ppid=12 vsize=220972 memory=71072 CPUtime=1.04 cores=78-91,190-203
/proc/16/stat : 16 (python3) R 12 16 0 0 -1 4194304 13331 1954 299 78 73 14 17 0 20 0 1 0 522986747 226275328 17768 67087892480 94258470072320 94258473343021 140730264548112 0 0 0 0 16781312 0 0 0 0 17 80 0 0 51 0 0 94258475706384 94258475990424 94258491043840 140730264554241 140730264554311 140730264554311 140730264555495 0
/proc/16/statm: 55243 17768 5195 799 0 21950 0
Current children cumulated CPU time: 1.04 s
Current children cumulated vsize: 220972 KiB
Current children cumulated memory: 71072 KiB

Child status: 0
Real time (s): 1.86483
CPU time (s): 1.11525
CPU user time (s): 0.955741
CPU system time (s): 0.15951
CPU usage (%): 59.8045
Max. virtual memory (cumulated for all children) (KiB): 224940
Max. memory (cumulated for all children) (KiB): 71072

getrusage(RUSAGE_CHILDREN,...) data:
user time used= 0.955741
system time used= 0.15951
maximum resident set size= 71072
integral shared memory size= 0
integral unshared data size= 0
integral unshared stack size= 0
page reclaims= 15304
page faults= 385
swaps= 0
block input operations= 106136
block output operations= 0
messages sent= 0
messages received= 0
signals received= 0
voluntary context switches= 10314
involuntary context switches= 1


# summary of solver processes directly reported to runsolver:
#   pid: 16
#   total CPU time (s): 1.11525
#   total CPU user time (s): 0.955741
#   total CPU system time (s): 0.15951

??? join timestamper begins
??? join timestamper ends
??? end of timestamper thread
runsolver used 0.002529 second user time and 0.016121 second system time

The end
