# WCTIME: wall clock time in seconds
WCTIME=1800.01
# CPUTIME: CPU time in seconds (USERTIME+SYSTEMTIME)
CPUTIME=1794.15
# USERTIME: CPU time spent in user mode in seconds
USERTIME=1759.63
# SYSTEMTIME: CPU time spent in system mode in seconds
SYSTEMTIME=34.5259
# CPUUSAGE: CPUTIME/WCTIME in percent
CPUUSAGE=99.6747
# MAXVM: maximum virtual memory used in KiB
MAXVM=3093288
# MAXMM: maximum memory used in KiB
MAXMM=2699624
# MAXRSS: maximum Resident Segment Size in KiB
MAXRSS=2687964
# TIMEOUT: did the solver exceed the time limit?
TIMEOUT=true
# MEMOUT: did the solver exceed the memory limit?
MEMOUT=false
# EXITSTATUS: Exit status of the solver
EXITSTATUS=15
