runsolver version 3.4.1 (svn: 3018) Copyright (C) 2010-2013 Olivier ROUSSEL

This program is distributed in the hope that it will be useful,
but WITHOUT ANY WARRANTY; without even the implied warranty of
MERCHANTABILITY or FITNESS FOR A PARTICULAR PURPOSE.  See the
GNU General Public License for more details.

NUMA information:
  number of nodes: 8
  memory of node 0: 63700 MiB (61545 MiB free)
  memory of node 1: 64504 MiB (63417 MiB free)
  memory of node 2: 64504 MiB (63718 MiB free)
  memory of node 3: 64504 MiB (63717 MiB free)
  memory of node 4: 64461 MiB (63679 MiB free)
  memory of node 5: 64504 MiB (63815 MiB free)
  memory of node 6: 64504 MiB (63738 MiB free)
  memory of node 7: 64491 MiB (63590 MiB free)
  node distances:
     10  12  12  12  21  21  21  21
     12  10  12  12  21  21  21  21
     12  12  10  12  21  21  21  21
     12  12  12  10  21  21  21  21
     21  21  21  21  10  12  12  12
     21  21  21  21  12  10  12  12
     21  21  21  21  12  12  10  12
     21  21  21  21  12  12  12  10

command line: /usr/local/bin/runsolver --timestamp -w /output/runsolver-watch.log -v /output/runsolver-values.log -o /output/solver-output.log -C 1800.0 -W 1800.0 -R 64000 /opt/solver/run_bn4rust.py --mode cyber-forward-baseline --instance /input/model_219.bnet 

running on 16 cores: 0-13,124-125

Enforcing CPUTime limit (soft limit, will send SIGTERM then SIGKILL): 1800 seconds
Enforcing CPUTime limit (hard limit, will send SIGXCPU): 1830 seconds
Enforcing wall clock limit (soft limit, will send SIGTERM then SIGKILL): 1800 seconds
Enforcing RSS+Swap limit (soft limit, will send SIGTERM then SIGKILL): 65536000 KiB
Linux 4.18.0-553.159.1.el8_10.x86_64
Current StackSize limit: 18014398509481983 KiB

solver pid=16, runsolver pid=13

[startup+0.100074 s]*
/proc/loadavg: 0.73 0.19 0.05 4/2710 17
/proc/meminfo: memFree=519373312/527542252 swapFree=33487080/33554428
[pid=16] ppid=13 vsize=15800 memory=10052 CPUtime=0.02 cores=0-13,112-125
/proc/16/stat : 16 (python3) D 13 16 0 0 -1 4194304 1394 0 84 0 1 1 0 0 20 0 1 0 53232343 16179200 2513 67087892480 4194304 7154137 140722296670816 0 0 0 0 16781312 2 0 0 0 17 119 0 0 6 0 0 9727432 11029816 17461248 140722296675147 140722296675245 140722296675245 140722296676327 0
/proc/16/statm: 3950 2513 1380 723 0 1674 0
Current children cumulated CPU time: 0.02 s
Current children cumulated vsize: 15800 KiB
Current children cumulated memory: 10052 KiB

[startup+0.200566 s]*
/proc/loadavg: 0.73 0.19 0.05 4/2711 18
/proc/meminfo: memFree=519360216/527542252 swapFree=33487080/33554428
[pid=16] ppid=13 vsize=17684 memory=12428 CPUtime=0.04 cores=0-13,112-125
/proc/16/stat : 16 (python3) S 13 16 0 0 -1 4194304 1884 0 96 0 3 1 0 0 20 0 1 0 53232343 18108416 3107 67087892480 4194304 7154137 140722296670816 0 0 0 0 16781312 2 1 0 0 17 119 0 0 8 0 0 9727432 11029816 17461248 140722296675147 140722296675245 140722296675245 140722296676327 0
/proc/16/statm: 4421 3107 1498 723 0 2063 0
[pid=18] ppid=16 vsize=14308 memory=9492 CPUtime=0.04 cores=0-13,112-125
/proc/18/stat : 18 (bn4rust) R 16 16 0 0 -1 4194304 4266 0 18 0 3 1 0 0 20 0 1 0 53232357 14651392 2373 67087892480 94637633282048 94637635149169 140734827259648 0 0 0 0 4096 1088 0 0 0 17 121 0 0 1 0 0 94637635407232 94637635454168 94637662650368 140734827260686 140734827260822 140734827260822 140734827261921 0
/proc/18/statm: 3577 2373 1086 456 0 1738 0
Current children cumulated CPU time: 0.08 s
Current children cumulated vsize: 31992 KiB
Current children cumulated memory: 21920 KiB

[startup+0.300511 s]*
/proc/loadavg: 0.73 0.19 0.05 4/2711 18
/proc/meminfo: memFree=519346260/527542252 swapFree=33487080/33554428
[pid=16] ppid=13 vsize=17684 memory=12428 CPUtime=0.04 cores=0-13,112-125
/proc/16/stat : 16 (python3) S 13 16 0 0 -1 4194304 1884 0 96 0 3 1 0 0 20 0 1 0 53232343 18108416 3107 67087892480 4194304 7154137 140722296670816 0 0 0 0 16781312 2 1 0 0 17 119 0 0 8 0 0 9727432 11029816 17461248 140722296675147 140722296675245 140722296675245 140722296676327 0
/proc/16/statm: 4421 3107 1498 723 0 2063 0
[pid=18] ppid=16 vsize=25764 memory=19944 CPUtime=0.13 cores=0-13,112-125
/proc/18/stat : 18 (bn4rust) R 16 16 0 0 -1 4194304 7484 0 18 0 12 1 0 0 20 0 1 0 53232357 26382336 4986 67087892480 94637633282048 94637635149169 140734827259648 0 0 0 0 4096 1088 0 0 0 17 121 0 0 1 0 0 94637635407232 94637635454168 94637662650368 140734827260686 140734827260822 140734827260822 140734827261921 0
/proc/18/statm: 6441 4986 1086 456 0 4602 0
Current children cumulated CPU time: 0.17 s
Current children cumulated vsize: 43448 KiB
Current children cumulated memory: 32372 KiB

[startup+0.700276 s]
/proc/loadavg: 0.73 0.19 0.05 4/2711 18
/proc/meminfo: memFree=519323964/527542252 swapFree=33487080/33554428
[pid=16] ppid=13 vsize=17684 memory=12428 CPUtime=0.04 cores=0-13,112-125
/proc/16/stat : 16 (python3) S 13 16 0 0 -1 4194304 1884 0 96 0 3 1 0 0 20 0 1 0 53232343 18108416 3107 67087892480 4194304 7154137 140722296670816 0 0 0 0 16781312 2 1 0 0 17 119 0 0 8 0 0 9727432 11029816 17461248 140722296675147 140722296675245 140722296675245 140722296676327 0
/proc/16/statm: 4421 3107 1498 723 0 2063 0
[pid=18] ppid=16 vsize=24808 memory=18916 CPUtime=0.53 cores=0-13,112-125
/proc/18/stat : 18 (bn4rust) R 16 16 0 0 -1 4194304 13240 0 18 0 50 3 0 0 20 0 1 0 53232357 25403392 4729 67087892480 94637633282048 94637635149169 140734827259648 0 0 0 0 4096 1088 0 0 0 17 121 0 0 1 0 0 94637635407232 94637635454168 94637662650368 140734827260686 140734827260822 140734827260822 140734827261921 0
/proc/18/statm: 6202 4729 1086 456 0 4363 0
Current children cumulated CPU time: 0.57 s
Current children cumulated vsize: 42492 KiB
Current children cumulated memory: 31344 KiB

[startup+1.50023 s]
/proc/loadavg: 0.73 0.19 0.05 4/2711 18
/proc/meminfo: memFree=519319004/527542252 swapFree=33487080/33554428
[pid=16] ppid=13 vsize=17684 memory=12428 CPUtime=0.04 cores=0-13,112-125
/proc/16/stat : 16 (python3) S 13 16 0 0 -1 4194304 1884 0 96 0 3 1 0 0 20 0 1 0 53232343 18108416 3107 67087892480 4194304 7154137 140722296670816 0 0 0 0 16781312 2 1 0 0 17 119 0 0 8 0 0 9727432 11029816 17461248 140722296675147 140722296675245 140722296675245 140722296676327 0
/proc/16/statm: 4421 3107 1498 723 0 2063 0
[pid=18] ppid=16 vsize=24964 memory=21696 CPUtime=1.33 cores=0-13,112-125
/proc/18/stat : 18 (bn4rust) R 16 16 0 0 -1 4194304 16982 0 18 0 129 4 0 0 20 0 1 0 53232357 25563136 5424 67087892480 94637633282048 94637635149169 140734827259648 0 0 0 0 4096 1088 0 0 0 17 121 0 0 1 0 0 94637635407232 94637635454168 94637662650368 140734827260686 140734827260822 140734827260822 140734827261921 0
/proc/18/statm: 6241 5424 1086 456 0 4402 0
Current children cumulated CPU time: 1.37 s
Current children cumulated vsize: 42648 KiB
Current children cumulated memory: 34124 KiB

[startup+3.1005 s]
/proc/loadavg: 0.73 0.19 0.05 4/2711 18
/proc/meminfo: memFree=519329112/527542252 swapFree=33487080/33554428
[pid=16] ppid=13 vsize=17684 memory=12428 CPUtime=0.04 cores=0-13,112-125
/proc/16/stat : 16 (python3) S 13 16 0 0 -1 4194304 1884 0 96 0 3 1 0 0 20 0 1 0 53232343 18108416 3107 67087892480 4194304 7154137 140722296670816 0 0 0 0 16781312 2 1 0 0 17 119 0 0 8 0 0 9727432 11029816 17461248 140722296675147 140722296675245 140722296675245 140722296676327 0
/proc/16/statm: 4421 3107 1498 723 0 2063 0
[pid=18] ppid=16 vsize=42080 memory=36796 CPUtime=2.93 cores=0-13,112-125
/proc/18/stat : 18 (bn4rust) R 16 16 0 0 -1 4194304 28018 0 18 0 287 6 0 0 20 0 1 0 53232357 43089920 9199 67087892480 94637633282048 94637635149169 140734827259648 0 0 0 0 4096 1088 0 0 0 17 121 0 0 1 0 0 94637635407232 94637635454168 94637662650368 140734827260686 140734827260822 140734827260822 140734827261921 0
/proc/18/statm: 10520 9199 1086 456 0 8681 0
Current children cumulated CPU time: 2.97 s
Current children cumulated vsize: 59764 KiB
Current children cumulated memory: 49224 KiB

[startup+6.30023 s]
/proc/loadavg: 0.91 0.23 0.07 4/2711 18
/proc/meminfo: memFree=519240072/527542252 swapFree=33487080/33554428
[pid=16] ppid=13 vsize=17684 memory=12428 CPUtime=0.04 cores=0-13,112-125
/proc/16/stat : 16 (python3) S 13 16 0 0 -1 4194304 1884 0 96 0 3 1 0 0 20 0 1 0 53232343 18108416 3107 67087892480 4194304 7154137 140722296670816 0 0 0 0 16781312 2 1 0 0 17 119 0 0 8 0 0 9727432 11029816 17461248 140722296675147 140722296675245 140722296675245 140722296676327 0
/proc/16/statm: 4421 3107 1498 723 0 2063 0
[pid=18] ppid=16 vsize=26692 memory=21640 CPUtime=6.12 cores=0-13,112-125
/proc/18/stat : 18 (bn4rust) R 16 16 0 0 -1 4194304 45311 0 18 0 601 11 0 0 20 0 1 0 53232357 27332608 5410 67087892480 94637633282048 94637635149169 140734827259648 0 0 0 0 4096 1088 0 0 0 17 121 0 0 1 0 0 94637635407232 94637635454168 94637662650368 140734827260686 140734827260822 140734827260822 140734827261921 0
/proc/18/statm: 6673 5410 1086 456 0 4834 0
Current children cumulated CPU time: 6.16 s
Current children cumulated vsize: 44376 KiB
Current children cumulated memory: 34068 KiB

[startup+12.7002 s]
/proc/loadavg: 1.08 0.28 0.09 4/2708 18
/proc/meminfo: memFree=519274352/527542252 swapFree=33487080/33554428
[pid=16] ppid=13 vsize=17684 memory=12428 CPUtime=0.04 cores=0-13,112-125
/proc/16/stat : 16 (python3) S 13 16 0 0 -1 4194304 1884 0 96 0 3 1 0 0 20 0 1 0 53232343 18108416 3107 67087892480 4194304 7154137 140722296670816 0 0 0 0 16781312 2 1 0 0 17 119 0 0 8 0 0 9727432 11029816 17461248 140722296675147 140722296675245 140722296675245 140722296676327 0
/proc/16/statm: 4421 3107 1498 723 0 2063 0
[pid=18] ppid=16 vsize=18488 memory=14500 CPUtime=12.51 cores=0-13,112-125
/proc/18/stat : 18 (bn4rust) R 16 16 0 0 -1 4194304 81220 0 18 0 1234 17 0 0 20 0 1 0 53232357 18931712 3625 67087892480 94637633282048 94637635149169 140734827259648 0 0 0 0 4096 1088 0 0 0 17 121 0 0 1 0 0 94637635407232 94637635454168 94637662650368 140734827260686 140734827260822 140734827260822 140734827261921 0
/proc/18/statm: 4622 3625 1086 456 0 2783 0
Current children cumulated CPU time: 12.55 s
Current children cumulated vsize: 36172 KiB
Current children cumulated memory: 26928 KiB

[startup+25.5002 s]
/proc/loadavg: 1.50 0.41 0.13 4/2708 18
/proc/meminfo: memFree=519230220/527542252 swapFree=33487080/33554428
[pid=16] ppid=13 vsize=17684 memory=12428 CPUtime=0.04 cores=0-13,112-125
/proc/16/stat : 16 (python3) S 13 16 0 0 -1 4194304 1884 0 96 0 3 1 0 0 20 0 1 0 53232343 18108416 3107 67087892480 4194304 7154137 140722296670816 0 0 0 0 16781312 2 1 0 0 17 119 0 0 8 0 0 9727432 11029816 17461248 140722296675147 140722296675245 140722296675245 140722296676327 0
/proc/16/statm: 4421 3107 1498 723 0 2063 0
[pid=18] ppid=16 vsize=30300 memory=25392 CPUtime=25.27 cores=0-13,112-125
/proc/18/stat : 18 (bn4rust) R 16 16 0 0 -1 4194304 114853 0 18 0 2502 25 0 0 20 0 1 0 53232357 31027200 6348 67087892480 94637633282048 94637635149169 140734827259648 0 0 0 0 4096 1088 0 0 0 17 121 0 0 1 0 0 94637635407232 94637635454168 94637662650368 140734827260686 140734827260822 140734827260822 140734827261921 0
/proc/18/statm: 7575 6348 1086 456 0 5736 0
Current children cumulated CPU time: 25.31 s
Current children cumulated vsize: 47984 KiB
Current children cumulated memory: 37820 KiB

[startup+51.1005 s]
/proc/loadavg: 2.10 0.64 0.22 4/2708 18
/proc/meminfo: memFree=519006244/527542252 swapFree=33487080/33554428
[pid=16] ppid=13 vsize=17684 memory=12428 CPUtime=0.04 cores=0-13,112-125
/proc/16/stat : 16 (python3) S 13 16 0 0 -1 4194304 1884 0 96 0 3 1 0 0 20 0 1 0 53232343 18108416 3107 67087892480 4194304 7154137 140722296670816 0 0 0 0 16781312 2 1 0 0 17 119 0 0 8 0 0 9727432 11029816 17461248 140722296675147 140722296675245 140722296675245 140722296676327 0
/proc/16/statm: 4421 3107 1498 723 0 2063 0
[pid=18] ppid=16 vsize=94824 memory=84884 CPUtime=50.81 cores=0-13,112-125
/proc/18/stat : 18 (bn4rust) R 16 16 0 0 -1 4194304 130202 0 18 0 5051 30 0 0 20 0 1 0 53232357 97099776 21221 67087892480 94637633282048 94637635149169 140734827259648 0 0 0 0 4096 1088 0 0 0 17 121 0 0 1 0 0 94637635407232 94637635454168 94637662650368 140734827260686 140734827260822 140734827260822 140734827261921 0
/proc/18/statm: 23706 21221 1086 456 0 21867 0
Current children cumulated CPU time: 50.85 s
Current children cumulated vsize: 112508 KiB
Current children cumulated memory: 97312 KiB

[startup+102.3 s]
/proc/loadavg: 2.61 1.01 0.36 4/2708 18
/proc/meminfo: memFree=518930120/527542252 swapFree=33487080/33554428
[pid=16] ppid=13 vsize=17684 memory=12428 CPUtime=0.04 cores=0-13,112-125
/proc/16/stat : 16 (python3) S 13 16 0 0 -1 4194304 1884 0 96 0 3 1 0 0 20 0 1 0 53232343 18108416 3107 67087892480 4194304 7154137 140722296670816 0 0 0 0 16781312 2 1 0 0 17 119 0 0 8 0 0 9727432 11029816 17461248 140722296675147 140722296675245 140722296675245 140722296676327 0
/proc/16/statm: 4421 3107 1498 723 0 2063 0
[pid=18] ppid=16 vsize=133736 memory=129460 CPUtime=101.87 cores=0-13,112-125
/proc/18/stat : 18 (bn4rust) R 16 16 0 0 -1 4194304 142270 0 18 0 10153 34 0 0 20 0 1 0 53232357 136945664 32365 67087892480 94637633282048 94637635149169 140734827259648 0 0 0 0 4096 1088 0 0 0 17 121 0 0 1 0 0 94637635407232 94637635454168 94637662650368 140734827260686 140734827260822 140734827260822 140734827261921 0
/proc/18/statm: 33434 32365 1086 456 0 31595 0
Current children cumulated CPU time: 101.91 s
Current children cumulated vsize: 151420 KiB
Current children cumulated memory: 141888 KiB

[startup+162.3 s]
/proc/loadavg: 2.86 1.37 0.53 4/2706 18
/proc/meminfo: memFree=518905588/527542252 swapFree=33487080/33554428
[pid=16] ppid=13 vsize=17684 memory=12428 CPUtime=0.04 cores=0-13,112-125
/proc/16/stat : 16 (python3) S 13 16 0 0 -1 4194304 1884 0 96 0 3 1 0 0 20 0 1 0 53232343 18108416 3107 67087892480 4194304 7154137 140722296670816 0 0 0 0 16781312 2 1 0 0 17 119 0 0 8 0 0 9727432 11029816 17461248 140722296675147 140722296675245 140722296675245 140722296676327 0
/proc/16/statm: 4421 3107 1498 723 0 2063 0
[pid=18] ppid=16 vsize=176744 memory=165964 CPUtime=161.73 cores=0-13,112-125
/proc/18/stat : 18 (bn4rust) R 16 16 0 0 -1 4194304 161041 0 18 0 16129 44 0 0 20 0 1 0 53232357 180985856 41491 67087892480 94637633282048 94637635149169 140734827259648 0 0 0 0 4096 1088 0 0 0 17 121 0 0 1 0 0 94637635407232 94637635454168 94637662650368 140734827260686 140734827260822 140734827260822 140734827261921 0
/proc/18/statm: 44186 41491 1086 456 0 42347 0
Current children cumulated CPU time: 161.77 s
Current children cumulated vsize: 194428 KiB
Current children cumulated memory: 178392 KiB

[startup+222.3 s]
/proc/loadavg: 2.95 1.67 0.69 4/2704 18
/proc/meminfo: memFree=518591576/527542252 swapFree=33487080/33554428
[pid=16] ppid=13 vsize=17684 memory=12428 CPUtime=0.04 cores=0-13,112-125
/proc/16/stat : 16 (python3) S 13 16 0 0 -1 4194304 1884 0 96 0 3 1 0 0 20 0 1 0 53232343 18108416 3107 67087892480 4194304 7154137 140722296670816 0 0 0 0 16781312 2 1 0 0 17 119 0 0 8 0 0 9727432 11029816 17461248 140722296675147 140722296675245 140722296675245 140722296676327 0
/proc/16/statm: 4421 3107 1498 723 0 2063 0
[pid=18] ppid=16 vsize=187424 memory=178232 CPUtime=221.57 cores=0-13,112-125
/proc/18/stat : 18 (bn4rust) R 16 16 0 0 -1 4194304 189290 0 18 0 22098 59 0 0 20 0 1 0 53232357 191922176 44558 67087892480 94637633282048 94637635149169 140734827259648 0 0 0 0 4096 1088 0 0 0 17 9 0 0 1 0 0 94637635407232 94637635454168 94637662650368 140734827260686 140734827260822 140734827260822 140734827261921 0
/proc/18/statm: 46856 44558 1086 456 0 45017 0
Current children cumulated CPU time: 221.61 s
Current children cumulated vsize: 205108 KiB
Current children cumulated memory: 190660 KiB

[startup+282.3 s]
/proc/loadavg: 2.98 1.92 0.84 4/2707 18
/proc/meminfo: memFree=518683564/527542252 swapFree=33487080/33554428
[pid=16] ppid=13 vsize=17684 memory=12428 CPUtime=0.04 cores=0-13,112-125
/proc/16/stat : 16 (python3) S 13 16 0 0 -1 4194304 1884 0 96 0 3 1 0 0 20 0 1 0 53232343 18108416 3107 67087892480 4194304 7154137 140722296670816 0 0 0 0 16781312 2 1 0 0 17 119 0 0 8 0 0 9727432 11029816 17461248 140722296675147 140722296675245 140722296675245 140722296676327 0
/proc/16/statm: 4421 3107 1498 723 0 2063 0
[pid=18] ppid=16 vsize=187856 memory=184500 CPUtime=281.42 cores=0-13,112-125
/proc/18/stat : 18 (bn4rust) R 16 16 0 0 -1 4194304 230710 0 18 0 28049 93 0 0 20 0 1 0 53232357 192364544 46125 67087892480 94637633282048 94637635149169 140734827259648 0 0 0 0 4096 1088 0 0 0 17 9 0 0 1 0 0 94637635407232 94637635454168 94637662650368 140734827260686 140734827260822 140734827260822 140734827261921 0
/proc/18/statm: 46964 46125 1086 456 0 45125 0
Current children cumulated CPU time: 281.46 s
Current children cumulated vsize: 205540 KiB
Current children cumulated memory: 196928 KiB

[startup+342.3 s]
/proc/loadavg: 3.00 2.12 0.97 4/2689 18
/proc/meminfo: memFree=518396748/527542252 swapFree=33487080/33554428
[pid=16] ppid=13 vsize=17684 memory=12428 CPUtime=0.04 cores=0-13,112-125
/proc/16/stat : 16 (python3) S 13 16 0 0 -1 4194304 1884 0 96 0 3 1 0 0 20 0 1 0 53232343 18108416 3107 67087892480 4194304 7154137 140722296670816 0 0 0 0 16781312 2 1 0 0 17 119 0 0 8 0 0 9727432 11029816 17461248 140722296675147 140722296675245 140722296675245 140722296676327 0
/proc/16/statm: 4421 3107 1498 723 0 2063 0
[pid=18] ppid=16 vsize=280320 memory=272456 CPUtime=341.27 cores=0-13,112-125
/proc/18/stat : 18 (bn4rust) R 16 16 0 0 -1 4194304 321787 0 18 0 33926 201 0 0 20 0 1 0 53232357 287047680 68114 67087892480 94637633282048 94637635149169 140734827259648 0 0 0 0 4096 1088 0 0 0 17 9 0 0 1 0 0 94637635407232 94637635454168 94637662650368 140734827260686 140734827260822 140734827260822 140734827261921 0
/proc/18/statm: 70080 68114 1086 456 0 68241 0
Current children cumulated CPU time: 341.31 s
Current children cumulated vsize: 298004 KiB
Current children cumulated memory: 284884 KiB

[startup+402.3 s]
/proc/loadavg: 3.00 2.28 1.10 4/2689 18
/proc/meminfo: memFree=518579028/527542252 swapFree=33487080/33554428
[pid=16] ppid=13 vsize=17684 memory=12428 CPUtime=0.04 cores=0-13,112-125
/proc/16/stat : 16 (python3) S 13 16 0 0 -1 4194304 1884 0 96 0 3 1 0 0 20 0 1 0 53232343 18108416 3107 67087892480 4194304 7154137 140722296670816 0 0 0 0 16781312 2 1 0 0 17 119 0 0 8 0 0 9727432 11029816 17461248 140722296675147 140722296675245 140722296675245 140722296676327 0
/proc/16/statm: 4421 3107 1498 723 0 2063 0
[pid=18] ppid=16 vsize=123652 memory=120300 CPUtime=401.13 cores=0-13,112-125
/proc/18/stat : 18 (bn4rust) R 16 16 0 0 -1 4194304 466511 0 18 0 39750 363 0 0 20 0 1 0 53232357 126619648 30075 67087892480 94637633282048 94637635149169 140734827259648 0 0 0 0 4096 1088 0 0 0 17 121 0 0 1 0 0 94637635407232 94637635454168 94637662650368 140734827260686 140734827260822 140734827260822 140734827261921 0
/proc/18/statm: 30913 30075 1086 456 0 29074 0
Current children cumulated CPU time: 401.17 s
Current children cumulated vsize: 141336 KiB
Current children cumulated memory: 132728 KiB

[startup+462.3 s]
/proc/loadavg: 3.00 2.41 1.23 4/2689 18
/proc/meminfo: memFree=518279648/527542252 swapFree=33487080/33554428
[pid=16] ppid=13 vsize=17684 memory=12428 CPUtime=0.04 cores=0-13,112-125
/proc/16/stat : 16 (python3) S 13 16 0 0 -1 4194304 1884 0 96 0 3 1 0 0 20 0 1 0 53232343 18108416 3107 67087892480 4194304 7154137 140722296670816 0 0 0 0 16781312 2 1 0 0 17 119 0 0 8 0 0 9727432 11029816 17461248 140722296675147 140722296675245 140722296675245 140722296676327 0
/proc/16/statm: 4421 3107 1498 723 0 2063 0
[pid=18] ppid=16 vsize=265324 memory=210076 CPUtime=460.99 cores=0-13,112-125
/proc/18/stat : 18 (bn4rust) R 16 16 0 0 -1 4194304 610029 0 18 0 45588 511 0 0 20 0 1 0 53232357 271691776 52519 67087892480 94637633282048 94637635149169 140734827259648 0 0 0 0 4096 1088 0 0 0 17 121 0 0 1 0 0 94637635407232 94637635454168 94637662650368 140734827260686 140734827260822 140734827260822 140734827261921 0
/proc/18/statm: 66331 52519 1086 456 0 64492 0
Current children cumulated CPU time: 461.03 s
Current children cumulated vsize: 283008 KiB
Current children cumulated memory: 222504 KiB

[startup+522.3 s]
/proc/loadavg: 3.27 2.59 1.36 5/2729 18
/proc/meminfo: memFree=518434212/527542252 swapFree=33487080/33554428
[pid=16] ppid=13 vsize=17684 memory=12428 CPUtime=0.04 cores=0-13,112-125
/proc/16/stat : 16 (python3) S 13 16 0 0 -1 4194304 1884 0 96 0 3 1 0 0 20 0 1 0 53232343 18108416 3107 67087892480 4194304 7154137 140722296670816 0 0 0 0 16781312 2 1 0 0 17 119 0 0 8 0 0 9727432 11029816 17461248 140722296675147 140722296675245 140722296675245 140722296676327 0
/proc/16/statm: 4421 3107 1498 723 0 2063 0
[pid=18] ppid=16 vsize=124284 memory=120900 CPUtime=520.84 cores=0-13,112-125
/proc/18/stat : 18 (bn4rust) R 16 16 0 0 -1 4194304 755458 0 18 0 51414 670 0 0 20 0 1 0 53232357 127266816 30225 67087892480 94637633282048 94637635149169 140734827259648 0 0 0 0 4096 1088 0 0 0 17 121 0 0 1 0 0 94637635407232 94637635454168 94637662650368 140734827260686 140734827260822 140734827260822 140734827261921 0
/proc/18/statm: 31071 30225 1086 456 0 29232 0
Current children cumulated CPU time: 520.88 s
Current children cumulated vsize: 141968 KiB
Current children cumulated memory: 133328 KiB

[startup+582.3 s]
/proc/loadavg: 4.62 3.03 1.59 10/3972 18
/proc/meminfo: memFree=516644812/527542252 swapFree=33487080/33554428
[pid=16] ppid=13 vsize=17684 memory=12428 CPUtime=0.04 cores=0-13,112-125
/proc/16/stat : 16 (python3) S 13 16 0 0 -1 4194304 1884 0 96 0 3 1 0 0 20 0 1 0 53232343 18108416 3107 67087892480 4194304 7154137 140722296670816 0 0 0 0 16781312 2 1 0 0 17 119 0 0 8 0 0 9727432 11029816 17461248 140722296675147 140722296675245 140722296675245 140722296676327 0
/proc/16/statm: 4421 3107 1498 723 0 2063 0
[pid=18] ppid=16 vsize=268632 memory=213660 CPUtime=580.68 cores=0-13,112-125
/proc/18/stat : 18 (bn4rust) R 16 16 0 0 -1 4194304 883128 0 18 0 57271 797 0 0 20 0 1 0 53232357 275079168 53415 67087892480 94637633282048 94637635149169 140734827259648 0 0 0 0 4096 1088 0 0 0 17 9 0 0 1 0 0 94637635407232 94637635454168 94637662650368 140734827260686 140734827260822 140734827260822 140734827261921 0
/proc/18/statm: 67158 53415 1086 456 0 65319 0
Current children cumulated CPU time: 580.72 s
Current children cumulated vsize: 286316 KiB
Current children cumulated memory: 226088 KiB

[startup+642.3 s]
/proc/loadavg: 47.80 15.49 5.95 39/4900 18
/proc/meminfo: memFree=495750292/527542252 swapFree=33487080/33554428
[pid=16] ppid=13 vsize=17684 memory=12428 CPUtime=0.04 cores=0-13,112-125
/proc/16/stat : 16 (python3) S 13 16 0 0 -1 4194304 1884 0 96 0 3 1 0 0 20 0 1 0 53232343 18108416 3107 67087892480 4194304 7154137 140722296670816 0 0 0 0 16781312 2 1 0 0 17 119 0 0 8 0 0 9727432 11029816 17461248 140722296675147 140722296675245 140722296675245 140722296676327 0
/proc/16/statm: 4421 3107 1498 723 0 2063 0
[pid=18] ppid=16 vsize=243176 memory=215216 CPUtime=640.38 cores=0-13,112-125
/proc/18/stat : 18 (bn4rust) R 16 16 0 0 -1 4194304 977129 0 18 0 63151 887 0 0 20 0 1 0 53232357 249012224 53804 67087892480 94637633282048 94637635149169 140734827259648 0 0 0 0 4096 1088 0 0 0 17 9 0 0 1 0 0 94637635407232 94637635454168 94637662650368 140734827260686 140734827260822 140734827260822 140734827261921 0
/proc/18/statm: 60794 53804 1086 456 0 58955 0
Current children cumulated CPU time: 640.42 s
Current children cumulated vsize: 260860 KiB
Current children cumulated memory: 227644 KiB

[startup+702.3 s]
/proc/loadavg: 65.83 26.91 10.50 65/5336 18
/proc/meminfo: memFree=489338424/527542252 swapFree=33487080/33554428
[pid=16] ppid=13 vsize=17684 memory=12428 CPUtime=0.04 cores=0-13,112-125
/proc/16/stat : 16 (python3) S 13 16 0 0 -1 4194304 1884 0 96 0 3 1 0 0 20 0 1 0 53232343 18108416 3107 67087892480 4194304 7154137 140722296670816 0 0 0 0 16781312 2 1 0 0 17 119 0 0 8 0 0 9727432 11029816 17461248 140722296675147 140722296675245 140722296675245 140722296676327 0
/proc/16/statm: 4421 3107 1498 723 0 2063 0
[pid=18] ppid=16 vsize=243272 memory=198024 CPUtime=700.07 cores=0-13,112-125
/proc/18/stat : 18 (bn4rust) R 16 16 0 0 -1 4194304 1064966 0 18 0 69040 967 0 0 20 0 1 0 53232357 249110528 49506 67087892480 94637633282048 94637635149169 140734827259648 0 0 0 0 4096 1088 0 0 0 17 121 0 0 1 0 0 94637635407232 94637635454168 94637662650368 140734827260686 140734827260822 140734827260822 140734827261921 0
/proc/18/statm: 60818 49506 1086 456 0 58979 0
Current children cumulated CPU time: 700.11 s
Current children cumulated vsize: 260956 KiB
Current children cumulated memory: 210452 KiB

[startup+762.3 s]
/proc/loadavg: 41.16 27.42 11.74 42/3142 18
/proc/meminfo: memFree=470901168/527542252 swapFree=33487080/33554428
[pid=16] ppid=13 vsize=17684 memory=12428 CPUtime=0.04 cores=0-13,112-125
/proc/16/stat : 16 (python3) S 13 16 0 0 -1 4194304 1884 0 96 0 3 1 0 0 20 0 1 0 53232343 18108416 3107 67087892480 4194304 7154137 140722296670816 0 0 0 0 16781312 2 1 0 0 17 119 0 0 8 0 0 9727432 11029816 17461248 140722296675147 140722296675245 140722296675245 140722296676327 0
/proc/16/statm: 4421 3107 1498 723 0 2063 0
[pid=18] ppid=16 vsize=187660 memory=184496 CPUtime=759.81 cores=0-13,112-125
/proc/18/stat : 18 (bn4rust) R 16 16 0 0 -1 4194304 1124322 0 18 0 74948 1033 0 0 20 0 1 0 53232357 192163840 46124 67087892480 94637633282048 94637635149169 140734827259648 0 0 0 0 4096 1088 0 0 0 17 11 0 0 1 0 0 94637635407232 94637635454168 94637662650368 140734827260686 140734827260822 140734827260822 140734827261921 0
/proc/18/statm: 46915 46124 1086 456 0 45076 0
Current children cumulated CPU time: 759.85 s
Current children cumulated vsize: 205344 KiB
Current children cumulated memory: 196924 KiB

[startup+822.3 s]
/proc/loadavg: 39.66 29.53 13.45 23/3106 18
/proc/meminfo: memFree=478702744/527542252 swapFree=33487080/33554428
[pid=16] ppid=13 vsize=17684 memory=12856 CPUtime=0.04 cores=0-13,112-125
/proc/16/stat : 16 (python3) S 13 16 0 0 -1 4194304 1884 0 96 0 3 1 0 0 20 0 1 0 53232343 18108416 3214 67087892480 4194304 7154137 140722296670816 0 0 0 0 16781312 2 1 0 0 17 119 0 0 8 0 0 9727432 11029816 17461248 140722296675147 140722296675245 140722296675245 140722296676327 0
/proc/16/statm: 4421 3214 1498 723 0 2063 0
[pid=18] ppid=16 vsize=197388 memory=178192 CPUtime=819.54 cores=0-13,112-125
/proc/18/stat : 18 (bn4rust) R 16 16 0 0 -1 4194304 1182179 0 18 0 80865 1089 0 0 20 0 1 0 53232357 202125312 44548 67087892480 94637633282048 94637635149169 140734827259648 0 0 0 0 4096 1088 0 0 0 17 11 0 0 1 0 0 94637635407232 94637635454168 94637662650368 140734827260686 140734827260822 140734827260822 140734827261921 0
/proc/18/statm: 49347 44548 1086 456 0 47508 0
Current children cumulated CPU time: 819.58 s
Current children cumulated vsize: 215072 KiB
Current children cumulated memory: 191048 KiB

[startup+882.3 s]
/proc/loadavg: 36.46 30.27 14.70 31/3078 18
/proc/meminfo: memFree=486029156/527542252 swapFree=33487080/33554428
[pid=16] ppid=13 vsize=17684 memory=12856 CPUtime=0.04 cores=0-13,112-125
/proc/16/stat : 16 (python3) S 13 16 0 0 -1 4194304 1884 0 96 0 3 1 0 0 20 0 1 0 53232343 18108416 3214 67087892480 4194304 7154137 140722296670816 0 0 0 0 16781312 2 1 0 0 17 119 0 0 8 0 0 9727432 11029816 17461248 140722296675147 140722296675245 140722296675245 140722296676327 0
/proc/16/statm: 4421 3214 1498 723 0 2063 0
[pid=18] ppid=16 vsize=187660 memory=182448 CPUtime=879.28 cores=0-13,112-125
/proc/18/stat : 18 (bn4rust) R 16 16 0 0 -1 4194304 1204165 0 18 0 86822 1106 0 0 20 0 1 0 53232357 192163840 45612 67087892480 94637633282048 94637635149169 140734827259648 0 0 0 0 4096 1088 0 0 0 17 10 0 0 1 0 0 94637635407232 94637635454168 94637662650368 140734827260686 140734827260822 140734827260822 140734827261921 0
/proc/18/statm: 46915 45612 1086 456 0 45076 0
Current children cumulated CPU time: 879.32 s
Current children cumulated vsize: 205344 KiB
Current children cumulated memory: 195304 KiB

[startup+942.3 s]
/proc/loadavg: 33.73 30.55 15.77 34/3101 18
/proc/meminfo: memFree=478953792/527542252 swapFree=33487080/33554428
[pid=16] ppid=13 vsize=17684 memory=12856 CPUtime=0.04 cores=0-13,112-125
/proc/16/stat : 16 (python3) S 13 16 0 0 -1 4194304 1884 0 96 0 3 1 0 0 20 0 1 0 53232343 18108416 3214 67087892480 4194304 7154137 140722296670816 0 0 0 0 16781312 2 1 0 0 17 119 0 0 8 0 0 9727432 11029816 17461248 140722296675147 140722296675245 140722296675245 140722296676327 0
/proc/16/statm: 4421 3214 1498 723 0 2063 0
[pid=18] ppid=16 vsize=138508 memory=135128 CPUtime=939.02 cores=0-13,112-125
/proc/18/stat : 18 (bn4rust) R 16 16 0 0 -1 4194304 1211161 0 18 0 92788 1114 0 0 20 0 1 0 53232357 141832192 33782 67087892480 94637633282048 94637635149169 140734827259648 0 0 0 0 4096 1088 0 0 0 17 114 0 0 1 0 0 94637635407232 94637635454168 94637662650368 140734827260686 140734827260822 140734827260822 140734827261921 0
/proc/18/statm: 34627 33782 1086 456 0 32788 0
Current children cumulated CPU time: 939.06 s
Current children cumulated vsize: 156192 KiB
Current children cumulated memory: 147984 KiB

[startup+1002.3 s]
/proc/loadavg: 34.41 31.28 16.94 40/2901 18
/proc/meminfo: memFree=483505544/527542252 swapFree=33487080/33554428
[pid=16] ppid=13 vsize=17684 memory=12856 CPUtime=0.04 cores=0-13,112-125
/proc/16/stat : 16 (python3) S 13 16 0 0 -1 4194304 1884 0 96 0 3 1 0 0 20 0 1 0 53232343 18108416 3214 67087892480 4194304 7154137 140722296670816 0 0 0 0 16781312 2 1 0 0 17 119 0 0 8 0 0 9727432 11029816 17461248 140722296675147 140722296675245 140722296675245 140722296676327 0
/proc/16/statm: 4421 3214 1498 723 0 2063 0
[pid=18] ppid=16 vsize=150796 memory=147632 CPUtime=998.76 cores=0-13,112-125
/proc/18/stat : 18 (bn4rust) R 16 16 0 0 -1 4194304 1213347 0 18 0 98760 1116 0 0 20 0 1 0 53232357 154415104 36908 67087892480 94637633282048 94637635149169 140734827259648 0 0 0 0 4096 1088 0 0 0 17 2 0 0 1 0 0 94637635407232 94637635454168 94637662650368 140734827260686 140734827260822 140734827260822 140734827261921 0
/proc/18/statm: 37699 36908 1086 456 0 35860 0
Current children cumulated CPU time: 998.8 s
Current children cumulated vsize: 168480 KiB
Current children cumulated memory: 160488 KiB

[startup+1062.3 s]
/proc/loadavg: 33.80 31.87 18.06 31/2856 18
/proc/meminfo: memFree=494278344/527542252 swapFree=33487080/33554428
[pid=16] ppid=13 vsize=17684 memory=12856 CPUtime=0.04 cores=0-13,112-125
/proc/16/stat : 16 (python3) S 13 16 0 0 -1 4194304 1884 0 96 0 3 1 0 0 20 0 1 0 53232343 18108416 3214 67087892480 4194304 7154137 140722296670816 0 0 0 0 16781312 2 1 0 0 17 119 0 0 8 0 0 9727432 11029816 17461248 140722296675147 140722296675245 140722296675245 140722296676327 0
/proc/16/statm: 4421 3214 1498 723 0 2063 0
[pid=18] ppid=16 vsize=150796 memory=147632 CPUtime=1058.5 cores=0-13,112-125
/proc/18/stat : 18 (bn4rust) R 16 16 0 0 -1 4194304 1213399 0 18 0 104734 1116 0 0 20 0 1 0 53232357 154415104 36908 67087892480 94637633282048 94637635149169 140734827259648 0 0 0 0 4096 1088 0 0 0 17 2 0 0 1 0 0 94637635407232 94637635454168 94637662650368 140734827260686 140734827260822 140734827260822 140734827261921 0
/proc/18/statm: 37699 36908 1086 456 0 35860 0
Current children cumulated CPU time: 1058.54 s
Current children cumulated vsize: 168480 KiB
Current children cumulated memory: 160488 KiB

[startup+1087.85 s]
# the end of solver process 16 was just reported to runsolver
# cumulated CPU time of all completed processes:  user=1072.81 s, system=11.1856 s

Solver just ended.
??? end of watcher thread
Dumping a history of the last processes samples

[startup+1075.2 s]
/proc/loadavg: 35.35 32.28 18.41 56/2936 18
/proc/meminfo: memFree=481302740/527542252 swapFree=33487080/33554428
[pid=16] ppid=13 vsize=17684 memory=12856 CPUtime=0.04 cores=0-13,112-125
/proc/16/stat : 16 (python3) S 13 16 0 0 -1 4194304 1884 0 96 0 3 1 0 0 20 0 1 0 53232343 18108416 3214 67087892480 4194304 7154137 140722296670816 0 0 0 0 16781312 2 1 0 0 17 119 0 0 8 0 0 9727432 11029816 17461248 140722296675147 140722296675245 140722296675245 140722296676327 0
/proc/16/statm: 4421 3214 1498 723 0 2063 0
[pid=18] ppid=16 vsize=150796 memory=147632 CPUtime=1071.34 cores=0-13,112-125
/proc/18/stat : 18 (bn4rust) R 16 16 0 0 -1 4194304 1213399 0 18 0 106018 1116 0 0 20 0 1 0 53232357 154415104 36908 67087892480 94637633282048 94637635149169 140734827259648 0 0 0 0 4096 1088 0 0 0 17 2 0 0 1 0 0 94637635407232 94637635454168 94637662650368 140734827260686 140734827260822 140734827260822 140734827261921 0
/proc/18/statm: 37699 36908 1086 456 0 35860 0
Current children cumulated CPU time: 1071.38 s
Current children cumulated vsize: 168480 KiB
Current children cumulated memory: 160488 KiB

[startup+1081.6 s]
/proc/loadavg: 36.13 32.49 18.55 45/2928 18
/proc/meminfo: memFree=480680744/527542252 swapFree=33487080/33554428
[pid=16] ppid=13 vsize=17684 memory=12856 CPUtime=0.04 cores=0-13,112-125
/proc/16/stat : 16 (python3) S 13 16 0 0 -1 4194304 1884 0 96 0 3 1 0 0 20 0 1 0 53232343 18108416 3214 67087892480 4194304 7154137 140722296670816 0 0 0 0 16781312 2 1 0 0 17 119 0 0 8 0 0 9727432 11029816 17461248 140722296675147 140722296675245 140722296675245 140722296676327 0
/proc/16/statm: 4421 3214 1498 723 0 2063 0
[pid=18] ppid=16 vsize=150796 memory=147632 CPUtime=1077.71 cores=0-13,112-125
/proc/18/stat : 18 (bn4rust) R 16 16 0 0 -1 4194304 1213399 0 18 0 106655 1116 0 0 20 0 1 0 53232357 154415104 36908 67087892480 94637633282048 94637635149169 140734827259648 0 0 0 0 4096 1088 0 0 0 17 2 0 0 1 0 0 94637635407232 94637635454168 94637662650368 140734827260686 140734827260822 140734827260822 140734827261921 0
/proc/18/statm: 37699 36908 1086 456 0 35860 0
Current children cumulated CPU time: 1077.75 s
Current children cumulated vsize: 168480 KiB
Current children cumulated memory: 160488 KiB

[startup+1084.8 s]
/proc/loadavg: 37.00 32.73 18.71 49/2931 18
/proc/meminfo: memFree=480554276/527542252 swapFree=33487080/33554428
[pid=16] ppid=13 vsize=17684 memory=12856 CPUtime=0.04 cores=0-13,112-125
/proc/16/stat : 16 (python3) S 13 16 0 0 -1 4194304 1884 0 96 0 3 1 0 0 20 0 1 0 53232343 18108416 3214 67087892480 4194304 7154137 140722296670816 0 0 0 0 16781312 2 1 0 0 17 119 0 0 8 0 0 9727432 11029816 17461248 140722296675147 140722296675245 140722296675245 140722296676327 0
/proc/16/statm: 4421 3214 1498 723 0 2063 0
[pid=18] ppid=16 vsize=150796 memory=147632 CPUtime=1080.91 cores=0-13,112-125
/proc/18/stat : 18 (bn4rust) R 16 16 0 0 -1 4194304 1213399 0 18 0 106974 1117 0 0 20 0 1 0 53232357 154415104 36908 67087892480 94637633282048 94637635149169 140734827259648 0 0 0 0 4096 1088 0 0 0 17 2 0 0 1 0 0 94637635407232 94637635454168 94637662650368 140734827260686 140734827260822 140734827260822 140734827261921 0
/proc/18/statm: 37699 36908 1086 456 0 35860 0
Current children cumulated CPU time: 1080.95 s
Current children cumulated vsize: 168480 KiB
Current children cumulated memory: 160488 KiB

[startup+1086.4 s]
/proc/loadavg: 37.00 32.73 18.71 37/2896 18
/proc/meminfo: memFree=486762344/527542252 swapFree=33487080/33554428
[pid=16] ppid=13 vsize=17684 memory=12856 CPUtime=0.04 cores=0-13,112-125
/proc/16/stat : 16 (python3) S 13 16 0 0 -1 4194304 1884 0 96 0 3 1 0 0 20 0 1 0 53232343 18108416 3214 67087892480 4194304 7154137 140722296670816 0 0 0 0 16781312 2 1 0 0 17 119 0 0 8 0 0 9727432 11029816 17461248 140722296675147 140722296675245 140722296675245 140722296676327 0
/proc/16/statm: 4421 3214 1498 723 0 2063 0
[pid=18] ppid=16 vsize=150796 memory=147632 CPUtime=1082.5 cores=0-13,112-125
/proc/18/stat : 18 (bn4rust) R 16 16 0 0 -1 4194304 1213399 0 18 0 107133 1117 0 0 20 0 1 0 53232357 154415104 36908 67087892480 94637633282048 94637635149169 140734827259648 0 0 0 0 4096 1088 0 0 0 17 2 0 0 1 0 0 94637635407232 94637635454168 94637662650368 140734827260686 140734827260822 140734827260822 140734827261921 0
/proc/18/statm: 37699 36908 1086 456 0 35860 0
Current children cumulated CPU time: 1082.54 s
Current children cumulated vsize: 168480 KiB
Current children cumulated memory: 160488 KiB

[startup+1087.2 s]
/proc/loadavg: 37.00 32.73 18.71 35/2900 18
/proc/meminfo: memFree=486896424/527542252 swapFree=33487080/33554428
[pid=16] ppid=13 vsize=17684 memory=12856 CPUtime=0.04 cores=0-13,112-125
/proc/16/stat : 16 (python3) S 13 16 0 0 -1 4194304 1884 0 96 0 3 1 0 0 20 0 1 0 53232343 18108416 3214 67087892480 4194304 7154137 140722296670816 0 0 0 0 16781312 2 1 0 0 17 119 0 0 8 0 0 9727432 11029816 17461248 140722296675147 140722296675245 140722296675245 140722296676327 0
/proc/16/statm: 4421 3214 1498 723 0 2063 0
[pid=18] ppid=16 vsize=150796 memory=147632 CPUtime=1083.3 cores=0-13,112-125
/proc/18/stat : 18 (bn4rust) R 16 16 0 0 -1 4194304 1213399 0 18 0 107213 1117 0 0 20 0 1 0 53232357 154415104 36908 67087892480 94637633282048 94637635149169 140734827259648 0 0 0 0 4096 1088 0 0 0 17 2 0 0 1 0 0 94637635407232 94637635454168 94637662650368 140734827260686 140734827260822 140734827260822 140734827261921 0
/proc/18/statm: 37699 36908 1086 456 0 35860 0
Current children cumulated CPU time: 1083.34 s
Current children cumulated vsize: 168480 KiB
Current children cumulated memory: 160488 KiB

[startup+1087.6 s]
/proc/loadavg: 37.00 32.73 18.71 35/2900 18
/proc/meminfo: memFree=486896424/527542252 swapFree=33487080/33554428
[pid=16] ppid=13 vsize=17684 memory=12856 CPUtime=0.04 cores=0-13,112-125
/proc/16/stat : 16 (python3) S 13 16 0 0 -1 4194304 1884 0 96 0 3 1 0 0 20 0 1 0 53232343 18108416 3214 67087892480 4194304 7154137 140722296670816 0 0 0 0 16781312 2 1 0 0 17 119 0 0 8 0 0 9727432 11029816 17461248 140722296675147 140722296675245 140722296675245 140722296676327 0
/proc/16/statm: 4421 3214 1498 723 0 2063 0
[pid=18] ppid=16 vsize=150796 memory=147632 CPUtime=1083.69 cores=0-13,112-125
/proc/18/stat : 18 (bn4rust) R 16 16 0 0 -1 4194304 1213399 0 18 0 107252 1117 0 0 20 0 1 0 53232357 154415104 36908 67087892480 94637633282048 94637635149169 140734827259648 0 0 0 0 4096 1088 0 0 0 17 2 0 0 1 0 0 94637635407232 94637635454168 94637662650368 140734827260686 140734827260822 140734827260822 140734827261921 0
/proc/18/statm: 37699 36908 1086 456 0 35860 0
Current children cumulated CPU time: 1083.73 s
Current children cumulated vsize: 168480 KiB
Current children cumulated memory: 160488 KiB

[startup+1087.8 s]
/proc/loadavg: 37.00 32.73 18.71 35/2900 18
/proc/meminfo: memFree=486896424/527542252 swapFree=33487080/33554428
[pid=16] ppid=13 vsize=17684 memory=12856 CPUtime=0.04 cores=0-13,112-125
/proc/16/stat : 16 (python3) S 13 16 0 0 -1 4194304 1884 0 96 0 3 1 0 0 20 0 1 0 53232343 18108416 3214 67087892480 4194304 7154137 140722296670816 0 0 0 0 16781312 2 1 0 0 17 119 0 0 8 0 0 9727432 11029816 17461248 140722296675147 140722296675245 140722296675245 140722296676327 0
/proc/16/statm: 4421 3214 1498 723 0 2063 0
[pid=18] ppid=16 vsize=150796 memory=147632 CPUtime=1083.89 cores=0-13,112-125
/proc/18/stat : 18 (bn4rust) R 16 16 0 0 -1 4194304 1213399 0 18 0 107272 1117 0 0 20 0 1 0 53232357 154415104 36908 67087892480 94637633282048 94637635149169 140734827259648 0 0 0 0 4096 1088 0 0 0 17 2 0 0 1 0 0 94637635407232 94637635454168 94637662650368 140734827260686 140734827260822 140734827260822 140734827261921 0
/proc/18/statm: 37699 36908 1086 456 0 35860 0
Current children cumulated CPU time: 1083.93 s
Current children cumulated vsize: 168480 KiB
Current children cumulated memory: 160488 KiB

Child status: 0
Real time (s): 1087.85
CPU time (s): 1084
CPU user time (s): 1072.81
CPU system time (s): 11.1856
CPU usage (%): 99.6457
Max. virtual memory (cumulated for all children) (KiB): 375244
Max. memory (cumulated for all children) (KiB): 339700

getrusage(RUSAGE_CHILDREN,...) data:
user time used= 1072.81
system time used= 11.1856
maximum resident set size= 329320
integral shared memory size= 0
integral unshared data size= 0
integral unshared stack size= 0
page reclaims= 1215306
page faults= 116
swaps= 0
block input operations= 19808
block output operations= 0
messages sent= 0
messages received= 0
signals received= 0
voluntary context switches= 1042
involuntary context switches= 2448


# summary of solver processes directly reported to runsolver:
#   pid: 16
#   total CPU time (s): 1084
#   total CPU user time (s): 1072.81
#   total CPU system time (s): 11.1856

??? join timestamper begins
??? join timestamper ends
??? end of timestamper thread
runsolver used 0.788978 second user time and 1.53401 second system time

The end
