# WCTIME: wall clock time in seconds
WCTIME=1.02229
# CPUTIME: CPU time in seconds (USERTIME+SYSTEMTIME)
CPUTIME=0.907982
# USERTIME: CPU time spent in user mode in seconds
USERTIME=0.886808
# SYSTEMTIME: CPU time spent in system mode in seconds
SYSTEMTIME=0.021174
# CPUUSAGE: CPUTIME/WCTIME in percent
CPUUSAGE=88.8182
# MAXVM: maximum virtual memory used in KiB
MAXVM=26500
# MAXMM: maximum memory used in KiB
MAXMM=17900
# MAXRSS: maximum Resident Segment Size in KiB
MAXRSS=12548
# TIMEOUT: did the solver exceed the time limit?
TIMEOUT=false
# MEMOUT: did the solver exceed the memory limit?
MEMOUT=false
# EXITSTATUS: Exit status of the solver
EXITSTATUS=0
