# WCTIME: wall clock time in seconds
WCTIME=1800.02
# CPUTIME: CPU time in seconds (USERTIME+SYSTEMTIME)
CPUTIME=1792.28
# USERTIME: CPU time spent in user mode in seconds
USERTIME=1748.92
# SYSTEMTIME: CPU time spent in system mode in seconds
SYSTEMTIME=43.3604
# CPUUSAGE: CPUTIME/WCTIME in percent
CPUUSAGE=99.5698
# MAXVM: maximum virtual memory used in KiB
MAXVM=7748348
# MAXMM: maximum memory used in KiB
MAXMM=6252340
# MAXRSS: maximum Resident Segment Size in KiB
MAXRSS=6252848
# TIMEOUT: did the solver exceed the time limit?
TIMEOUT=true
# MEMOUT: did the solver exceed the memory limit?
MEMOUT=false
# EXITSTATUS: Exit status of the solver
EXITSTATUS=15
