# WCTIME: wall clock time in seconds
WCTIME=260.709
# CPUTIME: CPU time in seconds (USERTIME+SYSTEMTIME)
CPUTIME=259.268
# USERTIME: CPU time spent in user mode in seconds
USERTIME=256.711
# SYSTEMTIME: CPU time spent in system mode in seconds
SYSTEMTIME=2.55637
# CPUUSAGE: CPUTIME/WCTIME in percent
CPUUSAGE=99.4472
# MAXVM: maximum virtual memory used in KiB
MAXVM=83252
# MAXMM: maximum memory used in KiB
MAXMM=74132
# MAXRSS: maximum Resident Segment Size in KiB
MAXRSS=61960
# TIMEOUT: did the solver exceed the time limit?
TIMEOUT=false
# MEMOUT: did the solver exceed the memory limit?
MEMOUT=false
# EXITSTATUS: Exit status of the solver
EXITSTATUS=0
