runsolver version 3.4.1 (svn: 3018) Copyright (C) 2010-2013 Olivier ROUSSEL

This program is distributed in the hope that it will be useful,
but WITHOUT ANY WARRANTY; without even the implied warranty of
MERCHANTABILITY or FITNESS FOR A PARTICULAR PURPOSE.  See the
GNU General Public License for more details.

NUMA information:
  number of nodes: 8
  memory of node 0: 63700 MiB (31979 MiB free)
  memory of node 1: 64504 MiB (22100 MiB free)
  memory of node 2: 64504 MiB (58776 MiB free)
  memory of node 3: 64504 MiB (7969 MiB free)
  memory of node 4: 64504 MiB (63032 MiB free)
  memory of node 5: 64504 MiB (227 MiB free)
  memory of node 6: 64504 MiB (33631 MiB free)
  memory of node 7: 64447 MiB (63044 MiB free)
  node distances:
     10  12  12  12  21  21  21  21
     12  10  12  12  21  21  21  21
     12  12  10  12  21  21  21  21
     12  12  12  10  21  21  21  21
     21  21  21  21  10  12  12  12
     21  21  21  21  12  10  12  12
     21  21  21  21  12  12  10  12
     21  21  21  21  12  12  12  10

command line: /usr/local/bin/runsolver --timestamp -w /output/runsolver-watch.log -v /output/runsolver-values.log -o /output/solver-output.log -C 1800.0 -W 1800.0 -R 64000 /opt/solver/run_bn4rust.py --mode cyber-complement-gfp-plus-dependency-order --instance /input/model_127.bnet 

running on 20 cores: 40-41,152-153,100-103,108-111,216-223

Enforcing CPUTime limit (soft limit, will send SIGTERM then SIGKILL): 1800 seconds
Enforcing CPUTime limit (hard limit, will send SIGXCPU): 1830 seconds
Enforcing wall clock limit (soft limit, will send SIGTERM then SIGKILL): 1800 seconds
Enforcing RSS+Swap limit (soft limit, will send SIGTERM then SIGKILL): 65536000 KiB
Linux 4.18.0-553.159.1.el8_10.x86_64
Current StackSize limit: 18014398509481983 KiB

solver pid=16, runsolver pid=13

[startup+0.100067 s]*
/proc/loadavg: 43.23 36.61 32.11 51/2812 17
/proc/meminfo: memFree=287492668/527542244 swapFree=3021308/33554428
[pid=16] ppid=13 vsize=14576 memory=10016 CPUtime=0.01 cores=40-41,100-111,152-153,212-223
/proc/16/stat : 16 (python3) R 13 16 0 0 -1 4194304 1344 0 80 0 1 0 0 0 20 0 1 0 53463669 14925824 2504 67087892480 4194304 7154137 140726723781680 0 0 0 0 16781312 2 0 0 0 17 41 0 0 6 0 0 9727432 11029816 41181184 140726723783479 140726723783597 140726723783597 140726723784679 0
/proc/16/statm: 3644 2504 1403 723 0 1380 0
Current children cumulated CPU time: 0.01 s
Current children cumulated vsize: 14576 KiB
Current children cumulated memory: 10016 KiB

[startup+0.200561 s]*
/proc/loadavg: 43.23 36.61 32.11 50/2813 18
/proc/meminfo: memFree=287497912/527542244 swapFree=3020796/33554428
[pid=16] ppid=13 vsize=17684 memory=12468 CPUtime=0.04 cores=40-41,100-111,152-153,212-223
/proc/16/stat : 16 (python3) S 13 16 0 0 -1 4194304 1897 0 96 0 3 1 0 0 20 0 1 0 53463669 18108416 3117 67087892480 4194304 7154137 140726723781680 0 0 0 0 16781312 2 1 0 0 17 104 0 0 8 0 0 9727432 11029816 41181184 140726723783479 140726723783597 140726723783597 140726723784679 0
/proc/16/statm: 4421 3117 1523 723 0 2063 0
[pid=18] ppid=16 vsize=8652 memory=5408 CPUtime=0.03 cores=40-41,100-111,152-153,212-223
/proc/18/stat : 18 (bn4rust) R 16 16 0 0 -1 4194304 581 0 18 0 3 0 0 0 20 0 1 0 53463684 8859648 1352 67087892480 93929587871744 93929589738865 140734333814096 0 0 0 0 4096 1088 0 0 0 17 103 0 0 1 0 0 93929589996928 93929590043864 93929603604480 140734333815546 140734333815702 140734333815702 140734333816801 0
/proc/18/statm: 2163 1352 1111 456 0 324 0
Current children cumulated CPU time: 0.07 s
Current children cumulated vsize: 26336 KiB
Current children cumulated memory: 17876 KiB

[startup+0.300425 s]*
/proc/loadavg: 43.53 36.78 32.19 36/2813 18
/proc/meminfo: memFree=287485608/527542244 swapFree=3020796/33554428
[pid=16] ppid=13 vsize=17684 memory=12468 CPUtime=0.04 cores=40-41,100-111,152-153,212-223
/proc/16/stat : 16 (python3) S 13 16 0 0 -1 4194304 1897 0 96 0 3 1 0 0 20 0 1 0 53463669 18108416 3117 67087892480 4194304 7154137 140726723781680 0 0 0 0 16781312 2 1 0 0 17 104 0 0 8 0 0 9727432 11029816 41181184 140726723783479 140726723783597 140726723783597 140726723784679 0
/proc/16/statm: 4421 3117 1523 723 0 2063 0
[pid=18] ppid=16 vsize=8660 memory=5644 CPUtime=0.12 cores=40-41,100-111,152-153,212-223
/proc/18/stat : 18 (bn4rust) R 16 16 0 0 -1 4194304 1470 0 18 0 12 0 0 0 20 0 1 0 53463684 8867840 1411 67087892480 93929587871744 93929589738865 140734333814096 0 0 0 0 4096 1088 0 0 0 17 103 0 0 1 0 0 93929589996928 93929590043864 93929603604480 140734333815546 140734333815702 140734333815702 140734333816801 0
/proc/18/statm: 2165 1411 1111 456 0 326 0
Current children cumulated CPU time: 0.16 s
Current children cumulated vsize: 26344 KiB
Current children cumulated memory: 18112 KiB

[startup+0.700155 s]
/proc/loadavg: 43.53 36.78 32.19 40/2813 18
/proc/meminfo: memFree=287981820/527542244 swapFree=3020796/33554428
[pid=16] ppid=13 vsize=17684 memory=12468 CPUtime=0.04 cores=40-41,100-111,152-153,212-223
/proc/16/stat : 16 (python3) S 13 16 0 0 -1 4194304 1897 0 96 0 3 1 0 0 20 0 1 0 53463669 18108416 3117 67087892480 4194304 7154137 140726723781680 0 0 0 0 16781312 2 1 0 0 17 104 0 0 8 0 0 9727432 11029816 41181184 140726723783479 140726723783597 140726723783597 140726723784679 0
/proc/16/statm: 4421 3117 1523 723 0 2063 0
[pid=18] ppid=16 vsize=10120 memory=6756 CPUtime=0.53 cores=40-41,100-111,152-153,212-223
/proc/18/stat : 18 (bn4rust) R 16 16 0 0 -1 4194304 5956 0 18 0 52 1 0 0 20 0 1 0 53463684 10362880 1689 67087892480 93929587871744 93929589738865 140734333814096 0 0 0 0 4096 1088 0 0 0 17 103 0 0 1 0 0 93929589996928 93929590043864 93929603604480 140734333815546 140734333815702 140734333815702 140734333816801 0
/proc/18/statm: 2530 1689 1111 456 0 691 0
Current children cumulated CPU time: 0.57 s
Current children cumulated vsize: 27804 KiB
Current children cumulated memory: 19224 KiB

[startup+1.50016 s]
/proc/loadavg: 43.53 36.78 32.19 53/2813 18
/proc/meminfo: memFree=287597736/527542244 swapFree=3018492/33554428
[pid=16] ppid=13 vsize=17684 memory=12468 CPUtime=0.04 cores=40-41,100-111,152-153,212-223
/proc/16/stat : 16 (python3) S 13 16 0 0 -1 4194304 1897 0 96 0 3 1 0 0 20 0 1 0 53463669 18108416 3117 67087892480 4194304 7154137 140726723781680 0 0 0 0 16781312 2 1 0 0 17 104 0 0 8 0 0 9727432 11029816 41181184 140726723783479 140726723783597 140726723783597 140726723784679 0
/proc/16/statm: 4421 3117 1523 723 0 2063 0
[pid=18] ppid=16 vsize=13576 memory=9628 CPUtime=1.32 cores=40-41,100-111,152-153,212-223
/proc/18/stat : 18 (bn4rust) R 16 16 0 0 -1 4194304 14756 0 18 0 130 2 0 0 20 0 1 0 53463684 13901824 2407 67087892480 93929587871744 93929589738865 140734333814096 0 0 0 0 4096 1088 0 0 0 17 103 0 0 1 0 0 93929589996928 93929590043864 93929603604480 140734333815546 140734333815702 140734333815702 140734333816801 0
/proc/18/statm: 3394 2407 1111 456 0 1555 0
Current children cumulated CPU time: 1.36 s
Current children cumulated vsize: 31260 KiB
Current children cumulated memory: 22096 KiB

[startup+3.1004 s]
/proc/loadavg: 43.53 36.78 32.19 46/2813 18
/proc/meminfo: memFree=287754756/527542244 swapFree=3014652/33554428
[pid=16] ppid=13 vsize=17684 memory=12468 CPUtime=0.04 cores=40-41,100-111,152-153,212-223
/proc/16/stat : 16 (python3) S 13 16 0 0 -1 4194304 1897 0 96 0 3 1 0 0 20 0 1 0 53463669 18108416 3117 67087892480 4194304 7154137 140726723781680 0 0 0 0 16781312 2 1 0 0 17 104 0 0 8 0 0 9727432 11029816 41181184 140726723783479 140726723783597 140726723783597 140726723784679 0
/proc/16/statm: 4421 3117 1523 723 0 2063 0
[pid=18] ppid=16 vsize=21832 memory=18076 CPUtime=2.91 cores=40-41,100-111,152-153,212-223
/proc/18/stat : 18 (bn4rust) R 16 16 0 0 -1 4194304 28536 0 18 0 287 4 0 0 20 0 1 0 53463684 22355968 4519 67087892480 93929587871744 93929589738865 140734333814096 0 0 0 0 4096 1088 0 0 0 17 103 0 0 1 0 0 93929589996928 93929590043864 93929603604480 140734333815546 140734333815702 140734333815702 140734333816801 0
/proc/18/statm: 5458 4519 1111 456 0 3619 0
Current children cumulated CPU time: 2.95 s
Current children cumulated vsize: 39516 KiB
Current children cumulated memory: 30544 KiB

[startup+6.30027 s]
/proc/loadavg: 43.49 36.88 32.25 46/2790 18
/proc/meminfo: memFree=287920372/527542244 swapFree=3011836/33554428
[pid=16] ppid=13 vsize=17684 memory=12468 CPUtime=0.04 cores=40-41,100-111,152-153,212-223
/proc/16/stat : 16 (python3) S 13 16 0 0 -1 4194304 1897 0 96 0 3 1 0 0 20 0 1 0 53463669 18108416 3117 67087892480 4194304 7154137 140726723781680 0 0 0 0 16781312 2 1 0 0 17 104 0 0 8 0 0 9727432 11029816 41181184 140726723783479 140726723783597 140726723783597 140726723784679 0
/proc/16/statm: 4421 3117 1523 723 0 2063 0
[pid=18] ppid=16 vsize=28552 memory=22348 CPUtime=6.1 cores=40-41,100-111,152-153,212-223
/proc/18/stat : 18 (bn4rust) R 16 16 0 0 -1 4194304 55292 0 18 0 601 9 0 0 20 0 1 0 53463684 29237248 5587 67087892480 93929587871744 93929589738865 140734333814096 0 0 0 0 4096 1088 0 0 0 17 103 0 0 1 0 0 93929589996928 93929590043864 93929603604480 140734333815546 140734333815702 140734333815702 140734333816801 0
/proc/18/statm: 7138 5587 1111 456 0 5299 0
Current children cumulated CPU time: 6.14 s
Current children cumulated vsize: 46236 KiB
Current children cumulated memory: 34816 KiB

[startup+12.7002 s]
/proc/loadavg: 43.53 37.00 32.32 40/2788 18
/proc/meminfo: memFree=288369332/527542244 swapFree=3005436/33554428
[pid=16] ppid=13 vsize=17684 memory=12468 CPUtime=0.04 cores=40-41,100-111,152-153,212-223
/proc/16/stat : 16 (python3) S 13 16 0 0 -1 4194304 1897 0 96 0 3 1 0 0 20 0 1 0 53463669 18108416 3117 67087892480 4194304 7154137 140726723781680 0 0 0 0 16781312 2 1 0 0 17 104 0 0 8 0 0 9727432 11029816 41181184 140726723783479 140726723783597 140726723783597 140726723784679 0
/proc/16/statm: 4421 3117 1523 723 0 2063 0
[pid=18] ppid=16 vsize=41960 memory=38804 CPUtime=12.46 cores=40-41,100-111,152-153,212-223
/proc/18/stat : 18 (bn4rust) R 16 16 0 0 -1 4194304 76542 0 18 0 1232 14 0 0 20 0 1 0 53463684 42967040 9701 67087892480 93929587871744 93929589738865 140734333814096 0 0 0 0 4096 1088 0 0 0 17 103 0 0 1 0 0 93929589996928 93929590043864 93929603604480 140734333815546 140734333815702 140734333815702 140734333816801 0
/proc/18/statm: 10490 9701 1111 456 0 8651 0
Current children cumulated CPU time: 12.5 s
Current children cumulated vsize: 59644 KiB
Current children cumulated memory: 51272 KiB

[startup+25.5002 s]
/proc/loadavg: 44.21 37.36 32.48 48/2805 18
/proc/meminfo: memFree=288407828/527542244 swapFree=2996476/33554428
[pid=16] ppid=13 vsize=17684 memory=12468 CPUtime=0.04 cores=40-41,100-111,152-153,212-223
/proc/16/stat : 16 (python3) S 13 16 0 0 -1 4194304 1897 0 96 0 3 1 0 0 20 0 1 0 53463669 18108416 3117 67087892480 4194304 7154137 140726723781680 0 0 0 0 16781312 2 1 0 0 17 104 0 0 8 0 0 9727432 11029816 41181184 140726723783479 140726723783597 140726723783597 140726723784679 0
/proc/16/statm: 4421 3117 1523 723 0 2063 0
[pid=18] ppid=16 vsize=66120 memory=62976 CPUtime=25.19 cores=40-41,100-111,152-153,212-223
/proc/18/stat : 18 (bn4rust) R 16 16 0 0 -1 4194304 104714 0 18 0 2497 22 0 0 20 0 1 0 53463684 67706880 15744 67087892480 93929587871744 93929589738865 140734333814096 0 0 0 0 4096 1088 0 0 0 17 103 0 0 1 0 0 93929589996928 93929590043864 93929603604480 140734333815546 140734333815702 140734333815702 140734333816801 0
/proc/18/statm: 16530 15744 1111 456 0 14691 0
Current children cumulated CPU time: 25.23 s
Current children cumulated vsize: 83804 KiB
Current children cumulated memory: 75444 KiB

[startup+51.1004 s]
/proc/loadavg: 43.75 37.93 32.83 39/2788 18
/proc/meminfo: memFree=287753988/527542244 swapFree=2996988/33554428
[pid=16] ppid=13 vsize=17684 memory=12468 CPUtime=0.04 cores=40-41,100-111,152-153,212-223
/proc/16/stat : 16 (python3) S 13 16 0 0 -1 4194304 1897 0 96 0 3 1 0 0 20 0 1 0 53463669 18108416 3117 67087892480 4194304 7154137 140726723781680 0 0 0 0 16781312 2 1 0 0 17 104 0 0 8 0 0 9727432 11029816 41181184 140726723783479 140726723783597 140726723783597 140726723784679 0
/proc/16/statm: 4421 3117 1523 723 0 2063 0
[pid=18] ppid=16 vsize=78920 memory=75712 CPUtime=50.68 cores=40-41,100-111,152-153,212-223
/proc/18/stat : 18 (bn4rust) R 16 16 0 0 -1 4194304 116335 0 18 0 5040 28 0 0 20 0 1 0 53463684 80814080 18928 67087892480 93929587871744 93929589738865 140734333814096 0 0 0 0 4096 1088 0 0 0 17 103 0 0 1 0 0 93929589996928 93929590043864 93929603604480 140734333815546 140734333815702 140734333815702 140734333816801 0
/proc/18/statm: 19730 18928 1111 456 0 17891 0
Current children cumulated CPU time: 50.72 s
Current children cumulated vsize: 96604 KiB
Current children cumulated memory: 88180 KiB

[startup+102.3 s]
/proc/loadavg: 45.21 39.18 33.52 39/2806 18
/proc/meminfo: memFree=287224368/527542244 swapFree=2913276/33554428
[pid=16] ppid=13 vsize=17684 memory=12468 CPUtime=0.04 cores=40-41,100-111,152-153,212-223
/proc/16/stat : 16 (python3) S 13 16 0 0 -1 4194304 1897 0 96 0 3 1 0 0 20 0 1 0 53463669 18108416 3117 67087892480 4194304 7154137 140726723781680 0 0 0 0 16781312 2 1 0 0 17 104 0 0 8 0 0 9727432 11029816 41181184 140726723783479 140726723783597 140726723783597 140726723784679 0
/proc/16/statm: 4421 3117 1523 723 0 2063 0
[pid=18] ppid=16 vsize=99392 memory=96024 CPUtime=101.64 cores=40-41,100-111,152-153,212-223
/proc/18/stat : 18 (bn4rust) R 16 16 0 0 -1 4194304 158492 0 18 0 10107 57 0 0 20 0 1 0 53463684 101777408 24006 67087892480 93929587871744 93929589738865 140734333814096 0 0 0 0 4096 1088 0 0 0 17 215 0 0 1 0 0 93929589996928 93929590043864 93929603604480 140734333815546 140734333815702 140734333815702 140734333816801 0
/proc/18/statm: 24848 24006 1111 456 0 23009 0
Current children cumulated CPU time: 101.68 s
Current children cumulated vsize: 117076 KiB
Current children cumulated memory: 108492 KiB

[startup+162.3 s]
/proc/loadavg: 44.27 40.06 34.18 42/2804 18
/proc/meminfo: memFree=291469860/527542244 swapFree=2885628/33554428
[pid=16] ppid=13 vsize=17684 memory=12468 CPUtime=0.04 cores=40-41,100-111,152-153,212-223
/proc/16/stat : 16 (python3) S 13 16 0 0 -1 4194304 1898 0 96 0 3 1 0 0 20 0 1 0 53463669 18108416 3117 67087892480 4194304 7154137 140726723781680 0 0 0 0 16781312 2 1 0 0 17 104 0 0 8 0 0 9727432 11029816 41181184 140726723783479 140726723783597 140726723783597 140726723784679 0
/proc/16/statm: 4421 3117 1523 723 0 2063 0
[pid=18] ppid=16 vsize=55880 memory=52864 CPUtime=161.37 cores=40-41,100-111,152-153,212-223
/proc/18/stat : 18 (bn4rust) R 16 16 0 0 -1 4194304 223366 0 18 0 16037 100 0 0 20 0 1 0 53463684 57221120 13216 67087892480 93929587871744 93929589738865 140734333814096 0 0 0 0 4096 1088 0 0 0 17 101 0 0 1 0 0 93929589996928 93929590043864 93929603604480 140734333815546 140734333815702 140734333815702 140734333816801 0
/proc/18/statm: 13970 13216 1111 456 0 12131 0
Current children cumulated CPU time: 161.41 s
Current children cumulated vsize: 73564 KiB
Current children cumulated memory: 65332 KiB

[startup+222.3 s]
/proc/loadavg: 34.40 38.20 33.92 19/2787 18
/proc/meminfo: memFree=292886244/527542244 swapFree=2887676/33554428
[pid=16] ppid=13 vsize=17684 memory=12468 CPUtime=0.04 cores=40-41,100-111,152-153,212-223
/proc/16/stat : 16 (python3) S 13 16 0 0 -1 4194304 1898 0 96 0 3 1 0 0 20 0 1 0 53463669 18108416 3117 67087892480 4194304 7154137 140726723781680 0 0 0 0 16781312 2 1 0 0 17 104 0 0 8 0 0 9727432 11029816 41181184 140726723783479 140726723783597 140726723783597 140726723784679 0
/proc/16/statm: 4421 3117 1523 723 0 2063 0
[pid=18] ppid=16 vsize=130120 memory=124804 CPUtime=221.12 cores=40-41,100-111,152-153,212-223
/proc/18/stat : 18 (bn4rust) R 16 16 0 0 -1 4194304 275039 0 18 0 21962 150 0 0 20 0 1 0 53463684 133242880 31201 67087892480 93929587871744 93929589738865 140734333814096 0 0 0 0 4096 1088 0 0 0 17 102 0 0 1 0 0 93929589996928 93929590043864 93929603604480 140734333815546 140734333815702 140734333815702 140734333816801 0
/proc/18/statm: 32530 31201 1111 456 0 30691 0
Current children cumulated CPU time: 221.16 s
Current children cumulated vsize: 147804 KiB
Current children cumulated memory: 137272 KiB

[startup+282.3 s]
/proc/loadavg: 29.19 36.07 33.46 23/2792 18
/proc/meminfo: memFree=293623120/527542244 swapFree=2881276/33554428
[pid=16] ppid=13 vsize=17684 memory=12468 CPUtime=0.04 cores=40-41,100-111,152-153,212-223
/proc/16/stat : 16 (python3) S 13 16 0 0 -1 4194304 1898 0 96 0 3 1 0 0 20 0 1 0 53463669 18108416 3117 67087892480 4194304 7154137 140726723781680 0 0 0 0 16781312 2 1 0 0 17 104 0 0 8 0 0 9727432 11029816 41181184 140726723783479 140726723783597 140726723783597 140726723784679 0
/proc/16/statm: 4421 3117 1523 723 0 2063 0
[pid=18] ppid=16 vsize=140124 memory=134932 CPUtime=280.87 cores=40-41,100-111,152-153,212-223
/proc/18/stat : 18 (bn4rust) R 16 16 0 0 -1 4194304 348158 0 18 0 27874 213 0 0 20 0 1 0 53463684 143486976 33733 67087892480 93929587871744 93929589738865 140734333814096 0 0 0 0 4096 1088 0 0 0 17 106 0 0 1 0 0 93929589996928 93929590043864 93929603604480 140734333815546 140734333815702 140734333815702 140734333816801 0
/proc/18/statm: 35031 33733 1111 456 0 33192 0
Current children cumulated CPU time: 280.91 s
Current children cumulated vsize: 157808 KiB
Current children cumulated memory: 147400 KiB

[startup+342.3 s]
/proc/loadavg: 25.49 33.76 32.83 19/2780 18
/proc/meminfo: memFree=293700856/527542244 swapFree=2866428/33554428
[pid=16] ppid=13 vsize=17684 memory=12468 CPUtime=0.04 cores=40-41,100-111,152-153,212-223
/proc/16/stat : 16 (python3) S 13 16 0 0 -1 4194304 1898 0 96 0 3 1 0 0 20 0 1 0 53463669 18108416 3117 67087892480 4194304 7154137 140726723781680 0 0 0 0 16781312 2 1 0 0 17 104 0 0 8 0 0 9727432 11029816 41181184 140726723783479 140726723783597 140726723783597 140726723784679 0
/proc/16/statm: 4421 3117 1523 723 0 2063 0
[pid=18] ppid=16 vsize=237644 memory=226272 CPUtime=340.62 cores=40-41,100-111,152-153,212-223
/proc/18/stat : 18 (bn4rust) R 16 16 0 0 -1 4194304 426111 0 18 0 33767 295 0 0 20 0 1 0 53463684 243347456 56568 67087892480 93929587871744 93929589738865 140734333814096 0 0 0 0 4096 1088 0 0 0 17 106 0 0 1 0 0 93929589996928 93929590043864 93929603604480 140734333815546 140734333815702 140734333815702 140734333816801 0
/proc/18/statm: 59411 56568 1111 456 0 57572 0
Current children cumulated CPU time: 340.66 s
Current children cumulated vsize: 255328 KiB
Current children cumulated memory: 238740 KiB

[startup+402.3 s]
/proc/loadavg: 24.91 32.09 32.31 19/2780 18
/proc/meminfo: memFree=294456380/527542244 swapFree=2862076/33554428
[pid=16] ppid=13 vsize=17684 memory=12468 CPUtime=0.04 cores=40-41,100-111,152-153,212-223
/proc/16/stat : 16 (python3) S 13 16 0 0 -1 4194304 1898 0 96 0 3 1 0 0 20 0 1 0 53463669 18108416 3117 67087892480 4194304 7154137 140726723781680 0 0 0 0 16781312 2 1 0 0 17 104 0 0 8 0 0 9727432 11029816 41181184 140726723783479 140726723783597 140726723783597 140726723784679 0
/proc/16/statm: 4421 3117 1523 723 0 2063 0
[pid=18] ppid=16 vsize=96584 memory=87924 CPUtime=400.38 cores=40-41,100-111,152-153,212-223
/proc/18/stat : 18 (bn4rust) R 16 16 0 0 -1 4194304 528537 0 18 0 39645 393 0 0 20 0 1 0 53463684 98902016 21981 67087892480 93929587871744 93929589738865 140734333814096 0 0 0 0 4096 1088 0 0 0 17 222 0 0 1 0 0 93929589996928 93929590043864 93929603604480 140734333815546 140734333815702 140734333815702 140734333816801 0
/proc/18/statm: 24146 21981 1111 456 0 22307 0
Current children cumulated CPU time: 400.42 s
Current children cumulated vsize: 114268 KiB
Current children cumulated memory: 100392 KiB

[startup+462.3 s]
/proc/loadavg: 24.35 30.59 31.78 25/2783 18
/proc/meminfo: memFree=294256492/527542244 swapFree=2856700/33554428
[pid=16] ppid=13 vsize=17684 memory=12468 CPUtime=0.04 cores=40-41,100-111,152-153,212-223
/proc/16/stat : 16 (python3) S 13 16 0 0 -1 4194304 1898 0 96 0 3 1 0 0 20 0 1 0 53463669 18108416 3117 67087892480 4194304 7154137 140726723781680 0 0 0 0 16781312 2 1 0 0 17 104 0 0 8 0 0 9727432 11029816 41181184 140726723783479 140726723783597 140726723783597 140726723784679 0
/proc/16/statm: 4421 3117 1523 723 0 2063 0
[pid=18] ppid=16 vsize=176460 memory=173308 CPUtime=460.12 cores=40-41,100-111,152-153,212-223
/proc/18/stat : 18 (bn4rust) R 16 16 0 0 -1 4194304 609876 0 18 0 45525 487 0 0 20 0 1 0 53463684 180695040 43327 67087892480 93929587871744 93929589738865 140734333814096 0 0 0 0 4096 1088 0 0 0 17 217 0 0 1 0 0 93929589996928 93929590043864 93929603604480 140734333815546 140734333815702 140734333815702 140734333816801 0
/proc/18/statm: 44115 43327 1111 456 0 42276 0
Current children cumulated CPU time: 460.16 s
Current children cumulated vsize: 194144 KiB
Current children cumulated memory: 185776 KiB

[startup+522.3 s]
/proc/loadavg: 24.13 29.38 31.28 20/2778 18
/proc/meminfo: memFree=294479488/527542244 swapFree=2851068/33554428
[pid=16] ppid=13 vsize=17684 memory=12468 CPUtime=0.04 cores=40-41,100-111,152-153,212-223
/proc/16/stat : 16 (python3) S 13 16 0 0 -1 4194304 1898 0 96 0 3 1 0 0 20 0 1 0 53463669 18108416 3117 67087892480 4194304 7154137 140726723781680 0 0 0 0 16781312 2 1 0 0 17 104 0 0 8 0 0 9727432 11029816 41181184 140726723783479 140726723783597 140726723783597 140726723784679 0
/proc/16/statm: 4421 3117 1523 723 0 2063 0
[pid=18] ppid=16 vsize=333908 memory=310028 CPUtime=519.88 cores=40-41,100-111,152-153,212-223
/proc/18/stat : 18 (bn4rust) R 16 16 0 0 -1 4194304 689348 0 18 0 51416 572 0 0 20 0 1 0 53463684 341921792 77507 67087892480 93929587871744 93929589738865 140734333814096 0 0 0 0 4096 1088 0 0 0 17 105 0 0 1 0 0 93929589996928 93929590043864 93929603604480 140734333815546 140734333815702 140734333815702 140734333816801 0
/proc/18/statm: 83477 77507 1111 456 0 81638 0
Current children cumulated CPU time: 519.92 s
Current children cumulated vsize: 351592 KiB
Current children cumulated memory: 322496 KiB

[startup+582.3 s]
/proc/loadavg: 24.14 28.44 30.84 16/2777 18
/proc/meminfo: memFree=294338228/527542244 swapFree=2846716/33554428
[pid=16] ppid=13 vsize=17684 memory=12468 CPUtime=0.04 cores=40-41,100-111,152-153,212-223
/proc/16/stat : 16 (python3) S 13 16 0 0 -1 4194304 1898 0 96 0 3 1 0 0 20 0 1 0 53463669 18108416 3117 67087892480 4194304 7154137 140726723781680 0 0 0 0 16781312 2 1 0 0 17 104 0 0 8 0 0 9727432 11029816 41181184 140726723783479 140726723783597 140726723783597 140726723784679 0
/proc/16/statm: 4421 3117 1523 723 0 2063 0
[pid=18] ppid=16 vsize=305232 memory=268496 CPUtime=579.62 cores=40-41,100-111,152-153,212-223
/proc/18/stat : 18 (bn4rust) R 16 16 0 0 -1 4194304 739478 0 18 0 57314 648 0 0 20 0 1 0 53463684 312557568 67124 67087892480 93929587871744 93929589738865 140734333814096 0 0 0 0 4096 1088 0 0 0 17 216 0 0 1 0 0 93929589996928 93929590043864 93929603604480 140734333815546 140734333815702 140734333815702 140734333816801 0
/proc/18/statm: 76308 67124 1111 456 0 74469 0
Current children cumulated CPU time: 579.66 s
Current children cumulated vsize: 322916 KiB
Current children cumulated memory: 280964 KiB

[startup+642.3 s]
/proc/loadavg: 25.18 27.86 30.49 17/2775 18
/proc/meminfo: memFree=294350632/527542244 swapFree=2830332/33554428
[pid=16] ppid=13 vsize=17684 memory=12468 CPUtime=0.04 cores=40-41,100-111,152-153,212-223
/proc/16/stat : 16 (python3) S 13 16 0 0 -1 4194304 1898 0 96 0 3 1 0 0 20 0 1 0 53463669 18108416 3117 67087892480 4194304 7154137 140726723781680 0 0 0 0 16781312 2 1 0 0 17 104 0 0 8 0 0 9727432 11029816 41181184 140726723783479 140726723783597 140726723783597 140726723784679 0
/proc/16/statm: 4421 3117 1523 723 0 2063 0
[pid=18] ppid=16 vsize=176200 memory=167948 CPUtime=639.35 cores=40-41,100-111,152-153,212-223
/proc/18/stat : 18 (bn4rust) R 16 16 0 0 -1 4194304 794344 0 18 0 63208 727 0 0 20 0 1 0 53463684 180428800 41987 67087892480 93929587871744 93929589738865 140734333814096 0 0 0 0 4096 1088 0 0 0 17 109 0 0 1 0 0 93929589996928 93929590043864 93929603604480 140734333815546 140734333815702 140734333815702 140734333816801 0
/proc/18/statm: 44050 41987 1111 456 0 42211 0
Current children cumulated CPU time: 639.39 s
Current children cumulated vsize: 193884 KiB
Current children cumulated memory: 180416 KiB

[startup+702.3 s]
/proc/loadavg: 26.03 27.64 30.24 25/2780 18
/proc/meminfo: memFree=294405420/527542244 swapFree=2830332/33554428
[pid=16] ppid=13 vsize=17684 memory=12468 CPUtime=0.04 cores=40-41,100-111,152-153,212-223
/proc/16/stat : 16 (python3) S 13 16 0 0 -1 4194304 1898 0 96 0 3 1 0 0 20 0 1 0 53463669 18108416 3117 67087892480 4194304 7154137 140726723781680 0 0 0 0 16781312 2 1 0 0 17 104 0 0 8 0 0 9727432 11029816 41181184 140726723783479 140726723783597 140726723783597 140726723784679 0
/proc/16/statm: 4421 3117 1523 723 0 2063 0
[pid=18] ppid=16 vsize=200776 memory=192524 CPUtime=699.09 cores=40-41,100-111,152-153,212-223
/proc/18/stat : 18 (bn4rust) R 16 16 0 0 -1 4194304 831059 0 18 0 69121 788 0 0 20 0 1 0 53463684 205594624 48131 67087892480 93929587871744 93929589738865 140734333814096 0 0 0 0 4096 1088 0 0 0 17 109 0 0 1 0 0 93929589996928 93929590043864 93929603604480 140734333815546 140734333815702 140734333815702 140734333816801 0
/proc/18/statm: 50194 48131 1111 456 0 48355 0
Current children cumulated CPU time: 699.13 s
Current children cumulated vsize: 218460 KiB
Current children cumulated memory: 204992 KiB

[startup+762.3 s]
/proc/loadavg: 25.97 27.30 29.96 20/2769 18
/proc/meminfo: memFree=294199928/527542244 swapFree=2830332/33554428
[pid=16] ppid=13 vsize=17684 memory=12468 CPUtime=0.04 cores=40-41,100-111,152-153,212-223
/proc/16/stat : 16 (python3) S 13 16 0 0 -1 4194304 1898 0 96 0 3 1 0 0 20 0 1 0 53463669 18108416 3117 67087892480 4194304 7154137 140726723781680 0 0 0 0 16781312 2 1 0 0 17 104 0 0 8 0 0 9727432 11029816 41181184 140726723783479 140726723783597 140726723783597 140726723784679 0
/proc/16/statm: 4421 3117 1523 723 0 2063 0
[pid=18] ppid=16 vsize=319568 memory=293068 CPUtime=758.85 cores=40-41,100-111,152-153,212-223
/proc/18/stat : 18 (bn4rust) R 16 16 0 0 -1 4194304 875931 0 18 0 75019 866 0 0 20 0 1 0 53463684 327237632 73267 67087892480 93929587871744 93929589738865 140734333814096 0 0 0 0 4096 1088 0 0 0 17 100 0 0 1 0 0 93929589996928 93929590043864 93929603604480 140734333815546 140734333815702 140734333815702 140734333816801 0
/proc/18/statm: 79892 73267 1111 456 0 78053 0
Current children cumulated CPU time: 758.89 s
Current children cumulated vsize: 337252 KiB
Current children cumulated memory: 305536 KiB

[startup+822.3 s]
/proc/loadavg: 25.92 27.10 29.73 24/2769 18
/proc/meminfo: memFree=293548588/527542244 swapFree=2830332/33554428
[pid=16] ppid=13 vsize=17684 memory=12468 CPUtime=0.04 cores=40-41,100-111,152-153,212-223
/proc/16/stat : 16 (python3) S 13 16 0 0 -1 4194304 1898 0 96 0 3 1 0 0 20 0 1 0 53463669 18108416 3117 67087892480 4194304 7154137 140726723781680 0 0 0 0 16781312 2 1 0 0 17 104 0 0 8 0 0 9727432 11029816 41181184 140726723783479 140726723783597 140726723783597 140726723784679 0
/proc/16/statm: 4421 3117 1523 723 0 2063 0
[pid=18] ppid=16 vsize=458832 memory=453548 CPUtime=818.59 cores=40-41,100-111,152-153,212-223
/proc/18/stat : 18 (bn4rust) R 16 16 0 0 -1 4194304 924107 0 18 0 80906 953 0 0 20 0 1 0 53463684 469843968 113387 67087892480 93929587871744 93929589738865 140734333814096 0 0 0 0 4096 1088 0 0 0 17 217 0 0 1 0 0 93929589996928 93929590043864 93929603604480 140734333815546 140734333815702 140734333815702 140734333816801 0
/proc/18/statm: 114708 113387 1111 456 0 112869 0
Current children cumulated CPU time: 818.63 s
Current children cumulated vsize: 476516 KiB
Current children cumulated memory: 466016 KiB

[startup+882.3 s]
/proc/loadavg: 26.01 26.89 29.49 27/2766 18
/proc/meminfo: memFree=292874012/527542244 swapFree=2829820/33554428
[pid=16] ppid=13 vsize=17684 memory=12468 CPUtime=0.04 cores=40-41,100-111,152-153,212-223
/proc/16/stat : 16 (python3) S 13 16 0 0 -1 4194304 1898 0 96 0 3 1 0 0 20 0 1 0 53463669 18108416 3117 67087892480 4194304 7154137 140726723781680 0 0 0 0 16781312 2 1 0 0 17 104 0 0 8 0 0 9727432 11029816 41181184 140726723783479 140726723783597 140726723783597 140726723784679 0
/proc/16/statm: 4421 3117 1523 723 0 2063 0
[pid=18] ppid=16 vsize=532564 memory=527540 CPUtime=878.33 cores=40-41,100-111,152-153,212-223
/proc/18/stat : 18 (bn4rust) R 16 16 0 0 -1 4194304 965729 0 18 0 86801 1032 0 0 20 0 1 0 53463684 545345536 131885 67087892480 93929587871744 93929589738865 140734333814096 0 0 0 0 4096 1088 0 0 0 17 106 0 0 1 0 0 93929589996928 93929590043864 93929603604480 140734333815546 140734333815702 140734333815702 140734333816801 0
/proc/18/statm: 133141 131885 1111 456 0 131302 0
Current children cumulated CPU time: 878.37 s
Current children cumulated vsize: 550248 KiB
Current children cumulated memory: 540008 KiB

[startup+942.3 s]
/proc/loadavg: 25.06 26.50 29.19 17/2768 18
/proc/meminfo: memFree=293742256/527542244 swapFree=2829308/33554428
[pid=16] ppid=13 vsize=17684 memory=12468 CPUtime=0.04 cores=40-41,100-111,152-153,212-223
/proc/16/stat : 16 (python3) S 13 16 0 0 -1 4194304 1898 0 96 0 3 1 0 0 20 0 1 0 53463669 18108416 3117 67087892480 4194304 7154137 140726723781680 0 0 0 0 16781312 2 1 0 0 17 104 0 0 8 0 0 9727432 11029816 41181184 140726723783479 140726723783597 140726723783597 140726723784679 0
/proc/16/statm: 4421 3117 1523 723 0 2063 0
[pid=18] ppid=16 vsize=544856 memory=508364 CPUtime=938.07 cores=40-41,100-111,152-153,212-223
/proc/18/stat : 18 (bn4rust) R 16 16 0 0 -1 4194304 1010778 0 18 0 92691 1116 0 0 20 0 1 0 53463684 557932544 127091 67087892480 93929587871744 93929589738865 140734333814096 0 0 0 0 4096 1088 0 0 0 17 219 0 0 1 0 0 93929589996928 93929590043864 93929603604480 140734333815546 140734333815702 140734333815702 140734333816801 0
/proc/18/statm: 136214 127091 1111 456 0 134375 0
Current children cumulated CPU time: 938.11 s
Current children cumulated vsize: 562540 KiB
Current children cumulated memory: 520832 KiB

[startup+1002.3 s]
/proc/loadavg: 24.39 26.09 28.88 25/2773 18
/proc/meminfo: memFree=291161096/527542244 swapFree=2829308/33554428
[pid=16] ppid=13 vsize=17684 memory=12468 CPUtime=0.04 cores=40-41,100-111,152-153,212-223
/proc/16/stat : 16 (python3) S 13 16 0 0 -1 4194304 1898 0 96 0 3 1 0 0 20 0 1 0 53463669 18108416 3117 67087892480 4194304 7154137 140726723781680 0 0 0 0 16781312 2 1 0 0 17 104 0 0 8 0 0 9727432 11029816 41181184 140726723783479 140726723783597 140726723783597 140726723784679 0
/proc/16/statm: 4421 3117 1523 723 0 2063 0
[pid=18] ppid=16 vsize=507988 memory=504060 CPUtime=997.82 cores=40-41,100-111,152-153,212-223
/proc/18/stat : 18 (bn4rust) R 16 16 0 0 -1 4194304 1056120 0 18 0 98584 1198 0 0 20 0 1 0 53463684 520179712 126015 67087892480 93929587871744 93929589738865 140734333814096 0 0 0 0 4096 1088 0 0 0 17 105 0 0 1 0 0 93929589996928 93929590043864 93929603604480 140734333815546 140734333815702 140734333815702 140734333816801 0
/proc/18/statm: 126997 126015 1111 456 0 125158 0
Current children cumulated CPU time: 997.86 s
Current children cumulated vsize: 525672 KiB
Current children cumulated memory: 516528 KiB

[startup+1062.3 s]
/proc/loadavg: 25.01 25.94 28.65 25/2769 18
/proc/meminfo: memFree=291982548/527542244 swapFree=2784508/33554428
[pid=16] ppid=13 vsize=17684 memory=12468 CPUtime=0.04 cores=40-41,100-111,152-153,212-223
/proc/16/stat : 16 (python3) S 13 16 0 0 -1 4194304 1898 0 96 0 3 1 0 0 20 0 1 0 53463669 18108416 3117 67087892480 4194304 7154137 140726723781680 0 0 0 0 16781312 2 1 0 0 17 104 0 0 8 0 0 9727432 11029816 41181184 140726723783479 140726723783597 140726723783597 140726723784679 0
/proc/16/statm: 4421 3117 1523 723 0 2063 0
[pid=18] ppid=16 vsize=581720 memory=523720 CPUtime=1057.57 cores=40-41,100-111,152-153,212-223
/proc/18/stat : 18 (bn4rust) R 16 16 0 0 -1 4194304 1102097 0 18 0 104476 1281 0 0 20 0 1 0 53463684 595681280 130930 67087892480 93929587871744 93929589738865 140734333814096 0 0 0 0 4096 1088 0 0 0 17 217 0 0 1 0 0 93929589996928 93929590043864 93929603604480 140734333815546 140734333815702 140734333815702 140734333816801 0
/proc/18/statm: 145430 130930 1111 456 0 143591 0
Current children cumulated CPU time: 1057.61 s
Current children cumulated vsize: 599404 KiB
Current children cumulated memory: 536188 KiB

[startup+1122.3 s]
/proc/loadavg: 23.86 25.41 28.30 16/2786 18
/proc/meminfo: memFree=274645320/527542244 swapFree=2770172/33554428
[pid=16] ppid=13 vsize=17684 memory=12468 CPUtime=0.04 cores=40-41,100-111,152-153,212-223
/proc/16/stat : 16 (python3) S 13 16 0 0 -1 4194304 1898 0 96 0 3 1 0 0 20 0 1 0 53463669 18108416 3117 67087892480 4194304 7154137 140726723781680 0 0 0 0 16781312 2 1 0 0 17 104 0 0 8 0 0 9727432 11029816 41181184 140726723783479 140726723783597 140726723783597 140726723784679 0
/proc/16/statm: 4421 3117 1523 723 0 2063 0
[pid=18] ppid=16 vsize=663636 memory=613436 CPUtime=1117.32 cores=40-41,100-111,152-153,212-223
/proc/18/stat : 18 (bn4rust) R 16 16 0 0 -1 4194304 1147716 0 18 0 110368 1364 0 0 20 0 1 0 53463684 679563264 153359 67087892480 93929587871744 93929589738865 140734333814096 0 0 0 0 4096 1088 0 0 0 17 101 0 0 1 0 0 93929589996928 93929590043864 93929603604480 140734333815546 140734333815702 140734333815702 140734333816801 0
/proc/18/statm: 165909 153359 1111 456 0 164070 0
Current children cumulated CPU time: 1117.36 s
Current children cumulated vsize: 681320 KiB
Current children cumulated memory: 625904 KiB

[startup+1182.3 s]
/proc/loadavg: 25.63 25.66 28.20 35/2790 18
/proc/meminfo: memFree=266721380/527542244 swapFree=2770172/33554428
[pid=16] ppid=13 vsize=17684 memory=12468 CPUtime=0.04 cores=40-41,100-111,152-153,212-223
/proc/16/stat : 16 (python3) S 13 16 0 0 -1 4194304 1898 0 96 0 3 1 0 0 20 0 1 0 53463669 18108416 3117 67087892480 4194304 7154137 140726723781680 0 0 0 0 16781312 2 1 0 0 17 104 0 0 8 0 0 9727432 11029816 41181184 140726723783479 140726723783597 140726723783597 140726723784679 0
/proc/16/statm: 4421 3117 1523 723 0 2063 0
[pid=18] ppid=16 vsize=483412 memory=479408 CPUtime=1177.07 cores=40-41,100-111,152-153,212-223
/proc/18/stat : 18 (bn4rust) R 16 16 0 0 -1 4194304 1192709 0 18 0 116261 1446 0 0 20 0 1 0 53463684 495013888 119852 67087892480 93929587871744 93929589738865 140734333814096 0 0 0 0 4096 1088 0 0 0 17 217 0 0 1 0 0 93929589996928 93929590043864 93929603604480 140734333815546 140734333815702 140734333815702 140734333816801 0
/proc/18/statm: 120853 119852 1111 456 0 119014 0
Current children cumulated CPU time: 1177.11 s
Current children cumulated vsize: 501096 KiB
Current children cumulated memory: 491876 KiB

[startup+1242.3 s]
/proc/loadavg: 24.99 25.43 27.96 26/2802 18
/proc/meminfo: memFree=294294840/527542244 swapFree=2770172/33554428
[pid=16] ppid=13 vsize=17684 memory=12468 CPUtime=0.04 cores=40-41,100-111,152-153,212-223
/proc/16/stat : 16 (python3) S 13 16 0 0 -1 4194304 1898 0 96 0 3 1 0 0 20 0 1 0 53463669 18108416 3117 67087892480 4194304 7154137 140726723781680 0 0 0 0 16781312 2 1 0 0 17 104 0 0 8 0 0 9727432 11029816 41181184 140726723783479 140726723783597 140726723783597 140726723784679 0
/proc/16/statm: 4421 3117 1523 723 0 2063 0
[pid=18] ppid=16 vsize=213064 memory=208908 CPUtime=1236.83 cores=40-41,100-111,152-153,212-223
/proc/18/stat : 18 (bn4rust) R 16 16 0 0 -1 4194304 1240319 0 18 0 122149 1534 0 0 20 0 1 0 53463684 218177536 52227 67087892480 93929587871744 93929589738865 140734333814096 0 0 0 0 4096 1088 0 0 0 17 110 0 0 1 0 0 93929589996928 93929590043864 93929603604480 140734333815546 140734333815702 140734333815702 140734333816801 0
/proc/18/statm: 53266 52227 1111 456 0 51427 0
Current children cumulated CPU time: 1236.87 s
Current children cumulated vsize: 230748 KiB
Current children cumulated memory: 221376 KiB

[startup+1302.3 s]
/proc/loadavg: 25.73 25.60 27.86 25/2799 18
/proc/meminfo: memFree=293720776/527542244 swapFree=2770172/33554428
[pid=16] ppid=13 vsize=17684 memory=12468 CPUtime=0.04 cores=40-41,100-111,152-153,212-223
/proc/16/stat : 16 (python3) S 13 16 0 0 -1 4194304 1898 0 96 0 3 1 0 0 20 0 1 0 53463669 18108416 3117 67087892480 4194304 7154137 140726723781680 0 0 0 0 16781312 2 1 0 0 17 104 0 0 8 0 0 9727432 11029816 41181184 140726723783479 140726723783597 140726723783597 140726723784679 0
/proc/16/statm: 4421 3117 1523 723 0 2063 0
[pid=18] ppid=16 vsize=266316 memory=263128 CPUtime=1296.58 cores=40-41,100-111,152-153,212-223
/proc/18/stat : 18 (bn4rust) R 16 16 0 0 -1 4194304 1287161 0 18 0 128032 1626 0 0 20 0 1 0 53463684 272707584 65782 67087892480 93929587871744 93929589738865 140734333814096 0 0 0 0 4096 1088 0 0 0 17 222 0 0 1 0 0 93929589996928 93929590043864 93929603604480 140734333815546 140734333815702 140734333815702 140734333816801 0
/proc/18/statm: 66579 65782 1111 456 0 64740 0
Current children cumulated CPU time: 1296.62 s
Current children cumulated vsize: 284000 KiB
Current children cumulated memory: 275596 KiB

[startup+1362.3 s]
/proc/loadavg: 24.55 25.30 27.62 31/2797 18
/proc/meminfo: memFree=293891176/527542244 swapFree=2770172/33554428
[pid=16] ppid=13 vsize=17684 memory=12468 CPUtime=0.04 cores=40-41,100-111,152-153,212-223
/proc/16/stat : 16 (python3) S 13 16 0 0 -1 4194304 1898 0 96 0 3 1 0 0 20 0 1 0 53463669 18108416 3117 67087892480 4194304 7154137 140726723781680 0 0 0 0 16781312 2 1 0 0 17 104 0 0 8 0 0 9727432 11029816 41181184 140726723783479 140726723783597 140726723783597 140726723784679 0
/proc/16/statm: 4421 3117 1523 723 0 2063 0
[pid=18] ppid=16 vsize=364628 memory=323048 CPUtime=1356.34 cores=40-41,100-111,152-153,212-223
/proc/18/stat : 18 (bn4rust) R 16 16 0 0 -1 4194304 1325598 0 18 0 133925 1709 0 0 20 0 1 0 53463684 373379072 80762 67087892480 93929587871744 93929589738865 140734333814096 0 0 0 0 4096 1088 0 0 0 17 222 0 0 1 0 0 93929589996928 93929590043864 93929603604480 140734333815546 140734333815702 140734333815702 140734333816801 0
/proc/18/statm: 91157 80762 1111 456 0 89318 0
Current children cumulated CPU time: 1356.38 s
Current children cumulated vsize: 382312 KiB
Current children cumulated memory: 335516 KiB

[startup+1422.3 s]
/proc/loadavg: 26.34 25.60 27.57 26/2782 18
/proc/meminfo: memFree=292826668/527542244 swapFree=2770172/33554428
[pid=16] ppid=13 vsize=17684 memory=12468 CPUtime=0.04 cores=40-41,100-111,152-153,212-223
/proc/16/stat : 16 (python3) S 13 16 0 0 -1 4194304 1898 0 96 0 3 1 0 0 20 0 1 0 53463669 18108416 3117 67087892480 4194304 7154137 140726723781680 0 0 0 0 16781312 2 1 0 0 17 104 0 0 8 0 0 9727432 11029816 41181184 140726723783479 140726723783597 140726723783597 140726723784679 0
/proc/16/statm: 4421 3117 1523 723 0 2063 0
[pid=18] ppid=16 vsize=249932 memory=233748 CPUtime=1416.08 cores=40-41,100-111,152-153,212-223
/proc/18/stat : 18 (bn4rust) R 16 16 0 0 -1 4194304 1371524 0 18 0 139817 1791 0 0 20 0 1 0 53463684 255930368 58437 67087892480 93929587871744 93929589738865 140734333814096 0 0 0 0 4096 1088 0 0 0 17 222 0 0 1 0 0 93929589996928 93929590043864 93929603604480 140734333815546 140734333815702 140734333815702 140734333816801 0
/proc/18/statm: 62483 58437 1111 456 0 60644 0
Current children cumulated CPU time: 1416.12 s
Current children cumulated vsize: 267616 KiB
Current children cumulated memory: 246216 KiB

[startup+1482.3 s]
/proc/loadavg: 25.50 25.55 27.43 21/2777 18
/proc/meminfo: memFree=292714028/527542244 swapFree=2770172/33554428
[pid=16] ppid=13 vsize=17684 memory=12468 CPUtime=0.05 cores=40-41,100-111,152-153,212-223
/proc/16/stat : 16 (python3) S 13 16 0 0 -1 4194304 1898 0 96 0 4 1 0 0 20 0 1 0 53463669 18108416 3117 67087892480 4194304 7154137 140726723781680 0 0 0 0 16781312 2 1 0 0 17 104 0 0 8 0 0 9727432 11029816 41181184 140726723783479 140726723783597 140726723783597 140726723784679 0
/proc/16/statm: 4421 3117 1523 723 0 2063 0
[pid=18] ppid=16 vsize=557140 memory=521392 CPUtime=1475.84 cores=40-41,100-111,152-153,212-223
/proc/18/stat : 18 (bn4rust) R 16 16 0 0 -1 4194304 1415016 0 18 0 145715 1869 0 0 20 0 1 0 53463684 570511360 130348 67087892480 93929587871744 93929589738865 140734333814096 0 0 0 0 4096 1088 0 0 0 17 215 0 0 1 0 0 93929589996928 93929590043864 93929603604480 140734333815546 140734333815702 140734333815702 140734333816801 0
/proc/18/statm: 139285 130348 1111 456 0 137446 0
Current children cumulated CPU time: 1475.89 s
Current children cumulated vsize: 574824 KiB
Current children cumulated memory: 533860 KiB

[startup+1542.3 s]
/proc/loadavg: 24.89 25.32 27.23 22/2783 18
/proc/meminfo: memFree=292829860/527542244 swapFree=2770172/33554428
[pid=16] ppid=13 vsize=17684 memory=12468 CPUtime=0.05 cores=40-41,100-111,152-153,212-223
/proc/16/stat : 16 (python3) S 13 16 0 0 -1 4194304 1898 0 96 0 4 1 0 0 20 0 1 0 53463669 18108416 3117 67087892480 4194304 7154137 140726723781680 0 0 0 0 16781312 2 1 0 0 17 104 0 0 8 0 0 9727432 11029816 41181184 140726723783479 140726723783597 140726723783597 140726723784679 0
/proc/16/statm: 4421 3117 1523 723 0 2063 0
[pid=18] ppid=16 vsize=213064 memory=209920 CPUtime=1535.57 cores=40-41,100-111,152-153,212-223
/proc/18/stat : 18 (bn4rust) R 16 16 0 0 -1 4194304 1455249 0 18 0 151610 1947 0 0 20 0 1 0 53463684 218177536 52480 67087892480 93929587871744 93929589738865 140734333814096 0 0 0 0 4096 1088 0 0 0 17 213 0 0 1 0 0 93929589996928 93929590043864 93929603604480 140734333815546 140734333815702 140734333815702 140734333816801 0
/proc/18/statm: 53266 52480 1111 456 0 51427 0
Current children cumulated CPU time: 1535.62 s
Current children cumulated vsize: 230748 KiB
Current children cumulated memory: 222388 KiB

[startup+1602.3 s]
/proc/loadavg: 24.95 25.26 27.09 19/2777 18
/proc/meminfo: memFree=291638804/527542244 swapFree=2770172/33554428
[pid=16] ppid=13 vsize=17684 memory=12468 CPUtime=0.05 cores=40-41,100-111,152-153,212-223
/proc/16/stat : 16 (python3) S 13 16 0 0 -1 4194304 1898 0 96 0 4 1 0 0 20 0 1 0 53463669 18108416 3117 67087892480 4194304 7154137 140726723781680 0 0 0 0 16781312 2 1 0 0 17 104 0 0 8 0 0 9727432 11029816 41181184 140726723783479 140726723783597 140726723783597 140726723784679 0
/proc/16/statm: 4421 3117 1523 723 0 2063 0
[pid=18] ppid=16 vsize=225352 memory=210956 CPUtime=1595.32 cores=40-41,100-111,152-153,212-223
/proc/18/stat : 18 (bn4rust) R 16 16 0 0 -1 4194304 1504206 0 18 0 157486 2046 0 0 20 0 1 0 53463684 230760448 52739 67087892480 93929587871744 93929589738865 140734333814096 0 0 0 0 4096 1088 0 0 0 17 213 0 0 1 0 0 93929589996928 93929590043864 93929603604480 140734333815546 140734333815702 140734333815702 140734333816801 0
/proc/18/statm: 56338 52739 1111 456 0 54499 0
Current children cumulated CPU time: 1595.37 s
Current children cumulated vsize: 243036 KiB
Current children cumulated memory: 223424 KiB

[startup+1662.3 s]
/proc/loadavg: 25.85 25.47 27.05 26/2779 18
/proc/meminfo: memFree=290244608/527542244 swapFree=2770428/33554428
[pid=16] ppid=13 vsize=17684 memory=12468 CPUtime=0.05 cores=40-41,100-111,152-153,212-223
/proc/16/stat : 16 (python3) S 13 16 0 0 -1 4194304 1898 0 96 0 4 1 0 0 20 0 1 0 53463669 18108416 3117 67087892480 4194304 7154137 140726723781680 0 0 0 0 16781312 2 1 0 0 17 104 0 0 8 0 0 9727432 11029816 41181184 140726723783479 140726723783597 140726723783597 140726723784679 0
/proc/16/statm: 4421 3117 1523 723 0 2063 0
[pid=18] ppid=16 vsize=720984 memory=645144 CPUtime=1655.07 cores=40-41,100-111,152-153,212-223
/proc/18/stat : 18 (bn4rust) R 16 16 0 0 -1 4194304 1540879 0 18 0 163383 2124 0 0 20 0 1 0 53463684 738287616 161286 67087892480 93929587871744 93929589738865 140734333814096 0 0 0 0 4096 1088 0 0 0 17 213 0 0 1 0 0 93929589996928 93929590043864 93929603604480 140734333815546 140734333815702 140734333815702 140734333816801 0
/proc/18/statm: 180246 161286 1111 456 0 178407 0
Current children cumulated CPU time: 1655.12 s
Current children cumulated vsize: 738668 KiB
Current children cumulated memory: 657612 KiB

[startup+1722.3 s]
/proc/loadavg: 25.01 25.31 26.89 23/2778 18
/proc/meminfo: memFree=289434008/527542244 swapFree=2770684/33554428
[pid=16] ppid=13 vsize=17684 memory=12468 CPUtime=0.05 cores=40-41,100-111,152-153,212-223
/proc/16/stat : 16 (python3) S 13 16 0 0 -1 4194304 1898 0 96 0 4 1 0 0 20 0 1 0 53463669 18108416 3117 67087892480 4194304 7154137 140726723781680 0 0 0 0 16781312 2 1 0 0 17 104 0 0 8 0 0 9727432 11029816 41181184 140726723783479 140726723783597 140726723783597 140726723784679 0
/proc/16/statm: 4421 3117 1523 723 0 2063 0
[pid=18] ppid=16 vsize=761944 memory=679448 CPUtime=1714.83 cores=40-41,100-111,152-153,212-223
/proc/18/stat : 18 (bn4rust) R 16 16 0 0 -1 4194304 1583597 0 18 0 169280 2203 0 0 20 0 1 0 53463684 780230656 169862 67087892480 93929587871744 93929589738865 140734333814096 0 0 0 0 4096 1088 0 0 0 17 213 0 0 1 0 0 93929589996928 93929590043864 93929603604480 140734333815546 140734333815702 140734333815702 140734333816801 0
/proc/18/statm: 190486 169862 1111 456 0 188647 0
Current children cumulated CPU time: 1714.88 s
Current children cumulated vsize: 779628 KiB
Current children cumulated memory: 691916 KiB

[startup+1782.3 s]
/proc/loadavg: 25.38 25.39 26.82 24/2779 18
/proc/meminfo: memFree=289609976/527542244 swapFree=2772732/33554428
[pid=16] ppid=13 vsize=17684 memory=12468 CPUtime=0.05 cores=40-41,100-111,152-153,212-223
/proc/16/stat : 16 (python3) S 13 16 0 0 -1 4194304 1898 0 96 0 4 1 0 0 20 0 1 0 53463669 18108416 3117 67087892480 4194304 7154137 140726723781680 0 0 0 0 16781312 2 1 0 0 17 104 0 0 8 0 0 9727432 11029816 41181184 140726723783479 140726723783597 140726723783597 140726723784679 0
/proc/16/statm: 4421 3117 1523 723 0 2063 0
[pid=18] ppid=16 vsize=213064 memory=205848 CPUtime=1774.57 cores=40-41,100-111,152-153,212-223
/proc/18/stat : 18 (bn4rust) R 16 16 0 0 -1 4194304 1629652 0 18 0 175164 2293 0 0 20 0 1 0 53463684 218177536 51462 67087892480 93929587871744 93929589738865 140734333814096 0 0 0 0 4096 1088 0 0 0 17 213 0 0 1 0 0 93929589996928 93929590043864 93929603604480 140734333815546 140734333815702 140734333815702 140734333816801 0
/proc/18/statm: 53266 51462 1111 456 0 51427 0
Current children cumulated CPU time: 1774.62 s
Current children cumulated vsize: 230748 KiB
Current children cumulated memory: 218316 KiB



Maximum wall clock time exceeded: sending SIGTERM then SIGKILL

[startup+1800 s]*
/proc/loadavg: 24.84 25.28 26.76 27/2775 18
/proc/meminfo: memFree=289340348/527542244 swapFree=2772988/33554428
[pid=16] ppid=13 vsize=17684 memory=12468 CPUtime=0.05 cores=40-41,100-111,152-153,212-223
/proc/16/stat : 16 (python3) S 13 16 0 0 -1 4194304 1898 0 96 0 4 1 0 0 20 0 1 0 53463669 18108416 3117 67087892480 4194304 7154137 140726723781680 0 0 0 0 16781312 2 1 0 0 17 104 0 0 8 0 0 9727432 11029816 41181184 140726723783479 140726723783597 140726723783597 140726723784679 0
/proc/16/statm: 4421 3117 1523 723 0 2063 0
[pid=18] ppid=16 vsize=311372 memory=267564 CPUtime=1792.2 cores=40-41,100-111,152-153,212-223
/proc/18/stat : 18 (bn4rust) R 16 16 0 0 -1 4194304 1638273 0 18 0 176913 2307 0 0 20 0 1 0 53463684 318844928 66891 67087892480 93929587871744 93929589738865 140734333814096 0 0 0 0 4096 1088 0 0 0 17 213 0 0 1 0 0 93929589996928 93929590043864 93929603604480 140734333815546 140734333815702 140734333815702 140734333816801 0
/proc/18/statm: 77843 66891 1111 456 0 76004 0
Current children cumulated CPU time: 1792.25 s
Current children cumulated vsize: 329056 KiB
Current children cumulated memory: 280032 KiB

Sending SIGTERM to process tree (bottom up)
Sleeping 2 seconds

[startup+1800.01 s]
# the end of solver process 16 was just reported to runsolver
# cumulated CPU time of all completed processes:  user=1769.18 s, system=23.092 s

Solver just ended.
??? end of watcher thread
Dumping a history of the last processes samples

Child ended because it received signal 15 (SIGTERM)
Real time (s): 1800.01
CPU time (s): 1792.27
CPU user time (s): 1769.18
CPU system time (s): 23.092
CPU usage (%): 99.5704
Max. virtual memory (cumulated for all children) (KiB): 824688
Max. memory (cumulated for all children) (KiB): 736536

getrusage(RUSAGE_CHILDREN,...) data:
user time used= 1769.18
system time used= 23.092
maximum resident set size= 757048
integral shared memory size= 0
integral unshared data size= 0
integral unshared stack size= 0
page reclaims= 1640174
page faults= 114
swaps= 0
block input operations= 19512
block output operations= 8
messages sent= 0
messages received= 0
signals received= 0
voluntary context switches= 1034
involuntary context switches= 23187


# summary of solver processes directly reported to runsolver:
#   pid: 16
#   total CPU time (s): 1792.27
#   total CPU user time (s): 1769.18
#   total CPU system time (s): 23.092

??? join timestamper begins
??? join timestamper ends
??? end of timestamper thread
runsolver used 1.34398 second user time and 1.70206 second system time

The end
