# WCTIME: wall clock time in seconds
WCTIME=1800.02
# CPUTIME: CPU time in seconds (USERTIME+SYSTEMTIME)
CPUTIME=1792.67
# USERTIME: CPU time spent in user mode in seconds
USERTIME=1792.42
# SYSTEMTIME: CPU time spent in system mode in seconds
SYSTEMTIME=0.250481
# CPUUSAGE: CPUTIME/WCTIME in percent
CPUUSAGE=99.592
# MAXVM: maximum virtual memory used in KiB
MAXVM=298600
# MAXMM: maximum memory used in KiB
MAXMM=147240
# MAXRSS: maximum Resident Segment Size in KiB
MAXRSS=75192
# TIMEOUT: did the solver exceed the time limit?
TIMEOUT=true
# MEMOUT: did the solver exceed the memory limit?
MEMOUT=false
# EXITSTATUS: Exit status of the solver
EXITSTATUS=15
