# WCTIME: wall clock time in seconds
WCTIME=0.201789
# CPUTIME: CPU time in seconds (USERTIME+SYSTEMTIME)
CPUTIME=0.076971
# USERTIME: CPU time spent in user mode in seconds
USERTIME=0.054663
# SYSTEMTIME: CPU time spent in system mode in seconds
SYSTEMTIME=0.022308
# CPUUSAGE: CPUTIME/WCTIME in percent
CPUUSAGE=38.1443
# MAXVM: maximum virtual memory used in KiB
MAXVM=14444
# MAXMM: maximum memory used in KiB
MAXMM=9360
# MAXRSS: maximum Resident Segment Size in KiB
MAXRSS=12636
# TIMEOUT: did the solver exceed the time limit?
TIMEOUT=false
# MEMOUT: did the solver exceed the memory limit?
MEMOUT=false
# EXITSTATUS: Exit status of the solver
EXITSTATUS=0
