runsolver version 3.4.1 (svn: 3018) Copyright (C) 2010-2013 Olivier ROUSSEL

This program is distributed in the hope that it will be useful,
but WITHOUT ANY WARRANTY; without even the implied warranty of
MERCHANTABILITY or FITNESS FOR A PARTICULAR PURPOSE.  See the
GNU General Public License for more details.

NUMA information:
  number of nodes: 8
  memory of node 0: 63700 MiB (61507 MiB free)
  memory of node 1: 64504 MiB (58064 MiB free)
  memory of node 2: 64461 MiB (55857 MiB free)
  memory of node 3: 64504 MiB (57182 MiB free)
  memory of node 4: 64504 MiB (57308 MiB free)
  memory of node 5: 64504 MiB (61102 MiB free)
  memory of node 6: 64504 MiB (58678 MiB free)
  memory of node 7: 64491 MiB (1199 MiB free)
  node distances:
     10  12  12  12  21  21  21  21
     12  10  12  12  21  21  21  21
     12  12  10  12  21  21  21  21
     12  12  12  10  21  21  21  21
     21  21  21  21  10  12  12  12
     21  21  21  21  12  10  12  12
     21  21  21  21  12  12  10  12
     21  21  21  21  12  12  12  10

command line: /usr/local/bin/runsolver --timestamp -w /output/runsolver-watch.log -v /output/runsolver-values.log -o /output/solver-output.log -C 1800.0 -W 1800.0 -R 64000 /opt/solver/run_pyboolnet.py --instance /input/model_126.bnet 

running on 14 cores: 66-67,72-79,188-191

Enforcing CPUTime limit (soft limit, will send SIGTERM then SIGKILL): 1800 seconds
Enforcing CPUTime limit (hard limit, will send SIGXCPU): 1830 seconds
Enforcing wall clock limit (soft limit, will send SIGTERM then SIGKILL): 1800 seconds
Enforcing RSS+Swap limit (soft limit, will send SIGTERM then SIGKILL): 65536000 KiB
Linux 4.18.0-553.126.1.el8_10.x86_64
Current StackSize limit: 18014398509481983 KiB

solver pid=16, runsolver pid=13

[startup+0.100075 s]*
/proc/loadavg: 40.43 42.10 43.17 44/3153 17
/proc/meminfo: memFree=420753140/527542216 swapFree=32074492/33554428
[pid=16] ppid=13 vsize=13400 memory=6364 CPUtime=0 cores=66-79,178-191
/proc/16/stat : 16 (python3) R 13 16 0 0 -1 4194304 622 0 49 0 0 0 0 0 20 0 1 0 523024702 13721600 1591 67087892480 94107220238336 94107223509037 140723004476384 0 0 0 0 0 0 0 0 0 17 70 0 0 4 0 0 94107225872400 94107226156440 94107237879808 140723004480257 140723004480327 140723004480327 140723004481511 0
/proc/16/statm: 3350 1591 1165 799 0 969 0
Current children cumulated CPU time: 0 s
Current children cumulated vsize: 13400 KiB
Current children cumulated memory: 6364 KiB

[startup+0.200568 s]*
/proc/loadavg: 40.43 42.10 43.17 45/3153 17
/proc/meminfo: memFree=420744620/527542216 swapFree=32074492/33554428
[pid=16] ppid=13 vsize=17020 memory=12008 CPUtime=0.04 cores=66-79,178-191
/proc/16/stat : 16 (python3) D 13 16 0 0 -1 4194304 1712 0 72 0 3 1 0 0 20 0 1 0 523024702 17428480 3002 67087892480 94107220238336 94107223509037 140723004476384 0 0 0 0 16781312 2 0 0 0 17 71 0 0 8 0 0 94107225872400 94107226156440 94107237879808 140723004480257 140723004480327 140723004480327 140723004481511 0
/proc/16/statm: 4255 3002 1513 799 0 1783 0
Current children cumulated CPU time: 0.04 s
Current children cumulated vsize: 17020 KiB
Current children cumulated memory: 12008 KiB

[startup+0.300424 s]*
/proc/loadavg: 40.43 42.10 43.17 42/3153 17
/proc/meminfo: memFree=420742620/527542216 swapFree=32074492/33554428
[pid=16] ppid=13 vsize=18456 memory=12920 CPUtime=0.04 cores=66-79,178-191
/proc/16/stat : 16 (python3) D 13 16 0 0 -1 4194304 1941 0 73 0 3 1 0 0 20 0 1 0 523024702 18898944 3230 67087892480 94107220238336 94107223509037 140723004476384 0 0 0 0 16781312 2 0 0 0 17 71 0 0 13 0 0 94107225872400 94107226156440 94107237879808 140723004480257 140723004480327 140723004480327 140723004481511 0
/proc/16/statm: 4614 3230 1537 799 0 2142 0
Current children cumulated CPU time: 0.04 s
Current children cumulated vsize: 18456 KiB
Current children cumulated memory: 12920 KiB

[startup+0.700192 s]
/proc/loadavg: 40.43 42.10 43.17 43/3153 17
/proc/meminfo: memFree=420730456/527542216 swapFree=32074492/33554428
[pid=16] ppid=13 vsize=37904 memory=31468 CPUtime=0.2 cores=66-79,178-191
/proc/16/stat : 16 (python3) D 13 16 0 0 -1 4194304 5949 0 123 0 15 5 0 0 20 0 1 0 523024702 38813696 7867 67087892480 94107220238336 94107223509037 140723004476384 0 0 0 0 16781312 2 0 0 0 17 71 0 0 35 0 0 94107225872400 94107226156440 94107237879808 140723004480257 140723004480327 140723004480327 140723004481511 0
/proc/16/statm: 9476 7867 2331 799 0 5881 0
Current children cumulated CPU time: 0.2 s
Current children cumulated vsize: 37904 KiB
Current children cumulated memory: 31468 KiB

[startup+1.50015 s]
/proc/loadavg: 40.43 42.10 43.17 44/3153 17
/proc/meminfo: memFree=420712776/527542216 swapFree=32074492/33554428
[pid=16] ppid=13 vsize=212192 memory=61452 CPUtime=0.46 cores=66-79,178-191
/proc/16/stat : 16 (python3) D 13 16 0 0 -1 4194304 11011 0 290 0 36 10 0 0 20 0 2 0 523024702 217284608 15363 67087892480 94107220238336 94107223509037 140723004476384 0 0 0 0 16781312 2 0 0 0 17 71 0 0 89 0 0 94107225872400 94107226156440 94107237879808 140723004480257 140723004480327 140723004480327 140723004481511 0
/proc/16/statm: 53048 15363 5090 799 0 19755 0
Current children cumulated CPU time: 0.46 s
Current children cumulated vsize: 212192 KiB
Current children cumulated memory: 61452 KiB

[startup+3.04852 s]
# the end of solver process 16 was just reported to runsolver
# cumulated CPU time of all completed processes:  user=1.6719 s, system=0.124599 s

Solver just ended.
??? end of watcher thread
Dumping a history of the last processes samples

[startup+1.60016 s]
/proc/loadavg: 40.43 42.10 43.17 44/3153 17
/proc/meminfo: memFree=420712776/527542216 swapFree=32074492/33554428
[pid=16] ppid=13 vsize=212192 memory=61452 CPUtime=0.54 cores=66-79,178-191
/proc/16/stat : 16 (python3) D 13 16 0 0 -1 4194304 11031 0 290 0 44 10 0 0 20 0 2 0 523024702 217284608 15363 67087892480 94107220238336 94107223509037 140723004476384 0 0 0 0 16781312 2 0 0 0 17 71 0 0 91 0 0 94107225872400 94107226156440 94107237879808 140723004480257 140723004480327 140723004480327 140723004481511 0
/proc/16/statm: 53048 15363 5090 799 0 19755 0
Current children cumulated CPU time: 0.54 s
Current children cumulated vsize: 212192 KiB
Current children cumulated memory: 61452 KiB

[startup+2.40019 s]
/proc/loadavg: 40.43 42.10 43.17 43/3155 20
/proc/meminfo: memFree=420410224/527542216 swapFree=32074492/33554428
[pid=16] ppid=13 vsize=222268 memory=71864 CPUtime=0.81 cores=66-79,178-191
/proc/16/stat : 16 (python3) S 13 16 0 0 -1 4194304 13422 150 298 4 69 11 1 0 20 0 1 0 523024702 227602432 17966 67087892480 94107220238336 94107223509037 140723004476384 0 0 0 0 16781312 2 1 0 0 17 71 0 0 98 0 0 94107225872400 94107226156440 94107237879808 140723004480257 140723004480327 140723004480327 140723004481511 0
/proc/16/statm: 55567 17966 5261 799 0 22274 0
Current children cumulated CPU time: 0.81 s
Current children cumulated vsize: 222268 KiB
Current children cumulated memory: 71864 KiB

[startup+2.80024 s]
/proc/loadavg: 40.43 42.10 43.17 43/3155 20
/proc/meminfo: memFree=420410224/527542216 swapFree=32074492/33554428
[pid=16] ppid=13 vsize=222268 memory=71864 CPUtime=0.81 cores=66-79,178-191
/proc/16/stat : 16 (python3) S 13 16 0 0 -1 4194304 13422 150 298 4 69 11 1 0 20 0 1 0 523024702 227602432 17966 67087892480 94107220238336 94107223509037 140723004476384 0 0 0 0 16781312 2 1 0 0 17 71 0 0 98 0 0 94107225872400 94107226156440 94107237879808 140723004480257 140723004480327 140723004480327 140723004481511 0
/proc/16/statm: 55567 17966 5261 799 0 22274 0
Current children cumulated CPU time: 0.81 s
Current children cumulated vsize: 222268 KiB
Current children cumulated memory: 71864 KiB

[startup+3.00021 s]*
/proc/loadavg: 40.43 42.10 43.17 43/3154 21
/proc/meminfo: memFree=420373876/527542216 swapFree=32074492/33554428
[pid=16] ppid=13 vsize=222268 memory=71864 CPUtime=1.74 cores=66-79,178-191
/proc/16/stat : 16 (python3) R 13 16 0 0 -1 4194304 13422 2379 299 78 73 11 90 0 20 0 1 0 523024702 227602432 17966 67087892480 94107220238336 94107223509037 140723004476384 0 0 0 0 16781312 0 0 0 0 17 71 0 0 98 0 0 94107225872400 94107226156440 94107237879808 140723004480257 140723004480327 140723004480327 140723004481511 0
/proc/16/statm: 55567 17966 5261 799 0 22274 0
Current children cumulated CPU time: 1.74 s
Current children cumulated vsize: 222268 KiB
Current children cumulated memory: 71864 KiB

Child status: 0
Real time (s): 3.04855
CPU time (s): 1.7965
CPU user time (s): 1.6719
CPU system time (s): 0.124599
CPU usage (%): 58.9296
Max. virtual memory (cumulated for all children) (KiB): 227132
Max. memory (cumulated for all children) (KiB): 73044

getrusage(RUSAGE_CHILDREN,...) data:
user time used= 1.6719
system time used= 0.124599
maximum resident set size= 71864
integral shared memory size= 0
integral unshared data size= 0
integral unshared stack size= 0
page reclaims= 15819
page faults= 385
swaps= 0
block input operations= 106136
block output operations= 0
messages sent= 0
messages received= 0
signals received= 0
voluntary context switches= 10310
involuntary context switches= 3


# summary of solver processes directly reported to runsolver:
#   pid: 16
#   total CPU time (s): 1.7965
#   total CPU user time (s): 1.6719
#   total CPU system time (s): 0.124599

??? join timestamper begins
??? join timestamper ends
??? end of timestamper thread
runsolver used 0.003834 second user time and 0.016274 second system time

The end
