# WCTIME: wall clock time in seconds
WCTIME=0.501072
# CPUTIME: CPU time in seconds (USERTIME+SYSTEMTIME)
CPUTIME=0.387407
# USERTIME: CPU time spent in user mode in seconds
USERTIME=0.244457
# SYSTEMTIME: CPU time spent in system mode in seconds
SYSTEMTIME=0.14295
# CPUUSAGE: CPUTIME/WCTIME in percent
CPUUSAGE=77.3156
# MAXVM: maximum virtual memory used in KiB
MAXVM=26252
# MAXMM: maximum memory used in KiB
MAXMM=17436
# MAXRSS: maximum Resident Segment Size in KiB
MAXRSS=12540
# TIMEOUT: did the solver exceed the time limit?
TIMEOUT=false
# MEMOUT: did the solver exceed the memory limit?
MEMOUT=false
# EXITSTATUS: Exit status of the solver
EXITSTATUS=0
