runsolver version 3.4.1 (svn: 3018) Copyright (C) 2010-2013 Olivier ROUSSEL

This program is distributed in the hope that it will be useful,
but WITHOUT ANY WARRANTY; without even the implied warranty of
MERCHANTABILITY or FITNESS FOR A PARTICULAR PURPOSE.  See the
GNU General Public License for more details.

NUMA information:
  number of nodes: 8
  memory of node 0: 63700 MiB (51678 MiB free)
  memory of node 1: 64504 MiB (62291 MiB free)
  memory of node 2: 64504 MiB (63185 MiB free)
  memory of node 3: 64504 MiB (59223 MiB free)
  memory of node 4: 64504 MiB (62984 MiB free)
  memory of node 5: 64504 MiB (63785 MiB free)
  memory of node 6: 64461 MiB (63249 MiB free)
  memory of node 7: 64491 MiB (62845 MiB free)
  node distances:
     10  12  12  12  21  21  21  21
     12  10  12  12  21  21  21  21
     12  12  10  12  21  21  21  21
     12  12  12  10  21  21  21  21
     21  21  21  21  10  12  12  12
     21  21  21  21  12  10  12  12
     21  21  21  21  12  12  10  12
     21  21  21  21  12  12  12  10

command line: /usr/local/bin/runsolver --timestamp -w /output/runsolver-watch.log -v /output/runsolver-values.log -o /output/solver-output.log -C 1800.0 -W 1800.0 -R 64000 /opt/solver/run_bn4rust.py --mode cyber-complement-gfp-plus-dependency-order --instance /input/model_112.bnet 

running on 8 cores: 60-67

Enforcing CPUTime limit (soft limit, will send SIGTERM then SIGKILL): 1800 seconds
Enforcing CPUTime limit (hard limit, will send SIGXCPU): 1830 seconds
Enforcing wall clock limit (soft limit, will send SIGTERM then SIGKILL): 1800 seconds
Enforcing RSS+Swap limit (soft limit, will send SIGTERM then SIGKILL): 65536000 KiB
Linux 4.18.0-553.159.1.el8_10.x86_64
Current StackSize limit: 18014398509481983 KiB

solver pid=16, runsolver pid=13

[startup+0.100081 s]*
/proc/loadavg: 38.05 35.29 28.96 31/2800 17
/proc/meminfo: memFree=500904900/527542256 swapFree=33529852/33554428
[pid=16] ppid=13 vsize=15800 memory=10164 CPUtime=0.02 cores=56-69,168-181
/proc/16/stat : 16 (python3) R 13 16 0 0 -1 4194304 1393 0 84 0 2 0 0 0 20 0 1 0 53460205 16179200 2541 67087892480 4194304 7154137 140723755098400 0 0 0 0 16781312 2 0 0 0 17 180 0 0 6 0 0 9727432 11029816 35586048 140723755105079 140723755105197 140723755105197 140723755106279 0
/proc/16/statm: 3950 2541 1406 723 0 1674 0
Current children cumulated CPU time: 0.02 s
Current children cumulated vsize: 15800 KiB
Current children cumulated memory: 10164 KiB

[startup+0.20058 s]*
/proc/loadavg: 38.05 35.29 28.96 30/2801 18
/proc/meminfo: memFree=500815948/527542256 swapFree=33529852/33554428
[pid=16] ppid=13 vsize=17684 memory=12436 CPUtime=0.03 cores=56-69,168-181
/proc/16/stat : 16 (python3) S 13 16 0 0 -1 4194304 1894 0 96 0 3 0 0 0 20 0 1 0 53460205 18108416 3109 67087892480 4194304 7154137 140723755098400 0 0 0 0 16781312 2 1 0 0 17 180 0 0 8 0 0 9727432 11029816 35586048 140723755105079 140723755105197 140723755105197 140723755106279 0
/proc/16/statm: 4421 3109 1515 723 0 2063 0
[pid=18] ppid=16 vsize=8524 memory=5548 CPUtime=0.04 cores=56-69,168-181
/proc/18/stat : 18 (bn4rust) R 16 16 0 0 -1 4194304 792 0 18 0 4 0 0 0 20 0 1 0 53460219 8728576 1387 67087892480 93949443182592 93949445049713 140729502469968 0 0 0 0 4096 1088 0 0 0 17 56 0 0 1 0 0 93949445307776 93949445354712 93949466976256 140729502472954 140729502473110 140729502473110 140729502474209 0
/proc/18/statm: 2131 1387 1118 456 0 292 0
Current children cumulated CPU time: 0.07 s
Current children cumulated vsize: 26208 KiB
Current children cumulated memory: 17984 KiB

[startup+0.300531 s]*
/proc/loadavg: 38.05 35.29 28.96 32/2801 18
/proc/meminfo: memFree=500805772/527542256 swapFree=33529852/33554428
[pid=16] ppid=13 vsize=17684 memory=12436 CPUtime=0.03 cores=56-69,168-181
/proc/16/stat : 16 (python3) S 13 16 0 0 -1 4194304 1894 0 96 0 3 0 0 0 20 0 1 0 53460205 18108416 3109 67087892480 4194304 7154137 140723755098400 0 0 0 0 16781312 2 1 0 0 17 180 0 0 8 0 0 9727432 11029816 35586048 140723755105079 140723755105197 140723755105197 140723755106279 0
/proc/16/statm: 4421 3109 1515 723 0 2063 0
[pid=18] ppid=16 vsize=8968 memory=5700 CPUtime=0.14 cores=56-69,168-181
/proc/18/stat : 18 (bn4rust) R 16 16 0 0 -1 4194304 1532 0 18 0 14 0 0 0 20 0 1 0 53460219 9183232 1425 67087892480 93949443182592 93949445049713 140729502469968 0 0 0 0 4096 1088 0 0 0 17 56 0 0 1 0 0 93949445307776 93949445354712 93949466976256 140729502472954 140729502473110 140729502473110 140729502474209 0
/proc/18/statm: 2242 1425 1118 456 0 403 0
Current children cumulated CPU time: 0.17 s
Current children cumulated vsize: 26652 KiB
Current children cumulated memory: 18136 KiB

[startup+0.700234 s]
/proc/loadavg: 38.05 35.29 28.96 31/2804 18
/proc/meminfo: memFree=500916220/527542256 swapFree=33529852/33554428
[pid=16] ppid=13 vsize=17684 memory=12436 CPUtime=0.03 cores=56-69,168-181
/proc/16/stat : 16 (python3) S 13 16 0 0 -1 4194304 1894 0 96 0 3 0 0 0 20 0 1 0 53460205 18108416 3109 67087892480 4194304 7154137 140723755098400 0 0 0 0 16781312 2 1 0 0 17 180 0 0 8 0 0 9727432 11029816 35586048 140723755105079 140723755105197 140723755105197 140723755106279 0
/proc/16/statm: 4421 3109 1515 723 0 2063 0
[pid=18] ppid=16 vsize=10264 memory=6900 CPUtime=0.53 cores=56-69,168-181
/proc/18/stat : 18 (bn4rust) R 16 16 0 0 -1 4194304 4005 0 18 0 53 0 0 0 20 0 1 0 53460219 10510336 1725 67087892480 93949443182592 93949445049713 140729502469968 0 0 0 0 4096 1088 0 0 0 17 168 0 0 1 0 0 93949445307776 93949445354712 93949466976256 140729502472954 140729502473110 140729502473110 140729502474209 0
/proc/18/statm: 2566 1725 1118 456 0 727 0
Current children cumulated CPU time: 0.56 s
Current children cumulated vsize: 27948 KiB
Current children cumulated memory: 19336 KiB

[startup+1.50025 s]
/proc/loadavg: 38.05 35.29 28.96 32/2813 18
/proc/meminfo: memFree=500456948/527542256 swapFree=33529852/33554428
[pid=16] ppid=13 vsize=17684 memory=12436 CPUtime=0.03 cores=56-69,168-181
/proc/16/stat : 16 (python3) S 13 16 0 0 -1 4194304 1894 0 96 0 3 0 0 0 20 0 1 0 53460205 18108416 3109 67087892480 4194304 7154137 140723755098400 0 0 0 0 16781312 2 1 0 0 17 180 0 0 8 0 0 9727432 11029816 35586048 140723755105079 140723755105197 140723755105197 140723755106279 0
/proc/16/statm: 4421 3109 1515 723 0 2063 0
[pid=18] ppid=16 vsize=14808 memory=11532 CPUtime=1.33 cores=56-69,168-181
/proc/18/stat : 18 (bn4rust) R 16 16 0 0 -1 4194304 14568 0 18 0 132 1 0 0 20 0 1 0 53460219 15163392 2883 67087892480 93949443182592 93949445049713 140729502469968 0 0 0 0 4096 1088 0 0 0 17 168 0 0 1 0 0 93949445307776 93949445354712 93949466976256 140729502472954 140729502473110 140729502473110 140729502474209 0
/proc/18/statm: 3702 2883 1118 456 0 1863 0
Current children cumulated CPU time: 1.36 s
Current children cumulated vsize: 32492 KiB
Current children cumulated memory: 23968 KiB

[startup+3.10048 s]
/proc/loadavg: 38.05 35.29 28.96 30/2821 18
/proc/meminfo: memFree=501210508/527542256 swapFree=33529852/33554428
[pid=16] ppid=13 vsize=17684 memory=12436 CPUtime=0.03 cores=56-69,168-181
/proc/16/stat : 16 (python3) S 13 16 0 0 -1 4194304 1894 0 96 0 3 0 0 0 20 0 1 0 53460205 18108416 3109 67087892480 4194304 7154137 140723755098400 0 0 0 0 16781312 2 1 0 0 17 180 0 0 8 0 0 9727432 11029816 35586048 140723755105079 140723755105197 140723755105197 140723755106279 0
/proc/16/statm: 4421 3109 1515 723 0 2063 0
[pid=18] ppid=16 vsize=16056 memory=12932 CPUtime=2.92 cores=56-69,168-181
/proc/18/stat : 18 (bn4rust) R 16 16 0 0 -1 4194304 27314 0 18 0 289 3 0 0 20 0 1 0 53460219 16441344 3233 67087892480 93949443182592 93949445049713 140729502469968 0 0 0 0 4096 1088 0 0 0 17 168 0 0 1 0 0 93949445307776 93949445354712 93949466976256 140729502472954 140729502473110 140729502473110 140729502474209 0
/proc/18/statm: 4014 3233 1118 456 0 2175 0
Current children cumulated CPU time: 2.95 s
Current children cumulated vsize: 33740 KiB
Current children cumulated memory: 25368 KiB

[startup+6.30026 s]
/proc/loadavg: 37.64 35.25 28.99 30/2807 18
/proc/meminfo: memFree=501044884/527542256 swapFree=33529852/33554428
[pid=16] ppid=13 vsize=17684 memory=12436 CPUtime=0.03 cores=56-69,168-181
/proc/16/stat : 16 (python3) S 13 16 0 0 -1 4194304 1894 0 96 0 3 0 0 0 20 0 1 0 53460205 18108416 3109 67087892480 4194304 7154137 140723755098400 0 0 0 0 16781312 2 1 0 0 17 180 0 0 8 0 0 9727432 11029816 35586048 140723755105079 140723755105197 140723755105197 140723755106279 0
/proc/16/statm: 4421 3109 1515 723 0 2063 0
[pid=18] ppid=16 vsize=23352 memory=19800 CPUtime=6.11 cores=56-69,168-181
/proc/18/stat : 18 (bn4rust) R 16 16 0 0 -1 4194304 44293 0 18 0 605 6 0 0 20 0 1 0 53460219 23912448 4950 67087892480 93949443182592 93949445049713 140729502469968 0 0 0 0 4096 1088 0 0 0 17 168 0 0 1 0 0 93949445307776 93949445354712 93949466976256 140729502472954 140729502473110 140729502473110 140729502474209 0
/proc/18/statm: 5838 4950 1118 456 0 3999 0
Current children cumulated CPU time: 6.14 s
Current children cumulated vsize: 41036 KiB
Current children cumulated memory: 32236 KiB

[startup+12.7003 s]
/proc/loadavg: 37.03 35.16 28.99 15/2804 18
/proc/meminfo: memFree=500807228/527542256 swapFree=33529852/33554428
[pid=16] ppid=13 vsize=17684 memory=12436 CPUtime=0.03 cores=56-69,168-181
/proc/16/stat : 16 (python3) S 13 16 0 0 -1 4194304 1894 0 96 0 3 0 0 0 20 0 1 0 53460205 18108416 3109 67087892480 4194304 7154137 140723755098400 0 0 0 0 16781312 2 1 0 0 17 180 0 0 8 0 0 9727432 11029816 35586048 140723755105079 140723755105197 140723755105197 140723755106279 0
/proc/16/statm: 4421 3109 1515 723 0 2063 0
[pid=18] ppid=16 vsize=51180 memory=47880 CPUtime=12.49 cores=56-69,168-181
/proc/18/stat : 18 (bn4rust) R 16 16 0 0 -1 4194304 66063 0 18 0 1239 10 0 0 20 0 1 0 53460219 52408320 11970 67087892480 93949443182592 93949445049713 140729502469968 0 0 0 0 4096 1088 0 0 0 17 168 0 0 1 0 0 93949445307776 93949445354712 93949466976256 140729502472954 140729502473110 140729502473110 140729502474209 0
/proc/18/statm: 12795 11970 1118 456 0 10956 0
Current children cumulated CPU time: 12.52 s
Current children cumulated vsize: 68864 KiB
Current children cumulated memory: 60316 KiB

[startup+25.5003 s]
/proc/loadavg: 34.93 34.79 28.97 32/2845 18
/proc/meminfo: memFree=500107720/527542256 swapFree=33529852/33554428
[pid=16] ppid=13 vsize=17684 memory=12436 CPUtime=0.03 cores=56-69,168-181
/proc/16/stat : 16 (python3) S 13 16 0 0 -1 4194304 1894 0 96 0 3 0 0 0 20 0 1 0 53460205 18108416 3109 67087892480 4194304 7154137 140723755098400 0 0 0 0 16781312 2 1 0 0 17 180 0 0 8 0 0 9727432 11029816 35586048 140723755105079 140723755105197 140723755105197 140723755106279 0
/proc/16/statm: 4421 3109 1515 723 0 2063 0
[pid=18] ppid=16 vsize=60248 memory=57144 CPUtime=25.24 cores=56-69,168-181
/proc/18/stat : 18 (bn4rust) R 16 16 0 0 -1 4194304 90556 0 18 0 2507 17 0 0 20 0 1 0 53460219 61693952 14286 67087892480 93949443182592 93949445049713 140729502469968 0 0 0 0 4096 1088 0 0 0 17 168 0 0 1 0 0 93949445307776 93949445354712 93949466976256 140729502472954 140729502473110 140729502473110 140729502474209 0
/proc/18/statm: 15062 14286 1118 456 0 13223 0
Current children cumulated CPU time: 25.27 s
Current children cumulated vsize: 77932 KiB
Current children cumulated memory: 69580 KiB

[startup+51.1005 s]
/proc/loadavg: 33.76 34.53 29.04 31/2841 18
/proc/meminfo: memFree=500506576/527542256 swapFree=33529852/33554428
[pid=16] ppid=13 vsize=17684 memory=12436 CPUtime=0.03 cores=56-69,168-181
/proc/16/stat : 16 (python3) S 13 16 0 0 -1 4194304 1894 0 96 0 3 0 0 0 20 0 1 0 53460205 18108416 3109 67087892480 4194304 7154137 140723755098400 0 0 0 0 16781312 2 1 0 0 17 180 0 0 8 0 0 9727432 11029816 35586048 140723755105079 140723755105197 140723755105197 140723755106279 0
/proc/16/statm: 4421 3109 1515 723 0 2063 0
[pid=18] ppid=16 vsize=83172 memory=79872 CPUtime=50.75 cores=56-69,168-181
/proc/18/stat : 18 (bn4rust) R 16 16 0 0 -1 4194304 129757 0 18 0 5045 30 0 0 20 0 1 0 53460219 85168128 19968 67087892480 93949443182592 93949445049713 140729502469968 0 0 0 0 4096 1088 0 0 0 17 168 0 0 1 0 0 93949445307776 93949445354712 93949466976256 140729502472954 140729502473110 140729502473110 140729502474209 0
/proc/18/statm: 20793 19968 1118 456 0 18954 0
Current children cumulated CPU time: 50.78 s
Current children cumulated vsize: 100856 KiB
Current children cumulated memory: 92308 KiB

[startup+102.3 s]
/proc/loadavg: 17.65 30.04 27.80 6/2758 18
/proc/meminfo: memFree=506470600/527542256 swapFree=33529852/33554428
[pid=16] ppid=13 vsize=17684 memory=12436 CPUtime=0.03 cores=56-69,168-181
/proc/16/stat : 16 (python3) S 13 16 0 0 -1 4194304 1894 0 96 0 3 0 0 0 20 0 1 0 53460205 18108416 3109 67087892480 4194304 7154137 140723755098400 0 0 0 0 16781312 2 1 0 0 17 180 0 0 8 0 0 9727432 11029816 35586048 140723755105079 140723755105197 140723755105197 140723755106279 0
/proc/16/statm: 4421 3109 1515 723 0 2063 0
[pid=18] ppid=16 vsize=168536 memory=143076 CPUtime=101.78 cores=56-69,168-181
/proc/18/stat : 18 (bn4rust) R 16 16 0 0 -1 4194304 219244 0 18 0 10102 76 0 0 20 0 1 0 53460219 172580864 35769 67087892480 93949443182592 93949445049713 140729502469968 0 0 0 0 4096 1088 0 0 0 17 168 0 0 1 0 0 93949445307776 93949445354712 93949466976256 140729502472954 140729502473110 140729502473110 140729502474209 0
/proc/18/statm: 42134 35769 1118 456 0 40295 0
Current children cumulated CPU time: 101.81 s
Current children cumulated vsize: 186220 KiB
Current children cumulated memory: 155512 KiB

[startup+162.3 s]
/proc/loadavg: 9.65 25.48 26.37 6/2754 18
/proc/meminfo: memFree=505984372/527542256 swapFree=33529852/33554428
[pid=16] ppid=13 vsize=17684 memory=12436 CPUtime=0.03 cores=56-69,168-181
/proc/16/stat : 16 (python3) S 13 16 0 0 -1 4194304 1894 0 96 0 3 0 0 0 20 0 1 0 53460205 18108416 3109 67087892480 4194304 7154137 140723755098400 0 0 0 0 16781312 2 1 0 0 17 180 0 0 8 0 0 9727432 11029816 35586048 140723755105079 140723755105197 140723755105197 140723755106279 0
/proc/16/statm: 4421 3109 1515 723 0 2063 0
[pid=18] ppid=16 vsize=74836 memory=71668 CPUtime=161.6 cores=56-69,168-181
/proc/18/stat : 18 (bn4rust) R 16 16 0 0 -1 4194304 308752 0 18 0 16028 132 0 0 20 0 1 0 53460219 76632064 17917 67087892480 93949443182592 93949445049713 140729502469968 0 0 0 0 4096 1088 0 0 0 17 168 0 0 1 0 0 93949445307776 93949445354712 93949466976256 140729502472954 140729502473110 140729502473110 140729502474209 0
/proc/18/statm: 18709 17917 1118 456 0 16870 0
Current children cumulated CPU time: 161.63 s
Current children cumulated vsize: 92520 KiB
Current children cumulated memory: 84104 KiB

[startup+222.3 s]
/proc/loadavg: 6.70 21.75 25.03 6/2754 18
/proc/meminfo: memFree=506683772/527542256 swapFree=33529852/33554428
[pid=16] ppid=13 vsize=17684 memory=12436 CPUtime=0.03 cores=56-69,168-181
/proc/16/stat : 16 (python3) S 13 16 0 0 -1 4194304 1894 0 96 0 3 0 0 0 20 0 1 0 53460205 18108416 3109 67087892480 4194304 7154137 140723755098400 0 0 0 0 16781312 2 1 0 0 17 180 0 0 8 0 0 9727432 11029816 35586048 140723755105079 140723755105197 140723755105197 140723755106279 0
/proc/16/statm: 4421 3109 1515 723 0 2063 0
[pid=18] ppid=16 vsize=131156 memory=125744 CPUtime=221.41 cores=56-69,168-181
/proc/18/stat : 18 (bn4rust) R 16 16 0 0 -1 4194304 401620 0 18 0 21939 202 0 0 20 0 1 0 53460219 134303744 31436 67087892480 93949443182592 93949445049713 140729502469968 0 0 0 0 4096 1088 0 0 0 17 168 0 0 1 0 0 93949445307776 93949445354712 93949466976256 140729502472954 140729502473110 140729502473110 140729502474209 0
/proc/18/statm: 32789 31436 1118 456 0 30950 0
Current children cumulated CPU time: 221.44 s
Current children cumulated vsize: 148840 KiB
Current children cumulated memory: 138180 KiB

[startup+282.3 s]
/proc/loadavg: 5.62 18.70 23.77 6/2752 18
/proc/meminfo: memFree=506856628/527542256 swapFree=33529852/33554428
[pid=16] ppid=13 vsize=17684 memory=12436 CPUtime=0.03 cores=56-69,168-181
/proc/16/stat : 16 (python3) S 13 16 0 0 -1 4194304 1894 0 96 0 3 0 0 0 20 0 1 0 53460205 18108416 3109 67087892480 4194304 7154137 140723755098400 0 0 0 0 16781312 2 1 0 0 17 180 0 0 8 0 0 9727432 11029816 35586048 140723755105079 140723755105197 140723755105197 140723755106279 0
/proc/16/statm: 4421 3109 1515 723 0 2063 0
[pid=18] ppid=16 vsize=281568 memory=255576 CPUtime=281.22 cores=56-69,168-181
/proc/18/stat : 18 (bn4rust) R 16 16 0 0 -1 4194304 498427 0 18 0 27838 284 0 0 20 0 1 0 53460219 288325632 63894 67087892480 93949443182592 93949445049713 140729502469968 0 0 0 0 4096 1088 0 0 0 17 168 0 0 1 0 0 93949445307776 93949445354712 93949466976256 140729502472954 140729502473110 140729502473110 140729502474209 0
/proc/18/statm: 70392 63894 1118 456 0 68553 0
Current children cumulated CPU time: 281.25 s
Current children cumulated vsize: 299252 KiB
Current children cumulated memory: 268012 KiB

[startup+342.3 s]
/proc/loadavg: 5.27 16.22 22.60 6/2747 18
/proc/meminfo: memFree=505785192/527542256 swapFree=33529852/33554428
[pid=16] ppid=13 vsize=17684 memory=12436 CPUtime=0.03 cores=56-69,168-181
/proc/16/stat : 16 (python3) S 13 16 0 0 -1 4194304 1894 0 96 0 3 0 0 0 20 0 1 0 53460205 18108416 3109 67087892480 4194304 7154137 140723755098400 0 0 0 0 16781312 2 1 0 0 17 180 0 0 8 0 0 9727432 11029816 35586048 140723755105079 140723755105197 140723755105197 140723755106279 0
/proc/16/statm: 4421 3109 1515 723 0 2063 0
[pid=18] ppid=16 vsize=210280 memory=201332 CPUtime=341.04 cores=56-69,168-181
/proc/18/stat : 18 (bn4rust) R 16 16 0 0 -1 4194304 595819 0 18 0 33721 383 0 0 20 0 1 0 53460219 215326720 50333 67087892480 93949443182592 93949445049713 140729502469968 0 0 0 0 4096 1088 0 0 0 17 168 0 0 1 0 0 93949445307776 93949445354712 93949466976256 140729502472954 140729502473110 140729502473110 140729502474209 0
/proc/18/statm: 52570 50333 1118 456 0 50731 0
Current children cumulated CPU time: 341.07 s
Current children cumulated vsize: 227964 KiB
Current children cumulated memory: 213768 KiB

[startup+402.3 s]
/proc/loadavg: 5.10 14.17 21.50 6/2746 18
/proc/meminfo: memFree=505510256/527542256 swapFree=33529852/33554428
[pid=16] ppid=13 vsize=17684 memory=12436 CPUtime=0.03 cores=56-69,168-181
/proc/16/stat : 16 (python3) S 13 16 0 0 -1 4194304 1894 0 96 0 3 0 0 0 20 0 1 0 53460205 18108416 3109 67087892480 4194304 7154137 140723755098400 0 0 0 0 16781312 2 1 0 0 17 180 0 0 8 0 0 9727432 11029816 35586048 140723755105079 140723755105197 140723755105197 140723755106279 0
/proc/16/statm: 4421 3109 1515 723 0 2063 0
[pid=18] ppid=16 vsize=186452 memory=177012 CPUtime=400.85 cores=56-69,168-181
/proc/18/stat : 18 (bn4rust) R 16 16 0 0 -1 4194304 687130 0 18 0 39612 473 0 0 20 0 1 0 53460219 190926848 44253 67087892480 93949443182592 93949445049713 140729502469968 0 0 0 0 4096 1088 0 0 0 17 168 0 0 1 0 0 93949445307776 93949445354712 93949466976256 140729502472954 140729502473110 140729502473110 140729502474209 0
/proc/18/statm: 46613 44253 1118 456 0 44774 0
Current children cumulated CPU time: 400.88 s
Current children cumulated vsize: 204136 KiB
Current children cumulated memory: 189448 KiB

[startup+462.3 s]
/proc/loadavg: 4.47 12.35 20.41 5/2705 18
/proc/meminfo: memFree=509240244/527542256 swapFree=33529852/33554428
[pid=16] ppid=13 vsize=17684 memory=12436 CPUtime=0.03 cores=56-69,168-181
/proc/16/stat : 16 (python3) S 13 16 0 0 -1 4194304 1895 0 96 0 3 0 0 0 20 0 1 0 53460205 18108416 3109 67087892480 4194304 7154137 140723755098400 0 0 0 0 16781312 2 1 0 0 17 180 0 0 8 0 0 9727432 11029816 35586048 140723755105079 140723755105197 140723755105197 140723755106279 0
/proc/16/statm: 4421 3109 1515 723 0 2063 0
[pid=18] ppid=16 vsize=162808 memory=159680 CPUtime=460.68 cores=56-69,168-181
/proc/18/stat : 18 (bn4rust) R 16 16 0 0 -1 4194304 782396 0 18 0 45495 573 0 0 20 0 1 0 53460219 166715392 39920 67087892480 93949443182592 93949445049713 140729502469968 0 0 0 0 4096 1088 0 0 0 17 168 0 0 1 0 0 93949445307776 93949445354712 93949466976256 140729502472954 140729502473110 140729502473110 140729502474209 0
/proc/18/statm: 40702 39920 1118 456 0 38863 0
Current children cumulated CPU time: 460.71 s
Current children cumulated vsize: 180492 KiB
Current children cumulated memory: 172116 KiB

[startup+522.3 s]
/proc/loadavg: 4.29 10.86 19.39 5/2705 18
/proc/meminfo: memFree=509401028/527542256 swapFree=33529852/33554428
[pid=16] ppid=13 vsize=17684 memory=12436 CPUtime=0.03 cores=56-69,168-181
/proc/16/stat : 16 (python3) S 13 16 0 0 -1 4194304 1895 0 96 0 3 0 0 0 20 0 1 0 53460205 18108416 3109 67087892480 4194304 7154137 140723755098400 0 0 0 0 16781312 2 1 0 0 17 180 0 0 8 0 0 9727432 11029816 35586048 140723755105079 140723755105197 140723755105197 140723755106279 0
/proc/16/statm: 4421 3109 1515 723 0 2063 0
[pid=18] ppid=16 vsize=251996 memory=246344 CPUtime=520.5 cores=56-69,168-181
/proc/18/stat : 18 (bn4rust) R 16 16 0 0 -1 4194304 883150 0 18 0 51369 681 0 0 20 0 1 0 53460219 258043904 61586 67087892480 93949443182592 93949445049713 140729502469968 0 0 0 0 4096 1088 0 0 0 17 168 0 0 1 0 0 93949445307776 93949445354712 93949466976256 140729502472954 140729502473110 140729502473110 140729502474209 0
/proc/18/statm: 62999 61586 1118 456 0 61160 0
Current children cumulated CPU time: 520.53 s
Current children cumulated vsize: 269680 KiB
Current children cumulated memory: 258780 KiB

[startup+582.3 s]
/proc/loadavg: 4.10 9.60 18.42 5/2705 18
/proc/meminfo: memFree=508640488/527542256 swapFree=33529852/33554428
[pid=16] ppid=13 vsize=17684 memory=12436 CPUtime=0.03 cores=56-69,168-181
/proc/16/stat : 16 (python3) S 13 16 0 0 -1 4194304 1895 0 96 0 3 0 0 0 20 0 1 0 53460205 18108416 3109 67087892480 4194304 7154137 140723755098400 0 0 0 0 16781312 2 1 0 0 17 180 0 0 8 0 0 9727432 11029816 35586048 140723755105079 140723755105197 140723755105197 140723755106279 0
/proc/16/statm: 4421 3109 1515 723 0 2063 0
[pid=18] ppid=16 vsize=619780 memory=457312 CPUtime=580.33 cores=56-69,168-181
/proc/18/stat : 18 (bn4rust) R 16 16 0 0 -1 4194304 975379 0 18 0 57249 784 0 0 20 0 1 0 53460219 634654720 114328 67087892480 93949443182592 93949445049713 140729502469968 0 0 0 0 4096 1088 0 0 0 17 168 0 0 1 0 0 93949445307776 93949445354712 93949466976256 140729502472954 140729502473110 140729502473110 140729502474209 0
/proc/18/statm: 154945 114328 1118 456 0 153106 0
Current children cumulated CPU time: 580.36 s
Current children cumulated vsize: 637464 KiB
Current children cumulated memory: 469748 KiB

[startup+642.3 s]
/proc/loadavg: 4.04 8.58 17.52 5/2702 18
/proc/meminfo: memFree=508661444/527542256 swapFree=33529852/33554428
[pid=16] ppid=13 vsize=17684 memory=12436 CPUtime=0.03 cores=56-69,168-181
/proc/16/stat : 16 (python3) S 13 16 0 0 -1 4194304 1895 0 96 0 3 0 0 0 20 0 1 0 53460205 18108416 3109 67087892480 4194304 7154137 140723755098400 0 0 0 0 16781312 2 1 0 0 17 180 0 0 8 0 0 9727432 11029816 35586048 140723755105079 140723755105197 140723755105197 140723755106279 0
/proc/16/statm: 4421 3109 1515 723 0 2063 0
[pid=18] ppid=16 vsize=372836 memory=340568 CPUtime=640.15 cores=56-69,168-181
/proc/18/stat : 18 (bn4rust) R 16 16 0 0 -1 4194304 1062210 0 18 0 63132 883 0 0 20 0 1 0 53460219 381784064 85142 67087892480 93949443182592 93949445049713 140729502469968 0 0 0 0 4096 1088 0 0 0 17 168 0 0 1 0 0 93949445307776 93949445354712 93949466976256 140729502472954 140729502473110 140729502473110 140729502474209 0
/proc/18/statm: 93209 85142 1118 456 0 91370 0
Current children cumulated CPU time: 640.18 s
Current children cumulated vsize: 390520 KiB
Current children cumulated memory: 353004 KiB

[startup+702.3 s]
/proc/loadavg: 4.01 7.75 16.67 5/2705 18
/proc/meminfo: memFree=509123060/527542256 swapFree=33529852/33554428
[pid=16] ppid=13 vsize=17684 memory=12860 CPUtime=0.03 cores=56-69,168-181
/proc/16/stat : 16 (python3) S 13 16 0 0 -1 4194304 1895 0 96 0 3 0 0 0 20 0 1 0 53460205 18108416 3215 67087892480 4194304 7154137 140723755098400 0 0 0 0 16781312 2 1 0 0 17 180 0 0 8 0 0 9727432 11029816 35586048 140723755105079 140723755105197 140723755105197 140723755106279 0
/proc/16/statm: 4421 3215 1515 723 0 2063 0
[pid=18] ppid=16 vsize=139332 memory=131836 CPUtime=699.98 cores=56-69,168-181
/proc/18/stat : 18 (bn4rust) R 16 16 0 0 -1 4194304 1148015 0 18 0 68998 1000 0 0 20 0 1 0 53460219 142675968 32959 67087892480 93949443182592 93949445049713 140729502469968 0 0 0 0 4096 1088 0 0 0 17 168 0 0 1 0 0 93949445307776 93949445354712 93949466976256 140729502472954 140729502473110 140729502473110 140729502474209 0
/proc/18/statm: 34833 32959 1118 456 0 32994 0
Current children cumulated CPU time: 700.01 s
Current children cumulated vsize: 157016 KiB
Current children cumulated memory: 144696 KiB

[startup+762.3 s]
/proc/loadavg: 4.00 7.06 15.87 5/2699 18
/proc/meminfo: memFree=508889732/527542256 swapFree=33529852/33554428
[pid=16] ppid=13 vsize=17684 memory=12860 CPUtime=0.03 cores=56-69,168-181
/proc/16/stat : 16 (python3) S 13 16 0 0 -1 4194304 1895 0 96 0 3 0 0 0 20 0 1 0 53460205 18108416 3215 67087892480 4194304 7154137 140723755098400 0 0 0 0 16781312 2 1 0 0 17 180 0 0 8 0 0 9727432 11029816 35586048 140723755105079 140723755105197 140723755105197 140723755106279 0
/proc/16/statm: 4421 3215 1515 723 0 2063 0
[pid=18] ppid=16 vsize=357736 memory=354632 CPUtime=759.8 cores=56-69,168-181
/proc/18/stat : 18 (bn4rust) R 16 16 0 0 -1 4194304 1199237 0 18 0 74882 1098 0 0 20 0 1 0 53460219 366321664 88658 67087892480 93949443182592 93949445049713 140729502469968 0 0 0 0 4096 1088 0 0 0 17 168 0 0 1 0 0 93949445307776 93949445354712 93949466976256 140729502472954 140729502473110 140729502473110 140729502474209 0
/proc/18/statm: 89434 88658 1118 456 0 87595 0
Current children cumulated CPU time: 759.83 s
Current children cumulated vsize: 375420 KiB
Current children cumulated memory: 367492 KiB

[startup+822.3 s]
/proc/loadavg: 4.05 6.52 15.13 5/2698 18
/proc/meminfo: memFree=507617468/527542256 swapFree=33529852/33554428
[pid=16] ppid=13 vsize=17684 memory=12860 CPUtime=0.03 cores=56-69,168-181
/proc/16/stat : 16 (python3) S 13 16 0 0 -1 4194304 1895 0 96 0 3 0 0 0 20 0 1 0 53460205 18108416 3215 67087892480 4194304 7154137 140723755098400 0 0 0 0 16781312 2 1 0 0 17 180 0 0 8 0 0 9727432 11029816 35586048 140723755105079 140723755105197 140723755105197 140723755106279 0
/proc/16/statm: 4421 3215 1515 723 0 2063 0
[pid=18] ppid=16 vsize=559048 memory=553540 CPUtime=819.64 cores=56-69,168-181
/proc/18/stat : 18 (bn4rust) R 16 16 0 0 -1 4194304 1258666 0 18 0 80784 1180 0 0 20 0 1 0 53460219 572465152 138385 67087892480 93949443182592 93949445049713 140729502469968 0 0 0 0 4096 1088 0 0 0 17 168 0 0 1 0 0 93949445307776 93949445354712 93949466976256 140729502472954 140729502473110 140729502473110 140729502474209 0
/proc/18/statm: 139762 138385 1118 456 0 137923 0
Current children cumulated CPU time: 819.67 s
Current children cumulated vsize: 576732 KiB
Current children cumulated memory: 566400 KiB

[startup+882.3 s]
/proc/loadavg: 4.02 6.05 14.43 5/2698 18
/proc/meminfo: memFree=509087832/527542256 swapFree=33529852/33554428
[pid=16] ppid=13 vsize=17684 memory=12860 CPUtime=0.03 cores=56-69,168-181
/proc/16/stat : 16 (python3) S 13 16 0 0 -1 4194304 1895 0 96 0 3 0 0 0 20 0 1 0 53460205 18108416 3215 67087892480 4194304 7154137 140723755098400 0 0 0 0 16781312 2 1 0 0 17 180 0 0 8 0 0 9727432 11029816 35586048 140723755105079 140723755105197 140723755105197 140723755106279 0
/proc/16/statm: 4421 3215 1515 723 0 2063 0
[pid=18] ppid=16 vsize=305092 memory=250676 CPUtime=879.48 cores=56-69,168-181
/proc/18/stat : 18 (bn4rust) R 16 16 0 0 -1 4194304 1340900 0 18 0 86640 1308 0 0 20 0 1 0 53460219 312414208 62669 67087892480 93949443182592 93949445049713 140729502469968 0 0 0 0 4096 1088 0 0 0 17 168 0 0 1 0 0 93949445307776 93949445354712 93949466976256 140729502472954 140729502473110 140729502473110 140729502474209 0
/proc/18/statm: 76273 62669 1118 456 0 74434 0
Current children cumulated CPU time: 879.51 s
Current children cumulated vsize: 322776 KiB
Current children cumulated memory: 263536 KiB

[startup+942.3 s]
/proc/loadavg: 4.00 5.68 13.78 5/2700 18
/proc/meminfo: memFree=508645252/527542256 swapFree=33529852/33554428
[pid=16] ppid=13 vsize=17684 memory=12860 CPUtime=0.03 cores=56-69,168-181
/proc/16/stat : 16 (python3) S 13 16 0 0 -1 4194304 1895 0 96 0 3 0 0 0 20 0 1 0 53460205 18108416 3215 67087892480 4194304 7154137 140723755098400 0 0 0 0 16781312 2 1 0 0 17 180 0 0 8 0 0 9727432 11029816 35586048 140723755105079 140723755105197 140723755105197 140723755106279 0
/proc/16/statm: 4421 3215 1515 723 0 2063 0
[pid=18] ppid=16 vsize=506464 memory=359188 CPUtime=939.32 cores=56-69,168-181
/proc/18/stat : 18 (bn4rust) R 16 16 0 0 -1 4194304 1424120 0 18 0 92528 1404 0 0 20 0 1 0 53460219 518619136 102535 67087892480 93949443182592 93949445049713 140729502469968 0 0 0 0 4096 1088 0 0 0 17 168 0 0 1 0 0 93949445307776 93949445354712 93949466976256 140729502472954 140729502473110 140729502473110 140729502474209 0
/proc/18/statm: 126616 99013 1118 456 0 124777 0
Current children cumulated CPU time: 939.35 s
Current children cumulated vsize: 524148 KiB
Current children cumulated memory: 372048 KiB

[startup+1002.3 s]
/proc/loadavg: 3.85 5.34 13.15 4/2664 18
/proc/meminfo: memFree=509593516/527542256 swapFree=33529852/33554428
[pid=16] ppid=13 vsize=17684 memory=12860 CPUtime=0.03 cores=56-69,168-181
/proc/16/stat : 16 (python3) S 13 16 0 0 -1 4194304 1895 0 96 0 3 0 0 0 20 0 1 0 53460205 18108416 3215 67087892480 4194304 7154137 140723755098400 0 0 0 0 16781312 2 1 0 0 17 180 0 0 8 0 0 9727432 11029816 35586048 140723755105079 140723755105197 140723755105197 140723755106279 0
/proc/16/statm: 4421 3215 1515 723 0 2063 0
[pid=18] ppid=16 vsize=272984 memory=256140 CPUtime=999.15 cores=56-69,168-181
/proc/18/stat : 18 (bn4rust) R 16 16 0 0 -1 4194304 1500614 0 18 0 98404 1511 0 0 20 0 1 0 53460219 279535616 64035 67087892480 93949443182592 93949445049713 140729502469968 0 0 0 0 4096 1088 0 0 0 17 168 0 0 1 0 0 93949445307776 93949445354712 93949466976256 140729502472954 140729502473110 140729502473110 140729502474209 0
/proc/18/statm: 68246 64035 1118 456 0 66407 0
Current children cumulated CPU time: 999.18 s
Current children cumulated vsize: 290668 KiB
Current children cumulated memory: 269000 KiB

[startup+1062.3 s]
/proc/loadavg: 3.34 4.92 12.52 4/2660 18
/proc/meminfo: memFree=509160120/527542256 swapFree=33529852/33554428
[pid=16] ppid=13 vsize=17684 memory=12860 CPUtime=0.03 cores=56-69,168-181
/proc/16/stat : 16 (python3) S 13 16 0 0 -1 4194304 1895 0 96 0 3 0 0 0 20 0 1 0 53460205 18108416 3215 67087892480 4194304 7154137 140723755098400 0 0 0 0 16781312 2 1 0 0 17 180 0 0 8 0 0 9727432 11029816 35586048 140723755105079 140723755105197 140723755105197 140723755106279 0
/proc/16/statm: 4421 3215 1515 723 0 2063 0
[pid=18] ppid=16 vsize=587352 memory=546544 CPUtime=1058.99 cores=56-69,168-181
/proc/18/stat : 18 (bn4rust) R 16 16 0 0 -1 4194304 1538238 0 18 0 104313 1586 0 0 20 0 1 0 53460219 601448448 136636 67087892480 93949443182592 93949445049713 140729502469968 0 0 0 0 4096 1088 0 0 0 17 168 0 0 1 0 0 93949445307776 93949445354712 93949466976256 140729502472954 140729502473110 140729502473110 140729502474209 0
/proc/18/statm: 146838 136636 1118 456 0 144999 0
Current children cumulated CPU time: 1059.02 s
Current children cumulated vsize: 605036 KiB
Current children cumulated memory: 559404 KiB

[startup+1122.3 s]
/proc/loadavg: 3.12 4.57 11.92 4/2659 18
/proc/meminfo: memFree=509518764/527542256 swapFree=33529852/33554428
[pid=16] ppid=13 vsize=17684 memory=12860 CPUtime=0.03 cores=56-69,168-181
/proc/16/stat : 16 (python3) S 13 16 0 0 -1 4194304 1895 0 96 0 3 0 0 0 20 0 1 0 53460205 18108416 3215 67087892480 4194304 7154137 140723755098400 0 0 0 0 16781312 2 1 0 0 17 180 0 0 8 0 0 9727432 11029816 35586048 140723755105079 140723755105197 140723755105197 140723755106279 0
/proc/16/statm: 4421 3215 1515 723 0 2063 0
[pid=18] ppid=16 vsize=245696 memory=242468 CPUtime=1118.83 cores=56-69,168-181
/proc/18/stat : 18 (bn4rust) R 16 16 0 0 -1 4194304 1590108 0 18 0 110201 1682 0 0 20 0 1 0 53460219 251592704 60617 67087892480 93949443182592 93949445049713 140729502469968 0 0 0 0 4096 1088 0 0 0 17 168 0 0 1 0 0 93949445307776 93949445354712 93949466976256 140729502472954 140729502473110 140729502473110 140729502474209 0
/proc/18/statm: 61424 60617 1118 456 0 59585 0
Current children cumulated CPU time: 1118.86 s
Current children cumulated vsize: 263380 KiB
Current children cumulated memory: 255328 KiB

[startup+1182.3 s]
/proc/loadavg: 3.04 4.28 11.36 4/2659 18
/proc/meminfo: memFree=510016364/527542256 swapFree=33529852/33554428
[pid=16] ppid=13 vsize=17684 memory=12860 CPUtime=0.03 cores=56-69,168-181
/proc/16/stat : 16 (python3) S 13 16 0 0 -1 4194304 1895 0 96 0 3 0 0 0 20 0 1 0 53460205 18108416 3215 67087892480 4194304 7154137 140723755098400 0 0 0 0 16781312 2 1 0 0 17 180 0 0 8 0 0 9727432 11029816 35586048 140723755105079 140723755105197 140723755105197 140723755106279 0
/proc/16/statm: 4421 3215 1515 723 0 2063 0
[pid=18] ppid=16 vsize=696420 memory=620972 CPUtime=1178.66 cores=56-69,168-181
/proc/18/stat : 18 (bn4rust) R 16 16 0 0 -1 4194304 1659145 0 18 0 116095 1771 0 0 20 0 1 0 53460219 713134080 155243 67087892480 93949443182592 93949445049713 140729502469968 0 0 0 0 4096 1088 0 0 0 17 168 0 0 1 0 0 93949445307776 93949445354712 93949466976256 140729502472954 140729502473110 140729502473110 140729502474209 0
/proc/18/statm: 174105 155243 1118 456 0 172266 0
Current children cumulated CPU time: 1178.69 s
Current children cumulated vsize: 714104 KiB
Current children cumulated memory: 633832 KiB

[startup+1242.3 s]
/proc/loadavg: 2.79 4.00 10.82 3/2623 18
/proc/meminfo: memFree=509837088/527542256 swapFree=33529852/33554428
[pid=16] ppid=13 vsize=17684 memory=12860 CPUtime=0.03 cores=56-69,168-181
/proc/16/stat : 16 (python3) S 13 16 0 0 -1 4194304 1895 0 96 0 3 0 0 0 20 0 1 0 53460205 18108416 3215 67087892480 4194304 7154137 140723755098400 0 0 0 0 16781312 2 1 0 0 17 180 0 0 8 0 0 9727432 11029816 35586048 140723755105079 140723755105197 140723755105197 140723755106279 0
/proc/16/statm: 4421 3215 1515 723 0 2063 0
[pid=18] ppid=16 vsize=493664 memory=467592 CPUtime=1238.51 cores=56-69,168-181
/proc/18/stat : 18 (bn4rust) R 16 16 0 0 -1 4194304 1762615 0 18 0 121939 1912 0 0 20 0 1 0 53460219 505511936 116898 67087892480 93949443182592 93949445049713 140729502469968 0 0 0 0 4096 1088 0 0 0 17 168 0 0 1 0 0 93949445307776 93949445354712 93949466976256 140729502472954 140729502473110 140729502473110 140729502474209 0
/proc/18/statm: 123416 116898 1118 456 0 121577 0
Current children cumulated CPU time: 1238.54 s
Current children cumulated vsize: 511348 KiB
Current children cumulated memory: 480452 KiB

[startup+1302.3 s]
/proc/loadavg: 2.29 3.63 10.26 3/2624 18
/proc/meminfo: memFree=510732432/527542256 swapFree=33529852/33554428
[pid=16] ppid=13 vsize=17684 memory=12860 CPUtime=0.03 cores=56-69,168-181
/proc/16/stat : 16 (python3) S 13 16 0 0 -1 4194304 1895 0 96 0 3 0 0 0 20 0 1 0 53460205 18108416 3215 67087892480 4194304 7154137 140723755098400 0 0 0 0 16781312 2 1 0 0 17 180 0 0 8 0 0 9727432 11029816 35586048 140723755105079 140723755105197 140723755105197 140723755106279 0
/proc/16/statm: 4421 3215 1515 723 0 2063 0
[pid=18] ppid=16 vsize=540768 memory=502324 CPUtime=1298.34 cores=56-69,168-181
/proc/18/stat : 18 (bn4rust) R 16 16 0 0 -1 4194304 1824666 0 18 0 127837 1997 0 0 20 0 1 0 53460219 553746432 125581 67087892480 93949443182592 93949445049713 140729502469968 0 0 0 0 4096 1088 0 0 0 17 168 0 0 1 0 0 93949445307776 93949445354712 93949466976256 140729502472954 140729502473110 140729502473110 140729502474209 0
/proc/18/statm: 135192 125581 1118 456 0 133353 0
Current children cumulated CPU time: 1298.37 s
Current children cumulated vsize: 558452 KiB
Current children cumulated memory: 515184 KiB

[startup+1362.3 s]
/proc/loadavg: 1.71 3.23 9.71 2/2587 18
/proc/meminfo: memFree=511971028/527542256 swapFree=33529852/33554428
[pid=16] ppid=13 vsize=17684 memory=12860 CPUtime=0.03 cores=56-69,168-181
/proc/16/stat : 16 (python3) S 13 16 0 0 -1 4194304 1895 0 96 0 3 0 0 0 20 0 1 0 53460205 18108416 3215 67087892480 4194304 7154137 140723755098400 0 0 0 0 16781312 2 1 0 0 17 180 0 0 8 0 0 9727432 11029816 35586048 140723755105079 140723755105197 140723755105197 140723755106279 0
/proc/16/statm: 4421 3215 1515 723 0 2063 0
[pid=18] ppid=16 vsize=421984 memory=400012 CPUtime=1358.17 cores=56-69,168-181
/proc/18/stat : 18 (bn4rust) R 16 16 0 0 -1 4194304 1867123 0 18 0 133715 2102 0 0 20 0 1 0 53460219 432111616 100003 67087892480 93949443182592 93949445049713 140729502469968 0 0 0 0 4096 1088 0 0 0 17 168 0 0 1 0 0 93949445307776 93949445354712 93949466976256 140729502472954 140729502473110 140729502473110 140729502474209 0
/proc/18/statm: 105496 100003 1118 456 0 103657 0
Current children cumulated CPU time: 1358.2 s
Current children cumulated vsize: 439668 KiB
Current children cumulated memory: 412872 KiB

[startup+1422.3 s]
/proc/loadavg: 1.26 2.82 9.16 2/2585 18
/proc/meminfo: memFree=512126668/527542256 swapFree=33529852/33554428
[pid=16] ppid=13 vsize=17684 memory=12860 CPUtime=0.03 cores=56-69,168-181
/proc/16/stat : 16 (python3) S 13 16 0 0 -1 4194304 1895 0 96 0 3 0 0 0 20 0 1 0 53460205 18108416 3215 67087892480 4194304 7154137 140723755098400 0 0 0 0 16781312 2 1 0 0 17 180 0 0 8 0 0 9727432 11029816 35586048 140723755105079 140723755105197 140723755105197 140723755106279 0
/proc/16/statm: 4421 3215 1515 723 0 2063 0
[pid=18] ppid=16 vsize=247464 memory=238024 CPUtime=1418 cores=56-69,168-181
/proc/18/stat : 18 (bn4rust) R 16 16 0 0 -1 4194304 1912833 0 18 0 139629 2171 0 0 20 0 1 0 53460219 253403136 59506 67087892480 93949443182592 93949445049713 140729502469968 0 0 0 0 4096 1088 0 0 0 17 168 0 0 1 0 0 93949445307776 93949445354712 93949466976256 140729502472954 140729502473110 140729502473110 140729502474209 0
/proc/18/statm: 61866 59506 1118 456 0 60027 0
Current children cumulated CPU time: 1418.03 s
Current children cumulated vsize: 265148 KiB
Current children cumulated memory: 250884 KiB

[startup+1482.3 s]
/proc/loadavg: 1.09 2.49 8.65 2/2584 18
/proc/meminfo: memFree=511898500/527542256 swapFree=33529852/33554428
[pid=16] ppid=13 vsize=17684 memory=12860 CPUtime=0.03 cores=56-69,168-181
/proc/16/stat : 16 (python3) S 13 16 0 0 -1 4194304 1895 0 96 0 3 0 0 0 20 0 1 0 53460205 18108416 3215 67087892480 4194304 7154137 140723755098400 0 0 0 0 16781312 2 1 0 0 17 180 0 0 8 0 0 9727432 11029816 35586048 140723755105079 140723755105197 140723755105197 140723755106279 0
/proc/16/statm: 4421 3215 1515 723 0 2063 0
[pid=18] ppid=16 vsize=556000 memory=475496 CPUtime=1477.84 cores=56-69,168-181
/proc/18/stat : 18 (bn4rust) R 16 16 0 0 -1 4194304 1992871 0 18 0 145492 2292 0 0 20 0 1 0 53460219 569344000 118874 67087892480 93949443182592 93949445049713 140729502469968 0 0 0 0 4096 1088 0 0 0 17 168 0 0 1 0 0 93949445307776 93949445354712 93949466976256 140729502472954 140729502473110 140729502473110 140729502474209 0
/proc/18/statm: 139000 118874 1118 456 0 137161 0
Current children cumulated CPU time: 1477.87 s
Current children cumulated vsize: 573684 KiB
Current children cumulated memory: 488356 KiB

[startup+1542.3 s]
/proc/loadavg: 1.03 2.22 8.17 2/2584 18
/proc/meminfo: memFree=512105056/527542256 swapFree=33529852/33554428
[pid=16] ppid=13 vsize=17684 memory=12860 CPUtime=0.03 cores=56-69,168-181
/proc/16/stat : 16 (python3) S 13 16 0 0 -1 4194304 1895 0 96 0 3 0 0 0 20 0 1 0 53460205 18108416 3215 67087892480 4194304 7154137 140723755098400 0 0 0 0 16781312 2 1 0 0 17 180 0 0 8 0 0 9727432 11029816 35586048 140723755105079 140723755105197 140723755105197 140723755106279 0
/proc/16/statm: 4421 3215 1515 723 0 2063 0
[pid=18] ppid=16 vsize=284768 memory=264728 CPUtime=1537.68 cores=56-69,168-181
/proc/18/stat : 18 (bn4rust) R 16 16 0 0 -1 4194304 2084838 0 18 0 151335 2433 0 0 20 0 1 0 53460219 291602432 66182 67087892480 93949443182592 93949445049713 140729502469968 0 0 0 0 4096 1088 0 0 0 17 168 0 0 1 0 0 93949445307776 93949445354712 93949466976256 140729502472954 140729502473110 140729502473110 140729502474209 0
/proc/18/statm: 71192 66182 1118 456 0 69353 0
Current children cumulated CPU time: 1537.71 s
Current children cumulated vsize: 302452 KiB
Current children cumulated memory: 277588 KiB

[startup+1602.3 s]
/proc/loadavg: 1.01 1.99 7.72 2/2583 18
/proc/meminfo: memFree=511842420/527542256 swapFree=33529852/33554428
[pid=16] ppid=13 vsize=17684 memory=12860 CPUtime=0.03 cores=56-69,168-181
/proc/16/stat : 16 (python3) S 13 16 0 0 -1 4194304 1895 0 96 0 3 0 0 0 20 0 1 0 53460205 18108416 3215 67087892480 4194304 7154137 140723755098400 0 0 0 0 16781312 2 1 0 0 17 180 0 0 8 0 0 9727432 11029816 35586048 140723755105079 140723755105197 140723755105197 140723755106279 0
/proc/16/statm: 4421 3215 1515 723 0 2063 0
[pid=18] ppid=16 vsize=555104 memory=526892 CPUtime=1597.51 cores=56-69,168-181
/proc/18/stat : 18 (bn4rust) R 16 16 0 0 -1 4194304 2200731 0 18 0 157209 2542 0 0 20 0 1 0 53460219 568426496 131723 67087892480 93949443182592 93949445049713 140729502469968 0 0 0 0 4096 1088 0 0 0 17 168 0 0 1 0 0 93949445307776 93949445354712 93949466976256 140729502472954 140729502473110 140729502473110 140729502474209 0
/proc/18/statm: 138776 131723 1118 456 0 136937 0
Current children cumulated CPU time: 1597.54 s
Current children cumulated vsize: 572788 KiB
Current children cumulated memory: 539752 KiB

[startup+1662.3 s]
/proc/loadavg: 1.05 1.82 7.30 2/2582 18
/proc/meminfo: memFree=511849236/527542256 swapFree=33529852/33554428
[pid=16] ppid=13 vsize=17684 memory=12860 CPUtime=0.03 cores=56-69,168-181
/proc/16/stat : 16 (python3) S 13 16 0 0 -1 4194304 1895 0 96 0 3 0 0 0 20 0 1 0 53460205 18108416 3215 67087892480 4194304 7154137 140723755098400 0 0 0 0 16781312 2 1 0 0 17 180 0 0 8 0 0 9727432 11029816 35586048 140723755105079 140723755105197 140723755105197 140723755106279 0
/proc/16/statm: 4421 3215 1515 723 0 2063 0
[pid=18] ppid=16 vsize=661600 memory=627340 CPUtime=1657.35 cores=56-69,168-181
/proc/18/stat : 18 (bn4rust) R 16 16 0 0 -1 4194304 2238770 0 18 0 163079 2656 0 0 20 0 1 0 53460219 677478400 156835 67087892480 93949443182592 93949445049713 140729502469968 0 0 0 0 4096 1088 0 0 0 17 168 0 0 1 0 0 93949445307776 93949445354712 93949466976256 140729502472954 140729502473110 140729502473110 140729502474209 0
/proc/18/statm: 165400 156835 1118 456 0 163561 0
Current children cumulated CPU time: 1657.38 s
Current children cumulated vsize: 679284 KiB
Current children cumulated memory: 640200 KiB

[startup+1722.3 s]
/proc/loadavg: 1.02 1.67 6.90 2/2581 18
/proc/meminfo: memFree=511998236/527542256 swapFree=33529852/33554428
[pid=16] ppid=13 vsize=17684 memory=12860 CPUtime=0.03 cores=56-69,168-181
/proc/16/stat : 16 (python3) S 13 16 0 0 -1 4194304 1895 0 96 0 3 0 0 0 20 0 1 0 53460205 18108416 3215 67087892480 4194304 7154137 140723755098400 0 0 0 0 16781312 2 1 0 0 17 180 0 0 8 0 0 9727432 11029816 35586048 140723755105079 140723755105197 140723755105197 140723755106279 0
/proc/16/statm: 4421 3215 1515 723 0 2063 0
[pid=18] ppid=16 vsize=308440 memory=264836 CPUtime=1717.19 cores=56-69,168-181
/proc/18/stat : 18 (bn4rust) R 16 16 0 0 -1 4194304 2289784 0 18 0 168952 2767 0 0 20 0 1 0 53460219 315842560 66209 67087892480 93949443182592 93949445049713 140729502469968 0 0 0 0 4096 1088 0 0 0 17 168 0 0 1 0 0 93949445307776 93949445354712 93949466976256 140729502472954 140729502473110 140729502473110 140729502474209 0
/proc/18/statm: 77110 66209 1118 456 0 75271 0
Current children cumulated CPU time: 1717.22 s
Current children cumulated vsize: 326124 KiB
Current children cumulated memory: 277696 KiB

[startup+1782.3 s]
/proc/loadavg: 1.00 1.55 6.53 2/2581 18
/proc/meminfo: memFree=511872492/527542256 swapFree=33529852/33554428
[pid=16] ppid=13 vsize=17684 memory=12860 CPUtime=0.03 cores=56-69,168-181
/proc/16/stat : 16 (python3) S 13 16 0 0 -1 4194304 1895 0 96 0 3 0 0 0 20 0 1 0 53460205 18108416 3215 67087892480 4194304 7154137 140723755098400 0 0 0 0 16781312 2 1 0 0 17 180 0 0 8 0 0 9727432 11029816 35586048 140723755105079 140723755105197 140723755105197 140723755106279 0
/proc/16/statm: 4421 3215 1515 723 0 2063 0
[pid=18] ppid=16 vsize=540772 memory=504228 CPUtime=1777.03 cores=56-69,168-181
/proc/18/stat : 18 (bn4rust) R 16 16 0 0 -1 4194304 2347758 0 18 0 174866 2837 0 0 20 0 1 0 53460219 553750528 126057 67087892480 93949443182592 93949445049713 140729502469968 0 0 0 0 4096 1088 0 0 0 17 168 0 0 1 0 0 93949445307776 93949445354712 93949466976256 140729502472954 140729502473110 140729502473110 140729502474209 0
/proc/18/statm: 135193 126057 1118 456 0 133354 0
Current children cumulated CPU time: 1777.06 s
Current children cumulated vsize: 558456 KiB
Current children cumulated memory: 517088 KiB



Maximum wall clock time exceeded: sending SIGTERM then SIGKILL

[startup+1800 s]*
/proc/loadavg: 1.08 1.54 6.45 2/2581 18
/proc/meminfo: memFree=511623164/527542256 swapFree=33529852/33554428
[pid=16] ppid=13 vsize=17684 memory=12860 CPUtime=0.03 cores=56-69,168-181
/proc/16/stat : 16 (python3) S 13 16 0 0 -1 4194304 1895 0 96 0 3 0 0 0 20 0 1 0 53460205 18108416 3215 67087892480 4194304 7154137 140723755098400 0 0 0 0 16781312 2 1 0 0 17 180 0 0 8 0 0 9727432 11029816 35586048 140723755105079 140723755105197 140723755105197 140723755106279 0
/proc/16/statm: 4421 3215 1515 723 0 2063 0
[pid=18] ppid=16 vsize=786532 memory=749164 CPUtime=1794.69 cores=56-69,168-181
/proc/18/stat : 18 (bn4rust) R 16 16 0 0 -1 4194304 2364239 0 18 0 176595 2874 0 0 20 0 1 0 53460219 805408768 187291 67087892480 93949443182592 93949445049713 140729502469968 0 0 0 0 4096 1088 0 0 0 17 168 0 0 1 0 0 93949445307776 93949445354712 93949466976256 140729502472954 140729502473110 140729502473110 140729502474209 0
/proc/18/statm: 196633 187291 1118 456 0 194794 0
Current children cumulated CPU time: 1794.72 s
Current children cumulated vsize: 804216 KiB
Current children cumulated memory: 762024 KiB

Sending SIGTERM to process tree (bottom up)
Sleeping 2 seconds

[startup+1800.01 s]
# the end of solver process 16 was just reported to runsolver
# cumulated CPU time of all completed processes:  user=1765.99 s, system=28.753 s

Solver just ended.
??? end of watcher thread
Dumping a history of the last processes samples

Child ended because it received signal 15 (SIGTERM)
Real time (s): 1800.01
CPU time (s): 1794.74
CPU user time (s): 1765.99
CPU system time (s): 28.753
CPU usage (%): 99.7077
Max. virtual memory (cumulated for all children) (KiB): 1342844
Max. memory (cumulated for all children) (KiB): 1223880

getrusage(RUSAGE_CHILDREN,...) data:
user time used= 1765.99
system time used= 28.753
maximum resident set size= 1278260
integral shared memory size= 0
integral unshared data size= 0
integral unshared stack size= 0
page reclaims= 2366135
page faults= 114
swaps= 0
block input operations= 19520
block output operations= 8
messages sent= 0
messages received= 0
signals received= 0
voluntary context switches= 1016
involuntary context switches= 2145


# summary of solver processes directly reported to runsolver:
#   pid: 16
#   total CPU time (s): 1794.74
#   total CPU user time (s): 1765.99
#   total CPU system time (s): 28.753

??? join timestamper begins
??? join timestamper ends
??? end of timestamper thread
runsolver used 1.9009 second user time and 2.08883 second system time

The end
