# WCTIME: wall clock time in seconds
WCTIME=0.441858
# CPUTIME: CPU time in seconds (USERTIME+SYSTEMTIME)
CPUTIME=0.325313
# USERTIME: CPU time spent in user mode in seconds
USERTIME=0.306933
# SYSTEMTIME: CPU time spent in system mode in seconds
SYSTEMTIME=0.01838
# CPUUSAGE: CPUTIME/WCTIME in percent
CPUUSAGE=73.6239
# MAXVM: maximum virtual memory used in KiB
MAXVM=25760
# MAXMM: maximum memory used in KiB
MAXMM=17164
# MAXRSS: maximum Resident Segment Size in KiB
MAXRSS=12464
# TIMEOUT: did the solver exceed the time limit?
TIMEOUT=false
# MEMOUT: did the solver exceed the memory limit?
MEMOUT=false
# EXITSTATUS: Exit status of the solver
EXITSTATUS=0
