runsolver version 3.4.1 (svn: 3018) Copyright (C) 2010-2013 Olivier ROUSSEL

This program is distributed in the hope that it will be useful,
but WITHOUT ANY WARRANTY; without even the implied warranty of
MERCHANTABILITY or FITNESS FOR A PARTICULAR PURPOSE.  See the
GNU General Public License for more details.

NUMA information:
  number of nodes: 8
  memory of node 0: 63700 MiB (60050 MiB free)
  memory of node 1: 64504 MiB (63584 MiB free)
  memory of node 2: 64504 MiB (63437 MiB free)
  memory of node 3: 64504 MiB (54776 MiB free)
  memory of node 4: 64504 MiB (62608 MiB free)
  memory of node 5: 64504 MiB (63868 MiB free)
  memory of node 6: 64461 MiB (45463 MiB free)
  memory of node 7: 64491 MiB (63141 MiB free)
  node distances:
     10  12  12  12  21  21  21  21
     12  10  12  12  21  21  21  21
     12  12  10  12  21  21  21  21
     12  12  12  10  21  21  21  21
     21  21  21  21  10  12  12  12
     21  21  21  21  12  10  12  12
     21  21  21  21  12  12  10  12
     21  21  21  21  12  12  12  10

command line: /usr/local/bin/runsolver --timestamp -w /output/runsolver-watch.log -v /output/runsolver-values.log -o /output/solver-output.log -C 1800.0 -W 1800.0 -R 64000 /opt/solver/run_bn4rust.py --mode cyber-full --instance /input/model_076.bnet 

running on 8 cores: 60-67

Enforcing CPUTime limit (soft limit, will send SIGTERM then SIGKILL): 1800 seconds
Enforcing CPUTime limit (hard limit, will send SIGXCPU): 1830 seconds
Enforcing wall clock limit (soft limit, will send SIGTERM then SIGKILL): 1800 seconds
Enforcing RSS+Swap limit (soft limit, will send SIGTERM then SIGKILL): 65536000 KiB
Linux 4.18.0-553.159.1.el8_10.x86_64
Current StackSize limit: 18014398509481983 KiB

solver pid=16, runsolver pid=13

[startup+0.100087 s]*
/proc/loadavg: 16.12 22.33 29.73 20/2705 17
/proc/meminfo: memFree=488347892/527542212 swapFree=33522940/33554428
[pid=16] ppid=13 vsize=15748 memory=9952 CPUtime=0.02 cores=56-69,168-181
/proc/16/stat : 16 (python3) D 13 16 0 0 -1 4194304 1361 0 81 0 1 1 0 0 20 0 1 0 53231029 16125952 2488 67087892480 4194304 7154137 140724311723248 0 0 0 0 16781312 2 0 0 0 17 170 0 0 6 0 0 9727432 11029816 32714752 140724311731031 140724311731117 140724311731117 140724311732199 0
/proc/16/statm: 3937 2488 1387 723 0 1673 0
Current children cumulated CPU time: 0.02 s
Current children cumulated vsize: 15748 KiB
Current children cumulated memory: 9952 KiB

[startup+0.200636 s]*
/proc/loadavg: 16.12 22.33 29.73 18/2707 18
/proc/meminfo: memFree=488332092/527542212 swapFree=33522940/33554428
[pid=16] ppid=13 vsize=17684 memory=12400 CPUtime=0.03 cores=56-69,168-181
/proc/16/stat : 16 (python3) S 13 16 0 0 -1 4194304 1890 0 96 0 2 1 0 0 20 0 1 0 53231029 18108416 3100 67087892480 4194304 7154137 140724311723248 0 0 0 0 16781312 2 1 0 0 17 170 0 0 8 0 0 9727432 11029816 32714752 140724311731031 140724311731117 140724311731117 140724311732199 0
/proc/16/statm: 4421 3100 1506 723 0 2063 0
[pid=18] ppid=16 vsize=7772 memory=4544 CPUtime=0 cores=56-69,168-181
/proc/18/stat : 18 (bn4rust) I 16 16 0 0 -1 4194304 145 0 14 0 0 0 0 0 20 0 1 0 53231043 7958528 1136 67087892480 94150431399936 94150433267057 140733734825808 0 0 0 0 4096 1088 0 0 0 17 177 0 0 1 0 0 94150433525120 94150433572056 94150438809600 140733734832922 140733734833046 140733734833046 140733734834145 0
/proc/18/statm: 1943 1136 1070 456 0 104 0
Current children cumulated CPU time: 0.03 s
Current children cumulated vsize: 25456 KiB
Current children cumulated memory: 16944 KiB

[startup+0.300644 s]*
/proc/loadavg: 16.12 22.33 29.73 20/2707 18
/proc/meminfo: memFree=488331148/527542212 swapFree=33522940/33554428
[pid=16] ppid=13 vsize=17684 memory=12400 CPUtime=0.03 cores=56-69,168-181
/proc/16/stat : 16 (python3) S 13 16 0 0 -1 4194304 1890 0 96 0 2 1 0 0 20 0 1 0 53231029 18108416 3100 67087892480 4194304 7154137 140724311723248 0 0 0 0 16781312 2 1 0 0 17 170 0 0 8 0 0 9727432 11029816 32714752 140724311731031 140724311731117 140724311731117 140724311732199 0
/proc/16/statm: 4421 3100 1506 723 0 2063 0
[pid=18] ppid=16 vsize=8088 memory=4980 CPUtime=0.01 cores=56-69,168-181
/proc/18/stat : 18 (bn4rust) R 16 16 0 0 -1 4194304 224 0 18 0 1 0 0 0 20 0 1 0 53231043 8282112 1245 67087892480 94150431399936 94150433267057 140733734825808 0 0 0 0 4096 1088 0 0 0 17 177 0 0 1 0 0 94150433525120 94150433572056 94150438809600 140733734832922 140733734833046 140733734833046 140733734834145 0
/proc/18/statm: 2022 1245 1104 456 0 183 0
Current children cumulated CPU time: 0.04 s
Current children cumulated vsize: 25772 KiB
Current children cumulated memory: 17380 KiB

[startup+0.700336 s]
/proc/loadavg: 16.12 22.33 29.73 20/2707 18
/proc/meminfo: memFree=488332160/527542212 swapFree=33522940/33554428
[pid=16] ppid=13 vsize=17684 memory=12400 CPUtime=0.04 cores=56-69,168-181
/proc/16/stat : 16 (python3) S 13 16 0 0 -1 4194304 1891 0 96 0 3 1 0 0 20 0 1 0 53231029 18108416 3100 67087892480 4194304 7154137 140724311723248 0 0 0 0 16781312 2 1 0 0 17 170 0 0 8 0 0 9727432 11029816 32714752 140724311731031 140724311731117 140724311731117 140724311732199 0
/proc/16/statm: 4421 3100 1506 723 0 2063 0
[pid=18] ppid=16 vsize=9764 memory=6576 CPUtime=0.41 cores=56-69,168-181
/proc/18/stat : 18 (bn4rust) R 16 16 0 0 -1 4194304 5653 0 18 0 40 1 0 0 20 0 1 0 53231043 9998336 1644 67087892480 94150431399936 94150433267057 140733734825808 0 0 0 0 4096 1088 0 0 0 17 177 0 0 1 0 0 94150433525120 94150433572056 94150438809600 140733734832922 140733734833046 140733734833046 140733734834145 0
/proc/18/statm: 2441 1644 1104 456 0 602 0
Current children cumulated CPU time: 0.45 s
Current children cumulated vsize: 27448 KiB
Current children cumulated memory: 18976 KiB

[startup+1.50031 s]
/proc/loadavg: 16.12 22.33 29.73 22/2741 18
/proc/meminfo: memFree=488312608/527542212 swapFree=33522940/33554428
[pid=16] ppid=13 vsize=17684 memory=12400 CPUtime=0.04 cores=56-69,168-181
/proc/16/stat : 16 (python3) S 13 16 0 0 -1 4194304 1891 0 96 0 3 1 0 0 20 0 1 0 53231029 18108416 3100 67087892480 4194304 7154137 140724311723248 0 0 0 0 16781312 2 1 0 0 17 170 0 0 8 0 0 9727432 11029816 32714752 140724311731031 140724311731117 140724311731117 140724311732199 0
/proc/16/statm: 4421 3100 1506 723 0 2063 0
[pid=18] ppid=16 vsize=11220 memory=7984 CPUtime=1.2 cores=56-69,168-181
/proc/18/stat : 18 (bn4rust) R 16 16 0 0 -1 4194304 14679 0 18 0 118 2 0 0 20 0 1 0 53231043 11489280 1996 67087892480 94150431399936 94150433267057 140733734825808 0 0 0 0 4096 1088 0 0 0 17 177 0 0 1 0 0 94150433525120 94150433572056 94150438809600 140733734832922 140733734833046 140733734833046 140733734834145 0
/proc/18/statm: 2805 1996 1104 456 0 966 0
Current children cumulated CPU time: 1.24 s
Current children cumulated vsize: 28904 KiB
Current children cumulated memory: 20384 KiB

[startup+3.1006 s]
/proc/loadavg: 16.51 22.30 29.68 20/2787 18
/proc/meminfo: memFree=488244920/527542212 swapFree=33522940/33554428
[pid=16] ppid=13 vsize=17684 memory=12400 CPUtime=0.04 cores=56-69,168-181
/proc/16/stat : 16 (python3) S 13 16 0 0 -1 4194304 1891 0 96 0 3 1 0 0 20 0 1 0 53231029 18108416 3100 67087892480 4194304 7154137 140724311723248 0 0 0 0 16781312 2 1 0 0 17 170 0 0 8 0 0 9727432 11029816 32714752 140724311731031 140724311731117 140724311731117 140724311732199 0
/proc/16/statm: 4421 3100 1506 723 0 2063 0
[pid=18] ppid=16 vsize=15496 memory=12092 CPUtime=2.79 cores=56-69,168-181
/proc/18/stat : 18 (bn4rust) R 16 16 0 0 -1 4194304 30657 0 18 0 273 6 0 0 20 0 1 0 53231043 15867904 3023 67087892480 94150431399936 94150433267057 140733734825808 0 0 0 0 4096 1088 0 0 0 17 177 0 0 1 0 0 94150433525120 94150433572056 94150438809600 140733734832922 140733734833046 140733734833046 140733734834145 0
/proc/18/statm: 3874 3023 1104 456 0 2035 0
Current children cumulated CPU time: 2.83 s
Current children cumulated vsize: 33180 KiB
Current children cumulated memory: 24492 KiB

[startup+6.30041 s]
/proc/loadavg: 16.51 22.30 29.68 19/2731 18
/proc/meminfo: memFree=488242136/527542212 swapFree=33522940/33554428
[pid=16] ppid=13 vsize=17684 memory=12400 CPUtime=0.04 cores=56-69,168-181
/proc/16/stat : 16 (python3) S 13 16 0 0 -1 4194304 1891 0 96 0 3 1 0 0 20 0 1 0 53231029 18108416 3100 67087892480 4194304 7154137 140724311723248 0 0 0 0 16781312 2 1 0 0 17 170 0 0 8 0 0 9727432 11029816 32714752 140724311731031 140724311731117 140724311731117 140724311732199 0
/proc/16/statm: 4421 3100 1506 723 0 2063 0
[pid=18] ppid=16 vsize=22340 memory=17948 CPUtime=5.98 cores=56-69,168-181
/proc/18/stat : 18 (bn4rust) R 16 16 0 0 -1 4194304 64359 0 18 0 585 13 0 0 20 0 1 0 53231043 22876160 4487 67087892480 94150431399936 94150433267057 140733734825808 0 0 0 0 4096 1088 0 0 0 17 177 0 0 1 0 0 94150433525120 94150433572056 94150438809600 140733734832922 140733734833046 140733734833046 140733734834145 0
/proc/18/statm: 5585 4487 1104 456 0 3746 0
Current children cumulated CPU time: 6.02 s
Current children cumulated vsize: 40024 KiB
Current children cumulated memory: 30348 KiB

[startup+12.7003 s]
/proc/loadavg: 16.90 22.20 29.57 21/2845 18
/proc/meminfo: memFree=487904856/527542212 swapFree=33522940/33554428
[pid=16] ppid=13 vsize=17684 memory=12400 CPUtime=0.04 cores=56-69,168-181
/proc/16/stat : 16 (python3) S 13 16 0 0 -1 4194304 1891 0 96 0 3 1 0 0 20 0 1 0 53231029 18108416 3100 67087892480 4194304 7154137 140724311723248 0 0 0 0 16781312 2 1 0 0 17 170 0 0 8 0 0 9727432 11029816 32714752 140724311731031 140724311731117 140724311731117 140724311732199 0
/proc/16/statm: 4421 3100 1506 723 0 2063 0
[pid=18] ppid=16 vsize=27724 memory=24296 CPUtime=12.34 cores=56-69,168-181
/proc/18/stat : 18 (bn4rust) R 16 16 0 0 -1 4194304 99745 0 18 0 1213 21 0 0 20 0 1 0 53231043 28389376 6074 67087892480 94150431399936 94150433267057 140733734825808 0 0 0 0 4096 1088 0 0 0 17 177 0 0 1 0 0 94150433525120 94150433572056 94150438809600 140733734832922 140733734833046 140733734833046 140733734834145 0
/proc/18/statm: 6931 6074 1104 456 0 5092 0
Current children cumulated CPU time: 12.38 s
Current children cumulated vsize: 45408 KiB
Current children cumulated memory: 36696 KiB

[startup+25.5004 s]
/proc/loadavg: 17.38 22.12 29.46 21/2806 18
/proc/meminfo: memFree=487854344/527542212 swapFree=33522940/33554428
[pid=16] ppid=13 vsize=17684 memory=12400 CPUtime=0.05 cores=56-69,168-181
/proc/16/stat : 16 (python3) S 13 16 0 0 -1 4194304 1892 0 96 0 3 2 0 0 20 0 1 0 53231029 18108416 3100 67087892480 4194304 7154137 140724311723248 0 0 0 0 16781312 2 1 0 0 17 170 0 0 8 0 0 9727432 11029816 32714752 140724311731031 140724311731117 140724311731117 140724311732199 0
/proc/16/statm: 4421 3100 1506 723 0 2063 0
[pid=18] ppid=16 vsize=27724 memory=24492 CPUtime=25.07 cores=56-69,168-181
/proc/18/stat : 18 (bn4rust) R 16 16 0 0 -1 4194304 110328 0 18 0 2484 23 0 0 20 0 1 0 53231043 28389376 6123 67087892480 94150431399936 94150433267057 140733734825808 0 0 0 0 4096 1088 0 0 0 17 177 0 0 1 0 0 94150433525120 94150433572056 94150438809600 140733734832922 140733734833046 140733734833046 140733734834145 0
/proc/18/statm: 6931 6123 1104 456 0 5092 0
Current children cumulated CPU time: 25.12 s
Current children cumulated vsize: 45408 KiB
Current children cumulated memory: 36892 KiB

[startup+47.6884 s]
# the end of solver process 16 was just reported to runsolver
# cumulated CPU time of all completed processes:  user=46.9597 s, system=0.263815 s

Solver just ended.
??? end of watcher thread
Dumping a history of the last processes samples

[startup+25.6005 s]
/proc/loadavg: 17.38 22.12 29.46 21/2806 18
/proc/meminfo: memFree=487854344/527542212 swapFree=33522940/33554428
[pid=16] ppid=13 vsize=17684 memory=12400 CPUtime=0.05 cores=56-69,168-181
/proc/16/stat : 16 (python3) S 13 16 0 0 -1 4194304 1892 0 96 0 3 2 0 0 20 0 1 0 53231029 18108416 3100 67087892480 4194304 7154137 140724311723248 0 0 0 0 16781312 2 1 0 0 17 170 0 0 8 0 0 9727432 11029816 32714752 140724311731031 140724311731117 140724311731117 140724311732199 0
/proc/16/statm: 4421 3100 1506 723 0 2063 0
[pid=18] ppid=16 vsize=27724 memory=24492 CPUtime=25.17 cores=56-69,168-181
/proc/18/stat : 18 (bn4rust) R 16 16 0 0 -1 4194304 110328 0 18 0 2494 23 0 0 20 0 1 0 53231043 28389376 6123 67087892480 94150431399936 94150433267057 140733734825808 0 0 0 0 4096 1088 0 0 0 17 177 0 0 1 0 0 94150433525120 94150433572056 94150438809600 140733734832922 140733734833046 140733734833046 140733734834145 0
/proc/18/statm: 6931 6123 1104 456 0 5092 0
Current children cumulated CPU time: 25.22 s
Current children cumulated vsize: 45408 KiB
Current children cumulated memory: 36892 KiB

[startup+38.4003 s]
/proc/loadavg: 18.04 22.03 29.32 21/2806 18
/proc/meminfo: memFree=487902520/527542212 swapFree=33522940/33554428
[pid=16] ppid=13 vsize=17684 memory=12400 CPUtime=0.05 cores=56-69,168-181
/proc/16/stat : 16 (python3) S 13 16 0 0 -1 4194304 1892 0 96 0 3 2 0 0 20 0 1 0 53231029 18108416 3100 67087892480 4194304 7154137 140724311723248 0 0 0 0 16781312 2 1 0 0 17 170 0 0 8 0 0 9727432 11029816 32714752 140724311731031 140724311731117 140724311731117 140724311732199 0
/proc/16/statm: 4421 3100 1506 723 0 2063 0
[pid=18] ppid=16 vsize=27724 memory=24492 CPUtime=37.91 cores=56-69,168-181
/proc/18/stat : 18 (bn4rust) R 16 16 0 0 -1 4194304 110334 0 18 0 3768 23 0 0 20 0 1 0 53231043 28389376 6123 67087892480 94150431399936 94150433267057 140733734825808 0 0 0 0 4096 1088 0 0 0 17 177 0 0 1 0 0 94150433525120 94150433572056 94150438809600 140733734832922 140733734833046 140733734833046 140733734834145 0
/proc/18/statm: 6931 6123 1104 456 0 5092 0
Current children cumulated CPU time: 37.96 s
Current children cumulated vsize: 45408 KiB
Current children cumulated memory: 36892 KiB

[startup+41.6004 s]
/proc/loadavg: 18.04 22.03 29.32 21/2806 18
/proc/meminfo: memFree=487749680/527542212 swapFree=33522940/33554428
[pid=16] ppid=13 vsize=17684 memory=12400 CPUtime=0.05 cores=56-69,168-181
/proc/16/stat : 16 (python3) S 13 16 0 0 -1 4194304 1893 0 96 0 3 2 0 0 20 0 1 0 53231029 18108416 3100 67087892480 4194304 7154137 140724311723248 0 0 0 0 16781312 2 1 0 0 17 170 0 0 8 0 0 9727432 11029816 32714752 140724311731031 140724311731117 140724311731117 140724311732199 0
/proc/16/statm: 4421 3100 1506 723 0 2063 0
[pid=18] ppid=16 vsize=27724 memory=24492 CPUtime=41.09 cores=56-69,168-181
/proc/18/stat : 18 (bn4rust) R 16 16 0 0 -1 4194304 110334 0 18 0 4086 23 0 0 20 0 1 0 53231043 28389376 6123 67087892480 94150431399936 94150433267057 140733734825808 0 0 0 0 4096 1088 0 0 0 17 177 0 0 1 0 0 94150433525120 94150433572056 94150438809600 140733734832922 140733734833046 140733734833046 140733734834145 0
/proc/18/statm: 6931 6123 1104 456 0 5092 0
Current children cumulated CPU time: 41.14 s
Current children cumulated vsize: 45408 KiB
Current children cumulated memory: 36892 KiB

[startup+44.8003 s]
/proc/loadavg: 18.19 22.00 29.27 21/2806 18
/proc/meminfo: memFree=488042832/527542212 swapFree=33522940/33554428
[pid=16] ppid=13 vsize=17684 memory=12400 CPUtime=0.05 cores=56-69,168-181
/proc/16/stat : 16 (python3) S 13 16 0 0 -1 4194304 1893 0 96 0 3 2 0 0 20 0 1 0 53231029 18108416 3100 67087892480 4194304 7154137 140724311723248 0 0 0 0 16781312 2 1 0 0 17 170 0 0 8 0 0 9727432 11029816 32714752 140724311731031 140724311731117 140724311731117 140724311732199 0
/proc/16/statm: 4421 3100 1506 723 0 2063 0
[pid=18] ppid=16 vsize=27724 memory=24492 CPUtime=44.28 cores=56-69,168-181
/proc/18/stat : 18 (bn4rust) R 16 16 0 0 -1 4194304 110335 0 18 0 4405 23 0 0 20 0 1 0 53231043 28389376 6123 67087892480 94150431399936 94150433267057 140733734825808 0 0 0 0 4096 1088 0 0 0 17 177 0 0 1 0 0 94150433525120 94150433572056 94150438809600 140733734832922 140733734833046 140733734833046 140733734834145 0
/proc/18/statm: 6931 6123 1104 456 0 5092 0
Current children cumulated CPU time: 44.33 s
Current children cumulated vsize: 45408 KiB
Current children cumulated memory: 36892 KiB

[startup+46.4003 s]
/proc/loadavg: 18.19 22.00 29.27 21/2806 18
/proc/meminfo: memFree=487921816/527542212 swapFree=33522940/33554428
[pid=16] ppid=13 vsize=17684 memory=12400 CPUtime=0.05 cores=56-69,168-181
/proc/16/stat : 16 (python3) S 13 16 0 0 -1 4194304 1893 0 96 0 3 2 0 0 20 0 1 0 53231029 18108416 3100 67087892480 4194304 7154137 140724311723248 0 0 0 0 16781312 2 1 0 0 17 170 0 0 8 0 0 9727432 11029816 32714752 140724311731031 140724311731117 140724311731117 140724311732199 0
/proc/16/statm: 4421 3100 1506 723 0 2063 0
[pid=18] ppid=16 vsize=27724 memory=24492 CPUtime=45.87 cores=56-69,168-181
/proc/18/stat : 18 (bn4rust) R 16 16 0 0 -1 4194304 110335 0 18 0 4564 23 0 0 20 0 1 0 53231043 28389376 6123 67087892480 94150431399936 94150433267057 140733734825808 0 0 0 0 4096 1088 0 0 0 17 177 0 0 1 0 0 94150433525120 94150433572056 94150438809600 140733734832922 140733734833046 140733734833046 140733734834145 0
/proc/18/statm: 6931 6123 1104 456 0 5092 0
Current children cumulated CPU time: 45.92 s
Current children cumulated vsize: 45408 KiB
Current children cumulated memory: 36892 KiB

[startup+47.2003 s]
/proc/loadavg: 18.34 21.97 29.22 21/2806 18
/proc/meminfo: memFree=487736680/527542212 swapFree=33522940/33554428
[pid=16] ppid=13 vsize=17684 memory=12400 CPUtime=0.05 cores=56-69,168-181
/proc/16/stat : 16 (python3) S 13 16 0 0 -1 4194304 1893 0 96 0 3 2 0 0 20 0 1 0 53231029 18108416 3100 67087892480 4194304 7154137 140724311723248 0 0 0 0 16781312 2 1 0 0 17 170 0 0 8 0 0 9727432 11029816 32714752 140724311731031 140724311731117 140724311731117 140724311732199 0
/proc/16/statm: 4421 3100 1506 723 0 2063 0
[pid=18] ppid=16 vsize=27724 memory=24492 CPUtime=46.67 cores=56-69,168-181
/proc/18/stat : 18 (bn4rust) R 16 16 0 0 -1 4194304 110335 0 18 0 4644 23 0 0 20 0 1 0 53231043 28389376 6123 67087892480 94150431399936 94150433267057 140733734825808 0 0 0 0 4096 1088 0 0 0 17 177 0 0 1 0 0 94150433525120 94150433572056 94150438809600 140733734832922 140733734833046 140733734833046 140733734834145 0
/proc/18/statm: 6931 6123 1104 456 0 5092 0
Current children cumulated CPU time: 46.72 s
Current children cumulated vsize: 45408 KiB
Current children cumulated memory: 36892 KiB

[startup+47.6003 s]
/proc/loadavg: 18.34 21.97 29.22 21/2806 18
/proc/meminfo: memFree=487736680/527542212 swapFree=33522940/33554428
[pid=16] ppid=13 vsize=17684 memory=12400 CPUtime=0.05 cores=56-69,168-181
/proc/16/stat : 16 (python3) S 13 16 0 0 -1 4194304 1894 0 96 0 3 2 0 0 20 0 1 0 53231029 18108416 3100 67087892480 4194304 7154137 140724311723248 0 0 0 0 16781312 2 1 0 0 17 170 0 0 8 0 0 9727432 11029816 32714752 140724311731031 140724311731117 140724311731117 140724311732199 0
/proc/16/statm: 4421 3100 1506 723 0 2063 0
[pid=18] ppid=16 vsize=27724 memory=24492 CPUtime=47.07 cores=56-69,168-181
/proc/18/stat : 18 (bn4rust) R 16 16 0 0 -1 4194304 110335 0 18 0 4684 23 0 0 20 0 1 0 53231043 28389376 6123 67087892480 94150431399936 94150433267057 140733734825808 0 0 0 0 4096 1088 0 0 0 17 177 0 0 1 0 0 94150433525120 94150433572056 94150438809600 140733734832922 140733734833046 140733734833046 140733734834145 0
/proc/18/statm: 6931 6123 1104 456 0 5092 0
Current children cumulated CPU time: 47.12 s
Current children cumulated vsize: 45408 KiB
Current children cumulated memory: 36892 KiB

Child status: 0
Real time (s): 47.6886
CPU time (s): 47.2236
CPU user time (s): 46.9597
CPU system time (s): 0.263815
CPU usage (%): 99.0249
Max. virtual memory (cumulated for all children) (KiB): 46944
Max. memory (cumulated for all children) (KiB): 38476

getrusage(RUSAGE_CHILDREN,...) data:
user time used= 46.9597
system time used= 0.263815
maximum resident set size= 26076
integral shared memory size= 0
integral unshared data size= 0
integral unshared stack size= 0
page reclaims= 112255
page faults= 116
swaps= 0
block input operations= 20000
block output operations= 8
messages sent= 0
messages received= 0
signals received= 0
voluntary context switches= 1113
involuntary context switches= 52


# summary of solver processes directly reported to runsolver:
#   pid: 16
#   total CPU time (s): 47.2236
#   total CPU user time (s): 46.9597
#   total CPU system time (s): 0.263815

??? join timestamper begins
??? join timestamper ends
??? end of timestamper thread
runsolver used 0.014203 second user time and 0.127665 second system time

The end
