1792.26/1800.00	   0.000 === Boolean Network: /input/model_127.bnet ===
1792.26/1800.00	   0.000 Rules: 79
1792.26/1800.00	   0.001 Loaded attractor from: /input/model_127_01.csv
1792.26/1800.00	   0.001 Attractor length: 1
1792.26/1800.00	   0.001 Using Complement GFP
1792.26/1800.00	   0.001 CyBER configuration: Complement GFP
1792.26/1800.00	   0.001 CyBER enabled techniques: complement-gfp
1792.26/1800.00	   0.001 BDD retained variables: 79
1792.26/1800.00	   0.001 BDD pruned convergent-output variables: 0
1792.26/1800.00	   0.002 BDD backend: Biodivine BDD 0.5.27
1792.26/1800.00	   0.002 CyBER fixed point: Complement GFP
1792.26/1800.00	   0.002 BDD variables: 79
1792.26/1800.00	   0.002 BDD transition representation: rule-local kernels
1792.26/1800.00	   0.002 BDD active rule functions: 79
1792.26/1800.00	   0.002 BDD variable order: lexical
1792.26/1800.00	   0.002 BDD image accumulation: binary then union
1792.26/1800.00	   0.002 BDD safety/deadlock check: global
1792.26/1800.00	   0.002 BDD build time: 0.000
1792.26/1800.00	   0.781 BDD iteration 1: bad nodes=158, time=0.393
1792.26/1800.00	   1.178 BDD iteration 2: bad nodes=356, time=0.396
1792.26/1800.00	   1.581 BDD iteration 3: bad nodes=701, time=0.403
1792.26/1800.00	   1.995 BDD iteration 4: bad nodes=1246, time=0.414
1792.26/1800.00	   2.423 BDD iteration 5: bad nodes=2058, time=0.428
1792.26/1800.00	   2.874 BDD iteration 6: bad nodes=3146, time=0.451
1792.26/1800.00	   3.365 BDD iteration 7: bad nodes=4599, time=0.491
1792.26/1800.00	   3.895 BDD iteration 8: bad nodes=6392, time=0.530
1792.26/1800.00	   4.489 BDD iteration 9: bad nodes=8715, time=0.594
1792.26/1800.00	   5.131 BDD iteration 10: bad nodes=11499, time=0.642
1792.26/1800.00	   5.843 BDD iteration 11: bad nodes=14834, time=0.712
1792.26/1800.00	   6.642 BDD iteration 12: bad nodes=18624, time=0.800
1792.26/1800.00	   7.549 BDD iteration 13: bad nodes=23149, time=0.907
1792.26/1800.00	   8.585 BDD iteration 14: bad nodes=28491, time=1.035
1792.26/1800.00	   9.783 BDD iteration 15: bad nodes=34548, time=1.198
1792.26/1800.00	  11.142 BDD iteration 16: bad nodes=41589, time=1.359
1792.26/1800.00	  12.779 BDD iteration 17: bad nodes=49651, time=1.637
1792.26/1800.00	  14.688 BDD iteration 18: bad nodes=58767, time=1.908
1792.26/1800.00	  16.896 BDD iteration 19: bad nodes=69111, time=2.208
1792.26/1800.00	  19.525 BDD iteration 20: bad nodes=80477, time=2.629
1792.26/1800.00	  22.587 BDD iteration 21: bad nodes=93109, time=3.062
1792.26/1800.00	  26.091 BDD iteration 22: bad nodes=107096, time=3.504
1792.26/1800.00	  30.372 BDD iteration 23: bad nodes=122465, time=4.279
1792.26/1800.00	  35.209 BDD iteration 24: bad nodes=139328, time=4.838
1792.26/1800.00	  40.768 BDD iteration 25: bad nodes=157484, time=5.559
1792.26/1800.00	  47.085 BDD iteration 26: bad nodes=177078, time=6.317
1792.26/1800.00	  54.357 BDD iteration 27: bad nodes=197884, time=7.271
1792.26/1800.00	  62.535 BDD iteration 28: bad nodes=219692, time=8.179
1792.26/1800.00	  71.711 BDD iteration 29: bad nodes=242961, time=9.176
1792.26/1800.00	  82.070 BDD iteration 30: bad nodes=267764, time=10.359
1792.26/1800.00	  93.995 BDD iteration 31: bad nodes=294192, time=11.925
1792.26/1800.00	 106.986 BDD iteration 32: bad nodes=322085, time=12.991
1792.26/1800.00	 121.280 BDD iteration 33: bad nodes=351310, time=14.294
1792.26/1800.00	 137.353 BDD iteration 34: bad nodes=382002, time=16.073
1792.26/1800.00	 154.821 BDD iteration 35: bad nodes=414087, time=17.467
1792.26/1800.00	 174.177 BDD iteration 36: bad nodes=447482, time=19.356
1792.26/1800.00	 195.563 BDD iteration 37: bad nodes=482163, time=21.386
1792.26/1800.00	 219.175 BDD iteration 38: bad nodes=518140, time=23.612
1792.26/1800.00	 244.506 BDD iteration 39: bad nodes=555278, time=25.329
1792.26/1800.00	 272.110 BDD iteration 40: bad nodes=593701, time=27.605
1792.26/1800.00	 301.787 BDD iteration 41: bad nodes=633232, time=29.676
1792.26/1800.00	 333.263 BDD iteration 42: bad nodes=673820, time=31.476
1792.26/1800.00	 366.807 BDD iteration 43: bad nodes=715333, time=33.544
1792.26/1800.00	 402.265 BDD iteration 44: bad nodes=757894, time=35.458
1792.26/1800.00	 440.562 BDD iteration 45: bad nodes=801575, time=38.297
1792.26/1800.00	 480.797 BDD iteration 46: bad nodes=846258, time=40.236
1792.26/1800.00	 525.687 BDD iteration 47: bad nodes=891931, time=44.890
1792.26/1800.00	 573.081 BDD iteration 48: bad nodes=938142, time=47.393
1792.26/1800.00	 623.091 BDD iteration 49: bad nodes=984727, time=50.011
1792.26/1800.00	 676.684 BDD iteration 50: bad nodes=1031848, time=53.592
1792.26/1800.00	 732.281 BDD iteration 51: bad nodes=1078874, time=55.597
1792.26/1800.00	 790.945 BDD iteration 52: bad nodes=1125862, time=58.664
1792.26/1800.00	 852.323 BDD iteration 53: bad nodes=1172999, time=61.378
1792.26/1800.00	 916.179 BDD iteration 54: bad nodes=1219962, time=63.856
1792.26/1800.00	 982.825 BDD iteration 55: bad nodes=1266727, time=66.646
1792.26/1800.00	1052.359 BDD iteration 56: bad nodes=1313690, time=69.534
1792.26/1800.00	1124.320 BDD iteration 57: bad nodes=1360659, time=71.961
1792.26/1800.00	1198.873 BDD iteration 58: bad nodes=1407585, time=74.553
1792.26/1800.00	1276.070 BDD iteration 59: bad nodes=1454307, time=77.197
1792.26/1800.00	1356.490 BDD iteration 60: bad nodes=1500748, time=80.420
1792.26/1800.00	1440.146 BDD iteration 61: bad nodes=1547171, time=83.656
1792.26/1800.00	1526.633 BDD iteration 62: bad nodes=1593809, time=86.487
1792.26/1800.00	1616.053 BDD iteration 63: bad nodes=1640473, time=89.420
1792.26/1800.00	1708.270 BDD iteration 64: bad nodes=1687435, time=92.217
1792.26/1800.00	{"algorithm": "cyber-complement-gfp", "error": "bn4rust exited with code -15", "result_status": "failed"}
