# WCTIME: wall clock time in seconds
WCTIME=1.24606
# CPUTIME: CPU time in seconds (USERTIME+SYSTEMTIME)
CPUTIME=1.12956
# USERTIME: CPU time spent in user mode in seconds
USERTIME=1.11098
# SYSTEMTIME: CPU time spent in system mode in seconds
SYSTEMTIME=0.018584
# CPUUSAGE: CPUTIME/WCTIME in percent
CPUUSAGE=90.6509
# MAXVM: maximum virtual memory used in KiB
MAXVM=27152
# MAXMM: maximum memory used in KiB
MAXMM=18772
# MAXRSS: maximum Resident Segment Size in KiB
MAXRSS=12652
# TIMEOUT: did the solver exceed the time limit?
TIMEOUT=false
# MEMOUT: did the solver exceed the memory limit?
MEMOUT=false
# EXITSTATUS: Exit status of the solver
EXITSTATUS=0
