runsolver version 3.4.1 (svn: 3018) Copyright (C) 2010-2013 Olivier ROUSSEL

This program is distributed in the hope that it will be useful,
but WITHOUT ANY WARRANTY; without even the implied warranty of
MERCHANTABILITY or FITNESS FOR A PARTICULAR PURPOSE.  See the
GNU General Public License for more details.

NUMA information:
  number of nodes: 8
  memory of node 0: 63700 MiB (31692 MiB free)
  memory of node 1: 64504 MiB (22305 MiB free)
  memory of node 2: 64504 MiB (58927 MiB free)
  memory of node 3: 64504 MiB (8269 MiB free)
  memory of node 4: 64504 MiB (63048 MiB free)
  memory of node 5: 64504 MiB (465 MiB free)
  memory of node 6: 64504 MiB (33392 MiB free)
  memory of node 7: 64447 MiB (63014 MiB free)
  node distances:
     10  12  12  12  21  21  21  21
     12  10  12  12  21  21  21  21
     12  12  10  12  21  21  21  21
     12  12  12  10  21  21  21  21
     21  21  21  21  10  12  12  12
     21  21  21  21  12  10  12  12
     21  21  21  21  12  12  10  12
     21  21  21  21  12  12  12  10

command line: /usr/local/bin/runsolver --timestamp -w /output/runsolver-watch.log -v /output/runsolver-values.log -o /output/solver-output.log -C 1800.0 -W 1800.0 -R 64000 /opt/solver/run_bn4rust.py --mode cyber-complement-gfp-plus-dependency-order --instance /input/model_110.bnet 

running on 8 cores: 60-67

Enforcing CPUTime limit (soft limit, will send SIGTERM then SIGKILL): 1800 seconds
Enforcing CPUTime limit (hard limit, will send SIGXCPU): 1830 seconds
Enforcing wall clock limit (soft limit, will send SIGTERM then SIGKILL): 1800 seconds
Enforcing RSS+Swap limit (soft limit, will send SIGTERM then SIGKILL): 65536000 KiB
Linux 4.18.0-553.159.1.el8_10.x86_64
Current StackSize limit: 18014398509481983 KiB

solver pid=16, runsolver pid=13

[startup+0.100064 s]*
/proc/loadavg: 43.49 36.88 32.25 45/2813 17
/proc/meminfo: memFree=288115748/527542244 swapFree=3010300/33554428
[pid=16] ppid=13 vsize=15748 memory=9900 CPUtime=0.01 cores=56-69,168-181
/proc/16/stat : 16 (python3) D 13 16 0 0 -1 4194304 1374 0 81 0 1 0 0 0 20 0 1 0 53464548 16125952 2475 67087892480 4194304 7154137 140731860878896 0 0 0 0 16781312 2 0 0 0 17 65 0 0 6 0 0 9727432 11029816 12783616 140731860884279 140731860884397 140731860884397 140731860885479 0
/proc/16/statm: 3937 2475 1374 723 0 1673 0
Current children cumulated CPU time: 0.01 s
Current children cumulated vsize: 15748 KiB
Current children cumulated memory: 9900 KiB

[startup+0.171689 s]
# the end of solver process 16 was just reported to runsolver
# cumulated CPU time of all completed processes:  user=0.041669 s, system=0.015834 s

Solver just ended.
??? end of watcher thread
Dumping a history of the last processes samples

[startup+0.100064 s]*
/proc/loadavg: 43.49 36.88 32.25 45/2813 17
/proc/meminfo: memFree=288115748/527542244 swapFree=3010300/33554428
[pid=16] ppid=13 vsize=15748 memory=9900 CPUtime=0.01 cores=56-69,168-181
/proc/16/stat : 16 (python3) D 13 16 0 0 -1 4194304 1374 0 81 0 1 0 0 0 20 0 1 0 53464548 16125952 2475 67087892480 4194304 7154137 140731860878896 0 0 0 0 16781312 2 0 0 0 17 65 0 0 6 0 0 9727432 11029816 12783616 140731860884279 140731860884397 140731860884397 140731860885479 0
/proc/16/statm: 3937 2475 1374 723 0 1673 0
Current children cumulated CPU time: 0.01 s
Current children cumulated vsize: 15748 KiB
Current children cumulated memory: 9900 KiB

Child status: 0
Real time (s): 0.1717
CPU time (s): 0.057503
CPU user time (s): 0.041669
CPU system time (s): 0.015834
CPU usage (%): 33.4904
Max. virtual memory (cumulated for all children) (KiB): 15748
Max. memory (cumulated for all children) (KiB): 9900

getrusage(RUSAGE_CHILDREN,...) data:
user time used= 0.041669
system time used= 0.015834
maximum resident set size= 12556
integral shared memory size= 0
integral unshared data size= 0
integral unshared stack size= 0
page reclaims= 2068
page faults= 115
swaps= 0
block input operations= 19800
block output operations= 0
messages sent= 0
messages received= 0
signals received= 0
voluntary context switches= 986
involuntary context switches= 0


# summary of solver processes directly reported to runsolver:
#   pid: 16
#   total CPU time (s): 0.057503
#   total CPU user time (s): 0.041669
#   total CPU system time (s): 0.015834

??? join timestamper begins
??? join timestamper ends
??? end of timestamper thread
runsolver used 0.001604 second user time and 0.004804 second system time

The end
