runsolver version 3.4.1 (svn: 3018) Copyright (C) 2010-2013 Olivier ROUSSEL

This program is distributed in the hope that it will be useful,
but WITHOUT ANY WARRANTY; without even the implied warranty of
MERCHANTABILITY or FITNESS FOR A PARTICULAR PURPOSE.  See the
GNU General Public License for more details.

NUMA information:
  number of nodes: 8
  memory of node 0: 63700 MiB (61782 MiB free)
  memory of node 1: 64461 MiB (61112 MiB free)
  memory of node 2: 64504 MiB (63913 MiB free)
  memory of node 3: 64504 MiB (63902 MiB free)
  memory of node 4: 64504 MiB (63361 MiB free)
  memory of node 5: 64504 MiB (63364 MiB free)
  memory of node 6: 64504 MiB (63732 MiB free)
  memory of node 7: 64491 MiB (63666 MiB free)
  node distances:
     10  12  12  12  21  21  21  21
     12  10  12  12  21  21  21  21
     12  12  10  12  21  21  21  21
     12  12  12  10  21  21  21  21
     21  21  21  21  10  12  12  12
     21  21  21  21  12  10  12  12
     21  21  21  21  12  12  10  12
     21  21  21  21  12  12  12  10

command line: /usr/local/bin/runsolver --timestamp -w /output/runsolver-watch.log -v /output/runsolver-values.log -o /output/solver-output.log -C 1800.0 -W 1800.0 -R 64000 /opt/solver/run_bn4rust.py --mode cyber-forward-baseline --instance /input/model_038.bnet 

running on 28 cores: 42-55,154-167

Enforcing CPUTime limit (soft limit, will send SIGTERM then SIGKILL): 1800 seconds
Enforcing CPUTime limit (hard limit, will send SIGXCPU): 1830 seconds
Enforcing wall clock limit (soft limit, will send SIGTERM then SIGKILL): 1800 seconds
Enforcing RSS+Swap limit (soft limit, will send SIGTERM then SIGKILL): 65536000 KiB
Linux 4.18.0-553.159.1.el8_10.x86_64
solver pid=16, runsolver pid=13
Current StackSize limit: 18014398509481983 KiB


[startup+0.100084 s]*
/proc/loadavg: 3.61 13.28 18.60 9/2894 17
/proc/meminfo: memFree=516908156/527542212 swapFree=33539068/33554428
[pid=16] ppid=13 vsize=15800 memory=10076 CPUtime=0.01 cores=42-55,154-167
/proc/16/stat : 16 (python3) R 13 16 0 0 -1 4194304 1391 0 84 0 1 0 0 0 20 0 1 0 53231558 16179200 2519 67087892480 4194304 7154137 140722373181552 0 0 0 0 16781312 2 0 0 0 17 52 0 0 6 0 0 9727432 11029816 25051136 140722373184331 140722373184429 140722373184429 140722373185511 0
/proc/16/statm: 3950 2519 1388 723 0 1674 0
Current children cumulated CPU time: 0.01 s
Current children cumulated vsize: 15800 KiB
Current children cumulated memory: 10076 KiB

[startup+0.168316 s]
# the end of solver process 16 was just reported to runsolver
# cumulated CPU time of all completed processes:  user=0.040808 s, system=0.015678 s

Solver just ended.
??? end of watcher thread
Dumping a history of the last processes samples

[startup+0.100084 s]*
/proc/loadavg: 3.61 13.28 18.60 9/2894 17
/proc/meminfo: memFree=516908156/527542212 swapFree=33539068/33554428
[pid=16] ppid=13 vsize=15800 memory=10076 CPUtime=0.01 cores=42-55,154-167
/proc/16/stat : 16 (python3) R 13 16 0 0 -1 4194304 1391 0 84 0 1 0 0 0 20 0 1 0 53231558 16179200 2519 67087892480 4194304 7154137 140722373181552 0 0 0 0 16781312 2 0 0 0 17 52 0 0 6 0 0 9727432 11029816 25051136 140722373184331 140722373184429 140722373184429 140722373185511 0
/proc/16/statm: 3950 2519 1388 723 0 1674 0
Current children cumulated CPU time: 0.01 s
Current children cumulated vsize: 15800 KiB
Current children cumulated memory: 10076 KiB

Child status: 0
Real time (s): 0.16833
CPU time (s): 0.056486
CPU user time (s): 0.040808
CPU system time (s): 0.015678
CPU usage (%): 33.5567
Max. virtual memory (cumulated for all children) (KiB): 15800
Max. memory (cumulated for all children) (KiB): 10076

getrusage(RUSAGE_CHILDREN,...) data:
user time used= 0.040808
system time used= 0.015678
maximum resident set size= 12580
integral shared memory size= 0
integral unshared data size= 0
integral unshared stack size= 0
page reclaims= 2091
page faults= 116
swaps= 0
block input operations= 19800
block output operations= 0
messages sent= 0
messages received= 0
signals received= 0
voluntary context switches= 962
involuntary context switches= 0


# summary of solver processes directly reported to runsolver:
#   pid: 16
#   total CPU time (s): 0.056486
#   total CPU user time (s): 0.040808
#   total CPU system time (s): 0.015678

??? join timestamper begins
??? join timestamper ends
??? end of timestamper thread
runsolver used 0.00268 second user time and 0.00326 second system time

The end
