# WCTIME: wall clock time in seconds
WCTIME=1800.01
# CPUTIME: CPU time in seconds (USERTIME+SYSTEMTIME)
CPUTIME=1790.41
# USERTIME: CPU time spent in user mode in seconds
USERTIME=1789.8
# SYSTEMTIME: CPU time spent in system mode in seconds
SYSTEMTIME=0.615422
# CPUUSAGE: CPUTIME/WCTIME in percent
CPUUSAGE=99.4669
# MAXVM: maximum virtual memory used in KiB
MAXVM=437076
# MAXMM: maximum memory used in KiB
MAXMM=273880
# MAXRSS: maximum Resident Segment Size in KiB
MAXRSS=203068
# TIMEOUT: did the solver exceed the time limit?
TIMEOUT=true
# MEMOUT: did the solver exceed the memory limit?
MEMOUT=false
# EXITSTATUS: Exit status of the solver
EXITSTATUS=15
