# WCTIME: wall clock time in seconds
WCTIME=1.93966
# CPUTIME: CPU time in seconds (USERTIME+SYSTEMTIME)
CPUTIME=1.2145
# USERTIME: CPU time spent in user mode in seconds
USERTIME=1.08307
# SYSTEMTIME: CPU time spent in system mode in seconds
SYSTEMTIME=0.13143
# CPUUSAGE: CPUTIME/WCTIME in percent
CPUUSAGE=62.6139
# MAXVM: maximum virtual memory used in KiB
MAXVM=221996
# MAXMM: maximum memory used in KiB
MAXMM=71400
# MAXRSS: maximum Resident Segment Size in KiB
MAXRSS=71400
# TIMEOUT: did the solver exceed the time limit?
TIMEOUT=false
# MEMOUT: did the solver exceed the memory limit?
MEMOUT=false
# EXITSTATUS: Exit status of the solver
EXITSTATUS=0
