runsolver version 3.4.1 (svn: 3018) Copyright (C) 2010-2013 Olivier ROUSSEL

This program is distributed in the hope that it will be useful,
but WITHOUT ANY WARRANTY; without even the implied warranty of
MERCHANTABILITY or FITNESS FOR A PARTICULAR PURPOSE.  See the
GNU General Public License for more details.

NUMA information:
  number of nodes: 8
  memory of node 0: 63700 MiB (36619 MiB free)
  memory of node 1: 64461 MiB (63295 MiB free)
  memory of node 2: 64504 MiB (63778 MiB free)
  memory of node 3: 64504 MiB (63623 MiB free)
  memory of node 4: 64504 MiB (63418 MiB free)
  memory of node 5: 64504 MiB (63492 MiB free)
  memory of node 6: 64504 MiB (63572 MiB free)
  memory of node 7: 64491 MiB (63608 MiB free)
  node distances:
     10  12  12  12  21  21  21  21
     12  10  12  12  21  21  21  21
     12  12  10  12  21  21  21  21
     12  12  12  10  21  21  21  21
     21  21  21  21  10  12  12  12
     21  21  21  21  12  10  12  12
     21  21  21  21  12  12  10  12
     21  21  21  21  12  12  12  10

command line: /usr/local/bin/runsolver --timestamp -w /output/runsolver-watch.log -v /output/runsolver-values.log -o /output/solver-output.log -C 1800.0 -W 1800.0 -R 64000 /opt/solver/run_bn4rust.py --mode cyber-full --instance /input/model_017.bnet 

running on 20 cores: 72-83,188-195

Enforcing CPUTime limit (soft limit, will send SIGTERM then SIGKILL): 1800 seconds
Enforcing CPUTime limit (hard limit, will send SIGXCPU): 1830 seconds
Enforcing wall clock limit (soft limit, will send SIGTERM then SIGKILL): 1800 seconds
Enforcing RSS+Swap limit (soft limit, will send SIGTERM then SIGKILL): 65536000 KiB
Linux 4.18.0-553.159.1.el8_10.x86_64
solver pid=16, runsolver pid=13
Current StackSize limit: 18014398509481983 KiB


[startup+0.100089 s]*
/proc/loadavg: 5.03 15.58 20.36 12/2848 17
/proc/meminfo: memFree=493647456/527542268 swapFree=33507836/33554428
[pid=16] ppid=13 vsize=15800 memory=10124 CPUtime=0.02 cores=70-83,182-195
/proc/16/stat : 16 (python3) R 13 16 0 0 -1 4194304 1390 0 84 0 1 1 0 0 20 0 1 0 53230939 16179200 2531 67087892480 4194304 7154137 140725367617472 0 0 0 0 16781312 2 0 0 0 17 74 0 0 6 0 0 9727432 11029816 40067072 140725367622487 140725367622573 140725367622573 140725367623655 0
/proc/16/statm: 3950 2531 1396 723 0 1674 0
Current children cumulated CPU time: 0.02 s
Current children cumulated vsize: 15800 KiB
Current children cumulated memory: 10124 KiB

[startup+0.200595 s]*
/proc/loadavg: 5.03 15.58 20.36 10/2852 18
/proc/meminfo: memFree=494384016/527542268 swapFree=33507836/33554428
[pid=16] ppid=13 vsize=17684 memory=12424 CPUtime=0.04 cores=70-83,182-195
/proc/16/stat : 16 (python3) S 13 16 0 0 -1 4194304 1893 0 96 0 2 2 0 0 20 0 1 0 53230939 18108416 3106 67087892480 4194304 7154137 140725367617472 0 0 0 0 16781312 2 1 0 0 17 74 0 0 8 0 0 9727432 11029816 40067072 140725367622487 140725367622573 140725367622573 140725367623655 0
/proc/16/statm: 4421 3106 1512 723 0 2063 0
[pid=18] ppid=16 vsize=7772 memory=2116 CPUtime=0 cores=70-83,182-195
/proc/18/stat : 18 (bn4rust) I 16 16 0 0 -1 4194304 137 0 12 0 0 0 0 0 20 0 1 0 53230953 7958528 529 67087892480 94059371401216 94059373268337 140729964867120 0 0 0 0 4096 1088 0 0 0 17 75 0 0 1 0 0 94059373526400 94059373573336 94059394666496 140729964874522 140729964874646 140729964874646 140729964875745 0
/proc/18/statm: 1943 529 474 456 0 104 0
Current children cumulated CPU time: 0.04 s
Current children cumulated vsize: 25456 KiB
Current children cumulated memory: 14540 KiB

[startup+0.300493 s]*
/proc/loadavg: 5.03 15.58 20.36 11/2839 18
/proc/meminfo: memFree=495010132/527542268 swapFree=33507836/33554428
[pid=16] ppid=13 vsize=17684 memory=12424 CPUtime=0.04 cores=70-83,182-195
/proc/16/stat : 16 (python3) S 13 16 0 0 -1 4194304 1895 0 96 0 2 2 0 0 20 0 1 0 53230939 18108416 3106 67087892480 4194304 7154137 140725367617472 0 0 0 0 16781312 2 1 0 0 17 74 0 0 8 0 0 9727432 11029816 40067072 140725367622487 140725367622573 140725367622573 140725367623655 0
/proc/16/statm: 4421 3106 1512 723 0 2063 0
[pid=18] ppid=16 vsize=7772 memory=4260 CPUtime=0 cores=70-83,182-195
/proc/18/stat : 18 (bn4rust) I 16 16 0 0 -1 4194304 145 0 14 0 0 0 0 0 20 0 1 0 53230953 7958528 1065 67087892480 94059371401216 94059373268337 140729964867120 0 0 0 0 4096 1088 0 0 0 17 75 0 0 1 0 0 94059373526400 94059373573336 94059394666496 140729964874522 140729964874646 140729964874646 140729964875745 0
/proc/18/statm: 1943 1065 995 456 0 104 0
Current children cumulated CPU time: 0.04 s
Current children cumulated vsize: 25456 KiB
Current children cumulated memory: 16684 KiB

[startup+0.396013 s]
# the end of solver process 16 was just reported to runsolver
# cumulated CPU time of all completed processes:  user=0.058004 s, system=0.025913 s

Solver just ended.
??? end of watcher thread
Dumping a history of the last processes samples

[startup+0.300493 s]*
/proc/loadavg: 5.03 15.58 20.36 11/2839 18
/proc/meminfo: memFree=495010132/527542268 swapFree=33507836/33554428
[pid=16] ppid=13 vsize=17684 memory=12424 CPUtime=0.04 cores=70-83,182-195
/proc/16/stat : 16 (python3) S 13 16 0 0 -1 4194304 1895 0 96 0 2 2 0 0 20 0 1 0 53230939 18108416 3106 67087892480 4194304 7154137 140725367617472 0 0 0 0 16781312 2 1 0 0 17 74 0 0 8 0 0 9727432 11029816 40067072 140725367622487 140725367622573 140725367622573 140725367623655 0
/proc/16/statm: 4421 3106 1512 723 0 2063 0
[pid=18] ppid=16 vsize=7772 memory=4260 CPUtime=0 cores=70-83,182-195
/proc/18/stat : 18 (bn4rust) I 16 16 0 0 -1 4194304 145 0 14 0 0 0 0 0 20 0 1 0 53230953 7958528 1065 67087892480 94059371401216 94059373268337 140729964867120 0 0 0 0 4096 1088 0 0 0 17 75 0 0 1 0 0 94059373526400 94059373573336 94059394666496 140729964874522 140729964874646 140729964874646 140729964875745 0
/proc/18/statm: 1943 1065 995 456 0 104 0
Current children cumulated CPU time: 0.04 s
Current children cumulated vsize: 25456 KiB
Current children cumulated memory: 16684 KiB

Child status: 0
Real time (s): 0.396038
CPU time (s): 0.083917
CPU user time (s): 0.058004
CPU system time (s): 0.025913
CPU usage (%): 21.1891
Max. virtual memory (cumulated for all children) (KiB): 25456
Max. memory (cumulated for all children) (KiB): 16684

getrusage(RUSAGE_CHILDREN,...) data:
user time used= 0.058004
system time used= 0.025913
maximum resident set size= 12636
integral shared memory size= 0
integral unshared data size= 0
integral unshared stack size= 0
page reclaims= 2120
page faults= 116
swaps= 0
block input operations= 20000
block output operations= 0
messages sent= 0
messages received= 0
signals received= 0
voluntary context switches= 981
involuntary context switches= 0


# summary of solver processes directly reported to runsolver:
#   pid: 16
#   total CPU time (s): 0.083917
#   total CPU user time (s): 0.058004
#   total CPU system time (s): 0.025913

??? join timestamper begins
??? join timestamper ends
??? end of timestamper thread
runsolver used 0.004896 second user time and 0.002204 second system time

The end
