runsolver version 3.4.1 (svn: 3018) Copyright (C) 2010-2013 Olivier ROUSSEL

This program is distributed in the hope that it will be useful,
but WITHOUT ANY WARRANTY; without even the implied warranty of
MERCHANTABILITY or FITNESS FOR A PARTICULAR PURPOSE.  See the
GNU General Public License for more details.

NUMA information:
  number of nodes: 8
  memory of node 0: 63700 MiB (61310 MiB free)
  memory of node 1: 64461 MiB (48038 MiB free)
  memory of node 2: 64504 MiB (60274 MiB free)
  memory of node 3: 64504 MiB (61463 MiB free)
  memory of node 4: 64504 MiB (63621 MiB free)
  memory of node 5: 64504 MiB (63546 MiB free)
  memory of node 6: 64504 MiB (42227 MiB free)
  memory of node 7: 64491 MiB (13815 MiB free)
  node distances:
     10  12  12  12  21  21  21  21
     12  10  12  12  21  21  21  21
     12  12  10  12  21  21  21  21
     12  12  12  10  21  21  21  21
     21  21  21  21  10  12  12  12
     21  21  21  21  12  10  12  12
     21  21  21  21  12  12  10  12
     21  21  21  21  12  12  12  10

command line: /usr/local/bin/runsolver --timestamp -w /output/runsolver-watch.log -v /output/runsolver-values.log -o /output/solver-output.log -C 1800.0 -W 1800.0 -R 64000 /opt/solver/run_bn4rust.py --mode cyber-complement-gfp-plus-dependency-order --instance /input/model_221.bnet 

running on 19 cores: 52-55,164-167,180-181,64-67,99-102,211

Enforcing CPUTime limit (soft limit, will send SIGTERM then SIGKILL): 1800 seconds
Enforcing CPUTime limit (hard limit, will send SIGXCPU): 1830 seconds
Enforcing wall clock limit (soft limit, will send SIGTERM then SIGKILL): 1800 seconds
Enforcing RSS+Swap limit (soft limit, will send SIGTERM then SIGKILL): 65536000 KiB
Linux 4.18.0-553.159.1.el8_10.x86_64
Current StackSize limit: 18014398509481983 KiB

solver pid=16, runsolver pid=13

[startup+0.100078 s]*
/proc/loadavg: 46.96 47.14 43.16 47/2985 17
/proc/meminfo: memFree=424218488/527542208 swapFree=33473532/33554428
[pid=16] ppid=13 vsize=15800 memory=10120 CPUtime=0.01 cores=52-55,64-69,99-102,164-167,176-181,211-214
/proc/16/stat : 16 (python3) R 13 16 0 0 -1 4194304 1379 0 84 0 1 0 0 0 20 0 1 0 53447368 16179200 2530 67087892480 4194304 7154137 140729670521840 0 0 0 0 16781312 2 0 0 0 17 212 0 0 6 0 0 9727432 11029816 30416896 140729670527799 140729670527917 140729670527917 140729670528999 0
/proc/16/statm: 3950 2530 1394 723 0 1674 0
Current children cumulated CPU time: 0.01 s
Current children cumulated vsize: 15800 KiB
Current children cumulated memory: 10120 KiB

[startup+0.200586 s]*
/proc/loadavg: 46.96 47.14 43.16 48/2986 18
/proc/meminfo: memFree=424201784/527542208 swapFree=33473532/33554428
[pid=16] ppid=13 vsize=17684 memory=12428 CPUtime=0.04 cores=52-55,64-69,99-102,164-167,176-181,211-214
/proc/16/stat : 16 (python3) S 13 16 0 0 -1 4194304 1895 0 96 0 3 1 0 0 20 0 1 0 53447368 18108416 3107 67087892480 4194304 7154137 140729670521840 0 0 0 0 16781312 2 1 0 0 17 212 0 0 8 0 0 9727432 11029816 30416896 140729670527799 140729670527917 140729670527917 140729670528999 0
/proc/16/statm: 4421 3107 1512 723 0 2063 0
[pid=18] ppid=16 vsize=12324 memory=8784 CPUtime=0.04 cores=52-55,64-69,99-102,164-167,176-181,211-214
/proc/18/stat : 18 (bn4rust) R 16 16 0 0 -1 4194304 2484 0 18 0 4 0 0 0 20 0 1 0 53447382 12619776 2196 67087892480 94331719589888 94331721457009 140727579128256 0 0 0 0 4096 1088 0 0 0 17 214 0 0 1 0 0 94331721715072 94331721762008 94331740721152 140727579130618 140727579130774 140727579130774 140727579131873 0
/proc/18/statm: 3081 2196 1102 456 0 1242 0
Current children cumulated CPU time: 0.08 s
Current children cumulated vsize: 30008 KiB
Current children cumulated memory: 21212 KiB

[startup+0.3005 s]*
/proc/loadavg: 46.96 47.14 43.16 46/2986 18
/proc/meminfo: memFree=424158304/527542208 swapFree=33473532/33554428
[pid=16] ppid=13 vsize=17684 memory=12428 CPUtime=0.04 cores=52-55,64-69,99-102,164-167,176-181,211-214
/proc/16/stat : 16 (python3) S 13 16 0 0 -1 4194304 1895 0 96 0 3 1 0 0 20 0 1 0 53447368 18108416 3107 67087892480 4194304 7154137 140729670521840 0 0 0 0 16781312 2 1 0 0 17 212 0 0 8 0 0 9727432 11029816 30416896 140729670527799 140729670527917 140729670527917 140729670528999 0
/proc/16/statm: 4421 3107 1512 723 0 2063 0
[pid=18] ppid=16 vsize=24972 memory=21500 CPUtime=0.13 cores=52-55,64-69,99-102,164-167,176-181,211-214
/proc/18/stat : 18 (bn4rust) R 16 16 0 0 -1 4194304 5954 0 18 0 13 0 0 0 20 0 1 0 53447382 25571328 5375 67087892480 94331719589888 94331721457009 140727579128256 0 0 0 0 4096 1088 0 0 0 17 214 0 0 1 0 0 94331721715072 94331721762008 94331740721152 140727579130618 140727579130774 140727579130774 140727579131873 0
/proc/18/statm: 6243 5375 1102 456 0 4404 0
Current children cumulated CPU time: 0.17 s
Current children cumulated vsize: 42656 KiB
Current children cumulated memory: 33928 KiB

[startup+0.700166 s]
/proc/loadavg: 46.96 47.14 43.16 47/2986 18
/proc/meminfo: memFree=424152176/527542208 swapFree=33473532/33554428
[pid=16] ppid=13 vsize=17684 memory=12428 CPUtime=0.04 cores=52-55,64-69,99-102,164-167,176-181,211-214
/proc/16/stat : 16 (python3) S 13 16 0 0 -1 4194304 1895 0 96 0 3 1 0 0 20 0 1 0 53447368 18108416 3107 67087892480 4194304 7154137 140729670521840 0 0 0 0 16781312 2 1 0 0 17 212 0 0 8 0 0 9727432 11029816 30416896 140729670527799 140729670527917 140729670527917 140729670528999 0
/proc/16/statm: 4421 3107 1512 723 0 2063 0
[pid=18] ppid=16 vsize=45320 memory=40792 CPUtime=0.53 cores=52-55,64-69,99-102,164-167,176-181,211-214
/proc/18/stat : 18 (bn4rust) R 16 16 0 0 -1 4194304 13495 0 18 0 52 1 0 0 20 0 1 0 53447382 46407680 10198 67087892480 94331719589888 94331721457009 140727579128256 0 0 0 0 4096 1088 0 0 0 17 214 0 0 1 0 0 94331721715072 94331721762008 94331740721152 140727579130618 140727579130774 140727579130774 140727579131873 0
/proc/18/statm: 11330 10198 1102 456 0 9491 0
Current children cumulated CPU time: 0.57 s
Current children cumulated vsize: 63004 KiB
Current children cumulated memory: 53220 KiB

[startup+1.50016 s]
/proc/loadavg: 46.96 47.14 43.16 48/2986 18
/proc/meminfo: memFree=424089876/527542208 swapFree=33473532/33554428
[pid=16] ppid=13 vsize=17684 memory=12428 CPUtime=0.04 cores=52-55,64-69,99-102,164-167,176-181,211-214
/proc/16/stat : 16 (python3) S 13 16 0 0 -1 4194304 1895 0 96 0 3 1 0 0 20 0 1 0 53447368 18108416 3107 67087892480 4194304 7154137 140729670521840 0 0 0 0 16781312 2 1 0 0 17 212 0 0 8 0 0 9727432 11029816 30416896 140729670527799 140729670527917 140729670527917 140729670528999 0
/proc/16/statm: 4421 3107 1512 723 0 2063 0
[pid=18] ppid=16 vsize=80072 memory=71616 CPUtime=1.33 cores=52-55,64-69,99-102,164-167,176-181,211-214
/proc/18/stat : 18 (bn4rust) R 16 16 0 0 -1 4194304 18487 0 18 0 130 3 0 0 20 0 1 0 53447382 81993728 17904 67087892480 94331719589888 94331721457009 140727579128256 0 0 0 0 4096 1088 0 0 0 17 214 0 0 1 0 0 94331721715072 94331721762008 94331740721152 140727579130618 140727579130774 140727579130774 140727579131873 0
/proc/18/statm: 20018 17904 1102 456 0 18179 0
Current children cumulated CPU time: 1.37 s
Current children cumulated vsize: 97756 KiB
Current children cumulated memory: 84044 KiB

[startup+3.1005 s]
/proc/loadavg: 46.96 47.14 43.16 47/2986 18
/proc/meminfo: memFree=423840076/527542208 swapFree=33473532/33554428
[pid=16] ppid=13 vsize=17684 memory=12428 CPUtime=0.04 cores=52-55,64-69,99-102,164-167,176-181,211-214
/proc/16/stat : 16 (python3) S 13 16 0 0 -1 4194304 1895 0 96 0 3 1 0 0 20 0 1 0 53447368 18108416 3107 67087892480 4194304 7154137 140729670521840 0 0 0 0 16781312 2 1 0 0 17 212 0 0 8 0 0 9727432 11029816 30416896 140729670527799 140729670527917 140729670527917 140729670528999 0
/proc/16/statm: 4421 3107 1512 723 0 2063 0
[pid=18] ppid=16 vsize=116640 memory=113132 CPUtime=2.92 cores=52-55,64-69,99-102,164-167,176-181,211-214
/proc/18/stat : 18 (bn4rust) R 16 16 0 0 -1 4194304 24670 0 18 0 286 6 0 0 20 0 1 0 53447382 119439360 28283 67087892480 94331719589888 94331721457009 140727579128256 0 0 0 0 4096 1088 0 0 0 17 214 0 0 1 0 0 94331721715072 94331721762008 94331740721152 140727579130618 140727579130774 140727579130774 140727579131873 0
/proc/18/statm: 29160 28283 1102 456 0 27321 0
Current children cumulated CPU time: 2.96 s
Current children cumulated vsize: 134324 KiB
Current children cumulated memory: 125560 KiB

[startup+6.30029 s]
/proc/loadavg: 46.88 47.12 43.18 48/2986 18
/proc/meminfo: memFree=423567088/527542208 swapFree=33473532/33554428
[pid=16] ppid=13 vsize=17684 memory=12428 CPUtime=0.04 cores=52-55,64-69,99-102,164-167,176-181,211-214
/proc/16/stat : 16 (python3) S 13 16 0 0 -1 4194304 1895 0 96 0 3 1 0 0 20 0 1 0 53447368 18108416 3107 67087892480 4194304 7154137 140729670521840 0 0 0 0 16781312 2 1 0 0 17 212 0 0 8 0 0 9727432 11029816 30416896 140729670527799 140729670527917 140729670527917 140729670528999 0
/proc/16/statm: 4421 3107 1512 723 0 2063 0
[pid=18] ppid=16 vsize=205012 memory=194668 CPUtime=6.11 cores=52-55,64-69,99-102,164-167,176-181,211-214
/proc/18/stat : 18 (bn4rust) R 16 16 0 0 -1 4194304 34747 0 18 0 597 14 0 0 20 0 1 0 53447382 209932288 48667 67087892480 94331719589888 94331721457009 140727579128256 0 0 0 0 4096 1088 0 0 0 17 214 0 0 1 0 0 94331721715072 94331721762008 94331740721152 140727579130618 140727579130774 140727579130774 140727579131873 0
/proc/18/statm: 51253 48667 1102 456 0 49414 0
Current children cumulated CPU time: 6.15 s
Current children cumulated vsize: 222696 KiB
Current children cumulated memory: 207096 KiB

[startup+12.7003 s]
/proc/loadavg: 46.81 47.10 43.20 47/2982 18
/proc/meminfo: memFree=423195416/527542208 swapFree=33473532/33554428
[pid=16] ppid=13 vsize=17684 memory=12428 CPUtime=0.04 cores=52-55,64-69,99-102,164-167,176-181,211-214
/proc/16/stat : 16 (python3) S 13 16 0 0 -1 4194304 1895 0 96 0 3 1 0 0 20 0 1 0 53447368 18108416 3107 67087892480 4194304 7154137 140729670521840 0 0 0 0 16781312 2 1 0 0 17 212 0 0 8 0 0 9727432 11029816 30416896 140729670527799 140729670527917 140729670527917 140729670528999 0
/proc/16/statm: 4421 3107 1512 723 0 2063 0
[pid=18] ppid=16 vsize=141776 memory=102440 CPUtime=12.49 cores=52-55,64-69,99-102,164-167,176-181,211-214
/proc/18/stat : 18 (bn4rust) R 16 16 0 0 -1 4194304 68089 0 18 0 1213 36 0 0 20 0 1 0 53447382 145178624 25610 67087892480 94331719589888 94331721457009 140727579128256 0 0 0 0 4096 1088 0 0 0 17 214 0 0 1 0 0 94331721715072 94331721762008 94331740721152 140727579130618 140727579130774 140727579130774 140727579131873 0
/proc/18/statm: 35444 25610 1102 456 0 33605 0
Current children cumulated CPU time: 12.53 s
Current children cumulated vsize: 159460 KiB
Current children cumulated memory: 114868 KiB

[startup+25.5003 s]
/proc/loadavg: 45.16 46.72 43.13 45/2981 18
/proc/meminfo: memFree=422994296/527542208 swapFree=33473532/33554428
[pid=16] ppid=13 vsize=17684 memory=12428 CPUtime=0.04 cores=52-55,64-69,99-102,164-167,176-181,211-214
/proc/16/stat : 16 (python3) S 13 16 0 0 -1 4194304 1895 0 96 0 3 1 0 0 20 0 1 0 53447368 18108416 3107 67087892480 4194304 7154137 140729670521840 0 0 0 0 16781312 2 1 0 0 17 212 0 0 8 0 0 9727432 11029816 30416896 140729670527799 140729670527917 140729670527917 140729670528999 0
/proc/16/statm: 4421 3107 1512 723 0 2063 0
[pid=18] ppid=16 vsize=235088 memory=180968 CPUtime=25.24 cores=52-55,64-69,99-102,164-167,176-181,211-214
/proc/18/stat : 18 (bn4rust) R 16 16 0 0 -1 4194304 151979 0 18 0 2433 91 0 0 20 0 1 0 53447382 240730112 45242 67087892480 94331719589888 94331721457009 140727579128256 0 0 0 0 4096 1088 0 0 0 17 102 0 0 1 0 0 94331721715072 94331721762008 94331740721152 140727579130618 140727579130774 140727579130774 140727579131873 0
/proc/18/statm: 58772 45242 1102 456 0 56933 0
Current children cumulated CPU time: 25.28 s
Current children cumulated vsize: 252772 KiB
Current children cumulated memory: 193396 KiB

[startup+51.1005 s]
/proc/loadavg: 44.82 46.53 43.17 49/2979 18
/proc/meminfo: memFree=432203484/527542208 swapFree=33473532/33554428
[pid=16] ppid=13 vsize=17684 memory=12428 CPUtime=0.04 cores=52-55,64-69,99-102,164-167,176-181,211-214
/proc/16/stat : 16 (python3) S 13 16 0 0 -1 4194304 1895 0 96 0 3 1 0 0 20 0 1 0 53447368 18108416 3107 67087892480 4194304 7154137 140729670521840 0 0 0 0 16781312 2 1 0 0 17 212 0 0 8 0 0 9727432 11029816 30416896 140729670527799 140729670527917 140729670527917 140729670528999 0
/proc/16/statm: 4421 3107 1512 723 0 2063 0
[pid=18] ppid=16 vsize=420484 memory=380276 CPUtime=50.75 cores=52-55,64-69,99-102,164-167,176-181,211-214
/proc/18/stat : 18 (bn4rust) R 16 16 0 0 -1 4194304 300912 0 18 0 4884 191 0 0 20 0 1 0 53447382 430575616 95069 67087892480 94331719589888 94331721457009 140727579128256 0 0 0 0 4096 1088 0 0 0 17 214 0 0 1 0 0 94331721715072 94331721762008 94331740721152 140727579130618 140727579130774 140727579130774 140727579131873 0
/proc/18/statm: 105121 95069 1102 456 0 103282 0
Current children cumulated CPU time: 50.79 s
Current children cumulated vsize: 438168 KiB
Current children cumulated memory: 392704 KiB

[startup+102.3 s]
/proc/loadavg: 44.49 46.17 43.22 47/2955 18
/proc/meminfo: memFree=434077684/527542208 swapFree=33473532/33554428
[pid=16] ppid=13 vsize=17684 memory=12428 CPUtime=0.04 cores=52-55,64-69,99-102,164-167,176-181,211-214
/proc/16/stat : 16 (python3) S 13 16 0 0 -1 4194304 1895 0 96 0 3 1 0 0 20 0 1 0 53447368 18108416 3107 67087892480 4194304 7154137 140729670521840 0 0 0 0 16781312 2 1 0 0 17 212 0 0 8 0 0 9727432 11029816 30416896 140729670527799 140729670527917 140729670527917 140729670528999 0
/proc/16/statm: 4421 3107 1512 723 0 2063 0
[pid=18] ppid=16 vsize=254340 memory=230200 CPUtime=101.75 cores=52-55,64-69,99-102,164-167,176-181,211-214
/proc/18/stat : 18 (bn4rust) R 16 16 0 0 -1 4194304 408048 0 18 0 9855 320 0 0 20 0 1 0 53447382 260444160 57550 67087892480 94331719589888 94331721457009 140727579128256 0 0 0 0 4096 1088 0 0 0 17 102 0 0 1 0 0 94331721715072 94331721762008 94331740721152 140727579130618 140727579130774 140727579130774 140727579131873 0
/proc/18/statm: 63585 57550 1102 456 0 61746 0
Current children cumulated CPU time: 101.79 s
Current children cumulated vsize: 272024 KiB
Current children cumulated memory: 242628 KiB

[startup+162.3 s]
/proc/loadavg: 33.99 43.19 42.40 26/2969 18
/proc/meminfo: memFree=450794812/527542208 swapFree=33473532/33554428
[pid=16] ppid=13 vsize=17684 memory=12428 CPUtime=0.04 cores=52-55,64-69,99-102,164-167,176-181,211-214
/proc/16/stat : 16 (python3) S 13 16 0 0 -1 4194304 1895 0 96 0 3 1 0 0 20 0 1 0 53447368 18108416 3107 67087892480 4194304 7154137 140729670521840 0 0 0 0 16781312 2 1 0 0 17 212 0 0 8 0 0 9727432 11029816 30416896 140729670527799 140729670527917 140729670527917 140729670528999 0
/proc/16/statm: 4421 3107 1512 723 0 2063 0
[pid=18] ppid=16 vsize=426376 memory=387460 CPUtime=161.52 cores=52-55,64-69,99-102,164-167,176-181,211-214
/proc/18/stat : 18 (bn4rust) R 16 16 0 0 -1 4194304 555932 0 18 0 15643 509 0 0 20 0 1 0 53447382 436609024 96865 67087892480 94331719589888 94331721457009 140727579128256 0 0 0 0 4096 1088 0 0 0 17 214 0 0 1 0 0 94331721715072 94331721762008 94331740721152 140727579130618 140727579130774 140727579130774 140727579131873 0
/proc/18/statm: 106594 96865 1102 456 0 104755 0
Current children cumulated CPU time: 161.56 s
Current children cumulated vsize: 444060 KiB
Current children cumulated memory: 399888 KiB

[startup+222.3 s]
/proc/loadavg: 28.16 39.82 41.29 25/3006 18
/proc/meminfo: memFree=444027848/527542208 swapFree=33473532/33554428
[pid=16] ppid=13 vsize=17684 memory=12428 CPUtime=0.04 cores=52-55,64-69,99-102,164-167,176-181,211-214
/proc/16/stat : 16 (python3) S 13 16 0 0 -1 4194304 1895 0 96 0 3 1 0 0 20 0 1 0 53447368 18108416 3107 67087892480 4194304 7154137 140729670521840 0 0 0 0 16781312 2 1 0 0 17 212 0 0 8 0 0 9727432 11029816 30416896 140729670527799 140729670527917 140729670527917 140729670528999 0
/proc/16/statm: 4421 3107 1512 723 0 2063 0
[pid=18] ppid=16 vsize=254352 memory=236356 CPUtime=221.31 cores=52-55,64-69,99-102,164-167,176-181,211-214
/proc/18/stat : 18 (bn4rust) R 16 16 0 0 -1 4194304 693097 0 18 0 21470 661 0 0 20 0 1 0 53447382 260456448 59089 67087892480 94331719589888 94331721457009 140727579128256 0 0 0 0 4096 1088 0 0 0 17 102 0 0 1 0 0 94331721715072 94331721762008 94331740721152 140727579130618 140727579130774 140727579130774 140727579131873 0
/proc/18/statm: 63588 59089 1102 456 0 61749 0
Current children cumulated CPU time: 221.35 s
Current children cumulated vsize: 272036 KiB
Current children cumulated memory: 248784 KiB

[startup+282.3 s]
/proc/loadavg: 24.86 36.77 40.15 27/3040 18
/proc/meminfo: memFree=453723280/527542208 swapFree=33473532/33554428
[pid=16] ppid=13 vsize=17684 memory=12428 CPUtime=0.04 cores=52-55,64-69,99-102,164-167,176-181,211-214
/proc/16/stat : 16 (python3) S 13 16 0 0 -1 4194304 1895 0 96 0 3 1 0 0 20 0 1 0 53447368 18108416 3107 67087892480 4194304 7154137 140729670521840 0 0 0 0 16781312 2 1 0 0 17 212 0 0 8 0 0 9727432 11029816 30416896 140729670527799 140729670527917 140729670527917 140729670528999 0
/proc/16/statm: 4421 3107 1512 723 0 2063 0
[pid=18] ppid=16 vsize=254400 memory=234352 CPUtime=281.08 cores=52-55,64-69,99-102,164-167,176-181,211-214
/proc/18/stat : 18 (bn4rust) R 16 16 0 0 -1 4194304 804348 0 18 0 27295 813 0 0 20 0 1 0 53447382 260505600 58588 67087892480 94331719589888 94331721457009 140727579128256 0 0 0 0 4096 1088 0 0 0 17 214 0 0 1 0 0 94331721715072 94331721762008 94331740721152 140727579130618 140727579130774 140727579130774 140727579131873 0
/proc/18/statm: 63600 58588 1102 456 0 61761 0
Current children cumulated CPU time: 281.12 s
Current children cumulated vsize: 272084 KiB
Current children cumulated memory: 246780 KiB

[startup+342.3 s]
/proc/loadavg: 24.83 34.58 39.18 26/3006 18
/proc/meminfo: memFree=455310320/527542208 swapFree=33473532/33554428
[pid=16] ppid=13 vsize=17684 memory=12428 CPUtime=0.04 cores=52-55,64-69,99-102,164-167,176-181,211-214
/proc/16/stat : 16 (python3) S 13 16 0 0 -1 4194304 1895 0 96 0 3 1 0 0 20 0 1 0 53447368 18108416 3107 67087892480 4194304 7154137 140729670521840 0 0 0 0 16781312 2 1 0 0 17 212 0 0 8 0 0 9727432 11029816 30416896 140729670527799 140729670527917 140729670527917 140729670528999 0
/proc/16/statm: 4421 3107 1512 723 0 2063 0
[pid=18] ppid=16 vsize=426436 memory=401852 CPUtime=340.85 cores=52-55,64-69,99-102,164-167,176-181,211-214
/proc/18/stat : 18 (bn4rust) R 16 16 0 0 -1 4194304 954772 0 18 0 33073 1012 0 0 20 0 1 0 53447382 436670464 100463 67087892480 94331719589888 94331721457009 140727579128256 0 0 0 0 4096 1088 0 0 0 17 102 0 0 1 0 0 94331721715072 94331721762008 94331740721152 140727579130618 140727579130774 140727579130774 140727579131873 0
/proc/18/statm: 106609 100463 1102 456 0 104770 0
Current children cumulated CPU time: 340.89 s
Current children cumulated vsize: 444120 KiB
Current children cumulated memory: 414280 KiB

[startup+402.3 s]
/proc/loadavg: 23.86 32.54 38.19 24/3003 18
/proc/meminfo: memFree=453134576/527542208 swapFree=33473532/33554428
[pid=16] ppid=13 vsize=17684 memory=12428 CPUtime=0.04 cores=52-55,64-69,99-102,164-167,176-181,211-214
/proc/16/stat : 16 (python3) S 13 16 0 0 -1 4194304 1895 0 96 0 3 1 0 0 20 0 1 0 53447368 18108416 3107 67087892480 4194304 7154137 140729670521840 0 0 0 0 16781312 2 1 0 0 17 212 0 0 8 0 0 9727432 11029816 30416896 140729670527799 140729670527917 140729670527917 140729670528999 0
/proc/16/statm: 4421 3107 1512 723 0 2063 0
[pid=18] ppid=16 vsize=426484 memory=412140 CPUtime=400.63 cores=52-55,64-69,99-102,164-167,176-181,211-214
/proc/18/stat : 18 (bn4rust) R 16 16 0 0 -1 4194304 1097174 0 18 0 38896 1167 0 0 20 0 1 0 53447382 436719616 103035 67087892480 94331719589888 94331721457009 140727579128256 0 0 0 0 4096 1088 0 0 0 17 102 0 0 1 0 0 94331721715072 94331721762008 94331740721152 140727579130618 140727579130774 140727579130774 140727579131873 0
/proc/18/statm: 106621 103035 1102 456 0 104782 0
Current children cumulated CPU time: 400.67 s
Current children cumulated vsize: 444168 KiB
Current children cumulated memory: 424568 KiB

[startup+462.3 s]
/proc/loadavg: 24.31 31.08 37.33 26/2989 18
/proc/meminfo: memFree=454984424/527542208 swapFree=33473532/33554428
[pid=16] ppid=13 vsize=17684 memory=12428 CPUtime=0.04 cores=52-55,64-69,99-102,164-167,176-181,211-214
/proc/16/stat : 16 (python3) S 13 16 0 0 -1 4194304 1895 0 96 0 3 1 0 0 20 0 1 0 53447368 18108416 3107 67087892480 4194304 7154137 140729670521840 0 0 0 0 16781312 2 1 0 0 17 212 0 0 8 0 0 9727432 11029816 30416896 140729670527799 140729670527917 140729670527917 140729670528999 0
/proc/16/statm: 4421 3107 1512 723 0 2063 0
[pid=18] ppid=16 vsize=254472 memory=230332 CPUtime=460.41 cores=52-55,64-69,99-102,164-167,176-181,211-214
/proc/18/stat : 18 (bn4rust) R 16 16 0 0 -1 4194304 1220036 0 18 0 44716 1325 0 0 20 0 1 0 53447382 260579328 57583 67087892480 94331719589888 94331721457009 140727579128256 0 0 0 0 4096 1088 0 0 0 17 102 0 0 1 0 0 94331721715072 94331721762008 94331740721152 140727579130618 140727579130774 140727579130774 140727579131873 0
/proc/18/statm: 63618 57583 1102 456 0 61779 0
Current children cumulated CPU time: 460.45 s
Current children cumulated vsize: 272156 KiB
Current children cumulated memory: 242760 KiB

[startup+522.3 s]
/proc/loadavg: 23.71 29.68 36.46 24/2986 18
/proc/meminfo: memFree=452410584/527542208 swapFree=33473532/33554428
[pid=16] ppid=13 vsize=17684 memory=12428 CPUtime=0.04 cores=52-55,64-69,99-102,164-167,176-181,211-214
/proc/16/stat : 16 (python3) S 13 16 0 0 -1 4194304 1895 0 96 0 3 1 0 0 20 0 1 0 53447368 18108416 3107 67087892480 4194304 7154137 140729670521840 0 0 0 0 16781312 2 1 0 0 17 212 0 0 8 0 0 9727432 11029816 30416896 140729670527799 140729670527917 140729670527917 140729670528999 0
/proc/16/statm: 4421 3107 1512 723 0 2063 0
[pid=18] ppid=16 vsize=95744 memory=90236 CPUtime=520.19 cores=52-55,64-69,99-102,164-167,176-181,211-214
/proc/18/stat : 18 (bn4rust) R 16 16 0 0 -1 4194304 1349494 0 18 0 50518 1501 0 0 20 0 1 0 53447382 98041856 22559 67087892480 94331719589888 94331721457009 140727579128256 0 0 0 0 4096 1088 0 0 0 17 214 0 0 1 0 0 94331721715072 94331721762008 94331740721152 140727579130618 140727579130774 140727579130774 140727579131873 0
/proc/18/statm: 23936 22559 1102 456 0 22097 0
Current children cumulated CPU time: 520.23 s
Current children cumulated vsize: 113428 KiB
Current children cumulated memory: 102664 KiB

[startup+582.3 s]
/proc/loadavg: 24.36 28.77 35.72 34/3012 18
/proc/meminfo: memFree=450305484/527542208 swapFree=33473532/33554428
[pid=16] ppid=13 vsize=17684 memory=12428 CPUtime=0.04 cores=52-55,64-69,99-102,164-167,176-181,211-214
/proc/16/stat : 16 (python3) S 13 16 0 0 -1 4194304 1895 0 96 0 3 1 0 0 20 0 1 0 53447368 18108416 3107 67087892480 4194304 7154137 140729670521840 0 0 0 0 16781312 2 1 0 0 17 212 0 0 8 0 0 9727432 11029816 30416896 140729670527799 140729670527917 140729670527917 140729670528999 0
/proc/16/statm: 4421 3107 1512 723 0 2063 0
[pid=18] ppid=16 vsize=254448 memory=240552 CPUtime=579.96 cores=52-55,64-69,99-102,164-167,176-181,211-214
/proc/18/stat : 18 (bn4rust) R 16 16 0 0 -1 4194304 1502308 0 18 0 56319 1677 0 0 20 0 1 0 53447382 260554752 60138 67087892480 94331719589888 94331721457009 140727579128256 0 0 0 0 4096 1088 0 0 0 17 99 0 0 1 0 0 94331721715072 94331721762008 94331740721152 140727579130618 140727579130774 140727579130774 140727579131873 0
/proc/18/statm: 63612 60138 1102 456 0 61773 0
Current children cumulated CPU time: 580 s
Current children cumulated vsize: 272132 KiB
Current children cumulated memory: 252980 KiB

[startup+642.3 s]
/proc/loadavg: 23.86 27.83 34.96 24/2973 18
/proc/meminfo: memFree=433293880/527542208 swapFree=33473532/33554428
[pid=16] ppid=13 vsize=17684 memory=12428 CPUtime=0.04 cores=52-55,64-69,99-102,164-167,176-181,211-214
/proc/16/stat : 16 (python3) S 13 16 0 0 -1 4194304 1895 0 96 0 3 1 0 0 20 0 1 0 53447368 18108416 3107 67087892480 4194304 7154137 140729670521840 0 0 0 0 16781312 2 1 0 0 17 212 0 0 8 0 0 9727432 11029816 30416896 140729670527799 140729670527917 140729670527917 140729670528999 0
/proc/16/statm: 4421 3107 1512 723 0 2063 0
[pid=18] ppid=16 vsize=254616 memory=233524 CPUtime=639.73 cores=52-55,64-69,99-102,164-167,176-181,211-214
/proc/18/stat : 18 (bn4rust) R 16 16 0 0 -1 4194304 1633979 0 18 0 62135 1838 0 0 20 0 1 0 53447382 260726784 58315 67087892480 94331719589888 94331721457009 140727579128256 0 0 0 0 4096 1088 0 0 0 17 99 0 0 1 0 0 94331721715072 94331721762008 94331740721152 140727579130618 140727579130774 140727579130774 140727579131873 0
/proc/18/statm: 63654 58381 1102 456 0 61815 0
Current children cumulated CPU time: 639.77 s
Current children cumulated vsize: 272300 KiB
Current children cumulated memory: 245952 KiB

[startup+702.3 s]
/proc/loadavg: 24.25 27.22 34.30 26/2973 18
/proc/meminfo: memFree=435995184/527542208 swapFree=33473532/33554428
[pid=16] ppid=13 vsize=17684 memory=12428 CPUtime=0.04 cores=52-55,64-69,99-102,164-167,176-181,211-214
/proc/16/stat : 16 (python3) S 13 16 0 0 -1 4194304 1895 0 96 0 3 1 0 0 20 0 1 0 53447368 18108416 3107 67087892480 4194304 7154137 140729670521840 0 0 0 0 16781312 2 1 0 0 17 212 0 0 8 0 0 9727432 11029816 30416896 140729670527799 140729670527917 140729670527917 140729670528999 0
/proc/16/statm: 4421 3107 1512 723 0 2063 0
[pid=18] ppid=16 vsize=162348 memory=130600 CPUtime=699.51 cores=52-55,64-69,99-102,164-167,176-181,211-214
/proc/18/stat : 18 (bn4rust) R 16 16 0 0 -1 4194304 1749931 0 18 0 67953 1998 0 0 20 0 1 0 53447382 166244352 32650 67087892480 94331719589888 94331721457009 140727579128256 0 0 0 0 4096 1088 0 0 0 17 99 0 0 1 0 0 94331721715072 94331721762008 94331740721152 140727579130618 140727579130774 140727579130774 140727579131873 0
/proc/18/statm: 40587 32650 1102 456 0 38748 0
Current children cumulated CPU time: 699.55 s
Current children cumulated vsize: 180032 KiB
Current children cumulated memory: 143028 KiB

[startup+762.3 s]
/proc/loadavg: 24.86 26.86 33.73 26/2993 18
/proc/meminfo: memFree=433348420/527542208 swapFree=33473532/33554428
[pid=16] ppid=13 vsize=17684 memory=12428 CPUtime=0.04 cores=52-55,64-69,99-102,164-167,176-181,211-214
/proc/16/stat : 16 (python3) S 13 16 0 0 -1 4194304 1895 0 96 0 3 1 0 0 20 0 1 0 53447368 18108416 3107 67087892480 4194304 7154137 140729670521840 0 0 0 0 16781312 2 1 0 0 17 212 0 0 8 0 0 9727432 11029816 30416896 140729670527799 140729670527917 140729670527917 140729670528999 0
/proc/16/statm: 4421 3107 1512 723 0 2063 0
[pid=18] ppid=16 vsize=426700 memory=395976 CPUtime=759.25 cores=52-55,64-69,99-102,164-167,176-181,211-214
/proc/18/stat : 18 (bn4rust) R 16 16 0 0 -1 4194304 1910577 0 18 0 73736 2189 0 0 20 0 1 0 53447382 436940800 98994 67087892480 94331719589888 94331721457009 140727579128256 0 0 0 0 4096 1088 0 0 0 17 99 0 0 1 0 0 94331721715072 94331721762008 94331740721152 140727579130618 140727579130774 140727579130774 140727579131873 0
/proc/18/statm: 106675 98994 1102 456 0 104836 0
Current children cumulated CPU time: 759.29 s
Current children cumulated vsize: 444384 KiB
Current children cumulated memory: 408404 KiB

[startup+822.3 s]
/proc/loadavg: 25.02 26.55 33.19 25/2971 18
/proc/meminfo: memFree=431679708/527542208 swapFree=33473532/33554428
[pid=16] ppid=13 vsize=17684 memory=12428 CPUtime=0.04 cores=52-55,64-69,99-102,164-167,176-181,211-214
/proc/16/stat : 16 (python3) S 13 16 0 0 -1 4194304 1895 0 96 0 3 1 0 0 20 0 1 0 53447368 18108416 3107 67087892480 4194304 7154137 140729670521840 0 0 0 0 16781312 2 1 0 0 17 212 0 0 8 0 0 9727432 11029816 30416896 140729670527799 140729670527917 140729670527917 140729670528999 0
/proc/16/statm: 4421 3107 1512 723 0 2063 0
[pid=18] ppid=16 vsize=292748 memory=276528 CPUtime=819.03 cores=52-55,64-69,99-102,164-167,176-181,211-214
/proc/18/stat : 18 (bn4rust) R 16 16 0 0 -1 4194304 2043540 0 18 0 79556 2347 0 0 20 0 1 0 53447382 299773952 69132 67087892480 94331719589888 94331721457009 140727579128256 0 0 0 0 4096 1088 0 0 0 17 99 0 0 1 0 0 94331721715072 94331721762008 94331740721152 140727579130618 140727579130774 140727579130774 140727579131873 0
/proc/18/statm: 73187 69132 1102 456 0 71348 0
Current children cumulated CPU time: 819.07 s
Current children cumulated vsize: 310432 KiB
Current children cumulated memory: 288956 KiB

[startup+882.3 s]
/proc/loadavg: 24.60 26.18 32.65 25/2973 18
/proc/meminfo: memFree=430421368/527542208 swapFree=33473532/33554428
[pid=16] ppid=13 vsize=17684 memory=12428 CPUtime=0.04 cores=52-55,64-69,99-102,164-167,176-181,211-214
/proc/16/stat : 16 (python3) S 13 16 0 0 -1 4194304 1895 0 96 0 3 1 0 0 20 0 1 0 53447368 18108416 3107 67087892480 4194304 7154137 140729670521840 0 0 0 0 16781312 2 1 0 0 17 212 0 0 8 0 0 9727432 11029816 30416896 140729670527799 140729670527917 140729670527917 140729670528999 0
/proc/16/statm: 4421 3107 1512 723 0 2063 0
[pid=18] ppid=16 vsize=254640 memory=232552 CPUtime=878.77 cores=52-55,64-69,99-102,164-167,176-181,211-214
/proc/18/stat : 18 (bn4rust) R 16 16 0 0 -1 4194304 2155301 0 18 0 85375 2502 0 0 20 0 1 0 53447382 260751360 58138 67087892480 94331719589888 94331721457009 140727579128256 0 0 0 0 4096 1088 0 0 0 17 99 0 0 1 0 0 94331721715072 94331721762008 94331740721152 140727579130618 140727579130774 140727579130774 140727579131873 0
/proc/18/statm: 63660 58138 1102 456 0 61821 0
Current children cumulated CPU time: 878.81 s
Current children cumulated vsize: 272324 KiB
Current children cumulated memory: 244980 KiB

[startup+942.3 s]
/proc/loadavg: 25.40 26.12 32.22 25/2975 18
/proc/meminfo: memFree=422364300/527542208 swapFree=33473532/33554428
[pid=16] ppid=13 vsize=17684 memory=12428 CPUtime=0.04 cores=52-55,64-69,99-102,164-167,176-181,211-214
/proc/16/stat : 16 (python3) S 13 16 0 0 -1 4194304 1895 0 96 0 3 1 0 0 20 0 1 0 53447368 18108416 3107 67087892480 4194304 7154137 140729670521840 0 0 0 0 16781312 2 1 0 0 17 212 0 0 8 0 0 9727432 11029816 30416896 140729670527799 140729670527917 140729670527917 140729670528999 0
/proc/16/statm: 4421 3107 1512 723 0 2063 0
[pid=18] ppid=16 vsize=402096 memory=392916 CPUtime=938.53 cores=52-55,64-69,99-102,164-167,176-181,211-214
/proc/18/stat : 18 (bn4rust) R 16 16 0 0 -1 4194304 2311265 0 18 0 91158 2695 0 0 20 0 1 0 53447382 411746304 98229 67087892480 94331719589888 94331721457009 140727579128256 0 0 0 0 4096 1088 0 0 0 17 102 0 0 1 0 0 94331721715072 94331721762008 94331740721152 140727579130618 140727579130774 140727579130774 140727579131873 0
/proc/18/statm: 100524 98229 1102 456 0 98685 0
Current children cumulated CPU time: 938.57 s
Current children cumulated vsize: 419780 KiB
Current children cumulated memory: 405344 KiB

[startup+1002.3 s]
/proc/loadavg: 24.72 25.78 31.72 25/2974 18
/proc/meminfo: memFree=493319420/527542208 swapFree=33474044/33554428
[pid=16] ppid=13 vsize=17684 memory=12428 CPUtime=0.04 cores=52-55,64-69,99-102,164-167,176-181,211-214
/proc/16/stat : 16 (python3) S 13 16 0 0 -1 4194304 1895 0 96 0 3 1 0 0 20 0 1 0 53447368 18108416 3107 67087892480 4194304 7154137 140729670521840 0 0 0 0 16781312 2 1 0 0 17 212 0 0 8 0 0 9727432 11029816 30416896 140729670527799 140729670527917 140729670527917 140729670528999 0
/proc/16/statm: 4421 3107 1512 723 0 2063 0
[pid=18] ppid=16 vsize=281520 memory=250784 CPUtime=998.28 cores=52-55,64-69,99-102,164-167,176-181,211-214
/proc/18/stat : 18 (bn4rust) R 16 16 0 0 -1 4194304 2442819 0 18 0 96982 2846 0 0 20 0 1 0 53447382 288276480 62696 67087892480 94331719589888 94331721457009 140727579128256 0 0 0 0 4096 1088 0 0 0 17 214 0 0 1 0 0 94331721715072 94331721762008 94331740721152 140727579130618 140727579130774 140727579130774 140727579131873 0
/proc/18/statm: 70380 62696 1102 456 0 68541 0
Current children cumulated CPU time: 998.32 s
Current children cumulated vsize: 299204 KiB
Current children cumulated memory: 263212 KiB

[startup+1062.3 s]
/proc/loadavg: 23.97 25.36 31.20 24/2957 18
/proc/meminfo: memFree=495377812/527542208 swapFree=33474044/33554428
[pid=16] ppid=13 vsize=17684 memory=12428 CPUtime=0.04 cores=52-55,64-69,99-102,164-167,176-181,211-214
/proc/16/stat : 16 (python3) S 13 16 0 0 -1 4194304 1895 0 96 0 3 1 0 0 20 0 1 0 53447368 18108416 3107 67087892480 4194304 7154137 140729670521840 0 0 0 0 16781312 2 1 0 0 17 212 0 0 8 0 0 9727432 11029816 30416896 140729670527799 140729670527917 140729670527917 140729670528999 0
/proc/16/statm: 4421 3107 1512 723 0 2063 0
[pid=18] ppid=16 vsize=168868 memory=151704 CPUtime=1058.07 cores=52-55,64-69,99-102,164-167,176-181,211-214
/proc/18/stat : 18 (bn4rust) R 16 16 0 0 -1 4194304 2558823 0 18 0 102801 3006 0 0 20 0 1 0 53447382 172920832 37926 67087892480 94331719589888 94331721457009 140727579128256 0 0 0 0 4096 1088 0 0 0 17 214 0 0 1 0 0 94331721715072 94331721762008 94331740721152 140727579130618 140727579130774 140727579130774 140727579131873 0
/proc/18/statm: 42217 37926 1102 456 0 40378 0
Current children cumulated CPU time: 1058.11 s
Current children cumulated vsize: 186552 KiB
Current children cumulated memory: 164132 KiB

[startup+1122.3 s]
/proc/loadavg: 23.95 25.07 30.73 26/2999 18
/proc/meminfo: memFree=494996316/527542208 swapFree=33474044/33554428
[pid=16] ppid=13 vsize=17684 memory=12428 CPUtime=0.04 cores=52-55,64-69,99-102,164-167,176-181,211-214
/proc/16/stat : 16 (python3) S 13 16 0 0 -1 4194304 1895 0 96 0 3 1 0 0 20 0 1 0 53447368 18108416 3107 67087892480 4194304 7154137 140729670521840 0 0 0 0 16781312 2 1 0 0 17 212 0 0 8 0 0 9727432 11029816 30416896 140729670527799 140729670527917 140729670527917 140729670528999 0
/proc/16/statm: 4421 3107 1512 723 0 2063 0
[pid=18] ppid=16 vsize=404400 memory=390864 CPUtime=1117.83 cores=52-55,64-69,99-102,164-167,176-181,211-214
/proc/18/stat : 18 (bn4rust) R 16 16 0 0 -1 4194304 2712897 0 18 0 108575 3208 0 0 20 0 1 0 53447382 414105600 97716 67087892480 94331719589888 94331721457009 140727579128256 0 0 0 0 4096 1088 0 0 0 17 214 0 0 1 0 0 94331721715072 94331721762008 94331740721152 140727579130618 140727579130774 140727579130774 140727579131873 0
/proc/18/statm: 101100 97716 1102 456 0 99261 0
Current children cumulated CPU time: 1117.87 s
Current children cumulated vsize: 422084 KiB
Current children cumulated memory: 403292 KiB

[startup+1182.3 s]
/proc/loadavg: 24.07 24.91 30.32 24/2990 18
/proc/meminfo: memFree=513175244/527542208 swapFree=33474044/33554428
[pid=16] ppid=13 vsize=17684 memory=12428 CPUtime=0.04 cores=52-55,64-69,99-102,164-167,176-181,211-214
/proc/16/stat : 16 (python3) S 13 16 0 0 -1 4194304 1895 0 96 0 3 1 0 0 20 0 1 0 53447368 18108416 3107 67087892480 4194304 7154137 140729670521840 0 0 0 0 16781312 2 1 0 0 17 212 0 0 8 0 0 9727432 11029816 30416896 140729670527799 140729670527917 140729670527917 140729670528999 0
/proc/16/statm: 4421 3107 1512 723 0 2063 0
[pid=18] ppid=16 vsize=281520 memory=253624 CPUtime=1177.6 cores=52-55,64-69,99-102,164-167,176-181,211-214
/proc/18/stat : 18 (bn4rust) R 16 16 0 0 -1 4194304 2857904 0 18 0 114394 3366 0 0 20 0 1 0 53447382 288276480 63406 67087892480 94331719589888 94331721457009 140727579128256 0 0 0 0 4096 1088 0 0 0 17 214 0 0 1 0 0 94331721715072 94331721762008 94331740721152 140727579130618 140727579130774 140727579130774 140727579131873 0
/proc/18/statm: 70380 63406 1102 456 0 68541 0
Current children cumulated CPU time: 1177.64 s
Current children cumulated vsize: 299204 KiB
Current children cumulated memory: 266052 KiB

[startup+1242.3 s]
/proc/loadavg: 23.78 24.66 29.90 25/2999 18
/proc/meminfo: memFree=513210756/527542208 swapFree=33474044/33554428
[pid=16] ppid=13 vsize=17684 memory=12428 CPUtime=0.04 cores=52-55,64-69,99-102,164-167,176-181,211-214
/proc/16/stat : 16 (python3) S 13 16 0 0 -1 4194304 1895 0 96 0 3 1 0 0 20 0 1 0 53447368 18108416 3107 67087892480 4194304 7154137 140729670521840 0 0 0 0 16781312 2 1 0 0 17 212 0 0 8 0 0 9727432 11029816 30416896 140729670527799 140729670527917 140729670527917 140729670528999 0
/proc/16/statm: 4421 3107 1512 723 0 2063 0
[pid=18] ppid=16 vsize=318388 memory=269208 CPUtime=1237.38 cores=52-55,64-69,99-102,164-167,176-181,211-214
/proc/18/stat : 18 (bn4rust) R 16 16 0 0 -1 4194304 2978797 0 18 0 120211 3527 0 0 20 0 1 0 53447382 326029312 67302 67087892480 94331719589888 94331721457009 140727579128256 0 0 0 0 4096 1088 0 0 0 17 214 0 0 1 0 0 94331721715072 94331721762008 94331740721152 140727579130618 140727579130774 140727579130774 140727579131873 0
/proc/18/statm: 79597 67302 1102 456 0 77758 0
Current children cumulated CPU time: 1237.42 s
Current children cumulated vsize: 336072 KiB
Current children cumulated memory: 281636 KiB

[startup+1302.3 s]
/proc/loadavg: 23.96 24.56 29.53 25/2989 18
/proc/meminfo: memFree=512956716/527542208 swapFree=33474044/33554428
[pid=16] ppid=13 vsize=17684 memory=12428 CPUtime=0.04 cores=52-55,64-69,99-102,164-167,176-181,211-214
/proc/16/stat : 16 (python3) S 13 16 0 0 -1 4194304 1895 0 96 0 3 1 0 0 20 0 1 0 53447368 18108416 3107 67087892480 4194304 7154137 140729670521840 0 0 0 0 16781312 2 1 0 0 17 212 0 0 8 0 0 9727432 11029816 30416896 140729670527799 140729670527917 140729670527917 140729670528999 0
/proc/16/statm: 4421 3107 1512 723 0 2063 0
[pid=18] ppid=16 vsize=91044 memory=80188 CPUtime=1297.16 cores=52-55,64-69,99-102,164-167,176-181,211-214
/proc/18/stat : 18 (bn4rust) R 16 16 0 0 -1 4194304 3125177 0 18 0 125991 3725 0 0 20 0 1 0 53447382 93229056 20047 67087892480 94331719589888 94331721457009 140727579128256 0 0 0 0 4096 1088 0 0 0 17 214 0 0 1 0 0 94331721715072 94331721762008 94331740721152 140727579130618 140727579130774 140727579130774 140727579131873 0
/proc/18/statm: 22761 20047 1102 456 0 20922 0
Current children cumulated CPU time: 1297.2 s
Current children cumulated vsize: 108728 KiB
Current children cumulated memory: 92616 KiB

[startup+1362.3 s]
/proc/loadavg: 23.95 24.44 29.18 25/2985 18
/proc/meminfo: memFree=512666524/527542208 swapFree=33474044/33554428
[pid=16] ppid=13 vsize=17684 memory=12428 CPUtime=0.04 cores=52-55,64-69,99-102,164-167,176-181,211-214
/proc/16/stat : 16 (python3) S 13 16 0 0 -1 4194304 1895 0 96 0 3 1 0 0 20 0 1 0 53447368 18108416 3107 67087892480 4194304 7154137 140729670521840 0 0 0 0 16781312 2 1 0 0 17 212 0 0 8 0 0 9727432 11029816 30416896 140729670527799 140729670527917 140729670527917 140729670528999 0
/proc/16/statm: 4421 3107 1512 723 0 2063 0
[pid=18] ppid=16 vsize=453556 memory=421124 CPUtime=1356.94 cores=52-55,64-69,99-102,164-167,176-181,211-214
/proc/18/stat : 18 (bn4rust) R 16 16 0 0 -1 4194304 3271312 0 18 0 131803 3891 0 0 20 0 1 0 53447382 464441344 105281 67087892480 94331719589888 94331721457009 140727579128256 0 0 0 0 4096 1088 0 0 0 17 214 0 0 1 0 0 94331721715072 94331721762008 94331740721152 140727579130618 140727579130774 140727579130774 140727579131873 0
/proc/18/statm: 113389 105281 1102 456 0 111550 0
Current children cumulated CPU time: 1356.98 s
Current children cumulated vsize: 471240 KiB
Current children cumulated memory: 433552 KiB

[startup+1422.3 s]
/proc/loadavg: 24.11 24.41 28.87 25/2988 18
/proc/meminfo: memFree=513254676/527542208 swapFree=33474044/33554428
[pid=16] ppid=13 vsize=17684 memory=12428 CPUtime=0.04 cores=52-55,64-69,99-102,164-167,176-181,211-214
/proc/16/stat : 16 (python3) S 13 16 0 0 -1 4194304 1895 0 96 0 3 1 0 0 20 0 1 0 53447368 18108416 3107 67087892480 4194304 7154137 140729670521840 0 0 0 0 16781312 2 1 0 0 17 212 0 0 8 0 0 9727432 11029816 30416896 140729670527799 140729670527917 140729670527917 140729670528999 0
/proc/16/statm: 4421 3107 1512 723 0 2063 0
[pid=18] ppid=16 vsize=256940 memory=241824 CPUtime=1416.7 cores=52-55,64-69,99-102,164-167,176-181,211-214
/proc/18/stat : 18 (bn4rust) R 16 16 0 0 -1 4194304 3397179 0 18 0 137621 4049 0 0 20 0 1 0 53447382 263106560 60456 67087892480 94331719589888 94331721457009 140727579128256 0 0 0 0 4096 1088 0 0 0 17 102 0 0 1 0 0 94331721715072 94331721762008 94331740721152 140727579130618 140727579130774 140727579130774 140727579131873 0
/proc/18/statm: 64235 60456 1102 456 0 62396 0
Current children cumulated CPU time: 1416.74 s
Current children cumulated vsize: 274624 KiB
Current children cumulated memory: 254252 KiB

[startup+1482.3 s]
/proc/loadavg: 23.95 24.31 28.55 25/2991 18
/proc/meminfo: memFree=512287300/527542208 swapFree=33474044/33554428
[pid=16] ppid=13 vsize=17684 memory=12428 CPUtime=0.04 cores=52-55,64-69,99-102,164-167,176-181,211-214
/proc/16/stat : 16 (python3) S 13 16 0 0 -1 4194304 1895 0 96 0 3 1 0 0 20 0 1 0 53447368 18108416 3107 67087892480 4194304 7154137 140729670521840 0 0 0 0 16781312 2 1 0 0 17 212 0 0 8 0 0 9727432 11029816 30416896 140729670527799 140729670527917 140729670527917 140729670528999 0
/proc/16/statm: 4421 3107 1512 723 0 2063 0
[pid=18] ppid=16 vsize=91044 memory=80716 CPUtime=1476.48 cores=52-55,64-69,99-102,164-167,176-181,211-214
/proc/18/stat : 18 (bn4rust) R 16 16 0 0 -1 4194304 3523779 0 18 0 143425 4223 0 0 20 0 1 0 53447382 93229056 20179 67087892480 94331719589888 94331721457009 140727579128256 0 0 0 0 4096 1088 0 0 0 17 102 0 0 1 0 0 94331721715072 94331721762008 94331740721152 140727579130618 140727579130774 140727579130774 140727579131873 0
/proc/18/statm: 22761 20179 1102 456 0 20922 0
Current children cumulated CPU time: 1476.52 s
Current children cumulated vsize: 108728 KiB
Current children cumulated memory: 93144 KiB

[startup+1542.3 s]
/proc/loadavg: 23.94 24.23 28.26 25/2989 18
/proc/meminfo: memFree=512494568/527542208 swapFree=33474044/33554428
[pid=16] ppid=13 vsize=17684 memory=12428 CPUtime=0.04 cores=52-55,64-69,99-102,164-167,176-181,211-214
/proc/16/stat : 16 (python3) S 13 16 0 0 -1 4194304 1895 0 96 0 3 1 0 0 20 0 1 0 53447368 18108416 3107 67087892480 4194304 7154137 140729670521840 0 0 0 0 16781312 2 1 0 0 17 212 0 0 8 0 0 9727432 11029816 30416896 140729670527799 140729670527917 140729670527917 140729670528999 0
/proc/16/statm: 4421 3107 1512 723 0 2063 0
[pid=18] ppid=16 vsize=281520 memory=259768 CPUtime=1536.26 cores=52-55,64-69,99-102,164-167,176-181,211-214
/proc/18/stat : 18 (bn4rust) R 16 16 0 0 -1 4194304 3682076 0 18 0 149221 4405 0 0 20 0 1 0 53447382 288276480 64942 67087892480 94331719589888 94331721457009 140727579128256 0 0 0 0 4096 1088 0 0 0 17 102 0 0 1 0 0 94331721715072 94331721762008 94331740721152 140727579130618 140727579130774 140727579130774 140727579131873 0
/proc/18/statm: 70380 64942 1102 456 0 68541 0
Current children cumulated CPU time: 1536.3 s
Current children cumulated vsize: 299204 KiB
Current children cumulated memory: 272196 KiB

[startup+1602.3 s]
/proc/loadavg: 24.89 24.45 28.08 27/3002 18
/proc/meminfo: memFree=510321388/527542208 swapFree=33474044/33554428
[pid=16] ppid=13 vsize=17684 memory=12428 CPUtime=0.04 cores=52-55,64-69,99-102,164-167,176-181,211-214
/proc/16/stat : 16 (python3) S 13 16 0 0 -1 4194304 1895 0 96 0 3 1 0 0 20 0 1 0 53447368 18108416 3107 67087892480 4194304 7154137 140729670521840 0 0 0 0 16781312 2 1 0 0 17 212 0 0 8 0 0 9727432 11029816 30416896 140729670527799 140729670527917 140729670527917 140729670528999 0
/proc/16/statm: 4421 3107 1512 723 0 2063 0
[pid=18] ppid=16 vsize=318388 memory=279656 CPUtime=1596.02 cores=52-55,64-69,99-102,164-167,176-181,211-214
/proc/18/stat : 18 (bn4rust) R 16 16 0 0 -1 4194304 3813350 0 18 0 155038 4564 0 0 20 0 1 0 53447382 326029312 69914 67087892480 94331719589888 94331721457009 140727579128256 0 0 0 0 4096 1088 0 0 0 17 214 0 0 1 0 0 94331721715072 94331721762008 94331740721152 140727579130618 140727579130774 140727579130774 140727579131873 0
/proc/18/statm: 79597 69914 1102 456 0 77758 0
Current children cumulated CPU time: 1596.06 s
Current children cumulated vsize: 336072 KiB
Current children cumulated memory: 292084 KiB

[startup+1662.3 s]
/proc/loadavg: 24.56 24.44 27.85 24/2982 18
/proc/meminfo: memFree=510225764/527542208 swapFree=33474044/33554428
[pid=16] ppid=13 vsize=17684 memory=12428 CPUtime=0.04 cores=52-55,64-69,99-102,164-167,176-181,211-214
/proc/16/stat : 16 (python3) S 13 16 0 0 -1 4194304 1895 0 96 0 3 1 0 0 20 0 1 0 53447368 18108416 3107 67087892480 4194304 7154137 140729670521840 0 0 0 0 16781312 2 1 0 0 17 212 0 0 8 0 0 9727432 11029816 30416896 140729670527799 140729670527917 140729670527917 140729670528999 0
/proc/16/statm: 4421 3107 1512 723 0 2063 0
[pid=18] ppid=16 vsize=170920 memory=149652 CPUtime=1655.8 cores=52-55,64-69,99-102,164-167,176-181,211-214
/proc/18/stat : 18 (bn4rust) R 16 16 0 0 -1 4194304 3929615 0 18 0 160854 4726 0 0 20 0 1 0 53447382 175022080 37413 67087892480 94331719589888 94331721457009 140727579128256 0 0 0 0 4096 1088 0 0 0 17 214 0 0 1 0 0 94331721715072 94331721762008 94331740721152 140727579130618 140727579130774 140727579130774 140727579131873 0
/proc/18/statm: 42730 37413 1102 456 0 40891 0
Current children cumulated CPU time: 1655.84 s
Current children cumulated vsize: 188604 KiB
Current children cumulated memory: 162080 KiB

[startup+1722.3 s]
/proc/loadavg: 25.06 24.60 27.68 27/3009 18
/proc/meminfo: memFree=510455552/527542208 swapFree=33474044/33554428
[pid=16] ppid=13 vsize=17684 memory=12428 CPUtime=0.04 cores=52-55,64-69,99-102,164-167,176-181,211-214
/proc/16/stat : 16 (python3) S 13 16 0 0 -1 4194304 1895 0 96 0 3 1 0 0 20 0 1 0 53447368 18108416 3107 67087892480 4194304 7154137 140729670521840 0 0 0 0 16781312 2 1 0 0 17 212 0 0 8 0 0 9727432 11029816 30416896 140729670527799 140729670527917 140729670527917 140729670528999 0
/proc/16/statm: 4421 3107 1512 723 0 2063 0
[pid=18] ppid=16 vsize=281520 memory=263868 CPUtime=1715.54 cores=52-55,64-69,99-102,164-167,176-181,211-214
/proc/18/stat : 18 (bn4rust) R 16 16 0 0 -1 4194304 4089971 0 18 0 166637 4917 0 0 20 0 1 0 53447382 288276480 65967 67087892480 94331719589888 94331721457009 140727579128256 0 0 0 0 4096 1088 0 0 0 17 213 0 0 1 0 0 94331721715072 94331721762008 94331740721152 140727579130618 140727579130774 140727579130774 140727579131873 0
/proc/18/statm: 70380 65967 1102 456 0 68541 0
Current children cumulated CPU time: 1715.58 s
Current children cumulated vsize: 299204 KiB
Current children cumulated memory: 276296 KiB

[startup+1782.3 s]
/proc/loadavg: 23.59 24.28 27.38 23/2922 18
/proc/meminfo: memFree=512667452/527542208 swapFree=33474044/33554428
[pid=16] ppid=13 vsize=17684 memory=12428 CPUtime=0.04 cores=52-55,64-69,99-102,164-167,176-181,211-214
/proc/16/stat : 16 (python3) S 13 16 0 0 -1 4194304 1895 0 96 0 3 1 0 0 20 0 1 0 53447368 18108416 3107 67087892480 4194304 7154137 140729670521840 0 0 0 0 16781312 2 1 0 0 17 212 0 0 8 0 0 9727432 11029816 30416896 140729670527799 140729670527917 140729670527917 140729670528999 0
/proc/16/statm: 4421 3107 1512 723 0 2063 0
[pid=18] ppid=16 vsize=269232 memory=251240 CPUtime=1775.32 cores=52-55,64-69,99-102,164-167,176-181,211-214
/proc/18/stat : 18 (bn4rust) R 16 16 0 0 -1 4194304 4225332 0 18 0 172452 5080 0 0 20 0 1 0 53447382 275693568 62810 67087892480 94331719589888 94331721457009 140727579128256 0 0 0 0 4096 1088 0 0 0 17 213 0 0 1 0 0 94331721715072 94331721762008 94331740721152 140727579130618 140727579130774 140727579130774 140727579131873 0
/proc/18/statm: 67308 62810 1102 456 0 65469 0
Current children cumulated CPU time: 1775.36 s
Current children cumulated vsize: 286916 KiB
Current children cumulated memory: 263668 KiB



Maximum wall clock time exceeded: sending SIGTERM then SIGKILL

[startup+1800 s]*
/proc/loadavg: 23.35 24.18 27.28 24/2901 18
/proc/meminfo: memFree=513352464/527542208 swapFree=33474044/33554428
[pid=16] ppid=13 vsize=17684 memory=12428 CPUtime=0.04 cores=52-55,64-69,99-102,164-167,176-181,211-214
/proc/16/stat : 16 (python3) S 13 16 0 0 -1 4194304 1895 0 96 0 3 1 0 0 20 0 1 0 53447368 18108416 3107 67087892480 4194304 7154137 140729670521840 0 0 0 0 16781312 2 1 0 0 17 212 0 0 8 0 0 9727432 11029816 30416896 140729670527799 140729670527917 140729670527917 140729670528999 0
/proc/16/statm: 4421 3107 1512 723 0 2063 0
[pid=18] ppid=16 vsize=404400 memory=390852 CPUtime=1792.96 cores=52-55,64-69,99-102,164-167,176-181,211-214
/proc/18/stat : 18 (bn4rust) R 16 16 0 0 -1 4194304 4269593 0 18 0 174157 5139 0 0 20 0 1 0 53447382 414105600 97713 67087892480 94331719589888 94331721457009 140727579128256 0 0 0 0 4096 1088 0 0 0 17 101 0 0 1 0 0 94331721715072 94331721762008 94331740721152 140727579130618 140727579130774 140727579130774 140727579131873 0
/proc/18/statm: 101100 97713 1102 456 0 99261 0
Current children cumulated CPU time: 1793 s
Current children cumulated vsize: 422084 KiB
Current children cumulated memory: 403280 KiB

Sending SIGTERM to process tree (bottom up)
Sleeping 2 seconds

[startup+1800.01 s]
# the end of solver process 16 was just reported to runsolver
# cumulated CPU time of all completed processes:  user=1741.61 s, system=51.4088 s

Solver just ended.
??? end of watcher thread
Dumping a history of the last processes samples

Child ended because it received signal 15 (SIGTERM)
Real time (s): 1800.01
CPU time (s): 1793.01
CPU user time (s): 1741.61
CPU system time (s): 51.4088
CPU usage (%): 99.6116
Max. virtual memory (cumulated for all children) (KiB): 540876
Max. memory (cumulated for all children) (KiB): 499640

getrusage(RUSAGE_CHILDREN,...) data:
user time used= 1741.61
system time used= 51.4088
maximum resident set size= 505068
integral shared memory size= 0
integral unshared data size= 0
integral unshared stack size= 0
page reclaims= 4271489
page faults= 114
swaps= 0
block input operations= 19528
block output operations= 8
messages sent= 0
messages received= 0
signals received= 0
voluntary context switches= 979
involuntary context switches= 9150


# summary of solver processes directly reported to runsolver:
#   pid: 16
#   total CPU time (s): 1793.01
#   total CPU user time (s): 1741.61
#   total CPU system time (s): 51.4088

??? join timestamper begins
??? join timestamper ends
??? end of timestamper thread
runsolver used 1.76743 second user time and 2.1853 second system time

The end
