# WCTIME: wall clock time in seconds
WCTIME=500.86
# CPUTIME: CPU time in seconds (USERTIME+SYSTEMTIME)
CPUTIME=499.294
# USERTIME: CPU time spent in user mode in seconds
USERTIME=496.782
# SYSTEMTIME: CPU time spent in system mode in seconds
SYSTEMTIME=2.51203
# CPUUSAGE: CPUTIME/WCTIME in percent
CPUUSAGE=99.6872
# MAXVM: maximum virtual memory used in KiB
MAXVM=155912
# MAXMM: maximum memory used in KiB
MAXMM=147216
# MAXRSS: maximum Resident Segment Size in KiB
MAXRSS=134792
# TIMEOUT: did the solver exceed the time limit?
TIMEOUT=false
# MEMOUT: did the solver exceed the memory limit?
MEMOUT=false
# EXITSTATUS: Exit status of the solver
EXITSTATUS=0
