runsolver version 3.4.1 (svn: 3018) Copyright (C) 2010-2013 Olivier ROUSSEL

This program is distributed in the hope that it will be useful,
but WITHOUT ANY WARRANTY; without even the implied warranty of
MERCHANTABILITY or FITNESS FOR A PARTICULAR PURPOSE.  See the
GNU General Public License for more details.

NUMA information:
  number of nodes: 8
  memory of node 0: 63657 MiB (51536 MiB free)
  memory of node 1: 64504 MiB (2734 MiB free)
  memory of node 2: 64504 MiB (1265 MiB free)
  memory of node 3: 64504 MiB (54991 MiB free)
  memory of node 4: 64504 MiB (63365 MiB free)
  memory of node 5: 64504 MiB (63847 MiB free)
  memory of node 6: 64504 MiB (63718 MiB free)
  memory of node 7: 64491 MiB (61580 MiB free)
  node distances:
     10  12  12  12  21  21  21  21
     12  10  12  12  21  21  21  21
     12  12  10  12  21  21  21  21
     12  12  12  10  21  21  21  21
     21  21  21  21  10  12  12  12
     21  21  21  21  12  10  12  12
     21  21  21  21  12  12  10  12
     21  21  21  21  12  12  12  10

command line: /usr/local/bin/runsolver --timestamp -w /output/runsolver-watch.log -v /output/runsolver-values.log -o /output/solver-output.log -C 1800.0 -W 1800.0 -R 64000 /opt/solver/run_bn4rust.py --mode cyber-complement-gfp-plus-dependency-order --instance /input/model_006.bnet 

running on 20 cores: 72-83,188-195

Enforcing CPUTime limit (soft limit, will send SIGTERM then SIGKILL): 1800 seconds
Enforcing CPUTime limit (hard limit, will send SIGXCPU): 1830 seconds
Enforcing wall clock limit (soft limit, will send SIGTERM then SIGKILL): 1800 seconds
Enforcing RSS+Swap limit (soft limit, will send SIGTERM then SIGKILL): 65536000 KiB
Linux 4.18.0-553.159.1.el8_10.x86_64
solver pid=16, runsolver pid=13
Current StackSize limit: 18014398509481983 KiB


[startup+0.100066 s]*
/proc/loadavg: 50.71 51.62 53.10 50/2981 17
/proc/meminfo: memFree=371738440/527542240 swapFree=33447420/33554428
[pid=16] ppid=13 vsize=15800 memory=10092 CPUtime=0.01 cores=70-83,182-195
/proc/16/stat : 16 (python3) D 13 16 0 0 -1 4194304 1396 0 84 0 1 0 0 0 20 0 1 0 53460178 16179200 2523 67087892480 4194304 7154137 140722264754656 0 0 0 0 16781312 2 0 0 0 17 186 0 0 6 0 0 9727432 11029816 34287616 140722264763191 140722264763309 140722264763309 140722264764391 0
/proc/16/statm: 3950 2523 1388 723 0 1674 0
Current children cumulated CPU time: 0.01 s
Current children cumulated vsize: 15800 KiB
Current children cumulated memory: 10092 KiB

[startup+0.200663 s]*
/proc/loadavg: 50.81 51.63 53.09 52/2982 18
/proc/meminfo: memFree=371726740/527542240 swapFree=33447420/33554428
[pid=16] ppid=13 vsize=17684 memory=12356 CPUtime=0.04 cores=70-83,182-195
/proc/16/stat : 16 (python3) S 13 16 0 0 -1 4194304 1897 0 96 0 3 1 0 0 20 0 1 0 53460178 18108416 3089 67087892480 4194304 7154137 140722264754656 0 0 0 0 16781312 2 1 0 0 17 186 0 0 8 0 0 9727432 11029816 34287616 140722264763191 140722264763309 140722264763309 140722264764391 0
/proc/16/statm: 4421 3089 1495 723 0 2063 0
[pid=18] ppid=16 vsize=8320 memory=5136 CPUtime=0.04 cores=70-83,182-195
/proc/18/stat : 18 (bn4rust) R 16 16 0 0 -1 4194304 614 0 18 0 4 0 0 0 20 0 1 0 53460191 8519680 1284 67087892480 94110859722752 94110861589873 140736818979712 0 0 0 0 4096 1088 0 0 0 17 187 0 0 1 0 0 94110861847936 94110861894872 94110891569152 140736818981626 140736818981782 140736818981782 140736818982881 0
/proc/18/statm: 2080 1284 1068 456 0 241 0
Current children cumulated CPU time: 0.08 s
Current children cumulated vsize: 26004 KiB
Current children cumulated memory: 17492 KiB

[startup+0.300532 s]*
/proc/loadavg: 50.81 51.63 53.09 51/2982 18
/proc/meminfo: memFree=371720632/527542240 swapFree=33447420/33554428
[pid=16] ppid=13 vsize=17684 memory=12356 CPUtime=0.04 cores=70-83,182-195
/proc/16/stat : 16 (python3) S 13 16 0 0 -1 4194304 1897 0 96 0 3 1 0 0 20 0 1 0 53460178 18108416 3089 67087892480 4194304 7154137 140722264754656 0 0 0 0 16781312 2 1 0 0 17 186 0 0 8 0 0 9727432 11029816 34287616 140722264763191 140722264763309 140722264763309 140722264764391 0
/proc/16/statm: 4421 3089 1495 723 0 2063 0
[pid=18] ppid=16 vsize=9036 memory=5608 CPUtime=0.14 cores=70-83,182-195
/proc/18/stat : 18 (bn4rust) R 16 16 0 0 -1 4194304 2426 0 18 0 14 0 0 0 20 0 1 0 53460191 9252864 1402 67087892480 94110859722752 94110861589873 140736818979712 0 0 0 0 4096 1088 0 0 0 17 187 0 0 1 0 0 94110861847936 94110861894872 94110891569152 140736818981626 140736818981782 140736818981782 140736818982881 0
/proc/18/statm: 2259 1402 1068 456 0 420 0
Current children cumulated CPU time: 0.18 s
Current children cumulated vsize: 26720 KiB
Current children cumulated memory: 17964 KiB

[startup+0.700234 s]
/proc/loadavg: 50.81 51.63 53.09 51/2982 18
/proc/meminfo: memFree=371708944/527542240 swapFree=33447420/33554428
[pid=16] ppid=13 vsize=17684 memory=12356 CPUtime=0.04 cores=70-83,182-195
/proc/16/stat : 16 (python3) S 13 16 0 0 -1 4194304 1897 0 96 0 3 1 0 0 20 0 1 0 53460178 18108416 3089 67087892480 4194304 7154137 140722264754656 0 0 0 0 16781312 2 1 0 0 17 186 0 0 8 0 0 9727432 11029816 34287616 140722264763191 140722264763309 140722264763309 140722264764391 0
/proc/16/statm: 4421 3089 1495 723 0 2063 0
[pid=18] ppid=16 vsize=10548 memory=6952 CPUtime=0.54 cores=70-83,182-195
/proc/18/stat : 18 (bn4rust) R 16 16 0 0 -1 4194304 11274 0 18 0 53 1 0 0 20 0 1 0 53460191 10801152 1738 67087892480 94110859722752 94110861589873 140736818979712 0 0 0 0 4096 1088 0 0 0 17 187 0 0 1 0 0 94110861847936 94110861894872 94110891569152 140736818981626 140736818981782 140736818981782 140736818982881 0
/proc/18/statm: 2637 1738 1068 456 0 798 0
Current children cumulated CPU time: 0.58 s
Current children cumulated vsize: 28232 KiB
Current children cumulated memory: 19308 KiB

[startup+1.50023 s]
/proc/loadavg: 50.81 51.63 53.09 52/2982 18
/proc/meminfo: memFree=371744844/527542240 swapFree=33447420/33554428
[pid=16] ppid=13 vsize=17684 memory=12356 CPUtime=0.04 cores=70-83,182-195
/proc/16/stat : 16 (python3) S 13 16 0 0 -1 4194304 1897 0 96 0 3 1 0 0 20 0 1 0 53460178 18108416 3089 67087892480 4194304 7154137 140722264754656 0 0 0 0 16781312 2 1 0 0 17 186 0 0 8 0 0 9727432 11029816 34287616 140722264763191 140722264763309 140722264763309 140722264764391 0
/proc/16/statm: 4421 3089 1495 723 0 2063 0
[pid=18] ppid=16 vsize=11284 memory=7768 CPUtime=1.33 cores=70-83,182-195
/proc/18/stat : 18 (bn4rust) R 16 16 0 0 -1 4194304 17843 0 18 0 132 1 0 0 20 0 1 0 53460191 11554816 1942 67087892480 94110859722752 94110861589873 140736818979712 0 0 0 0 4096 1088 0 0 0 17 187 0 0 1 0 0 94110861847936 94110861894872 94110891569152 140736818981626 140736818981782 140736818981782 140736818982881 0
/proc/18/statm: 2821 1942 1068 456 0 982 0
Current children cumulated CPU time: 1.37 s
Current children cumulated vsize: 28968 KiB
Current children cumulated memory: 20124 KiB

[startup+3.10049 s]
/proc/loadavg: 50.81 51.63 53.09 51/2982 18
/proc/meminfo: memFree=371653176/527542240 swapFree=33447420/33554428
[pid=16] ppid=13 vsize=17684 memory=12356 CPUtime=0.04 cores=70-83,182-195
/proc/16/stat : 16 (python3) S 13 16 0 0 -1 4194304 1897 0 96 0 3 1 0 0 20 0 1 0 53460178 18108416 3089 67087892480 4194304 7154137 140722264754656 0 0 0 0 16781312 2 1 0 0 17 186 0 0 8 0 0 9727432 11029816 34287616 140722264763191 140722264763309 140722264763309 140722264764391 0
/proc/16/statm: 4421 3089 1495 723 0 2063 0
[pid=18] ppid=16 vsize=11348 memory=7888 CPUtime=2.92 cores=70-83,182-195
/proc/18/stat : 18 (bn4rust) R 16 16 0 0 -1 4194304 36482 0 18 0 288 4 0 0 20 0 1 0 53460191 11620352 1972 67087892480 94110859722752 94110861589873 140736818979712 0 0 0 0 4096 1088 0 0 0 17 187 0 0 1 0 0 94110861847936 94110861894872 94110891569152 140736818981626 140736818981782 140736818981782 140736818982881 0
/proc/18/statm: 2837 1972 1068 456 0 998 0
Current children cumulated CPU time: 2.96 s
Current children cumulated vsize: 29032 KiB
Current children cumulated memory: 20244 KiB

[startup+6.30023 s]
/proc/loadavg: 50.83 51.62 53.08 52/2982 18
/proc/meminfo: memFree=371509852/527542240 swapFree=33447420/33554428
[pid=16] ppid=13 vsize=17684 memory=12356 CPUtime=0.04 cores=70-83,182-195
/proc/16/stat : 16 (python3) S 13 16 0 0 -1 4194304 1897 0 96 0 3 1 0 0 20 0 1 0 53460178 18108416 3089 67087892480 4194304 7154137 140722264754656 0 0 0 0 16781312 2 1 0 0 17 186 0 0 8 0 0 9727432 11029816 34287616 140722264763191 140722264763309 140722264763309 140722264764391 0
/proc/16/statm: 4421 3089 1495 723 0 2063 0
[pid=18] ppid=16 vsize=21620 memory=18256 CPUtime=6.11 cores=70-83,182-195
/proc/18/stat : 18 (bn4rust) R 16 16 0 0 -1 4194304 66374 0 18 0 602 9 0 0 20 0 1 0 53460191 22138880 4564 67087892480 94110859722752 94110861589873 140736818979712 0 0 0 0 4096 1088 0 0 0 17 187 0 0 1 0 0 94110861847936 94110861894872 94110891569152 140736818981626 140736818981782 140736818981782 140736818982881 0
/proc/18/statm: 5405 4564 1068 456 0 3566 0
Current children cumulated CPU time: 6.15 s
Current children cumulated vsize: 39304 KiB
Current children cumulated memory: 30612 KiB

[startup+12.7002 s]
/proc/loadavg: 50.84 51.61 53.07 52/2980 18
/proc/meminfo: memFree=370652956/527542240 swapFree=33447420/33554428
[pid=16] ppid=13 vsize=17684 memory=12356 CPUtime=0.04 cores=70-83,182-195
/proc/16/stat : 16 (python3) S 13 16 0 0 -1 4194304 1897 0 96 0 3 1 0 0 20 0 1 0 53460178 18108416 3089 67087892480 4194304 7154137 140722264754656 0 0 0 0 16781312 2 1 0 0 17 186 0 0 8 0 0 9727432 11029816 34287616 140722264763191 140722264763309 140722264763309 140722264764391 0
/proc/16/statm: 4421 3089 1495 723 0 2063 0
[pid=18] ppid=16 vsize=34312 memory=30964 CPUtime=12.49 cores=70-83,182-195
/proc/18/stat : 18 (bn4rust) R 16 16 0 0 -1 4194304 106850 0 18 0 1234 15 0 0 20 0 1 0 53460191 35135488 7741 67087892480 94110859722752 94110861589873 140736818979712 0 0 0 0 4096 1088 0 0 0 17 187 0 0 1 0 0 94110861847936 94110861894872 94110891569152 140736818981626 140736818981782 140736818981782 140736818982881 0
/proc/18/statm: 8578 7741 1068 456 0 6739 0
Current children cumulated CPU time: 12.53 s
Current children cumulated vsize: 51996 KiB
Current children cumulated memory: 43320 KiB

[startup+25.5002 s]
/proc/loadavg: 50.87 51.59 53.05 51/2979 18
/proc/meminfo: memFree=371859008/527542240 swapFree=33447420/33554428
[pid=16] ppid=13 vsize=17684 memory=12356 CPUtime=0.04 cores=70-83,182-195
/proc/16/stat : 16 (python3) S 13 16 0 0 -1 4194304 1898 0 96 0 3 1 0 0 20 0 1 0 53460178 18108416 3089 67087892480 4194304 7154137 140722264754656 0 0 0 0 16781312 2 1 0 0 17 186 0 0 8 0 0 9727432 11029816 34287616 140722264763191 140722264763309 140722264763309 140722264764391 0
/proc/16/statm: 4421 3089 1495 723 0 2063 0
[pid=18] ppid=16 vsize=38816 memory=34816 CPUtime=25.24 cores=70-83,182-195
/proc/18/stat : 18 (bn4rust) R 16 16 0 0 -1 4194304 148136 0 18 0 2501 23 0 0 20 0 1 0 53460191 39747584 8704 67087892480 94110859722752 94110861589873 140736818979712 0 0 0 0 4096 1088 0 0 0 17 187 0 0 1 0 0 94110861847936 94110861894872 94110891569152 140736818981626 140736818981782 140736818981782 140736818982881 0
/proc/18/statm: 9704 8704 1068 456 0 7865 0
Current children cumulated CPU time: 25.28 s
Current children cumulated vsize: 56500 KiB
Current children cumulated memory: 47172 KiB

[startup+51.1005 s]
/proc/loadavg: 51.20 51.60 53.00 52/2998 18
/proc/meminfo: memFree=371890292/527542240 swapFree=33447420/33554428
[pid=16] ppid=13 vsize=17684 memory=12356 CPUtime=0.04 cores=70-83,182-195
/proc/16/stat : 16 (python3) S 13 16 0 0 -1 4194304 1898 0 96 0 3 1 0 0 20 0 1 0 53460178 18108416 3089 67087892480 4194304 7154137 140722264754656 0 0 0 0 16781312 2 1 0 0 17 186 0 0 8 0 0 9727432 11029816 34287616 140722264763191 140722264763309 140722264763309 140722264764391 0
/proc/16/statm: 4421 3089 1495 723 0 2063 0
[pid=18] ppid=16 vsize=61344 memory=57892 CPUtime=50.73 cores=70-83,182-195
/proc/18/stat : 18 (bn4rust) R 16 16 0 0 -1 4194304 216777 0 18 0 5033 40 0 0 20 0 1 0 53460191 62816256 14473 67087892480 94110859722752 94110861589873 140736818979712 0 0 0 0 4096 1088 0 0 0 17 187 0 0 1 0 0 94110861847936 94110861894872 94110891569152 140736818981626 140736818981782 140736818981782 140736818982881 0
/proc/18/statm: 15336 14473 1068 456 0 13497 0
Current children cumulated CPU time: 50.77 s
Current children cumulated vsize: 79028 KiB
Current children cumulated memory: 70248 KiB

[startup+102.3 s]
/proc/loadavg: 51.16 51.52 52.90 52/2998 18
/proc/meminfo: memFree=371398040/527542240 swapFree=33447676/33554428
[pid=16] ppid=13 vsize=17684 memory=12356 CPUtime=0.04 cores=70-83,182-195
/proc/16/stat : 16 (python3) S 13 16 0 0 -1 4194304 1898 0 96 0 3 1 0 0 20 0 1 0 53460178 18108416 3089 67087892480 4194304 7154137 140722264754656 0 0 0 0 16781312 2 1 0 0 17 186 0 0 8 0 0 9727432 11029816 34287616 140722264763191 140722264763309 140722264763309 140722264764391 0
/proc/16/statm: 4421 3089 1495 723 0 2063 0
[pid=18] ppid=16 vsize=82080 memory=78596 CPUtime=101.74 cores=70-83,182-195
/proc/18/stat : 18 (bn4rust) R 16 16 0 0 -1 4194304 262069 0 18 0 10119 55 0 0 20 0 1 0 53460191 84049920 19649 67087892480 94110859722752 94110861589873 140736818979712 0 0 0 0 4096 1088 0 0 0 17 187 0 0 1 0 0 94110861847936 94110861894872 94110891569152 140736818981626 140736818981782 140736818981782 140736818982881 0
/proc/18/statm: 20520 19649 1068 456 0 18681 0
Current children cumulated CPU time: 101.78 s
Current children cumulated vsize: 99764 KiB
Current children cumulated memory: 90952 KiB

[startup+162.3 s]
/proc/loadavg: 51.62 51.58 52.83 53/2988 18
/proc/meminfo: memFree=370078688/527542240 swapFree=33447676/33554428
[pid=16] ppid=13 vsize=17684 memory=12356 CPUtime=0.04 cores=70-83,182-195
/proc/16/stat : 16 (python3) S 13 16 0 0 -1 4194304 1898 0 96 0 3 1 0 0 20 0 1 0 53460178 18108416 3089 67087892480 4194304 7154137 140722264754656 0 0 0 0 16781312 2 1 0 0 17 186 0 0 8 0 0 9727432 11029816 34287616 140722264763191 140722264763309 140722264763309 140722264764391 0
/proc/16/statm: 4421 3089 1495 723 0 2063 0
[pid=18] ppid=16 vsize=111520 memory=105980 CPUtime=161.52 cores=70-83,182-195
/proc/18/stat : 18 (bn4rust) R 16 16 0 0 -1 4194304 338384 0 18 0 16070 82 0 0 20 0 1 0 53460191 114196480 26495 67087892480 94110859722752 94110861589873 140736818979712 0 0 0 0 4096 1088 0 0 0 17 187 0 0 1 0 0 94110861847936 94110861894872 94110891569152 140736818981626 140736818981782 140736818981782 140736818982881 0
/proc/18/statm: 27880 26495 1068 456 0 26041 0
Current children cumulated CPU time: 161.56 s
Current children cumulated vsize: 129204 KiB
Current children cumulated memory: 118336 KiB

[startup+222.3 s]
/proc/loadavg: 50.69 51.33 52.67 51/2969 18
/proc/meminfo: memFree=372551448/527542240 swapFree=33447676/33554428
[pid=16] ppid=13 vsize=17684 memory=12356 CPUtime=0.04 cores=70-83,182-195
/proc/16/stat : 16 (python3) S 13 16 0 0 -1 4194304 1899 0 96 0 3 1 0 0 20 0 1 0 53460178 18108416 3089 67087892480 4194304 7154137 140722264754656 0 0 0 0 16781312 2 1 0 0 17 186 0 0 8 0 0 9727432 11029816 34287616 140722264763191 140722264763309 140722264763309 140722264764391 0
/proc/16/statm: 4421 3089 1495 723 0 2063 0
[pid=18] ppid=16 vsize=111520 memory=108160 CPUtime=221.28 cores=70-83,182-195
/proc/18/stat : 18 (bn4rust) R 16 16 0 0 -1 4194304 405759 0 18 0 22019 109 0 0 20 0 1 0 53460191 114196480 27040 67087892480 94110859722752 94110861589873 140736818979712 0 0 0 0 4096 1088 0 0 0 17 187 0 0 1 0 0 94110861847936 94110861894872 94110891569152 140736818981626 140736818981782 140736818981782 140736818982881 0
/proc/18/statm: 27880 27040 1068 456 0 26041 0
Current children cumulated CPU time: 221.32 s
Current children cumulated vsize: 129204 KiB
Current children cumulated memory: 120516 KiB

[startup+282.3 s]
/proc/loadavg: 50.32 51.14 52.52 52/2968 18
/proc/meminfo: memFree=372084928/527542240 swapFree=33447932/33554428
[pid=16] ppid=13 vsize=17684 memory=12356 CPUtime=0.04 cores=70-83,182-195
/proc/16/stat : 16 (python3) S 13 16 0 0 -1 4194304 1899 0 96 0 3 1 0 0 20 0 1 0 53460178 18108416 3089 67087892480 4194304 7154137 140722264754656 0 0 0 0 16781312 2 1 0 0 17 186 0 0 8 0 0 9727432 11029816 34287616 140722264763191 140722264763309 140722264763309 140722264764391 0
/proc/16/statm: 4421 3089 1495 723 0 2063 0
[pid=18] ppid=16 vsize=129952 memory=125360 CPUtime=281.04 cores=70-83,182-195
/proc/18/stat : 18 (bn4rust) R 16 16 0 0 -1 4194304 477661 0 18 0 27961 143 0 0 20 0 1 0 53460191 133070848 31340 67087892480 94110859722752 94110861589873 140736818979712 0 0 0 0 4096 1088 0 0 0 17 187 0 0 1 0 0 94110861847936 94110861894872 94110891569152 140736818981626 140736818981782 140736818981782 140736818982881 0
/proc/18/statm: 32488 31340 1068 456 0 30649 0
Current children cumulated CPU time: 281.08 s
Current children cumulated vsize: 147636 KiB
Current children cumulated memory: 137716 KiB

[startup+342.3 s]
/proc/loadavg: 50.93 51.11 52.42 59/2996 18
/proc/meminfo: memFree=371126144/527542240 swapFree=33447932/33554428
[pid=16] ppid=13 vsize=17684 memory=12356 CPUtime=0.04 cores=70-83,182-195
/proc/16/stat : 16 (python3) S 13 16 0 0 -1 4194304 1899 0 96 0 3 1 0 0 20 0 1 0 53460178 18108416 3089 67087892480 4194304 7154137 140722264754656 0 0 0 0 16781312 2 1 0 0 17 186 0 0 8 0 0 9727432 11029816 34287616 140722264763191 140722264763309 140722264763309 140722264764391 0
/proc/16/statm: 4421 3089 1495 723 0 2063 0
[pid=18] ppid=16 vsize=73120 memory=69744 CPUtime=340.81 cores=70-83,182-195
/proc/18/stat : 18 (bn4rust) R 16 16 0 0 -1 4194304 570405 0 18 0 33895 186 0 0 20 0 1 0 53460191 74874880 17436 67087892480 94110859722752 94110861589873 140736818979712 0 0 0 0 4096 1088 0 0 0 17 187 0 0 1 0 0 94110861847936 94110861894872 94110891569152 140736818981626 140736818981782 140736818981782 140736818982881 0
/proc/18/statm: 18280 17436 1068 456 0 16441 0
Current children cumulated CPU time: 340.85 s
Current children cumulated vsize: 90804 KiB
Current children cumulated memory: 82100 KiB

[startup+402.3 s]
/proc/loadavg: 52.91 51.78 52.58 52/2965 18
/proc/meminfo: memFree=372545864/527542240 swapFree=33447932/33554428
[pid=16] ppid=13 vsize=17684 memory=12356 CPUtime=0.04 cores=70-83,182-195
/proc/16/stat : 16 (python3) S 13 16 0 0 -1 4194304 1899 0 96 0 3 1 0 0 20 0 1 0 53460178 18108416 3089 67087892480 4194304 7154137 140722264754656 0 0 0 0 16781312 2 1 0 0 17 186 0 0 8 0 0 9727432 11029816 34287616 140722264763191 140722264763309 140722264763309 140722264764391 0
/proc/16/statm: 4421 3089 1495 723 0 2063 0
[pid=18] ppid=16 vsize=132988 memory=129200 CPUtime=400.56 cores=70-83,182-195
/proc/18/stat : 18 (bn4rust) R 16 16 0 0 -1 4194304 645463 0 18 0 39832 224 0 0 20 0 1 0 53460191 136179712 32300 67087892480 94110859722752 94110861589873 140736818979712 0 0 0 0 4096 1088 0 0 0 17 187 0 0 1 0 0 94110861847936 94110861894872 94110891569152 140736818981626 140736818981782 140736818981782 140736818982881 0
/proc/18/statm: 33247 32300 1068 456 0 31408 0
Current children cumulated CPU time: 400.6 s
Current children cumulated vsize: 150672 KiB
Current children cumulated memory: 141556 KiB

[startup+462.3 s]
/proc/loadavg: 52.09 51.75 52.51 52/2977 18
/proc/meminfo: memFree=371034184/527542240 swapFree=33447932/33554428
[pid=16] ppid=13 vsize=17684 memory=12356 CPUtime=0.04 cores=70-83,182-195
/proc/16/stat : 16 (python3) S 13 16 0 0 -1 4194304 1899 0 96 0 3 1 0 0 20 0 1 0 53460178 18108416 3089 67087892480 4194304 7154137 140722264754656 0 0 0 0 16781312 2 1 0 0 17 186 0 0 8 0 0 9727432 11029816 34287616 140722264763191 140722264763309 140722264763309 140722264764391 0
/proc/16/statm: 4421 3089 1495 723 0 2063 0
[pid=18] ppid=16 vsize=129952 memory=126636 CPUtime=460.32 cores=70-83,182-195
/proc/18/stat : 18 (bn4rust) R 16 16 0 0 -1 4194304 731518 0 18 0 45756 276 0 0 20 0 1 0 53460191 133070848 31659 67087892480 94110859722752 94110861589873 140736818979712 0 0 0 0 4096 1088 0 0 0 17 187 0 0 1 0 0 94110861847936 94110861894872 94110891569152 140736818981626 140736818981782 140736818981782 140736818982881 0
/proc/18/statm: 32488 31659 1068 456 0 30649 0
Current children cumulated CPU time: 460.36 s
Current children cumulated vsize: 147636 KiB
Current children cumulated memory: 138992 KiB

[startup+522.3 s]
/proc/loadavg: 51.59 51.65 52.43 52/2984 18
/proc/meminfo: memFree=370639864/527542240 swapFree=33447932/33554428
[pid=16] ppid=13 vsize=17684 memory=12356 CPUtime=0.04 cores=70-83,182-195
/proc/16/stat : 16 (python3) S 13 16 0 0 -1 4194304 1899 0 96 0 3 1 0 0 20 0 1 0 53460178 18108416 3089 67087892480 4194304 7154137 140722264754656 0 0 0 0 16781312 2 1 0 0 17 186 0 0 8 0 0 9727432 11029816 34287616 140722264763191 140722264763309 140722264763309 140722264764391 0
/proc/16/statm: 4421 3089 1495 723 0 2063 0
[pid=18] ppid=16 vsize=177056 memory=168116 CPUtime=520.09 cores=70-83,182-195
/proc/18/stat : 18 (bn4rust) R 16 16 0 0 -1 4194304 811219 0 18 0 51679 330 0 0 20 0 1 0 53460191 181305344 42029 67087892480 94110859722752 94110861589873 140736818979712 0 0 0 0 4096 1088 0 0 0 17 187 0 0 1 0 0 94110861847936 94110861894872 94110891569152 140736818981626 140736818981782 140736818981782 140736818982881 0
/proc/18/statm: 44264 42029 1068 456 0 42425 0
Current children cumulated CPU time: 520.13 s
Current children cumulated vsize: 194740 KiB
Current children cumulated memory: 180472 KiB

[startup+582.3 s]
/proc/loadavg: 51.84 51.71 52.40 53/2980 18
/proc/meminfo: memFree=368492900/527542240 swapFree=33447932/33554428
[pid=16] ppid=13 vsize=17684 memory=12356 CPUtime=0.04 cores=70-83,182-195
/proc/16/stat : 16 (python3) S 13 16 0 0 -1 4194304 1899 0 96 0 3 1 0 0 20 0 1 0 53460178 18108416 3089 67087892480 4194304 7154137 140722264754656 0 0 0 0 16781312 2 1 0 0 17 186 0 0 8 0 0 9727432 11029816 34287616 140722264763191 140722264763309 140722264763309 140722264764391 0
/proc/16/statm: 4421 3089 1495 723 0 2063 0
[pid=18] ppid=16 vsize=158624 memory=136776 CPUtime=579.86 cores=70-83,182-195
/proc/18/stat : 18 (bn4rust) R 16 16 0 0 -1 4194304 899834 0 18 0 57593 393 0 0 20 0 1 0 53460191 162430976 34194 67087892480 94110859722752 94110861589873 140736818979712 0 0 0 0 4096 1088 0 0 0 17 187 0 0 1 0 0 94110861847936 94110861894872 94110891569152 140736818981626 140736818981782 140736818981782 140736818982881 0
/proc/18/statm: 39656 34194 1068 456 0 37817 0
Current children cumulated CPU time: 579.9 s
Current children cumulated vsize: 176308 KiB
Current children cumulated memory: 149132 KiB

[startup+642.3 s]
/proc/loadavg: 51.52 51.63 52.32 52/2983 18
/proc/meminfo: memFree=371296464/527542240 swapFree=33447932/33554428
[pid=16] ppid=13 vsize=17684 memory=12356 CPUtime=0.04 cores=70-83,182-195
/proc/16/stat : 16 (python3) S 13 16 0 0 -1 4194304 1899 0 96 0 3 1 0 0 20 0 1 0 53460178 18108416 3089 67087892480 4194304 7154137 140722264754656 0 0 0 0 16781312 2 1 0 0 17 186 0 0 8 0 0 9727432 11029816 34287616 140722264763191 140722264763309 140722264763309 140722264764391 0
/proc/16/statm: 4421 3089 1495 723 0 2063 0
[pid=18] ppid=16 vsize=162720 memory=151380 CPUtime=639.62 cores=70-83,182-195
/proc/18/stat : 18 (bn4rust) R 16 16 0 0 -1 4194304 980804 0 18 0 63507 455 0 0 20 0 1 0 53460191 166625280 37845 67087892480 94110859722752 94110861589873 140736818979712 0 0 0 0 4096 1088 0 0 0 17 187 0 0 1 0 0 94110861847936 94110861894872 94110891569152 140736818981626 140736818981782 140736818981782 140736818982881 0
/proc/18/statm: 40680 37845 1068 456 0 38841 0
Current children cumulated CPU time: 639.66 s
Current children cumulated vsize: 180404 KiB
Current children cumulated memory: 163736 KiB

[startup+702.3 s]
/proc/loadavg: 51.42 51.62 52.27 53/2975 18
/proc/meminfo: memFree=369975116/527542240 swapFree=33447932/33554428
[pid=16] ppid=13 vsize=17684 memory=12356 CPUtime=0.04 cores=70-83,182-195
/proc/16/stat : 16 (python3) S 13 16 0 0 -1 4194304 1900 0 96 0 3 1 0 0 20 0 1 0 53460178 18108416 3089 67087892480 4194304 7154137 140722264754656 0 0 0 0 16781312 2 1 0 0 17 186 0 0 8 0 0 9727432 11029816 34287616 140722264763191 140722264763309 140722264763309 140722264764391 0
/proc/16/statm: 4421 3089 1495 723 0 2063 0
[pid=18] ppid=16 vsize=185248 memory=171580 CPUtime=699.4 cores=70-83,182-195
/proc/18/stat : 18 (bn4rust) R 16 16 0 0 -1 4194304 1064767 0 18 0 69420 520 0 0 20 0 1 0 53460191 189693952 42895 67087892480 94110859722752 94110861589873 140736818979712 0 0 0 0 4096 1088 0 0 0 17 187 0 0 1 0 0 94110861847936 94110861894872 94110891569152 140736818981626 140736818981782 140736818981782 140736818982881 0
/proc/18/statm: 46312 42895 1068 456 0 44473 0
Current children cumulated CPU time: 699.44 s
Current children cumulated vsize: 202932 KiB
Current children cumulated memory: 183936 KiB

[startup+762.3 s]
/proc/loadavg: 50.87 51.41 52.16 59/2983 18
/proc/meminfo: memFree=370705868/527542240 swapFree=32675068/33554428
[pid=16] ppid=13 vsize=17684 memory=12356 CPUtime=0.04 cores=70-83,182-195
/proc/16/stat : 16 (python3) S 13 16 0 0 -1 4194304 1900 0 96 0 3 1 0 0 20 0 1 0 53460178 18108416 3089 67087892480 4194304 7154137 140722264754656 0 0 0 0 16781312 2 1 0 0 17 186 0 0 8 0 0 9727432 11029816 34287616 140722264763191 140722264763309 140722264763309 140722264764391 0
/proc/16/statm: 4421 3089 1495 723 0 2063 0
[pid=18] ppid=16 vsize=175008 memory=161968 CPUtime=759.16 cores=70-83,182-195
/proc/18/stat : 18 (bn4rust) R 16 16 0 0 -1 4194304 1142944 0 18 0 75332 584 0 0 20 0 1 0 53460191 179208192 40492 67087892480 94110859722752 94110861589873 140736818979712 0 0 0 0 4096 1088 0 0 0 17 187 0 0 1 0 0 94110861847936 94110861894872 94110891569152 140736818981626 140736818981782 140736818981782 140736818982881 0
/proc/18/statm: 43752 40492 1068 456 0 41913 0
Current children cumulated CPU time: 759.2 s
Current children cumulated vsize: 192692 KiB
Current children cumulated memory: 174324 KiB

[startup+822.3 s]
/proc/loadavg: 52.00 51.66 52.20 51/2962 18
/proc/meminfo: memFree=369810424/527542240 swapFree=32678652/33554428
[pid=16] ppid=13 vsize=17684 memory=12356 CPUtime=0.04 cores=70-83,182-195
/proc/16/stat : 16 (python3) S 13 16 0 0 -1 4194304 1900 0 96 0 3 1 0 0 20 0 1 0 53460178 18108416 3089 67087892480 4194304 7154137 140722264754656 0 0 0 0 16781312 2 1 0 0 17 186 0 0 8 0 0 9727432 11029816 34287616 140722264763191 140722264763309 140722264763309 140722264764391 0
/proc/16/statm: 4421 3089 1495 723 0 2063 0
[pid=18] ppid=16 vsize=146336 memory=142776 CPUtime=818.92 cores=70-83,182-195
/proc/18/stat : 18 (bn4rust) R 16 16 0 0 -1 4194304 1218116 0 18 0 81243 649 0 0 20 0 1 0 53460191 149848064 35694 67087892480 94110859722752 94110861589873 140736818979712 0 0 0 0 4096 1088 0 0 0 17 187 0 0 1 0 0 94110861847936 94110861894872 94110891569152 140736818981626 140736818981782 140736818981782 140736818982881 0
/proc/18/statm: 36584 35694 1068 456 0 34745 0
Current children cumulated CPU time: 818.96 s
Current children cumulated vsize: 164020 KiB
Current children cumulated memory: 155132 KiB

[startup+882.3 s]
/proc/loadavg: 51.38 51.53 52.12 52/2981 18
/proc/meminfo: memFree=374354496/527542240 swapFree=32629244/33554428
[pid=16] ppid=13 vsize=17684 memory=12356 CPUtime=0.04 cores=70-83,182-195
/proc/16/stat : 16 (python3) S 13 16 0 0 -1 4194304 1900 0 96 0 3 1 0 0 20 0 1 0 53460178 18108416 3089 67087892480 4194304 7154137 140722264754656 0 0 0 0 16781312 2 1 0 0 17 186 0 0 8 0 0 9727432 11029816 34287616 140722264763191 140722264763309 140722264763309 140722264764391 0
/proc/16/statm: 4421 3089 1495 723 0 2063 0
[pid=18] ppid=16 vsize=170912 memory=158640 CPUtime=878.69 cores=70-83,182-195
/proc/18/stat : 18 (bn4rust) R 16 16 0 0 -1 4194304 1308028 0 18 0 87147 722 0 0 20 0 1 0 53460191 175013888 39660 67087892480 94110859722752 94110861589873 140736818979712 0 0 0 0 4096 1088 0 0 0 17 187 0 0 1 0 0 94110861847936 94110861894872 94110891569152 140736818981626 140736818981782 140736818981782 140736818982881 0
/proc/18/statm: 42728 39660 1068 456 0 40889 0
Current children cumulated CPU time: 878.73 s
Current children cumulated vsize: 188596 KiB
Current children cumulated memory: 170996 KiB

[startup+942.3 s]
/proc/loadavg: 41.02 48.34 50.97 54/2983 18
/proc/meminfo: memFree=370559172/527542240 swapFree=33445884/33554428
[pid=16] ppid=13 vsize=17684 memory=12356 CPUtime=0.04 cores=70-83,182-195
/proc/16/stat : 16 (python3) S 13 16 0 0 -1 4194304 1900 0 96 0 3 1 0 0 20 0 1 0 53460178 18108416 3089 67087892480 4194304 7154137 140722264754656 0 0 0 0 16781312 2 1 0 0 17 186 0 0 8 0 0 9727432 11029816 34287616 140722264763191 140722264763309 140722264763309 140722264764391 0
/proc/16/statm: 4421 3089 1495 723 0 2063 0
[pid=18] ppid=16 vsize=195488 memory=188596 CPUtime=938.45 cores=70-83,182-195
/proc/18/stat : 18 (bn4rust) R 16 16 0 0 -1 4194304 1400211 0 18 0 93044 801 0 0 20 0 1 0 53460191 200179712 47149 67087892480 94110859722752 94110861589873 140736818979712 0 0 0 0 4096 1088 0 0 0 17 187 0 0 1 0 0 94110861847936 94110861894872 94110891569152 140736818981626 140736818981782 140736818981782 140736818982881 0
/proc/18/statm: 48872 47149 1068 456 0 47033 0
Current children cumulated CPU time: 938.49 s
Current children cumulated vsize: 213172 KiB
Current children cumulated memory: 200952 KiB

[startup+1002.3 s]
/proc/loadavg: 48.13 49.12 51.08 52/2991 18
/proc/meminfo: memFree=369283040/527542240 swapFree=33445884/33554428
[pid=16] ppid=13 vsize=17684 memory=12356 CPUtime=0.04 cores=70-83,182-195
/proc/16/stat : 16 (python3) S 13 16 0 0 -1 4194304 1900 0 96 0 3 1 0 0 20 0 1 0 53460178 18108416 3089 67087892480 4194304 7154137 140722264754656 0 0 0 0 16781312 2 1 0 0 17 186 0 0 8 0 0 9727432 11029816 34287616 140722264763191 140722264763309 140722264763309 140722264764391 0
/proc/16/statm: 4421 3089 1495 723 0 2063 0
[pid=18] ppid=16 vsize=185248 memory=174148 CPUtime=998.18 cores=70-83,182-195
/proc/18/stat : 18 (bn4rust) R 16 16 0 0 -1 4194304 1496356 0 18 0 98935 883 0 0 20 0 1 0 53460191 189693952 43537 67087892480 94110859722752 94110861589873 140736818979712 0 0 0 0 4096 1088 0 0 0 17 187 0 0 1 0 0 94110861847936 94110861894872 94110891569152 140736818981626 140736818981782 140736818981782 140736818982881 0
/proc/18/statm: 46312 43537 1068 456 0 44473 0
Current children cumulated CPU time: 998.22 s
Current children cumulated vsize: 202932 KiB
Current children cumulated memory: 186504 KiB

[startup+1062.3 s]
/proc/loadavg: 50.26 49.54 51.10 52/2968 18
/proc/meminfo: memFree=371040296/527542240 swapFree=33445884/33554428
[pid=16] ppid=13 vsize=17684 memory=12356 CPUtime=0.04 cores=70-83,182-195
/proc/16/stat : 16 (python3) S 13 16 0 0 -1 4194304 1900 0 96 0 3 1 0 0 20 0 1 0 53460178 18108416 3089 67087892480 4194304 7154137 140722264754656 0 0 0 0 16781312 2 1 0 0 17 186 0 0 8 0 0 9727432 11029816 34287616 140722264763191 140722264763309 140722264763309 140722264764391 0
/proc/16/statm: 4421 3089 1495 723 0 2063 0
[pid=18] ppid=16 vsize=220280 memory=211080 CPUtime=1057.91 cores=70-83,182-195
/proc/18/stat : 18 (bn4rust) R 16 16 0 0 -1 4194304 1591800 0 18 0 104818 973 0 0 20 0 1 0 53460191 225566720 52770 67087892480 94110859722752 94110861589873 140736818979712 0 0 0 0 4096 1088 0 0 0 17 187 0 0 1 0 0 94110861847936 94110861894872 94110891569152 140736818981626 140736818981782 140736818981782 140736818982881 0
/proc/18/statm: 55070 52770 1068 456 0 53231 0
Current children cumulated CPU time: 1057.95 s
Current children cumulated vsize: 237964 KiB
Current children cumulated memory: 223436 KiB

[startup+1122.3 s]
/proc/loadavg: 51.90 50.14 51.21 53/2996 18
/proc/meminfo: memFree=369345444/527542240 swapFree=33445884/33554428
[pid=16] ppid=13 vsize=17684 memory=12356 CPUtime=0.04 cores=70-83,182-195
/proc/16/stat : 16 (python3) S 13 16 0 0 -1 4194304 1900 0 96 0 3 1 0 0 20 0 1 0 53460178 18108416 3089 67087892480 4194304 7154137 140722264754656 0 0 0 0 16781312 2 1 0 0 17 186 0 0 8 0 0 9727432 11029816 34287616 140722264763191 140722264763309 140722264763309 140722264764391 0
/proc/16/statm: 4421 3089 1495 723 0 2063 0
[pid=18] ppid=16 vsize=230440 memory=223376 CPUtime=1117.63 cores=70-83,182-195
/proc/18/stat : 18 (bn4rust) R 16 16 0 0 -1 4194304 1693124 0 18 0 110697 1066 0 0 20 0 1 0 53460191 235970560 55844 67087892480 94110859722752 94110861589873 140736818979712 0 0 0 0 4096 1088 0 0 0 17 187 0 0 1 0 0 94110861847936 94110861894872 94110891569152 140736818981626 140736818981782 140736818981782 140736818982881 0
/proc/18/statm: 57610 55844 1068 456 0 55771 0
Current children cumulated CPU time: 1117.67 s
Current children cumulated vsize: 248124 KiB
Current children cumulated memory: 235732 KiB

[startup+1182.3 s]
/proc/loadavg: 51.36 50.31 51.20 52/2970 18
/proc/meminfo: memFree=369774548/527542240 swapFree=33445884/33554428
[pid=16] ppid=13 vsize=17684 memory=12356 CPUtime=0.04 cores=70-83,182-195
/proc/16/stat : 16 (python3) S 13 16 0 0 -1 4194304 1900 0 96 0 3 1 0 0 20 0 1 0 53460178 18108416 3089 67087892480 4194304 7154137 140722264754656 0 0 0 0 16781312 2 1 0 0 17 186 0 0 8 0 0 9727432 11029816 34287616 140722264763191 140722264763309 140722264763309 140722264764391 0
/proc/16/statm: 4421 3089 1495 723 0 2063 0
[pid=18] ppid=16 vsize=275372 memory=236144 CPUtime=1177.38 cores=70-83,182-195
/proc/18/stat : 18 (bn4rust) R 16 16 0 0 -1 4194304 1790820 0 18 0 116579 1159 0 0 20 0 1 0 53460191 281980928 59036 67087892480 94110859722752 94110861589873 140736818979712 0 0 0 0 4096 1088 0 0 0 17 187 0 0 1 0 0 94110861847936 94110861894872 94110891569152 140736818981626 140736818981782 140736818981782 140736818982881 0
/proc/18/statm: 68843 59036 1068 456 0 67004 0
Current children cumulated CPU time: 1177.42 s
Current children cumulated vsize: 293056 KiB
Current children cumulated memory: 248500 KiB

[startup+1242.3 s]
/proc/loadavg: 51.76 50.59 51.23 51/2962 18
/proc/meminfo: memFree=370891880/527542240 swapFree=33445884/33554428
[pid=16] ppid=13 vsize=17684 memory=12356 CPUtime=0.04 cores=70-83,182-195
/proc/16/stat : 16 (python3) S 13 16 0 0 -1 4194304 1900 0 96 0 3 1 0 0 20 0 1 0 53460178 18108416 3089 67087892480 4194304 7154137 140722264754656 0 0 0 0 16781312 2 1 0 0 17 186 0 0 8 0 0 9727432 11029816 34287616 140722264763191 140722264763309 140722264763309 140722264764391 0
/proc/16/statm: 4421 3089 1495 723 0 2063 0
[pid=18] ppid=16 vsize=318384 memory=267816 CPUtime=1237.13 cores=70-83,182-195
/proc/18/stat : 18 (bn4rust) R 16 16 0 0 -1 4194304 1903706 0 18 0 122449 1264 0 0 20 0 1 0 53460191 326025216 66954 67087892480 94110859722752 94110861589873 140736818979712 0 0 0 0 4096 1088 0 0 0 17 187 0 0 1 0 0 94110861847936 94110861894872 94110891569152 140736818981626 140736818981782 140736818981782 140736818982881 0
/proc/18/statm: 79596 66954 1068 456 0 77757 0
Current children cumulated CPU time: 1237.17 s
Current children cumulated vsize: 336068 KiB
Current children cumulated memory: 280172 KiB

[startup+1302.3 s]
/proc/loadavg: 51.78 50.83 51.27 51/2965 18
/proc/meminfo: memFree=370417664/527542240 swapFree=33445884/33554428
[pid=16] ppid=13 vsize=17684 memory=12356 CPUtime=0.04 cores=70-83,182-195
/proc/16/stat : 16 (python3) S 13 16 0 0 -1 4194304 1900 0 96 0 3 1 0 0 20 0 1 0 53460178 18108416 3089 67087892480 4194304 7154137 140722264754656 0 0 0 0 16781312 2 1 0 0 17 186 0 0 8 0 0 9727432 11029816 34287616 140722264763191 140722264763309 140722264763309 140722264764391 0
/proc/16/statm: 4421 3089 1495 723 0 2063 0
[pid=18] ppid=16 vsize=191392 memory=180912 CPUtime=1296.79 cores=70-83,182-195
/proc/18/stat : 18 (bn4rust) R 16 16 0 0 -1 4194304 2024069 0 18 0 128305 1374 0 0 20 0 1 0 53460191 195985408 45228 67087892480 94110859722752 94110861589873 140736818979712 0 0 0 0 4096 1088 0 0 0 17 187 0 0 1 0 0 94110861847936 94110861894872 94110891569152 140736818981626 140736818981782 140736818981782 140736818982881 0
/proc/18/statm: 47848 45228 1068 456 0 46009 0
Current children cumulated CPU time: 1296.83 s
Current children cumulated vsize: 209076 KiB
Current children cumulated memory: 193268 KiB

[startup+1362.3 s]
/proc/loadavg: 52.44 51.19 51.37 52/2990 18
/proc/meminfo: memFree=371352912/527542240 swapFree=33445884/33554428
[pid=16] ppid=13 vsize=17684 memory=12356 CPUtime=0.04 cores=70-83,182-195
/proc/16/stat : 16 (python3) S 13 16 0 0 -1 4194304 1900 0 96 0 3 1 0 0 20 0 1 0 53460178 18108416 3089 67087892480 4194304 7154137 140722264754656 0 0 0 0 16781312 2 1 0 0 17 186 0 0 8 0 0 9727432 11029816 34287616 140722264763191 140722264763309 140722264763309 140722264764391 0
/proc/16/statm: 4421 3089 1495 723 0 2063 0
[pid=18] ppid=16 vsize=170912 memory=166564 CPUtime=1356.42 cores=70-83,182-195
/proc/18/stat : 18 (bn4rust) R 16 16 0 0 -1 4194304 2145151 0 18 0 134157 1485 0 0 20 0 1 0 53460191 175013888 41641 67087892480 94110859722752 94110861589873 140736818979712 0 0 0 0 4096 1088 0 0 0 17 187 0 0 1 0 0 94110861847936 94110861894872 94110891569152 140736818981626 140736818981782 140736818981782 140736818982881 0
/proc/18/statm: 42728 41641 1068 456 0 40889 0
Current children cumulated CPU time: 1356.46 s
Current children cumulated vsize: 188596 KiB
Current children cumulated memory: 178920 KiB

[startup+1422.3 s]
/proc/loadavg: 51.32 51.08 51.32 52/2998 18
/proc/meminfo: memFree=371375716/527542240 swapFree=33445884/33554428
[pid=16] ppid=13 vsize=17684 memory=12356 CPUtime=0.04 cores=70-83,182-195
/proc/16/stat : 16 (python3) S 13 16 0 0 -1 4194304 1900 0 96 0 3 1 0 0 20 0 1 0 53460178 18108416 3089 67087892480 4194304 7154137 140722264754656 0 0 0 0 16781312 2 1 0 0 17 186 0 0 8 0 0 9727432 11029816 34287616 140722264763191 140722264763309 140722264763309 140722264764391 0
/proc/16/statm: 4421 3089 1495 723 0 2063 0
[pid=18] ppid=16 vsize=148384 memory=145072 CPUtime=1416.08 cores=70-83,182-195
/proc/18/stat : 18 (bn4rust) R 16 16 0 0 -1 4194304 2239622 0 18 0 140020 1588 0 0 20 0 1 0 53460191 151945216 36268 67087892480 94110859722752 94110861589873 140736818979712 0 0 0 0 4096 1088 0 0 0 17 187 0 0 1 0 0 94110861847936 94110861894872 94110891569152 140736818981626 140736818981782 140736818981782 140736818982881 0
/proc/18/statm: 37096 36268 1068 456 0 35257 0
Current children cumulated CPU time: 1416.12 s
Current children cumulated vsize: 166068 KiB
Current children cumulated memory: 157428 KiB

[startup+1482.3 s]
/proc/loadavg: 51.50 51.19 51.34 52/2975 18
/proc/meminfo: memFree=370925208/527542240 swapFree=33445884/33554428
[pid=16] ppid=13 vsize=17684 memory=12356 CPUtime=0.04 cores=70-83,182-195
/proc/16/stat : 16 (python3) S 13 16 0 0 -1 4194304 1900 0 96 0 3 1 0 0 20 0 1 0 53460178 18108416 3089 67087892480 4194304 7154137 140722264754656 0 0 0 0 16781312 2 1 0 0 17 186 0 0 8 0 0 9727432 11029816 34287616 140722264763191 140722264763309 140722264763309 140722264764391 0
/proc/16/statm: 4421 3089 1495 723 0 2063 0
[pid=18] ppid=16 vsize=293804 memory=222028 CPUtime=1475.75 cores=70-83,182-195
/proc/18/stat : 18 (bn4rust) R 16 16 0 0 -1 4194304 2331699 0 18 0 145884 1691 0 0 20 0 1 0 53460191 300855296 55507 67087892480 94110859722752 94110861589873 140736818979712 0 0 0 0 4096 1088 0 0 0 17 187 0 0 1 0 0 94110861847936 94110861894872 94110891569152 140736818981626 140736818981782 140736818981782 140736818982881 0
/proc/18/statm: 73451 55507 1068 456 0 71612 0
Current children cumulated CPU time: 1475.79 s
Current children cumulated vsize: 311488 KiB
Current children cumulated memory: 234384 KiB

[startup+1542.3 s]
/proc/loadavg: 50.55 50.97 51.26 51/2974 18
/proc/meminfo: memFree=371024100/527542240 swapFree=33445884/33554428
[pid=16] ppid=13 vsize=17684 memory=12768 CPUtime=0.04 cores=70-83,182-195
/proc/16/stat : 16 (python3) S 13 16 0 0 -1 4194304 1900 0 96 0 3 1 0 0 20 0 1 0 53460178 18108416 3192 67087892480 4194304 7154137 140722264754656 0 0 0 0 16781312 2 1 0 0 17 186 0 0 8 0 0 9727432 11029816 34287616 140722264763191 140722264763309 140722264763309 140722264764391 0
/proc/16/statm: 4421 3192 1495 723 0 2063 0
[pid=18] ppid=16 vsize=256936 memory=252300 CPUtime=1535.44 cores=70-83,182-195
/proc/18/stat : 18 (bn4rust) R 16 16 0 0 -1 4194304 2421727 0 18 0 151752 1792 0 0 20 0 1 0 53460191 263102464 63075 67087892480 94110859722752 94110861589873 140736818979712 0 0 0 0 4096 1088 0 0 0 17 187 0 0 1 0 0 94110861847936 94110861894872 94110891569152 140736818981626 140736818981782 140736818981782 140736818982881 0
/proc/18/statm: 64234 63075 1068 456 0 62395 0
Current children cumulated CPU time: 1535.48 s
Current children cumulated vsize: 274620 KiB
Current children cumulated memory: 265068 KiB

[startup+1602.3 s]
/proc/loadavg: 51.53 51.19 51.31 53/2991 18
/proc/meminfo: memFree=370894888/527542240 swapFree=33445884/33554428
[pid=16] ppid=13 vsize=17684 memory=12768 CPUtime=0.04 cores=70-83,182-195
/proc/16/stat : 16 (python3) S 13 16 0 0 -1 4194304 1900 0 96 0 3 1 0 0 20 0 1 0 53460178 18108416 3192 67087892480 4194304 7154137 140722264754656 0 0 0 0 16781312 2 1 0 0 17 186 0 0 8 0 0 9727432 11029816 34287616 140722264763191 140722264763309 140722264763309 140722264764391 0
/proc/16/statm: 4421 3192 1495 723 0 2063 0
[pid=18] ppid=16 vsize=148384 memory=144912 CPUtime=1595.2 cores=70-83,182-195
/proc/18/stat : 18 (bn4rust) R 16 16 0 0 -1 4194304 2510733 0 18 0 157623 1897 0 0 20 0 1 0 53460191 151945216 36228 67087892480 94110859722752 94110861589873 140736818979712 0 0 0 0 4096 1088 0 0 0 17 187 0 0 1 0 0 94110861847936 94110861894872 94110891569152 140736818981626 140736818981782 140736818981782 140736818982881 0
/proc/18/statm: 37096 36228 1068 456 0 35257 0
Current children cumulated CPU time: 1595.24 s
Current children cumulated vsize: 166068 KiB
Current children cumulated memory: 157680 KiB

[startup+1662.3 s]
/proc/loadavg: 51.22 51.15 51.29 51/2986 18
/proc/meminfo: memFree=371105424/527542240 swapFree=33445884/33554428
[pid=16] ppid=13 vsize=17684 memory=12768 CPUtime=0.04 cores=70-83,182-195
/proc/16/stat : 16 (python3) S 13 16 0 0 -1 4194304 1900 0 96 0 3 1 0 0 20 0 1 0 53460178 18108416 3192 67087892480 4194304 7154137 140722264754656 0 0 0 0 16781312 2 1 0 0 17 186 0 0 8 0 0 9727432 11029816 34287616 140722264763191 140722264763309 140722264763309 140722264764391 0
/proc/16/statm: 4421 3192 1495 723 0 2063 0
[pid=18] ppid=16 vsize=293804 memory=268876 CPUtime=1654.97 cores=70-83,182-195
/proc/18/stat : 18 (bn4rust) R 16 16 0 0 -1 4194304 2612252 0 18 0 163480 2017 0 0 20 0 1 0 53460191 300855296 67219 67087892480 94110859722752 94110861589873 140736818979712 0 0 0 0 4096 1088 0 0 0 17 187 0 0 1 0 0 94110861847936 94110861894872 94110891569152 140736818981626 140736818981782 140736818981782 140736818982881 0
/proc/18/statm: 73451 67219 1068 456 0 71612 0
Current children cumulated CPU time: 1655.01 s
Current children cumulated vsize: 311488 KiB
Current children cumulated memory: 281644 KiB

[startup+1722.3 s]
/proc/loadavg: 52.19 51.45 51.38 52/2992 18
/proc/meminfo: memFree=365667560/527542240 swapFree=33445884/33554428
[pid=16] ppid=13 vsize=17684 memory=12768 CPUtime=0.04 cores=70-83,182-195
/proc/16/stat : 16 (python3) S 13 16 0 0 -1 4194304 1900 0 96 0 3 1 0 0 20 0 1 0 53460178 18108416 3192 67087892480 4194304 7154137 140722264754656 0 0 0 0 16781312 2 1 0 0 17 186 0 0 8 0 0 9727432 11029816 34287616 140722264763191 140722264763309 140722264763309 140722264764391 0
/proc/16/statm: 4421 3192 1495 723 0 2063 0
[pid=18] ppid=16 vsize=249764 memory=245712 CPUtime=1714.74 cores=70-83,182-195
/proc/18/stat : 18 (bn4rust) R 16 16 0 0 -1 4194304 2704287 0 18 0 169351 2123 0 0 20 0 1 0 53460191 255758336 61428 67087892480 94110859722752 94110861589873 140736818979712 0 0 0 0 4096 1088 0 0 0 17 187 0 0 1 0 0 94110861847936 94110861894872 94110891569152 140736818981626 140736818981782 140736818981782 140736818982881 0
/proc/18/statm: 62441 61428 1068 456 0 60602 0
Current children cumulated CPU time: 1714.78 s
Current children cumulated vsize: 267448 KiB
Current children cumulated memory: 258480 KiB

[startup+1782.3 s]
/proc/loadavg: 51.55 51.39 51.37 53/3016 18
/proc/meminfo: memFree=360339300/527542240 swapFree=33445884/33554428
[pid=16] ppid=13 vsize=17684 memory=12768 CPUtime=0.04 cores=70-83,182-195
/proc/16/stat : 16 (python3) S 13 16 0 0 -1 4194304 1900 0 96 0 3 1 0 0 20 0 1 0 53460178 18108416 3192 67087892480 4194304 7154137 140722264754656 0 0 0 0 16781312 2 1 0 0 17 186 0 0 8 0 0 9727432 11029816 34287616 140722264763191 140722264763309 140722264763309 140722264764391 0
/proc/16/statm: 4421 3192 1495 723 0 2063 0
[pid=18] ppid=16 vsize=306092 memory=279520 CPUtime=1774.5 cores=70-83,182-195
/proc/18/stat : 18 (bn4rust) R 16 16 0 0 -1 4194304 2804923 0 18 0 175197 2253 0 0 20 0 1 0 53460191 313438208 69880 67087892480 94110859722752 94110861589873 140736818979712 0 0 0 0 4096 1088 0 0 0 17 187 0 0 1 0 0 94110861847936 94110861894872 94110891569152 140736818981626 140736818981782 140736818981782 140736818982881 0
/proc/18/statm: 76523 69880 1068 456 0 74684 0
Current children cumulated CPU time: 1774.54 s
Current children cumulated vsize: 323776 KiB
Current children cumulated memory: 292288 KiB



Maximum wall clock time exceeded: sending SIGTERM then SIGKILL

[startup+1800 s]*
/proc/loadavg: 51.44 51.38 51.36 52/3004 18
/proc/meminfo: memFree=358297140/527542240 swapFree=33445884/33554428
[pid=16] ppid=13 vsize=17684 memory=12768 CPUtime=0.04 cores=70-83,182-195
/proc/16/stat : 16 (python3) S 13 16 0 0 -1 4194304 1901 0 96 0 3 1 0 0 20 0 1 0 53460178 18108416 3192 67087892480 4194304 7154137 140722264754656 0 0 0 0 16781312 2 1 0 0 17 186 0 0 8 0 0 9727432 11029816 34287616 140722264763191 140722264763309 140722264763309 140722264764391 0
/proc/16/statm: 4421 3192 1495 723 0 2063 0
[pid=18] ppid=16 vsize=318380 memory=290728 CPUtime=1792.13 cores=70-83,182-195
/proc/18/stat : 18 (bn4rust) R 16 16 0 0 -1 4194304 2827977 0 18 0 176937 2276 0 0 20 0 1 0 53460191 326021120 72682 67087892480 94110859722752 94110861589873 140736818979712 0 0 0 0 4096 1088 0 0 0 17 187 0 0 1 0 0 94110861847936 94110861894872 94110891569152 140736818981626 140736818981782 140736818981782 140736818982881 0
/proc/18/statm: 79595 72682 1068 456 0 77756 0
Current children cumulated CPU time: 1792.17 s
Current children cumulated vsize: 336064 KiB
Current children cumulated memory: 303496 KiB

Sending SIGTERM to process tree (bottom up)
Sleeping 2 seconds

[startup+1800.01 s]
# the end of solver process 16 was just reported to runsolver
# cumulated CPU time of all completed processes:  user=1769.42 s, system=22.7849 s

Solver just ended.
??? end of watcher thread
Dumping a history of the last processes samples

Child ended because it received signal 15 (SIGTERM)
Real time (s): 1800.01
CPU time (s): 1792.2
CPU user time (s): 1769.42
CPU system time (s): 22.7849
CPU usage (%): 99.5665
Max. virtual memory (cumulated for all children) (KiB): 639176
Max. memory (cumulated for all children) (KiB): 592320

getrusage(RUSAGE_CHILDREN,...) data:
user time used= 1769.42
system time used= 22.7849
maximum resident set size= 579660
integral shared memory size= 0
integral unshared data size= 0
integral unshared stack size= 0
page reclaims= 2829881
page faults= 114
swaps= 0
block input operations= 19512
block output operations= 0
messages sent= 0
messages received= 0
signals received= 0
voluntary context switches= 1115
involuntary context switches= 2163


# summary of solver processes directly reported to runsolver:
#   pid: 16
#   total CPU time (s): 1792.2
#   total CPU user time (s): 1769.42
#   total CPU system time (s): 22.7849

??? join timestamper begins
??? join timestamper ends
??? end of timestamper thread
runsolver used 1.45098 second user time and 2.56742 second system time

The end
