# WCTIME: wall clock time in seconds
WCTIME=875.038
# CPUTIME: CPU time in seconds (USERTIME+SYSTEMTIME)
CPUTIME=871.085
# USERTIME: CPU time spent in user mode in seconds
USERTIME=843.357
# SYSTEMTIME: CPU time spent in system mode in seconds
SYSTEMTIME=27.7283
# CPUUSAGE: CPUTIME/WCTIME in percent
CPUUSAGE=99.5482
# MAXVM: maximum virtual memory used in KiB
MAXVM=89940468
# MAXMM: maximum memory used in KiB
MAXMM=65341000
# MAXRSS: maximum Resident Segment Size in KiB
MAXRSS=65334056
# TIMEOUT: did the solver exceed the time limit?
TIMEOUT=false
# MEMOUT: did the solver exceed the memory limit?
MEMOUT=false
# EXITSTATUS: Exit status of the solver
EXITSTATUS=63232
