runsolver version 3.4.1 (svn: 3018) Copyright (C) 2010-2013 Olivier ROUSSEL

This program is distributed in the hope that it will be useful,
but WITHOUT ANY WARRANTY; without even the implied warranty of
MERCHANTABILITY or FITNESS FOR A PARTICULAR PURPOSE.  See the
GNU General Public License for more details.

NUMA information:
  number of nodes: 8
  memory of node 0: 63700 MiB (47947 MiB free)
  memory of node 1: 64504 MiB (62903 MiB free)
  memory of node 2: 64461 MiB (63543 MiB free)
  memory of node 3: 64504 MiB (62799 MiB free)
  memory of node 4: 64504 MiB (44161 MiB free)
  memory of node 5: 64504 MiB (53151 MiB free)
  memory of node 6: 64504 MiB (46849 MiB free)
  memory of node 7: 64491 MiB (43502 MiB free)
  node distances:
     10  12  12  12  21  21  21  21
     12  10  12  12  21  21  21  21
     12  12  10  12  21  21  21  21
     12  12  12  10  21  21  21  21
     21  21  21  21  10  12  12  12
     21  21  21  21  12  10  12  12
     21  21  21  21  12  12  10  12
     21  21  21  21  12  12  12  10

command line: /usr/local/bin/runsolver --timestamp -w /output/runsolver-watch.log -v /output/runsolver-values.log -o /output/solver-output.log -C 1800.0 -W 1800.0 -R 64000 /opt/solver/run_bn4rust.py --mode cyber-complement-gfp --instance /input/model_195.bnet 

running on 28 cores: 42-55,154-167

Enforcing CPUTime limit (soft limit, will send SIGTERM then SIGKILL): 1800 seconds
Enforcing CPUTime limit (hard limit, will send SIGXCPU): 1830 seconds
Enforcing wall clock limit (soft limit, will send SIGTERM then SIGKILL): 1800 seconds
Enforcing RSS+Swap limit (soft limit, will send SIGTERM then SIGKILL): 65536000 KiB
Linux 4.18.0-553.159.1.el8_10.x86_64
solver pid=16, runsolver pid=13
Current StackSize limit: 18014398509481983 KiB


[startup+0.100063 s]*
/proc/loadavg: 62.68 62.16 62.05 66/2913 17
/proc/meminfo: memFree=435040728/527542264 swapFree=33520892/33554428
[pid=16] ppid=13 vsize=15800 memory=10104 CPUtime=0.02 cores=42-55,154-167
/proc/16/stat : 16 (python3) R 13 16 0 0 -1 4194304 1391 0 84 0 2 0 0 0 20 0 1 0 53233636 16179200 2526 67087892480 4194304 7154137 140723600868736 0 0 0 0 16781312 2 1 0 0 17 43 0 0 6 0 0 9727432 11029816 14778368 140723600874317 140723600874413 140723600874413 140723600875495 0
/proc/16/statm: 3950 2526 1392 723 0 1674 0
Current children cumulated CPU time: 0.02 s
Current children cumulated vsize: 15800 KiB
Current children cumulated memory: 10104 KiB

[startup+0.200569 s]*
/proc/loadavg: 62.68 62.16 62.05 74/2914 18
/proc/meminfo: memFree=435089800/527542264 swapFree=33520892/33554428
[pid=16] ppid=13 vsize=17684 memory=12420 CPUtime=0.05 cores=42-55,154-167
/proc/16/stat : 16 (python3) S 13 16 0 0 -1 4194304 1892 0 96 0 3 2 0 0 20 0 1 0 53233636 18108416 3105 67087892480 4194304 7154137 140723600868736 0 0 0 0 16781312 2 1 0 0 17 43 0 0 8 0 0 9727432 11029816 14778368 140723600874317 140723600874413 140723600874413 140723600875495 0
/proc/16/statm: 4421 3105 1511 723 0 2063 0
[pid=18] ppid=16 vsize=12928 memory=8900 CPUtime=0.02 cores=42-55,154-167
/proc/18/stat : 18 (bn4rust) R 16 16 0 0 -1 4194304 2831 0 18 0 2 0 0 0 20 0 1 0 53233651 13238272 2225 67087892480 94407096700928 94407098568049 140723729461744 0 0 0 0 4096 1088 0 0 0 17 157 0 0 1 0 0 94407098826112 94407098873048 94407104487424 140723729468176 140723729468310 140723729468310 140723729469409 0
/proc/18/statm: 3232 2225 1086 456 0 1393 0
Current children cumulated CPU time: 0.07 s
Current children cumulated vsize: 30612 KiB
Current children cumulated memory: 21320 KiB

[startup+0.300542 s]*
/proc/loadavg: 62.68 62.16 62.05 66/2914 18
/proc/meminfo: memFree=435071528/527542264 swapFree=33520892/33554428
[pid=16] ppid=13 vsize=17684 memory=12420 CPUtime=0.05 cores=42-55,154-167
/proc/16/stat : 16 (python3) S 13 16 0 0 -1 4194304 1892 0 96 0 3 2 0 0 20 0 1 0 53233636 18108416 3105 67087892480 4194304 7154137 140723600868736 0 0 0 0 16781312 2 1 0 0 17 43 0 0 8 0 0 9727432 11029816 14778368 140723600874317 140723600874413 140723600874413 140723600875495 0
/proc/16/statm: 4421 3105 1511 723 0 2063 0
[pid=18] ppid=16 vsize=34544 memory=28816 CPUtime=0.12 cores=42-55,154-167
/proc/18/stat : 18 (bn4rust) R 16 16 0 0 -1 4194304 9062 0 18 0 11 1 0 0 20 0 1 0 53233651 35373056 7204 67087892480 94407096700928 94407098568049 140723729461744 0 0 0 0 4096 1088 0 0 0 17 157 0 0 1 0 0 94407098826112 94407098873048 94407104487424 140723729468176 140723729468310 140723729468310 140723729469409 0
/proc/18/statm: 8636 7204 1086 456 0 6797 0
Current children cumulated CPU time: 0.17 s
Current children cumulated vsize: 52228 KiB
Current children cumulated memory: 41236 KiB

[startup+0.700291 s]
/proc/loadavg: 62.68 62.16 62.05 66/2914 18
/proc/meminfo: memFree=435054844/527542264 swapFree=33520892/33554428
[pid=16] ppid=13 vsize=17684 memory=12420 CPUtime=0.05 cores=42-55,154-167
/proc/16/stat : 16 (python3) S 13 16 0 0 -1 4194304 1892 0 96 0 3 2 0 0 20 0 1 0 53233636 18108416 3105 67087892480 4194304 7154137 140723600868736 0 0 0 0 16781312 2 1 0 0 17 43 0 0 8 0 0 9727432 11029816 14778368 140723600874317 140723600874413 140723600874413 140723600875495 0
/proc/16/statm: 4421 3105 1511 723 0 2063 0
[pid=18] ppid=16 vsize=102256 memory=93092 CPUtime=0.52 cores=42-55,154-167
/proc/18/stat : 18 (bn4rust) R 16 16 0 0 -1 4194304 14910 0 18 0 48 4 0 0 20 0 1 0 53233651 104710144 23273 67087892480 94407096700928 94407098568049 140723729461744 0 0 0 0 4096 1088 0 0 0 17 157 0 0 1 0 0 94407098826112 94407098873048 94407104487424 140723729468176 140723729468310 140723729468310 140723729469409 0
/proc/18/statm: 25564 23273 1086 456 0 23725 0
Current children cumulated CPU time: 0.57 s
Current children cumulated vsize: 119940 KiB
Current children cumulated memory: 105512 KiB

[startup+1.50027 s]
/proc/loadavg: 62.68 62.16 62.05 66/2914 18
/proc/meminfo: memFree=434888960/527542264 swapFree=33520892/33554428
[pid=16] ppid=13 vsize=17684 memory=12420 CPUtime=0.05 cores=42-55,154-167
/proc/16/stat : 16 (python3) S 13 16 0 0 -1 4194304 1892 0 96 0 3 2 0 0 20 0 1 0 53233636 18108416 3105 67087892480 4194304 7154137 140723600868736 0 0 0 0 16781312 2 1 0 0 17 43 0 0 8 0 0 9727432 11029816 14778368 140723600874317 140723600874413 140723600874413 140723600875495 0
/proc/16/statm: 4421 3105 1511 723 0 2063 0
[pid=18] ppid=16 vsize=259960 memory=225012 CPUtime=1.32 cores=42-55,154-167
/proc/18/stat : 18 (bn4rust) R 16 16 0 0 -1 4194304 18313 0 18 0 125 7 0 0 20 0 1 0 53233651 266199040 56253 67087892480 94407096700928 94407098568049 140723729461744 0 0 0 0 4096 1088 0 0 0 17 157 0 0 1 0 0 94407098826112 94407098873048 94407104487424 140723729468176 140723729468310 140723729468310 140723729469409 0
/proc/18/statm: 64990 56253 1086 456 0 63151 0
Current children cumulated CPU time: 1.37 s
Current children cumulated vsize: 277644 KiB
Current children cumulated memory: 237432 KiB

[startup+3.10051 s]
/proc/loadavg: 62.68 62.16 62.05 66/2914 18
/proc/meminfo: memFree=434724520/527542264 swapFree=33520892/33554428
[pid=16] ppid=13 vsize=17684 memory=12420 CPUtime=0.05 cores=42-55,154-167
/proc/16/stat : 16 (python3) S 13 16 0 0 -1 4194304 1892 0 96 0 3 2 0 0 20 0 1 0 53233636 18108416 3105 67087892480 4194304 7154137 140723600868736 0 0 0 0 16781312 2 1 0 0 17 43 0 0 8 0 0 9727432 11029816 14778368 140723600874317 140723600874413 140723600874413 140723600875495 0
/proc/16/statm: 4421 3105 1511 723 0 2063 0
[pid=18] ppid=16 vsize=468140 memory=386824 CPUtime=2.91 cores=42-55,154-167
/proc/18/stat : 18 (bn4rust) R 16 16 0 0 -1 4194304 23824 0 18 0 277 14 0 0 20 0 1 0 53233651 479375360 96706 67087892480 94407096700928 94407098568049 140723729461744 0 0 0 0 4096 1088 0 0 0 17 157 0 0 1 0 0 94407098826112 94407098873048 94407104487424 140723729468176 140723729468310 140723729468310 140723729469409 0
/proc/18/statm: 117035 96706 1086 456 0 115196 0
Current children cumulated CPU time: 2.96 s
Current children cumulated vsize: 485824 KiB
Current children cumulated memory: 399244 KiB

[startup+6.30031 s]
/proc/loadavg: 62.87 62.21 62.07 66/2915 18
/proc/meminfo: memFree=434406492/527542264 swapFree=33520892/33554428
[pid=16] ppid=13 vsize=17684 memory=12420 CPUtime=0.05 cores=42-55,154-167
/proc/16/stat : 16 (python3) S 13 16 0 0 -1 4194304 1892 0 96 0 3 2 0 0 20 0 1 0 53233636 18108416 3105 67087892480 4194304 7154137 140723600868736 0 0 0 0 16781312 2 1 0 0 17 43 0 0 8 0 0 9727432 11029816 14778368 140723600874317 140723600874413 140723600874413 140723600875495 0
/proc/16/statm: 4421 3105 1511 723 0 2063 0
[pid=18] ppid=16 vsize=883264 memory=704076 CPUtime=6.1 cores=42-55,154-167
/proc/18/stat : 18 (bn4rust) R 16 16 0 0 -1 4194304 27868 0 18 0 588 22 0 0 20 0 1 0 53233651 904462336 176019 67087892480 94407096700928 94407098568049 140723729461744 0 0 0 0 4096 1088 0 0 0 17 157 0 0 1 0 0 94407098826112 94407098873048 94407104487424 140723729468176 140723729468310 140723729468310 140723729469409 0
/proc/18/statm: 220816 176019 1086 456 0 218977 0
Current children cumulated CPU time: 6.15 s
Current children cumulated vsize: 900948 KiB
Current children cumulated memory: 716496 KiB

[startup+12.7003 s]
/proc/loadavg: 63.04 62.26 62.09 66/2911 18
/proc/meminfo: memFree=434348972/527542264 swapFree=33520892/33554428
[pid=16] ppid=13 vsize=17684 memory=12420 CPUtime=0.05 cores=42-55,154-167
/proc/16/stat : 16 (python3) S 13 16 0 0 -1 4194304 1892 0 96 0 3 2 0 0 20 0 1 0 53233636 18108416 3105 67087892480 4194304 7154137 140723600868736 0 0 0 0 16781312 2 1 0 0 17 43 0 0 8 0 0 9727432 11029816 14778368 140723600874317 140723600874413 140723600874413 140723600875495 0
/proc/16/statm: 4421 3105 1511 723 0 2063 0
[pid=18] ppid=16 vsize=1031716 memory=790748 CPUtime=12.48 cores=42-55,154-167
/proc/18/stat : 18 (bn4rust) R 16 16 0 0 -1 4194304 33854 0 18 0 1208 40 0 0 20 0 1 0 53233651 1056477184 197687 67087892480 94407096700928 94407098568049 140723729461744 0 0 0 0 4096 1088 0 0 0 17 157 0 0 1 0 0 94407098826112 94407098873048 94407104487424 140723729468176 140723729468310 140723729468310 140723729469409 0
/proc/18/statm: 257929 197687 1086 456 0 256090 0
Current children cumulated CPU time: 12.53 s
Current children cumulated vsize: 1049400 KiB
Current children cumulated memory: 803168 KiB

[startup+25.5003 s]
/proc/loadavg: 63.34 62.35 62.12 66/2910 18
/proc/meminfo: memFree=433511468/527542264 swapFree=33520892/33554428
[pid=16] ppid=13 vsize=17684 memory=12420 CPUtime=0.05 cores=42-55,154-167
/proc/16/stat : 16 (python3) S 13 16 0 0 -1 4194304 1892 0 96 0 3 2 0 0 20 0 1 0 53233636 18108416 3105 67087892480 4194304 7154137 140723600868736 0 0 0 0 16781312 2 1 0 0 17 43 0 0 8 0 0 9727432 11029816 14778368 140723600874317 140723600874413 140723600874413 140723600875495 0
/proc/16/statm: 4421 3105 1511 723 0 2063 0
[pid=18] ppid=16 vsize=2023408 memory=1629432 CPUtime=25.22 cores=42-55,154-167
/proc/18/stat : 18 (bn4rust) R 16 16 0 0 -1 4194304 39966 0 18 0 2457 65 0 0 20 0 1 0 53233651 2071969792 407358 67087892480 94407096700928 94407098568049 140723729461744 0 0 0 0 4096 1088 0 0 0 17 157 0 0 1 0 0 94407098826112 94407098873048 94407104487424 140723729468176 140723729468310 140723729468310 140723729469409 0
/proc/18/statm: 505852 407358 1086 456 0 504013 0
Current children cumulated CPU time: 25.27 s
Current children cumulated vsize: 2041092 KiB
Current children cumulated memory: 1641852 KiB

[startup+51.1005 s]
/proc/loadavg: 63.87 62.57 62.20 66/2913 18
/proc/meminfo: memFree=430603244/527542264 swapFree=33520892/33554428
[pid=16] ppid=13 vsize=17684 memory=12420 CPUtime=0.05 cores=42-55,154-167
/proc/16/stat : 16 (python3) S 13 16 0 0 -1 4194304 1892 0 96 0 3 2 0 0 20 0 1 0 53233636 18108416 3105 67087892480 4194304 7154137 140723600868736 0 0 0 0 16781312 2 1 0 0 17 43 0 0 8 0 0 9727432 11029816 14778368 140723600874317 140723600874413 140723600874413 140723600875495 0
/proc/16/statm: 4421 3105 1511 723 0 2063 0
[pid=18] ppid=16 vsize=6333392 memory=5063320 CPUtime=50.72 cores=42-55,154-167
/proc/18/stat : 18 (bn4rust) R 16 16 0 0 -1 4194304 50440 0 18 0 4904 168 0 0 20 0 1 0 53233651 6485393408 1265830 67087892480 94407096700928 94407098568049 140723729461744 0 0 0 0 4096 1088 0 0 0 17 157 0 0 1 0 0 94407098826112 94407098873048 94407104487424 140723729468176 140723729468310 140723729468310 140723729469409 0
/proc/18/statm: 1583348 1265830 1086 456 0 1581509 0
Current children cumulated CPU time: 50.77 s
Current children cumulated vsize: 6351076 KiB
Current children cumulated memory: 5075740 KiB

[startup+102.3 s]
/proc/loadavg: 64.47 62.93 62.34 66/2915 18
/proc/meminfo: memFree=424994652/527542264 swapFree=33520892/33554428
[pid=16] ppid=13 vsize=17684 memory=12420 CPUtime=0.05 cores=42-55,154-167
/proc/16/stat : 16 (python3) S 13 16 0 0 -1 4194304 1892 0 96 0 3 2 0 0 20 0 1 0 53233636 18108416 3105 67087892480 4194304 7154137 140723600868736 0 0 0 0 16781312 2 1 0 0 17 43 0 0 8 0 0 9727432 11029816 14778368 140723600874317 140723600874413 140723600874413 140723600875495 0
/proc/16/statm: 4421 3105 1511 723 0 2063 0
[pid=18] ppid=16 vsize=13312976 memory=10609952 CPUtime=101.71 cores=42-55,154-167
/proc/18/stat : 18 (bn4rust) R 16 16 0 0 -1 4194304 60661 0 18 0 9911 260 0 0 20 0 1 0 53233651 13632487424 2652488 67087892480 94407096700928 94407098568049 140723729461744 0 0 0 0 4096 1088 0 0 0 17 157 0 0 1 0 0 94407098826112 94407098873048 94407104487424 140723729468176 140723729468310 140723729468310 140723729469409 0
/proc/18/statm: 3328244 2652488 1086 456 0 3326405 0
Current children cumulated CPU time: 101.76 s
Current children cumulated vsize: 13330660 KiB
Current children cumulated memory: 10622372 KiB

[startup+162.3 s]
/proc/loadavg: 64.81 63.31 62.51 66/2918 18
/proc/meminfo: memFree=423940260/527542264 swapFree=33520892/33554428
[pid=16] ppid=13 vsize=17684 memory=12420 CPUtime=0.05 cores=42-55,154-167
/proc/16/stat : 16 (python3) S 13 16 0 0 -1 4194304 1892 0 96 0 3 2 0 0 20 0 1 0 53233636 18108416 3105 67087892480 4194304 7154137 140723600868736 0 0 0 0 16781312 2 1 0 0 17 43 0 0 8 0 0 9727432 11029816 14778368 140723600874317 140723600874413 140723600874413 140723600875495 0
/proc/16/statm: 4421 3105 1511 723 0 2063 0
[pid=18] ppid=16 vsize=15396000 memory=11597132 CPUtime=161.47 cores=42-55,154-167
/proc/18/stat : 18 (bn4rust) R 16 16 0 0 -1 4194304 72745 0 18 0 15788 359 0 0 20 0 1 0 53233651 15765504000 2899283 67087892480 94407096700928 94407098568049 140723729461744 0 0 0 0 4096 1088 0 0 0 17 45 0 0 1 0 0 94407098826112 94407098873048 94407104487424 140723729468176 140723729468310 140723729468310 140723729469409 0
/proc/18/statm: 3849000 2899283 1086 456 0 3847161 0
Current children cumulated CPU time: 161.52 s
Current children cumulated vsize: 15413684 KiB
Current children cumulated memory: 11609552 KiB

[startup+222.3 s]
/proc/loadavg: 64.93 63.62 62.67 66/2917 18
/proc/meminfo: memFree=414423176/527542264 swapFree=33520892/33554428
[pid=16] ppid=13 vsize=17684 memory=12420 CPUtime=0.05 cores=42-55,154-167
/proc/16/stat : 16 (python3) S 13 16 0 0 -1 4194304 1892 0 96 0 3 2 0 0 20 0 1 0 53233636 18108416 3105 67087892480 4194304 7154137 140723600868736 0 0 0 0 16781312 2 1 0 0 17 43 0 0 8 0 0 9727432 11029816 14778368 140723600874317 140723600874413 140723600874413 140723600875495 0
/proc/16/statm: 4421 3105 1511 723 0 2063 0
[pid=18] ppid=16 vsize=26406048 memory=21019980 CPUtime=221.21 cores=42-55,154-167
/proc/18/stat : 18 (bn4rust) R 16 16 0 0 -1 4194304 88029 0 18 0 21594 527 0 0 20 0 1 0 53233651 27039793152 5254995 67087892480 94407096700928 94407098568049 140723729461744 0 0 0 0 4096 1088 0 0 0 17 45 0 0 1 0 0 94407098826112 94407098873048 94407104487424 140723729468176 140723729468310 140723729468310 140723729469409 0
/proc/18/statm: 6601512 5254995 1086 456 0 6599673 0
Current children cumulated CPU time: 221.26 s
Current children cumulated vsize: 26423732 KiB
Current children cumulated memory: 21032400 KiB

[startup+282.3 s]
/proc/loadavg: 64.98 63.87 62.82 66/2916 18
/proc/meminfo: memFree=413969204/527542264 swapFree=33520892/33554428
[pid=16] ppid=13 vsize=17684 memory=12420 CPUtime=0.05 cores=42-55,154-167
/proc/16/stat : 16 (python3) S 13 16 0 0 -1 4194304 1892 0 96 0 3 2 0 0 20 0 1 0 53233636 18108416 3105 67087892480 4194304 7154137 140723600868736 0 0 0 0 16781312 2 1 0 0 17 43 0 0 8 0 0 9727432 11029816 14778368 140723600874317 140723600874413 140723600874413 140723600875495 0
/proc/16/statm: 4421 3105 1511 723 0 2063 0
[pid=18] ppid=16 vsize=27659188 memory=21331312 CPUtime=280.97 cores=42-55,154-167
/proc/18/stat : 18 (bn4rust) R 16 16 0 0 -1 4194304 110016 0 18 0 27389 708 0 0 20 0 1 0 53233651 28323008512 5332828 67087892480 94407096700928 94407098568049 140723729461744 0 0 0 0 4096 1088 0 0 0 17 45 0 0 1 0 0 94407098826112 94407098873048 94407104487424 140723729468176 140723729468310 140723729468310 140723729469409 0
/proc/18/statm: 6914797 5332828 1086 456 0 6912958 0
Current children cumulated CPU time: 281.02 s
Current children cumulated vsize: 27676872 KiB
Current children cumulated memory: 21343732 KiB

[startup+342.3 s]
/proc/loadavg: 64.99 64.08 62.96 66/2897 18
/proc/meminfo: memFree=411735656/527542264 swapFree=33520892/33554428
[pid=16] ppid=13 vsize=17684 memory=12420 CPUtime=0.05 cores=42-55,154-167
/proc/16/stat : 16 (python3) S 13 16 0 0 -1 4194304 1892 0 96 0 3 2 0 0 20 0 1 0 53233636 18108416 3105 67087892480 4194304 7154137 140723600868736 0 0 0 0 16781312 2 1 0 0 17 43 0 0 8 0 0 9727432 11029816 14778368 140723600874317 140723600874413 140723600874413 140723600875495 0
/proc/16/statm: 4421 3105 1511 723 0 2063 0
[pid=18] ppid=16 vsize=30804916 memory=23453044 CPUtime=340.73 cores=42-55,154-167
/proc/18/stat : 18 (bn4rust) R 16 16 0 0 -1 4194304 120917 0 18 0 33338 735 0 0 20 0 1 0 53233651 31544233984 5863261 67087892480 94407096700928 94407098568049 140723729461744 0 0 0 0 4096 1088 0 0 0 17 45 0 0 1 0 0 94407098826112 94407098873048 94407104487424 140723729468176 140723729468310 140723729468310 140723729469409 0
/proc/18/statm: 7701229 5863261 1086 456 0 7699390 0
Current children cumulated CPU time: 340.78 s
Current children cumulated vsize: 30822600 KiB
Current children cumulated memory: 23465464 KiB

[startup+402.3 s]
/proc/loadavg: 65.00 64.25 63.09 66/2892 18
/proc/meminfo: memFree=413443552/527542264 swapFree=33520892/33554428
[pid=16] ppid=13 vsize=17684 memory=12420 CPUtime=0.05 cores=42-55,154-167
/proc/16/stat : 16 (python3) S 13 16 0 0 -1 4194304 1892 0 96 0 3 2 0 0 20 0 1 0 53233636 18108416 3105 67087892480 4194304 7154137 140723600868736 0 0 0 0 16781312 2 1 0 0 17 43 0 0 8 0 0 9727432 11029816 14778368 140723600874317 140723600874413 140723600874413 140723600875495 0
/proc/16/statm: 4421 3105 1511 723 0 2063 0
[pid=18] ppid=16 vsize=28005728 memory=21961860 CPUtime=400.49 cores=42-55,154-167
/proc/18/stat : 18 (bn4rust) R 16 16 0 0 -1 4194304 144065 0 18 0 39129 920 0 0 20 0 1 0 53233651 28677865472 5490465 67087892480 94407096700928 94407098568049 140723729461744 0 0 0 0 4096 1088 0 0 0 17 45 0 0 1 0 0 94407098826112 94407098873048 94407104487424 140723729468176 140723729468310 140723729468310 140723729469409 0
/proc/18/statm: 7001432 5490465 1086 456 0 6999593 0
Current children cumulated CPU time: 400.54 s
Current children cumulated vsize: 28023412 KiB
Current children cumulated memory: 21974280 KiB

[startup+462.3 s]
/proc/loadavg: 65.00 64.39 63.21 66/2889 18
/proc/meminfo: memFree=411106940/527542264 swapFree=33520892/33554428
[pid=16] ppid=13 vsize=17684 memory=12420 CPUtime=0.05 cores=42-55,154-167
/proc/16/stat : 16 (python3) S 13 16 0 0 -1 4194304 1892 0 96 0 3 2 0 0 20 0 1 0 53233636 18108416 3105 67087892480 4194304 7154137 140723600868736 0 0 0 0 16781312 2 1 0 0 17 43 0 0 8 0 0 9727432 11029816 14778368 140723600874317 140723600874413 140723600874413 140723600875495 0
/proc/16/statm: 4421 3105 1511 723 0 2063 0
[pid=18] ppid=16 vsize=31151456 memory=24100236 CPUtime=460.24 cores=42-55,154-167
/proc/18/stat : 18 (bn4rust) R 16 16 0 0 -1 4194304 154905 0 18 0 45080 944 0 0 20 0 1 0 53233651 31899090944 6025059 67087892480 94407096700928 94407098568049 140723729461744 0 0 0 0 4096 1088 0 0 0 17 45 0 0 1 0 0 94407098826112 94407098873048 94407104487424 140723729468176 140723729468310 140723729468310 140723729469409 0
/proc/18/statm: 7787864 6025059 1086 456 0 7786025 0
Current children cumulated CPU time: 460.29 s
Current children cumulated vsize: 31169140 KiB
Current children cumulated memory: 24112656 KiB

[startup+522.3 s]
/proc/loadavg: 65.00 64.50 63.33 66/2914 18
/proc/meminfo: memFree=398947412/527542264 swapFree=33520892/33554428
[pid=16] ppid=13 vsize=17684 memory=12420 CPUtime=0.05 cores=42-55,154-167
/proc/16/stat : 16 (python3) S 13 16 0 0 -1 4194304 1892 0 96 0 3 2 0 0 20 0 1 0 53233636 18108416 3105 67087892480 4194304 7154137 140723600868736 0 0 0 0 16781312 2 1 0 0 17 43 0 0 8 0 0 9727432 11029816 14778368 140723600874317 140723600874413 140723600874413 140723600875495 0
/proc/16/statm: 4421 3105 1511 723 0 2063 0
[pid=18] ppid=16 vsize=53695844 memory=37310964 CPUtime=519.98 cores=42-55,154-167
/proc/18/stat : 18 (bn4rust) R 16 16 0 0 -1 4194304 387975 0 18 0 50816 1182 0 0 20 0 1 0 53233651 54984544256 9327741 67087892480 94407096700928 94407098568049 140723729461744 0 0 0 0 4096 1088 0 0 0 17 45 0 0 1 0 0 94407098826112 94407098873048 94407104487424 140723729468176 140723729468310 140723729468310 140723729469409 0
/proc/18/statm: 13423961 9327741 1086 456 0 13422122 0
Current children cumulated CPU time: 520.03 s
Current children cumulated vsize: 53713528 KiB
Current children cumulated memory: 37323384 KiB

[startup+582.3 s]
/proc/loadavg: 65.00 64.60 63.43 66/2915 18
/proc/meminfo: memFree=396816160/527542264 swapFree=33520892/33554428
[pid=16] ppid=13 vsize=17684 memory=12420 CPUtime=0.05 cores=42-55,154-167
/proc/16/stat : 16 (python3) S 13 16 0 0 -1 4194304 1892 0 96 0 3 2 0 0 20 0 1 0 53233636 18108416 3105 67087892480 4194304 7154137 140723600868736 0 0 0 0 16781312 2 1 0 0 17 43 0 0 8 0 0 9727432 11029816 14778368 140723600874317 140723600874413 140723600874413 140723600875495 0
/proc/16/statm: 4421 3105 1511 723 0 2063 0
[pid=18] ppid=16 vsize=43261148 memory=38823316 CPUtime=579.73 cores=42-55,154-167
/proc/18/stat : 18 (bn4rust) R 16 16 0 0 -1 4194304 1606713 0 18 0 56213 1760 0 0 20 0 1 0 53233651 44299415552 9705829 67087892480 94407096700928 94407098568049 140723729461744 0 0 0 0 4096 1088 0 0 0 17 45 0 0 1 0 0 94407098826112 94407098873048 94407104487424 140723729468176 140723729468310 140723729468310 140723729469409 0
/proc/18/statm: 10815287 9705829 1086 456 0 10813448 0
Current children cumulated CPU time: 579.78 s
Current children cumulated vsize: 43278832 KiB
Current children cumulated memory: 38835736 KiB

[startup+642.3 s]
/proc/loadavg: 65.00 64.67 63.54 66/2912 18
/proc/meminfo: memFree=394110964/527542264 swapFree=33520892/33554428
[pid=16] ppid=13 vsize=17684 memory=12420 CPUtime=0.05 cores=42-55,154-167
/proc/16/stat : 16 (python3) S 13 16 0 0 -1 4194304 1892 0 96 0 3 2 0 0 20 0 1 0 53233636 18108416 3105 67087892480 4194304 7154137 140723600868736 0 0 0 0 16781312 2 1 0 0 17 43 0 0 8 0 0 9727432 11029816 14778368 140723600874317 140723600874413 140723600874413 140723600875495 0
/proc/16/statm: 4421 3105 1511 723 0 2063 0
[pid=18] ppid=16 vsize=47979740 memory=41043356 CPUtime=639.49 cores=42-55,154-167
/proc/18/stat : 18 (bn4rust) R 16 16 0 0 -1 4194304 1626484 0 18 0 62162 1787 0 0 20 0 1 0 53233651 49131253760 10260839 67087892480 94407096700928 94407098568049 140723729461744 0 0 0 0 4096 1088 0 0 0 17 45 0 0 1 0 0 94407098826112 94407098873048 94407104487424 140723729468176 140723729468310 140723729468310 140723729469409 0
/proc/18/statm: 11994935 10260839 1086 456 0 11993096 0
Current children cumulated CPU time: 639.54 s
Current children cumulated vsize: 47997424 KiB
Current children cumulated memory: 41055776 KiB

[startup+702.3 s]
/proc/loadavg: 65.07 64.75 63.64 66/2912 18
/proc/meminfo: memFree=392456296/527542264 swapFree=33520892/33554428
[pid=16] ppid=13 vsize=17684 memory=12420 CPUtime=0.05 cores=42-55,154-167
/proc/16/stat : 16 (python3) S 13 16 0 0 -1 4194304 1892 0 96 0 3 2 0 0 20 0 1 0 53233636 18108416 3105 67087892480 4194304 7154137 140723600868736 0 0 0 0 16781312 2 1 0 0 17 43 0 0 8 0 0 9727432 11029816 14778368 140723600874317 140723600874413 140723600874413 140723600875495 0
/proc/16/statm: 4421 3105 1511 723 0 2063 0
[pid=18] ppid=16 vsize=47979740 memory=43214236 CPUtime=699.25 cores=42-55,154-167
/proc/18/stat : 18 (bn4rust) R 16 16 0 0 -1 4194304 1644675 0 18 0 68112 1813 0 0 20 0 1 0 53233651 49131253760 10803559 67087892480 94407096700928 94407098568049 140723729461744 0 0 0 0 4096 1088 0 0 0 17 45 0 0 1 0 0 94407098826112 94407098873048 94407104487424 140723729468176 140723729468310 140723729468310 140723729469409 0
/proc/18/statm: 11994935 10803559 1086 456 0 11993096 0
Current children cumulated CPU time: 699.3 s
Current children cumulated vsize: 47997424 KiB
Current children cumulated memory: 43226656 KiB

[startup+762.3 s]
/proc/loadavg: 65.02 64.80 63.72 66/2910 18
/proc/meminfo: memFree=390068460/527542264 swapFree=33520892/33554428
[pid=16] ppid=13 vsize=17684 memory=12420 CPUtime=0.05 cores=42-55,154-167
/proc/16/stat : 16 (python3) S 13 16 0 0 -1 4194304 1892 0 96 0 3 2 0 0 20 0 1 0 53233636 18108416 3105 67087892480 4194304 7154137 140723600868736 0 0 0 0 16781312 2 1 0 0 17 43 0 0 8 0 0 9727432 11029816 14778368 140723600874317 140723600874413 140723600874413 140723600875495 0
/proc/16/statm: 4421 3105 1511 723 0 2063 0
[pid=18] ppid=16 vsize=54271196 memory=45326492 CPUtime=759.01 cores=42-55,154-167
/proc/18/stat : 18 (bn4rust) R 16 16 0 0 -1 4194304 2122602 0 18 0 73996 1905 0 0 20 0 1 0 53233651 55573704704 11331623 67087892480 94407096700928 94407098568049 140723729461744 0 0 0 0 4096 1088 0 0 0 17 45 0 0 1 0 0 94407098826112 94407098873048 94407104487424 140723729468176 140723729468310 140723729468310 140723729469409 0
/proc/18/statm: 13567799 11331623 1086 456 0 13565960 0
Current children cumulated CPU time: 759.06 s
Current children cumulated vsize: 54288880 KiB
Current children cumulated memory: 45338912 KiB

[startup+822.3 s]
/proc/loadavg: 65.04 64.85 63.81 66/2910 18
/proc/meminfo: memFree=388258276/527542264 swapFree=33520892/33554428
[pid=16] ppid=13 vsize=17684 memory=12420 CPUtime=0.05 cores=42-55,154-167
/proc/16/stat : 16 (python3) S 13 16 0 0 -1 4194304 1892 0 96 0 3 2 0 0 20 0 1 0 53233636 18108416 3105 67087892480 4194304 7154137 140723600868736 0 0 0 0 16781312 2 1 0 0 17 43 0 0 8 0 0 9727432 11029816 14778368 140723600874317 140723600874413 140723600874413 140723600875495 0
/proc/16/statm: 4421 3105 1511 723 0 2063 0
[pid=18] ppid=16 vsize=54271196 memory=47269992 CPUtime=818.76 cores=42-55,154-167
/proc/18/stat : 18 (bn4rust) R 16 16 0 0 -1 4194304 2628404 0 18 0 79884 1992 0 0 20 0 1 0 53233651 55573704704 11817498 67087892480 94407096700928 94407098568049 140723729461744 0 0 0 0 4096 1088 0 0 0 17 45 0 0 1 0 0 94407098826112 94407098873048 94407104487424 140723729468176 140723729468310 140723729468310 140723729469409 0
/proc/18/statm: 13567799 11817498 1086 456 0 13565960 0
Current children cumulated CPU time: 818.81 s
Current children cumulated vsize: 54288880 KiB
Current children cumulated memory: 47282412 KiB

[startup+875.038 s]
# the end of solver process 16 was just reported to runsolver
# cumulated CPU time of all completed processes:  user=843.357 s, system=27.7283 s

Solver just ended.
??? end of watcher thread
Dumping a history of the last processes samples

[startup+844.8 s]
/proc/loadavg: 65.03 64.86 63.84 66/2912 18
/proc/meminfo: memFree=387426880/527542264 swapFree=33520892/33554428
[pid=16] ppid=13 vsize=17684 memory=12420 CPUtime=0.05 cores=42-55,154-167
/proc/16/stat : 16 (python3) S 13 16 0 0 -1 4194304 1892 0 96 0 3 2 0 0 20 0 1 0 53233636 18108416 3105 67087892480 4194304 7154137 140723600868736 0 0 0 0 16781312 2 1 0 0 17 43 0 0 8 0 0 9727432 11029816 14778368 140723600874317 140723600874413 140723600874413 140723600875495 0
/proc/16/statm: 4421 3105 1511 723 0 2063 0
[pid=18] ppid=16 vsize=54271196 memory=47904132 CPUtime=841.16 cores=42-55,154-167
/proc/18/stat : 18 (bn4rust) R 16 16 0 0 -1 4194304 2794960 0 18 0 82095 2021 0 0 20 0 1 0 53233651 55573704704 11976033 67087892480 94407096700928 94407098568049 140723729461744 0 0 0 0 4096 1088 0 0 0 17 45 0 0 1 0 0 94407098826112 94407098873048 94407104487424 140723729468176 140723729468310 140723729468310 140723729469409 0
/proc/18/statm: 13567799 11976033 1086 456 0 13565960 0
Current children cumulated CPU time: 841.21 s
Current children cumulated vsize: 54288880 KiB
Current children cumulated memory: 47916552 KiB

[startup+857.6 s]
/proc/loadavg: 65.02 64.87 63.86 66/2912 18
/proc/meminfo: memFree=387281068/527542264 swapFree=33520892/33554428
[pid=16] ppid=13 vsize=17684 memory=12420 CPUtime=0.05 cores=42-55,154-167
/proc/16/stat : 16 (python3) S 13 16 0 0 -1 4194304 1892 0 96 0 3 2 0 0 20 0 1 0 53233636 18108416 3105 67087892480 4194304 7154137 140723600868736 0 0 0 0 16781312 2 1 0 0 17 43 0 0 8 0 0 9727432 11029816 14778368 140723600874317 140723600874413 140723600874413 140723600875495 0
/proc/16/statm: 4421 3105 1511 723 0 2063 0
[pid=18] ppid=16 vsize=54271196 memory=48227956 CPUtime=853.91 cores=42-55,154-167
/proc/18/stat : 18 (bn4rust) R 16 16 0 0 -1 4194304 2879332 0 18 0 83352 2039 0 0 20 0 1 0 53233651 55573704704 12056989 67087892480 94407096700928 94407098568049 140723729461744 0 0 0 0 4096 1088 0 0 0 17 45 0 0 1 0 0 94407098826112 94407098873048 94407104487424 140723729468176 140723729468310 140723729468310 140723729469409 0
/proc/18/statm: 13567799 12056989 1086 456 0 13565960 0
Current children cumulated CPU time: 853.96 s
Current children cumulated vsize: 54288880 KiB
Current children cumulated memory: 48240376 KiB

[startup+864 s]*
/proc/loadavg: 65.02 64.87 63.86 66/2909 18
/proc/meminfo: memFree=384229588/527542264 swapFree=33520892/33554428
[pid=16] ppid=13 vsize=17684 memory=12420 CPUtime=0.05 cores=42-55,154-167
/proc/16/stat : 16 (python3) S 13 16 0 0 -1 4194304 1892 0 96 0 3 2 0 0 20 0 1 0 53233636 18108416 3105 67087892480 4194304 7154137 140723600868736 0 0 0 0 16781312 2 1 0 0 17 43 0 0 8 0 0 9727432 11029816 14778368 140723600874317 140723600874413 140723600874413 140723600875495 0
/proc/16/statm: 4421 3105 1511 723 0 2063 0
[pid=18] ppid=16 vsize=89922784 memory=51283392 CPUtime=860.29 cores=42-55,154-167
/proc/18/stat : 18 (bn4rust) R 16 16 0 0 -1 4194304 3645101 0 18 0 83866 2163 0 0 20 0 1 0 53233651 92080930816 12820848 67087892480 94407096700928 94407098568049 140723729461744 0 0 0 0 4096 1088 0 0 0 17 45 0 0 1 0 0 94407098826112 94407098873048 94407104487424 140723729468176 140723729468310 140723729468310 140723729469409 0
/proc/18/statm: 22480696 12820848 1086 456 0 22478857 0
Current children cumulated CPU time: 860.34 s
Current children cumulated vsize: 89940468 KiB
Current children cumulated memory: 51295812 KiB

[startup+870.4 s]
/proc/loadavg: 65.02 64.87 63.87 66/2909 18
/proc/meminfo: memFree=375409580/527542264 swapFree=33520892/33554428
[pid=16] ppid=13 vsize=17684 memory=12420 CPUtime=0.05 cores=42-55,154-167
/proc/16/stat : 16 (python3) S 13 16 0 0 -1 4194304 1892 0 96 0 3 2 0 0 20 0 1 0 53233636 18108416 3105 67087892480 4194304 7154137 140723600868736 0 0 0 0 16781312 2 1 0 0 17 43 0 0 8 0 0 9727432 11029816 14778368 140723600874317 140723600874413 140723600874413 140723600875495 0
/proc/16/statm: 4421 3105 1511 723 0 2063 0
[pid=18] ppid=16 vsize=89922784 memory=60780264 CPUtime=866.65 cores=42-55,154-167
/proc/18/stat : 18 (bn4rust) R 16 16 0 0 -1 4194304 6019299 0 18 0 84178 2487 0 0 20 0 1 0 53233651 92080930816 15195066 67087892480 94407096700928 94407098568049 140723729461744 0 0 0 0 4096 1088 0 0 0 17 45 0 0 1 0 0 94407098826112 94407098873048 94407104487424 140723729468176 140723729468310 140723729468310 140723729469409 0
/proc/18/statm: 22480696 15195066 1086 456 0 22478857 0
Current children cumulated CPU time: 866.7 s
Current children cumulated vsize: 89940468 KiB
Current children cumulated memory: 60792684 KiB

[startup+873.667 s]
/proc/loadavg: 65.02 64.88 63.88 66/2909 18
/proc/meminfo: memFree=370559936/527542264 swapFree=33520892/33554428
[pid=16] ppid=13 vsize=17684 memory=6376 CPUtime=0.05 cores=42-55,154-167
/proc/16/stat : 16 (python3) S 13 16 0 0 -1 4194304 1892 0 96 0 3 2 0 0 20 0 1 0 53233636 18108416 1594 67087892480 4194304 7154137 140723600868736 0 0 0 0 16781312 2 1 0 0 17 43 0 0 8 0 0 9727432 11029816 14778368 140723600874317 140723600874413 140723600874413 140723600875495 0
/proc/16/statm: 4421 1594 0 723 0 2063 0
Current children cumulated CPU time: 0.05 s
Current children cumulated vsize: 17684 KiB
Current children cumulated memory: 6376 KiB

[startup+874.4 s]
/proc/loadavg: 65.02 64.88 63.88 66/2909 18
/proc/meminfo: memFree=379640372/527542264 swapFree=33518332/33554428
[pid=16] ppid=13 vsize=17684 memory=6376 CPUtime=0.05 cores=42-55,154-167
/proc/16/stat : 16 (python3) S 13 16 0 0 -1 4194304 1892 0 96 0 3 2 0 0 20 0 1 0 53233636 18108416 1594 67087892480 4194304 7154137 140723600868736 0 0 0 0 16781312 2 1 0 0 17 43 0 0 8 0 0 9727432 11029816 14778368 140723600874317 140723600874413 140723600874413 140723600875495 0
/proc/16/statm: 4421 1594 0 723 0 2063 0
Current children cumulated CPU time: 0.05 s
Current children cumulated vsize: 17684 KiB
Current children cumulated memory: 6376 KiB

[startup+874.8 s]
/proc/loadavg: 65.02 64.88 63.88 66/2909 18
/proc/meminfo: memFree=379640372/527542264 swapFree=33518332/33554428
[pid=16] ppid=13 vsize=17684 memory=6376 CPUtime=0.05 cores=42-55,154-167
/proc/16/stat : 16 (python3) D 13 16 0 0 -1 4194304 1893 0 96 0 3 2 0 0 20 0 1 0 53233636 18108416 1594 67087892480 4194304 7154137 140723600868736 0 0 0 0 16781312 2 0 0 0 17 43 0 0 8 0 0 9727432 11029816 14778368 140723600874317 140723600874413 140723600874413 140723600875495 0
/proc/16/statm: 4421 1594 0 723 0 2063 0
Current children cumulated CPU time: 0.05 s
Current children cumulated vsize: 17684 KiB
Current children cumulated memory: 6376 KiB

[startup+875 s]*
/proc/loadavg: 65.02 64.88 63.88 66/2910 18
/proc/meminfo: memFree=435150232/527542264 swapFree=33518332/33554428
[pid=16] ppid=13 vsize=17684 memory=7928 CPUtime=0.05 cores=42-55,154-167
/proc/16/stat : 16 (python3) D 13 16 0 0 -1 4194304 1913 0 125 0 3 2 0 0 20 0 1 0 53233636 18108416 1982 67087892480 4194304 7154137 140723600868736 0 0 0 0 16781312 2 0 0 0 17 43 0 0 29 0 0 9727432 11029816 14778368 140723600874317 140723600874413 140723600874413 140723600875495 0
/proc/16/statm: 4421 1982 371 723 0 2063 0
Current children cumulated CPU time: 0.05 s
Current children cumulated vsize: 17684 KiB
Current children cumulated memory: 7928 KiB

Child status: 247
Real time (s): 875.038
CPU time (s): 871.085
CPU user time (s): 843.357
CPU system time (s): 27.7283
CPU usage (%): 99.5482
Max. virtual memory (cumulated for all children) (KiB): 89940468
Max. memory (cumulated for all children) (KiB): 65341000

getrusage(RUSAGE_CHILDREN,...) data:
user time used= 843.357
system time used= 27.7283
maximum resident set size= 65334056
integral shared memory size= 0
integral unshared data size= 0
integral unshared stack size= 0
page reclaims= 7160766
page faults= 176
swaps= 0
block input operations= 29912
block output operations= 8
messages sent= 0
messages received= 0
signals received= 0
voluntary context switches= 1010
involuntary context switches= 1073


# summary of solver processes directly reported to runsolver:
#   pid: 16
#   total CPU time (s): 871.085
#   total CPU user time (s): 843.357
#   total CPU system time (s): 27.7283

??? join timestamper begins
??? join timestamper ends
??? end of timestamper thread
runsolver used 0.413154 second user time and 1.50548 second system time

The end
