# WCTIME: wall clock time in seconds
WCTIME=1800.02
# CPUTIME: CPU time in seconds (USERTIME+SYSTEMTIME)
CPUTIME=1791.42
# USERTIME: CPU time spent in user mode in seconds
USERTIME=1754.66
# SYSTEMTIME: CPU time spent in system mode in seconds
SYSTEMTIME=36.7586
# CPUUSAGE: CPUTIME/WCTIME in percent
CPUUSAGE=99.5226
# MAXVM: maximum virtual memory used in KiB
MAXVM=3062512
# MAXMM: maximum memory used in KiB
MAXMM=2417576
# MAXRSS: maximum Resident Segment Size in KiB
MAXRSS=2468716
# TIMEOUT: did the solver exceed the time limit?
TIMEOUT=true
# MEMOUT: did the solver exceed the memory limit?
MEMOUT=false
# EXITSTATUS: Exit status of the solver
EXITSTATUS=15
