runsolver version 3.4.1 (svn: 3018) Copyright (C) 2010-2013 Olivier ROUSSEL

This program is distributed in the hope that it will be useful,
but WITHOUT ANY WARRANTY; without even the implied warranty of
MERCHANTABILITY or FITNESS FOR A PARTICULAR PURPOSE.  See the
GNU General Public License for more details.

NUMA information:
  number of nodes: 8
  memory of node 0: 63700 MiB (55968 MiB free)
  memory of node 1: 64504 MiB (59412 MiB free)
  memory of node 2: 64504 MiB (63438 MiB free)
  memory of node 3: 64504 MiB (56581 MiB free)
  memory of node 4: 64504 MiB (59921 MiB free)
  memory of node 5: 64504 MiB (59675 MiB free)
  memory of node 6: 64461 MiB (59365 MiB free)
  memory of node 7: 64491 MiB (59035 MiB free)
  node distances:
     10  12  12  12  21  21  21  21
     12  10  12  12  21  21  21  21
     12  12  10  12  21  21  21  21
     12  12  12  10  21  21  21  21
     21  21  21  21  10  12  12  12
     21  21  21  21  12  10  12  12
     21  21  21  21  12  12  10  12
     21  21  21  21  12  12  12  10

command line: /usr/local/bin/runsolver --timestamp -w /output/runsolver-watch.log -v /output/runsolver-values.log -o /output/solver-output.log -C 1800.0 -W 1800.0 -R 64000 /opt/solver/run_bn4rust.py --mode cyber-complement-gfp-plus-dependency-order --instance /input/model_160.bnet 

running on 28 cores: 14-27,126-139

Enforcing CPUTime limit (soft limit, will send SIGTERM then SIGKILL): 1800 seconds
Enforcing CPUTime limit (hard limit, will send SIGXCPU): 1830 seconds
Enforcing wall clock limit (soft limit, will send SIGTERM then SIGKILL): 1800 seconds
Enforcing RSS+Swap limit (soft limit, will send SIGTERM then SIGKILL): 65536000 KiB
Linux 4.18.0-553.159.1.el8_10.x86_64
solver pid=16, runsolver pid=13
Current StackSize limit: 18014398509481983 KiB


[startup+0.100084 s]*
/proc/loadavg: 52.58 59.58 57.03 50/2834 17
/proc/meminfo: memFree=484746468/527542288 swapFree=33551356/33554428
[pid=16] ppid=13 vsize=15748 memory=9900 CPUtime=0.02 cores=14-27,126-139
/proc/16/stat : 16 (python3) R 13 16 0 0 -1 4194304 1368 0 81 0 2 0 0 0 20 0 1 0 53476496 16125952 2475 67087892480 4194304 7154137 140724630972512 0 0 0 0 16781312 2 0 0 0 17 14 0 0 6 0 0 9727432 11029816 23097344 140724630977335 140724630977453 140724630977453 140724630978535 0
/proc/16/statm: 3937 2475 1374 723 0 1673 0
Current children cumulated CPU time: 0.02 s
Current children cumulated vsize: 15748 KiB
Current children cumulated memory: 9900 KiB

[startup+0.200582 s]*
/proc/loadavg: 52.58 59.58 57.03 50/2835 18
/proc/meminfo: memFree=484734332/527542288 swapFree=33551356/33554428
[pid=16] ppid=13 vsize=17684 memory=12348 CPUtime=0.04 cores=14-27,126-139
/proc/16/stat : 16 (python3) S 13 16 0 0 -1 4194304 1890 0 96 0 3 1 0 0 20 0 1 0 53476496 18108416 3087 67087892480 4194304 7154137 140724630972512 0 0 0 0 16781312 2 1 0 0 17 14 0 0 8 0 0 9727432 11029816 23097344 140724630977335 140724630977453 140724630977453 140724630978535 0
/proc/16/statm: 4421 3087 1493 723 0 2063 0
[pid=18] ppid=16 vsize=15544 memory=11112 CPUtime=0.03 cores=14-27,126-139
/proc/18/stat : 18 (bn4rust) R 16 16 0 0 -1 4194304 3640 0 18 0 3 0 0 0 20 0 1 0 53476511 15917056 2778 67087892480 94490352103424 94490353970545 140730908425040 0 0 0 0 4096 1088 0 0 0 17 21 0 0 1 0 0 94490354228608 94490354275544 94490354352128 140730908429050 140730908429206 140730908429206 140730908430305 0
/proc/18/statm: 3886 2778 1114 456 0 2047 0
Current children cumulated CPU time: 0.07 s
Current children cumulated vsize: 33228 KiB
Current children cumulated memory: 23460 KiB

[startup+0.300588 s]*
/proc/loadavg: 52.58 59.58 57.03 50/2835 18
/proc/meminfo: memFree=484821132/527542288 swapFree=33551356/33554428
[pid=16] ppid=13 vsize=17684 memory=12348 CPUtime=0.04 cores=14-27,126-139
/proc/16/stat : 16 (python3) S 13 16 0 0 -1 4194304 1890 0 96 0 3 1 0 0 20 0 1 0 53476496 18108416 3087 67087892480 4194304 7154137 140724630972512 0 0 0 0 16781312 2 1 0 0 17 14 0 0 8 0 0 9727432 11029816 23097344 140724630977335 140724630977453 140724630977453 140724630978535 0
/proc/16/statm: 4421 3087 1493 723 0 2063 0
[pid=18] ppid=16 vsize=23156 memory=17128 CPUtime=0.13 cores=14-27,126-139
/proc/18/stat : 18 (bn4rust) R 16 16 0 0 -1 4194304 7844 0 18 0 13 0 0 0 20 0 1 0 53476511 23711744 4282 67087892480 94490352103424 94490353970545 140730908425040 0 0 0 0 4096 1088 0 0 0 17 21 0 0 1 0 0 94490354228608 94490354275544 94490354352128 140730908429050 140730908429206 140730908429206 140730908430305 0
/proc/18/statm: 5789 4282 1114 456 0 3950 0
Current children cumulated CPU time: 0.17 s
Current children cumulated vsize: 40840 KiB
Current children cumulated memory: 29476 KiB

[startup+0.700226 s]
/proc/loadavg: 52.58 59.58 57.03 50/2835 18
/proc/meminfo: memFree=484736904/527542288 swapFree=33551356/33554428
[pid=16] ppid=13 vsize=17684 memory=12348 CPUtime=0.04 cores=14-27,126-139
/proc/16/stat : 16 (python3) S 13 16 0 0 -1 4194304 1890 0 96 0 3 1 0 0 20 0 1 0 53476496 18108416 3087 67087892480 4194304 7154137 140724630972512 0 0 0 0 16781312 2 1 0 0 17 14 0 0 8 0 0 9727432 11029816 23097344 140724630977335 140724630977453 140724630977453 140724630978535 0
/proc/16/statm: 4421 3087 1493 723 0 2063 0
[pid=18] ppid=16 vsize=27884 memory=23380 CPUtime=0.52 cores=14-27,126-139
/proc/18/stat : 18 (bn4rust) R 16 16 0 0 -1 4194304 13177 0 18 0 51 1 0 0 20 0 1 0 53476511 28553216 5845 67087892480 94490352103424 94490353970545 140730908425040 0 0 0 0 4096 1088 0 0 0 17 21 0 0 1 0 0 94490354228608 94490354275544 94490354352128 140730908429050 140730908429206 140730908429206 140730908430305 0
/proc/18/statm: 6971 5845 1114 456 0 5132 0
Current children cumulated CPU time: 0.56 s
Current children cumulated vsize: 45568 KiB
Current children cumulated memory: 35728 KiB

[startup+1.50029 s]
/proc/loadavg: 52.58 59.58 57.03 50/2835 18
/proc/meminfo: memFree=484376328/527542288 swapFree=33551356/33554428
[pid=16] ppid=13 vsize=17684 memory=12348 CPUtime=0.04 cores=14-27,126-139
/proc/16/stat : 16 (python3) S 13 16 0 0 -1 4194304 1890 0 96 0 3 1 0 0 20 0 1 0 53476496 18108416 3087 67087892480 4194304 7154137 140724630972512 0 0 0 0 16781312 2 1 0 0 17 14 0 0 8 0 0 9727432 11029816 23097344 140724630977335 140724630977453 140724630977453 140724630978535 0
/proc/16/statm: 4421 3087 1493 723 0 2063 0
[pid=18] ppid=16 vsize=31344 memory=28200 CPUtime=1.32 cores=14-27,126-139
/proc/18/stat : 18 (bn4rust) R 16 16 0 0 -1 4194304 18961 0 18 0 130 2 0 0 20 0 1 0 53476511 32096256 7050 67087892480 94490352103424 94490353970545 140730908425040 0 0 0 0 4096 1088 0 0 0 17 21 0 0 1 0 0 94490354228608 94490354275544 94490354352128 140730908429050 140730908429206 140730908429206 140730908430305 0
/proc/18/statm: 7836 7050 1114 456 0 5997 0
Current children cumulated CPU time: 1.36 s
Current children cumulated vsize: 49028 KiB
Current children cumulated memory: 40548 KiB

[startup+3.10049 s]
/proc/loadavg: 52.29 59.40 56.99 50/2835 18
/proc/meminfo: memFree=484209904/527542288 swapFree=33551356/33554428
[pid=16] ppid=13 vsize=17684 memory=12348 CPUtime=0.04 cores=14-27,126-139
/proc/16/stat : 16 (python3) S 13 16 0 0 -1 4194304 1890 0 96 0 3 1 0 0 20 0 1 0 53476496 18108416 3087 67087892480 4194304 7154137 140724630972512 0 0 0 0 16781312 2 1 0 0 17 14 0 0 8 0 0 9727432 11029816 23097344 140724630977335 140724630977453 140724630977453 140724630978535 0
/proc/16/statm: 4421 3087 1493 723 0 2063 0
[pid=18] ppid=16 vsize=16184 memory=13200 CPUtime=2.92 cores=14-27,126-139
/proc/18/stat : 18 (bn4rust) R 16 16 0 0 -1 4194304 27780 0 18 0 287 5 0 0 20 0 1 0 53476511 16572416 3300 67087892480 94490352103424 94490353970545 140730908425040 0 0 0 0 4096 1088 0 0 0 17 21 0 0 1 0 0 94490354228608 94490354275544 94490354352128 140730908429050 140730908429206 140730908429206 140730908430305 0
/proc/18/statm: 4046 3300 1114 456 0 2207 0
Current children cumulated CPU time: 2.96 s
Current children cumulated vsize: 33868 KiB
Current children cumulated memory: 25548 KiB

[startup+6.30029 s]
/proc/loadavg: 52.29 59.40 56.99 50/2835 18
/proc/meminfo: memFree=483135532/527542288 swapFree=33551356/33554428
[pid=16] ppid=13 vsize=17684 memory=12348 CPUtime=0.04 cores=14-27,126-139
/proc/16/stat : 16 (python3) S 13 16 0 0 -1 4194304 1890 0 96 0 3 1 0 0 20 0 1 0 53476496 18108416 3087 67087892480 4194304 7154137 140724630972512 0 0 0 0 16781312 2 1 0 0 17 14 0 0 8 0 0 9727432 11029816 23097344 140724630977335 140724630977453 140724630977453 140724630978535 0
/proc/16/statm: 4421 3087 1493 723 0 2063 0
[pid=18] ppid=16 vsize=47792 memory=42212 CPUtime=6.1 cores=14-27,126-139
/proc/18/stat : 18 (bn4rust) R 16 16 0 0 -1 4194304 49264 0 18 0 600 10 0 0 20 0 1 0 53476511 48939008 10553 67087892480 94490352103424 94490353970545 140730908425040 0 0 0 0 4096 1088 0 0 0 17 21 0 0 1 0 0 94490354228608 94490354275544 94490354352128 140730908429050 140730908429206 140730908429206 140730908430305 0
/proc/18/statm: 11948 10553 1114 456 0 10109 0
Current children cumulated CPU time: 6.14 s
Current children cumulated vsize: 65476 KiB
Current children cumulated memory: 54560 KiB

[startup+12.7003 s]
/proc/loadavg: 52.08 59.12 56.92 50/2833 18
/proc/meminfo: memFree=484711032/527542288 swapFree=33551356/33554428
[pid=16] ppid=13 vsize=17684 memory=12348 CPUtime=0.04 cores=14-27,126-139
/proc/16/stat : 16 (python3) S 13 16 0 0 -1 4194304 1890 0 96 0 3 1 0 0 20 0 1 0 53476496 18108416 3087 67087892480 4194304 7154137 140724630972512 0 0 0 0 16781312 2 1 0 0 17 14 0 0 8 0 0 9727432 11029816 23097344 140724630977335 140724630977453 140724630977453 140724630978535 0
/proc/16/statm: 4421 3087 1493 723 0 2063 0
[pid=18] ppid=16 vsize=97620 memory=90504 CPUtime=12.46 cores=14-27,126-139
/proc/18/stat : 18 (bn4rust) R 16 16 0 0 -1 4194304 69054 0 18 0 1229 17 0 0 20 0 1 0 53476511 99962880 22626 67087892480 94490352103424 94490353970545 140730908425040 0 0 0 0 4096 1088 0 0 0 17 21 0 0 1 0 0 94490354228608 94490354275544 94490354352128 140730908429050 140730908429206 140730908429206 140730908430305 0
/proc/18/statm: 24405 22626 1114 456 0 22566 0
Current children cumulated CPU time: 12.5 s
Current children cumulated vsize: 115304 KiB
Current children cumulated memory: 102852 KiB

[startup+25.5004 s]
/proc/loadavg: 51.61 58.79 56.84 50/2832 18
/proc/meminfo: memFree=487577372/527542288 swapFree=33551356/33554428
[pid=16] ppid=13 vsize=17684 memory=12348 CPUtime=0.04 cores=14-27,126-139
/proc/16/stat : 16 (python3) S 13 16 0 0 -1 4194304 1890 0 96 0 3 1 0 0 20 0 1 0 53476496 18108416 3087 67087892480 4194304 7154137 140724630972512 0 0 0 0 16781312 2 1 0 0 17 14 0 0 8 0 0 9727432 11029816 23097344 140724630977335 140724630977453 140724630977453 140724630978535 0
/proc/16/statm: 4421 3087 1493 723 0 2063 0
[pid=18] ppid=16 vsize=117624 memory=114448 CPUtime=25.2 cores=14-27,126-139
/proc/18/stat : 18 (bn4rust) R 16 16 0 0 -1 4194304 94251 0 18 0 2496 24 0 0 20 0 1 0 53476511 120446976 28612 67087892480 94490352103424 94490353970545 140730908425040 0 0 0 0 4096 1088 0 0 0 17 133 0 0 1 0 0 94490354228608 94490354275544 94490354352128 140730908429050 140730908429206 140730908429206 140730908430305 0
/proc/18/statm: 29406 28612 1114 456 0 27567 0
Current children cumulated CPU time: 25.24 s
Current children cumulated vsize: 135308 KiB
Current children cumulated memory: 126796 KiB

[startup+51.1007 s]
/proc/loadavg: 50.72 58.00 56.63 50/2831 18
/proc/meminfo: memFree=488816792/527542288 swapFree=33551356/33554428
[pid=16] ppid=13 vsize=17684 memory=12348 CPUtime=0.04 cores=14-27,126-139
/proc/16/stat : 16 (python3) S 13 16 0 0 -1 4194304 1890 0 96 0 3 1 0 0 20 0 1 0 53476496 18108416 3087 67087892480 4194304 7154137 140724630972512 0 0 0 0 16781312 2 1 0 0 17 14 0 0 8 0 0 9727432 11029816 23097344 140724630977335 140724630977453 140724630977453 140724630978535 0
/proc/16/statm: 4421 3087 1493 723 0 2063 0
[pid=18] ppid=16 vsize=91512 memory=80144 CPUtime=50.69 cores=14-27,126-139
/proc/18/stat : 18 (bn4rust) R 16 16 0 0 -1 4194304 123087 0 18 0 5025 44 0 0 20 0 1 0 53476511 93708288 20036 67087892480 94490352103424 94490353970545 140730908425040 0 0 0 0 4096 1088 0 0 0 17 133 0 0 1 0 0 94490354228608 94490354275544 94490354352128 140730908429050 140730908429206 140730908429206 140730908430305 0
/proc/18/statm: 22878 20036 1114 456 0 21039 0
Current children cumulated CPU time: 50.73 s
Current children cumulated vsize: 109196 KiB
Current children cumulated memory: 92492 KiB

[startup+102.3 s]
/proc/loadavg: 49.68 56.49 56.19 50/2831 18
/proc/meminfo: memFree=483967988/527542288 swapFree=33551356/33554428
[pid=16] ppid=13 vsize=17684 memory=12348 CPUtime=0.04 cores=14-27,126-139
/proc/16/stat : 16 (python3) S 13 16 0 0 -1 4194304 1890 0 96 0 3 1 0 0 20 0 1 0 53476496 18108416 3087 67087892480 4194304 7154137 140724630972512 0 0 0 0 16781312 2 1 0 0 17 14 0 0 8 0 0 9727432 11029816 23097344 140724630977335 140724630977453 140724630977453 140724630978535 0
/proc/16/statm: 4421 3087 1493 723 0 2063 0
[pid=18] ppid=16 vsize=99704 memory=96720 CPUtime=101.68 cores=14-27,126-139
/proc/18/stat : 18 (bn4rust) R 16 16 0 0 -1 4194304 193155 0 18 0 10038 130 0 0 20 0 1 0 53476511 102096896 24180 67087892480 94490352103424 94490353970545 140730908425040 0 0 0 0 4096 1088 0 0 0 17 21 0 0 1 0 0 94490354228608 94490354275544 94490354352128 140730908429050 140730908429206 140730908429206 140730908430305 0
/proc/18/statm: 24926 24180 1114 456 0 23087 0
Current children cumulated CPU time: 101.72 s
Current children cumulated vsize: 117388 KiB
Current children cumulated memory: 109068 KiB

[startup+162.3 s]
/proc/loadavg: 47.59 54.80 55.63 50/2829 18
/proc/meminfo: memFree=491364480/527542288 swapFree=33551356/33554428
[pid=16] ppid=13 vsize=17684 memory=12348 CPUtime=0.04 cores=14-27,126-139
/proc/16/stat : 16 (python3) S 13 16 0 0 -1 4194304 1890 0 96 0 3 1 0 0 20 0 1 0 53476496 18108416 3087 67087892480 4194304 7154137 140724630972512 0 0 0 0 16781312 2 1 0 0 17 14 0 0 8 0 0 9727432 11029816 23097344 140724630977335 140724630977453 140724630977453 140724630978535 0
/proc/16/statm: 4421 3087 1493 723 0 2063 0
[pid=18] ppid=16 vsize=281988 memory=258564 CPUtime=161.42 cores=14-27,126-139
/proc/18/stat : 18 (bn4rust) R 16 16 0 0 -1 4194304 254843 0 18 0 15918 224 0 0 20 0 1 0 53476511 288755712 64641 67087892480 94490352103424 94490353970545 140730908425040 0 0 0 0 4096 1088 0 0 0 17 21 0 0 1 0 0 94490354228608 94490354275544 94490354352128 140730908429050 140730908429206 140730908429206 140730908430305 0
/proc/18/statm: 70497 64641 1114 456 0 68658 0
Current children cumulated CPU time: 161.46 s
Current children cumulated vsize: 299672 KiB
Current children cumulated memory: 270912 KiB

[startup+222.3 s]
/proc/loadavg: 48.74 53.80 55.23 50/2832 18
/proc/meminfo: memFree=486405728/527542288 swapFree=33551356/33554428
[pid=16] ppid=13 vsize=17684 memory=12348 CPUtime=0.04 cores=14-27,126-139
/proc/16/stat : 16 (python3) S 13 16 0 0 -1 4194304 1890 0 96 0 3 1 0 0 20 0 1 0 53476496 18108416 3087 67087892480 4194304 7154137 140724630972512 0 0 0 0 16781312 2 1 0 0 17 14 0 0 8 0 0 9727432 11029816 23097344 140724630977335 140724630977453 140724630977453 140724630978535 0
/proc/16/statm: 4421 3087 1493 723 0 2063 0
[pid=18] ppid=16 vsize=136568 memory=133584 CPUtime=221.13 cores=14-27,126-139
/proc/18/stat : 18 (bn4rust) R 16 16 0 0 -1 4194304 321183 0 18 0 21774 339 0 0 20 0 1 0 53476511 139845632 33396 67087892480 94490352103424 94490353970545 140730908425040 0 0 0 0 4096 1088 0 0 0 17 21 0 0 1 0 0 94490354228608 94490354275544 94490354352128 140730908429050 140730908429206 140730908429206 140730908430305 0
/proc/18/statm: 34142 33396 1114 456 0 32303 0
Current children cumulated CPU time: 221.17 s
Current children cumulated vsize: 154252 KiB
Current children cumulated memory: 145932 KiB

[startup+282.3 s]
/proc/loadavg: 49.12 52.99 54.86 50/2826 18
/proc/meminfo: memFree=489387896/527542288 swapFree=33551356/33554428
[pid=16] ppid=13 vsize=17684 memory=12348 CPUtime=0.04 cores=14-27,126-139
/proc/16/stat : 16 (python3) S 13 16 0 0 -1 4194304 1890 0 96 0 3 1 0 0 20 0 1 0 53476496 18108416 3087 67087892480 4194304 7154137 140724630972512 0 0 0 0 16781312 2 1 0 0 17 14 0 0 8 0 0 9727432 11029816 23097344 140724630977335 140724630977453 140724630977453 140724630978535 0
/proc/16/statm: 4421 3087 1493 723 0 2063 0
[pid=18] ppid=16 vsize=398724 memory=381400 CPUtime=280.83 cores=14-27,126-139
/proc/18/stat : 18 (bn4rust) R 16 16 0 0 -1 4194304 376468 0 18 0 27625 458 0 0 20 0 1 0 53476511 408293376 95350 67087892480 94490352103424 94490353970545 140730908425040 0 0 0 0 4096 1088 0 0 0 17 21 0 0 1 0 0 94490354228608 94490354275544 94490354352128 140730908429050 140730908429206 140730908429206 140730908430305 0
/proc/18/statm: 99681 95350 1114 456 0 97842 0
Current children cumulated CPU time: 280.87 s
Current children cumulated vsize: 416408 KiB
Current children cumulated memory: 393748 KiB

[startup+342.3 s]
/proc/loadavg: 49.20 52.32 54.51 23/2825 18
/proc/meminfo: memFree=488419148/527542288 swapFree=33551356/33554428
[pid=16] ppid=13 vsize=17684 memory=12348 CPUtime=0.04 cores=14-27,126-139
/proc/16/stat : 16 (python3) S 13 16 0 0 -1 4194304 1890 0 96 0 3 1 0 0 20 0 1 0 53476496 18108416 3087 67087892480 4194304 7154137 140724630972512 0 0 0 0 16781312 2 1 0 0 17 14 0 0 8 0 0 9727432 11029816 23097344 140724630977335 140724630977453 140724630977453 140724630978535 0
/proc/16/statm: 4421 3087 1493 723 0 2063 0
[pid=18] ppid=16 vsize=349804 memory=322164 CPUtime=340.53 cores=14-27,126-139
/proc/18/stat : 18 (bn4rust) R 16 16 0 0 -1 4194304 412647 0 18 0 33518 535 0 0 20 0 1 0 53476511 358199296 80541 67087892480 94490352103424 94490353970545 140730908425040 0 0 0 0 4096 1088 0 0 0 17 21 0 0 1 0 0 94490354228608 94490354275544 94490354352128 140730908429050 140730908429206 140730908429206 140730908430305 0
/proc/18/statm: 87451 80541 1114 456 0 85612 0
Current children cumulated CPU time: 340.57 s
Current children cumulated vsize: 367488 KiB
Current children cumulated memory: 334512 KiB

[startup+402.3 s]
/proc/loadavg: 48.18 51.33 54.02 50/2825 18
/proc/meminfo: memFree=489033920/527542288 swapFree=33551356/33554428
[pid=16] ppid=13 vsize=17684 memory=12348 CPUtime=0.04 cores=14-27,126-139
/proc/16/stat : 16 (python3) S 13 16 0 0 -1 4194304 1890 0 96 0 3 1 0 0 20 0 1 0 53476496 18108416 3087 67087892480 4194304 7154137 140724630972512 0 0 0 0 16781312 2 1 0 0 17 14 0 0 8 0 0 9727432 11029816 23097344 140724630977335 140724630977453 140724630977453 140724630978535 0
/proc/16/statm: 4421 3087 1493 723 0 2063 0
[pid=18] ppid=16 vsize=321132 memory=315896 CPUtime=400.26 cores=14-27,126-139
/proc/18/stat : 18 (bn4rust) R 16 16 0 0 -1 4194304 453567 0 18 0 39384 642 0 0 20 0 1 0 53476511 328839168 78974 67087892480 94490352103424 94490353970545 140730908425040 0 0 0 0 4096 1088 0 0 0 17 21 0 0 1 0 0 94490354228608 94490354275544 94490354352128 140730908429050 140730908429206 140730908429206 140730908430305 0
/proc/18/statm: 80283 78974 1114 456 0 78444 0
Current children cumulated CPU time: 400.3 s
Current children cumulated vsize: 338816 KiB
Current children cumulated memory: 328244 KiB

[startup+462.3 s]
/proc/loadavg: 48.73 50.91 53.71 50/2823 18
/proc/meminfo: memFree=487968464/527542288 swapFree=33551356/33554428
[pid=16] ppid=13 vsize=17684 memory=12348 CPUtime=0.04 cores=14-27,126-139
/proc/16/stat : 16 (python3) S 13 16 0 0 -1 4194304 1890 0 96 0 3 1 0 0 20 0 1 0 53476496 18108416 3087 67087892480 4194304 7154137 140724630972512 0 0 0 0 16781312 2 1 0 0 17 14 0 0 8 0 0 9727432 11029816 23097344 140724630977335 140724630977453 140724630977453 140724630978535 0
/proc/16/statm: 4421 3087 1493 723 0 2063 0
[pid=18] ppid=16 vsize=1581028 memory=1197056 CPUtime=459.97 cores=14-27,126-139
/proc/18/stat : 18 (bn4rust) R 16 16 0 0 -1 4194304 491135 0 18 0 45272 725 0 0 20 0 1 0 53476511 1618972672 299264 67087892480 94490352103424 94490353970545 140730908425040 0 0 0 0 4096 1088 0 0 0 17 21 0 0 1 0 0 94490354228608 94490354275544 94490354352128 140730908429050 140730908429206 140730908429206 140730908430305 0
/proc/18/statm: 395257 299264 1114 456 0 393418 0
Current children cumulated CPU time: 460.01 s
Current children cumulated vsize: 1598712 KiB
Current children cumulated memory: 1209404 KiB

[startup+522.3 s]
/proc/loadavg: 45.84 49.43 53.01 50/2825 18
/proc/meminfo: memFree=489322008/527542288 swapFree=33551356/33554428
[pid=16] ppid=13 vsize=17684 memory=12348 CPUtime=0.04 cores=14-27,126-139
/proc/16/stat : 16 (python3) S 13 16 0 0 -1 4194304 1890 0 96 0 3 1 0 0 20 0 1 0 53476496 18108416 3087 67087892480 4194304 7154137 140724630972512 0 0 0 0 16781312 2 1 0 0 17 14 0 0 8 0 0 9727432 11029816 23097344 140724630977335 140724630977453 140724630977453 140724630978535 0
/proc/16/statm: 4421 3087 1493 723 0 2063 0
[pid=18] ppid=16 vsize=753256 memory=660052 CPUtime=519.68 cores=14-27,126-139
/proc/18/stat : 18 (bn4rust) R 16 16 0 0 -1 4194304 536535 0 18 0 51123 845 0 0 20 0 1 0 53476511 771334144 165013 67087892480 94490352103424 94490353970545 140730908425040 0 0 0 0 4096 1088 0 0 0 17 21 0 0 1 0 0 94490354228608 94490354275544 94490354352128 140730908429050 140730908429206 140730908429206 140730908430305 0
/proc/18/statm: 188314 165013 1114 456 0 186475 0
Current children cumulated CPU time: 519.72 s
Current children cumulated vsize: 770940 KiB
Current children cumulated memory: 672400 KiB

[startup+582.3 s]
/proc/loadavg: 47.84 49.35 52.75 50/2821 18
/proc/meminfo: memFree=490015000/527542288 swapFree=33551356/33554428
[pid=16] ppid=13 vsize=17684 memory=12348 CPUtime=0.04 cores=14-27,126-139
/proc/16/stat : 16 (python3) S 13 16 0 0 -1 4194304 1890 0 96 0 3 1 0 0 20 0 1 0 53476496 18108416 3087 67087892480 4194304 7154137 140724630972512 0 0 0 0 16781312 2 1 0 0 17 14 0 0 8 0 0 9727432 11029816 23097344 140724630977335 140724630977453 140724630977453 140724630978535 0
/proc/16/statm: 4421 3087 1493 723 0 2063 0
[pid=18] ppid=16 vsize=314972 memory=287484 CPUtime=579.39 cores=14-27,126-139
/proc/18/stat : 18 (bn4rust) R 16 16 0 0 -1 4194304 588462 0 18 0 57008 931 0 0 20 0 1 0 53476511 322531328 71871 67087892480 94490352103424 94490353970545 140730908425040 0 0 0 0 4096 1088 0 0 0 17 21 0 0 1 0 0 94490354228608 94490354275544 94490354352128 140730908429050 140730908429206 140730908429206 140730908430305 0
/proc/18/statm: 78743 71871 1114 456 0 76904 0
Current children cumulated CPU time: 579.43 s
Current children cumulated vsize: 332656 KiB
Current children cumulated memory: 299832 KiB

[startup+642.3 s]
/proc/loadavg: 48.58 49.28 52.52 50/2820 18
/proc/meminfo: memFree=489716416/527542288 swapFree=33551356/33554428
[pid=16] ppid=13 vsize=17684 memory=12348 CPUtime=0.04 cores=14-27,126-139
/proc/16/stat : 16 (python3) S 13 16 0 0 -1 4194304 1890 0 96 0 3 1 0 0 20 0 1 0 53476496 18108416 3087 67087892480 4194304 7154137 140724630972512 0 0 0 0 16781312 2 1 0 0 17 14 0 0 8 0 0 9727432 11029816 23097344 140724630977335 140724630977453 140724630977453 140724630978535 0
/proc/16/statm: 4421 3087 1493 723 0 2063 0
[pid=18] ppid=16 vsize=978536 memory=889384 CPUtime=639.09 cores=14-27,126-139
/proc/18/stat : 18 (bn4rust) R 16 16 0 0 -1 4194304 622285 0 18 0 62866 1043 0 0 20 0 1 0 53476511 1002020864 222346 67087892480 94490352103424 94490353970545 140730908425040 0 0 0 0 4096 1088 0 0 0 17 21 0 0 1 0 0 94490354228608 94490354275544 94490354352128 140730908429050 140730908429206 140730908429206 140730908430305 0
/proc/18/statm: 244634 222346 1114 456 0 242795 0
Current children cumulated CPU time: 639.13 s
Current children cumulated vsize: 996220 KiB
Current children cumulated memory: 901732 KiB

[startup+702.3 s]
/proc/loadavg: 49.05 49.28 52.31 50/2820 18
/proc/meminfo: memFree=490171052/527542288 swapFree=33551356/33554428
[pid=16] ppid=13 vsize=17684 memory=12348 CPUtime=0.04 cores=14-27,126-139
/proc/16/stat : 16 (python3) S 13 16 0 0 -1 4194304 1890 0 96 0 3 1 0 0 20 0 1 0 53476496 18108416 3087 67087892480 4194304 7154137 140724630972512 0 0 0 0 16781312 2 1 0 0 17 14 0 0 8 0 0 9727432 11029816 23097344 140724630977335 140724630977453 140724630977453 140724630978535 0
/proc/16/statm: 4421 3087 1493 723 0 2063 0
[pid=18] ppid=16 vsize=585316 memory=557600 CPUtime=698.81 cores=14-27,126-139
/proc/18/stat : 18 (bn4rust) R 16 16 0 0 -1 4194304 651212 0 18 0 68728 1153 0 0 20 0 1 0 53476511 599363584 139400 67087892480 94490352103424 94490353970545 140730908425040 0 0 0 0 4096 1088 0 0 0 17 21 0 0 1 0 0 94490354228608 94490354275544 94490354352128 140730908429050 140730908429206 140730908429206 140730908430305 0
/proc/18/statm: 146329 139400 1114 456 0 144490 0
Current children cumulated CPU time: 698.85 s
Current children cumulated vsize: 603000 KiB
Current children cumulated memory: 569948 KiB

[startup+762.3 s]
/proc/loadavg: 48.94 49.20 52.09 50/2820 18
/proc/meminfo: memFree=490147208/527542288 swapFree=33551356/33554428
[pid=16] ppid=13 vsize=17684 memory=12348 CPUtime=0.04 cores=14-27,126-139
/proc/16/stat : 16 (python3) S 13 16 0 0 -1 4194304 1890 0 96 0 3 1 0 0 20 0 1 0 53476496 18108416 3087 67087892480 4194304 7154137 140724630972512 0 0 0 0 16781312 2 1 0 0 17 14 0 0 8 0 0 9727432 11029816 23097344 140724630977335 140724630977453 140724630977453 140724630978535 0
/proc/16/statm: 4421 3087 1493 723 0 2063 0
[pid=18] ppid=16 vsize=272860 memory=211836 CPUtime=758.53 cores=14-27,126-139
/proc/18/stat : 18 (bn4rust) R 16 16 0 0 -1 4194304 688790 0 18 0 74629 1224 0 0 20 0 1 0 53476511 279408640 52959 67087892480 94490352103424 94490353970545 140730908425040 0 0 0 0 4096 1088 0 0 0 17 133 0 0 1 0 0 94490354228608 94490354275544 94490354352128 140730908429050 140730908429206 140730908429206 140730908430305 0
/proc/18/statm: 68215 52959 1114 456 0 66376 0
Current children cumulated CPU time: 758.57 s
Current children cumulated vsize: 290544 KiB
Current children cumulated memory: 224184 KiB

[startup+822.3 s]
/proc/loadavg: 48.98 49.16 51.89 50/2823 18
/proc/meminfo: memFree=489480872/527542288 swapFree=33551356/33554428
[pid=16] ppid=13 vsize=17684 memory=12348 CPUtime=0.04 cores=14-27,126-139
/proc/16/stat : 16 (python3) S 13 16 0 0 -1 4194304 1890 0 96 0 3 1 0 0 20 0 1 0 53476496 18108416 3087 67087892480 4194304 7154137 140724630972512 0 0 0 0 16781312 2 1 0 0 17 14 0 0 8 0 0 9727432 11029816 23097344 140724630977335 140724630977453 140724630977453 140724630978535 0
/proc/16/statm: 4421 3087 1493 723 0 2063 0
[pid=18] ppid=16 vsize=1371352 memory=1129316 CPUtime=818.25 cores=14-27,126-139
/proc/18/stat : 18 (bn4rust) R 16 16 0 0 -1 4194304 756484 0 18 0 80446 1379 0 0 20 0 1 0 53476511 1404264448 282329 67087892480 94490352103424 94490353970545 140730908425040 0 0 0 0 4096 1088 0 0 0 17 21 0 0 1 0 0 94490354228608 94490354275544 94490354352128 140730908429050 140730908429206 140730908429206 140730908430305 0
/proc/18/statm: 342838 282329 1114 456 0 340999 0
Current children cumulated CPU time: 818.29 s
Current children cumulated vsize: 1389036 KiB
Current children cumulated memory: 1141664 KiB

[startup+882.3 s]
/proc/loadavg: 49.24 49.21 51.74 50/2821 18
/proc/meminfo: memFree=489412876/527542288 swapFree=33551356/33554428
[pid=16] ppid=13 vsize=17684 memory=12348 CPUtime=0.04 cores=14-27,126-139
/proc/16/stat : 16 (python3) S 13 16 0 0 -1 4194304 1890 0 96 0 3 1 0 0 20 0 1 0 53476496 18108416 3087 67087892480 4194304 7154137 140724630972512 0 0 0 0 16781312 2 1 0 0 17 14 0 0 8 0 0 9727432 11029816 23097344 140724630977335 140724630977453 140724630977453 140724630978535 0
/proc/16/statm: 4421 3087 1493 723 0 2063 0
[pid=18] ppid=16 vsize=1328032 memory=1077188 CPUtime=877.96 cores=14-27,126-139
/proc/18/stat : 18 (bn4rust) R 16 16 0 0 -1 4194304 807505 0 18 0 86287 1509 0 0 20 0 1 0 53476511 1359904768 269297 67087892480 94490352103424 94490353970545 140730908425040 0 0 0 0 4096 1088 0 0 0 17 21 0 0 1 0 0 94490354228608 94490354275544 94490354352128 140730908429050 140730908429206 140730908429206 140730908430305 0
/proc/18/statm: 332008 269297 1114 456 0 330169 0
Current children cumulated CPU time: 878 s
Current children cumulated vsize: 1345716 KiB
Current children cumulated memory: 1089536 KiB

[startup+942.3 s]
/proc/loadavg: 49.09 49.17 51.57 50/2821 18
/proc/meminfo: memFree=490452320/527542288 swapFree=33551356/33554428
[pid=16] ppid=13 vsize=17684 memory=12348 CPUtime=0.04 cores=14-27,126-139
/proc/16/stat : 16 (python3) S 13 16 0 0 -1 4194304 1890 0 96 0 3 1 0 0 20 0 1 0 53476496 18108416 3087 67087892480 4194304 7154137 140724630972512 0 0 0 0 16781312 2 1 0 0 17 14 0 0 8 0 0 9727432 11029816 23097344 140724630977335 140724630977453 140724630977453 140724630978535 0
/proc/16/statm: 4421 3087 1493 723 0 2063 0
[pid=18] ppid=16 vsize=532496 memory=469760 CPUtime=937.67 cores=14-27,126-139
/proc/18/stat : 18 (bn4rust) R 16 16 0 0 -1 4194304 872598 0 18 0 92118 1649 0 0 20 0 1 0 53476511 545275904 117440 67087892480 94490352103424 94490353970545 140730908425040 0 0 0 0 4096 1088 0 0 0 17 21 0 0 1 0 0 94490354228608 94490354275544 94490354352128 140730908429050 140730908429206 140730908429206 140730908430305 0
/proc/18/statm: 133124 117440 1114 456 0 131285 0
Current children cumulated CPU time: 937.71 s
Current children cumulated vsize: 550180 KiB
Current children cumulated memory: 482108 KiB

[startup+1002.3 s]
/proc/loadavg: 47.26 48.72 51.26 50/2822 18
/proc/meminfo: memFree=490760684/527542288 swapFree=33551356/33554428
[pid=16] ppid=13 vsize=17684 memory=12348 CPUtime=0.04 cores=14-27,126-139
/proc/16/stat : 16 (python3) S 13 16 0 0 -1 4194304 1890 0 96 0 3 1 0 0 20 0 1 0 53476496 18108416 3087 67087892480 4194304 7154137 140724630972512 0 0 0 0 16781312 2 1 0 0 17 14 0 0 8 0 0 9727432 11029816 23097344 140724630977335 140724630977453 140724630977453 140724630978535 0
/proc/16/statm: 4421 3087 1493 723 0 2063 0
[pid=18] ppid=16 vsize=252772 memory=218244 CPUtime=997.38 cores=14-27,126-139
/proc/18/stat : 18 (bn4rust) R 16 16 0 0 -1 4194304 990571 0 18 0 97926 1812 0 0 20 0 1 0 53476511 258838528 54561 67087892480 94490352103424 94490353970545 140730908425040 0 0 0 0 4096 1088 0 0 0 17 133 0 0 1 0 0 94490354228608 94490354275544 94490354352128 140730908429050 140730908429206 140730908429206 140730908430305 0
/proc/18/statm: 63193 54561 1114 456 0 61354 0
Current children cumulated CPU time: 997.42 s
Current children cumulated vsize: 270456 KiB
Current children cumulated memory: 230592 KiB

[startup+1062.3 s]
/proc/loadavg: 48.40 48.79 51.12 50/2823 18
/proc/meminfo: memFree=489576704/527542288 swapFree=33551356/33554428
[pid=16] ppid=13 vsize=17684 memory=12348 CPUtime=0.04 cores=14-27,126-139
/proc/16/stat : 16 (python3) S 13 16 0 0 -1 4194304 1890 0 96 0 3 1 0 0 20 0 1 0 53476496 18108416 3087 67087892480 4194304 7154137 140724630972512 0 0 0 0 16781312 2 1 0 0 17 14 0 0 8 0 0 9727432 11029816 23097344 140724630977335 140724630977453 140724630977453 140724630978535 0
/proc/16/statm: 4421 3087 1493 723 0 2063 0
[pid=18] ppid=16 vsize=1600872 memory=1042728 CPUtime=1057.1 cores=14-27,126-139
/proc/18/stat : 18 (bn4rust) R 16 16 0 0 -1 4194304 1050365 0 18 0 103763 1947 0 0 20 0 1 0 53476511 1639292928 260682 67087892480 94490352103424 94490353970545 140730908425040 0 0 0 0 4096 1088 0 0 0 17 133 0 0 1 0 0 94490354228608 94490354275544 94490354352128 140730908429050 140730908429206 140730908429206 140730908430305 0
/proc/18/statm: 400218 260682 1114 456 0 398379 0
Current children cumulated CPU time: 1057.14 s
Current children cumulated vsize: 1618556 KiB
Current children cumulated memory: 1055076 KiB

[startup+1122.3 s]
/proc/loadavg: 48.85 48.87 51.00 50/2827 18
/proc/meminfo: memFree=487475860/527542288 swapFree=33551356/33554428
[pid=16] ppid=13 vsize=17684 memory=12348 CPUtime=0.04 cores=14-27,126-139
/proc/16/stat : 16 (python3) S 13 16 0 0 -1 4194304 1890 0 96 0 3 1 0 0 20 0 1 0 53476496 18108416 3087 67087892480 4194304 7154137 140724630972512 0 0 0 0 16781312 2 1 0 0 17 14 0 0 8 0 0 9727432 11029816 23097344 140724630977335 140724630977453 140724630977453 140724630978535 0
/proc/16/statm: 4421 3087 1493 723 0 2063 0
[pid=18] ppid=16 vsize=498384 memory=391328 CPUtime=1116.82 cores=14-27,126-139
/proc/18/stat : 18 (bn4rust) R 16 16 0 0 -1 4194304 1084300 0 18 0 109615 2067 0 0 20 0 1 0 53476511 510345216 97832 67087892480 94490352103424 94490353970545 140730908425040 0 0 0 0 4096 1088 0 0 0 17 21 0 0 1 0 0 94490354228608 94490354275544 94490354352128 140730908429050 140730908429206 140730908429206 140730908430305 0
/proc/18/statm: 124596 97832 1114 456 0 122757 0
Current children cumulated CPU time: 1116.86 s
Current children cumulated vsize: 516068 KiB
Current children cumulated memory: 403676 KiB

[startup+1182.3 s]
/proc/loadavg: 46.51 48.15 50.62 50/2828 18
/proc/meminfo: memFree=488311192/527542288 swapFree=33551356/33554428
[pid=16] ppid=13 vsize=17684 memory=12348 CPUtime=0.04 cores=14-27,126-139
/proc/16/stat : 16 (python3) S 13 16 0 0 -1 4194304 1890 0 96 0 3 1 0 0 20 0 1 0 53476496 18108416 3087 67087892480 4194304 7154137 140724630972512 0 0 0 0 16781312 2 1 0 0 17 14 0 0 8 0 0 9727432 11029816 23097344 140724630977335 140724630977453 140724630977453 140724630978535 0
/proc/16/statm: 4421 3087 1493 723 0 2063 0
[pid=18] ppid=16 vsize=1362116 memory=1089908 CPUtime=1176.55 cores=14-27,126-139
/proc/18/stat : 18 (bn4rust) R 16 16 0 0 -1 4194304 1130778 0 18 0 115460 2195 0 0 20 0 1 0 53476511 1394806784 272477 67087892480 94490352103424 94490353970545 140730908425040 0 0 0 0 4096 1088 0 0 0 17 21 0 0 1 0 0 94490354228608 94490354275544 94490354352128 140730908429050 140730908429206 140730908429206 140730908430305 0
/proc/18/statm: 340529 272477 1114 456 0 338690 0
Current children cumulated CPU time: 1176.59 s
Current children cumulated vsize: 1379800 KiB
Current children cumulated memory: 1102256 KiB

[startup+1242.3 s]
/proc/loadavg: 48.09 48.31 50.51 50/2829 18
/proc/meminfo: memFree=489191228/527542288 swapFree=33551356/33554428
[pid=16] ppid=13 vsize=17684 memory=12348 CPUtime=0.04 cores=14-27,126-139
/proc/16/stat : 16 (python3) S 13 16 0 0 -1 4194304 1890 0 96 0 3 1 0 0 20 0 1 0 53476496 18108416 3087 67087892480 4194304 7154137 140724630972512 0 0 0 0 16781312 2 1 0 0 17 14 0 0 8 0 0 9727432 11029816 23097344 140724630977335 140724630977453 140724630977453 140724630978535 0
/proc/16/statm: 4421 3087 1493 723 0 2063 0
[pid=18] ppid=16 vsize=533976 memory=436136 CPUtime=1236.25 cores=14-27,126-139
/proc/18/stat : 18 (bn4rust) R 16 16 0 0 -1 4194304 1207105 0 18 0 121282 2343 0 0 20 0 1 0 53476511 546791424 109034 67087892480 94490352103424 94490353970545 140730908425040 0 0 0 0 4096 1088 0 0 0 17 21 0 0 1 0 0 94490354228608 94490354275544 94490354352128 140730908429050 140730908429206 140730908429206 140730908430305 0
/proc/18/statm: 133494 109034 1114 456 0 131655 0
Current children cumulated CPU time: 1236.29 s
Current children cumulated vsize: 551660 KiB
Current children cumulated memory: 448484 KiB

[startup+1302.3 s]
/proc/loadavg: 46.73 47.92 50.24 50/2829 18
/proc/meminfo: memFree=493656112/527542288 swapFree=33551356/33554428
[pid=16] ppid=13 vsize=17684 memory=12348 CPUtime=0.04 cores=14-27,126-139
/proc/16/stat : 16 (python3) S 13 16 0 0 -1 4194304 1890 0 96 0 3 1 0 0 20 0 1 0 53476496 18108416 3087 67087892480 4194304 7154137 140724630972512 0 0 0 0 16781312 2 1 0 0 17 14 0 0 8 0 0 9727432 11029816 23097344 140724630977335 140724630977453 140724630977453 140724630978535 0
/proc/16/statm: 4421 3087 1493 723 0 2063 0
[pid=18] ppid=16 vsize=484824 memory=434080 CPUtime=1295.98 cores=14-27,126-139
/proc/18/stat : 18 (bn4rust) R 16 16 0 0 -1 4194304 1298074 0 18 0 127088 2510 0 0 20 0 1 0 53476511 496459776 108520 67087892480 94490352103424 94490353970545 140730908425040 0 0 0 0 4096 1088 0 0 0 17 133 0 0 1 0 0 94490354228608 94490354275544 94490354352128 140730908429050 140730908429206 140730908429206 140730908430305 0
/proc/18/statm: 121206 108520 1114 456 0 119367 0
Current children cumulated CPU time: 1296.02 s
Current children cumulated vsize: 502508 KiB
Current children cumulated memory: 446428 KiB

[startup+1362.3 s]
/proc/loadavg: 48.19 48.12 50.16 50/2828 18
/proc/meminfo: memFree=488583656/527542288 swapFree=33551356/33554428
[pid=16] ppid=13 vsize=17684 memory=12348 CPUtime=0.04 cores=14-27,126-139
/proc/16/stat : 16 (python3) S 13 16 0 0 -1 4194304 1890 0 96 0 3 1 0 0 20 0 1 0 53476496 18108416 3087 67087892480 4194304 7154137 140724630972512 0 0 0 0 16781312 2 1 0 0 17 14 0 0 8 0 0 9727432 11029816 23097344 140724630977335 140724630977453 140724630977453 140724630978535 0
/proc/16/statm: 4421 3087 1493 723 0 2063 0
[pid=18] ppid=16 vsize=1680752 memory=1449088 CPUtime=1355.7 cores=14-27,126-139
/proc/18/stat : 18 (bn4rust) R 16 16 0 0 -1 4194304 1347158 0 18 0 132908 2662 0 0 20 0 1 0 53476511 1721090048 362272 67087892480 94490352103424 94490353970545 140730908425040 0 0 0 0 4096 1088 0 0 0 17 21 0 0 1 0 0 94490354228608 94490354275544 94490354352128 140730908429050 140730908429206 140730908429206 140730908430305 0
/proc/18/statm: 420188 362272 1114 456 0 418349 0
Current children cumulated CPU time: 1355.74 s
Current children cumulated vsize: 1698436 KiB
Current children cumulated memory: 1461436 KiB

[startup+1422.3 s]
/proc/loadavg: 48.76 48.30 50.09 50/2831 18
/proc/meminfo: memFree=487974708/527542288 swapFree=33551356/33554428
[pid=16] ppid=13 vsize=17684 memory=12348 CPUtime=0.04 cores=14-27,126-139
/proc/16/stat : 16 (python3) S 13 16 0 0 -1 4194304 1890 0 96 0 3 1 0 0 20 0 1 0 53476496 18108416 3087 67087892480 4194304 7154137 140724630972512 0 0 0 0 16781312 2 1 0 0 17 14 0 0 8 0 0 9727432 11029816 23097344 140724630977335 140724630977453 140724630977453 140724630978535 0
/proc/16/statm: 4421 3087 1493 723 0 2063 0
[pid=18] ppid=16 vsize=1902048 memory=1500296 CPUtime=1415.41 cores=14-27,126-139
/proc/18/stat : 18 (bn4rust) R 16 16 0 0 -1 4194304 1376505 0 18 0 138760 2781 0 0 20 0 1 0 53476511 1947697152 375074 67087892480 94490352103424 94490353970545 140730908425040 0 0 0 0 4096 1088 0 0 0 17 21 0 0 1 0 0 94490354228608 94490354275544 94490354352128 140730908429050 140730908429206 140730908429206 140730908430305 0
/proc/18/statm: 475512 375074 1114 456 0 473673 0
Current children cumulated CPU time: 1415.45 s
Current children cumulated vsize: 1919732 KiB
Current children cumulated memory: 1512644 KiB

[startup+1482.3 s]
/proc/loadavg: 49.17 48.50 50.05 50/2822 18
/proc/meminfo: memFree=488503904/527542288 swapFree=33551356/33554428
[pid=16] ppid=13 vsize=17684 memory=12348 CPUtime=0.04 cores=14-27,126-139
/proc/16/stat : 16 (python3) S 13 16 0 0 -1 4194304 1890 0 96 0 3 1 0 0 20 0 1 0 53476496 18108416 3087 67087892480 4194304 7154137 140724630972512 0 0 0 0 16781312 2 1 0 0 17 14 0 0 8 0 0 9727432 11029816 23097344 140724630977335 140724630977453 140724630977453 140724630978535 0
/proc/16/statm: 4421 3087 1493 723 0 2063 0
[pid=18] ppid=16 vsize=986420 memory=818252 CPUtime=1475.12 cores=14-27,126-139
/proc/18/stat : 18 (bn4rust) R 16 16 0 0 -1 4194304 1408178 0 18 0 144601 2911 0 0 20 0 1 0 53476511 1010094080 204563 67087892480 94490352103424 94490353970545 140730908425040 0 0 0 0 4096 1088 0 0 0 17 21 0 0 1 0 0 94490354228608 94490354275544 94490354352128 140730908429050 140730908429206 140730908429206 140730908430305 0
/proc/18/statm: 246605 204563 1114 456 0 244766 0
Current children cumulated CPU time: 1475.16 s
Current children cumulated vsize: 1004104 KiB
Current children cumulated memory: 830600 KiB

[startup+1542.3 s]
/proc/loadavg: 49.06 48.60 49.98 52/2822 18
/proc/meminfo: memFree=487268692/527542288 swapFree=33551356/33554428
[pid=16] ppid=13 vsize=17684 memory=12348 CPUtime=0.04 cores=14-27,126-139
/proc/16/stat : 16 (python3) S 13 16 0 0 -1 4194304 1890 0 96 0 3 1 0 0 20 0 1 0 53476496 18108416 3087 67087892480 4194304 7154137 140724630972512 0 0 0 0 16781312 2 1 0 0 17 14 0 0 8 0 0 9727432 11029816 23097344 140724630977335 140724630977453 140724630977453 140724630978535 0
/proc/16/statm: 4421 3087 1493 723 0 2063 0
[pid=18] ppid=16 vsize=1058424 memory=853244 CPUtime=1534.84 cores=14-27,126-139
/proc/18/stat : 18 (bn4rust) R 16 16 0 0 -1 4194304 1441974 0 18 0 150451 3033 0 0 20 0 1 0 53476511 1083826176 213311 67087892480 94490352103424 94490353970545 140730908425040 0 0 0 0 4096 1088 0 0 0 17 133 0 0 1 0 0 94490354228608 94490354275544 94490354352128 140730908429050 140730908429206 140730908429206 140730908430305 0
/proc/18/statm: 264606 213311 1114 456 0 262767 0
Current children cumulated CPU time: 1534.88 s
Current children cumulated vsize: 1076108 KiB
Current children cumulated memory: 865592 KiB

[startup+1602.3 s]
/proc/loadavg: 48.36 48.41 49.82 50/2823 18
/proc/meminfo: memFree=488297840/527542288 swapFree=33551356/33554428
[pid=16] ppid=13 vsize=17684 memory=12348 CPUtime=0.04 cores=14-27,126-139
/proc/16/stat : 16 (python3) S 13 16 0 0 -1 4194304 1890 0 96 0 3 1 0 0 20 0 1 0 53476496 18108416 3087 67087892480 4194304 7154137 140724630972512 0 0 0 0 16781312 2 1 0 0 17 14 0 0 8 0 0 9727432 11029816 23097344 140724630977335 140724630977453 140724630977453 140724630978535 0
/proc/16/statm: 4421 3087 1493 723 0 2063 0
[pid=18] ppid=16 vsize=540116 memory=459688 CPUtime=1594.57 cores=14-27,126-139
/proc/18/stat : 18 (bn4rust) R 16 16 0 0 -1 4194304 1508030 0 18 0 156270 3187 0 0 20 0 1 0 53476511 553078784 114922 67087892480 94490352103424 94490353970545 140730908425040 0 0 0 0 4096 1088 0 0 0 17 133 0 0 1 0 0 94490354228608 94490354275544 94490354352128 140730908429050 140730908429206 140730908429206 140730908430305 0
/proc/18/statm: 135029 114922 1114 456 0 133190 0
Current children cumulated CPU time: 1594.61 s
Current children cumulated vsize: 557800 KiB
Current children cumulated memory: 472036 KiB

[startup+1662.3 s]
/proc/loadavg: 48.77 48.52 49.76 50/2823 18
/proc/meminfo: memFree=488092044/527542288 swapFree=33551356/33554428
[pid=16] ppid=13 vsize=17684 memory=12348 CPUtime=0.04 cores=14-27,126-139
/proc/16/stat : 16 (python3) S 13 16 0 0 -1 4194304 1890 0 96 0 3 1 0 0 20 0 1 0 53476496 18108416 3087 67087892480 4194304 7154137 140724630972512 0 0 0 0 16781312 2 1 0 0 17 14 0 0 8 0 0 9727432 11029816 23097344 140724630977335 140724630977453 140724630977453 140724630978535 0
/proc/16/statm: 4421 3087 1493 723 0 2063 0
[pid=18] ppid=16 vsize=484840 memory=402256 CPUtime=1654.31 cores=14-27,126-139
/proc/18/stat : 18 (bn4rust) R 16 16 0 0 -1 4194304 1607944 0 18 0 162068 3363 0 0 20 0 1 0 53476511 496476160 100564 67087892480 94490352103424 94490353970545 140730908425040 0 0 0 0 4096 1088 0 0 0 17 21 0 0 1 0 0 94490354228608 94490354275544 94490354352128 140730908429050 140730908429206 140730908429206 140730908430305 0
/proc/18/statm: 121210 100564 1114 456 0 119371 0
Current children cumulated CPU time: 1654.35 s
Current children cumulated vsize: 502524 KiB
Current children cumulated memory: 414604 KiB

[startup+1722.3 s]
/proc/loadavg: 49.00 48.62 49.72 50/2828 18
/proc/meminfo: memFree=506647960/527542288 swapFree=33551356/33554428
[pid=16] ppid=13 vsize=17684 memory=12348 CPUtime=0.04 cores=14-27,126-139
/proc/16/stat : 16 (python3) S 13 16 0 0 -1 4194304 1890 0 96 0 3 1 0 0 20 0 1 0 53476496 18108416 3087 67087892480 4194304 7154137 140724630972512 0 0 0 0 16781312 2 1 0 0 17 14 0 0 8 0 0 9727432 11029816 23097344 140724630977335 140724630977453 140724630977453 140724630978535 0
/proc/16/statm: 4421 3087 1493 723 0 2063 0
[pid=18] ppid=16 vsize=1146240 memory=893796 CPUtime=1714.03 cores=14-27,126-139
/proc/18/stat : 18 (bn4rust) R 16 16 0 0 -1 4194304 1687928 0 18 0 167879 3524 0 0 20 0 1 0 53476511 1173749760 223449 67087892480 94490352103424 94490353970545 140730908425040 0 0 0 0 4096 1088 0 0 0 17 21 0 0 1 0 0 94490354228608 94490354275544 94490354352128 140730908429050 140730908429206 140730908429206 140730908430305 0
/proc/18/statm: 286560 223449 1114 456 0 284721 0
Current children cumulated CPU time: 1714.07 s
Current children cumulated vsize: 1163924 KiB
Current children cumulated memory: 906144 KiB

[startup+1782.3 s]
/proc/loadavg: 48.17 48.41 49.57 50/2825 18
/proc/meminfo: memFree=489311640/527542288 swapFree=33551356/33554428
[pid=16] ppid=13 vsize=17684 memory=12348 CPUtime=0.04 cores=14-27,126-139
/proc/16/stat : 16 (python3) S 13 16 0 0 -1 4194304 1890 0 96 0 3 1 0 0 20 0 1 0 53476496 18108416 3087 67087892480 4194304 7154137 140724630972512 0 0 0 0 16781312 2 1 0 0 17 14 0 0 8 0 0 9727432 11029816 23097344 140724630977335 140724630977453 140724630977453 140724630978535 0
/proc/16/statm: 4421 3087 1493 723 0 2063 0
[pid=18] ppid=16 vsize=877924 memory=643752 CPUtime=1773.73 cores=14-27,126-139
/proc/18/stat : 18 (bn4rust) R 16 16 0 0 -1 4194304 1723380 0 18 0 173738 3635 0 0 20 0 1 0 53476511 898994176 160938 67087892480 94490352103424 94490353970545 140730908425040 0 0 0 0 4096 1088 0 0 0 17 21 0 0 1 0 0 94490354228608 94490354275544 94490354352128 140730908429050 140730908429206 140730908429206 140730908430305 0
/proc/18/statm: 219481 160938 1114 456 0 217642 0
Current children cumulated CPU time: 1773.77 s
Current children cumulated vsize: 895608 KiB
Current children cumulated memory: 656100 KiB



Maximum wall clock time exceeded: sending SIGTERM then SIGKILL

[startup+1800 s]*
/proc/loadavg: 48.41 48.45 49.56 50/2825 18
/proc/meminfo: memFree=488176252/527542288 swapFree=33551356/33554428
[pid=16] ppid=13 vsize=17684 memory=12348 CPUtime=0.04 cores=14-27,126-139
/proc/16/stat : 16 (python3) S 13 16 0 0 -1 4194304 1890 0 96 0 3 1 0 0 20 0 1 0 53476496 18108416 3087 67087892480 4194304 7154137 140724630972512 0 0 0 0 16781312 2 1 0 0 17 14 0 0 8 0 0 9727432 11029816 23097344 140724630977335 140724630977453 140724630977453 140724630978535 0
/proc/16/statm: 4421 3087 1493 723 0 2063 0
[pid=18] ppid=16 vsize=2006036 memory=1555508 CPUtime=1791.35 cores=14-27,126-139
/proc/18/stat : 18 (bn4rust) R 16 16 0 0 -1 4194304 1731907 0 18 0 175462 3673 0 0 20 0 1 0 53476511 2054180864 388877 67087892480 94490352103424 94490353970545 140730908425040 0 0 0 0 4096 1088 0 0 0 17 21 0 0 1 0 0 94490354228608 94490354275544 94490354352128 140730908429050 140730908429206 140730908429206 140730908430305 0
/proc/18/statm: 501509 388877 1114 456 0 499670 0
Current children cumulated CPU time: 1791.39 s
Current children cumulated vsize: 2023720 KiB
Current children cumulated memory: 1567856 KiB

Sending SIGTERM to process tree (bottom up)
Sleeping 2 seconds

[startup+1800.01 s]
# the end of solver process 16 was just reported to runsolver
# cumulated CPU time of all completed processes:  user=0.036214 s, system=0.012458 s

[startup+1800.02 s]
# the end of solver process 18 was just reported to runsolver
# cumulated CPU time of all completed processes:  user=1754.66 s, system=36.7586 s
# this solver process was not waited by its parent and was adopted by runsolver

Solver just ended.
??? end of watcher thread
Dumping a history of the last processes samples

Child ended because it received signal 15 (SIGTERM)
Real time (s): 1800.02
CPU time (s): 1791.42
CPU user time (s): 1754.66
CPU system time (s): 36.7586
CPU usage (%): 99.5226
Max. virtual memory (cumulated for all children) (KiB): 3062512
Max. memory (cumulated for all children) (KiB): 2417576

getrusage(RUSAGE_CHILDREN,...) data:
user time used= 1754.66
system time used= 36.7586
maximum resident set size= 2468716
integral shared memory size= 0
integral unshared data size= 0
integral unshared stack size= 0
page reclaims= 1733797
page faults= 114
swaps= 0
block input operations= 19520
block output operations= 8
messages sent= 0
messages received= 0
signals received= 0
voluntary context switches= 983
involuntary context switches= 3041


# summary of solver processes directly reported to runsolver:
#   pid: 16,18
#   total CPU time (s): 1791.42
#   total CPU user time (s): 1754.66
#   total CPU system time (s): 36.7586

??? join timestamper begins
??? join timestamper ends
??? end of timestamper thread
runsolver used 1.51839 second user time and 3.09217 second system time

The end
