# WCTIME: wall clock time in seconds
WCTIME=0.914918
# CPUTIME: CPU time in seconds (USERTIME+SYSTEMTIME)
CPUTIME=0.797812
# USERTIME: CPU time spent in user mode in seconds
USERTIME=0.774714
# SYSTEMTIME: CPU time spent in system mode in seconds
SYSTEMTIME=0.023098
# CPUUSAGE: CPUTIME/WCTIME in percent
CPUUSAGE=87.2004
# MAXVM: maximum virtual memory used in KiB
MAXVM=26612
# MAXMM: maximum memory used in KiB
MAXMM=18004
# MAXRSS: maximum Resident Segment Size in KiB
MAXRSS=12620
# TIMEOUT: did the solver exceed the time limit?
TIMEOUT=false
# MEMOUT: did the solver exceed the memory limit?
MEMOUT=false
# EXITSTATUS: Exit status of the solver
EXITSTATUS=0
