runsolver version 3.4.1 (svn: 3018) Copyright (C) 2010-2013 Olivier ROUSSEL

This program is distributed in the hope that it will be useful,
but WITHOUT ANY WARRANTY; without even the implied warranty of
MERCHANTABILITY or FITNESS FOR A PARTICULAR PURPOSE.  See the
GNU General Public License for more details.

NUMA information:
  number of nodes: 8
  memory of node 0: 63700 MiB (60329 MiB free)
  memory of node 1: 64504 MiB (62786 MiB free)
  memory of node 2: 64461 MiB (62651 MiB free)
  memory of node 3: 64504 MiB (62012 MiB free)
  memory of node 4: 64504 MiB (62019 MiB free)
  memory of node 5: 64504 MiB (62499 MiB free)
  memory of node 6: 64504 MiB (63381 MiB free)
  memory of node 7: 64491 MiB (60475 MiB free)
  node distances:
     10  12  12  12  21  21  21  21
     12  10  12  12  21  21  21  21
     12  12  10  12  21  21  21  21
     12  12  12  10  21  21  21  21
     21  21  21  21  10  12  12  12
     21  21  21  21  12  10  12  12
     21  21  21  21  12  12  10  12
     21  21  21  21  12  12  12  10

command line: /usr/local/bin/runsolver --timestamp -w /output/runsolver-watch.log -v /output/runsolver-values.log -o /output/solver-output.log -C 1800.0 -W 1800.0 -R 64000 /opt/solver/run_bn4rust.py --mode cyber-complement-gfp-plus-immutable --instance /input/model_107.bnet 

running on 27 cores: 84-96,102,196-208

Enforcing CPUTime limit (soft limit, will send SIGTERM then SIGKILL): 1800 seconds
Enforcing CPUTime limit (hard limit, will send SIGXCPU): 1830 seconds
Enforcing wall clock limit (soft limit, will send SIGTERM then SIGKILL): 1800 seconds
Enforcing RSS+Swap limit (soft limit, will send SIGTERM then SIGKILL): 65536000 KiB
Linux 4.18.0-553.159.1.el8_10.x86_64
solver pid=16, runsolver pid=13
Current StackSize limit: 18014398509481983 KiB


[startup+0.100121 s]*
/proc/loadavg: 3.03 5.97 7.93 8/3023 17
/proc/meminfo: memFree=508170992/527542236 swapFree=33533180/33554428
[pid=16] ppid=13 vsize=15800 memory=10116 CPUtime=0.02 cores=84-96,102,196-208,214
/proc/16/stat : 16 (python3) R 13 16 0 0 -1 4194304 1380 0 84 0 1 1 0 0 20 0 1 0 53412384 16179200 2529 67087892480 4194304 7154137 140732414420608 0 0 0 0 16781312 2 0 0 0 17 204 0 0 6 0 0 9727432 11029816 43278336 140732414425918 140732414426029 140732414426029 140732414427111 0
/proc/16/statm: 3950 2529 1394 723 0 1674 0
Current children cumulated CPU time: 0.02 s
Current children cumulated vsize: 15800 KiB
Current children cumulated memory: 10116 KiB

[startup+0.200563 s]*
/proc/loadavg: 3.03 5.97 7.93 9/3026 18
/proc/meminfo: memFree=508652740/527542236 swapFree=33533180/33554428
[pid=16] ppid=13 vsize=17684 memory=12424 CPUtime=0.03 cores=84-96,102,196-208,214
/proc/16/stat : 16 (python3) S 13 16 0 0 -1 4194304 1895 0 96 0 2 1 0 0 20 0 1 0 53412384 18108416 3106 67087892480 4194304 7154137 140732414420608 0 0 0 0 16781312 2 1 0 0 17 204 0 0 8 0 0 9727432 11029816 43278336 140732414425918 140732414426029 140732414426029 140732414427111 0
/proc/16/statm: 4421 3106 1512 723 0 2063 0
[pid=18] ppid=16 vsize=8244 memory=5136 CPUtime=0.04 cores=84-96,102,196-208,214
/proc/18/stat : 18 (bn4rust) R 16 16 0 0 -1 4194304 633 0 17 0 4 0 0 0 20 0 1 0 53412397 8441856 1284 67087892480 94786559291392 94786561158513 140730062256112 0 0 0 0 4096 1088 0 0 0 17 90 0 0 1 0 0 94786561416576 94786561463512 94786565931008 140730062256897 140730062257046 140730062257046 140730062258145 0
/proc/18/statm: 2061 1284 1094 456 0 222 0
Current children cumulated CPU time: 0.07 s
Current children cumulated vsize: 25928 KiB
Current children cumulated memory: 17560 KiB

[startup+0.300475 s]*
/proc/loadavg: 3.03 5.97 7.93 9/3003 18
/proc/meminfo: memFree=508876144/527542236 swapFree=33533180/33554428
[pid=16] ppid=13 vsize=17684 memory=12424 CPUtime=0.03 cores=84-96,102,196-208,214
/proc/16/stat : 16 (python3) S 13 16 0 0 -1 4194304 1895 0 96 0 2 1 0 0 20 0 1 0 53412384 18108416 3106 67087892480 4194304 7154137 140732414420608 0 0 0 0 16781312 2 1 0 0 17 204 0 0 8 0 0 9727432 11029816 43278336 140732414425918 140732414426029 140732414426029 140732414427111 0
/proc/16/statm: 4421 3106 1512 723 0 2063 0
[pid=18] ppid=16 vsize=9032 memory=5804 CPUtime=0.14 cores=84-96,102,196-208,214
/proc/18/stat : 18 (bn4rust) R 16 16 0 0 -1 4194304 1922 0 17 0 14 0 0 0 20 0 1 0 53412397 9248768 1451 67087892480 94786559291392 94786561158513 140730062256112 0 0 0 0 4096 1088 0 0 0 17 202 0 0 1 0 0 94786561416576 94786561463512 94786565931008 140730062256897 140730062257046 140730062257046 140730062258145 0
/proc/18/statm: 2258 1451 1094 456 0 419 0
Current children cumulated CPU time: 0.17 s
Current children cumulated vsize: 26716 KiB
Current children cumulated memory: 18228 KiB

[startup+0.700221 s]
/proc/loadavg: 3.03 5.97 7.93 10/3003 18
/proc/meminfo: memFree=508875676/527542236 swapFree=33533180/33554428
[pid=16] ppid=13 vsize=17684 memory=12424 CPUtime=0.03 cores=84-96,102,196-208,214
/proc/16/stat : 16 (python3) S 13 16 0 0 -1 4194304 1895 0 96 0 2 1 0 0 20 0 1 0 53412384 18108416 3106 67087892480 4194304 7154137 140732414420608 0 0 0 0 16781312 2 1 0 0 17 204 0 0 8 0 0 9727432 11029816 43278336 140732414425918 140732414426029 140732414426029 140732414427111 0
/proc/16/statm: 4421 3106 1512 723 0 2063 0
[pid=18] ppid=16 vsize=10328 memory=6884 CPUtime=0.53 cores=84-96,102,196-208,214
/proc/18/stat : 18 (bn4rust) R 16 16 0 0 -1 4194304 8884 0 17 0 53 0 0 0 20 0 1 0 53412397 10575872 1721 67087892480 94786559291392 94786561158513 140730062256112 0 0 0 0 4096 1088 0 0 0 17 90 0 0 1 0 0 94786561416576 94786561463512 94786565931008 140730062256897 140730062257046 140730062257046 140730062258145 0
/proc/18/statm: 2582 1721 1094 456 0 743 0
Current children cumulated CPU time: 0.56 s
Current children cumulated vsize: 28012 KiB
Current children cumulated memory: 19308 KiB

[startup+1.50023 s]
/proc/loadavg: 3.03 5.97 7.93 9/3006 18
/proc/meminfo: memFree=508807332/527542236 swapFree=33533180/33554428
[pid=16] ppid=13 vsize=17684 memory=12424 CPUtime=0.03 cores=84-96,102,196-208,214
/proc/16/stat : 16 (python3) S 13 16 0 0 -1 4194304 1895 0 96 0 2 1 0 0 20 0 1 0 53412384 18108416 3106 67087892480 4194304 7154137 140732414420608 0 0 0 0 16781312 2 1 0 0 17 204 0 0 8 0 0 9727432 11029816 43278336 140732414425918 140732414426029 140732414426029 140732414427111 0
/proc/16/statm: 4421 3106 1512 723 0 2063 0
[pid=18] ppid=16 vsize=10376 memory=6996 CPUtime=1.33 cores=84-96,102,196-208,214
/proc/18/stat : 18 (bn4rust) R 16 16 0 0 -1 4194304 20454 0 17 0 131 2 0 0 20 0 1 0 53412397 10625024 1749 67087892480 94786559291392 94786561158513 140730062256112 0 0 0 0 4096 1088 0 0 0 17 90 0 0 1 0 0 94786561416576 94786561463512 94786565931008 140730062256897 140730062257046 140730062257046 140730062258145 0
/proc/18/statm: 2594 1749 1094 456 0 755 0
Current children cumulated CPU time: 1.36 s
Current children cumulated vsize: 28060 KiB
Current children cumulated memory: 19420 KiB

[startup+2.22889 s]
# the end of solver process 16 was just reported to runsolver
# cumulated CPU time of all completed processes:  user=2.06181 s, system=0.050092 s

Solver just ended.
??? end of watcher thread
Dumping a history of the last processes samples

[startup+1.60027 s]
/proc/loadavg: 3.03 5.97 7.93 9/3006 18
/proc/meminfo: memFree=508807332/527542236 swapFree=33533180/33554428
[pid=16] ppid=13 vsize=17684 memory=12424 CPUtime=0.03 cores=84-96,102,196-208,214
/proc/16/stat : 16 (python3) S 13 16 0 0 -1 4194304 1895 0 96 0 2 1 0 0 20 0 1 0 53412384 18108416 3106 67087892480 4194304 7154137 140732414420608 0 0 0 0 16781312 2 1 0 0 17 204 0 0 8 0 0 9727432 11029816 43278336 140732414425918 140732414426029 140732414426029 140732414427111 0
/proc/16/statm: 4421 3106 1512 723 0 2063 0
[pid=18] ppid=16 vsize=10216 memory=6948 CPUtime=1.43 cores=84-96,102,196-208,214
/proc/18/stat : 18 (bn4rust) R 16 16 0 0 -1 4194304 21493 0 17 0 140 3 0 0 20 0 1 0 53412397 10461184 1737 67087892480 94786559291392 94786561158513 140730062256112 0 0 0 0 4096 1088 0 0 0 17 90 0 0 1 0 0 94786561416576 94786561463512 94786565931008 140730062256897 140730062257046 140730062257046 140730062258145 0
/proc/18/statm: 2554 1737 1094 456 0 715 0
Current children cumulated CPU time: 1.46 s
Current children cumulated vsize: 27900 KiB
Current children cumulated memory: 19372 KiB

[startup+2.00022 s]*
/proc/loadavg: 3.03 5.97 7.93 8/3006 18
/proc/meminfo: memFree=508702188/527542236 swapFree=33533180/33554428
[pid=16] ppid=13 vsize=17684 memory=12424 CPUtime=0.03 cores=84-96,102,196-208,214
/proc/16/stat : 16 (python3) S 13 16 0 0 -1 4194304 1895 0 96 0 2 1 0 0 20 0 1 0 53412384 18108416 3106 67087892480 4194304 7154137 140732414420608 0 0 0 0 16781312 2 1 0 0 17 204 0 0 8 0 0 9727432 11029816 43278336 140732414425918 140732414426029 140732414426029 140732414427111 0
/proc/16/statm: 4421 3106 1512 723 0 2063 0
[pid=18] ppid=16 vsize=9960 memory=6660 CPUtime=1.83 cores=84-96,102,196-208,214
/proc/18/stat : 18 (bn4rust) R 16 16 0 0 -1 4194304 23542 0 17 0 180 3 0 0 20 0 1 0 53412397 10199040 1665 67087892480 94786559291392 94786561158513 140730062256112 0 0 0 0 4096 1088 0 0 0 17 90 0 0 1 0 0 94786561416576 94786561463512 94786565931008 140730062256897 140730062257046 140730062257046 140730062258145 0
/proc/18/statm: 2490 1665 1094 456 0 651 0
Current children cumulated CPU time: 1.86 s
Current children cumulated vsize: 27644 KiB
Current children cumulated memory: 19084 KiB

[startup+2.20022 s]
/proc/loadavg: 3.03 5.97 7.93 8/3006 18
/proc/meminfo: memFree=508702188/527542236 swapFree=33533180/33554428
[pid=16] ppid=13 vsize=17684 memory=12424 CPUtime=0.03 cores=84-96,102,196-208,214
/proc/16/stat : 16 (python3) S 13 16 0 0 -1 4194304 1895 0 96 0 2 1 0 0 20 0 1 0 53412384 18108416 3106 67087892480 4194304 7154137 140732414420608 0 0 0 0 16781312 2 1 0 0 17 204 0 0 8 0 0 9727432 11029816 43278336 140732414425918 140732414426029 140732414426029 140732414427111 0
/proc/16/statm: 4421 3106 1512 723 0 2063 0
[pid=18] ppid=16 vsize=9072 memory=5820 CPUtime=2.03 cores=84-96,102,196-208,214
/proc/18/stat : 18 (bn4rust) R 16 16 0 0 -1 4194304 23680 0 17 0 200 3 0 0 20 0 1 0 53412397 9289728 1455 67087892480 94786559291392 94786561158513 140730062256112 0 0 0 0 4096 1088 0 0 0 17 90 0 0 1 0 0 94786561416576 94786561463512 94786565931008 140730062256897 140730062257046 140730062257046 140730062258145 0
/proc/18/statm: 2268 1455 1094 456 0 429 0
Current children cumulated CPU time: 2.06 s
Current children cumulated vsize: 26756 KiB
Current children cumulated memory: 18244 KiB

Child status: 0
Real time (s): 2.22891
CPU time (s): 2.1119
CPU user time (s): 2.06181
CPU system time (s): 0.050092
CPU usage (%): 94.7503
Max. virtual memory (cumulated for all children) (KiB): 29500
Max. memory (cumulated for all children) (KiB): 20740

getrusage(RUSAGE_CHILDREN,...) data:
user time used= 2.06181
system time used= 0.050092
maximum resident set size= 12608
integral shared memory size= 0
integral unshared data size= 0
integral unshared stack size= 0
page reclaims= 25596
page faults= 115
swaps= 0
block input operations= 19800
block output operations= 0
messages sent= 0
messages received= 0
signals received= 0
voluntary context switches= 1006
involuntary context switches= 10


# summary of solver processes directly reported to runsolver:
#   pid: 16
#   total CPU time (s): 2.1119
#   total CPU user time (s): 2.06181
#   total CPU system time (s): 0.050092

??? join timestamper begins
??? join timestamper ends
??? end of timestamper thread
runsolver used 0.005563 second user time and 0.041736 second system time

The end
