runsolver version 3.4.1 (svn: 3018) Copyright (C) 2010-2013 Olivier ROUSSEL

This program is distributed in the hope that it will be useful,
but WITHOUT ANY WARRANTY; without even the implied warranty of
MERCHANTABILITY or FITNESS FOR A PARTICULAR PURPOSE.  See the
GNU General Public License for more details.

NUMA information:
  number of nodes: 8
  memory of node 0: 63700 MiB (18711 MiB free)
  memory of node 1: 64504 MiB (15502 MiB free)
  memory of node 2: 64504 MiB (63290 MiB free)
  memory of node 3: 64504 MiB (2061 MiB free)
  memory of node 4: 64504 MiB (62539 MiB free)
  memory of node 5: 64504 MiB (22810 MiB free)
  memory of node 6: 64504 MiB (36732 MiB free)
  memory of node 7: 64447 MiB (63060 MiB free)
  node distances:
     10  12  12  12  21  21  21  21
     12  10  12  12  21  21  21  21
     12  12  10  12  21  21  21  21
     12  12  12  10  21  21  21  21
     21  21  21  21  10  12  12  12
     21  21  21  21  12  10  12  12
     21  21  21  21  12  12  10  12
     21  21  21  21  12  12  12  10

command line: /usr/local/bin/runsolver --timestamp -w /output/runsolver-watch.log -v /output/runsolver-values.log -o /output/solver-output.log -C 1800.0 -W 1800.0 -R 64000 /opt/solver/run_bn4rust.py --mode cyber-complement-gfp --instance /input/model_205.bnet 

running on 20 cores: 28-31,36-41,144-153

Enforcing CPUTime limit (soft limit, will send SIGTERM then SIGKILL): 1800 seconds
Enforcing CPUTime limit (hard limit, will send SIGXCPU): 1830 seconds
Enforcing wall clock limit (soft limit, will send SIGTERM then SIGKILL): 1800 seconds
Enforcing RSS+Swap limit (soft limit, will send SIGTERM then SIGKILL): 65536000 KiB
Linux 4.18.0-553.159.1.el8_10.x86_64
Current StackSize limit: 18014398509481983 KiB
solver pid=16, runsolver pid=13


[startup+0.10006 s]*
/proc/loadavg: 24.36 23.78 22.70 29/2772 17
/proc/meminfo: memFree=291533152/527542244 swapFree=3648764/33554428
[pid=16] ppid=13 vsize=15748 memory=9920 CPUtime=0.02 cores=28-41,140-153
/proc/16/stat : 16 (python3) R 13 16 0 0 -1 4194304 1374 0 81 0 2 0 0 0 20 0 1 0 53269334 16125952 2480 67087892480 4194304 7154137 140736477921088 0 0 0 0 16781312 2 0 0 0 17 148 0 0 6 0 0 9727432 11029816 33021952 140736477924173 140736477924269 140736477924269 140736477925351 0
/proc/16/statm: 3937 2480 1379 723 0 1673 0
Current children cumulated CPU time: 0.02 s
Current children cumulated vsize: 15748 KiB
Current children cumulated memory: 9920 KiB

[startup+0.200533 s]*
/proc/loadavg: 24.36 23.78 22.70 24/2773 18
/proc/meminfo: memFree=291561016/527542244 swapFree=3648764/33554428
[pid=16] ppid=13 vsize=17684 memory=12368 CPUtime=0.04 cores=28-41,140-153
/proc/16/stat : 16 (python3) S 13 16 0 0 -1 4194304 1895 0 96 0 3 1 0 0 20 0 1 0 53269334 18108416 3092 67087892480 4194304 7154137 140736477921088 0 0 0 0 16781312 2 1 0 0 17 148 0 0 8 0 0 9727432 11029816 33021952 140736477924173 140736477924269 140736477924269 140736477925351 0
/proc/16/statm: 4421 3092 1498 723 0 2063 0
[pid=18] ppid=16 vsize=8404 memory=5288 CPUtime=0.04 cores=28-41,140-153
/proc/18/stat : 18 (bn4rust) R 16 16 0 0 -1 4194304 441 0 18 0 4 0 0 0 20 0 1 0 53269348 8605696 1322 67087892480 94851425730560 94851427597681 140724894346576 0 0 0 0 4096 1088 0 0 0 17 152 0 0 1 0 0 94851427855744 94851427902680 94851452915712 140724894354192 140724894354326 140724894354326 140724894355425 0
/proc/18/statm: 2101 1322 1101 456 0 262 0
Current children cumulated CPU time: 0.08 s
Current children cumulated vsize: 26088 KiB
Current children cumulated memory: 17656 KiB

[startup+0.300607 s]*
/proc/loadavg: 24.36 23.78 22.70 27/2773 18
/proc/meminfo: memFree=291515888/527542244 swapFree=3648764/33554428
[pid=16] ppid=13 vsize=17684 memory=12368 CPUtime=0.04 cores=28-41,140-153
/proc/16/stat : 16 (python3) S 13 16 0 0 -1 4194304 1895 0 96 0 3 1 0 0 20 0 1 0 53269334 18108416 3092 67087892480 4194304 7154137 140736477921088 0 0 0 0 16781312 2 1 0 0 17 148 0 0 8 0 0 9727432 11029816 33021952 140736477924173 140736477924269 140736477924269 140736477925351 0
/proc/16/statm: 4421 3092 1498 723 0 2063 0
[pid=18] ppid=16 vsize=8696 memory=5444 CPUtime=0.13 cores=28-41,140-153
/proc/18/stat : 18 (bn4rust) R 16 16 0 0 -1 4194304 2155 0 18 0 13 0 0 0 20 0 1 0 53269348 8904704 1361 67087892480 94851425730560 94851427597681 140724894346576 0 0 0 0 4096 1088 0 0 0 17 152 0 0 1 0 0 94851427855744 94851427902680 94851452915712 140724894354192 140724894354326 140724894354326 140724894355425 0
/proc/18/statm: 2174 1361 1101 456 0 335 0
Current children cumulated CPU time: 0.17 s
Current children cumulated vsize: 26380 KiB
Current children cumulated memory: 17812 KiB

[startup+0.700255 s]
/proc/loadavg: 24.36 23.78 22.70 27/2773 18
/proc/meminfo: memFree=291823288/527542244 swapFree=3648764/33554428
[pid=16] ppid=13 vsize=17684 memory=12368 CPUtime=0.04 cores=28-41,140-153
/proc/16/stat : 16 (python3) S 13 16 0 0 -1 4194304 1895 0 96 0 3 1 0 0 20 0 1 0 53269334 18108416 3092 67087892480 4194304 7154137 140736477921088 0 0 0 0 16781312 2 1 0 0 17 148 0 0 8 0 0 9727432 11029816 33021952 140736477924173 140736477924269 140736477924269 140736477925351 0
/proc/16/statm: 4421 3092 1498 723 0 2063 0
[pid=18] ppid=16 vsize=10760 memory=7412 CPUtime=0.53 cores=28-41,140-153
/proc/18/stat : 18 (bn4rust) R 16 16 0 0 -1 4194304 8835 0 18 0 52 1 0 0 20 0 1 0 53269348 11018240 1853 67087892480 94851425730560 94851427597681 140724894346576 0 0 0 0 4096 1088 0 0 0 17 152 0 0 1 0 0 94851427855744 94851427902680 94851452915712 140724894354192 140724894354326 140724894354326 140724894355425 0
/proc/18/statm: 2690 1853 1101 456 0 851 0
Current children cumulated CPU time: 0.57 s
Current children cumulated vsize: 28444 KiB
Current children cumulated memory: 19780 KiB

[startup+1.50029 s]
/proc/loadavg: 24.36 23.78 22.70 23/2773 18
/proc/meminfo: memFree=291619304/527542244 swapFree=3648764/33554428
[pid=16] ppid=13 vsize=17684 memory=12368 CPUtime=0.04 cores=28-41,140-153
/proc/16/stat : 16 (python3) S 13 16 0 0 -1 4194304 1895 0 96 0 3 1 0 0 20 0 1 0 53269334 18108416 3092 67087892480 4194304 7154137 140736477921088 0 0 0 0 16781312 2 1 0 0 17 148 0 0 8 0 0 9727432 11029816 33021952 140736477924173 140736477924269 140736477924269 140736477925351 0
/proc/16/statm: 4421 3092 1498 723 0 2063 0
[pid=18] ppid=16 vsize=13288 memory=10092 CPUtime=1.32 cores=28-41,140-153
/proc/18/stat : 18 (bn4rust) R 16 16 0 0 -1 4194304 22336 0 18 0 130 2 0 0 20 0 1 0 53269348 13606912 2523 67087892480 94851425730560 94851427597681 140724894346576 0 0 0 0 4096 1088 0 0 0 17 152 0 0 1 0 0 94851427855744 94851427902680 94851452915712 140724894354192 140724894354326 140724894354326 140724894355425 0
/proc/18/statm: 3322 2523 1101 456 0 1483 0
Current children cumulated CPU time: 1.36 s
Current children cumulated vsize: 30972 KiB
Current children cumulated memory: 22460 KiB

[startup+3.10048 s]
/proc/loadavg: 24.36 23.78 22.70 17/2773 18
/proc/meminfo: memFree=291368552/527542244 swapFree=3648764/33554428
[pid=16] ppid=13 vsize=17684 memory=12368 CPUtime=0.04 cores=28-41,140-153
/proc/16/stat : 16 (python3) S 13 16 0 0 -1 4194304 1895 0 96 0 3 1 0 0 20 0 1 0 53269334 18108416 3092 67087892480 4194304 7154137 140736477921088 0 0 0 0 16781312 2 1 0 0 17 148 0 0 8 0 0 9727432 11029816 33021952 140736477924173 140736477924269 140736477924269 140736477925351 0
/proc/16/statm: 4421 3092 1498 723 0 2063 0
[pid=18] ppid=16 vsize=16872 memory=13436 CPUtime=2.92 cores=28-41,140-153
/proc/18/stat : 18 (bn4rust) R 16 16 0 0 -1 4194304 50062 0 18 0 285 7 0 0 20 0 1 0 53269348 17276928 3359 67087892480 94851425730560 94851427597681 140724894346576 0 0 0 0 4096 1088 0 0 0 17 152 0 0 1 0 0 94851427855744 94851427902680 94851452915712 140724894354192 140724894354326 140724894354326 140724894355425 0
/proc/18/statm: 4218 3359 1101 456 0 2379 0
Current children cumulated CPU time: 2.96 s
Current children cumulated vsize: 34556 KiB
Current children cumulated memory: 25804 KiB

[startup+6.30026 s]
/proc/loadavg: 24.01 23.72 22.68 20/2773 18
/proc/meminfo: memFree=291447924/527542244 swapFree=3648764/33554428
[pid=16] ppid=13 vsize=17684 memory=12368 CPUtime=0.04 cores=28-41,140-153
/proc/16/stat : 16 (python3) S 13 16 0 0 -1 4194304 1895 0 96 0 3 1 0 0 20 0 1 0 53269334 18108416 3092 67087892480 4194304 7154137 140736477921088 0 0 0 0 16781312 2 1 0 0 17 148 0 0 8 0 0 9727432 11029816 33021952 140736477924173 140736477924269 140736477924269 140736477925351 0
/proc/16/statm: 4421 3092 1498 723 0 2063 0
[pid=18] ppid=16 vsize=16168 memory=12740 CPUtime=6.1 cores=28-41,140-153
/proc/18/stat : 18 (bn4rust) R 16 16 0 0 -1 4194304 73501 0 18 0 599 11 0 0 20 0 1 0 53269348 16556032 3185 67087892480 94851425730560 94851427597681 140724894346576 0 0 0 0 4096 1088 0 0 0 17 152 0 0 1 0 0 94851427855744 94851427902680 94851452915712 140724894354192 140724894354326 140724894354326 140724894355425 0
/proc/18/statm: 4042 3185 1101 456 0 2203 0
Current children cumulated CPU time: 6.14 s
Current children cumulated vsize: 33852 KiB
Current children cumulated memory: 25108 KiB

[startup+8.45969 s]
# the end of solver process 16 was just reported to runsolver
# cumulated CPU time of all completed processes:  user=8.17055 s, system=0.142372 s

Solver just ended.
??? end of watcher thread
Dumping a history of the last processes samples

[startup+6.40035 s]
/proc/loadavg: 24.01 23.72 22.68 20/2773 18
/proc/meminfo: memFree=291447924/527542244 swapFree=3648764/33554428
[pid=16] ppid=13 vsize=17684 memory=12368 CPUtime=0.04 cores=28-41,140-153
/proc/16/stat : 16 (python3) S 13 16 0 0 -1 4194304 1895 0 96 0 3 1 0 0 20 0 1 0 53269334 18108416 3092 67087892480 4194304 7154137 140736477921088 0 0 0 0 16781312 2 1 0 0 17 148 0 0 8 0 0 9727432 11029816 33021952 140736477924173 140736477924269 140736477924269 140736477925351 0
/proc/16/statm: 4421 3092 1498 723 0 2063 0
[pid=18] ppid=16 vsize=18280 memory=14852 CPUtime=6.2 cores=28-41,140-153
/proc/18/stat : 18 (bn4rust) R 16 16 0 0 -1 4194304 73972 0 18 0 609 11 0 0 20 0 1 0 53269348 18718720 3713 67087892480 94851425730560 94851427597681 140724894346576 0 0 0 0 4096 1088 0 0 0 17 152 0 0 1 0 0 94851427855744 94851427902680 94851452915712 140724894354192 140724894354326 140724894354326 140724894355425 0
/proc/18/statm: 4570 3713 1101 456 0 2731 0
Current children cumulated CPU time: 6.24 s
Current children cumulated vsize: 35964 KiB
Current children cumulated memory: 27220 KiB

[startup+7.20014 s]
/proc/loadavg: 24.01 23.72 22.68 21/2773 18
/proc/meminfo: memFree=292412604/527542244 swapFree=3648764/33554428
[pid=16] ppid=13 vsize=17684 memory=12368 CPUtime=0.04 cores=28-41,140-153
/proc/16/stat : 16 (python3) S 13 16 0 0 -1 4194304 1895 0 96 0 3 1 0 0 20 0 1 0 53269334 18108416 3092 67087892480 4194304 7154137 140736477921088 0 0 0 0 16781312 2 1 0 0 17 148 0 0 8 0 0 9727432 11029816 33021952 140736477924173 140736477924269 140736477924269 140736477925351 0
/proc/16/statm: 4421 3092 1498 723 0 2063 0
[pid=18] ppid=16 vsize=13608 memory=10188 CPUtime=7 cores=28-41,140-153
/proc/18/stat : 18 (bn4rust) R 16 16 0 0 -1 4194304 78102 0 18 0 688 12 0 0 20 0 1 0 53269348 13934592 2547 67087892480 94851425730560 94851427597681 140724894346576 0 0 0 0 4096 1088 0 0 0 17 152 0 0 1 0 0 94851427855744 94851427902680 94851452915712 140724894354192 140724894354326 140724894354326 140724894355425 0
/proc/18/statm: 3402 2547 1101 456 0 1563 0
Current children cumulated CPU time: 7.04 s
Current children cumulated vsize: 31292 KiB
Current children cumulated memory: 22556 KiB

[startup+8.00015 s]*
/proc/loadavg: 24.01 23.72 22.68 24/2773 18
/proc/meminfo: memFree=292681432/527542244 swapFree=3648764/33554428
[pid=16] ppid=13 vsize=17684 memory=12368 CPUtime=0.04 cores=28-41,140-153
/proc/16/stat : 16 (python3) S 13 16 0 0 -1 4194304 1895 0 96 0 3 1 0 0 20 0 1 0 53269334 18108416 3092 67087892480 4194304 7154137 140736477921088 0 0 0 0 16781312 2 1 0 0 17 148 0 0 8 0 0 9727432 11029816 33021952 140736477924173 140736477924269 140736477924269 140736477925351 0
/proc/16/statm: 4421 3092 1498 723 0 2063 0
[pid=18] ppid=16 vsize=16264 memory=12828 CPUtime=7.8 cores=28-41,140-153
/proc/18/stat : 18 (bn4rust) R 16 16 0 0 -1 4194304 78766 0 18 0 768 12 0 0 20 0 1 0 53269348 16654336 3207 67087892480 94851425730560 94851427597681 140724894346576 0 0 0 0 4096 1088 0 0 0 17 152 0 0 1 0 0 94851427855744 94851427902680 94851452915712 140724894354192 140724894354326 140724894354326 140724894355425 0
/proc/18/statm: 4066 3207 1101 456 0 2227 0
Current children cumulated CPU time: 7.84 s
Current children cumulated vsize: 33948 KiB
Current children cumulated memory: 25196 KiB

[startup+8.40026 s]
/proc/loadavg: 24.01 23.72 22.68 24/2773 18
/proc/meminfo: memFree=292681432/527542244 swapFree=3648764/33554428
[pid=16] ppid=13 vsize=17684 memory=12368 CPUtime=0.04 cores=28-41,140-153
/proc/16/stat : 16 (python3) S 13 16 0 0 -1 4194304 1895 0 96 0 3 1 0 0 20 0 1 0 53269334 18108416 3092 67087892480 4194304 7154137 140736477921088 0 0 0 0 16781312 2 1 0 0 17 148 0 0 8 0 0 9727432 11029816 33021952 140736477924173 140736477924269 140736477924269 140736477925351 0
/proc/16/statm: 4421 3092 1498 723 0 2063 0
[pid=18] ppid=16 vsize=16264 memory=12828 CPUtime=8.2 cores=28-41,140-153
/proc/18/stat : 18 (bn4rust) R 16 16 0 0 -1 4194304 78766 0 18 0 808 12 0 0 20 0 1 0 53269348 16654336 3207 67087892480 94851425730560 94851427597681 140724894346576 0 0 0 0 4096 1088 0 0 0 17 152 0 0 1 0 0 94851427855744 94851427902680 94851452915712 140724894354192 140724894354326 140724894354326 140724894355425 0
/proc/18/statm: 4066 3207 1101 456 0 2227 0
Current children cumulated CPU time: 8.24 s
Current children cumulated vsize: 33948 KiB
Current children cumulated memory: 25196 KiB

Child status: 0
Real time (s): 8.45972
CPU time (s): 8.31293
CPU user time (s): 8.17055
CPU system time (s): 0.142372
CPU usage (%): 98.2648
Max. virtual memory (cumulated for all children) (KiB): 40700
Max. memory (cumulated for all children) (KiB): 31584

getrusage(RUSAGE_CHILDREN,...) data:
user time used= 8.17055
system time used= 0.142372
maximum resident set size= 20232
integral shared memory size= 0
integral unshared data size= 0
integral unshared stack size= 0
page reclaims= 80683
page faults= 116
swaps= 0
block input operations= 19800
block output operations= 8
messages sent= 0
messages received= 0
signals received= 0
voluntary context switches= 1014
involuntary context switches= 21


# summary of solver processes directly reported to runsolver:
#   pid: 16
#   total CPU time (s): 8.31293
#   total CPU user time (s): 8.17055
#   total CPU system time (s): 0.142372

??? join timestamper begins
??? join timestamper ends
??? end of timestamper thread
runsolver used 0.005352 second user time and 0.015312 second system time

The end
