# WCTIME: wall clock time in seconds
WCTIME=1.64734
# CPUTIME: CPU time in seconds (USERTIME+SYSTEMTIME)
CPUTIME=0.926406
# USERTIME: CPU time spent in user mode in seconds
USERTIME=0.809031
# SYSTEMTIME: CPU time spent in system mode in seconds
SYSTEMTIME=0.117375
# CPUUSAGE: CPUTIME/WCTIME in percent
CPUUSAGE=56.2363
# MAXVM: maximum virtual memory used in KiB
MAXVM=224948
# MAXMM: maximum memory used in KiB
MAXMM=71016
# MAXRSS: maximum Resident Segment Size in KiB
MAXRSS=71016
# TIMEOUT: did the solver exceed the time limit?
TIMEOUT=false
# MEMOUT: did the solver exceed the memory limit?
MEMOUT=false
# EXITSTATUS: Exit status of the solver
EXITSTATUS=0
