runsolver version 3.4.1 (svn: 3018) Copyright (C) 2010-2013 Olivier ROUSSEL

This program is distributed in the hope that it will be useful,
but WITHOUT ANY WARRANTY; without even the implied warranty of
MERCHANTABILITY or FITNESS FOR A PARTICULAR PURPOSE.  See the
GNU General Public License for more details.

NUMA information:
  number of nodes: 8
  memory of node 0: 63657 MiB (62283 MiB free)
  memory of node 1: 64504 MiB (63265 MiB free)
  memory of node 2: 64504 MiB (64002 MiB free)
  memory of node 3: 64504 MiB (63036 MiB free)
  memory of node 4: 64504 MiB (63747 MiB free)
  memory of node 5: 64504 MiB (61876 MiB free)
  memory of node 6: 64504 MiB (63176 MiB free)
  memory of node 7: 64491 MiB (63505 MiB free)
  node distances:
     10  12  12  12  21  21  21  21
     12  10  12  12  21  21  21  21
     12  12  10  12  21  21  21  21
     12  12  12  10  21  21  21  21
     21  21  21  21  10  12  12  12
     21  21  21  21  12  10  12  12
     21  21  21  21  12  12  10  12
     21  21  21  21  12  12  12  10

command line: /usr/local/bin/runsolver --timestamp -w /output/runsolver-watch.log -v /output/runsolver-values.log -o /output/solver-output.log -C 1800.0 -W 1800.0 -R 64000 /opt/solver/run_bn4rust.py --mode cyber-complement-gfp-plus-immutable --instance /input/model_136.bnet 

running on 16 cores: 0-13,124-125

Enforcing CPUTime limit (soft limit, will send SIGTERM then SIGKILL): 1800 seconds
Enforcing CPUTime limit (hard limit, will send SIGXCPU): 1830 seconds
Enforcing wall clock limit (soft limit, will send SIGTERM then SIGKILL): 1800 seconds
Enforcing RSS+Swap limit (soft limit, will send SIGTERM then SIGKILL): 65536000 KiB
Linux 4.18.0-553.159.1.el8_10.x86_64
Current StackSize limit: 18014398509481983 KiB

solver pid=16, runsolver pid=13

[startup+0.100071 s]*
/proc/loadavg: 2.75 9.97 17.34 8/2902 17
/proc/meminfo: memFree=517103232/527542224 swapFree=33554428/33554428
[pid=16] ppid=13 vsize=15800 memory=10172 CPUtime=0.02 cores=0-13,112-125
/proc/16/stat : 16 (python3) D 13 16 0 0 -1 4194304 1400 0 84 0 1 1 0 0 20 0 1 0 53412736 16179200 2543 67087892480 4194304 7154137 140728205255392 0 0 0 0 16781312 2 0 0 0 17 122 0 0 6 0 0 9727432 11029816 13172736 140728205257534 140728205257645 140728205257645 140728205258727 0
/proc/16/statm: 3950 2543 1408 723 0 1674 0
Current children cumulated CPU time: 0.02 s
Current children cumulated vsize: 15800 KiB
Current children cumulated memory: 10172 KiB

[startup+0.200653 s]*
/proc/loadavg: 2.75 9.97 17.34 9/2914 18
/proc/meminfo: memFree=517056492/527542224 swapFree=33554428/33554428
[pid=16] ppid=13 vsize=17684 memory=12480 CPUtime=0.04 cores=0-13,112-125
/proc/16/stat : 16 (python3) S 13 16 0 0 -1 4194304 1897 0 96 0 3 1 0 0 20 0 1 0 53412736 18108416 3120 67087892480 4194304 7154137 140728205255392 0 0 0 0 16781312 2 1 0 0 17 122 0 0 8 0 0 9727432 11029816 13172736 140728205257534 140728205257645 140728205257645 140728205258727 0
/proc/16/statm: 4421 3120 1526 723 0 2063 0
[pid=18] ppid=16 vsize=7772 memory=2060 CPUtime=0 cores=0-13,112-125
/proc/18/stat : 18 (bn4rust) I 16 16 0 0 -1 4194304 137 0 12 0 0 0 0 0 20 0 1 0 53412749 7958528 515 67087892480 94899292385280 94899294252401 140735366128480 0 0 0 0 4096 1088 0 0 0 17 118 0 0 1 0 0 94899294510464 94899294557400 94899328106496 140735366130433 140735366130582 140735366130582 140735366131681 0
/proc/18/statm: 1943 515 461 456 0 104 0
Current children cumulated CPU time: 0.04 s
Current children cumulated vsize: 25456 KiB
Current children cumulated memory: 14540 KiB

[startup+0.300482 s]*
/proc/loadavg: 2.75 9.97 17.34 8/2914 18
/proc/meminfo: memFree=517063948/527542224 swapFree=33554428/33554428
[pid=16] ppid=13 vsize=17684 memory=12480 CPUtime=0.04 cores=0-13,112-125
/proc/16/stat : 16 (python3) S 13 16 0 0 -1 4194304 1900 0 96 0 3 1 0 0 20 0 1 0 53412736 18108416 3120 67087892480 4194304 7154137 140728205255392 0 0 0 0 16781312 2 1 0 0 17 122 0 0 8 0 0 9727432 11029816 13172736 140728205257534 140728205257645 140728205257645 140728205258727 0
/proc/16/statm: 4421 3120 1526 723 0 2063 0
[pid=18] ppid=16 vsize=8088 memory=5036 CPUtime=0.09 cores=0-13,112-125
/proc/18/stat : 18 (bn4rust) R 16 16 0 0 -1 4194304 524 0 17 0 9 0 0 0 20 0 1 0 53412749 8282112 1259 67087892480 94899292385280 94899294252401 140735366128480 0 0 0 0 4096 1088 0 0 0 17 118 0 0 1 0 0 94899294510464 94899294557400 94899328106496 140735366130433 140735366130582 140735366130582 140735366131681 0
/proc/18/statm: 2022 1259 1105 456 0 183 0
Current children cumulated CPU time: 0.13 s
Current children cumulated vsize: 25772 KiB
Current children cumulated memory: 17516 KiB

[startup+0.336733 s]
# the end of solver process 16 was just reported to runsolver
# cumulated CPU time of all completed processes:  user=0.161645 s, system=0.017377 s

Solver just ended.
??? end of watcher thread
Dumping a history of the last processes samples

[startup+0.300482 s]*
/proc/loadavg: 2.75 9.97 17.34 8/2914 18
/proc/meminfo: memFree=517063948/527542224 swapFree=33554428/33554428
[pid=16] ppid=13 vsize=17684 memory=12480 CPUtime=0.04 cores=0-13,112-125
/proc/16/stat : 16 (python3) S 13 16 0 0 -1 4194304 1900 0 96 0 3 1 0 0 20 0 1 0 53412736 18108416 3120 67087892480 4194304 7154137 140728205255392 0 0 0 0 16781312 2 1 0 0 17 122 0 0 8 0 0 9727432 11029816 13172736 140728205257534 140728205257645 140728205257645 140728205258727 0
/proc/16/statm: 4421 3120 1526 723 0 2063 0
[pid=18] ppid=16 vsize=8088 memory=5036 CPUtime=0.09 cores=0-13,112-125
/proc/18/stat : 18 (bn4rust) R 16 16 0 0 -1 4194304 524 0 17 0 9 0 0 0 20 0 1 0 53412749 8282112 1259 67087892480 94899292385280 94899294252401 140735366128480 0 0 0 0 4096 1088 0 0 0 17 118 0 0 1 0 0 94899294510464 94899294557400 94899328106496 140735366130433 140735366130582 140735366130582 140735366131681 0
/proc/18/statm: 2022 1259 1105 456 0 183 0
Current children cumulated CPU time: 0.13 s
Current children cumulated vsize: 25772 KiB
Current children cumulated memory: 17516 KiB

Child status: 0
Real time (s): 0.336742
CPU time (s): 0.179022
CPU user time (s): 0.161645
CPU system time (s): 0.017377
CPU usage (%): 53.163
Max. virtual memory (cumulated for all children) (KiB): 25772
Max. memory (cumulated for all children) (KiB): 17516

getrusage(RUSAGE_CHILDREN,...) data:
user time used= 0.161645
system time used= 0.017377
maximum resident set size= 12648
integral shared memory size= 0
integral unshared data size= 0
integral unshared stack size= 0
page reclaims= 2446
page faults= 115
swaps= 0
block input operations= 19800
block output operations= 0
messages sent= 0
messages received= 0
signals received= 0
voluntary context switches= 995
involuntary context switches= 1


# summary of solver processes directly reported to runsolver:
#   pid: 16
#   total CPU time (s): 0.179022
#   total CPU user time (s): 0.161645
#   total CPU system time (s): 0.017377

??? join timestamper begins
??? join timestamper ends
??? end of timestamper thread
runsolver used 0 second user time and 0.006734 second system time

The end
