# WCTIME: wall clock time in seconds
WCTIME=0.435498
# CPUTIME: CPU time in seconds (USERTIME+SYSTEMTIME)
CPUTIME=0.25617
# USERTIME: CPU time spent in user mode in seconds
USERTIME=0.231667
# SYSTEMTIME: CPU time spent in system mode in seconds
SYSTEMTIME=0.024503
# CPUUSAGE: CPUTIME/WCTIME in percent
CPUUSAGE=58.8223
# MAXVM: maximum virtual memory used in KiB
MAXVM=25708
# MAXMM: maximum memory used in KiB
MAXMM=17348
# MAXRSS: maximum Resident Segment Size in KiB
MAXRSS=12632
# TIMEOUT: did the solver exceed the time limit?
TIMEOUT=false
# MEMOUT: did the solver exceed the memory limit?
MEMOUT=false
# EXITSTATUS: Exit status of the solver
EXITSTATUS=0
