# WCTIME: wall clock time in seconds
WCTIME=0.19088
# CPUTIME: CPU time in seconds (USERTIME+SYSTEMTIME)
CPUTIME=0.056212
# USERTIME: CPU time spent in user mode in seconds
USERTIME=0.036351
# SYSTEMTIME: CPU time spent in system mode in seconds
SYSTEMTIME=0.019861
# CPUUSAGE: CPUTIME/WCTIME in percent
CPUUSAGE=29.4489
# MAXVM: maximum virtual memory used in KiB
MAXVM=15800
# MAXMM: maximum memory used in KiB
MAXMM=10116
# MAXRSS: maximum Resident Segment Size in KiB
MAXRSS=12588
# TIMEOUT: did the solver exceed the time limit?
TIMEOUT=false
# MEMOUT: did the solver exceed the memory limit?
MEMOUT=false
# EXITSTATUS: Exit status of the solver
EXITSTATUS=0
