runsolver version 3.4.1 (svn: 3018) Copyright (C) 2010-2013 Olivier ROUSSEL

This program is distributed in the hope that it will be useful,
but WITHOUT ANY WARRANTY; without even the implied warranty of
MERCHANTABILITY or FITNESS FOR A PARTICULAR PURPOSE.  See the
GNU General Public License for more details.

NUMA information:
  number of nodes: 8
  memory of node 0: 63700 MiB (59377 MiB free)
  memory of node 1: 64504 MiB (62339 MiB free)
  memory of node 2: 64461 MiB (57113 MiB free)
  memory of node 3: 64504 MiB (58537 MiB free)
  memory of node 4: 64504 MiB (63369 MiB free)
  memory of node 5: 64504 MiB (56621 MiB free)
  memory of node 6: 64504 MiB (57798 MiB free)
  memory of node 7: 64491 MiB (56080 MiB free)
  node distances:
     10  12  12  12  21  21  21  21
     12  10  12  12  21  21  21  21
     12  12  10  12  21  21  21  21
     12  12  12  10  21  21  21  21
     21  21  21  21  10  12  12  12
     21  21  21  21  12  10  12  12
     21  21  21  21  12  12  10  12
     21  21  21  21  12  12  12  10

command line: /usr/local/bin/runsolver --timestamp -w /output/runsolver-watch.log -v /output/runsolver-values.log -o /output/solver-output.log -C 1800.0 -W 1800.0 -R 64000 /opt/solver/run_bn4rust.py --mode cyber-complement-gfp --instance /input/model_161.bnet 

running on 26 cores: 47-55,159-167,182-186,72-74

Enforcing CPUTime limit (soft limit, will send SIGTERM then SIGKILL): 1800 seconds
Enforcing CPUTime limit (hard limit, will send SIGXCPU): 1830 seconds
Enforcing wall clock limit (soft limit, will send SIGTERM then SIGKILL): 1800 seconds
Enforcing RSS+Swap limit (soft limit, will send SIGTERM then SIGKILL): 65536000 KiB
Linux 4.18.0-553.159.1.el8_10.x86_64
solver pid=16, runsolver pid=13
Current StackSize limit: 18014398509481983 KiB


[startup+0.100189 s]*
/proc/loadavg: 36.13 34.74 34.27 38/2862 17
/proc/meminfo: memFree=482522764/527542196 swapFree=33554172/33554428
[pid=16] ppid=13 vsize=15800 memory=10104 CPUtime=0.02 cores=47-55,70-74,159-167,182-186
/proc/16/stat : 16 (python3) D 13 16 0 0 -1 4194304 1392 0 84 0 2 0 0 0 20 0 1 0 53255372 16179200 2526 67087892480 4194304 7154137 140733606055952 0 0 0 0 16781312 2 0 0 0 17 160 0 0 6 0 0 9727432 11029816 27746304 140733606062925 140733606063021 140733606063021 140733606064103 0
/proc/16/statm: 3950 2526 1392 723 0 1674 0
Current children cumulated CPU time: 0.02 s
Current children cumulated vsize: 15800 KiB
Current children cumulated memory: 10104 KiB

[startup+0.200647 s]*
/proc/loadavg: 36.13 34.74 34.27 39/2863 18
/proc/meminfo: memFree=482914712/527542196 swapFree=33554172/33554428
[pid=16] ppid=13 vsize=17684 memory=12420 CPUtime=0.03 cores=47-55,70-74,159-167,182-186
/proc/16/stat : 16 (python3) S 13 16 0 0 -1 4194304 1892 0 96 0 3 0 0 0 20 0 1 0 53255372 18108416 3105 67087892480 4194304 7154137 140733606055952 0 0 0 0 16781312 2 1 0 0 17 160 0 0 8 0 0 9727432 11029816 27746304 140733606062925 140733606063021 140733606063021 140733606064103 0
/proc/16/statm: 4421 3105 1511 723 0 2063 0
[pid=18] ppid=16 vsize=14720 memory=10972 CPUtime=0.03 cores=47-55,70-74,159-167,182-186
/proc/18/stat : 18 (bn4rust) R 16 16 0 0 -1 4194304 3630 0 18 0 3 0 0 0 20 0 1 0 53255386 15073280 2743 67087892480 94686221606912 94686223474033 140726160968912 0 0 0 0 4096 1088 0 0 0 17 47 0 0 1 0 0 94686223732096 94686223779032 94686252933120 140726160976656 140726160976790 140726160976790 140726160977889 0
/proc/18/statm: 3680 2743 1097 456 0 1841 0
Current children cumulated CPU time: 0.06 s
Current children cumulated vsize: 32404 KiB
Current children cumulated memory: 23392 KiB

[startup+0.300514 s]*
/proc/loadavg: 36.13 34.74 34.27 38/2863 18
/proc/meminfo: memFree=482902992/527542196 swapFree=33554172/33554428
[pid=16] ppid=13 vsize=17684 memory=12420 CPUtime=0.03 cores=47-55,70-74,159-167,182-186
/proc/16/stat : 16 (python3) S 13 16 0 0 -1 4194304 1892 0 96 0 3 0 0 0 20 0 1 0 53255372 18108416 3105 67087892480 4194304 7154137 140733606055952 0 0 0 0 16781312 2 1 0 0 17 160 0 0 8 0 0 9727432 11029816 27746304 140733606062925 140733606063021 140733606063021 140733606064103 0
/proc/16/statm: 4421 3105 1511 723 0 2063 0
[pid=18] ppid=16 vsize=23448 memory=19372 CPUtime=0.14 cores=47-55,70-74,159-167,182-186
/proc/18/stat : 18 (bn4rust) R 16 16 0 0 -1 4194304 5547 0 18 0 13 1 0 0 20 0 1 0 53255386 24010752 4843 67087892480 94686221606912 94686223474033 140726160968912 0 0 0 0 4096 1088 0 0 0 17 47 0 0 1 0 0 94686223732096 94686223779032 94686252933120 140726160976656 140726160976790 140726160976790 140726160977889 0
/proc/18/statm: 5862 4843 1097 456 0 4023 0
Current children cumulated CPU time: 0.17 s
Current children cumulated vsize: 41132 KiB
Current children cumulated memory: 31792 KiB

[startup+0.700282 s]
/proc/loadavg: 36.13 34.74 34.27 38/2863 18
/proc/meminfo: memFree=482595040/527542196 swapFree=33554172/33554428
[pid=16] ppid=13 vsize=17684 memory=12420 CPUtime=0.03 cores=47-55,70-74,159-167,182-186
/proc/16/stat : 16 (python3) S 13 16 0 0 -1 4194304 1892 0 96 0 3 0 0 0 20 0 1 0 53255372 18108416 3105 67087892480 4194304 7154137 140733606055952 0 0 0 0 16781312 2 1 0 0 17 160 0 0 8 0 0 9727432 11029816 27746304 140733606062925 140733606063021 140733606063021 140733606064103 0
/proc/16/statm: 4421 3105 1511 723 0 2063 0
[pid=18] ppid=16 vsize=58264 memory=55056 CPUtime=0.53 cores=47-55,70-74,159-167,182-186
/proc/18/stat : 18 (bn4rust) R 16 16 0 0 -1 4194304 11225 0 18 0 51 2 0 0 20 0 1 0 53255386 59662336 13764 67087892480 94686221606912 94686223474033 140726160968912 0 0 0 0 4096 1088 0 0 0 17 47 0 0 1 0 0 94686223732096 94686223779032 94686252933120 140726160976656 140726160976790 140726160976790 140726160977889 0
/proc/18/statm: 14566 13764 1097 456 0 12727 0
Current children cumulated CPU time: 0.56 s
Current children cumulated vsize: 75948 KiB
Current children cumulated memory: 67476 KiB

[startup+1.50024 s]
/proc/loadavg: 36.13 34.74 34.27 39/2863 18
/proc/meminfo: memFree=482599720/527542196 swapFree=33554172/33554428
[pid=16] ppid=13 vsize=17684 memory=12420 CPUtime=0.03 cores=47-55,70-74,159-167,182-186
/proc/16/stat : 16 (python3) S 13 16 0 0 -1 4194304 1892 0 96 0 3 0 0 0 20 0 1 0 53255372 18108416 3105 67087892480 4194304 7154137 140733606055952 0 0 0 0 16781312 2 1 0 0 17 160 0 0 8 0 0 9727432 11029816 27746304 140733606062925 140733606063021 140733606063021 140733606064103 0
/proc/16/statm: 4421 3105 1511 723 0 2063 0
[pid=18] ppid=16 vsize=74528 memory=67676 CPUtime=1.33 cores=47-55,70-74,159-167,182-186
/proc/18/stat : 18 (bn4rust) R 16 16 0 0 -1 4194304 15458 0 18 0 129 4 0 0 20 0 1 0 53255386 76316672 16919 67087892480 94686221606912 94686223474033 140726160968912 0 0 0 0 4096 1088 0 0 0 17 47 0 0 1 0 0 94686223732096 94686223779032 94686252933120 140726160976656 140726160976790 140726160976790 140726160977889 0
/proc/18/statm: 18632 16919 1097 456 0 16793 0
Current children cumulated CPU time: 1.36 s
Current children cumulated vsize: 92212 KiB
Current children cumulated memory: 80096 KiB

[startup+3.10045 s]
/proc/loadavg: 36.20 34.78 34.29 38/2863 18
/proc/meminfo: memFree=482971776/527542196 swapFree=33554172/33554428
[pid=16] ppid=13 vsize=17684 memory=12420 CPUtime=0.03 cores=47-55,70-74,159-167,182-186
/proc/16/stat : 16 (python3) S 13 16 0 0 -1 4194304 1892 0 96 0 3 0 0 0 20 0 1 0 53255372 18108416 3105 67087892480 4194304 7154137 140733606055952 0 0 0 0 16781312 2 1 0 0 17 160 0 0 8 0 0 9727432 11029816 27746304 140733606062925 140733606063021 140733606063021 140733606064103 0
/proc/16/statm: 4421 3105 1511 723 0 2063 0
[pid=18] ppid=16 vsize=30128 memory=26772 CPUtime=2.92 cores=47-55,70-74,159-167,182-186
/proc/18/stat : 18 (bn4rust) R 16 16 0 0 -1 4194304 17467 0 18 0 288 4 0 0 20 0 1 0 53255386 30851072 6693 67087892480 94686221606912 94686223474033 140726160968912 0 0 0 0 4096 1088 0 0 0 17 47 0 0 1 0 0 94686223732096 94686223779032 94686252933120 140726160976656 140726160976790 140726160976790 140726160977889 0
/proc/18/statm: 7532 6693 1099 456 0 5693 0
Current children cumulated CPU time: 2.95 s
Current children cumulated vsize: 47812 KiB
Current children cumulated memory: 39192 KiB

[startup+6.30024 s]
/proc/loadavg: 36.20 34.78 34.29 39/2863 18
/proc/meminfo: memFree=482738760/527542196 swapFree=33554172/33554428
[pid=16] ppid=13 vsize=17684 memory=12420 CPUtime=0.03 cores=47-55,70-74,159-167,182-186
/proc/16/stat : 16 (python3) S 13 16 0 0 -1 4194304 1892 0 96 0 3 0 0 0 20 0 1 0 53255372 18108416 3105 67087892480 4194304 7154137 140733606055952 0 0 0 0 16781312 2 1 0 0 17 160 0 0 8 0 0 9727432 11029816 27746304 140733606062925 140733606063021 140733606063021 140733606064103 0
/proc/16/statm: 4421 3105 1511 723 0 2063 0
[pid=18] ppid=16 vsize=75748 memory=72428 CPUtime=6.11 cores=47-55,70-74,159-167,182-186
/proc/18/stat : 18 (bn4rust) R 16 16 0 0 -1 4194304 23310 0 18 0 605 6 0 0 20 0 1 0 53255386 77565952 18107 67087892480 94686221606912 94686223474033 140726160968912 0 0 0 0 4096 1088 0 0 0 17 47 0 0 1 0 0 94686223732096 94686223779032 94686252933120 140726160976656 140726160976790 140726160976790 140726160977889 0
/proc/18/statm: 18937 18107 1099 456 0 17098 0
Current children cumulated CPU time: 6.14 s
Current children cumulated vsize: 93432 KiB
Current children cumulated memory: 84848 KiB

[startup+12.7002 s]
/proc/loadavg: 36.27 34.82 34.30 39/2861 18
/proc/meminfo: memFree=482069296/527542196 swapFree=33554172/33554428
[pid=16] ppid=13 vsize=17684 memory=12420 CPUtime=0.03 cores=47-55,70-74,159-167,182-186
/proc/16/stat : 16 (python3) S 13 16 0 0 -1 4194304 1892 0 96 0 3 0 0 0 20 0 1 0 53255372 18108416 3105 67087892480 4194304 7154137 140733606055952 0 0 0 0 16781312 2 1 0 0 17 160 0 0 8 0 0 9727432 11029816 27746304 140733606062925 140733606063021 140733606063021 140733606064103 0
/proc/16/statm: 4421 3105 1511 723 0 2063 0
[pid=18] ppid=16 vsize=95948 memory=82028 CPUtime=12.48 cores=47-55,70-74,159-167,182-186
/proc/18/stat : 18 (bn4rust) R 16 16 0 0 -1 4194304 35756 0 18 0 1238 10 0 0 20 0 1 0 53255386 98250752 20507 67087892480 94686221606912 94686223474033 140726160968912 0 0 0 0 4096 1088 0 0 0 17 47 0 0 1 0 0 94686223732096 94686223779032 94686252933120 140726160976656 140726160976790 140726160976790 140726160977889 0
/proc/18/statm: 23987 20507 1099 456 0 22148 0
Current children cumulated CPU time: 12.51 s
Current children cumulated vsize: 113632 KiB
Current children cumulated memory: 94448 KiB

[startup+25.5002 s]
/proc/loadavg: 36.43 34.93 34.35 38/2864 18
/proc/meminfo: memFree=481621476/527542196 swapFree=33554172/33554428
[pid=16] ppid=13 vsize=17684 memory=12420 CPUtime=0.03 cores=47-55,70-74,159-167,182-186
/proc/16/stat : 16 (python3) S 13 16 0 0 -1 4194304 1893 0 96 0 3 0 0 0 20 0 1 0 53255372 18108416 3105 67087892480 4194304 7154137 140733606055952 0 0 0 0 16781312 2 1 0 0 17 160 0 0 8 0 0 9727432 11029816 27746304 140733606062925 140733606063021 140733606063021 140733606064103 0
/proc/16/statm: 4421 3105 1511 723 0 2063 0
[pid=18] ppid=16 vsize=81732 memory=73708 CPUtime=25.23 cores=47-55,70-74,159-167,182-186
/proc/18/stat : 18 (bn4rust) R 16 16 0 0 -1 4194304 62351 0 18 0 2503 20 0 0 20 0 1 0 53255386 83693568 18427 67087892480 94686221606912 94686223474033 140726160968912 0 0 0 0 4096 1088 0 0 0 17 53 0 0 1 0 0 94686223732096 94686223779032 94686252933120 140726160976656 140726160976790 140726160976790 140726160977889 0
/proc/18/statm: 20433 18427 1099 456 0 18594 0
Current children cumulated CPU time: 25.26 s
Current children cumulated vsize: 99416 KiB
Current children cumulated memory: 86128 KiB

[startup+51.1004 s]
/proc/loadavg: 36.85 35.14 34.43 38/2862 18
/proc/meminfo: memFree=478993644/527542196 swapFree=33554172/33554428
[pid=16] ppid=13 vsize=17684 memory=12420 CPUtime=0.03 cores=47-55,70-74,159-167,182-186
/proc/16/stat : 16 (python3) S 13 16 0 0 -1 4194304 1893 0 96 0 3 0 0 0 20 0 1 0 53255372 18108416 3105 67087892480 4194304 7154137 140733606055952 0 0 0 0 16781312 2 1 0 0 17 160 0 0 8 0 0 9727432 11029816 27746304 140733606062925 140733606063021 140733606063021 140733606064103 0
/proc/16/statm: 4421 3105 1511 723 0 2063 0
[pid=18] ppid=16 vsize=86792 memory=80648 CPUtime=50.71 cores=47-55,70-74,159-167,182-186
/proc/18/stat : 18 (bn4rust) R 16 16 0 0 -1 4194304 123931 0 18 0 5027 44 0 0 20 0 1 0 53255386 88875008 20162 67087892480 94686221606912 94686223474033 140726160968912 0 0 0 0 4096 1088 0 0 0 17 53 0 0 1 0 0 94686223732096 94686223779032 94686252933120 140726160976656 140726160976790 140726160976790 140726160977889 0
/proc/18/statm: 21698 20162 1099 456 0 19859 0
Current children cumulated CPU time: 50.74 s
Current children cumulated vsize: 104476 KiB
Current children cumulated memory: 93068 KiB

[startup+102.3 s]
/proc/loadavg: 37.50 35.59 34.62 38/2831 18
/proc/meminfo: memFree=478897092/527542196 swapFree=33554172/33554428
[pid=16] ppid=13 vsize=17684 memory=12420 CPUtime=0.03 cores=47-55,70-74,159-167,182-186
/proc/16/stat : 16 (python3) S 13 16 0 0 -1 4194304 1893 0 96 0 3 0 0 0 20 0 1 0 53255372 18108416 3105 67087892480 4194304 7154137 140733606055952 0 0 0 0 16781312 2 1 0 0 17 160 0 0 8 0 0 9727432 11029816 27746304 140733606062925 140733606063021 140733606063021 140733606064103 0
/proc/16/statm: 4421 3105 1511 723 0 2063 0
[pid=18] ppid=16 vsize=271508 memory=237860 CPUtime=101.7 cores=47-55,70-74,159-167,182-186
/proc/18/stat : 18 (bn4rust) R 16 16 0 0 -1 4194304 208582 0 18 0 10045 125 0 0 20 0 1 0 53255386 278024192 59465 67087892480 94686221606912 94686223474033 140726160968912 0 0 0 0 4096 1088 0 0 0 17 49 0 0 1 0 0 94686223732096 94686223779032 94686252933120 140726160976656 140726160976790 140726160976790 140726160977889 0
/proc/18/statm: 67877 59465 1099 456 0 66038 0
Current children cumulated CPU time: 101.73 s
Current children cumulated vsize: 289192 KiB
Current children cumulated memory: 250280 KiB

[startup+162.3 s]
/proc/loadavg: 37.03 35.81 34.76 38/2821 18
/proc/meminfo: memFree=478940720/527542196 swapFree=33554172/33554428
[pid=16] ppid=13 vsize=17684 memory=12420 CPUtime=0.03 cores=47-55,70-74,159-167,182-186
/proc/16/stat : 16 (python3) S 13 16 0 0 -1 4194304 1893 0 96 0 3 0 0 0 20 0 1 0 53255372 18108416 3105 67087892480 4194304 7154137 140733606055952 0 0 0 0 16781312 2 1 0 0 17 160 0 0 8 0 0 9727432 11029816 27746304 140733606062925 140733606063021 140733606063021 140733606064103 0
/proc/16/statm: 4421 3105 1511 723 0 2063 0
[pid=18] ppid=16 vsize=165640 memory=162440 CPUtime=161.43 cores=47-55,70-74,159-167,182-186
/proc/18/stat : 18 (bn4rust) R 16 16 0 0 -1 4194304 308543 0 18 0 15909 234 0 0 20 0 1 0 53255386 169615360 40610 67087892480 94686221606912 94686223474033 140726160968912 0 0 0 0 4096 1088 0 0 0 17 51 0 0 1 0 0 94686223732096 94686223779032 94686252933120 140726160976656 140726160976790 140726160976790 140726160977889 0
/proc/18/statm: 41410 40610 1099 456 0 39571 0
Current children cumulated CPU time: 161.46 s
Current children cumulated vsize: 183324 KiB
Current children cumulated memory: 174860 KiB

[startup+222.3 s]
/proc/loadavg: 37.01 36.03 34.91 37/2819 18
/proc/meminfo: memFree=482124588/527542196 swapFree=33554172/33554428
[pid=16] ppid=13 vsize=17684 memory=12420 CPUtime=0.03 cores=47-55,70-74,159-167,182-186
/proc/16/stat : 16 (python3) S 13 16 0 0 -1 4194304 1893 0 96 0 3 0 0 0 20 0 1 0 53255372 18108416 3105 67087892480 4194304 7154137 140733606055952 0 0 0 0 16781312 2 1 0 0 17 160 0 0 8 0 0 9727432 11029816 27746304 140733606062925 140733606063021 140733606063021 140733606064103 0
/proc/16/statm: 4421 3105 1511 723 0 2063 0
[pid=18] ppid=16 vsize=117536 memory=114160 CPUtime=221.19 cores=47-55,70-74,159-167,182-186
/proc/18/stat : 18 (bn4rust) R 16 16 0 0 -1 4194304 396325 0 18 0 21755 364 0 0 20 0 1 0 53255386 120356864 28540 67087892480 94686221606912 94686223474033 140726160968912 0 0 0 0 4096 1088 0 0 0 17 52 0 0 1 0 0 94686223732096 94686223779032 94686252933120 140726160976656 140726160976790 140726160976790 140726160977889 0
/proc/18/statm: 29384 28540 1099 456 0 27545 0
Current children cumulated CPU time: 221.22 s
Current children cumulated vsize: 135220 KiB
Current children cumulated memory: 126580 KiB

[startup+282.3 s]
/proc/loadavg: 36.37 36.02 34.98 38/2816 18
/proc/meminfo: memFree=479419196/527542196 swapFree=33554172/33554428
[pid=16] ppid=13 vsize=17684 memory=12420 CPUtime=0.03 cores=47-55,70-74,159-167,182-186
/proc/16/stat : 16 (python3) S 13 16 0 0 -1 4194304 1893 0 96 0 3 0 0 0 20 0 1 0 53255372 18108416 3105 67087892480 4194304 7154137 140733606055952 0 0 0 0 16781312 2 1 0 0 17 160 0 0 8 0 0 9727432 11029816 27746304 140733606062925 140733606063021 140733606063021 140733606064103 0
/proc/16/statm: 4421 3105 1511 723 0 2063 0
[pid=18] ppid=16 vsize=430348 memory=420848 CPUtime=280.94 cores=47-55,70-74,159-167,182-186
/proc/18/stat : 18 (bn4rust) R 16 16 0 0 -1 4194304 470533 0 18 0 27590 504 0 0 20 0 1 0 53255386 440676352 105212 67087892480 94686221606912 94686223474033 140726160968912 0 0 0 0 4096 1088 0 0 0 17 54 0 0 1 0 0 94686223732096 94686223779032 94686252933120 140726160976656 140726160976790 140726160976790 140726160977889 0
/proc/18/statm: 107587 105212 1099 456 0 105748 0
Current children cumulated CPU time: 280.97 s
Current children cumulated vsize: 448032 KiB
Current children cumulated memory: 433268 KiB

[startup+342.3 s]
/proc/loadavg: 36.77 36.20 35.11 39/2844 18
/proc/meminfo: memFree=479239948/527542196 swapFree=33554172/33554428
[pid=16] ppid=13 vsize=17684 memory=12420 CPUtime=0.03 cores=47-55,70-74,159-167,182-186
/proc/16/stat : 16 (python3) S 13 16 0 0 -1 4194304 1893 0 96 0 3 0 0 0 20 0 1 0 53255372 18108416 3105 67087892480 4194304 7154137 140733606055952 0 0 0 0 16781312 2 1 0 0 17 160 0 0 8 0 0 9727432 11029816 27746304 140733606062925 140733606063021 140733606063021 140733606064103 0
/proc/16/statm: 4421 3105 1511 723 0 2063 0
[pid=18] ppid=16 vsize=878760 memory=783200 CPUtime=340.69 cores=47-55,70-74,159-167,182-186
/proc/18/stat : 18 (bn4rust) R 16 16 0 0 -1 4194304 537212 0 18 0 33461 608 0 0 20 0 1 0 53255386 899850240 195800 67087892480 94686221606912 94686223474033 140726160968912 0 0 0 0 4096 1088 0 0 0 17 51 0 0 1 0 0 94686223732096 94686223779032 94686252933120 140726160976656 140726160976790 140726160976790 140726160977889 0
/proc/18/statm: 219690 195800 1099 456 0 217851 0
Current children cumulated CPU time: 340.72 s
Current children cumulated vsize: 896444 KiB
Current children cumulated memory: 795620 KiB

[startup+402.3 s]
/proc/loadavg: 37.23 36.40 35.25 40/2905 18
/proc/meminfo: memFree=477612144/527542196 swapFree=33554172/33554428
[pid=16] ppid=13 vsize=17684 memory=12420 CPUtime=0.03 cores=47-55,70-74,159-167,182-186
/proc/16/stat : 16 (python3) S 13 16 0 0 -1 4194304 1893 0 96 0 3 0 0 0 20 0 1 0 53255372 18108416 3105 67087892480 4194304 7154137 140733606055952 0 0 0 0 16781312 2 1 0 0 17 160 0 0 8 0 0 9727432 11029816 27746304 140733606062925 140733606063021 140733606063021 140733606064103 0
/proc/16/statm: 4421 3105 1511 723 0 2063 0
[pid=18] ppid=16 vsize=507660 memory=424824 CPUtime=400.43 cores=47-55,70-74,159-167,182-186
/proc/18/stat : 18 (bn4rust) R 16 16 0 0 -1 4194304 587135 0 18 0 39308 735 0 0 20 0 1 0 53255386 519843840 106206 67087892480 94686221606912 94686223474033 140726160968912 0 0 0 0 4096 1088 0 0 0 17 54 0 0 1 0 0 94686223732096 94686223779032 94686252933120 140726160976656 140726160976790 140726160976790 140726160977889 0
/proc/18/statm: 126915 106206 1099 456 0 125076 0
Current children cumulated CPU time: 400.46 s
Current children cumulated vsize: 525344 KiB
Current children cumulated memory: 437244 KiB

[startup+462.3 s]
/proc/loadavg: 38.59 36.97 35.51 40/2907 18
/proc/meminfo: memFree=477052952/527542196 swapFree=33554172/33554428
[pid=16] ppid=13 vsize=17684 memory=12420 CPUtime=0.03 cores=47-55,70-74,159-167,182-186
/proc/16/stat : 16 (python3) S 13 16 0 0 -1 4194304 1893 0 96 0 3 0 0 0 20 0 1 0 53255372 18108416 3105 67087892480 4194304 7154137 140733606055952 0 0 0 0 16781312 2 1 0 0 17 160 0 0 8 0 0 9727432 11029816 27746304 140733606062925 140733606063021 140733606063021 140733606064103 0
/proc/16/statm: 4421 3105 1511 723 0 2063 0
[pid=18] ppid=16 vsize=891616 memory=798660 CPUtime=460.17 cores=47-55,70-74,159-167,182-186
/proc/18/stat : 18 (bn4rust) R 16 16 0 0 -1 4194304 660936 0 18 0 45176 841 0 0 20 0 1 0 53255386 913014784 199665 67087892480 94686221606912 94686223474033 140726160968912 0 0 0 0 4096 1088 0 0 0 17 50 0 0 1 0 0 94686223732096 94686223779032 94686252933120 140726160976656 140726160976790 140726160976790 140726160977889 0
/proc/18/statm: 222904 199665 1099 456 0 221065 0
Current children cumulated CPU time: 460.2 s
Current children cumulated vsize: 909300 KiB
Current children cumulated memory: 811080 KiB

[startup+522.3 s]
/proc/loadavg: 37.40 36.96 35.61 37/2817 18
/proc/meminfo: memFree=477342708/527542196 swapFree=33554172/33554428
[pid=16] ppid=13 vsize=17684 memory=12420 CPUtime=0.03 cores=47-55,70-74,159-167,182-186
/proc/16/stat : 16 (python3) S 13 16 0 0 -1 4194304 1893 0 96 0 3 0 0 0 20 0 1 0 53255372 18108416 3105 67087892480 4194304 7154137 140733606055952 0 0 0 0 16781312 2 1 0 0 17 160 0 0 8 0 0 9727432 11029816 27746304 140733606062925 140733606063021 140733606063021 140733606064103 0
/proc/16/statm: 4421 3105 1511 723 0 2063 0
[pid=18] ppid=16 vsize=1030416 memory=857788 CPUtime=519.93 cores=47-55,70-74,159-167,182-186
/proc/18/stat : 18 (bn4rust) R 16 16 0 0 -1 4194304 694778 0 18 0 51030 963 0 0 20 0 1 0 53255386 1055145984 214447 67087892480 94686221606912 94686223474033 140726160968912 0 0 0 0 4096 1088 0 0 0 17 52 0 0 1 0 0 94686223732096 94686223779032 94686252933120 140726160976656 140726160976790 140726160976790 140726160977889 0
/proc/18/statm: 257604 214447 1099 456 0 255765 0
Current children cumulated CPU time: 519.96 s
Current children cumulated vsize: 1048100 KiB
Current children cumulated memory: 870208 KiB

[startup+582.3 s]
/proc/loadavg: 37.11 36.95 35.69 38/2817 18
/proc/meminfo: memFree=476656636/527542196 swapFree=33554172/33554428
[pid=16] ppid=13 vsize=17684 memory=12420 CPUtime=0.03 cores=47-55,70-74,159-167,182-186
/proc/16/stat : 16 (python3) S 13 16 0 0 -1 4194304 1893 0 96 0 3 0 0 0 20 0 1 0 53255372 18108416 3105 67087892480 4194304 7154137 140733606055952 0 0 0 0 16781312 2 1 0 0 17 160 0 0 8 0 0 9727432 11029816 27746304 140733606062925 140733606063021 140733606063021 140733606064103 0
/proc/16/statm: 4421 3105 1511 723 0 2063 0
[pid=18] ppid=16 vsize=293676 memory=268304 CPUtime=579.69 cores=47-55,70-74,159-167,182-186
/proc/18/stat : 18 (bn4rust) R 16 16 0 0 -1 4194304 759666 0 18 0 56875 1094 0 0 20 0 1 0 53255386 300724224 67076 67087892480 94686221606912 94686223474033 140726160968912 0 0 0 0 4096 1088 0 0 0 17 48 0 0 1 0 0 94686223732096 94686223779032 94686252933120 140726160976656 140726160976790 140726160976790 140726160977889 0
/proc/18/statm: 73419 67076 1099 456 0 71580 0
Current children cumulated CPU time: 579.72 s
Current children cumulated vsize: 311360 KiB
Current children cumulated memory: 280724 KiB

[startup+642.3 s]
/proc/loadavg: 36.41 36.78 35.72 37/2819 18
/proc/meminfo: memFree=472704424/527542196 swapFree=33554172/33554428
[pid=16] ppid=13 vsize=17684 memory=12420 CPUtime=0.03 cores=47-55,70-74,159-167,182-186
/proc/16/stat : 16 (python3) S 13 16 0 0 -1 4194304 1893 0 96 0 3 0 0 0 20 0 1 0 53255372 18108416 3105 67087892480 4194304 7154137 140733606055952 0 0 0 0 16781312 2 1 0 0 17 160 0 0 8 0 0 9727432 11029816 27746304 140733606062925 140733606063021 140733606063021 140733606064103 0
/proc/16/statm: 4421 3105 1511 723 0 2063 0
[pid=18] ppid=16 vsize=1136484 memory=878236 CPUtime=639.44 cores=47-55,70-74,159-167,182-186
/proc/18/stat : 18 (bn4rust) R 16 16 0 0 -1 4194304 811556 0 18 0 62760 1184 0 0 20 0 1 0 53255386 1163759616 219559 67087892480 94686221606912 94686223474033 140726160968912 0 0 0 0 4096 1088 0 0 0 17 54 0 0 1 0 0 94686223732096 94686223779032 94686252933120 140726160976656 140726160976790 140726160976790 140726160977889 0
/proc/18/statm: 284121 219559 1099 456 0 282282 0
Current children cumulated CPU time: 639.47 s
Current children cumulated vsize: 1154168 KiB
Current children cumulated memory: 890656 KiB

[startup+702.3 s]
/proc/loadavg: 36.75 36.81 35.79 38/2815 18
/proc/meminfo: memFree=473357724/527542196 swapFree=33554172/33554428
[pid=16] ppid=13 vsize=17684 memory=12420 CPUtime=0.03 cores=47-55,70-74,159-167,182-186
/proc/16/stat : 16 (python3) S 13 16 0 0 -1 4194304 1893 0 96 0 3 0 0 0 20 0 1 0 53255372 18108416 3105 67087892480 4194304 7154137 140733606055952 0 0 0 0 16781312 2 1 0 0 17 160 0 0 8 0 0 9727432 11029816 27746304 140733606062925 140733606063021 140733606063021 140733606064103 0
/proc/16/statm: 4421 3105 1511 723 0 2063 0
[pid=18] ppid=16 vsize=1384704 memory=1182872 CPUtime=699.2 cores=47-55,70-74,159-167,182-186
/proc/18/stat : 18 (bn4rust) R 16 16 0 0 -1 4194304 839600 0 18 0 68630 1290 0 0 20 0 1 0 53255386 1417936896 295718 67087892480 94686221606912 94686223474033 140726160968912 0 0 0 0 4096 1088 0 0 0 17 54 0 0 1 0 0 94686223732096 94686223779032 94686252933120 140726160976656 140726160976790 140726160976790 140726160977889 0
/proc/18/statm: 346176 295718 1099 456 0 344337 0
Current children cumulated CPU time: 699.23 s
Current children cumulated vsize: 1402388 KiB
Current children cumulated memory: 1195292 KiB

[startup+762.3 s]
/proc/loadavg: 36.99 36.87 35.88 37/2823 18
/proc/meminfo: memFree=470143204/527542196 swapFree=33554172/33554428
[pid=16] ppid=13 vsize=17684 memory=12420 CPUtime=0.03 cores=47-55,70-74,159-167,182-186
/proc/16/stat : 16 (python3) S 13 16 0 0 -1 4194304 1893 0 96 0 3 0 0 0 20 0 1 0 53255372 18108416 3105 67087892480 4194304 7154137 140733606055952 0 0 0 0 16781312 2 1 0 0 17 160 0 0 8 0 0 9727432 11029816 27746304 140733606062925 140733606063021 140733606063021 140733606064103 0
/proc/16/statm: 4421 3105 1511 723 0 2063 0
[pid=18] ppid=16 vsize=627504 memory=560216 CPUtime=758.95 cores=47-55,70-74,159-167,182-186
/proc/18/stat : 18 (bn4rust) R 16 16 0 0 -1 4194304 870190 0 18 0 74494 1401 0 0 20 0 1 0 53255386 642564096 140054 67087892480 94686221606912 94686223474033 140726160968912 0 0 0 0 4096 1088 0 0 0 17 164 0 0 1 0 0 94686223732096 94686223779032 94686252933120 140726160976656 140726160976790 140726160976790 140726160977889 0
/proc/18/statm: 156876 140054 1099 456 0 155037 0
Current children cumulated CPU time: 758.98 s
Current children cumulated vsize: 645188 KiB
Current children cumulated memory: 572636 KiB

[startup+822.3 s]
/proc/loadavg: 37.51 37.03 36.00 39/2861 18
/proc/meminfo: memFree=473221484/527542196 swapFree=33554172/33554428
[pid=16] ppid=13 vsize=17684 memory=12420 CPUtime=0.03 cores=47-55,70-74,159-167,182-186
/proc/16/stat : 16 (python3) S 13 16 0 0 -1 4194304 1893 0 96 0 3 0 0 0 20 0 1 0 53255372 18108416 3105 67087892480 4194304 7154137 140733606055952 0 0 0 0 16781312 2 1 0 0 17 160 0 0 8 0 0 9727432 11029816 27746304 140733606062925 140733606063021 140733606063021 140733606064103 0
/proc/16/statm: 4421 3105 1511 723 0 2063 0
[pid=18] ppid=16 vsize=221984 memory=200900 CPUtime=818.69 cores=47-55,70-74,159-167,182-186
/proc/18/stat : 18 (bn4rust) R 16 16 0 0 -1 4194304 929550 0 18 0 80360 1509 0 0 20 0 1 0 53255386 227311616 50225 67087892480 94686221606912 94686223474033 140726160968912 0 0 0 0 4096 1088 0 0 0 17 55 0 0 1 0 0 94686223732096 94686223779032 94686252933120 140726160976656 140726160976790 140726160976790 140726160977889 0
/proc/18/statm: 55496 50225 1099 456 0 53657 0
Current children cumulated CPU time: 818.72 s
Current children cumulated vsize: 239668 KiB
Current children cumulated memory: 213320 KiB

[startup+882.3 s]
/proc/loadavg: 37.49 37.09 36.08 38/2863 18
/proc/meminfo: memFree=466226552/527542196 swapFree=33554172/33554428
[pid=16] ppid=13 vsize=17684 memory=12420 CPUtime=0.03 cores=47-55,70-74,159-167,182-186
/proc/16/stat : 16 (python3) S 13 16 0 0 -1 4194304 1893 0 96 0 3 0 0 0 20 0 1 0 53255372 18108416 3105 67087892480 4194304 7154137 140733606055952 0 0 0 0 16781312 2 1 0 0 17 160 0 0 8 0 0 9727432 11029816 27746304 140733606062925 140733606063021 140733606063021 140733606064103 0
/proc/16/statm: 4421 3105 1511 723 0 2063 0
[pid=18] ppid=16 vsize=1120992 memory=943004 CPUtime=878.44 cores=47-55,70-74,159-167,182-186
/proc/18/stat : 18 (bn4rust) R 16 16 0 0 -1 4194304 963747 0 18 0 86249 1595 0 0 20 0 1 0 53255386 1147895808 235751 67087892480 94686221606912 94686223474033 140726160968912 0 0 0 0 4096 1088 0 0 0 17 47 0 0 1 0 0 94686223732096 94686223779032 94686252933120 140726160976656 140726160976790 140726160976790 140726160977889 0
/proc/18/statm: 280248 235751 1099 456 0 278409 0
Current children cumulated CPU time: 878.47 s
Current children cumulated vsize: 1138676 KiB
Current children cumulated memory: 955424 KiB

[startup+942.3 s]
/proc/loadavg: 38.11 37.35 36.24 38/2868 18
/proc/meminfo: memFree=465056080/527542196 swapFree=33554172/33554428
[pid=16] ppid=13 vsize=17684 memory=12420 CPUtime=0.03 cores=47-55,70-74,159-167,182-186
/proc/16/stat : 16 (python3) S 13 16 0 0 -1 4194304 1893 0 96 0 3 0 0 0 20 0 1 0 53255372 18108416 3105 67087892480 4194304 7154137 140733606055952 0 0 0 0 16781312 2 1 0 0 17 160 0 0 8 0 0 9727432 11029816 27746304 140733606062925 140733606063021 140733606063021 140733606064103 0
/proc/16/statm: 4421 3105 1511 723 0 2063 0
[pid=18] ppid=16 vsize=1800532 memory=1569244 CPUtime=938.2 cores=47-55,70-74,159-167,182-186
/proc/18/stat : 18 (bn4rust) R 16 16 0 0 -1 4194304 989764 0 18 0 92102 1718 0 0 20 0 1 0 53255386 1843744768 392311 67087892480 94686221606912 94686223474033 140726160968912 0 0 0 0 4096 1088 0 0 0 17 47 0 0 1 0 0 94686223732096 94686223779032 94686252933120 140726160976656 140726160976790 140726160976790 140726160977889 0
/proc/18/statm: 450133 392311 1099 456 0 448294 0
Current children cumulated CPU time: 938.23 s
Current children cumulated vsize: 1818216 KiB
Current children cumulated memory: 1581664 KiB

[startup+1002.3 s]
/proc/loadavg: 37.59 37.30 36.29 43/2864 18
/proc/meminfo: memFree=464593028/527542196 swapFree=33554172/33554428
[pid=16] ppid=13 vsize=17684 memory=12420 CPUtime=0.03 cores=47-55,70-74,159-167,182-186
/proc/16/stat : 16 (python3) S 13 16 0 0 -1 4194304 1893 0 96 0 3 0 0 0 20 0 1 0 53255372 18108416 3105 67087892480 4194304 7154137 140733606055952 0 0 0 0 16781312 2 1 0 0 17 160 0 0 8 0 0 9727432 11029816 27746304 140733606062925 140733606063021 140733606063021 140733606064103 0
/proc/16/statm: 4421 3105 1511 723 0 2063 0
[pid=18] ppid=16 vsize=1783512 memory=1456724 CPUtime=997.95 cores=47-55,70-74,159-167,182-186
/proc/18/stat : 18 (bn4rust) R 16 16 0 0 -1 4194304 1012967 0 18 0 97956 1839 0 0 20 0 1 0 53255386 1826316288 364181 67087892480 94686221606912 94686223474033 140726160968912 0 0 0 0 4096 1088 0 0 0 17 54 0 0 1 0 0 94686223732096 94686223779032 94686252933120 140726160976656 140726160976790 140726160976790 140726160977889 0
/proc/18/statm: 445878 364181 1099 456 0 444039 0
Current children cumulated CPU time: 997.98 s
Current children cumulated vsize: 1801196 KiB
Current children cumulated memory: 1469144 KiB

[startup+1062.3 s]
/proc/loadavg: 38.00 37.46 36.41 38/2861 18
/proc/meminfo: memFree=463615888/527542196 swapFree=33554172/33554428
[pid=16] ppid=13 vsize=17684 memory=12420 CPUtime=0.03 cores=47-55,70-74,159-167,182-186
/proc/16/stat : 16 (python3) S 13 16 0 0 -1 4194304 1893 0 96 0 3 0 0 0 20 0 1 0 53255372 18108416 3105 67087892480 4194304 7154137 140733606055952 0 0 0 0 16781312 2 1 0 0 17 160 0 0 8 0 0 9727432 11029816 27746304 140733606062925 140733606063021 140733606063021 140733606064103 0
/proc/16/statm: 4421 3105 1511 723 0 2063 0
[pid=18] ppid=16 vsize=1006172 memory=831716 CPUtime=1057.71 cores=47-55,70-74,159-167,182-186
/proc/18/stat : 18 (bn4rust) R 16 16 0 0 -1 4194304 1040285 0 18 0 103824 1947 0 0 20 0 1 0 53255386 1030320128 207929 67087892480 94686221606912 94686223474033 140726160968912 0 0 0 0 4096 1088 0 0 0 17 48 0 0 1 0 0 94686223732096 94686223779032 94686252933120 140726160976656 140726160976790 140726160976790 140726160977889 0
/proc/18/statm: 251543 207929 1099 456 0 249704 0
Current children cumulated CPU time: 1057.74 s
Current children cumulated vsize: 1023856 KiB
Current children cumulated memory: 844136 KiB

[startup+1122.3 s]
/proc/loadavg: 37.49 37.41 36.47 38/2810 18
/proc/meminfo: memFree=467005836/527542196 swapFree=33554172/33554428
[pid=16] ppid=13 vsize=17684 memory=12420 CPUtime=0.03 cores=47-55,70-74,159-167,182-186
/proc/16/stat : 16 (python3) S 13 16 0 0 -1 4194304 1893 0 96 0 3 0 0 0 20 0 1 0 53255372 18108416 3105 67087892480 4194304 7154137 140733606055952 0 0 0 0 16781312 2 1 0 0 17 160 0 0 8 0 0 9727432 11029816 27746304 140733606062925 140733606063021 140733606063021 140733606064103 0
/proc/16/statm: 4421 3105 1511 723 0 2063 0
[pid=18] ppid=16 vsize=365352 memory=337968 CPUtime=1117.47 cores=47-55,70-74,159-167,182-186
/proc/18/stat : 18 (bn4rust) R 16 16 0 0 -1 4194304 1087841 0 18 0 109695 2052 0 0 20 0 1 0 53255386 374120448 84492 67087892480 94686221606912 94686223474033 140726160968912 0 0 0 0 4096 1088 0 0 0 17 48 0 0 1 0 0 94686223732096 94686223779032 94686252933120 140726160976656 140726160976790 140726160976790 140726160977889 0
/proc/18/statm: 91338 84492 1099 456 0 89499 0
Current children cumulated CPU time: 1117.5 s
Current children cumulated vsize: 383036 KiB
Current children cumulated memory: 350388 KiB

[startup+1182.3 s]
/proc/loadavg: 37.83 37.54 36.57 38/2859 18
/proc/meminfo: memFree=465475160/527542196 swapFree=33554172/33554428
[pid=16] ppid=13 vsize=17684 memory=12420 CPUtime=0.03 cores=47-55,70-74,159-167,182-186
/proc/16/stat : 16 (python3) S 13 16 0 0 -1 4194304 1893 0 96 0 3 0 0 0 20 0 1 0 53255372 18108416 3105 67087892480 4194304 7154137 140733606055952 0 0 0 0 16781312 2 1 0 0 17 160 0 0 8 0 0 9727432 11029816 27746304 140733606062925 140733606063021 140733606063021 140733606064103 0
/proc/16/statm: 4421 3105 1511 723 0 2063 0
[pid=18] ppid=16 vsize=1366096 memory=1075524 CPUtime=1177.21 cores=47-55,70-74,159-167,182-186
/proc/18/stat : 18 (bn4rust) R 16 16 0 0 -1 4194304 1148151 0 18 0 115568 2153 0 0 20 0 1 0 53255386 1398882304 268881 67087892480 94686221606912 94686223474033 140726160968912 0 0 0 0 4096 1088 0 0 0 17 54 0 0 1 0 0 94686223732096 94686223779032 94686252933120 140726160976656 140726160976790 140726160976790 140726160977889 0
/proc/18/statm: 341524 268881 1099 456 0 339685 0
Current children cumulated CPU time: 1177.24 s
Current children cumulated vsize: 1383780 KiB
Current children cumulated memory: 1087944 KiB

[startup+1242.3 s]
/proc/loadavg: 37.75 37.58 36.65 38/2821 18
/proc/meminfo: memFree=463112620/527542196 swapFree=33554172/33554428
[pid=16] ppid=13 vsize=17684 memory=12420 CPUtime=0.03 cores=47-55,70-74,159-167,182-186
/proc/16/stat : 16 (python3) S 13 16 0 0 -1 4194304 1893 0 96 0 3 0 0 0 20 0 1 0 53255372 18108416 3105 67087892480 4194304 7154137 140733606055952 0 0 0 0 16781312 2 1 0 0 17 160 0 0 8 0 0 9727432 11029816 27746304 140733606062925 140733606063021 140733606063021 140733606064103 0
/proc/16/statm: 4421 3105 1511 723 0 2063 0
[pid=18] ppid=16 vsize=2530596 memory=1997132 CPUtime=1236.96 cores=47-55,70-74,159-167,182-186
/proc/18/stat : 18 (bn4rust) R 16 16 0 0 -1 4194304 1183686 0 18 0 121428 2268 0 0 20 0 1 0 53255386 2591330304 499283 67087892480 94686221606912 94686223474033 140726160968912 0 0 0 0 4096 1088 0 0 0 17 55 0 0 1 0 0 94686223732096 94686223779032 94686252933120 140726160976656 140726160976790 140726160976790 140726160977889 0
/proc/18/statm: 632649 499283 1099 456 0 630810 0
Current children cumulated CPU time: 1236.99 s
Current children cumulated vsize: 2548280 KiB
Current children cumulated memory: 2009552 KiB

[startup+1302.3 s]
/proc/loadavg: 37.27 37.47 36.67 37/2806 18
/proc/meminfo: memFree=458964900/527542196 swapFree=33554172/33554428
[pid=16] ppid=13 vsize=17684 memory=12420 CPUtime=0.03 cores=47-55,70-74,159-167,182-186
/proc/16/stat : 16 (python3) S 13 16 0 0 -1 4194304 1893 0 96 0 3 0 0 0 20 0 1 0 53255372 18108416 3105 67087892480 4194304 7154137 140733606055952 0 0 0 0 16781312 2 1 0 0 17 160 0 0 8 0 0 9727432 11029816 27746304 140733606062925 140733606063021 140733606063021 140733606064103 0
/proc/16/statm: 4421 3105 1511 723 0 2063 0
[pid=18] ppid=16 vsize=2554208 memory=2053996 CPUtime=1296.73 cores=47-55,70-74,159-167,182-186
/proc/18/stat : 18 (bn4rust) R 16 16 0 0 -1 4194304 1212752 0 18 0 127288 2385 0 0 20 0 1 0 53255386 2615508992 513499 67087892480 94686221606912 94686223474033 140726160968912 0 0 0 0 4096 1088 0 0 0 17 54 0 0 1 0 0 94686223732096 94686223779032 94686252933120 140726160976656 140726160976790 140726160976790 140726160977889 0
/proc/18/statm: 638552 513499 1099 456 0 636713 0
Current children cumulated CPU time: 1296.76 s
Current children cumulated vsize: 2571892 KiB
Current children cumulated memory: 2066416 KiB

[startup+1362.3 s]
/proc/loadavg: 36.47 37.20 36.63 38/2806 18
/proc/meminfo: memFree=459237452/527542196 swapFree=33554172/33554428
[pid=16] ppid=13 vsize=17684 memory=12420 CPUtime=0.03 cores=47-55,70-74,159-167,182-186
/proc/16/stat : 16 (python3) S 13 16 0 0 -1 4194304 1893 0 96 0 3 0 0 0 20 0 1 0 53255372 18108416 3105 67087892480 4194304 7154137 140733606055952 0 0 0 0 16781312 2 1 0 0 17 160 0 0 8 0 0 9727432 11029816 27746304 140733606062925 140733606063021 140733606063021 140733606064103 0
/proc/16/statm: 4421 3105 1511 723 0 2063 0
[pid=18] ppid=16 vsize=1754476 memory=1412084 CPUtime=1356.48 cores=47-55,70-74,159-167,182-186
/proc/18/stat : 18 (bn4rust) R 16 16 0 0 -1 4194304 1244246 0 18 0 133135 2513 0 0 20 0 1 0 53255386 1796583424 353021 67087892480 94686221606912 94686223474033 140726160968912 0 0 0 0 4096 1088 0 0 0 17 51 0 0 1 0 0 94686223732096 94686223779032 94686252933120 140726160976656 140726160976790 140726160976790 140726160977889 0
/proc/18/statm: 438619 353021 1099 456 0 436780 0
Current children cumulated CPU time: 1356.51 s
Current children cumulated vsize: 1772160 KiB
Current children cumulated memory: 1424504 KiB

[startup+1422.3 s]
/proc/loadavg: 36.78 37.16 36.65 37/2805 18
/proc/meminfo: memFree=468221956/527542196 swapFree=33554172/33554428
[pid=16] ppid=13 vsize=17684 memory=12420 CPUtime=0.03 cores=47-55,70-74,159-167,182-186
/proc/16/stat : 16 (python3) S 13 16 0 0 -1 4194304 1893 0 96 0 3 0 0 0 20 0 1 0 53255372 18108416 3105 67087892480 4194304 7154137 140733606055952 0 0 0 0 16781312 2 1 0 0 17 160 0 0 8 0 0 9727432 11029816 27746304 140733606062925 140733606063021 140733606063021 140733606064103 0
/proc/16/statm: 4421 3105 1511 723 0 2063 0
[pid=18] ppid=16 vsize=1036540 memory=838152 CPUtime=1416.24 cores=47-55,70-74,159-167,182-186
/proc/18/stat : 18 (bn4rust) R 16 16 0 0 -1 4194304 1275945 0 18 0 138994 2630 0 0 20 0 1 0 53255386 1061416960 209538 67087892480 94686221606912 94686223474033 140726160968912 0 0 0 0 4096 1088 0 0 0 17 55 0 0 1 0 0 94686223732096 94686223779032 94686252933120 140726160976656 140726160976790 140726160976790 140726160977889 0
/proc/18/statm: 259135 209538 1099 456 0 257296 0
Current children cumulated CPU time: 1416.27 s
Current children cumulated vsize: 1054224 KiB
Current children cumulated memory: 850572 KiB

[startup+1482.3 s]
/proc/loadavg: 36.29 36.95 36.61 37/2805 18
/proc/meminfo: memFree=458146596/527542196 swapFree=33554172/33554428
[pid=16] ppid=13 vsize=17684 memory=12420 CPUtime=0.03 cores=47-55,70-74,159-167,182-186
/proc/16/stat : 16 (python3) S 13 16 0 0 -1 4194304 1893 0 96 0 3 0 0 0 20 0 1 0 53255372 18108416 3105 67087892480 4194304 7154137 140733606055952 0 0 0 0 16781312 2 1 0 0 17 160 0 0 8 0 0 9727432 11029816 27746304 140733606062925 140733606063021 140733606063021 140733606064103 0
/proc/16/statm: 4421 3105 1511 723 0 2063 0
[pid=18] ppid=16 vsize=367408 memory=339928 CPUtime=1476 cores=47-55,70-74,159-167,182-186
/proc/18/stat : 18 (bn4rust) R 16 16 0 0 -1 4194304 1325704 0 18 0 144844 2756 0 0 20 0 1 0 53255386 376225792 84982 67087892480 94686221606912 94686223474033 140726160968912 0 0 0 0 4096 1088 0 0 0 17 49 0 0 1 0 0 94686223732096 94686223779032 94686252933120 140726160976656 140726160976790 140726160976790 140726160977889 0
/proc/18/statm: 91852 84982 1099 456 0 90013 0
Current children cumulated CPU time: 1476.03 s
Current children cumulated vsize: 385092 KiB
Current children cumulated memory: 352348 KiB

[startup+1542.3 s]
/proc/loadavg: 36.74 36.96 36.64 38/2805 18
/proc/meminfo: memFree=458653504/527542196 swapFree=33554172/33554428
[pid=16] ppid=13 vsize=17684 memory=12420 CPUtime=0.03 cores=47-55,70-74,159-167,182-186
/proc/16/stat : 16 (python3) S 13 16 0 0 -1 4194304 1893 0 96 0 3 0 0 0 20 0 1 0 53255372 18108416 3105 67087892480 4194304 7154137 140733606055952 0 0 0 0 16781312 2 1 0 0 17 160 0 0 8 0 0 9727432 11029816 27746304 140733606062925 140733606063021 140733606063021 140733606064103 0
/proc/16/statm: 4421 3105 1511 723 0 2063 0
[pid=18] ppid=16 vsize=319804 memory=286676 CPUtime=1535.76 cores=47-55,70-74,159-167,182-186
/proc/18/stat : 18 (bn4rust) R 16 16 0 0 -1 4194304 1416930 0 18 0 150669 2907 0 0 20 0 1 0 53255386 327479296 71669 67087892480 94686221606912 94686223474033 140726160968912 0 0 0 0 4096 1088 0 0 0 17 52 0 0 1 0 0 94686223732096 94686223779032 94686252933120 140726160976656 140726160976790 140726160976790 140726160977889 0
/proc/18/statm: 79951 71669 1099 456 0 78112 0
Current children cumulated CPU time: 1535.79 s
Current children cumulated vsize: 337488 KiB
Current children cumulated memory: 299096 KiB

[startup+1602.3 s]
/proc/loadavg: 36.13 36.75 36.59 37/2812 18
/proc/meminfo: memFree=461595048/527542196 swapFree=33554172/33554428
[pid=16] ppid=13 vsize=17684 memory=12420 CPUtime=0.03 cores=47-55,70-74,159-167,182-186
/proc/16/stat : 16 (python3) S 13 16 0 0 -1 4194304 1893 0 96 0 3 0 0 0 20 0 1 0 53255372 18108416 3105 67087892480 4194304 7154137 140733606055952 0 0 0 0 16781312 2 1 0 0 17 160 0 0 8 0 0 9727432 11029816 27746304 140733606062925 140733606063021 140733606063021 140733606064103 0
/proc/16/statm: 4421 3105 1511 723 0 2063 0
[pid=18] ppid=16 vsize=1046892 memory=854344 CPUtime=1595.52 cores=47-55,70-74,159-167,182-186
/proc/18/stat : 18 (bn4rust) R 16 16 0 0 -1 4194304 1523104 0 18 0 156496 3056 0 0 20 0 1 0 53255386 1072017408 213586 67087892480 94686221606912 94686223474033 140726160968912 0 0 0 0 4096 1088 0 0 0 17 47 0 0 1 0 0 94686223732096 94686223779032 94686252933120 140726160976656 140726160976790 140726160976790 140726160977889 0
/proc/18/statm: 261723 213586 1099 456 0 259884 0
Current children cumulated CPU time: 1595.55 s
Current children cumulated vsize: 1064576 KiB
Current children cumulated memory: 866764 KiB

[startup+1662.3 s]
/proc/loadavg: 36.68 36.80 36.61 38/2821 18
/proc/meminfo: memFree=462393196/527542196 swapFree=33554172/33554428
[pid=16] ppid=13 vsize=17684 memory=12420 CPUtime=0.03 cores=47-55,70-74,159-167,182-186
/proc/16/stat : 16 (python3) S 13 16 0 0 -1 4194304 1893 0 96 0 3 0 0 0 20 0 1 0 53255372 18108416 3105 67087892480 4194304 7154137 140733606055952 0 0 0 0 16781312 2 1 0 0 17 160 0 0 8 0 0 9727432 11029816 27746304 140733606062925 140733606063021 140733606063021 140733606064103 0
/proc/16/statm: 4421 3105 1511 723 0 2063 0
[pid=18] ppid=16 vsize=1850256 memory=1472188 CPUtime=1655.27 cores=47-55,70-74,159-167,182-186
/proc/18/stat : 18 (bn4rust) R 16 16 0 0 -1 4194304 1557517 0 18 0 162353 3174 0 0 20 0 1 0 53255386 1894662144 368047 67087892480 94686221606912 94686223474033 140726160968912 0 0 0 0 4096 1088 0 0 0 17 52 0 0 1 0 0 94686223732096 94686223779032 94686252933120 140726160976656 140726160976790 140726160976790 140726160977889 0
/proc/18/statm: 462564 368047 1099 456 0 460725 0
Current children cumulated CPU time: 1655.3 s
Current children cumulated vsize: 1867940 KiB
Current children cumulated memory: 1484608 KiB

[startup+1722.3 s]
/proc/loadavg: 35.56 36.47 36.51 35/2783 18
/proc/meminfo: memFree=461786052/527542196 swapFree=33554172/33554428
[pid=16] ppid=13 vsize=17684 memory=12420 CPUtime=0.03 cores=47-55,70-74,159-167,182-186
/proc/16/stat : 16 (python3) S 13 16 0 0 -1 4194304 1893 0 96 0 3 0 0 0 20 0 1 0 53255372 18108416 3105 67087892480 4194304 7154137 140733606055952 0 0 0 0 16781312 2 1 0 0 17 160 0 0 8 0 0 9727432 11029816 27746304 140733606062925 140733606063021 140733606063021 140733606064103 0
/proc/16/statm: 4421 3105 1511 723 0 2063 0
[pid=18] ppid=16 vsize=2007884 memory=1597076 CPUtime=1715.03 cores=47-55,70-74,159-167,182-186
/proc/18/stat : 18 (bn4rust) R 16 16 0 0 -1 4194304 1583146 0 18 0 168230 3273 0 0 20 0 1 0 53255386 2056073216 399269 67087892480 94686221606912 94686223474033 140726160968912 0 0 0 0 4096 1088 0 0 0 17 51 0 0 1 0 0 94686223732096 94686223779032 94686252933120 140726160976656 140726160976790 140726160976790 140726160977889 0
/proc/18/statm: 501971 399269 1099 456 0 500132 0
Current children cumulated CPU time: 1715.06 s
Current children cumulated vsize: 2025568 KiB
Current children cumulated memory: 1609496 KiB

[startup+1782.3 s]
/proc/loadavg: 34.73 36.08 36.38 35/2748 18
/proc/meminfo: memFree=485000080/527542196 swapFree=33554172/33554428
[pid=16] ppid=13 vsize=17684 memory=12420 CPUtime=0.03 cores=47-55,70-74,159-167,182-186
/proc/16/stat : 16 (python3) S 13 16 0 0 -1 4194304 1893 0 96 0 3 0 0 0 20 0 1 0 53255372 18108416 3105 67087892480 4194304 7154137 140733606055952 0 0 0 0 16781312 2 1 0 0 17 160 0 0 8 0 0 9727432 11029816 27746304 140733606062925 140733606063021 140733606063021 140733606064103 0
/proc/16/statm: 4421 3105 1511 723 0 2063 0
[pid=18] ppid=16 vsize=2007244 memory=1597888 CPUtime=1774.8 cores=47-55,70-74,159-167,182-186
/proc/18/stat : 18 (bn4rust) R 16 16 0 0 -1 4194304 1608049 0 18 0 174106 3374 0 0 20 0 1 0 53255386 2055417856 399472 67087892480 94686221606912 94686223474033 140726160968912 0 0 0 0 4096 1088 0 0 0 17 51 0 0 1 0 0 94686223732096 94686223779032 94686252933120 140726160976656 140726160976790 140726160976790 140726160977889 0
/proc/18/statm: 501811 399472 1099 456 0 499972 0
Current children cumulated CPU time: 1774.83 s
Current children cumulated vsize: 2024928 KiB
Current children cumulated memory: 1610308 KiB



Maximum wall clock time exceeded: sending SIGTERM then SIGKILL

[startup+1800 s]*
/proc/loadavg: 34.24 35.88 36.30 34/2747 18
/proc/meminfo: memFree=484870368/527542196 swapFree=33554172/33554428
[pid=16] ppid=13 vsize=17684 memory=12420 CPUtime=0.03 cores=47-55,70-74,159-167,182-186
/proc/16/stat : 16 (python3) S 13 16 0 0 -1 4194304 1893 0 96 0 3 0 0 0 20 0 1 0 53255372 18108416 3105 67087892480 4194304 7154137 140733606055952 0 0 0 0 16781312 2 1 0 0 17 160 0 0 8 0 0 9727432 11029816 27746304 140733606062925 140733606063021 140733606063021 140733606064103 0
/proc/16/statm: 4421 3105 1511 723 0 2063 0
[pid=18] ppid=16 vsize=1993824 memory=1656184 CPUtime=1792.43 cores=47-55,70-74,159-167,182-186
/proc/18/stat : 18 (bn4rust) R 16 16 0 0 -1 4194304 1614982 0 18 0 175844 3399 0 0 20 0 1 0 53255386 2041675776 414046 67087892480 94686221606912 94686223474033 140726160968912 0 0 0 0 4096 1088 0 0 0 17 47 0 0 1 0 0 94686223732096 94686223779032 94686252933120 140726160976656 140726160976790 140726160976790 140726160977889 0
/proc/18/statm: 498456 414046 1099 456 0 496617 0
Current children cumulated CPU time: 1792.46 s
Current children cumulated vsize: 2011508 KiB
Current children cumulated memory: 1668604 KiB

Sending SIGTERM to process tree (bottom up)
Sleeping 2 seconds

[startup+1800.01 s]
# the end of solver process 16 was just reported to runsolver
# cumulated CPU time of all completed processes:  user=0.037368 s, system=0.00879 s

[startup+1800.01 s]
# the end of solver process 18 was just reported to runsolver
# cumulated CPU time of all completed processes:  user=1758.48 s, system=34.0148 s
# this solver process was not waited by its parent and was adopted by runsolver

Solver just ended.
??? end of watcher thread
Dumping a history of the last processes samples

Child ended because it received signal 15 (SIGTERM)
Real time (s): 1800.01
CPU time (s): 1792.5
CPU user time (s): 1758.48
CPU system time (s): 34.0148
CPU usage (%): 99.5825
Max. virtual memory (cumulated for all children) (KiB): 3081824
Max. memory (cumulated for all children) (KiB): 2604052

getrusage(RUSAGE_CHILDREN,...) data:
user time used= 1758.48
system time used= 34.0148
maximum resident set size= 2600768
integral shared memory size= 0
integral unshared data size= 0
integral unshared stack size= 0
page reclaims= 1616875
page faults= 114
swaps= 0
block input operations= 19520
block output operations= 0
messages sent= 0
messages received= 0
signals received= 0
voluntary context switches= 981
involuntary context switches= 2641


# summary of solver processes directly reported to runsolver:
#   pid: 16,18
#   total CPU time (s): 1792.5
#   total CPU user time (s): 1758.48
#   total CPU system time (s): 34.0148

??? join timestamper begins
??? join timestamper ends
??? end of timestamper thread
runsolver used 1.15323 second user time and 2.23636 second system time

The end
