# WCTIME: wall clock time in seconds
WCTIME=1800.02
# CPUTIME: CPU time in seconds (USERTIME+SYSTEMTIME)
CPUTIME=1792.03
# USERTIME: CPU time spent in user mode in seconds
USERTIME=1754.14
# SYSTEMTIME: CPU time spent in system mode in seconds
SYSTEMTIME=37.8853
# CPUUSAGE: CPUTIME/WCTIME in percent
CPUUSAGE=99.556
# MAXVM: maximum virtual memory used in KiB
MAXVM=4076444
# MAXMM: maximum memory used in KiB
MAXMM=3551264
# MAXRSS: maximum Resident Segment Size in KiB
MAXRSS=3539704
# TIMEOUT: did the solver exceed the time limit?
TIMEOUT=true
# MEMOUT: did the solver exceed the memory limit?
MEMOUT=false
# EXITSTATUS: Exit status of the solver
EXITSTATUS=15
