runsolver version 3.4.1 (svn: 3018) Copyright (C) 2010-2013 Olivier ROUSSEL

This program is distributed in the hope that it will be useful,
but WITHOUT ANY WARRANTY; without even the implied warranty of
MERCHANTABILITY or FITNESS FOR A PARTICULAR PURPOSE.  See the
GNU General Public License for more details.

NUMA information:
  number of nodes: 8
  memory of node 0: 63700 MiB (48056 MiB free)
  memory of node 1: 64504 MiB (50057 MiB free)
  memory of node 2: 64461 MiB (51262 MiB free)
  memory of node 3: 64504 MiB (51079 MiB free)
  memory of node 4: 64504 MiB (47745 MiB free)
  memory of node 5: 64504 MiB (60542 MiB free)
  memory of node 6: 64504 MiB (59244 MiB free)
  memory of node 7: 64491 MiB (62822 MiB free)
  node distances:
     10  12  12  12  21  21  21  21
     12  10  12  12  21  21  21  21
     12  12  10  12  21  21  21  21
     12  12  12  10  21  21  21  21
     21  21  21  21  10  12  12  12
     21  21  21  21  12  10  12  12
     21  21  21  21  12  12  10  12
     21  21  21  21  12  12  12  10

command line: /usr/local/bin/runsolver --timestamp -w /output/runsolver-watch.log -v /output/runsolver-values.log -o /output/solver-output.log -C 1800.0 -W 1800.0 -R 64000 /opt/solver/run_bn4rust.py --mode cyber-complement-gfp --instance /input/model_072.bnet 

running on 24 cores: 74,76-77,82,87-91,93-94,109,188-189,194,199-203,205-206,217,221

Enforcing CPUTime limit (soft limit, will send SIGTERM then SIGKILL): 1800 seconds
Enforcing CPUTime limit (hard limit, will send SIGXCPU): 1830 seconds
Enforcing wall clock limit (soft limit, will send SIGTERM then SIGKILL): 1800 seconds
Enforcing RSS+Swap limit (soft limit, will send SIGTERM then SIGKILL): 65536000 KiB
Linux 4.18.0-553.159.1.el8_10.x86_64
Current StackSize limit: 18014398509481983 KiB
solver pid=16, runsolver pid=13


[startup+0.100109 s]*
/proc/loadavg: 56.70 56.93 57.27 58/2896 17
/proc/meminfo: memFree=441137716/527542236 swapFree=33503740/33554428
[pid=16] ppid=13 vsize=15800 memory=10116 CPUtime=0.01 cores=70,74,76-77,82,87-91,93-94,105,109,182,186,188-189,194,199-203,205-206,217,221
/proc/16/stat : 16 (python3) R 13 16 0 0 -1 4194304 1382 0 84 0 1 0 0 0 20 0 1 0 53380687 16179200 2529 67087892480 4194304 7154137 140735540790192 0 0 0 0 16781312 2 0 0 0 17 91 0 0 6 0 0 9727432 11029816 32100352 140735540792141 140735540792237 140735540792237 140735540793319 0
/proc/16/statm: 3950 2529 1394 723 0 1674 0
Current children cumulated CPU time: 0.01 s
Current children cumulated vsize: 15800 KiB
Current children cumulated memory: 10116 KiB

[startup+0.200625 s]*
/proc/loadavg: 56.70 56.93 57.27 58/2897 18
/proc/meminfo: memFree=441125084/527542236 swapFree=33503740/33554428
[pid=16] ppid=13 vsize=17684 memory=12424 CPUtime=0.04 cores=70,74,76-77,82,87-91,93-94,105,109,182,186,188-189,194,199-203,205-206,217,221
/proc/16/stat : 16 (python3) S 13 16 0 0 -1 4194304 1895 0 96 0 3 1 0 0 20 0 1 0 53380687 18108416 3106 67087892480 4194304 7154137 140735540790192 0 0 0 0 16781312 2 1 0 0 17 91 0 0 8 0 0 9727432 11029816 32100352 140735540792141 140735540792237 140735540792237 140735540793319 0
/proc/16/statm: 4421 3106 1512 723 0 2063 0
[pid=18] ppid=16 vsize=15556 memory=11560 CPUtime=0.03 cores=70,74,76-77,82,87-91,93-94,105,109,182,186,188-189,194,199-203,205-206,217,221
/proc/18/stat : 18 (bn4rust) R 16 16 0 0 -1 4194304 4045 0 18 0 3 0 0 0 20 0 1 0 53380700 15929344 2890 67087892480 94459375996928 94459377864049 140734255055488 0 0 0 0 4096 1088 0 0 0 17 201 0 0 1 0 0 94459378122112 94459378169048 94459391741952 140734255061776 140734255061910 140734255061910 140734255063009 0
/proc/18/statm: 3889 2890 1117 456 0 2050 0
Current children cumulated CPU time: 0.07 s
Current children cumulated vsize: 33240 KiB
Current children cumulated memory: 23984 KiB

[startup+0.300569 s]*
/proc/loadavg: 56.70 56.93 57.27 58/2897 18
/proc/meminfo: memFree=441111852/527542236 swapFree=33503740/33554428
[pid=16] ppid=13 vsize=17684 memory=12424 CPUtime=0.04 cores=70,74,76-77,82,87-91,93-94,105,109,182,186,188-189,194,199-203,205-206,217,221
/proc/16/stat : 16 (python3) S 13 16 0 0 -1 4194304 1895 0 96 0 3 1 0 0 20 0 1 0 53380687 18108416 3106 67087892480 4194304 7154137 140735540790192 0 0 0 0 16781312 2 1 0 0 17 91 0 0 8 0 0 9727432 11029816 32100352 140735540792141 140735540792237 140735540792237 140735540793319 0
/proc/16/statm: 4421 3106 1512 723 0 2063 0
[pid=18] ppid=16 vsize=30068 memory=25048 CPUtime=0.13 cores=70,74,76-77,82,87-91,93-94,105,109,182,186,188-189,194,199-203,205-206,217,221
/proc/18/stat : 18 (bn4rust) R 16 16 0 0 -1 4194304 9366 0 18 0 12 1 0 0 20 0 1 0 53380700 30789632 6262 67087892480 94459375996928 94459377864049 140734255055488 0 0 0 0 4096 1088 0 0 0 17 201 0 0 1 0 0 94459378122112 94459378169048 94459391741952 140734255061776 140734255061910 140734255061910 140734255063009 0
/proc/18/statm: 7517 6262 1117 456 0 5678 0
Current children cumulated CPU time: 0.17 s
Current children cumulated vsize: 47752 KiB
Current children cumulated memory: 37472 KiB

[startup+0.700276 s]
/proc/loadavg: 56.70 56.93 57.27 58/2897 18
/proc/meminfo: memFree=441095092/527542236 swapFree=33503740/33554428
[pid=16] ppid=13 vsize=17684 memory=12424 CPUtime=0.04 cores=70,74,76-77,82,87-91,93-94,105,109,182,186,188-189,194,199-203,205-206,217,221
/proc/16/stat : 16 (python3) S 13 16 0 0 -1 4194304 1895 0 96 0 3 1 0 0 20 0 1 0 53380687 18108416 3106 67087892480 4194304 7154137 140735540790192 0 0 0 0 16781312 2 1 0 0 17 91 0 0 8 0 0 9727432 11029816 32100352 140735540792141 140735540792237 140735540792237 140735540793319 0
/proc/16/statm: 4421 3106 1512 723 0 2063 0
[pid=18] ppid=16 vsize=70576 memory=64012 CPUtime=0.53 cores=70,74,76-77,82,87-91,93-94,105,109,182,186,188-189,194,199-203,205-206,217,221
/proc/18/stat : 18 (bn4rust) R 16 16 0 0 -1 4194304 13660 0 18 0 50 3 0 0 20 0 1 0 53380700 72269824 16003 67087892480 94459375996928 94459377864049 140734255055488 0 0 0 0 4096 1088 0 0 0 17 201 0 0 1 0 0 94459378122112 94459378169048 94459391741952 140734255061776 140734255061910 140734255061910 140734255063009 0
/proc/18/statm: 17644 16003 1117 456 0 15805 0
Current children cumulated CPU time: 0.57 s
Current children cumulated vsize: 88260 KiB
Current children cumulated memory: 76436 KiB

[startup+1.50027 s]
/proc/loadavg: 56.70 56.93 57.27 58/2897 18
/proc/meminfo: memFree=441064532/527542236 swapFree=33503740/33554428
[pid=16] ppid=13 vsize=17684 memory=12424 CPUtime=0.04 cores=70,74,76-77,82,87-91,93-94,105,109,182,186,188-189,194,199-203,205-206,217,221
/proc/16/stat : 16 (python3) S 13 16 0 0 -1 4194304 1895 0 96 0 3 1 0 0 20 0 1 0 53380687 18108416 3106 67087892480 4194304 7154137 140735540790192 0 0 0 0 16781312 2 1 0 0 17 91 0 0 8 0 0 9727432 11029816 32100352 140735540792141 140735540792237 140735540792237 140735540793319 0
/proc/16/statm: 4421 3106 1512 723 0 2063 0
[pid=18] ppid=16 vsize=122256 memory=109252 CPUtime=1.33 cores=70,74,76-77,82,87-91,93-94,105,109,182,186,188-189,194,199-203,205-206,217,221
/proc/18/stat : 18 (bn4rust) R 16 16 0 0 -1 4194304 16269 0 18 0 129 4 0 0 20 0 1 0 53380700 125190144 27313 67087892480 94459375996928 94459377864049 140734255055488 0 0 0 0 4096 1088 0 0 0 17 201 0 0 1 0 0 94459378122112 94459378169048 94459391741952 140734255061776 140734255061910 140734255061910 140734255063009 0
/proc/18/statm: 30564 27313 1117 456 0 28725 0
Current children cumulated CPU time: 1.37 s
Current children cumulated vsize: 139940 KiB
Current children cumulated memory: 121676 KiB

[startup+3.10038 s]
/proc/loadavg: 56.70 56.93 57.27 58/2897 18
/proc/meminfo: memFree=441012960/527542236 swapFree=33503740/33554428
[pid=16] ppid=13 vsize=17684 memory=12424 CPUtime=0.04 cores=70,74,76-77,82,87-91,93-94,105,109,182,186,188-189,194,199-203,205-206,217,221
/proc/16/stat : 16 (python3) S 13 16 0 0 -1 4194304 1895 0 96 0 3 1 0 0 20 0 1 0 53380687 18108416 3106 67087892480 4194304 7154137 140735540790192 0 0 0 0 16781312 2 1 0 0 17 91 0 0 8 0 0 9727432 11029816 32100352 140735540792141 140735540792237 140735540792237 140735540793319 0
/proc/16/statm: 4421 3106 1512 723 0 2063 0
[pid=18] ppid=16 vsize=195236 memory=180476 CPUtime=2.93 cores=70,74,76-77,82,87-91,93-94,105,109,182,186,188-189,194,199-203,205-206,217,221
/proc/18/stat : 18 (bn4rust) R 16 16 0 0 -1 4194304 19616 0 18 0 286 7 0 0 20 0 1 0 53380700 199921664 45119 67087892480 94459375996928 94459377864049 140734255055488 0 0 0 0 4096 1088 0 0 0 17 201 0 0 1 0 0 94459378122112 94459378169048 94459391741952 140734255061776 140734255061910 140734255061910 140734255063009 0
/proc/18/statm: 48809 45119 1117 456 0 46970 0
Current children cumulated CPU time: 2.97 s
Current children cumulated vsize: 212920 KiB
Current children cumulated memory: 192900 KiB

[startup+6.3003 s]
/proc/loadavg: 56.72 56.94 57.27 58/2897 18
/proc/meminfo: memFree=441006224/527542236 swapFree=33503740/33554428
[pid=16] ppid=13 vsize=17684 memory=12424 CPUtime=0.04 cores=70,74,76-77,82,87-91,93-94,105,109,182,186,188-189,194,199-203,205-206,217,221
/proc/16/stat : 16 (python3) S 13 16 0 0 -1 4194304 1895 0 96 0 3 1 0 0 20 0 1 0 53380687 18108416 3106 67087892480 4194304 7154137 140735540790192 0 0 0 0 16781312 2 1 0 0 17 91 0 0 8 0 0 9727432 11029816 32100352 140735540792141 140735540792237 140735540792237 140735540793319 0
/proc/16/statm: 4421 3106 1512 723 0 2063 0
[pid=18] ppid=16 vsize=112740 memory=102936 CPUtime=6.11 cores=70,74,76-77,82,87-91,93-94,105,109,182,186,188-189,194,199-203,205-206,217,221
/proc/18/stat : 18 (bn4rust) R 16 16 0 0 -1 4194304 27070 0 18 0 600 11 0 0 20 0 1 0 53380700 115445760 25734 67087892480 94459375996928 94459377864049 140734255055488 0 0 0 0 4096 1088 0 0 0 17 201 0 0 1 0 0 94459378122112 94459378169048 94459391741952 140734255061776 140734255061910 140734255061910 140734255063009 0
/proc/18/statm: 28185 25734 1117 456 0 26346 0
Current children cumulated CPU time: 6.15 s
Current children cumulated vsize: 130424 KiB
Current children cumulated memory: 115360 KiB

[startup+12.7004 s]
/proc/loadavg: 56.75 56.94 57.26 58/2895 18
/proc/meminfo: memFree=441097236/527542236 swapFree=33503740/33554428
[pid=16] ppid=13 vsize=17684 memory=12424 CPUtime=0.04 cores=70,74,76-77,82,87-91,93-94,105,109,182,186,188-189,194,199-203,205-206,217,221
/proc/16/stat : 16 (python3) S 13 16 0 0 -1 4194304 1895 0 96 0 3 1 0 0 20 0 1 0 53380687 18108416 3106 67087892480 4194304 7154137 140735540790192 0 0 0 0 16781312 2 1 0 0 17 91 0 0 8 0 0 9727432 11029816 32100352 140735540792141 140735540792237 140735540792237 140735540793319 0
/proc/16/statm: 4421 3106 1512 723 0 2063 0
[pid=18] ppid=16 vsize=89500 memory=82388 CPUtime=12.47 cores=70,74,76-77,82,87-91,93-94,105,109,182,186,188-189,194,199-203,205-206,217,221
/proc/18/stat : 18 (bn4rust) R 16 16 0 0 -1 4194304 41526 0 18 0 1228 19 0 0 20 0 1 0 53380700 91648000 20597 67087892480 94459375996928 94459377864049 140734255055488 0 0 0 0 4096 1088 0 0 0 17 201 0 0 1 0 0 94459378122112 94459378169048 94459391741952 140734255061776 140734255061910 140734255061910 140734255063009 0
/proc/18/statm: 22375 20597 1117 456 0 20536 0
Current children cumulated CPU time: 12.51 s
Current children cumulated vsize: 107184 KiB
Current children cumulated memory: 94812 KiB

[startup+25.5002 s]
/proc/loadavg: 56.80 56.94 57.26 58/2895 18
/proc/meminfo: memFree=441104376/527542236 swapFree=33503740/33554428
[pid=16] ppid=13 vsize=17684 memory=12424 CPUtime=0.04 cores=70,74,76-77,82,87-91,93-94,105,109,182,186,188-189,194,199-203,205-206,217,221
/proc/16/stat : 16 (python3) S 13 16 0 0 -1 4194304 1896 0 96 0 3 1 0 0 20 0 1 0 53380687 18108416 3106 67087892480 4194304 7154137 140735540790192 0 0 0 0 16781312 2 1 0 0 17 91 0 0 8 0 0 9727432 11029816 32100352 140735540792141 140735540792237 140735540792237 140735540793319 0
/proc/16/statm: 4421 3106 1512 723 0 2063 0
[pid=18] ppid=16 vsize=73444 memory=70088 CPUtime=25.22 cores=70,74,76-77,82,87-91,93-94,105,109,182,186,188-189,194,199-203,205-206,217,221
/proc/18/stat : 18 (bn4rust) R 16 16 0 0 -1 4194304 65905 0 18 0 2488 34 0 0 20 0 1 0 53380700 75206656 17522 67087892480 94459375996928 94459377864049 140734255055488 0 0 0 0 4096 1088 0 0 0 17 201 0 0 1 0 0 94459378122112 94459378169048 94459391741952 140734255061776 140734255061910 140734255061910 140734255063009 0
/proc/18/statm: 18361 17522 1117 456 0 16522 0
Current children cumulated CPU time: 25.26 s
Current children cumulated vsize: 91128 KiB
Current children cumulated memory: 82512 KiB

[startup+51.1006 s]
/proc/loadavg: 56.87 56.95 57.25 58/2897 18
/proc/meminfo: memFree=441043036/527542236 swapFree=33503740/33554428
[pid=16] ppid=13 vsize=17684 memory=12424 CPUtime=0.04 cores=70,74,76-77,82,87-91,93-94,105,109,182,186,188-189,194,199-203,205-206,217,221
/proc/16/stat : 16 (python3) S 13 16 0 0 -1 4194304 1896 0 96 0 3 1 0 0 20 0 1 0 53380687 18108416 3106 67087892480 4194304 7154137 140735540790192 0 0 0 0 16781312 2 1 0 0 17 91 0 0 8 0 0 9727432 11029816 32100352 140735540792141 140735540792237 140735540792237 140735540793319 0
/proc/16/statm: 4421 3106 1512 723 0 2063 0
[pid=18] ppid=16 vsize=118600 memory=115320 CPUtime=50.7 cores=70,74,76-77,82,87-91,93-94,105,109,182,186,188-189,194,199-203,205-206,217,221
/proc/18/stat : 18 (bn4rust) R 16 16 0 0 -1 4194304 100173 0 18 0 5015 55 0 0 20 0 1 0 53380700 121446400 28830 67087892480 94459375996928 94459377864049 140734255055488 0 0 0 0 4096 1088 0 0 0 17 201 0 0 1 0 0 94459378122112 94459378169048 94459391741952 140734255061776 140734255061910 140734255061910 140734255063009 0
/proc/18/statm: 29650 28830 1117 456 0 27811 0
Current children cumulated CPU time: 50.74 s
Current children cumulated vsize: 136284 KiB
Current children cumulated memory: 127744 KiB

[startup+102.3 s]
/proc/loadavg: 56.95 56.96 57.24 58/2898 18
/proc/meminfo: memFree=440920708/527542236 swapFree=33503740/33554428
[pid=16] ppid=13 vsize=17684 memory=12424 CPUtime=0.04 cores=70,74,76-77,82,87-91,93-94,105,109,182,186,188-189,194,199-203,205-206,217,221
/proc/16/stat : 16 (python3) S 13 16 0 0 -1 4194304 1896 0 96 0 3 1 0 0 20 0 1 0 53380687 18108416 3106 67087892480 4194304 7154137 140735540790192 0 0 0 0 16781312 2 1 0 0 17 91 0 0 8 0 0 9727432 11029816 32100352 140735540792141 140735540792237 140735540792237 140735540793319 0
/proc/16/statm: 4421 3106 1512 723 0 2063 0
[pid=18] ppid=16 vsize=143176 memory=137672 CPUtime=101.67 cores=70,74,76-77,82,87-91,93-94,105,109,182,186,188-189,194,199-203,205-206,217,221
/proc/18/stat : 18 (bn4rust) R 16 16 0 0 -1 4194304 162047 0 18 0 10051 116 0 0 20 0 1 0 53380700 146612224 34418 67087892480 94459375996928 94459377864049 140734255055488 0 0 0 0 4096 1088 0 0 0 17 201 0 0 1 0 0 94459378122112 94459378169048 94459391741952 140734255061776 140734255061910 140734255061910 140734255063009 0
/proc/18/statm: 35794 34418 1117 456 0 33955 0
Current children cumulated CPU time: 101.71 s
Current children cumulated vsize: 160860 KiB
Current children cumulated memory: 150096 KiB

[startup+162.3 s]
/proc/loadavg: 57.02 56.98 57.23 58/2896 18
/proc/meminfo: memFree=440989652/527542236 swapFree=33503740/33554428
[pid=16] ppid=13 vsize=17684 memory=12424 CPUtime=0.04 cores=70,74,76-77,82,87-91,93-94,105,109,182,186,188-189,194,199-203,205-206,217,221
/proc/16/stat : 16 (python3) S 13 16 0 0 -1 4194304 1896 0 96 0 3 1 0 0 20 0 1 0 53380687 18108416 3106 67087892480 4194304 7154137 140735540790192 0 0 0 0 16781312 2 1 0 0 17 91 0 0 8 0 0 9727432 11029816 32100352 140735540792141 140735540792237 140735540792237 140735540793319 0
/proc/16/statm: 4421 3106 1512 723 0 2063 0
[pid=18] ppid=16 vsize=255672 memory=219228 CPUtime=161.41 cores=70,74,76-77,82,87-91,93-94,105,109,182,186,188-189,194,199-203,205-206,217,221
/proc/18/stat : 18 (bn4rust) R 16 16 0 0 -1 4194304 245546 0 18 0 15923 218 0 0 20 0 1 0 53380700 261808128 54807 67087892480 94459375996928 94459377864049 140734255055488 0 0 0 0 4096 1088 0 0 0 17 201 0 0 1 0 0 94459378122112 94459378169048 94459391741952 140734255061776 140734255061910 140734255061910 140734255063009 0
/proc/18/statm: 63918 54807 1117 456 0 62079 0
Current children cumulated CPU time: 161.45 s
Current children cumulated vsize: 273356 KiB
Current children cumulated memory: 231652 KiB

[startup+222.3 s]
/proc/loadavg: 57.00 56.99 57.21 58/2895 18
/proc/meminfo: memFree=440986128/527542236 swapFree=33503740/33554428
[pid=16] ppid=13 vsize=17684 memory=12424 CPUtime=0.04 cores=70,74,76-77,82,87-91,93-94,105,109,182,186,188-189,194,199-203,205-206,217,221
/proc/16/stat : 16 (python3) S 13 16 0 0 -1 4194304 1896 0 96 0 3 1 0 0 20 0 1 0 53380687 18108416 3106 67087892480 4194304 7154137 140735540790192 0 0 0 0 16781312 2 1 0 0 17 91 0 0 8 0 0 9727432 11029816 32100352 140735540792141 140735540792237 140735540792237 140735540793319 0
/proc/16/statm: 4421 3106 1512 723 0 2063 0
[pid=18] ppid=16 vsize=177992 memory=168460 CPUtime=221.15 cores=70,74,76-77,82,87-91,93-94,105,109,182,186,188-189,194,199-203,205-206,217,221
/proc/18/stat : 18 (bn4rust) R 16 16 0 0 -1 4194304 310332 0 18 0 21808 307 0 0 20 0 1 0 53380700 182263808 42115 67087892480 94459375996928 94459377864049 140734255055488 0 0 0 0 4096 1088 0 0 0 17 201 0 0 1 0 0 94459378122112 94459378169048 94459391741952 140734255061776 140734255061910 140734255061910 140734255063009 0
/proc/18/statm: 44498 42115 1117 456 0 42659 0
Current children cumulated CPU time: 221.19 s
Current children cumulated vsize: 195676 KiB
Current children cumulated memory: 180884 KiB

[startup+282.3 s]
/proc/loadavg: 57.00 56.99 57.19 58/2898 18
/proc/meminfo: memFree=440682376/527542236 swapFree=33503740/33554428
[pid=16] ppid=13 vsize=17684 memory=12424 CPUtime=0.04 cores=70,74,76-77,82,87-91,93-94,105,109,182,186,188-189,194,199-203,205-206,217,221
/proc/16/stat : 16 (python3) S 13 16 0 0 -1 4194304 1896 0 96 0 3 1 0 0 20 0 1 0 53380687 18108416 3106 67087892480 4194304 7154137 140735540790192 0 0 0 0 16781312 2 1 0 0 17 91 0 0 8 0 0 9727432 11029816 32100352 140735540792141 140735540792237 140735540792237 140735540793319 0
/proc/16/statm: 4421 3106 1512 723 0 2063 0
[pid=18] ppid=16 vsize=497492 memory=482960 CPUtime=280.88 cores=70,74,76-77,82,87-91,93-94,105,109,182,186,188-189,194,199-203,205-206,217,221
/proc/18/stat : 18 (bn4rust) R 16 16 0 0 -1 4194304 357067 0 18 0 27671 417 0 0 20 0 1 0 53380700 509431808 120740 67087892480 94459375996928 94459377864049 140734255055488 0 0 0 0 4096 1088 0 0 0 17 201 0 0 1 0 0 94459378122112 94459378169048 94459391741952 140734255061776 140734255061910 140734255061910 140734255063009 0
/proc/18/statm: 124373 120740 1117 456 0 122534 0
Current children cumulated CPU time: 280.92 s
Current children cumulated vsize: 515176 KiB
Current children cumulated memory: 495384 KiB

[startup+342.3 s]
/proc/loadavg: 57.00 57.00 57.18 58/2883 18
/proc/meminfo: memFree=440476336/527542236 swapFree=33503740/33554428
[pid=16] ppid=13 vsize=17684 memory=12424 CPUtime=0.04 cores=70,74,76-77,82,87-91,93-94,105,109,182,186,188-189,194,199-203,205-206,217,221
/proc/16/stat : 16 (python3) S 13 16 0 0 -1 4194304 1896 0 96 0 3 1 0 0 20 0 1 0 53380687 18108416 3106 67087892480 4194304 7154137 140735540790192 0 0 0 0 16781312 2 1 0 0 17 91 0 0 8 0 0 9727432 11029816 32100352 140735540792141 140735540792237 140735540792237 140735540793319 0
/proc/16/statm: 4421 3106 1512 723 0 2063 0
[pid=18] ppid=16 vsize=433232 memory=312036 CPUtime=340.62 cores=70,74,76-77,82,87-91,93-94,105,109,182,186,188-189,194,199-203,205-206,217,221
/proc/18/stat : 18 (bn4rust) R 16 16 0 0 -1 4194304 412945 0 18 0 33552 510 0 0 20 0 1 0 53380700 443629568 78009 67087892480 94459375996928 94459377864049 140734255055488 0 0 0 0 4096 1088 0 0 0 17 201 0 0 1 0 0 94459378122112 94459378169048 94459391741952 140734255061776 140734255061910 140734255061910 140734255063009 0
/proc/18/statm: 108308 78009 1117 456 0 106469 0
Current children cumulated CPU time: 340.66 s
Current children cumulated vsize: 450916 KiB
Current children cumulated memory: 324460 KiB

[startup+402.3 s]
/proc/loadavg: 57.00 57.00 57.16 58/2881 18
/proc/meminfo: memFree=440834272/527542236 swapFree=33503740/33554428
[pid=16] ppid=13 vsize=17684 memory=12424 CPUtime=0.04 cores=70,74,76-77,82,87-91,93-94,105,109,182,186,188-189,194,199-203,205-206,217,221
/proc/16/stat : 16 (python3) S 13 16 0 0 -1 4194304 1896 0 96 0 3 1 0 0 20 0 1 0 53380687 18108416 3106 67087892480 4194304 7154137 140735540790192 0 0 0 0 16781312 2 1 0 0 17 91 0 0 8 0 0 9727432 11029816 32100352 140735540792141 140735540792237 140735540792237 140735540793319 0
/proc/16/statm: 4421 3106 1512 723 0 2063 0
[pid=18] ppid=16 vsize=576600 memory=500788 CPUtime=400.35 cores=70,74,76-77,82,87-91,93-94,105,109,182,186,188-189,194,199-203,205-206,217,221
/proc/18/stat : 18 (bn4rust) R 16 16 0 0 -1 4194304 475234 0 18 0 39384 651 0 0 20 0 1 0 53380700 590438400 125197 67087892480 94459375996928 94459377864049 140734255055488 0 0 0 0 4096 1088 0 0 0 17 201 0 0 1 0 0 94459378122112 94459378169048 94459391741952 140734255061776 140734255061910 140734255061910 140734255063009 0
/proc/18/statm: 144150 125197 1117 456 0 142311 0
Current children cumulated CPU time: 400.39 s
Current children cumulated vsize: 594284 KiB
Current children cumulated memory: 513212 KiB

[startup+462.3 s]
/proc/loadavg: 57.34 57.13 57.20 58/2881 18
/proc/meminfo: memFree=441101936/527542236 swapFree=33503740/33554428
[pid=16] ppid=13 vsize=17684 memory=12424 CPUtime=0.04 cores=70,74,76-77,82,87-91,93-94,105,109,182,186,188-189,194,199-203,205-206,217,221
/proc/16/stat : 16 (python3) S 13 16 0 0 -1 4194304 1896 0 96 0 3 1 0 0 20 0 1 0 53380687 18108416 3106 67087892480 4194304 7154137 140735540790192 0 0 0 0 16781312 2 1 0 0 17 91 0 0 8 0 0 9727432 11029816 32100352 140735540792141 140735540792237 140735540792237 140735540793319 0
/proc/16/statm: 4421 3106 1512 723 0 2063 0
[pid=18] ppid=16 vsize=334932 memory=264156 CPUtime=460.09 cores=70,74,76-77,82,87-91,93-94,105,109,182,186,188-189,194,199-203,205-206,217,221
/proc/18/stat : 18 (bn4rust) R 16 16 0 0 -1 4194304 552071 0 18 0 45219 790 0 0 20 0 1 0 53380700 342970368 66039 67087892480 94459375996928 94459377864049 140734255055488 0 0 0 0 4096 1088 0 0 0 17 201 0 0 1 0 0 94459378122112 94459378169048 94459391741952 140734255061776 140734255061910 140734255061910 140734255063009 0
/proc/18/statm: 83733 66039 1117 456 0 81894 0
Current children cumulated CPU time: 460.13 s
Current children cumulated vsize: 352616 KiB
Current children cumulated memory: 276580 KiB

[startup+522.3 s]
/proc/loadavg: 57.12 57.10 57.18 58/2881 18
/proc/meminfo: memFree=440416088/527542236 swapFree=33503740/33554428
[pid=16] ppid=13 vsize=17684 memory=12424 CPUtime=0.04 cores=70,74,76-77,82,87-91,93-94,105,109,182,186,188-189,194,199-203,205-206,217,221
/proc/16/stat : 16 (python3) S 13 16 0 0 -1 4194304 1896 0 96 0 3 1 0 0 20 0 1 0 53380687 18108416 3106 67087892480 4194304 7154137 140735540790192 0 0 0 0 16781312 2 1 0 0 17 91 0 0 8 0 0 9727432 11029816 32100352 140735540792141 140735540792237 140735540792237 140735540793319 0
/proc/16/statm: 4421 3106 1512 723 0 2063 0
[pid=18] ppid=16 vsize=1113752 memory=926944 CPUtime=519.83 cores=70,74,76-77,82,87-91,93-94,105,109,182,186,188-189,194,199-203,205-206,217,221
/proc/18/stat : 18 (bn4rust) R 16 16 0 0 -1 4194304 619269 0 18 0 51079 904 0 0 20 0 1 0 53380700 1140482048 231736 67087892480 94459375996928 94459377864049 140734255055488 0 0 0 0 4096 1088 0 0 0 17 201 0 0 1 0 0 94459378122112 94459378169048 94459391741952 140734255061776 140734255061910 140734255061910 140734255063009 0
/proc/18/statm: 278438 231736 1117 456 0 276599 0
Current children cumulated CPU time: 519.87 s
Current children cumulated vsize: 1131436 KiB
Current children cumulated memory: 939368 KiB

[startup+582.3 s]
/proc/loadavg: 57.04 57.08 57.17 58/2881 18
/proc/meminfo: memFree=440998456/527542236 swapFree=33503740/33554428
[pid=16] ppid=13 vsize=17684 memory=12424 CPUtime=0.04 cores=70,74,76-77,82,87-91,93-94,105,109,182,186,188-189,194,199-203,205-206,217,221
/proc/16/stat : 16 (python3) S 13 16 0 0 -1 4194304 1896 0 96 0 3 1 0 0 20 0 1 0 53380687 18108416 3106 67087892480 4194304 7154137 140735540790192 0 0 0 0 16781312 2 1 0 0 17 91 0 0 8 0 0 9727432 11029816 32100352 140735540792141 140735540792237 140735540792237 140735540793319 0
/proc/16/statm: 4421 3106 1512 723 0 2063 0
[pid=18] ppid=16 vsize=344224 memory=331640 CPUtime=579.57 cores=70,74,76-77,82,87-91,93-94,105,109,182,186,188-189,194,199-203,205-206,217,221
/proc/18/stat : 18 (bn4rust) R 16 16 0 0 -1 4194304 659389 0 18 0 56927 1030 0 0 20 0 1 0 53380700 352485376 82910 67087892480 94459375996928 94459377864049 140734255055488 0 0 0 0 4096 1088 0 0 0 17 201 0 0 1 0 0 94459378122112 94459378169048 94459391741952 140734255061776 140734255061910 140734255061910 140734255063009 0
/proc/18/statm: 86056 82910 1117 456 0 84217 0
Current children cumulated CPU time: 579.61 s
Current children cumulated vsize: 361908 KiB
Current children cumulated memory: 344064 KiB

[startup+642.3 s]
/proc/loadavg: 57.01 57.06 57.16 58/2880 18
/proc/meminfo: memFree=440988204/527542236 swapFree=33503740/33554428
[pid=16] ppid=13 vsize=17684 memory=12424 CPUtime=0.04 cores=70,74,76-77,82,87-91,93-94,105,109,182,186,188-189,194,199-203,205-206,217,221
/proc/16/stat : 16 (python3) S 13 16 0 0 -1 4194304 1896 0 96 0 3 1 0 0 20 0 1 0 53380687 18108416 3106 67087892480 4194304 7154137 140735540790192 0 0 0 0 16781312 2 1 0 0 17 91 0 0 8 0 0 9727432 11029816 32100352 140735540792141 140735540792237 140735540792237 140735540793319 0
/proc/16/statm: 4421 3106 1512 723 0 2063 0
[pid=18] ppid=16 vsize=499880 memory=388224 CPUtime=639.31 cores=70,74,76-77,82,87-91,93-94,105,109,182,186,188-189,194,199-203,205-206,217,221
/proc/18/stat : 18 (bn4rust) R 16 16 0 0 -1 4194304 706513 0 18 0 62769 1162 0 0 20 0 1 0 53380700 511877120 97056 67087892480 94459375996928 94459377864049 140734255055488 0 0 0 0 4096 1088 0 0 0 17 94 0 0 1 0 0 94459378122112 94459378169048 94459391741952 140734255061776 140734255061910 140734255061910 140734255063009 0
/proc/18/statm: 124970 97056 1117 456 0 123131 0
Current children cumulated CPU time: 639.35 s
Current children cumulated vsize: 517564 KiB
Current children cumulated memory: 400648 KiB

[startup+702.3 s]
/proc/loadavg: 57.00 57.05 57.14 58/2879 18
/proc/meminfo: memFree=440807092/527542236 swapFree=33503740/33554428
[pid=16] ppid=13 vsize=17684 memory=12424 CPUtime=0.04 cores=70,74,76-77,82,87-91,93-94,105,109,182,186,188-189,194,199-203,205-206,217,221
/proc/16/stat : 16 (python3) S 13 16 0 0 -1 4194304 1896 0 96 0 3 1 0 0 20 0 1 0 53380687 18108416 3106 67087892480 4194304 7154137 140735540790192 0 0 0 0 16781312 2 1 0 0 17 91 0 0 8 0 0 9727432 11029816 32100352 140735540792141 140735540792237 140735540792237 140735540793319 0
/proc/16/statm: 4421 3106 1512 723 0 2063 0
[pid=18] ppid=16 vsize=585896 memory=524424 CPUtime=699.05 cores=70,74,76-77,82,87-91,93-94,105,109,182,186,188-189,194,199-203,205-206,217,221
/proc/18/stat : 18 (bn4rust) R 16 16 0 0 -1 4194304 764440 0 18 0 68620 1285 0 0 20 0 1 0 53380700 599957504 131106 67087892480 94459375996928 94459377864049 140734255055488 0 0 0 0 4096 1088 0 0 0 17 94 0 0 1 0 0 94459378122112 94459378169048 94459391741952 140734255061776 140734255061910 140734255061910 140734255063009 0
/proc/18/statm: 146474 131106 1117 456 0 144635 0
Current children cumulated CPU time: 699.09 s
Current children cumulated vsize: 603580 KiB
Current children cumulated memory: 536848 KiB

[startup+762.3 s]
/proc/loadavg: 57.00 57.04 57.13 58/2880 18
/proc/meminfo: memFree=440430180/527542236 swapFree=33503740/33554428
[pid=16] ppid=13 vsize=17684 memory=12424 CPUtime=0.04 cores=70,74,76-77,82,87-91,93-94,105,109,182,186,188-189,194,199-203,205-206,217,221
/proc/16/stat : 16 (python3) S 13 16 0 0 -1 4194304 1896 0 96 0 3 1 0 0 20 0 1 0 53380687 18108416 3106 67087892480 4194304 7154137 140735540790192 0 0 0 0 16781312 2 1 0 0 17 91 0 0 8 0 0 9727432 11029816 32100352 140735540792141 140735540792237 140735540792237 140735540793319 0
/proc/16/statm: 4421 3106 1512 723 0 2063 0
[pid=18] ppid=16 vsize=1124876 memory=900312 CPUtime=758.79 cores=70,74,76-77,82,87-91,93-94,105,109,182,186,188-189,194,199-203,205-206,217,221
/proc/18/stat : 18 (bn4rust) R 16 16 0 0 -1 4194304 828388 0 18 0 74449 1430 0 0 20 0 1 0 53380700 1151873024 225078 67087892480 94459375996928 94459377864049 140734255055488 0 0 0 0 4096 1088 0 0 0 17 94 0 0 1 0 0 94459378122112 94459378169048 94459391741952 140734255061776 140734255061910 140734255061910 140734255063009 0
/proc/18/statm: 281219 225078 1117 456 0 279380 0
Current children cumulated CPU time: 758.83 s
Current children cumulated vsize: 1142560 KiB
Current children cumulated memory: 912736 KiB

[startup+822.3 s]
/proc/loadavg: 57.00 57.03 57.12 58/2880 18
/proc/meminfo: memFree=441967036/527542236 swapFree=33503740/33554428
[pid=16] ppid=13 vsize=17684 memory=12424 CPUtime=0.04 cores=70,74,76-77,82,87-91,93-94,105,109,182,186,188-189,194,199-203,205-206,217,221
/proc/16/stat : 16 (python3) S 13 16 0 0 -1 4194304 1896 0 96 0 3 1 0 0 20 0 1 0 53380687 18108416 3106 67087892480 4194304 7154137 140735540790192 0 0 0 0 16781312 2 1 0 0 17 91 0 0 8 0 0 9727432 11029816 32100352 140735540792141 140735540792237 140735540792237 140735540793319 0
/proc/16/statm: 4421 3106 1512 723 0 2063 0
[pid=18] ppid=16 vsize=1838224 memory=1578276 CPUtime=818.54 cores=70,74,76-77,82,87-91,93-94,105,109,182,186,188-189,194,199-203,205-206,217,221
/proc/18/stat : 18 (bn4rust) R 16 16 0 0 -1 4194304 858887 0 18 0 80294 1560 0 0 20 0 1 0 53380700 1882341376 394569 67087892480 94459375996928 94459377864049 140734255055488 0 0 0 0 4096 1088 0 0 0 17 94 0 0 1 0 0 94459378122112 94459378169048 94459391741952 140734255061776 140734255061910 140734255061910 140734255063009 0
/proc/18/statm: 459556 394569 1117 456 0 457717 0
Current children cumulated CPU time: 818.58 s
Current children cumulated vsize: 1855908 KiB
Current children cumulated memory: 1590700 KiB

[startup+882.3 s]
/proc/loadavg: 57.00 57.02 57.11 58/2882 18
/proc/meminfo: memFree=443022180/527542236 swapFree=33503740/33554428
[pid=16] ppid=13 vsize=17684 memory=12424 CPUtime=0.04 cores=70,74,76-77,82,87-91,93-94,105,109,182,186,188-189,194,199-203,205-206,217,221
/proc/16/stat : 16 (python3) S 13 16 0 0 -1 4194304 1896 0 96 0 3 1 0 0 20 0 1 0 53380687 18108416 3106 67087892480 4194304 7154137 140735540790192 0 0 0 0 16781312 2 1 0 0 17 91 0 0 8 0 0 9727432 11029816 32100352 140735540792141 140735540792237 140735540792237 140735540793319 0
/proc/16/statm: 4421 3106 1512 723 0 2063 0
[pid=18] ppid=16 vsize=681820 memory=550876 CPUtime=878.27 cores=70,74,76-77,82,87-91,93-94,105,109,182,186,188-189,194,199-203,205-206,217,221
/proc/18/stat : 18 (bn4rust) R 16 16 0 0 -1 4194304 897474 0 18 0 86136 1691 0 0 20 0 1 0 53380700 698183680 137719 67087892480 94459375996928 94459377864049 140734255055488 0 0 0 0 4096 1088 0 0 0 17 94 0 0 1 0 0 94459378122112 94459378169048 94459391741952 140734255061776 140734255061910 140734255061910 140734255063009 0
/proc/18/statm: 170455 137719 1117 456 0 168616 0
Current children cumulated CPU time: 878.31 s
Current children cumulated vsize: 699504 KiB
Current children cumulated memory: 563300 KiB

[startup+942.3 s]
/proc/loadavg: 57.00 57.02 57.10 58/2869 18
/proc/meminfo: memFree=442640668/527542236 swapFree=33503740/33554428
[pid=16] ppid=13 vsize=17684 memory=12424 CPUtime=0.04 cores=70,74,76-77,82,87-91,93-94,105,109,182,186,188-189,194,199-203,205-206,217,221
/proc/16/stat : 16 (python3) S 13 16 0 0 -1 4194304 1896 0 96 0 3 1 0 0 20 0 1 0 53380687 18108416 3106 67087892480 4194304 7154137 140735540790192 0 0 0 0 16781312 2 1 0 0 17 91 0 0 8 0 0 9727432 11029816 32100352 140735540792141 140735540792237 140735540792237 140735540793319 0
/proc/16/statm: 4421 3106 1512 723 0 2063 0
[pid=18] ppid=16 vsize=1111904 memory=883608 CPUtime=938.01 cores=70,74,76-77,82,87-91,93-94,105,109,182,186,188-189,194,199-203,205-206,217,221
/proc/18/stat : 18 (bn4rust) R 16 16 0 0 -1 4194304 948796 0 18 0 91971 1830 0 0 20 0 1 0 53380700 1138589696 220902 67087892480 94459375996928 94459377864049 140734255055488 0 0 0 0 4096 1088 0 0 0 17 93 0 0 1 0 0 94459378122112 94459378169048 94459391741952 140734255061776 140734255061910 140734255061910 140734255063009 0
/proc/18/statm: 277976 220902 1117 456 0 276137 0
Current children cumulated CPU time: 938.05 s
Current children cumulated vsize: 1129588 KiB
Current children cumulated memory: 896032 KiB

[startup+1002.3 s]
/proc/loadavg: 57.56 57.13 57.13 58/2869 18
/proc/meminfo: memFree=442954272/527542236 swapFree=33503740/33554428
[pid=16] ppid=13 vsize=17684 memory=12424 CPUtime=0.04 cores=70,74,76-77,82,87-91,93-94,105,109,182,186,188-189,194,199-203,205-206,217,221
/proc/16/stat : 16 (python3) S 13 16 0 0 -1 4194304 1896 0 96 0 3 1 0 0 20 0 1 0 53380687 18108416 3106 67087892480 4194304 7154137 140735540790192 0 0 0 0 16781312 2 1 0 0 17 91 0 0 8 0 0 9727432 11029816 32100352 140735540792141 140735540792237 140735540792237 140735540793319 0
/proc/16/statm: 4421 3106 1512 723 0 2063 0
[pid=18] ppid=16 vsize=866140 memory=798496 CPUtime=997.74 cores=70,74,76-77,82,87-91,93-94,105,109,182,186,188-189,194,199-203,205-206,217,221
/proc/18/stat : 18 (bn4rust) R 16 16 0 0 -1 4194304 1007887 0 18 0 97797 1977 0 0 20 0 1 0 53380700 886927360 199624 67087892480 94459375996928 94459377864049 140734255055488 0 0 0 0 4096 1088 0 0 0 17 205 0 0 1 0 0 94459378122112 94459378169048 94459391741952 140734255061776 140734255061910 140734255061910 140734255063009 0
/proc/18/statm: 216535 199624 1117 456 0 214696 0
Current children cumulated CPU time: 997.78 s
Current children cumulated vsize: 883824 KiB
Current children cumulated memory: 810920 KiB

[startup+1062.3 s]
/proc/loadavg: 57.25 57.12 57.12 58/2857 18
/proc/meminfo: memFree=442924716/527542236 swapFree=33503740/33554428
[pid=16] ppid=13 vsize=17684 memory=12424 CPUtime=0.04 cores=70,74,76-77,82,87-91,93-94,105,109,182,186,188-189,194,199-203,205-206,217,221
/proc/16/stat : 16 (python3) S 13 16 0 0 -1 4194304 1896 0 96 0 3 1 0 0 20 0 1 0 53380687 18108416 3106 67087892480 4194304 7154137 140735540790192 0 0 0 0 16781312 2 1 0 0 17 91 0 0 8 0 0 9727432 11029816 32100352 140735540792141 140735540792237 140735540792237 140735540793319 0
/proc/16/statm: 4421 3106 1512 723 0 2063 0
[pid=18] ppid=16 vsize=718688 memory=601024 CPUtime=1057.48 cores=70,74,76-77,82,87-91,93-94,105,109,182,186,188-189,194,199-203,205-206,217,221
/proc/18/stat : 18 (bn4rust) R 16 16 0 0 -1 4194304 1074282 0 18 0 103632 2116 0 0 20 0 1 0 53380700 735936512 150256 67087892480 94459375996928 94459377864049 140734255055488 0 0 0 0 4096 1088 0 0 0 17 89 0 0 1 0 0 94459378122112 94459378169048 94459391741952 140734255061776 140734255061910 140734255061910 140734255063009 0
/proc/18/statm: 179672 150256 1117 456 0 177833 0
Current children cumulated CPU time: 1057.52 s
Current children cumulated vsize: 736372 KiB
Current children cumulated memory: 613448 KiB

[startup+1122.3 s]
/proc/loadavg: 57.09 57.09 57.11 58/2857 18
/proc/meminfo: memFree=442871816/527542236 swapFree=33503740/33554428
[pid=16] ppid=13 vsize=17684 memory=12424 CPUtime=0.04 cores=70,74,76-77,82,87-91,93-94,105,109,182,186,188-189,194,199-203,205-206,217,221
/proc/16/stat : 16 (python3) S 13 16 0 0 -1 4194304 1896 0 96 0 3 1 0 0 20 0 1 0 53380687 18108416 3106 67087892480 4194304 7154137 140735540790192 0 0 0 0 16781312 2 1 0 0 17 91 0 0 8 0 0 9727432 11029816 32100352 140735540792141 140735540792237 140735540792237 140735540793319 0
/proc/16/statm: 4421 3106 1512 723 0 2063 0
[pid=18] ppid=16 vsize=718684 memory=661220 CPUtime=1117.22 cores=70,74,76-77,82,87-91,93-94,105,109,182,186,188-189,194,199-203,205-206,217,221
/proc/18/stat : 18 (bn4rust) R 16 16 0 0 -1 4194304 1146134 0 18 0 109463 2259 0 0 20 0 1 0 53380700 735932416 165305 67087892480 94459375996928 94459377864049 140734255055488 0 0 0 0 4096 1088 0 0 0 17 201 0 0 1 0 0 94459378122112 94459378169048 94459391741952 140734255061776 140734255061910 140734255061910 140734255063009 0
/proc/18/statm: 179671 165305 1117 456 0 177832 0
Current children cumulated CPU time: 1117.26 s
Current children cumulated vsize: 736368 KiB
Current children cumulated memory: 673644 KiB

[startup+1182.3 s]
/proc/loadavg: 57.03 57.07 57.10 58/2858 18
/proc/meminfo: memFree=441935608/527542236 swapFree=33503740/33554428
[pid=16] ppid=13 vsize=17684 memory=12424 CPUtime=0.04 cores=70,74,76-77,82,87-91,93-94,105,109,182,186,188-189,194,199-203,205-206,217,221
/proc/16/stat : 16 (python3) S 13 16 0 0 -1 4194304 1896 0 96 0 3 1 0 0 20 0 1 0 53380687 18108416 3106 67087892480 4194304 7154137 140735540790192 0 0 0 0 16781312 2 1 0 0 17 91 0 0 8 0 0 9727432 11029816 32100352 140735540792141 140735540792237 140735540792237 140735540793319 0
/proc/16/statm: 4421 3106 1512 723 0 2063 0
[pid=18] ppid=16 vsize=2039656 memory=1598360 CPUtime=1176.96 cores=70,74,76-77,82,87-91,93-94,105,109,182,186,188-189,194,199-203,205-206,217,221
/proc/18/stat : 18 (bn4rust) R 16 16 0 0 -1 4194304 1178103 0 18 0 115299 2397 0 0 20 0 1 0 53380700 2088607744 399590 67087892480 94459375996928 94459377864049 140734255055488 0 0 0 0 4096 1088 0 0 0 17 201 0 0 1 0 0 94459378122112 94459378169048 94459391741952 140734255061776 140734255061910 140734255061910 140734255063009 0
/proc/18/statm: 509914 399590 1117 456 0 508075 0
Current children cumulated CPU time: 1177 s
Current children cumulated vsize: 2057340 KiB
Current children cumulated memory: 1610784 KiB

[startup+1242.3 s]
/proc/loadavg: 57.01 57.06 57.09 58/2855 18
/proc/meminfo: memFree=442841508/527542236 swapFree=33503740/33554428
[pid=16] ppid=13 vsize=17684 memory=12424 CPUtime=0.04 cores=70,74,76-77,82,87-91,93-94,105,109,182,186,188-189,194,199-203,205-206,217,221
/proc/16/stat : 16 (python3) S 13 16 0 0 -1 4194304 1896 0 96 0 3 1 0 0 20 0 1 0 53380687 18108416 3106 67087892480 4194304 7154137 140735540790192 0 0 0 0 16781312 2 1 0 0 17 91 0 0 8 0 0 9727432 11029816 32100352 140735540792141 140735540792237 140735540792237 140735540793319 0
/proc/16/statm: 4421 3106 1512 723 0 2063 0
[pid=18] ppid=16 vsize=915292 memory=694036 CPUtime=1236.7 cores=70,74,76-77,82,87-91,93-94,105,109,182,186,188-189,194,199-203,205-206,217,221
/proc/18/stat : 18 (bn4rust) R 16 16 0 0 -1 4194304 1207624 0 18 0 121150 2520 0 0 20 0 1 0 53380700 937259008 173509 67087892480 94459375996928 94459377864049 140734255055488 0 0 0 0 4096 1088 0 0 0 17 201 0 0 1 0 0 94459378122112 94459378169048 94459391741952 140734255061776 140734255061910 140734255061910 140734255063009 0
/proc/18/statm: 228823 173509 1117 456 0 226984 0
Current children cumulated CPU time: 1236.74 s
Current children cumulated vsize: 932976 KiB
Current children cumulated memory: 706460 KiB

[startup+1302.3 s]
/proc/loadavg: 57.00 57.04 57.08 58/2855 18
/proc/meminfo: memFree=442607820/527542236 swapFree=33503740/33554428
[pid=16] ppid=13 vsize=17684 memory=12424 CPUtime=0.04 cores=70,74,76-77,82,87-91,93-94,105,109,182,186,188-189,194,199-203,205-206,217,221
/proc/16/stat : 16 (python3) S 13 16 0 0 -1 4194304 1896 0 96 0 3 1 0 0 20 0 1 0 53380687 18108416 3106 67087892480 4194304 7154137 140735540790192 0 0 0 0 16781312 2 1 0 0 17 91 0 0 8 0 0 9727432 11029816 32100352 140735540792141 140735540792237 140735540792237 140735540793319 0
/proc/16/statm: 4421 3106 1512 723 0 2063 0
[pid=18] ppid=16 vsize=1124788 memory=923464 CPUtime=1296.45 cores=70,74,76-77,82,87-91,93-94,105,109,182,186,188-189,194,199-203,205-206,217,221
/proc/18/stat : 18 (bn4rust) R 16 16 0 0 -1 4194304 1242925 0 18 0 126988 2657 0 0 20 0 1 0 53380700 1151782912 230866 67087892480 94459375996928 94459377864049 140734255055488 0 0 0 0 4096 1088 0 0 0 17 201 0 0 1 0 0 94459378122112 94459378169048 94459391741952 140734255061776 140734255061910 140734255061910 140734255063009 0
/proc/18/statm: 281197 230866 1117 456 0 279358 0
Current children cumulated CPU time: 1296.49 s
Current children cumulated vsize: 1142472 KiB
Current children cumulated memory: 935888 KiB

[startup+1362.3 s]
/proc/loadavg: 57.00 57.03 57.08 58/2854 18
/proc/meminfo: memFree=442531936/527542236 swapFree=33503740/33554428
[pid=16] ppid=13 vsize=17684 memory=12424 CPUtime=0.04 cores=70,74,76-77,82,87-91,93-94,105,109,182,186,188-189,194,199-203,205-206,217,221
/proc/16/stat : 16 (python3) S 13 16 0 0 -1 4194304 1896 0 96 0 3 1 0 0 20 0 1 0 53380687 18108416 3106 67087892480 4194304 7154137 140735540790192 0 0 0 0 16781312 2 1 0 0 17 91 0 0 8 0 0 9727432 11029816 32100352 140735540792141 140735540792237 140735540792237 140735540793319 0
/proc/16/statm: 4421 3106 1512 723 0 2063 0
[pid=18] ppid=16 vsize=1225048 memory=1004480 CPUtime=1356.18 cores=70,74,76-77,82,87-91,93-94,105,109,182,186,188-189,194,199-203,205-206,217,221
/proc/18/stat : 18 (bn4rust) R 16 16 0 0 -1 4194304 1279443 0 18 0 132832 2786 0 0 20 0 1 0 53380700 1254449152 251120 67087892480 94459375996928 94459377864049 140734255055488 0 0 0 0 4096 1088 0 0 0 17 201 0 0 1 0 0 94459378122112 94459378169048 94459391741952 140734255061776 140734255061910 140734255061910 140734255063009 0
/proc/18/statm: 306262 251120 1117 456 0 304423 0
Current children cumulated CPU time: 1356.22 s
Current children cumulated vsize: 1242732 KiB
Current children cumulated memory: 1016904 KiB

[startup+1422.3 s]
/proc/loadavg: 57.00 57.03 57.07 58/2853 18
/proc/meminfo: memFree=442896188/527542236 swapFree=33503740/33554428
[pid=16] ppid=13 vsize=17684 memory=12424 CPUtime=0.04 cores=70,74,76-77,82,87-91,93-94,105,109,182,186,188-189,194,199-203,205-206,217,221
/proc/16/stat : 16 (python3) S 13 16 0 0 -1 4194304 1896 0 96 0 3 1 0 0 20 0 1 0 53380687 18108416 3106 67087892480 4194304 7154137 140735540790192 0 0 0 0 16781312 2 1 0 0 17 91 0 0 8 0 0 9727432 11029816 32100352 140735540792141 140735540792237 140735540792237 140735540793319 0
/proc/16/statm: 4421 3106 1512 723 0 2063 0
[pid=18] ppid=16 vsize=980832 memory=727864 CPUtime=1415.92 cores=70,74,76-77,82,87-91,93-94,105,109,182,186,188-189,194,199-203,205-206,217,221
/proc/18/stat : 18 (bn4rust) R 16 16 0 0 -1 4194304 1320717 0 18 0 138670 2922 0 0 20 0 1 0 53380700 1004371968 181966 67087892480 94459375996928 94459377864049 140734255055488 0 0 0 0 4096 1088 0 0 0 17 201 0 0 1 0 0 94459378122112 94459378169048 94459391741952 140734255061776 140734255061910 140734255061910 140734255063009 0
/proc/18/statm: 245208 181966 1117 456 0 243369 0
Current children cumulated CPU time: 1415.96 s
Current children cumulated vsize: 998516 KiB
Current children cumulated memory: 740288 KiB

[startup+1482.3 s]
/proc/loadavg: 57.00 57.02 57.06 58/2855 18
/proc/meminfo: memFree=442603460/527542236 swapFree=33503740/33554428
[pid=16] ppid=13 vsize=17684 memory=12424 CPUtime=0.04 cores=70,74,76-77,82,87-91,93-94,105,109,182,186,188-189,194,199-203,205-206,217,221
/proc/16/stat : 16 (python3) S 13 16 0 0 -1 4194304 1896 0 96 0 3 1 0 0 20 0 1 0 53380687 18108416 3106 67087892480 4194304 7154137 140735540790192 0 0 0 0 16781312 2 1 0 0 17 91 0 0 8 0 0 9727432 11029816 32100352 140735540792141 140735540792237 140735540792237 140735540793319 0
/proc/16/statm: 4421 3106 1512 723 0 2063 0
[pid=18] ppid=16 vsize=1062752 memory=940976 CPUtime=1475.65 cores=70,74,76-77,82,87-91,93-94,105,109,182,186,188-189,194,199-203,205-206,217,221
/proc/18/stat : 18 (bn4rust) R 16 16 0 0 -1 4194304 1363848 0 18 0 144522 3043 0 0 20 0 1 0 53380700 1088258048 235244 67087892480 94459375996928 94459377864049 140734255055488 0 0 0 0 4096 1088 0 0 0 17 201 0 0 1 0 0 94459378122112 94459378169048 94459391741952 140734255061776 140734255061910 140734255061910 140734255063009 0
/proc/18/statm: 265688 235244 1117 456 0 263849 0
Current children cumulated CPU time: 1475.69 s
Current children cumulated vsize: 1080436 KiB
Current children cumulated memory: 953400 KiB

[startup+1542.3 s]
/proc/loadavg: 57.00 57.01 57.06 58/2854 18
/proc/meminfo: memFree=442567540/527542236 swapFree=33503740/33554428
[pid=16] ppid=13 vsize=17684 memory=12424 CPUtime=0.04 cores=70,74,76-77,82,87-91,93-94,105,109,182,186,188-189,194,199-203,205-206,217,221
/proc/16/stat : 16 (python3) S 13 16 0 0 -1 4194304 1896 0 96 0 3 1 0 0 20 0 1 0 53380687 18108416 3106 67087892480 4194304 7154137 140735540790192 0 0 0 0 16781312 2 1 0 0 17 91 0 0 8 0 0 9727432 11029816 32100352 140735540792141 140735540792237 140735540792237 140735540793319 0
/proc/16/statm: 4421 3106 1512 723 0 2063 0
[pid=18] ppid=16 vsize=1210208 memory=977848 CPUtime=1535.39 cores=70,74,76-77,82,87-91,93-94,105,109,182,186,188-189,194,199-203,205-206,217,221
/proc/18/stat : 18 (bn4rust) R 16 16 0 0 -1 4194304 1420082 0 18 0 150359 3180 0 0 20 0 1 0 53380700 1239252992 244462 67087892480 94459375996928 94459377864049 140734255055488 0 0 0 0 4096 1088 0 0 0 17 201 0 0 1 0 0 94459378122112 94459378169048 94459391741952 140734255061776 140734255061910 140734255061910 140734255063009 0
/proc/18/statm: 302552 244462 1117 456 0 300713 0
Current children cumulated CPU time: 1535.43 s
Current children cumulated vsize: 1227892 KiB
Current children cumulated memory: 990272 KiB

[startup+1602.3 s]
/proc/loadavg: 57.00 57.01 57.05 58/2854 18
/proc/meminfo: memFree=442904784/527542236 swapFree=33503740/33554428
[pid=16] ppid=13 vsize=17684 memory=12424 CPUtime=0.04 cores=70,74,76-77,82,87-91,93-94,105,109,182,186,188-189,194,199-203,205-206,217,221
/proc/16/stat : 16 (python3) S 13 16 0 0 -1 4194304 1896 0 96 0 3 1 0 0 20 0 1 0 53380687 18108416 3106 67087892480 4194304 7154137 140735540790192 0 0 0 0 16781312 2 1 0 0 17 91 0 0 8 0 0 9727432 11029816 32100352 140735540792141 140735540792237 140735540792237 140735540793319 0
/proc/16/statm: 4421 3106 1512 723 0 2063 0
[pid=18] ppid=16 vsize=1013596 memory=870252 CPUtime=1595.13 cores=70,74,76-77,82,87-91,93-94,105,109,182,186,188-189,194,199-203,205-206,217,221
/proc/18/stat : 18 (bn4rust) R 16 16 0 0 -1 4194304 1481316 0 18 0 156184 3329 0 0 20 0 1 0 53380700 1037922304 217563 67087892480 94459375996928 94459377864049 140734255055488 0 0 0 0 4096 1088 0 0 0 17 201 0 0 1 0 0 94459378122112 94459378169048 94459391741952 140734255061776 140734255061910 140734255061910 140734255063009 0
/proc/18/statm: 253399 217563 1117 456 0 251560 0
Current children cumulated CPU time: 1595.17 s
Current children cumulated vsize: 1031280 KiB
Current children cumulated memory: 882676 KiB

[startup+1662.3 s]
/proc/loadavg: 57.00 57.00 57.05 58/2854 18
/proc/meminfo: memFree=441981924/527542236 swapFree=33503740/33554428
[pid=16] ppid=13 vsize=17684 memory=12424 CPUtime=0.04 cores=70,74,76-77,82,87-91,93-94,105,109,182,186,188-189,194,199-203,205-206,217,221
/proc/16/stat : 16 (python3) S 13 16 0 0 -1 4194304 1896 0 96 0 3 1 0 0 20 0 1 0 53380687 18108416 3106 67087892480 4194304 7154137 140735540790192 0 0 0 0 16781312 2 1 0 0 17 91 0 0 8 0 0 9727432 11029816 32100352 140735540792141 140735540792237 140735540792237 140735540793319 0
/proc/16/statm: 4421 3106 1512 723 0 2063 0
[pid=18] ppid=16 vsize=2279076 memory=1786812 CPUtime=1654.87 cores=70,74,76-77,82,87-91,93-94,105,109,182,186,188-189,194,199-203,205-206,217,221
/proc/18/stat : 18 (bn4rust) R 16 16 0 0 -1 4194304 1528171 0 18 0 162009 3478 0 0 20 0 1 0 53380700 2333773824 446703 67087892480 94459375996928 94459377864049 140734255055488 0 0 0 0 4096 1088 0 0 0 17 201 0 0 1 0 0 94459378122112 94459378169048 94459391741952 140734255061776 140734255061910 140734255061910 140734255063009 0
/proc/18/statm: 569769 446703 1117 456 0 567930 0
Current children cumulated CPU time: 1654.91 s
Current children cumulated vsize: 2296760 KiB
Current children cumulated memory: 1799236 KiB

[startup+1722.3 s]
/proc/loadavg: 57.60 57.18 57.10 58/2859 18
/proc/meminfo: memFree=442150420/527542236 swapFree=33503740/33554428
[pid=16] ppid=13 vsize=17684 memory=12424 CPUtime=0.04 cores=70,74,76-77,82,87-91,93-94,105,109,182,186,188-189,194,199-203,205-206,217,221
/proc/16/stat : 16 (python3) S 13 16 0 0 -1 4194304 1896 0 96 0 3 1 0 0 20 0 1 0 53380687 18108416 3106 67087892480 4194304 7154137 140735540790192 0 0 0 0 16781312 2 1 0 0 17 91 0 0 8 0 0 9727432 11029816 32100352 140735540792141 140735540792237 140735540792237 140735540793319 0
/proc/16/statm: 4421 3106 1512 723 0 2063 0
[pid=18] ppid=16 vsize=1991124 memory=1584832 CPUtime=1714.59 cores=70,74,76-77,82,87-91,93-94,105,109,182,186,188-189,194,199-203,205-206,217,221
/proc/18/stat : 18 (bn4rust) R 16 16 0 0 -1 4194304 1552851 0 18 0 167843 3616 0 0 20 0 1 0 53380700 2038910976 396208 67087892480 94459375996928 94459377864049 140734255055488 0 0 0 0 4096 1088 0 0 0 17 201 0 0 1 0 0 94459378122112 94459378169048 94459391741952 140734255061776 140734255061910 140734255061910 140734255063009 0
/proc/18/statm: 497781 396208 1117 456 0 495942 0
Current children cumulated CPU time: 1714.63 s
Current children cumulated vsize: 2008808 KiB
Current children cumulated memory: 1597256 KiB

[startup+1782.3 s]
/proc/loadavg: 57.22 57.14 57.09 58/2862 18
/proc/meminfo: memFree=442619496/527542236 swapFree=33503740/33554428
[pid=16] ppid=13 vsize=17684 memory=12424 CPUtime=0.04 cores=70,74,76-77,82,87-91,93-94,105,109,182,186,188-189,194,199-203,205-206,217,221
/proc/16/stat : 16 (python3) S 13 16 0 0 -1 4194304 1896 0 96 0 3 1 0 0 20 0 1 0 53380687 18108416 3106 67087892480 4194304 7154137 140735540790192 0 0 0 0 16781312 2 1 0 0 17 91 0 0 8 0 0 9727432 11029816 32100352 140735540792141 140735540792237 140735540792237 140735540793319 0
/proc/16/statm: 4421 3106 1512 723 0 2063 0
[pid=18] ppid=16 vsize=1308508 memory=1128340 CPUtime=1774.33 cores=70,74,76-77,82,87-91,93-94,105,109,182,186,188-189,194,199-203,205-206,217,221
/proc/18/stat : 18 (bn4rust) R 16 16 0 0 -1 4194304 1576608 0 18 0 173702 3731 0 0 20 0 1 0 53380700 1339912192 282085 67087892480 94459375996928 94459377864049 140734255055488 0 0 0 0 4096 1088 0 0 0 17 201 0 0 1 0 0 94459378122112 94459378169048 94459391741952 140734255061776 140734255061910 140734255061910 140734255063009 0
/proc/18/statm: 327127 282085 1117 456 0 325288 0
Current children cumulated CPU time: 1774.37 s
Current children cumulated vsize: 1326192 KiB
Current children cumulated memory: 1140764 KiB



Maximum wall clock time exceeded: sending SIGTERM then SIGKILL

[startup+1800 s]*
/proc/loadavg: 57.17 57.14 57.09 58/2862 18
/proc/meminfo: memFree=441086372/527542236 swapFree=33503740/33554428
[pid=16] ppid=13 vsize=17684 memory=12424 CPUtime=0.04 cores=70,74,76-77,82,87-91,93-94,105,109,182,186,188-189,194,199-203,205-206,217,221
/proc/16/stat : 16 (python3) S 13 16 0 0 -1 4194304 1896 0 96 0 3 1 0 0 20 0 1 0 53380687 18108416 3106 67087892480 4194304 7154137 140735540790192 0 0 0 0 16781312 2 1 0 0 17 91 0 0 8 0 0 9727432 11029816 32100352 140735540792141 140735540792237 140735540792237 140735540793319 0
/proc/16/statm: 4421 3106 1512 723 0 2063 0
[pid=18] ppid=16 vsize=3116988 memory=2647952 CPUtime=1791.95 cores=70,74,76-77,82,87-91,93-94,105,109,182,186,188-189,194,199-203,205-206,217,221
/proc/18/stat : 18 (bn4rust) R 16 16 0 0 -1 4194304 1585314 0 18 0 175410 3785 0 0 20 0 1 0 53380700 3191795712 661988 67087892480 94459375996928 94459377864049 140734255055488 0 0 0 0 4096 1088 0 0 0 17 201 0 0 1 0 0 94459378122112 94459378169048 94459391741952 140734255061776 140734255061910 140734255061910 140734255063009 0
/proc/18/statm: 779247 661988 1117 456 0 777408 0
Current children cumulated CPU time: 1791.99 s
Current children cumulated vsize: 3134672 KiB
Current children cumulated memory: 2660376 KiB

Sending SIGTERM to process tree (bottom up)
Sleeping 2 seconds

[startup+1800.01 s]
# the end of solver process 16 was just reported to runsolver
# cumulated CPU time of all completed processes:  user=0.033153 s, system=0.01377 s

[startup+1800.02 s]
# the end of solver process 18 was just reported to runsolver
# cumulated CPU time of all completed processes:  user=1754.14 s, system=37.8853 s
# this solver process was not waited by its parent and was adopted by runsolver

Solver just ended.
??? end of watcher thread
Dumping a history of the last processes samples

Child ended because it received signal 15 (SIGTERM)
Real time (s): 1800.02
CPU time (s): 1792.03
CPU user time (s): 1754.14
CPU system time (s): 37.8853
CPU usage (%): 99.556
Max. virtual memory (cumulated for all children) (KiB): 4076444
Max. memory (cumulated for all children) (KiB): 3551264

getrusage(RUSAGE_CHILDREN,...) data:
user time used= 1754.14
system time used= 37.8853
maximum resident set size= 3539704
integral shared memory size= 0
integral unshared data size= 0
integral unshared stack size= 0
page reclaims= 1587210
page faults= 114
swaps= 0
block input operations= 19512
block output operations= 8
messages sent= 0
messages received= 0
signals received= 0
voluntary context switches= 978
involuntary context switches= 2208


# summary of solver processes directly reported to runsolver:
#   pid: 16,18
#   total CPU time (s): 1792.03
#   total CPU user time (s): 1754.14
#   total CPU system time (s): 37.8853

??? join timestamper begins
??? join timestamper ends
??? end of timestamper thread
runsolver used 1.61923 second user time and 2.42522 second system time

The end
