runsolver version 3.4.1 (svn: 3018) Copyright (C) 2010-2013 Olivier ROUSSEL

This program is distributed in the hope that it will be useful,
but WITHOUT ANY WARRANTY; without even the implied warranty of
MERCHANTABILITY or FITNESS FOR A PARTICULAR PURPOSE.  See the
GNU General Public License for more details.

NUMA information:
  number of nodes: 8
  memory of node 0: 63700 MiB (39446 MiB free)
  memory of node 1: 64504 MiB (56037 MiB free)
  memory of node 2: 64504 MiB (52075 MiB free)
  memory of node 3: 64461 MiB (48577 MiB free)
  memory of node 4: 64504 MiB (46212 MiB free)
  memory of node 5: 64504 MiB (53165 MiB free)
  memory of node 6: 64504 MiB (53522 MiB free)
  memory of node 7: 64491 MiB (54510 MiB free)
  node distances:
     10  12  12  12  21  21  21  21
     12  10  12  12  21  21  21  21
     12  12  10  12  21  21  21  21
     12  12  12  10  21  21  21  21
     21  21  21  21  10  12  12  12
     21  21  21  21  12  10  12  12
     21  21  21  21  12  12  10  12
     21  21  21  21  12  12  12  10

command line: /usr/local/bin/runsolver --timestamp -w /output/runsolver-watch.log -v /output/runsolver-values.log -o /output/solver-output.log -C 1800.0 -W 1800.0 -R 64000 /opt/solver/run_bn4rust.py --mode cyber-complement-gfp-plus-immutable --instance /input/model_113.bnet 

running on 14 cores: 60,63,67,72,78-79,82,84-85,190-191,194,196-197

Enforcing CPUTime limit (soft limit, will send SIGTERM then SIGKILL): 1800 seconds
Enforcing CPUTime limit (hard limit, will send SIGXCPU): 1830 seconds
Enforcing wall clock limit (soft limit, will send SIGTERM then SIGKILL): 1800 seconds
Enforcing RSS+Swap limit (soft limit, will send SIGTERM then SIGKILL): 65536000 KiB
Linux 4.18.0-553.159.1.el8_10.x86_64
Current StackSize limit: 18014398509481983 KiB

solver pid=16, runsolver pid=13

[startup+0.101056 s]*
/proc/loadavg: 48.95 50.33 50.66 51/3024 17
/proc/meminfo: memFree=413219480/527542272 swapFree=33468668/33554428
[pid=16] ppid=13 vsize=14576 memory=10032 CPUtime=0.02 cores=59-60,63,67-72,78-79,82,84-85,171-172,175,179-184,190-191,194,196-197
/proc/16/stat : 16 (python3) R 13 16 0 0 -1 4194304 1347 0 80 0 1 1 0 0 20 0 1 0 53413126 14925824 2508 67087892480 4194304 7154137 140737262379632 0 0 0 0 16781312 2 0 0 0 17 196 0 0 6 0 0 9727432 11029816 44781568 140737262385982 140737262386093 140737262386093 140737262387175 0
/proc/16/statm: 3900 2508 1407 723 0 1636 0
Current children cumulated CPU time: 0.02 s
Current children cumulated vsize: 14576 KiB
Current children cumulated memory: 10032 KiB

[startup+0.201407 s]*
/proc/loadavg: 48.95 50.33 50.66 51/3025 18
/proc/meminfo: memFree=413210984/527542272 swapFree=33468668/33554428
[pid=16] ppid=13 vsize=17684 memory=12484 CPUtime=0.04 cores=59-60,63,67-72,78-79,82,84-85,171-172,175,179-184,190-191,194,196-197
/proc/16/stat : 16 (python3) S 13 16 0 0 -1 4194304 1892 0 96 0 3 1 0 0 20 0 1 0 53413126 18108416 3121 67087892480 4194304 7154137 140737262379632 0 0 0 0 16781312 2 1 0 0 17 196 0 0 8 0 0 9727432 11029816 44781568 140737262385982 140737262386093 140737262386093 140737262387175 0
/proc/16/statm: 4421 3121 1527 723 0 2063 0
[pid=18] ppid=16 vsize=8408 memory=5024 CPUtime=0.03 cores=59-60,63,67-72,78-79,82,84-85,171-172,175,179-184,190-191,194,196-197
/proc/18/stat : 18 (bn4rust) R 16 16 0 0 -1 4194304 509 0 17 0 3 0 0 0 20 0 1 0 53413140 8609792 1256 67087892480 94004580372480 94004582239601 140733946334944 0 0 0 0 4096 1088 0 0 0 17 197 0 0 1 0 0 94004582497664 94004582544600 94004596572160 140733946338049 140733946338198 140733946338198 140733946339297 0
/proc/18/statm: 2102 1256 1055 456 0 263 0
Current children cumulated CPU time: 0.07 s
Current children cumulated vsize: 26092 KiB
Current children cumulated memory: 17508 KiB

[startup+0.301409 s]*
/proc/loadavg: 48.95 50.33 50.66 51/3025 18
/proc/meminfo: memFree=413207964/527542272 swapFree=33468668/33554428
[pid=16] ppid=13 vsize=17684 memory=12484 CPUtime=0.04 cores=59-60,63,67-72,78-79,82,84-85,171-172,175,179-184,190-191,194,196-197
/proc/16/stat : 16 (python3) S 13 16 0 0 -1 4194304 1893 0 96 0 3 1 0 0 20 0 1 0 53413126 18108416 3121 67087892480 4194304 7154137 140737262379632 0 0 0 0 16781312 2 1 0 0 17 196 0 0 8 0 0 9727432 11029816 44781568 140737262385982 140737262386093 140737262386093 140737262387175 0
/proc/16/statm: 4421 3121 1527 723 0 2063 0
[pid=18] ppid=16 vsize=9424 memory=5836 CPUtime=0.13 cores=59-60,63,67-72,78-79,82,84-85,171-172,175,179-184,190-191,194,196-197
/proc/18/stat : 18 (bn4rust) R 16 16 0 0 -1 4194304 1812 0 17 0 13 0 0 0 20 0 1 0 53413140 9650176 1459 67087892480 94004580372480 94004582239601 140733946334944 0 0 0 0 4096 1088 0 0 0 17 197 0 0 1 0 0 94004582497664 94004582544600 94004596572160 140733946338049 140733946338198 140733946338198 140733946339297 0
/proc/18/statm: 2356 1459 1055 456 0 517 0
Current children cumulated CPU time: 0.17 s
Current children cumulated vsize: 27108 KiB
Current children cumulated memory: 18320 KiB

[startup+0.700417 s]
/proc/loadavg: 48.95 50.33 50.66 52/3025 18
/proc/meminfo: memFree=413168460/527542272 swapFree=33468668/33554428
[pid=16] ppid=13 vsize=17684 memory=12484 CPUtime=0.04 cores=59-60,63,67-72,78-79,82,84-85,171-172,175,179-184,190-191,194,196-197
/proc/16/stat : 16 (python3) S 13 16 0 0 -1 4194304 1893 0 96 0 3 1 0 0 20 0 1 0 53413126 18108416 3121 67087892480 4194304 7154137 140737262379632 0 0 0 0 16781312 2 1 0 0 17 196 0 0 8 0 0 9727432 11029816 44781568 140737262385982 140737262386093 140737262386093 140737262387175 0
/proc/16/statm: 4421 3121 1527 723 0 2063 0
[pid=18] ppid=16 vsize=14796 memory=11240 CPUtime=0.52 cores=59-60,63,67-72,78-79,82,84-85,171-172,175,179-184,190-191,194,196-197
/proc/18/stat : 18 (bn4rust) R 16 16 0 0 -1 4194304 7596 0 17 0 51 1 0 0 20 0 1 0 53413140 15151104 2810 67087892480 94004580372480 94004582239601 140733946334944 0 0 0 0 4096 1088 0 0 0 17 197 0 0 1 0 0 94004582497664 94004582544600 94004596572160 140733946338049 140733946338198 140733946338198 140733946339297 0
/proc/18/statm: 3699 2810 1055 456 0 1860 0
Current children cumulated CPU time: 0.56 s
Current children cumulated vsize: 32480 KiB
Current children cumulated memory: 23724 KiB

[startup+1.50036 s]
/proc/loadavg: 49.03 50.32 50.66 51/3025 18
/proc/meminfo: memFree=413152500/527542272 swapFree=33468668/33554428
[pid=16] ppid=13 vsize=17684 memory=12484 CPUtime=0.04 cores=59-60,63,67-72,78-79,82,84-85,171-172,175,179-184,190-191,194,196-197
/proc/16/stat : 16 (python3) S 13 16 0 0 -1 4194304 1893 0 96 0 3 1 0 0 20 0 1 0 53413126 18108416 3121 67087892480 4194304 7154137 140737262379632 0 0 0 0 16781312 2 1 0 0 17 196 0 0 8 0 0 9727432 11029816 44781568 140737262385982 140737262386093 140737262386093 140737262387175 0
/proc/16/statm: 4421 3121 1527 723 0 2063 0
[pid=18] ppid=16 vsize=22916 memory=19428 CPUtime=1.32 cores=59-60,63,67-72,78-79,82,84-85,171-172,175,179-184,190-191,194,196-197
/proc/18/stat : 18 (bn4rust) R 16 16 0 0 -1 4194304 12252 0 17 0 130 2 0 0 20 0 1 0 53413140 23465984 4857 67087892480 94004580372480 94004582239601 140733946334944 0 0 0 0 4096 1088 0 0 0 17 85 0 0 1 0 0 94004582497664 94004582544600 94004596572160 140733946338049 140733946338198 140733946338198 140733946339297 0
/proc/18/statm: 5729 4857 1055 456 0 3890 0
Current children cumulated CPU time: 1.36 s
Current children cumulated vsize: 40600 KiB
Current children cumulated memory: 31912 KiB

[startup+3.10064 s]
/proc/loadavg: 49.03 50.32 50.66 51/3027 18
/proc/meminfo: memFree=413104412/527542272 swapFree=33468668/33554428
[pid=16] ppid=13 vsize=17684 memory=12484 CPUtime=0.04 cores=59-60,63,67-72,78-79,82,84-85,171-172,175,179-184,190-191,194,196-197
/proc/16/stat : 16 (python3) S 13 16 0 0 -1 4194304 1893 0 96 0 3 1 0 0 20 0 1 0 53413126 18108416 3121 67087892480 4194304 7154137 140737262379632 0 0 0 0 16781312 2 1 0 0 17 196 0 0 8 0 0 9727432 11029816 44781568 140737262385982 140737262386093 140737262386093 140737262387175 0
/proc/16/statm: 4421 3121 1527 723 0 2063 0
[pid=18] ppid=16 vsize=32828 memory=29204 CPUtime=2.91 cores=59-60,63,67-72,78-79,82,84-85,171-172,175,179-184,190-191,194,196-197
/proc/18/stat : 18 (bn4rust) R 16 16 0 0 -1 4194304 21643 0 17 0 287 4 0 0 20 0 1 0 53413140 33615872 7301 67087892480 94004580372480 94004582239601 140733946334944 0 0 0 0 4096 1088 0 0 0 17 85 0 0 1 0 0 94004582497664 94004582544600 94004596572160 140733946338049 140733946338198 140733946338198 140733946339297 0
/proc/18/statm: 8207 7301 1055 456 0 6368 0
Current children cumulated CPU time: 2.95 s
Current children cumulated vsize: 50512 KiB
Current children cumulated memory: 41688 KiB

[startup+6.30032 s]
/proc/loadavg: 49.11 50.32 50.65 51/3005 18
/proc/meminfo: memFree=414062488/527542272 swapFree=33468668/33554428
[pid=16] ppid=13 vsize=17684 memory=12484 CPUtime=0.04 cores=59-60,63,67-72,78-79,82,84-85,171-172,175,179-184,190-191,194,196-197
/proc/16/stat : 16 (python3) S 13 16 0 0 -1 4194304 1893 0 96 0 3 1 0 0 20 0 1 0 53413126 18108416 3121 67087892480 4194304 7154137 140737262379632 0 0 0 0 16781312 2 1 0 0 17 196 0 0 8 0 0 9727432 11029816 44781568 140737262385982 140737262386093 140737262386093 140737262387175 0
/proc/16/statm: 4421 3121 1527 723 0 2063 0
[pid=18] ppid=16 vsize=39228 memory=35608 CPUtime=6.1 cores=59-60,63,67-72,78-79,82,84-85,171-172,175,179-184,190-191,194,196-197
/proc/18/stat : 18 (bn4rust) R 16 16 0 0 -1 4194304 28177 0 17 0 604 6 0 0 20 0 1 0 53413140 40169472 8902 67087892480 94004580372480 94004582239601 140733946334944 0 0 0 0 4096 1088 0 0 0 17 85 0 0 1 0 0 94004582497664 94004582544600 94004596572160 140733946338049 140733946338198 140733946338198 140733946339297 0
/proc/18/statm: 9807 8902 1055 456 0 7968 0
Current children cumulated CPU time: 6.14 s
Current children cumulated vsize: 56912 KiB
Current children cumulated memory: 48092 KiB

[startup+12.7003 s]
/proc/loadavg: 49.18 50.31 50.65 50/3009 18
/proc/meminfo: memFree=414899932/527542272 swapFree=33468668/33554428
[pid=16] ppid=13 vsize=17684 memory=12484 CPUtime=0.04 cores=59-60,63,67-72,78-79,82,84-85,171-172,175,179-184,190-191,194,196-197
/proc/16/stat : 16 (python3) S 13 16 0 0 -1 4194304 1893 0 96 0 3 1 0 0 20 0 1 0 53413126 18108416 3121 67087892480 4194304 7154137 140737262379632 0 0 0 0 16781312 2 1 0 0 17 196 0 0 8 0 0 9727432 11029816 44781568 140737262385982 140737262386093 140737262386093 140737262387175 0
/proc/16/statm: 4421 3121 1527 723 0 2063 0
[pid=18] ppid=16 vsize=39228 memory=35756 CPUtime=12.46 cores=59-60,63,67-72,78-79,82,84-85,171-172,175,179-184,190-191,194,196-197
/proc/18/stat : 18 (bn4rust) R 16 16 0 0 -1 4194304 38239 0 17 0 1237 9 0 0 20 0 1 0 53413140 40169472 8939 67087892480 94004580372480 94004582239601 140733946334944 0 0 0 0 4096 1088 0 0 0 17 85 0 0 1 0 0 94004582497664 94004582544600 94004596572160 140733946338049 140733946338198 140733946338198 140733946339297 0
/proc/18/statm: 9807 8939 1055 456 0 7968 0
Current children cumulated CPU time: 12.5 s
Current children cumulated vsize: 56912 KiB
Current children cumulated memory: 48240 KiB

[startup+25.5004 s]
/proc/loadavg: 48.13 50.04 50.56 51/3034 18
/proc/meminfo: memFree=414787576/527542272 swapFree=33468668/33554428
[pid=16] ppid=13 vsize=17684 memory=12484 CPUtime=0.04 cores=59-60,63,67-72,78-79,82,84-85,171-172,175,179-184,190-191,194,196-197
/proc/16/stat : 16 (python3) S 13 16 0 0 -1 4194304 1893 0 96 0 3 1 0 0 20 0 1 0 53413126 18108416 3121 67087892480 4194304 7154137 140737262379632 0 0 0 0 16781312 2 1 0 0 17 196 0 0 8 0 0 9727432 11029816 44781568 140737262385982 140737262386093 140737262386093 140737262387175 0
/proc/16/statm: 4421 3121 1527 723 0 2063 0
[pid=18] ppid=16 vsize=80308 memory=76812 CPUtime=25.21 cores=59-60,63,67-72,78-79,82,84-85,171-172,175,179-184,190-191,194,196-197
/proc/18/stat : 18 (bn4rust) R 16 16 0 0 -1 4194304 49198 0 17 0 2507 14 0 0 20 0 1 0 53413140 82235392 19203 67087892480 94004580372480 94004582239601 140733946334944 0 0 0 0 4096 1088 0 0 0 17 85 0 0 1 0 0 94004582497664 94004582544600 94004596572160 140733946338049 140733946338198 140733946338198 140733946339297 0
/proc/18/statm: 20077 19203 1055 456 0 18238 0
Current children cumulated CPU time: 25.25 s
Current children cumulated vsize: 97992 KiB
Current children cumulated memory: 89296 KiB

[startup+51.1007 s]
/proc/loadavg: 48.87 50.04 50.54 51/3031 18
/proc/meminfo: memFree=414731868/527542272 swapFree=33468668/33554428
[pid=16] ppid=13 vsize=17684 memory=12484 CPUtime=0.04 cores=59-60,63,67-72,78-79,82,84-85,171-172,175,179-184,190-191,194,196-197
/proc/16/stat : 16 (python3) S 13 16 0 0 -1 4194304 1893 0 96 0 3 1 0 0 20 0 1 0 53413126 18108416 3121 67087892480 4194304 7154137 140737262379632 0 0 0 0 16781312 2 1 0 0 17 196 0 0 8 0 0 9727432 11029816 44781568 140737262385982 140737262386093 140737262386093 140737262387175 0
/proc/16/statm: 4421 3121 1527 723 0 2063 0
[pid=18] ppid=16 vsize=95964 memory=88852 CPUtime=50.71 cores=59-60,63,67-72,78-79,82,84-85,171-172,175,179-184,190-191,194,196-197
/proc/18/stat : 18 (bn4rust) R 16 16 0 0 -1 4194304 112222 0 17 0 5027 44 0 0 20 0 1 0 53413140 98267136 22213 67087892480 94004580372480 94004582239601 140733946334944 0 0 0 0 4096 1088 0 0 0 17 85 0 0 1 0 0 94004582497664 94004582544600 94004596572160 140733946338049 140733946338198 140733946338198 140733946339297 0
/proc/18/statm: 23991 22213 1055 456 0 22152 0
Current children cumulated CPU time: 50.75 s
Current children cumulated vsize: 113648 KiB
Current children cumulated memory: 101336 KiB

[startup+102.3 s]
/proc/loadavg: 48.90 49.85 50.45 51/3030 18
/proc/meminfo: memFree=414658044/527542272 swapFree=33468668/33554428
[pid=16] ppid=13 vsize=17684 memory=12484 CPUtime=0.04 cores=59-60,63,67-72,78-79,82,84-85,171-172,175,179-184,190-191,194,196-197
/proc/16/stat : 16 (python3) S 13 16 0 0 -1 4194304 1893 0 96 0 3 1 0 0 20 0 1 0 53413126 18108416 3121 67087892480 4194304 7154137 140737262379632 0 0 0 0 16781312 2 1 0 0 17 196 0 0 8 0 0 9727432 11029816 44781568 140737262385982 140737262386093 140737262386093 140737262387175 0
/proc/16/statm: 4421 3121 1527 723 0 2063 0
[pid=18] ppid=16 vsize=155912 memory=150320 CPUtime=101.69 cores=59-60,63,67-72,78-79,82,84-85,171-172,175,179-184,190-191,194,196-197
/proc/18/stat : 18 (bn4rust) R 16 16 0 0 -1 4194304 137884 0 17 0 10100 69 0 0 20 0 1 0 53413140 159653888 37580 67087892480 94004580372480 94004582239601 140733946334944 0 0 0 0 4096 1088 0 0 0 17 85 0 0 1 0 0 94004582497664 94004582544600 94004596572160 140733946338049 140733946338198 140733946338198 140733946339297 0
/proc/18/statm: 38978 37580 1055 456 0 37139 0
Current children cumulated CPU time: 101.73 s
Current children cumulated vsize: 173596 KiB
Current children cumulated memory: 162804 KiB

[startup+162.3 s]
/proc/loadavg: 47.96 49.46 50.28 52/3031 18
/proc/meminfo: memFree=414445868/527542272 swapFree=33468668/33554428
[pid=16] ppid=13 vsize=17684 memory=12484 CPUtime=0.04 cores=59-60,63,67-72,78-79,82,84-85,171-172,175,179-184,190-191,194,196-197
/proc/16/stat : 16 (python3) S 13 16 0 0 -1 4194304 1893 0 96 0 3 1 0 0 20 0 1 0 53413126 18108416 3121 67087892480 4194304 7154137 140737262379632 0 0 0 0 16781312 2 1 0 0 17 196 0 0 8 0 0 9727432 11029816 44781568 140737262385982 140737262386093 140737262386093 140737262387175 0
/proc/16/statm: 4421 3121 1527 723 0 2063 0
[pid=18] ppid=16 vsize=145668 memory=142252 CPUtime=161.43 cores=59-60,63,67-72,78-79,82,84-85,171-172,175,179-184,190-191,194,196-197
/proc/18/stat : 18 (bn4rust) R 16 16 0 0 -1 4194304 207102 0 17 0 15975 168 0 0 20 0 1 0 53413140 149164032 35563 67087892480 94004580372480 94004582239601 140733946334944 0 0 0 0 4096 1088 0 0 0 17 85 0 0 1 0 0 94004582497664 94004582544600 94004596572160 140733946338049 140733946338198 140733946338198 140733946339297 0
/proc/18/statm: 36417 35563 1055 456 0 34578 0
Current children cumulated CPU time: 161.47 s
Current children cumulated vsize: 163352 KiB
Current children cumulated memory: 154736 KiB

[startup+222.3 s]
/proc/loadavg: 49.25 49.56 50.26 52/3029 18
/proc/meminfo: memFree=414137784/527542272 swapFree=33468668/33554428
[pid=16] ppid=13 vsize=17684 memory=12484 CPUtime=0.04 cores=59-60,63,67-72,78-79,82,84-85,171-172,175,179-184,190-191,194,196-197
/proc/16/stat : 16 (python3) S 13 16 0 0 -1 4194304 1893 0 96 0 3 1 0 0 20 0 1 0 53413126 18108416 3121 67087892480 4194304 7154137 140737262379632 0 0 0 0 16781312 2 1 0 0 17 196 0 0 8 0 0 9727432 11029816 44781568 140737262385982 140737262386093 140737262386093 140737262387175 0
/proc/16/statm: 4421 3121 1527 723 0 2063 0
[pid=18] ppid=16 vsize=196868 memory=193452 CPUtime=221.19 cores=59-60,63,67-72,78-79,82,84-85,171-172,175,179-184,190-191,194,196-197
/proc/18/stat : 18 (bn4rust) R 16 16 0 0 -1 4194304 236798 0 17 0 21914 205 0 0 20 0 1 0 53413140 201592832 48363 67087892480 94004580372480 94004582239601 140733946334944 0 0 0 0 4096 1088 0 0 0 17 85 0 0 1 0 0 94004582497664 94004582544600 94004596572160 140733946338049 140733946338198 140733946338198 140733946339297 0
/proc/18/statm: 49217 48363 1055 456 0 47378 0
Current children cumulated CPU time: 221.23 s
Current children cumulated vsize: 214552 KiB
Current children cumulated memory: 205936 KiB

[startup+282.3 s]
/proc/loadavg: 49.79 49.66 50.25 51/3031 18
/proc/meminfo: memFree=414281952/527542272 swapFree=33468668/33554428
[pid=16] ppid=13 vsize=17684 memory=12484 CPUtime=0.04 cores=59-60,63,67-72,78-79,82,84-85,171-172,175,179-184,190-191,194,196-197
/proc/16/stat : 16 (python3) S 13 16 0 0 -1 4194304 1893 0 96 0 3 1 0 0 20 0 1 0 53413126 18108416 3121 67087892480 4194304 7154137 140737262379632 0 0 0 0 16781312 2 1 0 0 17 196 0 0 8 0 0 9727432 11029816 44781568 140737262385982 140737262386093 140737262386093 140737262387175 0
/proc/16/statm: 4421 3121 1527 723 0 2063 0
[pid=18] ppid=16 vsize=321804 memory=308392 CPUtime=280.95 cores=59-60,63,67-72,78-79,82,84-85,171-172,175,179-184,190-191,194,196-197
/proc/18/stat : 18 (bn4rust) R 16 16 0 0 -1 4194304 275918 0 17 0 27806 289 0 0 20 0 1 0 53413140 329527296 77098 67087892480 94004580372480 94004582239601 140733946334944 0 0 0 0 4096 1088 0 0 0 17 85 0 0 1 0 0 94004582497664 94004582544600 94004596572160 140733946338049 140733946338198 140733946338198 140733946339297 0
/proc/18/statm: 80451 77098 1055 456 0 78612 0
Current children cumulated CPU time: 280.99 s
Current children cumulated vsize: 339488 KiB
Current children cumulated memory: 320876 KiB

[startup+342.3 s]
/proc/loadavg: 48.76 49.49 50.15 51/3011 18
/proc/meminfo: memFree=414365828/527542272 swapFree=33468668/33554428
[pid=16] ppid=13 vsize=17684 memory=12484 CPUtime=0.04 cores=59-60,63,67-72,78-79,82,84-85,171-172,175,179-184,190-191,194,196-197
/proc/16/stat : 16 (python3) S 13 16 0 0 -1 4194304 1893 0 96 0 3 1 0 0 20 0 1 0 53413126 18108416 3121 67087892480 4194304 7154137 140737262379632 0 0 0 0 16781312 2 1 0 0 17 196 0 0 8 0 0 9727432 11029816 44781568 140737262385982 140737262386093 140737262386093 140737262387175 0
/proc/16/statm: 4421 3121 1527 723 0 2063 0
[pid=18] ppid=16 vsize=321804 memory=300208 CPUtime=340.71 cores=59-60,63,67-72,78-79,82,84-85,171-172,175,179-184,190-191,194,196-197
/proc/18/stat : 18 (bn4rust) R 16 16 0 0 -1 4194304 312405 0 17 0 33713 358 0 0 20 0 1 0 53413140 329527296 75052 67087892480 94004580372480 94004582239601 140733946334944 0 0 0 0 4096 1088 0 0 0 17 85 0 0 1 0 0 94004582497664 94004582544600 94004596572160 140733946338049 140733946338198 140733946338198 140733946339297 0
/proc/18/statm: 80451 75052 1055 456 0 78612 0
Current children cumulated CPU time: 340.75 s
Current children cumulated vsize: 339488 KiB
Current children cumulated memory: 312692 KiB

[startup+402.3 s]
/proc/loadavg: 49.59 49.60 50.15 51/3011 18
/proc/meminfo: memFree=413920876/527542272 swapFree=33468668/33554428
[pid=16] ppid=13 vsize=17684 memory=12484 CPUtime=0.04 cores=59-60,63,67-72,78-79,82,84-85,171-172,175,179-184,190-191,194,196-197
/proc/16/stat : 16 (python3) S 13 16 0 0 -1 4194304 1893 0 96 0 3 1 0 0 20 0 1 0 53413126 18108416 3121 67087892480 4194304 7154137 140737262379632 0 0 0 0 16781312 2 1 0 0 17 196 0 0 8 0 0 9727432 11029816 44781568 140737262385982 140737262386093 140737262386093 140737262387175 0
/proc/16/statm: 4421 3121 1527 723 0 2063 0
[pid=18] ppid=16 vsize=596088 memory=478896 CPUtime=400.47 cores=59-60,63,67-72,78-79,82,84-85,171-172,175,179-184,190-191,194,196-197
/proc/18/stat : 18 (bn4rust) R 16 16 0 0 -1 4194304 357906 0 17 0 39615 432 0 0 20 0 1 0 53413140 610394112 119724 67087892480 94004580372480 94004582239601 140733946334944 0 0 0 0 4096 1088 0 0 0 17 85 0 0 1 0 0 94004582497664 94004582544600 94004596572160 140733946338049 140733946338198 140733946338198 140733946339297 0
/proc/18/statm: 149022 119724 1055 456 0 147183 0
Current children cumulated CPU time: 400.51 s
Current children cumulated vsize: 613772 KiB
Current children cumulated memory: 491380 KiB

[startup+462.3 s]
/proc/loadavg: 49.90 49.69 50.14 51/3011 18
/proc/meminfo: memFree=414197220/527542272 swapFree=33468668/33554428
[pid=16] ppid=13 vsize=17684 memory=12484 CPUtime=0.04 cores=59-60,63,67-72,78-79,82,84-85,171-172,175,179-184,190-191,194,196-197
/proc/16/stat : 16 (python3) S 13 16 0 0 -1 4194304 1893 0 96 0 3 1 0 0 20 0 1 0 53413126 18108416 3121 67087892480 4194304 7154137 140737262379632 0 0 0 0 16781312 2 1 0 0 17 196 0 0 8 0 0 9727432 11029816 44781568 140737262385982 140737262386093 140737262386093 140737262387175 0
/proc/16/statm: 4421 3121 1527 723 0 2063 0
[pid=18] ppid=16 vsize=595736 memory=479068 CPUtime=460.22 cores=59-60,63,67-72,78-79,82,84-85,171-172,175,179-184,190-191,194,196-197
/proc/18/stat : 18 (bn4rust) R 16 16 0 0 -1 4194304 416498 0 17 0 45471 551 0 0 20 0 1 0 53413140 610033664 119767 67087892480 94004580372480 94004582239601 140733946334944 0 0 0 0 4096 1088 0 0 0 17 85 0 0 1 0 0 94004582497664 94004582544600 94004596572160 140733946338049 140733946338198 140733946338198 140733946339297 0
/proc/18/statm: 148934 119767 1055 456 0 147095 0
Current children cumulated CPU time: 460.26 s
Current children cumulated vsize: 613420 KiB
Current children cumulated memory: 491552 KiB

[startup+522.3 s]
/proc/loadavg: 49.96 49.75 50.13 52/3011 18
/proc/meminfo: memFree=414024040/527542272 swapFree=33468668/33554428
[pid=16] ppid=13 vsize=17684 memory=12484 CPUtime=0.04 cores=59-60,63,67-72,78-79,82,84-85,171-172,175,179-184,190-191,194,196-197
/proc/16/stat : 16 (python3) S 13 16 0 0 -1 4194304 1893 0 96 0 3 1 0 0 20 0 1 0 53413126 18108416 3121 67087892480 4194304 7154137 140737262379632 0 0 0 0 16781312 2 1 0 0 17 196 0 0 8 0 0 9727432 11029816 44781568 140737262385982 140737262386093 140737262386093 140737262387175 0
/proc/16/statm: 4421 3121 1527 723 0 2063 0
[pid=18] ppid=16 vsize=898076 memory=524484 CPUtime=519.98 cores=59-60,63,67-72,78-79,82,84-85,171-172,175,179-184,190-191,194,196-197
/proc/18/stat : 18 (bn4rust) R 16 16 0 0 -1 4194304 479645 0 17 0 51319 679 0 0 20 0 1 0 53413140 919629824 131121 67087892480 94004580372480 94004582239601 140733946334944 0 0 0 0 4096 1088 0 0 0 17 85 0 0 1 0 0 94004582497664 94004582544600 94004596572160 140733946338049 140733946338198 140733946338198 140733946339297 0
/proc/18/statm: 224519 131121 1055 456 0 222680 0
Current children cumulated CPU time: 520.02 s
Current children cumulated vsize: 915760 KiB
Current children cumulated memory: 536968 KiB

[startup+582.3 s]
/proc/loadavg: 49.99 49.80 50.12 52/3012 18
/proc/meminfo: memFree=411551256/527542272 swapFree=33468668/33554428
[pid=16] ppid=13 vsize=17684 memory=12484 CPUtime=0.04 cores=59-60,63,67-72,78-79,82,84-85,171-172,175,179-184,190-191,194,196-197
/proc/16/stat : 16 (python3) S 13 16 0 0 -1 4194304 1893 0 96 0 3 1 0 0 20 0 1 0 53413126 18108416 3121 67087892480 4194304 7154137 140737262379632 0 0 0 0 16781312 2 1 0 0 17 196 0 0 8 0 0 9727432 11029816 44781568 140737262385982 140737262386093 140737262386093 140737262387175 0
/proc/16/statm: 4421 3121 1527 723 0 2063 0
[pid=18] ppid=16 vsize=499992 memory=454316 CPUtime=579.73 cores=59-60,63,67-72,78-79,82,84-85,171-172,175,179-184,190-191,194,196-197
/proc/18/stat : 18 (bn4rust) R 16 16 0 0 -1 4194304 547648 0 17 0 57164 809 0 0 20 0 1 0 53413140 511991808 113579 67087892480 94004580372480 94004582239601 140733946334944 0 0 0 0 4096 1088 0 0 0 17 85 0 0 1 0 0 94004582497664 94004582544600 94004596572160 140733946338049 140733946338198 140733946338198 140733946339297 0
/proc/18/statm: 124998 113579 1055 456 0 123159 0
Current children cumulated CPU time: 579.77 s
Current children cumulated vsize: 517676 KiB
Current children cumulated memory: 466800 KiB

[startup+642.3 s]
/proc/loadavg: 50.00 49.84 50.11 51/3012 18
/proc/meminfo: memFree=414528488/527542272 swapFree=33468668/33554428
[pid=16] ppid=13 vsize=17684 memory=12484 CPUtime=0.04 cores=59-60,63,67-72,78-79,82,84-85,171-172,175,179-184,190-191,194,196-197
/proc/16/stat : 16 (python3) S 13 16 0 0 -1 4194304 1893 0 96 0 3 1 0 0 20 0 1 0 53413126 18108416 3121 67087892480 4194304 7154137 140737262379632 0 0 0 0 16781312 2 1 0 0 17 196 0 0 8 0 0 9727432 11029816 44781568 140737262385982 140737262386093 140737262386093 140737262387175 0
/proc/16/statm: 4421 3121 1527 723 0 2063 0
[pid=18] ppid=16 vsize=327956 memory=298372 CPUtime=639.48 cores=59-60,63,67-72,78-79,82,84-85,171-172,175,179-184,190-191,194,196-197
/proc/18/stat : 18 (bn4rust) R 16 16 0 0 -1 4194304 623316 0 17 0 63000 948 0 0 20 0 1 0 53413140 335826944 74593 67087892480 94004580372480 94004582239601 140733946334944 0 0 0 0 4096 1088 0 0 0 17 197 0 0 1 0 0 94004582497664 94004582544600 94004596572160 140733946338049 140733946338198 140733946338198 140733946339297 0
/proc/18/statm: 81989 74593 1055 456 0 80150 0
Current children cumulated CPU time: 639.52 s
Current children cumulated vsize: 345640 KiB
Current children cumulated memory: 310856 KiB

[startup+702.3 s]
/proc/loadavg: 49.36 49.68 50.03 51/3013 18
/proc/meminfo: memFree=414258160/527542272 swapFree=33468668/33554428
[pid=16] ppid=13 vsize=17684 memory=12484 CPUtime=0.04 cores=59-60,63,67-72,78-79,82,84-85,171-172,175,179-184,190-191,194,196-197
/proc/16/stat : 16 (python3) S 13 16 0 0 -1 4194304 1893 0 96 0 3 1 0 0 20 0 1 0 53413126 18108416 3121 67087892480 4194304 7154137 140737262379632 0 0 0 0 16781312 2 1 0 0 17 196 0 0 8 0 0 9727432 11029816 44781568 140737262385982 140737262386093 140737262386093 140737262387175 0
/proc/16/statm: 4421 3121 1527 723 0 2063 0
[pid=18] ppid=16 vsize=1061588 memory=858144 CPUtime=699.25 cores=59-60,63,67-72,78-79,82,84-85,171-172,175,179-184,190-191,194,196-197
/proc/18/stat : 18 (bn4rust) R 16 16 0 0 -1 4194304 680078 0 17 0 68859 1066 0 0 20 0 1 0 53413140 1087066112 214536 67087892480 94004580372480 94004582239601 140733946334944 0 0 0 0 4096 1088 0 0 0 17 85 0 0 1 0 0 94004582497664 94004582544600 94004596572160 140733946338049 140733946338198 140733946338198 140733946339297 0
/proc/18/statm: 265397 214536 1055 456 0 263558 0
Current children cumulated CPU time: 699.29 s
Current children cumulated vsize: 1079272 KiB
Current children cumulated memory: 870628 KiB

[startup+762.3 s]
/proc/loadavg: 48.73 49.53 49.96 51/3012 18
/proc/meminfo: memFree=414333000/527542272 swapFree=33468668/33554428
[pid=16] ppid=13 vsize=17684 memory=12484 CPUtime=0.04 cores=59-60,63,67-72,78-79,82,84-85,171-172,175,179-184,190-191,194,196-197
/proc/16/stat : 16 (python3) S 13 16 0 0 -1 4194304 1893 0 96 0 3 1 0 0 20 0 1 0 53413126 18108416 3121 67087892480 4194304 7154137 140737262379632 0 0 0 0 16781312 2 1 0 0 17 196 0 0 8 0 0 9727432 11029816 44781568 140737262385982 140737262386093 140737262386093 140737262387175 0
/proc/16/statm: 4421 3121 1527 723 0 2063 0
[pid=18] ppid=16 vsize=1013140 memory=826388 CPUtime=759.01 cores=59-60,63,67-72,78-79,82,84-85,171-172,175,179-184,190-191,194,196-197
/proc/18/stat : 18 (bn4rust) R 16 16 0 0 -1 4194304 722310 0 17 0 74718 1183 0 0 20 0 1 0 53413140 1037455360 206597 67087892480 94004580372480 94004582239601 140733946334944 0 0 0 0 4096 1088 0 0 0 17 85 0 0 1 0 0 94004582497664 94004582544600 94004596572160 140733946338049 140733946338198 140733946338198 140733946339297 0
/proc/18/statm: 253285 206597 1055 456 0 251446 0
Current children cumulated CPU time: 759.05 s
Current children cumulated vsize: 1030824 KiB
Current children cumulated memory: 838872 KiB

[startup+822.3 s]
/proc/loadavg: 49.69 49.66 49.98 52/3014 18
/proc/meminfo: memFree=414130296/527542272 swapFree=33468668/33554428
[pid=16] ppid=13 vsize=17684 memory=12484 CPUtime=0.04 cores=59-60,63,67-72,78-79,82,84-85,171-172,175,179-184,190-191,194,196-197
/proc/16/stat : 16 (python3) S 13 16 0 0 -1 4194304 1893 0 96 0 3 1 0 0 20 0 1 0 53413126 18108416 3121 67087892480 4194304 7154137 140737262379632 0 0 0 0 16781312 2 1 0 0 17 196 0 0 8 0 0 9727432 11029816 44781568 140737262385982 140737262386093 140737262386093 140737262387175 0
/proc/16/statm: 4421 3121 1527 723 0 2063 0
[pid=18] ppid=16 vsize=604800 memory=517792 CPUtime=818.78 cores=59-60,63,67-72,78-79,82,84-85,171-172,175,179-184,190-191,194,196-197
/proc/18/stat : 18 (bn4rust) R 16 16 0 0 -1 4194304 766278 0 17 0 80586 1292 0 0 20 0 1 0 53413140 619315200 129448 67087892480 94004580372480 94004582239601 140733946334944 0 0 0 0 4096 1088 0 0 0 17 85 0 0 1 0 0 94004582497664 94004582544600 94004596572160 140733946338049 140733946338198 140733946338198 140733946339297 0
/proc/18/statm: 151200 129448 1055 456 0 149361 0
Current children cumulated CPU time: 818.82 s
Current children cumulated vsize: 622484 KiB
Current children cumulated memory: 530276 KiB

[startup+882.3 s]
/proc/loadavg: 48.20 49.29 49.83 52/3013 18
/proc/meminfo: memFree=414804984/527542272 swapFree=33468668/33554428
[pid=16] ppid=13 vsize=17684 memory=12484 CPUtime=0.04 cores=59-60,63,67-72,78-79,82,84-85,171-172,175,179-184,190-191,194,196-197
/proc/16/stat : 16 (python3) S 13 16 0 0 -1 4194304 1893 0 96 0 3 1 0 0 20 0 1 0 53413126 18108416 3121 67087892480 4194304 7154137 140737262379632 0 0 0 0 16781312 2 1 0 0 17 196 0 0 8 0 0 9727432 11029816 44781568 140737262385982 140737262386093 140737262386093 140737262387175 0
/proc/16/statm: 4421 3121 1527 723 0 2063 0
[pid=18] ppid=16 vsize=426264 memory=382624 CPUtime=878.54 cores=59-60,63,67-72,78-79,82,84-85,171-172,175,179-184,190-191,194,196-197
/proc/18/stat : 18 (bn4rust) R 16 16 0 0 -1 4194304 809127 0 17 0 86460 1394 0 0 20 0 1 0 53413140 436494336 95656 67087892480 94004580372480 94004582239601 140733946334944 0 0 0 0 4096 1088 0 0 0 17 85 0 0 1 0 0 94004582497664 94004582544600 94004596572160 140733946338049 140733946338198 140733946338198 140733946339297 0
/proc/18/statm: 106566 95656 1055 456 0 104727 0
Current children cumulated CPU time: 878.58 s
Current children cumulated vsize: 443948 KiB
Current children cumulated memory: 395108 KiB

[startup+942.3 s]
/proc/loadavg: 49.38 49.43 49.85 51/3014 18
/proc/meminfo: memFree=414660256/527542272 swapFree=33468668/33554428
[pid=16] ppid=13 vsize=17684 memory=12484 CPUtime=0.04 cores=59-60,63,67-72,78-79,82,84-85,171-172,175,179-184,190-191,194,196-197
/proc/16/stat : 16 (python3) S 13 16 0 0 -1 4194304 1893 0 96 0 3 1 0 0 20 0 1 0 53413126 18108416 3121 67087892480 4194304 7154137 140737262379632 0 0 0 0 16781312 2 1 0 0 17 196 0 0 8 0 0 9727432 11029816 44781568 140737262385982 140737262386093 140737262386093 140737262387175 0
/proc/16/statm: 4421 3121 1527 723 0 2063 0
[pid=18] ppid=16 vsize=644300 memory=541632 CPUtime=938.3 cores=59-60,63,67-72,78-79,82,84-85,171-172,175,179-184,190-191,194,196-197
/proc/18/stat : 18 (bn4rust) R 16 16 0 0 -1 4194304 860913 0 17 0 92320 1510 0 0 20 0 1 0 53413140 659763200 135408 67087892480 94004580372480 94004582239601 140733946334944 0 0 0 0 4096 1088 0 0 0 17 85 0 0 1 0 0 94004582497664 94004582544600 94004596572160 140733946338049 140733946338198 140733946338198 140733946339297 0
/proc/18/statm: 161075 135408 1055 456 0 159236 0
Current children cumulated CPU time: 938.34 s
Current children cumulated vsize: 661984 KiB
Current children cumulated memory: 554116 KiB

[startup+1002.3 s]
/proc/loadavg: 48.84 49.30 49.78 51/3012 18
/proc/meminfo: memFree=413517632/527542272 swapFree=33468668/33554428
[pid=16] ppid=13 vsize=17684 memory=12484 CPUtime=0.04 cores=59-60,63,67-72,78-79,82,84-85,171-172,175,179-184,190-191,194,196-197
/proc/16/stat : 16 (python3) S 13 16 0 0 -1 4194304 1893 0 96 0 3 1 0 0 20 0 1 0 53413126 18108416 3121 67087892480 4194304 7154137 140737262379632 0 0 0 0 16781312 2 1 0 0 17 196 0 0 8 0 0 9727432 11029816 44781568 140737262385982 140737262386093 140737262386093 140737262387175 0
/proc/16/statm: 4421 3121 1527 723 0 2063 0
[pid=18] ppid=16 vsize=689848 memory=559132 CPUtime=998.06 cores=59-60,63,67-72,78-79,82,84-85,171-172,175,179-184,190-191,194,196-197
/proc/18/stat : 18 (bn4rust) R 16 16 0 0 -1 4194304 916497 0 17 0 98185 1621 0 0 20 0 1 0 53413140 706404352 139783 67087892480 94004580372480 94004582239601 140733946334944 0 0 0 0 4096 1088 0 0 0 17 197 0 0 1 0 0 94004582497664 94004582544600 94004596572160 140733946338049 140733946338198 140733946338198 140733946339297 0
/proc/18/statm: 172462 139783 1055 456 0 170623 0
Current children cumulated CPU time: 998.1 s
Current children cumulated vsize: 707532 KiB
Current children cumulated memory: 571616 KiB

[startup+1062.3 s]
/proc/loadavg: 49.76 49.48 49.82 51/3012 18
/proc/meminfo: memFree=414634380/527542272 swapFree=33468668/33554428
[pid=16] ppid=13 vsize=17684 memory=12484 CPUtime=0.04 cores=59-60,63,67-72,78-79,82,84-85,171-172,175,179-184,190-191,194,196-197
/proc/16/stat : 16 (python3) S 13 16 0 0 -1 4194304 1893 0 96 0 3 1 0 0 20 0 1 0 53413126 18108416 3121 67087892480 4194304 7154137 140737262379632 0 0 0 0 16781312 2 1 0 0 17 196 0 0 8 0 0 9727432 11029816 44781568 140737262385982 140737262386093 140737262386093 140737262387175 0
/proc/16/statm: 4421 3121 1527 723 0 2063 0
[pid=18] ppid=16 vsize=590076 memory=497336 CPUtime=1057.82 cores=59-60,63,67-72,78-79,82,84-85,171-172,175,179-184,190-191,194,196-197
/proc/18/stat : 18 (bn4rust) R 16 16 0 0 -1 4194304 978683 0 17 0 104044 1738 0 0 20 0 1 0 53413140 604237824 124334 67087892480 94004580372480 94004582239601 140733946334944 0 0 0 0 4096 1088 0 0 0 17 85 0 0 1 0 0 94004582497664 94004582544600 94004596572160 140733946338049 140733946338198 140733946338198 140733946339297 0
/proc/18/statm: 147519 124334 1055 456 0 145680 0
Current children cumulated CPU time: 1057.86 s
Current children cumulated vsize: 607760 KiB
Current children cumulated memory: 509820 KiB

[startup+1122.3 s]
/proc/loadavg: 48.36 49.21 49.71 51/3011 18
/proc/meminfo: memFree=406153476/527542272 swapFree=33468668/33554428
[pid=16] ppid=13 vsize=17684 memory=12484 CPUtime=0.04 cores=59-60,63,67-72,78-79,82,84-85,171-172,175,179-184,190-191,194,196-197
/proc/16/stat : 16 (python3) S 13 16 0 0 -1 4194304 1893 0 96 0 3 1 0 0 20 0 1 0 53413126 18108416 3121 67087892480 4194304 7154137 140737262379632 0 0 0 0 16781312 2 1 0 0 17 196 0 0 8 0 0 9727432 11029816 44781568 140737262385982 140737262386093 140737262386093 140737262387175 0
/proc/16/statm: 4421 3121 1527 723 0 2063 0
[pid=18] ppid=16 vsize=950488 memory=794168 CPUtime=1117.58 cores=59-60,63,67-72,78-79,82,84-85,171-172,175,179-184,190-191,194,196-197
/proc/18/stat : 18 (bn4rust) R 16 16 0 0 -1 4194304 1032066 0 17 0 109907 1851 0 0 20 0 1 0 53413140 973299712 198542 67087892480 94004580372480 94004582239601 140733946334944 0 0 0 0 4096 1088 0 0 0 17 85 0 0 1 0 0 94004582497664 94004582544600 94004596572160 140733946338049 140733946338198 140733946338198 140733946339297 0
/proc/18/statm: 237622 198542 1055 456 0 235783 0
Current children cumulated CPU time: 1117.62 s
Current children cumulated vsize: 968172 KiB
Current children cumulated memory: 806652 KiB

[startup+1182.3 s]
/proc/loadavg: 49.40 49.35 49.73 51/3013 18
/proc/meminfo: memFree=405264648/527542272 swapFree=33468668/33554428
[pid=16] ppid=13 vsize=17684 memory=12484 CPUtime=0.04 cores=59-60,63,67-72,78-79,82,84-85,171-172,175,179-184,190-191,194,196-197
/proc/16/stat : 16 (python3) S 13 16 0 0 -1 4194304 1893 0 96 0 3 1 0 0 20 0 1 0 53413126 18108416 3121 67087892480 4194304 7154137 140737262379632 0 0 0 0 16781312 2 1 0 0 17 196 0 0 8 0 0 9727432 11029816 44781568 140737262385982 140737262386093 140737262386093 140737262387175 0
/proc/16/statm: 4421 3121 1527 723 0 2063 0
[pid=18] ppid=16 vsize=1648416 memory=1434864 CPUtime=1177.34 cores=59-60,63,67-72,78-79,82,84-85,171-172,175,179-184,190-191,194,196-197
/proc/18/stat : 18 (bn4rust) R 16 16 0 0 -1 4194304 1065975 0 17 0 115770 1964 0 0 20 0 1 0 53413140 1687977984 358716 67087892480 94004580372480 94004582239601 140733946334944 0 0 0 0 4096 1088 0 0 0 17 85 0 0 1 0 0 94004582497664 94004582544600 94004596572160 140733946338049 140733946338198 140733946338198 140733946339297 0
/proc/18/statm: 412104 358716 1055 456 0 410265 0
Current children cumulated CPU time: 1177.38 s
Current children cumulated vsize: 1666100 KiB
Current children cumulated memory: 1447348 KiB

[startup+1242.3 s]
/proc/loadavg: 49.25 49.27 49.68 51/3012 18
/proc/meminfo: memFree=404269656/527542272 swapFree=33468668/33554428
[pid=16] ppid=13 vsize=17684 memory=12484 CPUtime=0.04 cores=59-60,63,67-72,78-79,82,84-85,171-172,175,179-184,190-191,194,196-197
/proc/16/stat : 16 (python3) S 13 16 0 0 -1 4194304 1893 0 96 0 3 1 0 0 20 0 1 0 53413126 18108416 3121 67087892480 4194304 7154137 140737262379632 0 0 0 0 16781312 2 1 0 0 17 196 0 0 8 0 0 9727432 11029816 44781568 140737262385982 140737262386093 140737262386093 140737262387175 0
/proc/16/statm: 4421 3121 1527 723 0 2063 0
[pid=18] ppid=16 vsize=1092164 memory=870088 CPUtime=1237.1 cores=59-60,63,67-72,78-79,82,84-85,171-172,175,179-184,190-191,194,196-197
/proc/18/stat : 18 (bn4rust) R 16 16 0 0 -1 4194304 1101644 0 17 0 121631 2079 0 0 20 0 1 0 53413140 1118375936 217522 67087892480 94004580372480 94004582239601 140733946334944 0 0 0 0 4096 1088 0 0 0 17 85 0 0 1 0 0 94004582497664 94004582544600 94004596572160 140733946338049 140733946338198 140733946338198 140733946339297 0
/proc/18/statm: 273041 217522 1055 456 0 271202 0
Current children cumulated CPU time: 1237.14 s
Current children cumulated vsize: 1109848 KiB
Current children cumulated memory: 882572 KiB

[startup+1302.3 s]
/proc/loadavg: 49.77 49.42 49.70 52/3012 18
/proc/meminfo: memFree=405324316/527542272 swapFree=33468668/33554428
[pid=16] ppid=13 vsize=17684 memory=12484 CPUtime=0.04 cores=59-60,63,67-72,78-79,82,84-85,171-172,175,179-184,190-191,194,196-197
/proc/16/stat : 16 (python3) S 13 16 0 0 -1 4194304 1893 0 96 0 3 1 0 0 20 0 1 0 53413126 18108416 3121 67087892480 4194304 7154137 140737262379632 0 0 0 0 16781312 2 1 0 0 17 196 0 0 8 0 0 9727432 11029816 44781568 140737262385982 140737262386093 140737262386093 140737262387175 0
/proc/16/statm: 4421 3121 1527 723 0 2063 0
[pid=18] ppid=16 vsize=786644 memory=595508 CPUtime=1296.87 cores=59-60,63,67-72,78-79,82,84-85,171-172,175,179-184,190-191,194,196-197
/proc/18/stat : 18 (bn4rust) R 16 16 0 0 -1 4194304 1136699 0 17 0 127504 2183 0 0 20 0 1 0 53413140 805523456 148877 67087892480 94004580372480 94004582239601 140733946334944 0 0 0 0 4096 1088 0 0 0 17 85 0 0 1 0 0 94004582497664 94004582544600 94004596572160 140733946338049 140733946338198 140733946338198 140733946339297 0
/proc/18/statm: 196661 148877 1055 456 0 194822 0
Current children cumulated CPU time: 1296.91 s
Current children cumulated vsize: 804328 KiB
Current children cumulated memory: 607992 KiB

[startup+1362.3 s]
/proc/loadavg: 49.99 49.55 49.73 51/3012 18
/proc/meminfo: memFree=406187048/527542272 swapFree=33468668/33554428
[pid=16] ppid=13 vsize=17684 memory=12484 CPUtime=0.04 cores=59-60,63,67-72,78-79,82,84-85,171-172,175,179-184,190-191,194,196-197
/proc/16/stat : 16 (python3) S 13 16 0 0 -1 4194304 1893 0 96 0 3 1 0 0 20 0 1 0 53413126 18108416 3121 67087892480 4194304 7154137 140737262379632 0 0 0 0 16781312 2 1 0 0 17 196 0 0 8 0 0 9727432 11029816 44781568 140737262385982 140737262386093 140737262386093 140737262387175 0
/proc/16/statm: 4421 3121 1527 723 0 2063 0
[pid=18] ppid=16 vsize=737492 memory=560852 CPUtime=1356.61 cores=59-60,63,67-72,78-79,82,84-85,171-172,175,179-184,190-191,194,196-197
/proc/18/stat : 18 (bn4rust) R 16 16 0 0 -1 4194304 1174009 0 17 0 133369 2292 0 0 20 0 1 0 53413140 755191808 140213 67087892480 94004580372480 94004582239601 140733946334944 0 0 0 0 4096 1088 0 0 0 17 85 0 0 1 0 0 94004582497664 94004582544600 94004596572160 140733946338049 140733946338198 140733946338198 140733946339297 0
/proc/18/statm: 184373 140213 1055 456 0 182534 0
Current children cumulated CPU time: 1356.65 s
Current children cumulated vsize: 755176 KiB
Current children cumulated memory: 573336 KiB

[startup+1422.3 s]
/proc/loadavg: 49.07 49.44 49.69 51/3012 18
/proc/meminfo: memFree=406300068/527542272 swapFree=33468668/33554428
[pid=16] ppid=13 vsize=17684 memory=12484 CPUtime=0.04 cores=59-60,63,67-72,78-79,82,84-85,171-172,175,179-184,190-191,194,196-197
/proc/16/stat : 16 (python3) S 13 16 0 0 -1 4194304 1893 0 96 0 3 1 0 0 20 0 1 0 53413126 18108416 3121 67087892480 4194304 7154137 140737262379632 0 0 0 0 16781312 2 1 0 0 17 196 0 0 8 0 0 9727432 11029816 44781568 140737262385982 140737262386093 140737262386093 140737262387175 0
/proc/16/statm: 4421 3121 1527 723 0 2063 0
[pid=18] ppid=16 vsize=1116220 memory=868300 CPUtime=1416.37 cores=59-60,63,67-72,78-79,82,84-85,171-172,175,179-184,190-191,194,196-197
/proc/18/stat : 18 (bn4rust) R 16 16 0 0 -1 4194304 1213175 0 17 0 139227 2410 0 0 20 0 1 0 53413140 1143009280 217075 67087892480 94004580372480 94004582239601 140733946334944 0 0 0 0 4096 1088 0 0 0 17 85 0 0 1 0 0 94004582497664 94004582544600 94004596572160 140733946338049 140733946338198 140733946338198 140733946339297 0
/proc/18/statm: 279055 217075 1055 456 0 277216 0
Current children cumulated CPU time: 1416.41 s
Current children cumulated vsize: 1133904 KiB
Current children cumulated memory: 880784 KiB

[startup+1482.3 s]
/proc/loadavg: 49.66 49.55 49.71 51/3013 18
/proc/meminfo: memFree=404222420/527542272 swapFree=33468668/33554428
[pid=16] ppid=13 vsize=17684 memory=12484 CPUtime=0.04 cores=59-60,63,67-72,78-79,82,84-85,171-172,175,179-184,190-191,194,196-197
/proc/16/stat : 16 (python3) S 13 16 0 0 -1 4194304 1893 0 96 0 3 1 0 0 20 0 1 0 53413126 18108416 3121 67087892480 4194304 7154137 140737262379632 0 0 0 0 16781312 2 1 0 0 17 196 0 0 8 0 0 9727432 11029816 44781568 140737262385982 140737262386093 140737262386093 140737262387175 0
/proc/16/statm: 4421 3121 1527 723 0 2063 0
[pid=18] ppid=16 vsize=958340 memory=809788 CPUtime=1476.13 cores=59-60,63,67-72,78-79,82,84-85,171-172,175,179-184,190-191,194,196-197
/proc/18/stat : 18 (bn4rust) R 16 16 0 0 -1 4194304 1254185 0 17 0 145089 2524 0 0 20 0 1 0 53413140 981340160 202447 67087892480 94004580372480 94004582239601 140733946334944 0 0 0 0 4096 1088 0 0 0 17 85 0 0 1 0 0 94004582497664 94004582544600 94004596572160 140733946338049 140733946338198 140733946338198 140733946339297 0
/proc/18/statm: 239585 202447 1055 456 0 237746 0
Current children cumulated CPU time: 1476.17 s
Current children cumulated vsize: 976024 KiB
Current children cumulated memory: 822272 KiB

[startup+1542.3 s]
/proc/loadavg: 49.88 49.63 49.74 51/3013 18
/proc/meminfo: memFree=404005452/527542272 swapFree=33468668/33554428
[pid=16] ppid=13 vsize=17684 memory=12484 CPUtime=0.04 cores=59-60,63,67-72,78-79,82,84-85,171-172,175,179-184,190-191,194,196-197
/proc/16/stat : 16 (python3) S 13 16 0 0 -1 4194304 1893 0 96 0 3 1 0 0 20 0 1 0 53413126 18108416 3121 67087892480 4194304 7154137 140737262379632 0 0 0 0 16781312 2 1 0 0 17 196 0 0 8 0 0 9727432 11029816 44781568 140737262385982 140737262386093 140737262386093 140737262387175 0
/proc/16/statm: 4421 3121 1527 723 0 2063 0
[pid=18] ppid=16 vsize=1054960 memory=884472 CPUtime=1535.9 cores=59-60,63,67-72,78-79,82,84-85,171-172,175,179-184,190-191,194,196-197
/proc/18/stat : 18 (bn4rust) R 16 16 0 0 -1 4194304 1295809 0 17 0 150952 2638 0 0 20 0 1 0 53413140 1080279040 221118 67087892480 94004580372480 94004582239601 140733946334944 0 0 0 0 4096 1088 0 0 0 17 85 0 0 1 0 0 94004582497664 94004582544600 94004596572160 140733946338049 140733946338198 140733946338198 140733946339297 0
/proc/18/statm: 263740 221118 1055 456 0 261901 0
Current children cumulated CPU time: 1535.94 s
Current children cumulated vsize: 1072644 KiB
Current children cumulated memory: 896956 KiB

[startup+1602.3 s]
/proc/loadavg: 49.96 49.70 49.75 51/3013 18
/proc/meminfo: memFree=405642432/527542272 swapFree=33468668/33554428
[pid=16] ppid=13 vsize=17684 memory=12484 CPUtime=0.04 cores=59-60,63,67-72,78-79,82,84-85,171-172,175,179-184,190-191,194,196-197
/proc/16/stat : 16 (python3) S 13 16 0 0 -1 4194304 1893 0 96 0 3 1 0 0 20 0 1 0 53413126 18108416 3121 67087892480 4194304 7154137 140737262379632 0 0 0 0 16781312 2 1 0 0 17 196 0 0 8 0 0 9727432 11029816 44781568 140737262385982 140737262386093 140737262386093 140737262387175 0
/proc/16/statm: 4421 3121 1527 723 0 2063 0
[pid=18] ppid=16 vsize=1051180 memory=860156 CPUtime=1595.65 cores=59-60,63,67-72,78-79,82,84-85,171-172,175,179-184,190-191,194,196-197
/proc/18/stat : 18 (bn4rust) R 16 16 0 0 -1 4194304 1343269 0 17 0 156799 2766 0 0 20 0 1 0 53413140 1076408320 215039 67087892480 94004580372480 94004582239601 140733946334944 0 0 0 0 4096 1088 0 0 0 17 85 0 0 1 0 0 94004582497664 94004582544600 94004596572160 140733946338049 140733946338198 140733946338198 140733946339297 0
/proc/18/statm: 262795 215039 1055 456 0 260956 0
Current children cumulated CPU time: 1595.69 s
Current children cumulated vsize: 1068864 KiB
Current children cumulated memory: 872640 KiB

[startup+1662.3 s]
/proc/loadavg: 49.26 49.53 49.69 51/3013 18
/proc/meminfo: memFree=406249656/527542272 swapFree=33468668/33554428
[pid=16] ppid=13 vsize=17684 memory=12484 CPUtime=0.04 cores=59-60,63,67-72,78-79,82,84-85,171-172,175,179-184,190-191,194,196-197
/proc/16/stat : 16 (python3) S 13 16 0 0 -1 4194304 1893 0 96 0 3 1 0 0 20 0 1 0 53413126 18108416 3121 67087892480 4194304 7154137 140737262379632 0 0 0 0 16781312 2 1 0 0 17 196 0 0 8 0 0 9727432 11029816 44781568 140737262385982 140737262386093 140737262386093 140737262387175 0
/proc/16/statm: 4421 3121 1527 723 0 2063 0
[pid=18] ppid=16 vsize=688340 memory=556596 CPUtime=1655.41 cores=59-60,63,67-72,78-79,82,84-85,171-172,175,179-184,190-191,194,196-197
/proc/18/stat : 18 (bn4rust) R 16 16 0 0 -1 4194304 1392578 0 17 0 162640 2901 0 0 20 0 1 0 53413140 704860160 139149 67087892480 94004580372480 94004582239601 140733946334944 0 0 0 0 4096 1088 0 0 0 17 85 0 0 1 0 0 94004582497664 94004582544600 94004596572160 140733946338049 140733946338198 140733946338198 140733946339297 0
/proc/18/statm: 172085 139149 1055 456 0 170246 0
Current children cumulated CPU time: 1655.45 s
Current children cumulated vsize: 706024 KiB
Current children cumulated memory: 569080 KiB

[startup+1722.3 s]
/proc/loadavg: 48.85 49.41 49.65 51/3013 18
/proc/meminfo: memFree=406315892/527542272 swapFree=33468668/33554428
[pid=16] ppid=13 vsize=17684 memory=12484 CPUtime=0.04 cores=59-60,63,67-72,78-79,82,84-85,171-172,175,179-184,190-191,194,196-197
/proc/16/stat : 16 (python3) S 13 16 0 0 -1 4194304 1893 0 96 0 3 1 0 0 20 0 1 0 53413126 18108416 3121 67087892480 4194304 7154137 140737262379632 0 0 0 0 16781312 2 1 0 0 17 196 0 0 8 0 0 9727432 11029816 44781568 140737262385982 140737262386093 140737262386093 140737262387175 0
/proc/16/statm: 4421 3121 1527 723 0 2063 0
[pid=18] ppid=16 vsize=639188 memory=532184 CPUtime=1715.16 cores=59-60,63,67-72,78-79,82,84-85,171-172,175,179-184,190-191,194,196-197
/proc/18/stat : 18 (bn4rust) R 16 16 0 0 -1 4194304 1444146 0 17 0 168473 3043 0 0 20 0 1 0 53413140 654528512 133046 67087892480 94004580372480 94004582239601 140733946334944 0 0 0 0 4096 1088 0 0 0 17 85 0 0 1 0 0 94004582497664 94004582544600 94004596572160 140733946338049 140733946338198 140733946338198 140733946339297 0
/proc/18/statm: 159797 133046 1055 456 0 157958 0
Current children cumulated CPU time: 1715.2 s
Current children cumulated vsize: 656872 KiB
Current children cumulated memory: 544668 KiB

[startup+1782.3 s]
/proc/loadavg: 49.70 49.57 49.69 51/3016 18
/proc/meminfo: memFree=404790300/527542272 swapFree=33468668/33554428
[pid=16] ppid=13 vsize=17684 memory=12484 CPUtime=0.04 cores=59-60,63,67-72,78-79,82,84-85,171-172,175,179-184,190-191,194,196-197
/proc/16/stat : 16 (python3) S 13 16 0 0 -1 4194304 1893 0 96 0 3 1 0 0 20 0 1 0 53413126 18108416 3121 67087892480 4194304 7154137 140737262379632 0 0 0 0 16781312 2 1 0 0 17 196 0 0 8 0 0 9727432 11029816 44781568 140737262385982 140737262386093 140737262386093 140737262387175 0
/proc/16/statm: 4421 3121 1527 723 0 2063 0
[pid=18] ppid=16 vsize=1796924 memory=1536664 CPUtime=1774.92 cores=59-60,63,67-72,78-79,82,84-85,171-172,175,179-184,190-191,194,196-197
/proc/18/stat : 18 (bn4rust) R 16 16 0 0 -1 4194304 1482549 0 17 0 174312 3180 0 0 20 0 1 0 53413140 1840050176 384166 67087892480 94004580372480 94004582239601 140733946334944 0 0 0 0 4096 1088 0 0 0 17 85 0 0 1 0 0 94004582497664 94004582544600 94004596572160 140733946338049 140733946338198 140733946338198 140733946339297 0
/proc/18/statm: 449231 384166 1055 456 0 447392 0
Current children cumulated CPU time: 1774.96 s
Current children cumulated vsize: 1814608 KiB
Current children cumulated memory: 1549148 KiB



Maximum wall clock time exceeded: sending SIGTERM then SIGKILL

[startup+1800 s]*
/proc/loadavg: 48.73 49.37 49.62 51/3021 18
/proc/meminfo: memFree=407002860/527542272 swapFree=33468668/33554428
[pid=16] ppid=13 vsize=17684 memory=12484 CPUtime=0.04 cores=59-60,63,67-72,78-79,82,84-85,171-172,175,179-184,190-191,194,196-197
/proc/16/stat : 16 (python3) S 13 16 0 0 -1 4194304 1893 0 96 0 3 1 0 0 20 0 1 0 53413126 18108416 3121 67087892480 4194304 7154137 140737262379632 0 0 0 0 16781312 2 1 0 0 17 196 0 0 8 0 0 9727432 11029816 44781568 140737262385982 140737262386093 140737262386093 140737262387175 0
/proc/16/statm: 4421 3121 1527 723 0 2063 0
[pid=18] ppid=16 vsize=2642492 memory=2122464 CPUtime=1792.55 cores=59-60,63,67-72,78-79,82,84-85,171-172,175,179-184,190-191,194,196-197
/proc/18/stat : 18 (bn4rust) R 16 16 0 0 -1 4194304 1489308 0 17 0 176046 3209 0 0 20 0 1 0 53413140 2705911808 530616 67087892480 94004580372480 94004582239601 140733946334944 0 0 0 0 4096 1088 0 0 0 17 85 0 0 1 0 0 94004582497664 94004582544600 94004596572160 140733946338049 140733946338198 140733946338198 140733946339297 0
/proc/18/statm: 660623 530616 1055 456 0 658784 0
Current children cumulated CPU time: 1792.59 s
Current children cumulated vsize: 2660176 KiB
Current children cumulated memory: 2134948 KiB

Sending SIGTERM to process tree (bottom up)
Sleeping 2 seconds

[startup+1800.01 s]
# the end of solver process 16 was just reported to runsolver
# cumulated CPU time of all completed processes:  user=0.036424 s, system=0.015766 s

[startup+1800.02 s]
# the end of solver process 18 was just reported to runsolver
# cumulated CPU time of all completed processes:  user=1760.5 s, system=32.1332 s
# this solver process was not waited by its parent and was adopted by runsolver

Solver just ended.
??? end of watcher thread
Dumping a history of the last processes samples

Child ended because it received signal 15 (SIGTERM)
Real time (s): 1800.02
CPU time (s): 1792.63
CPU user time (s): 1760.5
CPU system time (s): 32.1332
CPU usage (%): 99.5895
Max. virtual memory (cumulated for all children) (KiB): 3086164
Max. memory (cumulated for all children) (KiB): 2437732

getrusage(RUSAGE_CHILDREN,...) data:
user time used= 1760.5
system time used= 32.1332
maximum resident set size= 2531988
integral shared memory size= 0
integral unshared data size= 0
integral unshared stack size= 0
page reclaims= 1491201
page faults= 113
swaps= 0
block input operations= 19536
block output operations= 8
messages sent= 0
messages received= 0
signals received= 0
voluntary context switches= 975
involuntary context switches= 3233


# summary of solver processes directly reported to runsolver:
#   pid: 16,18
#   total CPU time (s): 1792.63
#   total CPU user time (s): 1760.5
#   total CPU system time (s): 32.1332

??? join timestamper begins
??? join timestamper ends
??? end of timestamper thread
runsolver used 1.6819 second user time and 2.96975 second system time

The end
