# WCTIME: wall clock time in seconds
WCTIME=1800.01
# CPUTIME: CPU time in seconds (USERTIME+SYSTEMTIME)
CPUTIME=1792.23
# USERTIME: CPU time spent in user mode in seconds
USERTIME=1760.86
# SYSTEMTIME: CPU time spent in system mode in seconds
SYSTEMTIME=31.3684
# CPUUSAGE: CPUTIME/WCTIME in percent
CPUUSAGE=99.5679
# MAXVM: maximum virtual memory used in KiB
MAXVM=1521524
# MAXMM: maximum memory used in KiB
MAXMM=1313812
# MAXRSS: maximum Resident Segment Size in KiB
MAXRSS=1309928
# TIMEOUT: did the solver exceed the time limit?
TIMEOUT=true
# MEMOUT: did the solver exceed the memory limit?
MEMOUT=false
# EXITSTATUS: Exit status of the solver
EXITSTATUS=15
