# WCTIME: wall clock time in seconds
WCTIME=0.76998
# CPUTIME: CPU time in seconds (USERTIME+SYSTEMTIME)
CPUTIME=0.404392
# USERTIME: CPU time spent in user mode in seconds
USERTIME=0.382599
# SYSTEMTIME: CPU time spent in system mode in seconds
SYSTEMTIME=0.021793
# CPUUSAGE: CPUTIME/WCTIME in percent
CPUUSAGE=52.5198
# MAXVM: maximum virtual memory used in KiB
MAXVM=25976
# MAXMM: maximum memory used in KiB
MAXMM=17536
# MAXRSS: maximum Resident Segment Size in KiB
MAXRSS=12612
# TIMEOUT: did the solver exceed the time limit?
TIMEOUT=false
# MEMOUT: did the solver exceed the memory limit?
MEMOUT=false
# EXITSTATUS: Exit status of the solver
EXITSTATUS=0
