runsolver version 3.4.1 (svn: 3018) Copyright (C) 2010-2013 Olivier ROUSSEL

This program is distributed in the hope that it will be useful,
but WITHOUT ANY WARRANTY; without even the implied warranty of
MERCHANTABILITY or FITNESS FOR A PARTICULAR PURPOSE.  See the
GNU General Public License for more details.

NUMA information:
  number of nodes: 8
  memory of node 0: 63700 MiB (41728 MiB free)
  memory of node 1: 64504 MiB (44245 MiB free)
  memory of node 2: 64504 MiB (44303 MiB free)
  memory of node 3: 64504 MiB (58903 MiB free)
  memory of node 4: 64504 MiB (41534 MiB free)
  memory of node 5: 64461 MiB (43534 MiB free)
  memory of node 6: 64504 MiB (61180 MiB free)
  memory of node 7: 64491 MiB (62179 MiB free)
  node distances:
     10  12  12  12  21  21  21  21
     12  10  12  12  21  21  21  21
     12  12  10  12  21  21  21  21
     12  12  12  10  21  21  21  21
     21  21  21  21  10  12  12  12
     21  21  21  21  12  10  12  12
     21  21  21  21  12  12  10  12
     21  21  21  21  12  12  12  10

command line: /usr/local/bin/runsolver --timestamp -w /output/runsolver-watch.log -v /output/runsolver-values.log -o /output/solver-output.log -C 1800.0 -W 1800.0 -R 64000 /opt/solver/run_pyboolnet.py --instance /input/model_184.bnet 

running on 28 cores: 44-55,156-167,83-84,195-196

Enforcing CPUTime limit (soft limit, will send SIGTERM then SIGKILL): 1800 seconds
Enforcing CPUTime limit (hard limit, will send SIGXCPU): 1830 seconds
Enforcing wall clock limit (soft limit, will send SIGTERM then SIGKILL): 1800 seconds
Enforcing RSS+Swap limit (soft limit, will send SIGTERM then SIGKILL): 65536000 KiB
Linux 4.18.0-553.126.1.el8_10.x86_64
solver pid=16, runsolver pid=13
Current StackSize limit: 18014398509481983 KiB


[startup+0.100064 s]*
/proc/loadavg: 79.78 76.52 76.45 77/3041 17
/proc/meminfo: memFree=407140772/527542272 swapFree=32709628/33554428
[pid=16] ppid=13 vsize=14924 memory=9008 CPUtime=0.01 cores=44-55,83-84,156-167,195-196
/proc/16/stat : 16 (python3) D 13 16 0 0 -1 4194304 1086 0 56 0 1 0 0 0 20 0 1 0 522991651 15282176 2252 67087892480 93915165536256 93915168806957 140721692649920 0 0 0 0 16781312 2 0 0 0 17 84 0 0 6 0 0 93915171170320 93915171454360 93915176484864 140721692654337 140721692654407 140721692654407 140721692655591 0
/proc/16/statm: 3731 2252 1391 799 0 1350 0
Current children cumulated CPU time: 0.01 s
Current children cumulated vsize: 14924 KiB
Current children cumulated memory: 9008 KiB

[startup+0.200722 s]*
/proc/loadavg: 79.78 76.52 76.45 77/3039 17
/proc/meminfo: memFree=407133740/527542272 swapFree=32709628/33554428
[pid=16] ppid=13 vsize=19804 memory=14224 CPUtime=0.06 cores=44-55,83-84,156-167,195-196
/proc/16/stat : 16 (python3) S 13 16 0 0 -1 4194304 2305 0 74 0 5 1 0 0 20 0 1 0 522991651 20279296 3556 67087892480 93915165536256 93915168806957 140721692649920 0 0 0 0 16781312 2 1 0 0 17 84 0 0 10 0 0 93915171170320 93915171454360 93915176484864 140721692654337 140721692654407 140721692654407 140721692655591 0
/proc/16/statm: 4951 3556 1561 799 0 2475 0
Current children cumulated CPU time: 0.06 s
Current children cumulated vsize: 19804 KiB
Current children cumulated memory: 14224 KiB

[startup+0.300468 s]*
/proc/loadavg: 79.78 76.52 76.45 77/3039 17
/proc/meminfo: memFree=407126844/527542272 swapFree=32709628/33554428
[pid=16] ppid=13 vsize=24768 memory=19676 CPUtime=0.12 cores=44-55,83-84,156-167,195-196
/proc/16/stat : 16 (python3) S 13 16 0 0 -1 4194304 3653 0 80 0 9 3 0 0 20 0 1 0 522991651 25362432 4919 67087892480 93915165536256 93915168806957 140721692649920 0 0 0 0 16781312 2 1 0 0 17 84 0 0 13 0 0 93915171170320 93915171454360 93915176484864 140721692654337 140721692654407 140721692654407 140721692655591 0
/proc/16/statm: 6192 4919 1680 799 0 3704 0
Current children cumulated CPU time: 0.12 s
Current children cumulated vsize: 24768 KiB
Current children cumulated memory: 19676 KiB

[startup+0.700292 s]
/proc/loadavg: 79.78 76.52 76.45 77/3039 17
/proc/meminfo: memFree=407127380/527542272 swapFree=32709628/33554428
[pid=16] ppid=13 vsize=121040 memory=44004 CPUtime=0.28 cores=44-55,83-84,156-167,195-196
/proc/16/stat : 16 (python3) S 13 16 0 0 -1 4194304 7956 0 216 0 20 8 0 0 20 0 1 0 522991651 123944960 11001 67087892480 93915165536256 93915168806957 140721692649920 0 0 0 0 16781312 2 1 0 0 17 84 0 0 31 0 0 93915171170320 93915171454360 93915176484864 140721692654337 140721692654407 140721692654407 140721692655591 0
/proc/16/statm: 30260 11001 3679 799 0 16316 0
Current children cumulated CPU time: 0.28 s
Current children cumulated vsize: 121040 KiB
Current children cumulated memory: 44004 KiB

[startup+1.50022 s]
/proc/loadavg: 79.78 76.52 76.45 77/3040 19
/proc/meminfo: memFree=407084228/527542272 swapFree=32709628/33554428
[pid=16] ppid=13 vsize=224940 memory=70816 CPUtime=0.82 cores=44-55,83-84,156-167,195-196
/proc/16/stat : 16 (python3) I 13 16 0 0 -1 4194304 13219 0 298 0 69 13 0 0 20 0 1 0 522991651 230338560 17704 67087892480 93915165536256 93915168806957 140721692649920 0 0 0 0 16781312 2 0 0 0 17 84 0 0 52 0 0 93915171170320 93915171454360 93915176484864 140721692654337 140721692654407 140721692654407 140721692655591 0
/proc/16/statm: 56235 17704 5207 799 0 22942 0
Current children cumulated CPU time: 0.82 s
Current children cumulated vsize: 224940 KiB
Current children cumulated memory: 70816 KiB

[startup+1.70713 s]
# the end of solver process 16 was just reported to runsolver
# cumulated CPU time of all completed processes:  user=0.775184 s, system=0.147985 s

Solver just ended.
??? end of watcher thread
Dumping a history of the last processes samples

[startup+1.60022 s]
/proc/loadavg: 79.78 76.52 76.45 77/3040 19
/proc/meminfo: memFree=407084228/527542272 swapFree=32709628/33554428
[pid=16] ppid=13 vsize=220840 memory=70848 CPUtime=0.82 cores=44-55,83-84,156-167,195-196
/proc/16/stat : 16 (python3) S 13 16 0 0 -1 4194304 13257 136 298 4 69 13 0 0 20 0 1 0 522991651 226140160 17712 67087892480 93915165536256 93915168806957 140721692649920 0 0 0 0 16781312 2 1 0 0 17 84 0 0 52 0 0 93915171170320 93915171454360 93915176484864 140721692654337 140721692654407 140721692654407 140721692655591 0
/proc/16/statm: 55210 17712 5207 799 0 21917 0
Current children cumulated CPU time: 0.82 s
Current children cumulated vsize: 220840 KiB
Current children cumulated memory: 70848 KiB

[startup+1.70018 s]
/proc/loadavg: 79.78 76.52 76.45 77/3040 19
/proc/meminfo: memFree=407084228/527542272 swapFree=32709628/33554428
[pid=16] ppid=13 vsize=219556 memory=69784 CPUtime=0.89 cores=44-55,83-84,156-167,195-196
/proc/16/stat : 16 (python3) D 13 16 0 0 -1 4194304 13281 1489 304 77 76 13 0 0 20 0 1 0 522991651 224825344 17446 67087892480 93915165536256 93915168806957 140721692649920 0 0 0 0 16781312 0 0 0 0 17 84 0 0 53 0 0 93915171170320 93915171454360 93915176484864 140721692654337 140721692654407 140721692654407 140721692655591 0
/proc/16/statm: 54889 17446 5208 799 0 21596 0
Current children cumulated CPU time: 0.89 s
Current children cumulated vsize: 219556 KiB
Current children cumulated memory: 69784 KiB

Child status: 0
Real time (s): 1.70717
CPU time (s): 0.923169
CPU user time (s): 0.775184
CPU system time (s): 0.147985
CPU usage (%): 54.0761
Max. virtual memory (cumulated for all children) (KiB): 224940
Max. memory (cumulated for all children) (KiB): 70848

getrusage(RUSAGE_CHILDREN,...) data:
user time used= 0.775184
system time used= 0.147985
maximum resident set size= 70848
integral shared memory size= 0
integral unshared data size= 0
integral unshared stack size= 0
page reclaims= 14780
page faults= 384
swaps= 0
block input operations= 106136
block output operations= 0
messages sent= 0
messages received= 0
signals received= 0
voluntary context switches= 10309
involuntary context switches= 1


# summary of solver processes directly reported to runsolver:
#   pid: 16
#   total CPU time (s): 0.923169
#   total CPU user time (s): 0.775184
#   total CPU system time (s): 0.147985

??? join timestamper begins
??? join timestamper ends
??? end of timestamper thread
runsolver used 0.002163 second user time and 0.010797 second system time

The end
