runsolver version 3.4.1 (svn: 3018) Copyright (C) 2010-2013 Olivier ROUSSEL

This program is distributed in the hope that it will be useful,
but WITHOUT ANY WARRANTY; without even the implied warranty of
MERCHANTABILITY or FITNESS FOR A PARTICULAR PURPOSE.  See the
GNU General Public License for more details.

NUMA information:
  number of nodes: 8
  memory of node 0: 63700 MiB (60844 MiB free)
  memory of node 1: 64504 MiB (56894 MiB free)
  memory of node 2: 64504 MiB (60542 MiB free)
  memory of node 3: 64504 MiB (51715 MiB free)
  memory of node 4: 64504 MiB (49308 MiB free)
  memory of node 5: 64461 MiB (53636 MiB free)
  memory of node 6: 64504 MiB (58226 MiB free)
  memory of node 7: 64491 MiB (60187 MiB free)
  node distances:
     10  12  12  12  21  21  21  21
     12  10  12  12  21  21  21  21
     12  12  10  12  21  21  21  21
     12  12  12  10  21  21  21  21
     21  21  21  21  10  12  12  12
     21  21  21  21  12  10  12  12
     21  21  21  21  12  12  10  12
     21  21  21  21  12  12  12  10

command line: /usr/local/bin/runsolver --timestamp -w /output/runsolver-watch.log -v /output/runsolver-values.log -o /output/solver-output.log -C 1800.0 -W 1800.0 -R 64000 /opt/solver/run_pyboolnet.py --instance /input/model_228.bnet 

running on 28 cores: 6-13,17-20,124-125,129-132,90-91,118-123,202-203

Enforcing CPUTime limit (soft limit, will send SIGTERM then SIGKILL): 1800 seconds
Enforcing CPUTime limit (hard limit, will send SIGXCPU): 1830 seconds
Enforcing wall clock limit (soft limit, will send SIGTERM then SIGKILL): 1800 seconds
Enforcing RSS+Swap limit (soft limit, will send SIGTERM then SIGKILL): 65536000 KiB
Linux 4.18.0-553.126.1.el8_10.x86_64
solver pid=17, runsolver pid=14
Current StackSize limit: 18014398509481983 KiB


[startup+0.100082 s]*
/proc/loadavg: 55.95 54.54 53.80 60/3223 18
/proc/meminfo: memFree=462180144/527542264 swapFree=31898860/33554428
[pid=17] ppid=14 vsize=13704 memory=7304 CPUtime=0 cores=6-13,17-20,90-91,118-125,129-132,202-203
/proc/17/stat : 17 (python3) S 14 17 0 0 -1 4194304 790 0 50 0 0 0 0 0 20 0 1 0 522830529 14032896 1826 67087892480 94300417777664 94300421048365 140728484212064 0 0 0 0 16781312 2 1 0 0 17 8 0 0 5 0 0 94300423411728 94300423695768 94300429955072 140728484219649 140728484219719 140728484219719 140728484220903 0
/proc/17/statm: 3426 1826 1210 799 0 1045 0
Current children cumulated CPU time: 0 s
Current children cumulated vsize: 13704 KiB
Current children cumulated memory: 7304 KiB

[startup+0.200976 s]*
/proc/loadavg: 56.28 54.63 53.84 59/3223 18
/proc/meminfo: memFree=462173088/527542264 swapFree=31898860/33554428
[pid=17] ppid=14 vsize=17020 memory=11800 CPUtime=0.04 cores=6-13,17-20,90-91,118-125,129-132,202-203
/proc/17/stat : 17 (python3) D 14 17 0 0 -1 4194304 1710 0 72 0 3 1 0 0 20 0 1 0 522830529 17428480 2950 67087892480 94300417777664 94300421048365 140728484212064 0 0 0 0 16781312 2 0 0 0 17 8 0 0 8 0 0 94300423411728 94300423695768 94300429955072 140728484219649 140728484219719 140728484219719 140728484220903 0
/proc/17/statm: 4255 2950 1461 799 0 1783 0
Current children cumulated CPU time: 0.04 s
Current children cumulated vsize: 17020 KiB
Current children cumulated memory: 11800 KiB

[startup+0.300597 s]*
/proc/loadavg: 56.28 54.63 53.84 60/3223 18
/proc/meminfo: memFree=462171324/527542264 swapFree=31898860/33554428
[pid=17] ppid=14 vsize=18456 memory=12708 CPUtime=0.06 cores=6-13,17-20,90-91,118-125,129-132,202-203
/proc/17/stat : 17 (python3) R 14 17 0 0 -1 4194304 1947 0 73 0 4 2 0 0 20 0 1 0 522830529 18898944 3177 67087892480 94300417777664 94300421048365 140728484212064 0 0 0 0 16781312 2 0 0 0 17 8 0 0 19 0 0 94300423411728 94300423695768 94300429955072 140728484219649 140728484219719 140728484219719 140728484220903 0
/proc/17/statm: 4614 3177 1484 799 0 2142 0
Current children cumulated CPU time: 0.06 s
Current children cumulated vsize: 18456 KiB
Current children cumulated memory: 12708 KiB

[startup+0.700296 s]
/proc/loadavg: 56.28 54.63 53.84 60/3224 18
/proc/meminfo: memFree=462163960/527542264 swapFree=31898860/33554428
[pid=17] ppid=14 vsize=34864 memory=28560 CPUtime=0.19 cores=6-13,17-20,90-91,118-125,129-132,202-203
/proc/17/stat : 17 (python3) R 14 17 0 0 -1 4194304 5303 0 123 0 13 6 0 0 20 0 1 0 522830529 35700736 7140 67087892480 94300417777664 94300421048365 140728484212064 0 0 0 0 16781312 2 0 0 0 17 8 0 0 39 0 0 94300423411728 94300423695768 94300429955072 140728484219649 140728484219719 140728484219719 140728484220903 0
/proc/17/statm: 8716 7140 2264 799 0 5121 0
Current children cumulated CPU time: 0.19 s
Current children cumulated vsize: 34864 KiB
Current children cumulated memory: 28560 KiB

[startup+1.50027 s]
/proc/loadavg: 56.28 54.63 53.84 45/3224 18
/proc/meminfo: memFree=462111924/527542264 swapFree=31898860/33554428
[pid=17] ppid=14 vsize=212188 memory=63220 CPUtime=0.45 cores=6-13,17-20,90-91,118-125,129-132,202-203
/proc/17/stat : 17 (python3) D 14 17 0 0 -1 4194304 10979 0 290 0 33 12 0 0 20 0 2 0 522830529 217280512 15805 67087892480 94300417777664 94300421048365 140728484212064 0 0 0 0 16781312 2 0 0 0 17 8 0 0 88 0 0 94300423411728 94300423695768 94300429955072 140728484219649 140728484219719 140728484219719 140728484220903 0
/proc/17/statm: 53047 15805 5023 799 0 19754 0
Current children cumulated CPU time: 0.45 s
Current children cumulated vsize: 212188 KiB
Current children cumulated memory: 63220 KiB

[startup+3.10077 s]
/proc/loadavg: 56.28 54.63 53.84 60/3226 22
/proc/meminfo: memFree=462163096/527542264 swapFree=31898860/33554428
[pid=17] ppid=14 vsize=222400 memory=71784 CPUtime=0.84 cores=6-13,17-20,90-91,118-125,129-132,202-203
/proc/17/stat : 17 (python3) S 14 17 0 0 -1 4194304 13504 143 298 4 69 14 1 0 20 0 1 0 522830529 227737600 17946 67087892480 94300417777664 94300421048365 140728484212064 0 0 0 0 16781312 2 1 0 0 17 8 0 0 99 0 0 94300423411728 94300423695768 94300429955072 140728484219649 140728484219719 140728484219719 140728484220903 0
/proc/17/statm: 55600 17946 5177 799 0 22307 0
[pid=22] ppid=17 vsize=63868 memory=24744 CPUtime=0.93 cores=6-13,17-20,90-91,118-125,129-132,202-203
/proc/22/stat : 22 (NuSMVa_linux64) R 17 17 0 0 -1 4194304 3214 0 73 0 93 0 0 0 20 0 1 0 522830738 65400832 6186 67087892480 4194304 7931321 140735422442240 0 0 0 0 0 512 0 0 0 17 121 0 0 5 0 0 10030016 10037704 33923072 140735422450216 140735422450354 140735422450354 140735422451622 0
/proc/22/statm: 15967 6186 1736 913 0 4769 0
Current children cumulated CPU time: 1.77 s
Current children cumulated vsize: 286268 KiB
Current children cumulated memory: 96528 KiB
heavy processes:

[startup+6.30039 s]
/proc/loadavg: 55.29 54.46 53.78 60/3226 22
/proc/meminfo: memFree=462148964/527542264 swapFree=31898860/33554428
[pid=17] ppid=14 vsize=222400 memory=71784 CPUtime=0.84 cores=6-13,17-20,90-91,118-125,129-132,202-203
/proc/17/stat : 17 (python3) S 14 17 0 0 -1 4194304 13504 143 298 4 69 14 1 0 20 0 1 0 522830529 227737600 17946 67087892480 94300417777664 94300421048365 140728484212064 0 0 0 0 16781312 2 1 0 0 17 8 0 0 99 0 0 94300423411728 94300423695768 94300429955072 140728484219649 140728484219719 140728484219719 140728484220903 0
/proc/17/statm: 55600 17946 5177 799 0 22307 0
[pid=22] ppid=17 vsize=83080 memory=43956 CPUtime=4.12 cores=6-13,17-20,90-91,118-125,129-132,202-203
/proc/22/stat : 22 (NuSMVa_linux64) R 17 17 0 0 -1 4194304 6468 0 73 0 411 1 0 0 20 0 1 0 522830738 85073920 10989 67087892480 4194304 7931321 140735422442240 0 0 0 0 0 512 0 0 0 17 121 0 0 5 0 0 10030016 10037704 33923072 140735422450216 140735422450354 140735422450354 140735422451622 0
/proc/22/statm: 20770 10989 1736 913 0 9572 0
Current children cumulated CPU time: 4.96 s
Current children cumulated vsize: 305480 KiB
Current children cumulated memory: 115740 KiB
heavy processes:

[startup+12.7003 s]
/proc/loadavg: 55.03 54.42 53.77 53/3227 22
/proc/meminfo: memFree=461969508/527542264 swapFree=31898860/33554428
[pid=17] ppid=14 vsize=222400 memory=71784 CPUtime=0.84 cores=6-13,17-20,90-91,118-125,129-132,202-203
/proc/17/stat : 17 (python3) S 14 17 0 0 -1 4194304 13504 143 298 4 69 14 1 0 20 0 1 0 522830529 227737600 17946 67087892480 94300417777664 94300421048365 140728484212064 0 0 0 0 16781312 2 1 0 0 17 8 0 0 99 0 0 94300423411728 94300423695768 94300429955072 140728484219649 140728484219719 140728484219719 140728484220903 0
/proc/17/statm: 55600 17946 5177 799 0 22307 0
[pid=22] ppid=17 vsize=93988 memory=55016 CPUtime=10.49 cores=6-13,17-20,90-91,118-125,129-132,202-203
/proc/22/stat : 22 (NuSMVa_linux64) R 17 17 0 0 -1 4194304 9218 0 73 0 1047 2 0 0 20 0 1 0 522830738 96243712 13754 67087892480 4194304 7931321 140735422442240 0 0 0 0 0 512 0 0 0 17 9 0 0 5 0 0 10030016 10037704 33923072 140735422450216 140735422450354 140735422450354 140735422451622 0
/proc/22/statm: 23497 13754 1736 913 0 12299 0
Current children cumulated CPU time: 11.33 s
Current children cumulated vsize: 316388 KiB
Current children cumulated memory: 126800 KiB

[startup+25.5005 s]
/proc/loadavg: 54.56 54.34 53.75 53/3227 22
/proc/meminfo: memFree=462110424/527542264 swapFree=31898860/33554428
[pid=17] ppid=14 vsize=222400 memory=71784 CPUtime=0.84 cores=6-13,17-20,90-91,118-125,129-132,202-203
/proc/17/stat : 17 (python3) S 14 17 0 0 -1 4194304 13504 143 298 4 69 14 1 0 20 0 1 0 522830529 227737600 17946 67087892480 94300417777664 94300421048365 140728484212064 0 0 0 0 16781312 2 1 0 0 17 8 0 0 99 0 0 94300423411728 94300423695768 94300429955072 140728484219649 140728484219719 140728484219719 140728484220903 0
/proc/17/statm: 55600 17946 5177 799 0 22307 0
[pid=22] ppid=17 vsize=116060 memory=76900 CPUtime=23.23 cores=6-13,17-20,90-91,118-125,129-132,202-203
/proc/22/stat : 22 (NuSMVa_linux64) R 17 17 0 0 -1 4194304 14727 0 73 0 2320 3 0 0 20 0 1 0 522830738 118845440 19225 67087892480 4194304 7931321 140735422442240 0 0 0 0 0 512 0 0 0 17 9 0 0 5 0 0 10030016 10037704 33923072 140735422450216 140735422450354 140735422450354 140735422451622 0
/proc/22/statm: 29015 19225 1736 913 0 17817 0
Current children cumulated CPU time: 24.07 s
Current children cumulated vsize: 338460 KiB
Current children cumulated memory: 148684 KiB

[startup+51.1006 s]
/proc/loadavg: 53.95 54.22 53.73 53/3227 22
/proc/meminfo: memFree=462066812/527542264 swapFree=31898860/33554428
[pid=17] ppid=14 vsize=222400 memory=71784 CPUtime=0.84 cores=6-13,17-20,90-91,118-125,129-132,202-203
/proc/17/stat : 17 (python3) S 14 17 0 0 -1 4194304 13504 143 298 4 69 14 1 0 20 0 1 0 522830529 227737600 17946 67087892480 94300417777664 94300421048365 140728484212064 0 0 0 0 16781312 2 1 0 0 17 8 0 0 99 0 0 94300423411728 94300423695768 94300429955072 140728484219649 140728484219719 140728484219719 140728484220903 0
/proc/17/statm: 55600 17946 5177 799 0 22307 0
[pid=22] ppid=17 vsize=162336 memory=123368 CPUtime=48.71 cores=6-13,17-20,90-91,118-125,129-132,202-203
/proc/22/stat : 22 (NuSMVa_linux64) R 17 17 0 0 -1 4194304 26311 0 73 0 4866 5 0 0 20 0 1 0 522830738 166232064 30842 67087892480 4194304 7931321 140735422442240 0 0 0 0 0 512 0 0 0 17 9 0 0 5 0 0 10030016 10037704 33923072 140735422450216 140735422450354 140735422450354 140735422451622 0
/proc/22/statm: 40584 30842 1752 913 0 29386 0
Current children cumulated CPU time: 49.55 s
Current children cumulated vsize: 384736 KiB
Current children cumulated memory: 195152 KiB

[startup+102.3 s]
/proc/loadavg: 54.14 54.21 53.75 53/3225 22
/proc/meminfo: memFree=462039556/527542264 swapFree=31898860/33554428
[pid=17] ppid=14 vsize=222400 memory=71784 CPUtime=0.84 cores=6-13,17-20,90-91,118-125,129-132,202-203
/proc/17/stat : 17 (python3) S 14 17 0 0 -1 4194304 13504 143 298 4 69 14 1 0 20 0 1 0 522830529 227737600 17946 67087892480 94300417777664 94300421048365 140728484212064 0 0 0 0 16781312 2 1 0 0 17 8 0 0 99 0 0 94300423411728 94300423695768 94300429955072 140728484219649 140728484219719 140728484219719 140728484220903 0
/proc/17/statm: 55600 17946 5177 799 0 22307 0
[pid=22] ppid=17 vsize=164384 memory=125216 CPUtime=99.68 cores=6-13,17-20,90-91,118-125,129-132,202-203
/proc/22/stat : 22 (NuSMVa_linux64) R 17 17 0 0 -1 4194304 26823 0 73 0 9963 5 0 0 20 0 1 0 522830738 168329216 31304 67087892480 4194304 7931321 140735422442240 0 0 0 0 0 512 0 0 0 17 121 0 0 5 0 0 10030016 10037704 33923072 140735422450216 140735422450354 140735422450354 140735422451622 0
/proc/22/statm: 41096 31304 1752 913 0 29898 0
Current children cumulated CPU time: 100.52 s
Current children cumulated vsize: 386784 KiB
Current children cumulated memory: 197000 KiB

[startup+162.3 s]
/proc/loadavg: 52.78 53.78 53.63 51/3214 22
/proc/meminfo: memFree=462788364/527542264 swapFree=31898860/33554428
[pid=17] ppid=14 vsize=222400 memory=71784 CPUtime=0.84 cores=6-13,17-20,90-91,118-125,129-132,202-203
/proc/17/stat : 17 (python3) S 14 17 0 0 -1 4194304 13504 143 298 4 69 14 1 0 20 0 1 0 522830529 227737600 17946 67087892480 94300417777664 94300421048365 140728484212064 0 0 0 0 16781312 2 1 0 0 17 8 0 0 99 0 0 94300423411728 94300423695768 94300429955072 140728484219649 140728484219719 140728484219719 140728484220903 0
/proc/17/statm: 55600 17946 5177 799 0 22307 0
[pid=22] ppid=17 vsize=179768 memory=140708 CPUtime=159.41 cores=6-13,17-20,90-91,118-125,129-132,202-203
/proc/22/stat : 22 (NuSMVa_linux64) R 17 17 0 0 -1 4194304 30690 0 73 0 15935 6 0 0 20 0 1 0 522830738 184082432 35177 67087892480 4194304 7931321 140735422442240 0 0 0 0 0 512 0 0 0 17 9 0 0 5 0 0 10030016 10037704 33923072 140735422450216 140735422450354 140735422450354 140735422451622 0
/proc/22/statm: 44942 35177 1752 913 0 33744 0
Current children cumulated CPU time: 160.25 s
Current children cumulated vsize: 402168 KiB
Current children cumulated memory: 212492 KiB

[startup+222.3 s]
/proc/loadavg: 52.94 53.53 53.55 52/3212 22
/proc/meminfo: memFree=462616036/527542264 swapFree=31898860/33554428
[pid=17] ppid=14 vsize=222400 memory=71784 CPUtime=0.84 cores=6-13,17-20,90-91,118-125,129-132,202-203
/proc/17/stat : 17 (python3) S 14 17 0 0 -1 4194304 13504 143 298 4 69 14 1 0 20 0 1 0 522830529 227737600 17946 67087892480 94300417777664 94300421048365 140728484212064 0 0 0 0 16781312 2 1 0 0 17 8 0 0 99 0 0 94300423411728 94300423695768 94300429955072 140728484219649 140728484219719 140728484219719 140728484220903 0
/proc/17/statm: 55600 17946 5177 799 0 22307 0
[pid=22] ppid=17 vsize=179768 memory=140708 CPUtime=219.13 cores=6-13,17-20,90-91,118-125,129-132,202-203
/proc/22/stat : 22 (NuSMVa_linux64) R 17 17 0 0 -1 4194304 30690 0 73 0 21907 6 0 0 20 0 1 0 522830738 184082432 35177 67087892480 4194304 7931321 140735422442240 0 0 0 0 0 512 0 0 0 17 9 0 0 5 0 0 10030016 10037704 33923072 140735422450216 140735422450354 140735422450354 140735422451622 0
/proc/22/statm: 44942 35177 1752 913 0 33744 0
Current children cumulated CPU time: 219.97 s
Current children cumulated vsize: 402168 KiB
Current children cumulated memory: 212492 KiB

[startup+282.3 s]
/proc/loadavg: 52.86 53.31 53.47 59/3208 22
/proc/meminfo: memFree=462759772/527542264 swapFree=31898860/33554428
[pid=17] ppid=14 vsize=222400 memory=71784 CPUtime=0.84 cores=6-13,17-20,90-91,118-125,129-132,202-203
/proc/17/stat : 17 (python3) S 14 17 0 0 -1 4194304 13504 143 298 4 69 14 1 0 20 0 1 0 522830529 227737600 17946 67087892480 94300417777664 94300421048365 140728484212064 0 0 0 0 16781312 2 1 0 0 17 8 0 0 99 0 0 94300423411728 94300423695768 94300429955072 140728484219649 140728484219719 140728484219719 140728484220903 0
/proc/17/statm: 55600 17946 5177 799 0 22307 0
[pid=22] ppid=17 vsize=179768 memory=140708 CPUtime=278.88 cores=6-13,17-20,90-91,118-125,129-132,202-203
/proc/22/stat : 22 (NuSMVa_linux64) R 17 17 0 0 -1 4194304 30704 0 73 0 27882 6 0 0 20 0 1 0 522830738 184082432 35177 67087892480 4194304 7931321 140735422442240 0 0 0 0 0 512 0 0 0 17 9 0 0 5 0 0 10030016 10037704 33923072 140735422450216 140735422450354 140735422450354 140735422451622 0
/proc/22/statm: 44942 35177 1752 913 0 33744 0
Current children cumulated CPU time: 279.72 s
Current children cumulated vsize: 402168 KiB
Current children cumulated memory: 212492 KiB

[startup+342.3 s]
/proc/loadavg: 54.31 53.57 53.54 52/3220 22
/proc/meminfo: memFree=463150996/527542264 swapFree=31898860/33554428
[pid=17] ppid=14 vsize=222400 memory=71784 CPUtime=0.84 cores=6-13,17-20,90-91,118-125,129-132,202-203
/proc/17/stat : 17 (python3) S 14 17 0 0 -1 4194304 13504 143 298 4 69 14 1 0 20 0 1 0 522830529 227737600 17946 67087892480 94300417777664 94300421048365 140728484212064 0 0 0 0 16781312 2 1 0 0 17 8 0 0 99 0 0 94300423411728 94300423695768 94300429955072 140728484219649 140728484219719 140728484219719 140728484220903 0
/proc/17/statm: 55600 17946 5177 799 0 22307 0
[pid=22] ppid=17 vsize=183512 memory=144608 CPUtime=338.56 cores=6-13,17-20,90-91,118-125,129-132,202-203
/proc/22/stat : 22 (NuSMVa_linux64) R 17 17 0 0 -1 4194304 60169 0 73 0 33842 14 0 0 20 0 1 0 522830738 187916288 36152 67087892480 4194304 7931321 140735422442240 0 0 0 0 0 512 0 0 0 17 6 0 0 5 0 0 10030016 10037704 33923072 140735422450216 140735422450354 140735422450354 140735422451622 0
/proc/22/statm: 45878 36152 1752 913 0 34680 0
Current children cumulated CPU time: 339.4 s
Current children cumulated vsize: 405912 KiB
Current children cumulated memory: 216392 KiB

[startup+402.301 s]
/proc/loadavg: 52.89 53.33 53.46 52/3223 22
/proc/meminfo: memFree=462840016/527542264 swapFree=31898860/33554428
[pid=17] ppid=14 vsize=222400 memory=71784 CPUtime=0.84 cores=6-13,17-20,90-91,118-125,129-132,202-203
/proc/17/stat : 17 (python3) S 14 17 0 0 -1 4194304 13504 143 298 4 69 14 1 0 20 0 1 0 522830529 227737600 17946 67087892480 94300417777664 94300421048365 140728484212064 0 0 0 0 16781312 2 1 0 0 17 8 0 0 99 0 0 94300423411728 94300423695768 94300429955072 140728484219649 140728484219719 140728484219719 140728484220903 0
/proc/17/statm: 55600 17946 5177 799 0 22307 0
[pid=22] ppid=17 vsize=196400 memory=157488 CPUtime=398.26 cores=6-13,17-20,90-91,118-125,129-132,202-203
/proc/22/stat : 22 (NuSMVa_linux64) R 17 17 0 0 -1 4194304 63413 0 73 0 39811 15 0 0 20 0 1 0 522830738 201113600 39372 67087892480 4194304 7931321 140735422442240 0 0 0 0 0 512 0 0 0 17 8 0 0 5 0 0 10030016 10037704 33923072 140735422450216 140735422450354 140735422450354 140735422451622 0
/proc/22/statm: 49100 39372 1752 913 0 37902 0
Current children cumulated CPU time: 399.1 s
Current children cumulated vsize: 418800 KiB
Current children cumulated memory: 229272 KiB

[startup+462.3 s]
/proc/loadavg: 52.86 53.35 53.46 53/3227 22
/proc/meminfo: memFree=462591448/527542264 swapFree=31898860/33554428
[pid=17] ppid=14 vsize=222400 memory=71784 CPUtime=0.84 cores=6-13,17-20,90-91,118-125,129-132,202-203
/proc/17/stat : 17 (python3) S 14 17 0 0 -1 4194304 13504 143 298 4 69 14 1 0 20 0 1 0 522830529 227737600 17946 67087892480 94300417777664 94300421048365 140728484212064 0 0 0 0 16781312 2 1 0 0 17 8 0 0 99 0 0 94300423411728 94300423695768 94300429955072 140728484219649 140728484219719 140728484219719 140728484220903 0
/proc/17/statm: 55600 17946 5177 799 0 22307 0
[pid=22] ppid=17 vsize=203184 memory=164060 CPUtime=458 cores=6-13,17-20,90-91,118-125,129-132,202-203
/proc/22/stat : 22 (NuSMVa_linux64) R 17 17 0 0 -1 4194304 65092 0 73 0 45784 16 0 0 20 0 1 0 522830738 208060416 41015 67087892480 4194304 7931321 140735422442240 0 0 0 0 0 512 0 0 0 17 121 0 0 5 0 0 10030016 10037704 33923072 140735422450216 140735422450354 140735422450354 140735422451622 0
/proc/22/statm: 50796 41015 1752 913 0 39598 0
Current children cumulated CPU time: 458.84 s
Current children cumulated vsize: 425584 KiB
Current children cumulated memory: 235844 KiB

[startup+522.3 s]
/proc/loadavg: 51.80 53.03 53.35 59/3228 22
/proc/meminfo: memFree=462108216/527542264 swapFree=31898860/33554428
[pid=17] ppid=14 vsize=222400 memory=71784 CPUtime=0.84 cores=6-13,17-20,90-91,118-125,129-132,202-203
/proc/17/stat : 17 (python3) S 14 17 0 0 -1 4194304 13504 143 298 4 69 14 1 0 20 0 1 0 522830529 227737600 17946 67087892480 94300417777664 94300421048365 140728484212064 0 0 0 0 16781312 2 1 0 0 17 8 0 0 99 0 0 94300423411728 94300423695768 94300429955072 140728484219649 140728484219719 140728484219719 140728484220903 0
/proc/17/statm: 55600 17946 5177 799 0 22307 0
[pid=22] ppid=17 vsize=231748 memory=192704 CPUtime=517.73 cores=6-13,17-20,90-91,118-125,129-132,202-203
/proc/22/stat : 22 (NuSMVa_linux64) R 17 17 0 0 -1 4194304 72266 0 73 0 51756 17 0 0 20 0 1 0 522830738 237309952 48176 67087892480 4194304 7931321 140735422442240 0 0 0 0 0 512 0 0 0 17 9 0 0 5 0 0 10030016 10037704 33923072 140735422450216 140735422450354 140735422450354 140735422451622 0
/proc/22/statm: 57937 48176 1752 913 0 46739 0
Current children cumulated CPU time: 518.57 s
Current children cumulated vsize: 454148 KiB
Current children cumulated memory: 264488 KiB

[startup+582.3 s]
/proc/loadavg: 53.17 53.23 53.40 57/3230 22
/proc/meminfo: memFree=462405844/527542264 swapFree=31898860/33554428
[pid=17] ppid=14 vsize=222400 memory=71784 CPUtime=0.84 cores=6-13,17-20,90-91,118-125,129-132,202-203
/proc/17/stat : 17 (python3) S 14 17 0 0 -1 4194304 13504 143 298 4 69 14 1 0 20 0 1 0 522830529 227737600 17946 67087892480 94300417777664 94300421048365 140728484212064 0 0 0 0 16781312 2 1 0 0 17 8 0 0 99 0 0 94300423411728 94300423695768 94300429955072 140728484219649 140728484219719 140728484219719 140728484220903 0
/proc/17/statm: 55600 17946 5177 799 0 22307 0
[pid=22] ppid=17 vsize=238404 memory=199300 CPUtime=577.44 cores=6-13,17-20,90-91,118-125,129-132,202-203
/proc/22/stat : 22 (NuSMVa_linux64) R 17 17 0 0 -1 4194304 73931 0 73 0 57727 17 0 0 20 0 1 0 522830738 244125696 49825 67087892480 4194304 7931321 140735422442240 0 0 0 0 0 512 0 0 0 17 121 0 0 5 0 0 10030016 10037704 33923072 140735422450216 140735422450354 140735422450354 140735422451622 0
/proc/22/statm: 59601 49825 1752 913 0 48403 0
Current children cumulated CPU time: 578.28 s
Current children cumulated vsize: 460804 KiB
Current children cumulated memory: 271084 KiB

[startup+642.3 s]
/proc/loadavg: 53.38 53.20 53.37 59/3229 22
/proc/meminfo: memFree=461975852/527542264 swapFree=31899116/33554428
[pid=17] ppid=14 vsize=222400 memory=71784 CPUtime=0.84 cores=6-13,17-20,90-91,118-125,129-132,202-203
/proc/17/stat : 17 (python3) S 14 17 0 0 -1 4194304 13504 143 298 4 69 14 1 0 20 0 1 0 522830529 227737600 17946 67087892480 94300417777664 94300421048365 140728484212064 0 0 0 0 16781312 2 1 0 0 17 8 0 0 99 0 0 94300423411728 94300423695768 94300429955072 140728484219649 140728484219719 140728484219719 140728484220903 0
/proc/17/statm: 55600 17946 5177 799 0 22307 0
[pid=22] ppid=17 vsize=238404 memory=199300 CPUtime=637.13 cores=6-13,17-20,90-91,118-125,129-132,202-203
/proc/22/stat : 22 (NuSMVa_linux64) R 17 17 0 0 -1 4194304 73940 0 73 0 63696 17 0 0 20 0 1 0 522830738 244125696 49825 67087892480 4194304 7931321 140735422442240 0 0 0 0 0 512 0 0 0 17 7 0 0 5 0 0 10030016 10037704 33923072 140735422450216 140735422450354 140735422450354 140735422451622 0
/proc/22/statm: 59601 49825 1752 913 0 48403 0
Current children cumulated CPU time: 637.97 s
Current children cumulated vsize: 460804 KiB
Current children cumulated memory: 271084 KiB

[startup+702.3 s]
/proc/loadavg: 53.21 53.08 53.31 51/3216 22
/proc/meminfo: memFree=462460084/527542264 swapFree=31899116/33554428
[pid=17] ppid=14 vsize=222400 memory=71784 CPUtime=0.84 cores=6-13,17-20,90-91,118-125,129-132,202-203
/proc/17/stat : 17 (python3) S 14 17 0 0 -1 4194304 13504 143 298 4 69 14 1 0 20 0 1 0 522830529 227737600 17946 67087892480 94300417777664 94300421048365 140728484212064 0 0 0 0 16781312 2 1 0 0 17 8 0 0 99 0 0 94300423411728 94300423695768 94300429955072 140728484219649 140728484219719 140728484219719 140728484220903 0
/proc/17/statm: 55600 17946 5177 799 0 22307 0
[pid=22] ppid=17 vsize=238404 memory=199488 CPUtime=696.87 cores=6-13,17-20,90-91,118-125,129-132,202-203
/proc/22/stat : 22 (NuSMVa_linux64) R 17 17 0 0 -1 4194304 73953 0 73 0 69669 18 0 0 20 0 1 0 522830738 244125696 49872 67087892480 4194304 7931321 140735422442240 0 0 0 0 0 512 0 0 0 17 7 0 0 5 0 0 10030016 10037704 33923072 140735422450216 140735422450354 140735422450354 140735422451622 0
/proc/22/statm: 59601 49872 1752 913 0 48403 0
Current children cumulated CPU time: 697.71 s
Current children cumulated vsize: 460804 KiB
Current children cumulated memory: 271272 KiB

[startup+762.3 s]
/proc/loadavg: 53.12 52.93 53.24 52/3223 22
/proc/meminfo: memFree=461555336/527542264 swapFree=31899116/33554428
[pid=17] ppid=14 vsize=222400 memory=71784 CPUtime=0.84 cores=6-13,17-20,90-91,118-125,129-132,202-203
/proc/17/stat : 17 (python3) S 14 17 0 0 -1 4194304 13504 143 298 4 69 14 1 0 20 0 1 0 522830529 227737600 17946 67087892480 94300417777664 94300421048365 140728484212064 0 0 0 0 16781312 2 1 0 0 17 8 0 0 99 0 0 94300423411728 94300423695768 94300429955072 140728484219649 140728484219719 140728484219719 140728484220903 0
/proc/17/statm: 55600 17946 5177 799 0 22307 0
[pid=22] ppid=17 vsize=238404 memory=199488 CPUtime=756.6 cores=6-13,17-20,90-91,118-125,129-132,202-203
/proc/22/stat : 22 (NuSMVa_linux64) R 17 17 0 0 -1 4194304 73954 0 73 0 75642 18 0 0 20 0 1 0 522830738 244125696 49872 67087892480 4194304 7931321 140735422442240 0 0 0 0 0 512 0 0 0 17 7 0 0 5 0 0 10030016 10037704 33923072 140735422450216 140735422450354 140735422450354 140735422451622 0
/proc/22/statm: 59601 49872 1752 913 0 48403 0
Current children cumulated CPU time: 757.44 s
Current children cumulated vsize: 460804 KiB
Current children cumulated memory: 271272 KiB

[startup+822.3 s]
/proc/loadavg: 53.63 53.11 53.28 52/3226 22
/proc/meminfo: memFree=461826456/527542264 swapFree=31899116/33554428
[pid=17] ppid=14 vsize=222400 memory=71784 CPUtime=0.84 cores=6-13,17-20,90-91,118-125,129-132,202-203
/proc/17/stat : 17 (python3) S 14 17 0 0 -1 4194304 13504 143 298 4 69 14 1 0 20 0 1 0 522830529 227737600 17946 67087892480 94300417777664 94300421048365 140728484212064 0 0 0 0 16781312 2 1 0 0 17 8 0 0 99 0 0 94300423411728 94300423695768 94300429955072 140728484219649 140728484219719 140728484219719 140728484220903 0
/proc/17/statm: 55600 17946 5177 799 0 22307 0
[pid=22] ppid=17 vsize=238404 memory=199488 CPUtime=816.34 cores=6-13,17-20,90-91,118-125,129-132,202-203
/proc/22/stat : 22 (NuSMVa_linux64) R 17 17 0 0 -1 4194304 73954 0 73 0 81616 18 0 0 20 0 1 0 522830738 244125696 49872 67087892480 4194304 7931321 140735422442240 0 0 0 0 0 512 0 0 0 17 7 0 0 5 0 0 10030016 10037704 33923072 140735422450216 140735422450354 140735422450354 140735422451622 0
/proc/22/statm: 59601 49872 1752 913 0 48403 0
Current children cumulated CPU time: 817.18 s
Current children cumulated vsize: 460804 KiB
Current children cumulated memory: 271272 KiB

[startup+882.3 s]
/proc/loadavg: 54.29 53.35 53.35 62/3221 22
/proc/meminfo: memFree=461944104/527542264 swapFree=31899116/33554428
[pid=17] ppid=14 vsize=222400 memory=71784 CPUtime=0.84 cores=6-13,17-20,90-91,118-125,129-132,202-203
/proc/17/stat : 17 (python3) S 14 17 0 0 -1 4194304 13504 143 298 4 69 14 1 0 20 0 1 0 522830529 227737600 17946 67087892480 94300417777664 94300421048365 140728484212064 0 0 0 0 16781312 2 1 0 0 17 8 0 0 99 0 0 94300423411728 94300423695768 94300429955072 140728484219649 140728484219719 140728484219719 140728484220903 0
/proc/17/statm: 55600 17946 5177 799 0 22307 0
[pid=22] ppid=17 vsize=238404 memory=199488 CPUtime=876.09 cores=6-13,17-20,90-91,118-125,129-132,202-203
/proc/22/stat : 22 (NuSMVa_linux64) R 17 17 0 0 -1 4194304 73954 0 73 0 87591 18 0 0 20 0 1 0 522830738 244125696 49872 67087892480 4194304 7931321 140735422442240 0 0 0 0 0 512 0 0 0 17 7 0 0 5 0 0 10030016 10037704 33923072 140735422450216 140735422450354 140735422450354 140735422451622 0
/proc/22/statm: 59601 49872 1752 913 0 48403 0
Current children cumulated CPU time: 876.93 s
Current children cumulated vsize: 460804 KiB
Current children cumulated memory: 271272 KiB

[startup+942.3 s]
/proc/loadavg: 54.14 53.37 53.35 52/3220 22
/proc/meminfo: memFree=462286208/527542264 swapFree=31899116/33554428
[pid=17] ppid=14 vsize=222400 memory=71784 CPUtime=0.84 cores=6-13,17-20,90-91,118-125,129-132,202-203
/proc/17/stat : 17 (python3) S 14 17 0 0 -1 4194304 13504 143 298 4 69 14 1 0 20 0 1 0 522830529 227737600 17946 67087892480 94300417777664 94300421048365 140728484212064 0 0 0 0 16781312 2 1 0 0 17 8 0 0 99 0 0 94300423411728 94300423695768 94300429955072 140728484219649 140728484219719 140728484219719 140728484220903 0
/proc/17/statm: 55600 17946 5177 799 0 22307 0
[pid=22] ppid=17 vsize=238404 memory=199488 CPUtime=935.8 cores=6-13,17-20,90-91,118-125,129-132,202-203
/proc/22/stat : 22 (NuSMVa_linux64) R 17 17 0 0 -1 4194304 73961 0 73 0 93562 18 0 0 20 0 1 0 522830738 244125696 49872 67087892480 4194304 7931321 140735422442240 0 0 0 0 0 512 0 0 0 17 118 0 0 5 0 0 10030016 10037704 33923072 140735422450216 140735422450354 140735422450354 140735422451622 0
/proc/22/statm: 59601 49872 1752 913 0 48403 0
Current children cumulated CPU time: 936.64 s
Current children cumulated vsize: 460804 KiB
Current children cumulated memory: 271272 KiB

[startup+1002.3 s]
/proc/loadavg: 53.16 53.15 53.27 51/3219 22
/proc/meminfo: memFree=461868312/527542264 swapFree=31899116/33554428
[pid=17] ppid=14 vsize=222400 memory=71784 CPUtime=0.84 cores=6-13,17-20,90-91,118-125,129-132,202-203
/proc/17/stat : 17 (python3) S 14 17 0 0 -1 4194304 13504 143 298 4 69 14 1 0 20 0 1 0 522830529 227737600 17946 67087892480 94300417777664 94300421048365 140728484212064 0 0 0 0 16781312 2 1 0 0 17 8 0 0 99 0 0 94300423411728 94300423695768 94300429955072 140728484219649 140728484219719 140728484219719 140728484220903 0
/proc/17/statm: 55600 17946 5177 799 0 22307 0
[pid=22] ppid=17 vsize=238404 memory=199488 CPUtime=995.54 cores=6-13,17-20,90-91,118-125,129-132,202-203
/proc/22/stat : 22 (NuSMVa_linux64) R 17 17 0 0 -1 4194304 73968 0 73 0 99536 18 0 0 20 0 1 0 522830738 244125696 49872 67087892480 4194304 7931321 140735422442240 0 0 0 0 0 512 0 0 0 17 6 0 0 5 0 0 10030016 10037704 33923072 140735422450216 140735422450354 140735422450354 140735422451622 0
/proc/22/statm: 59601 49872 1752 913 0 48403 0
Current children cumulated CPU time: 996.38 s
Current children cumulated vsize: 460804 KiB
Current children cumulated memory: 271272 KiB

[startup+1062.3 s]
/proc/loadavg: 52.09 52.84 53.15 52/3211 22
/proc/meminfo: memFree=462597644/527542264 swapFree=31899116/33554428
[pid=17] ppid=14 vsize=222400 memory=71784 CPUtime=0.84 cores=6-13,17-20,90-91,118-125,129-132,202-203
/proc/17/stat : 17 (python3) S 14 17 0 0 -1 4194304 13504 143 298 4 69 14 1 0 20 0 1 0 522830529 227737600 17946 67087892480 94300417777664 94300421048365 140728484212064 0 0 0 0 16781312 2 1 0 0 17 8 0 0 99 0 0 94300423411728 94300423695768 94300429955072 140728484219649 140728484219719 140728484219719 140728484220903 0
/proc/17/statm: 55600 17946 5177 799 0 22307 0
[pid=22] ppid=17 vsize=238404 memory=199488 CPUtime=1055.27 cores=6-13,17-20,90-91,118-125,129-132,202-203
/proc/22/stat : 22 (NuSMVa_linux64) R 17 17 0 0 -1 4194304 73975 0 73 0 105509 18 0 0 20 0 1 0 522830738 244125696 49872 67087892480 4194304 7931321 140735422442240 0 0 0 0 0 512 0 0 0 17 6 0 0 5 0 0 10030016 10037704 33923072 140735422450216 140735422450354 140735422450354 140735422451622 0
/proc/22/statm: 59601 49872 1752 913 0 48403 0
Current children cumulated CPU time: 1056.11 s
Current children cumulated vsize: 460804 KiB
Current children cumulated memory: 271272 KiB

[startup+1122.3 s]
/proc/loadavg: 52.51 52.83 53.13 59/3221 22
/proc/meminfo: memFree=462017540/527542264 swapFree=31899116/33554428
[pid=17] ppid=14 vsize=222400 memory=71784 CPUtime=0.84 cores=6-13,17-20,90-91,118-125,129-132,202-203
/proc/17/stat : 17 (python3) S 14 17 0 0 -1 4194304 13504 143 298 4 69 14 1 0 20 0 1 0 522830529 227737600 17946 67087892480 94300417777664 94300421048365 140728484212064 0 0 0 0 16781312 2 1 0 0 17 8 0 0 99 0 0 94300423411728 94300423695768 94300429955072 140728484219649 140728484219719 140728484219719 140728484220903 0
/proc/17/statm: 55600 17946 5177 799 0 22307 0
[pid=22] ppid=17 vsize=238404 memory=199488 CPUtime=1115.02 cores=6-13,17-20,90-91,118-125,129-132,202-203
/proc/22/stat : 22 (NuSMVa_linux64) R 17 17 0 0 -1 4194304 73982 0 73 0 111483 19 0 0 20 0 1 0 522830738 244125696 49872 67087892480 4194304 7931321 140735422442240 0 0 0 0 0 512 0 0 0 17 6 0 0 5 0 0 10030016 10037704 33923072 140735422450216 140735422450354 140735422450354 140735422451622 0
/proc/22/statm: 59601 49872 1752 913 0 48403 0
Current children cumulated CPU time: 1115.86 s
Current children cumulated vsize: 460804 KiB
Current children cumulated memory: 271272 KiB

[startup+1182.3 s]
/proc/loadavg: 52.61 52.75 53.08 51/3219 22
/proc/meminfo: memFree=462213920/527542264 swapFree=31899116/33554428
[pid=17] ppid=14 vsize=222400 memory=71784 CPUtime=0.84 cores=6-13,17-20,90-91,118-125,129-132,202-203
/proc/17/stat : 17 (python3) S 14 17 0 0 -1 4194304 13504 143 298 4 69 14 1 0 20 0 1 0 522830529 227737600 17946 67087892480 94300417777664 94300421048365 140728484212064 0 0 0 0 16781312 2 1 0 0 17 8 0 0 99 0 0 94300423411728 94300423695768 94300429955072 140728484219649 140728484219719 140728484219719 140728484220903 0
/proc/17/statm: 55600 17946 5177 799 0 22307 0
[pid=22] ppid=17 vsize=238404 memory=199488 CPUtime=1174.75 cores=6-13,17-20,90-91,118-125,129-132,202-203
/proc/22/stat : 22 (NuSMVa_linux64) R 17 17 0 0 -1 4194304 73989 0 73 0 117456 19 0 0 20 0 1 0 522830738 244125696 49872 67087892480 4194304 7931321 140735422442240 0 0 0 0 0 512 0 0 0 17 6 0 0 5 0 0 10030016 10037704 33923072 140735422450216 140735422450354 140735422450354 140735422451622 0
/proc/22/statm: 59601 49872 1752 913 0 48403 0
Current children cumulated CPU time: 1175.59 s
Current children cumulated vsize: 460804 KiB
Current children cumulated memory: 271272 KiB

[startup+1242.3 s]
/proc/loadavg: 50.98 52.24 52.88 50/3221 22
/proc/meminfo: memFree=461960244/527542264 swapFree=31899116/33554428
[pid=17] ppid=14 vsize=222400 memory=71784 CPUtime=0.84 cores=6-13,17-20,90-91,118-125,129-132,202-203
/proc/17/stat : 17 (python3) S 14 17 0 0 -1 4194304 13504 143 298 4 69 14 1 0 20 0 1 0 522830529 227737600 17946 67087892480 94300417777664 94300421048365 140728484212064 0 0 0 0 16781312 2 1 0 0 17 8 0 0 99 0 0 94300423411728 94300423695768 94300429955072 140728484219649 140728484219719 140728484219719 140728484220903 0
/proc/17/statm: 55600 17946 5177 799 0 22307 0
[pid=22] ppid=17 vsize=238404 memory=199488 CPUtime=1234.49 cores=6-13,17-20,90-91,118-125,129-132,202-203
/proc/22/stat : 22 (NuSMVa_linux64) R 17 17 0 0 -1 4194304 73996 0 73 0 123430 19 0 0 20 0 1 0 522830738 244125696 49872 67087892480 4194304 7931321 140735422442240 0 0 0 0 0 512 0 0 0 17 6 0 0 5 0 0 10030016 10037704 33923072 140735422450216 140735422450354 140735422450354 140735422451622 0
/proc/22/statm: 59601 49872 1752 913 0 48403 0
Current children cumulated CPU time: 1235.33 s
Current children cumulated vsize: 460804 KiB
Current children cumulated memory: 271272 KiB

[startup+1302.3 s]
/proc/loadavg: 53.91 52.62 52.96 52/3210 22
/proc/meminfo: memFree=462586404/527542264 swapFree=31899116/33554428
[pid=17] ppid=14 vsize=222400 memory=71784 CPUtime=0.84 cores=6-13,17-20,90-91,118-125,129-132,202-203
/proc/17/stat : 17 (python3) S 14 17 0 0 -1 4194304 13504 143 298 4 69 14 1 0 20 0 1 0 522830529 227737600 17946 67087892480 94300417777664 94300421048365 140728484212064 0 0 0 0 16781312 2 1 0 0 17 8 0 0 99 0 0 94300423411728 94300423695768 94300429955072 140728484219649 140728484219719 140728484219719 140728484220903 0
/proc/17/statm: 55600 17946 5177 799 0 22307 0
[pid=22] ppid=17 vsize=238404 memory=199488 CPUtime=1294.22 cores=6-13,17-20,90-91,118-125,129-132,202-203
/proc/22/stat : 22 (NuSMVa_linux64) R 17 17 0 0 -1 4194304 74003 0 73 0 129403 19 0 0 20 0 1 0 522830738 244125696 49872 67087892480 4194304 7931321 140735422442240 0 0 0 0 0 512 0 0 0 17 7 0 0 5 0 0 10030016 10037704 33923072 140735422450216 140735422450354 140735422450354 140735422451622 0
/proc/22/statm: 59601 49872 1752 913 0 48403 0
Current children cumulated CPU time: 1295.06 s
Current children cumulated vsize: 460804 KiB
Current children cumulated memory: 271272 KiB

[startup+1362.3 s]
/proc/loadavg: 52.28 52.37 52.85 51/3218 22
/proc/meminfo: memFree=461914844/527542264 swapFree=31899116/33554428
[pid=17] ppid=14 vsize=222400 memory=71784 CPUtime=0.84 cores=6-13,17-20,90-91,118-125,129-132,202-203
/proc/17/stat : 17 (python3) S 14 17 0 0 -1 4194304 13504 143 298 4 69 14 1 0 20 0 1 0 522830529 227737600 17946 67087892480 94300417777664 94300421048365 140728484212064 0 0 0 0 16781312 2 1 0 0 17 8 0 0 99 0 0 94300423411728 94300423695768 94300429955072 140728484219649 140728484219719 140728484219719 140728484220903 0
/proc/17/statm: 55600 17946 5177 799 0 22307 0
[pid=22] ppid=17 vsize=238404 memory=199488 CPUtime=1353.96 cores=6-13,17-20,90-91,118-125,129-132,202-203
/proc/22/stat : 22 (NuSMVa_linux64) R 17 17 0 0 -1 4194304 74010 0 73 0 135377 19 0 0 20 0 1 0 522830738 244125696 49872 67087892480 4194304 7931321 140735422442240 0 0 0 0 0 512 0 0 0 17 119 0 0 5 0 0 10030016 10037704 33923072 140735422450216 140735422450354 140735422450354 140735422451622 0
/proc/22/statm: 59601 49872 1752 913 0 48403 0
Current children cumulated CPU time: 1354.8 s
Current children cumulated vsize: 460804 KiB
Current children cumulated memory: 271272 KiB

[startup+1422.3 s]
/proc/loadavg: 51.83 52.24 52.78 51/3253 22
/proc/meminfo: memFree=462179004/527542264 swapFree=31899116/33554428
[pid=17] ppid=14 vsize=222400 memory=71784 CPUtime=0.84 cores=6-13,17-20,90-91,118-125,129-132,202-203
/proc/17/stat : 17 (python3) S 14 17 0 0 -1 4194304 13504 143 298 4 69 14 1 0 20 0 1 0 522830529 227737600 17946 67087892480 94300417777664 94300421048365 140728484212064 0 0 0 0 16781312 2 1 0 0 17 8 0 0 99 0 0 94300423411728 94300423695768 94300429955072 140728484219649 140728484219719 140728484219719 140728484220903 0
/proc/17/statm: 55600 17946 5177 799 0 22307 0
[pid=22] ppid=17 vsize=238404 memory=199488 CPUtime=1413.69 cores=6-13,17-20,90-91,118-125,129-132,202-203
/proc/22/stat : 22 (NuSMVa_linux64) R 17 17 0 0 -1 4194304 74017 0 73 0 141350 19 0 0 20 0 1 0 522830738 244125696 49872 67087892480 4194304 7931321 140735422442240 0 0 0 0 0 512 0 0 0 17 8 0 0 5 0 0 10030016 10037704 33923072 140735422450216 140735422450354 140735422450354 140735422451622 0
/proc/22/statm: 59601 49872 1752 913 0 48403 0
Current children cumulated CPU time: 1414.53 s
Current children cumulated vsize: 460804 KiB
Current children cumulated memory: 271272 KiB

[startup+1482.3 s]
/proc/loadavg: 50.82 51.96 52.65 51/3237 22
/proc/meminfo: memFree=461573256/527542264 swapFree=31899116/33554428
[pid=17] ppid=14 vsize=222400 memory=71784 CPUtime=0.84 cores=6-13,17-20,90-91,118-125,129-132,202-203
/proc/17/stat : 17 (python3) S 14 17 0 0 -1 4194304 13504 143 298 4 69 14 1 0 20 0 1 0 522830529 227737600 17946 67087892480 94300417777664 94300421048365 140728484212064 0 0 0 0 16781312 2 1 0 0 17 8 0 0 99 0 0 94300423411728 94300423695768 94300429955072 140728484219649 140728484219719 140728484219719 140728484220903 0
/proc/17/statm: 55600 17946 5177 799 0 22307 0
[pid=22] ppid=17 vsize=238404 memory=199488 CPUtime=1473.42 cores=6-13,17-20,90-91,118-125,129-132,202-203
/proc/22/stat : 22 (NuSMVa_linux64) R 17 17 0 0 -1 4194304 74024 0 73 0 147323 19 0 0 20 0 1 0 522830738 244125696 49872 67087892480 4194304 7931321 140735422442240 0 0 0 0 0 512 0 0 0 17 8 0 0 5 0 0 10030016 10037704 33923072 140735422450216 140735422450354 140735422450354 140735422451622 0
/proc/22/statm: 59601 49872 1752 913 0 48403 0
Current children cumulated CPU time: 1474.26 s
Current children cumulated vsize: 460804 KiB
Current children cumulated memory: 271272 KiB

[startup+1542.3 s]
/proc/loadavg: 52.14 52.17 52.68 51/3238 22
/proc/meminfo: memFree=461785124/527542264 swapFree=31899116/33554428
[pid=17] ppid=14 vsize=222400 memory=71784 CPUtime=0.84 cores=6-13,17-20,90-91,118-125,129-132,202-203
/proc/17/stat : 17 (python3) S 14 17 0 0 -1 4194304 13504 143 298 4 69 14 1 0 20 0 1 0 522830529 227737600 17946 67087892480 94300417777664 94300421048365 140728484212064 0 0 0 0 16781312 2 1 0 0 17 8 0 0 99 0 0 94300423411728 94300423695768 94300429955072 140728484219649 140728484219719 140728484219719 140728484220903 0
/proc/17/statm: 55600 17946 5177 799 0 22307 0
[pid=22] ppid=17 vsize=238404 memory=199488 CPUtime=1533.16 cores=6-13,17-20,90-91,118-125,129-132,202-203
/proc/22/stat : 22 (NuSMVa_linux64) R 17 17 0 0 -1 4194304 74031 0 73 0 153296 20 0 0 20 0 1 0 522830738 244125696 49872 67087892480 4194304 7931321 140735422442240 0 0 0 0 0 512 0 0 0 17 8 0 0 5 0 0 10030016 10037704 33923072 140735422450216 140735422450354 140735422450354 140735422451622 0
/proc/22/statm: 59601 49872 1752 913 0 48403 0
Current children cumulated CPU time: 1534 s
Current children cumulated vsize: 460804 KiB
Current children cumulated memory: 271272 KiB

[startup+1602.3 s]
/proc/loadavg: 55.50 52.88 52.88 50/3234 22
/proc/meminfo: memFree=463741552/527542264 swapFree=31899116/33554428
[pid=17] ppid=14 vsize=222400 memory=71784 CPUtime=0.84 cores=6-13,17-20,90-91,118-125,129-132,202-203
/proc/17/stat : 17 (python3) S 14 17 0 0 -1 4194304 13504 143 298 4 69 14 1 0 20 0 1 0 522830529 227737600 17946 67087892480 94300417777664 94300421048365 140728484212064 0 0 0 0 16781312 2 1 0 0 17 8 0 0 99 0 0 94300423411728 94300423695768 94300429955072 140728484219649 140728484219719 140728484219719 140728484220903 0
/proc/17/statm: 55600 17946 5177 799 0 22307 0
[pid=22] ppid=17 vsize=238404 memory=199488 CPUtime=1592.87 cores=6-13,17-20,90-91,118-125,129-132,202-203
/proc/22/stat : 22 (NuSMVa_linux64) R 17 17 0 0 -1 4194304 74038 0 73 0 159267 20 0 0 20 0 1 0 522830738 244125696 49872 67087892480 4194304 7931321 140735422442240 0 0 0 0 0 512 0 0 0 17 121 0 0 5 0 0 10030016 10037704 33923072 140735422450216 140735422450354 140735422450354 140735422451622 0
/proc/22/statm: 59601 49872 1752 913 0 48403 0
Current children cumulated CPU time: 1593.71 s
Current children cumulated vsize: 460804 KiB
Current children cumulated memory: 271272 KiB

[startup+1662.3 s]
/proc/loadavg: 53.84 52.81 52.85 51/3241 22
/proc/meminfo: memFree=463014848/527542264 swapFree=31899116/33554428
[pid=17] ppid=14 vsize=222400 memory=71784 CPUtime=0.84 cores=6-13,17-20,90-91,118-125,129-132,202-203
/proc/17/stat : 17 (python3) S 14 17 0 0 -1 4194304 13504 143 298 4 69 14 1 0 20 0 1 0 522830529 227737600 17946 67087892480 94300417777664 94300421048365 140728484212064 0 0 0 0 16781312 2 1 0 0 17 8 0 0 99 0 0 94300423411728 94300423695768 94300429955072 140728484219649 140728484219719 140728484219719 140728484220903 0
/proc/17/statm: 55600 17946 5177 799 0 22307 0
[pid=22] ppid=17 vsize=238404 memory=199488 CPUtime=1652.6 cores=6-13,17-20,90-91,118-125,129-132,202-203
/proc/22/stat : 22 (NuSMVa_linux64) R 17 17 0 0 -1 4194304 74045 0 73 0 165240 20 0 0 20 0 1 0 522830738 244125696 49872 67087892480 4194304 7931321 140735422442240 0 0 0 0 0 512 0 0 0 17 121 0 0 5 0 0 10030016 10037704 33923072 140735422450216 140735422450354 140735422450354 140735422451622 0
/proc/22/statm: 59601 49872 1752 913 0 48403 0
Current children cumulated CPU time: 1653.44 s
Current children cumulated vsize: 460804 KiB
Current children cumulated memory: 271272 KiB

[startup+1722.3 s]
/proc/loadavg: 55.26 53.29 53.01 58/3255 22
/proc/meminfo: memFree=463328916/527542264 swapFree=31899116/33554428
[pid=17] ppid=14 vsize=222400 memory=71784 CPUtime=0.84 cores=6-13,17-20,90-91,118-125,129-132,202-203
/proc/17/stat : 17 (python3) S 14 17 0 0 -1 4194304 13504 143 298 4 69 14 1 0 20 0 1 0 522830529 227737600 17946 67087892480 94300417777664 94300421048365 140728484212064 0 0 0 0 16781312 2 1 0 0 17 8 0 0 99 0 0 94300423411728 94300423695768 94300429955072 140728484219649 140728484219719 140728484219719 140728484220903 0
/proc/17/statm: 55600 17946 5177 799 0 22307 0
[pid=22] ppid=17 vsize=238404 memory=199488 CPUtime=1712.34 cores=6-13,17-20,90-91,118-125,129-132,202-203
/proc/22/stat : 22 (NuSMVa_linux64) R 17 17 0 0 -1 4194304 74052 0 73 0 171213 21 0 0 20 0 1 0 522830738 244125696 49872 67087892480 4194304 7931321 140735422442240 0 0 0 0 0 512 0 0 0 17 121 0 0 5 0 0 10030016 10037704 33923072 140735422450216 140735422450354 140735422450354 140735422451622 0
/proc/22/statm: 59601 49872 1752 913 0 48403 0
Current children cumulated CPU time: 1713.18 s
Current children cumulated vsize: 460804 KiB
Current children cumulated memory: 271272 KiB

[startup+1782.3 s]
/proc/loadavg: 56.23 54.13 53.32 51/3222 22
/proc/meminfo: memFree=463921080/527542264 swapFree=31899116/33554428
[pid=17] ppid=14 vsize=222400 memory=71784 CPUtime=0.84 cores=6-13,17-20,90-91,118-125,129-132,202-203
/proc/17/stat : 17 (python3) S 14 17 0 0 -1 4194304 13504 143 298 4 69 14 1 0 20 0 1 0 522830529 227737600 17946 67087892480 94300417777664 94300421048365 140728484212064 0 0 0 0 16781312 2 1 0 0 17 8 0 0 99 0 0 94300423411728 94300423695768 94300429955072 140728484219649 140728484219719 140728484219719 140728484220903 0
/proc/17/statm: 55600 17946 5177 799 0 22307 0
[pid=22] ppid=17 vsize=238404 memory=199488 CPUtime=1772.07 cores=6-13,17-20,90-91,118-125,129-132,202-203
/proc/22/stat : 22 (NuSMVa_linux64) R 17 17 0 0 -1 4194304 115845 0 73 0 177182 25 0 0 20 0 1 0 522830738 244125696 49872 67087892480 4194304 7931321 140735422442240 0 0 0 0 0 512 0 0 0 17 6 0 0 5 0 0 10030016 10037704 33923072 140735422450216 140735422450354 140735422450354 140735422451622 0
/proc/22/statm: 59601 49872 1752 913 0 48403 0
Current children cumulated CPU time: 1772.91 s
Current children cumulated vsize: 460804 KiB
Current children cumulated memory: 271272 KiB



Maximum wall clock time exceeded: sending SIGTERM then SIGKILL

[startup+1800 s]*
/proc/loadavg: 54.78 53.91 53.27 51/3222 22
/proc/meminfo: memFree=463791592/527542264 swapFree=31899116/33554428
[pid=17] ppid=14 vsize=222400 memory=71784 CPUtime=0.84 cores=6-13,17-20,90-91,118-125,129-132,202-203
/proc/17/stat : 17 (python3) S 14 17 0 0 -1 4194304 13504 143 298 4 69 14 1 0 20 0 1 0 522830529 227737600 17946 67087892480 94300417777664 94300421048365 140728484212064 0 0 0 0 16781312 2 1 0 0 17 8 0 0 99 0 0 94300423411728 94300423695768 94300429955072 140728484219649 140728484219719 140728484219719 140728484220903 0
/proc/17/statm: 55600 17946 5177 799 0 22307 0
[pid=22] ppid=17 vsize=238404 memory=199488 CPUtime=1789.69 cores=6-13,17-20,90-91,118-125,129-132,202-203
/proc/22/stat : 22 (NuSMVa_linux64) R 17 17 0 0 -1 4194304 115859 0 73 0 178944 25 0 0 20 0 1 0 522830738 244125696 49872 67087892480 4194304 7931321 140735422442240 0 0 0 0 0 512 0 0 0 17 6 0 0 5 0 0 10030016 10037704 33923072 140735422450216 140735422450354 140735422450354 140735422451622 0
/proc/22/statm: 59601 49872 1752 913 0 48403 0
Current children cumulated CPU time: 1790.53 s
Current children cumulated vsize: 460804 KiB
Current children cumulated memory: 271272 KiB

Sending SIGTERM to process tree (bottom up)
Sleeping 2 seconds

[startup+1800.01 s]
# the end of solver process 17 was just reported to runsolver
# cumulated CPU time of all completed processes:  user=0.701495 s, system=0.15392 s

[startup+1800.01 s]
# the end of solver process 22 was just reported to runsolver
# cumulated CPU time of all completed processes:  user=1790.15 s, system=0.420033 s
# this solver process was not waited by its parent and was adopted by runsolver

Solver just ended.
??? end of watcher thread
Dumping a history of the last processes samples

Child ended because it received signal 15 (SIGTERM)
Real time (s): 1800.01
CPU time (s): 1790.57
CPU user time (s): 1790.15
CPU system time (s): 0.420033
CPU usage (%): 99.4756
Max. virtual memory (cumulated for all children) (KiB): 460804
Max. memory (cumulated for all children) (KiB): 271272

getrusage(RUSAGE_CHILDREN,...) data:
user time used= 1790.15
system time used= 0.420033
maximum resident set size= 199488
integral shared memory size= 0
integral unshared data size= 0
integral unshared stack size= 0
page reclaims= 129506
page faults= 375
swaps= 0
block input operations= 104560
block output operations= 8
messages sent= 0
messages received= 0
signals received= 0
voluntary context switches= 10297
involuntary context switches= 5286


# summary of solver processes directly reported to runsolver:
#   pid: 17,22
#   total CPU time (s): 1790.57
#   total CPU user time (s): 1790.15
#   total CPU system time (s): 0.420033

??? join timestamper begins
??? join timestamper ends
??? end of timestamper thread
runsolver used 2.33653 second user time and 3.6202 second system time

The end
