runsolver version 3.4.1 (svn: 3018) Copyright (C) 2010-2013 Olivier ROUSSEL

This program is distributed in the hope that it will be useful,
but WITHOUT ANY WARRANTY; without even the implied warranty of
MERCHANTABILITY or FITNESS FOR A PARTICULAR PURPOSE.  See the
GNU General Public License for more details.

NUMA information:
  number of nodes: 8
  memory of node 0: 63700 MiB (52942 MiB free)
  memory of node 1: 64504 MiB (62976 MiB free)
  memory of node 2: 64504 MiB (63020 MiB free)
  memory of node 3: 64504 MiB (54989 MiB free)
  memory of node 4: 64504 MiB (63049 MiB free)
  memory of node 5: 64504 MiB (63690 MiB free)
  memory of node 6: 64461 MiB (63849 MiB free)
  memory of node 7: 64491 MiB (61002 MiB free)
  node distances:
     10  12  12  12  21  21  21  21
     12  10  12  12  21  21  21  21
     12  12  10  12  21  21  21  21
     12  12  12  10  21  21  21  21
     21  21  21  21  10  12  12  12
     21  21  21  21  12  10  12  12
     21  21  21  21  12  12  10  12
     21  21  21  21  12  12  12  10

command line: /usr/local/bin/runsolver --timestamp -w /output/runsolver-watch.log -v /output/runsolver-values.log -o /output/solver-output.log -C 1800.0 -W 1800.0 -R 64000 /opt/solver/run_bn4rust.py --mode cyber-complement-gfp-plus-immutable --instance /input/model_144.bnet 

running on 28 cores: 14-27,126-139

Enforcing CPUTime limit (soft limit, will send SIGTERM then SIGKILL): 1800 seconds
Enforcing CPUTime limit (hard limit, will send SIGXCPU): 1830 seconds
Enforcing wall clock limit (soft limit, will send SIGTERM then SIGKILL): 1800 seconds
Enforcing RSS+Swap limit (soft limit, will send SIGTERM then SIGKILL): 65536000 KiB
Linux 4.18.0-553.159.1.el8_10.x86_64
solver pid=16, runsolver pid=13
Current StackSize limit: 18014398509481983 KiB


[startup+0.100081 s]*
/proc/loadavg: 13.98 19.95 23.20 6/2794 17
/proc/meminfo: memFree=497130232/527542256 swapFree=33529852/33554428
[pid=16] ppid=13 vsize=15800 memory=10116 CPUtime=0.02 cores=14-27,126-139
/proc/16/stat : 16 (python3) D 13 16 0 0 -1 4194304 1394 0 84 0 2 0 0 0 20 0 1 0 53413125 16179200 2529 67087892480 4194304 7154137 140730951297776 0 0 0 0 16781312 2 0 0 0 17 16 0 0 6 0 0 9727432 11029816 34844672 140730951306046 140730951306157 140730951306157 140730951307239 0
/proc/16/statm: 3950 2529 1394 723 0 1674 0
Current children cumulated CPU time: 0.02 s
Current children cumulated vsize: 15800 KiB
Current children cumulated memory: 10116 KiB

[startup+0.200564 s]*
/proc/loadavg: 13.98 19.95 23.20 8/2795 18
/proc/meminfo: memFree=497079628/527542256 swapFree=33529852/33554428
[pid=16] ppid=13 vsize=17684 memory=12424 CPUtime=0.04 cores=14-27,126-139
/proc/16/stat : 16 (python3) S 13 16 0 0 -1 4194304 1893 0 96 0 3 1 0 0 20 0 1 0 53413125 18108416 3106 67087892480 4194304 7154137 140730951297776 0 0 0 0 16781312 2 1 0 0 17 16 0 0 8 0 0 9727432 11029816 34844672 140730951306046 140730951306157 140730951306157 140730951307239 0
/proc/16/statm: 4421 3106 1512 723 0 2063 0
[pid=18] ppid=16 vsize=12056 memory=8720 CPUtime=0.03 cores=14-27,126-139
/proc/18/stat : 18 (bn4rust) R 16 16 0 0 -1 4194304 3319 0 17 0 3 0 0 0 20 0 1 0 53413138 12345344 2180 67087892480 94635904983040 94635906850161 140727255318576 0 0 0 0 4096 1088 0 0 0 17 131 0 0 1 0 0 94635907108224 94635907155160 94635934167040 140727255325441 140727255325590 140727255325590 140727255326689 0
/proc/18/statm: 3014 2180 1082 456 0 1175 0
Current children cumulated CPU time: 0.07 s
Current children cumulated vsize: 29740 KiB
Current children cumulated memory: 21144 KiB

[startup+0.300529 s]*
/proc/loadavg: 13.98 19.95 23.20 10/2795 18
/proc/meminfo: memFree=497014968/527542256 swapFree=33529852/33554428
[pid=16] ppid=13 vsize=17684 memory=12424 CPUtime=0.04 cores=14-27,126-139
/proc/16/stat : 16 (python3) S 13 16 0 0 -1 4194304 1893 0 96 0 3 1 0 0 20 0 1 0 53413125 18108416 3106 67087892480 4194304 7154137 140730951297776 0 0 0 0 16781312 2 1 0 0 17 16 0 0 8 0 0 9727432 11029816 34844672 140730951306046 140730951306157 140730951306157 140730951307239 0
/proc/16/statm: 4421 3106 1512 723 0 2063 0
[pid=18] ppid=16 vsize=40608 memory=37076 CPUtime=0.14 cores=14-27,126-139
/proc/18/stat : 18 (bn4rust) R 16 16 0 0 -1 4194304 8404 0 17 0 13 1 0 0 20 0 1 0 53413138 41582592 9269 67087892480 94635904983040 94635906850161 140727255318576 0 0 0 0 4096 1088 0 0 0 17 131 0 0 1 0 0 94635907108224 94635907155160 94635934167040 140727255325441 140727255325590 140727255325590 140727255326689 0
/proc/18/statm: 10152 9269 1082 456 0 8313 0
Current children cumulated CPU time: 0.18 s
Current children cumulated vsize: 58292 KiB
Current children cumulated memory: 49500 KiB

[startup+0.700266 s]
/proc/loadavg: 13.98 19.95 23.20 11/2799 18
/proc/meminfo: memFree=496936124/527542256 swapFree=33529852/33554428
[pid=16] ppid=13 vsize=17684 memory=12424 CPUtime=0.04 cores=14-27,126-139
/proc/16/stat : 16 (python3) S 13 16 0 0 -1 4194304 1893 0 96 0 3 1 0 0 20 0 1 0 53413125 18108416 3106 67087892480 4194304 7154137 140730951297776 0 0 0 0 16781312 2 1 0 0 17 16 0 0 8 0 0 9727432 11029816 34844672 140730951306046 140730951306157 140730951306157 140730951307239 0
/proc/16/statm: 4421 3106 1512 723 0 2063 0
[pid=18] ppid=16 vsize=111504 memory=97648 CPUtime=0.54 cores=14-27,126-139
/proc/18/stat : 18 (bn4rust) R 16 16 0 0 -1 4194304 15175 0 17 0 50 4 0 0 20 0 1 0 53413138 114180096 24412 67087892480 94635904983040 94635906850161 140727255318576 0 0 0 0 4096 1088 0 0 0 17 131 0 0 1 0 0 94635907108224 94635907155160 94635934167040 140727255325441 140727255325590 140727255325590 140727255326689 0
/proc/18/statm: 27876 24412 1082 456 0 26037 0
Current children cumulated CPU time: 0.58 s
Current children cumulated vsize: 129188 KiB
Current children cumulated memory: 110072 KiB

[startup+1.50028 s]
/proc/loadavg: 13.58 19.77 23.12 11/2808 18
/proc/meminfo: memFree=496869732/527542256 swapFree=33529852/33554428
[pid=16] ppid=13 vsize=17684 memory=12424 CPUtime=0.04 cores=14-27,126-139
/proc/16/stat : 16 (python3) S 13 16 0 0 -1 4194304 1893 0 96 0 3 1 0 0 20 0 1 0 53413125 18108416 3106 67087892480 4194304 7154137 140730951297776 0 0 0 0 16781312 2 1 0 0 17 16 0 0 8 0 0 9727432 11029816 34844672 140730951306046 140730951306157 140730951306157 140730951307239 0
/proc/16/statm: 4421 3106 1512 723 0 2063 0
[pid=18] ppid=16 vsize=224292 memory=201396 CPUtime=1.33 cores=14-27,126-139
/proc/18/stat : 18 (bn4rust) R 16 16 0 0 -1 4194304 19171 0 17 0 125 8 0 0 20 0 1 0 53413138 229675008 50349 67087892480 94635904983040 94635906850161 140727255318576 0 0 0 0 4096 1088 0 0 0 17 131 0 0 1 0 0 94635907108224 94635907155160 94635934167040 140727255325441 140727255325590 140727255325590 140727255326689 0
/proc/18/statm: 56073 50349 1082 456 0 54234 0
Current children cumulated CPU time: 1.37 s
Current children cumulated vsize: 241976 KiB
Current children cumulated memory: 213820 KiB

[startup+3.10052 s]
/proc/loadavg: 13.58 19.77 23.12 8/2838 18
/proc/meminfo: memFree=497203212/527542256 swapFree=33529852/33554428
[pid=16] ppid=13 vsize=17684 memory=12424 CPUtime=0.04 cores=14-27,126-139
/proc/16/stat : 16 (python3) S 13 16 0 0 -1 4194304 1893 0 96 0 3 1 0 0 20 0 1 0 53413125 18108416 3106 67087892480 4194304 7154137 140730951297776 0 0 0 0 16781312 2 1 0 0 17 16 0 0 8 0 0 9727432 11029816 34844672 140730951306046 140730951306157 140730951306157 140730951307239 0
/proc/16/statm: 4421 3106 1512 723 0 2063 0
[pid=18] ppid=16 vsize=133144 memory=119372 CPUtime=2.93 cores=14-27,126-139
/proc/18/stat : 18 (bn4rust) R 16 16 0 0 -1 4194304 22132 0 17 0 282 11 0 0 20 0 1 0 53413138 136339456 29843 67087892480 94635904983040 94635906850161 140727255318576 0 0 0 0 4096 1088 0 0 0 17 131 0 0 1 0 0 94635907108224 94635907155160 94635934167040 140727255325441 140727255325590 140727255325590 140727255326689 0
/proc/18/statm: 33286 29843 1082 456 0 31447 0
Current children cumulated CPU time: 2.97 s
Current children cumulated vsize: 150828 KiB
Current children cumulated memory: 131796 KiB

[startup+6.30028 s]
/proc/loadavg: 13.05 19.56 23.04 11/2837 18
/proc/meminfo: memFree=496724016/527542256 swapFree=33529852/33554428
[pid=16] ppid=13 vsize=17684 memory=12424 CPUtime=0.04 cores=14-27,126-139
/proc/16/stat : 16 (python3) S 13 16 0 0 -1 4194304 1893 0 96 0 3 1 0 0 20 0 1 0 53413125 18108416 3106 67087892480 4194304 7154137 140730951297776 0 0 0 0 16781312 2 1 0 0 17 16 0 0 8 0 0 9727432 11029816 34844672 140730951306046 140730951306157 140730951306157 140730951307239 0
/proc/16/statm: 4421 3106 1512 723 0 2063 0
[pid=18] ppid=16 vsize=298024 memory=263492 CPUtime=6.12 cores=14-27,126-139
/proc/18/stat : 18 (bn4rust) R 16 16 0 0 -1 4194304 33987 0 17 0 587 25 0 0 20 0 1 0 53413138 305176576 65873 67087892480 94635904983040 94635906850161 140727255318576 0 0 0 0 4096 1088 0 0 0 17 131 0 0 1 0 0 94635907108224 94635907155160 94635934167040 140727255325441 140727255325590 140727255325590 140727255326689 0
/proc/18/statm: 74506 65873 1082 456 0 72667 0
Current children cumulated CPU time: 6.16 s
Current children cumulated vsize: 315708 KiB
Current children cumulated memory: 275916 KiB

[startup+12.7003 s]
/proc/loadavg: 12.73 19.38 22.96 17/2833 18
/proc/meminfo: memFree=496129880/527542256 swapFree=33529852/33554428
[pid=16] ppid=13 vsize=17684 memory=12424 CPUtime=0.04 cores=14-27,126-139
/proc/16/stat : 16 (python3) S 13 16 0 0 -1 4194304 1893 0 96 0 3 1 0 0 20 0 1 0 53413125 18108416 3106 67087892480 4194304 7154137 140730951297776 0 0 0 0 16781312 2 1 0 0 17 16 0 0 8 0 0 9727432 11029816 34844672 140730951306046 140730951306157 140730951306157 140730951307239 0
/proc/16/statm: 4421 3106 1512 723 0 2063 0
[pid=18] ppid=16 vsize=519344 memory=435832 CPUtime=12.5 cores=14-27,126-139
/proc/18/stat : 18 (bn4rust) R 16 16 0 0 -1 4194304 44716 0 17 0 1206 44 0 0 20 0 1 0 53413138 531808256 108958 67087892480 94635904983040 94635906850161 140727255318576 0 0 0 0 4096 1088 0 0 0 17 131 0 0 1 0 0 94635907108224 94635907155160 94635934167040 140727255325441 140727255325590 140727255325590 140727255326689 0
/proc/18/statm: 129836 108958 1082 456 0 127997 0
Current children cumulated CPU time: 12.54 s
Current children cumulated vsize: 537028 KiB
Current children cumulated memory: 448256 KiB

[startup+25.5003 s]
/proc/loadavg: 12.72 19.16 22.85 9/2833 18
/proc/meminfo: memFree=493691632/527542256 swapFree=33529852/33554428
[pid=16] ppid=13 vsize=17684 memory=12424 CPUtime=0.04 cores=14-27,126-139
/proc/16/stat : 16 (python3) S 13 16 0 0 -1 4194304 1893 0 96 0 3 1 0 0 20 0 1 0 53413125 18108416 3106 67087892480 4194304 7154137 140730951297776 0 0 0 0 16781312 2 1 0 0 17 16 0 0 8 0 0 9727432 11029816 34844672 140730951306046 140730951306157 140730951306157 140730951307239 0
/proc/16/statm: 4421 3106 1512 723 0 2063 0
[pid=18] ppid=16 vsize=871628 memory=725796 CPUtime=25.26 cores=14-27,126-139
/proc/18/stat : 18 (bn4rust) R 16 16 0 0 -1 4194304 57648 0 17 0 2436 90 0 0 20 0 1 0 53413138 892547072 181449 67087892480 94635904983040 94635906850161 140727255318576 0 0 0 0 4096 1088 0 0 0 17 19 0 0 1 0 0 94635907108224 94635907155160 94635934167040 140727255325441 140727255325590 140727255325590 140727255326689 0
/proc/18/statm: 217907 181449 1082 456 0 216068 0
Current children cumulated CPU time: 25.3 s
Current children cumulated vsize: 889312 KiB
Current children cumulated memory: 738220 KiB

[startup+51.1005 s]
/proc/loadavg: 11.53 18.26 22.43 12/2833 18
/proc/meminfo: memFree=491991544/527542256 swapFree=33529852/33554428
[pid=16] ppid=13 vsize=17684 memory=12424 CPUtime=0.04 cores=14-27,126-139
/proc/16/stat : 16 (python3) S 13 16 0 0 -1 4194304 1893 0 96 0 3 1 0 0 20 0 1 0 53413125 18108416 3106 67087892480 4194304 7154137 140730951297776 0 0 0 0 16781312 2 1 0 0 17 16 0 0 8 0 0 9727432 11029816 34844672 140730951306046 140730951306157 140730951306157 140730951307239 0
/proc/16/statm: 4421 3106 1512 723 0 2063 0
[pid=18] ppid=16 vsize=888020 memory=724796 CPUtime=50.78 cores=14-27,126-139
/proc/18/stat : 18 (bn4rust) R 16 16 0 0 -1 4194304 101596 0 17 0 4911 167 0 0 20 0 1 0 53413138 909332480 181199 67087892480 94635904983040 94635906850161 140727255318576 0 0 0 0 4096 1088 0 0 0 17 19 0 0 1 0 0 94635907108224 94635907155160 94635934167040 140727255325441 140727255325590 140727255325590 140727255326689 0
/proc/18/statm: 222005 181199 1082 456 0 220166 0
Current children cumulated CPU time: 50.82 s
Current children cumulated vsize: 905704 KiB
Current children cumulated memory: 737220 KiB

[startup+102.3 s]
/proc/loadavg: 14.62 17.87 22.07 15/2808 18
/proc/meminfo: memFree=492405316/527542256 swapFree=33529852/33554428
[pid=16] ppid=13 vsize=17684 memory=12424 CPUtime=0.04 cores=14-27,126-139
/proc/16/stat : 16 (python3) S 13 16 0 0 -1 4194304 1894 0 96 0 3 1 0 0 20 0 1 0 53413125 18108416 3106 67087892480 4194304 7154137 140730951297776 0 0 0 0 16781312 2 1 0 0 17 16 0 0 8 0 0 9727432 11029816 34844672 140730951306046 140730951306157 140730951306157 140730951307239 0
/proc/16/statm: 4421 3106 1512 723 0 2063 0
[pid=18] ppid=16 vsize=207900 memory=203268 CPUtime=101.85 cores=14-27,126-139
/proc/18/stat : 18 (bn4rust) R 16 16 0 0 -1 4194304 169919 0 17 0 9864 321 0 0 20 0 1 0 53413138 212889600 50817 67087892480 94635904983040 94635906850161 140727255318576 0 0 0 0 4096 1088 0 0 0 17 19 0 0 1 0 0 94635907108224 94635907155160 94635934167040 140727255325441 140727255325590 140727255325590 140727255326689 0
/proc/18/statm: 51975 50817 1082 456 0 50136 0
Current children cumulated CPU time: 101.89 s
Current children cumulated vsize: 225584 KiB
Current children cumulated memory: 215692 KiB

[startup+162.3 s]
/proc/loadavg: 33.49 22.61 23.43 54/2830 18
/proc/meminfo: memFree=490404248/527542256 swapFree=33529852/33554428
[pid=16] ppid=13 vsize=17684 memory=12424 CPUtime=0.04 cores=14-27,126-139
/proc/16/stat : 16 (python3) S 13 16 0 0 -1 4194304 1894 0 96 0 3 1 0 0 20 0 1 0 53413125 18108416 3106 67087892480 4194304 7154137 140730951297776 0 0 0 0 16781312 2 1 0 0 17 16 0 0 8 0 0 9727432 11029816 34844672 140730951306046 140730951306157 140730951306157 140730951307239 0
/proc/16/statm: 4421 3106 1512 723 0 2063 0
[pid=18] ppid=16 vsize=969952 memory=819052 CPUtime=161.69 cores=14-27,126-139
/proc/18/stat : 18 (bn4rust) R 16 16 0 0 -1 4194304 260441 0 17 0 15657 512 0 0 20 0 1 0 53413138 993230848 204763 67087892480 94635904983040 94635906850161 140727255318576 0 0 0 0 4096 1088 0 0 0 17 19 0 0 1 0 0 94635907108224 94635907155160 94635934167040 140727255325441 140727255325590 140727255325590 140727255326689 0
/proc/18/statm: 242488 204763 1082 456 0 240649 0
Current children cumulated CPU time: 161.73 s
Current children cumulated vsize: 987636 KiB
Current children cumulated memory: 831476 KiB

[startup+222.3 s]
/proc/loadavg: 40.27 26.68 24.79 39/2831 18
/proc/meminfo: memFree=488219424/527542256 swapFree=33529852/33554428
[pid=16] ppid=13 vsize=17684 memory=12424 CPUtime=0.04 cores=14-27,126-139
/proc/16/stat : 16 (python3) S 13 16 0 0 -1 4194304 1894 0 96 0 3 1 0 0 20 0 1 0 53413125 18108416 3106 67087892480 4194304 7154137 140730951297776 0 0 0 0 16781312 2 1 0 0 17 16 0 0 8 0 0 9727432 11029816 34844672 140730951306046 140730951306157 140730951306157 140730951307239 0
/proc/16/statm: 4421 3106 1512 723 0 2063 0
[pid=18] ppid=16 vsize=1047792 memory=838252 CPUtime=221.53 cores=14-27,126-139
/proc/18/stat : 18 (bn4rust) R 16 16 0 0 -1 4194304 355319 0 17 0 21456 697 0 0 20 0 1 0 53413138 1072939008 209563 67087892480 94635904983040 94635906850161 140727255318576 0 0 0 0 4096 1088 0 0 0 17 19 0 0 1 0 0 94635907108224 94635907155160 94635934167040 140727255325441 140727255325590 140727255325590 140727255326689 0
/proc/18/statm: 261948 209563 1082 456 0 260109 0
Current children cumulated CPU time: 221.57 s
Current children cumulated vsize: 1065476 KiB
Current children cumulated memory: 850676 KiB

[startup+282.3 s]
/proc/loadavg: 42.08 29.67 25.94 53/2821 18
/proc/meminfo: memFree=487526692/527542256 swapFree=33529852/33554428
[pid=16] ppid=13 vsize=17684 memory=12424 CPUtime=0.04 cores=14-27,126-139
/proc/16/stat : 16 (python3) S 13 16 0 0 -1 4194304 1894 0 96 0 3 1 0 0 20 0 1 0 53413125 18108416 3106 67087892480 4194304 7154137 140730951297776 0 0 0 0 16781312 2 1 0 0 17 16 0 0 8 0 0 9727432 11029816 34844672 140730951306046 140730951306157 140730951306157 140730951307239 0
/proc/16/statm: 4421 3106 1512 723 0 2063 0
[pid=18] ppid=16 vsize=482528 memory=394576 CPUtime=281.38 cores=14-27,126-139
/proc/18/stat : 18 (bn4rust) R 16 16 0 0 -1 4194304 447082 0 17 0 27253 885 0 0 20 0 1 0 53413138 494108672 98644 67087892480 94635904983040 94635906850161 140727255318576 0 0 0 0 4096 1088 0 0 0 17 19 0 0 1 0 0 94635907108224 94635907155160 94635934167040 140727255325441 140727255325590 140727255325590 140727255326689 0
/proc/18/statm: 120632 98644 1082 456 0 118793 0
Current children cumulated CPU time: 281.42 s
Current children cumulated vsize: 500212 KiB
Current children cumulated memory: 407000 KiB

[startup+342.3 s]
/proc/loadavg: 45.98 32.98 27.31 52/2807 18
/proc/meminfo: memFree=485878064/527542256 swapFree=33529852/33554428
[pid=16] ppid=13 vsize=17684 memory=12424 CPUtime=0.04 cores=14-27,126-139
/proc/16/stat : 16 (python3) S 13 16 0 0 -1 4194304 1894 0 96 0 3 1 0 0 20 0 1 0 53413125 18108416 3106 67087892480 4194304 7154137 140730951297776 0 0 0 0 16781312 2 1 0 0 17 16 0 0 8 0 0 9727432 11029816 34844672 140730951306046 140730951306157 140730951306157 140730951307239 0
/proc/16/statm: 4421 3106 1512 723 0 2063 0
[pid=18] ppid=16 vsize=307416 memory=296544 CPUtime=341.22 cores=14-27,126-139
/proc/18/stat : 18 (bn4rust) R 16 16 0 0 -1 4194304 529582 0 17 0 33057 1065 0 0 20 0 1 0 53413138 314793984 74136 67087892480 94635904983040 94635906850161 140727255318576 0 0 0 0 4096 1088 0 0 0 17 19 0 0 1 0 0 94635907108224 94635907155160 94635934167040 140727255325441 140727255325590 140727255325590 140727255326689 0
/proc/18/statm: 76854 74136 1082 456 0 75015 0
Current children cumulated CPU time: 341.26 s
Current children cumulated vsize: 325100 KiB
Current children cumulated memory: 308968 KiB

[startup+402.3 s]
/proc/loadavg: 44.42 34.96 28.35 37/2806 18
/proc/meminfo: memFree=484847140/527542256 swapFree=33529852/33554428
[pid=16] ppid=13 vsize=17684 memory=12424 CPUtime=0.04 cores=14-27,126-139
/proc/16/stat : 16 (python3) S 13 16 0 0 -1 4194304 1894 0 96 0 3 1 0 0 20 0 1 0 53413125 18108416 3106 67087892480 4194304 7154137 140730951297776 0 0 0 0 16781312 2 1 0 0 17 16 0 0 8 0 0 9727432 11029816 34844672 140730951306046 140730951306157 140730951306157 140730951307239 0
/proc/16/statm: 4421 3106 1512 723 0 2063 0
[pid=18] ppid=16 vsize=789744 memory=688788 CPUtime=401.07 cores=14-27,126-139
/proc/18/stat : 18 (bn4rust) R 16 16 0 0 -1 4194304 611839 0 17 0 38851 1256 0 0 20 0 1 0 53413138 808697856 172197 67087892480 94635904983040 94635906850161 140727255318576 0 0 0 0 4096 1088 0 0 0 17 19 0 0 1 0 0 94635907108224 94635907155160 94635934167040 140727255325441 140727255325590 140727255325590 140727255326689 0
/proc/18/statm: 197436 172197 1082 456 0 195597 0
Current children cumulated CPU time: 401.11 s
Current children cumulated vsize: 807428 KiB
Current children cumulated memory: 701212 KiB

[startup+462.3 s]
/proc/loadavg: 39.60 35.48 28.96 27/2798 18
/proc/meminfo: memFree=500755808/527542256 swapFree=33529852/33554428
[pid=16] ppid=13 vsize=17684 memory=12424 CPUtime=0.04 cores=14-27,126-139
/proc/16/stat : 16 (python3) S 13 16 0 0 -1 4194304 1894 0 96 0 3 1 0 0 20 0 1 0 53413125 18108416 3106 67087892480 4194304 7154137 140730951297776 0 0 0 0 16781312 2 1 0 0 17 16 0 0 8 0 0 9727432 11029816 34844672 140730951306046 140730951306157 140730951306157 140730951307239 0
/proc/16/statm: 4421 3106 1512 723 0 2063 0
[pid=18] ppid=16 vsize=1441080 memory=1274620 CPUtime=460.91 cores=14-27,126-139
/proc/18/stat : 18 (bn4rust) R 16 16 0 0 -1 4194304 705070 0 17 0 44643 1448 0 0 20 0 1 0 53413138 1475665920 318655 67087892480 94635904983040 94635906850161 140727255318576 0 0 0 0 4096 1088 0 0 0 17 19 0 0 1 0 0 94635907108224 94635907155160 94635934167040 140727255325441 140727255325590 140727255325590 140727255326689 0
/proc/18/statm: 360270 318655 1082 456 0 358431 0
Current children cumulated CPU time: 460.95 s
Current children cumulated vsize: 1458764 KiB
Current children cumulated memory: 1287044 KiB

[startup+522.3 s]
/proc/loadavg: 33.76 34.53 29.04 7/2841 18
/proc/meminfo: memFree=500384388/527542256 swapFree=33529852/33554428
[pid=16] ppid=13 vsize=17684 memory=12424 CPUtime=0.04 cores=14-27,126-139
/proc/16/stat : 16 (python3) S 13 16 0 0 -1 4194304 1894 0 96 0 3 1 0 0 20 0 1 0 53413125 18108416 3106 67087892480 4194304 7154137 140730951297776 0 0 0 0 16781312 2 1 0 0 17 16 0 0 8 0 0 9727432 11029816 34844672 140730951306046 140730951306157 140730951306157 140730951307239 0
/proc/16/statm: 4421 3106 1512 723 0 2063 0
[pid=18] ppid=16 vsize=580908 memory=467408 CPUtime=520.75 cores=14-27,126-139
/proc/18/stat : 18 (bn4rust) R 16 16 0 0 -1 4194304 795522 0 17 0 50459 1616 0 0 20 0 1 0 53413138 594849792 116852 67087892480 94635904983040 94635906850161 140727255318576 0 0 0 0 4096 1088 0 0 0 17 19 0 0 1 0 0 94635907108224 94635907155160 94635934167040 140727255325441 140727255325590 140727255325590 140727255326689 0
/proc/18/statm: 145227 116852 1082 456 0 143388 0
Current children cumulated CPU time: 520.79 s
Current children cumulated vsize: 598592 KiB
Current children cumulated memory: 479832 KiB

[startup+582.3 s]
/proc/loadavg: 15.71 29.21 27.55 6/2755 18
/proc/meminfo: memFree=506713824/527542256 swapFree=33529852/33554428
[pid=16] ppid=13 vsize=17684 memory=12424 CPUtime=0.04 cores=14-27,126-139
/proc/16/stat : 16 (python3) S 13 16 0 0 -1 4194304 1894 0 96 0 3 1 0 0 20 0 1 0 53413125 18108416 3106 67087892480 4194304 7154137 140730951297776 0 0 0 0 16781312 2 1 0 0 17 16 0 0 8 0 0 9727432 11029816 34844672 140730951306046 140730951306157 140730951306157 140730951307239 0
/proc/16/statm: 4421 3106 1512 723 0 2063 0
[pid=18] ppid=16 vsize=354340 memory=324328 CPUtime=580.59 cores=14-27,126-139
/proc/18/stat : 18 (bn4rust) R 16 16 0 0 -1 4194304 878678 0 17 0 56264 1795 0 0 20 0 1 0 53413138 362844160 81082 67087892480 94635904983040 94635906850161 140727255318576 0 0 0 0 4096 1088 0 0 0 17 19 0 0 1 0 0 94635907108224 94635907155160 94635934167040 140727255325441 140727255325590 140727255325590 140727255326689 0
/proc/18/statm: 88585 81082 1082 456 0 86746 0
Current children cumulated CPU time: 580.63 s
Current children cumulated vsize: 372024 KiB
Current children cumulated memory: 336752 KiB

[startup+642.3 s]
/proc/loadavg: 8.93 24.80 26.14 6/2754 18
/proc/meminfo: memFree=506172696/527542256 swapFree=33529852/33554428
[pid=16] ppid=13 vsize=17684 memory=12424 CPUtime=0.04 cores=14-27,126-139
/proc/16/stat : 16 (python3) S 13 16 0 0 -1 4194304 1894 0 96 0 3 1 0 0 20 0 1 0 53413125 18108416 3106 67087892480 4194304 7154137 140730951297776 0 0 0 0 16781312 2 1 0 0 17 16 0 0 8 0 0 9727432 11029816 34844672 140730951306046 140730951306157 140730951306157 140730951307239 0
/proc/16/statm: 4421 3106 1512 723 0 2063 0
[pid=18] ppid=16 vsize=789812 memory=699096 CPUtime=640.44 cores=14-27,126-139
/proc/18/stat : 18 (bn4rust) R 16 16 0 0 -1 4194304 959992 0 17 0 62058 1986 0 0 20 0 1 0 53413138 808767488 174774 67087892480 94635904983040 94635906850161 140727255318576 0 0 0 0 4096 1088 0 0 0 17 19 0 0 1 0 0 94635907108224 94635907155160 94635934167040 140727255325441 140727255325590 140727255325590 140727255326689 0
/proc/18/statm: 197453 174774 1082 456 0 195614 0
Current children cumulated CPU time: 640.48 s
Current children cumulated vsize: 807496 KiB
Current children cumulated memory: 711520 KiB

[startup+702.3 s]
/proc/loadavg: 6.44 21.19 24.81 6/2754 18
/proc/meminfo: memFree=505662956/527542256 swapFree=33529852/33554428
[pid=16] ppid=13 vsize=17684 memory=12424 CPUtime=0.04 cores=14-27,126-139
/proc/16/stat : 16 (python3) S 13 16 0 0 -1 4194304 1894 0 96 0 3 1 0 0 20 0 1 0 53413125 18108416 3106 67087892480 4194304 7154137 140730951297776 0 0 0 0 16781312 2 1 0 0 17 16 0 0 8 0 0 9727432 11029816 34844672 140730951306046 140730951306157 140730951306157 140730951307239 0
/proc/16/statm: 4421 3106 1512 723 0 2063 0
[pid=18] ppid=16 vsize=1379700 memory=1241872 CPUtime=700.29 cores=14-27,126-139
/proc/18/stat : 18 (bn4rust) R 16 16 0 0 -1 4194304 1060082 0 17 0 67846 2183 0 0 20 0 1 0 53413138 1412812800 310468 67087892480 94635904983040 94635906850161 140727255318576 0 0 0 0 4096 1088 0 0 0 17 19 0 0 1 0 0 94635907108224 94635907155160 94635934167040 140727255325441 140727255325590 140727255325590 140727255326689 0
/proc/18/statm: 344925 310468 1082 456 0 343086 0
Current children cumulated CPU time: 700.33 s
Current children cumulated vsize: 1397384 KiB
Current children cumulated memory: 1254296 KiB

[startup+762.3 s]
/proc/loadavg: 5.53 18.25 23.57 6/2752 18
/proc/meminfo: memFree=506539884/527542256 swapFree=33529852/33554428
[pid=16] ppid=13 vsize=17684 memory=12424 CPUtime=0.04 cores=14-27,126-139
/proc/16/stat : 16 (python3) S 13 16 0 0 -1 4194304 1894 0 96 0 3 1 0 0 20 0 1 0 53413125 18108416 3106 67087892480 4194304 7154137 140730951297776 0 0 0 0 16781312 2 1 0 0 17 16 0 0 8 0 0 9727432 11029816 34844672 140730951306046 140730951306157 140730951306157 140730951307239 0
/proc/16/statm: 4421 3106 1512 723 0 2063 0
[pid=18] ppid=16 vsize=519532 memory=438380 CPUtime=760.14 cores=14-27,126-139
/proc/18/stat : 18 (bn4rust) R 16 16 0 0 -1 4194304 1154038 0 17 0 73658 2356 0 0 20 0 1 0 53413138 532000768 109595 67087892480 94635904983040 94635906850161 140727255318576 0 0 0 0 4096 1088 0 0 0 17 19 0 0 1 0 0 94635907108224 94635907155160 94635934167040 140727255325441 140727255325590 140727255325590 140727255326689 0
/proc/18/statm: 129883 109595 1082 456 0 128044 0
Current children cumulated CPU time: 760.18 s
Current children cumulated vsize: 537216 KiB
Current children cumulated memory: 450804 KiB

[startup+822.3 s]
/proc/loadavg: 5.22 15.85 22.41 6/2747 18
/proc/meminfo: memFree=506504448/527542256 swapFree=33529852/33554428
[pid=16] ppid=13 vsize=17684 memory=12852 CPUtime=0.04 cores=14-27,126-139
/proc/16/stat : 16 (python3) S 13 16 0 0 -1 4194304 1894 0 96 0 3 1 0 0 20 0 1 0 53413125 18108416 3213 67087892480 4194304 7154137 140730951297776 0 0 0 0 16781312 2 1 0 0 17 16 0 0 8 0 0 9727432 11029816 34844672 140730951306046 140730951306157 140730951306157 140730951307239 0
/proc/16/statm: 4421 3213 1512 723 0 2063 0
[pid=18] ppid=16 vsize=184652 memory=175576 CPUtime=819.99 cores=14-27,126-139
/proc/18/stat : 18 (bn4rust) R 16 16 0 0 -1 4194304 1239611 0 17 0 79468 2531 0 0 20 0 1 0 53413138 189083648 43894 67087892480 94635904983040 94635906850161 140727255318576 0 0 0 0 4096 1088 0 0 0 17 19 0 0 1 0 0 94635907108224 94635907155160 94635934167040 140727255325441 140727255325590 140727255325590 140727255326689 0
/proc/18/statm: 46163 43894 1082 456 0 44324 0
Current children cumulated CPU time: 820.03 s
Current children cumulated vsize: 202336 KiB
Current children cumulated memory: 188428 KiB

[startup+882.3 s]
/proc/loadavg: 5.08 13.87 21.32 6/2746 18
/proc/meminfo: memFree=505983464/527542256 swapFree=33529852/33554428
[pid=16] ppid=13 vsize=17684 memory=12852 CPUtime=0.04 cores=14-27,126-139
/proc/16/stat : 16 (python3) S 13 16 0 0 -1 4194304 1894 0 96 0 3 1 0 0 20 0 1 0 53413125 18108416 3213 67087892480 4194304 7154137 140730951297776 0 0 0 0 16781312 2 1 0 0 17 16 0 0 8 0 0 9727432 11029816 34844672 140730951306046 140730951306157 140730951306157 140730951307239 0
/proc/16/statm: 4421 3213 1512 723 0 2063 0
[pid=18] ppid=16 vsize=982432 memory=820036 CPUtime=879.84 cores=14-27,126-139
/proc/18/stat : 18 (bn4rust) R 16 16 0 0 -1 4194304 1322741 0 17 0 85270 2714 0 0 20 0 1 0 53413138 1006010368 205009 67087892480 94635904983040 94635906850161 140727255318576 0 0 0 0 4096 1088 0 0 0 17 19 0 0 1 0 0 94635907108224 94635907155160 94635934167040 140727255325441 140727255325590 140727255325590 140727255326689 0
/proc/18/statm: 245608 205009 1082 456 0 243769 0
Current children cumulated CPU time: 879.88 s
Current children cumulated vsize: 1000116 KiB
Current children cumulated memory: 832888 KiB

[startup+942.3 s]
/proc/loadavg: 4.39 12.07 20.23 5/2705 18
/proc/meminfo: memFree=508451200/527542256 swapFree=33529852/33554428
[pid=16] ppid=13 vsize=17684 memory=12852 CPUtime=0.04 cores=14-27,126-139
/proc/16/stat : 16 (python3) S 13 16 0 0 -1 4194304 1894 0 96 0 3 1 0 0 20 0 1 0 53413125 18108416 3213 67087892480 4194304 7154137 140730951297776 0 0 0 0 16781312 2 1 0 0 17 16 0 0 8 0 0 9727432 11029816 34844672 140730951306046 140730951306157 140730951306157 140730951307239 0
/proc/16/statm: 4421 3213 1512 723 0 2063 0
[pid=18] ppid=16 vsize=1047980 memory=840656 CPUtime=939.65 cores=14-27,126-139
/proc/18/stat : 18 (bn4rust) R 16 16 0 0 -1 4194304 1419874 0 17 0 91070 2895 0 0 20 0 1 0 53413138 1073131520 210164 67087892480 94635904983040 94635906850161 140727255318576 0 0 0 0 4096 1088 0 0 0 17 19 0 0 1 0 0 94635907108224 94635907155160 94635934167040 140727255325441 140727255325590 140727255325590 140727255326689 0
/proc/18/statm: 261995 210164 1082 456 0 260156 0
Current children cumulated CPU time: 939.69 s
Current children cumulated vsize: 1065664 KiB
Current children cumulated memory: 853508 KiB

[startup+1002.3 s]
/proc/loadavg: 4.25 10.63 19.22 5/2705 18
/proc/meminfo: memFree=508725380/527542256 swapFree=33529852/33554428
[pid=16] ppid=13 vsize=17684 memory=12852 CPUtime=0.04 cores=14-27,126-139
/proc/16/stat : 16 (python3) S 13 16 0 0 -1 4194304 1894 0 96 0 3 1 0 0 20 0 1 0 53413125 18108416 3213 67087892480 4194304 7154137 140730951297776 0 0 0 0 16781312 2 1 0 0 17 16 0 0 8 0 0 9727432 11029816 34844672 140730951306046 140730951306157 140730951306157 140730951307239 0
/proc/16/statm: 4421 3213 1512 723 0 2063 0
[pid=18] ppid=16 vsize=474500 memory=382292 CPUtime=999.45 cores=14-27,126-139
/proc/18/stat : 18 (bn4rust) R 16 16 0 0 -1 4194304 1514109 0 17 0 96866 3079 0 0 20 0 1 0 53413138 485888000 95573 67087892480 94635904983040 94635906850161 140727255318576 0 0 0 0 4096 1088 0 0 0 17 19 0 0 1 0 0 94635907108224 94635907155160 94635934167040 140727255325441 140727255325590 140727255325590 140727255326689 0
/proc/18/statm: 118625 95573 1082 456 0 116786 0
Current children cumulated CPU time: 999.49 s
Current children cumulated vsize: 492184 KiB
Current children cumulated memory: 395144 KiB

[startup+1062.3 s]
/proc/loadavg: 4.09 9.42 18.27 5/2705 18
/proc/meminfo: memFree=509298524/527542256 swapFree=33529852/33554428
[pid=16] ppid=13 vsize=17684 memory=12852 CPUtime=0.04 cores=14-27,126-139
/proc/16/stat : 16 (python3) S 13 16 0 0 -1 4194304 1894 0 96 0 3 1 0 0 20 0 1 0 53413125 18108416 3213 67087892480 4194304 7154137 140730951297776 0 0 0 0 16781312 2 1 0 0 17 16 0 0 8 0 0 9727432 11029816 34844672 140730951306046 140730951306157 140730951306157 140730951307239 0
/proc/16/statm: 4421 3213 1512 723 0 2063 0
[pid=18] ppid=16 vsize=224292 memory=201396 CPUtime=1059.26 cores=14-27,126-139
/proc/18/stat : 18 (bn4rust) R 16 16 0 0 -1 4194304 1595186 0 17 0 102671 3255 0 0 20 0 1 0 53413138 229675008 50349 67087892480 94635904983040 94635906850161 140727255318576 0 0 0 0 4096 1088 0 0 0 17 19 0 0 1 0 0 94635907108224 94635907155160 94635934167040 140727255325441 140727255325590 140727255325590 140727255326689 0
/proc/18/statm: 56073 50349 1082 456 0 54234 0
Current children cumulated CPU time: 1059.3 s
Current children cumulated vsize: 241976 KiB
Current children cumulated memory: 214248 KiB

[startup+1122.3 s]
/proc/loadavg: 4.03 8.43 17.37 5/2702 18
/proc/meminfo: memFree=508424444/527542256 swapFree=33529852/33554428
[pid=16] ppid=13 vsize=17684 memory=12852 CPUtime=0.04 cores=14-27,126-139
/proc/16/stat : 16 (python3) S 13 16 0 0 -1 4194304 1894 0 96 0 3 1 0 0 20 0 1 0 53413125 18108416 3213 67087892480 4194304 7154137 140730951297776 0 0 0 0 16781312 2 1 0 0 17 16 0 0 8 0 0 9727432 11029816 34844672 140730951306046 140730951306157 140730951306157 140730951307239 0
/proc/16/statm: 4421 3213 1512 723 0 2063 0
[pid=18] ppid=16 vsize=982468 memory=779112 CPUtime=1119.07 cores=14-27,126-139
/proc/18/stat : 18 (bn4rust) R 16 16 0 0 -1 4194304 1685754 0 17 0 108464 3443 0 0 20 0 1 0 53413138 1006047232 194778 67087892480 94635904983040 94635906850161 140727255318576 0 0 0 0 4096 1088 0 0 0 17 19 0 0 1 0 0 94635907108224 94635907155160 94635934167040 140727255325441 140727255325590 140727255325590 140727255326689 0
/proc/18/statm: 245617 194778 1082 456 0 243778 0
Current children cumulated CPU time: 1119.11 s
Current children cumulated vsize: 1000152 KiB
Current children cumulated memory: 791964 KiB

[startup+1182.3 s]
/proc/loadavg: 4.01 7.62 16.53 5/2704 18
/proc/meminfo: memFree=508456104/527542256 swapFree=33529852/33554428
[pid=16] ppid=13 vsize=17684 memory=12852 CPUtime=0.04 cores=14-27,126-139
/proc/16/stat : 16 (python3) S 13 16 0 0 -1 4194304 1894 0 96 0 3 1 0 0 20 0 1 0 53413125 18108416 3213 67087892480 4194304 7154137 140730951297776 0 0 0 0 16781312 2 1 0 0 17 16 0 0 8 0 0 9727432 11029816 34844672 140730951306046 140730951306157 140730951306157 140730951307239 0
/proc/16/statm: 4421 3213 1512 723 0 2063 0
[pid=18] ppid=16 vsize=851400 memory=677636 CPUtime=1178.87 cores=14-27,126-139
/proc/18/stat : 18 (bn4rust) R 16 16 0 0 -1 4194304 1781503 0 17 0 114265 3622 0 0 20 0 1 0 53413138 871833600 169409 67087892480 94635904983040 94635906850161 140727255318576 0 0 0 0 4096 1088 0 0 0 17 19 0 0 1 0 0 94635907108224 94635907155160 94635934167040 140727255325441 140727255325590 140727255325590 140727255326689 0
/proc/18/statm: 212850 169409 1082 456 0 211011 0
Current children cumulated CPU time: 1178.91 s
Current children cumulated vsize: 869084 KiB
Current children cumulated memory: 690488 KiB

[startup+1242.3 s]
/proc/loadavg: 4.00 6.96 15.75 5/2698 18
/proc/meminfo: memFree=509163168/527542256 swapFree=33529852/33554428
[pid=16] ppid=13 vsize=17684 memory=12852 CPUtime=0.04 cores=14-27,126-139
/proc/16/stat : 16 (python3) S 13 16 0 0 -1 4194304 1894 0 96 0 3 1 0 0 20 0 1 0 53413125 18108416 3213 67087892480 4194304 7154137 140730951297776 0 0 0 0 16781312 2 1 0 0 17 16 0 0 8 0 0 9727432 11029816 34844672 140730951306046 140730951306157 140730951306157 140730951307239 0
/proc/16/statm: 4421 3213 1512 723 0 2063 0
[pid=18] ppid=16 vsize=470432 memory=376136 CPUtime=1238.68 cores=14-27,126-139
/proc/18/stat : 18 (bn4rust) R 16 16 0 0 -1 4194304 1871709 0 17 0 120069 3799 0 0 20 0 1 0 53413138 481722368 94034 67087892480 94635904983040 94635906850161 140727255318576 0 0 0 0 4096 1088 0 0 0 17 19 0 0 1 0 0 94635907108224 94635907155160 94635934167040 140727255325441 140727255325590 140727255325590 140727255326689 0
/proc/18/statm: 117608 94034 1082 456 0 115769 0
Current children cumulated CPU time: 1238.72 s
Current children cumulated vsize: 488116 KiB
Current children cumulated memory: 388988 KiB

[startup+1302.3 s]
/proc/loadavg: 4.04 6.43 15.01 5/2698 18
/proc/meminfo: memFree=508551088/527542256 swapFree=33529852/33554428
[pid=16] ppid=13 vsize=17684 memory=12852 CPUtime=0.04 cores=14-27,126-139
/proc/16/stat : 16 (python3) S 13 16 0 0 -1 4194304 1894 0 96 0 3 1 0 0 20 0 1 0 53413125 18108416 3213 67087892480 4194304 7154137 140730951297776 0 0 0 0 16781312 2 1 0 0 17 16 0 0 8 0 0 9727432 11029816 34844672 140730951306046 140730951306157 140730951306157 140730951307239 0
/proc/16/statm: 4421 3213 1512 723 0 2063 0
[pid=18] ppid=16 vsize=482344 memory=401936 CPUtime=1298.48 cores=14-27,126-139
/proc/18/stat : 18 (bn4rust) R 16 16 0 0 -1 4194304 1949895 0 17 0 125872 3976 0 0 20 0 1 0 53413138 493920256 100484 67087892480 94635904983040 94635906850161 140727255318576 0 0 0 0 4096 1088 0 0 0 17 19 0 0 1 0 0 94635907108224 94635907155160 94635934167040 140727255325441 140727255325590 140727255325590 140727255326689 0
/proc/18/statm: 120586 100484 1082 456 0 118747 0
Current children cumulated CPU time: 1298.52 s
Current children cumulated vsize: 500028 KiB
Current children cumulated memory: 414788 KiB

[startup+1362.3 s]
/proc/loadavg: 4.01 5.99 14.32 5/2698 18
/proc/meminfo: memFree=508328908/527542256 swapFree=33529852/33554428
[pid=16] ppid=13 vsize=17684 memory=12852 CPUtime=0.04 cores=14-27,126-139
/proc/16/stat : 16 (python3) S 13 16 0 0 -1 4194304 1894 0 96 0 3 1 0 0 20 0 1 0 53413125 18108416 3213 67087892480 4194304 7154137 140730951297776 0 0 0 0 16781312 2 1 0 0 17 16 0 0 8 0 0 9727432 11029816 34844672 140730951306046 140730951306157 140730951306157 140730951307239 0
/proc/16/statm: 4421 3213 1512 723 0 2063 0
[pid=18] ppid=16 vsize=1490400 memory=1303404 CPUtime=1358.29 cores=14-27,126-139
/proc/18/stat : 18 (bn4rust) R 16 16 0 0 -1 4194304 2047082 0 17 0 131665 4164 0 0 20 0 1 0 53413138 1526169600 325851 67087892480 94635904983040 94635906850161 140727255318576 0 0 0 0 4096 1088 0 0 0 17 19 0 0 1 0 0 94635907108224 94635907155160 94635934167040 140727255325441 140727255325590 140727255325590 140727255326689 0
/proc/18/statm: 372600 325851 1082 456 0 370761 0
Current children cumulated CPU time: 1358.33 s
Current children cumulated vsize: 1508084 KiB
Current children cumulated memory: 1316256 KiB

[startup+1422.3 s]
/proc/loadavg: 4.00 5.62 13.67 5/2700 18
/proc/meminfo: memFree=508851436/527542256 swapFree=33529852/33554428
[pid=16] ppid=13 vsize=17684 memory=12852 CPUtime=0.04 cores=14-27,126-139
/proc/16/stat : 16 (python3) S 13 16 0 0 -1 4194304 1895 0 96 0 3 1 0 0 20 0 1 0 53413125 18108416 3213 67087892480 4194304 7154137 140730951297776 0 0 0 0 16781312 2 1 0 0 17 16 0 0 8 0 0 9727432 11029816 34844672 140730951306046 140730951306157 140730951306157 140730951307239 0
/proc/16/statm: 4421 3213 1512 723 0 2063 0
[pid=18] ppid=16 vsize=531908 memory=441344 CPUtime=1418.09 cores=14-27,126-139
/proc/18/stat : 18 (bn4rust) R 16 16 0 0 -1 4194304 2140257 0 17 0 137479 4330 0 0 20 0 1 0 53413138 544673792 110336 67087892480 94635904983040 94635906850161 140727255318576 0 0 0 0 4096 1088 0 0 0 17 19 0 0 1 0 0 94635907108224 94635907155160 94635934167040 140727255325441 140727255325590 140727255325590 140727255326689 0
/proc/18/statm: 132977 110336 1082 456 0 131138 0
Current children cumulated CPU time: 1418.13 s
Current children cumulated vsize: 549592 KiB
Current children cumulated memory: 454196 KiB

[startup+1482.3 s]
/proc/loadavg: 3.79 5.27 13.05 4/2661 18
/proc/meminfo: memFree=509973800/527542256 swapFree=33529852/33554428
[pid=16] ppid=13 vsize=17684 memory=12852 CPUtime=0.04 cores=14-27,126-139
/proc/16/stat : 16 (python3) S 13 16 0 0 -1 4194304 1895 0 96 0 3 1 0 0 20 0 1 0 53413125 18108416 3213 67087892480 4194304 7154137 140730951297776 0 0 0 0 16781312 2 1 0 0 17 16 0 0 8 0 0 9727432 11029816 34844672 140730951306046 140730951306157 140730951306157 140730951307239 0
/proc/16/statm: 4421 3213 1512 723 0 2063 0
[pid=18] ppid=16 vsize=167964 memory=140900 CPUtime=1477.9 cores=14-27,126-139
/proc/18/stat : 18 (bn4rust) R 16 16 0 0 -1 4194304 2224146 0 17 0 143279 4511 0 0 20 0 1 0 53413138 171995136 35225 67087892480 94635904983040 94635906850161 140727255318576 0 0 0 0 4096 1088 0 0 0 17 19 0 0 1 0 0 94635907108224 94635907155160 94635934167040 140727255325441 140727255325590 140727255325590 140727255326689 0
/proc/18/statm: 41991 35225 1082 456 0 40152 0
Current children cumulated CPU time: 1477.94 s
Current children cumulated vsize: 185648 KiB
Current children cumulated memory: 153752 KiB

[startup+1542.3 s]
/proc/loadavg: 3.29 4.86 12.42 4/2660 18
/proc/meminfo: memFree=509122440/527542256 swapFree=33529852/33554428
[pid=16] ppid=13 vsize=17684 memory=12852 CPUtime=0.04 cores=14-27,126-139
/proc/16/stat : 16 (python3) S 13 16 0 0 -1 4194304 1895 0 96 0 3 1 0 0 20 0 1 0 53413125 18108416 3213 67087892480 4194304 7154137 140730951297776 0 0 0 0 16781312 2 1 0 0 17 16 0 0 8 0 0 9727432 11029816 34844672 140730951306046 140730951306157 140730951306157 140730951307239 0
/proc/16/statm: 4421 3213 1512 723 0 2063 0
[pid=18] ppid=16 vsize=982504 memory=820348 CPUtime=1537.71 cores=14-27,126-139
/proc/18/stat : 18 (bn4rust) R 16 16 0 0 -1 4194304 2310482 0 17 0 149076 4695 0 0 20 0 1 0 53413138 1006084096 205087 67087892480 94635904983040 94635906850161 140727255318576 0 0 0 0 4096 1088 0 0 0 17 19 0 0 1 0 0 94635907108224 94635907155160 94635934167040 140727255325441 140727255325590 140727255325590 140727255326689 0
/proc/18/statm: 245626 205087 1082 456 0 243787 0
Current children cumulated CPU time: 1537.75 s
Current children cumulated vsize: 1000188 KiB
Current children cumulated memory: 833200 KiB

[startup+1602.3 s]
/proc/loadavg: 3.10 4.52 11.82 4/2659 18
/proc/meminfo: memFree=509187336/527542256 swapFree=33529852/33554428
[pid=16] ppid=13 vsize=17684 memory=12852 CPUtime=0.04 cores=14-27,126-139
/proc/16/stat : 16 (python3) S 13 16 0 0 -1 4194304 1895 0 96 0 3 1 0 0 20 0 1 0 53413125 18108416 3213 67087892480 4194304 7154137 140730951297776 0 0 0 0 16781312 2 1 0 0 17 16 0 0 8 0 0 9727432 11029816 34844672 140730951306046 140730951306157 140730951306157 140730951307239 0
/proc/16/statm: 4421 3213 1512 723 0 2063 0
[pid=18] ppid=16 vsize=949740 memory=754792 CPUtime=1597.53 cores=14-27,126-139
/proc/18/stat : 18 (bn4rust) R 16 16 0 0 -1 4194304 2407858 0 17 0 154876 4877 0 0 20 0 1 0 53413138 972533760 188698 67087892480 94635904983040 94635906850161 140727255318576 0 0 0 0 4096 1088 0 0 0 17 19 0 0 1 0 0 94635907108224 94635907155160 94635934167040 140727255325441 140727255325590 140727255325590 140727255326689 0
/proc/18/statm: 237435 188698 1082 456 0 235596 0
Current children cumulated CPU time: 1597.57 s
Current children cumulated vsize: 967424 KiB
Current children cumulated memory: 767644 KiB

[startup+1662.3 s]
/proc/loadavg: 3.04 4.24 11.27 4/2659 18
/proc/meminfo: memFree=509715780/527542256 swapFree=33529852/33554428
[pid=16] ppid=13 vsize=17684 memory=12852 CPUtime=0.04 cores=14-27,126-139
/proc/16/stat : 16 (python3) S 13 16 0 0 -1 4194304 1895 0 96 0 3 1 0 0 20 0 1 0 53413125 18108416 3213 67087892480 4194304 7154137 140730951297776 0 0 0 0 16781312 2 1 0 0 17 16 0 0 8 0 0 9727432 11029816 34844672 140730951306046 140730951306157 140730951306157 140730951307239 0
/proc/16/statm: 4421 3213 1512 723 0 2063 0
[pid=18] ppid=16 vsize=433188 memory=369756 CPUtime=1657.35 cores=14-27,126-139
/proc/18/stat : 18 (bn4rust) R 16 16 0 0 -1 4194304 2499511 0 17 0 160677 5058 0 0 20 0 1 0 53413138 443584512 92439 67087892480 94635904983040 94635906850161 140727255318576 0 0 0 0 4096 1088 0 0 0 17 19 0 0 1 0 0 94635907108224 94635907155160 94635934167040 140727255325441 140727255325590 140727255325590 140727255326689 0
/proc/18/statm: 108297 92439 1082 456 0 106458 0
Current children cumulated CPU time: 1657.39 s
Current children cumulated vsize: 450872 KiB
Current children cumulated memory: 382608 KiB

[startup+1722.3 s]
/proc/loadavg: 2.67 3.93 10.72 3/2623 18
/proc/meminfo: memFree=511007376/527542256 swapFree=33529852/33554428
[pid=16] ppid=13 vsize=17684 memory=12852 CPUtime=0.04 cores=14-27,126-139
/proc/16/stat : 16 (python3) S 13 16 0 0 -1 4194304 1895 0 96 0 3 1 0 0 20 0 1 0 53413125 18108416 3213 67087892480 4194304 7154137 140730951297776 0 0 0 0 16781312 2 1 0 0 17 16 0 0 8 0 0 9727432 11029816 34844672 140730951306046 140730951306157 140730951306157 140730951307239 0
/proc/16/statm: 4421 3213 1512 723 0 2063 0
[pid=18] ppid=16 vsize=261156 memory=228656 CPUtime=1717.16 cores=14-27,126-139
/proc/18/stat : 18 (bn4rust) R 16 16 0 0 -1 4194304 2576928 0 17 0 166478 5238 0 0 20 0 1 0 53413138 267423744 57164 67087892480 94635904983040 94635906850161 140727255318576 0 0 0 0 4096 1088 0 0 0 17 19 0 0 1 0 0 94635907108224 94635907155160 94635934167040 140727255325441 140727255325590 140727255325590 140727255326689 0
/proc/18/statm: 65289 57164 1082 456 0 63450 0
Current children cumulated CPU time: 1717.2 s
Current children cumulated vsize: 278840 KiB
Current children cumulated memory: 241508 KiB

[startup+1782.3 s]
/proc/loadavg: 2.24 3.57 10.17 3/2624 18
/proc/meminfo: memFree=509720244/527542256 swapFree=33529852/33554428
[pid=16] ppid=13 vsize=17684 memory=12852 CPUtime=0.04 cores=14-27,126-139
/proc/16/stat : 16 (python3) S 13 16 0 0 -1 4194304 1895 0 96 0 3 1 0 0 20 0 1 0 53413125 18108416 3213 67087892480 4194304 7154137 140730951297776 0 0 0 0 16781312 2 1 0 0 17 16 0 0 8 0 0 9727432 11029816 34844672 140730951306046 140730951306157 140730951306157 140730951307239 0
/proc/16/statm: 4421 3213 1512 723 0 2063 0
[pid=18] ppid=16 vsize=1490416 memory=1328240 CPUtime=1776.98 cores=14-27,126-139
/proc/18/stat : 18 (bn4rust) R 16 16 0 0 -1 4194304 2673345 0 17 0 172272 5426 0 0 20 0 1 0 53413138 1526185984 332060 67087892480 94635904983040 94635906850161 140727255318576 0 0 0 0 4096 1088 0 0 0 17 19 0 0 1 0 0 94635907108224 94635907155160 94635934167040 140727255325441 140727255325590 140727255325590 140727255326689 0
/proc/18/statm: 372604 332060 1082 456 0 370765 0
Current children cumulated CPU time: 1777.02 s
Current children cumulated vsize: 1508100 KiB
Current children cumulated memory: 1341092 KiB



Maximum wall clock time exceeded: sending SIGTERM then SIGKILL

[startup+1800 s]*
/proc/loadavg: 2.19 3.50 10.04 3/2621 18
/proc/meminfo: memFree=510739032/527542256 swapFree=33529852/33554428
[pid=16] ppid=13 vsize=17684 memory=12852 CPUtime=0.04 cores=14-27,126-139
/proc/16/stat : 16 (python3) S 13 16 0 0 -1 4194304 1895 0 96 0 3 1 0 0 20 0 1 0 53413125 18108416 3213 67087892480 4194304 7154137 140730951297776 0 0 0 0 16781312 2 1 0 0 17 16 0 0 8 0 0 9727432 11029816 34844672 140730951306046 140730951306157 140730951306157 140730951307239 0
/proc/16/statm: 4421 3213 1512 723 0 2063 0
[pid=18] ppid=16 vsize=261156 memory=234808 CPUtime=1794.65 cores=14-27,126-139
/proc/18/stat : 18 (bn4rust) R 16 16 0 0 -1 4194304 2703449 0 17 0 173996 5469 0 0 20 0 1 0 53413138 267423744 58702 67087892480 94635904983040 94635906850161 140727255318576 0 0 0 0 4096 1088 0 0 0 17 19 0 0 1 0 0 94635907108224 94635907155160 94635934167040 140727255325441 140727255325590 140727255325590 140727255326689 0
/proc/18/statm: 65289 58702 1082 456 0 63450 0
Current children cumulated CPU time: 1794.69 s
Current children cumulated vsize: 278840 KiB
Current children cumulated memory: 247660 KiB

Sending SIGTERM to process tree (bottom up)
Sleeping 2 seconds

[startup+1800.01 s]
# the end of solver process 16 was just reported to runsolver
# cumulated CPU time of all completed processes:  user=1740 s, system=54.7155 s

Solver just ended.
??? end of watcher thread
Dumping a history of the last processes samples

Child ended because it received signal 15 (SIGTERM)
Real time (s): 1800.01
CPU time (s): 1794.71
CPU user time (s): 1740
CPU system time (s): 54.7155
CPU usage (%): 99.7058
Max. virtual memory (cumulated for all children) (KiB): 1835784
Max. memory (cumulated for all children) (KiB): 1632556

getrusage(RUSAGE_CHILDREN,...) data:
user time used= 1740
system time used= 54.7155
maximum resident set size= 1620848
integral shared memory size= 0
integral unshared data size= 0
integral unshared stack size= 0
page reclaims= 2705345
page faults= 113
swaps= 0
block input operations= 19528
block output operations= 0
messages sent= 0
messages received= 0
signals received= 0
voluntary context switches= 1014
involuntary context switches= 2341


# summary of solver processes directly reported to runsolver:
#   pid: 16
#   total CPU time (s): 1794.71
#   total CPU user time (s): 1740
#   total CPU system time (s): 54.7155

??? join timestamper begins
??? join timestamper ends
??? end of timestamper thread
runsolver used 0 second user time and 4.10422 second system time

The end
