runsolver version 3.4.1 (svn: 3018) Copyright (C) 2010-2013 Olivier ROUSSEL

This program is distributed in the hope that it will be useful,
but WITHOUT ANY WARRANTY; without even the implied warranty of
MERCHANTABILITY or FITNESS FOR A PARTICULAR PURPOSE.  See the
GNU General Public License for more details.

NUMA information:
  number of nodes: 8
  memory of node 0: 63700 MiB (54356 MiB free)
  memory of node 1: 64504 MiB (60666 MiB free)
  memory of node 2: 64461 MiB (55168 MiB free)
  memory of node 3: 64504 MiB (58354 MiB free)
  memory of node 4: 64504 MiB (34398 MiB free)
  memory of node 5: 64504 MiB (51765 MiB free)
  memory of node 6: 64504 MiB (63792 MiB free)
  memory of node 7: 64491 MiB (61729 MiB free)
  node distances:
     10  12  12  12  21  21  21  21
     12  10  12  12  21  21  21  21
     12  12  10  12  21  21  21  21
     12  12  12  10  21  21  21  21
     21  21  21  21  10  12  12  12
     21  21  21  21  12  10  12  12
     21  21  21  21  12  12  10  12
     21  21  21  21  12  12  12  10

command line: /usr/local/bin/runsolver --timestamp -w /output/runsolver-watch.log -v /output/runsolver-values.log -o /output/solver-output.log -C 1800.0 -W 1800.0 -R 64000 /opt/solver/run_bn4rust.py --mode cyber-complement-gfp-plus-immutable --instance /input/model_090.bnet 

running on 28 cores: 50-55,162-167,76-82,111,188-194,223

Enforcing CPUTime limit (soft limit, will send SIGTERM then SIGKILL): 1800 seconds
Enforcing CPUTime limit (hard limit, will send SIGXCPU): 1830 seconds
Enforcing wall clock limit (soft limit, will send SIGTERM then SIGKILL): 1800 seconds
Enforcing RSS+Swap limit (soft limit, will send SIGTERM then SIGKILL): 65536000 KiB
Linux 4.18.0-553.159.1.el8_10.x86_64
solver pid=16, runsolver pid=13
Current StackSize limit: 18014398509481983 KiB


[startup+0.100094 s]*
/proc/loadavg: 66.42 79.25 78.75 55/2954 17
/proc/meminfo: memFree=450688744/527542220 swapFree=33429500/33554428
[pid=16] ppid=13 vsize=14576 memory=9644 CPUtime=0.01 cores=50-55,76-82,111,162-167,188-194,223
/proc/16/stat : 16 (python3) D 13 16 0 0 -1 4194304 1340 0 80 0 1 0 0 0 20 0 1 0 53383783 14925824 2411 67087892480 4194304 7154137 140733161401376 0 0 0 0 16781312 2 0 0 0 17 51 0 0 6 0 0 9727432 11029816 28700672 140733161409342 140733161409453 140733161409453 140733161410535 0
/proc/16/statm: 3644 2411 1375 723 0 1380 0
Current children cumulated CPU time: 0.01 s
Current children cumulated vsize: 14576 KiB
Current children cumulated memory: 9644 KiB

[startup+0.184337 s]
# the end of solver process 16 was just reported to runsolver
# cumulated CPU time of all completed processes:  user=0.043224 s, system=0.020075 s

Solver just ended.
??? end of watcher thread
Dumping a history of the last processes samples

[startup+0.100094 s]*
/proc/loadavg: 66.42 79.25 78.75 55/2954 17
/proc/meminfo: memFree=450688744/527542220 swapFree=33429500/33554428
[pid=16] ppid=13 vsize=14576 memory=9644 CPUtime=0.01 cores=50-55,76-82,111,162-167,188-194,223
/proc/16/stat : 16 (python3) D 13 16 0 0 -1 4194304 1340 0 80 0 1 0 0 0 20 0 1 0 53383783 14925824 2411 67087892480 4194304 7154137 140733161401376 0 0 0 0 16781312 2 0 0 0 17 51 0 0 6 0 0 9727432 11029816 28700672 140733161409342 140733161409453 140733161409453 140733161410535 0
/proc/16/statm: 3644 2411 1375 723 0 1380 0
Current children cumulated CPU time: 0.01 s
Current children cumulated vsize: 14576 KiB
Current children cumulated memory: 9644 KiB

Child status: 0
Real time (s): 0.184401
CPU time (s): 0.063299
CPU user time (s): 0.043224
CPU system time (s): 0.020075
CPU usage (%): 34.3268
Max. virtual memory (cumulated for all children) (KiB): 14576
Max. memory (cumulated for all children) (KiB): 9644

getrusage(RUSAGE_CHILDREN,...) data:
user time used= 0.043224
system time used= 0.020075
maximum resident set size= 12596
integral shared memory size= 0
integral unshared data size= 0
integral unshared stack size= 0
page reclaims= 2087
page faults= 114
swaps= 0
block input operations= 19800
block output operations= 0
messages sent= 0
messages received= 0
signals received= 0
voluntary context switches= 967
involuntary context switches= 0


# summary of solver processes directly reported to runsolver:
#   pid: 16
#   total CPU time (s): 0.063299
#   total CPU user time (s): 0.043224
#   total CPU system time (s): 0.020075

??? join timestamper begins
??? join timestamper ends
??? end of timestamper thread
runsolver used 0.001318 second user time and 0.00761 second system time

The end
