# WCTIME: wall clock time in seconds
WCTIME=1800.01
# CPUTIME: CPU time in seconds (USERTIME+SYSTEMTIME)
CPUTIME=1794.47
# USERTIME: CPU time spent in user mode in seconds
USERTIME=1754.27
# SYSTEMTIME: CPU time spent in system mode in seconds
SYSTEMTIME=40.1999
# CPUUSAGE: CPUTIME/WCTIME in percent
CPUUSAGE=99.6922
# MAXVM: maximum virtual memory used in KiB
MAXVM=1582968
# MAXMM: maximum memory used in KiB
MAXMM=1307804
# MAXRSS: maximum Resident Segment Size in KiB
MAXRSS=1310932
# TIMEOUT: did the solver exceed the time limit?
TIMEOUT=true
# MEMOUT: did the solver exceed the memory limit?
MEMOUT=false
# EXITSTATUS: Exit status of the solver
EXITSTATUS=15
