# WCTIME: wall clock time in seconds
WCTIME=0.281476
# CPUTIME: CPU time in seconds (USERTIME+SYSTEMTIME)
CPUTIME=0.165103
# USERTIME: CPU time spent in user mode in seconds
USERTIME=0.142912
# SYSTEMTIME: CPU time spent in system mode in seconds
SYSTEMTIME=0.022191
# CPUUSAGE: CPUTIME/WCTIME in percent
CPUUSAGE=58.6562
# MAXVM: maximum virtual memory used in KiB
MAXVM=25676
# MAXMM: maximum memory used in KiB
MAXMM=17248
# MAXRSS: maximum Resident Segment Size in KiB
MAXRSS=12556
# TIMEOUT: did the solver exceed the time limit?
TIMEOUT=false
# MEMOUT: did the solver exceed the memory limit?
MEMOUT=false
# EXITSTATUS: Exit status of the solver
EXITSTATUS=0
