runsolver version 3.4.1 (svn: 3018) Copyright (C) 2010-2013 Olivier ROUSSEL

This program is distributed in the hope that it will be useful,
but WITHOUT ANY WARRANTY; without even the implied warranty of
MERCHANTABILITY or FITNESS FOR A PARTICULAR PURPOSE.  See the
GNU General Public License for more details.

NUMA information:
  number of nodes: 8
  memory of node 0: 63700 MiB (62096 MiB free)
  memory of node 1: 64504 MiB (63109 MiB free)
  memory of node 2: 64504 MiB (47592 MiB free)
  memory of node 3: 64461 MiB (61253 MiB free)
  memory of node 4: 64504 MiB (49374 MiB free)
  memory of node 5: 64504 MiB (47078 MiB free)
  memory of node 6: 64504 MiB (49821 MiB free)
  memory of node 7: 64491 MiB (48455 MiB free)
  node distances:
     10  12  12  12  21  21  21  21
     12  10  12  12  21  21  21  21
     12  12  10  12  21  21  21  21
     12  12  12  10  21  21  21  21
     21  21  21  21  10  12  12  12
     21  21  21  21  12  10  12  12
     21  21  21  21  12  12  10  12
     21  21  21  21  12  12  12  10

command line: /usr/local/bin/runsolver --timestamp -w /output/runsolver-watch.log -v /output/runsolver-values.log -o /output/solver-output.log -C 1800.0 -W 1800.0 -R 64000 /opt/solver/run_bn4rust.py --mode cyber-complement-gfp-plus-dependency-order --instance /input/model_156.bnet 

running on 16 cores: 0-13,124-125

Enforcing CPUTime limit (soft limit, will send SIGTERM then SIGKILL): 1800 seconds
Enforcing CPUTime limit (hard limit, will send SIGXCPU): 1830 seconds
Enforcing wall clock limit (soft limit, will send SIGTERM then SIGKILL): 1800 seconds
Enforcing RSS+Swap limit (soft limit, will send SIGTERM then SIGKILL): 65536000 KiB
Linux 4.18.0-553.159.1.el8_10.x86_64
Current StackSize limit: 18014398509481983 KiB

solver pid=16, runsolver pid=13

[startup+0.100082 s]*
/proc/loadavg: 35.75 36.52 37.00 37/2885 17
/proc/meminfo: memFree=439058036/527542256 swapFree=33419820/33554428
[pid=16] ppid=13 vsize=15800 memory=10040 CPUtime=0.01 cores=0-13,112-125
/proc/16/stat : 16 (python3) D 13 16 0 0 -1 4194304 1394 0 84 0 1 0 0 0 20 0 1 0 53443012 16179200 2510 67087892480 4194304 7154137 140729156338752 0 0 0 0 16781312 2 0 0 0 17 113 0 0 6 0 0 9727432 11029816 30339072 140729156340535 140729156340653 140729156340653 140729156341735 0
/proc/16/statm: 3950 2510 1375 723 0 1674 0
Current children cumulated CPU time: 0.01 s
Current children cumulated vsize: 15800 KiB
Current children cumulated memory: 10040 KiB

[startup+0.200577 s]*
/proc/loadavg: 35.75 36.52 37.00 37/2886 18
/proc/meminfo: memFree=439050716/527542256 swapFree=33419820/33554428
[pid=16] ppid=13 vsize=17684 memory=12348 CPUtime=0.04 cores=0-13,112-125
/proc/16/stat : 16 (python3) S 13 16 0 0 -1 4194304 1895 0 96 0 3 1 0 0 20 0 1 0 53443012 18108416 3087 67087892480 4194304 7154137 140729156338752 0 0 0 0 16781312 2 1 0 0 17 113 0 0 8 0 0 9727432 11029816 30339072 140729156340535 140729156340653 140729156340653 140729156341735 0
/proc/16/statm: 4421 3087 1493 723 0 2063 0
[pid=18] ppid=16 vsize=8140 memory=5004 CPUtime=0.04 cores=0-13,112-125
/proc/18/stat : 18 (bn4rust) R 16 16 0 0 -1 4194304 304 0 18 0 4 0 0 0 20 0 1 0 53443025 8335360 1251 67087892480 93942249705472 93942251572593 140736489856416 0 0 0 0 4096 1088 0 0 0 17 116 0 0 1 0 0 93942251830656 93942251877592 93942255951872 140736489859834 140736489859990 140736489859990 140736489861089 0
/proc/18/statm: 2035 1251 1081 456 0 196 0
Current children cumulated CPU time: 0.08 s
Current children cumulated vsize: 25824 KiB
Current children cumulated memory: 17352 KiB

[startup+0.2625 s]
# the end of solver process 16 was just reported to runsolver
# cumulated CPU time of all completed processes:  user=0.135054 s, system=0.015781 s

Solver just ended.
??? end of watcher thread
Dumping a history of the last processes samples

Child status: 0
Real time (s): 0.262525
CPU time (s): 0.150835
CPU user time (s): 0.135054
CPU system time (s): 0.015781
CPU usage (%): 57.4555
Max. virtual memory (cumulated for all children) (KiB): 25824
Max. memory (cumulated for all children) (KiB): 17352

getrusage(RUSAGE_CHILDREN,...) data:
user time used= 0.135054
system time used= 0.015781
maximum resident set size= 12492
integral shared memory size= 0
integral unshared data size= 0
integral unshared stack size= 0
page reclaims= 2253
page faults= 116
swaps= 0
block input operations= 19808
block output operations= 0
messages sent= 0
messages received= 0
signals received= 0
voluntary context switches= 986
involuntary context switches= 0


# summary of solver processes directly reported to runsolver:
#   pid: 16
#   total CPU time (s): 0.150835
#   total CPU user time (s): 0.135054
#   total CPU system time (s): 0.015781

??? join timestamper begins
??? join timestamper ends
??? end of timestamper thread
runsolver used 0.001823 second user time and 0.00521 second system time

The end
