runsolver version 3.4.1 (svn: 3018) Copyright (C) 2010-2013 Olivier ROUSSEL

This program is distributed in the hope that it will be useful,
but WITHOUT ANY WARRANTY; without even the implied warranty of
MERCHANTABILITY or FITNESS FOR A PARTICULAR PURPOSE.  See the
GNU General Public License for more details.

NUMA information:
  number of nodes: 8
  memory of node 0: 63700 MiB (51321 MiB free)
  memory of node 1: 64504 MiB (52491 MiB free)
  memory of node 2: 64504 MiB (47481 MiB free)
  memory of node 3: 64504 MiB (48383 MiB free)
  memory of node 4: 64504 MiB (30388 MiB free)
  memory of node 5: 64461 MiB (44258 MiB free)
  memory of node 6: 64504 MiB (54308 MiB free)
  memory of node 7: 64491 MiB (52482 MiB free)
  node distances:
     10  12  12  12  21  21  21  21
     12  10  12  12  21  21  21  21
     12  12  10  12  21  21  21  21
     12  12  12  10  21  21  21  21
     21  21  21  21  10  12  12  12
     21  21  21  21  12  10  12  12
     21  21  21  21  12  12  10  12
     21  21  21  21  12  12  12  10

command line: /usr/local/bin/runsolver --timestamp -w /output/runsolver-watch.log -v /output/runsolver-values.log -o /output/solver-output.log -C 1800.0 -W 1800.0 -R 64000 /opt/solver/run_pyboolnet.py --instance /input/model_014.bnet 

running on 16 cores: 0-11,20-21,132-133

Enforcing CPUTime limit (soft limit, will send SIGTERM then SIGKILL): 1800 seconds
Enforcing CPUTime limit (hard limit, will send SIGXCPU): 1830 seconds
Enforcing wall clock limit (soft limit, will send SIGTERM then SIGKILL): 1800 seconds
Enforcing RSS+Swap limit (soft limit, will send SIGTERM then SIGKILL): 65536000 KiB
Linux 4.18.0-553.126.1.el8_10.x86_64
Current StackSize limit: 18014398509481983 KiB

solver pid=16, runsolver pid=13

[startup+0.100092 s]*
/proc/loadavg: 86.73 86.96 86.79 87/3043 17
/proc/meminfo: memFree=389710636/527542268 swapFree=31285212/33554428
[pid=16] ppid=13 vsize=15100 memory=9424 CPUtime=0.02 cores=0-11,20-21,112-123,132-133
/proc/16/stat : 16 (python3) R 13 16 0 0 -1 4194304 1176 0 56 0 1 1 0 0 20 0 1 0 522802283 15462400 2356 67087892480 94504204689408 94504207960109 140734965231072 0 0 0 0 16781312 2 0 0 0 17 123 0 0 6 0 0 94504210323472 94504210607512 94504234905600 140734965234433 140734965234503 140734965234503 140734965235687 0
/proc/16/statm: 3775 2356 1395 799 0 1394 0
Current children cumulated CPU time: 0.02 s
Current children cumulated vsize: 15100 KiB
Current children cumulated memory: 9424 KiB

[startup+0.200788 s]*
/proc/loadavg: 86.73 86.96 86.79 118/3041 17
/proc/meminfo: memFree=389702080/527542268 swapFree=31285212/33554428
[pid=16] ppid=13 vsize=19804 memory=14488 CPUtime=0.07 cores=0-11,20-21,112-123,132-133
/proc/16/stat : 16 (python3) D 13 16 0 0 -1 4194304 2368 0 74 0 5 2 0 0 20 0 1 0 522802283 20279296 3622 67087892480 94504204689408 94504207960109 140734965231072 0 0 0 0 16781312 2 0 0 0 17 123 0 0 10 0 0 94504210323472 94504210607512 94504234905600 140734965234433 140734965234503 140734965234503 140734965235687 0
/proc/16/statm: 4951 3622 1567 799 0 2475 0
Current children cumulated CPU time: 0.07 s
Current children cumulated vsize: 19804 KiB
Current children cumulated memory: 14488 KiB

[startup+0.300991 s]*
/proc/loadavg: 86.73 86.96 86.79 87/3041 17
/proc/meminfo: memFree=389692148/527542268 swapFree=31285212/33554428
[pid=16] ppid=13 vsize=25080 memory=20680 CPUtime=0.12 cores=0-11,20-21,112-123,132-133
/proc/16/stat : 16 (python3) R 13 16 0 0 -1 4194304 3866 0 80 0 9 3 0 0 20 0 1 0 522802283 25681920 5170 67087892480 94504204689408 94504207960109 140734965231072 0 0 0 0 16781312 2 0 0 0 17 123 0 0 13 0 0 94504210323472 94504210607512 94504234905600 140734965234433 140734965234503 140734965234503 140734965235687 0
/proc/16/statm: 6270 5170 1668 799 0 3782 0
Current children cumulated CPU time: 0.12 s
Current children cumulated vsize: 25080 KiB
Current children cumulated memory: 20680 KiB

[startup+0.700259 s]
/proc/loadavg: 86.73 86.96 86.79 87/3041 17
/proc/meminfo: memFree=389673724/527542268 swapFree=31285212/33554428
[pid=16] ppid=13 vsize=121492 memory=45832 CPUtime=0.29 cores=0-11,20-21,112-123,132-133
/proc/16/stat : 16 (python3) R 13 16 0 0 -1 4194304 8184 0 221 0 21 8 0 0 20 0 1 0 522802283 124407808 11458 67087892480 94504204689408 94504207960109 140734965231072 0 0 0 0 16781312 2 0 0 0 17 123 0 0 31 0 0 94504210323472 94504210607512 94504234905600 140734965234433 140734965234503 140734965234503 140734965235687 0
/proc/16/statm: 30373 11458 3918 799 0 16372 0
Current children cumulated CPU time: 0.29 s
Current children cumulated vsize: 121492 KiB
Current children cumulated memory: 45832 KiB

[startup+1.5003 s]
/proc/loadavg: 86.73 86.96 86.79 87/3043 19
/proc/meminfo: memFree=389630688/527542268 swapFree=31285212/33554428
[pid=16] ppid=13 vsize=220848 memory=70644 CPUtime=0.83 cores=0-11,20-21,112-123,132-133
/proc/16/stat : 16 (python3) R 13 16 0 0 -1 4194304 13216 0 298 0 69 14 0 0 20 0 1 0 522802283 226148352 17661 67087892480 94504204689408 94504207960109 140734965231072 0 0 0 0 16781312 2 0 0 0 17 123 0 0 51 0 0 94504210323472 94504210607512 94504234905600 140734965234433 140734965234503 140734965234503 140734965235687 0
/proc/16/statm: 55212 17661 5151 799 0 21919 0
Current children cumulated CPU time: 0.83 s
Current children cumulated vsize: 220848 KiB
Current children cumulated memory: 70644 KiB

[startup+3.10061 s]
/proc/loadavg: 86.67 86.95 86.79 87/3043 21
/proc/meminfo: memFree=391769464/527542268 swapFree=31285212/33554428
[pid=16] ppid=13 vsize=222824 memory=72224 CPUtime=1.17 cores=0-11,20-21,112-123,132-133
/proc/16/stat : 16 (python3) S 13 16 0 0 -1 4194304 13668 287 298 4 69 34 14 0 20 0 1 0 522802283 228171776 18056 67087892480 94504204689408 94504207960109 140734965231072 0 0 0 0 16781312 2 1 0 0 17 11 0 0 51 0 0 94504210323472 94504210607512 94504234905600 140734965234433 140734965234503 140734965234503 140734965235687 0
/proc/16/statm: 55706 18056 5151 799 0 22413 0
[pid=21] ppid=16 vsize=64732 memory=25720 CPUtime=1.16 cores=0-11,20-21,112-123,132-133
/proc/21/stat : 21 (NuSMVa_linux64) R 16 16 0 0 -1 4194304 3417 0 73 0 116 0 0 0 20 0 1 0 522802470 66285568 6430 67087892480 4194304 7931321 140728211148256 0 0 0 0 0 512 0 0 0 17 112 0 0 5 0 0 10030016 10037704 17973248 140728211151400 140728211151538 140728211151538 140728211152806 0
/proc/21/statm: 16183 6430 1741 913 0 4985 0
Current children cumulated CPU time: 2.33 s
Current children cumulated vsize: 287556 KiB
Current children cumulated memory: 97944 KiB
heavy processes:

[startup+6.30035 s]
/proc/loadavg: 86.67 86.95 86.79 87/3043 21
/proc/meminfo: memFree=391615820/527542268 swapFree=31285212/33554428
[pid=16] ppid=13 vsize=222824 memory=72224 CPUtime=1.17 cores=0-11,20-21,112-123,132-133
/proc/16/stat : 16 (python3) S 13 16 0 0 -1 4194304 13668 287 298 4 69 34 14 0 20 0 1 0 522802283 228171776 18056 67087892480 94504204689408 94504207960109 140734965231072 0 0 0 0 16781312 2 1 0 0 17 11 0 0 51 0 0 94504210323472 94504210607512 94504234905600 140734965234433 140734965234503 140734965234503 140734965235687 0
/proc/16/statm: 55706 18056 5151 799 0 22413 0
[pid=21] ppid=16 vsize=85460 memory=46252 CPUtime=4.34 cores=0-11,20-21,112-123,132-133
/proc/21/stat : 21 (NuSMVa_linux64) R 16 16 0 0 -1 4194304 7066 0 73 0 433 1 0 0 20 0 1 0 522802470 87511040 11563 67087892480 4194304 7931321 140728211148256 0 0 0 0 0 512 0 0 0 17 112 0 0 5 0 0 10030016 10037704 17973248 140728211151400 140728211151538 140728211151538 140728211152806 0
/proc/21/statm: 21365 11563 1741 913 0 10167 0
Current children cumulated CPU time: 5.51 s
Current children cumulated vsize: 308284 KiB
Current children cumulated memory: 118476 KiB

[startup+12.7005 s]
/proc/loadavg: 88.54 87.33 86.91 87/3043 21
/proc/meminfo: memFree=391739384/527542268 swapFree=31285212/33554428
[pid=16] ppid=13 vsize=222824 memory=72224 CPUtime=1.17 cores=0-11,20-21,112-123,132-133
/proc/16/stat : 16 (python3) S 13 16 0 0 -1 4194304 13668 287 298 4 69 34 14 0 20 0 1 0 522802283 228171776 18056 67087892480 94504204689408 94504207960109 140734965231072 0 0 0 0 16781312 2 1 0 0 17 11 0 0 51 0 0 94504210323472 94504210607512 94504234905600 140734965234433 140734965234503 140734965234503 140734965235687 0
/proc/16/statm: 55706 18056 5151 799 0 22413 0
[pid=21] ppid=16 vsize=98384 memory=59424 CPUtime=10.7 cores=0-11,20-21,112-123,132-133
/proc/21/stat : 21 (NuSMVa_linux64) R 16 16 0 0 -1 4194304 10336 0 73 0 1069 1 0 0 20 0 1 0 522802470 100745216 14856 67087892480 4194304 7931321 140728211148256 0 0 0 0 0 512 0 0 0 17 112 0 0 5 0 0 10030016 10037704 17973248 140728211151400 140728211151538 140728211151538 140728211152806 0
/proc/21/statm: 24596 14856 1741 913 0 13398 0
Current children cumulated CPU time: 11.87 s
Current children cumulated vsize: 321208 KiB
Current children cumulated memory: 131648 KiB

[startup+25.5004 s]
/proc/loadavg: 87.97 87.26 86.90 102/3043 21
/proc/meminfo: memFree=396036768/527542268 swapFree=31285212/33554428
[pid=16] ppid=13 vsize=222824 memory=72224 CPUtime=1.17 cores=0-11,20-21,112-123,132-133
/proc/16/stat : 16 (python3) S 13 16 0 0 -1 4194304 13668 287 298 4 69 34 14 0 20 0 1 0 522802283 228171776 18056 67087892480 94504204689408 94504207960109 140734965231072 0 0 0 0 16781312 2 1 0 0 17 11 0 0 51 0 0 94504210323472 94504210607512 94504234905600 140734965234433 140734965234503 140734965234503 140734965235687 0
/proc/16/statm: 55706 18056 5151 799 0 22413 0
[pid=21] ppid=16 vsize=109900 memory=70748 CPUtime=23.42 cores=0-11,20-21,112-123,132-133
/proc/21/stat : 21 (NuSMVa_linux64) R 16 16 0 0 -1 4194304 13190 0 73 0 2340 2 0 0 20 0 1 0 522802470 112537600 17687 67087892480 4194304 7931321 140728211148256 0 0 0 0 0 512 0 0 0 17 112 0 0 5 0 0 10030016 10037704 17973248 140728211151400 140728211151538 140728211151538 140728211152806 0
/proc/21/statm: 27475 17687 1741 913 0 16277 0
Current children cumulated CPU time: 24.59 s
Current children cumulated vsize: 332724 KiB
Current children cumulated memory: 142972 KiB

[startup+51.1006 s]
/proc/loadavg: 87.30 87.16 86.87 87/3044 21
/proc/meminfo: memFree=393803056/527542268 swapFree=31285212/33554428
[pid=16] ppid=13 vsize=222824 memory=72224 CPUtime=1.17 cores=0-11,20-21,112-123,132-133
/proc/16/stat : 16 (python3) S 13 16 0 0 -1 4194304 13668 287 298 4 69 34 14 0 20 0 1 0 522802283 228171776 18056 67087892480 94504204689408 94504207960109 140734965231072 0 0 0 0 16781312 2 1 0 0 17 11 0 0 51 0 0 94504210323472 94504210607512 94504234905600 140734965234433 140734965234503 140734965234503 140734965235687 0
/proc/16/statm: 55706 18056 5151 799 0 22413 0
[pid=21] ppid=16 vsize=135616 memory=96592 CPUtime=48.86 cores=0-11,20-21,112-123,132-133
/proc/21/stat : 21 (NuSMVa_linux64) R 16 16 0 0 -1 4194304 19626 0 73 0 4883 3 0 0 20 0 1 0 522802470 138870784 24148 67087892480 4194304 7931321 140728211148256 0 0 0 0 0 512 0 0 0 17 112 0 0 5 0 0 10030016 10037704 17973248 140728211151400 140728211151538 140728211151538 140728211152806 0
/proc/21/statm: 33904 24148 1741 913 0 22706 0
Current children cumulated CPU time: 50.03 s
Current children cumulated vsize: 358440 KiB
Current children cumulated memory: 168816 KiB

[startup+102.3 s]
/proc/loadavg: 88.38 87.50 87.00 87/3045 21
/proc/meminfo: memFree=389555844/527542268 swapFree=31285212/33554428
[pid=16] ppid=13 vsize=222824 memory=72224 CPUtime=1.17 cores=0-11,20-21,112-123,132-133
/proc/16/stat : 16 (python3) S 13 16 0 0 -1 4194304 13668 287 298 4 69 34 14 0 20 0 1 0 522802283 228171776 18056 67087892480 94504204689408 94504207960109 140734965231072 0 0 0 0 16781312 2 1 0 0 17 11 0 0 51 0 0 94504210323472 94504210607512 94504234905600 140734965234433 140734965234503 140734965234503 140734965235687 0
/proc/16/statm: 55706 18056 5151 799 0 22413 0
[pid=21] ppid=16 vsize=192264 memory=153060 CPUtime=99.76 cores=0-11,20-21,112-123,132-133
/proc/21/stat : 21 (NuSMVa_linux64) R 16 16 0 0 -1 4194304 33795 0 73 0 9969 7 0 0 20 0 1 0 522802470 196878336 38265 67087892480 4194304 7931321 140728211148256 0 0 0 0 0 512 0 0 0 17 112 0 0 5 0 0 10030016 10037704 17973248 140728211151400 140728211151538 140728211151538 140728211152806 0
/proc/21/statm: 48066 38265 1741 913 0 36868 0
Current children cumulated CPU time: 100.93 s
Current children cumulated vsize: 415088 KiB
Current children cumulated memory: 225284 KiB

[startup+162.3 s]
/proc/loadavg: 86.78 87.26 86.95 87/3048 21
/proc/meminfo: memFree=389478952/527542268 swapFree=31285212/33554428
[pid=16] ppid=13 vsize=222824 memory=72224 CPUtime=1.17 cores=0-11,20-21,112-123,132-133
/proc/16/stat : 16 (python3) S 13 16 0 0 -1 4194304 13668 287 298 4 69 34 14 0 20 0 1 0 522802283 228171776 18056 67087892480 94504204689408 94504207960109 140734965231072 0 0 0 0 16781312 2 1 0 0 17 11 0 0 51 0 0 94504210323472 94504210607512 94504234905600 140734965234433 140734965234503 140734965234503 140734965235687 0
/proc/16/statm: 55706 18056 5151 799 0 22413 0
[pid=21] ppid=16 vsize=264360 memory=225368 CPUtime=159.4 cores=0-11,20-21,112-123,132-133
/proc/21/stat : 21 (NuSMVa_linux64) R 16 16 0 0 -1 4194304 51826 0 73 0 15929 11 0 0 20 0 1 0 522802470 270704640 56342 67087892480 4194304 7931321 140728211148256 0 0 0 0 0 512 0 0 0 17 112 0 0 5 0 0 10030016 10037704 17973248 140728211151400 140728211151538 140728211151538 140728211152806 0
/proc/21/statm: 66090 56342 1741 913 0 54892 0
Current children cumulated CPU time: 160.57 s
Current children cumulated vsize: 487184 KiB
Current children cumulated memory: 297592 KiB

[startup+222.3 s]
/proc/loadavg: 88.85 87.72 87.13 87/3042 21
/proc/meminfo: memFree=393791564/527542268 swapFree=31285212/33554428
[pid=16] ppid=13 vsize=222824 memory=72224 CPUtime=1.17 cores=0-11,20-21,112-123,132-133
/proc/16/stat : 16 (python3) S 13 16 0 0 -1 4194304 13668 287 298 4 69 34 14 0 20 0 1 0 522802283 228171776 18056 67087892480 94504204689408 94504207960109 140734965231072 0 0 0 0 16781312 2 1 0 0 17 11 0 0 51 0 0 94504210323472 94504210607512 94504234905600 140734965234433 140734965234503 140734965234503 140734965235687 0
/proc/16/statm: 55706 18056 5151 799 0 22413 0
[pid=21] ppid=16 vsize=267756 memory=228544 CPUtime=219.06 cores=0-11,20-21,112-123,132-133
/proc/21/stat : 21 (NuSMVa_linux64) R 16 16 0 0 -1 4194304 101777 0 73 0 21888 18 0 0 20 0 1 0 522802470 274182144 57136 67087892480 4194304 7931321 140728211148256 0 0 0 0 0 512 0 0 0 17 112 0 0 5 0 0 10030016 10037704 17973248 140728211151400 140728211151538 140728211151538 140728211152806 0
/proc/21/statm: 66939 57136 1741 913 0 55741 0
Current children cumulated CPU time: 220.23 s
Current children cumulated vsize: 490580 KiB
Current children cumulated memory: 300768 KiB

[startup+282.3 s]
/proc/loadavg: 86.83 87.39 87.05 87/3043 21
/proc/meminfo: memFree=389125052/527542268 swapFree=31285212/33554428
[pid=16] ppid=13 vsize=222824 memory=72224 CPUtime=1.17 cores=0-11,20-21,112-123,132-133
/proc/16/stat : 16 (python3) S 13 16 0 0 -1 4194304 13668 287 298 4 69 34 14 0 20 0 1 0 522802283 228171776 18056 67087892480 94504204689408 94504207960109 140734965231072 0 0 0 0 16781312 2 1 0 0 17 11 0 0 51 0 0 94504210323472 94504210607512 94504234905600 140734965234433 140734965234503 140734965234503 140734965235687 0
/proc/16/statm: 55706 18056 5151 799 0 22413 0
[pid=21] ppid=16 vsize=268780 memory=229684 CPUtime=278.69 cores=0-11,20-21,112-123,132-133
/proc/21/stat : 21 (NuSMVa_linux64) R 16 16 0 0 -1 4194304 102146 0 73 0 27851 18 0 0 20 0 1 0 522802470 275230720 57421 67087892480 4194304 7931321 140728211148256 0 0 0 0 0 512 0 0 0 17 112 0 0 5 0 0 10030016 10037704 17973248 140728211151400 140728211151538 140728211151538 140728211152806 0
/proc/21/statm: 67195 57421 1741 913 0 55997 0
Current children cumulated CPU time: 279.86 s
Current children cumulated vsize: 491604 KiB
Current children cumulated memory: 301908 KiB

[startup+311.785 s]
# the end of solver process 16 was just reported to runsolver
# cumulated CPU time of all completed processes:  user=308.631 s, system=0.551686 s

Solver just ended.
??? end of watcher thread
Dumping a history of the last processes samples

[startup+294.4 s]
/proc/loadavg: 88.27 87.71 87.16 87/3043 21
/proc/meminfo: memFree=388991196/527542268 swapFree=31285212/33554428
[pid=16] ppid=13 vsize=222824 memory=72224 CPUtime=1.17 cores=0-11,20-21,112-123,132-133
/proc/16/stat : 16 (python3) S 13 16 0 0 -1 4194304 13668 287 298 4 69 34 14 0 20 0 1 0 522802283 228171776 18056 67087892480 94504204689408 94504207960109 140734965231072 0 0 0 0 16781312 2 1 0 0 17 11 0 0 51 0 0 94504210323472 94504210607512 94504234905600 140734965234433 140734965234503 140734965234503 140734965235687 0
/proc/16/statm: 55706 18056 5151 799 0 22413 0
[pid=21] ppid=16 vsize=268780 memory=229684 CPUtime=290.72 cores=0-11,20-21,112-123,132-133
/proc/21/stat : 21 (NuSMVa_linux64) R 16 16 0 0 -1 4194304 102146 0 73 0 29054 18 0 0 20 0 1 0 522802470 275230720 57421 67087892480 4194304 7931321 140728211148256 0 0 0 0 0 512 0 0 0 17 112 0 0 5 0 0 10030016 10037704 17973248 140728211151400 140728211151538 140728211151538 140728211152806 0
/proc/21/statm: 67195 57421 1741 913 0 55997 0
Current children cumulated CPU time: 291.89 s
Current children cumulated vsize: 491604 KiB
Current children cumulated memory: 301908 KiB

[startup+300.8 s]
/proc/loadavg: 88.09 87.68 87.16 87/3043 21
/proc/meminfo: memFree=389117676/527542268 swapFree=31285212/33554428
[pid=16] ppid=13 vsize=222824 memory=72224 CPUtime=1.17 cores=0-11,20-21,112-123,132-133
/proc/16/stat : 16 (python3) S 13 16 0 0 -1 4194304 13668 287 298 4 69 34 14 0 20 0 1 0 522802283 228171776 18056 67087892480 94504204689408 94504207960109 140734965231072 0 0 0 0 16781312 2 1 0 0 17 11 0 0 51 0 0 94504210323472 94504210607512 94504234905600 140734965234433 140734965234503 140734965234503 140734965235687 0
/proc/16/statm: 55706 18056 5151 799 0 22413 0
[pid=21] ppid=16 vsize=268780 memory=229684 CPUtime=297.08 cores=0-11,20-21,112-123,132-133
/proc/21/stat : 21 (NuSMVa_linux64) R 16 16 0 0 -1 4194304 102146 0 73 0 29690 18 0 0 20 0 1 0 522802470 275230720 57421 67087892480 4194304 7931321 140728211148256 0 0 0 0 0 512 0 0 0 17 112 0 0 5 0 0 10030016 10037704 17973248 140728211151400 140728211151538 140728211151538 140728211152806 0
/proc/21/statm: 67195 57421 1741 913 0 55997 0
Current children cumulated CPU time: 298.25 s
Current children cumulated vsize: 491604 KiB
Current children cumulated memory: 301908 KiB

[startup+307.2 s]
/proc/loadavg: 87.92 87.65 87.15 87/3043 21
/proc/meminfo: memFree=389113348/527542268 swapFree=31285212/33554428
[pid=16] ppid=13 vsize=222824 memory=72224 CPUtime=1.17 cores=0-11,20-21,112-123,132-133
/proc/16/stat : 16 (python3) S 13 16 0 0 -1 4194304 13668 287 298 4 69 34 14 0 20 0 1 0 522802283 228171776 18056 67087892480 94504204689408 94504207960109 140734965231072 0 0 0 0 16781312 2 1 0 0 17 11 0 0 51 0 0 94504210323472 94504210607512 94504234905600 140734965234433 140734965234503 140734965234503 140734965235687 0
/proc/16/statm: 55706 18056 5151 799 0 22413 0
[pid=21] ppid=16 vsize=269804 memory=230656 CPUtime=303.45 cores=0-11,20-21,112-123,132-133
/proc/21/stat : 21 (NuSMVa_linux64) R 16 16 0 0 -1 4194304 102949 0 73 0 30327 18 0 0 20 0 1 0 522802470 276279296 57664 67087892480 4194304 7931321 140728211148256 0 0 0 0 0 512 0 0 0 17 0 0 0 5 0 0 10030016 10037704 17973248 140728211151400 140728211151538 140728211151538 140728211152806 0
/proc/21/statm: 67451 57664 1741 913 0 56253 0
Current children cumulated CPU time: 304.62 s
Current children cumulated vsize: 492628 KiB
Current children cumulated memory: 302880 KiB

[startup+308.8 s]
/proc/loadavg: 88.97 87.87 87.23 87/3043 21
/proc/meminfo: memFree=389111972/527542268 swapFree=31285212/33554428
[pid=16] ppid=13 vsize=222824 memory=72224 CPUtime=1.17 cores=0-11,20-21,112-123,132-133
/proc/16/stat : 16 (python3) S 13 16 0 0 -1 4194304 13668 287 298 4 69 34 14 0 20 0 1 0 522802283 228171776 18056 67087892480 94504204689408 94504207960109 140734965231072 0 0 0 0 16781312 2 1 0 0 17 11 0 0 51 0 0 94504210323472 94504210607512 94504234905600 140734965234433 140734965234503 140734965234503 140734965235687 0
/proc/16/statm: 55706 18056 5151 799 0 22413 0
[pid=21] ppid=16 vsize=272876 memory=233728 CPUtime=305.04 cores=0-11,20-21,112-123,132-133
/proc/21/stat : 21 (NuSMVa_linux64) R 16 16 0 0 -1 4194304 103741 0 73 0 30486 18 0 0 20 0 1 0 522802470 279425024 58432 67087892480 4194304 7931321 140728211148256 0 0 0 0 0 512 0 0 0 17 112 0 0 5 0 0 10030016 10037704 17973248 140728211151400 140728211151538 140728211151538 140728211152806 0
/proc/21/statm: 68219 58432 1741 913 0 57021 0
Current children cumulated CPU time: 306.21 s
Current children cumulated vsize: 495700 KiB
Current children cumulated memory: 305952 KiB

[startup+310.4 s]
/proc/loadavg: 88.97 87.87 87.23 87/3043 21
/proc/meminfo: memFree=389093900/527542268 swapFree=31285212/33554428
[pid=16] ppid=13 vsize=222824 memory=72224 CPUtime=1.17 cores=0-11,20-21,112-123,132-133
/proc/16/stat : 16 (python3) S 13 16 0 0 -1 4194304 13668 287 298 4 69 34 14 0 20 0 1 0 522802283 228171776 18056 67087892480 94504204689408 94504207960109 140734965231072 0 0 0 0 16781312 2 1 0 0 17 11 0 0 51 0 0 94504210323472 94504210607512 94504234905600 140734965234433 140734965234503 140734965234503 140734965235687 0
/proc/16/statm: 55706 18056 5151 799 0 22413 0
[pid=21] ppid=16 vsize=289412 memory=250360 CPUtime=306.63 cores=0-11,20-21,112-123,132-133
/proc/21/stat : 21 (NuSMVa_linux64) R 16 16 0 0 -1 4194304 107885 0 73 0 30644 19 0 0 20 0 1 0 522802470 296357888 62590 67087892480 4194304 7931321 140728211148256 0 0 0 0 0 512 0 0 0 17 112 0 0 5 0 0 10030016 10037704 17973248 140728211151400 140728211151538 140728211151538 140728211152806 0
/proc/21/statm: 72353 62590 1741 913 0 61155 0
Current children cumulated CPU time: 307.8 s
Current children cumulated vsize: 512236 KiB
Current children cumulated memory: 322584 KiB

[startup+311.2 s]
/proc/loadavg: 88.97 87.87 87.23 87/3043 21
/proc/meminfo: memFree=388948708/527542268 swapFree=31285212/33554428
[pid=16] ppid=13 vsize=222824 memory=72224 CPUtime=1.17 cores=0-11,20-21,112-123,132-133
/proc/16/stat : 16 (python3) S 13 16 0 0 -1 4194304 13668 287 298 4 69 34 14 0 20 0 1 0 522802283 228171776 18056 67087892480 94504204689408 94504207960109 140734965231072 0 0 0 0 16781312 2 1 0 0 17 11 0 0 51 0 0 94504210323472 94504210607512 94504234905600 140734965234433 140734965234503 140734965234503 140734965235687 0
/proc/16/statm: 55706 18056 5151 799 0 22413 0
[pid=21] ppid=16 vsize=302212 memory=263400 CPUtime=307.42 cores=0-11,20-21,112-123,132-133
/proc/21/stat : 21 (NuSMVa_linux64) R 16 16 0 0 -1 4194304 111357 0 73 0 30723 19 0 0 20 0 1 0 522802470 309465088 65850 67087892480 4194304 7931321 140728211148256 0 0 0 0 0 512 0 0 0 17 112 0 0 5 0 0 10030016 10037704 17973248 140728211151400 140728211151538 140728211151538 140728211152806 0
/proc/21/statm: 75553 65850 1757 913 0 64355 0
Current children cumulated CPU time: 308.59 s
Current children cumulated vsize: 525036 KiB
Current children cumulated memory: 335624 KiB

[startup+311.6 s]
/proc/loadavg: 88.97 87.87 87.23 87/3043 21
/proc/meminfo: memFree=388948708/527542268 swapFree=31285212/33554428
[pid=16] ppid=13 vsize=222824 memory=72224 CPUtime=1.17 cores=0-11,20-21,112-123,132-133
/proc/16/stat : 16 (python3) S 13 16 0 0 -1 4194304 13668 287 298 4 69 34 14 0 20 0 1 0 522802283 228171776 18056 67087892480 94504204689408 94504207960109 140734965231072 0 0 0 0 16781312 2 1 0 0 17 11 0 0 51 0 0 94504210323472 94504210607512 94504234905600 140734965234433 140734965234503 140734965234503 140734965235687 0
/proc/16/statm: 55706 18056 5151 799 0 22413 0
[pid=21] ppid=16 vsize=302356 memory=263760 CPUtime=307.82 cores=0-11,20-21,112-123,132-133
/proc/21/stat : 21 (NuSMVa_linux64) R 16 16 0 0 -1 4194304 111552 0 73 0 30763 19 0 0 20 0 1 0 522802470 309612544 65940 67087892480 4194304 7931321 140728211148256 0 0 0 0 0 512 0 0 0 17 112 0 0 5 0 0 10030016 10037704 17973248 140728211151400 140728211151538 140728211151538 140728211152806 0
/proc/21/statm: 75589 65940 1830 913 0 64391 0
Current children cumulated CPU time: 308.99 s
Current children cumulated vsize: 525180 KiB
Current children cumulated memory: 335984 KiB

[startup+311.701 s]
/proc/loadavg: 88.97 87.87 87.23 87/3043 21
/proc/meminfo: memFree=388948708/527542268 swapFree=31285212/33554428
[pid=16] ppid=13 vsize=222824 memory=72224 CPUtime=309.09 cores=0-11,20-21,112-123,132-133
/proc/16/stat : 16 (python3) R 13 16 0 0 -1 4194304 13668 112664 299 78 70 34 30785 20 20 0 1 0 522802283 228171776 18056 67087892480 94504204689408 94504207960109 140734965231072 0 0 0 0 16781312 0 0 0 0 17 11 0 0 51 0 0 94504210323472 94504210607512 94504234905600 140734965234433 140734965234503 140734965234503 140734965235687 0
/proc/16/statm: 55706 18056 5151 799 0 22413 0
Current children cumulated CPU time: 309.09 s
Current children cumulated vsize: 222824 KiB
Current children cumulated memory: 72224 KiB

Child status: 0
Real time (s): 311.785
CPU time (s): 309.183
CPU user time (s): 308.631
CPU system time (s): 0.551686
CPU usage (%): 99.1654
Max. virtual memory (cumulated for all children) (KiB): 525180
Max. memory (cumulated for all children) (KiB): 335984

getrusage(RUSAGE_CHILDREN,...) data:
user time used= 308.631
system time used= 0.551686
maximum resident set size= 263896
integral shared memory size= 0
integral unshared data size= 0
integral unshared stack size= 0
page reclaims= 126350
page faults= 385
swaps= 0
block input operations= 106136
block output operations= 8
messages sent= 0
messages received= 0
signals received= 0
voluntary context switches= 10321
involuntary context switches= 389


# summary of solver processes directly reported to runsolver:
#   pid: 16
#   total CPU time (s): 309.183
#   total CPU user time (s): 308.631
#   total CPU system time (s): 0.551686

??? join timestamper begins
??? join timestamper ends
??? end of timestamper thread
runsolver used 0.233444 second user time and 1.00292 second system time

The end
