# WCTIME: wall clock time in seconds
WCTIME=31.3983
# CPUTIME: CPU time in seconds (USERTIME+SYSTEMTIME)
CPUTIME=30.9561
# USERTIME: CPU time spent in user mode in seconds
USERTIME=30.4266
# SYSTEMTIME: CPU time spent in system mode in seconds
SYSTEMTIME=0.529491
# CPUUSAGE: CPUTIME/WCTIME in percent
CPUUSAGE=98.5917
# MAXVM: maximum virtual memory used in KiB
MAXVM=34760
# MAXMM: maximum memory used in KiB
MAXMM=25812
# MAXRSS: maximum Resident Segment Size in KiB
MAXRSS=14468
# TIMEOUT: did the solver exceed the time limit?
TIMEOUT=false
# MEMOUT: did the solver exceed the memory limit?
MEMOUT=false
# EXITSTATUS: Exit status of the solver
EXITSTATUS=0
