runsolver version 3.4.1 (svn: 3018) Copyright (C) 2010-2013 Olivier ROUSSEL

This program is distributed in the hope that it will be useful,
but WITHOUT ANY WARRANTY; without even the implied warranty of
MERCHANTABILITY or FITNESS FOR A PARTICULAR PURPOSE.  See the
GNU General Public License for more details.

NUMA information:
  number of nodes: 8
  memory of node 0: 63700 MiB (58119 MiB free)
  memory of node 1: 64504 MiB (63160 MiB free)
  memory of node 2: 64504 MiB (63970 MiB free)
  memory of node 3: 64504 MiB (64027 MiB free)
  memory of node 4: 64504 MiB (63454 MiB free)
  memory of node 5: 64504 MiB (61872 MiB free)
  memory of node 6: 64504 MiB (63577 MiB free)
  memory of node 7: 64447 MiB (60727 MiB free)
  node distances:
     10  12  12  12  21  21  21  21
     12  10  12  12  21  21  21  21
     12  12  10  12  21  21  21  21
     12  12  12  10  21  21  21  21
     21  21  21  21  10  12  12  12
     21  21  21  21  12  10  12  12
     21  21  21  21  12  12  10  12
     21  21  21  21  12  12  12  10

command line: /usr/local/bin/runsolver --timestamp -w /output/runsolver-watch.log -v /output/runsolver-values.log -o /output/solver-output.log -C 1800.0 -W 1800.0 -R 64000 /opt/solver/run_bn4rust.py --mode cyber-full --instance /input/model_199.bnet 

running on 20 cores: 72-82,97,188-194,209

Enforcing CPUTime limit (soft limit, will send SIGTERM then SIGKILL): 1800 seconds
Enforcing CPUTime limit (hard limit, will send SIGXCPU): 1830 seconds
Enforcing wall clock limit (soft limit, will send SIGTERM then SIGKILL): 1800 seconds
Enforcing RSS+Swap limit (soft limit, will send SIGTERM then SIGKILL): 65536000 KiB
Linux 4.18.0-553.159.1.el8_10.x86_64
solver pid=16, runsolver pid=13
Current StackSize limit: 18014398509481983 KiB


[startup+0.100074 s]*
/proc/loadavg: 148.67 148.75 148.99 151/2871 17
/proc/meminfo: memFree=510869076/527542216 swapFree=33536508/33554428
[pid=16] ppid=13 vsize=15800 memory=10092 CPUtime=0.01 cores=70-82,97,182-194,209
/proc/16/stat : 16 (python3) R 13 16 0 0 -1 4194304 1380 0 84 0 1 0 0 0 20 0 1 0 53231255 16179200 2523 67087892480 4194304 7154137 140723726452672 0 0 0 0 16781312 2 0 0 0 17 193 0 0 6 0 0 9727432 11029816 31756288 140723726457687 140723726457773 140723726457773 140723726458855 0
/proc/16/statm: 3950 2523 1388 723 0 1674 0
Current children cumulated CPU time: 0.01 s
Current children cumulated vsize: 15800 KiB
Current children cumulated memory: 10092 KiB

[startup+0.200593 s]*
/proc/loadavg: 148.67 148.75 148.99 151/2872 18
/proc/meminfo: memFree=510863160/527542216 swapFree=33536508/33554428
[pid=16] ppid=13 vsize=17684 memory=12400 CPUtime=0.03 cores=70-82,97,182-194,209
/proc/16/stat : 16 (python3) S 13 16 0 0 -1 4194304 1892 0 96 0 3 0 0 0 20 0 1 0 53231255 18108416 3100 67087892480 4194304 7154137 140723726452672 0 0 0 0 16781312 2 1 0 0 17 70 0 0 8 0 0 9727432 11029816 31756288 140723726457687 140723726457773 140723726457773 140723726458855 0
/proc/16/statm: 4421 3100 1506 723 0 2063 0
[pid=18] ppid=16 vsize=7772 memory=2044 CPUtime=0 cores=70-82,97,182-194,209
/proc/18/stat : 18 (bn4rust) D 16 16 0 0 -1 4194304 133 0 9 0 0 0 0 0 20 0 1 0 53231273 7958528 511 67087892480 94202039885824 94202041752945 140736613848768 0 0 0 0 4096 1088 0 0 0 17 193 0 0 1 0 0 94202042011008 94202042057944 94202052763648 140736613853978 140736613854102 140736613854102 140736613855201 0
/proc/18/statm: 1943 511 457 456 0 104 0
Current children cumulated CPU time: 0.03 s
Current children cumulated vsize: 25456 KiB
Current children cumulated memory: 14444 KiB

[startup+0.300517 s]*
/proc/loadavg: 148.67 148.75 148.99 150/2872 18
/proc/meminfo: memFree=510881264/527542216 swapFree=33536508/33554428
[pid=16] ppid=13 vsize=17684 memory=12400 CPUtime=0.03 cores=70-82,97,182-194,209
/proc/16/stat : 16 (python3) S 13 16 0 0 -1 4194304 1894 0 96 0 3 0 0 0 20 0 1 0 53231255 18108416 3100 67087892480 4194304 7154137 140723726452672 0 0 0 0 16781312 2 1 0 0 17 70 0 0 8 0 0 9727432 11029816 31756288 140723726457687 140723726457773 140723726457773 140723726458855 0
/proc/16/statm: 4421 3100 1506 723 0 2063 0
[pid=18] ppid=16 vsize=7772 memory=4420 CPUtime=0 cores=70-82,97,182-194,209
/proc/18/stat : 18 (bn4rust) I 16 16 0 0 -1 4194304 145 0 14 0 0 0 0 0 20 0 1 0 53231273 7958528 1105 67087892480 94202039885824 94202041752945 140736613848768 0 0 0 0 4096 1088 0 0 0 17 193 0 0 1 0 0 94202042011008 94202042057944 94202052763648 140736613853978 140736613854102 140736613854102 140736613855201 0
/proc/18/statm: 1943 1105 1039 456 0 104 0
Current children cumulated CPU time: 0.03 s
Current children cumulated vsize: 25456 KiB
Current children cumulated memory: 16820 KiB

[startup+0.700244 s]
/proc/loadavg: 148.67 148.75 148.99 151/2872 18
/proc/meminfo: memFree=510880760/527542216 swapFree=33536508/33554428
[pid=16] ppid=13 vsize=17684 memory=12400 CPUtime=0.03 cores=70-82,97,182-194,209
/proc/16/stat : 16 (python3) S 13 16 0 0 -1 4194304 1895 0 96 0 3 0 0 0 20 0 1 0 53231255 18108416 3100 67087892480 4194304 7154137 140723726452672 0 0 0 0 16781312 2 1 0 0 17 70 0 0 8 0 0 9727432 11029816 31756288 140723726457687 140723726457773 140723726457773 140723726458855 0
/proc/16/statm: 4421 3100 1506 723 0 2063 0
[pid=18] ppid=16 vsize=8612 memory=5384 CPUtime=0.36 cores=70-82,97,182-194,209
/proc/18/stat : 18 (bn4rust) R 16 16 0 0 -1 4194304 8083 0 17 0 35 1 0 0 20 0 1 0 53231273 8818688 1346 67087892480 94202039885824 94202041752945 140736613848768 0 0 0 0 4096 1088 0 0 0 17 193 0 0 1 0 0 94202042011008 94202042057944 94202052763648 140736613853978 140736613854102 140736613854102 140736613855201 0
/proc/18/statm: 2153 1346 1058 456 0 314 0
Current children cumulated CPU time: 0.39 s
Current children cumulated vsize: 26296 KiB
Current children cumulated memory: 17784 KiB

[startup+1.50023 s]
/proc/loadavg: 148.67 148.75 148.99 150/2872 18
/proc/meminfo: memFree=510878744/527542216 swapFree=33536508/33554428
[pid=16] ppid=13 vsize=17684 memory=12400 CPUtime=0.03 cores=70-82,97,182-194,209
/proc/16/stat : 16 (python3) S 13 16 0 0 -1 4194304 1895 0 96 0 3 0 0 0 20 0 1 0 53231255 18108416 3100 67087892480 4194304 7154137 140723726452672 0 0 0 0 16781312 2 1 0 0 17 70 0 0 8 0 0 9727432 11029816 31756288 140723726457687 140723726457773 140723726457773 140723726458855 0
/proc/16/statm: 4421 3100 1506 723 0 2063 0
[pid=18] ppid=16 vsize=10748 memory=6980 CPUtime=1.16 cores=70-82,97,182-194,209
/proc/18/stat : 18 (bn4rust) R 16 16 0 0 -1 4194304 21899 0 17 0 113 3 0 0 20 0 1 0 53231273 11005952 1745 67087892480 94202039885824 94202041752945 140736613848768 0 0 0 0 4096 1088 0 0 0 17 193 0 0 1 0 0 94202042011008 94202042057944 94202052763648 140736613853978 140736613854102 140736613854102 140736613855201 0
/proc/18/statm: 2687 1745 1058 456 0 848 0
Current children cumulated CPU time: 1.19 s
Current children cumulated vsize: 28432 KiB
Current children cumulated memory: 19380 KiB

[startup+3.10047 s]
/proc/loadavg: 148.67 148.75 148.99 151/2872 18
/proc/meminfo: memFree=510879184/527542216 swapFree=33536508/33554428
[pid=16] ppid=13 vsize=17684 memory=12400 CPUtime=0.03 cores=70-82,97,182-194,209
/proc/16/stat : 16 (python3) S 13 16 0 0 -1 4194304 1895 0 96 0 3 0 0 0 20 0 1 0 53231255 18108416 3100 67087892480 4194304 7154137 140723726452672 0 0 0 0 16781312 2 1 0 0 17 70 0 0 8 0 0 9727432 11029816 31756288 140723726457687 140723726457773 140723726457773 140723726458855 0
/proc/16/statm: 4421 3100 1506 723 0 2063 0
[pid=18] ppid=16 vsize=13396 memory=9852 CPUtime=2.75 cores=70-82,97,182-194,209
/proc/18/stat : 18 (bn4rust) R 16 16 0 0 -1 4194304 42655 0 17 0 269 6 0 0 20 0 1 0 53231273 13717504 2463 67087892480 94202039885824 94202041752945 140736613848768 0 0 0 0 4096 1088 0 0 0 17 81 0 0 1 0 0 94202042011008 94202042057944 94202052763648 140736613853978 140736613854102 140736613854102 140736613855201 0
/proc/18/statm: 3349 2463 1058 456 0 1510 0
Current children cumulated CPU time: 2.78 s
Current children cumulated vsize: 31080 KiB
Current children cumulated memory: 22252 KiB

[startup+6.30025 s]
/proc/loadavg: 148.78 148.77 149.00 151/2872 18
/proc/meminfo: memFree=510876196/527542216 swapFree=33536508/33554428
[pid=16] ppid=13 vsize=17684 memory=12400 CPUtime=0.03 cores=70-82,97,182-194,209
/proc/16/stat : 16 (python3) S 13 16 0 0 -1 4194304 1896 0 96 0 3 0 0 0 20 0 1 0 53231255 18108416 3100 67087892480 4194304 7154137 140723726452672 0 0 0 0 16781312 2 1 0 0 17 70 0 0 8 0 0 9727432 11029816 31756288 140723726457687 140723726457773 140723726457773 140723726458855 0
/proc/16/statm: 4421 3100 1506 723 0 2063 0
[pid=18] ppid=16 vsize=13748 memory=10244 CPUtime=5.94 cores=70-82,97,182-194,209
/proc/18/stat : 18 (bn4rust) R 16 16 0 0 -1 4194304 129088 0 17 0 573 21 0 0 20 0 1 0 53231273 14077952 2561 67087892480 94202039885824 94202041752945 140736613848768 0 0 0 0 4096 1088 0 0 0 17 81 0 0 1 0 0 94202042011008 94202042057944 94202052763648 140736613853978 140736613854102 140736613854102 140736613855201 0
/proc/18/statm: 3437 2561 1058 456 0 1598 0
Current children cumulated CPU time: 5.97 s
Current children cumulated vsize: 31432 KiB
Current children cumulated memory: 22644 KiB

[startup+12.7003 s]
/proc/loadavg: 148.87 148.79 149.00 151/2870 18
/proc/meminfo: memFree=510876708/527542216 swapFree=33536508/33554428
[pid=16] ppid=13 vsize=17684 memory=12400 CPUtime=0.03 cores=70-82,97,182-194,209
/proc/16/stat : 16 (python3) S 13 16 0 0 -1 4194304 1896 0 96 0 3 0 0 0 20 0 1 0 53231255 18108416 3100 67087892480 4194304 7154137 140723726452672 0 0 0 0 16781312 2 1 0 0 17 70 0 0 8 0 0 9727432 11029816 31756288 140723726457687 140723726457773 140723726457773 140723726458855 0
/proc/16/statm: 4421 3100 1506 723 0 2063 0
[pid=18] ppid=16 vsize=14676 memory=10236 CPUtime=12.3 cores=70-82,97,182-194,209
/proc/18/stat : 18 (bn4rust) R 16 16 0 0 -1 4194304 218149 0 17 0 1197 33 0 0 20 0 1 0 53231273 15028224 2559 67087892480 94202039885824 94202041752945 140736613848768 0 0 0 0 4096 1088 0 0 0 17 81 0 0 1 0 0 94202042011008 94202042057944 94202052763648 140736613853978 140736613854102 140736613854102 140736613855201 0
/proc/18/statm: 3669 2559 1058 456 0 1830 0
Current children cumulated CPU time: 12.33 s
Current children cumulated vsize: 32360 KiB
Current children cumulated memory: 22636 KiB

[startup+25.5002 s]
/proc/loadavg: 148.90 148.80 149.00 151/2870 18
/proc/meminfo: memFree=510880800/527542216 swapFree=33536508/33554428
[pid=16] ppid=13 vsize=17684 memory=12400 CPUtime=0.04 cores=70-82,97,182-194,209
/proc/16/stat : 16 (python3) S 13 16 0 0 -1 4194304 1898 0 96 0 3 1 0 0 20 0 1 0 53231255 18108416 3100 67087892480 4194304 7154137 140723726452672 0 0 0 0 16781312 2 1 0 0 17 193 0 0 8 0 0 9727432 11029816 31756288 140723726457687 140723726457773 140723726457773 140723726458855 0
/proc/16/statm: 4421 3100 1506 723 0 2063 0
[pid=18] ppid=16 vsize=13428 memory=9980 CPUtime=25.03 cores=70-82,97,182-194,209
/proc/18/stat : 18 (bn4rust) R 16 16 0 0 -1 4194304 336239 0 17 0 2452 51 0 0 20 0 1 0 53231273 13750272 2495 67087892480 94202039885824 94202041752945 140736613848768 0 0 0 0 4096 1088 0 0 0 17 70 0 0 1 0 0 94202042011008 94202042057944 94202052763648 140736613853978 140736613854102 140736613854102 140736613855201 0
/proc/18/statm: 3357 2495 1058 456 0 1518 0
Current children cumulated CPU time: 25.07 s
Current children cumulated vsize: 31112 KiB
Current children cumulated memory: 22380 KiB

[startup+31.3982 s]
# the end of solver process 16 was just reported to runsolver
# cumulated CPU time of all completed processes:  user=30.4266 s, system=0.529491 s

Solver just ended.
??? end of watcher thread
Dumping a history of the last processes samples

[startup+25.6003 s]
/proc/loadavg: 148.90 148.80 149.00 151/2870 18
/proc/meminfo: memFree=510880800/527542216 swapFree=33536508/33554428
[pid=16] ppid=13 vsize=17684 memory=12400 CPUtime=0.04 cores=70-82,97,182-194,209
/proc/16/stat : 16 (python3) S 13 16 0 0 -1 4194304 1898 0 96 0 3 1 0 0 20 0 1 0 53231255 18108416 3100 67087892480 4194304 7154137 140723726452672 0 0 0 0 16781312 2 1 0 0 17 193 0 0 8 0 0 9727432 11029816 31756288 140723726457687 140723726457773 140723726457773 140723726458855 0
/proc/16/statm: 4421 3100 1506 723 0 2063 0
[pid=18] ppid=16 vsize=13428 memory=9980 CPUtime=25.13 cores=70-82,97,182-194,209
/proc/18/stat : 18 (bn4rust) R 16 16 0 0 -1 4194304 336239 0 17 0 2462 51 0 0 20 0 1 0 53231273 13750272 2495 67087892480 94202039885824 94202041752945 140736613848768 0 0 0 0 4096 1088 0 0 0 17 70 0 0 1 0 0 94202042011008 94202042057944 94202052763648 140736613853978 140736613854102 140736613854102 140736613855201 0
/proc/18/statm: 3357 2495 1058 456 0 1518 0
Current children cumulated CPU time: 25.17 s
Current children cumulated vsize: 31112 KiB
Current children cumulated memory: 22380 KiB

[startup+28.8002 s]
/proc/loadavg: 148.90 148.80 149.00 151/2870 18
/proc/meminfo: memFree=510880548/527542216 swapFree=33536508/33554428
[pid=16] ppid=13 vsize=17684 memory=12400 CPUtime=0.04 cores=70-82,97,182-194,209
/proc/16/stat : 16 (python3) S 13 16 0 0 -1 4194304 1899 0 96 0 3 1 0 0 20 0 1 0 53231255 18108416 3100 67087892480 4194304 7154137 140723726452672 0 0 0 0 16781312 2 1 0 0 17 193 0 0 8 0 0 9727432 11029816 31756288 140723726457687 140723726457773 140723726457773 140723726458855 0
/proc/16/statm: 4421 3100 1506 723 0 2063 0
[pid=18] ppid=16 vsize=13428 memory=9980 CPUtime=28.32 cores=70-82,97,182-194,209
/proc/18/stat : 18 (bn4rust) R 16 16 0 0 -1 4194304 336239 0 17 0 2781 51 0 0 20 0 1 0 53231273 13750272 2495 67087892480 94202039885824 94202041752945 140736613848768 0 0 0 0 4096 1088 0 0 0 17 70 0 0 1 0 0 94202042011008 94202042057944 94202052763648 140736613853978 140736613854102 140736613854102 140736613855201 0
/proc/18/statm: 3357 2495 1058 456 0 1518 0
Current children cumulated CPU time: 28.36 s
Current children cumulated vsize: 31112 KiB
Current children cumulated memory: 22380 KiB

[startup+30.4002 s]
/proc/loadavg: 148.91 148.81 149.00 151/2870 18
/proc/meminfo: memFree=510880800/527542216 swapFree=33536508/33554428
[pid=16] ppid=13 vsize=17684 memory=12400 CPUtime=0.04 cores=70-82,97,182-194,209
/proc/16/stat : 16 (python3) S 13 16 0 0 -1 4194304 1899 0 96 0 3 1 0 0 20 0 1 0 53231255 18108416 3100 67087892480 4194304 7154137 140723726452672 0 0 0 0 16781312 2 1 0 0 17 209 0 0 8 0 0 9727432 11029816 31756288 140723726457687 140723726457773 140723726457773 140723726458855 0
/proc/16/statm: 4421 3100 1506 723 0 2063 0
[pid=18] ppid=16 vsize=13428 memory=10072 CPUtime=29.9 cores=70-82,97,182-194,209
/proc/18/stat : 18 (bn4rust) R 16 16 0 0 -1 4194304 336961 0 17 0 2939 51 0 0 20 0 1 0 53231273 13750272 2518 67087892480 94202039885824 94202041752945 140736613848768 0 0 0 0 4096 1088 0 0 0 17 97 0 0 1 0 0 94202042011008 94202042057944 94202052763648 140736613853978 140736613854102 140736613854102 140736613855201 0
/proc/18/statm: 3357 2518 1058 456 0 1518 0
Current children cumulated CPU time: 29.94 s
Current children cumulated vsize: 31112 KiB
Current children cumulated memory: 22472 KiB

[startup+30.8002 s]
/proc/loadavg: 148.91 148.81 149.00 151/2870 18
/proc/meminfo: memFree=510880800/527542216 swapFree=33536508/33554428
[pid=16] ppid=13 vsize=17684 memory=12400 CPUtime=0.04 cores=70-82,97,182-194,209
/proc/16/stat : 16 (python3) S 13 16 0 0 -1 4194304 1899 0 96 0 3 1 0 0 20 0 1 0 53231255 18108416 3100 67087892480 4194304 7154137 140723726452672 0 0 0 0 16781312 2 1 0 0 17 209 0 0 8 0 0 9727432 11029816 31756288 140723726457687 140723726457773 140723726457773 140723726458855 0
/proc/16/statm: 4421 3100 1506 723 0 2063 0
[pid=18] ppid=16 vsize=13428 memory=10072 CPUtime=30.3 cores=70-82,97,182-194,209
/proc/18/stat : 18 (bn4rust) R 16 16 0 0 -1 4194304 336961 0 17 0 2979 51 0 0 20 0 1 0 53231273 13750272 2518 67087892480 94202039885824 94202041752945 140736613848768 0 0 0 0 4096 1088 0 0 0 17 97 0 0 1 0 0 94202042011008 94202042057944 94202052763648 140736613853978 140736613854102 140736613854102 140736613855201 0
/proc/18/statm: 3357 2518 1058 456 0 1518 0
Current children cumulated CPU time: 30.34 s
Current children cumulated vsize: 31112 KiB
Current children cumulated memory: 22472 KiB

[startup+31.2002 s]
/proc/loadavg: 148.91 148.81 149.00 151/2870 18
/proc/meminfo: memFree=510881052/527542216 swapFree=33536508/33554428
[pid=16] ppid=13 vsize=17684 memory=12400 CPUtime=0.04 cores=70-82,97,182-194,209
/proc/16/stat : 16 (python3) S 13 16 0 0 -1 4194304 1900 0 96 0 3 1 0 0 20 0 1 0 53231255 18108416 3100 67087892480 4194304 7154137 140723726452672 0 0 0 0 16781312 2 1 0 0 17 209 0 0 8 0 0 9727432 11029816 31756288 140723726457687 140723726457773 140723726457773 140723726458855 0
/proc/16/statm: 4421 3100 1506 723 0 2063 0
[pid=18] ppid=16 vsize=13428 memory=10072 CPUtime=30.7 cores=70-82,97,182-194,209
/proc/18/stat : 18 (bn4rust) R 16 16 0 0 -1 4194304 336961 0 17 0 3019 51 0 0 20 0 1 0 53231273 13750272 2518 67087892480 94202039885824 94202041752945 140736613848768 0 0 0 0 4096 1088 0 0 0 17 97 0 0 1 0 0 94202042011008 94202042057944 94202052763648 140736613853978 140736613854102 140736613854102 140736613855201 0
/proc/18/statm: 3357 2518 1058 456 0 1518 0
Current children cumulated CPU time: 30.74 s
Current children cumulated vsize: 31112 KiB
Current children cumulated memory: 22472 KiB

[startup+31.3002 s]
/proc/loadavg: 148.91 148.81 149.00 151/2870 18
/proc/meminfo: memFree=510881052/527542216 swapFree=33536508/33554428
[pid=16] ppid=13 vsize=17684 memory=12400 CPUtime=0.04 cores=70-82,97,182-194,209
/proc/16/stat : 16 (python3) S 13 16 0 0 -1 4194304 1900 0 96 0 3 1 0 0 20 0 1 0 53231255 18108416 3100 67087892480 4194304 7154137 140723726452672 0 0 0 0 16781312 2 1 0 0 17 209 0 0 8 0 0 9727432 11029816 31756288 140723726457687 140723726457773 140723726457773 140723726458855 0
/proc/16/statm: 4421 3100 1506 723 0 2063 0
[pid=18] ppid=16 vsize=13428 memory=10072 CPUtime=30.8 cores=70-82,97,182-194,209
/proc/18/stat : 18 (bn4rust) R 16 16 0 0 -1 4194304 336961 0 17 0 3029 51 0 0 20 0 1 0 53231273 13750272 2518 67087892480 94202039885824 94202041752945 140736613848768 0 0 0 0 4096 1088 0 0 0 17 97 0 0 1 0 0 94202042011008 94202042057944 94202052763648 140736613853978 140736613854102 140736613854102 140736613855201 0
/proc/18/statm: 3357 2518 1058 456 0 1518 0
Current children cumulated CPU time: 30.84 s
Current children cumulated vsize: 31112 KiB
Current children cumulated memory: 22472 KiB

Child status: 0
Real time (s): 31.3983
CPU time (s): 30.9561
CPU user time (s): 30.4266
CPU system time (s): 0.529491
CPU usage (%): 98.5917
Max. virtual memory (cumulated for all children) (KiB): 34760
Max. memory (cumulated for all children) (KiB): 25812

getrusage(RUSAGE_CHILDREN,...) data:
user time used= 30.4266
system time used= 0.529491
maximum resident set size= 14468
integral shared memory size= 0
integral unshared data size= 0
integral unshared stack size= 0
page reclaims= 338916
page faults= 115
swaps= 0
block input operations= 19800
block output operations= 8
messages sent= 0
messages received= 0
signals received= 0
voluntary context switches= 1202
involuntary context switches= 40


# summary of solver processes directly reported to runsolver:
#   pid: 16
#   total CPU time (s): 30.9561
#   total CPU user time (s): 30.4266
#   total CPU system time (s): 0.529491

??? join timestamper begins
??? join timestamper ends
??? end of timestamper thread
runsolver used 0.044642 second user time and 0.0264 second system time

The end
