runsolver version 3.4.1 (svn: 3018) Copyright (C) 2010-2013 Olivier ROUSSEL

This program is distributed in the hope that it will be useful,
but WITHOUT ANY WARRANTY; without even the implied warranty of
MERCHANTABILITY or FITNESS FOR A PARTICULAR PURPOSE.  See the
GNU General Public License for more details.

NUMA information:
  number of nodes: 8
  memory of node 0: 63700 MiB (61313 MiB free)
  memory of node 1: 64461 MiB (50685 MiB free)
  memory of node 2: 64504 MiB (54007 MiB free)
  memory of node 3: 64504 MiB (61585 MiB free)
  memory of node 4: 64504 MiB (63608 MiB free)
  memory of node 5: 64504 MiB (63537 MiB free)
  memory of node 6: 64504 MiB (61351 MiB free)
  memory of node 7: 64491 MiB (12575 MiB free)
  node distances:
     10  12  12  12  21  21  21  21
     12  10  12  12  21  21  21  21
     12  12  10  12  21  21  21  21
     12  12  12  10  21  21  21  21
     21  21  21  21  10  12  12  12
     21  21  21  21  12  10  12  12
     21  21  21  21  12  12  10  12
     21  21  21  21  12  12  12  10

command line: /usr/local/bin/runsolver --timestamp -w /output/runsolver-watch.log -v /output/runsolver-values.log -o /output/solver-output.log -C 1800.0 -W 1800.0 -R 64000 /opt/solver/run_bn4rust.py --mode cyber-complement-gfp-plus-sink-scc --instance /input/model_144.bnet 

running on 20 cores: 72-79,87-88,108-109,188-191,199-200,220-221

Enforcing CPUTime limit (soft limit, will send SIGTERM then SIGKILL): 1800 seconds
Enforcing CPUTime limit (hard limit, will send SIGXCPU): 1830 seconds
Enforcing wall clock limit (soft limit, will send SIGTERM then SIGKILL): 1800 seconds
Enforcing RSS+Swap limit (soft limit, will send SIGTERM then SIGKILL): 65536000 KiB
Linux 4.18.0-553.159.1.el8_10.x86_64
Current StackSize limit: 18014398509481983 KiB

solver pid=16, runsolver pid=13

[startup+0.100063 s]*
/proc/loadavg: 58.06 43.17 40.80 70/2973 17
/proc/meminfo: memFree=438933464/527542208 swapFree=33473532/33554428
[pid=16] ppid=13 vsize=15748 memory=9968 CPUtime=0.02 cores=70-79,87-88,108-109,182-191,199-200,220-221
/proc/16/stat : 16 (python3) D 13 16 0 0 -1 4194304 1373 0 81 0 1 1 0 0 20 0 1 0 53424672 16125952 2492 67087892480 4194304 7154137 140720766472672 0 0 0 0 16781312 2 0 0 0 17 88 0 0 6 0 0 9727432 11029816 25235456 140720766475071 140720766475181 140720766475181 140720766476263 0
/proc/16/statm: 3937 2492 1393 723 0 1673 0
Current children cumulated CPU time: 0.02 s
Current children cumulated vsize: 15748 KiB
Current children cumulated memory: 9968 KiB

[startup+0.200533 s]*
/proc/loadavg: 58.94 43.60 40.95 72/2974 18
/proc/meminfo: memFree=438913732/527542208 swapFree=33473532/33554428
[pid=16] ppid=13 vsize=17684 memory=12416 CPUtime=0.03 cores=70-79,87-88,108-109,182-191,199-200,220-221
/proc/16/stat : 16 (python3) S 13 16 0 0 -1 4194304 1894 0 96 0 2 1 0 0 20 0 1 0 53424672 18108416 3104 67087892480 4194304 7154137 140720766472672 0 0 0 0 16781312 2 1 0 0 17 88 0 0 8 0 0 9727432 11029816 25235456 140720766475071 140720766475181 140720766475181 140720766476263 0
/proc/16/statm: 4421 3104 1512 723 0 2063 0
[pid=18] ppid=16 vsize=17984 memory=12680 CPUtime=0.03 cores=70-79,87-88,108-109,182-191,199-200,220-221
/proc/18/stat : 18 (bn4rust) R 16 16 0 0 -1 4194304 3694 0 19 0 3 0 0 0 20 0 1 0 53424686 18415616 3170 67087892480 94673824686080 94673826553201 140725404152144 0 0 0 0 4096 1088 0 0 0 17 199 0 0 1 0 0 94673826811264 94673826858200 94673857646592 140725404154626 140725404154774 140725404154774 140725404155873 0
/proc/18/statm: 4496 3170 1088 456 0 2657 0
Current children cumulated CPU time: 0.06 s
Current children cumulated vsize: 35668 KiB
Current children cumulated memory: 25096 KiB

[startup+0.300386 s]*
/proc/loadavg: 58.94 43.60 40.95 68/2974 18
/proc/meminfo: memFree=438897944/527542208 swapFree=33473532/33554428
[pid=16] ppid=13 vsize=17684 memory=12416 CPUtime=0.03 cores=70-79,87-88,108-109,182-191,199-200,220-221
/proc/16/stat : 16 (python3) S 13 16 0 0 -1 4194304 1894 0 96 0 2 1 0 0 20 0 1 0 53424672 18108416 3104 67087892480 4194304 7154137 140720766472672 0 0 0 0 16781312 2 1 0 0 17 88 0 0 8 0 0 9727432 11029816 25235456 140720766475071 140720766475181 140720766475181 140720766476263 0
/proc/16/statm: 4421 3104 1512 723 0 2063 0
[pid=18] ppid=16 vsize=26096 memory=22088 CPUtime=0.13 cores=70-79,87-88,108-109,182-191,199-200,220-221
/proc/18/stat : 18 (bn4rust) R 16 16 0 0 -1 4194304 8358 0 19 0 12 1 0 0 20 0 1 0 53424686 26722304 5522 67087892480 94673824686080 94673826553201 140725404152144 0 0 0 0 4096 1088 0 0 0 17 199 0 0 1 0 0 94673826811264 94673826858200 94673857646592 140725404154626 140725404154774 140725404154774 140725404155873 0
/proc/18/statm: 6524 5522 1088 456 0 4685 0
Current children cumulated CPU time: 0.16 s
Current children cumulated vsize: 43780 KiB
Current children cumulated memory: 34504 KiB

[startup+0.700286 s]
/proc/loadavg: 58.94 43.60 40.95 66/2974 18
/proc/meminfo: memFree=438855528/527542208 swapFree=33473532/33554428
[pid=16] ppid=13 vsize=17684 memory=12416 CPUtime=0.03 cores=70-79,87-88,108-109,182-191,199-200,220-221
/proc/16/stat : 16 (python3) S 13 16 0 0 -1 4194304 1894 0 96 0 2 1 0 0 20 0 1 0 53424672 18108416 3104 67087892480 4194304 7154137 140720766472672 0 0 0 0 16781312 2 1 0 0 17 88 0 0 8 0 0 9727432 11029816 25235456 140720766475071 140720766475181 140720766475181 140720766476263 0
/proc/16/statm: 4421 3104 1512 723 0 2063 0
[pid=18] ppid=16 vsize=141356 memory=132824 CPUtime=0.53 cores=70-79,87-88,108-109,182-191,199-200,220-221
/proc/18/stat : 18 (bn4rust) R 16 16 0 0 -1 4194304 17588 0 19 0 50 3 0 0 20 0 1 0 53424686 144748544 33206 67087892480 94673824686080 94673826553201 140725404152144 0 0 0 0 4096 1088 0 0 0 17 199 0 0 1 0 0 94673826811264 94673826858200 94673857646592 140725404154626 140725404154774 140725404154774 140725404155873 0
/proc/18/statm: 35339 33206 1088 456 0 33500 0
Current children cumulated CPU time: 0.56 s
Current children cumulated vsize: 159040 KiB
Current children cumulated memory: 145240 KiB

[startup+1.50027 s]
/proc/loadavg: 58.94 43.60 40.95 71/2974 18
/proc/meminfo: memFree=438792348/527542208 swapFree=33473532/33554428
[pid=16] ppid=13 vsize=17684 memory=12416 CPUtime=0.03 cores=70-79,87-88,108-109,182-191,199-200,220-221
/proc/16/stat : 16 (python3) S 13 16 0 0 -1 4194304 1894 0 96 0 2 1 0 0 20 0 1 0 53424672 18108416 3104 67087892480 4194304 7154137 140720766472672 0 0 0 0 16781312 2 1 0 0 17 88 0 0 8 0 0 9727432 11029816 25235456 140720766475071 140720766475181 140720766475181 140720766476263 0
/proc/16/statm: 4421 3104 1512 723 0 2063 0
[pid=18] ppid=16 vsize=204272 memory=162924 CPUtime=1.32 cores=70-79,87-88,108-109,182-191,199-200,220-221
/proc/18/stat : 18 (bn4rust) R 16 16 0 0 -1 4194304 24463 0 19 0 123 9 0 0 20 0 1 0 53424686 209174528 40731 67087892480 94673824686080 94673826553201 140725404152144 0 0 0 0 4096 1088 0 0 0 17 199 0 0 1 0 0 94673826811264 94673826858200 94673857646592 140725404154626 140725404154774 140725404154774 140725404155873 0
/proc/18/statm: 51068 40731 1088 456 0 49229 0
Current children cumulated CPU time: 1.35 s
Current children cumulated vsize: 221956 KiB
Current children cumulated memory: 175340 KiB

[startup+3.10049 s]
/proc/loadavg: 58.94 43.60 40.95 53/2974 18
/proc/meminfo: memFree=438490852/527542208 swapFree=33473532/33554428
[pid=16] ppid=13 vsize=17684 memory=12416 CPUtime=0.03 cores=70-79,87-88,108-109,182-191,199-200,220-221
/proc/16/stat : 16 (python3) S 13 16 0 0 -1 4194304 1894 0 96 0 2 1 0 0 20 0 1 0 53424672 18108416 3104 67087892480 4194304 7154137 140720766472672 0 0 0 0 16781312 2 1 0 0 17 88 0 0 8 0 0 9727432 11029816 25235456 140720766475071 140720766475181 140720766475181 140720766476263 0
/proc/16/statm: 4421 3104 1512 723 0 2063 0
[pid=18] ppid=16 vsize=466676 memory=386432 CPUtime=2.92 cores=70-79,87-88,108-109,182-191,199-200,220-221
/proc/18/stat : 18 (bn4rust) R 16 16 0 0 -1 4194304 32309 0 19 0 277 15 0 0 20 0 1 0 53424686 477876224 96608 67087892480 94673824686080 94673826553201 140725404152144 0 0 0 0 4096 1088 0 0 0 17 199 0 0 1 0 0 94673826811264 94673826858200 94673857646592 140725404154626 140725404154774 140725404154774 140725404155873 0
/proc/18/statm: 116669 96608 1088 456 0 114830 0
Current children cumulated CPU time: 2.95 s
Current children cumulated vsize: 484360 KiB
Current children cumulated memory: 398848 KiB

[startup+6.30027 s]
/proc/loadavg: 58.62 43.79 41.02 71/2974 18
/proc/meminfo: memFree=437923880/527542208 swapFree=33473532/33554428
[pid=16] ppid=13 vsize=17684 memory=12416 CPUtime=0.03 cores=70-79,87-88,108-109,182-191,199-200,220-221
/proc/16/stat : 16 (python3) S 13 16 0 0 -1 4194304 1894 0 96 0 2 1 0 0 20 0 1 0 53424672 18108416 3104 67087892480 4194304 7154137 140720766472672 0 0 0 0 16781312 2 1 0 0 17 88 0 0 8 0 0 9727432 11029816 25235456 140720766475071 140720766475181 140720766475181 140720766476263 0
/proc/16/statm: 4421 3104 1512 723 0 2063 0
[pid=18] ppid=16 vsize=854336 memory=665392 CPUtime=6.11 cores=70-79,87-88,108-109,182-191,199-200,220-221
/proc/18/stat : 18 (bn4rust) R 16 16 0 0 -1 4194304 40686 0 19 0 581 30 0 0 20 0 1 0 53424686 874840064 166348 67087892480 94673824686080 94673826553201 140725404152144 0 0 0 0 4096 1088 0 0 0 17 87 0 0 1 0 0 94673826811264 94673826858200 94673857646592 140725404154626 140725404154774 140725404154774 140725404155873 0
/proc/18/statm: 213584 166348 1088 456 0 211745 0
Current children cumulated CPU time: 6.14 s
Current children cumulated vsize: 872020 KiB
Current children cumulated memory: 677808 KiB

[startup+12.7003 s]
/proc/loadavg: 59.45 44.21 41.17 72/2972 18
/proc/meminfo: memFree=437124256/527542208 swapFree=33473532/33554428
[pid=16] ppid=13 vsize=17684 memory=12416 CPUtime=0.03 cores=70-79,87-88,108-109,182-191,199-200,220-221
/proc/16/stat : 16 (python3) S 13 16 0 0 -1 4194304 1894 0 96 0 2 1 0 0 20 0 1 0 53424672 18108416 3104 67087892480 4194304 7154137 140720766472672 0 0 0 0 16781312 2 1 0 0 17 88 0 0 8 0 0 9727432 11029816 25235456 140720766475071 140720766475181 140720766475181 140720766476263 0
/proc/16/statm: 4421 3104 1512 723 0 2063 0
[pid=18] ppid=16 vsize=1354124 memory=1208368 CPUtime=12.48 cores=70-79,87-88,108-109,182-191,199-200,220-221
/proc/18/stat : 18 (bn4rust) R 16 16 0 0 -1 4194304 47489 0 19 0 1190 58 0 0 20 0 1 0 53424686 1386622976 302092 67087892480 94673824686080 94673826553201 140725404152144 0 0 0 0 4096 1088 0 0 0 17 199 0 0 1 0 0 94673826811264 94673826858200 94673857646592 140725404154626 140725404154774 140725404154774 140725404155873 0
/proc/18/statm: 338531 302092 1088 456 0 336692 0
Current children cumulated CPU time: 12.51 s
Current children cumulated vsize: 1371808 KiB
Current children cumulated memory: 1220784 KiB

[startup+25.5003 s]
/proc/loadavg: 59.47 44.72 41.38 49/2972 18
/proc/meminfo: memFree=435228928/527542208 swapFree=33473532/33554428
[pid=16] ppid=13 vsize=17684 memory=12416 CPUtime=0.03 cores=70-79,87-88,108-109,182-191,199-200,220-221
/proc/16/stat : 16 (python3) S 13 16 0 0 -1 4194304 1894 0 96 0 2 1 0 0 20 0 1 0 53424672 18108416 3104 67087892480 4194304 7154137 140720766472672 0 0 0 0 16781312 2 1 0 0 17 88 0 0 8 0 0 9727432 11029816 25235456 140720766475071 140720766475181 140720766475181 140720766476263 0
/proc/16/statm: 4421 3104 1512 723 0 2063 0
[pid=18] ppid=16 vsize=2838896 memory=2523368 CPUtime=25.24 cores=70-79,87-88,108-109,182-191,199-200,220-221
/proc/18/stat : 18 (bn4rust) R 16 16 0 0 -1 4194304 54796 0 19 0 2421 103 0 0 20 0 1 0 53424686 2907029504 630842 67087892480 94673824686080 94673826553201 140725404152144 0 0 0 0 4096 1088 0 0 0 17 199 0 0 1 0 0 94673826811264 94673826858200 94673857646592 140725404154626 140725404154774 140725404154774 140725404155873 0
/proc/18/statm: 709724 630842 1088 456 0 707885 0
Current children cumulated CPU time: 25.27 s
Current children cumulated vsize: 2856580 KiB
Current children cumulated memory: 2535784 KiB

[startup+51.1005 s]
/proc/loadavg: 59.56 46.13 41.95 49/2972 18
/proc/meminfo: memFree=433772540/527542208 swapFree=33473532/33554428
[pid=16] ppid=13 vsize=17684 memory=12416 CPUtime=0.03 cores=70-79,87-88,108-109,182-191,199-200,220-221
/proc/16/stat : 16 (python3) S 13 16 0 0 -1 4194304 1894 0 96 0 2 1 0 0 20 0 1 0 53424672 18108416 3104 67087892480 4194304 7154137 140720766472672 0 0 0 0 16781312 2 1 0 0 17 88 0 0 8 0 0 9727432 11029816 25235456 140720766475071 140720766475181 140720766475181 140720766476263 0
/proc/16/statm: 4421 3104 1512 723 0 2063 0
[pid=18] ppid=16 vsize=3230280 memory=2646104 CPUtime=50.74 cores=70-79,87-88,108-109,182-191,199-200,220-221
/proc/18/stat : 18 (bn4rust) R 16 16 0 0 -1 4194304 64381 0 19 0 4904 170 0 0 20 0 1 0 53424686 3307806720 661526 67087892480 94673824686080 94673826553201 140725404152144 0 0 0 0 4096 1088 0 0 0 17 199 0 0 1 0 0 94673826811264 94673826858200 94673857646592 140725404154626 140725404154774 140725404154774 140725404155873 0
/proc/18/statm: 807570 661526 1088 456 0 805731 0
Current children cumulated CPU time: 50.77 s
Current children cumulated vsize: 3247964 KiB
Current children cumulated memory: 2658520 KiB

[startup+102.3 s]
/proc/loadavg: 59.87 48.37 42.94 47/2965 18
/proc/meminfo: memFree=438791020/527542208 swapFree=33473532/33554428
[pid=16] ppid=13 vsize=17684 memory=12416 CPUtime=0.03 cores=70-79,87-88,108-109,182-191,199-200,220-221
/proc/16/stat : 16 (python3) S 13 16 0 0 -1 4194304 1894 0 96 0 2 1 0 0 20 0 1 0 53424672 18108416 3104 67087892480 4194304 7154137 140720766472672 0 0 0 0 16781312 2 1 0 0 17 88 0 0 8 0 0 9727432 11029816 25235456 140720766475071 140720766475181 140720766475181 140720766476263 0
/proc/16/statm: 4421 3104 1512 723 0 2063 0
[pid=18] ppid=16 vsize=7776124 memory=6064356 CPUtime=101.75 cores=70-79,87-88,108-109,182-191,199-200,220-221
/proc/18/stat : 18 (bn4rust) R 16 16 0 0 -1 4194304 78403 0 19 0 9904 271 0 0 20 0 1 0 53424686 7962750976 1516089 67087892480 94673824686080 94673826553201 140725404152144 0 0 0 0 4096 1088 0 0 0 17 199 0 0 1 0 0 94673826811264 94673826858200 94673857646592 140725404154626 140725404154774 140725404154774 140725404155873 0
/proc/18/statm: 1944031 1516089 1088 456 0 1942192 0
Current children cumulated CPU time: 101.78 s
Current children cumulated vsize: 7793808 KiB
Current children cumulated memory: 6076772 KiB

[startup+162.3 s]
/proc/loadavg: 49.97 47.58 43.01 49/2966 18
/proc/meminfo: memFree=430527520/527542208 swapFree=33473532/33554428
[pid=16] ppid=13 vsize=17684 memory=12416 CPUtime=0.03 cores=70-79,87-88,108-109,182-191,199-200,220-221
/proc/16/stat : 16 (python3) S 13 16 0 0 -1 4194304 1894 0 96 0 2 1 0 0 20 0 1 0 53424672 18108416 3104 67087892480 4194304 7154137 140720766472672 0 0 0 0 16781312 2 1 0 0 17 88 0 0 8 0 0 9727432 11029816 25235456 140720766475071 140720766475181 140720766475181 140720766476263 0
/proc/16/statm: 4421 3104 1512 723 0 2063 0
[pid=18] ppid=16 vsize=15277660 memory=11261884 CPUtime=161.52 cores=70-79,87-88,108-109,182-191,199-200,220-221
/proc/18/stat : 18 (bn4rust) R 16 16 0 0 -1 4194304 96628 0 19 0 15702 450 0 0 20 0 1 0 53424686 15644323840 2815471 67087892480 94673824686080 94673826553201 140725404152144 0 0 0 0 4096 1088 0 0 0 17 199 0 0 1 0 0 94673826811264 94673826858200 94673857646592 140725404154626 140725404154774 140725404154774 140725404155873 0
/proc/18/statm: 3819415 2815471 1088 456 0 3817576 0
Current children cumulated CPU time: 161.55 s
Current children cumulated vsize: 15295344 KiB
Current children cumulated memory: 11274300 KiB

[startup+222.3 s]
/proc/loadavg: 47.13 47.18 43.15 37/2944 18
/proc/meminfo: memFree=423830844/527542208 swapFree=33473532/33554428
[pid=16] ppid=13 vsize=17684 memory=12416 CPUtime=0.03 cores=70-79,87-88,108-109,182-191,199-200,220-221
/proc/16/stat : 16 (python3) S 13 16 0 0 -1 4194304 1894 0 96 0 2 1 0 0 20 0 1 0 53424672 18108416 3104 67087892480 4194304 7154137 140720766472672 0 0 0 0 16781312 2 1 0 0 17 88 0 0 8 0 0 9727432 11029816 25235456 140720766475071 140720766475181 140720766475181 140720766476263 0
/proc/16/statm: 4421 3104 1512 723 0 2063 0
[pid=18] ppid=16 vsize=21614212 memory=19354924 CPUtime=221.28 cores=70-79,87-88,108-109,182-191,199-200,220-221
/proc/18/stat : 18 (bn4rust) R 16 16 0 0 -1 4194304 121673 0 19 0 21345 783 0 0 20 0 1 0 53424686 22132953088 4838731 67087892480 94673824686080 94673826553201 140725404152144 0 0 0 0 4096 1088 0 0 0 17 87 0 0 1 0 0 94673826811264 94673826858200 94673857646592 140725404154626 140725404154774 140725404154774 140725404155873 0
/proc/18/statm: 5403553 4838731 1088 456 0 5401714 0
Current children cumulated CPU time: 221.31 s
Current children cumulated vsize: 21631896 KiB
Current children cumulated memory: 19367340 KiB

[startup+282.3 s]
/proc/loadavg: 44.28 46.39 43.14 47/2979 18
/proc/meminfo: memFree=431916472/527542208 swapFree=33473532/33554428
[pid=16] ppid=13 vsize=17684 memory=12416 CPUtime=0.03 cores=70-79,87-88,108-109,182-191,199-200,220-221
/proc/16/stat : 16 (python3) S 13 16 0 0 -1 4194304 1894 0 96 0 2 1 0 0 20 0 1 0 53424672 18108416 3104 67087892480 4194304 7154137 140720766472672 0 0 0 0 16781312 2 1 0 0 17 88 0 0 8 0 0 9727432 11029816 25235456 140720766475071 140720766475181 140720766475181 140720766476263 0
/proc/16/statm: 4421 3104 1512 723 0 2063 0
[pid=18] ppid=16 vsize=13304820 memory=10836648 CPUtime=281.06 cores=70-79,87-88,108-109,182-191,199-200,220-221
/proc/18/stat : 18 (bn4rust) R 16 16 0 0 -1 4194304 137772 0 19 0 27214 892 0 0 20 0 1 0 53424686 13624135680 2709162 67087892480 94673824686080 94673826553201 140725404152144 0 0 0 0 4096 1088 0 0 0 17 87 0 0 1 0 0 94673826811264 94673826858200 94673857646592 140725404154626 140725404154774 140725404154774 140725404155873 0
/proc/18/statm: 3326205 2709162 1088 456 0 3324366 0
Current children cumulated CPU time: 281.09 s
Current children cumulated vsize: 13322504 KiB
Current children cumulated memory: 10849064 KiB

[startup+342.3 s]
/proc/loadavg: 44.98 46.20 43.28 38/2975 18
/proc/meminfo: memFree=438877428/527542208 swapFree=33473532/33554428
[pid=16] ppid=13 vsize=17684 memory=12416 CPUtime=0.03 cores=70-79,87-88,108-109,182-191,199-200,220-221
/proc/16/stat : 16 (python3) S 13 16 0 0 -1 4194304 1894 0 96 0 2 1 0 0 20 0 1 0 53424672 18108416 3104 67087892480 4194304 7154137 140720766472672 0 0 0 0 16781312 2 1 0 0 17 88 0 0 8 0 0 9727432 11029816 25235456 140720766475071 140720766475181 140720766475181 140720766476263 0
/proc/16/statm: 4421 3104 1512 723 0 2063 0
[pid=18] ppid=16 vsize=12763328 memory=10458376 CPUtime=340.83 cores=70-79,87-88,108-109,182-191,199-200,220-221
/proc/18/stat : 18 (bn4rust) R 16 16 0 0 -1 4194304 153153 0 19 0 33024 1059 0 0 20 0 1 0 53424686 13069647872 2614594 67087892480 94673824686080 94673826553201 140725404152144 0 0 0 0 4096 1088 0 0 0 17 199 0 0 1 0 0 94673826811264 94673826858200 94673857646592 140725404154626 140725404154774 140725404154774 140725404155873 0
/proc/18/statm: 3190832 2614594 1088 456 0 3188993 0
Current children cumulated CPU time: 340.86 s
Current children cumulated vsize: 12781012 KiB
Current children cumulated memory: 10470792 KiB

[startup+402.3 s]
/proc/loadavg: 31.78 42.25 42.11 24/3006 18
/proc/meminfo: memFree=451506092/527542208 swapFree=33473532/33554428
[pid=16] ppid=13 vsize=17684 memory=12416 CPUtime=0.03 cores=70-79,87-88,108-109,182-191,199-200,220-221
/proc/16/stat : 16 (python3) S 13 16 0 0 -1 4194304 1894 0 96 0 2 1 0 0 20 0 1 0 53424672 18108416 3104 67087892480 4194304 7154137 140720766472672 0 0 0 0 16781312 2 1 0 0 17 88 0 0 8 0 0 9727432 11029816 25235456 140720766475071 140720766475181 140720766475181 140720766476263 0
/proc/16/statm: 4421 3104 1512 723 0 2063 0
[pid=18] ppid=16 vsize=15909060 memory=12227976 CPUtime=400.6 cores=70-79,87-88,108-109,182-191,199-200,220-221
/proc/18/stat : 18 (bn4rust) R 16 16 0 0 -1 4194304 162384 0 19 0 38982 1078 0 0 20 0 1 0 53424686 16290877440 3056994 67087892480 94673824686080 94673826553201 140725404152144 0 0 0 0 4096 1088 0 0 0 17 199 0 0 1 0 0 94673826811264 94673826858200 94673857646592 140725404154626 140725404154774 140725404154774 140725404155873 0
/proc/18/statm: 3977265 3056994 1088 456 0 3975426 0
Current children cumulated CPU time: 400.63 s
Current children cumulated vsize: 15926744 KiB
Current children cumulated memory: 12240392 KiB

[startup+462.3 s]
/proc/loadavg: 27.16 39.03 41.01 25/2969 18
/proc/meminfo: memFree=447652924/527542208 swapFree=33473532/33554428
[pid=16] ppid=13 vsize=17684 memory=12856 CPUtime=0.03 cores=70-79,87-88,108-109,182-191,199-200,220-221
/proc/16/stat : 16 (python3) S 13 16 0 0 -1 4194304 1894 0 96 0 2 1 0 0 20 0 1 0 53424672 18108416 3214 67087892480 4194304 7154137 140720766472672 0 0 0 0 16781312 2 1 0 0 17 88 0 0 8 0 0 9727432 11029816 25235456 140720766475071 140720766475181 140720766475181 140720766476263 0
/proc/16/statm: 4421 3214 1512 723 0 2063 0
[pid=18] ppid=16 vsize=21176524 memory=18889296 CPUtime=460.36 cores=70-79,87-88,108-109,182-191,199-200,220-221
/proc/18/stat : 18 (bn4rust) R 16 16 0 0 -1 4194304 188654 0 19 0 44635 1401 0 0 20 0 1 0 53424686 21684760576 4722324 67087892480 94673824686080 94673826553201 140725404152144 0 0 0 0 4096 1088 0 0 0 17 87 0 0 1 0 0 94673826811264 94673826858200 94673857646592 140725404154626 140725404154774 140725404154774 140725404155873 0
/proc/18/statm: 5294131 4722324 1088 456 0 5292292 0
Current children cumulated CPU time: 460.39 s
Current children cumulated vsize: 21194208 KiB
Current children cumulated memory: 18902152 KiB

[startup+522.3 s]
/proc/loadavg: 24.81 36.17 39.90 24/3015 18
/proc/meminfo: memFree=454413092/527542208 swapFree=33473532/33554428
[pid=16] ppid=13 vsize=17684 memory=12856 CPUtime=0.03 cores=70-79,87-88,108-109,182-191,199-200,220-221
/proc/16/stat : 16 (python3) S 13 16 0 0 -1 4194304 1894 0 96 0 2 1 0 0 20 0 1 0 53424672 18108416 3214 67087892480 4194304 7154137 140720766472672 0 0 0 0 16781312 2 1 0 0 17 88 0 0 8 0 0 9727432 11029816 25235456 140720766475071 140720766475181 140720766475181 140720766476263 0
/proc/16/statm: 4421 3214 1512 723 0 2063 0
[pid=18] ppid=16 vsize=23929036 memory=21236316 CPUtime=520.13 cores=70-79,87-88,108-109,182-191,199-200,220-221
/proc/18/stat : 18 (bn4rust) R 16 16 0 0 -1 4194304 200947 0 19 0 50584 1429 0 0 20 0 1 0 53424686 24503332864 5309079 67087892480 94673824686080 94673826553201 140725404152144 0 0 0 0 4096 1088 0 0 0 17 199 0 0 1 0 0 94673826811264 94673826858200 94673857646592 140725404154626 140725404154774 140725404154774 140725404155873 0
/proc/18/statm: 5982259 5309079 1088 456 0 5980420 0
Current children cumulated CPU time: 520.16 s
Current children cumulated vsize: 23946720 KiB
Current children cumulated memory: 21249172 KiB

[startup+582.3 s]
/proc/loadavg: 24.64 34.06 38.94 25/3006 18
/proc/meminfo: memFree=455134664/527542208 swapFree=33473532/33554428
[pid=16] ppid=13 vsize=17684 memory=12856 CPUtime=0.03 cores=70-79,87-88,108-109,182-191,199-200,220-221
/proc/16/stat : 16 (python3) S 13 16 0 0 -1 4194304 1894 0 96 0 2 1 0 0 20 0 1 0 53424672 18108416 3214 67087892480 4194304 7154137 140720766472672 0 0 0 0 16781312 2 1 0 0 17 88 0 0 8 0 0 9727432 11029816 25235456 140720766475071 140720766475181 140720766475181 140720766476263 0
/proc/16/statm: 4421 3214 1512 723 0 2063 0
[pid=18] ppid=16 vsize=26008204 memory=20677668 CPUtime=579.9 cores=70-79,87-88,108-109,182-191,199-200,220-221
/proc/18/stat : 18 (bn4rust) R 16 16 0 0 -1 4194304 222122 0 19 0 56374 1616 0 0 20 0 1 0 53424686 26632400896 5169417 67087892480 94673824686080 94673826553201 140725404152144 0 0 0 0 4096 1088 0 0 0 17 199 0 0 1 0 0 94673826811264 94673826858200 94673857646592 140725404154626 140725404154774 140725404154774 140725404155873 0
/proc/18/statm: 6502051 5169417 1088 456 0 6500212 0
Current children cumulated CPU time: 579.93 s
Current children cumulated vsize: 26025888 KiB
Current children cumulated memory: 20690524 KiB

[startup+642.3 s]
/proc/loadavg: 23.89 32.12 37.96 25/3002 18
/proc/meminfo: memFree=452804660/527542208 swapFree=33473532/33554428
[pid=16] ppid=13 vsize=17684 memory=12856 CPUtime=0.03 cores=70-79,87-88,108-109,182-191,199-200,220-221
/proc/16/stat : 16 (python3) S 13 16 0 0 -1 4194304 1894 0 96 0 2 1 0 0 20 0 1 0 53424672 18108416 3214 67087892480 4194304 7154137 140720766472672 0 0 0 0 16781312 2 1 0 0 17 88 0 0 8 0 0 9727432 11029816 25235456 140720766475071 140720766475181 140720766475181 140720766476263 0
/proc/16/statm: 4421 3214 1512 723 0 2063 0
[pid=18] ppid=16 vsize=30726796 memory=22928804 CPUtime=639.68 cores=70-79,87-88,108-109,182-191,199-200,220-221
/proc/18/stat : 18 (bn4rust) R 16 16 0 0 -1 4194304 232908 0 19 0 62324 1644 0 0 20 0 1 0 53424686 31464239104 5732201 67087892480 94673824686080 94673826553201 140725404152144 0 0 0 0 4096 1088 0 0 0 17 199 0 0 1 0 0 94673826811264 94673826858200 94673857646592 140725404154626 140725404154774 140725404154774 140725404155873 0
/proc/18/statm: 7681699 5732201 1088 456 0 7679860 0
Current children cumulated CPU time: 639.71 s
Current children cumulated vsize: 30744480 KiB
Current children cumulated memory: 22941660 KiB

[startup+702.3 s]
/proc/loadavg: 24.24 30.73 37.12 25/2987 18
/proc/meminfo: memFree=454548452/527542208 swapFree=33473532/33554428
[pid=16] ppid=13 vsize=17684 memory=12856 CPUtime=0.03 cores=70-79,87-88,108-109,182-191,199-200,220-221
/proc/16/stat : 16 (python3) S 13 16 0 0 -1 4194304 1894 0 96 0 2 1 0 0 20 0 1 0 53424672 18108416 3214 67087892480 4194304 7154137 140720766472672 0 0 0 0 16781312 2 1 0 0 17 88 0 0 8 0 0 9727432 11029816 25235456 140720766475071 140720766475181 140720766475181 140720766476263 0
/proc/16/statm: 4421 3214 1512 723 0 2063 0
[pid=18] ppid=16 vsize=26607172 memory=21401568 CPUtime=699.44 cores=70-79,87-88,108-109,182-191,199-200,220-221
/proc/18/stat : 18 (bn4rust) R 16 16 0 0 -1 4194304 254807 0 19 0 68111 1833 0 0 20 0 1 0 53424686 27245744128 5350392 67087892480 94673824686080 94673826553201 140725404152144 0 0 0 0 4096 1088 0 0 0 17 199 0 0 1 0 0 94673826811264 94673826858200 94673857646592 140725404154626 140725404154774 140725404154774 140725404155873 0
/proc/18/statm: 6651793 5350392 1088 456 0 6649954 0
Current children cumulated CPU time: 699.47 s
Current children cumulated vsize: 26624856 KiB
Current children cumulated memory: 21414424 KiB

[startup+762.3 s]
/proc/loadavg: 23.77 29.40 36.26 25/2985 18
/proc/meminfo: memFree=451976024/527542208 swapFree=33473532/33554428
[pid=16] ppid=13 vsize=17684 memory=12856 CPUtime=0.03 cores=70-79,87-88,108-109,182-191,199-200,220-221
/proc/16/stat : 16 (python3) S 13 16 0 0 -1 4194304 1894 0 96 0 2 1 0 0 20 0 1 0 53424672 18108416 3214 67087892480 4194304 7154137 140720766472672 0 0 0 0 16781312 2 1 0 0 17 88 0 0 8 0 0 9727432 11029816 25235456 140720766475071 140720766475181 140720766475181 140720766476263 0
/proc/16/statm: 4421 3214 1512 723 0 2063 0
[pid=18] ppid=16 vsize=31325764 memory=23637992 CPUtime=759.22 cores=70-79,87-88,108-109,182-191,199-200,220-221
/proc/18/stat : 18 (bn4rust) R 16 16 0 0 -1 4194304 266310 0 19 0 74062 1860 0 0 20 0 1 0 53424686 32077582336 5909498 67087892480 94673824686080 94673826553201 140725404152144 0 0 0 0 4096 1088 0 0 0 17 199 0 0 1 0 0 94673826811264 94673826858200 94673857646592 140725404154626 140725404154774 140725404154774 140725404155873 0
/proc/18/statm: 7831441 5909498 1088 456 0 7829602 0
Current children cumulated CPU time: 759.25 s
Current children cumulated vsize: 31343448 KiB
Current children cumulated memory: 23650848 KiB

[startup+822.3 s]
/proc/loadavg: 24.49 28.58 35.54 25/2976 18
/proc/meminfo: memFree=449900616/527542208 swapFree=33473532/33554428
[pid=16] ppid=13 vsize=17684 memory=12856 CPUtime=0.03 cores=70-79,87-88,108-109,182-191,199-200,220-221
/proc/16/stat : 16 (python3) S 13 16 0 0 -1 4194304 1894 0 96 0 2 1 0 0 20 0 1 0 53424672 18108416 3214 67087892480 4194304 7154137 140720766472672 0 0 0 0 16781312 2 1 0 0 17 88 0 0 8 0 0 9727432 11029816 25235456 140720766475071 140720766475181 140720766475181 140720766476263 0
/proc/16/statm: 4421 3214 1512 723 0 2063 0
[pid=18] ppid=16 vsize=31325764 memory=25343976 CPUtime=818.98 cores=70-79,87-88,108-109,182-191,199-200,220-221
/proc/18/stat : 18 (bn4rust) R 16 16 0 0 -1 4194304 275827 0 19 0 80018 1880 0 0 20 0 1 0 53424686 32077582336 6335994 67087892480 94673824686080 94673826553201 140725404152144 0 0 0 0 4096 1088 0 0 0 17 87 0 0 1 0 0 94673826811264 94673826858200 94673857646592 140725404154626 140725404154774 140725404154774 140725404155873 0
/proc/18/statm: 7831441 6335994 1088 456 0 7829602 0
Current children cumulated CPU time: 819.01 s
Current children cumulated vsize: 31343448 KiB
Current children cumulated memory: 25356832 KiB

[startup+882.3 s]
/proc/loadavg: 23.89 27.64 34.78 25/2973 18
/proc/meminfo: memFree=437555984/527542208 swapFree=33473532/33554428
[pid=16] ppid=13 vsize=17684 memory=12856 CPUtime=0.03 cores=70-79,87-88,108-109,182-191,199-200,220-221
/proc/16/stat : 16 (python3) S 13 16 0 0 -1 4194304 1894 0 96 0 2 1 0 0 20 0 1 0 53424672 18108416 3214 67087892480 4194304 7154137 140720766472672 0 0 0 0 16781312 2 1 0 0 17 88 0 0 8 0 0 9727432 11029816 25235456 140720766475071 140720766475181 140720766475181 140720766476263 0
/proc/16/statm: 4421 3214 1512 723 0 2063 0
[pid=18] ppid=16 vsize=48410872 memory=37917704 CPUtime=878.74 cores=70-79,87-88,108-109,182-191,199-200,220-221
/proc/18/stat : 18 (bn4rust) R 16 16 0 0 -1 4194304 324278 0 19 0 85361 2513 0 0 20 0 1 0 53424686 49572732928 9479426 67087892480 94673824686080 94673826553201 140725404152144 0 0 0 0 4096 1088 0 0 0 17 87 0 0 1 0 0 94673826811264 94673826858200 94673857646592 140725404154626 140725404154774 140725404154774 140725404155873 0
/proc/18/statm: 12102718 9479426 1088 456 0 12100879 0
Current children cumulated CPU time: 878.77 s
Current children cumulated vsize: 48428556 KiB
Current children cumulated memory: 37930560 KiB

[startup+942.3 s]
/proc/loadavg: 24.12 27.05 34.13 24/2973 18
/proc/meminfo: memFree=435386664/527542208 swapFree=33473532/33554428
[pid=16] ppid=13 vsize=17684 memory=12856 CPUtime=0.03 cores=70-79,87-88,108-109,182-191,199-200,220-221
/proc/16/stat : 16 (python3) S 13 16 0 0 -1 4194304 1894 0 96 0 2 1 0 0 20 0 1 0 53424672 18108416 3214 67087892480 4194304 7154137 140720766472672 0 0 0 0 16781312 2 1 0 0 17 88 0 0 8 0 0 9727432 11029816 25235456 140720766475071 140720766475181 140720766475181 140720766476263 0
/proc/16/statm: 4421 3214 1512 723 0 2063 0
[pid=18] ppid=16 vsize=51458296 memory=39862880 CPUtime=938.52 cores=70-79,87-88,108-109,182-191,199-200,220-221
/proc/18/stat : 18 (bn4rust) R 16 16 0 0 -1 4194304 345319 0 19 0 91313 2539 0 0 20 0 1 0 53424686 52693295104 9965720 67087892480 94673824686080 94673826553201 140725404152144 0 0 0 0 4096 1088 0 0 0 17 87 0 0 1 0 0 94673826811264 94673826858200 94673857646592 140725404154626 140725404154774 140725404154774 140725404155873 0
/proc/18/statm: 12864574 9965720 1088 456 0 12862735 0
Current children cumulated CPU time: 938.55 s
Current children cumulated vsize: 51475980 KiB
Current children cumulated memory: 39875736 KiB

[startup+1002.3 s]
/proc/loadavg: 24.90 26.77 33.59 27/2990 18
/proc/meminfo: memFree=432753048/527542208 swapFree=33473532/33554428
[pid=16] ppid=13 vsize=17684 memory=12856 CPUtime=0.03 cores=70-79,87-88,108-109,182-191,199-200,220-221
/proc/16/stat : 16 (python3) S 13 16 0 0 -1 4194304 1894 0 96 0 2 1 0 0 20 0 1 0 53424672 18108416 3214 67087892480 4194304 7154137 140720766472672 0 0 0 0 16781312 2 1 0 0 17 88 0 0 8 0 0 9727432 11029816 25235456 140720766475071 140720766475181 140720766475181 140720766476263 0
/proc/16/statm: 4421 3214 1512 723 0 2063 0
[pid=18] ppid=16 vsize=54604024 memory=41783908 CPUtime=998.28 cores=70-79,87-88,108-109,182-191,199-200,220-221
/proc/18/stat : 18 (bn4rust) R 16 16 0 0 -1 4194304 364348 0 19 0 97265 2563 0 0 20 0 1 0 53424686 55914520576 10445977 67087892480 94673824686080 94673826553201 140725404152144 0 0 0 0 4096 1088 0 0 0 17 87 0 0 1 0 0 94673826811264 94673826858200 94673857646592 140725404154626 140725404154774 140725404154774 140725404155873 0
/proc/18/statm: 13651006 10445977 1088 456 0 13649167 0
Current children cumulated CPU time: 998.31 s
Current children cumulated vsize: 54621708 KiB
Current children cumulated memory: 41796764 KiB

[startup+1062.3 s]
/proc/loadavg: 25.01 26.47 33.06 32/3005 18
/proc/meminfo: memFree=431285024/527542208 swapFree=33473532/33554428
[pid=16] ppid=13 vsize=17684 memory=12856 CPUtime=0.03 cores=70-79,87-88,108-109,182-191,199-200,220-221
/proc/16/stat : 16 (python3) S 13 16 0 0 -1 4194304 1894 0 96 0 2 1 0 0 20 0 1 0 53424672 18108416 3214 67087892480 4194304 7154137 140720766472672 0 0 0 0 16781312 2 1 0 0 17 88 0 0 8 0 0 9727432 11029816 25235456 140720766475071 140720766475181 140720766475181 140720766476263 0
/proc/16/statm: 4421 3214 1512 723 0 2063 0
[pid=18] ppid=16 vsize=54604024 memory=43635300 CPUtime=1058.05 cores=70-79,87-88,108-109,182-191,199-200,220-221
/proc/18/stat : 18 (bn4rust) R 16 16 0 0 -1 4194304 383883 0 19 0 103221 2584 0 0 20 0 1 0 53424686 55914520576 10908825 67087892480 94673824686080 94673826553201 140725404152144 0 0 0 0 4096 1088 0 0 0 17 87 0 0 1 0 0 94673826811264 94673826858200 94673857646592 140725404154626 140725404154774 140725404154774 140725404155873 0
/proc/18/statm: 13651006 10908825 1088 456 0 13649167 0
Current children cumulated CPU time: 1058.08 s
Current children cumulated vsize: 54621708 KiB
Current children cumulated memory: 43648156 KiB

[startup+1122.3 s]
/proc/loadavg: 24.47 26.07 32.51 25/2973 18
/proc/meminfo: memFree=430167420/527542208 swapFree=33473532/33554428
[pid=16] ppid=13 vsize=17684 memory=12856 CPUtime=0.03 cores=70-79,87-88,108-109,182-191,199-200,220-221
/proc/16/stat : 16 (python3) S 13 16 0 0 -1 4194304 1894 0 96 0 2 1 0 0 20 0 1 0 53424672 18108416 3214 67087892480 4194304 7154137 140720766472672 0 0 0 0 16781312 2 1 0 0 17 88 0 0 8 0 0 9727432 11029816 25235456 140720766475071 140720766475181 140720766475181 140720766476263 0
/proc/16/statm: 4421 3214 1512 723 0 2063 0
[pid=18] ppid=16 vsize=60895480 memory=45218408 CPUtime=1117.82 cores=70-79,87-88,108-109,182-191,199-200,220-221
/proc/18/stat : 18 (bn4rust) R 16 16 0 0 -1 4194304 424524 0 19 0 109144 2638 0 0 20 0 1 0 53424686 62356971520 11304602 67087892480 94673824686080 94673826553201 140725404152144 0 0 0 0 4096 1088 0 0 0 17 87 0 0 1 0 0 94673826811264 94673826858200 94673857646592 140725404154626 140725404154774 140725404154774 140725404155873 0
/proc/18/statm: 15223870 11304602 1088 456 0 15222031 0
Current children cumulated CPU time: 1117.85 s
Current children cumulated vsize: 60913164 KiB
Current children cumulated memory: 45231264 KiB

[startup+1176.71 s]
# the end of solver process 16 was just reported to runsolver
# cumulated CPU time of all completed processes:  user=1140.4 s, system=31.3316 s

Solver just ended.
??? end of watcher thread
Dumping a history of the last processes samples

[startup+1126.4 s]
/proc/loadavg: 24.51 26.05 32.47 26/2986 18
/proc/meminfo: memFree=430000792/527542208 swapFree=33473532/33554428
[pid=16] ppid=13 vsize=17684 memory=12856 CPUtime=0.03 cores=70-79,87-88,108-109,182-191,199-200,220-221
/proc/16/stat : 16 (python3) S 13 16 0 0 -1 4194304 1894 0 96 0 2 1 0 0 20 0 1 0 53424672 18108416 3214 67087892480 4194304 7154137 140720766472672 0 0 0 0 16781312 2 1 0 0 17 88 0 0 8 0 0 9727432 11029816 25235456 140720766475071 140720766475181 140720766475181 140720766476263 0
/proc/16/statm: 4421 3214 1512 723 0 2063 0
[pid=18] ppid=16 vsize=60895480 memory=45341288 CPUtime=1121.9 cores=70-79,87-88,108-109,182-191,199-200,220-221
/proc/18/stat : 18 (bn4rust) R 16 16 0 0 -1 4194304 425258 0 19 0 109550 2640 0 0 20 0 1 0 53424686 62356971520 11335322 67087892480 94673824686080 94673826553201 140725404152144 0 0 0 0 4096 1088 0 0 0 17 87 0 0 1 0 0 94673826811264 94673826858200 94673857646592 140725404154626 140725404154774 140725404154774 140725404155873 0
/proc/18/statm: 15223870 11335322 1088 456 0 15222031 0
Current children cumulated CPU time: 1121.93 s
Current children cumulated vsize: 60913164 KiB
Current children cumulated memory: 45354144 KiB

[startup+1152 s]*
/proc/loadavg: 25.80 26.23 32.36 25/2989 18
/proc/meminfo: memFree=429156296/527542208 swapFree=33473532/33554428
[pid=16] ppid=13 vsize=17684 memory=12856 CPUtime=0.03 cores=70-79,87-88,108-109,182-191,199-200,220-221
/proc/16/stat : 16 (python3) S 13 16 0 0 -1 4194304 1894 0 96 0 2 1 0 0 20 0 1 0 53424672 18108416 3214 67087892480 4194304 7154137 140720766472672 0 0 0 0 16781312 2 1 0 0 17 88 0 0 8 0 0 9727432 11029816 25235456 140720766475071 140720766475181 140720766475181 140720766476263 0
/proc/16/statm: 4421 3214 1512 723 0 2063 0
[pid=18] ppid=16 vsize=60895480 memory=45957736 CPUtime=1147.39 cores=70-79,87-88,108-109,182-191,199-200,220-221
/proc/18/stat : 18 (bn4rust) R 16 16 0 0 -1 4194304 442573 0 19 0 111850 2889 0 0 20 0 1 0 53424686 62356971520 11489434 67087892480 94673824686080 94673826553201 140725404152144 0 0 0 0 4096 1088 0 0 0 17 87 0 0 1 0 0 94673826811264 94673826858200 94673857646592 140725404154626 140725404154774 140725404154774 140725404155873 0
/proc/18/statm: 15223870 11489434 1088 456 0 15222031 0
Current children cumulated CPU time: 1147.42 s
Current children cumulated vsize: 60913164 KiB
Current children cumulated memory: 45970592 KiB

[startup+1164.8 s]
/proc/loadavg: 25.52 26.15 32.27 25/2975 18
/proc/meminfo: memFree=429294216/527542208 swapFree=33473532/33554428
[pid=16] ppid=13 vsize=17684 memory=12856 CPUtime=0.03 cores=70-79,87-88,108-109,182-191,199-200,220-221
/proc/16/stat : 16 (python3) S 13 16 0 0 -1 4194304 1894 0 96 0 2 1 0 0 20 0 1 0 53424672 18108416 3214 67087892480 4194304 7154137 140720766472672 0 0 0 0 16781312 2 1 0 0 17 88 0 0 8 0 0 9727432 11029816 25235456 140720766475071 140720766475181 140720766475181 140720766476263 0
/proc/16/statm: 4421 3214 1512 723 0 2063 0
[pid=18] ppid=16 vsize=60895480 memory=46234216 CPUtime=1160.14 cores=70-79,87-88,108-109,182-191,199-200,220-221
/proc/18/stat : 18 (bn4rust) R 16 16 0 0 -1 4194304 453399 0 19 0 113122 2892 0 0 20 0 1 0 53424686 62356971520 11558554 67087892480 94673824686080 94673826553201 140725404152144 0 0 0 0 4096 1088 0 0 0 17 87 0 0 1 0 0 94673826811264 94673826858200 94673857646592 140725404154626 140725404154774 140725404154774 140725404155873 0
/proc/18/statm: 15223870 11558554 1088 456 0 15222031 0
Current children cumulated CPU time: 1160.17 s
Current children cumulated vsize: 60913164 KiB
Current children cumulated memory: 46247072 KiB

[startup+1171.2 s]
/proc/loadavg: 25.29 26.08 32.18 24/2975 18
/proc/meminfo: memFree=418594940/527542208 swapFree=33473532/33554428
[pid=16] ppid=13 vsize=17684 memory=12856 CPUtime=0.03 cores=70-79,87-88,108-109,182-191,199-200,220-221
/proc/16/stat : 16 (python3) S 13 16 0 0 -1 4194304 1894 0 96 0 2 1 0 0 20 0 1 0 53424672 18108416 3214 67087892480 4194304 7154137 140720766472672 0 0 0 0 16781312 2 1 0 0 17 88 0 0 8 0 0 9727432 11029816 25235456 140720766475071 140720766475181 140720766475181 140720766476263 0
/proc/16/statm: 4421 3214 1512 723 0 2063 0
[pid=18] ppid=16 vsize=88158460 memory=56664324 CPUtime=1166.52 cores=70-79,87-88,108-109,182-191,199-200,220-221
/proc/18/stat : 18 (bn4rust) R 16 16 0 0 -1 4194304 461524 0 19 0 113658 2994 0 0 20 0 1 0 53424686 90274263040 14166081 67087892480 94673824686080 94673826553201 140725404152144 0 0 0 0 4096 1088 0 0 0 17 87 0 0 1 0 0 94673826811264 94673826858200 94673857646592 140725404154626 140725404154774 140725404154774 140725404155873 0
/proc/18/statm: 22039615 14166081 1088 456 0 22037776 0
Current children cumulated CPU time: 1166.55 s
Current children cumulated vsize: 88176144 KiB
Current children cumulated memory: 56677180 KiB

[startup+1174.4 s]
/proc/loadavg: 25.29 26.08 32.18 26/2990 18
/proc/meminfo: memFree=413415792/527542208 swapFree=33473788/33554428
[pid=16] ppid=13 vsize=17684 memory=12856 CPUtime=0.03 cores=70-79,87-88,108-109,182-191,199-200,220-221
/proc/16/stat : 16 (python3) S 13 16 0 0 -1 4194304 1894 0 96 0 2 1 0 0 20 0 1 0 53424672 18108416 3214 67087892480 4194304 7154137 140720766472672 0 0 0 0 16781312 2 1 0 0 17 88 0 0 8 0 0 9727432 11029816 25235456 140720766475071 140720766475181 140720766475181 140720766476263 0
/proc/16/statm: 4421 3214 1512 723 0 2063 0
[pid=18] ppid=16 vsize=88158460 memory=62652676 CPUtime=1169.7 cores=70-79,87-88,108-109,182-191,199-200,220-221
/proc/18/stat : 18 (bn4rust) R 16 16 0 0 -1 4194304 464592 0 19 0 113919 3051 0 0 20 0 1 0 53424686 90274263040 15663169 67087892480 94673824686080 94673826553201 140725404152144 0 0 0 0 4096 1088 0 0 0 17 87 0 0 1 0 0 94673826811264 94673826858200 94673857646592 140725404154626 140725404154774 140725404154774 140725404155873 0
/proc/18/statm: 22039615 15663169 1088 456 0 22037776 0
Current children cumulated CPU time: 1169.73 s
Current children cumulated vsize: 88176144 KiB
Current children cumulated memory: 62665532 KiB

[startup+1176.04 s]*
/proc/loadavg: 25.18 26.05 32.13 25/2996 18
/proc/meminfo: memFree=433541840/527542208 swapFree=33473788/33554428
[pid=16] ppid=13 vsize=17684 memory=6808 CPUtime=0.03 cores=70-79,87-88,108-109,182-191,199-200,220-221
/proc/16/stat : 16 (python3) S 13 16 0 0 -1 4194304 1894 0 96 0 2 1 0 0 20 0 1 0 53424672 18108416 1702 67087892480 4194304 7154137 140720766472672 0 0 0 0 16781312 2 1 0 0 17 88 0 0 8 0 0 9727432 11029816 25235456 140720766475071 140720766475181 140720766475181 140720766476263 0
/proc/16/statm: 4421 1702 0 723 0 2063 0
Current children cumulated CPU time: 0.03 s
Current children cumulated vsize: 17684 KiB
Current children cumulated memory: 6808 KiB

[startup+1176.5 s]
/proc/loadavg: 25.18 26.05 32.13 25/2996 18
/proc/meminfo: memFree=433541840/527542208 swapFree=33473788/33554428
[pid=16] ppid=13 vsize=17684 memory=6808 CPUtime=0.03 cores=70-79,87-88,108-109,182-191,199-200,220-221
/proc/16/stat : 16 (python3) D 13 16 0 0 -1 4194304 1903 0 104 0 2 1 0 0 20 0 1 0 53424672 18108416 1702 67087892480 4194304 7154137 140720766472672 0 0 0 0 16781312 2 0 0 0 17 88 0 0 19 0 0 9727432 11029816 25235456 140720766475071 140720766475181 140720766475181 140720766476263 0
/proc/16/statm: 4421 1702 0 723 0 2063 0
Current children cumulated CPU time: 0.03 s
Current children cumulated vsize: 17684 KiB
Current children cumulated memory: 6808 KiB

[startup+1176.7 s]
/proc/loadavg: 25.18 26.05 32.13 25/2996 18
/proc/meminfo: memFree=433541840/527542208 swapFree=33473788/33554428
[pid=16] ppid=13 vsize=17464 memory=10820 CPUtime=1171.71 cores=70-79,87-88,108-109,182-191,199-200,220-221
/proc/16/stat : 16 (python3) D 13 16 0 0 -1 4194304 1942 480993 154 21 3 1 114036 3131 20 0 1 0 53424672 17883136 2705 67087892480 4194304 7154137 140720766472672 0 0 0 0 16781312 0 0 0 0 17 88 0 0 39 0 0 9727432 11029816 25235456 140720766475071 140720766475181 140720766475181 140720766476263 0
/proc/16/statm: 4366 2705 1037 723 0 2008 0
Current children cumulated CPU time: 1171.71 s
Current children cumulated vsize: 17464 KiB
Current children cumulated memory: 10820 KiB

Child status: 247
Real time (s): 1176.71
CPU time (s): 1171.73
CPU user time (s): 1140.4
CPU system time (s): 31.3316
CPU usage (%): 99.577
Max. virtual memory (cumulated for all children) (KiB): 88176144
Max. memory (cumulated for all children) (KiB): 65324516

getrusage(RUSAGE_CHILDREN,...) data:
user time used= 1140.4
system time used= 31.3316
maximum resident set size= 65323916
integral shared memory size= 0
integral unshared data size= 0
integral unshared stack size= 0
page reclaims= 482935
page faults= 178
swaps= 0
block input operations= 30312
block output operations= 0
messages sent= 0
messages received= 0
signals received= 0
voluntary context switches= 1012
involuntary context switches= 2189


# summary of solver processes directly reported to runsolver:
#   pid: 16
#   total CPU time (s): 1171.73
#   total CPU user time (s): 1140.4
#   total CPU system time (s): 31.3316

??? join timestamper begins
??? join timestamper ends
??? end of timestamper thread
runsolver used 0.804544 second user time and 1.60765 second system time

The end
