runsolver version 3.4.1 (svn: 3018) Copyright (C) 2010-2013 Olivier ROUSSEL

This program is distributed in the hope that it will be useful,
but WITHOUT ANY WARRANTY; without even the implied warranty of
MERCHANTABILITY or FITNESS FOR A PARTICULAR PURPOSE.  See the
GNU General Public License for more details.

NUMA information:
  number of nodes: 8
  memory of node 0: 63700 MiB (40279 MiB free)
  memory of node 1: 64461 MiB (63310 MiB free)
  memory of node 2: 64504 MiB (63770 MiB free)
  memory of node 3: 64504 MiB (63585 MiB free)
  memory of node 4: 64504 MiB (63395 MiB free)
  memory of node 5: 64504 MiB (63466 MiB free)
  memory of node 6: 64504 MiB (63548 MiB free)
  memory of node 7: 64491 MiB (63608 MiB free)
  node distances:
     10  12  12  12  21  21  21  21
     12  10  12  12  21  21  21  21
     12  12  10  12  21  21  21  21
     12  12  12  10  21  21  21  21
     21  21  21  21  10  12  12  12
     21  21  21  21  12  10  12  12
     21  21  21  21  12  12  10  12
     21  21  21  21  12  12  12  10

command line: /usr/local/bin/runsolver --timestamp -w /output/runsolver-watch.log -v /output/runsolver-values.log -o /output/solver-output.log -C 1800.0 -W 1800.0 -R 64000 /opt/solver/run_bn4rust.py --mode cyber-forward-baseline --instance /input/model_122.bnet 

running on 28 cores: 14-27,126-139

Enforcing CPUTime limit (soft limit, will send SIGTERM then SIGKILL): 1800 seconds
Enforcing CPUTime limit (hard limit, will send SIGXCPU): 1830 seconds
Enforcing wall clock limit (soft limit, will send SIGTERM then SIGKILL): 1800 seconds
Enforcing RSS+Swap limit (soft limit, will send SIGTERM then SIGKILL): 65536000 KiB
Linux 4.18.0-553.159.1.el8_10.x86_64
solver pid=16, runsolver pid=13
Current StackSize limit: 18014398509481983 KiB


[startup+0.10007 s]*
/proc/loadavg: 4.79 15.19 20.18 9/2910 17
/proc/meminfo: memFree=496552032/527542268 swapFree=33507836/33554428
[pid=16] ppid=13 vsize=15800 memory=10148 CPUtime=0.02 cores=14-27,126-139
/proc/16/stat : 16 (python3) S 13 16 0 0 -1 4194304 1390 0 84 0 1 1 0 0 20 0 1 0 53231877 16179200 2537 67087892480 4194304 7154137 140722867923136 0 0 0 0 16781312 2 1 0 0 17 27 0 0 6 0 0 9727432 11029816 31977472 140722867927883 140722867927981 140722867927981 140722867929063 0
/proc/16/statm: 3950 2537 1404 723 0 1674 0
Current children cumulated CPU time: 0.02 s
Current children cumulated vsize: 15800 KiB
Current children cumulated memory: 10148 KiB

[startup+0.200655 s]*
/proc/loadavg: 4.79 15.19 20.18 8/2911 18
/proc/meminfo: memFree=496480588/527542268 swapFree=33507836/33554428
[pid=16] ppid=13 vsize=17684 memory=12528 CPUtime=0.04 cores=14-27,126-139
/proc/16/stat : 16 (python3) S 13 16 0 0 -1 4194304 1881 0 96 0 3 1 0 0 20 0 1 0 53231877 18108416 3132 67087892480 4194304 7154137 140722867923136 0 0 0 0 16781312 2 1 0 0 17 27 0 0 8 0 0 9727432 11029816 31977472 140722867927883 140722867927981 140722867927981 140722867929063 0
/proc/16/statm: 4421 3132 1523 723 0 2063 0
[pid=18] ppid=16 vsize=16800 memory=11052 CPUtime=0.03 cores=14-27,126-139
/proc/18/stat : 18 (bn4rust) R 16 16 0 0 -1 4194304 2406 0 18 0 3 0 0 0 20 0 1 0 53231891 17203200 2763 67087892480 94467828916224 94467830783345 140721715551440 0 0 0 0 4096 1088 0 0 0 17 133 0 0 1 0 0 94467831041408 94467831088344 94467838705664 140721715559182 140721715559318 140721715559318 140721715560417 0
/proc/18/statm: 4200 2763 1072 456 0 2361 0
Current children cumulated CPU time: 0.07 s
Current children cumulated vsize: 34484 KiB
Current children cumulated memory: 23580 KiB

[startup+0.300494 s]*
/proc/loadavg: 4.79 15.19 20.18 8/2912 18
/proc/meminfo: memFree=496448664/527542268 swapFree=33507836/33554428
[pid=16] ppid=13 vsize=17684 memory=12528 CPUtime=0.04 cores=14-27,126-139
/proc/16/stat : 16 (python3) S 13 16 0 0 -1 4194304 1881 0 96 0 3 1 0 0 20 0 1 0 53231877 18108416 3132 67087892480 4194304 7154137 140722867923136 0 0 0 0 16781312 2 1 0 0 17 27 0 0 8 0 0 9727432 11029816 31977472 140722867927883 140722867927981 140722867927981 140722867929063 0
/proc/16/statm: 4421 3132 1523 723 0 2063 0
[pid=18] ppid=16 vsize=26708 memory=23124 CPUtime=0.14 cores=14-27,126-139
/proc/18/stat : 18 (bn4rust) R 16 16 0 0 -1 4194304 6118 0 18 0 13 1 0 0 20 0 1 0 53231891 27348992 5781 67087892480 94467828916224 94467830783345 140721715551440 0 0 0 0 4096 1088 0 0 0 17 133 0 0 1 0 0 94467831041408 94467831088344 94467838705664 140721715559182 140721715559318 140721715559318 140721715560417 0
/proc/18/statm: 6677 5781 1072 456 0 4838 0
Current children cumulated CPU time: 0.18 s
Current children cumulated vsize: 44392 KiB
Current children cumulated memory: 35652 KiB

[startup+0.700257 s]
/proc/loadavg: 4.79 15.19 20.18 8/2911 18
/proc/meminfo: memFree=496299840/527542268 swapFree=33507836/33554428
[pid=16] ppid=13 vsize=17684 memory=12528 CPUtime=0.04 cores=14-27,126-139
/proc/16/stat : 16 (python3) S 13 16 0 0 -1 4194304 1881 0 96 0 3 1 0 0 20 0 1 0 53231877 18108416 3132 67087892480 4194304 7154137 140722867923136 0 0 0 0 16781312 2 1 0 0 17 27 0 0 8 0 0 9727432 11029816 31977472 140722867927883 140722867927981 140722867927981 140722867929063 0
/proc/16/statm: 4421 3132 1523 723 0 2063 0
[pid=18] ppid=16 vsize=124268 memory=117216 CPUtime=0.54 cores=14-27,126-139
/proc/18/stat : 18 (bn4rust) R 16 16 0 0 -1 4194304 13460 0 18 0 51 3 0 0 20 0 1 0 53231891 127250432 29304 67087892480 94467828916224 94467830783345 140721715551440 0 0 0 0 4096 1088 0 0 0 17 133 0 0 1 0 0 94467831041408 94467831088344 94467838705664 140721715559182 140721715559318 140721715559318 140721715560417 0
/proc/18/statm: 31067 29304 1072 456 0 29228 0
Current children cumulated CPU time: 0.58 s
Current children cumulated vsize: 141952 KiB
Current children cumulated memory: 129744 KiB

[startup+1.50028 s]
/proc/loadavg: 4.79 15.19 20.18 8/2910 18
/proc/meminfo: memFree=495997220/527542268 swapFree=33507836/33554428
[pid=16] ppid=13 vsize=17684 memory=12528 CPUtime=0.04 cores=14-27,126-139
/proc/16/stat : 16 (python3) S 13 16 0 0 -1 4194304 1881 0 96 0 3 1 0 0 20 0 1 0 53231877 18108416 3132 67087892480 4194304 7154137 140722867923136 0 0 0 0 16781312 2 1 0 0 17 27 0 0 8 0 0 9727432 11029816 31977472 140722867927883 140722867927981 140722867927981 140722867929063 0
/proc/16/statm: 4421 3132 1523 723 0 2063 0
[pid=18] ppid=16 vsize=204480 memory=163884 CPUtime=1.33 cores=14-27,126-139
/proc/18/stat : 18 (bn4rust) R 16 16 0 0 -1 4194304 18344 0 18 0 126 7 0 0 20 0 1 0 53231891 209387520 40971 67087892480 94467828916224 94467830783345 140721715551440 0 0 0 0 4096 1088 0 0 0 17 133 0 0 1 0 0 94467831041408 94467831088344 94467838705664 140721715559182 140721715559318 140721715559318 140721715560417 0
/proc/18/statm: 51120 40971 1072 456 0 49281 0
Current children cumulated CPU time: 1.37 s
Current children cumulated vsize: 222164 KiB
Current children cumulated memory: 176412 KiB

[startup+3.10049 s]
/proc/loadavg: 4.97 15.05 20.11 8/2910 18
/proc/meminfo: memFree=495675444/527542268 swapFree=33507836/33554428
[pid=16] ppid=13 vsize=17684 memory=12528 CPUtime=0.04 cores=14-27,126-139
/proc/16/stat : 16 (python3) S 13 16 0 0 -1 4194304 1881 0 96 0 3 1 0 0 20 0 1 0 53231877 18108416 3132 67087892480 4194304 7154137 140722867923136 0 0 0 0 16781312 2 1 0 0 17 27 0 0 8 0 0 9727432 11029816 31977472 140722867927883 140722867927981 140722867927981 140722867929063 0
/proc/16/statm: 4421 3132 1523 723 0 2063 0
[pid=18] ppid=16 vsize=342544 memory=285480 CPUtime=2.93 cores=14-27,126-139
/proc/18/stat : 18 (bn4rust) R 16 16 0 0 -1 4194304 23544 0 18 0 282 11 0 0 20 0 1 0 53231891 350765056 71370 67087892480 94467828916224 94467830783345 140721715551440 0 0 0 0 4096 1088 0 0 0 17 133 0 0 1 0 0 94467831041408 94467831088344 94467838705664 140721715559182 140721715559318 140721715559318 140721715560417 0
/proc/18/statm: 85636 71370 1072 456 0 83797 0
Current children cumulated CPU time: 2.97 s
Current children cumulated vsize: 360228 KiB
Current children cumulated memory: 298008 KiB

[startup+6.30027 s]
/proc/loadavg: 4.97 15.05 20.11 10/2909 18
/proc/meminfo: memFree=495000436/527542268 swapFree=33507836/33554428
[pid=16] ppid=13 vsize=17684 memory=12528 CPUtime=0.04 cores=14-27,126-139
/proc/16/stat : 16 (python3) S 13 16 0 0 -1 4194304 1881 0 96 0 3 1 0 0 20 0 1 0 53231877 18108416 3132 67087892480 4194304 7154137 140722867923136 0 0 0 0 16781312 2 1 0 0 17 27 0 0 8 0 0 9727432 11029816 31977472 140722867927883 140722867927981 140722867927981 140722867929063 0
/proc/16/statm: 4421 3132 1523 723 0 2063 0
[pid=18] ppid=16 vsize=716464 memory=687368 CPUtime=6.11 cores=14-27,126-139
/proc/18/stat : 18 (bn4rust) R 16 16 0 0 -1 4194304 31605 0 18 0 587 24 0 0 20 0 1 0 53231891 733659136 171842 67087892480 94467828916224 94467830783345 140721715551440 0 0 0 0 4096 1088 0 0 0 17 133 0 0 1 0 0 94467831041408 94467831088344 94467838705664 140721715559182 140721715559318 140721715559318 140721715560417 0
/proc/18/statm: 179116 171842 1072 456 0 177277 0
Current children cumulated CPU time: 6.15 s
Current children cumulated vsize: 734148 KiB
Current children cumulated memory: 699896 KiB

[startup+12.7003 s]
/proc/loadavg: 5.13 14.92 20.04 9/2903 18
/proc/meminfo: memFree=493347788/527542268 swapFree=33507836/33554428
[pid=16] ppid=13 vsize=17684 memory=12528 CPUtime=0.04 cores=14-27,126-139
/proc/16/stat : 16 (python3) S 13 16 0 0 -1 4194304 1881 0 96 0 3 1 0 0 20 0 1 0 53231877 18108416 3132 67087892480 4194304 7154137 140722867923136 0 0 0 0 16781312 2 1 0 0 17 27 0 0 8 0 0 9727432 11029816 31977472 140722867927883 140722867927981 140722867927981 140722867929063 0
/proc/16/statm: 4421 3132 1523 723 0 2063 0
[pid=18] ppid=16 vsize=1399796 memory=1232932 CPUtime=12.5 cores=14-27,126-139
/proc/18/stat : 18 (bn4rust) R 16 16 0 0 -1 4194304 40571 0 18 0 1197 53 0 0 20 0 1 0 53231891 1433391104 308233 67087892480 94467828916224 94467830783345 140721715551440 0 0 0 0 4096 1088 0 0 0 17 133 0 0 1 0 0 94467831041408 94467831088344 94467838705664 140721715559182 140721715559318 140721715559318 140721715560417 0
/proc/18/statm: 349949 308233 1072 456 0 348110 0
Current children cumulated CPU time: 12.54 s
Current children cumulated vsize: 1417480 KiB
Current children cumulated memory: 1245460 KiB

[startup+25.5003 s]
/proc/loadavg: 5.77 14.58 19.85 9/2895 18
/proc/meminfo: memFree=489500340/527542268 swapFree=33507836/33554428
[pid=16] ppid=13 vsize=17684 memory=12528 CPUtime=0.04 cores=14-27,126-139
/proc/16/stat : 16 (python3) S 13 16 0 0 -1 4194304 1881 0 96 0 3 1 0 0 20 0 1 0 53231877 18108416 3132 67087892480 4194304 7154137 140722867923136 0 0 0 0 16781312 2 1 0 0 17 27 0 0 8 0 0 9727432 11029816 31977472 140722867927883 140722867927981 140722867927981 140722867929063 0
/proc/16/statm: 4421 3132 1523 723 0 2063 0
[pid=18] ppid=16 vsize=3120116 memory=2583484 CPUtime=25.26 cores=14-27,126-139
/proc/18/stat : 18 (bn4rust) R 16 16 0 0 -1 4194304 44874 0 18 0 2450 76 0 0 20 0 1 0 53231891 3194998784 645871 67087892480 94467828916224 94467830783345 140721715551440 0 0 0 0 4096 1088 0 0 0 17 133 0 0 1 0 0 94467831041408 94467831088344 94467838705664 140721715559182 140721715559318 140721715559318 140721715560417 0
/proc/18/statm: 780029 645871 1072 456 0 778190 0
Current children cumulated CPU time: 25.3 s
Current children cumulated vsize: 3137800 KiB
Current children cumulated memory: 2596012 KiB

[startup+51.1005 s]
/proc/loadavg: 6.53 14.05 19.53 9/2894 18
/proc/meminfo: memFree=487148028/527542268 swapFree=33507836/33554428
[pid=16] ppid=13 vsize=17684 memory=12528 CPUtime=0.04 cores=14-27,126-139
/proc/16/stat : 16 (python3) S 13 16 0 0 -1 4194304 1881 0 96 0 3 1 0 0 20 0 1 0 53231877 18108416 3132 67087892480 4194304 7154137 140722867923136 0 0 0 0 16781312 2 1 0 0 17 27 0 0 8 0 0 9727432 11029816 31977472 140722867927883 140722867927981 140722867927981 140722867929063 0
/proc/16/statm: 4421 3132 1523 723 0 2063 0
[pid=18] ppid=16 vsize=1766540 memory=1373672 CPUtime=50.81 cores=14-27,126-139
/proc/18/stat : 18 (bn4rust) R 16 16 0 0 -1 4194304 59518 0 18 0 4935 146 0 0 20 0 1 0 53231891 1808936960 343418 67087892480 94467828916224 94467830783345 140721715551440 0 0 0 0 4096 1088 0 0 0 17 133 0 0 1 0 0 94467831041408 94467831088344 94467838705664 140721715559182 140721715559318 140721715559318 140721715560417 0
/proc/18/statm: 441635 343418 1072 456 0 439796 0
Current children cumulated CPU time: 50.85 s
Current children cumulated vsize: 1784224 KiB
Current children cumulated memory: 1386200 KiB

[startup+102.3 s]
/proc/loadavg: 7.41 13.13 18.93 9/2894 18
/proc/meminfo: memFree=481894028/527542268 swapFree=33507836/33554428
[pid=16] ppid=13 vsize=17684 memory=12528 CPUtime=0.04 cores=14-27,126-139
/proc/16/stat : 16 (python3) S 13 16 0 0 -1 4194304 1881 0 96 0 3 1 0 0 20 0 1 0 53231877 18108416 3132 67087892480 4194304 7154137 140722867923136 0 0 0 0 16781312 2 1 0 0 17 27 0 0 8 0 0 9727432 11029816 31977472 140722867927883 140722867927981 140722867927981 140722867929063 0
/proc/16/statm: 4421 3132 1523 723 0 2063 0
[pid=18] ppid=16 vsize=3481000 memory=2728416 CPUtime=101.84 cores=14-27,126-139
/proc/18/stat : 18 (bn4rust) R 16 16 0 0 -1 4194304 84495 0 18 0 9916 268 0 0 20 0 1 0 53231891 3564544000 682104 67087892480 94467828916224 94467830783345 140721715551440 0 0 0 0 4096 1088 0 0 0 17 133 0 0 1 0 0 94467831041408 94467831088344 94467838705664 140721715559182 140721715559318 140721715559318 140721715560417 0
/proc/18/statm: 870250 682104 1072 456 0 868411 0
Current children cumulated CPU time: 101.88 s
Current children cumulated vsize: 3498684 KiB
Current children cumulated memory: 2740944 KiB

[startup+162.3 s]
/proc/loadavg: 7.83 12.21 18.25 9/2893 18
/proc/meminfo: memFree=469871904/527542268 swapFree=33507836/33554428
[pid=16] ppid=13 vsize=17684 memory=12528 CPUtime=0.04 cores=14-27,126-139
/proc/16/stat : 16 (python3) S 13 16 0 0 -1 4194304 1881 0 96 0 3 1 0 0 20 0 1 0 53231877 18108416 3132 67087892480 4194304 7154137 140722867923136 0 0 0 0 16781312 2 1 0 0 17 27 0 0 8 0 0 9727432 11029816 31977472 140722867927883 140722867927981 140722867927981 140722867929063 0
/proc/16/statm: 4421 3132 1523 723 0 2063 0
[pid=18] ppid=16 vsize=3082444 memory=1327056 CPUtime=161.64 cores=14-27,126-139
/proc/18/stat : 18 (bn4rust) R 16 16 0 0 -1 4194304 105314 0 18 0 15756 408 0 0 20 0 1 0 53231891 3156422656 331764 67087892480 94467828916224 94467830783345 140721715551440 0 0 0 0 4096 1088 0 0 0 17 133 0 0 1 0 0 94467831041408 94467831088344 94467838705664 140721715559182 140721715559318 140721715559318 140721715560417 0
/proc/18/statm: 770611 331764 1072 456 0 768772 0
Current children cumulated CPU time: 161.68 s
Current children cumulated vsize: 3100128 KiB
Current children cumulated memory: 1339584 KiB

[startup+222.3 s]
/proc/loadavg: 8.20 11.49 17.62 10/2912 18
/proc/meminfo: memFree=463926240/527542268 swapFree=33507836/33554428
[pid=16] ppid=13 vsize=17684 memory=12528 CPUtime=0.04 cores=14-27,126-139
/proc/16/stat : 16 (python3) S 13 16 0 0 -1 4194304 1881 0 96 0 3 1 0 0 20 0 1 0 53231877 18108416 3132 67087892480 4194304 7154137 140722867923136 0 0 0 0 16781312 2 1 0 0 17 27 0 0 8 0 0 9727432 11029816 31977472 140722867927883 140722867927981 140722867927981 140722867929063 0
/proc/16/statm: 4421 3132 1523 723 0 2063 0
[pid=18] ppid=16 vsize=6902160 memory=5468156 CPUtime=221.41 cores=14-27,126-139
/proc/18/stat : 18 (bn4rust) R 16 16 0 0 -1 4194304 122815 0 18 0 21604 537 0 0 20 0 1 0 53231891 7067811840 1367039 67087892480 94467828916224 94467830783345 140721715551440 0 0 0 0 4096 1088 0 0 0 17 133 0 0 1 0 0 94467831041408 94467831088344 94467838705664 140721715559182 140721715559318 140721715559318 140721715560417 0
/proc/18/statm: 1725540 1367039 1072 456 0 1723701 0
Current children cumulated CPU time: 221.45 s
Current children cumulated vsize: 6919844 KiB
Current children cumulated memory: 5480684 KiB

[startup+282.3 s]
/proc/loadavg: 8.71 11.03 17.08 10/2914 18
/proc/meminfo: memFree=462759508/527542268 swapFree=33507836/33554428
[pid=16] ppid=13 vsize=17684 memory=12528 CPUtime=0.04 cores=14-27,126-139
/proc/16/stat : 16 (python3) S 13 16 0 0 -1 4194304 1881 0 96 0 3 1 0 0 20 0 1 0 53231877 18108416 3132 67087892480 4194304 7154137 140722867923136 0 0 0 0 16781312 2 1 0 0 17 27 0 0 8 0 0 9727432 11029816 31977472 140722867927883 140722867927981 140722867927981 140722867929063 0
/proc/16/statm: 4421 3132 1523 723 0 2063 0
[pid=18] ppid=16 vsize=4026380 memory=3299880 CPUtime=281.2 cores=14-27,126-139
/proc/18/stat : 18 (bn4rust) R 16 16 0 0 -1 4194304 139246 0 18 0 27479 641 0 0 20 0 1 0 53231891 4123013120 824970 67087892480 94467828916224 94467830783345 140721715551440 0 0 0 0 4096 1088 0 0 0 17 133 0 0 1 0 0 94467831041408 94467831088344 94467838705664 140721715559182 140721715559318 140721715559318 140721715560417 0
/proc/18/statm: 1006595 824970 1072 456 0 1004756 0
Current children cumulated CPU time: 281.24 s
Current children cumulated vsize: 4044064 KiB
Current children cumulated memory: 3312408 KiB

[startup+342.3 s]
/proc/loadavg: 8.57 10.58 16.54 10/2907 18
/proc/meminfo: memFree=458552972/527542268 swapFree=33507836/33554428
[pid=16] ppid=13 vsize=17684 memory=12528 CPUtime=0.04 cores=14-27,126-139
/proc/16/stat : 16 (python3) S 13 16 0 0 -1 4194304 1881 0 96 0 3 1 0 0 20 0 1 0 53231877 18108416 3132 67087892480 4194304 7154137 140722867923136 0 0 0 0 16781312 2 1 0 0 17 27 0 0 8 0 0 9727432 11029816 31977472 140722867927883 140722867927981 140722867927981 140722867929063 0
/proc/16/statm: 4421 3132 1523 723 0 2063 0
[pid=18] ppid=16 vsize=7065360 memory=5734864 CPUtime=341 cores=14-27,126-139
/proc/18/stat : 18 (bn4rust) R 16 16 0 0 -1 4194304 155157 0 18 0 33345 755 0 0 20 0 1 0 53231891 7234928640 1433716 67087892480 94467828916224 94467830783345 140721715551440 0 0 0 0 4096 1088 0 0 0 17 21 0 0 1 0 0 94467831041408 94467831088344 94467838705664 140721715559182 140721715559318 140721715559318 140721715560417 0
/proc/18/statm: 1766340 1433716 1072 456 0 1764501 0
Current children cumulated CPU time: 341.04 s
Current children cumulated vsize: 7083044 KiB
Current children cumulated memory: 5747392 KiB

[startup+402.3 s]
/proc/loadavg: 8.21 10.12 16.01 9/2881 18
/proc/meminfo: memFree=449270484/527542268 swapFree=33507836/33554428
[pid=16] ppid=13 vsize=17684 memory=12528 CPUtime=0.04 cores=14-27,126-139
/proc/16/stat : 16 (python3) S 13 16 0 0 -1 4194304 1881 0 96 0 3 1 0 0 20 0 1 0 53231877 18108416 3132 67087892480 4194304 7154137 140722867923136 0 0 0 0 16781312 2 1 0 0 17 27 0 0 8 0 0 9727432 11029816 31977472 140722867927883 140722867927981 140722867927981 140722867929063 0
/proc/16/statm: 4421 3132 1523 723 0 2063 0
[pid=18] ppid=16 vsize=6034292 memory=5193532 CPUtime=400.83 cores=14-27,126-139
/proc/18/stat : 18 (bn4rust) R 16 16 0 0 -1 4194304 170745 0 18 0 39198 885 0 0 20 0 1 0 53231891 6179115008 1298383 67087892480 94467828916224 94467830783345 140721715551440 0 0 0 0 4096 1088 0 0 0 17 21 0 0 1 0 0 94467831041408 94467831088344 94467838705664 140721715559182 140721715559318 140721715559318 140721715560417 0
/proc/18/statm: 1508573 1298383 1072 456 0 1506734 0
Current children cumulated CPU time: 400.87 s
Current children cumulated vsize: 6051976 KiB
Current children cumulated memory: 5206060 KiB

[startup+462.3 s]
/proc/loadavg: 8.10 9.73 15.51 13/2884 18
/proc/meminfo: memFree=445856620/527542268 swapFree=33507836/33554428
[pid=16] ppid=13 vsize=17684 memory=12528 CPUtime=0.04 cores=14-27,126-139
/proc/16/stat : 16 (python3) S 13 16 0 0 -1 4194304 1881 0 96 0 3 1 0 0 20 0 1 0 53231877 18108416 3132 67087892480 4194304 7154137 140722867923136 0 0 0 0 16781312 2 1 0 0 17 27 0 0 8 0 0 9727432 11029816 31977472 140722867927883 140722867927981 140722867927981 140722867929063 0
/proc/16/statm: 4421 3132 1523 723 0 2063 0
[pid=18] ppid=16 vsize=6043500 memory=5202440 CPUtime=460.66 cores=14-27,126-139
/proc/18/stat : 18 (bn4rust) R 16 16 0 0 -1 4194304 186735 0 18 0 45050 1016 0 0 20 0 1 0 53231891 6188544000 1300610 67087892480 94467828916224 94467830783345 140721715551440 0 0 0 0 4096 1088 0 0 0 17 21 0 0 1 0 0 94467831041408 94467831088344 94467838705664 140721715559182 140721715559318 140721715559318 140721715560417 0
/proc/18/statm: 1510875 1300610 1072 456 0 1509036 0
Current children cumulated CPU time: 460.7 s
Current children cumulated vsize: 6061184 KiB
Current children cumulated memory: 5214968 KiB

[startup+522.3 s]
/proc/loadavg: 9.60 9.77 15.15 12/2926 18
/proc/meminfo: memFree=465448380/527542268 swapFree=33507836/33554428
[pid=16] ppid=13 vsize=17684 memory=12528 CPUtime=0.04 cores=14-27,126-139
/proc/16/stat : 16 (python3) S 13 16 0 0 -1 4194304 1881 0 96 0 3 1 0 0 20 0 1 0 53231877 18108416 3132 67087892480 4194304 7154137 140722867923136 0 0 0 0 16781312 2 1 0 0 17 27 0 0 8 0 0 9727432 11029816 31977472 140722867927883 140722867927981 140722867927981 140722867929063 0
/proc/16/statm: 4421 3132 1523 723 0 2063 0
[pid=18] ppid=16 vsize=6482916 memory=5017380 CPUtime=520.49 cores=14-27,126-139
/proc/18/stat : 18 (bn4rust) R 16 16 0 0 -1 4194304 206641 0 18 0 50890 1159 0 0 20 0 1 0 53231891 6638505984 1254345 67087892480 94467828916224 94467830783345 140721715551440 0 0 0 0 4096 1088 0 0 0 17 21 0 0 1 0 0 94467831041408 94467831088344 94467838705664 140721715559182 140721715559318 140721715559318 140721715560417 0
/proc/18/statm: 1620729 1254345 1072 456 0 1618890 0
Current children cumulated CPU time: 520.53 s
Current children cumulated vsize: 6500600 KiB
Current children cumulated memory: 5029908 KiB

[startup+582.3 s]
/proc/loadavg: 11.06 10.21 14.97 8/3133 18
/proc/meminfo: memFree=459138988/527542268 swapFree=33507836/33554428
[pid=16] ppid=13 vsize=17684 memory=12528 CPUtime=0.04 cores=14-27,126-139
/proc/16/stat : 16 (python3) S 13 16 0 0 -1 4194304 1881 0 96 0 3 1 0 0 20 0 1 0 53231877 18108416 3132 67087892480 4194304 7154137 140722867923136 0 0 0 0 16781312 2 1 0 0 17 27 0 0 8 0 0 9727432 11029816 31977472 140722867927883 140722867927981 140722867927981 140722867929063 0
/proc/16/statm: 4421 3132 1523 723 0 2063 0
[pid=18] ppid=16 vsize=6091348 memory=4776028 CPUtime=580.31 cores=14-27,126-139
/proc/18/stat : 18 (bn4rust) R 16 16 0 0 -1 4194304 225249 0 18 0 56726 1305 0 0 20 0 1 0 53231891 6237540352 1194007 67087892480 94467828916224 94467830783345 140721715551440 0 0 0 0 4096 1088 0 0 0 17 21 0 0 1 0 0 94467831041408 94467831088344 94467838705664 140721715559182 140721715559318 140721715559318 140721715560417 0
/proc/18/statm: 1522837 1194007 1072 456 0 1520998 0
Current children cumulated CPU time: 580.35 s
Current children cumulated vsize: 6109032 KiB
Current children cumulated memory: 4788556 KiB

[startup+642.3 s]
/proc/loadavg: 30.80 15.82 16.59 34/3975 18
/proc/meminfo: memFree=438439024/527542268 swapFree=33507836/33554428
[pid=16] ppid=13 vsize=17684 memory=12528 CPUtime=0.04 cores=14-27,126-139
/proc/16/stat : 16 (python3) S 13 16 0 0 -1 4194304 1881 0 96 0 3 1 0 0 20 0 1 0 53231877 18108416 3132 67087892480 4194304 7154137 140722867923136 0 0 0 0 16781312 2 1 0 0 17 27 0 0 8 0 0 9727432 11029816 31977472 140722867927883 140722867927981 140722867927981 140722867929063 0
/proc/16/statm: 4421 3132 1523 723 0 2063 0
[pid=18] ppid=16 vsize=13169240 memory=10505768 CPUtime=640.05 cores=14-27,126-139
/proc/18/stat : 18 (bn4rust) R 16 16 0 0 -1 4194304 236035 0 18 0 62605 1400 0 0 20 0 1 0 53231891 13485301760 2626442 67087892480 94467828916224 94467830783345 140721715551440 0 0 0 0 4096 1088 0 0 0 17 133 0 0 1 0 0 94467831041408 94467831088344 94467838705664 140721715559182 140721715559318 140721715559318 140721715560417 0
/proc/18/statm: 3292310 2626442 1072 456 0 3290471 0
Current children cumulated CPU time: 640.09 s
Current children cumulated vsize: 13186924 KiB
Current children cumulated memory: 10518296 KiB

[startup+702.3 s]
/proc/loadavg: 32.66 19.11 17.67 32/3922 18
/proc/meminfo: memFree=431466636/527542268 swapFree=33507836/33554428
[pid=16] ppid=13 vsize=17684 memory=12528 CPUtime=0.04 cores=14-27,126-139
/proc/16/stat : 16 (python3) S 13 16 0 0 -1 4194304 1881 0 96 0 3 1 0 0 20 0 1 0 53231877 18108416 3132 67087892480 4194304 7154137 140722867923136 0 0 0 0 16781312 2 1 0 0 17 27 0 0 8 0 0 9727432 11029816 31977472 140722867927883 140722867927981 140722867927981 140722867929063 0
/proc/16/statm: 4421 3132 1523 723 0 2063 0
[pid=18] ppid=16 vsize=15527208 memory=11737636 CPUtime=699.8 cores=14-27,126-139
/proc/18/stat : 18 (bn4rust) R 16 16 0 0 -1 4194304 249768 0 18 0 68477 1503 0 0 20 0 1 0 53231891 15899860992 2934409 67087892480 94467828916224 94467830783345 140721715551440 0 0 0 0 4096 1088 0 0 0 17 133 0 0 1 0 0 94467831041408 94467831088344 94467838705664 140721715559182 140721715559318 140721715559318 140721715560417 0
/proc/18/statm: 3881802 2934409 1072 456 0 3879963 0
Current children cumulated CPU time: 699.84 s
Current children cumulated vsize: 15544892 KiB
Current children cumulated memory: 11750164 KiB

[startup+762.3 s]
/proc/loadavg: 20.89 18.25 17.47 32/3028 18
/proc/meminfo: memFree=416879244/527542268 swapFree=33507836/33554428
[pid=16] ppid=13 vsize=17684 memory=12528 CPUtime=0.04 cores=14-27,126-139
/proc/16/stat : 16 (python3) S 13 16 0 0 -1 4194304 1881 0 96 0 3 1 0 0 20 0 1 0 53231877 18108416 3132 67087892480 4194304 7154137 140722867923136 0 0 0 0 16781312 2 1 0 0 17 27 0 0 8 0 0 9727432 11029816 31977472 140722867927883 140722867927981 140722867927981 140722867929063 0
/proc/16/statm: 4421 3132 1523 723 0 2063 0
[pid=18] ppid=16 vsize=12381932 memory=7946748 CPUtime=759.56 cores=14-27,126-139
/proc/18/stat : 18 (bn4rust) R 16 16 0 0 -1 4194304 267489 0 18 0 74284 1672 0 0 20 0 1 0 53231891 12679098368 1986687 67087892480 94467828916224 94467830783345 140721715551440 0 0 0 0 4096 1088 0 0 0 17 133 0 0 1 0 0 94467831041408 94467831088344 94467838705664 140721715559182 140721715559318 140721715559318 140721715560417 0
/proc/18/statm: 3095483 1986687 1072 456 0 3093644 0
Current children cumulated CPU time: 759.6 s
Current children cumulated vsize: 12399616 KiB
Current children cumulated memory: 7959276 KiB

[startup+822.3 s]
/proc/loadavg: 22.79 19.22 17.85 21/3021 18
/proc/meminfo: memFree=416538516/527542268 swapFree=33507836/33554428
[pid=16] ppid=13 vsize=17684 memory=12964 CPUtime=0.04 cores=14-27,126-139
/proc/16/stat : 16 (python3) S 13 16 0 0 -1 4194304 1881 0 96 0 3 1 0 0 20 0 1 0 53231877 18108416 3241 67087892480 4194304 7154137 140722867923136 0 0 0 0 16781312 2 1 0 0 17 27 0 0 8 0 0 9727432 11029816 31977472 140722867927883 140722867927981 140722867927981 140722867929063 0
/proc/16/statm: 4421 3241 1523 723 0 2063 0
[pid=18] ppid=16 vsize=12579416 memory=10007864 CPUtime=819.32 cores=14-27,126-139
/proc/18/stat : 18 (bn4rust) R 16 16 0 0 -1 4194304 284486 0 18 0 80136 1796 0 0 20 0 1 0 53231891 12881321984 2501966 67087892480 94467828916224 94467830783345 140721715551440 0 0 0 0 4096 1088 0 0 0 17 21 0 0 1 0 0 94467831041408 94467831088344 94467838705664 140721715559182 140721715559318 140721715559318 140721715560417 0
/proc/18/statm: 3144854 2501966 1072 456 0 3143015 0
Current children cumulated CPU time: 819.36 s
Current children cumulated vsize: 12597100 KiB
Current children cumulated memory: 10020828 KiB

[startup+882.3 s]
/proc/loadavg: 22.90 19.72 18.10 21/2988 18
/proc/meminfo: memFree=407676352/527542268 swapFree=33507836/33554428
[pid=16] ppid=13 vsize=17684 memory=12964 CPUtime=0.04 cores=14-27,126-139
/proc/16/stat : 16 (python3) S 13 16 0 0 -1 4194304 1881 0 96 0 3 1 0 0 20 0 1 0 53231877 18108416 3241 67087892480 4194304 7154137 140722867923136 0 0 0 0 16781312 2 1 0 0 17 27 0 0 8 0 0 9727432 11029816 31977472 140722867927883 140722867927981 140722867927981 140722867929063 0
/proc/16/statm: 4421 3241 1523 723 0 2063 0
[pid=18] ppid=16 vsize=7192572 memory=5826528 CPUtime=879.09 cores=14-27,126-139
/proc/18/stat : 18 (bn4rust) R 16 16 0 0 -1 4194304 296825 0 18 0 86049 1860 0 0 20 0 1 0 53231891 7365193728 1456632 67087892480 94467828916224 94467830783345 140721715551440 0 0 0 0 4096 1088 0 0 0 17 21 0 0 1 0 0 94467831041408 94467831088344 94467838705664 140721715559182 140721715559318 140721715559318 140721715560417 0
/proc/18/statm: 1798143 1456632 1072 456 0 1796304 0
Current children cumulated CPU time: 879.13 s
Current children cumulated vsize: 7210256 KiB
Current children cumulated memory: 5839492 KiB

[startup+942.3 s]
/proc/loadavg: 21.72 20.00 18.30 27/3009 18
/proc/meminfo: memFree=397089652/527542268 swapFree=33507836/33554428
[pid=16] ppid=13 vsize=17684 memory=12964 CPUtime=0.04 cores=14-27,126-139
/proc/16/stat : 16 (python3) S 13 16 0 0 -1 4194304 1881 0 96 0 3 1 0 0 20 0 1 0 53231877 18108416 3241 67087892480 4194304 7154137 140722867923136 0 0 0 0 16781312 2 1 0 0 17 27 0 0 8 0 0 9727432 11029816 31977472 140722867927883 140722867927981 140722867927981 140722867929063 0
/proc/16/statm: 4421 3241 1523 723 0 2063 0
[pid=18] ppid=16 vsize=13052520 memory=10369084 CPUtime=938.87 cores=14-27,126-139
/proc/18/stat : 18 (bn4rust) R 16 16 0 0 -1 4194304 314792 0 18 0 91849 2038 0 0 20 0 1 0 53231891 13365780480 2592271 67087892480 94467828916224 94467830783345 140721715551440 0 0 0 0 4096 1088 0 0 0 17 21 0 0 1 0 0 94467831041408 94467831088344 94467838705664 140721715559182 140721715559318 140721715559318 140721715560417 0
/proc/18/statm: 3263130 2592271 1072 456 0 3261291 0
Current children cumulated CPU time: 938.91 s
Current children cumulated vsize: 13070204 KiB
Current children cumulated memory: 10382048 KiB

[startup+1002.3 s]
/proc/loadavg: 20.21 19.84 18.35 37/2951 18
/proc/meminfo: memFree=399354536/527542268 swapFree=33507836/33554428
[pid=16] ppid=13 vsize=17684 memory=12964 CPUtime=0.04 cores=14-27,126-139
/proc/16/stat : 16 (python3) S 13 16 0 0 -1 4194304 1881 0 96 0 3 1 0 0 20 0 1 0 53231877 18108416 3241 67087892480 4194304 7154137 140722867923136 0 0 0 0 16781312 2 1 0 0 17 27 0 0 8 0 0 9727432 11029816 31977472 140722867927883 140722867927981 140722867927981 140722867929063 0
/proc/16/statm: 4421 3241 1523 723 0 2063 0
[pid=18] ppid=16 vsize=13818236 memory=10490244 CPUtime=998.61 cores=14-27,126-139
/proc/18/stat : 18 (bn4rust) R 16 16 0 0 -1 4194304 329250 0 18 0 97720 2141 0 0 20 0 1 0 53231891 14149873664 2622561 67087892480 94467828916224 94467830783345 140721715551440 0 0 0 0 4096 1088 0 0 0 17 21 0 0 1 0 0 94467831041408 94467831088344 94467838705664 140721715559182 140721715559318 140721715559318 140721715560417 0
/proc/18/statm: 3454559 2622561 1072 456 0 3452720 0
Current children cumulated CPU time: 998.65 s
Current children cumulated vsize: 13835920 KiB
Current children cumulated memory: 10503208 KiB

[startup+1062.3 s]
/proc/loadavg: 21.29 20.28 18.60 8/2880 18
/proc/meminfo: memFree=421073680/527542268 swapFree=33507836/33554428
[pid=16] ppid=13 vsize=17684 memory=12964 CPUtime=0.04 cores=14-27,126-139
/proc/16/stat : 16 (python3) S 13 16 0 0 -1 4194304 1881 0 96 0 3 1 0 0 20 0 1 0 53231877 18108416 3241 67087892480 4194304 7154137 140722867923136 0 0 0 0 16781312 2 1 0 0 17 27 0 0 8 0 0 9727432 11029816 31977472 140722867927883 140722867927981 140722867927981 140722867929063 0
/proc/16/statm: 4421 3241 1523 723 0 2063 0
[pid=18] ppid=16 vsize=18798972 memory=15583688 CPUtime=1058.34 cores=14-27,126-139
/proc/18/stat : 18 (bn4rust) R 16 16 0 0 -1 4194304 339372 0 18 0 103608 2226 0 0 20 0 1 0 53231891 19250147328 3895922 67087892480 94467828916224 94467830783345 140721715551440 0 0 0 0 4096 1088 0 0 0 17 133 0 0 1 0 0 94467831041408 94467831088344 94467838705664 140721715559182 140721715559318 140721715559318 140721715560417 0
/proc/18/statm: 4699743 3895922 1072 456 0 4697904 0
Current children cumulated CPU time: 1058.38 s
Current children cumulated vsize: 18816656 KiB
Current children cumulated memory: 15596652 KiB

[startup+1122.3 s]
/proc/loadavg: 20.69 20.10 18.63 34/2950 18
/proc/meminfo: memFree=392746112/527542268 swapFree=33507836/33554428
[pid=16] ppid=13 vsize=17684 memory=12964 CPUtime=0.04 cores=14-27,126-139
/proc/16/stat : 16 (python3) S 13 16 0 0 -1 4194304 1881 0 96 0 3 1 0 0 20 0 1 0 53231877 18108416 3241 67087892480 4194304 7154137 140722867923136 0 0 0 0 16781312 2 1 0 0 17 27 0 0 8 0 0 9727432 11029816 31977472 140722867927883 140722867927981 140722867927981 140722867929063 0
/proc/16/statm: 4421 3241 1523 723 0 2063 0
[pid=18] ppid=16 vsize=14339960 memory=11657364 CPUtime=1118.12 cores=14-27,126-139
/proc/18/stat : 18 (bn4rust) R 16 16 0 0 -1 4194304 351996 0 18 0 109490 2322 0 0 20 0 1 0 53231891 14684119040 2914341 67087892480 94467828916224 94467830783345 140721715551440 0 0 0 0 4096 1088 0 0 0 17 21 0 0 1 0 0 94467831041408 94467831088344 94467838705664 140721715559182 140721715559318 140721715559318 140721715560417 0
/proc/18/statm: 3584990 2914341 1072 456 0 3583151 0
Current children cumulated CPU time: 1118.16 s
Current children cumulated vsize: 14357644 KiB
Current children cumulated memory: 11670328 KiB

[startup+1182.3 s]
/proc/loadavg: 19.12 19.85 18.64 9/2894 18
/proc/meminfo: memFree=406229404/527542268 swapFree=33507836/33554428
[pid=16] ppid=13 vsize=17684 memory=12964 CPUtime=0.04 cores=14-27,126-139
/proc/16/stat : 16 (python3) S 13 16 0 0 -1 4194304 1881 0 96 0 3 1 0 0 20 0 1 0 53231877 18108416 3241 67087892480 4194304 7154137 140722867923136 0 0 0 0 16781312 2 1 0 0 17 27 0 0 8 0 0 9727432 11029816 31977472 140722867927883 140722867927981 140722867927981 140722867929063 0
/proc/16/statm: 4421 3241 1523 723 0 2063 0
[pid=18] ppid=16 vsize=12829488 memory=10187868 CPUtime=1177.89 cores=14-27,126-139
/proc/18/stat : 18 (bn4rust) R 16 16 0 0 -1 4194304 368535 0 18 0 115309 2480 0 0 20 0 1 0 53231891 13137395712 2546967 67087892480 94467828916224 94467830783345 140721715551440 0 0 0 0 4096 1088 0 0 0 17 21 0 0 1 0 0 94467831041408 94467831088344 94467838705664 140721715559182 140721715559318 140721715559318 140721715560417 0
/proc/18/statm: 3207372 2546967 1072 456 0 3205533 0
Current children cumulated CPU time: 1177.93 s
Current children cumulated vsize: 12847172 KiB
Current children cumulated memory: 10200832 KiB

[startup+1242.3 s]
/proc/loadavg: 18.94 19.85 18.73 31/2948 18
/proc/meminfo: memFree=406377552/527542268 swapFree=33507836/33554428
[pid=16] ppid=13 vsize=17684 memory=12964 CPUtime=0.04 cores=14-27,126-139
/proc/16/stat : 16 (python3) S 13 16 0 0 -1 4194304 1881 0 96 0 3 1 0 0 20 0 1 0 53231877 18108416 3241 67087892480 4194304 7154137 140722867923136 0 0 0 0 16781312 2 1 0 0 17 27 0 0 8 0 0 9727432 11029816 31977472 140722867927883 140722867927981 140722867927981 140722867929063 0
/proc/16/statm: 4421 3241 1523 723 0 2063 0
[pid=18] ppid=16 vsize=15582000 memory=11631720 CPUtime=1237.64 cores=14-27,126-139
/proc/18/stat : 18 (bn4rust) R 16 16 0 0 -1 4194304 376213 0 18 0 121267 2497 0 0 20 0 1 0 53231891 15955968000 2907930 67087892480 94467828916224 94467830783345 140721715551440 0 0 0 0 4096 1088 0 0 0 17 21 0 0 1 0 0 94467831041408 94467831088344 94467838705664 140721715559182 140721715559318 140721715559318 140721715560417 0
/proc/18/statm: 3895500 2907930 1072 456 0 3893661 0
Current children cumulated CPU time: 1237.68 s
Current children cumulated vsize: 15599684 KiB
Current children cumulated memory: 11644684 KiB

[startup+1302.3 s]
/proc/loadavg: 19.83 19.96 18.84 8/2857 18
/proc/meminfo: memFree=417340660/527542268 swapFree=33507836/33554428
[pid=16] ppid=13 vsize=17684 memory=12964 CPUtime=0.04 cores=14-27,126-139
/proc/16/stat : 16 (python3) S 13 16 0 0 -1 4194304 1881 0 96 0 3 1 0 0 20 0 1 0 53231877 18108416 3241 67087892480 4194304 7154137 140722867923136 0 0 0 0 16781312 2 1 0 0 17 27 0 0 8 0 0 9727432 11029816 31977472 140722867927883 140722867927981 140722867927981 140722867929063 0
/proc/16/statm: 4421 3241 1523 723 0 2063 0
[pid=18] ppid=16 vsize=13469992 memory=11064876 CPUtime=1297.42 cores=14-27,126-139
/proc/18/stat : 18 (bn4rust) R 16 16 0 0 -1 4194304 393056 0 18 0 127079 2663 0 0 20 0 1 0 53231891 13793271808 2766219 67087892480 94467828916224 94467830783345 140721715551440 0 0 0 0 4096 1088 0 0 0 17 133 0 0 1 0 0 94467831041408 94467831088344 94467838705664 140721715559182 140721715559318 140721715559318 140721715560417 0
/proc/18/statm: 3367498 2766219 1072 456 0 3365659 0
Current children cumulated CPU time: 1297.46 s
Current children cumulated vsize: 13487676 KiB
Current children cumulated memory: 11077840 KiB

[startup+1362.3 s]
/proc/loadavg: 16.73 19.06 18.60 15/3150 18
/proc/meminfo: memFree=391061896/527542268 swapFree=33507836/33554428
[pid=16] ppid=13 vsize=17684 memory=12964 CPUtime=0.04 cores=14-27,126-139
/proc/16/stat : 16 (python3) S 13 16 0 0 -1 4194304 1881 0 96 0 3 1 0 0 20 0 1 0 53231877 18108416 3241 67087892480 4194304 7154137 140722867923136 0 0 0 0 16781312 2 1 0 0 17 27 0 0 8 0 0 9727432 11029816 31977472 140722867927883 140722867927981 140722867927981 140722867929063 0
/proc/16/statm: 4421 3241 1523 723 0 2063 0
[pid=18] ppid=16 vsize=19237160 memory=16069764 CPUtime=1357.22 cores=14-27,126-139
/proc/18/stat : 18 (bn4rust) R 16 16 0 0 -1 4194304 404508 0 18 0 132968 2754 0 0 20 0 1 0 53231891 19698851840 4017441 67087892480 94467828916224 94467830783345 140721715551440 0 0 0 0 4096 1088 0 0 0 17 133 0 0 1 0 0 94467831041408 94467831088344 94467838705664 140721715559182 140721715559318 140721715559318 140721715560417 0
/proc/18/statm: 4809290 4017441 1072 456 0 4807451 0
Current children cumulated CPU time: 1357.26 s
Current children cumulated vsize: 19254844 KiB
Current children cumulated memory: 16082728 KiB

[startup+1422.3 s]
/proc/loadavg: 14.94 18.13 18.31 14/3152 18
/proc/meminfo: memFree=413262456/527542268 swapFree=33507836/33554428
[pid=16] ppid=13 vsize=17684 memory=12964 CPUtime=0.04 cores=14-27,126-139
/proc/16/stat : 16 (python3) S 13 16 0 0 -1 4194304 1881 0 96 0 3 1 0 0 20 0 1 0 53231877 18108416 3241 67087892480 4194304 7154137 140722867923136 0 0 0 0 16781312 2 1 0 0 17 27 0 0 8 0 0 9727432 11029816 31977472 140722867927883 140722867927981 140722867927981 140722867929063 0
/proc/16/statm: 4421 3241 1523 723 0 2063 0
[pid=18] ppid=16 vsize=15761852 memory=12353228 CPUtime=1417.02 cores=14-27,126-139
/proc/18/stat : 18 (bn4rust) R 16 16 0 0 -1 4194304 419570 0 18 0 138840 2862 0 0 20 0 1 0 53231891 16140136448 3088307 67087892480 94467828916224 94467830783345 140721715551440 0 0 0 0 4096 1088 0 0 0 17 133 0 0 1 0 0 94467831041408 94467831088344 94467838705664 140721715559182 140721715559318 140721715559318 140721715560417 0
/proc/18/statm: 3940463 3088307 1072 456 0 3938624 0
Current children cumulated CPU time: 1417.06 s
Current children cumulated vsize: 15779536 KiB
Current children cumulated memory: 12366192 KiB

[startup+1482.3 s]
/proc/loadavg: 14.54 17.44 18.06 14/3156 18
/proc/meminfo: memFree=412693612/527542268 swapFree=33507836/33554428
[pid=16] ppid=13 vsize=17684 memory=12964 CPUtime=0.04 cores=14-27,126-139
/proc/16/stat : 16 (python3) S 13 16 0 0 -1 4194304 1881 0 96 0 3 1 0 0 20 0 1 0 53231877 18108416 3241 67087892480 4194304 7154137 140722867923136 0 0 0 0 16781312 2 1 0 0 17 27 0 0 8 0 0 9727432 11029816 31977472 140722867927883 140722867927981 140722867927981 140722867929063 0
/proc/16/statm: 4421 3241 1523 723 0 2063 0
[pid=18] ppid=16 vsize=15768936 memory=11958552 CPUtime=1476.83 cores=14-27,126-139
/proc/18/stat : 18 (bn4rust) R 16 16 0 0 -1 4194304 433532 0 18 0 144715 2968 0 0 20 0 1 0 53231891 16147390464 2989638 67087892480 94467828916224 94467830783345 140721715551440 0 0 0 0 4096 1088 0 0 0 17 133 0 0 1 0 0 94467831041408 94467831088344 94467838705664 140721715559182 140721715559318 140721715559318 140721715560417 0
/proc/18/statm: 3942234 2989638 1072 456 0 3940395 0
Current children cumulated CPU time: 1476.87 s
Current children cumulated vsize: 15786620 KiB
Current children cumulated memory: 11971516 KiB

[startup+1542.3 s]
/proc/loadavg: 11.16 16.01 17.53 9/2902 18
/proc/meminfo: memFree=404315768/527542268 swapFree=33507836/33554428
[pid=16] ppid=13 vsize=17684 memory=12964 CPUtime=0.04 cores=14-27,126-139
/proc/16/stat : 16 (python3) S 13 16 0 0 -1 4194304 1881 0 96 0 3 1 0 0 20 0 1 0 53231877 18108416 3241 67087892480 4194304 7154137 140722867923136 0 0 0 0 16781312 2 1 0 0 17 27 0 0 8 0 0 9727432 11029816 31977472 140722867927883 140722867927981 140722867927981 140722867929063 0
/proc/16/statm: 4421 3241 1523 723 0 2063 0
[pid=18] ppid=16 vsize=26778984 memory=21275808 CPUtime=1536.64 cores=14-27,126-139
/proc/18/stat : 18 (bn4rust) R 16 16 0 0 -1 4194304 448793 0 18 0 150513 3151 0 0 20 0 1 0 53231891 27421679616 5318952 67087892480 94467828916224 94467830783345 140721715551440 0 0 0 0 4096 1088 0 0 0 17 21 0 0 1 0 0 94467831041408 94467831088344 94467838705664 140721715559182 140721715559318 140721715559318 140721715560417 0
/proc/18/statm: 6694746 5318952 1072 456 0 6692907 0
Current children cumulated CPU time: 1536.68 s
Current children cumulated vsize: 26796668 KiB
Current children cumulated memory: 21288772 KiB

[startup+1602.3 s]
/proc/loadavg: 9.21 14.57 16.94 9/2897 18
/proc/meminfo: memFree=401928744/527542268 swapFree=33507836/33554428
[pid=16] ppid=13 vsize=17684 memory=12964 CPUtime=0.04 cores=14-27,126-139
/proc/16/stat : 16 (python3) S 13 16 0 0 -1 4194304 1881 0 96 0 3 1 0 0 20 0 1 0 53231877 18108416 3241 67087892480 4194304 7154137 140722867923136 0 0 0 0 16781312 2 1 0 0 17 27 0 0 8 0 0 9727432 11029816 31977472 140722867927883 140722867927981 140722867927981 140722867929063 0
/proc/16/statm: 4421 3241 1523 723 0 2063 0
[pid=18] ppid=16 vsize=25554080 memory=20526964 CPUtime=1596.44 cores=14-27,126-139
/proc/18/stat : 18 (bn4rust) R 16 16 0 0 -1 4194304 470480 0 18 0 156319 3325 0 0 20 0 1 0 53231891 26167377920 5131741 67087892480 94467828916224 94467830783345 140721715551440 0 0 0 0 4096 1088 0 0 0 17 133 0 0 1 0 0 94467831041408 94467831088344 94467838705664 140721715559182 140721715559318 140721715559318 140721715560417 0
/proc/18/statm: 6388520 5131741 1072 456 0 6386681 0
Current children cumulated CPU time: 1596.48 s
Current children cumulated vsize: 25571764 KiB
Current children cumulated memory: 20539928 KiB

[startup+1662.3 s]
/proc/loadavg: 8.45 13.37 16.37 9/2890 18
/proc/meminfo: memFree=395725180/527542268 swapFree=33507836/33554428
[pid=16] ppid=13 vsize=17684 memory=12964 CPUtime=0.04 cores=14-27,126-139
/proc/16/stat : 16 (python3) S 13 16 0 0 -1 4194304 1881 0 96 0 3 1 0 0 20 0 1 0 53231877 18108416 3241 67087892480 4194304 7154137 140722867923136 0 0 0 0 16781312 2 1 0 0 17 27 0 0 8 0 0 9727432 11029816 31977472 140722867927883 140722867927981 140722867927981 140722867929063 0
/proc/16/statm: 4421 3241 1523 723 0 2063 0
[pid=18] ppid=16 vsize=27913376 memory=22282300 CPUtime=1656.24 cores=14-27,126-139
/proc/18/stat : 18 (bn4rust) R 16 16 0 0 -1 4194304 480217 0 18 0 162280 3344 0 0 20 0 1 0 53231891 28583297024 5570575 67087892480 94467828916224 94467830783345 140721715551440 0 0 0 0 4096 1088 0 0 0 17 21 0 0 1 0 0 94467831041408 94467831088344 94467838705664 140721715559182 140721715559318 140721715559318 140721715560417 0
/proc/18/statm: 6978344 5570575 1072 456 0 6976505 0
Current children cumulated CPU time: 1656.28 s
Current children cumulated vsize: 27931060 KiB
Current children cumulated memory: 22295264 KiB

[startup+1722.3 s]
/proc/loadavg: 8.78 12.51 15.89 11/2896 18
/proc/meminfo: memFree=377706296/527542268 swapFree=33507836/33554428
[pid=16] ppid=13 vsize=17684 memory=12964 CPUtime=0.04 cores=14-27,126-139
/proc/16/stat : 16 (python3) S 13 16 0 0 -1 4194304 1881 0 96 0 3 1 0 0 20 0 1 0 53231877 18108416 3241 67087892480 4194304 7154137 140722867923136 0 0 0 0 16781312 2 1 0 0 17 27 0 0 8 0 0 9727432 11029816 31977472 140722867927883 140722867927981 140722867927981 140722867929063 0
/proc/16/statm: 4421 3241 1523 723 0 2063 0
[pid=18] ppid=16 vsize=31059104 memory=23617600 CPUtime=1716.05 cores=14-27,126-139
/proc/18/stat : 18 (bn4rust) R 16 16 0 0 -1 4194304 491108 0 18 0 168244 3361 0 0 20 0 1 0 53231891 31804522496 5904400 67087892480 94467828916224 94467830783345 140721715551440 0 0 0 0 4096 1088 0 0 0 17 21 0 0 1 0 0 94467831041408 94467831088344 94467838705664 140721715559182 140721715559318 140721715559318 140721715560417 0
/proc/18/statm: 7764776 5904400 1072 456 0 7762937 0
Current children cumulated CPU time: 1716.09 s
Current children cumulated vsize: 31076788 KiB
Current children cumulated memory: 23630564 KiB

[startup+1782.3 s]
/proc/loadavg: 8.40 11.77 15.42 8/2846 18
/proc/meminfo: memFree=439869672/527542268 swapFree=33507324/33554428
[pid=16] ppid=13 vsize=17684 memory=12964 CPUtime=0.04 cores=14-27,126-139
/proc/16/stat : 16 (python3) S 13 16 0 0 -1 4194304 1881 0 96 0 3 1 0 0 20 0 1 0 53231877 18108416 3241 67087892480 4194304 7154137 140722867923136 0 0 0 0 16781312 2 1 0 0 17 27 0 0 8 0 0 9727432 11029816 31977472 140722867927883 140722867927981 140722867927981 140722867929063 0
/proc/16/statm: 4421 3241 1523 723 0 2063 0
[pid=18] ppid=16 vsize=37874848 memory=31709248 CPUtime=1775.87 cores=14-27,126-139
/proc/18/stat : 18 (bn4rust) R 16 16 0 0 -1 4194304 511186 0 18 0 174081 3506 0 0 20 0 1 0 53231891 38783844352 7927312 67087892480 94467828916224 94467830783345 140721715551440 0 0 0 0 4096 1088 0 0 0 17 21 0 0 1 0 0 94467831041408 94467831088344 94467838705664 140721715559182 140721715559318 140721715559318 140721715560417 0
/proc/18/statm: 9468712 7927312 1072 456 0 9466873 0
Current children cumulated CPU time: 1775.91 s
Current children cumulated vsize: 37892532 KiB
Current children cumulated memory: 31722212 KiB



Maximum wall clock time exceeded: sending SIGTERM then SIGKILL

[startup+1800 s]*
/proc/loadavg: 8.23 11.51 15.25 9/2879 18
/proc/meminfo: memFree=448608364/527542268 swapFree=33507324/33554428
[pid=16] ppid=13 vsize=17684 memory=12964 CPUtime=0.04 cores=14-27,126-139
/proc/16/stat : 16 (python3) S 13 16 0 0 -1 4194304 1881 0 96 0 3 1 0 0 20 0 1 0 53231877 18108416 3241 67087892480 4194304 7154137 140722867923136 0 0 0 0 16781312 2 1 0 0 17 27 0 0 8 0 0 9727432 11029816 31977472 140722867927883 140722867927981 140722867927981 140722867929063 0
/proc/16/statm: 4421 3241 1523 723 0 2063 0
[pid=18] ppid=16 vsize=37874848 memory=32120896 CPUtime=1793.51 cores=14-27,126-139
/proc/18/stat : 18 (bn4rust) R 16 16 0 0 -1 4194304 514974 0 18 0 175841 3510 0 0 20 0 1 0 53231891 38783844352 8030224 67087892480 94467828916224 94467830783345 140721715551440 0 0 0 0 4096 1088 0 0 0 17 21 0 0 1 0 0 94467831041408 94467831088344 94467838705664 140721715559182 140721715559318 140721715559318 140721715560417 0
/proc/18/statm: 9468712 8030224 1072 456 0 9466873 0
Current children cumulated CPU time: 1793.55 s
Current children cumulated vsize: 37892532 KiB
Current children cumulated memory: 32133860 KiB

Sending SIGTERM to process tree (bottom up)
Sleeping 2 seconds

[startup+1800.01 s]
# the end of solver process 16 was just reported to runsolver
# cumulated CPU time of all completed processes:  user=0.030669 s, system=0.014433 s

[startup+1800.22 s]
# the end of solver process 18 was just reported to runsolver
# cumulated CPU time of all completed processes:  user=1758.45 s, system=35.3375 s
# this solver process was not waited by its parent and was adopted by runsolver

Solver just ended.
??? end of watcher thread
Dumping a history of the last processes samples

[startup+1800.2 s]
/proc/loadavg: 8.23 11.51 15.25 7/2864 18
/proc/meminfo: memFree=474106392/527542268 swapFree=33507324/33554428
Current cumulated CPU time of completed processes: 0.045102 s
Current children cumulated CPU time: 0 s
Current children cumulated vsize: 0 KiB
Current children cumulated memory: 0 KiB

Child ended because it received signal 15 (SIGTERM)
Real time (s): 1800.22
CPU time (s): 1793.79
CPU user time (s): 1758.45
CPU system time (s): 35.3375
CPU usage (%): 99.6429
Max. virtual memory (cumulated for all children) (KiB): 44708280
Max. memory (cumulated for all children) (KiB): 37557428

getrusage(RUSAGE_CHILDREN,...) data:
user time used= 1758.45
system time used= 35.3375
maximum resident set size= 37730204
integral shared memory size= 0
integral unshared data size= 0
integral unshared stack size= 0
page reclaims= 516855
page faults= 114
swaps= 0
block input operations= 19568
block output operations= 0
messages sent= 0
messages received= 0
signals received= 0
voluntary context switches= 958
involuntary context switches= 6230


# summary of solver processes directly reported to runsolver:
#   pid: 16,18
#   total CPU time (s): 1793.79
#   total CPU user time (s): 1758.45
#   total CPU system time (s): 35.3375

??? join timestamper begins
??? join timestamper ends
??? end of timestamper thread
runsolver used 0.426514 second user time and 3.01431 second system time

The end
