runsolver version 3.4.1 (svn: 3018) Copyright (C) 2010-2013 Olivier ROUSSEL

This program is distributed in the hope that it will be useful,
but WITHOUT ANY WARRANTY; without even the implied warranty of
MERCHANTABILITY or FITNESS FOR A PARTICULAR PURPOSE.  See the
GNU General Public License for more details.

NUMA information:
  number of nodes: 8
  memory of node 0: 63700 MiB (41738 MiB free)
  memory of node 1: 64504 MiB (44252 MiB free)
  memory of node 2: 64504 MiB (44310 MiB free)
  memory of node 3: 64504 MiB (60397 MiB free)
  memory of node 4: 64504 MiB (41539 MiB free)
  memory of node 5: 64461 MiB (43850 MiB free)
  memory of node 6: 64504 MiB (62648 MiB free)
  memory of node 7: 64491 MiB (44616 MiB free)
  node distances:
     10  12  12  12  21  21  21  21
     12  10  12  12  21  21  21  21
     12  12  10  12  21  21  21  21
     12  12  12  10  21  21  21  21
     21  21  21  21  10  12  12  12
     21  21  21  21  12  10  12  12
     21  21  21  21  12  12  10  12
     21  21  21  21  12  12  12  10

command line: /usr/local/bin/runsolver --timestamp -w /output/runsolver-watch.log -v /output/runsolver-values.log -o /output/solver-output.log -C 1800.0 -W 1800.0 -R 64000 /opt/solver/run_pyboolnet.py --instance /input/model_053.bnet 

running on 28 cores: 44-55,156-167,97-98,209-210

Enforcing CPUTime limit (soft limit, will send SIGTERM then SIGKILL): 1800 seconds
Enforcing CPUTime limit (hard limit, will send SIGXCPU): 1830 seconds
Enforcing wall clock limit (soft limit, will send SIGTERM then SIGKILL): 1800 seconds
Enforcing RSS+Swap limit (soft limit, will send SIGTERM then SIGKILL): 65536000 KiB
Linux 4.18.0-553.126.1.el8_10.x86_64
Current StackSize limit: 18014398509481983 KiB

solver pid=16, runsolver pid=13

[startup+0.100098 s]*
/proc/loadavg: 75.69 76.03 76.38 77/3010 17
/proc/meminfo: memFree=392545060/527542272 swapFree=32708860/33554428
[pid=16] ppid=13 vsize=13900 memory=8740 CPUtime=0.01 cores=44-55,97-98,156-167,209-210
/proc/16/stat : 16 (python3) R 13 16 0 0 -1 4194304 974 0 56 0 1 0 0 0 20 0 1 0 522628765 14233600 2185 67087892480 94014574518272 94014577788973 140722295413488 0 0 0 0 16781312 2 0 0 0 17 47 0 0 6 0 0 94014580152336 94014580436376 94014595497984 140722295421697 140722295421767 140722295421767 140722295422951 0
/proc/16/statm: 3475 2185 1389 799 0 1094 0
Current children cumulated CPU time: 0.01 s
Current children cumulated vsize: 13900 KiB
Current children cumulated memory: 8740 KiB

[startup+0.200719 s]*
/proc/loadavg: 75.69 76.03 76.38 76/3010 17
/proc/meminfo: memFree=392535844/527542272 swapFree=32708860/33554428
[pid=16] ppid=13 vsize=18456 memory=12876 CPUtime=0.05 cores=44-55,97-98,156-167,209-210
/proc/16/stat : 16 (python3) D 13 16 0 0 -1 4194304 1972 0 73 0 4 1 0 0 20 0 1 0 522628765 18898944 3219 67087892480 94014574518272 94014577788973 140722295413488 0 0 0 0 16781312 2 0 0 0 17 47 0 0 11 0 0 94014580152336 94014580436376 94014595497984 140722295421697 140722295421767 140722295421767 140722295422951 0
/proc/16/statm: 4614 3219 1526 799 0 2142 0
Current children cumulated CPU time: 0.05 s
Current children cumulated vsize: 18456 KiB
Current children cumulated memory: 12876 KiB

[startup+0.300535 s]*
/proc/loadavg: 75.69 76.03 76.38 77/3010 17
/proc/meminfo: memFree=392524628/527542272 swapFree=32708860/33554428
[pid=16] ppid=13 vsize=22728 memory=17300 CPUtime=0.11 cores=44-55,97-98,156-167,209-210
/proc/16/stat : 16 (python3) R 13 16 0 0 -1 4194304 3068 0 80 0 8 3 0 0 20 0 1 0 522628765 23273472 4325 67087892480 94014574518272 94014577788973 140722295413488 0 0 0 0 16781312 2 0 0 0 17 209 0 0 14 0 0 94014580152336 94014580436376 94014595497984 140722295421697 140722295421767 140722295421767 140722295422951 0
/proc/16/statm: 5682 4325 1613 799 0 3194 0
Current children cumulated CPU time: 0.11 s
Current children cumulated vsize: 22728 KiB
Current children cumulated memory: 17300 KiB

[startup+0.700253 s]
/proc/loadavg: 75.69 76.03 76.38 77/3010 17
/proc/meminfo: memFree=392504972/527542272 swapFree=32708860/33554428
[pid=16] ppid=13 vsize=113780 memory=35380 CPUtime=0.24 cores=44-55,97-98,156-167,209-210
/proc/16/stat : 16 (python3) D 13 16 0 0 -1 4194304 6225 0 172 0 16 8 0 0 20 0 1 0 522628765 116510720 8845 67087892480 94014574518272 94014577788973 140722295413488 0 0 0 0 16781312 2 0 0 0 17 97 0 0 35 0 0 94014580152336 94014580436376 94014595497984 140722295421697 140722295421767 140722295421767 140722295422951 0
/proc/16/statm: 28445 8845 3042 799 0 14593 0
Current children cumulated CPU time: 0.24 s
Current children cumulated vsize: 113780 KiB
Current children cumulated memory: 35380 KiB

[startup+1.50024 s]
/proc/loadavg: 75.69 76.03 76.38 77/3010 17
/proc/meminfo: memFree=392419920/527542272 swapFree=32708860/33554428
[pid=16] ppid=13 vsize=216284 memory=65872 CPUtime=0.73 cores=44-55,97-98,156-167,209-210
/proc/16/stat : 16 (python3) R 13 16 0 0 -1 4194304 11965 0 298 0 58 15 0 0 20 0 1 0 522628765 221474816 16468 67087892480 94014574518272 94014577788973 140722295413488 0 0 0 0 16781312 2 0 0 0 17 209 0 0 62 0 0 94014580152336 94014580436376 94014595497984 140722295421697 140722295421767 140722295421767 140722295422951 0
/proc/16/statm: 54071 16468 5216 799 0 20778 0
Current children cumulated CPU time: 0.73 s
Current children cumulated vsize: 216284 KiB
Current children cumulated memory: 65872 KiB

[startup+1.97424 s]
# the end of solver process 16 was just reported to runsolver
# cumulated CPU time of all completed processes:  user=0.899279 s, system=0.180436 s

Solver just ended.
??? end of watcher thread
Dumping a history of the last processes samples

[startup+1.60032 s]
/proc/loadavg: 75.69 76.03 76.38 77/3010 17
/proc/meminfo: memFree=392419920/527542272 swapFree=32708860/33554428
[pid=16] ppid=13 vsize=219000 memory=69300 CPUtime=0.82 cores=44-55,97-98,156-167,209-210
/proc/16/stat : 16 (python3) R 13 16 0 0 -1 4194304 12841 0 298 0 66 16 0 0 20 0 1 0 522628765 224256000 17325 67087892480 94014574518272 94014577788973 140722295413488 0 0 0 0 16781312 2 0 0 0 17 209 0 0 63 0 0 94014580152336 94014580436376 94014595497984 140722295421697 140722295421767 140722295421767 140722295422951 0
/proc/16/statm: 54750 17325 5216 799 0 21457 0
Current children cumulated CPU time: 0.82 s
Current children cumulated vsize: 219000 KiB
Current children cumulated memory: 69300 KiB

[startup+1.80023 s]
/proc/loadavg: 75.69 76.03 76.38 77/3010 17
/proc/meminfo: memFree=392419920/527542272 swapFree=32708860/33554428
[pid=16] ppid=13 vsize=220980 memory=71160 CPUtime=0.91 cores=44-55,97-98,156-167,209-210
/proc/16/stat : 16 (python3) S 13 16 0 0 -1 4194304 13314 236 298 4 71 16 4 0 20 0 1 0 522628765 226283520 17790 67087892480 94014574518272 94014577788973 140722295413488 0 0 0 0 16781312 2 1 0 0 17 97 0 0 63 0 0 94014580152336 94014580436376 94014595497984 140722295421697 140722295421767 140722295421767 140722295422951 0
/proc/16/statm: 55245 17790 5216 799 0 21952 0
Current children cumulated CPU time: 0.91 s
Current children cumulated vsize: 220980 KiB
Current children cumulated memory: 71160 KiB

[startup+1.90024 s]
/proc/loadavg: 75.69 76.03 76.38 77/3010 17
/proc/meminfo: memFree=392419920/527542272 swapFree=32708860/33554428
[pid=16] ppid=13 vsize=220980 memory=71160 CPUtime=1 cores=44-55,97-98,156-167,209-210
/proc/16/stat : 16 (python3) R 13 16 0 0 -1 4194304 13319 1783 299 78 73 16 10 1 20 0 1 0 522628765 226283520 17790 67087892480 94014574518272 94014577788973 140722295413488 0 0 0 0 16781312 0 0 0 0 17 209 0 0 63 0 0 94014580152336 94014580436376 94014595497984 140722295421697 140722295421767 140722295421767 140722295422951 0
/proc/16/statm: 55245 17790 5216 799 0 21952 0
Current children cumulated CPU time: 1 s
Current children cumulated vsize: 220980 KiB
Current children cumulated memory: 71160 KiB

Child status: 0
Real time (s): 1.97428
CPU time (s): 1.07972
CPU user time (s): 0.899279
CPU system time (s): 0.180436
CPU usage (%): 54.689
Max. virtual memory (cumulated for all children) (KiB): 220980
Max. memory (cumulated for all children) (KiB): 71160

getrusage(RUSAGE_CHILDREN,...) data:
user time used= 0.899279
system time used= 0.180436
maximum resident set size= 71160
integral shared memory size= 0
integral unshared data size= 0
integral unshared stack size= 0
page reclaims= 15121
page faults= 385
swaps= 0
block input operations= 106136
block output operations= 0
messages sent= 0
messages received= 0
signals received= 0
voluntary context switches= 10307
involuntary context switches= 1


# summary of solver processes directly reported to runsolver:
#   pid: 16
#   total CPU time (s): 1.07972
#   total CPU user time (s): 0.899279
#   total CPU system time (s): 0.180436

??? join timestamper begins
??? join timestamper ends
??? end of timestamper thread
runsolver used 0.000714 second user time and 0.01376 second system time

The end
