runsolver version 3.4.1 (svn: 3018) Copyright (C) 2010-2013 Olivier ROUSSEL

This program is distributed in the hope that it will be useful,
but WITHOUT ANY WARRANTY; without even the implied warranty of
MERCHANTABILITY or FITNESS FOR A PARTICULAR PURPOSE.  See the
GNU General Public License for more details.

NUMA information:
  number of nodes: 8
  memory of node 0: 63700 MiB (33418 MiB free)
  memory of node 1: 64504 MiB (60836 MiB free)
  memory of node 2: 64504 MiB (61010 MiB free)
  memory of node 3: 64504 MiB (41090 MiB free)
  memory of node 4: 64504 MiB (60852 MiB free)
  memory of node 5: 64504 MiB (20028 MiB free)
  memory of node 6: 64461 MiB (55451 MiB free)
  memory of node 7: 64491 MiB (45301 MiB free)
  node distances:
     10  12  12  12  21  21  21  21
     12  10  12  12  21  21  21  21
     12  12  10  12  21  21  21  21
     12  12  12  10  21  21  21  21
     21  21  21  21  10  12  12  12
     21  21  21  21  12  10  12  12
     21  21  21  21  12  12  10  12
     21  21  21  21  12  12  12  10

command line: /usr/local/bin/runsolver --timestamp -w /output/runsolver-watch.log -v /output/runsolver-values.log -o /output/solver-output.log -C 1800.0 -W 1800.0 -R 64000 /opt/solver/run_bn4rust.py --mode cyber-complement-gfp-plus-sink-scc --instance /input/model_091.bnet 

running on 28 cores: 52-55,164-167,84-93,196-205

Enforcing CPUTime limit (soft limit, will send SIGTERM then SIGKILL): 1800 seconds
Enforcing CPUTime limit (hard limit, will send SIGXCPU): 1830 seconds
Enforcing wall clock limit (soft limit, will send SIGTERM then SIGKILL): 1800 seconds
Enforcing RSS+Swap limit (soft limit, will send SIGTERM then SIGKILL): 65536000 KiB
Linux 4.18.0-553.159.1.el8_10.x86_64
solver pid=16, runsolver pid=13
Current StackSize limit: 18014398509481983 KiB


[startup+0.100066 s]*
/proc/loadavg: 33.93 35.33 34.59 33/3005 17
/proc/meminfo: memFree=387035220/527542272 swapFree=32904444/33554428
[pid=16] ppid=13 vsize=15748 memory=9984 CPUtime=0.02 cores=52-55,84-93,164-167,196-205
/proc/16/stat : 16 (python3) S 13 16 0 0 -1 4194304 1376 0 81 0 2 0 0 0 20 0 1 0 53889326 16125952 2496 67087892480 4194304 7154137 140721100963456 0 0 0 0 16781312 2 1 0 0 17 84 0 0 6 0 0 9727432 11029816 28295168 140721100966719 140721100966829 140721100966829 140721100967911 0
/proc/16/statm: 3937 2496 1395 723 0 1673 0
Current children cumulated CPU time: 0.02 s
Current children cumulated vsize: 15748 KiB
Current children cumulated memory: 9984 KiB

[startup+0.177243 s]
# the end of solver process 16 was just reported to runsolver
# cumulated CPU time of all completed processes:  user=0.044733 s, system=0.019325 s

Solver just ended.
??? end of watcher thread
Dumping a history of the last processes samples

[startup+0.100066 s]*
/proc/loadavg: 33.93 35.33 34.59 33/3005 17
/proc/meminfo: memFree=387035220/527542272 swapFree=32904444/33554428
[pid=16] ppid=13 vsize=15748 memory=9984 CPUtime=0.02 cores=52-55,84-93,164-167,196-205
/proc/16/stat : 16 (python3) S 13 16 0 0 -1 4194304 1376 0 81 0 2 0 0 0 20 0 1 0 53889326 16125952 2496 67087892480 4194304 7154137 140721100963456 0 0 0 0 16781312 2 1 0 0 17 84 0 0 6 0 0 9727432 11029816 28295168 140721100966719 140721100966829 140721100966829 140721100967911 0
/proc/16/statm: 3937 2496 1395 723 0 1673 0
Current children cumulated CPU time: 0.02 s
Current children cumulated vsize: 15748 KiB
Current children cumulated memory: 9984 KiB

Child status: 0
Real time (s): 0.177277
CPU time (s): 0.064058
CPU user time (s): 0.044733
CPU system time (s): 0.019325
CPU usage (%): 36.1344
Max. virtual memory (cumulated for all children) (KiB): 15748
Max. memory (cumulated for all children) (KiB): 9984

getrusage(RUSAGE_CHILDREN,...) data:
user time used= 0.044733
system time used= 0.019325
maximum resident set size= 12628
integral shared memory size= 0
integral unshared data size= 0
integral unshared stack size= 0
page reclaims= 2100
page faults= 116
swaps= 0
block input operations= 20008
block output operations= 0
messages sent= 0
messages received= 0
signals received= 0
voluntary context switches= 964
involuntary context switches= 2


# summary of solver processes directly reported to runsolver:
#   pid: 16
#   total CPU time (s): 0.064058
#   total CPU user time (s): 0.044733
#   total CPU system time (s): 0.019325

??? join timestamper begins
??? join timestamper ends
??? end of timestamper thread
runsolver used 0.002186 second user time and 0.006569 second system time

The end
