# WCTIME: wall clock time in seconds
WCTIME=1800.01
# CPUTIME: CPU time in seconds (USERTIME+SYSTEMTIME)
CPUTIME=1791.56
# USERTIME: CPU time spent in user mode in seconds
USERTIME=1763.37
# SYSTEMTIME: CPU time spent in system mode in seconds
SYSTEMTIME=28.1898
# CPUUSAGE: CPUTIME/WCTIME in percent
CPUUSAGE=99.531
# MAXVM: maximum virtual memory used in KiB
MAXVM=2466852
# MAXMM: maximum memory used in KiB
MAXMM=2083600
# MAXRSS: maximum Resident Segment Size in KiB
MAXRSS=2243388
# TIMEOUT: did the solver exceed the time limit?
TIMEOUT=true
# MEMOUT: did the solver exceed the memory limit?
MEMOUT=false
# EXITSTATUS: Exit status of the solver
EXITSTATUS=15
