runsolver version 3.4.1 (svn: 3018) Copyright (C) 2010-2013 Olivier ROUSSEL

This program is distributed in the hope that it will be useful,
but WITHOUT ANY WARRANTY; without even the implied warranty of
MERCHANTABILITY or FITNESS FOR A PARTICULAR PURPOSE.  See the
GNU General Public License for more details.

NUMA information:
  number of nodes: 8
  memory of node 0: 63700 MiB (60452 MiB free)
  memory of node 1: 64461 MiB (59973 MiB free)
  memory of node 2: 64504 MiB (62032 MiB free)
  memory of node 3: 64504 MiB (59070 MiB free)
  memory of node 4: 64504 MiB (62183 MiB free)
  memory of node 5: 64504 MiB (61707 MiB free)
  memory of node 6: 64504 MiB (62087 MiB free)
  memory of node 7: 64491 MiB (61691 MiB free)
  node distances:
     10  12  12  12  21  21  21  21
     12  10  12  12  21  21  21  21
     12  12  10  12  21  21  21  21
     12  12  12  10  21  21  21  21
     21  21  21  21  10  12  12  12
     21  21  21  21  12  10  12  12
     21  21  21  21  12  12  10  12
     21  21  21  21  12  12  12  10

command line: /usr/local/bin/runsolver --timestamp -w /output/runsolver-watch.log -v /output/runsolver-values.log -o /output/solver-output.log -C 1800.0 -W 1800.0 -R 64000 /opt/solver/run_bn4rust.py --mode cyber-complement-gfp --instance /input/model_143.bnet 

running on 15 cores: 60-64,77-80,83,189-192,195

Enforcing CPUTime limit (soft limit, will send SIGTERM then SIGKILL): 1800 seconds
Enforcing CPUTime limit (hard limit, will send SIGXCPU): 1830 seconds
Enforcing wall clock limit (soft limit, will send SIGTERM then SIGKILL): 1800 seconds
Enforcing RSS+Swap limit (soft limit, will send SIGTERM then SIGKILL): 65536000 KiB
Linux 4.18.0-553.159.1.el8_10.x86_64
Current StackSize limit: 18014398509481983 KiB

solver pid=16, runsolver pid=13

[startup+0.100068 s]*
/proc/loadavg: 36.32 45.70 52.13 40/2999 17
/proc/meminfo: memFree=500878788/527542216 swapFree=33431292/33554428
[pid=16] ppid=13 vsize=15800 memory=10108 CPUtime=0.01 cores=56-64,77-80,83,168-176,189-192,195
/proc/16/stat : 16 (python3) R 13 16 0 0 -1 4194304 1379 0 84 0 1 0 0 0 20 0 1 0 53234071 16179200 2527 67087892480 4194304 7154137 140727849801904 0 0 0 0 16781312 2 0 0 0 17 175 0 0 6 0 0 9727432 11029816 19447808 140727849802573 140727849802669 140727849802669 140727849803751 0
/proc/16/statm: 3950 2527 1394 723 0 1674 0
Current children cumulated CPU time: 0.01 s
Current children cumulated vsize: 15800 KiB
Current children cumulated memory: 10108 KiB

[startup+0.200641 s]*
/proc/loadavg: 36.32 45.70 52.13 40/3000 18
/proc/meminfo: memFree=500896236/527542216 swapFree=33431292/33554428
[pid=16] ppid=13 vsize=17684 memory=12420 CPUtime=0.03 cores=56-64,77-80,83,168-176,189-192,195
/proc/16/stat : 16 (python3) S 13 16 0 0 -1 4194304 1892 0 96 0 3 0 0 0 20 0 1 0 53234071 18108416 3105 67087892480 4194304 7154137 140727849801904 0 0 0 0 16781312 2 1 0 0 17 175 0 0 8 0 0 9727432 11029816 19447808 140727849802573 140727849802669 140727849802669 140727849803751 0
/proc/16/statm: 4421 3105 1512 723 0 2063 0
[pid=18] ppid=16 vsize=12376 memory=8396 CPUtime=0.04 cores=56-64,77-80,83,168-176,189-192,195
/proc/18/stat : 18 (bn4rust) R 16 16 0 0 -1 4194304 3121 0 18 0 4 0 0 0 20 0 1 0 53234084 12673024 2099 67087892480 94686141923328 94686143790449 140736210988112 0 0 0 0 4096 1088 0 0 0 17 174 0 0 1 0 0 94686144048512 94686144095448 94686162489344 140736210995984 140736210996118 140736210996118 140736210997217 0
/proc/18/statm: 3094 2099 1098 456 0 1255 0
Current children cumulated CPU time: 0.07 s
Current children cumulated vsize: 30060 KiB
Current children cumulated memory: 20816 KiB

[startup+0.300593 s]*
/proc/loadavg: 36.32 45.70 52.13 40/3000 18
/proc/meminfo: memFree=500852640/527542216 swapFree=33431292/33554428
[pid=16] ppid=13 vsize=17684 memory=12420 CPUtime=0.03 cores=56-64,77-80,83,168-176,189-192,195
/proc/16/stat : 16 (python3) S 13 16 0 0 -1 4194304 1892 0 96 0 3 0 0 0 20 0 1 0 53234071 18108416 3105 67087892480 4194304 7154137 140727849801904 0 0 0 0 16781312 2 1 0 0 17 175 0 0 8 0 0 9727432 11029816 19447808 140727849802573 140727849802669 140727849802669 140727849803751 0
/proc/16/statm: 4421 3105 1512 723 0 2063 0
[pid=18] ppid=16 vsize=26640 memory=20872 CPUtime=0.13 cores=56-64,77-80,83,168-176,189-192,195
/proc/18/stat : 18 (bn4rust) R 16 16 0 0 -1 4194304 8555 0 18 0 12 1 0 0 20 0 1 0 53234084 27279360 5218 67087892480 94686141923328 94686143790449 140736210988112 0 0 0 0 4096 1088 0 0 0 17 174 0 0 1 0 0 94686144048512 94686144095448 94686162489344 140736210995984 140736210996118 140736210996118 140736210997217 0
/proc/18/statm: 6660 5218 1098 456 0 4821 0
Current children cumulated CPU time: 0.16 s
Current children cumulated vsize: 44324 KiB
Current children cumulated memory: 33292 KiB

[startup+0.700286 s]
/proc/loadavg: 36.32 45.70 52.13 40/3000 18
/proc/meminfo: memFree=500793628/527542216 swapFree=33431292/33554428
[pid=16] ppid=13 vsize=17684 memory=12420 CPUtime=0.03 cores=56-64,77-80,83,168-176,189-192,195
/proc/16/stat : 16 (python3) S 13 16 0 0 -1 4194304 1892 0 96 0 3 0 0 0 20 0 1 0 53234071 18108416 3105 67087892480 4194304 7154137 140727849801904 0 0 0 0 16781312 2 1 0 0 17 175 0 0 8 0 0 9727432 11029816 19447808 140727849802573 140727849802669 140727849802669 140727849803751 0
/proc/16/statm: 4421 3105 1512 723 0 2063 0
[pid=18] ppid=16 vsize=76900 memory=63216 CPUtime=0.53 cores=56-64,77-80,83,168-176,189-192,195
/proc/18/stat : 18 (bn4rust) R 16 16 0 0 -1 4194304 15432 0 18 0 50 3 0 0 20 0 1 0 53234084 78745600 15804 67087892480 94686141923328 94686143790449 140736210988112 0 0 0 0 4096 1088 0 0 0 17 174 0 0 1 0 0 94686144048512 94686144095448 94686162489344 140736210995984 140736210996118 140736210996118 140736210997217 0
/proc/18/statm: 19225 15804 1098 456 0 17386 0
Current children cumulated CPU time: 0.56 s
Current children cumulated vsize: 94584 KiB
Current children cumulated memory: 75636 KiB

[startup+1.50029 s]
/proc/loadavg: 36.53 45.59 52.06 40/3000 18
/proc/meminfo: memFree=500756268/527542216 swapFree=33431292/33554428
[pid=16] ppid=13 vsize=17684 memory=12420 CPUtime=0.03 cores=56-64,77-80,83,168-176,189-192,195
/proc/16/stat : 16 (python3) S 13 16 0 0 -1 4194304 1892 0 96 0 3 0 0 0 20 0 1 0 53234071 18108416 3105 67087892480 4194304 7154137 140727849801904 0 0 0 0 16781312 2 1 0 0 17 175 0 0 8 0 0 9727432 11029816 19447808 140727849802573 140727849802669 140727849802669 140727849803751 0
/proc/16/statm: 4421 3105 1512 723 0 2063 0
[pid=18] ppid=16 vsize=73512 memory=64280 CPUtime=1.33 cores=56-64,77-80,83,168-176,189-192,195
/proc/18/stat : 18 (bn4rust) R 16 16 0 0 -1 4194304 17997 0 18 0 129 4 0 0 20 0 1 0 53234084 75276288 16070 67087892480 94686141923328 94686143790449 140736210988112 0 0 0 0 4096 1088 0 0 0 17 174 0 0 1 0 0 94686144048512 94686144095448 94686162489344 140736210995984 140736210996118 140736210996118 140736210997217 0
/proc/18/statm: 18378 16070 1098 456 0 16539 0
Current children cumulated CPU time: 1.36 s
Current children cumulated vsize: 91196 KiB
Current children cumulated memory: 76700 KiB

[startup+3.10054 s]
/proc/loadavg: 36.53 45.59 52.06 40/3000 18
/proc/meminfo: memFree=500693660/527542216 swapFree=33431292/33554428
[pid=16] ppid=13 vsize=17684 memory=12420 CPUtime=0.03 cores=56-64,77-80,83,168-176,189-192,195
/proc/16/stat : 16 (python3) S 13 16 0 0 -1 4194304 1892 0 96 0 3 0 0 0 20 0 1 0 53234071 18108416 3105 67087892480 4194304 7154137 140727849801904 0 0 0 0 16781312 2 1 0 0 17 175 0 0 8 0 0 9727432 11029816 19447808 140727849802573 140727849802669 140727849802669 140727849803751 0
/proc/16/statm: 4421 3105 1512 723 0 2063 0
[pid=18] ppid=16 vsize=52256 memory=48924 CPUtime=2.92 cores=56-64,77-80,83,168-176,189-192,195
/proc/18/stat : 18 (bn4rust) R 16 16 0 0 -1 4194304 23098 0 18 0 286 6 0 0 20 0 1 0 53234084 53510144 12231 67087892480 94686141923328 94686143790449 140736210988112 0 0 0 0 4096 1088 0 0 0 17 174 0 0 1 0 0 94686144048512 94686144095448 94686162489344 140736210995984 140736210996118 140736210996118 140736210997217 0
/proc/18/statm: 13064 12231 1098 456 0 11225 0
Current children cumulated CPU time: 2.95 s
Current children cumulated vsize: 69940 KiB
Current children cumulated memory: 61344 KiB

[startup+6.30036 s]
/proc/loadavg: 36.65 45.46 51.99 39/3000 18
/proc/meminfo: memFree=499658304/527542216 swapFree=33431292/33554428
[pid=16] ppid=13 vsize=17684 memory=12420 CPUtime=0.03 cores=56-64,77-80,83,168-176,189-192,195
/proc/16/stat : 16 (python3) S 13 16 0 0 -1 4194304 1892 0 96 0 3 0 0 0 20 0 1 0 53234071 18108416 3105 67087892480 4194304 7154137 140727849801904 0 0 0 0 16781312 2 1 0 0 17 175 0 0 8 0 0 9727432 11029816 19447808 140727849802573 140727849802669 140727849802669 140727849803751 0
/proc/16/statm: 4421 3105 1512 723 0 2063 0
[pid=18] ppid=16 vsize=52752 memory=49444 CPUtime=6.11 cores=56-64,77-80,83,168-176,189-192,195
/proc/18/stat : 18 (bn4rust) R 16 16 0 0 -1 4194304 37575 0 18 0 600 11 0 0 20 0 1 0 53234084 54018048 12361 67087892480 94686141923328 94686143790449 140736210988112 0 0 0 0 4096 1088 0 0 0 17 174 0 0 1 0 0 94686144048512 94686144095448 94686162489344 140736210995984 140736210996118 140736210996118 140736210997217 0
/proc/18/statm: 13188 12361 1098 456 0 11349 0
Current children cumulated CPU time: 6.14 s
Current children cumulated vsize: 70436 KiB
Current children cumulated memory: 61864 KiB

[startup+12.7003 s]
/proc/loadavg: 37.00 45.39 51.93 48/3020 18
/proc/meminfo: memFree=499543472/527542216 swapFree=33431292/33554428
[pid=16] ppid=13 vsize=17684 memory=12420 CPUtime=0.03 cores=56-64,77-80,83,168-176,189-192,195
/proc/16/stat : 16 (python3) S 13 16 0 0 -1 4194304 1892 0 96 0 3 0 0 0 20 0 1 0 53234071 18108416 3105 67087892480 4194304 7154137 140727849801904 0 0 0 0 16781312 2 1 0 0 17 175 0 0 8 0 0 9727432 11029816 19447808 140727849802573 140727849802669 140727849802669 140727849803751 0
/proc/16/statm: 4421 3105 1512 723 0 2063 0
[pid=18] ppid=16 vsize=52780 memory=49472 CPUtime=12.47 cores=56-64,77-80,83,168-176,189-192,195
/proc/18/stat : 18 (bn4rust) R 16 16 0 0 -1 4194304 66251 0 18 0 1227 20 0 0 20 0 1 0 53234084 54046720 12368 67087892480 94686141923328 94686143790449 140736210988112 0 0 0 0 4096 1088 0 0 0 17 174 0 0 1 0 0 94686144048512 94686144095448 94686162489344 140736210995984 140736210996118 140736210996118 140736210997217 0
/proc/18/statm: 13195 12368 1098 456 0 11356 0
Current children cumulated CPU time: 12.5 s
Current children cumulated vsize: 70464 KiB
Current children cumulated memory: 61892 KiB

[startup+25.5003 s]
/proc/loadavg: 37.46 45.21 51.80 41/3013 18
/proc/meminfo: memFree=499031324/527542216 swapFree=33431292/33554428
[pid=16] ppid=13 vsize=17684 memory=12420 CPUtime=0.03 cores=56-64,77-80,83,168-176,189-192,195
/proc/16/stat : 16 (python3) S 13 16 0 0 -1 4194304 1893 0 96 0 3 0 0 0 20 0 1 0 53234071 18108416 3105 67087892480 4194304 7154137 140727849801904 0 0 0 0 16781312 2 1 0 0 17 175 0 0 8 0 0 9727432 11029816 19447808 140727849802573 140727849802669 140727849802669 140727849803751 0
/proc/16/statm: 4421 3105 1512 723 0 2063 0
[pid=18] ppid=16 vsize=81576 memory=74740 CPUtime=25.21 cores=56-64,77-80,83,168-176,189-192,195
/proc/18/stat : 18 (bn4rust) R 16 16 0 0 -1 4194304 98471 0 18 0 2490 31 0 0 20 0 1 0 53234084 83533824 18685 67087892480 94686141923328 94686143790449 140736210988112 0 0 0 0 4096 1088 0 0 0 17 62 0 0 1 0 0 94686144048512 94686144095448 94686162489344 140736210995984 140736210996118 140736210996118 140736210997217 0
/proc/18/statm: 20394 18685 1098 456 0 18555 0
Current children cumulated CPU time: 25.24 s
Current children cumulated vsize: 99260 KiB
Current children cumulated memory: 87160 KiB

[startup+51.1006 s]
/proc/loadavg: 38.42 44.70 51.42 41/3012 18
/proc/meminfo: memFree=497278756/527542216 swapFree=33431292/33554428
[pid=16] ppid=13 vsize=17684 memory=12420 CPUtime=0.03 cores=56-64,77-80,83,168-176,189-192,195
/proc/16/stat : 16 (python3) S 13 16 0 0 -1 4194304 1893 0 96 0 3 0 0 0 20 0 1 0 53234071 18108416 3105 67087892480 4194304 7154137 140727849801904 0 0 0 0 16781312 2 1 0 0 17 175 0 0 8 0 0 9727432 11029816 19447808 140727849802573 140727849802669 140727849802669 140727849803751 0
/proc/16/statm: 4421 3105 1512 723 0 2063 0
[pid=18] ppid=16 vsize=94364 memory=86980 CPUtime=50.69 cores=56-64,77-80,83,168-176,189-192,195
/proc/18/stat : 18 (bn4rust) R 16 16 0 0 -1 4194304 144652 0 18 0 5023 46 0 0 20 0 1 0 53234084 96628736 21745 67087892480 94686141923328 94686143790449 140736210988112 0 0 0 0 4096 1088 0 0 0 17 62 0 0 1 0 0 94686144048512 94686144095448 94686162489344 140736210995984 140736210996118 140736210996118 140736210997217 0
/proc/18/statm: 23591 21745 1098 456 0 21752 0
Current children cumulated CPU time: 50.72 s
Current children cumulated vsize: 112048 KiB
Current children cumulated memory: 99400 KiB

[startup+102.3 s]
/proc/loadavg: 38.84 43.85 50.77 39/2980 18
/proc/meminfo: memFree=498931248/527542216 swapFree=33431292/33554428
[pid=16] ppid=13 vsize=17684 memory=12420 CPUtime=0.03 cores=56-64,77-80,83,168-176,189-192,195
/proc/16/stat : 16 (python3) S 13 16 0 0 -1 4194304 1893 0 96 0 3 0 0 0 20 0 1 0 53234071 18108416 3105 67087892480 4194304 7154137 140727849801904 0 0 0 0 16781312 2 1 0 0 17 175 0 0 8 0 0 9727432 11029816 19447808 140727849802573 140727849802669 140727849802669 140727849803751 0
/proc/16/statm: 4421 3105 1512 723 0 2063 0
[pid=18] ppid=16 vsize=54172 memory=48076 CPUtime=101.66 cores=56-64,77-80,83,168-176,189-192,195
/proc/18/stat : 18 (bn4rust) R 16 16 0 0 -1 4194304 203604 0 18 0 10099 67 0 0 20 0 1 0 53234084 55472128 12019 67087892480 94686141923328 94686143790449 140736210988112 0 0 0 0 4096 1088 0 0 0 17 62 0 0 1 0 0 94686144048512 94686144095448 94686162489344 140736210995984 140736210996118 140736210996118 140736210997217 0
/proc/18/statm: 13543 12019 1098 456 0 11704 0
Current children cumulated CPU time: 101.69 s
Current children cumulated vsize: 71856 KiB
Current children cumulated memory: 60496 KiB

[startup+162.3 s]
/proc/loadavg: 39.20 43.02 50.05 40/3020 18
/proc/meminfo: memFree=497036108/527542216 swapFree=33431292/33554428
[pid=16] ppid=13 vsize=17684 memory=12420 CPUtime=0.03 cores=56-64,77-80,83,168-176,189-192,195
/proc/16/stat : 16 (python3) S 13 16 0 0 -1 4194304 1893 0 96 0 3 0 0 0 20 0 1 0 53234071 18108416 3105 67087892480 4194304 7154137 140727849801904 0 0 0 0 16781312 2 1 0 0 17 175 0 0 8 0 0 9727432 11029816 19447808 140727849802573 140727849802669 140727849802669 140727849803751 0
/proc/16/statm: 4421 3105 1512 723 0 2063 0
[pid=18] ppid=16 vsize=94876 memory=91252 CPUtime=161.38 cores=56-64,77-80,83,168-176,189-192,195
/proc/18/stat : 18 (bn4rust) R 16 16 0 0 -1 4194304 287544 0 18 0 16028 110 0 0 20 0 1 0 53234084 97153024 22813 67087892480 94686141923328 94686143790449 140736210988112 0 0 0 0 4096 1088 0 0 0 17 174 0 0 1 0 0 94686144048512 94686144095448 94686162489344 140736210995984 140736210996118 140736210996118 140736210997217 0
/proc/18/statm: 23719 22813 1098 456 0 21880 0
Current children cumulated CPU time: 161.41 s
Current children cumulated vsize: 112560 KiB
Current children cumulated memory: 103672 KiB

[startup+222.3 s]
/proc/loadavg: 39.41 42.38 49.39 40/3017 18
/proc/meminfo: memFree=498391676/527542216 swapFree=33431292/33554428
[pid=16] ppid=13 vsize=17684 memory=12420 CPUtime=0.03 cores=56-64,77-80,83,168-176,189-192,195
/proc/16/stat : 16 (python3) S 13 16 0 0 -1 4194304 1893 0 96 0 3 0 0 0 20 0 1 0 53234071 18108416 3105 67087892480 4194304 7154137 140727849801904 0 0 0 0 16781312 2 1 0 0 17 175 0 0 8 0 0 9727432 11029816 19447808 140727849802573 140727849802669 140727849802669 140727849803751 0
/proc/16/statm: 4421 3105 1512 723 0 2063 0
[pid=18] ppid=16 vsize=112284 memory=108948 CPUtime=221.12 cores=56-64,77-80,83,168-176,189-192,195
/proc/18/stat : 18 (bn4rust) R 16 16 0 0 -1 4194304 360799 0 18 0 21940 172 0 0 20 0 1 0 53234084 114978816 27237 67087892480 94686141923328 94686143790449 140736210988112 0 0 0 0 4096 1088 0 0 0 17 174 0 0 1 0 0 94686144048512 94686144095448 94686162489344 140736210995984 140736210996118 140736210996118 140736210997217 0
/proc/18/statm: 28071 27237 1098 456 0 26232 0
Current children cumulated CPU time: 221.15 s
Current children cumulated vsize: 129968 KiB
Current children cumulated memory: 121368 KiB

[startup+282.3 s]
/proc/loadavg: 39.54 41.87 48.77 40/3004 18
/proc/meminfo: memFree=495874812/527542216 swapFree=33431292/33554428
[pid=16] ppid=13 vsize=17684 memory=12420 CPUtime=0.03 cores=56-64,77-80,83,168-176,189-192,195
/proc/16/stat : 16 (python3) S 13 16 0 0 -1 4194304 1893 0 96 0 3 0 0 0 20 0 1 0 53234071 18108416 3105 67087892480 4194304 7154137 140727849801904 0 0 0 0 16781312 2 1 0 0 17 175 0 0 8 0 0 9727432 11029816 19447808 140727849802573 140727849802669 140727849802669 140727849803751 0
/proc/16/statm: 4421 3105 1512 723 0 2063 0
[pid=18] ppid=16 vsize=325288 memory=303168 CPUtime=280.85 cores=56-64,77-80,83,168-176,189-192,195
/proc/18/stat : 18 (bn4rust) R 16 16 0 0 -1 4194304 441543 0 18 0 27826 259 0 0 20 0 1 0 53234084 333094912 75792 67087892480 94686141923328 94686143790449 140736210988112 0 0 0 0 4096 1088 0 0 0 17 62 0 0 1 0 0 94686144048512 94686144095448 94686162489344 140736210995984 140736210996118 140736210996118 140736210997217 0
/proc/18/statm: 81322 75792 1098 456 0 79483 0
Current children cumulated CPU time: 280.88 s
Current children cumulated vsize: 342972 KiB
Current children cumulated memory: 315588 KiB

[startup+342.3 s]
/proc/loadavg: 39.41 41.41 48.18 40/2997 18
/proc/meminfo: memFree=495891488/527542216 swapFree=33431292/33554428
[pid=16] ppid=13 vsize=17684 memory=12420 CPUtime=0.03 cores=56-64,77-80,83,168-176,189-192,195
/proc/16/stat : 16 (python3) S 13 16 0 0 -1 4194304 1893 0 96 0 3 0 0 0 20 0 1 0 53234071 18108416 3105 67087892480 4194304 7154137 140727849801904 0 0 0 0 16781312 2 1 0 0 17 175 0 0 8 0 0 9727432 11029816 19447808 140727849802573 140727849802669 140727849802669 140727849803751 0
/proc/16/statm: 4421 3105 1512 723 0 2063 0
[pid=18] ppid=16 vsize=288052 memory=265804 CPUtime=340.57 cores=56-64,77-80,83,168-176,189-192,195
/proc/18/stat : 18 (bn4rust) R 16 16 0 0 -1 4194304 530636 0 18 0 33700 357 0 0 20 0 1 0 53234084 294965248 66451 67087892480 94686141923328 94686143790449 140736210988112 0 0 0 0 4096 1088 0 0 0 17 174 0 0 1 0 0 94686144048512 94686144095448 94686162489344 140736210995984 140736210996118 140736210996118 140736210997217 0
/proc/18/statm: 72013 66451 1098 456 0 70174 0
Current children cumulated CPU time: 340.6 s
Current children cumulated vsize: 305736 KiB
Current children cumulated memory: 278224 KiB

[startup+402.3 s]
/proc/loadavg: 40.11 41.28 47.71 40/2979 18
/proc/meminfo: memFree=495664296/527542216 swapFree=33431292/33554428
[pid=16] ppid=13 vsize=17684 memory=12420 CPUtime=0.03 cores=56-64,77-80,83,168-176,189-192,195
/proc/16/stat : 16 (python3) S 13 16 0 0 -1 4194304 1893 0 96 0 3 0 0 0 20 0 1 0 53234071 18108416 3105 67087892480 4194304 7154137 140727849801904 0 0 0 0 16781312 2 1 0 0 17 175 0 0 8 0 0 9727432 11029816 19447808 140727849802573 140727849802669 140727849802669 140727849803751 0
/proc/16/statm: 4421 3105 1512 723 0 2063 0
[pid=18] ppid=16 vsize=278604 memory=239028 CPUtime=400.28 cores=56-64,77-80,83,168-176,189-192,195
/proc/18/stat : 18 (bn4rust) R 16 16 0 0 -1 4194304 592615 0 18 0 39595 433 0 0 20 0 1 0 53234084 285290496 59757 67087892480 94686141923328 94686143790449 140736210988112 0 0 0 0 4096 1088 0 0 0 17 62 0 0 1 0 0 94686144048512 94686144095448 94686162489344 140736210995984 140736210996118 140736210996118 140736210997217 0
/proc/18/statm: 69651 59757 1098 456 0 67812 0
Current children cumulated CPU time: 400.31 s
Current children cumulated vsize: 296288 KiB
Current children cumulated memory: 251448 KiB

[startup+462.3 s]
/proc/loadavg: 39.84 40.98 47.21 40/2993 18
/proc/meminfo: memFree=496496844/527542216 swapFree=33431548/33554428
[pid=16] ppid=13 vsize=17684 memory=12420 CPUtime=0.03 cores=56-64,77-80,83,168-176,189-192,195
/proc/16/stat : 16 (python3) S 13 16 0 0 -1 4194304 1893 0 96 0 3 0 0 0 20 0 1 0 53234071 18108416 3105 67087892480 4194304 7154137 140727849801904 0 0 0 0 16781312 2 1 0 0 17 175 0 0 8 0 0 9727432 11029816 19447808 140727849802573 140727849802669 140727849802669 140727849803751 0
/proc/16/statm: 4421 3105 1512 723 0 2063 0
[pid=18] ppid=16 vsize=688236 memory=541664 CPUtime=460.01 cores=56-64,77-80,83,168-176,189-192,195
/proc/18/stat : 18 (bn4rust) R 16 16 0 0 -1 4194304 702532 0 18 0 45467 534 0 0 20 0 1 0 53234084 704753664 135416 67087892480 94686141923328 94686143790449 140736210988112 0 0 0 0 4096 1088 0 0 0 17 62 0 0 1 0 0 94686144048512 94686144095448 94686162489344 140736210995984 140736210996118 140736210996118 140736210997217 0
/proc/18/statm: 172059 135416 1098 456 0 170220 0
Current children cumulated CPU time: 460.04 s
Current children cumulated vsize: 705920 KiB
Current children cumulated memory: 554084 KiB

[startup+522.3 s]
/proc/loadavg: 39.45 40.65 46.70 41/2989 18
/proc/meminfo: memFree=494428036/527542216 swapFree=33431548/33554428
[pid=16] ppid=13 vsize=17684 memory=12420 CPUtime=0.03 cores=56-64,77-80,83,168-176,189-192,195
/proc/16/stat : 16 (python3) S 13 16 0 0 -1 4194304 1893 0 96 0 3 0 0 0 20 0 1 0 53234071 18108416 3105 67087892480 4194304 7154137 140727849801904 0 0 0 0 16781312 2 1 0 0 17 175 0 0 8 0 0 9727432 11029816 19447808 140727849802573 140727849802669 140727849802669 140727849803751 0
/proc/16/statm: 4421 3105 1512 723 0 2063 0
[pid=18] ppid=16 vsize=175260 memory=164048 CPUtime=519.74 cores=56-64,77-80,83,168-176,189-192,195
/proc/18/stat : 18 (bn4rust) R 16 16 0 0 -1 4194304 855631 0 18 0 51311 663 0 0 20 0 1 0 53234084 179466240 41012 67087892480 94686141923328 94686143790449 140736210988112 0 0 0 0 4096 1088 0 0 0 17 174 0 0 1 0 0 94686144048512 94686144095448 94686162489344 140736210995984 140736210996118 140736210996118 140736210997217 0
/proc/18/statm: 43815 41012 1098 456 0 41976 0
Current children cumulated CPU time: 519.77 s
Current children cumulated vsize: 192944 KiB
Current children cumulated memory: 176468 KiB

[startup+582.3 s]
/proc/loadavg: 42.06 41.06 46.46 46/3210 18
/proc/meminfo: memFree=491598596/527542216 swapFree=33431548/33554428
[pid=16] ppid=13 vsize=17684 memory=12420 CPUtime=0.03 cores=56-64,77-80,83,168-176,189-192,195
/proc/16/stat : 16 (python3) S 13 16 0 0 -1 4194304 1893 0 96 0 3 0 0 0 20 0 1 0 53234071 18108416 3105 67087892480 4194304 7154137 140727849801904 0 0 0 0 16781312 2 1 0 0 17 175 0 0 8 0 0 9727432 11029816 19447808 140727849802573 140727849802669 140727849802669 140727849803751 0
/proc/16/statm: 4421 3105 1512 723 0 2063 0
[pid=18] ppid=16 vsize=349604 memory=313980 CPUtime=579.46 cores=56-64,77-80,83,168-176,189-192,195
/proc/18/stat : 18 (bn4rust) R 16 16 0 0 -1 4194304 906722 0 18 0 57183 763 0 0 20 0 1 0 53234084 357994496 78495 67087892480 94686141923328 94686143790449 140736210988112 0 0 0 0 4096 1088 0 0 0 17 174 0 0 1 0 0 94686144048512 94686144095448 94686162489344 140736210995984 140736210996118 140736210996118 140736210997217 0
/proc/18/statm: 87401 78495 1098 456 0 85562 0
Current children cumulated CPU time: 579.49 s
Current children cumulated vsize: 367288 KiB
Current children cumulated memory: 326400 KiB

[startup+642.3 s]
/proc/loadavg: 44.28 41.89 46.40 46/3196 18
/proc/meminfo: memFree=495295856/527542216 swapFree=33431804/33554428
[pid=16] ppid=13 vsize=17684 memory=12420 CPUtime=0.03 cores=56-64,77-80,83,168-176,189-192,195
/proc/16/stat : 16 (python3) S 13 16 0 0 -1 4194304 1893 0 96 0 3 0 0 0 20 0 1 0 53234071 18108416 3105 67087892480 4194304 7154137 140727849801904 0 0 0 0 16781312 2 1 0 0 17 175 0 0 8 0 0 9727432 11029816 19447808 140727849802573 140727849802669 140727849802669 140727849803751 0
/proc/16/statm: 4421 3105 1512 723 0 2063 0
[pid=18] ppid=16 vsize=510472 memory=465440 CPUtime=639.18 cores=56-64,77-80,83,168-176,189-192,195
/proc/18/stat : 18 (bn4rust) R 16 16 0 0 -1 4194304 963087 0 18 0 63088 830 0 0 20 0 1 0 53234084 522723328 116360 67087892480 94686141923328 94686143790449 140736210988112 0 0 0 0 4096 1088 0 0 0 17 174 0 0 1 0 0 94686144048512 94686144095448 94686162489344 140736210995984 140736210996118 140736210996118 140736210997217 0
/proc/18/statm: 127618 116360 1098 456 0 125779 0
Current children cumulated CPU time: 639.21 s
Current children cumulated vsize: 528156 KiB
Current children cumulated memory: 477860 KiB

[startup+702.3 s]
/proc/loadavg: 50.11 44.10 46.89 54/3339 18
/proc/meminfo: memFree=494835368/527542216 swapFree=33431804/33554428
[pid=16] ppid=13 vsize=17684 memory=12420 CPUtime=0.03 cores=56-64,77-80,83,168-176,189-192,195
/proc/16/stat : 16 (python3) S 13 16 0 0 -1 4194304 1893 0 96 0 3 0 0 0 20 0 1 0 53234071 18108416 3105 67087892480 4194304 7154137 140727849801904 0 0 0 0 16781312 2 1 0 0 17 175 0 0 8 0 0 9727432 11029816 19447808 140727849802573 140727849802669 140727849802669 140727849803751 0
/proc/16/statm: 4421 3105 1512 723 0 2063 0
[pid=18] ppid=16 vsize=310104 memory=270928 CPUtime=698.89 cores=56-64,77-80,83,168-176,189-192,195
/proc/18/stat : 18 (bn4rust) R 16 16 0 0 -1 4194304 1037110 0 18 0 68936 953 0 0 20 0 1 0 53234084 317546496 67732 67087892480 94686141923328 94686143790449 140736210988112 0 0 0 0 4096 1088 0 0 0 17 62 0 0 1 0 0 94686144048512 94686144095448 94686162489344 140736210995984 140736210996118 140736210996118 140736210997217 0
/proc/18/statm: 77526 67732 1098 456 0 75687 0
Current children cumulated CPU time: 698.92 s
Current children cumulated vsize: 327788 KiB
Current children cumulated memory: 283348 KiB

[startup+762.3 s]
/proc/loadavg: 45.85 44.11 46.72 41/3015 18
/proc/meminfo: memFree=493365180/527542216 swapFree=33432060/33554428
[pid=16] ppid=13 vsize=17684 memory=12420 CPUtime=0.03 cores=56-64,77-80,83,168-176,189-192,195
/proc/16/stat : 16 (python3) S 13 16 0 0 -1 4194304 1893 0 96 0 3 0 0 0 20 0 1 0 53234071 18108416 3105 67087892480 4194304 7154137 140727849801904 0 0 0 0 16781312 2 1 0 0 17 175 0 0 8 0 0 9727432 11029816 19447808 140727849802573 140727849802669 140727849802669 140727849803751 0
/proc/16/statm: 4421 3105 1512 723 0 2063 0
[pid=18] ppid=16 vsize=805384 memory=778912 CPUtime=758.6 cores=56-64,77-80,83,168-176,189-192,195
/proc/18/stat : 18 (bn4rust) R 16 16 0 0 -1 4194304 1149067 0 18 0 74790 1070 0 0 20 0 1 0 53234084 824713216 194728 67087892480 94686141923328 94686143790449 140736210988112 0 0 0 0 4096 1088 0 0 0 17 174 0 0 1 0 0 94686144048512 94686144095448 94686162489344 140736210995984 140736210996118 140736210996118 140736210997217 0
/proc/18/statm: 201346 194728 1098 456 0 199507 0
Current children cumulated CPU time: 758.63 s
Current children cumulated vsize: 823068 KiB
Current children cumulated memory: 791332 KiB

[startup+822.3 s]
/proc/loadavg: 39.29 42.50 46.00 41/3020 18
/proc/meminfo: memFree=492929544/527542216 swapFree=33432060/33554428
[pid=16] ppid=13 vsize=17684 memory=12420 CPUtime=0.03 cores=56-64,77-80,83,168-176,189-192,195
/proc/16/stat : 16 (python3) S 13 16 0 0 -1 4194304 1893 0 96 0 3 0 0 0 20 0 1 0 53234071 18108416 3105 67087892480 4194304 7154137 140727849801904 0 0 0 0 16781312 2 1 0 0 17 175 0 0 8 0 0 9727432 11029816 19447808 140727849802573 140727849802669 140727849802669 140727849803751 0
/proc/16/statm: 4421 3105 1512 723 0 2063 0
[pid=18] ppid=16 vsize=330244 memory=297624 CPUtime=818.33 cores=56-64,77-80,83,168-176,189-192,195
/proc/18/stat : 18 (bn4rust) R 16 16 0 0 -1 4194304 1194698 0 18 0 80652 1181 0 0 20 0 1 0 53234084 338169856 74406 67087892480 94686141923328 94686143790449 140736210988112 0 0 0 0 4096 1088 0 0 0 17 62 0 0 1 0 0 94686144048512 94686144095448 94686162489344 140736210995984 140736210996118 140736210996118 140736210997217 0
/proc/18/statm: 82561 74406 1098 456 0 80722 0
Current children cumulated CPU time: 818.36 s
Current children cumulated vsize: 347928 KiB
Current children cumulated memory: 310044 KiB

[startup+882.3 s]
/proc/loadavg: 41.20 42.43 45.76 42/3101 18
/proc/meminfo: memFree=488847588/527542216 swapFree=33432060/33554428
[pid=16] ppid=13 vsize=17684 memory=12420 CPUtime=0.03 cores=56-64,77-80,83,168-176,189-192,195
/proc/16/stat : 16 (python3) S 13 16 0 0 -1 4194304 1893 0 96 0 3 0 0 0 20 0 1 0 53234071 18108416 3105 67087892480 4194304 7154137 140727849801904 0 0 0 0 16781312 2 1 0 0 17 175 0 0 8 0 0 9727432 11029816 19447808 140727849802573 140727849802669 140727849802669 140727849803751 0
/proc/16/statm: 4421 3105 1512 723 0 2063 0
[pid=18] ppid=16 vsize=559624 memory=549480 CPUtime=878.06 cores=56-64,77-80,83,168-176,189-192,195
/proc/18/stat : 18 (bn4rust) R 16 16 0 0 -1 4194304 1235486 0 18 0 86567 1239 0 0 20 0 1 0 53234084 573054976 137370 67087892480 94686141923328 94686143790449 140736210988112 0 0 0 0 4096 1088 0 0 0 17 62 0 0 1 0 0 94686144048512 94686144095448 94686162489344 140736210995984 140736210996118 140736210996118 140736210997217 0
/proc/18/statm: 139906 137370 1098 456 0 138067 0
Current children cumulated CPU time: 878.09 s
Current children cumulated vsize: 577308 KiB
Current children cumulated memory: 561900 KiB

[startup+942.3 s]
/proc/loadavg: 42.01 42.44 45.55 42/3119 18
/proc/meminfo: memFree=486124840/527542216 swapFree=33432060/33554428
[pid=16] ppid=13 vsize=17684 memory=12420 CPUtime=0.03 cores=56-64,77-80,83,168-176,189-192,195
/proc/16/stat : 16 (python3) S 13 16 0 0 -1 4194304 1893 0 96 0 3 0 0 0 20 0 1 0 53234071 18108416 3105 67087892480 4194304 7154137 140727849801904 0 0 0 0 16781312 2 1 0 0 17 175 0 0 8 0 0 9727432 11029816 19447808 140727849802573 140727849802669 140727849802669 140727849803751 0
/proc/16/statm: 4421 3105 1512 723 0 2063 0
[pid=18] ppid=16 vsize=363008 memory=322244 CPUtime=937.78 cores=56-64,77-80,83,168-176,189-192,195
/proc/18/stat : 18 (bn4rust) R 16 16 0 0 -1 4194304 1270613 0 18 0 92433 1345 0 0 20 0 1 0 53234084 371720192 80561 67087892480 94686141923328 94686143790449 140736210988112 0 0 0 0 4096 1088 0 0 0 17 174 0 0 1 0 0 94686144048512 94686144095448 94686162489344 140736210995984 140736210996118 140736210996118 140736210997217 0
/proc/18/statm: 90752 80561 1098 456 0 88913 0
Current children cumulated CPU time: 937.81 s
Current children cumulated vsize: 380692 KiB
Current children cumulated memory: 334664 KiB

[startup+1002.3 s]
/proc/loadavg: 42.22 42.42 45.35 42/3107 18
/proc/meminfo: memFree=486181260/527542216 swapFree=33432060/33554428
[pid=16] ppid=13 vsize=17684 memory=12420 CPUtime=0.03 cores=56-64,77-80,83,168-176,189-192,195
/proc/16/stat : 16 (python3) S 13 16 0 0 -1 4194304 1893 0 96 0 3 0 0 0 20 0 1 0 53234071 18108416 3105 67087892480 4194304 7154137 140727849801904 0 0 0 0 16781312 2 1 0 0 17 175 0 0 8 0 0 9727432 11029816 19447808 140727849802573 140727849802669 140727849802669 140727849803751 0
/proc/16/statm: 4421 3105 1512 723 0 2063 0
[pid=18] ppid=16 vsize=313856 memory=281276 CPUtime=997.46 cores=56-64,77-80,83,168-176,189-192,195
/proc/18/stat : 18 (bn4rust) R 16 16 0 0 -1 4194304 1306496 0 18 0 98344 1402 0 0 20 0 1 0 53234084 321388544 70319 67087892480 94686141923328 94686143790449 140736210988112 0 0 0 0 4096 1088 0 0 0 17 174 0 0 1 0 0 94686144048512 94686144095448 94686162489344 140736210995984 140736210996118 140736210996118 140736210997217 0
/proc/18/statm: 78464 70319 1098 456 0 76625 0
Current children cumulated CPU time: 997.49 s
Current children cumulated vsize: 331540 KiB
Current children cumulated memory: 293696 KiB

[startup+1062.3 s]
/proc/loadavg: 41.79 42.28 45.11 42/3081 18
/proc/meminfo: memFree=480018580/527542216 swapFree=33432060/33554428
[pid=16] ppid=13 vsize=17684 memory=12420 CPUtime=0.03 cores=56-64,77-80,83,168-176,189-192,195
/proc/16/stat : 16 (python3) S 13 16 0 0 -1 4194304 1893 0 96 0 3 0 0 0 20 0 1 0 53234071 18108416 3105 67087892480 4194304 7154137 140727849801904 0 0 0 0 16781312 2 1 0 0 17 175 0 0 8 0 0 9727432 11029816 19447808 140727849802573 140727849802669 140727849802669 140727849803751 0
/proc/16/statm: 4421 3105 1512 723 0 2063 0
[pid=18] ppid=16 vsize=1367968 memory=1204652 CPUtime=1057.14 cores=56-64,77-80,83,168-176,189-192,195
/proc/18/stat : 18 (bn4rust) R 16 16 0 0 -1 4194304 1344862 0 18 0 104227 1487 0 0 20 0 1 0 53234084 1400799232 301163 67087892480 94686141923328 94686143790449 140736210988112 0 0 0 0 4096 1088 0 0 0 17 62 0 0 1 0 0 94686144048512 94686144095448 94686162489344 140736210995984 140736210996118 140736210996118 140736210997217 0
/proc/18/statm: 341992 301163 1098 456 0 340153 0
Current children cumulated CPU time: 1057.17 s
Current children cumulated vsize: 1385652 KiB
Current children cumulated memory: 1217072 KiB

[startup+1122.3 s]
/proc/loadavg: 42.71 42.39 44.97 52/3020 18
/proc/meminfo: memFree=478221328/527542216 swapFree=33432060/33554428
[pid=16] ppid=13 vsize=17684 memory=12420 CPUtime=0.03 cores=56-64,77-80,83,168-176,189-192,195
/proc/16/stat : 16 (python3) S 13 16 0 0 -1 4194304 1893 0 96 0 3 0 0 0 20 0 1 0 53234071 18108416 3105 67087892480 4194304 7154137 140727849801904 0 0 0 0 16781312 2 1 0 0 17 175 0 0 8 0 0 9727432 11029816 19447808 140727849802573 140727849802669 140727849802669 140727849803751 0
/proc/16/statm: 4421 3105 1512 723 0 2063 0
[pid=18] ppid=16 vsize=621064 memory=574124 CPUtime=1116.86 cores=56-64,77-80,83,168-176,189-192,195
/proc/18/stat : 18 (bn4rust) R 16 16 0 0 -1 4194304 1381049 0 18 0 110093 1593 0 0 20 0 1 0 53234084 635969536 143531 67087892480 94686141923328 94686143790449 140736210988112 0 0 0 0 4096 1088 0 0 0 17 62 0 0 1 0 0 94686144048512 94686144095448 94686162489344 140736210995984 140736210996118 140736210996118 140736210997217 0
/proc/18/statm: 155266 143531 1098 456 0 153427 0
Current children cumulated CPU time: 1116.89 s
Current children cumulated vsize: 638748 KiB
Current children cumulated memory: 586544 KiB

[startup+1182.3 s]
/proc/loadavg: 43.42 42.73 44.93 40/2978 18
/proc/meminfo: memFree=488058284/527542216 swapFree=33432060/33554428
[pid=16] ppid=13 vsize=17684 memory=12420 CPUtime=0.03 cores=56-64,77-80,83,168-176,189-192,195
/proc/16/stat : 16 (python3) S 13 16 0 0 -1 4194304 1893 0 96 0 3 0 0 0 20 0 1 0 53234071 18108416 3105 67087892480 4194304 7154137 140727849801904 0 0 0 0 16781312 2 1 0 0 17 175 0 0 8 0 0 9727432 11029816 19447808 140727849802573 140727849802669 140727849802669 140727849803751 0
/proc/16/statm: 4421 3105 1512 723 0 2063 0
[pid=18] ppid=16 vsize=326144 memory=301952 CPUtime=1176.58 cores=56-64,77-80,83,168-176,189-192,195
/proc/18/stat : 18 (bn4rust) R 16 16 0 0 -1 4194304 1411331 0 18 0 116027 1631 0 0 20 0 1 0 53234084 333971456 75488 67087892480 94686141923328 94686143790449 140736210988112 0 0 0 0 4096 1088 0 0 0 17 62 0 0 1 0 0 94686144048512 94686144095448 94686162489344 140736210995984 140736210996118 140736210996118 140736210997217 0
/proc/18/statm: 81536 75488 1098 456 0 79697 0
Current children cumulated CPU time: 1176.61 s
Current children cumulated vsize: 343828 KiB
Current children cumulated memory: 314372 KiB

[startup+1242.3 s]
/proc/loadavg: 44.96 43.28 44.98 40/3011 18
/proc/meminfo: memFree=480884028/527542216 swapFree=33432060/33554428
[pid=16] ppid=13 vsize=17684 memory=12420 CPUtime=0.03 cores=56-64,77-80,83,168-176,189-192,195
/proc/16/stat : 16 (python3) S 13 16 0 0 -1 4194304 1893 0 96 0 3 0 0 0 20 0 1 0 53234071 18108416 3105 67087892480 4194304 7154137 140727849801904 0 0 0 0 16781312 2 1 0 0 17 175 0 0 8 0 0 9727432 11029816 19447808 140727849802573 140727849802669 140727849802669 140727849803751 0
/proc/16/statm: 4421 3105 1512 723 0 2063 0
[pid=18] ppid=16 vsize=1357424 memory=1135648 CPUtime=1236.31 cores=56-64,77-80,83,168-176,189-192,195
/proc/18/stat : 18 (bn4rust) R 16 16 0 0 -1 4194304 1466770 0 18 0 121896 1735 0 0 20 0 1 0 53234084 1390002176 283912 67087892480 94686141923328 94686143790449 140736210988112 0 0 0 0 4096 1088 0 0 0 17 174 0 0 1 0 0 94686144048512 94686144095448 94686162489344 140736210995984 140736210996118 140736210996118 140736210997217 0
/proc/18/statm: 339356 283912 1098 456 0 337517 0
Current children cumulated CPU time: 1236.34 s
Current children cumulated vsize: 1375108 KiB
Current children cumulated memory: 1148068 KiB

[startup+1302.3 s]
/proc/loadavg: 44.84 43.47 44.93 51/3018 18
/proc/meminfo: memFree=479336008/527542216 swapFree=33432060/33554428
[pid=16] ppid=13 vsize=17684 memory=12420 CPUtime=0.03 cores=56-64,77-80,83,168-176,189-192,195
/proc/16/stat : 16 (python3) S 13 16 0 0 -1 4194304 1893 0 96 0 3 0 0 0 20 0 1 0 53234071 18108416 3105 67087892480 4194304 7154137 140727849801904 0 0 0 0 16781312 2 1 0 0 17 175 0 0 8 0 0 9727432 11029816 19447808 140727849802573 140727849802669 140727849802669 140727849803751 0
/proc/16/statm: 4421 3105 1512 723 0 2063 0
[pid=18] ppid=16 vsize=357436 memory=284092 CPUtime=1296.04 cores=56-64,77-80,83,168-176,189-192,195
/proc/18/stat : 18 (bn4rust) R 16 16 0 0 -1 4194304 1525428 0 18 0 127752 1852 0 0 20 0 1 0 53234084 366014464 71023 67087892480 94686141923328 94686143790449 140736210988112 0 0 0 0 4096 1088 0 0 0 17 174 0 0 1 0 0 94686144048512 94686144095448 94686162489344 140736210995984 140736210996118 140736210996118 140736210997217 0
/proc/18/statm: 89359 71023 1098 456 0 87520 0
Current children cumulated CPU time: 1296.07 s
Current children cumulated vsize: 375120 KiB
Current children cumulated memory: 296512 KiB

[startup+1362.3 s]
/proc/loadavg: 47.33 44.44 45.17 45/3277 18
/proc/meminfo: memFree=479090768/527542216 swapFree=33432060/33554428
[pid=16] ppid=13 vsize=17684 memory=12420 CPUtime=0.03 cores=56-64,77-80,83,168-176,189-192,195
/proc/16/stat : 16 (python3) S 13 16 0 0 -1 4194304 1893 0 96 0 3 0 0 0 20 0 1 0 53234071 18108416 3105 67087892480 4194304 7154137 140727849801904 0 0 0 0 16781312 2 1 0 0 17 175 0 0 8 0 0 9727432 11029816 19447808 140727849802573 140727849802669 140727849802669 140727849803751 0
/proc/16/statm: 4421 3105 1512 723 0 2063 0
[pid=18] ppid=16 vsize=357440 memory=257108 CPUtime=1355.76 cores=56-64,77-80,83,168-176,189-192,195
/proc/18/stat : 18 (bn4rust) R 16 16 0 0 -1 4194304 1614543 0 18 0 133606 1970 0 0 20 0 1 0 53234084 366018560 64277 67087892480 94686141923328 94686143790449 140736210988112 0 0 0 0 4096 1088 0 0 0 17 62 0 0 1 0 0 94686144048512 94686144095448 94686162489344 140736210995984 140736210996118 140736210996118 140736210997217 0
/proc/18/statm: 89360 64277 1098 456 0 87521 0
Current children cumulated CPU time: 1355.79 s
Current children cumulated vsize: 375124 KiB
Current children cumulated memory: 269528 KiB

[startup+1422.3 s]
/proc/loadavg: 46.23 44.65 45.20 46/3292 18
/proc/meminfo: memFree=478599560/527542216 swapFree=33432316/33554428
[pid=16] ppid=13 vsize=17684 memory=12864 CPUtime=0.03 cores=56-64,77-80,83,168-176,189-192,195
/proc/16/stat : 16 (python3) S 13 16 0 0 -1 4194304 1893 0 96 0 3 0 0 0 20 0 1 0 53234071 18108416 3216 67087892480 4194304 7154137 140727849801904 0 0 0 0 16781312 2 1 0 0 17 175 0 0 8 0 0 9727432 11029816 19447808 140727849802573 140727849802669 140727849802669 140727849803751 0
/proc/16/statm: 4421 3216 1512 723 0 2063 0
[pid=18] ppid=16 vsize=981796 memory=803024 CPUtime=1415.48 cores=56-64,77-80,83,168-176,189-192,195
/proc/18/stat : 18 (bn4rust) R 16 16 0 0 -1 4194304 1694448 0 18 0 139466 2082 0 0 20 0 1 0 53234084 1005359104 200756 67087892480 94686141923328 94686143790449 140736210988112 0 0 0 0 4096 1088 0 0 0 17 174 0 0 1 0 0 94686144048512 94686144095448 94686162489344 140736210995984 140736210996118 140736210996118 140736210997217 0
/proc/18/statm: 245449 200756 1098 456 0 243610 0
Current children cumulated CPU time: 1415.51 s
Current children cumulated vsize: 999480 KiB
Current children cumulated memory: 815888 KiB

[startup+1482.3 s]
/proc/loadavg: 42.61 44.00 44.95 40/2987 18
/proc/meminfo: memFree=486777336/527542216 swapFree=33432316/33554428
[pid=16] ppid=13 vsize=17684 memory=12864 CPUtime=0.03 cores=56-64,77-80,83,168-176,189-192,195
/proc/16/stat : 16 (python3) S 13 16 0 0 -1 4194304 1893 0 96 0 3 0 0 0 20 0 1 0 53234071 18108416 3216 67087892480 4194304 7154137 140727849801904 0 0 0 0 16781312 2 1 0 0 17 175 0 0 8 0 0 9727432 11029816 19447808 140727849802573 140727849802669 140727849802669 140727849803751 0
/proc/16/statm: 4421 3216 1512 723 0 2063 0
[pid=18] ppid=16 vsize=1104988 memory=903724 CPUtime=1475.2 cores=56-64,77-80,83,168-176,189-192,195
/proc/18/stat : 18 (bn4rust) R 16 16 0 0 -1 4194304 1730111 0 18 0 145320 2200 0 0 20 0 1 0 53234084 1131507712 225931 67087892480 94686141923328 94686143790449 140736210988112 0 0 0 0 4096 1088 0 0 0 17 174 0 0 1 0 0 94686144048512 94686144095448 94686162489344 140736210995984 140736210996118 140736210996118 140736210997217 0
/proc/18/statm: 276247 225931 1098 456 0 274408 0
Current children cumulated CPU time: 1475.23 s
Current children cumulated vsize: 1122672 KiB
Current children cumulated memory: 916588 KiB

[startup+1542.3 s]
/proc/loadavg: 41.69 43.38 44.67 47/3023 18
/proc/meminfo: memFree=484433672/527542216 swapFree=33432316/33554428
[pid=16] ppid=13 vsize=17684 memory=12864 CPUtime=0.03 cores=56-64,77-80,83,168-176,189-192,195
/proc/16/stat : 16 (python3) S 13 16 0 0 -1 4194304 1893 0 96 0 3 0 0 0 20 0 1 0 53234071 18108416 3216 67087892480 4194304 7154137 140727849801904 0 0 0 0 16781312 2 1 0 0 17 175 0 0 8 0 0 9727432 11029816 19447808 140727849802573 140727849802669 140727849802669 140727849803751 0
/proc/16/statm: 4421 3216 1512 723 0 2063 0
[pid=18] ppid=16 vsize=601180 memory=505512 CPUtime=1534.94 cores=56-64,77-80,83,168-176,189-192,195
/proc/18/stat : 18 (bn4rust) R 16 16 0 0 -1 4194304 1786090 0 18 0 151167 2327 0 0 20 0 1 0 53234084 615608320 126378 67087892480 94686141923328 94686143790449 140736210988112 0 0 0 0 4096 1088 0 0 0 17 174 0 0 1 0 0 94686144048512 94686144095448 94686162489344 140736210995984 140736210996118 140736210996118 140736210997217 0
/proc/18/statm: 150295 126378 1098 456 0 148456 0
Current children cumulated CPU time: 1534.97 s
Current children cumulated vsize: 618864 KiB
Current children cumulated memory: 518376 KiB

[startup+1602.3 s]
/proc/loadavg: 40.10 42.59 44.31 40/3004 18
/proc/meminfo: memFree=485567384/527542216 swapFree=33432316/33554428
[pid=16] ppid=13 vsize=17684 memory=12864 CPUtime=0.03 cores=56-64,77-80,83,168-176,189-192,195
/proc/16/stat : 16 (python3) S 13 16 0 0 -1 4194304 1893 0 96 0 3 0 0 0 20 0 1 0 53234071 18108416 3216 67087892480 4194304 7154137 140727849801904 0 0 0 0 16781312 2 1 0 0 17 175 0 0 8 0 0 9727432 11029816 19447808 140727849802573 140727849802669 140727849802669 140727849803751 0
/proc/16/statm: 4421 3216 1512 723 0 2063 0
[pid=18] ppid=16 vsize=359512 memory=281880 CPUtime=1594.67 cores=56-64,77-80,83,168-176,189-192,195
/proc/18/stat : 18 (bn4rust) R 16 16 0 0 -1 4194304 1875967 0 18 0 157035 2432 0 0 20 0 1 0 53234084 368140288 70470 67087892480 94686141923328 94686143790449 140736210988112 0 0 0 0 4096 1088 0 0 0 17 174 0 0 1 0 0 94686144048512 94686144095448 94686162489344 140736210995984 140736210996118 140736210996118 140736210997217 0
/proc/18/statm: 89878 70470 1098 456 0 88039 0
Current children cumulated CPU time: 1594.7 s
Current children cumulated vsize: 377196 KiB
Current children cumulated memory: 294744 KiB

[startup+1662.3 s]
/proc/loadavg: 39.76 42.04 44.01 40/3001 18
/proc/meminfo: memFree=484052716/527542216 swapFree=33432316/33554428
[pid=16] ppid=13 vsize=17684 memory=12864 CPUtime=0.03 cores=56-64,77-80,83,168-176,189-192,195
/proc/16/stat : 16 (python3) S 13 16 0 0 -1 4194304 1893 0 96 0 3 0 0 0 20 0 1 0 53234071 18108416 3216 67087892480 4194304 7154137 140727849801904 0 0 0 0 16781312 2 1 0 0 17 175 0 0 8 0 0 9727432 11029816 19447808 140727849802573 140727849802669 140727849802669 140727849803751 0
/proc/16/statm: 4421 3216 1512 723 0 2063 0
[pid=18] ppid=16 vsize=460068 memory=400892 CPUtime=1654.41 cores=56-64,77-80,83,168-176,189-192,195
/proc/18/stat : 18 (bn4rust) R 16 16 0 0 -1 4194304 1935808 0 18 0 162904 2537 0 0 20 0 1 0 53234084 471109632 100223 67087892480 94686141923328 94686143790449 140736210988112 0 0 0 0 4096 1088 0 0 0 17 174 0 0 1 0 0 94686144048512 94686144095448 94686162489344 140736210995984 140736210996118 140736210996118 140736210997217 0
/proc/18/statm: 115017 100223 1098 456 0 113178 0
Current children cumulated CPU time: 1654.44 s
Current children cumulated vsize: 477752 KiB
Current children cumulated memory: 413756 KiB

[startup+1722.3 s]
/proc/loadavg: 39.63 41.59 43.73 40/2987 18
/proc/meminfo: memFree=489383332/527542216 swapFree=33432316/33554428
[pid=16] ppid=13 vsize=17684 memory=12864 CPUtime=0.03 cores=56-64,77-80,83,168-176,189-192,195
/proc/16/stat : 16 (python3) S 13 16 0 0 -1 4194304 1893 0 96 0 3 0 0 0 20 0 1 0 53234071 18108416 3216 67087892480 4194304 7154137 140727849801904 0 0 0 0 16781312 2 1 0 0 17 175 0 0 8 0 0 9727432 11029816 19447808 140727849802573 140727849802669 140727849802669 140727849803751 0
/proc/16/statm: 4421 3216 1512 723 0 2063 0
[pid=18] ppid=16 vsize=1132328 memory=895760 CPUtime=1714.15 cores=56-64,77-80,83,168-176,189-192,195
/proc/18/stat : 18 (bn4rust) R 16 16 0 0 -1 4194304 1967224 0 18 0 168762 2653 0 0 20 0 1 0 53234084 1159503872 223940 67087892480 94686141923328 94686143790449 140736210988112 0 0 0 0 4096 1088 0 0 0 17 174 0 0 1 0 0 94686144048512 94686144095448 94686162489344 140736210995984 140736210996118 140736210996118 140736210997217 0
/proc/18/statm: 283082 223940 1098 456 0 281243 0
Current children cumulated CPU time: 1714.18 s
Current children cumulated vsize: 1150012 KiB
Current children cumulated memory: 908624 KiB

[startup+1782.3 s]
/proc/loadavg: 39.62 41.23 43.48 39/2926 18
/proc/meminfo: memFree=493100880/527542216 swapFree=33432572/33554428
[pid=16] ppid=13 vsize=17684 memory=12864 CPUtime=0.03 cores=56-64,77-80,83,168-176,189-192,195
/proc/16/stat : 16 (python3) S 13 16 0 0 -1 4194304 1893 0 96 0 3 0 0 0 20 0 1 0 53234071 18108416 3216 67087892480 4194304 7154137 140727849801904 0 0 0 0 16781312 2 1 0 0 17 175 0 0 8 0 0 9727432 11029816 19447808 140727849802573 140727849802669 140727849802669 140727849803751 0
/proc/16/statm: 4421 3216 1512 723 0 2063 0
[pid=18] ppid=16 vsize=603436 memory=513700 CPUtime=1773.88 cores=56-64,77-80,83,168-176,189-192,195
/proc/18/stat : 18 (bn4rust) R 16 16 0 0 -1 4194304 2017541 0 18 0 174611 2777 0 0 20 0 1 0 53234084 617918464 128425 67087892480 94686141923328 94686143790449 140736210988112 0 0 0 0 4096 1088 0 0 0 17 174 0 0 1 0 0 94686144048512 94686144095448 94686162489344 140736210995984 140736210996118 140736210996118 140736210997217 0
/proc/18/statm: 150859 128425 1098 456 0 149020 0
Current children cumulated CPU time: 1773.91 s
Current children cumulated vsize: 621120 KiB
Current children cumulated memory: 526564 KiB



Maximum wall clock time exceeded: sending SIGTERM then SIGKILL

[startup+1800 s]*
/proc/loadavg: 39.34 41.09 43.39 40/2956 18
/proc/meminfo: memFree=500601212/527542216 swapFree=33432572/33554428
[pid=16] ppid=13 vsize=17684 memory=12864 CPUtime=0.03 cores=56-64,77-80,83,168-176,189-192,195
/proc/16/stat : 16 (python3) S 13 16 0 0 -1 4194304 1893 0 96 0 3 0 0 0 20 0 1 0 53234071 18108416 3216 67087892480 4194304 7154137 140727849801904 0 0 0 0 16781312 2 1 0 0 17 175 0 0 8 0 0 9727432 11029816 19447808 140727849802573 140727849802669 140727849802669 140727849803751 0
/proc/16/statm: 4421 3216 1512 723 0 2063 0
[pid=18] ppid=16 vsize=468264 memory=426456 CPUtime=1791.5 cores=56-64,77-80,83,168-176,189-192,195
/proc/18/stat : 18 (bn4rust) R 16 16 0 0 -1 4194304 2038182 0 18 0 176333 2817 0 0 20 0 1 0 53234084 479502336 106614 67087892480 94686141923328 94686143790449 140736210988112 0 0 0 0 4096 1088 0 0 0 17 174 0 0 1 0 0 94686144048512 94686144095448 94686162489344 140736210995984 140736210996118 140736210996118 140736210997217 0
/proc/18/statm: 117066 106614 1098 456 0 115227 0
Current children cumulated CPU time: 1791.53 s
Current children cumulated vsize: 485948 KiB
Current children cumulated memory: 439320 KiB

Sending SIGTERM to process tree (bottom up)
Sleeping 2 seconds

[startup+1800.01 s]
# the end of solver process 16 was just reported to runsolver
# cumulated CPU time of all completed processes:  user=1763.37 s, system=28.1898 s

Solver just ended.
??? end of watcher thread
Dumping a history of the last processes samples

Child ended because it received signal 15 (SIGTERM)
Real time (s): 1800.01
CPU time (s): 1791.56
CPU user time (s): 1763.37
CPU system time (s): 28.1898
CPU usage (%): 99.531
Max. virtual memory (cumulated for all children) (KiB): 2466852
Max. memory (cumulated for all children) (KiB): 2083600

getrusage(RUSAGE_CHILDREN,...) data:
user time used= 1763.37
system time used= 28.1898
maximum resident set size= 2243388
integral shared memory size= 0
integral unshared data size= 0
integral unshared stack size= 0
page reclaims= 2040076
page faults= 114
swaps= 0
block input operations= 19528
block output operations= 0
messages sent= 0
messages received= 0
signals received= 0
voluntary context switches= 996
involuntary context switches= 12395


# summary of solver processes directly reported to runsolver:
#   pid: 16
#   total CPU time (s): 1791.56
#   total CPU user time (s): 1763.37
#   total CPU system time (s): 28.1898

??? join timestamper begins
??? join timestamper ends
??? end of timestamper thread
runsolver used 1.11391 second user time and 3.36857 second system time

The end
