runsolver version 3.4.1 (svn: 3018) Copyright (C) 2010-2013 Olivier ROUSSEL

This program is distributed in the hope that it will be useful,
but WITHOUT ANY WARRANTY; without even the implied warranty of
MERCHANTABILITY or FITNESS FOR A PARTICULAR PURPOSE.  See the
GNU General Public License for more details.

NUMA information:
  number of nodes: 8
  memory of node 0: 63700 MiB (59374 MiB free)
  memory of node 1: 64504 MiB (36842 MiB free)
  memory of node 2: 64504 MiB (14685 MiB free)
  memory of node 3: 64504 MiB (31999 MiB free)
  memory of node 4: 64504 MiB (56014 MiB free)
  memory of node 5: 64461 MiB (42556 MiB free)
  memory of node 6: 64504 MiB (59953 MiB free)
  memory of node 7: 64491 MiB (53724 MiB free)
  node distances:
     10  12  12  12  21  21  21  21
     12  10  12  12  21  21  21  21
     12  12  10  12  21  21  21  21
     12  12  12  10  21  21  21  21
     21  21  21  21  10  12  12  12
     21  21  21  21  12  10  12  12
     21  21  21  21  12  12  10  12
     21  21  21  21  12  12  12  10

command line: /usr/local/bin/runsolver --timestamp -w /output/runsolver-watch.log -v /output/runsolver-values.log -o /output/solver-output.log -C 1800.0 -W 1800.0 -R 64000 /opt/solver/run_bn4rust.py --mode cyber-forward-baseline --instance /input/model_041.bnet 

running on 16 cores: 0-13,124-125

Enforcing CPUTime limit (soft limit, will send SIGTERM then SIGKILL): 1800 seconds
Enforcing CPUTime limit (hard limit, will send SIGXCPU): 1830 seconds
Enforcing wall clock limit (soft limit, will send SIGTERM then SIGKILL): 1800 seconds
Enforcing RSS+Swap limit (soft limit, will send SIGTERM then SIGKILL): 65536000 KiB
Linux 4.18.0-553.159.1.el8_10.x86_64
solver pid=16, runsolver pid=13
Current StackSize limit: 18014398509481983 KiB


[startup+0.100073 s]*
/proc/loadavg: 29.55 28.84 28.64 49/2768 17
/proc/meminfo: memFree=363662388/527542232 swapFree=33553916/33554428
[pid=16] ppid=13 vsize=15748 memory=9960 CPUtime=0.01 cores=0-13,112-125
/proc/16/stat : 16 (python3) D 13 16 0 0 -1 4194304 1374 0 81 0 1 0 0 0 20 0 1 0 53232022 16125952 2490 67087892480 4194304 7154137 140727243775408 0 0 0 0 16781312 2 0 0 0 17 119 0 0 6 0 0 9727432 11029816 31170560 140727243782987 140727243783085 140727243783085 140727243784167 0
/proc/16/statm: 3937 2490 1387 723 0 1673 0
Current children cumulated CPU time: 0.01 s
Current children cumulated vsize: 15748 KiB
Current children cumulated memory: 9960 KiB

[startup+0.200841 s]*
/proc/loadavg: 29.55 28.84 28.64 49/2769 18
/proc/meminfo: memFree=363650356/527542232 swapFree=33553916/33554428
[pid=16] ppid=13 vsize=17684 memory=12464 CPUtime=0.04 cores=0-13,112-125
/proc/16/stat : 16 (python3) S 13 16 0 0 -1 4194304 1888 0 96 0 3 1 0 0 20 0 1 0 53232022 18108416 3116 67087892480 4194304 7154137 140727243775408 0 0 0 0 16781312 2 1 0 0 17 119 0 0 8 0 0 9727432 11029816 31170560 140727243782987 140727243783085 140727243783085 140727243784167 0
/proc/16/statm: 4421 3116 1506 723 0 2063 0
[pid=18] ppid=16 vsize=15640 memory=10628 CPUtime=0.03 cores=0-13,112-125
/proc/18/stat : 18 (bn4rust) R 16 16 0 0 -1 4194304 4178 0 18 0 3 0 0 0 20 0 1 0 53232036 16015360 2657 67087892480 94115121315840 94115123182961 140737227524448 0 0 0 0 4096 1088 0 0 0 17 122 0 0 1 0 0 94115123441024 94115123487960 94115146821632 140737227528974 140737227529110 140737227529110 140737227530209 0
/proc/18/statm: 3910 2657 1051 456 0 2071 0
Current children cumulated CPU time: 0.07 s
Current children cumulated vsize: 33324 KiB
Current children cumulated memory: 23092 KiB

[startup+0.300711 s]*
/proc/loadavg: 29.55 28.84 28.64 49/2769 18
/proc/meminfo: memFree=363630792/527542232 swapFree=33553916/33554428
[pid=16] ppid=13 vsize=17684 memory=12464 CPUtime=0.04 cores=0-13,112-125
/proc/16/stat : 16 (python3) S 13 16 0 0 -1 4194304 1888 0 96 0 3 1 0 0 20 0 1 0 53232022 18108416 3116 67087892480 4194304 7154137 140727243775408 0 0 0 0 16781312 2 1 0 0 17 119 0 0 8 0 0 9727432 11029816 31170560 140727243782987 140727243783085 140727243783085 140727243784167 0
/proc/16/statm: 4421 3116 1506 723 0 2063 0
[pid=18] ppid=16 vsize=37828 memory=30472 CPUtime=0.13 cores=0-13,112-125
/proc/18/stat : 18 (bn4rust) R 16 16 0 0 -1 4194304 11018 0 18 0 11 2 0 0 20 0 1 0 53232036 38735872 7618 67087892480 94115121315840 94115123182961 140737227524448 0 0 0 0 4096 1088 0 0 0 17 122 0 0 1 0 0 94115123441024 94115123487960 94115146821632 140737227528974 140737227529110 140737227529110 140737227530209 0
/proc/18/statm: 9457 7618 1051 456 0 7618 0
Current children cumulated CPU time: 0.17 s
Current children cumulated vsize: 55512 KiB
Current children cumulated memory: 42936 KiB

[startup+0.700333 s]
/proc/loadavg: 29.55 28.84 28.64 49/2769 18
/proc/meminfo: memFree=363599572/527542232 swapFree=33553916/33554428
[pid=16] ppid=13 vsize=17684 memory=12464 CPUtime=0.04 cores=0-13,112-125
/proc/16/stat : 16 (python3) S 13 16 0 0 -1 4194304 1888 0 96 0 3 1 0 0 20 0 1 0 53232022 18108416 3116 67087892480 4194304 7154137 140727243775408 0 0 0 0 16781312 2 1 0 0 17 119 0 0 8 0 0 9727432 11029816 31170560 140727243782987 140727243783085 140727243783085 140727243784167 0
/proc/16/statm: 4421 3116 1506 723 0 2063 0
[pid=18] ppid=16 vsize=72644 memory=61172 CPUtime=0.53 cores=0-13,112-125
/proc/18/stat : 18 (bn4rust) R 16 16 0 0 -1 4194304 14673 0 18 0 50 3 0 0 20 0 1 0 53232036 74387456 15293 67087892480 94115121315840 94115123182961 140737227524448 0 0 0 0 4096 1088 0 0 0 17 122 0 0 1 0 0 94115123441024 94115123487960 94115146821632 140737227528974 140737227529110 140737227529110 140737227530209 0
/proc/18/statm: 18161 15293 1051 456 0 16322 0
Current children cumulated CPU time: 0.57 s
Current children cumulated vsize: 90328 KiB
Current children cumulated memory: 73636 KiB

[startup+1.50034 s]
/proc/loadavg: 29.55 28.84 28.64 49/2769 18
/proc/meminfo: memFree=363589392/527542232 swapFree=33553916/33554428
[pid=16] ppid=13 vsize=17684 memory=12464 CPUtime=0.04 cores=0-13,112-125
/proc/16/stat : 16 (python3) S 13 16 0 0 -1 4194304 1888 0 96 0 3 1 0 0 20 0 1 0 53232022 18108416 3116 67087892480 4194304 7154137 140727243775408 0 0 0 0 16781312 2 1 0 0 17 119 0 0 8 0 0 9727432 11029816 31170560 140727243782987 140727243783085 140727243783085 140727243784167 0
/proc/16/statm: 4421 3116 1506 723 0 2063 0
[pid=18] ppid=16 vsize=79020 memory=64868 CPUtime=1.33 cores=0-13,112-125
/proc/18/stat : 18 (bn4rust) R 16 16 0 0 -1 4194304 16819 0 18 0 129 4 0 0 20 0 1 0 53232036 80916480 16217 67087892480 94115121315840 94115123182961 140737227524448 0 0 0 0 4096 1088 0 0 0 17 122 0 0 1 0 0 94115123441024 94115123487960 94115146821632 140737227528974 140737227529110 140737227529110 140737227530209 0
/proc/18/statm: 19755 16217 1051 456 0 17916 0
Current children cumulated CPU time: 1.37 s
Current children cumulated vsize: 96704 KiB
Current children cumulated memory: 77332 KiB

[startup+3.1006 s]
/proc/loadavg: 29.42 28.82 28.63 29/2769 18
/proc/meminfo: memFree=363393132/527542232 swapFree=33553916/33554428
[pid=16] ppid=13 vsize=17684 memory=12464 CPUtime=0.04 cores=0-13,112-125
/proc/16/stat : 16 (python3) S 13 16 0 0 -1 4194304 1888 0 96 0 3 1 0 0 20 0 1 0 53232022 18108416 3116 67087892480 4194304 7154137 140727243775408 0 0 0 0 16781312 2 1 0 0 17 119 0 0 8 0 0 9727432 11029816 31170560 140727243782987 140727243783085 140727243783085 140727243784167 0
/proc/16/statm: 4421 3116 1506 723 0 2063 0
[pid=18] ppid=16 vsize=277044 memory=268140 CPUtime=2.92 cores=0-13,112-125
/proc/18/stat : 18 (bn4rust) R 16 16 0 0 -1 4194304 21764 0 18 0 284 8 0 0 20 0 1 0 53232036 283693056 67035 67087892480 94115121315840 94115123182961 140737227524448 0 0 0 0 4096 1088 0 0 0 17 122 0 0 1 0 0 94115123441024 94115123487960 94115146821632 140737227528974 140737227529110 140737227529110 140737227530209 0
/proc/18/statm: 69261 67035 1051 456 0 67422 0
Current children cumulated CPU time: 2.96 s
Current children cumulated vsize: 294728 KiB
Current children cumulated memory: 280604 KiB

[startup+6.30033 s]
/proc/loadavg: 29.42 28.82 28.63 29/2769 18
/proc/meminfo: memFree=363046880/527542232 swapFree=33553916/33554428
[pid=16] ppid=13 vsize=17684 memory=12464 CPUtime=0.04 cores=0-13,112-125
/proc/16/stat : 16 (python3) S 13 16 0 0 -1 4194304 1888 0 96 0 3 1 0 0 20 0 1 0 53232022 18108416 3116 67087892480 4194304 7154137 140727243775408 0 0 0 0 16781312 2 1 0 0 17 119 0 0 8 0 0 9727432 11029816 31170560 140727243782987 140727243783085 140727243783085 140727243784167 0
/proc/16/statm: 4421 3116 1506 723 0 2063 0
[pid=18] ppid=16 vsize=805812 memory=625800 CPUtime=6.11 cores=0-13,112-125
/proc/18/stat : 18 (bn4rust) R 16 16 0 0 -1 4194304 28605 0 18 0 589 22 0 0 20 0 1 0 53232036 825151488 156450 67087892480 94115121315840 94115123182961 140737227524448 0 0 0 0 4096 1088 0 0 0 17 122 0 0 1 0 0 94115123441024 94115123487960 94115146821632 140737227528974 140737227529110 140737227529110 140737227530209 0
/proc/18/statm: 201453 156450 1051 456 0 199614 0
Current children cumulated CPU time: 6.15 s
Current children cumulated vsize: 823496 KiB
Current children cumulated memory: 638264 KiB

[startup+12.7005 s]
/proc/loadavg: 29.20 28.80 28.63 29/2769 18
/proc/meminfo: memFree=363532280/527542232 swapFree=33553916/33554428
[pid=16] ppid=13 vsize=17684 memory=12464 CPUtime=0.04 cores=0-13,112-125
/proc/16/stat : 16 (python3) S 13 16 0 0 -1 4194304 1888 0 96 0 3 1 0 0 20 0 1 0 53232022 18108416 3116 67087892480 4194304 7154137 140727243775408 0 0 0 0 16781312 2 1 0 0 17 119 0 0 8 0 0 9727432 11029816 31170560 140727243782987 140727243783085 140727243783085 140727243784167 0
/proc/16/statm: 4421 3116 1506 723 0 2063 0
[pid=18] ppid=16 vsize=39036 memory=35568 CPUtime=12.49 cores=0-13,112-125
/proc/18/stat : 18 (bn4rust) R 16 16 0 0 -1 4194304 45716 0 18 0 1212 37 0 0 20 0 1 0 53232036 39972864 8892 67087892480 94115121315840 94115123182961 140737227524448 0 0 0 0 4096 1088 0 0 0 17 122 0 0 1 0 0 94115123441024 94115123487960 94115146821632 140737227528974 140737227529110 140737227529110 140737227530209 0
/proc/18/statm: 9759 8892 1051 456 0 7920 0
Current children cumulated CPU time: 12.53 s
Current children cumulated vsize: 56720 KiB
Current children cumulated memory: 48032 KiB

[startup+25.5005 s]
/proc/loadavg: 29.02 28.77 28.62 29/2767 18
/proc/meminfo: memFree=363529256/527542232 swapFree=33553916/33554428
[pid=16] ppid=13 vsize=17684 memory=12464 CPUtime=0.04 cores=0-13,112-125
/proc/16/stat : 16 (python3) S 13 16 0 0 -1 4194304 1888 0 96 0 3 1 0 0 20 0 1 0 53232022 18108416 3116 67087892480 4194304 7154137 140727243775408 0 0 0 0 16781312 2 1 0 0 17 119 0 0 8 0 0 9727432 11029816 31170560 140727243782987 140727243783085 140727243783085 140727243784167 0
/proc/16/statm: 4421 3116 1506 723 0 2063 0
[pid=18] ppid=16 vsize=92784 memory=89512 CPUtime=25.25 cores=0-13,112-125
/proc/18/stat : 18 (bn4rust) R 16 16 0 0 -1 4194304 77696 0 18 0 2455 70 0 0 20 0 1 0 53232036 95010816 22378 67087892480 94115121315840 94115123182961 140737227524448 0 0 0 0 4096 1088 0 0 0 17 10 0 0 1 0 0 94115123441024 94115123487960 94115146821632 140737227528974 140737227529110 140737227529110 140737227530209 0
/proc/18/statm: 23196 22378 1051 456 0 21357 0
Current children cumulated CPU time: 25.29 s
Current children cumulated vsize: 110468 KiB
Current children cumulated memory: 101976 KiB

[startup+51.1006 s]
/proc/loadavg: 28.67 28.71 28.60 29/2766 18
/proc/meminfo: memFree=363527408/527542232 swapFree=33553916/33554428
[pid=16] ppid=13 vsize=17684 memory=12464 CPUtime=0.04 cores=0-13,112-125
/proc/16/stat : 16 (python3) S 13 16 0 0 -1 4194304 1888 0 96 0 3 1 0 0 20 0 1 0 53232022 18108416 3116 67087892480 4194304 7154137 140727243775408 0 0 0 0 16781312 2 1 0 0 17 119 0 0 8 0 0 9727432 11029816 31170560 140727243782987 140727243783085 140727243783085 140727243784167 0
/proc/16/statm: 4421 3116 1506 723 0 2063 0
[pid=18] ppid=16 vsize=156588 memory=139540 CPUtime=50.77 cores=0-13,112-125
/proc/18/stat : 18 (bn4rust) R 16 16 0 0 -1 4194304 141888 0 18 0 4936 141 0 0 20 0 1 0 53232036 160346112 34885 67087892480 94115121315840 94115123182961 140737227524448 0 0 0 0 4096 1088 0 0 0 17 10 0 0 1 0 0 94115123441024 94115123487960 94115146821632 140737227528974 140737227529110 140737227529110 140737227530209 0
/proc/18/statm: 39147 34885 1051 456 0 37308 0
Current children cumulated CPU time: 50.81 s
Current children cumulated vsize: 174272 KiB
Current children cumulated memory: 152004 KiB

[startup+102.3 s]
/proc/loadavg: 29.24 28.89 28.67 29/2767 18
/proc/meminfo: memFree=362821552/527542232 swapFree=33553916/33554428
[pid=16] ppid=13 vsize=17684 memory=12464 CPUtime=0.04 cores=0-13,112-125
/proc/16/stat : 16 (python3) S 13 16 0 0 -1 4194304 1888 0 96 0 3 1 0 0 20 0 1 0 53232022 18108416 3116 67087892480 4194304 7154137 140727243775408 0 0 0 0 16781312 2 1 0 0 17 119 0 0 8 0 0 9727432 11029816 31170560 140727243782987 140727243783085 140727243783085 140727243784167 0
/proc/16/statm: 4421 3116 1506 723 0 2063 0
[pid=18] ppid=16 vsize=544892 memory=516064 CPUtime=101.79 cores=0-13,112-125
/proc/18/stat : 18 (bn4rust) R 16 16 0 0 -1 4194304 209294 0 18 0 9958 221 0 0 20 0 1 0 53232036 557969408 129016 67087892480 94115121315840 94115123182961 140737227524448 0 0 0 0 4096 1088 0 0 0 17 10 0 0 1 0 0 94115123441024 94115123487960 94115146821632 140737227528974 140737227529110 140737227529110 140737227530209 0
/proc/18/statm: 136223 129016 1051 456 0 134384 0
Current children cumulated CPU time: 101.83 s
Current children cumulated vsize: 562576 KiB
Current children cumulated memory: 528528 KiB

[startup+162.3 s]
/proc/loadavg: 25.97 27.93 28.35 29/2767 18
/proc/meminfo: memFree=353976720/527542232 swapFree=33553916/33554428
[pid=16] ppid=13 vsize=17684 memory=12464 CPUtime=0.04 cores=0-13,112-125
/proc/16/stat : 16 (python3) S 13 16 0 0 -1 4194304 1888 0 96 0 3 1 0 0 20 0 1 0 53232022 18108416 3116 67087892480 4194304 7154137 140727243775408 0 0 0 0 16781312 2 1 0 0 17 119 0 0 8 0 0 9727432 11029816 31170560 140727243782987 140727243783085 140727243783085 140727243784167 0
/proc/16/statm: 4421 3116 1506 723 0 2063 0
[pid=18] ppid=16 vsize=356440 memory=326116 CPUtime=161.61 cores=0-13,112-125
/proc/18/stat : 18 (bn4rust) R 16 16 0 0 -1 4194304 250904 0 18 0 15873 288 0 0 20 0 1 0 53232036 364994560 81529 67087892480 94115121315840 94115123182961 140737227524448 0 0 0 0 4096 1088 0 0 0 17 10 0 0 1 0 0 94115123441024 94115123487960 94115146821632 140737227528974 140737227529110 140737227529110 140737227530209 0
/proc/18/statm: 89110 81529 1051 456 0 87271 0
Current children cumulated CPU time: 161.65 s
Current children cumulated vsize: 374124 KiB
Current children cumulated memory: 338580 KiB

[startup+222.3 s]
/proc/loadavg: 30.08 28.60 28.54 29/2766 18
/proc/meminfo: memFree=354079380/527542232 swapFree=33553916/33554428
[pid=16] ppid=13 vsize=17684 memory=12464 CPUtime=0.04 cores=0-13,112-125
/proc/16/stat : 16 (python3) S 13 16 0 0 -1 4194304 1888 0 96 0 3 1 0 0 20 0 1 0 53232022 18108416 3116 67087892480 4194304 7154137 140727243775408 0 0 0 0 16781312 2 1 0 0 17 119 0 0 8 0 0 9727432 11029816 31170560 140727243782987 140727243783085 140727243783085 140727243784167 0
/proc/16/statm: 4421 3116 1506 723 0 2063 0
[pid=18] ppid=16 vsize=321672 memory=266008 CPUtime=221.41 cores=0-13,112-125
/proc/18/stat : 18 (bn4rust) R 16 16 0 0 -1 4194304 328313 0 18 0 21758 383 0 0 20 0 1 0 53232036 329392128 66502 67087892480 94115121315840 94115123182961 140737227524448 0 0 0 0 4096 1088 0 0 0 17 10 0 0 1 0 0 94115123441024 94115123487960 94115146821632 140737227528974 140737227529110 140737227529110 140737227530209 0
/proc/18/statm: 80418 66502 1051 456 0 78579 0
Current children cumulated CPU time: 221.45 s
Current children cumulated vsize: 339356 KiB
Current children cumulated memory: 278472 KiB

[startup+282.3 s]
/proc/loadavg: 28.76 28.48 28.51 29/2769 18
/proc/meminfo: memFree=354014188/527542232 swapFree=33553916/33554428
[pid=16] ppid=13 vsize=17684 memory=12464 CPUtime=0.04 cores=0-13,112-125
/proc/16/stat : 16 (python3) S 13 16 0 0 -1 4194304 1888 0 96 0 3 1 0 0 20 0 1 0 53232022 18108416 3116 67087892480 4194304 7154137 140727243775408 0 0 0 0 16781312 2 1 0 0 17 119 0 0 8 0 0 9727432 11029816 31170560 140727243782987 140727243783085 140727243783085 140727243784167 0
/proc/16/statm: 4421 3116 1506 723 0 2063 0
[pid=18] ppid=16 vsize=374468 memory=323388 CPUtime=281.21 cores=0-13,112-125
/proc/18/stat : 18 (bn4rust) R 16 16 0 0 -1 4194304 421338 0 18 0 27613 508 0 0 20 0 1 0 53232036 383455232 80847 67087892480 94115121315840 94115123182961 140737227524448 0 0 0 0 4096 1088 0 0 0 17 10 0 0 1 0 0 94115123441024 94115123487960 94115146821632 140737227528974 140737227529110 140737227529110 140737227530209 0
/proc/18/statm: 93617 80847 1051 456 0 91778 0
Current children cumulated CPU time: 281.25 s
Current children cumulated vsize: 392152 KiB
Current children cumulated memory: 335852 KiB

[startup+342.3 s]
/proc/loadavg: 29.00 28.70 28.59 29/2763 18
/proc/meminfo: memFree=353845368/527542232 swapFree=33553916/33554428
[pid=16] ppid=13 vsize=17684 memory=12464 CPUtime=0.04 cores=0-13,112-125
/proc/16/stat : 16 (python3) S 13 16 0 0 -1 4194304 1888 0 96 0 3 1 0 0 20 0 1 0 53232022 18108416 3116 67087892480 4194304 7154137 140727243775408 0 0 0 0 16781312 2 1 0 0 17 119 0 0 8 0 0 9727432 11029816 31170560 140727243782987 140727243783085 140727243783085 140727243784167 0
/proc/16/statm: 4421 3116 1506 723 0 2063 0
[pid=18] ppid=16 vsize=562856 memory=475368 CPUtime=341.01 cores=0-13,112-125
/proc/18/stat : 18 (bn4rust) R 16 16 0 0 -1 4194304 488084 0 18 0 33498 603 0 0 20 0 1 0 53232036 576364544 118842 67087892480 94115121315840 94115123182961 140737227524448 0 0 0 0 4096 1088 0 0 0 17 10 0 0 1 0 0 94115123441024 94115123487960 94115146821632 140737227528974 140737227529110 140737227529110 140737227530209 0
/proc/18/statm: 140714 118842 1051 456 0 138875 0
Current children cumulated CPU time: 341.05 s
Current children cumulated vsize: 580540 KiB
Current children cumulated memory: 487832 KiB

[startup+402.3 s]
/proc/loadavg: 29.94 29.15 28.75 29/2762 18
/proc/meminfo: memFree=353804088/527542232 swapFree=33553916/33554428
[pid=16] ppid=13 vsize=17684 memory=12464 CPUtime=0.04 cores=0-13,112-125
/proc/16/stat : 16 (python3) S 13 16 0 0 -1 4194304 1888 0 96 0 3 1 0 0 20 0 1 0 53232022 18108416 3116 67087892480 4194304 7154137 140727243775408 0 0 0 0 16781312 2 1 0 0 17 119 0 0 8 0 0 9727432 11029816 31170560 140727243782987 140727243783085 140727243783085 140727243784167 0
/proc/16/statm: 4421 3116 1506 723 0 2063 0
[pid=18] ppid=16 vsize=522916 memory=441312 CPUtime=400.83 cores=0-13,112-125
/proc/18/stat : 18 (bn4rust) R 16 16 0 0 -1 4194304 550039 0 18 0 39363 720 0 0 20 0 1 0 53232036 535465984 110328 67087892480 94115121315840 94115123182961 140737227524448 0 0 0 0 4096 1088 0 0 0 17 10 0 0 1 0 0 94115123441024 94115123487960 94115146821632 140737227528974 140737227529110 140737227529110 140737227530209 0
/proc/18/statm: 130729 110328 1051 456 0 128890 0
Current children cumulated CPU time: 400.87 s
Current children cumulated vsize: 540600 KiB
Current children cumulated memory: 453776 KiB

[startup+462.3 s]
/proc/loadavg: 29.73 29.25 28.81 29/2763 18
/proc/meminfo: memFree=354115192/527542232 swapFree=33553916/33554428
[pid=16] ppid=13 vsize=17684 memory=12464 CPUtime=0.04 cores=0-13,112-125
/proc/16/stat : 16 (python3) S 13 16 0 0 -1 4194304 1888 0 96 0 3 1 0 0 20 0 1 0 53232022 18108416 3116 67087892480 4194304 7154137 140727243775408 0 0 0 0 16781312 2 1 0 0 17 119 0 0 8 0 0 9727432 11029816 31170560 140727243782987 140727243783085 140727243783085 140727243784167 0
/proc/16/statm: 4421 3116 1506 723 0 2063 0
[pid=18] ppid=16 vsize=522996 memory=441524 CPUtime=460.64 cores=0-13,112-125
/proc/18/stat : 18 (bn4rust) R 16 16 0 0 -1 4194304 617800 0 18 0 45223 841 0 0 20 0 1 0 53232036 535547904 110381 67087892480 94115121315840 94115123182961 140737227524448 0 0 0 0 4096 1088 0 0 0 17 10 0 0 1 0 0 94115123441024 94115123487960 94115146821632 140737227528974 140737227529110 140737227529110 140737227530209 0
/proc/18/statm: 130749 110381 1051 456 0 128910 0
Current children cumulated CPU time: 460.68 s
Current children cumulated vsize: 540680 KiB
Current children cumulated memory: 453988 KiB

[startup+522.3 s]
/proc/loadavg: 28.71 29.04 28.76 30/2764 18
/proc/meminfo: memFree=353847800/527542232 swapFree=33553916/33554428
[pid=16] ppid=13 vsize=17684 memory=12464 CPUtime=0.04 cores=0-13,112-125
/proc/16/stat : 16 (python3) S 13 16 0 0 -1 4194304 1888 0 96 0 3 1 0 0 20 0 1 0 53232022 18108416 3116 67087892480 4194304 7154137 140727243775408 0 0 0 0 16781312 2 1 0 0 17 119 0 0 8 0 0 9727432 11029816 31170560 140727243782987 140727243783085 140727243783085 140727243784167 0
/proc/16/statm: 4421 3116 1506 723 0 2063 0
[pid=18] ppid=16 vsize=454748 memory=379408 CPUtime=520.45 cores=0-13,112-125
/proc/18/stat : 18 (bn4rust) R 16 16 0 0 -1 4194304 691379 0 18 0 51088 957 0 0 20 0 1 0 53232036 465661952 94852 67087892480 94115121315840 94115123182961 140737227524448 0 0 0 0 4096 1088 0 0 0 17 10 0 0 1 0 0 94115123441024 94115123487960 94115146821632 140737227528974 140737227529110 140737227529110 140737227530209 0
/proc/18/statm: 113687 94852 1051 456 0 111848 0
Current children cumulated CPU time: 520.49 s
Current children cumulated vsize: 472432 KiB
Current children cumulated memory: 391872 KiB

[startup+582.3 s]
/proc/loadavg: 29.77 29.19 28.82 29/2766 18
/proc/meminfo: memFree=354037256/527542232 swapFree=33553916/33554428
[pid=16] ppid=13 vsize=17684 memory=12464 CPUtime=0.04 cores=0-13,112-125
/proc/16/stat : 16 (python3) S 13 16 0 0 -1 4194304 1888 0 96 0 3 1 0 0 20 0 1 0 53232022 18108416 3116 67087892480 4194304 7154137 140727243775408 0 0 0 0 16781312 2 1 0 0 17 119 0 0 8 0 0 9727432 11029816 31170560 140727243782987 140727243783085 140727243783085 140727243784167 0
/proc/16/statm: 4421 3116 1506 723 0 2063 0
[pid=18] ppid=16 vsize=368724 memory=274852 CPUtime=580.23 cores=0-13,112-125
/proc/18/stat : 18 (bn4rust) R 16 16 0 0 -1 4194304 740411 0 18 0 56988 1035 0 0 20 0 1 0 53232036 377573376 68713 67087892480 94115121315840 94115123182961 140737227524448 0 0 0 0 4096 1088 0 0 0 17 10 0 0 1 0 0 94115123441024 94115123487960 94115146821632 140737227528974 140737227529110 140737227529110 140737227530209 0
/proc/18/statm: 92181 68713 1051 456 0 90342 0
Current children cumulated CPU time: 580.27 s
Current children cumulated vsize: 386408 KiB
Current children cumulated memory: 287316 KiB

[startup+642.3 s]
/proc/loadavg: 29.41 29.15 28.83 30/2790 18
/proc/meminfo: memFree=351567104/527542232 swapFree=33553916/33554428
[pid=16] ppid=13 vsize=17684 memory=12464 CPUtime=0.04 cores=0-13,112-125
/proc/16/stat : 16 (python3) S 13 16 0 0 -1 4194304 1888 0 96 0 3 1 0 0 20 0 1 0 53232022 18108416 3116 67087892480 4194304 7154137 140727243775408 0 0 0 0 16781312 2 1 0 0 17 119 0 0 8 0 0 9727432 11029816 31170560 140727243782987 140727243783085 140727243783085 140727243784167 0
/proc/16/statm: 4421 3116 1506 723 0 2063 0
[pid=18] ppid=16 vsize=909404 memory=857196 CPUtime=639.96 cores=0-13,112-125
/proc/18/stat : 18 (bn4rust) R 16 16 0 0 -1 4194304 790796 0 18 0 62849 1147 0 0 20 0 1 0 53232036 931229696 214299 67087892480 94115121315840 94115123182961 140737227524448 0 0 0 0 4096 1088 0 0 0 17 2 0 0 1 0 0 94115123441024 94115123487960 94115146821632 140737227528974 140737227529110 140737227529110 140737227530209 0
/proc/18/statm: 227351 214299 1051 456 0 225512 0
Current children cumulated CPU time: 640 s
Current children cumulated vsize: 927088 KiB
Current children cumulated memory: 869660 KiB

[startup+702.3 s]
/proc/loadavg: 31.01 29.50 28.97 41/3161 18
/proc/meminfo: memFree=357308848/527542232 swapFree=33553916/33554428
[pid=16] ppid=13 vsize=17684 memory=12464 CPUtime=0.04 cores=0-13,112-125
/proc/16/stat : 16 (python3) S 13 16 0 0 -1 4194304 1888 0 96 0 3 1 0 0 20 0 1 0 53232022 18108416 3116 67087892480 4194304 7154137 140727243775408 0 0 0 0 16781312 2 1 0 0 17 119 0 0 8 0 0 9727432 11029816 31170560 140727243782987 140727243783085 140727243783085 140727243784167 0
/proc/16/statm: 4421 3116 1506 723 0 2063 0
[pid=18] ppid=16 vsize=995980 memory=830452 CPUtime=699.73 cores=0-13,112-125
/proc/18/stat : 18 (bn4rust) R 16 16 0 0 -1 4194304 827026 0 18 0 68716 1257 0 0 20 0 1 0 53232036 1019883520 207613 67087892480 94115121315840 94115123182961 140737227524448 0 0 0 0 4096 1088 0 0 0 17 3 0 0 1 0 0 94115123441024 94115123487960 94115146821632 140737227528974 140737227529110 140737227529110 140737227530209 0
/proc/18/statm: 248995 207613 1051 456 0 247156 0
Current children cumulated CPU time: 699.77 s
Current children cumulated vsize: 1013664 KiB
Current children cumulated memory: 842916 KiB

[startup+762.3 s]
/proc/loadavg: 37.22 31.71 29.77 41/3160 18
/proc/meminfo: memFree=359345236/527542232 swapFree=33553916/33554428
[pid=16] ppid=13 vsize=17684 memory=12464 CPUtime=0.04 cores=0-13,112-125
/proc/16/stat : 16 (python3) S 13 16 0 0 -1 4194304 1888 0 96 0 3 1 0 0 20 0 1 0 53232022 18108416 3116 67087892480 4194304 7154137 140727243775408 0 0 0 0 16781312 2 1 0 0 17 119 0 0 8 0 0 9727432 11029816 31170560 140727243782987 140727243783085 140727243783085 140727243784167 0
/proc/16/statm: 4421 3116 1506 723 0 2063 0
[pid=18] ppid=16 vsize=996632 memory=830732 CPUtime=759.43 cores=0-13,112-125
/proc/18/stat : 18 (bn4rust) R 16 16 0 0 -1 4194304 856437 0 18 0 74588 1355 0 0 20 0 1 0 53232036 1020551168 207683 67087892480 94115121315840 94115123182961 140737227524448 0 0 0 0 4096 1088 0 0 0 17 3 0 0 1 0 0 94115123441024 94115123487960 94115146821632 140737227528974 140737227529110 140737227529110 140737227530209 0
/proc/18/statm: 249158 207683 1051 456 0 247319 0
Current children cumulated CPU time: 759.47 s
Current children cumulated vsize: 1014316 KiB
Current children cumulated memory: 843196 KiB

[startup+822.3 s]
/proc/loadavg: 34.92 32.22 30.08 29/2785 18
/proc/meminfo: memFree=360774884/527542232 swapFree=33553916/33554428
[pid=16] ppid=13 vsize=17684 memory=12464 CPUtime=0.04 cores=0-13,112-125
/proc/16/stat : 16 (python3) S 13 16 0 0 -1 4194304 1888 0 96 0 3 1 0 0 20 0 1 0 53232022 18108416 3116 67087892480 4194304 7154137 140727243775408 0 0 0 0 16781312 2 1 0 0 17 119 0 0 8 0 0 9727432 11029816 31170560 140727243782987 140727243783085 140727243783085 140727243784167 0
/proc/16/statm: 4421 3116 1506 723 0 2063 0
[pid=18] ppid=16 vsize=1096928 memory=910720 CPUtime=819.14 cores=0-13,112-125
/proc/18/stat : 18 (bn4rust) R 16 16 0 0 -1 4194304 887661 0 18 0 80459 1455 0 0 20 0 1 0 53232036 1123254272 227680 67087892480 94115121315840 94115123182961 140737227524448 0 0 0 0 4096 1088 0 0 0 17 3 0 0 1 0 0 94115123441024 94115123487960 94115146821632 140737227528974 140737227529110 140737227529110 140737227530209 0
/proc/18/statm: 274232 227680 1051 456 0 272393 0
Current children cumulated CPU time: 819.18 s
Current children cumulated vsize: 1114612 KiB
Current children cumulated memory: 923184 KiB

[startup+882.3 s]
/proc/loadavg: 31.79 31.77 30.05 29/2787 18
/proc/meminfo: memFree=361356840/527542232 swapFree=33553916/33554428
[pid=16] ppid=13 vsize=17684 memory=12464 CPUtime=0.04 cores=0-13,112-125
/proc/16/stat : 16 (python3) S 13 16 0 0 -1 4194304 1888 0 96 0 3 1 0 0 20 0 1 0 53232022 18108416 3116 67087892480 4194304 7154137 140727243775408 0 0 0 0 16781312 2 1 0 0 17 119 0 0 8 0 0 9727432 11029816 31170560 140727243782987 140727243783085 140727243783085 140727243784167 0
/proc/16/statm: 4421 3116 1506 723 0 2063 0
[pid=18] ppid=16 vsize=999360 memory=835956 CPUtime=878.87 cores=0-13,112-125
/proc/18/stat : 18 (bn4rust) R 16 16 0 0 -1 4194304 917039 0 18 0 86327 1560 0 0 20 0 1 0 53232036 1023344640 208989 67087892480 94115121315840 94115123182961 140737227524448 0 0 0 0 4096 1088 0 0 0 17 3 0 0 1 0 0 94115123441024 94115123487960 94115146821632 140737227528974 140737227529110 140737227529110 140737227530209 0
/proc/18/statm: 249840 208989 1051 456 0 248001 0
Current children cumulated CPU time: 878.91 s
Current children cumulated vsize: 1017044 KiB
Current children cumulated memory: 848420 KiB

[startup+942.3 s]
/proc/loadavg: 29.46 31.10 29.92 29/2785 18
/proc/meminfo: memFree=360776656/527542232 swapFree=33553916/33554428
[pid=16] ppid=13 vsize=17684 memory=12464 CPUtime=0.04 cores=0-13,112-125
/proc/16/stat : 16 (python3) S 13 16 0 0 -1 4194304 1888 0 96 0 3 1 0 0 20 0 1 0 53232022 18108416 3116 67087892480 4194304 7154137 140727243775408 0 0 0 0 16781312 2 1 0 0 17 119 0 0 8 0 0 9727432 11029816 31170560 140727243782987 140727243783085 140727243783085 140727243784167 0
/proc/16/statm: 4421 3116 1506 723 0 2063 0
[pid=18] ppid=16 vsize=1195344 memory=941776 CPUtime=938.61 cores=0-13,112-125
/proc/18/stat : 18 (bn4rust) R 16 16 0 0 -1 4194304 947628 0 18 0 92201 1660 0 0 20 0 1 0 53232036 1224032256 235444 67087892480 94115121315840 94115123182961 140737227524448 0 0 0 0 4096 1088 0 0 0 17 3 0 0 1 0 0 94115123441024 94115123487960 94115146821632 140737227528974 140737227529110 140737227529110 140737227530209 0
/proc/18/statm: 298836 235444 1051 456 0 296997 0
Current children cumulated CPU time: 938.65 s
Current children cumulated vsize: 1213028 KiB
Current children cumulated memory: 954240 KiB

[startup+1002.3 s]
/proc/loadavg: 29.50 30.82 29.90 29/2784 18
/proc/meminfo: memFree=360834692/527542232 swapFree=33553916/33554428
[pid=16] ppid=13 vsize=17684 memory=12464 CPUtime=0.04 cores=0-13,112-125
/proc/16/stat : 16 (python3) S 13 16 0 0 -1 4194304 1888 0 96 0 3 1 0 0 20 0 1 0 53232022 18108416 3116 67087892480 4194304 7154137 140727243775408 0 0 0 0 16781312 2 1 0 0 17 119 0 0 8 0 0 9727432 11029816 31170560 140727243782987 140727243783085 140727243783085 140727243784167 0
/proc/16/statm: 4421 3116 1506 723 0 2063 0
[pid=18] ppid=16 vsize=1096668 memory=908440 CPUtime=998.33 cores=0-13,112-125
/proc/18/stat : 18 (bn4rust) R 16 16 0 0 -1 4194304 981582 0 18 0 98065 1768 0 0 20 0 1 0 53232036 1122988032 227110 67087892480 94115121315840 94115123182961 140737227524448 0 0 0 0 4096 1088 0 0 0 17 116 0 0 1 0 0 94115123441024 94115123487960 94115146821632 140737227528974 140737227529110 140737227529110 140737227530209 0
/proc/18/statm: 274167 227110 1051 456 0 272328 0
Current children cumulated CPU time: 998.37 s
Current children cumulated vsize: 1114352 KiB
Current children cumulated memory: 920904 KiB

[startup+1062.3 s]
/proc/loadavg: 29.88 30.86 29.98 29/2772 18
/proc/meminfo: memFree=361208576/527542232 swapFree=33553916/33554428
[pid=16] ppid=13 vsize=17684 memory=12464 CPUtime=0.04 cores=0-13,112-125
/proc/16/stat : 16 (python3) S 13 16 0 0 -1 4194304 1888 0 96 0 3 1 0 0 20 0 1 0 53232022 18108416 3116 67087892480 4194304 7154137 140727243775408 0 0 0 0 16781312 2 1 0 0 17 119 0 0 8 0 0 9727432 11029816 31170560 140727243782987 140727243783085 140727243783085 140727243784167 0
/proc/16/statm: 4421 3116 1506 723 0 2063 0
[pid=18] ppid=16 vsize=628820 memory=480476 CPUtime=1058.12 cores=0-13,112-125
/proc/18/stat : 18 (bn4rust) R 16 16 0 0 -1 4194304 1024475 0 18 0 103940 1872 0 0 20 0 1 0 53232036 643911680 120119 67087892480 94115121315840 94115123182961 140737227524448 0 0 0 0 4096 1088 0 0 0 17 4 0 0 1 0 0 94115123441024 94115123487960 94115146821632 140737227528974 140737227529110 140737227529110 140737227530209 0
/proc/18/statm: 157205 120119 1051 456 0 155366 0
Current children cumulated CPU time: 1058.16 s
Current children cumulated vsize: 646504 KiB
Current children cumulated memory: 492940 KiB

[startup+1122.3 s]
/proc/loadavg: 29.62 30.66 29.97 29/2771 18
/proc/meminfo: memFree=361232324/527542232 swapFree=33553916/33554428
[pid=16] ppid=13 vsize=17684 memory=12464 CPUtime=0.04 cores=0-13,112-125
/proc/16/stat : 16 (python3) S 13 16 0 0 -1 4194304 1888 0 96 0 3 1 0 0 20 0 1 0 53232022 18108416 3116 67087892480 4194304 7154137 140727243775408 0 0 0 0 16781312 2 1 0 0 17 119 0 0 8 0 0 9727432 11029816 31170560 140727243782987 140727243783085 140727243783085 140727243784167 0
/proc/16/statm: 4421 3116 1506 723 0 2063 0
[pid=18] ppid=16 vsize=946272 memory=758324 CPUtime=1117.9 cores=0-13,112-125
/proc/18/stat : 18 (bn4rust) R 16 16 0 0 -1 4194304 1089701 0 18 0 109798 1992 0 0 20 0 1 0 53232036 968982528 189581 67087892480 94115121315840 94115123182961 140737227524448 0 0 0 0 4096 1088 0 0 0 17 4 0 0 1 0 0 94115123441024 94115123487960 94115146821632 140737227528974 140737227529110 140737227529110 140737227530209 0
/proc/18/statm: 236568 189581 1051 456 0 234729 0
Current children cumulated CPU time: 1117.94 s
Current children cumulated vsize: 963956 KiB
Current children cumulated memory: 770788 KiB

[startup+1182.3 s]
/proc/loadavg: 30.69 30.79 30.06 29/2774 18
/proc/meminfo: memFree=362842748/527542232 swapFree=33553916/33554428
[pid=16] ppid=13 vsize=17684 memory=12464 CPUtime=0.04 cores=0-13,112-125
/proc/16/stat : 16 (python3) S 13 16 0 0 -1 4194304 1888 0 96 0 3 1 0 0 20 0 1 0 53232022 18108416 3116 67087892480 4194304 7154137 140727243775408 0 0 0 0 16781312 2 1 0 0 17 119 0 0 8 0 0 9727432 11029816 31170560 140727243782987 140727243783085 140727243783085 140727243784167 0
/proc/16/statm: 4421 3116 1506 723 0 2063 0
[pid=18] ppid=16 vsize=680024 memory=534308 CPUtime=1177.68 cores=0-13,112-125
/proc/18/stat : 18 (bn4rust) R 16 16 0 0 -1 4194304 1139806 0 18 0 115700 2068 0 0 20 0 1 0 53232036 696344576 133577 67087892480 94115121315840 94115123182961 140737227524448 0 0 0 0 4096 1088 0 0 0 17 116 0 0 1 0 0 94115123441024 94115123487960 94115146821632 140737227528974 140737227529110 140737227529110 140737227530209 0
/proc/18/statm: 170006 133577 1051 456 0 168167 0
Current children cumulated CPU time: 1177.72 s
Current children cumulated vsize: 697708 KiB
Current children cumulated memory: 546772 KiB

[startup+1242.3 s]
/proc/loadavg: 30.23 30.60 30.03 29/2770 18
/proc/meminfo: memFree=363152204/527542232 swapFree=33553916/33554428
[pid=16] ppid=13 vsize=17684 memory=12464 CPUtime=0.04 cores=0-13,112-125
/proc/16/stat : 16 (python3) S 13 16 0 0 -1 4194304 1888 0 96 0 3 1 0 0 20 0 1 0 53232022 18108416 3116 67087892480 4194304 7154137 140727243775408 0 0 0 0 16781312 2 1 0 0 17 119 0 0 8 0 0 9727432 11029816 31170560 140727243782987 140727243783085 140727243783085 140727243784167 0
/proc/16/statm: 4421 3116 1506 723 0 2063 0
[pid=18] ppid=16 vsize=1019996 memory=919372 CPUtime=1237.48 cores=0-13,112-125
/proc/18/stat : 18 (bn4rust) R 16 16 0 0 -1 4194304 1180455 0 18 0 121583 2165 0 0 20 0 1 0 53232036 1044475904 229843 67087892480 94115121315840 94115123182961 140737227524448 0 0 0 0 4096 1088 0 0 0 17 4 0 0 1 0 0 94115123441024 94115123487960 94115146821632 140737227528974 140737227529110 140737227529110 140737227530209 0
/proc/18/statm: 254999 229843 1051 456 0 253160 0
Current children cumulated CPU time: 1237.52 s
Current children cumulated vsize: 1037680 KiB
Current children cumulated memory: 931836 KiB

[startup+1302.3 s]
/proc/loadavg: 32.21 30.85 30.14 29/2880 18
/proc/meminfo: memFree=362972256/527542232 swapFree=33553916/33554428
[pid=16] ppid=13 vsize=17684 memory=12464 CPUtime=0.04 cores=0-13,112-125
/proc/16/stat : 16 (python3) S 13 16 0 0 -1 4194304 1888 0 96 0 3 1 0 0 20 0 1 0 53232022 18108416 3116 67087892480 4194304 7154137 140727243775408 0 0 0 0 16781312 2 1 0 0 17 119 0 0 8 0 0 9727432 11029816 31170560 140727243782987 140727243783085 140727243783085 140727243784167 0
/proc/16/statm: 4421 3116 1506 723 0 2063 0
[pid=18] ppid=16 vsize=1559972 memory=1405652 CPUtime=1297.27 cores=0-13,112-125
/proc/18/stat : 18 (bn4rust) R 16 16 0 0 -1 4194304 1212367 0 18 0 127459 2268 0 0 20 0 1 0 53232036 1597411328 351413 67087892480 94115121315840 94115123182961 140737227524448 0 0 0 0 4096 1088 0 0 0 17 4 0 0 1 0 0 94115123441024 94115123487960 94115146821632 140737227528974 140737227529110 140737227529110 140737227530209 0
/proc/18/statm: 389993 351413 1051 456 0 388154 0
Current children cumulated CPU time: 1297.31 s
Current children cumulated vsize: 1577656 KiB
Current children cumulated memory: 1418116 KiB

[startup+1362.3 s]
/proc/loadavg: 33.07 31.40 30.38 34/2980 18
/proc/meminfo: memFree=354155380/527542232 swapFree=33553916/33554428
[pid=16] ppid=13 vsize=17684 memory=12464 CPUtime=0.04 cores=0-13,112-125
/proc/16/stat : 16 (python3) S 13 16 0 0 -1 4194304 1888 0 96 0 3 1 0 0 20 0 1 0 53232022 18108416 3116 67087892480 4194304 7154137 140727243775408 0 0 0 0 16781312 2 1 0 0 17 119 0 0 8 0 0 9727432 11029816 31170560 140727243782987 140727243783085 140727243783085 140727243784167 0
/proc/16/statm: 4421 3116 1506 723 0 2063 0
[pid=18] ppid=16 vsize=1428892 memory=1402372 CPUtime=1357.05 cores=0-13,112-125
/proc/18/stat : 18 (bn4rust) R 16 16 0 0 -1 4194304 1238225 0 18 0 133316 2389 0 0 20 0 1 0 53232036 1463185408 350593 67087892480 94115121315840 94115123182961 140737227524448 0 0 0 0 4096 1088 0 0 0 17 4 0 0 1 0 0 94115123441024 94115123487960 94115146821632 140737227528974 140737227529110 140737227529110 140737227530209 0
/proc/18/statm: 357223 350593 1051 456 0 355384 0
Current children cumulated CPU time: 1357.09 s
Current children cumulated vsize: 1446576 KiB
Current children cumulated memory: 1414836 KiB

[startup+1422.3 s]
/proc/loadavg: 33.73 31.89 30.61 36/2983 18
/proc/meminfo: memFree=347546976/527542232 swapFree=33553916/33554428
[pid=16] ppid=13 vsize=17684 memory=12464 CPUtime=0.04 cores=0-13,112-125
/proc/16/stat : 16 (python3) S 13 16 0 0 -1 4194304 1888 0 96 0 3 1 0 0 20 0 1 0 53232022 18108416 3116 67087892480 4194304 7154137 140727243775408 0 0 0 0 16781312 2 1 0 0 17 119 0 0 8 0 0 9727432 11029816 31170560 140727243782987 140727243783085 140727243783085 140727243784167 0
/proc/16/statm: 4421 3116 1506 723 0 2063 0
[pid=18] ppid=16 vsize=1793136 memory=1481656 CPUtime=1416.85 cores=0-13,112-125
/proc/18/stat : 18 (bn4rust) R 16 16 0 0 -1 4194304 1259256 0 18 0 139193 2492 0 0 20 0 1 0 53232036 1836171264 370414 67087892480 94115121315840 94115123182961 140737227524448 0 0 0 0 4096 1088 0 0 0 17 10 0 0 1 0 0 94115123441024 94115123487960 94115146821632 140737227528974 140737227529110 140737227529110 140737227530209 0
/proc/18/statm: 448284 370414 1051 456 0 446445 0
Current children cumulated CPU time: 1416.89 s
Current children cumulated vsize: 1810820 KiB
Current children cumulated memory: 1494120 KiB

[startup+1482.3 s]
/proc/loadavg: 31.53 31.67 30.62 29/2783 18
/proc/meminfo: memFree=358327504/527542232 swapFree=33553916/33554428
[pid=16] ppid=13 vsize=17684 memory=12464 CPUtime=0.04 cores=0-13,112-125
/proc/16/stat : 16 (python3) S 13 16 0 0 -1 4194304 1888 0 96 0 3 1 0 0 20 0 1 0 53232022 18108416 3116 67087892480 4194304 7154137 140727243775408 0 0 0 0 16781312 2 1 0 0 17 119 0 0 8 0 0 9727432 11029816 31170560 140727243782987 140727243783085 140727243783085 140727243784167 0
/proc/16/statm: 4421 3116 1506 723 0 2063 0
[pid=18] ppid=16 vsize=1989904 memory=1672284 CPUtime=1476.59 cores=0-13,112-125
/proc/18/stat : 18 (bn4rust) R 16 16 0 0 -1 4194304 1273537 0 18 0 145082 2577 0 0 20 0 1 0 53232036 2037661696 418071 67087892480 94115121315840 94115123182961 140737227524448 0 0 0 0 4096 1088 0 0 0 17 10 0 0 1 0 0 94115123441024 94115123487960 94115146821632 140737227528974 140737227529110 140737227529110 140737227530209 0
/proc/18/statm: 497476 418071 1051 456 0 495637 0
Current children cumulated CPU time: 1476.63 s
Current children cumulated vsize: 2007588 KiB
Current children cumulated memory: 1684748 KiB

[startup+1542.3 s]
/proc/loadavg: 30.35 31.31 30.56 29/2783 18
/proc/meminfo: memFree=358891920/527542232 swapFree=33553916/33554428
[pid=16] ppid=13 vsize=17684 memory=12464 CPUtime=0.04 cores=0-13,112-125
/proc/16/stat : 16 (python3) S 13 16 0 0 -1 4194304 1888 0 96 0 3 1 0 0 20 0 1 0 53232022 18108416 3116 67087892480 4194304 7154137 140727243775408 0 0 0 0 16781312 2 1 0 0 17 119 0 0 8 0 0 9727432 11029816 31170560 140727243782987 140727243783085 140727243783085 140727243784167 0
/proc/16/statm: 4421 3116 1506 723 0 2063 0
[pid=18] ppid=16 vsize=2189280 memory=1701104 CPUtime=1536.34 cores=0-13,112-125
/proc/18/stat : 18 (bn4rust) R 16 16 0 0 -1 4194304 1290829 0 18 0 150962 2672 0 0 20 0 1 0 53232036 2241822720 425276 67087892480 94115121315840 94115123182961 140737227524448 0 0 0 0 4096 1088 0 0 0 17 10 0 0 1 0 0 94115123441024 94115123487960 94115146821632 140737227528974 140737227529110 140737227529110 140737227530209 0
/proc/18/statm: 547320 425276 1051 456 0 545481 0
Current children cumulated CPU time: 1536.38 s
Current children cumulated vsize: 2206964 KiB
Current children cumulated memory: 1713568 KiB

[startup+1602.3 s]
/proc/loadavg: 25.29 29.54 29.99 29/2782 18
/proc/meminfo: memFree=349500936/527542232 swapFree=33553916/33554428
[pid=16] ppid=13 vsize=17684 memory=12464 CPUtime=0.04 cores=0-13,112-125
/proc/16/stat : 16 (python3) S 13 16 0 0 -1 4194304 1888 0 96 0 3 1 0 0 20 0 1 0 53232022 18108416 3116 67087892480 4194304 7154137 140727243775408 0 0 0 0 16781312 2 1 0 0 17 119 0 0 8 0 0 9727432 11029816 31170560 140727243782987 140727243783085 140727243783085 140727243784167 0
/proc/16/statm: 4421 3116 1506 723 0 2063 0
[pid=18] ppid=16 vsize=2192776 memory=1729612 CPUtime=1596.11 cores=0-13,112-125
/proc/18/stat : 18 (bn4rust) R 16 16 0 0 -1 4194304 1308164 0 18 0 156844 2767 0 0 20 0 1 0 53232036 2245402624 432403 67087892480 94115121315840 94115123182961 140737227524448 0 0 0 0 4096 1088 0 0 0 17 10 0 0 1 0 0 94115123441024 94115123487960 94115146821632 140737227528974 140737227529110 140737227529110 140737227530209 0
/proc/18/statm: 548194 432403 1051 456 0 546355 0
Current children cumulated CPU time: 1596.15 s
Current children cumulated vsize: 2210460 KiB
Current children cumulated memory: 1742076 KiB

[startup+1662.3 s]
/proc/loadavg: 30.08 29.91 30.08 49/2780 18
/proc/meminfo: memFree=350722020/527542232 swapFree=33553916/33554428
[pid=16] ppid=13 vsize=17684 memory=12464 CPUtime=0.04 cores=0-13,112-125
/proc/16/stat : 16 (python3) S 13 16 0 0 -1 4194304 1888 0 96 0 3 1 0 0 20 0 1 0 53232022 18108416 3116 67087892480 4194304 7154137 140727243775408 0 0 0 0 16781312 2 1 0 0 17 119 0 0 8 0 0 9727432 11029816 31170560 140727243782987 140727243783085 140727243783085 140727243784167 0
/proc/16/statm: 4421 3116 1506 723 0 2063 0
[pid=18] ppid=16 vsize=1799872 memory=707464 CPUtime=1655.89 cores=0-13,112-125
/proc/18/stat : 18 (bn4rust) R 16 16 0 0 -1 4194304 1326841 0 18 0 162725 2864 0 0 20 0 1 0 53232036 1843068928 176866 67087892480 94115121315840 94115123182961 140737227524448 0 0 0 0 4096 1088 0 0 0 17 10 0 0 1 0 0 94115123441024 94115123487960 94115146821632 140737227528974 140737227529110 140737227529110 140737227530209 0
/proc/18/statm: 449968 176866 1051 456 0 448129 0
Current children cumulated CPU time: 1655.93 s
Current children cumulated vsize: 1817556 KiB
Current children cumulated memory: 719928 KiB

[startup+1722.3 s]
/proc/loadavg: 28.84 29.58 29.95 29/2783 18
/proc/meminfo: memFree=349812952/527542232 swapFree=33553916/33554428
[pid=16] ppid=13 vsize=17684 memory=12464 CPUtime=0.04 cores=0-13,112-125
/proc/16/stat : 16 (python3) S 13 16 0 0 -1 4194304 1888 0 96 0 3 1 0 0 20 0 1 0 53232022 18108416 3116 67087892480 4194304 7154137 140727243775408 0 0 0 0 16781312 2 1 0 0 17 119 0 0 8 0 0 9727432 11029816 31170560 140727243782987 140727243783085 140727243783085 140727243784167 0
/proc/16/statm: 4421 3116 1506 723 0 2063 0
[pid=18] ppid=16 vsize=1801268 memory=1492460 CPUtime=1715.67 cores=0-13,112-125
/proc/18/stat : 18 (bn4rust) R 16 16 0 0 -1 4194304 1344889 0 18 0 168603 2964 0 0 20 0 1 0 53232036 1844498432 373115 67087892480 94115121315840 94115123182961 140737227524448 0 0 0 0 4096 1088 0 0 0 17 122 0 0 1 0 0 94115123441024 94115123487960 94115146821632 140737227528974 140737227529110 140737227529110 140737227530209 0
/proc/18/statm: 450317 373115 1051 456 0 448478 0
Current children cumulated CPU time: 1715.71 s
Current children cumulated vsize: 1818952 KiB
Current children cumulated memory: 1504924 KiB

[startup+1782.3 s]
/proc/loadavg: 29.83 29.82 30.02 30/2788 18
/proc/meminfo: memFree=349145488/527542232 swapFree=33553916/33554428
[pid=16] ppid=13 vsize=17684 memory=12464 CPUtime=0.04 cores=0-13,112-125
/proc/16/stat : 16 (python3) S 13 16 0 0 -1 4194304 1888 0 96 0 3 1 0 0 20 0 1 0 53232022 18108416 3116 67087892480 4194304 7154137 140727243775408 0 0 0 0 16781312 2 1 0 0 17 119 0 0 8 0 0 9727432 11029816 31170560 140727243782987 140727243783085 140727243783085 140727243784167 0
/proc/16/statm: 4421 3116 1506 723 0 2063 0
[pid=18] ppid=16 vsize=1801544 memory=1493432 CPUtime=1775.39 cores=0-13,112-125
/proc/18/stat : 18 (bn4rust) R 16 16 0 0 -1 4194304 1361046 0 18 0 174479 3060 0 0 20 0 1 0 53232036 1844781056 373358 67087892480 94115121315840 94115123182961 140737227524448 0 0 0 0 4096 1088 0 0 0 17 120 0 0 1 0 0 94115123441024 94115123487960 94115146821632 140737227528974 140737227529110 140737227529110 140737227530209 0
/proc/18/statm: 450386 373358 1051 456 0 448547 0
Current children cumulated CPU time: 1775.43 s
Current children cumulated vsize: 1819228 KiB
Current children cumulated memory: 1505896 KiB



Maximum wall clock time exceeded: sending SIGTERM then SIGKILL

[startup+1800 s]*
/proc/loadavg: 29.64 29.78 30.00 30/2784 18
/proc/meminfo: memFree=349009720/527542232 swapFree=33553916/33554428
[pid=16] ppid=13 vsize=17684 memory=12464 CPUtime=0.04 cores=0-13,112-125
/proc/16/stat : 16 (python3) S 13 16 0 0 -1 4194304 1888 0 96 0 3 1 0 0 20 0 1 0 53232022 18108416 3116 67087892480 4194304 7154137 140727243775408 0 0 0 0 16781312 2 1 0 0 17 119 0 0 8 0 0 9727432 11029816 31170560 140727243782987 140727243783085 140727243783085 140727243784167 0
/proc/16/statm: 4421 3116 1506 723 0 2063 0
[pid=18] ppid=16 vsize=1801536 memory=1493444 CPUtime=1793.03 cores=0-13,112-125
/proc/18/stat : 18 (bn4rust) R 16 16 0 0 -1 4194304 1365861 0 18 0 176216 3087 0 0 20 0 1 0 53232036 1844772864 373361 67087892480 94115121315840 94115123182961 140737227524448 0 0 0 0 4096 1088 0 0 0 17 8 0 0 1 0 0 94115123441024 94115123487960 94115146821632 140737227528974 140737227529110 140737227529110 140737227530209 0
/proc/18/statm: 450384 373361 1051 456 0 448545 0
Current children cumulated CPU time: 1793.07 s
Current children cumulated vsize: 1819220 KiB
Current children cumulated memory: 1505908 KiB

Sending SIGTERM to process tree (bottom up)
Sleeping 2 seconds

[startup+1800.01 s]
# the end of solver process 16 was just reported to runsolver
# cumulated CPU time of all completed processes:  user=0.033818 s, system=0.014088 s

[startup+1800.01 s]
# the end of solver process 18 was just reported to runsolver
# cumulated CPU time of all completed processes:  user=1762.2 s, system=30.8995 s
# this solver process was not waited by its parent and was adopted by runsolver

Solver just ended.
??? end of watcher thread
Dumping a history of the last processes samples

Child ended because it received signal 15 (SIGTERM)
Real time (s): 1800.01
CPU time (s): 1793.1
CPU user time (s): 1762.2
CPU system time (s): 30.8995
CPU usage (%): 99.6161
Max. virtual memory (cumulated for all children) (KiB): 2212472
Max. memory (cumulated for all children) (KiB): 1770868

getrusage(RUSAGE_CHILDREN,...) data:
user time used= 1762.2
system time used= 30.8995
maximum resident set size= 1852740
integral shared memory size= 0
integral unshared data size= 0
integral unshared stack size= 0
page reclaims= 1367749
page faults= 114
swaps= 0
block input operations= 19520
block output operations= 0
messages sent= 0
messages received= 0
signals received= 0
voluntary context switches= 968
involuntary context switches= 7582


# summary of solver processes directly reported to runsolver:
#   pid: 16,18
#   total CPU time (s): 1793.1
#   total CPU user time (s): 1762.2
#   total CPU system time (s): 30.8995

??? join timestamper begins
??? join timestamper ends
??? end of timestamper thread
runsolver used 0.536687 second user time and 4.38173 second system time

The end
