runsolver version 3.4.1 (svn: 3018) Copyright (C) 2010-2013 Olivier ROUSSEL

This program is distributed in the hope that it will be useful,
but WITHOUT ANY WARRANTY; without even the implied warranty of
MERCHANTABILITY or FITNESS FOR A PARTICULAR PURPOSE.  See the
GNU General Public License for more details.

NUMA information:
  number of nodes: 8
  memory of node 0: 63657 MiB (61731 MiB free)
  memory of node 1: 64504 MiB (64015 MiB free)
  memory of node 2: 64504 MiB (64040 MiB free)
  memory of node 3: 64504 MiB (63997 MiB free)
  memory of node 4: 64504 MiB (63966 MiB free)
  memory of node 5: 64504 MiB (61961 MiB free)
  memory of node 6: 64504 MiB (63260 MiB free)
  memory of node 7: 64491 MiB (63494 MiB free)
  node distances:
     10  12  12  12  21  21  21  21
     12  10  12  12  21  21  21  21
     12  12  10  12  21  21  21  21
     12  12  12  10  21  21  21  21
     21  21  21  21  10  12  12  12
     21  21  21  21  12  10  12  12
     21  21  21  21  12  12  10  12
     21  21  21  21  12  12  12  10

command line: /usr/local/bin/runsolver --timestamp -w /output/runsolver-watch.log -v /output/runsolver-values.log -o /output/solver-output.log -C 1800.0 -W 1800.0 -R 64000 /opt/solver/run_bn4rust.py --mode cyber-full --instance /input/model_169.bnet 

running on 28 cores: 84-97,196-209

Enforcing CPUTime limit (soft limit, will send SIGTERM then SIGKILL): 1800 seconds
Enforcing CPUTime limit (hard limit, will send SIGXCPU): 1830 seconds
Enforcing wall clock limit (soft limit, will send SIGTERM then SIGKILL): 1800 seconds
Enforcing RSS+Swap limit (soft limit, will send SIGTERM then SIGKILL): 65536000 KiB
Linux 4.18.0-553.159.1.el8_10.x86_64
solver pid=16, runsolver pid=13
Current StackSize limit: 18014398509481983 KiB


[startup+0.100084 s]*
/proc/loadavg: 0.88 0.18 2.10 10/2815 17
/proc/meminfo: memFree=518501276/527542224 swapFree=33554428/33554428
[pid=16] ppid=13 vsize=15800 memory=10112 CPUtime=0.02 cores=84-97,196-209
/proc/16/stat : 16 (python3) D 13 16 0 0 -1 4194304 1392 0 84 0 1 1 0 0 20 0 1 0 53231206 16179200 2528 67087892480 4194304 7154137 140730650449856 0 0 0 0 16781312 2 0 0 0 17 198 0 0 6 0 0 9727432 11029816 28295168 140730650450775 140730650450861 140730650450861 140730650451943 0
/proc/16/statm: 3950 2528 1394 723 0 1674 0
Current children cumulated CPU time: 0.02 s
Current children cumulated vsize: 15800 KiB
Current children cumulated memory: 10112 KiB

[startup+0.200539 s]*
/proc/loadavg: 0.88 0.18 2.10 2/2820 18
/proc/meminfo: memFree=518487696/527542224 swapFree=33554428/33554428
[pid=16] ppid=13 vsize=17684 memory=12420 CPUtime=0.03 cores=84-97,196-209
/proc/16/stat : 16 (python3) S 13 16 0 0 -1 4194304 1890 0 96 0 2 1 0 0 20 0 1 0 53231206 18108416 3105 67087892480 4194304 7154137 140730650449856 0 0 0 0 16781312 2 1 0 0 17 198 0 0 8 0 0 9727432 11029816 28295168 140730650450775 140730650450861 140730650450861 140730650451943 0
/proc/16/statm: 4421 3105 1512 723 0 2063 0
[pid=18] ppid=16 vsize=7772 memory=2064 CPUtime=0 cores=84-97,196-209
/proc/18/stat : 18 (bn4rust) I 16 16 0 0 -1 4194304 136 0 12 0 0 0 0 0 20 0 1 0 53231219 7958528 516 67087892480 94579855552512 94579857419633 140726597049376 0 0 0 0 4096 1088 0 0 0 17 202 0 0 1 0 0 94579857677696 94579857724632 94579862274048 140726597057306 140726597057430 140726597057430 140726597058529 0
/proc/18/statm: 1943 516 462 456 0 104 0
Current children cumulated CPU time: 0.03 s
Current children cumulated vsize: 25456 KiB
Current children cumulated memory: 14484 KiB

[startup+0.255119 s]
# the end of solver process 16 was just reported to runsolver
# cumulated CPU time of all completed processes:  user=0.036694 s, system=0.017931 s

Solver just ended.
??? end of watcher thread
Dumping a history of the last processes samples

Child status: 0
Real time (s): 0.255143
CPU time (s): 0.054625
CPU user time (s): 0.036694
CPU system time (s): 0.017931
CPU usage (%): 21.4096
Max. virtual memory (cumulated for all children) (KiB): 25456
Max. memory (cumulated for all children) (KiB): 14484

getrusage(RUSAGE_CHILDREN,...) data:
user time used= 0.036694
system time used= 0.017931
maximum resident set size= 12580
integral shared memory size= 0
integral unshared data size= 0
integral unshared stack size= 0
page reclaims= 2062
page faults= 114
swaps= 0
block input operations= 19960
block output operations= 0
messages sent= 0
messages received= 0
signals received= 0
voluntary context switches= 960
involuntary context switches= 0


# summary of solver processes directly reported to runsolver:
#   pid: 16
#   total CPU time (s): 0.054625
#   total CPU user time (s): 0.036694
#   total CPU system time (s): 0.017931

??? join timestamper begins
??? join timestamper ends
??? end of timestamper thread
runsolver used 0 second user time and 0.006186 second system time

The end
