# WCTIME: wall clock time in seconds
WCTIME=0.897505
# CPUTIME: CPU time in seconds (USERTIME+SYSTEMTIME)
CPUTIME=0.780416
# USERTIME: CPU time spent in user mode in seconds
USERTIME=0.601904
# SYSTEMTIME: CPU time spent in system mode in seconds
SYSTEMTIME=0.178512
# CPUUSAGE: CPUTIME/WCTIME in percent
CPUUSAGE=86.9539
# MAXVM: maximum virtual memory used in KiB
MAXVM=26184
# MAXMM: maximum memory used in KiB
MAXMM=17756
# MAXRSS: maximum Resident Segment Size in KiB
MAXRSS=12556
# TIMEOUT: did the solver exceed the time limit?
TIMEOUT=false
# MEMOUT: did the solver exceed the memory limit?
MEMOUT=false
# EXITSTATUS: Exit status of the solver
EXITSTATUS=0
