runsolver version 3.4.1 (svn: 3018) Copyright (C) 2010-2013 Olivier ROUSSEL

This program is distributed in the hope that it will be useful,
but WITHOUT ANY WARRANTY; without even the implied warranty of
MERCHANTABILITY or FITNESS FOR A PARTICULAR PURPOSE.  See the
GNU General Public License for more details.

NUMA information:
  number of nodes: 8
  memory of node 0: 63700 MiB (60877 MiB free)
  memory of node 1: 64504 MiB (63051 MiB free)
  memory of node 2: 64504 MiB (58093 MiB free)
  memory of node 3: 64504 MiB (62067 MiB free)
  memory of node 4: 64461 MiB (63663 MiB free)
  memory of node 5: 64504 MiB (62870 MiB free)
  memory of node 6: 64504 MiB (63243 MiB free)
  memory of node 7: 64491 MiB (63359 MiB free)
  node distances:
     10  12  12  12  21  21  21  21
     12  10  12  12  21  21  21  21
     12  12  10  12  21  21  21  21
     12  12  12  10  21  21  21  21
     21  21  21  21  10  12  12  12
     21  21  21  21  12  10  12  12
     21  21  21  21  12  12  10  12
     21  21  21  21  12  12  12  10

command line: /usr/local/bin/runsolver --timestamp -w /output/runsolver-watch.log -v /output/runsolver-values.log -o /output/solver-output.log -C 1800.0 -W 1800.0 -R 64000 /opt/solver/run_bn4rust.py --mode cyber-complement-gfp-plus-sink-scc --instance /input/model_004.bnet 

running on 8 cores: 60-67

Enforcing CPUTime limit (soft limit, will send SIGTERM then SIGKILL): 1800 seconds
Enforcing CPUTime limit (hard limit, will send SIGXCPU): 1830 seconds
Enforcing wall clock limit (soft limit, will send SIGTERM then SIGKILL): 1800 seconds
Enforcing RSS+Swap limit (soft limit, will send SIGTERM then SIGKILL): 65536000 KiB
Linux 4.18.0-553.159.1.el8_10.x86_64
Current StackSize limit: 18014398509481983 KiB

solver pid=16, runsolver pid=13

[startup+0.100061 s]*
/proc/loadavg: 7.55 11.17 15.64 9/2943 17
/proc/meminfo: memFree=509165120/527542252 swapFree=33487080/33554428
[pid=16] ppid=13 vsize=15800 memory=10120 CPUtime=0.02 cores=56-69,168-181
/proc/16/stat : 16 (python3) D 13 16 0 0 -1 4194304 1393 0 84 0 2 0 0 0 20 0 1 0 53428004 16179200 2530 67087892480 4194304 7154137 140730983351056 0 0 0 0 16781312 2 0 0 0 17 175 0 0 6 0 0 9727432 11029816 30396416 140730983357247 140730983357357 140730983357357 140730983358439 0
/proc/16/statm: 3950 2530 1394 723 0 1674 0
Current children cumulated CPU time: 0.02 s
Current children cumulated vsize: 15800 KiB
Current children cumulated memory: 10120 KiB

[startup+0.200542 s]*
/proc/loadavg: 7.55 11.17 15.64 9/2944 18
/proc/meminfo: memFree=509183972/527542252 swapFree=33487080/33554428
[pid=16] ppid=13 vsize=17684 memory=12428 CPUtime=0.06 cores=56-69,168-181
/proc/16/stat : 16 (python3) S 13 16 0 0 -1 4194304 1892 0 96 0 3 3 0 0 20 0 1 0 53428004 18108416 3107 67087892480 4194304 7154137 140730983351056 0 0 0 0 16781312 2 1 0 0 17 56 0 0 8 0 0 9727432 11029816 30396416 140730983357247 140730983357357 140730983357357 140730983358439 0
/proc/16/statm: 4421 3107 1512 723 0 2063 0
[pid=18] ppid=16 vsize=13588 memory=9396 CPUtime=0.02 cores=56-69,168-181
/proc/18/stat : 18 (bn4rust) R 16 16 0 0 -1 4194304 1933 0 19 0 2 0 0 0 20 0 1 0 53428020 13914112 2519 67087892480 94861622390784 94861624257905 140720814596832 0 0 0 0 4096 1088 0 0 0 17 66 0 0 1 0 0 94861624515968 94861624562904 94861628674048 140720814598914 140720814599062 140720814599062 140720814600161 0
/proc/18/statm: 3397 2349 1105 456 0 1558 0
Current children cumulated CPU time: 0.08 s
Current children cumulated vsize: 31272 KiB
Current children cumulated memory: 21824 KiB

[startup+0.300506 s]*
/proc/loadavg: 7.55 11.17 15.64 9/2944 18
/proc/meminfo: memFree=509320052/527542252 swapFree=33487080/33554428
[pid=16] ppid=13 vsize=17684 memory=12428 CPUtime=0.06 cores=56-69,168-181
/proc/16/stat : 16 (python3) S 13 16 0 0 -1 4194304 1892 0 96 0 3 3 0 0 20 0 1 0 53428004 18108416 3107 67087892480 4194304 7154137 140730983351056 0 0 0 0 16781312 2 1 0 0 17 56 0 0 8 0 0 9727432 11029816 30396416 140730983357247 140730983357357 140730983357357 140730983358439 0
/proc/16/statm: 4421 3107 1512 723 0 2063 0
[pid=18] ppid=16 vsize=50744 memory=27372 CPUtime=0.12 cores=56-69,168-181
/proc/18/stat : 18 (bn4rust) R 16 16 0 0 -1 4194304 7014 0 19 0 10 2 0 0 20 0 1 0 53428020 51961856 6843 67087892480 94861622390784 94861624257905 140720814596832 0 0 0 0 4096 1088 0 0 0 17 66 0 0 1 0 0 94861624515968 94861624562904 94861628674048 140720814598914 140720814599062 140720814599062 140720814600161 0
/proc/18/statm: 12686 6843 1105 456 0 10847 0
Current children cumulated CPU time: 0.18 s
Current children cumulated vsize: 68428 KiB
Current children cumulated memory: 39800 KiB

[startup+0.700257 s]
/proc/loadavg: 7.55 11.17 15.64 9/2944 18
/proc/meminfo: memFree=509141092/527542252 swapFree=33487080/33554428
[pid=16] ppid=13 vsize=17684 memory=12428 CPUtime=0.06 cores=56-69,168-181
/proc/16/stat : 16 (python3) S 13 16 0 0 -1 4194304 1892 0 96 0 3 3 0 0 20 0 1 0 53428004 18108416 3107 67087892480 4194304 7154137 140730983351056 0 0 0 0 16781312 2 1 0 0 17 56 0 0 8 0 0 9727432 11029816 30396416 140730983357247 140730983357357 140730983357357 140730983358439 0
/proc/16/statm: 4421 3107 1512 723 0 2063 0
[pid=18] ppid=16 vsize=79176 memory=74708 CPUtime=0.52 cores=56-69,168-181
/proc/18/stat : 18 (bn4rust) R 16 16 0 0 -1 4194304 11546 0 19 0 49 3 0 0 20 0 1 0 53428020 81076224 18677 67087892480 94861622390784 94861624257905 140720814596832 0 0 0 0 4096 1088 0 0 0 17 66 0 0 1 0 0 94861624515968 94861624562904 94861628674048 140720814598914 140720814599062 140720814599062 140720814600161 0
/proc/18/statm: 19794 18677 1105 456 0 17955 0
Current children cumulated CPU time: 0.58 s
Current children cumulated vsize: 96860 KiB
Current children cumulated memory: 87136 KiB

[startup+1.50027 s]
/proc/loadavg: 7.55 11.17 15.64 9/2944 18
/proc/meminfo: memFree=509151180/527542252 swapFree=33487080/33554428
[pid=16] ppid=13 vsize=17684 memory=12428 CPUtime=0.06 cores=56-69,168-181
/proc/16/stat : 16 (python3) S 13 16 0 0 -1 4194304 1892 0 96 0 3 3 0 0 20 0 1 0 53428004 18108416 3107 67087892480 4194304 7154137 140730983351056 0 0 0 0 16781312 2 1 0 0 17 56 0 0 8 0 0 9727432 11029816 30396416 140730983357247 140730983357357 140730983357357 140730983358439 0
/proc/16/statm: 4421 3107 1512 723 0 2063 0
[pid=18] ppid=16 vsize=186744 memory=155528 CPUtime=1.32 cores=56-69,168-181
/proc/18/stat : 18 (bn4rust) R 16 16 0 0 -1 4194304 18688 0 19 0 123 9 0 0 20 0 1 0 53428020 191225856 38882 67087892480 94861622390784 94861624257905 140720814596832 0 0 0 0 4096 1088 0 0 0 17 66 0 0 1 0 0 94861624515968 94861624562904 94861628674048 140720814598914 140720814599062 140720814599062 140720814600161 0
/proc/18/statm: 46686 38882 1105 456 0 44847 0
Current children cumulated CPU time: 1.38 s
Current children cumulated vsize: 204428 KiB
Current children cumulated memory: 167956 KiB

[startup+3.10053 s]
/proc/loadavg: 7.59 11.12 15.60 9/2944 18
/proc/meminfo: memFree=508918336/527542252 swapFree=33487080/33554428
[pid=16] ppid=13 vsize=17684 memory=12428 CPUtime=0.06 cores=56-69,168-181
/proc/16/stat : 16 (python3) S 13 16 0 0 -1 4194304 1892 0 96 0 3 3 0 0 20 0 1 0 53428004 18108416 3107 67087892480 4194304 7154137 140730983351056 0 0 0 0 16781312 2 1 0 0 17 56 0 0 8 0 0 9727432 11029816 30396416 140730983357247 140730983357357 140730983357357 140730983358439 0
/proc/16/statm: 4421 3107 1512 723 0 2063 0
[pid=18] ppid=16 vsize=271064 memory=257548 CPUtime=2.9 cores=56-69,168-181
/proc/18/stat : 18 (bn4rust) R 16 16 0 0 -1 4194304 25577 0 19 0 275 15 0 0 20 0 1 0 53428020 277569536 64387 67087892480 94861622390784 94861624257905 140720814596832 0 0 0 0 4096 1088 0 0 0 17 66 0 0 1 0 0 94861624515968 94861624562904 94861628674048 140720814598914 140720814599062 140720814599062 140720814600161 0
/proc/18/statm: 67766 64387 1105 456 0 65927 0
Current children cumulated CPU time: 2.96 s
Current children cumulated vsize: 288748 KiB
Current children cumulated memory: 269976 KiB

[startup+6.30027 s]
/proc/loadavg: 7.59 11.12 15.60 9/2944 18
/proc/meminfo: memFree=508344464/527542252 swapFree=33487080/33554428
[pid=16] ppid=13 vsize=17684 memory=12428 CPUtime=0.06 cores=56-69,168-181
/proc/16/stat : 16 (python3) S 13 16 0 0 -1 4194304 1892 0 96 0 3 3 0 0 20 0 1 0 53428004 18108416 3107 67087892480 4194304 7154137 140730983351056 0 0 0 0 16781312 2 1 0 0 17 56 0 0 8 0 0 9727432 11029816 30396416 140730983357247 140730983357357 140730983357357 140730983358439 0
/proc/16/statm: 4421 3107 1512 723 0 2063 0
[pid=18] ppid=16 vsize=643864 memory=527480 CPUtime=6.1 cores=56-69,168-181
/proc/18/stat : 18 (bn4rust) R 16 16 0 0 -1 4194304 32087 0 19 0 586 24 0 0 20 0 1 0 53428020 659316736 131870 67087892480 94861622390784 94861624257905 140720814596832 0 0 0 0 4096 1088 0 0 0 17 66 0 0 1 0 0 94861624515968 94861624562904 94861628674048 140720814598914 140720814599062 140720814599062 140720814600161 0
/proc/18/statm: 160966 131870 1105 456 0 159127 0
Current children cumulated CPU time: 6.16 s
Current children cumulated vsize: 661548 KiB
Current children cumulated memory: 539908 KiB

[startup+12.7003 s]
/proc/loadavg: 7.65 11.01 15.52 9/2941 18
/proc/meminfo: memFree=509234176/527542252 swapFree=33487080/33554428
[pid=16] ppid=13 vsize=17684 memory=12428 CPUtime=0.06 cores=56-69,168-181
/proc/16/stat : 16 (python3) S 13 16 0 0 -1 4194304 1892 0 96 0 3 3 0 0 20 0 1 0 53428004 18108416 3107 67087892480 4194304 7154137 140730983351056 0 0 0 0 16781312 2 1 0 0 17 56 0 0 8 0 0 9727432 11029816 30396416 140730983357247 140730983357357 140730983357357 140730983358439 0
/proc/16/statm: 4421 3107 1512 723 0 2063 0
[pid=18] ppid=16 vsize=1455700 memory=1046892 CPUtime=12.48 cores=56-69,168-181
/proc/18/stat : 18 (bn4rust) R 16 16 0 0 -1 4194304 37177 0 19 0 1207 41 0 0 20 0 1 0 53428020 1490636800 261723 67087892480 94861622390784 94861624257905 140720814596832 0 0 0 0 4096 1088 0 0 0 17 66 0 0 1 0 0 94861624515968 94861624562904 94861628674048 140720814598914 140720814599062 140720814599062 140720814600161 0
/proc/18/statm: 363925 261723 1105 456 0 362086 0
Current children cumulated CPU time: 12.54 s
Current children cumulated vsize: 1473384 KiB
Current children cumulated memory: 1059320 KiB

[startup+25.5003 s]
/proc/loadavg: 7.71 10.91 15.44 9/2915 18
/proc/meminfo: memFree=506281880/527542252 swapFree=33487080/33554428
[pid=16] ppid=13 vsize=17684 memory=12428 CPUtime=0.06 cores=56-69,168-181
/proc/16/stat : 16 (python3) S 13 16 0 0 -1 4194304 1892 0 96 0 3 3 0 0 20 0 1 0 53428004 18108416 3107 67087892480 4194304 7154137 140730983351056 0 0 0 0 16781312 2 1 0 0 17 56 0 0 8 0 0 9727432 11029816 30396416 140730983357247 140730983357357 140730983357357 140730983358439 0
/proc/16/statm: 4421 3107 1512 723 0 2063 0
[pid=18] ppid=16 vsize=2961384 memory=2607716 CPUtime=25.24 cores=56-69,168-181
/proc/18/stat : 18 (bn4rust) R 16 16 0 0 -1 4194304 44829 0 19 0 2442 82 0 0 20 0 1 0 53428020 3032457216 651929 67087892480 94861622390784 94861624257905 140720814596832 0 0 0 0 4096 1088 0 0 0 17 178 0 0 1 0 0 94861624515968 94861624562904 94861628674048 140720814598914 140720814599062 140720814599062 140720814600161 0
/proc/18/statm: 740346 651929 1105 456 0 738507 0
Current children cumulated CPU time: 25.3 s
Current children cumulated vsize: 2979068 KiB
Current children cumulated memory: 2620144 KiB

[startup+51.1005 s]
/proc/loadavg: 7.63 10.63 15.22 9/2930 18
/proc/meminfo: memFree=503219132/527542252 swapFree=33487080/33554428
[pid=16] ppid=13 vsize=17684 memory=12428 CPUtime=0.06 cores=56-69,168-181
/proc/16/stat : 16 (python3) S 13 16 0 0 -1 4194304 1892 0 96 0 3 3 0 0 20 0 1 0 53428004 18108416 3107 67087892480 4194304 7154137 140730983351056 0 0 0 0 16781312 2 1 0 0 17 56 0 0 8 0 0 9727432 11029816 30396416 140730983357247 140730983357357 140730983357357 140730983358439 0
/proc/16/statm: 4421 3107 1512 723 0 2063 0
[pid=18] ppid=16 vsize=3201000 memory=2603896 CPUtime=50.76 cores=56-69,168-181
/proc/18/stat : 18 (bn4rust) R 16 16 0 0 -1 4194304 53945 0 19 0 4929 147 0 0 20 0 1 0 53428020 3277824000 650974 67087892480 94861622390784 94861624257905 140720814596832 0 0 0 0 4096 1088 0 0 0 17 178 0 0 1 0 0 94861624515968 94861624562904 94861628674048 140720814598914 140720814599062 140720814599062 140720814600161 0
/proc/18/statm: 800250 650974 1105 456 0 798411 0
Current children cumulated CPU time: 50.82 s
Current children cumulated vsize: 3218684 KiB
Current children cumulated memory: 2616324 KiB

[startup+102.3 s]
/proc/loadavg: 8.17 10.34 14.86 8/2904 18
/proc/meminfo: memFree=507837552/527542252 swapFree=33487080/33554428
[pid=16] ppid=13 vsize=17684 memory=12428 CPUtime=0.06 cores=56-69,168-181
/proc/16/stat : 16 (python3) S 13 16 0 0 -1 4194304 1892 0 96 0 3 3 0 0 20 0 1 0 53428004 18108416 3107 67087892480 4194304 7154137 140730983351056 0 0 0 0 16781312 2 1 0 0 17 56 0 0 8 0 0 9727432 11029816 30396416 140730983357247 140730983357357 140730983357357 140730983358439 0
/proc/16/statm: 4421 3107 1512 723 0 2063 0
[pid=18] ppid=16 vsize=3601948 memory=2874420 CPUtime=101.79 cores=56-69,168-181
/proc/18/stat : 18 (bn4rust) R 16 16 0 0 -1 4194304 69183 0 19 0 9941 238 0 0 20 0 1 0 53428020 3688394752 718605 67087892480 94861622390784 94861624257905 140720814596832 0 0 0 0 4096 1088 0 0 0 17 178 0 0 1 0 0 94861624515968 94861624562904 94861628674048 140720814598914 140720814599062 140720814599062 140720814600161 0
/proc/18/statm: 900487 718605 1105 456 0 898648 0
Current children cumulated CPU time: 101.85 s
Current children cumulated vsize: 3619632 KiB
Current children cumulated memory: 2886848 KiB

[startup+162.3 s]
/proc/loadavg: 8.09 9.93 14.43 9/2906 18
/proc/meminfo: memFree=499585752/527542252 swapFree=33487080/33554428
[pid=16] ppid=13 vsize=17684 memory=12428 CPUtime=0.06 cores=56-69,168-181
/proc/16/stat : 16 (python3) S 13 16 0 0 -1 4194304 1892 0 96 0 3 3 0 0 20 0 1 0 53428004 18108416 3107 67087892480 4194304 7154137 140730983351056 0 0 0 0 16781312 2 1 0 0 17 56 0 0 8 0 0 9727432 11029816 30396416 140730983357247 140730983357357 140730983357357 140730983358439 0
/proc/16/statm: 4421 3107 1512 723 0 2063 0
[pid=18] ppid=16 vsize=10163280 memory=6349932 CPUtime=161.61 cores=56-69,168-181
/proc/18/stat : 18 (bn4rust) R 16 16 0 0 -1 4194304 81566 0 19 0 15827 334 0 0 20 0 1 0 53428020 10407198720 1586971 67087892480 94861622390784 94861624257905 140720814596832 0 0 0 0 4096 1088 0 0 0 17 178 0 0 1 0 0 94861624515968 94861624562904 94861628674048 140720814598914 140720814599062 140720814599062 140720814600161 0
/proc/18/statm: 2540820 1587483 1105 456 0 2538981 0
Current children cumulated CPU time: 161.67 s
Current children cumulated vsize: 10180964 KiB
Current children cumulated memory: 6362360 KiB

[startup+222.3 s]
/proc/loadavg: 8.10 9.59 14.03 9/2905 18
/proc/meminfo: memFree=494260712/527542252 swapFree=33487080/33554428
[pid=16] ppid=13 vsize=17684 memory=12428 CPUtime=0.06 cores=56-69,168-181
/proc/16/stat : 16 (python3) S 13 16 0 0 -1 4194304 1892 0 96 0 3 3 0 0 20 0 1 0 53428004 18108416 3107 67087892480 4194304 7154137 140730983351056 0 0 0 0 16781312 2 1 0 0 17 56 0 0 8 0 0 9727432 11029816 30396416 140730983357247 140730983357357 140730983357357 140730983358439 0
/proc/16/statm: 4421 3107 1512 723 0 2063 0
[pid=18] ppid=16 vsize=10450568 memory=9348028 CPUtime=221.44 cores=56-69,168-181
/proc/18/stat : 18 (bn4rust) R 16 16 0 0 -1 4194304 103166 0 19 0 21566 578 0 0 20 0 1 0 53428020 10701381632 2337007 67087892480 94861622390784 94861624257905 140720814596832 0 0 0 0 4096 1088 0 0 0 17 178 0 0 1 0 0 94861624515968 94861624562904 94861628674048 140720814598914 140720814599062 140720814599062 140720814600161 0
/proc/18/statm: 2612642 2337007 1105 456 0 2610803 0
Current children cumulated CPU time: 221.5 s
Current children cumulated vsize: 10468252 KiB
Current children cumulated memory: 9360456 KiB

[startup+282.3 s]
/proc/loadavg: 8.03 9.30 13.65 9/2904 18
/proc/meminfo: memFree=493079448/527542252 swapFree=33487080/33554428
[pid=16] ppid=13 vsize=17684 memory=12428 CPUtime=0.06 cores=56-69,168-181
/proc/16/stat : 16 (python3) S 13 16 0 0 -1 4194304 1892 0 96 0 3 3 0 0 20 0 1 0 53428004 18108416 3107 67087892480 4194304 7154137 140730983351056 0 0 0 0 16781312 2 1 0 0 17 56 0 0 8 0 0 9727432 11029816 30396416 140730983357247 140730983357357 140730983357357 140730983358439 0
/proc/16/statm: 4421 3107 1512 723 0 2063 0
[pid=18] ppid=16 vsize=13596300 memory=11108996 CPUtime=281.26 cores=56-69,168-181
/proc/18/stat : 18 (bn4rust) R 16 16 0 0 -1 4194304 111523 0 19 0 27529 597 0 0 20 0 1 0 53428020 13922611200 2777249 67087892480 94861622390784 94861624257905 140720814596832 0 0 0 0 4096 1088 0 0 0 17 178 0 0 1 0 0 94861624515968 94861624562904 94861628674048 140720814598914 140720814599062 140720814599062 140720814600161 0
/proc/18/statm: 3399075 2777249 1105 456 0 3397236 0
Current children cumulated CPU time: 281.32 s
Current children cumulated vsize: 13613984 KiB
Current children cumulated memory: 11121424 KiB

[startup+342.3 s]
/proc/loadavg: 8.04 9.07 13.30 9/2895 18
/proc/meminfo: memFree=483750956/527542252 swapFree=33487080/33554428
[pid=16] ppid=13 vsize=17684 memory=12428 CPUtime=0.06 cores=56-69,168-181
/proc/16/stat : 16 (python3) S 13 16 0 0 -1 4194304 1892 0 96 0 3 3 0 0 20 0 1 0 53428004 18108416 3107 67087892480 4194304 7154137 140730983351056 0 0 0 0 16781312 2 1 0 0 17 56 0 0 8 0 0 9727432 11029816 30396416 140730983357247 140730983357357 140730983357357 140730983358439 0
/proc/16/statm: 4421 3107 1512 723 0 2063 0
[pid=18] ppid=16 vsize=14337228 memory=11342120 CPUtime=341.08 cores=56-69,168-181
/proc/18/stat : 18 (bn4rust) R 16 16 0 0 -1 4194304 128164 0 19 0 33347 761 0 0 20 0 1 0 53428020 14681321472 2835530 67087892480 94861622390784 94861624257905 140720814596832 0 0 0 0 4096 1088 0 0 0 17 178 0 0 1 0 0 94861624515968 94861624562904 94861628674048 140720814598914 140720814599062 140720814599062 140720814600161 0
/proc/18/statm: 3584307 2835530 1105 456 0 3582468 0
Current children cumulated CPU time: 341.14 s
Current children cumulated vsize: 14354912 KiB
Current children cumulated memory: 11354548 KiB

[startup+402.3 s]
/proc/loadavg: 7.20 8.67 12.90 7/2827 18
/proc/meminfo: memFree=479808696/527542252 swapFree=33487080/33554428
[pid=16] ppid=13 vsize=17684 memory=12428 CPUtime=0.06 cores=56-69,168-181
/proc/16/stat : 16 (python3) S 13 16 0 0 -1 4194304 1892 0 96 0 3 3 0 0 20 0 1 0 53428004 18108416 3107 67087892480 4194304 7154137 140730983351056 0 0 0 0 16781312 2 1 0 0 17 56 0 0 8 0 0 9727432 11029816 30396416 140730983357247 140730983357357 140730983357357 140730983358439 0
/proc/16/statm: 4421 3107 1512 723 0 2063 0
[pid=18] ppid=16 vsize=19317964 memory=16345740 CPUtime=400.9 cores=56-69,168-181
/proc/18/stat : 18 (bn4rust) R 16 16 0 0 -1 4194304 138148 0 19 0 39243 847 0 0 20 0 1 0 53428020 19781595136 4086435 67087892480 94861622390784 94861624257905 140720814596832 0 0 0 0 4096 1088 0 0 0 17 66 0 0 1 0 0 94861624515968 94861624562904 94861628674048 140720814598914 140720814599062 140720814599062 140720814600161 0
/proc/18/statm: 4829491 4086435 1105 456 0 4827652 0
Current children cumulated CPU time: 400.96 s
Current children cumulated vsize: 19335648 KiB
Current children cumulated memory: 16358168 KiB

[startup+462.3 s]
/proc/loadavg: 6.52 8.20 12.47 7/2821 18
/proc/meminfo: memFree=472688292/527542252 swapFree=33487080/33554428
[pid=16] ppid=13 vsize=17684 memory=12428 CPUtime=0.06 cores=56-69,168-181
/proc/16/stat : 16 (python3) S 13 16 0 0 -1 4194304 1892 0 96 0 3 3 0 0 20 0 1 0 53428004 18108416 3107 67087892480 4194304 7154137 140730983351056 0 0 0 0 16781312 2 1 0 0 17 56 0 0 8 0 0 9727432 11029816 30396416 140730983357247 140730983357357 140730983357357 140730983358439 0
/proc/16/statm: 4421 3107 1512 723 0 2063 0
[pid=18] ppid=16 vsize=25081588 memory=19843532 CPUtime=460.72 cores=56-69,168-181
/proc/18/stat : 18 (bn4rust) R 16 16 0 0 -1 4194304 161380 0 19 0 44964 1108 0 0 20 0 1 0 53428020 25683546112 4960883 67087892480 94861622390784 94861624257905 140720814596832 0 0 0 0 4096 1088 0 0 0 17 66 0 0 1 0 0 94861624515968 94861624562904 94861628674048 140720814598914 140720814599062 140720814599062 140720814600161 0
/proc/18/statm: 6270397 4960883 1105 456 0 6268558 0
Current children cumulated CPU time: 460.78 s
Current children cumulated vsize: 25099272 KiB
Current children cumulated memory: 19855960 KiB

[startup+522.3 s]
/proc/loadavg: 6.19 7.79 12.06 7/2818 18
/proc/meminfo: memFree=451152468/527542252 swapFree=33487080/33554428
[pid=16] ppid=13 vsize=17684 memory=12428 CPUtime=0.06 cores=56-69,168-181
/proc/16/stat : 16 (python3) S 13 16 0 0 -1 4194304 1892 0 96 0 3 3 0 0 20 0 1 0 53428004 18108416 3107 67087892480 4194304 7154137 140730983351056 0 0 0 0 16781312 2 1 0 0 17 56 0 0 8 0 0 9727432 11029816 30396416 140730983357247 140730983357357 140730983357357 140730983358439 0
/proc/16/statm: 4421 3107 1512 723 0 2063 0
[pid=18] ppid=16 vsize=27440884 memory=22007716 CPUtime=520.55 cores=56-69,168-181
/proc/18/stat : 18 (bn4rust) R 16 16 0 0 -1 4194304 168699 0 19 0 50923 1132 0 0 20 0 1 0 53428020 28099465216 5501929 67087892480 94861622390784 94861624257905 140720814596832 0 0 0 0 4096 1088 0 0 0 17 66 0 0 1 0 0 94861624515968 94861624562904 94861628674048 140720814598914 140720814599062 140720814599062 140720814600161 0
/proc/18/statm: 6860221 5501929 1105 456 0 6858382 0
Current children cumulated CPU time: 520.61 s
Current children cumulated vsize: 27458568 KiB
Current children cumulated memory: 22020144 KiB

[startup+582.3 s]
/proc/loadavg: 7.30 7.82 11.80 9/2902 18
/proc/meminfo: memFree=455801800/527542252 swapFree=33487080/33554428
[pid=16] ppid=13 vsize=17684 memory=12428 CPUtime=0.06 cores=56-69,168-181
/proc/16/stat : 16 (python3) S 13 16 0 0 -1 4194304 1892 0 96 0 3 3 0 0 20 0 1 0 53428004 18108416 3107 67087892480 4194304 7154137 140730983351056 0 0 0 0 16781312 2 1 0 0 17 56 0 0 8 0 0 9727432 11029816 30396416 140730983357247 140730983357357 140730983357357 140730983358439 0
/proc/16/statm: 4421 3107 1512 723 0 2063 0
[pid=18] ppid=16 vsize=25680408 memory=20555016 CPUtime=580.37 cores=56-69,168-181
/proc/18/stat : 18 (bn4rust) R 16 16 0 0 -1 4194304 191505 0 19 0 56717 1320 0 0 20 0 1 0 53428020 26296737792 5138754 67087892480 94861622390784 94861624257905 140720814596832 0 0 0 0 4096 1088 0 0 0 17 66 0 0 1 0 0 94861624515968 94861624562904 94861628674048 140720814598914 140720814599062 140720814599062 140720814600161 0
/proc/18/statm: 6420102 5138754 1105 456 0 6418263 0
Current children cumulated CPU time: 580.43 s
Current children cumulated vsize: 25698092 KiB
Current children cumulated memory: 20567444 KiB

[startup+642.3 s]
/proc/loadavg: 7.75 7.86 11.56 9/2901 18
/proc/meminfo: memFree=451374444/527542252 swapFree=33487080/33554428
[pid=16] ppid=13 vsize=17684 memory=12428 CPUtime=0.06 cores=56-69,168-181
/proc/16/stat : 16 (python3) S 13 16 0 0 -1 4194304 1892 0 96 0 3 3 0 0 20 0 1 0 53428004 18108416 3107 67087892480 4194304 7154137 140730983351056 0 0 0 0 16781312 2 1 0 0 17 56 0 0 8 0 0 9727432 11029816 30396416 140730983357247 140730983357357 140730983357357 140730983358439 0
/proc/16/statm: 4421 3107 1512 723 0 2063 0
[pid=18] ppid=16 vsize=28039704 memory=22713616 CPUtime=640.19 cores=56-69,168-181
/proc/18/stat : 18 (bn4rust) R 16 16 0 0 -1 4194304 202380 0 19 0 62676 1343 0 0 20 0 1 0 53428020 28712656896 5678404 67087892480 94861622390784 94861624257905 140720814596832 0 0 0 0 4096 1088 0 0 0 17 66 0 0 1 0 0 94861624515968 94861624562904 94861628674048 140720814598914 140720814599062 140720814599062 140720814600161 0
/proc/18/statm: 7009926 5678404 1105 456 0 7008087 0
Current children cumulated CPU time: 640.25 s
Current children cumulated vsize: 28057388 KiB
Current children cumulated memory: 22726044 KiB

[startup+702.3 s]
/proc/loadavg: 7.91 7.88 11.33 9/2894 18
/proc/meminfo: memFree=452301248/527542252 swapFree=33487080/33554428
[pid=16] ppid=13 vsize=17684 memory=12428 CPUtime=0.06 cores=56-69,168-181
/proc/16/stat : 16 (python3) S 13 16 0 0 -1 4194304 1892 0 96 0 3 3 0 0 20 0 1 0 53428004 18108416 3107 67087892480 4194304 7154137 140730983351056 0 0 0 0 16781312 2 1 0 0 17 56 0 0 8 0 0 9727432 11029816 30396416 140730983357247 140730983357357 140730983357357 140730983358439 0
/proc/16/statm: 4421 3107 1512 723 0 2063 0
[pid=18] ppid=16 vsize=25311816 memory=20357776 CPUtime=700.01 cores=56-69,168-181
/proc/18/stat : 18 (bn4rust) R 16 16 0 0 -1 4194304 222568 0 19 0 68471 1530 0 0 20 0 1 0 53428020 25919299584 5089444 67087892480 94861622390784 94861624257905 140720814596832 0 0 0 0 4096 1088 0 0 0 17 66 0 0 1 0 0 94861624515968 94861624562904 94861628674048 140720814598914 140720814599062 140720814599062 140720814600161 0
/proc/18/statm: 6327954 5089444 1105 456 0 6326115 0
Current children cumulated CPU time: 700.07 s
Current children cumulated vsize: 25329500 KiB
Current children cumulated memory: 20370204 KiB

[startup+762.3 s]
/proc/loadavg: 8.01 7.92 11.13 9/2890 18
/proc/meminfo: memFree=453044212/527542252 swapFree=33487080/33554428
[pid=16] ppid=13 vsize=17684 memory=12428 CPUtime=0.06 cores=56-69,168-181
/proc/16/stat : 16 (python3) S 13 16 0 0 -1 4194304 1892 0 96 0 3 3 0 0 20 0 1 0 53428004 18108416 3107 67087892480 4194304 7154137 140730983351056 0 0 0 0 16781312 2 1 0 0 17 56 0 0 8 0 0 9727432 11029816 30396416 140730983357247 140730983357357 140730983357357 140730983358439 0
/proc/16/statm: 4421 3107 1512 723 0 2063 0
[pid=18] ppid=16 vsize=28064328 memory=22565492 CPUtime=759.83 cores=56-69,168-181
/proc/18/stat : 18 (bn4rust) R 16 16 0 0 -1 4194304 234100 0 19 0 74427 1556 0 0 20 0 1 0 53428020 28737871872 5641373 67087892480 94861622390784 94861624257905 140720814596832 0 0 0 0 4096 1088 0 0 0 17 66 0 0 1 0 0 94861624515968 94861624562904 94861628674048 140720814598914 140720814599062 140720814599062 140720814600161 0
/proc/18/statm: 7016082 5641373 1105 456 0 7014243 0
Current children cumulated CPU time: 759.89 s
Current children cumulated vsize: 28082012 KiB
Current children cumulated memory: 22577920 KiB

[startup+822.3 s]
/proc/loadavg: 8.05 7.95 10.93 9/2890 18
/proc/meminfo: memFree=453572032/527542252 swapFree=33487080/33554428
[pid=16] ppid=13 vsize=17684 memory=12428 CPUtime=0.06 cores=56-69,168-181
/proc/16/stat : 16 (python3) S 13 16 0 0 -1 4194304 1892 0 96 0 3 3 0 0 20 0 1 0 53428004 18108416 3107 67087892480 4194304 7154137 140730983351056 0 0 0 0 16781312 2 1 0 0 17 56 0 0 8 0 0 9727432 11029816 30396416 140730983357247 140730983357357 140730983357357 140730983358439 0
/proc/16/statm: 4421 3107 1512 723 0 2063 0
[pid=18] ppid=16 vsize=25144872 memory=20213324 CPUtime=819.65 cores=56-69,168-181
/proc/18/stat : 18 (bn4rust) R 16 16 0 0 -1 4194304 255065 0 19 0 80223 1742 0 0 20 0 1 0 53428020 25748348928 5053331 67087892480 94861622390784 94861624257905 140720814596832 0 0 0 0 4096 1088 0 0 0 17 66 0 0 1 0 0 94861624515968 94861624562904 94861628674048 140720814598914 140720814599062 140720814599062 140720814600161 0
/proc/18/statm: 6286218 5053331 1105 456 0 6284379 0
Current children cumulated CPU time: 819.71 s
Current children cumulated vsize: 25162556 KiB
Current children cumulated memory: 20225752 KiB

[startup+882.3 s]
/proc/loadavg: 8.02 7.96 10.75 9/2885 18
/proc/meminfo: memFree=472100580/527542252 swapFree=33487080/33554428
[pid=16] ppid=13 vsize=17684 memory=12428 CPUtime=0.06 cores=56-69,168-181
/proc/16/stat : 16 (python3) S 13 16 0 0 -1 4194304 1892 0 96 0 3 3 0 0 20 0 1 0 53428004 18108416 3107 67087892480 4194304 7154137 140730983351056 0 0 0 0 16781312 2 1 0 0 17 56 0 0 8 0 0 9727432 11029816 30396416 140730983357247 140730983357357 140730983357357 140730983358439 0
/proc/16/statm: 4421 3107 1512 723 0 2063 0
[pid=18] ppid=16 vsize=28093992 memory=22425220 CPUtime=879.47 cores=56-69,168-181
/proc/18/stat : 18 (bn4rust) R 16 16 0 0 -1 4194304 267658 0 19 0 86179 1768 0 0 20 0 1 0 53428020 28768247808 5606305 67087892480 94861622390784 94861624257905 140720814596832 0 0 0 0 4096 1088 0 0 0 17 66 0 0 1 0 0 94861624515968 94861624562904 94861628674048 140720814598914 140720814599062 140720814599062 140720814600161 0
/proc/18/statm: 7023498 5606305 1105 456 0 7021659 0
Current children cumulated CPU time: 879.53 s
Current children cumulated vsize: 28111676 KiB
Current children cumulated memory: 22437648 KiB

[startup+942.3 s]
/proc/loadavg: 8.23 8.04 10.60 9/2884 18
/proc/meminfo: memFree=467729500/527542252 swapFree=33487080/33554428
[pid=16] ppid=13 vsize=17684 memory=12428 CPUtime=0.06 cores=56-69,168-181
/proc/16/stat : 16 (python3) S 13 16 0 0 -1 4194304 1892 0 96 0 3 3 0 0 20 0 1 0 53428004 18108416 3107 67087892480 4194304 7154137 140730983351056 0 0 0 0 16781312 2 1 0 0 17 56 0 0 8 0 0 9727432 11029816 30396416 140730983357247 140730983357357 140730983357357 140730983358439 0
/proc/16/statm: 4421 3107 1512 723 0 2063 0
[pid=18] ppid=16 vsize=31239720 memory=24419976 CPUtime=939.26 cores=56-69,168-181
/proc/18/stat : 18 (bn4rust) R 16 16 0 0 -1 4194304 278885 0 19 0 92136 1790 0 0 20 0 1 0 53428020 31989473280 6104994 67087892480 94861622390784 94861624257905 140720814596832 0 0 0 0 4096 1088 0 0 0 17 66 0 0 1 0 0 94861624515968 94861624562904 94861628674048 140720814598914 140720814599062 140720814599062 140720814600161 0
/proc/18/statm: 7809930 6104994 1105 456 0 7808091 0
Current children cumulated CPU time: 939.32 s
Current children cumulated vsize: 31257404 KiB
Current children cumulated memory: 24432404 KiB

[startup+1002.3 s]
/proc/loadavg: 7.71 7.94 10.40 8/2856 18
/proc/meminfo: memFree=468159020/527542252 swapFree=33487080/33554428
[pid=16] ppid=13 vsize=17684 memory=12428 CPUtime=0.06 cores=56-69,168-181
/proc/16/stat : 16 (python3) S 13 16 0 0 -1 4194304 1892 0 96 0 3 3 0 0 20 0 1 0 53428004 18108416 3107 67087892480 4194304 7154137 140730983351056 0 0 0 0 16781312 2 1 0 0 17 56 0 0 8 0 0 9727432 11029816 30396416 140730983357247 140730983357357 140730983357357 140730983358439 0
/proc/16/statm: 4421 3107 1512 723 0 2063 0
[pid=18] ppid=16 vsize=28375872 memory=22160020 CPUtime=999.03 cores=56-69,168-181
/proc/18/stat : 18 (bn4rust) R 16 16 0 0 -1 4194304 300661 0 19 0 97922 1981 0 0 20 0 1 0 53428020 29056892928 5540005 67087892480 94861622390784 94861624257905 140720814596832 0 0 0 0 4096 1088 0 0 0 17 66 0 0 1 0 0 94861624515968 94861624562904 94861628674048 140720814598914 140720814599062 140720814599062 140720814600161 0
/proc/18/statm: 7093968 5540005 1105 456 0 7092129 0
Current children cumulated CPU time: 999.09 s
Current children cumulated vsize: 28393556 KiB
Current children cumulated memory: 22172448 KiB

[startup+1062.3 s]
/proc/loadavg: 7.28 7.78 10.20 8/2855 18
/proc/meminfo: memFree=458515652/527542252 swapFree=33487080/33554428
[pid=16] ppid=13 vsize=17684 memory=12428 CPUtime=0.06 cores=56-69,168-181
/proc/16/stat : 16 (python3) S 13 16 0 0 -1 4194304 1892 0 96 0 3 3 0 0 20 0 1 0 53428004 18108416 3107 67087892480 4194304 7154137 140730983351056 0 0 0 0 16781312 2 1 0 0 17 56 0 0 8 0 0 9727432 11029816 30396416 140730983357247 140730983357357 140730983357357 140730983358439 0
/proc/16/statm: 4421 3107 1512 723 0 2063 0
[pid=18] ppid=16 vsize=31521600 memory=24400536 CPUtime=1058.83 cores=56-69,168-181
/proc/18/stat : 18 (bn4rust) R 16 16 0 0 -1 4194304 312122 0 19 0 103876 2007 0 0 20 0 1 0 53428020 32278118400 6100134 67087892480 94861622390784 94861624257905 140720814596832 0 0 0 0 4096 1088 0 0 0 17 66 0 0 1 0 0 94861624515968 94861624562904 94861628674048 140720814598914 140720814599062 140720814599062 140720814600161 0
/proc/18/statm: 7880400 6100134 1105 456 0 7878561 0
Current children cumulated CPU time: 1058.89 s
Current children cumulated vsize: 31539284 KiB
Current children cumulated memory: 24412964 KiB

[startup+1122.3 s]
/proc/loadavg: 7.42 7.72 10.03 8/2867 18
/proc/meminfo: memFree=437566264/527542252 swapFree=33487080/33554428
[pid=16] ppid=13 vsize=17684 memory=12428 CPUtime=0.06 cores=56-69,168-181
/proc/16/stat : 16 (python3) S 13 16 0 0 -1 4194304 1892 0 96 0 3 3 0 0 20 0 1 0 53428004 18108416 3107 67087892480 4194304 7154137 140730983351056 0 0 0 0 16781312 2 1 0 0 17 56 0 0 8 0 0 9727432 11029816 30396416 140730983357247 140730983357357 140730983357357 140730983358439 0
/proc/16/statm: 4421 3107 1512 723 0 2063 0
[pid=18] ppid=16 vsize=56163140 memory=40762508 CPUtime=1118.62 cores=56-69,168-181
/proc/18/stat : 18 (bn4rust) R 16 16 0 0 -1 4194304 332258 0 19 0 109629 2233 0 0 20 0 1 0 53428020 57511055360 10190627 67087892480 94861622390784 94861624257905 140720814596832 0 0 0 0 4096 1088 0 0 0 17 178 0 0 1 0 0 94861624515968 94861624562904 94861628674048 140720814598914 140720814599062 140720814599062 140720814600161 0
/proc/18/statm: 14040785 10190627 1105 456 0 14038946 0
Current children cumulated CPU time: 1118.68 s
Current children cumulated vsize: 56180824 KiB
Current children cumulated memory: 40774936 KiB

[startup+1182.3 s]
/proc/loadavg: 7.58 7.70 9.87 9/2910 18
/proc/meminfo: memFree=431275432/527542252 swapFree=33487080/33554428
[pid=16] ppid=13 vsize=17684 memory=12428 CPUtime=0.06 cores=56-69,168-181
/proc/16/stat : 16 (python3) S 13 16 0 0 -1 4194304 1892 0 96 0 3 3 0 0 20 0 1 0 53428004 18108416 3107 67087892480 4194304 7154137 140730983351056 0 0 0 0 16781312 2 1 0 0 17 56 0 0 8 0 0 9727432 11029816 30396416 140730983357247 140730983357357 140730983357357 140730983358439 0
/proc/16/statm: 4421 3107 1512 723 0 2063 0
[pid=18] ppid=16 vsize=53541696 memory=43777928 CPUtime=1178.45 cores=56-69,168-181
/proc/18/stat : 18 (bn4rust) R 16 16 0 0 -1 4194304 356002 0 19 0 115492 2353 0 0 20 0 1 0 53428020 54826696704 10944482 67087892480 94861622390784 94861624257905 140720814596832 0 0 0 0 4096 1088 0 0 0 17 178 0 0 1 0 0 94861624515968 94861624562904 94861628674048 140720814598914 140720814599062 140720814599062 140720814600161 0
/proc/18/statm: 13385424 10944482 1105 456 0 13383585 0
Current children cumulated CPU time: 1178.51 s
Current children cumulated vsize: 53559380 KiB
Current children cumulated memory: 43790356 KiB

[startup+1242.3 s]
/proc/loadavg: 7.92 7.77 9.76 9/2909 18
/proc/meminfo: memFree=427457200/527542252 swapFree=33487080/33554428
[pid=16] ppid=13 vsize=17684 memory=12428 CPUtime=0.06 cores=56-69,168-181
/proc/16/stat : 16 (python3) S 13 16 0 0 -1 4194304 1892 0 96 0 3 3 0 0 20 0 1 0 53428004 18108416 3107 67087892480 4194304 7154137 140730983351056 0 0 0 0 16781312 2 1 0 0 17 56 0 0 8 0 0 9727432 11029816 30396416 140730983357247 140730983357357 140730983357357 140730983358439 0
/proc/16/statm: 4421 3107 1512 723 0 2063 0
[pid=18] ppid=16 vsize=53541696 memory=45803400 CPUtime=1238.27 cores=56-69,168-181
/proc/18/stat : 18 (bn4rust) R 16 16 0 0 -1 4194304 375846 0 19 0 121452 2375 0 0 20 0 1 0 53428020 54826696704 11450850 67087892480 94861622390784 94861624257905 140720814596832 0 0 0 0 4096 1088 0 0 0 17 178 0 0 1 0 0 94861624515968 94861624562904 94861628674048 140720814598914 140720814599062 140720814599062 140720814600161 0
/proc/18/statm: 13385424 11450850 1105 456 0 13383585 0
Current children cumulated CPU time: 1238.33 s
Current children cumulated vsize: 53559380 KiB
Current children cumulated memory: 45815828 KiB

[startup+1295.14 s]
# the end of solver process 16 was just reported to runsolver
# cumulated CPU time of all completed processes:  user=1261.59 s, system=29.394 s

Solver just ended.
??? end of watcher thread
Dumping a history of the last processes samples

[startup+1254.4 s]
/proc/loadavg: 7.94 7.78 9.73 10/2909 18
/proc/meminfo: memFree=431931328/527542252 swapFree=33487080/33554428
[pid=16] ppid=13 vsize=17684 memory=12428 CPUtime=0.06 cores=56-69,168-181
/proc/16/stat : 16 (python3) S 13 16 0 0 -1 4194304 1892 0 96 0 3 3 0 0 20 0 1 0 53428004 18108416 3107 67087892480 4194304 7154137 140730983351056 0 0 0 0 16781312 2 1 0 0 17 56 0 0 8 0 0 9727432 11029816 30396416 140730983357247 140730983357357 140730983357357 140730983358439 0
/proc/16/statm: 4421 3107 1512 723 0 2063 0
[pid=18] ppid=16 vsize=53541696 memory=46169992 CPUtime=1250.34 cores=56-69,168-181
/proc/18/stat : 18 (bn4rust) R 16 16 0 0 -1 4194304 380536 0 19 0 122655 2379 0 0 20 0 1 0 53428020 54826696704 11542498 67087892480 94861622390784 94861624257905 140720814596832 0 0 0 0 4096 1088 0 0 0 17 178 0 0 1 0 0 94861624515968 94861624562904 94861628674048 140720814598914 140720814599062 140720814599062 140720814600161 0
/proc/18/statm: 13385424 11542498 1105 456 0 13383585 0
Current children cumulated CPU time: 1250.4 s
Current children cumulated vsize: 53559380 KiB
Current children cumulated memory: 46182420 KiB

[startup+1280 s]*
/proc/loadavg: 8.04 7.82 9.69 9/2909 18
/proc/meminfo: memFree=428995252/527542252 swapFree=33487080/33554428
[pid=16] ppid=13 vsize=17684 memory=12428 CPUtime=0.06 cores=56-69,168-181
/proc/16/stat : 16 (python3) S 13 16 0 0 -1 4194304 1892 0 96 0 3 3 0 0 20 0 1 0 53428004 18108416 3107 67087892480 4194304 7154137 140730983351056 0 0 0 0 16781312 2 1 0 0 17 56 0 0 8 0 0 9727432 11029816 30396416 140730983357247 140730983357357 140730983357357 140730983358439 0
/proc/16/statm: 4421 3107 1512 723 0 2063 0
[pid=18] ppid=16 vsize=53541696 memory=46874504 CPUtime=1275.86 cores=56-69,168-181
/proc/18/stat : 18 (bn4rust) R 16 16 0 0 -1 4194304 387547 0 19 0 125198 2388 0 0 20 0 1 0 53428020 54826696704 11718626 67087892480 94861622390784 94861624257905 140720814596832 0 0 0 0 4096 1088 0 0 0 17 178 0 0 1 0 0 94861624515968 94861624562904 94861628674048 140720814598914 140720814599062 140720814599062 140720814600161 0
/proc/18/statm: 13385424 11718626 1105 456 0 13383585 0
Current children cumulated CPU time: 1275.92 s
Current children cumulated vsize: 53559380 KiB
Current children cumulated memory: 46886932 KiB

[startup+1286.4 s]
/proc/loadavg: 8.04 7.82 9.68 9/2907 18
/proc/meminfo: memFree=420320112/527542252 swapFree=33487080/33554428
[pid=16] ppid=13 vsize=17684 memory=12428 CPUtime=0.06 cores=56-69,168-181
/proc/16/stat : 16 (python3) S 13 16 0 0 -1 4194304 1892 0 96 0 3 3 0 0 20 0 1 0 53428004 18108416 3107 67087892480 4194304 7154137 140730983351056 0 0 0 0 16781312 2 1 0 0 17 56 0 0 8 0 0 9727432 11029816 30396416 140730983357247 140730983357357 140730983357357 140730983358439 0
/proc/16/statm: 4421 3107 1512 723 0 2063 0
[pid=18] ppid=16 vsize=80804676 memory=55624972 CPUtime=1282.25 cores=56-69,168-181
/proc/18/stat : 18 (bn4rust) R 16 16 0 0 -1 4194304 911649 0 19 0 125701 2524 0 0 20 0 1 0 53428020 82743988224 13906243 67087892480 94861622390784 94861624257905 140720814596832 0 0 0 0 4096 1088 0 0 0 17 178 0 0 1 0 0 94861624515968 94861624562904 94861628674048 140720814598914 140720814599062 140720814599062 140720814600161 0
/proc/18/statm: 20201169 13906243 1105 456 0 20199330 0
Current children cumulated CPU time: 1282.31 s
Current children cumulated vsize: 80822360 KiB
Current children cumulated memory: 55637400 KiB

[startup+1289.6 s]
/proc/loadavg: 8.11 7.84 9.67 9/2906 18
/proc/meminfo: memFree=418041572/527542252 swapFree=33487080/33554428
[pid=16] ppid=13 vsize=17684 memory=12428 CPUtime=0.06 cores=56-69,168-181
/proc/16/stat : 16 (python3) S 13 16 0 0 -1 4194304 1892 0 96 0 3 3 0 0 20 0 1 0 53428004 18108416 3107 67087892480 4194304 7154137 140730983351056 0 0 0 0 16781312 2 1 0 0 17 56 0 0 8 0 0 9727432 11029816 30396416 140730983357247 140730983357357 140730983357357 140730983358439 0
/proc/16/statm: 4421 3107 1512 723 0 2063 0
[pid=18] ppid=16 vsize=80804676 memory=59596588 CPUtime=1285.44 cores=56-69,168-181
/proc/18/stat : 18 (bn4rust) R 16 16 0 0 -1 4194304 1904554 0 19 0 125887 2657 0 0 20 0 1 0 53428020 82743988224 14899147 67087892480 94861622390784 94861624257905 140720814596832 0 0 0 0 4096 1088 0 0 0 17 178 0 0 1 0 0 94861624515968 94861624562904 94861628674048 140720814598914 140720814599062 140720814599062 140720814600161 0
/proc/18/statm: 20201169 14899147 1105 456 0 20199330 0
Current children cumulated CPU time: 1285.5 s
Current children cumulated vsize: 80822360 KiB
Current children cumulated memory: 59609016 KiB

[startup+1292.8 s]
/proc/loadavg: 8.11 7.84 9.67 9/2902 18
/proc/meminfo: memFree=412390908/527542252 swapFree=33487080/33554428
[pid=16] ppid=13 vsize=17684 memory=12428 CPUtime=0.06 cores=56-69,168-181
/proc/16/stat : 16 (python3) S 13 16 0 0 -1 4194304 1892 0 96 0 3 3 0 0 20 0 1 0 53428004 18108416 3107 67087892480 4194304 7154137 140730983351056 0 0 0 0 16781312 2 1 0 0 17 56 0 0 8 0 0 9727432 11029816 30396416 140730983357247 140730983357357 140730983357357 140730983358439 0
/proc/16/statm: 4421 3107 1512 723 0 2063 0
[pid=18] ppid=16 vsize=80804676 memory=63583516 CPUtime=1288.63 cores=56-69,168-181
/proc/18/stat : 18 (bn4rust) R 16 16 0 0 -1 4194304 2901261 0 19 0 126071 2792 0 0 20 0 1 0 53428020 82743988224 15895879 67087892480 94861622390784 94861624257905 140720814596832 0 0 0 0 4096 1088 0 0 0 17 178 0 0 1 0 0 94861624515968 94861624562904 94861628674048 140720814598914 140720814599062 140720814599062 140720814600161 0
/proc/18/statm: 20201169 15895879 1105 456 0 20199330 0
Current children cumulated CPU time: 1288.69 s
Current children cumulated vsize: 80822360 KiB
Current children cumulated memory: 63595944 KiB

[startup+1294.42 s]
/proc/loadavg: 8.11 7.84 9.66 9/2902 18
/proc/meminfo: memFree=409860208/527542252 swapFree=33487080/33554428
[pid=16] ppid=13 vsize=17684 memory=6380 CPUtime=0.06 cores=56-69,168-181
/proc/16/stat : 16 (python3) S 13 16 0 0 -1 4194304 1892 0 96 0 3 3 0 0 20 0 1 0 53428004 18108416 1595 67087892480 4194304 7154137 140730983351056 0 0 0 0 16781312 2 1 0 0 17 56 0 0 8 0 0 9727432 11029816 30396416 140730983357247 140730983357357 140730983357357 140730983358439 0
/proc/16/statm: 4421 1595 0 723 0 2063 0
Current children cumulated CPU time: 0.06 s
Current children cumulated vsize: 17684 KiB
Current children cumulated memory: 6380 KiB

[startup+1294.8 s]
/proc/loadavg: 8.11 7.84 9.66 9/2902 18
/proc/meminfo: memFree=409860208/527542252 swapFree=33487080/33554428
[pid=16] ppid=13 vsize=17684 memory=6380 CPUtime=0.06 cores=56-69,168-181
/proc/16/stat : 16 (python3) S 13 16 0 0 -1 4194304 1892 0 96 0 3 3 0 0 20 0 1 0 53428004 18108416 1595 67087892480 4194304 7154137 140730983351056 0 0 0 0 16781312 2 1 0 0 17 56 0 0 8 0 0 9727432 11029816 30396416 140730983357247 140730983357357 140730983357357 140730983358439 0
/proc/16/statm: 4421 1595 0 723 0 2063 0
Current children cumulated CPU time: 0.06 s
Current children cumulated vsize: 17684 KiB
Current children cumulated memory: 6380 KiB

[startup+1295 s]*
/proc/loadavg: 8.11 7.84 9.66 9/2905 18
/proc/meminfo: memFree=468174796/527542252 swapFree=33487080/33554428
[pid=16] ppid=13 vsize=17684 memory=6380 CPUtime=0.06 cores=56-69,168-181
/proc/16/stat : 16 (python3) S 13 16 0 0 -1 4194304 1892 0 96 0 3 3 0 0 20 0 1 0 53428004 18108416 1595 67087892480 4194304 7154137 140730983351056 0 0 0 0 16781312 2 1 0 0 17 56 0 0 8 0 0 9727432 11029816 30396416 140730983357247 140730983357357 140730983357357 140730983358439 0
/proc/16/statm: 4421 1595 0 723 0 2063 0
Current children cumulated CPU time: 0.06 s
Current children cumulated vsize: 17684 KiB
Current children cumulated memory: 6380 KiB

[startup+1295.1 s]
/proc/loadavg: 8.11 7.84 9.66 9/2905 18
/proc/meminfo: memFree=468174796/527542252 swapFree=33487080/33554428
[pid=16] ppid=13 vsize=17684 memory=6380 CPUtime=0.06 cores=56-69,168-181
/proc/16/stat : 16 (python3) D 13 16 0 0 -1 4194304 1906 0 110 0 3 3 0 0 20 0 1 0 53428004 18108416 1595 67087892480 4194304 7154137 140730983351056 0 0 0 0 16781312 2 0 0 0 17 56 0 0 10 0 0 9727432 11029816 30396416 140730983357247 140730983357357 140730983357357 140730983358439 0
/proc/16/statm: 4421 1595 0 723 0 2063 0
Current children cumulated CPU time: 0.06 s
Current children cumulated vsize: 17684 KiB
Current children cumulated memory: 6380 KiB

Child status: 247
Real time (s): 1295.14
CPU time (s): 1290.98
CPU user time (s): 1261.59
CPU system time (s): 29.394
CPU usage (%): 99.6787
Max. virtual memory (cumulated for all children) (KiB): 80822360
Max. memory (cumulated for all children) (KiB): 65325672

getrusage(RUSAGE_CHILDREN,...) data:
user time used= 1261.59
system time used= 29.394
maximum resident set size= 65328164
integral shared memory size= 0
integral unshared data size= 0
integral unshared stack size= 0
page reclaims= 3340448
page faults= 178
swaps= 0
block input operations= 30344
block output operations= 0
messages sent= 0
messages received= 0
signals received= 0
voluntary context switches= 1011
involuntary context switches= 1634


# summary of solver processes directly reported to runsolver:
#   pid: 16
#   total CPU time (s): 1290.98
#   total CPU user time (s): 1261.59
#   total CPU system time (s): 29.394

??? join timestamper begins
??? join timestamper ends
??? end of timestamper thread
runsolver used 0.065915 second user time and 2.34168 second system time

The end
