runsolver version 3.4.1 (svn: 3018) Copyright (C) 2010-2013 Olivier ROUSSEL

This program is distributed in the hope that it will be useful,
but WITHOUT ANY WARRANTY; without even the implied warranty of
MERCHANTABILITY or FITNESS FOR A PARTICULAR PURPOSE.  See the
GNU General Public License for more details.

NUMA information:
  number of nodes: 8
  memory of node 0: 63700 MiB (33428 MiB free)
  memory of node 1: 64504 MiB (61038 MiB free)
  memory of node 2: 64504 MiB (61067 MiB free)
  memory of node 3: 64504 MiB (45075 MiB free)
  memory of node 4: 64504 MiB (61267 MiB free)
  memory of node 5: 64504 MiB (22077 MiB free)
  memory of node 6: 64461 MiB (55026 MiB free)
  memory of node 7: 64491 MiB (45253 MiB free)
  node distances:
     10  12  12  12  21  21  21  21
     12  10  12  12  21  21  21  21
     12  12  10  12  21  21  21  21
     12  12  12  10  21  21  21  21
     21  21  21  21  10  12  12  12
     21  21  21  21  12  10  12  12
     21  21  21  21  12  12  10  12
     21  21  21  21  12  12  12  10

command line: /usr/local/bin/runsolver --timestamp -w /output/runsolver-watch.log -v /output/runsolver-values.log -o /output/solver-output.log -C 1800.0 -W 1800.0 -R 64000 /opt/solver/run_bn4rust.py --mode cyber-complement-gfp-plus-immutable --instance /input/model_102.bnet 

running on 20 cores: 28-31,36-41,144-153

Enforcing CPUTime limit (soft limit, will send SIGTERM then SIGKILL): 1800 seconds
Enforcing CPUTime limit (hard limit, will send SIGXCPU): 1830 seconds
Enforcing wall clock limit (soft limit, will send SIGTERM then SIGKILL): 1800 seconds
Enforcing RSS+Swap limit (soft limit, will send SIGTERM then SIGKILL): 65536000 KiB
Linux 4.18.0-553.159.1.el8_10.x86_64
Current StackSize limit: 18014398509481983 KiB

solver pid=16, runsolver pid=13

[startup+0.100069 s]*
/proc/loadavg: 34.18 35.65 34.64 35/2975 17
/proc/meminfo: memFree=393593892/527542272 swapFree=32904444/33554428
[pid=16] ppid=13 vsize=15748 memory=9920 CPUtime=0.02 cores=28-41,140-153
/proc/16/stat : 16 (python3) D 13 16 0 0 -1 4194304 1376 0 81 0 1 1 0 0 20 0 1 0 53883319 16125952 2480 67087892480 4194304 7154137 140725973879552 0 0 0 0 16781312 2 0 0 0 17 39 0 0 6 0 0 9727432 11029816 32800768 140725973887806 140725973887917 140725973887917 140725973888999 0
/proc/16/statm: 3937 2480 1379 723 0 1673 0
Current children cumulated CPU time: 0.02 s
Current children cumulated vsize: 15748 KiB
Current children cumulated memory: 9920 KiB

[startup+0.200585 s]*
/proc/loadavg: 34.18 35.65 34.64 34/2977 18
/proc/meminfo: memFree=393571384/527542272 swapFree=32904444/33554428
[pid=16] ppid=13 vsize=17684 memory=12368 CPUtime=0.04 cores=28-41,140-153
/proc/16/stat : 16 (python3) S 13 16 0 0 -1 4194304 1896 0 96 0 3 1 0 0 20 0 1 0 53883319 18108416 3092 67087892480 4194304 7154137 140725973879552 0 0 0 0 16781312 2 1 0 0 17 39 0 0 8 0 0 9727432 11029816 32800768 140725973887806 140725973887917 140725973887917 140725973888999 0
/proc/16/statm: 4421 3092 1498 723 0 2063 0
[pid=18] ppid=16 vsize=7772 memory=4428 CPUtime=0 cores=28-41,140-153
/proc/18/stat : 18 (bn4rust) I 16 16 0 0 -1 4194304 143 0 14 0 0 0 0 0 20 0 1 0 53883333 7958528 1107 67087892480 94255230394368 94255232261489 140736268744512 0 0 0 0 4096 1088 0 0 0 17 145 0 0 1 0 0 94255232519552 94255232566488 94255261360128 140736268749569 140736268749718 140736268749718 140736268750817 0
/proc/18/statm: 1943 1107 1041 456 0 104 0
Current children cumulated CPU time: 0.04 s
Current children cumulated vsize: 25456 KiB
Current children cumulated memory: 16796 KiB

[startup+0.254193 s]
# the end of solver process 16 was just reported to runsolver
# cumulated CPU time of all completed processes:  user=0.046871 s, system=0.017194 s

Solver just ended.
??? end of watcher thread
Dumping a history of the last processes samples

Child status: 0
Real time (s): 0.254219
CPU time (s): 0.064065
CPU user time (s): 0.046871
CPU system time (s): 0.017194
CPU usage (%): 25.2007
Max. virtual memory (cumulated for all children) (KiB): 25456
Max. memory (cumulated for all children) (KiB): 16796

getrusage(RUSAGE_CHILDREN,...) data:
user time used= 0.046871
system time used= 0.017194
maximum resident set size= 12528
integral shared memory size= 0
integral unshared data size= 0
integral unshared stack size= 0
page reclaims= 2092
page faults= 115
swaps= 0
block input operations= 19800
block output operations= 8
messages sent= 0
messages received= 0
signals received= 0
voluntary context switches= 976
involuntary context switches= 0


# summary of solver processes directly reported to runsolver:
#   pid: 16
#   total CPU time (s): 0.064065
#   total CPU user time (s): 0.046871
#   total CPU system time (s): 0.017194

??? join timestamper begins
??? join timestamper ends
??? end of timestamper thread
runsolver used 0.002763 second user time and 0.005539 second system time

The end
