# WCTIME: wall clock time in seconds
WCTIME=1800.01
# CPUTIME: CPU time in seconds (USERTIME+SYSTEMTIME)
CPUTIME=1794.45
# USERTIME: CPU time spent in user mode in seconds
USERTIME=1754.22
# SYSTEMTIME: CPU time spent in system mode in seconds
SYSTEMTIME=40.227
# CPUUSAGE: CPUTIME/WCTIME in percent
CPUUSAGE=99.6906
# MAXVM: maximum virtual memory used in KiB
MAXVM=2942944
# MAXMM: maximum memory used in KiB
MAXMM=2319692
# MAXRSS: maximum Resident Segment Size in KiB
MAXRSS=2406164
# TIMEOUT: did the solver exceed the time limit?
TIMEOUT=true
# MEMOUT: did the solver exceed the memory limit?
MEMOUT=false
# EXITSTATUS: Exit status of the solver
EXITSTATUS=15
