runsolver version 3.4.1 (svn: 3018) Copyright (C) 2010-2013 Olivier ROUSSEL

This program is distributed in the hope that it will be useful,
but WITHOUT ANY WARRANTY; without even the implied warranty of
MERCHANTABILITY or FITNESS FOR A PARTICULAR PURPOSE.  See the
GNU General Public License for more details.

NUMA information:
  number of nodes: 8
  memory of node 0: 63700 MiB (61655 MiB free)
  memory of node 1: 64504 MiB (63069 MiB free)
  memory of node 2: 64504 MiB (42108 MiB free)
  memory of node 3: 64504 MiB (63274 MiB free)
  memory of node 4: 64461 MiB (39148 MiB free)
  memory of node 5: 64504 MiB (62730 MiB free)
  memory of node 6: 64504 MiB (62980 MiB free)
  memory of node 7: 64491 MiB (63467 MiB free)
  node distances:
     10  12  12  12  21  21  21  21
     12  10  12  12  21  21  21  21
     12  12  10  12  21  21  21  21
     12  12  12  10  21  21  21  21
     21  21  21  21  10  12  12  12
     21  21  21  21  12  10  12  12
     21  21  21  21  12  12  10  12
     21  21  21  21  12  12  12  10

command line: /usr/local/bin/runsolver --timestamp -w /output/runsolver-watch.log -v /output/runsolver-values.log -o /output/solver-output.log -C 1800.0 -W 1800.0 -R 64000 /opt/solver/run_bn4rust.py --mode cyber-complement-gfp-plus-dependency-order --instance /input/model_113.bnet 

running on 16 cores: 0-13,124-125

Enforcing CPUTime limit (soft limit, will send SIGTERM then SIGKILL): 1800 seconds
Enforcing CPUTime limit (hard limit, will send SIGXCPU): 1830 seconds
Enforcing wall clock limit (soft limit, will send SIGTERM then SIGKILL): 1800 seconds
Enforcing RSS+Swap limit (soft limit, will send SIGTERM then SIGKILL): 65536000 KiB
Linux 4.18.0-553.159.1.el8_10.x86_64
Current StackSize limit: 18014398509481983 KiB

solver pid=16, runsolver pid=13

[startup+0.10006 s]*
/proc/loadavg: 7.20 7.73 10.13 9/2897 17
/proc/meminfo: memFree=468322604/527542252 swapFree=33487080/33554428
[pid=16] ppid=13 vsize=15800 memory=10104 CPUtime=0.02 cores=0-13,112-125
/proc/16/stat : 16 (python3) R 13 16 0 0 -1 4194304 1391 0 84 0 2 0 0 0 20 0 1 0 53536021 16179200 2526 67087892480 4194304 7154137 140728087806464 0 0 0 0 16781312 2 0 0 0 17 2 0 0 6 0 0 9727432 11029816 35643392 140728087808823 140728087808941 140728087808941 140728087810023 0
/proc/16/statm: 3950 2526 1392 723 0 1674 0
Current children cumulated CPU time: 0.02 s
Current children cumulated vsize: 15800 KiB
Current children cumulated memory: 10104 KiB

[startup+0.200532 s]*
/proc/loadavg: 7.20 7.73 10.13 9/2898 18
/proc/meminfo: memFree=467194500/527542252 swapFree=33487080/33554428
[pid=16] ppid=13 vsize=17684 memory=12416 CPUtime=0.04 cores=0-13,112-125
/proc/16/stat : 16 (python3) S 13 16 0 0 -1 4194304 1898 0 96 0 3 1 0 0 20 0 1 0 53536021 18108416 3104 67087892480 4194304 7154137 140728087806464 0 0 0 0 16781312 2 1 0 0 17 2 0 0 8 0 0 9727432 11029816 35643392 140728087808823 140728087808941 140728087808941 140728087810023 0
/proc/16/statm: 4421 3104 1511 723 0 2063 0
[pid=18] ppid=16 vsize=17404 memory=12704 CPUtime=0.03 cores=0-13,112-125
/proc/18/stat : 18 (bn4rust) R 16 16 0 0 -1 4194304 3088 0 18 0 3 0 0 0 20 0 1 0 53536034 17821696 3176 67087892480 94367519907840 94367521774961 140725534281536 0 0 0 0 4096 1088 0 0 0 17 116 0 0 1 0 0 94367522033024 94367522079960 94367530303488 140725534288634 140725534288790 140725534288790 140725534289889 0
/proc/18/statm: 4351 3176 1086 456 0 2512 0
Current children cumulated CPU time: 0.07 s
Current children cumulated vsize: 35088 KiB
Current children cumulated memory: 25120 KiB

[startup+0.300416 s]*
/proc/loadavg: 7.20 7.73 10.13 9/2898 18
/proc/meminfo: memFree=466173696/527542252 swapFree=33487080/33554428
[pid=16] ppid=13 vsize=17684 memory=12416 CPUtime=0.04 cores=0-13,112-125
/proc/16/stat : 16 (python3) S 13 16 0 0 -1 4194304 1898 0 96 0 3 1 0 0 20 0 1 0 53536021 18108416 3104 67087892480 4194304 7154137 140728087806464 0 0 0 0 16781312 2 1 0 0 17 2 0 0 8 0 0 9727432 11029816 35643392 140728087808823 140728087808941 140728087808941 140728087810023 0
/proc/16/statm: 4421 3104 1511 723 0 2063 0
[pid=18] ppid=16 vsize=20960 memory=17652 CPUtime=0.14 cores=0-13,112-125
/proc/18/stat : 18 (bn4rust) R 16 16 0 0 -1 4194304 6676 0 18 0 13 1 0 0 20 0 1 0 53536034 21463040 4413 67087892480 94367519907840 94367521774961 140725534281536 0 0 0 0 4096 1088 0 0 0 17 116 0 0 1 0 0 94367522033024 94367522079960 94367530303488 140725534288634 140725534288790 140725534288790 140725534289889 0
/proc/18/statm: 5240 4413 1086 456 0 3401 0
Current children cumulated CPU time: 0.18 s
Current children cumulated vsize: 38644 KiB
Current children cumulated memory: 30068 KiB

[startup+0.700151 s]
/proc/loadavg: 7.20 7.73 10.13 9/2898 18
/proc/meminfo: memFree=464221624/527542252 swapFree=33487080/33554428
[pid=16] ppid=13 vsize=17684 memory=12416 CPUtime=0.04 cores=0-13,112-125
/proc/16/stat : 16 (python3) S 13 16 0 0 -1 4194304 1898 0 96 0 3 1 0 0 20 0 1 0 53536021 18108416 3104 67087892480 4194304 7154137 140728087806464 0 0 0 0 16781312 2 1 0 0 17 2 0 0 8 0 0 9727432 11029816 35643392 140728087808823 140728087808941 140728087808941 140728087810023 0
/proc/16/statm: 4421 3104 1511 723 0 2063 0
[pid=18] ppid=16 vsize=16724 memory=12560 CPUtime=0.54 cores=0-13,112-125
/proc/18/stat : 18 (bn4rust) R 16 16 0 0 -1 4194304 7687 0 18 0 53 1 0 0 20 0 1 0 53536034 17125376 3140 67087892480 94367519907840 94367521774961 140725534281536 0 0 0 0 4096 1088 0 0 0 17 4 0 0 1 0 0 94367522033024 94367522079960 94367530303488 140725534288634 140725534288790 140725534288790 140725534289889 0
/proc/18/statm: 4181 3140 1086 456 0 2342 0
Current children cumulated CPU time: 0.58 s
Current children cumulated vsize: 34408 KiB
Current children cumulated memory: 24976 KiB

[startup+1.50023 s]
/proc/loadavg: 7.20 7.73 10.13 9/2898 18
/proc/meminfo: memFree=458894388/527542252 swapFree=33487080/33554428
[pid=16] ppid=13 vsize=17684 memory=12416 CPUtime=0.04 cores=0-13,112-125
/proc/16/stat : 16 (python3) S 13 16 0 0 -1 4194304 1898 0 96 0 3 1 0 0 20 0 1 0 53536021 18108416 3104 67087892480 4194304 7154137 140728087806464 0 0 0 0 16781312 2 1 0 0 17 2 0 0 8 0 0 9727432 11029816 35643392 140728087808823 140728087808941 140728087808941 140728087810023 0
/proc/16/statm: 4421 3104 1511 723 0 2063 0
[pid=18] ppid=16 vsize=18240 memory=14404 CPUtime=1.33 cores=0-13,112-125
/proc/18/stat : 18 (bn4rust) R 16 16 0 0 -1 4194304 9889 0 18 0 132 1 0 0 20 0 1 0 53536034 18677760 3601 67087892480 94367519907840 94367521774961 140725534281536 0 0 0 0 4096 1088 0 0 0 17 4 0 0 1 0 0 94367522033024 94367522079960 94367530303488 140725534288634 140725534288790 140725534288790 140725534289889 0
/proc/18/statm: 4560 3601 1088 456 0 2721 0
Current children cumulated CPU time: 1.37 s
Current children cumulated vsize: 35924 KiB
Current children cumulated memory: 26820 KiB

[startup+3.10045 s]
/proc/loadavg: 7.27 7.73 10.12 9/2898 18
/proc/meminfo: memFree=454121188/527542252 swapFree=33487080/33554428
[pid=16] ppid=13 vsize=17684 memory=12416 CPUtime=0.04 cores=0-13,112-125
/proc/16/stat : 16 (python3) S 13 16 0 0 -1 4194304 1898 0 96 0 3 1 0 0 20 0 1 0 53536021 18108416 3104 67087892480 4194304 7154137 140728087806464 0 0 0 0 16781312 2 1 0 0 17 2 0 0 8 0 0 9727432 11029816 35643392 140728087808823 140728087808941 140728087808941 140728087810023 0
/proc/16/statm: 4421 3104 1511 723 0 2063 0
[pid=18] ppid=16 vsize=23360 memory=19088 CPUtime=2.92 cores=0-13,112-125
/proc/18/stat : 18 (bn4rust) R 16 16 0 0 -1 4194304 21047 0 18 0 290 2 0 0 20 0 1 0 53536034 23920640 4772 67087892480 94367519907840 94367521774961 140725534281536 0 0 0 0 4096 1088 0 0 0 17 4 0 0 1 0 0 94367522033024 94367522079960 94367530303488 140725534288634 140725534288790 140725534288790 140725534289889 0
/proc/18/statm: 5840 4772 1088 456 0 4001 0
Current children cumulated CPU time: 2.96 s
Current children cumulated vsize: 41044 KiB
Current children cumulated memory: 31504 KiB

[startup+6.30023 s]
/proc/loadavg: 7.27 7.73 10.12 9/2898 18
/proc/meminfo: memFree=454117352/527542252 swapFree=33487080/33554428
[pid=16] ppid=13 vsize=17684 memory=12416 CPUtime=0.04 cores=0-13,112-125
/proc/16/stat : 16 (python3) S 13 16 0 0 -1 4194304 1898 0 96 0 3 1 0 0 20 0 1 0 53536021 18108416 3104 67087892480 4194304 7154137 140728087806464 0 0 0 0 16781312 2 1 0 0 17 2 0 0 8 0 0 9727432 11029816 35643392 140728087808823 140728087808941 140728087808941 140728087810023 0
/proc/16/statm: 4421 3104 1511 723 0 2063 0
[pid=18] ppid=16 vsize=22032 memory=18232 CPUtime=6.12 cores=0-13,112-125
/proc/18/stat : 18 (bn4rust) R 16 16 0 0 -1 4194304 33060 0 18 0 607 5 0 0 20 0 1 0 53536034 22560768 4558 67087892480 94367519907840 94367521774961 140725534281536 0 0 0 0 4096 1088 0 0 0 17 4 0 0 1 0 0 94367522033024 94367522079960 94367530303488 140725534288634 140725534288790 140725534288790 140725534289889 0
/proc/18/statm: 5508 4558 1088 456 0 3669 0
Current children cumulated CPU time: 6.16 s
Current children cumulated vsize: 39716 KiB
Current children cumulated memory: 30648 KiB

[startup+12.7002 s]
/proc/loadavg: 7.30 7.73 10.09 8/2877 18
/proc/meminfo: memFree=453734800/527542252 swapFree=33487080/33554428
[pid=16] ppid=13 vsize=17684 memory=12416 CPUtime=0.04 cores=0-13,112-125
/proc/16/stat : 16 (python3) S 13 16 0 0 -1 4194304 1898 0 96 0 3 1 0 0 20 0 1 0 53536021 18108416 3104 67087892480 4194304 7154137 140728087806464 0 0 0 0 16781312 2 1 0 0 17 2 0 0 8 0 0 9727432 11029816 35643392 140728087808823 140728087808941 140728087808941 140728087810023 0
/proc/16/statm: 4421 3104 1511 723 0 2063 0
[pid=18] ppid=16 vsize=33280 memory=29928 CPUtime=12.5 cores=0-13,112-125
/proc/18/stat : 18 (bn4rust) R 16 16 0 0 -1 4194304 58049 0 18 0 1241 9 0 0 20 0 1 0 53536034 34078720 7482 67087892480 94367519907840 94367521774961 140725534281536 0 0 0 0 4096 1088 0 0 0 17 116 0 0 1 0 0 94367522033024 94367522079960 94367530303488 140725534288634 140725534288790 140725534288790 140725534289889 0
/proc/18/statm: 8320 7482 1088 456 0 6481 0
Current children cumulated CPU time: 12.54 s
Current children cumulated vsize: 50964 KiB
Current children cumulated memory: 42344 KiB

[startup+25.5003 s]
/proc/loadavg: 7.25 7.70 10.06 8/2881 18
/proc/meminfo: memFree=453191404/527542252 swapFree=33487080/33554428
[pid=16] ppid=13 vsize=17684 memory=12416 CPUtime=0.04 cores=0-13,112-125
/proc/16/stat : 16 (python3) S 13 16 0 0 -1 4194304 1898 0 96 0 3 1 0 0 20 0 1 0 53536021 18108416 3104 67087892480 4194304 7154137 140728087806464 0 0 0 0 16781312 2 1 0 0 17 2 0 0 8 0 0 9727432 11029816 35643392 140728087808823 140728087808941 140728087808941 140728087810023 0
/proc/16/statm: 4421 3104 1511 723 0 2063 0
[pid=18] ppid=16 vsize=54088 memory=49596 CPUtime=25.25 cores=0-13,112-125
/proc/18/stat : 18 (bn4rust) R 16 16 0 0 -1 4194304 79277 0 18 0 2511 14 0 0 20 0 1 0 53536034 55386112 12399 67087892480 94367519907840 94367521774961 140725534281536 0 0 0 0 4096 1088 0 0 0 17 116 0 0 1 0 0 94367522033024 94367522079960 94367530303488 140725534288634 140725534288790 140725534288790 140725534289889 0
/proc/18/statm: 13522 12399 1088 456 0 11683 0
Current children cumulated CPU time: 25.29 s
Current children cumulated vsize: 71772 KiB
Current children cumulated memory: 62012 KiB

[startup+51.1005 s]
/proc/loadavg: 7.43 7.71 10.00 9/2880 18
/proc/meminfo: memFree=434755716/527542252 swapFree=33487080/33554428
[pid=16] ppid=13 vsize=17684 memory=12416 CPUtime=0.04 cores=0-13,112-125
/proc/16/stat : 16 (python3) S 13 16 0 0 -1 4194304 1898 0 96 0 3 1 0 0 20 0 1 0 53536021 18108416 3104 67087892480 4194304 7154137 140728087806464 0 0 0 0 16781312 2 1 0 0 17 2 0 0 8 0 0 9727432 11029816 35643392 140728087808823 140728087808941 140728087808941 140728087810023 0
/proc/16/statm: 4421 3104 1511 723 0 2063 0
[pid=18] ppid=16 vsize=67400 memory=64108 CPUtime=50.77 cores=0-13,112-125
/proc/18/stat : 18 (bn4rust) R 16 16 0 0 -1 4194304 98894 0 18 0 5057 20 0 0 20 0 1 0 53536034 69017600 16027 67087892480 94367519907840 94367521774961 140725534281536 0 0 0 0 4096 1088 0 0 0 17 4 0 0 1 0 0 94367522033024 94367522079960 94367530303488 140725534288634 140725534288790 140725534288790 140725534289889 0
/proc/18/statm: 16850 16027 1088 456 0 15011 0
Current children cumulated CPU time: 50.81 s
Current children cumulated vsize: 85084 KiB
Current children cumulated memory: 76524 KiB

[startup+102.3 s]
/proc/loadavg: 7.61 7.70 9.86 9/2910 18
/proc/meminfo: memFree=431145432/527542252 swapFree=33487080/33554428
[pid=16] ppid=13 vsize=17684 memory=12416 CPUtime=0.04 cores=0-13,112-125
/proc/16/stat : 16 (python3) S 13 16 0 0 -1 4194304 1898 0 96 0 3 1 0 0 20 0 1 0 53536021 18108416 3104 67087892480 4194304 7154137 140728087806464 0 0 0 0 16781312 2 1 0 0 17 2 0 0 8 0 0 9727432 11029816 35643392 140728087808823 140728087808941 140728087808941 140728087810023 0
/proc/16/statm: 4421 3104 1511 723 0 2063 0
[pid=18] ppid=16 vsize=123236 memory=119976 CPUtime=101.8 cores=0-13,112-125
/proc/18/stat : 18 (bn4rust) R 16 16 0 0 -1 4194304 132460 0 18 0 10145 35 0 0 20 0 1 0 53536034 126193664 29994 67087892480 94367519907840 94367521774961 140725534281536 0 0 0 0 4096 1088 0 0 0 17 4 0 0 1 0 0 94367522033024 94367522079960 94367530303488 140725534288634 140725534288790 140725534288790 140725534289889 0
/proc/18/statm: 30809 29994 1088 456 0 28970 0
Current children cumulated CPU time: 101.84 s
Current children cumulated vsize: 140920 KiB
Current children cumulated memory: 132392 KiB

[startup+162.3 s]
/proc/loadavg: 7.93 7.77 9.75 9/2909 18
/proc/meminfo: memFree=427446204/527542252 swapFree=33487080/33554428
[pid=16] ppid=13 vsize=17684 memory=12416 CPUtime=0.04 cores=0-13,112-125
/proc/16/stat : 16 (python3) S 13 16 0 0 -1 4194304 1898 0 96 0 3 1 0 0 20 0 1 0 53536021 18108416 3104 67087892480 4194304 7154137 140728087806464 0 0 0 0 16781312 2 1 0 0 17 2 0 0 8 0 0 9727432 11029816 35643392 140728087808823 140728087808941 140728087808941 140728087810023 0
/proc/16/statm: 4421 3104 1511 723 0 2063 0
[pid=18] ppid=16 vsize=85348 memory=82040 CPUtime=161.62 cores=0-13,112-125
/proc/18/stat : 18 (bn4rust) R 16 16 0 0 -1 4194304 169777 0 18 0 16105 57 0 0 20 0 1 0 53536034 87396352 20510 67087892480 94367519907840 94367521774961 140725534281536 0 0 0 0 4096 1088 0 0 0 17 4 0 0 1 0 0 94367522033024 94367522079960 94367530303488 140725534288634 140725534288790 140725534288790 140725534289889 0
/proc/18/statm: 21337 20510 1088 456 0 19498 0
Current children cumulated CPU time: 161.66 s
Current children cumulated vsize: 103032 KiB
Current children cumulated memory: 94456 KiB

[startup+222.3 s]
/proc/loadavg: 7.93 7.81 9.63 8/2869 18
/proc/meminfo: memFree=474713024/527542252 swapFree=33487080/33554428
[pid=16] ppid=13 vsize=17684 memory=12416 CPUtime=0.04 cores=0-13,112-125
/proc/16/stat : 16 (python3) S 13 16 0 0 -1 4194304 1898 0 96 0 3 1 0 0 20 0 1 0 53536021 18108416 3104 67087892480 4194304 7154137 140728087806464 0 0 0 0 16781312 2 1 0 0 17 2 0 0 8 0 0 9727432 11029816 35643392 140728087808823 140728087808941 140728087808941 140728087810023 0
/proc/16/statm: 4421 3104 1511 723 0 2063 0
[pid=18] ppid=16 vsize=136548 memory=131524 CPUtime=221.42 cores=0-13,112-125
/proc/18/stat : 18 (bn4rust) R 16 16 0 0 -1 4194304 235345 0 18 0 22045 97 0 0 20 0 1 0 53536034 139825152 32881 67087892480 94367519907840 94367521774961 140725534281536 0 0 0 0 4096 1088 0 0 0 17 4 0 0 1 0 0 94367522033024 94367522079960 94367530303488 140725534288634 140725534288790 140725534288790 140725534289889 0
/proc/18/statm: 34137 32881 1088 456 0 32298 0
Current children cumulated CPU time: 221.46 s
Current children cumulated vsize: 154232 KiB
Current children cumulated memory: 143940 KiB

[startup+282.3 s]
/proc/loadavg: 7.74 7.76 9.50 9/2907 18
/proc/meminfo: memFree=471330824/527542252 swapFree=33487080/33554428
[pid=16] ppid=13 vsize=17684 memory=12416 CPUtime=0.04 cores=0-13,112-125
/proc/16/stat : 16 (python3) S 13 16 0 0 -1 4194304 1898 0 96 0 3 1 0 0 20 0 1 0 53536021 18108416 3104 67087892480 4194304 7154137 140728087806464 0 0 0 0 16781312 2 1 0 0 17 2 0 0 8 0 0 9727432 11029816 35643392 140728087808823 140728087808941 140728087808941 140728087810023 0
/proc/16/statm: 4421 3104 1511 723 0 2063 0
[pid=18] ppid=16 vsize=98660 memory=95444 CPUtime=281.24 cores=0-13,112-125
/proc/18/stat : 18 (bn4rust) R 16 16 0 0 -1 4194304 323354 0 18 0 27969 155 0 0 20 0 1 0 53536034 101027840 23861 67087892480 94367519907840 94367521774961 140725534281536 0 0 0 0 4096 1088 0 0 0 17 4 0 0 1 0 0 94367522033024 94367522079960 94367530303488 140725534288634 140725534288790 140725534288790 140725534289889 0
/proc/18/statm: 24665 23861 1088 456 0 22826 0
Current children cumulated CPU time: 281.28 s
Current children cumulated vsize: 116344 KiB
Current children cumulated memory: 107860 KiB

[startup+342.3 s]
/proc/loadavg: 7.91 7.81 9.40 9/2905 18
/proc/meminfo: memFree=469752268/527542252 swapFree=33487080/33554428
[pid=16] ppid=13 vsize=17684 memory=12416 CPUtime=0.04 cores=0-13,112-125
/proc/16/stat : 16 (python3) S 13 16 0 0 -1 4194304 1898 0 96 0 3 1 0 0 20 0 1 0 53536021 18108416 3104 67087892480 4194304 7154137 140728087806464 0 0 0 0 16781312 2 1 0 0 17 2 0 0 8 0 0 9727432 11029816 35643392 140728087808823 140728087808941 140728087808941 140728087810023 0
/proc/16/statm: 4421 3104 1511 723 0 2063 0
[pid=18] ppid=16 vsize=133480 memory=130148 CPUtime=341.05 cores=0-13,112-125
/proc/18/stat : 18 (bn4rust) R 16 16 0 0 -1 4194304 437693 0 18 0 33870 235 0 0 20 0 1 0 53536034 136683520 32537 67087892480 94367519907840 94367521774961 140725534281536 0 0 0 0 4096 1088 0 0 0 17 4 0 0 1 0 0 94367522033024 94367522079960 94367530303488 140725534288634 140725534288790 140725534288790 140725534289889 0
/proc/18/statm: 33370 32537 1088 456 0 31531 0
Current children cumulated CPU time: 341.09 s
Current children cumulated vsize: 151164 KiB
Current children cumulated memory: 142564 KiB

[startup+402.3 s]
/proc/loadavg: 8.06 7.87 9.32 9/2896 18
/proc/meminfo: memFree=473640412/527542252 swapFree=33487080/33554428
[pid=16] ppid=13 vsize=17684 memory=12416 CPUtime=0.04 cores=0-13,112-125
/proc/16/stat : 16 (python3) S 13 16 0 0 -1 4194304 1898 0 96 0 3 1 0 0 20 0 1 0 53536021 18108416 3104 67087892480 4194304 7154137 140728087806464 0 0 0 0 16781312 2 1 0 0 17 2 0 0 8 0 0 9727432 11029816 35643392 140728087808823 140728087808941 140728087808941 140728087810023 0
/proc/16/statm: 4421 3104 1511 723 0 2063 0
[pid=18] ppid=16 vsize=111972 memory=108580 CPUtime=400.86 cores=0-13,112-125
/proc/18/stat : 18 (bn4rust) R 16 16 0 0 -1 4194304 517607 0 18 0 39795 291 0 0 20 0 1 0 53536034 114659328 27145 67087892480 94367519907840 94367521774961 140725534281536 0 0 0 0 4096 1088 0 0 0 17 4 0 0 1 0 0 94367522033024 94367522079960 94367530303488 140725534288634 140725534288790 140725534288790 140725534289889 0
/proc/18/statm: 27993 27145 1088 456 0 26154 0
Current children cumulated CPU time: 400.9 s
Current children cumulated vsize: 129656 KiB
Current children cumulated memory: 120996 KiB

[startup+462.3 s]
/proc/loadavg: 8.02 7.90 9.24 9/2896 18
/proc/meminfo: memFree=471152228/527542252 swapFree=33487080/33554428
[pid=16] ppid=13 vsize=17684 memory=12416 CPUtime=0.04 cores=0-13,112-125
/proc/16/stat : 16 (python3) S 13 16 0 0 -1 4194304 1898 0 96 0 3 1 0 0 20 0 1 0 53536021 18108416 3104 67087892480 4194304 7154137 140728087806464 0 0 0 0 16781312 2 1 0 0 17 2 0 0 8 0 0 9727432 11029816 35643392 140728087808823 140728087808941 140728087808941 140728087810023 0
/proc/16/statm: 4421 3104 1511 723 0 2063 0
[pid=18] ppid=16 vsize=182628 memory=179412 CPUtime=460.68 cores=0-13,112-125
/proc/18/stat : 18 (bn4rust) R 16 16 0 0 -1 4194304 586942 0 18 0 45717 351 0 0 20 0 1 0 53536034 187011072 44853 67087892480 94367519907840 94367521774961 140725534281536 0 0 0 0 4096 1088 0 0 0 17 4 0 0 1 0 0 94367522033024 94367522079960 94367530303488 140725534288634 140725534288790 140725534288790 140725534289889 0
/proc/18/statm: 45657 44853 1088 456 0 43818 0
Current children cumulated CPU time: 460.72 s
Current children cumulated vsize: 200312 KiB
Current children cumulated memory: 191828 KiB

[startup+522.3 s]
/proc/loadavg: 8.11 7.95 9.17 9/2900 18
/proc/meminfo: memFree=468510184/527542252 swapFree=33487080/33554428
[pid=16] ppid=13 vsize=17684 memory=12416 CPUtime=0.04 cores=0-13,112-125
/proc/16/stat : 16 (python3) S 13 16 0 0 -1 4194304 1898 0 96 0 3 1 0 0 20 0 1 0 53536021 18108416 3104 67087892480 4194304 7154137 140728087806464 0 0 0 0 16781312 2 1 0 0 17 2 0 0 8 0 0 9727432 11029816 35643392 140728087808823 140728087808941 140728087808941 140728087810023 0
/proc/16/statm: 4421 3104 1511 723 0 2063 0
[pid=18] ppid=16 vsize=111972 memory=108708 CPUtime=520.5 cores=0-13,112-125
/proc/18/stat : 18 (bn4rust) R 16 16 0 0 -1 4194304 655169 0 18 0 51646 404 0 0 20 0 1 0 53536034 114659328 27177 67087892480 94367519907840 94367521774961 140725534281536 0 0 0 0 4096 1088 0 0 0 17 4 0 0 1 0 0 94367522033024 94367522079960 94367530303488 140725534288634 140725534288790 140725534288790 140725534289889 0
/proc/18/statm: 27993 27177 1088 456 0 26154 0
Current children cumulated CPU time: 520.54 s
Current children cumulated vsize: 129656 KiB
Current children cumulated memory: 121124 KiB

[startup+582.3 s]
/proc/loadavg: 7.24 7.78 9.03 6/2791 18
/proc/meminfo: memFree=516892156/527542252 swapFree=33487080/33554428
[pid=16] ppid=13 vsize=17684 memory=12416 CPUtime=0.04 cores=0-13,112-125
/proc/16/stat : 16 (python3) S 13 16 0 0 -1 4194304 1899 0 96 0 3 1 0 0 20 0 1 0 53536021 18108416 3104 67087892480 4194304 7154137 140728087806464 0 0 0 0 16781312 2 1 0 0 17 2 0 0 8 0 0 9727432 11029816 35643392 140728087808823 140728087808941 140728087808941 140728087810023 0
/proc/16/statm: 4421 3104 1511 723 0 2063 0
[pid=18] ppid=16 vsize=311028 memory=287012 CPUtime=580.33 cores=0-13,112-125
/proc/18/stat : 18 (bn4rust) R 16 16 0 0 -1 4194304 721977 0 18 0 57563 470 0 0 20 0 1 0 53536034 318492672 71753 67087892480 94367519907840 94367521774961 140725534281536 0 0 0 0 4096 1088 0 0 0 17 4 0 0 1 0 0 94367522033024 94367522079960 94367530303488 140725534288634 140725534288790 140725534288790 140725534289889 0
/proc/18/statm: 77757 71753 1088 456 0 75918 0
Current children cumulated CPU time: 580.37 s
Current children cumulated vsize: 328712 KiB
Current children cumulated memory: 299428 KiB

[startup+642.3 s]
/proc/loadavg: 5.90 7.29 8.78 6/2792 18
/proc/meminfo: memFree=516899796/527542252 swapFree=33487080/33554428
[pid=16] ppid=13 vsize=17684 memory=12416 CPUtime=0.04 cores=0-13,112-125
/proc/16/stat : 16 (python3) S 13 16 0 0 -1 4194304 1899 0 96 0 3 1 0 0 20 0 1 0 53536021 18108416 3104 67087892480 4194304 7154137 140728087806464 0 0 0 0 16781312 2 1 0 0 17 2 0 0 8 0 0 9727432 11029816 35643392 140728087808823 140728087808941 140728087808941 140728087810023 0
/proc/16/statm: 4421 3104 1511 723 0 2063 0
[pid=18] ppid=16 vsize=151908 memory=141092 CPUtime=640.15 cores=0-13,112-125
/proc/18/stat : 18 (bn4rust) R 16 16 0 0 -1 4194304 806988 0 18 0 63463 552 0 0 20 0 1 0 53536034 155553792 35273 67087892480 94367519907840 94367521774961 140725534281536 0 0 0 0 4096 1088 0 0 0 17 4 0 0 1 0 0 94367522033024 94367522079960 94367530303488 140725534288634 140725534288790 140725534288790 140725534289889 0
/proc/18/statm: 37977 35273 1088 456 0 36138 0
Current children cumulated CPU time: 640.19 s
Current children cumulated vsize: 169592 KiB
Current children cumulated memory: 153508 KiB

[startup+702.3 s]
/proc/loadavg: 5.36 6.88 8.55 6/2788 18
/proc/meminfo: memFree=517071680/527542252 swapFree=33487080/33554428
[pid=16] ppid=13 vsize=17684 memory=12416 CPUtime=0.04 cores=0-13,112-125
/proc/16/stat : 16 (python3) S 13 16 0 0 -1 4194304 1899 0 96 0 3 1 0 0 20 0 1 0 53536021 18108416 3104 67087892480 4194304 7154137 140728087806464 0 0 0 0 16781312 2 1 0 0 17 2 0 0 8 0 0 9727432 11029816 35643392 140728087808823 140728087808941 140728087808941 140728087810023 0
/proc/16/statm: 4421 3104 1511 723 0 2063 0
[pid=18] ppid=16 vsize=182628 memory=170496 CPUtime=699.99 cores=0-13,112-125
/proc/18/stat : 18 (bn4rust) R 16 16 0 0 -1 4194304 875217 0 18 0 69382 617 0 0 20 0 1 0 53536034 187011072 42624 67087892480 94367519907840 94367521774961 140725534281536 0 0 0 0 4096 1088 0 0 0 17 4 0 0 1 0 0 94367522033024 94367522079960 94367530303488 140725534288634 140725534288790 140725534288790 140725534289889 0
/proc/18/statm: 45657 42624 1088 456 0 43818 0
Current children cumulated CPU time: 700.03 s
Current children cumulated vsize: 200312 KiB
Current children cumulated memory: 182912 KiB

[startup+762.3 s]
/proc/loadavg: 5.14 6.57 8.34 6/2789 18
/proc/meminfo: memFree=514724664/527542252 swapFree=33487080/33554428
[pid=16] ppid=13 vsize=17684 memory=12416 CPUtime=0.04 cores=0-13,112-125
/proc/16/stat : 16 (python3) S 13 16 0 0 -1 4194304 1899 0 96 0 3 1 0 0 20 0 1 0 53536021 18108416 3104 67087892480 4194304 7154137 140728087806464 0 0 0 0 16781312 2 1 0 0 17 2 0 0 8 0 0 9727432 11029816 35643392 140728087808823 140728087808941 140728087808941 140728087810023 0
/proc/16/statm: 4421 3104 1511 723 0 2063 0
[pid=18] ppid=16 vsize=161124 memory=157736 CPUtime=759.82 cores=0-13,112-125
/proc/18/stat : 18 (bn4rust) R 16 16 0 0 -1 4194304 965621 0 18 0 75287 695 0 0 20 0 1 0 53536034 164990976 39434 67087892480 94367519907840 94367521774961 140725534281536 0 0 0 0 4096 1088 0 0 0 17 4 0 0 1 0 0 94367522033024 94367522079960 94367530303488 140725534288634 140725534288790 140725534288790 140725534289889 0
/proc/18/statm: 40281 39434 1088 456 0 38442 0
Current children cumulated CPU time: 759.86 s
Current children cumulated vsize: 178808 KiB
Current children cumulated memory: 170152 KiB

[startup+822.3 s]
/proc/loadavg: 5.09 6.29 8.13 6/2792 18
/proc/meminfo: memFree=515245476/527542252 swapFree=33487080/33554428
[pid=16] ppid=13 vsize=17684 memory=12416 CPUtime=0.04 cores=0-13,112-125
/proc/16/stat : 16 (python3) S 13 16 0 0 -1 4194304 1899 0 96 0 3 1 0 0 20 0 1 0 53536021 18108416 3104 67087892480 4194304 7154137 140728087806464 0 0 0 0 16781312 2 1 0 0 17 2 0 0 8 0 0 9727432 11029816 35643392 140728087808823 140728087808941 140728087808941 140728087810023 0
/proc/16/statm: 4421 3104 1511 723 0 2063 0
[pid=18] ppid=16 vsize=161124 memory=157684 CPUtime=819.66 cores=0-13,112-125
/proc/18/stat : 18 (bn4rust) R 16 16 0 0 -1 4194304 1026093 0 18 0 81205 761 0 0 20 0 1 0 53536034 164990976 39421 67087892480 94367519907840 94367521774961 140725534281536 0 0 0 0 4096 1088 0 0 0 17 4 0 0 1 0 0 94367522033024 94367522079960 94367530303488 140725534288634 140725534288790 140725534288790 140725534289889 0
/proc/18/statm: 40281 39421 1088 456 0 38442 0
Current children cumulated CPU time: 819.7 s
Current children cumulated vsize: 178808 KiB
Current children cumulated memory: 170100 KiB

[startup+882.3 s]
/proc/loadavg: 4.46 5.90 7.88 5/2752 18
/proc/meminfo: memFree=516884384/527542252 swapFree=33487080/33554428
[pid=16] ppid=13 vsize=17684 memory=12416 CPUtime=0.04 cores=0-13,112-125
/proc/16/stat : 16 (python3) S 13 16 0 0 -1 4194304 1899 0 96 0 3 1 0 0 20 0 1 0 53536021 18108416 3104 67087892480 4194304 7154137 140728087806464 0 0 0 0 16781312 2 1 0 0 17 2 0 0 8 0 0 9727432 11029816 35643392 140728087808823 140728087808941 140728087808941 140728087810023 0
/proc/16/statm: 4421 3104 1511 723 0 2063 0
[pid=18] ppid=16 vsize=161124 memory=157908 CPUtime=879.5 cores=0-13,112-125
/proc/18/stat : 18 (bn4rust) R 16 16 0 0 -1 4194304 1084408 0 18 0 87125 825 0 0 20 0 1 0 53536034 164990976 39477 67087892480 94367519907840 94367521774961 140725534281536 0 0 0 0 4096 1088 0 0 0 17 4 0 0 1 0 0 94367522033024 94367522079960 94367530303488 140725534288634 140725534288790 140725534288790 140725534289889 0
/proc/18/statm: 40281 39477 1088 456 0 38442 0
Current children cumulated CPU time: 879.54 s
Current children cumulated vsize: 178808 KiB
Current children cumulated memory: 170324 KiB

[startup+942.3 s]
/proc/loadavg: 4.17 5.55 7.64 5/2739 18
/proc/meminfo: memFree=516508780/527542252 swapFree=33487080/33554428
[pid=16] ppid=13 vsize=17684 memory=12416 CPUtime=0.04 cores=0-13,112-125
/proc/16/stat : 16 (python3) S 13 16 0 0 -1 4194304 1899 0 96 0 3 1 0 0 20 0 1 0 53536021 18108416 3104 67087892480 4194304 7154137 140728087806464 0 0 0 0 16781312 2 1 0 0 17 2 0 0 8 0 0 9727432 11029816 35643392 140728087808823 140728087808941 140728087808941 140728087810023 0
/proc/16/statm: 4421 3104 1511 723 0 2063 0
[pid=18] ppid=16 vsize=161124 memory=157908 CPUtime=939.34 cores=0-13,112-125
/proc/18/stat : 18 (bn4rust) R 16 16 0 0 -1 4194304 1173670 0 18 0 93026 908 0 0 20 0 1 0 53536034 164990976 39477 67087892480 94367519907840 94367521774961 140725534281536 0 0 0 0 4096 1088 0 0 0 17 4 0 0 1 0 0 94367522033024 94367522079960 94367530303488 140725534288634 140725534288790 140725534288790 140725534289889 0
/proc/18/statm: 40281 39477 1088 456 0 38442 0
Current children cumulated CPU time: 939.38 s
Current children cumulated vsize: 178808 KiB
Current children cumulated memory: 170324 KiB

[startup+1002.3 s]
/proc/loadavg: 4.06 5.27 7.41 5/2739 18
/proc/meminfo: memFree=516943492/527542252 swapFree=33487080/33554428
[pid=16] ppid=13 vsize=17684 memory=12416 CPUtime=0.04 cores=0-13,112-125
/proc/16/stat : 16 (python3) S 13 16 0 0 -1 4194304 1899 0 96 0 3 1 0 0 20 0 1 0 53536021 18108416 3104 67087892480 4194304 7154137 140728087806464 0 0 0 0 16781312 2 1 0 0 17 2 0 0 8 0 0 9727432 11029816 35643392 140728087808823 140728087808941 140728087808941 140728087810023 0
/proc/16/statm: 4421 3104 1511 723 0 2063 0
[pid=18] ppid=16 vsize=161124 memory=157908 CPUtime=999.19 cores=0-13,112-125
/proc/18/stat : 18 (bn4rust) R 16 16 0 0 -1 4194304 1229491 0 18 0 98945 974 0 0 20 0 1 0 53536034 164990976 39477 67087892480 94367519907840 94367521774961 140725534281536 0 0 0 0 4096 1088 0 0 0 17 4 0 0 1 0 0 94367522033024 94367522079960 94367530303488 140725534288634 140725534288790 140725534288790 140725534289889 0
/proc/18/statm: 40281 39477 1088 456 0 38442 0
Current children cumulated CPU time: 999.23 s
Current children cumulated vsize: 178808 KiB
Current children cumulated memory: 170324 KiB

[startup+1062.3 s]
/proc/loadavg: 4.02 5.03 7.19 5/2737 18
/proc/meminfo: memFree=516894176/527542252 swapFree=33487080/33554428
[pid=16] ppid=13 vsize=17684 memory=12416 CPUtime=0.04 cores=0-13,112-125
/proc/16/stat : 16 (python3) S 13 16 0 0 -1 4194304 1899 0 96 0 3 1 0 0 20 0 1 0 53536021 18108416 3104 67087892480 4194304 7154137 140728087806464 0 0 0 0 16781312 2 1 0 0 17 2 0 0 8 0 0 9727432 11029816 35643392 140728087808823 140728087808941 140728087808941 140728087810023 0
/proc/16/statm: 4421 3104 1511 723 0 2063 0
[pid=18] ppid=16 vsize=161124 memory=157908 CPUtime=1059.04 cores=0-13,112-125
/proc/18/stat : 18 (bn4rust) R 16 16 0 0 -1 4194304 1323716 0 18 0 104841 1063 0 0 20 0 1 0 53536034 164990976 39477 67087892480 94367519907840 94367521774961 140725534281536 0 0 0 0 4096 1088 0 0 0 17 4 0 0 1 0 0 94367522033024 94367522079960 94367530303488 140725534288634 140725534288790 140725534288790 140725534289889 0
/proc/18/statm: 40281 39477 1088 456 0 38442 0
Current children cumulated CPU time: 1059.08 s
Current children cumulated vsize: 178808 KiB
Current children cumulated memory: 170324 KiB

[startup+1122.3 s]
/proc/loadavg: 4.01 4.84 6.99 5/2740 18
/proc/meminfo: memFree=516972140/527542252 swapFree=33487080/33554428
[pid=16] ppid=13 vsize=17684 memory=12820 CPUtime=0.04 cores=0-13,112-125
/proc/16/stat : 16 (python3) S 13 16 0 0 -1 4194304 1899 0 96 0 3 1 0 0 20 0 1 0 53536021 18108416 3205 67087892480 4194304 7154137 140728087806464 0 0 0 0 16781312 2 1 0 0 17 2 0 0 8 0 0 9727432 11029816 35643392 140728087808823 140728087808941 140728087808941 140728087810023 0
/proc/16/statm: 4421 3205 1511 723 0 2063 0
[pid=18] ppid=16 vsize=161124 memory=157928 CPUtime=1118.89 cores=0-13,112-125
/proc/18/stat : 18 (bn4rust) R 16 16 0 0 -1 4194304 1382697 0 18 0 110757 1132 0 0 20 0 1 0 53536034 164990976 39482 67087892480 94367519907840 94367521774961 140725534281536 0 0 0 0 4096 1088 0 0 0 17 4 0 0 1 0 0 94367522033024 94367522079960 94367530303488 140725534288634 140725534288790 140725534288790 140725534289889 0
/proc/18/statm: 40281 39482 1088 456 0 38442 0
Current children cumulated CPU time: 1118.93 s
Current children cumulated vsize: 178808 KiB
Current children cumulated memory: 170748 KiB

[startup+1182.3 s]
/proc/loadavg: 4.00 4.69 6.80 5/2732 18
/proc/meminfo: memFree=517375768/527542252 swapFree=33487080/33554428
[pid=16] ppid=13 vsize=17684 memory=12820 CPUtime=0.04 cores=0-13,112-125
/proc/16/stat : 16 (python3) S 13 16 0 0 -1 4194304 1899 0 96 0 3 1 0 0 20 0 1 0 53536021 18108416 3205 67087892480 4194304 7154137 140728087806464 0 0 0 0 16781312 2 1 0 0 17 2 0 0 8 0 0 9727432 11029816 35643392 140728087808823 140728087808941 140728087808941 140728087810023 0
/proc/16/statm: 4421 3205 1511 723 0 2063 0
[pid=18] ppid=16 vsize=161124 memory=157740 CPUtime=1178.74 cores=0-13,112-125
/proc/18/stat : 18 (bn4rust) R 16 16 0 0 -1 4194304 1483379 0 18 0 116648 1226 0 0 20 0 1 0 53536034 164990976 39435 67087892480 94367519907840 94367521774961 140725534281536 0 0 0 0 4096 1088 0 0 0 17 4 0 0 1 0 0 94367522033024 94367522079960 94367530303488 140725534288634 140725534288790 140725534288790 140725534289889 0
/proc/18/statm: 40281 39435 1088 456 0 38442 0
Current children cumulated CPU time: 1178.78 s
Current children cumulated vsize: 178808 KiB
Current children cumulated memory: 170560 KiB

[startup+1242.3 s]
/proc/loadavg: 4.00 4.56 6.62 5/2729 18
/proc/meminfo: memFree=517545708/527542252 swapFree=33487080/33554428
[pid=16] ppid=13 vsize=17684 memory=12820 CPUtime=0.04 cores=0-13,112-125
/proc/16/stat : 16 (python3) S 13 16 0 0 -1 4194304 1899 0 96 0 3 1 0 0 20 0 1 0 53536021 18108416 3205 67087892480 4194304 7154137 140728087806464 0 0 0 0 16781312 2 1 0 0 17 2 0 0 8 0 0 9727432 11029816 35643392 140728087808823 140728087808941 140728087808941 140728087810023 0
/proc/16/statm: 4421 3205 1511 723 0 2063 0
[pid=18] ppid=16 vsize=210276 memory=207080 CPUtime=1238.59 cores=0-13,112-125
/proc/18/stat : 18 (bn4rust) R 16 16 0 0 -1 4194304 1542096 0 18 0 122560 1299 0 0 20 0 1 0 53536034 215322624 51770 67087892480 94367519907840 94367521774961 140725534281536 0 0 0 0 4096 1088 0 0 0 17 4 0 0 1 0 0 94367522033024 94367522079960 94367530303488 140725534288634 140725534288790 140725534288790 140725534289889 0
/proc/18/statm: 52569 51770 1088 456 0 50730 0
Current children cumulated CPU time: 1238.63 s
Current children cumulated vsize: 227960 KiB
Current children cumulated memory: 219900 KiB

[startup+1302.3 s]
/proc/loadavg: 3.40 4.29 6.40 4/2690 18
/proc/meminfo: memFree=517827080/527542252 swapFree=33487080/33554428
[pid=16] ppid=13 vsize=17684 memory=12820 CPUtime=0.04 cores=0-13,112-125
/proc/16/stat : 16 (python3) S 13 16 0 0 -1 4194304 1899 0 96 0 3 1 0 0 20 0 1 0 53536021 18108416 3205 67087892480 4194304 7154137 140728087806464 0 0 0 0 16781312 2 1 0 0 17 2 0 0 8 0 0 9727432 11029816 35643392 140728087808823 140728087808941 140728087808941 140728087810023 0
/proc/16/statm: 4421 3205 1511 723 0 2063 0
[pid=18] ppid=16 vsize=261484 memory=244140 CPUtime=1298.43 cores=0-13,112-125
/proc/18/stat : 18 (bn4rust) R 16 16 0 0 -1 4194304 1628758 0 18 0 128452 1391 0 0 20 0 1 0 53536034 267759616 61035 67087892480 94367519907840 94367521774961 140725534281536 0 0 0 0 4096 1088 0 0 0 17 4 0 0 1 0 0 94367522033024 94367522079960 94367530303488 140725534288634 140725534288790 140725534288790 140725534289889 0
/proc/18/statm: 65371 61035 1088 456 0 63532 0
Current children cumulated CPU time: 1298.47 s
Current children cumulated vsize: 279168 KiB
Current children cumulated memory: 256960 KiB

[startup+1362.3 s]
/proc/loadavg: 3.20 4.07 6.19 4/2690 18
/proc/meminfo: memFree=517426800/527542252 swapFree=33487080/33554428
[pid=16] ppid=13 vsize=17684 memory=12820 CPUtime=0.04 cores=0-13,112-125
/proc/16/stat : 16 (python3) S 13 16 0 0 -1 4194304 1899 0 96 0 3 1 0 0 20 0 1 0 53536021 18108416 3205 67087892480 4194304 7154137 140728087806464 0 0 0 0 16781312 2 1 0 0 17 2 0 0 8 0 0 9727432 11029816 35643392 140728087808823 140728087808941 140728087808941 140728087810023 0
/proc/16/statm: 4421 3205 1511 723 0 2063 0
[pid=18] ppid=16 vsize=210276 memory=203280 CPUtime=1358.24 cores=0-13,112-125
/proc/18/stat : 18 (bn4rust) R 16 16 0 0 -1 4194304 1707029 0 18 0 134348 1476 0 0 20 0 1 0 53536034 215322624 50820 67087892480 94367519907840 94367521774961 140725534281536 0 0 0 0 4096 1088 0 0 0 17 4 0 0 1 0 0 94367522033024 94367522079960 94367530303488 140725534288634 140725534288790 140725534288790 140725534289889 0
/proc/18/statm: 52569 50820 1088 456 0 50730 0
Current children cumulated CPU time: 1358.28 s
Current children cumulated vsize: 227960 KiB
Current children cumulated memory: 216100 KiB

[startup+1422.3 s]
/proc/loadavg: 3.07 3.87 5.98 4/2694 18
/proc/meminfo: memFree=515564144/527542252 swapFree=33487080/33554428
[pid=16] ppid=13 vsize=17684 memory=12820 CPUtime=0.04 cores=0-13,112-125
/proc/16/stat : 16 (python3) S 13 16 0 0 -1 4194304 1899 0 96 0 3 1 0 0 20 0 1 0 53536021 18108416 3205 67087892480 4194304 7154137 140728087806464 0 0 0 0 16781312 2 1 0 0 17 2 0 0 8 0 0 9727432 11029816 35643392 140728087808823 140728087808941 140728087808941 140728087810023 0
/proc/16/statm: 4421 3205 1511 723 0 2063 0
[pid=18] ppid=16 vsize=195944 memory=168348 CPUtime=1418.04 cores=0-13,112-125
/proc/18/stat : 18 (bn4rust) R 16 16 0 0 -1 4194304 1762746 0 18 0 140258 1546 0 0 20 0 1 0 53536034 200646656 42087 67087892480 94367519907840 94367521774961 140725534281536 0 0 0 0 4096 1088 0 0 0 17 4 0 0 1 0 0 94367522033024 94367522079960 94367530303488 140725534288634 140725534288790 140725534288790 140725534289889 0
/proc/18/statm: 48986 42087 1088 456 0 47147 0
Current children cumulated CPU time: 1418.08 s
Current children cumulated vsize: 213628 KiB
Current children cumulated memory: 181168 KiB

[startup+1482.3 s]
/proc/loadavg: 3.02 3.71 5.79 4/2691 18
/proc/meminfo: memFree=515502264/527542252 swapFree=33487080/33554428
[pid=16] ppid=13 vsize=17684 memory=12820 CPUtime=0.04 cores=0-13,112-125
/proc/16/stat : 16 (python3) S 13 16 0 0 -1 4194304 1899 0 96 0 3 1 0 0 20 0 1 0 53536021 18108416 3205 67087892480 4194304 7154137 140728087806464 0 0 0 0 16781312 2 1 0 0 17 2 0 0 8 0 0 9727432 11029816 35643392 140728087808823 140728087808941 140728087808941 140728087810023 0
/proc/16/statm: 4421 3205 1511 723 0 2063 0
[pid=18] ppid=16 vsize=353448 memory=337732 CPUtime=1477.84 cores=0-13,112-125
/proc/18/stat : 18 (bn4rust) R 16 16 0 0 -1 4194304 1857663 0 18 0 146148 1636 0 0 20 0 1 0 53536034 361930752 84433 67087892480 94367519907840 94367521774961 140725534281536 0 0 0 0 4096 1088 0 0 0 17 4 0 0 1 0 0 94367522033024 94367522079960 94367530303488 140725534288634 140725534288790 140725534288790 140725534289889 0
/proc/18/statm: 88362 84433 1088 456 0 86523 0
Current children cumulated CPU time: 1477.88 s
Current children cumulated vsize: 371132 KiB
Current children cumulated memory: 350552 KiB

[startup+1542.3 s]
/proc/loadavg: 3.01 3.58 5.62 4/2689 18
/proc/meminfo: memFree=515696368/527542252 swapFree=33487080/33554428
[pid=16] ppid=13 vsize=17684 memory=12820 CPUtime=0.04 cores=0-13,112-125
/proc/16/stat : 16 (python3) S 13 16 0 0 -1 4194304 1899 0 96 0 3 1 0 0 20 0 1 0 53536021 18108416 3205 67087892480 4194304 7154137 140728087806464 0 0 0 0 16781312 2 1 0 0 17 2 0 0 8 0 0 9727432 11029816 35643392 140728087808823 140728087808941 140728087808941 140728087810023 0
/proc/16/statm: 4421 3205 1511 723 0 2063 0
[pid=18] ppid=16 vsize=161124 memory=157928 CPUtime=1537.64 cores=0-13,112-125
/proc/18/stat : 18 (bn4rust) R 16 16 0 0 -1 4194304 1908869 0 18 0 152064 1700 0 0 20 0 1 0 53536034 164990976 39482 67087892480 94367519907840 94367521774961 140725534281536 0 0 0 0 4096 1088 0 0 0 17 4 0 0 1 0 0 94367522033024 94367522079960 94367530303488 140725534288634 140725534288790 140725534288790 140725534289889 0
/proc/18/statm: 40281 39482 1088 456 0 38442 0
Current children cumulated CPU time: 1537.68 s
Current children cumulated vsize: 178808 KiB
Current children cumulated memory: 170748 KiB

[startup+1602.3 s]
/proc/loadavg: 3.00 3.47 5.45 4/2686 18
/proc/meminfo: memFree=515872928/527542252 swapFree=33487080/33554428
[pid=16] ppid=13 vsize=17684 memory=12820 CPUtime=0.04 cores=0-13,112-125
/proc/16/stat : 16 (python3) S 13 16 0 0 -1 4194304 1899 0 96 0 3 1 0 0 20 0 1 0 53536021 18108416 3205 67087892480 4194304 7154137 140728087806464 0 0 0 0 16781312 2 1 0 0 17 2 0 0 8 0 0 9727432 11029816 35643392 140728087808823 140728087808941 140728087808941 140728087810023 0
/proc/16/statm: 4421 3205 1511 723 0 2063 0
[pid=18] ppid=16 vsize=153956 memory=150760 CPUtime=1597.44 cores=0-13,112-125
/proc/18/stat : 18 (bn4rust) R 16 16 0 0 -1 4194304 1988689 0 18 0 157950 1794 0 0 20 0 1 0 53536034 157650944 37690 67087892480 94367519907840 94367521774961 140725534281536 0 0 0 0 4096 1088 0 0 0 17 4 0 0 1 0 0 94367522033024 94367522079960 94367530303488 140725534288634 140725534288790 140725534288790 140725534289889 0
/proc/18/statm: 38489 37690 1088 456 0 36650 0
Current children cumulated CPU time: 1597.48 s
Current children cumulated vsize: 171640 KiB
Current children cumulated memory: 163580 KiB

[startup+1662.3 s]
/proc/loadavg: 3.00 3.38 5.29 4/2685 18
/proc/meminfo: memFree=515905608/527542252 swapFree=33487080/33554428
[pid=16] ppid=13 vsize=17684 memory=12820 CPUtime=0.04 cores=0-13,112-125
/proc/16/stat : 16 (python3) S 13 16 0 0 -1 4194304 1899 0 96 0 3 1 0 0 20 0 1 0 53536021 18108416 3205 67087892480 4194304 7154137 140728087806464 0 0 0 0 16781312 2 1 0 0 17 2 0 0 8 0 0 9727432 11029816 35643392 140728087808823 140728087808941 140728087808941 140728087810023 0
/proc/16/statm: 4421 3205 1511 723 0 2063 0
[pid=18] ppid=16 vsize=202084 memory=198888 CPUtime=1657.24 cores=0-13,112-125
/proc/18/stat : 18 (bn4rust) R 16 16 0 0 -1 4194304 2061119 0 18 0 163839 1885 0 0 20 0 1 0 53536034 206934016 49722 67087892480 94367519907840 94367521774961 140725534281536 0 0 0 0 4096 1088 0 0 0 17 4 0 0 1 0 0 94367522033024 94367522079960 94367530303488 140725534288634 140725534288790 140725534288790 140725534289889 0
/proc/18/statm: 50521 49722 1088 456 0 48682 0
Current children cumulated CPU time: 1657.28 s
Current children cumulated vsize: 219768 KiB
Current children cumulated memory: 211708 KiB

[startup+1722.3 s]
/proc/loadavg: 3.00 3.31 5.15 4/2689 18
/proc/meminfo: memFree=515808640/527542252 swapFree=33487080/33554428
[pid=16] ppid=13 vsize=17684 memory=12820 CPUtime=0.04 cores=0-13,112-125
/proc/16/stat : 16 (python3) S 13 16 0 0 -1 4194304 1899 0 96 0 3 1 0 0 20 0 1 0 53536021 18108416 3205 67087892480 4194304 7154137 140728087806464 0 0 0 0 16781312 2 1 0 0 17 2 0 0 8 0 0 9727432 11029816 35643392 140728087808823 140728087808941 140728087808941 140728087810023 0
/proc/16/statm: 4421 3205 1511 723 0 2063 0
[pid=18] ppid=16 vsize=265576 memory=260584 CPUtime=1717.05 cores=0-13,112-125
/proc/18/stat : 18 (bn4rust) R 16 16 0 0 -1 4194304 2162278 0 18 0 169717 1988 0 0 20 0 1 0 53536034 271949824 65146 67087892480 94367519907840 94367521774961 140725534281536 0 0 0 0 4096 1088 0 0 0 17 4 0 0 1 0 0 94367522033024 94367522079960 94367530303488 140725534288634 140725534288790 140725534288790 140725534289889 0
/proc/18/statm: 66394 65146 1088 456 0 64555 0
Current children cumulated CPU time: 1717.09 s
Current children cumulated vsize: 283260 KiB
Current children cumulated memory: 273404 KiB

[startup+1782.3 s]
/proc/loadavg: 3.00 3.25 5.01 4/2687 18
/proc/meminfo: memFree=517519640/527542252 swapFree=33487080/33554428
[pid=16] ppid=13 vsize=17684 memory=12820 CPUtime=0.04 cores=0-13,112-125
/proc/16/stat : 16 (python3) S 13 16 0 0 -1 4194304 1899 0 96 0 3 1 0 0 20 0 1 0 53536021 18108416 3205 67087892480 4194304 7154137 140728087806464 0 0 0 0 16781312 2 1 0 0 17 2 0 0 8 0 0 9727432 11029816 35643392 140728087808823 140728087808941 140728087808941 140728087810023 0
/proc/16/statm: 4421 3205 1511 723 0 2063 0
[pid=18] ppid=16 vsize=372084 memory=345924 CPUtime=1776.85 cores=0-13,112-125
/proc/18/stat : 18 (bn4rust) R 16 16 0 0 -1 4194304 2238358 0 18 0 175617 2068 0 0 20 0 1 0 53536034 381014016 86481 67087892480 94367519907840 94367521774961 140725534281536 0 0 0 0 4096 1088 0 0 0 17 4 0 0 1 0 0 94367522033024 94367522079960 94367530303488 140725534288634 140725534288790 140725534288790 140725534289889 0
/proc/18/statm: 93021 86481 1088 456 0 91182 0
Current children cumulated CPU time: 1776.89 s
Current children cumulated vsize: 389768 KiB
Current children cumulated memory: 358744 KiB



Maximum wall clock time exceeded: sending SIGTERM then SIGKILL

[startup+1800 s]*
/proc/loadavg: 3.00 3.23 4.97 4/2687 18
/proc/meminfo: memFree=517026088/527542252 swapFree=33487080/33554428
[pid=16] ppid=13 vsize=17684 memory=12820 CPUtime=0.04 cores=0-13,112-125
/proc/16/stat : 16 (python3) S 13 16 0 0 -1 4194304 1899 0 96 0 3 1 0 0 20 0 1 0 53536021 18108416 3205 67087892480 4194304 7154137 140728087806464 0 0 0 0 16781312 2 1 0 0 17 2 0 0 8 0 0 9727432 11029816 35643392 140728087808823 140728087808941 140728087808941 140728087810023 0
/proc/16/statm: 4421 3205 1511 723 0 2063 0
[pid=18] ppid=16 vsize=214372 memory=199184 CPUtime=1794.49 cores=0-13,112-125
/proc/18/stat : 18 (bn4rust) R 16 16 0 0 -1 4194304 2267530 0 18 0 177347 2102 0 0 20 0 1 0 53536034 219516928 49796 67087892480 94367519907840 94367521774961 140725534281536 0 0 0 0 4096 1088 0 0 0 17 4 0 0 1 0 0 94367522033024 94367522079960 94367530303488 140725534288634 140725534288790 140725534288790 140725534289889 0
/proc/18/statm: 53593 49796 1088 456 0 51754 0
Current children cumulated CPU time: 1794.53 s
Current children cumulated vsize: 232056 KiB
Current children cumulated memory: 212004 KiB

Sending SIGTERM to process tree (bottom up)
Sleeping 2 seconds

[startup+1800.01 s]
# the end of solver process 16 was just reported to runsolver
# cumulated CPU time of all completed processes:  user=1773.51 s, system=21.0439 s

Solver just ended.
??? end of watcher thread
Dumping a history of the last processes samples

Child ended because it received signal 15 (SIGTERM)
Real time (s): 1800.01
CPU time (s): 1794.56
CPU user time (s): 1773.51
CPU system time (s): 21.0439
CPU usage (%): 99.6972
Max. virtual memory (cumulated for all children) (KiB): 656012
Max. memory (cumulated for all children) (KiB): 594868

getrusage(RUSAGE_CHILDREN,...) data:
user time used= 1773.51
system time used= 21.0439
maximum resident set size= 610404
integral shared memory size= 0
integral unshared data size= 0
integral unshared stack size= 0
page reclaims= 2269430
page faults= 114
swaps= 0
block input operations= 19536
block output operations= 8
messages sent= 0
messages received= 0
signals received= 0
voluntary context switches= 1019
involuntary context switches= 1971


# summary of solver processes directly reported to runsolver:
#   pid: 16
#   total CPU time (s): 1794.56
#   total CPU user time (s): 1773.51
#   total CPU system time (s): 21.0439

??? join timestamper begins
??? join timestamper ends
??? end of timestamper thread
runsolver used 0.064553 second user time and 3.92787 second system time

The end
