runsolver version 3.4.1 (svn: 3018) Copyright (C) 2010-2013 Olivier ROUSSEL

This program is distributed in the hope that it will be useful,
but WITHOUT ANY WARRANTY; without even the implied warranty of
MERCHANTABILITY or FITNESS FOR A PARTICULAR PURPOSE.  See the
GNU General Public License for more details.

NUMA information:
  number of nodes: 8
  memory of node 0: 63700 MiB (61342 MiB free)
  memory of node 1: 64504 MiB (63372 MiB free)
  memory of node 2: 64504 MiB (61037 MiB free)
  memory of node 3: 64504 MiB (63552 MiB free)
  memory of node 4: 64504 MiB (63401 MiB free)
  memory of node 5: 64461 MiB (63181 MiB free)
  memory of node 6: 64504 MiB (63540 MiB free)
  memory of node 7: 64491 MiB (37227 MiB free)
  node distances:
     10  12  12  12  21  21  21  21
     12  10  12  12  21  21  21  21
     12  12  10  12  21  21  21  21
     12  12  12  10  21  21  21  21
     21  21  21  21  10  12  12  12
     21  21  21  21  12  10  12  12
     21  21  21  21  12  12  10  12
     21  21  21  21  12  12  12  10

command line: /usr/local/bin/runsolver --timestamp -w /output/runsolver-watch.log -v /output/runsolver-values.log -o /output/solver-output.log -C 1800.0 -W 1800.0 -R 64000 /opt/solver/run_bn4rust.py --mode cyber-complement-gfp --instance /input/model_016.bnet 

running on 28 cores: 49,51,53-55,161,163,165-167,187,75,90-97,202-209

Enforcing CPUTime limit (soft limit, will send SIGTERM then SIGKILL): 1800 seconds
Enforcing CPUTime limit (hard limit, will send SIGXCPU): 1830 seconds
Enforcing wall clock limit (soft limit, will send SIGTERM then SIGKILL): 1800 seconds
Enforcing RSS+Swap limit (soft limit, will send SIGTERM then SIGKILL): 65536000 KiB
Linux 4.18.0-553.159.1.el8_10.x86_64
Current StackSize limit: 18014398509481983 KiB

solver pid=16, runsolver pid=13

[startup+0.100197 s]*
/proc/loadavg: 42.62 42.03 48.86 46/2985 17
/proc/meminfo: memFree=488075892/527542200 swapFree=33551356/33554428
[pid=16] ppid=13 vsize=15800 memory=10040 CPUtime=0.02 cores=49,51,53-55,75,90-97,161,163,165-167,187,202-209
/proc/16/stat : 16 (python3) D 13 16 0 0 -1 4194304 1393 0 84 0 2 0 0 0 20 0 1 0 53234318 16179200 2510 67087892480 4194304 7154137 140727870887696 0 0 0 0 16781312 2 0 0 0 17 165 0 0 6 0 0 9727432 11029816 43077632 140727870888781 140727870888877 140727870888877 140727870889959 0
/proc/16/statm: 3950 2510 1376 723 0 1674 0
Current children cumulated CPU time: 0.02 s
Current children cumulated vsize: 15800 KiB
Current children cumulated memory: 10040 KiB

[startup+0.200737 s]*
/proc/loadavg: 42.62 42.03 48.86 47/2986 18
/proc/meminfo: memFree=488045164/527542200 swapFree=33551356/33554428
[pid=16] ppid=13 vsize=17684 memory=12348 CPUtime=0.03 cores=49,51,53-55,75,90-97,161,163,165-167,187,202-209
/proc/16/stat : 16 (python3) S 13 16 0 0 -1 4194304 1892 0 96 0 3 0 0 0 20 0 1 0 53234318 18108416 3087 67087892480 4194304 7154137 140727870887696 0 0 0 0 16781312 2 1 0 0 17 165 0 0 8 0 0 9727432 11029816 43077632 140727870888781 140727870888877 140727870888877 140727870889959 0
/proc/16/statm: 4421 3087 1494 723 0 2063 0
[pid=18] ppid=16 vsize=20252 memory=14180 CPUtime=0.03 cores=49,51,53-55,75,90-97,161,163,165-167,187,202-209
/proc/18/stat : 18 (bn4rust) R 16 16 0 0 -1 4194304 5926 0 18 0 3 0 0 0 20 0 1 0 53234331 20738048 3545 67087892480 94548962025472 94548963892593 140734115301248 0 0 0 0 4096 1088 0 0 0 17 167 0 0 1 0 0 94548964150656 94548964197592 94548985921536 140734115306256 140734115306390 140734115306390 140734115307489 0
/proc/18/statm: 5063 3545 1098 456 0 3224 0
Current children cumulated CPU time: 0.06 s
Current children cumulated vsize: 37936 KiB
Current children cumulated memory: 26528 KiB

[startup+0.300642 s]*
/proc/loadavg: 42.62 42.03 48.86 46/2986 18
/proc/meminfo: memFree=488033696/527542200 swapFree=33551356/33554428
[pid=16] ppid=13 vsize=17684 memory=12348 CPUtime=0.03 cores=49,51,53-55,75,90-97,161,163,165-167,187,202-209
/proc/16/stat : 16 (python3) S 13 16 0 0 -1 4194304 1892 0 96 0 3 0 0 0 20 0 1 0 53234318 18108416 3087 67087892480 4194304 7154137 140727870887696 0 0 0 0 16781312 2 1 0 0 17 165 0 0 8 0 0 9727432 11029816 43077632 140727870888781 140727870888877 140727870888877 140727870889959 0
/proc/16/statm: 4421 3087 1494 723 0 2063 0
[pid=18] ppid=16 vsize=24868 memory=21216 CPUtime=0.13 cores=49,51,53-55,75,90-97,161,163,165-167,187,202-209
/proc/18/stat : 18 (bn4rust) R 16 16 0 0 -1 4194304 9544 0 18 0 12 1 0 0 20 0 1 0 53234331 25464832 5304 67087892480 94548962025472 94548963892593 140734115301248 0 0 0 0 4096 1088 0 0 0 17 167 0 0 1 0 0 94548964150656 94548964197592 94548985921536 140734115306256 140734115306390 140734115306390 140734115307489 0
/proc/18/statm: 6217 5304 1098 456 0 4378 0
Current children cumulated CPU time: 0.16 s
Current children cumulated vsize: 42552 KiB
Current children cumulated memory: 33564 KiB

[startup+0.700318 s]
/proc/loadavg: 42.62 42.03 48.86 46/2986 18
/proc/meminfo: memFree=487972292/527542200 swapFree=33551356/33554428
[pid=16] ppid=13 vsize=17684 memory=12348 CPUtime=0.03 cores=49,51,53-55,75,90-97,161,163,165-167,187,202-209
/proc/16/stat : 16 (python3) S 13 16 0 0 -1 4194304 1892 0 96 0 3 0 0 0 20 0 1 0 53234318 18108416 3087 67087892480 4194304 7154137 140727870887696 0 0 0 0 16781312 2 1 0 0 17 165 0 0 8 0 0 9727432 11029816 43077632 140727870888781 140727870888877 140727870888877 140727870889959 0
/proc/16/statm: 4421 3087 1494 723 0 2063 0
[pid=18] ppid=16 vsize=141612 memory=137756 CPUtime=0.53 cores=49,51,53-55,75,90-97,161,163,165-167,187,202-209
/proc/18/stat : 18 (bn4rust) R 16 16 0 0 -1 4194304 15831 0 18 0 50 3 0 0 20 0 1 0 53234331 145010688 34439 67087892480 94548962025472 94548963892593 140734115301248 0 0 0 0 4096 1088 0 0 0 17 167 0 0 1 0 0 94548964150656 94548964197592 94548985921536 140734115306256 140734115306390 140734115306390 140734115307489 0
/proc/18/statm: 35403 34439 1098 456 0 33564 0
Current children cumulated CPU time: 0.56 s
Current children cumulated vsize: 159296 KiB
Current children cumulated memory: 150104 KiB

[startup+1.50037 s]
/proc/loadavg: 42.62 42.03 48.86 46/2986 18
/proc/meminfo: memFree=487963076/527542200 swapFree=33551356/33554428
[pid=16] ppid=13 vsize=17684 memory=12348 CPUtime=0.03 cores=49,51,53-55,75,90-97,161,163,165-167,187,202-209
/proc/16/stat : 16 (python3) S 13 16 0 0 -1 4194304 1892 0 96 0 3 0 0 0 20 0 1 0 53234318 18108416 3087 67087892480 4194304 7154137 140727870887696 0 0 0 0 16781312 2 1 0 0 17 165 0 0 8 0 0 9727432 11029816 43077632 140727870888781 140727870888877 140727870888877 140727870889959 0
/proc/16/statm: 4421 3087 1494 723 0 2063 0
[pid=18] ppid=16 vsize=142788 memory=127940 CPUtime=1.33 cores=49,51,53-55,75,90-97,161,163,165-167,187,202-209
/proc/18/stat : 18 (bn4rust) R 16 16 0 0 -1 4194304 23685 0 18 0 126 7 0 0 20 0 1 0 53234331 146214912 31985 67087892480 94548962025472 94548963892593 140734115301248 0 0 0 0 4096 1088 0 0 0 17 167 0 0 1 0 0 94548964150656 94548964197592 94548985921536 140734115306256 140734115306390 140734115306390 140734115307489 0
/proc/18/statm: 35697 31985 1098 456 0 33858 0
Current children cumulated CPU time: 1.36 s
Current children cumulated vsize: 160472 KiB
Current children cumulated memory: 140288 KiB

[startup+3.10058 s]
/proc/loadavg: 42.62 42.03 48.86 46/2985 18
/proc/meminfo: memFree=488025748/527542200 swapFree=33551356/33554428
[pid=16] ppid=13 vsize=17684 memory=12348 CPUtime=0.03 cores=49,51,53-55,75,90-97,161,163,165-167,187,202-209
/proc/16/stat : 16 (python3) S 13 16 0 0 -1 4194304 1892 0 96 0 3 0 0 0 20 0 1 0 53234318 18108416 3087 67087892480 4194304 7154137 140727870887696 0 0 0 0 16781312 2 1 0 0 17 165 0 0 8 0 0 9727432 11029816 43077632 140727870888781 140727870888877 140727870888877 140727870889959 0
/proc/16/statm: 4421 3087 1494 723 0 2063 0
[pid=18] ppid=16 vsize=129036 memory=107472 CPUtime=2.92 cores=49,51,53-55,75,90-97,161,163,165-167,187,202-209
/proc/18/stat : 18 (bn4rust) R 16 16 0 0 -1 4194304 30336 0 18 0 280 12 0 0 20 0 1 0 53234331 132132864 26868 67087892480 94548962025472 94548963892593 140734115301248 0 0 0 0 4096 1088 0 0 0 17 167 0 0 1 0 0 94548964150656 94548964197592 94548985921536 140734115306256 140734115306390 140734115306390 140734115307489 0
/proc/18/statm: 32259 26868 1098 456 0 30420 0
Current children cumulated CPU time: 2.95 s
Current children cumulated vsize: 146720 KiB
Current children cumulated memory: 119820 KiB

[startup+6.30031 s]
/proc/loadavg: 42.81 42.08 48.84 46/2985 18
/proc/meminfo: memFree=487662080/527542200 swapFree=33551356/33554428
[pid=16] ppid=13 vsize=17684 memory=12348 CPUtime=0.03 cores=49,51,53-55,75,90-97,161,163,165-167,187,202-209
/proc/16/stat : 16 (python3) S 13 16 0 0 -1 4194304 1892 0 96 0 3 0 0 0 20 0 1 0 53234318 18108416 3087 67087892480 4194304 7154137 140727870887696 0 0 0 0 16781312 2 1 0 0 17 165 0 0 8 0 0 9727432 11029816 43077632 140727870888781 140727870888877 140727870888877 140727870889959 0
/proc/16/statm: 4421 3087 1494 723 0 2063 0
[pid=18] ppid=16 vsize=350300 memory=310224 CPUtime=6.11 cores=49,51,53-55,75,90-97,161,163,165-167,187,202-209
/proc/18/stat : 18 (bn4rust) R 16 16 0 0 -1 4194304 48407 0 18 0 583 28 0 0 20 0 1 0 53234331 358707200 77556 67087892480 94548962025472 94548963892593 140734115301248 0 0 0 0 4096 1088 0 0 0 17 167 0 0 1 0 0 94548964150656 94548964197592 94548985921536 140734115306256 140734115306390 140734115306390 140734115307489 0
/proc/18/statm: 87575 77556 1098 456 0 85736 0
Current children cumulated CPU time: 6.14 s
Current children cumulated vsize: 367984 KiB
Current children cumulated memory: 322572 KiB

[startup+12.7003 s]
/proc/loadavg: 42.99 42.13 48.82 46/2985 18
/proc/meminfo: memFree=487694180/527542200 swapFree=33551356/33554428
[pid=16] ppid=13 vsize=17684 memory=12348 CPUtime=0.03 cores=49,51,53-55,75,90-97,161,163,165-167,187,202-209
/proc/16/stat : 16 (python3) S 13 16 0 0 -1 4194304 1892 0 96 0 3 0 0 0 20 0 1 0 53234318 18108416 3087 67087892480 4194304 7154137 140727870887696 0 0 0 0 16781312 2 1 0 0 17 165 0 0 8 0 0 9727432 11029816 43077632 140727870888781 140727870888877 140727870888877 140727870889959 0
/proc/16/statm: 4421 3087 1494 723 0 2063 0
[pid=18] ppid=16 vsize=481040 memory=389588 CPUtime=12.48 cores=49,51,53-55,75,90-97,161,163,165-167,187,202-209
/proc/18/stat : 18 (bn4rust) R 16 16 0 0 -1 4194304 62897 0 18 0 1201 47 0 0 20 0 1 0 53234331 492584960 97397 67087892480 94548962025472 94548963892593 140734115301248 0 0 0 0 4096 1088 0 0 0 17 167 0 0 1 0 0 94548964150656 94548964197592 94548985921536 140734115306256 140734115306390 140734115306390 140734115307489 0
/proc/18/statm: 120260 97397 1098 456 0 118421 0
Current children cumulated CPU time: 12.51 s
Current children cumulated vsize: 498724 KiB
Current children cumulated memory: 401936 KiB

[startup+25.5003 s]
/proc/loadavg: 43.43 42.27 48.76 46/2982 18
/proc/meminfo: memFree=487289496/527542200 swapFree=33551356/33554428
[pid=16] ppid=13 vsize=17684 memory=12348 CPUtime=0.03 cores=49,51,53-55,75,90-97,161,163,165-167,187,202-209
/proc/16/stat : 16 (python3) S 13 16 0 0 -1 4194304 1892 0 96 0 3 0 0 0 20 0 1 0 53234318 18108416 3087 67087892480 4194304 7154137 140727870887696 0 0 0 0 16781312 2 1 0 0 17 165 0 0 8 0 0 9727432 11029816 43077632 140727870888781 140727870888877 140727870888877 140727870889959 0
/proc/16/statm: 4421 3087 1494 723 0 2063 0
[pid=18] ppid=16 vsize=901096 memory=705356 CPUtime=25.23 cores=49,51,53-55,75,90-97,161,163,165-167,187,202-209
/proc/18/stat : 18 (bn4rust) R 16 16 0 0 -1 4194304 75669 0 18 0 2444 79 0 0 20 0 1 0 53234331 922722304 176339 67087892480 94548962025472 94548963892593 140734115301248 0 0 0 0 4096 1088 0 0 0 17 167 0 0 1 0 0 94548964150656 94548964197592 94548985921536 140734115306256 140734115306390 140734115306390 140734115307489 0
/proc/18/statm: 225274 176339 1098 456 0 223435 0
Current children cumulated CPU time: 25.26 s
Current children cumulated vsize: 918780 KiB
Current children cumulated memory: 717704 KiB

[startup+51.1006 s]
/proc/loadavg: 43.97 42.49 48.66 46/2984 18
/proc/meminfo: memFree=487488028/527542200 swapFree=33551356/33554428
[pid=16] ppid=13 vsize=17684 memory=12348 CPUtime=0.03 cores=49,51,53-55,75,90-97,161,163,165-167,187,202-209
/proc/16/stat : 16 (python3) S 13 16 0 0 -1 4194304 1892 0 96 0 3 0 0 0 20 0 1 0 53234318 18108416 3087 67087892480 4194304 7154137 140727870887696 0 0 0 0 16781312 2 1 0 0 17 165 0 0 8 0 0 9727432 11029816 43077632 140727870888781 140727870888877 140727870888877 140727870889959 0
/proc/16/statm: 4421 3087 1494 723 0 2063 0
[pid=18] ppid=16 vsize=480872 memory=391140 CPUtime=50.73 cores=49,51,53-55,75,90-97,161,163,165-167,187,202-209
/proc/18/stat : 18 (bn4rust) R 16 16 0 0 -1 4194304 101539 0 18 0 4923 150 0 0 20 0 1 0 53234331 492412928 97785 67087892480 94548962025472 94548963892593 140734115301248 0 0 0 0 4096 1088 0 0 0 17 167 0 0 1 0 0 94548964150656 94548964197592 94548985921536 140734115306256 140734115306390 140734115306390 140734115307489 0
/proc/18/statm: 120218 97785 1098 456 0 118379 0
Current children cumulated CPU time: 50.76 s
Current children cumulated vsize: 498556 KiB
Current children cumulated memory: 403488 KiB

[startup+102.3 s]
/proc/loadavg: 44.51 42.86 48.46 46/2987 18
/proc/meminfo: memFree=484777536/527542200 swapFree=33551356/33554428
[pid=16] ppid=13 vsize=17684 memory=12348 CPUtime=0.03 cores=49,51,53-55,75,90-97,161,163,165-167,187,202-209
/proc/16/stat : 16 (python3) S 13 16 0 0 -1 4194304 1892 0 96 0 3 0 0 0 20 0 1 0 53234318 18108416 3087 67087892480 4194304 7154137 140727870887696 0 0 0 0 16781312 2 1 0 0 17 165 0 0 8 0 0 9727432 11029816 43077632 140727870888781 140727870888877 140727870888877 140727870889959 0
/proc/16/statm: 4421 3087 1494 723 0 2063 0
[pid=18] ppid=16 vsize=439512 memory=354032 CPUtime=101.72 cores=49,51,53-55,75,90-97,161,163,165-167,187,202-209
/proc/18/stat : 18 (bn4rust) R 16 16 0 0 -1 4194304 185506 0 18 0 9876 296 0 0 20 0 1 0 53234331 450060288 88508 67087892480 94548962025472 94548963892593 140734115301248 0 0 0 0 4096 1088 0 0 0 17 167 0 0 1 0 0 94548964150656 94548964197592 94548985921536 140734115306256 140734115306390 140734115306390 140734115307489 0
/proc/18/statm: 109878 88508 1100 456 0 108039 0
Current children cumulated CPU time: 101.75 s
Current children cumulated vsize: 457196 KiB
Current children cumulated memory: 366380 KiB

[startup+162.3 s]
/proc/loadavg: 44.82 43.25 48.24 46/2988 18
/proc/meminfo: memFree=482079884/527542200 swapFree=33551356/33554428
[pid=16] ppid=13 vsize=17684 memory=12348 CPUtime=0.03 cores=49,51,53-55,75,90-97,161,163,165-167,187,202-209
/proc/16/stat : 16 (python3) S 13 16 0 0 -1 4194304 1892 0 96 0 3 0 0 0 20 0 1 0 53234318 18108416 3087 67087892480 4194304 7154137 140727870887696 0 0 0 0 16781312 2 1 0 0 17 165 0 0 8 0 0 9727432 11029816 43077632 140727870888781 140727870888877 140727870888877 140727870889959 0
/proc/16/statm: 4421 3087 1494 723 0 2063 0
[pid=18] ppid=16 vsize=146920 memory=141520 CPUtime=161.49 cores=49,51,53-55,75,90-97,161,163,165-167,187,202-209
/proc/18/stat : 18 (bn4rust) R 16 16 0 0 -1 4194304 289078 0 18 0 15682 467 0 0 20 0 1 0 53234331 150446080 35380 67087892480 94548962025472 94548963892593 140734115301248 0 0 0 0 4096 1088 0 0 0 17 167 0 0 1 0 0 94548964150656 94548964197592 94548985921536 140734115306256 140734115306390 140734115306390 140734115307489 0
/proc/18/statm: 36730 35380 1100 456 0 34891 0
Current children cumulated CPU time: 161.52 s
Current children cumulated vsize: 164604 KiB
Current children cumulated memory: 153868 KiB

[startup+222.3 s]
/proc/loadavg: 44.94 43.57 48.03 46/2987 18
/proc/meminfo: memFree=481908852/527542200 swapFree=33551356/33554428
[pid=16] ppid=13 vsize=17684 memory=12348 CPUtime=0.03 cores=49,51,53-55,75,90-97,161,163,165-167,187,202-209
/proc/16/stat : 16 (python3) S 13 16 0 0 -1 4194304 1892 0 96 0 3 0 0 0 20 0 1 0 53234318 18108416 3087 67087892480 4194304 7154137 140727870887696 0 0 0 0 16781312 2 1 0 0 17 165 0 0 8 0 0 9727432 11029816 43077632 140727870888781 140727870888877 140727870888877 140727870889959 0
/proc/16/statm: 4421 3087 1494 723 0 2063 0
[pid=18] ppid=16 vsize=114488 memory=96976 CPUtime=221.24 cores=49,51,53-55,75,90-97,161,163,165-167,187,202-209
/proc/18/stat : 18 (bn4rust) R 16 16 0 0 -1 4194304 386909 0 18 0 21496 628 0 0 20 0 1 0 53234331 117235712 24244 67087892480 94548962025472 94548963892593 140734115301248 0 0 0 0 4096 1088 0 0 0 17 167 0 0 1 0 0 94548964150656 94548964197592 94548985921536 140734115306256 140734115306390 140734115306390 140734115307489 0
/proc/18/statm: 28622 24244 1100 456 0 26783 0
Current children cumulated CPU time: 221.27 s
Current children cumulated vsize: 132172 KiB
Current children cumulated memory: 109324 KiB

[startup+282.3 s]
/proc/loadavg: 44.98 43.84 47.84 46/2982 18
/proc/meminfo: memFree=476459612/527542200 swapFree=33551356/33554428
[pid=16] ppid=13 vsize=17684 memory=12348 CPUtime=0.03 cores=49,51,53-55,75,90-97,161,163,165-167,187,202-209
/proc/16/stat : 16 (python3) S 13 16 0 0 -1 4194304 1893 0 96 0 3 0 0 0 20 0 1 0 53234318 18108416 3087 67087892480 4194304 7154137 140727870887696 0 0 0 0 16781312 2 1 0 0 17 165 0 0 8 0 0 9727432 11029816 43077632 140727870888781 140727870888877 140727870888877 140727870889959 0
/proc/16/statm: 4421 3087 1494 723 0 2063 0
[pid=18] ppid=16 vsize=421840 memory=391896 CPUtime=281 cores=49,51,53-55,75,90-97,161,163,165-167,187,202-209
/proc/18/stat : 18 (bn4rust) R 16 16 0 0 -1 4194304 493667 0 18 0 27295 805 0 0 20 0 1 0 53234331 431964160 97974 67087892480 94548962025472 94548963892593 140734115301248 0 0 0 0 4096 1088 0 0 0 17 167 0 0 1 0 0 94548964150656 94548964197592 94548985921536 140734115306256 140734115306390 140734115306390 140734115307489 0
/proc/18/statm: 105460 97974 1100 456 0 103621 0
Current children cumulated CPU time: 281.03 s
Current children cumulated vsize: 439524 KiB
Current children cumulated memory: 404244 KiB

[startup+342.3 s]
/proc/loadavg: 44.99 44.05 47.66 46/2971 18
/proc/meminfo: memFree=475316796/527542200 swapFree=33551356/33554428
[pid=16] ppid=13 vsize=17684 memory=12348 CPUtime=0.03 cores=49,51,53-55,75,90-97,161,163,165-167,187,202-209
/proc/16/stat : 16 (python3) S 13 16 0 0 -1 4194304 1893 0 96 0 3 0 0 0 20 0 1 0 53234318 18108416 3087 67087892480 4194304 7154137 140727870887696 0 0 0 0 16781312 2 1 0 0 17 165 0 0 8 0 0 9727432 11029816 43077632 140727870888781 140727870888877 140727870888877 140727870889959 0
/proc/16/statm: 4421 3087 1494 723 0 2063 0
[pid=18] ppid=16 vsize=886476 memory=677756 CPUtime=340.76 cores=49,51,53-55,75,90-97,161,163,165-167,187,202-209
/proc/18/stat : 18 (bn4rust) R 16 16 0 0 -1 4194304 592416 0 18 0 33099 977 0 0 20 0 1 0 53234331 907751424 169439 67087892480 94548962025472 94548963892593 140734115301248 0 0 0 0 4096 1088 0 0 0 17 167 0 0 1 0 0 94548964150656 94548964197592 94548985921536 140734115306256 140734115306390 140734115306390 140734115307489 0
/proc/18/statm: 221619 169439 1100 456 0 219780 0
Current children cumulated CPU time: 340.79 s
Current children cumulated vsize: 904160 KiB
Current children cumulated memory: 690104 KiB

[startup+402.3 s]
/proc/loadavg: 45.00 44.23 47.49 51/2971 18
/proc/meminfo: memFree=474202820/527542200 swapFree=33551356/33554428
[pid=16] ppid=13 vsize=17684 memory=12348 CPUtime=0.03 cores=49,51,53-55,75,90-97,161,163,165-167,187,202-209
/proc/16/stat : 16 (python3) S 13 16 0 0 -1 4194304 1893 0 96 0 3 0 0 0 20 0 1 0 53234318 18108416 3087 67087892480 4194304 7154137 140727870887696 0 0 0 0 16781312 2 1 0 0 17 165 0 0 8 0 0 9727432 11029816 43077632 140727870888781 140727870888877 140727870888877 140727870889959 0
/proc/16/statm: 4421 3087 1494 723 0 2063 0
[pid=18] ppid=16 vsize=1023508 memory=801444 CPUtime=400.52 cores=49,51,53-55,75,90-97,161,163,165-167,187,202-209
/proc/18/stat : 18 (bn4rust) R 16 16 0 0 -1 4194304 678870 0 18 0 38916 1136 0 0 20 0 1 0 53234331 1048072192 200361 67087892480 94548962025472 94548963892593 140734115301248 0 0 0 0 4096 1088 0 0 0 17 167 0 0 1 0 0 94548964150656 94548964197592 94548985921536 140734115306256 140734115306390 140734115306390 140734115307489 0
/proc/18/statm: 255877 200361 1100 456 0 254038 0
Current children cumulated CPU time: 400.55 s
Current children cumulated vsize: 1041192 KiB
Current children cumulated memory: 813792 KiB

[startup+462.3 s]
/proc/loadavg: 45.00 44.37 47.33 46/2971 18
/proc/meminfo: memFree=481396548/527542200 swapFree=33551356/33554428
[pid=16] ppid=13 vsize=17684 memory=12348 CPUtime=0.03 cores=49,51,53-55,75,90-97,161,163,165-167,187,202-209
/proc/16/stat : 16 (python3) S 13 16 0 0 -1 4194304 1893 0 96 0 3 0 0 0 20 0 1 0 53234318 18108416 3087 67087892480 4194304 7154137 140727870887696 0 0 0 0 16781312 2 1 0 0 17 165 0 0 8 0 0 9727432 11029816 43077632 140727870888781 140727870888877 140727870888877 140727870889959 0
/proc/16/statm: 4421 3087 1494 723 0 2063 0
[pid=18] ppid=16 vsize=931360 memory=743844 CPUtime=460.28 cores=49,51,53-55,75,90-97,161,163,165-167,187,202-209
/proc/18/stat : 18 (bn4rust) R 16 16 0 0 -1 4194304 761530 0 18 0 44734 1294 0 0 20 0 1 0 53234331 953712640 185961 67087892480 94548962025472 94548963892593 140734115301248 0 0 0 0 4096 1088 0 0 0 17 167 0 0 1 0 0 94548964150656 94548964197592 94548985921536 140734115306256 140734115306390 140734115306390 140734115307489 0
/proc/18/statm: 232840 185961 1100 456 0 231001 0
Current children cumulated CPU time: 460.31 s
Current children cumulated vsize: 949044 KiB
Current children cumulated memory: 756192 KiB

[startup+522.3 s]
/proc/loadavg: 45.00 44.49 47.18 46/2999 18
/proc/meminfo: memFree=465236384/527542200 swapFree=33551356/33554428
[pid=16] ppid=13 vsize=17684 memory=12348 CPUtime=0.03 cores=49,51,53-55,75,90-97,161,163,165-167,187,202-209
/proc/16/stat : 16 (python3) S 13 16 0 0 -1 4194304 1893 0 96 0 3 0 0 0 20 0 1 0 53234318 18108416 3087 67087892480 4194304 7154137 140727870887696 0 0 0 0 16781312 2 1 0 0 17 165 0 0 8 0 0 9727432 11029816 43077632 140727870888781 140727870888877 140727870888877 140727870889959 0
/proc/16/statm: 4421 3087 1494 723 0 2063 0
[pid=18] ppid=16 vsize=506800 memory=405392 CPUtime=520.03 cores=49,51,53-55,75,90-97,161,163,165-167,187,202-209
/proc/18/stat : 18 (bn4rust) R 16 16 0 0 -1 4194304 842307 0 18 0 50558 1445 0 0 20 0 1 0 53234331 518963200 101348 67087892480 94548962025472 94548963892593 140734115301248 0 0 0 0 4096 1088 0 0 0 17 55 0 0 1 0 0 94548964150656 94548964197592 94548985921536 140734115306256 140734115306390 140734115306390 140734115307489 0
/proc/18/statm: 126700 101348 1100 456 0 124861 0
Current children cumulated CPU time: 520.06 s
Current children cumulated vsize: 524484 KiB
Current children cumulated memory: 417740 KiB

[startup+582.3 s]
/proc/loadavg: 45.00 44.58 47.04 46/3001 18
/proc/meminfo: memFree=462773292/527542200 swapFree=33551356/33554428
[pid=16] ppid=13 vsize=17684 memory=12348 CPUtime=0.03 cores=49,51,53-55,75,90-97,161,163,165-167,187,202-209
/proc/16/stat : 16 (python3) S 13 16 0 0 -1 4194304 1893 0 96 0 3 0 0 0 20 0 1 0 53234318 18108416 3087 67087892480 4194304 7154137 140727870887696 0 0 0 0 16781312 2 1 0 0 17 165 0 0 8 0 0 9727432 11029816 43077632 140727870888781 140727870888877 140727870888877 140727870889959 0
/proc/16/statm: 4421 3087 1494 723 0 2063 0
[pid=18] ppid=16 vsize=270636 memory=232256 CPUtime=579.77 cores=49,51,53-55,75,90-97,161,163,165-167,187,202-209
/proc/18/stat : 18 (bn4rust) R 16 16 0 0 -1 4194304 909281 0 18 0 56399 1578 0 0 20 0 1 0 53234331 277131264 58064 67087892480 94548962025472 94548963892593 140734115301248 0 0 0 0 4096 1088 0 0 0 17 55 0 0 1 0 0 94548964150656 94548964197592 94548985921536 140734115306256 140734115306390 140734115306390 140734115307489 0
/proc/18/statm: 67659 58064 1100 456 0 65820 0
Current children cumulated CPU time: 579.8 s
Current children cumulated vsize: 288320 KiB
Current children cumulated memory: 244604 KiB

[startup+642.3 s]
/proc/loadavg: 45.00 44.66 46.91 46/2995 18
/proc/meminfo: memFree=463868488/527542200 swapFree=33551356/33554428
[pid=16] ppid=13 vsize=17684 memory=12348 CPUtime=0.03 cores=49,51,53-55,75,90-97,161,163,165-167,187,202-209
/proc/16/stat : 16 (python3) S 13 16 0 0 -1 4194304 1893 0 96 0 3 0 0 0 20 0 1 0 53234318 18108416 3087 67087892480 4194304 7154137 140727870887696 0 0 0 0 16781312 2 1 0 0 17 165 0 0 8 0 0 9727432 11029816 43077632 140727870888781 140727870888877 140727870888877 140727870889959 0
/proc/16/statm: 4421 3087 1494 723 0 2063 0
[pid=18] ppid=16 vsize=248900 memory=235744 CPUtime=639.52 cores=49,51,53-55,75,90-97,161,163,165-167,187,202-209
/proc/18/stat : 18 (bn4rust) R 16 16 0 0 -1 4194304 974493 0 18 0 62215 1737 0 0 20 0 1 0 53234331 254873600 58936 67087892480 94548962025472 94548963892593 140734115301248 0 0 0 0 4096 1088 0 0 0 17 55 0 0 1 0 0 94548964150656 94548964197592 94548985921536 140734115306256 140734115306390 140734115306390 140734115307489 0
/proc/18/statm: 62225 58936 1100 456 0 60386 0
Current children cumulated CPU time: 639.55 s
Current children cumulated vsize: 266584 KiB
Current children cumulated memory: 248092 KiB

[startup+702.3 s]
/proc/loadavg: 45.07 44.74 46.80 46/2993 18
/proc/meminfo: memFree=462198928/527542200 swapFree=33551356/33554428
[pid=16] ppid=13 vsize=17684 memory=12348 CPUtime=0.03 cores=49,51,53-55,75,90-97,161,163,165-167,187,202-209
/proc/16/stat : 16 (python3) S 13 16 0 0 -1 4194304 1893 0 96 0 3 0 0 0 20 0 1 0 53234318 18108416 3087 67087892480 4194304 7154137 140727870887696 0 0 0 0 16781312 2 1 0 0 17 165 0 0 8 0 0 9727432 11029816 43077632 140727870888781 140727870888877 140727870888877 140727870889959 0
/proc/16/statm: 4421 3087 1494 723 0 2063 0
[pid=18] ppid=16 vsize=890096 memory=744064 CPUtime=699.26 cores=49,51,53-55,75,90-97,161,163,165-167,187,202-209
/proc/18/stat : 18 (bn4rust) R 16 16 0 0 -1 4194304 1049213 0 18 0 68065 1861 0 0 20 0 1 0 53234331 911458304 186016 67087892480 94548962025472 94548963892593 140734115301248 0 0 0 0 4096 1088 0 0 0 17 55 0 0 1 0 0 94548964150656 94548964197592 94548985921536 140734115306256 140734115306390 140734115306390 140734115307489 0
/proc/18/statm: 222524 186016 1100 456 0 220685 0
Current children cumulated CPU time: 699.29 s
Current children cumulated vsize: 907780 KiB
Current children cumulated memory: 756412 KiB

[startup+762.3 s]
/proc/loadavg: 45.02 44.79 46.68 46/2991 18
/proc/meminfo: memFree=459832248/527542200 swapFree=33551356/33554428
[pid=16] ppid=13 vsize=17684 memory=12348 CPUtime=0.03 cores=49,51,53-55,75,90-97,161,163,165-167,187,202-209
/proc/16/stat : 16 (python3) S 13 16 0 0 -1 4194304 1893 0 96 0 3 0 0 0 20 0 1 0 53234318 18108416 3087 67087892480 4194304 7154137 140727870887696 0 0 0 0 16781312 2 1 0 0 17 165 0 0 8 0 0 9727432 11029816 43077632 140727870888781 140727870888877 140727870888877 140727870889959 0
/proc/16/statm: 4421 3087 1494 723 0 2063 0
[pid=18] ppid=16 vsize=185224 memory=175056 CPUtime=759.01 cores=49,51,53-55,75,90-97,161,163,165-167,187,202-209
/proc/18/stat : 18 (bn4rust) R 16 16 0 0 -1 4194304 1104302 0 18 0 73928 1973 0 0 20 0 1 0 53234331 189669376 43764 67087892480 94548962025472 94548963892593 140734115301248 0 0 0 0 4096 1088 0 0 0 17 55 0 0 1 0 0 94548964150656 94548964197592 94548985921536 140734115306256 140734115306390 140734115306390 140734115307489 0
/proc/18/statm: 46306 43764 1100 456 0 44467 0
Current children cumulated CPU time: 759.04 s
Current children cumulated vsize: 202908 KiB
Current children cumulated memory: 187404 KiB

[startup+822.3 s]
/proc/loadavg: 45.01 44.83 46.57 46/2990 18
/proc/meminfo: memFree=441976712/527542200 swapFree=33551356/33554428
[pid=16] ppid=13 vsize=17684 memory=12348 CPUtime=0.03 cores=49,51,53-55,75,90-97,161,163,165-167,187,202-209
/proc/16/stat : 16 (python3) S 13 16 0 0 -1 4194304 1893 0 96 0 3 0 0 0 20 0 1 0 53234318 18108416 3087 67087892480 4194304 7154137 140727870887696 0 0 0 0 16781312 2 1 0 0 17 165 0 0 8 0 0 9727432 11029816 43077632 140727870888781 140727870888877 140727870888877 140727870889959 0
/proc/16/statm: 4421 3087 1494 723 0 2063 0
[pid=18] ppid=16 vsize=620708 memory=497896 CPUtime=818.76 cores=49,51,53-55,75,90-97,161,163,165-167,187,202-209
/proc/18/stat : 18 (bn4rust) R 16 16 0 0 -1 4194304 1176023 0 18 0 79769 2107 0 0 20 0 1 0 53234331 635604992 124474 67087892480 94548962025472 94548963892593 140734115301248 0 0 0 0 4096 1088 0 0 0 17 55 0 0 1 0 0 94548964150656 94548964197592 94548985921536 140734115306256 140734115306390 140734115306390 140734115307489 0
/proc/18/statm: 155177 124474 1100 456 0 153338 0
Current children cumulated CPU time: 818.79 s
Current children cumulated vsize: 638392 KiB
Current children cumulated memory: 510244 KiB

[startup+882.3 s]
/proc/loadavg: 45.00 44.87 46.47 46/2990 18
/proc/meminfo: memFree=441551712/527542200 swapFree=33551356/33554428
[pid=16] ppid=13 vsize=17684 memory=12348 CPUtime=0.03 cores=49,51,53-55,75,90-97,161,163,165-167,187,202-209
/proc/16/stat : 16 (python3) S 13 16 0 0 -1 4194304 1893 0 96 0 3 0 0 0 20 0 1 0 53234318 18108416 3087 67087892480 4194304 7154137 140727870887696 0 0 0 0 16781312 2 1 0 0 17 165 0 0 8 0 0 9727432 11029816 43077632 140727870888781 140727870888877 140727870888877 140727870889959 0
/proc/16/statm: 4421 3087 1494 723 0 2063 0
[pid=18] ppid=16 vsize=344812 memory=309040 CPUtime=878.53 cores=49,51,53-55,75,90-97,161,163,165-167,187,202-209
/proc/18/stat : 18 (bn4rust) R 16 16 0 0 -1 4194304 1224182 0 18 0 85607 2246 0 0 20 0 1 0 53234331 353087488 77260 67087892480 94548962025472 94548963892593 140734115301248 0 0 0 0 4096 1088 0 0 0 17 55 0 0 1 0 0 94548964150656 94548964197592 94548985921536 140734115306256 140734115306390 140734115306390 140734115307489 0
/proc/18/statm: 86203 77260 1100 456 0 84364 0
Current children cumulated CPU time: 878.56 s
Current children cumulated vsize: 362496 KiB
Current children cumulated memory: 321388 KiB

[startup+942.3 s]
/proc/loadavg: 45.00 44.89 46.38 46/2989 18
/proc/meminfo: memFree=438769332/527542200 swapFree=33551356/33554428
[pid=16] ppid=13 vsize=17684 memory=12348 CPUtime=0.03 cores=49,51,53-55,75,90-97,161,163,165-167,187,202-209
/proc/16/stat : 16 (python3) S 13 16 0 0 -1 4194304 1893 0 96 0 3 0 0 0 20 0 1 0 53234318 18108416 3087 67087892480 4194304 7154137 140727870887696 0 0 0 0 16781312 2 1 0 0 17 165 0 0 8 0 0 9727432 11029816 43077632 140727870888781 140727870888877 140727870888877 140727870889959 0
/proc/16/statm: 4421 3087 1494 723 0 2063 0
[pid=18] ppid=16 vsize=533464 memory=502192 CPUtime=938.29 cores=49,51,53-55,75,90-97,161,163,165-167,187,202-209
/proc/18/stat : 18 (bn4rust) R 16 16 0 0 -1 4194304 1304906 0 18 0 91492 2337 0 0 20 0 1 0 53234331 546267136 125548 67087892480 94548962025472 94548963892593 140734115301248 0 0 0 0 4096 1088 0 0 0 17 55 0 0 1 0 0 94548964150656 94548964197592 94548985921536 140734115306256 140734115306390 140734115306390 140734115307489 0
/proc/18/statm: 133366 125548 1100 456 0 131527 0
Current children cumulated CPU time: 938.32 s
Current children cumulated vsize: 551148 KiB
Current children cumulated memory: 514540 KiB

[startup+1002.3 s]
/proc/loadavg: 45.00 44.91 46.29 46/2989 18
/proc/meminfo: memFree=441650768/527542200 swapFree=33551356/33554428
[pid=16] ppid=13 vsize=17684 memory=12348 CPUtime=0.03 cores=49,51,53-55,75,90-97,161,163,165-167,187,202-209
/proc/16/stat : 16 (python3) S 13 16 0 0 -1 4194304 1893 0 96 0 3 0 0 0 20 0 1 0 53234318 18108416 3087 67087892480 4194304 7154137 140727870887696 0 0 0 0 16781312 2 1 0 0 17 165 0 0 8 0 0 9727432 11029816 43077632 140727870888781 140727870888877 140727870888877 140727870889959 0
/proc/16/statm: 4421 3087 1494 723 0 2063 0
[pid=18] ppid=16 vsize=828376 memory=793232 CPUtime=998.06 cores=49,51,53-55,75,90-97,161,163,165-167,187,202-209
/proc/18/stat : 18 (bn4rust) R 16 16 0 0 -1 4194304 1345604 0 18 0 97341 2465 0 0 20 0 1 0 53234331 848257024 198308 67087892480 94548962025472 94548963892593 140734115301248 0 0 0 0 4096 1088 0 0 0 17 55 0 0 1 0 0 94548964150656 94548964197592 94548985921536 140734115306256 140734115306390 140734115306390 140734115307489 0
/proc/18/statm: 207094 198308 1100 456 0 205255 0
Current children cumulated CPU time: 998.09 s
Current children cumulated vsize: 846060 KiB
Current children cumulated memory: 805580 KiB

[startup+1062.3 s]
/proc/loadavg: 45.03 44.95 46.21 46/2989 18
/proc/meminfo: memFree=439205216/527542200 swapFree=33551356/33554428
[pid=16] ppid=13 vsize=17684 memory=12348 CPUtime=0.03 cores=49,51,53-55,75,90-97,161,163,165-167,187,202-209
/proc/16/stat : 16 (python3) S 13 16 0 0 -1 4194304 1893 0 96 0 3 0 0 0 20 0 1 0 53234318 18108416 3087 67087892480 4194304 7154137 140727870887696 0 0 0 0 16781312 2 1 0 0 17 165 0 0 8 0 0 9727432 11029816 43077632 140727870888781 140727870888877 140727870888877 140727870889959 0
/proc/16/statm: 4421 3087 1494 723 0 2063 0
[pid=18] ppid=16 vsize=1220568 memory=966792 CPUtime=1057.83 cores=49,51,53-55,75,90-97,161,163,165-167,187,202-209
/proc/18/stat : 18 (bn4rust) R 16 16 0 0 -1 4194304 1376716 0 18 0 103183 2600 0 0 20 0 1 0 53234331 1249861632 241698 67087892480 94548962025472 94548963892593 140734115301248 0 0 0 0 4096 1088 0 0 0 17 55 0 0 1 0 0 94548964150656 94548964197592 94548985921536 140734115306256 140734115306390 140734115306390 140734115307489 0
/proc/18/statm: 305142 241698 1100 456 0 303303 0
Current children cumulated CPU time: 1057.86 s
Current children cumulated vsize: 1238252 KiB
Current children cumulated memory: 979140 KiB

[startup+1122.3 s]
/proc/loadavg: 45.01 44.96 46.13 46/2989 18
/proc/meminfo: memFree=436869648/527542200 swapFree=33551356/33554428
[pid=16] ppid=13 vsize=17684 memory=12348 CPUtime=0.03 cores=49,51,53-55,75,90-97,161,163,165-167,187,202-209
/proc/16/stat : 16 (python3) S 13 16 0 0 -1 4194304 1893 0 96 0 3 0 0 0 20 0 1 0 53234318 18108416 3087 67087892480 4194304 7154137 140727870887696 0 0 0 0 16781312 2 1 0 0 17 165 0 0 8 0 0 9727432 11029816 43077632 140727870888781 140727870888877 140727870888877 140727870889959 0
/proc/16/statm: 4421 3087 1494 723 0 2063 0
[pid=18] ppid=16 vsize=244448 memory=218272 CPUtime=1117.59 cores=49,51,53-55,75,90-97,161,163,165-167,187,202-209
/proc/18/stat : 18 (bn4rust) R 16 16 0 0 -1 4194304 1413476 0 18 0 109077 2682 0 0 20 0 1 0 53234331 250314752 54568 67087892480 94548962025472 94548963892593 140734115301248 0 0 0 0 4096 1088 0 0 0 17 55 0 0 1 0 0 94548964150656 94548964197592 94548985921536 140734115306256 140734115306390 140734115306390 140734115307489 0
/proc/18/statm: 61112 54568 1100 456 0 59273 0
Current children cumulated CPU time: 1117.62 s
Current children cumulated vsize: 262132 KiB
Current children cumulated memory: 230620 KiB

[startup+1182.3 s]
/proc/loadavg: 45.00 44.97 46.06 46/2988 18
/proc/meminfo: memFree=434617832/527542200 swapFree=33551356/33554428
[pid=16] ppid=13 vsize=17684 memory=12348 CPUtime=0.03 cores=49,51,53-55,75,90-97,161,163,165-167,187,202-209
/proc/16/stat : 16 (python3) S 13 16 0 0 -1 4194304 1893 0 96 0 3 0 0 0 20 0 1 0 53234318 18108416 3087 67087892480 4194304 7154137 140727870887696 0 0 0 0 16781312 2 1 0 0 17 165 0 0 8 0 0 9727432 11029816 43077632 140727870888781 140727870888877 140727870888877 140727870889959 0
/proc/16/statm: 4421 3087 1494 723 0 2063 0
[pid=18] ppid=16 vsize=587008 memory=475152 CPUtime=1177.32 cores=49,51,53-55,75,90-97,161,163,165-167,187,202-209
/proc/18/stat : 18 (bn4rust) R 16 16 0 0 -1 4194304 1508579 0 18 0 114921 2811 0 0 20 0 1 0 53234331 601096192 118788 67087892480 94548962025472 94548963892593 140734115301248 0 0 0 0 4096 1088 0 0 0 17 55 0 0 1 0 0 94548964150656 94548964197592 94548985921536 140734115306256 140734115306390 140734115306390 140734115307489 0
/proc/18/statm: 146752 118788 1100 456 0 144913 0
Current children cumulated CPU time: 1177.35 s
Current children cumulated vsize: 604692 KiB
Current children cumulated memory: 487500 KiB

[startup+1242.3 s]
/proc/loadavg: 45.00 44.98 45.99 46/2990 18
/proc/meminfo: memFree=432244088/527542200 swapFree=33551356/33554428
[pid=16] ppid=13 vsize=17684 memory=12348 CPUtime=0.03 cores=49,51,53-55,75,90-97,161,163,165-167,187,202-209
/proc/16/stat : 16 (python3) S 13 16 0 0 -1 4194304 1893 0 96 0 3 0 0 0 20 0 1 0 53234318 18108416 3087 67087892480 4194304 7154137 140727870887696 0 0 0 0 16781312 2 1 0 0 17 165 0 0 8 0 0 9727432 11029816 43077632 140727870888781 140727870888877 140727870888877 140727870889959 0
/proc/16/statm: 4421 3087 1494 723 0 2063 0
[pid=18] ppid=16 vsize=1033480 memory=814500 CPUtime=1237.07 cores=49,51,53-55,75,90-97,161,163,165-167,187,202-209
/proc/18/stat : 18 (bn4rust) R 16 16 0 0 -1 4194304 1591223 0 18 0 120757 2950 0 0 20 0 1 0 53234331 1058283520 203625 67087892480 94548962025472 94548963892593 140734115301248 0 0 0 0 4096 1088 0 0 0 17 55 0 0 1 0 0 94548964150656 94548964197592 94548985921536 140734115306256 140734115306390 140734115306390 140734115307489 0
/proc/18/statm: 258370 203625 1100 456 0 256531 0
Current children cumulated CPU time: 1237.1 s
Current children cumulated vsize: 1051164 KiB
Current children cumulated memory: 826848 KiB

[startup+1302.3 s]
/proc/loadavg: 45.08 45.00 45.93 50/3035 18
/proc/meminfo: memFree=473687368/527542200 swapFree=33551356/33554428
[pid=16] ppid=13 vsize=17684 memory=12348 CPUtime=0.03 cores=49,51,53-55,75,90-97,161,163,165-167,187,202-209
/proc/16/stat : 16 (python3) S 13 16 0 0 -1 4194304 1893 0 96 0 3 0 0 0 20 0 1 0 53234318 18108416 3087 67087892480 4194304 7154137 140727870887696 0 0 0 0 16781312 2 1 0 0 17 165 0 0 8 0 0 9727432 11029816 43077632 140727870888781 140727870888877 140727870888877 140727870889959 0
/proc/16/statm: 4421 3087 1494 723 0 2063 0
[pid=18] ppid=16 vsize=1026664 memory=814496 CPUtime=1296.81 cores=49,51,53-55,75,90-97,161,163,165-167,187,202-209
/proc/18/stat : 18 (bn4rust) R 16 16 0 0 -1 4194304 1644312 0 18 0 126596 3085 0 0 20 0 1 0 53234331 1051303936 203624 67087892480 94548962025472 94548963892593 140734115301248 0 0 0 0 4096 1088 0 0 0 17 55 0 0 1 0 0 94548964150656 94548964197592 94548985921536 140734115306256 140734115306390 140734115306390 140734115307489 0
/proc/18/statm: 256666 203624 1100 456 0 254827 0
Current children cumulated CPU time: 1296.84 s
Current children cumulated vsize: 1044348 KiB
Current children cumulated memory: 826844 KiB

[startup+1362.3 s]
/proc/loadavg: 51.25 46.83 46.50 54/3279 18
/proc/meminfo: memFree=456544460/527542200 swapFree=33551356/33554428
[pid=16] ppid=13 vsize=17684 memory=12348 CPUtime=0.03 cores=49,51,53-55,75,90-97,161,163,165-167,187,202-209
/proc/16/stat : 16 (python3) S 13 16 0 0 -1 4194304 1893 0 96 0 3 0 0 0 20 0 1 0 53234318 18108416 3087 67087892480 4194304 7154137 140727870887696 0 0 0 0 16781312 2 1 0 0 17 165 0 0 8 0 0 9727432 11029816 43077632 140727870888781 140727870888877 140727870888877 140727870889959 0
/proc/16/statm: 4421 3087 1494 723 0 2063 0
[pid=18] ppid=16 vsize=1566156 memory=1337948 CPUtime=1356.53 cores=49,51,53-55,75,90-97,161,163,165-167,187,202-209
/proc/18/stat : 18 (bn4rust) R 16 16 0 0 -1 4194304 1687951 0 18 0 132417 3236 0 0 20 0 1 0 53234331 1603743744 334487 67087892480 94548962025472 94548963892593 140734115301248 0 0 0 0 4096 1088 0 0 0 17 167 0 0 1 0 0 94548964150656 94548964197592 94548985921536 140734115306256 140734115306390 140734115306390 140734115307489 0
/proc/18/statm: 391539 334487 1100 456 0 389700 0
Current children cumulated CPU time: 1356.56 s
Current children cumulated vsize: 1583840 KiB
Current children cumulated memory: 1350296 KiB

[startup+1422.3 s]
/proc/loadavg: 53.40 48.13 46.97 53/3332 18
/proc/meminfo: memFree=457495024/527542200 swapFree=33551356/33554428
[pid=16] ppid=13 vsize=17684 memory=12348 CPUtime=0.03 cores=49,51,53-55,75,90-97,161,163,165-167,187,202-209
/proc/16/stat : 16 (python3) S 13 16 0 0 -1 4194304 1893 0 96 0 3 0 0 0 20 0 1 0 53234318 18108416 3087 67087892480 4194304 7154137 140727870887696 0 0 0 0 16781312 2 1 0 0 17 165 0 0 8 0 0 9727432 11029816 43077632 140727870888781 140727870888877 140727870888877 140727870889959 0
/proc/16/statm: 4421 3087 1494 723 0 2063 0
[pid=18] ppid=16 vsize=523836 memory=405436 CPUtime=1416.25 cores=49,51,53-55,75,90-97,161,163,165-167,187,202-209
/proc/18/stat : 18 (bn4rust) R 16 16 0 0 -1 4194304 1748460 0 18 0 138257 3368 0 0 20 0 1 0 53234331 536408064 101359 67087892480 94548962025472 94548963892593 140734115301248 0 0 0 0 4096 1088 0 0 0 17 167 0 0 1 0 0 94548964150656 94548964197592 94548985921536 140734115306256 140734115306390 140734115306390 140734115307489 0
/proc/18/statm: 130959 101359 1100 456 0 129120 0
Current children cumulated CPU time: 1416.28 s
Current children cumulated vsize: 541520 KiB
Current children cumulated memory: 417784 KiB

[startup+1482.3 s]
/proc/loadavg: 49.59 48.11 47.04 45/2981 18
/proc/meminfo: memFree=475097324/527542200 swapFree=33551356/33554428
[pid=16] ppid=13 vsize=17684 memory=12348 CPUtime=0.03 cores=49,51,53-55,75,90-97,161,163,165-167,187,202-209
/proc/16/stat : 16 (python3) S 13 16 0 0 -1 4194304 1893 0 96 0 3 0 0 0 20 0 1 0 53234318 18108416 3087 67087892480 4194304 7154137 140727870887696 0 0 0 0 16781312 2 1 0 0 17 165 0 0 8 0 0 9727432 11029816 43077632 140727870888781 140727870888877 140727870888877 140727870889959 0
/proc/16/statm: 4421 3087 1494 723 0 2063 0
[pid=18] ppid=16 vsize=384280 memory=100104 CPUtime=1475.98 cores=49,51,53-55,75,90-97,161,163,165-167,187,202-209
/proc/18/stat : 18 (bn4rust) R 16 16 0 0 -1 4194304 1878336 0 18 0 144061 3537 0 0 20 0 1 0 53234331 393502720 25026 67087892480 94548962025472 94548963892593 140734115301248 0 0 0 0 4096 1088 0 0 0 17 167 0 0 1 0 0 94548964150656 94548964197592 94548985921536 140734115306256 140734115306390 140734115306390 140734115307489 0
/proc/18/statm: 96070 25026 1100 456 0 94231 0
Current children cumulated CPU time: 1476.01 s
Current children cumulated vsize: 401964 KiB
Current children cumulated memory: 112452 KiB

[startup+1542.3 s]
/proc/loadavg: 46.50 47.46 46.88 52/3003 18
/proc/meminfo: memFree=474813408/527542200 swapFree=33551356/33554428
[pid=16] ppid=13 vsize=17684 memory=12348 CPUtime=0.04 cores=49,51,53-55,75,90-97,161,163,165-167,187,202-209
/proc/16/stat : 16 (python3) S 13 16 0 0 -1 4194304 1893 0 96 0 4 0 0 0 20 0 1 0 53234318 18108416 3087 67087892480 4194304 7154137 140727870887696 0 0 0 0 16781312 2 1 0 0 17 165 0 0 8 0 0 9727432 11029816 43077632 140727870888781 140727870888877 140727870888877 140727870889959 0
/proc/16/statm: 4421 3087 1494 723 0 2063 0
[pid=18] ppid=16 vsize=451856 memory=421004 CPUtime=1535.72 cores=49,51,53-55,75,90-97,161,163,165-167,187,202-209
/proc/18/stat : 18 (bn4rust) R 16 16 0 0 -1 4194304 2013539 0 18 0 149866 3706 0 0 20 0 1 0 53234331 462700544 105251 67087892480 94548962025472 94548963892593 140734115301248 0 0 0 0 4096 1088 0 0 0 17 167 0 0 1 0 0 94548964150656 94548964197592 94548985921536 140734115306256 140734115306390 140734115306390 140734115307489 0
/proc/18/statm: 112964 105251 1100 456 0 111125 0
Current children cumulated CPU time: 1535.76 s
Current children cumulated vsize: 469540 KiB
Current children cumulated memory: 433352 KiB

[startup+1602.3 s]
/proc/loadavg: 45.58 47.02 46.76 46/3003 18
/proc/meminfo: memFree=474850020/527542200 swapFree=33551356/33554428
[pid=16] ppid=13 vsize=17684 memory=12348 CPUtime=0.04 cores=49,51,53-55,75,90-97,161,163,165-167,187,202-209
/proc/16/stat : 16 (python3) S 13 16 0 0 -1 4194304 1893 0 96 0 4 0 0 0 20 0 1 0 53234318 18108416 3087 67087892480 4194304 7154137 140727870887696 0 0 0 0 16781312 2 1 0 0 17 165 0 0 8 0 0 9727432 11029816 43077632 140727870888781 140727870888877 140727870888877 140727870889959 0
/proc/16/statm: 4421 3087 1494 723 0 2063 0
[pid=18] ppid=16 vsize=1010248 memory=820440 CPUtime=1595.47 cores=49,51,53-55,75,90-97,161,163,165-167,187,202-209
/proc/18/stat : 18 (bn4rust) R 16 16 0 0 -1 4194304 2078242 0 18 0 155712 3835 0 0 20 0 1 0 53234331 1034493952 205110 67087892480 94548962025472 94548963892593 140734115301248 0 0 0 0 4096 1088 0 0 0 17 55 0 0 1 0 0 94548964150656 94548964197592 94548985921536 140734115306256 140734115306390 140734115306390 140734115307489 0
/proc/18/statm: 252562 205110 1100 456 0 250723 0
Current children cumulated CPU time: 1595.51 s
Current children cumulated vsize: 1027932 KiB
Current children cumulated memory: 832788 KiB

[startup+1662.3 s]
/proc/loadavg: 45.12 46.63 46.64 48/3006 18
/proc/meminfo: memFree=475567704/527542200 swapFree=33551356/33554428
[pid=16] ppid=13 vsize=17684 memory=12348 CPUtime=0.04 cores=49,51,53-55,75,90-97,161,163,165-167,187,202-209
/proc/16/stat : 16 (python3) S 13 16 0 0 -1 4194304 1893 0 96 0 4 0 0 0 20 0 1 0 53234318 18108416 3087 67087892480 4194304 7154137 140727870887696 0 0 0 0 16781312 2 1 0 0 17 165 0 0 8 0 0 9727432 11029816 43077632 140727870888781 140727870888877 140727870888877 140727870889959 0
/proc/16/statm: 4421 3087 1494 723 0 2063 0
[pid=18] ppid=16 vsize=1851380 memory=1422048 CPUtime=1655.22 cores=49,51,53-55,75,90-97,161,163,165-167,187,202-209
/proc/18/stat : 18 (bn4rust) R 16 16 0 0 -1 4194304 2140239 0 18 0 161550 3972 0 0 20 0 1 0 53234331 1895813120 355512 67087892480 94548962025472 94548963892593 140734115301248 0 0 0 0 4096 1088 0 0 0 17 55 0 0 1 0 0 94548964150656 94548964197592 94548985921536 140734115306256 140734115306390 140734115306390 140734115307489 0
/proc/18/statm: 462845 355512 1100 456 0 461006 0
Current children cumulated CPU time: 1655.26 s
Current children cumulated vsize: 1869064 KiB
Current children cumulated memory: 1434396 KiB

[startup+1722.3 s]
/proc/loadavg: 45.09 46.35 46.54 46/2983 18
/proc/meminfo: memFree=474854240/527542200 swapFree=33551356/33554428
[pid=16] ppid=13 vsize=17684 memory=12348 CPUtime=0.04 cores=49,51,53-55,75,90-97,161,163,165-167,187,202-209
/proc/16/stat : 16 (python3) S 13 16 0 0 -1 4194304 1893 0 96 0 4 0 0 0 20 0 1 0 53234318 18108416 3087 67087892480 4194304 7154137 140727870887696 0 0 0 0 16781312 2 1 0 0 17 165 0 0 8 0 0 9727432 11029816 43077632 140727870888781 140727870888877 140727870888877 140727870889959 0
/proc/16/statm: 4421 3087 1494 723 0 2063 0
[pid=18] ppid=16 vsize=956828 memory=437836 CPUtime=1714.98 cores=49,51,53-55,75,90-97,161,163,165-167,187,202-209
/proc/18/stat : 18 (bn4rust) R 16 16 0 0 -1 4194304 2194552 0 18 0 167402 4096 0 0 20 0 1 0 53234331 979791872 109459 67087892480 94548962025472 94548963892593 140734115301248 0 0 0 0 4096 1088 0 0 0 17 55 0 0 1 0 0 94548964150656 94548964197592 94548985921536 140734115306256 140734115306390 140734115306390 140734115307489 0
/proc/18/statm: 239207 109459 1100 456 0 237368 0
Current children cumulated CPU time: 1715.02 s
Current children cumulated vsize: 974512 KiB
Current children cumulated memory: 450184 KiB

[startup+1782.3 s]
/proc/loadavg: 44.89 46.07 46.43 46/2986 18
/proc/meminfo: memFree=480230040/527542200 swapFree=33551356/33554428
[pid=16] ppid=13 vsize=17684 memory=12348 CPUtime=0.04 cores=49,51,53-55,75,90-97,161,163,165-167,187,202-209
/proc/16/stat : 16 (python3) S 13 16 0 0 -1 4194304 1893 0 96 0 4 0 0 0 20 0 1 0 53234318 18108416 3087 67087892480 4194304 7154137 140727870887696 0 0 0 0 16781312 2 1 0 0 17 165 0 0 8 0 0 9727432 11029816 43077632 140727870888781 140727870888877 140727870888877 140727870889959 0
/proc/16/statm: 4421 3087 1494 723 0 2063 0
[pid=18] ppid=16 vsize=937124 memory=773912 CPUtime=1774.74 cores=49,51,53-55,75,90-97,161,163,165-167,187,202-209
/proc/18/stat : 18 (bn4rust) R 16 16 0 0 -1 4194304 2269637 0 18 0 173231 4243 0 0 20 0 1 0 53234331 959614976 193478 67087892480 94548962025472 94548963892593 140734115301248 0 0 0 0 4096 1088 0 0 0 17 55 0 0 1 0 0 94548964150656 94548964197592 94548985921536 140734115306256 140734115306390 140734115306390 140734115307489 0
/proc/18/statm: 234281 193478 1100 456 0 232442 0
Current children cumulated CPU time: 1774.78 s
Current children cumulated vsize: 954808 KiB
Current children cumulated memory: 786260 KiB



Maximum wall clock time exceeded: sending SIGTERM then SIGKILL

[startup+1800 s]*
/proc/loadavg: 44.85 45.98 46.40 47/2957 18
/proc/meminfo: memFree=483417168/527542200 swapFree=33551356/33554428
[pid=16] ppid=13 vsize=17684 memory=12348 CPUtime=0.04 cores=49,51,53-55,75,90-97,161,163,165-167,187,202-209
/proc/16/stat : 16 (python3) S 13 16 0 0 -1 4194304 1893 0 96 0 4 0 0 0 20 0 1 0 53234318 18108416 3087 67087892480 4194304 7154137 140727870887696 0 0 0 0 16781312 2 1 0 0 17 165 0 0 8 0 0 9727432 11029816 43077632 140727870888781 140727870888877 140727870888877 140727870889959 0
/proc/16/statm: 4421 3087 1494 723 0 2063 0
[pid=18] ppid=16 vsize=930004 memory=768504 CPUtime=1792.38 cores=49,51,53-55,75,90-97,161,163,165-167,187,202-209
/proc/18/stat : 18 (bn4rust) R 16 16 0 0 -1 4194304 2291760 0 18 0 174953 4285 0 0 20 0 1 0 53234331 952324096 192126 67087892480 94548962025472 94548963892593 140734115301248 0 0 0 0 4096 1088 0 0 0 17 55 0 0 1 0 0 94548964150656 94548964197592 94548985921536 140734115306256 140734115306390 140734115306390 140734115307489 0
/proc/18/statm: 232501 192126 1100 456 0 230662 0
Current children cumulated CPU time: 1792.42 s
Current children cumulated vsize: 947688 KiB
Current children cumulated memory: 780852 KiB

Sending SIGTERM to process tree (bottom up)
Sleeping 2 seconds

[startup+1800.01 s]
# the end of solver process 16 was just reported to runsolver
# cumulated CPU time of all completed processes:  user=0.040841 s, system=0.004682 s

[startup+1800.01 s]
# the end of solver process 18 was just reported to runsolver
# cumulated CPU time of all completed processes:  user=1749.57 s, system=42.8609 s
# this solver process was not waited by its parent and was adopted by runsolver

Solver just ended.
??? end of watcher thread
Dumping a history of the last processes samples

Child ended because it received signal 15 (SIGTERM)
Real time (s): 1800.01
CPU time (s): 1792.43
CPU user time (s): 1749.57
CPU system time (s): 42.8609
CPU usage (%): 99.5792
Max. virtual memory (cumulated for all children) (KiB): 2559616
Max. memory (cumulated for all children) (KiB): 2215432

getrusage(RUSAGE_CHILDREN,...) data:
user time used= 1749.57
system time used= 42.8609
maximum resident set size= 2331496
integral shared memory size= 0
integral unshared data size= 0
integral unshared stack size= 0
page reclaims= 2293653
page faults= 114
swaps= 0
block input operations= 19512
block output operations= 0
messages sent= 0
messages received= 0
signals received= 0
voluntary context switches= 971
involuntary context switches= 2965


# summary of solver processes directly reported to runsolver:
#   pid: 16,18
#   total CPU time (s): 1792.43
#   total CPU user time (s): 1749.57
#   total CPU system time (s): 42.8609

??? join timestamper begins
??? join timestamper ends
??? end of timestamper thread
runsolver used 0.819132 second user time and 3.35656 second system time

The end
