runsolver version 3.4.1 (svn: 3018) Copyright (C) 2010-2013 Olivier ROUSSEL

This program is distributed in the hope that it will be useful,
but WITHOUT ANY WARRANTY; without even the implied warranty of
MERCHANTABILITY or FITNESS FOR A PARTICULAR PURPOSE.  See the
GNU General Public License for more details.

NUMA information:
  number of nodes: 8
  memory of node 0: 63700 MiB (61574 MiB free)
  memory of node 1: 64504 MiB (63427 MiB free)
  memory of node 2: 64504 MiB (63155 MiB free)
  memory of node 3: 64504 MiB (63706 MiB free)
  memory of node 4: 64461 MiB (63621 MiB free)
  memory of node 5: 64504 MiB (63370 MiB free)
  memory of node 6: 64504 MiB (63171 MiB free)
  memory of node 7: 64491 MiB (62997 MiB free)
  node distances:
     10  12  12  12  21  21  21  21
     12  10  12  12  21  21  21  21
     12  12  10  12  21  21  21  21
     12  12  12  10  21  21  21  21
     21  21  21  21  10  12  12  12
     21  21  21  21  12  10  12  12
     21  21  21  21  12  12  10  12
     21  21  21  21  12  12  12  10

command line: /usr/local/bin/runsolver --timestamp -w /output/runsolver-watch.log -v /output/runsolver-values.log -o /output/solver-output.log -C 1800.0 -W 1800.0 -R 64000 /opt/solver/run_bn4rust.py --mode cyber-forward-baseline --instance /input/model_070.bnet 

running on 20 cores: 98-103,108-111,210-211,216-223

Enforcing CPUTime limit (soft limit, will send SIGTERM then SIGKILL): 1800 seconds
Enforcing CPUTime limit (hard limit, will send SIGXCPU): 1830 seconds
Enforcing wall clock limit (soft limit, will send SIGTERM then SIGKILL): 1800 seconds
Enforcing RSS+Swap limit (soft limit, will send SIGTERM then SIGKILL): 65536000 KiB
Linux 4.18.0-553.159.1.el8_10.x86_64
Current StackSize limit: 18014398509481983 KiB

solver pid=16, runsolver pid=13

[startup+0.100075 s]*
/proc/loadavg: 0.91 0.20 0.06 9/2910 17
/proc/meminfo: memFree=517092344/527542240 swapFree=33534972/33554428
[pid=16] ppid=13 vsize=15800 memory=10116 CPUtime=0.01 cores=98-111,210-223
/proc/16/stat : 16 (python3) R 13 16 0 0 -1 4194304 1382 0 84 0 1 0 0 0 20 0 1 0 53232101 16179200 2529 67087892480 4194304 7154137 140730319981952 0 0 0 0 16781312 2 0 0 0 17 212 0 0 6 0 0 9727432 11029816 42151936 140730319985483 140730319985581 140730319985581 140730319986663 0
/proc/16/statm: 3950 2529 1396 723 0 1674 0
Current children cumulated CPU time: 0.01 s
Current children cumulated vsize: 15800 KiB
Current children cumulated memory: 10116 KiB

[startup+0.20059 s]*
/proc/loadavg: 0.91 0.20 0.06 9/2919 18
/proc/meminfo: memFree=517031260/527542240 swapFree=33534972/33554428
[pid=16] ppid=13 vsize=17684 memory=12484 CPUtime=0.04 cores=98-111,210-223
/proc/16/stat : 16 (python3) S 13 16 0 0 -1 4194304 1887 0 96 0 3 1 0 0 20 0 1 0 53232101 18108416 3121 67087892480 4194304 7154137 140730319981952 0 0 0 0 16781312 2 1 0 0 17 212 0 0 8 0 0 9727432 11029816 42151936 140730319985483 140730319985581 140730319985581 140730319986663 0
/proc/16/statm: 4421 3121 1512 723 0 2063 0
[pid=18] ppid=16 vsize=9236 memory=5960 CPUtime=0.04 cores=98-111,210-223
/proc/18/stat : 18 (bn4rust) R 16 16 0 0 -1 4194304 2356 0 18 0 4 0 0 0 20 0 1 0 53232115 9457664 1490 67087892480 94923237048320 94923238915441 140733619673728 0 0 0 0 4096 1088 0 0 0 17 103 0 0 1 0 0 94923239173504 94923239220440 94923242176512 140733619682062 140733619682198 140733619682198 140733619683297 0
/proc/18/statm: 2309 1490 1103 456 0 470 0
Current children cumulated CPU time: 0.08 s
Current children cumulated vsize: 26920 KiB
Current children cumulated memory: 18444 KiB

[startup+0.300529 s]*
/proc/loadavg: 0.91 0.20 0.06 9/2919 18
/proc/meminfo: memFree=516980512/527542240 swapFree=33534972/33554428
[pid=16] ppid=13 vsize=17684 memory=12484 CPUtime=0.04 cores=98-111,210-223
/proc/16/stat : 16 (python3) S 13 16 0 0 -1 4194304 1887 0 96 0 3 1 0 0 20 0 1 0 53232101 18108416 3121 67087892480 4194304 7154137 140730319981952 0 0 0 0 16781312 2 1 0 0 17 212 0 0 8 0 0 9727432 11029816 42151936 140730319985483 140730319985581 140730319985581 140730319986663 0
/proc/16/statm: 4421 3121 1512 723 0 2063 0
[pid=18] ppid=16 vsize=9996 memory=6652 CPUtime=0.14 cores=98-111,210-223
/proc/18/stat : 18 (bn4rust) R 16 16 0 0 -1 4194304 5435 0 18 0 14 0 0 0 20 0 1 0 53232115 10235904 1663 67087892480 94923237048320 94923238915441 140733619673728 0 0 0 0 4096 1088 0 0 0 17 103 0 0 1 0 0 94923239173504 94923239220440 94923242176512 140733619682062 140733619682198 140733619682198 140733619683297 0
/proc/18/statm: 2499 1663 1103 456 0 660 0
Current children cumulated CPU time: 0.18 s
Current children cumulated vsize: 27680 KiB
Current children cumulated memory: 19136 KiB

[startup+0.700247 s]
/proc/loadavg: 1.48 0.33 0.11 8/2890 18
/proc/meminfo: memFree=516978488/527542240 swapFree=33534972/33554428
[pid=16] ppid=13 vsize=17684 memory=12484 CPUtime=0.04 cores=98-111,210-223
/proc/16/stat : 16 (python3) S 13 16 0 0 -1 4194304 1887 0 96 0 3 1 0 0 20 0 1 0 53232101 18108416 3121 67087892480 4194304 7154137 140730319981952 0 0 0 0 16781312 2 1 0 0 17 212 0 0 8 0 0 9727432 11029816 42151936 140730319985483 140730319985581 140730319985581 140730319986663 0
/proc/16/statm: 4421 3121 1512 723 0 2063 0
[pid=18] ppid=16 vsize=11624 memory=8408 CPUtime=0.53 cores=98-111,210-223
/proc/18/stat : 18 (bn4rust) R 16 16 0 0 -1 4194304 9798 0 18 0 53 0 0 0 20 0 1 0 53232115 11902976 2102 67087892480 94923237048320 94923238915441 140733619673728 0 0 0 0 4096 1088 0 0 0 17 103 0 0 1 0 0 94923239173504 94923239220440 94923242176512 140733619682062 140733619682198 140733619682198 140733619683297 0
/proc/18/statm: 2906 2102 1103 456 0 1067 0
Current children cumulated CPU time: 0.57 s
Current children cumulated vsize: 29308 KiB
Current children cumulated memory: 20892 KiB

[startup+1.50024 s]
/proc/loadavg: 1.48 0.33 0.11 9/2898 18
/proc/meminfo: memFree=516972616/527542240 swapFree=33534972/33554428
[pid=16] ppid=13 vsize=17684 memory=12484 CPUtime=0.04 cores=98-111,210-223
/proc/16/stat : 16 (python3) S 13 16 0 0 -1 4194304 1887 0 96 0 3 1 0 0 20 0 1 0 53232101 18108416 3121 67087892480 4194304 7154137 140730319981952 0 0 0 0 16781312 2 1 0 0 17 212 0 0 8 0 0 9727432 11029816 42151936 140730319985483 140730319985581 140730319985581 140730319986663 0
/proc/16/statm: 4421 3121 1512 723 0 2063 0
[pid=18] ppid=16 vsize=10984 memory=7580 CPUtime=1.33 cores=98-111,210-223
/proc/18/stat : 18 (bn4rust) R 16 16 0 0 -1 4194304 17227 0 18 0 131 2 0 0 20 0 1 0 53232115 11247616 1895 67087892480 94923237048320 94923238915441 140733619673728 0 0 0 0 4096 1088 0 0 0 17 103 0 0 1 0 0 94923239173504 94923239220440 94923242176512 140733619682062 140733619682198 140733619682198 140733619683297 0
/proc/18/statm: 2746 1895 1103 456 0 907 0
Current children cumulated CPU time: 1.37 s
Current children cumulated vsize: 28668 KiB
Current children cumulated memory: 20064 KiB

[startup+3.10046 s]
/proc/loadavg: 1.48 0.33 0.11 7/2877 18
/proc/meminfo: memFree=516995360/527542240 swapFree=33534972/33554428
[pid=16] ppid=13 vsize=17684 memory=12484 CPUtime=0.04 cores=98-111,210-223
/proc/16/stat : 16 (python3) S 13 16 0 0 -1 4194304 1887 0 96 0 3 1 0 0 20 0 1 0 53232101 18108416 3121 67087892480 4194304 7154137 140730319981952 0 0 0 0 16781312 2 1 0 0 17 212 0 0 8 0 0 9727432 11029816 42151936 140730319985483 140730319985581 140730319985581 140730319986663 0
/proc/16/statm: 4421 3121 1512 723 0 2063 0
[pid=18] ppid=16 vsize=14508 memory=11128 CPUtime=2.93 cores=98-111,210-223
/proc/18/stat : 18 (bn4rust) R 16 16 0 0 -1 4194304 22863 0 18 0 291 2 0 0 20 0 1 0 53232115 14856192 2782 67087892480 94923237048320 94923238915441 140733619673728 0 0 0 0 4096 1088 0 0 0 17 103 0 0 1 0 0 94923239173504 94923239220440 94923242176512 140733619682062 140733619682198 140733619682198 140733619683297 0
/proc/18/statm: 3627 2782 1103 456 0 1788 0
Current children cumulated CPU time: 2.97 s
Current children cumulated vsize: 32192 KiB
Current children cumulated memory: 23612 KiB

[startup+6.30027 s]
/proc/loadavg: 1.92 0.44 0.14 10/2876 18
/proc/meminfo: memFree=517211980/527542240 swapFree=33534972/33554428
[pid=16] ppid=13 vsize=17684 memory=12484 CPUtime=0.04 cores=98-111,210-223
/proc/16/stat : 16 (python3) S 13 16 0 0 -1 4194304 1887 0 96 0 3 1 0 0 20 0 1 0 53232101 18108416 3121 67087892480 4194304 7154137 140730319981952 0 0 0 0 16781312 2 1 0 0 17 212 0 0 8 0 0 9727432 11029816 42151936 140730319985483 140730319985581 140730319985581 140730319986663 0
/proc/16/statm: 4421 3121 1512 723 0 2063 0
[pid=18] ppid=16 vsize=18848 memory=15024 CPUtime=6.11 cores=98-111,210-223
/proc/18/stat : 18 (bn4rust) R 16 16 0 0 -1 4194304 39164 0 18 0 607 4 0 0 20 0 1 0 53232115 19300352 3756 67087892480 94923237048320 94923238915441 140733619673728 0 0 0 0 4096 1088 0 0 0 17 215 0 0 1 0 0 94923239173504 94923239220440 94923242176512 140733619682062 140733619682198 140733619682198 140733619683297 0
/proc/18/statm: 4712 3756 1103 456 0 2873 0
Current children cumulated CPU time: 6.15 s
Current children cumulated vsize: 36532 KiB
Current children cumulated memory: 27508 KiB

[startup+12.7002 s]
/proc/loadavg: 2.25 0.54 0.18 6/2841 18
/proc/meminfo: memFree=517895984/527542240 swapFree=33534972/33554428
[pid=16] ppid=13 vsize=17684 memory=12484 CPUtime=0.04 cores=98-111,210-223
/proc/16/stat : 16 (python3) S 13 16 0 0 -1 4194304 1887 0 96 0 3 1 0 0 20 0 1 0 53232101 18108416 3121 67087892480 4194304 7154137 140730319981952 0 0 0 0 16781312 2 1 0 0 17 212 0 0 8 0 0 9727432 11029816 42151936 140730319985483 140730319985581 140730319985581 140730319986663 0
/proc/16/statm: 4421 3121 1512 723 0 2063 0
[pid=18] ppid=16 vsize=18956 memory=14992 CPUtime=12.49 cores=98-111,210-223
/proc/18/stat : 18 (bn4rust) R 16 16 0 0 -1 4194304 56711 0 18 0 1242 7 0 0 20 0 1 0 53232115 19410944 3748 67087892480 94923237048320 94923238915441 140733619673728 0 0 0 0 4096 1088 0 0 0 17 103 0 0 1 0 0 94923239173504 94923239220440 94923242176512 140733619682062 140733619682198 140733619682198 140733619683297 0
/proc/18/statm: 4739 3748 1103 456 0 2900 0
Current children cumulated CPU time: 12.53 s
Current children cumulated vsize: 36640 KiB
Current children cumulated memory: 27476 KiB

[startup+18.8944 s]
# the end of solver process 16 was just reported to runsolver
# cumulated CPU time of all completed processes:  user=18.6284 s, system=0.096821 s

Solver just ended.
??? end of watcher thread
Dumping a history of the last processes samples

[startup+12.8003 s]
/proc/loadavg: 2.25 0.54 0.18 6/2841 18
/proc/meminfo: memFree=517895984/527542240 swapFree=33534972/33554428
[pid=16] ppid=13 vsize=17684 memory=12484 CPUtime=0.04 cores=98-111,210-223
/proc/16/stat : 16 (python3) S 13 16 0 0 -1 4194304 1887 0 96 0 3 1 0 0 20 0 1 0 53232101 18108416 3121 67087892480 4194304 7154137 140730319981952 0 0 0 0 16781312 2 1 0 0 17 212 0 0 8 0 0 9727432 11029816 42151936 140730319985483 140730319985581 140730319985581 140730319986663 0
/proc/16/statm: 4421 3121 1512 723 0 2063 0
[pid=18] ppid=16 vsize=18956 memory=14992 CPUtime=12.59 cores=98-111,210-223
/proc/18/stat : 18 (bn4rust) R 16 16 0 0 -1 4194304 56711 0 18 0 1252 7 0 0 20 0 1 0 53232115 19410944 3748 67087892480 94923237048320 94923238915441 140733619673728 0 0 0 0 4096 1088 0 0 0 17 103 0 0 1 0 0 94923239173504 94923239220440 94923242176512 140733619682062 140733619682198 140733619682198 140733619683297 0
/proc/18/statm: 4739 3748 1103 456 0 2900 0
Current children cumulated CPU time: 12.63 s
Current children cumulated vsize: 36640 KiB
Current children cumulated memory: 27476 KiB

[startup+16.0002 s]*
/proc/loadavg: 2.47 0.61 0.20 7/2813 18
/proc/meminfo: memFree=517897992/527542240 swapFree=33534972/33554428
[pid=16] ppid=13 vsize=17684 memory=12484 CPUtime=0.04 cores=98-111,210-223
/proc/16/stat : 16 (python3) S 13 16 0 0 -1 4194304 1887 0 96 0 3 1 0 0 20 0 1 0 53232101 18108416 3121 67087892480 4194304 7154137 140730319981952 0 0 0 0 16781312 2 1 0 0 17 212 0 0 8 0 0 9727432 11029816 42151936 140730319985483 140730319985581 140730319985581 140730319986663 0
/proc/16/statm: 4421 3121 1512 723 0 2063 0
[pid=18] ppid=16 vsize=18364 memory=14200 CPUtime=15.79 cores=98-111,210-223
/proc/18/stat : 18 (bn4rust) R 16 16 0 0 -1 4194304 58087 0 18 0 1571 8 0 0 20 0 1 0 53232115 18804736 3550 67087892480 94923237048320 94923238915441 140733619673728 0 0 0 0 4096 1088 0 0 0 17 215 0 0 1 0 0 94923239173504 94923239220440 94923242176512 140733619682062 140733619682198 140733619682198 140733619683297 0
/proc/18/statm: 4591 3550 1103 456 0 2752 0
Current children cumulated CPU time: 15.83 s
Current children cumulated vsize: 36048 KiB
Current children cumulated memory: 26684 KiB

[startup+17.6002 s]
/proc/loadavg: 2.47 0.61 0.20 6/2804 18
/proc/meminfo: memFree=517709532/527542240 swapFree=33534972/33554428
[pid=16] ppid=13 vsize=17684 memory=12484 CPUtime=0.04 cores=98-111,210-223
/proc/16/stat : 16 (python3) S 13 16 0 0 -1 4194304 1887 0 96 0 3 1 0 0 20 0 1 0 53232101 18108416 3121 67087892480 4194304 7154137 140730319981952 0 0 0 0 16781312 2 1 0 0 17 212 0 0 8 0 0 9727432 11029816 42151936 140730319985483 140730319985581 140730319985581 140730319986663 0
/proc/16/statm: 4421 3121 1512 723 0 2063 0
[pid=18] ppid=16 vsize=18364 memory=14200 CPUtime=17.38 cores=98-111,210-223
/proc/18/stat : 18 (bn4rust) R 16 16 0 0 -1 4194304 58087 0 18 0 1730 8 0 0 20 0 1 0 53232115 18804736 3550 67087892480 94923237048320 94923238915441 140733619673728 0 0 0 0 4096 1088 0 0 0 17 215 0 0 1 0 0 94923239173504 94923239220440 94923242176512 140733619682062 140733619682198 140733619682198 140733619683297 0
/proc/18/statm: 4591 3550 1103 456 0 2752 0
Current children cumulated CPU time: 17.42 s
Current children cumulated vsize: 36048 KiB
Current children cumulated memory: 26684 KiB

[startup+18.4002 s]
/proc/loadavg: 2.47 0.61 0.20 6/2804 18
/proc/meminfo: memFree=517769872/527542240 swapFree=33534972/33554428
[pid=16] ppid=13 vsize=17684 memory=12484 CPUtime=0.04 cores=98-111,210-223
/proc/16/stat : 16 (python3) S 13 16 0 0 -1 4194304 1887 0 96 0 3 1 0 0 20 0 1 0 53232101 18108416 3121 67087892480 4194304 7154137 140730319981952 0 0 0 0 16781312 2 1 0 0 17 212 0 0 8 0 0 9727432 11029816 42151936 140730319985483 140730319985581 140730319985581 140730319986663 0
/proc/16/statm: 4421 3121 1512 723 0 2063 0
[pid=18] ppid=16 vsize=18364 memory=14200 CPUtime=18.18 cores=98-111,210-223
/proc/18/stat : 18 (bn4rust) R 16 16 0 0 -1 4194304 58087 0 18 0 1810 8 0 0 20 0 1 0 53232115 18804736 3550 67087892480 94923237048320 94923238915441 140733619673728 0 0 0 0 4096 1088 0 0 0 17 215 0 0 1 0 0 94923239173504 94923239220440 94923242176512 140733619682062 140733619682198 140733619682198 140733619683297 0
/proc/18/statm: 4591 3550 1103 456 0 2752 0
Current children cumulated CPU time: 18.22 s
Current children cumulated vsize: 36048 KiB
Current children cumulated memory: 26684 KiB

[startup+18.8002 s]
/proc/loadavg: 2.47 0.61 0.20 6/2804 18
/proc/meminfo: memFree=517769872/527542240 swapFree=33534972/33554428
[pid=16] ppid=13 vsize=17684 memory=12484 CPUtime=0.04 cores=98-111,210-223
/proc/16/stat : 16 (python3) S 13 16 0 0 -1 4194304 1887 0 96 0 3 1 0 0 20 0 1 0 53232101 18108416 3121 67087892480 4194304 7154137 140730319981952 0 0 0 0 16781312 2 1 0 0 17 212 0 0 8 0 0 9727432 11029816 42151936 140730319985483 140730319985581 140730319985581 140730319986663 0
/proc/16/statm: 4421 3121 1512 723 0 2063 0
[pid=18] ppid=16 vsize=18364 memory=14200 CPUtime=18.58 cores=98-111,210-223
/proc/18/stat : 18 (bn4rust) R 16 16 0 0 -1 4194304 58087 0 18 0 1850 8 0 0 20 0 1 0 53232115 18804736 3550 67087892480 94923237048320 94923238915441 140733619673728 0 0 0 0 4096 1088 0 0 0 17 103 0 0 1 0 0 94923239173504 94923239220440 94923242176512 140733619682062 140733619682198 140733619682198 140733619683297 0
/proc/18/statm: 4591 3550 1103 456 0 2752 0
Current children cumulated CPU time: 18.62 s
Current children cumulated vsize: 36048 KiB
Current children cumulated memory: 26684 KiB

Child status: 0
Real time (s): 18.8945
CPU time (s): 18.7252
CPU user time (s): 18.6284
CPU system time (s): 0.096821
CPU usage (%): 99.1041
Max. virtual memory (cumulated for all children) (KiB): 38560
Max. memory (cumulated for all children) (KiB): 29976

getrusage(RUSAGE_CHILDREN,...) data:
user time used= 18.6284
system time used= 0.096821
maximum resident set size= 18372
integral shared memory size= 0
integral unshared data size= 0
integral unshared stack size= 0
page reclaims= 59995
page faults= 116
swaps= 0
block input operations= 19800
block output operations= 0
messages sent= 0
messages received= 0
signals received= 0
voluntary context switches= 1026
involuntary context switches= 76


# summary of solver processes directly reported to runsolver:
#   pid: 16
#   total CPU time (s): 18.7252
#   total CPU user time (s): 18.6284
#   total CPU system time (s): 0.096821

??? join timestamper begins
??? join timestamper ends
??? end of timestamper thread
runsolver used 0.005386 second user time and 0.037586 second system time

The end
