# WCTIME: wall clock time in seconds
WCTIME=1800.03
# CPUTIME: CPU time in seconds (USERTIME+SYSTEMTIME)
CPUTIME=1792.57
# USERTIME: CPU time spent in user mode in seconds
USERTIME=1752.2
# SYSTEMTIME: CPU time spent in system mode in seconds
SYSTEMTIME=40.3714
# CPUUSAGE: CPUTIME/WCTIME in percent
CPUUSAGE=99.5854
# MAXVM: maximum virtual memory used in KiB
MAXVM=22523964
# MAXMM: maximum memory used in KiB
MAXMM=18818448
# MAXRSS: maximum Resident Segment Size in KiB
MAXRSS=18930176
# TIMEOUT: did the solver exceed the time limit?
TIMEOUT=true
# MEMOUT: did the solver exceed the memory limit?
MEMOUT=false
# EXITSTATUS: Exit status of the solver
EXITSTATUS=15
