runsolver version 3.4.1 (svn: 3018) Copyright (C) 2010-2013 Olivier ROUSSEL

This program is distributed in the hope that it will be useful,
but WITHOUT ANY WARRANTY; without even the implied warranty of
MERCHANTABILITY or FITNESS FOR A PARTICULAR PURPOSE.  See the
GNU General Public License for more details.

NUMA information:
  number of nodes: 8
  memory of node 0: 63700 MiB (57265 MiB free)
  memory of node 1: 64504 MiB (62758 MiB free)
  memory of node 2: 64461 MiB (55263 MiB free)
  memory of node 3: 64504 MiB (57604 MiB free)
  memory of node 4: 64504 MiB (34405 MiB free)
  memory of node 5: 64504 MiB (51775 MiB free)
  memory of node 6: 64504 MiB (63822 MiB free)
  memory of node 7: 64491 MiB (61743 MiB free)
  node distances:
     10  12  12  12  21  21  21  21
     12  10  12  12  21  21  21  21
     12  12  10  12  21  21  21  21
     12  12  12  10  21  21  21  21
     21  21  21  21  10  12  12  12
     21  21  21  21  12  10  12  12
     21  21  21  21  12  12  10  12
     21  21  21  21  12  12  12  10

command line: /usr/local/bin/runsolver --timestamp -w /output/runsolver-watch.log -v /output/runsolver-values.log -o /output/solver-output.log -C 1800.0 -W 1800.0 -R 64000 /opt/solver/run_bn4rust.py --mode cyber-complement-gfp-plus-dependency-order --instance /input/model_163.bnet 

running on 20 cores: 28-31,36-39,44-45,144-151,156-157

Enforcing CPUTime limit (soft limit, will send SIGTERM then SIGKILL): 1800 seconds
Enforcing CPUTime limit (hard limit, will send SIGXCPU): 1830 seconds
Enforcing wall clock limit (soft limit, will send SIGTERM then SIGKILL): 1800 seconds
Enforcing RSS+Swap limit (soft limit, will send SIGTERM then SIGKILL): 65536000 KiB
Linux 4.18.0-553.159.1.el8_10.x86_64
solver pid=16, runsolver pid=13
Current StackSize limit: 18014398509481983 KiB


[startup+0.100077 s]*
/proc/loadavg: 58.24 66.00 70.25 57/2914 17
/proc/meminfo: memFree=455292696/527542220 swapFree=33429500/33554428
[pid=16] ppid=13 vsize=14576 memory=9656 CPUtime=0.02 cores=28-39,44-45,140-151,156-157
/proc/16/stat : 16 (python3) D 13 16 0 0 -1 4194304 1289 0 80 0 2 0 0 0 20 0 1 0 53475908 14925824 2414 67087892480 4194304 7154137 140725075452496 0 0 0 0 16781312 2 0 0 0 17 148 0 0 6 0 0 9727432 11029816 39825408 140725075454775 140725075454893 140725075454893 140725075455975 0
/proc/16/statm: 3644 2414 1379 723 0 1380 0
Current children cumulated CPU time: 0.02 s
Current children cumulated vsize: 14576 KiB
Current children cumulated memory: 9656 KiB

[startup+0.20074 s]*
/proc/loadavg: 58.24 66.00 70.25 57/2915 18
/proc/meminfo: memFree=455282680/527542220 swapFree=33429500/33554428
[pid=16] ppid=13 vsize=17684 memory=12420 CPUtime=0.06 cores=28-39,44-45,140-151,156-157
/proc/16/stat : 16 (python3) S 13 16 0 0 -1 4194304 1897 0 96 0 4 2 0 0 20 0 1 0 53475908 18108416 3105 67087892480 4194304 7154137 140725075452496 0 0 0 0 16781312 2 1 0 0 17 148 0 0 8 0 0 9727432 11029816 39825408 140725075454775 140725075454893 140725075454893 140725075455975 0
/proc/16/statm: 4421 3105 1512 723 0 2063 0
[pid=18] ppid=16 vsize=8104 memory=4892 CPUtime=0.01 cores=28-39,44-45,140-151,156-157
/proc/18/stat : 18 (bn4rust) R 16 16 0 0 -1 4194304 226 0 18 0 1 0 0 0 20 0 1 0 53475924 8298496 1223 67087892480 94740563566592 94740565433713 140735457594144 0 0 0 0 4096 1088 0 0 0 17 37 0 0 1 0 0 94740565691776 94740565738712 94740588150784 140735457598202 140735457598358 140735457598358 140735457599457 0
/proc/18/statm: 2026 1223 1076 456 0 187 0
Current children cumulated CPU time: 0.07 s
Current children cumulated vsize: 25788 KiB
Current children cumulated memory: 17312 KiB

[startup+0.300632 s]*
/proc/loadavg: 58.24 66.00 70.25 57/2915 18
/proc/meminfo: memFree=455281676/527542220 swapFree=33429500/33554428
[pid=16] ppid=13 vsize=17684 memory=12420 CPUtime=0.06 cores=28-39,44-45,140-151,156-157
/proc/16/stat : 16 (python3) S 13 16 0 0 -1 4194304 1897 0 96 0 4 2 0 0 20 0 1 0 53475908 18108416 3105 67087892480 4194304 7154137 140725075452496 0 0 0 0 16781312 2 1 0 0 17 148 0 0 8 0 0 9727432 11029816 39825408 140725075454775 140725075454893 140725075454893 140725075455975 0
/proc/16/statm: 4421 3105 1512 723 0 2063 0
[pid=18] ppid=16 vsize=8464 memory=5308 CPUtime=0.11 cores=28-39,44-45,140-151,156-157
/proc/18/stat : 18 (bn4rust) R 16 16 0 0 -1 4194304 1267 0 18 0 11 0 0 0 20 0 1 0 53475924 8667136 1327 67087892480 94740563566592 94740565433713 140735457594144 0 0 0 0 4096 1088 0 0 0 17 37 0 0 1 0 0 94740565691776 94740565738712 94740588150784 140735457598202 140735457598358 140735457598358 140735457599457 0
/proc/18/statm: 2116 1327 1076 456 0 277 0
Current children cumulated CPU time: 0.17 s
Current children cumulated vsize: 26148 KiB
Current children cumulated memory: 17728 KiB

[startup+0.700297 s]
/proc/loadavg: 58.24 66.00 70.25 57/2915 18
/proc/meminfo: memFree=455249492/527542220 swapFree=33429500/33554428
[pid=16] ppid=13 vsize=17684 memory=12420 CPUtime=0.06 cores=28-39,44-45,140-151,156-157
/proc/16/stat : 16 (python3) S 13 16 0 0 -1 4194304 1897 0 96 0 4 2 0 0 20 0 1 0 53475908 18108416 3105 67087892480 4194304 7154137 140725075452496 0 0 0 0 16781312 2 1 0 0 17 148 0 0 8 0 0 9727432 11029816 39825408 140725075454775 140725075454893 140725075454893 140725075455975 0
/proc/16/statm: 4421 3105 1512 723 0 2063 0
[pid=18] ppid=16 vsize=8932 memory=5692 CPUtime=0.51 cores=28-39,44-45,140-151,156-157
/proc/18/stat : 18 (bn4rust) R 16 16 0 0 -1 4194304 6944 0 18 0 50 1 0 0 20 0 1 0 53475924 9146368 1423 67087892480 94740563566592 94740565433713 140735457594144 0 0 0 0 4096 1088 0 0 0 17 37 0 0 1 0 0 94740565691776 94740565738712 94740588150784 140735457598202 140735457598358 140735457598358 140735457599457 0
/proc/18/statm: 2233 1423 1076 456 0 394 0
Current children cumulated CPU time: 0.57 s
Current children cumulated vsize: 26616 KiB
Current children cumulated memory: 18112 KiB

[startup+1.11266 s]
# the end of solver process 16 was just reported to runsolver
# cumulated CPU time of all completed processes:  user=0.954088 s, system=0.037105 s

Solver just ended.
??? end of watcher thread
Dumping a history of the last processes samples

[startup+0.800447 s]
/proc/loadavg: 58.24 66.00 70.25 57/2915 18
/proc/meminfo: memFree=455249492/527542220 swapFree=33429500/33554428
[pid=16] ppid=13 vsize=17684 memory=12420 CPUtime=0.06 cores=28-39,44-45,140-151,156-157
/proc/16/stat : 16 (python3) S 13 16 0 0 -1 4194304 1898 0 96 0 4 2 0 0 20 0 1 0 53475908 18108416 3105 67087892480 4194304 7154137 140725075452496 0 0 0 0 16781312 2 1 0 0 17 148 0 0 8 0 0 9727432 11029816 39825408 140725075454775 140725075454893 140725075454893 140725075455975 0
/proc/16/statm: 4421 3105 1512 723 0 2063 0
[pid=18] ppid=16 vsize=8932 memory=5644 CPUtime=0.61 cores=28-39,44-45,140-151,156-157
/proc/18/stat : 18 (bn4rust) R 16 16 0 0 -1 4194304 7628 0 18 0 60 1 0 0 20 0 1 0 53475924 9146368 1411 67087892480 94740563566592 94740565433713 140735457594144 0 0 0 0 4096 1088 0 0 0 17 37 0 0 1 0 0 94740565691776 94740565738712 94740588150784 140735457598202 140735457598358 140735457598358 140735457599457 0
/proc/18/statm: 2233 1411 1076 456 0 394 0
Current children cumulated CPU time: 0.67 s
Current children cumulated vsize: 26616 KiB
Current children cumulated memory: 18064 KiB

[startup+1.00028 s]*
/proc/loadavg: 58.24 66.00 70.25 57/2915 18
/proc/meminfo: memFree=455304572/527542220 swapFree=33429500/33554428
[pid=16] ppid=13 vsize=17684 memory=12420 CPUtime=0.06 cores=28-39,44-45,140-151,156-157
/proc/16/stat : 16 (python3) S 13 16 0 0 -1 4194304 1898 0 96 0 4 2 0 0 20 0 1 0 53475908 18108416 3105 67087892480 4194304 7154137 140725075452496 0 0 0 0 16781312 2 1 0 0 17 148 0 0 8 0 0 9727432 11029816 39825408 140725075454775 140725075454893 140725075454893 140725075455975 0
/proc/16/statm: 4421 3105 1512 723 0 2063 0
[pid=18] ppid=16 vsize=8948 memory=5644 CPUtime=0.81 cores=28-39,44-45,140-151,156-157
/proc/18/stat : 18 (bn4rust) R 16 16 0 0 -1 4194304 7822 0 18 0 80 1 0 0 20 0 1 0 53475924 9162752 1411 67087892480 94740563566592 94740565433713 140735457594144 0 0 0 0 4096 1088 0 0 0 17 37 0 0 1 0 0 94740565691776 94740565738712 94740588150784 140735457598202 140735457598358 140735457598358 140735457599457 0
/proc/18/statm: 2237 1411 1076 456 0 398 0
Current children cumulated CPU time: 0.87 s
Current children cumulated vsize: 26632 KiB
Current children cumulated memory: 18064 KiB

[startup+1.10054 s]
/proc/loadavg: 58.24 66.00 70.25 57/2915 18
/proc/meminfo: memFree=455304572/527542220 swapFree=33429500/33554428
[pid=16] ppid=13 vsize=17684 memory=12420 CPUtime=0.06 cores=28-39,44-45,140-151,156-157
/proc/16/stat : 16 (python3) R 13 16 0 0 -1 4194304 1899 0 96 0 4 2 0 0 20 0 1 0 53475908 18108416 3105 67087892480 4194304 7154137 140725075452496 0 0 0 0 16781312 2 0 0 0 17 148 0 0 8 0 0 9727432 11029816 39825408 140725075454775 140725075454893 140725075454893 140725075455975 0
/proc/16/statm: 4421 3105 1512 723 0 2063 0
Current children cumulated CPU time: 0.06 s
Current children cumulated vsize: 17684 KiB
Current children cumulated memory: 12420 KiB

Child status: 0
Real time (s): 1.11272
CPU time (s): 0.991193
CPU user time (s): 0.954088
CPU system time (s): 0.037105
CPU usage (%): 89.0787
Max. virtual memory (cumulated for all children) (KiB): 26632
Max. memory (cumulated for all children) (KiB): 18112

getrusage(RUSAGE_CHILDREN,...) data:
user time used= 0.954088
system time used= 0.037105
maximum resident set size= 12616
integral shared memory size= 0
integral unshared data size= 0
integral unshared stack size= 0
page reclaims= 9743
page faults= 116
swaps= 0
block input operations= 19800
block output operations= 0
messages sent= 0
messages received= 0
signals received= 0
voluntary context switches= 1034
involuntary context switches= 1


# summary of solver processes directly reported to runsolver:
#   pid: 16
#   total CPU time (s): 0.991193
#   total CPU user time (s): 0.954088
#   total CPU system time (s): 0.037105

??? join timestamper begins
??? join timestamper ends
??? end of timestamper thread
runsolver used 0.00375 second user time and 0.010295 second system time

The end
