runsolver version 3.4.1 (svn: 3018) Copyright (C) 2010-2013 Olivier ROUSSEL

This program is distributed in the hope that it will be useful,
but WITHOUT ANY WARRANTY; without even the implied warranty of
MERCHANTABILITY or FITNESS FOR A PARTICULAR PURPOSE.  See the
GNU General Public License for more details.

NUMA information:
  number of nodes: 8
  memory of node 0: 63700 MiB (55546 MiB free)
  memory of node 1: 64504 MiB (62088 MiB free)
  memory of node 2: 64504 MiB (63484 MiB free)
  memory of node 3: 64461 MiB (63857 MiB free)
  memory of node 4: 64504 MiB (63728 MiB free)
  memory of node 5: 64504 MiB (56761 MiB free)
  memory of node 6: 64504 MiB (58384 MiB free)
  memory of node 7: 64491 MiB (57269 MiB free)
  node distances:
     10  12  12  12  21  21  21  21
     12  10  12  12  21  21  21  21
     12  12  10  12  21  21  21  21
     12  12  12  10  21  21  21  21
     21  21  21  21  10  12  12  12
     21  21  21  21  12  10  12  12
     21  21  21  21  12  12  10  12
     21  21  21  21  12  12  12  10

command line: /usr/local/bin/runsolver --timestamp -w /output/runsolver-watch.log -v /output/runsolver-values.log -o /output/solver-output.log -C 1800.0 -W 1800.0 -R 64000 /opt/solver/run_bn4rust.py --mode cyber-complement-gfp-plus-immutable --instance /input/model_155.bnet 

running on 28 cores: 14-27,126-139

Enforcing CPUTime limit (soft limit, will send SIGTERM then SIGKILL): 1800 seconds
Enforcing CPUTime limit (hard limit, will send SIGXCPU): 1830 seconds
Enforcing wall clock limit (soft limit, will send SIGTERM then SIGKILL): 1800 seconds
Enforcing RSS+Swap limit (soft limit, will send SIGTERM then SIGKILL): 65536000 KiB
Linux 4.18.0-553.159.1.el8_10.x86_64
solver pid=16, runsolver pid=13
Current StackSize limit: 18014398509481983 KiB


[startup+0.100074 s]*
/proc/loadavg: 4.52 15.03 19.19 9/3022 17
/proc/meminfo: memFree=492658396/527542180 swapFree=33544956/33554428
[pid=16] ppid=13 vsize=15800 memory=10112 CPUtime=0.02 cores=14-27,126-139
/proc/16/stat : 16 (python3) R 13 16 0 0 -1 4194304 1392 0 84 0 1 1 0 0 20 0 1 0 53412659 16179200 2528 67087892480 4194304 7154137 140722999132544 0 0 0 0 16781312 2 0 0 0 17 20 0 0 6 0 0 9727432 11029816 19795968 140722999135038 140722999135149 140722999135149 140722999136231 0
/proc/16/statm: 3950 2528 1394 723 0 1674 0
Current children cumulated CPU time: 0.02 s
Current children cumulated vsize: 15800 KiB
Current children cumulated memory: 10112 KiB

[startup+0.200534 s]*
/proc/loadavg: 4.52 15.03 19.19 9/2992 18
/proc/meminfo: memFree=492699948/527542180 swapFree=33544956/33554428
[pid=16] ppid=13 vsize=17684 memory=12420 CPUtime=0.04 cores=14-27,126-139
/proc/16/stat : 16 (python3) S 13 16 0 0 -1 4194304 1895 0 96 0 2 2 0 0 20 0 1 0 53412659 18108416 3105 67087892480 4194304 7154137 140722999132544 0 0 0 0 16781312 2 1 0 0 17 20 0 0 8 0 0 9727432 11029816 19795968 140722999135038 140722999135149 140722999135149 140722999136231 0
/proc/16/statm: 4421 3105 1512 723 0 2063 0
[pid=18] ppid=16 vsize=9156 memory=5472 CPUtime=0.04 cores=14-27,126-139
/proc/18/stat : 18 (bn4rust) R 16 16 0 0 -1 4194304 1495 0 17 0 4 0 0 0 20 0 1 0 53412672 9375744 1368 67087892480 93914497511424 93914499378545 140724492194960 0 0 0 0 4096 1088 0 0 0 17 21 0 0 1 0 0 93914499636608 93914499683544 93914511978496 140724492196609 140724492196758 140724492196758 140724492197857 0
/proc/18/statm: 2289 1368 1061 456 0 450 0
Current children cumulated CPU time: 0.08 s
Current children cumulated vsize: 26840 KiB
Current children cumulated memory: 17892 KiB

[startup+0.300469 s]*
/proc/loadavg: 4.80 14.91 19.13 7/2997 18
/proc/meminfo: memFree=492712384/527542180 swapFree=33544956/33554428
[pid=16] ppid=13 vsize=17684 memory=12420 CPUtime=0.04 cores=14-27,126-139
/proc/16/stat : 16 (python3) S 13 16 0 0 -1 4194304 1895 0 96 0 2 2 0 0 20 0 1 0 53412659 18108416 3105 67087892480 4194304 7154137 140722999132544 0 0 0 0 16781312 2 1 0 0 17 20 0 0 8 0 0 9727432 11029816 19795968 140722999135038 140722999135149 140722999135149 140722999136231 0
/proc/16/statm: 4421 3105 1512 723 0 2063 0
[pid=18] ppid=16 vsize=9832 memory=6312 CPUtime=0.14 cores=14-27,126-139
/proc/18/stat : 18 (bn4rust) R 16 16 0 0 -1 4194304 3046 0 17 0 14 0 0 0 20 0 1 0 53412672 10067968 1578 67087892480 93914497511424 93914499378545 140724492194960 0 0 0 0 4096 1088 0 0 0 17 21 0 0 1 0 0 93914499636608 93914499683544 93914511978496 140724492196609 140724492196758 140724492196758 140724492197857 0
/proc/18/statm: 2458 1578 1061 456 0 619 0
Current children cumulated CPU time: 0.18 s
Current children cumulated vsize: 27516 KiB
Current children cumulated memory: 18732 KiB

[startup+0.700226 s]
/proc/loadavg: 4.80 14.91 19.13 8/3001 18
/proc/meminfo: memFree=492689124/527542180 swapFree=33544956/33554428
[pid=16] ppid=13 vsize=17684 memory=12420 CPUtime=0.04 cores=14-27,126-139
/proc/16/stat : 16 (python3) S 13 16 0 0 -1 4194304 1895 0 96 0 2 2 0 0 20 0 1 0 53412659 18108416 3105 67087892480 4194304 7154137 140722999132544 0 0 0 0 16781312 2 1 0 0 17 20 0 0 8 0 0 9727432 11029816 19795968 140722999135038 140722999135149 140722999135149 140722999136231 0
/proc/16/statm: 4421 3105 1512 723 0 2063 0
[pid=18] ppid=16 vsize=11912 memory=8488 CPUtime=0.53 cores=14-27,126-139
/proc/18/stat : 18 (bn4rust) R 16 16 0 0 -1 4194304 11296 0 17 0 52 1 0 0 20 0 1 0 53412672 12197888 2122 67087892480 93914497511424 93914499378545 140724492194960 0 0 0 0 4096 1088 0 0 0 17 21 0 0 1 0 0 93914499636608 93914499683544 93914511978496 140724492196609 140724492196758 140724492196758 140724492197857 0
/proc/18/statm: 2978 2122 1061 456 0 1139 0
Current children cumulated CPU time: 0.57 s
Current children cumulated vsize: 29596 KiB
Current children cumulated memory: 20908 KiB

[startup+1.50022 s]
/proc/loadavg: 4.80 14.91 19.13 7/3004 18
/proc/meminfo: memFree=492676940/527542180 swapFree=33544956/33554428
[pid=16] ppid=13 vsize=17684 memory=12420 CPUtime=0.04 cores=14-27,126-139
/proc/16/stat : 16 (python3) S 13 16 0 0 -1 4194304 1895 0 96 0 2 2 0 0 20 0 1 0 53412659 18108416 3105 67087892480 4194304 7154137 140722999132544 0 0 0 0 16781312 2 1 0 0 17 20 0 0 8 0 0 9727432 11029816 19795968 140722999135038 140722999135149 140722999135149 140722999136231 0
/proc/16/statm: 4421 3105 1512 723 0 2063 0
[pid=18] ppid=16 vsize=15560 memory=11968 CPUtime=1.33 cores=14-27,126-139
/proc/18/stat : 18 (bn4rust) R 16 16 0 0 -1 4194304 18923 0 17 0 131 2 0 0 20 0 1 0 53412672 15933440 2992 67087892480 93914497511424 93914499378545 140724492194960 0 0 0 0 4096 1088 0 0 0 17 21 0 0 1 0 0 93914499636608 93914499683544 93914511978496 140724492196609 140724492196758 140724492196758 140724492197857 0
/proc/18/statm: 3890 2992 1061 456 0 2051 0
Current children cumulated CPU time: 1.37 s
Current children cumulated vsize: 33244 KiB
Current children cumulated memory: 24388 KiB

[startup+3.10045 s]
/proc/loadavg: 4.80 14.91 19.13 6/2967 18
/proc/meminfo: memFree=493177012/527542180 swapFree=33544956/33554428
[pid=16] ppid=13 vsize=17684 memory=12420 CPUtime=0.04 cores=14-27,126-139
/proc/16/stat : 16 (python3) S 13 16 0 0 -1 4194304 1895 0 96 0 2 2 0 0 20 0 1 0 53412659 18108416 3105 67087892480 4194304 7154137 140722999132544 0 0 0 0 16781312 2 1 0 0 17 20 0 0 8 0 0 9727432 11029816 19795968 140722999135038 140722999135149 140722999135149 140722999136231 0
/proc/16/statm: 4421 3105 1512 723 0 2063 0
[pid=18] ppid=16 vsize=31896 memory=28532 CPUtime=2.92 cores=14-27,126-139
/proc/18/stat : 18 (bn4rust) R 16 16 0 0 -1 4194304 31830 0 17 0 288 4 0 0 20 0 1 0 53412672 32661504 7133 67087892480 93914497511424 93914499378545 140724492194960 0 0 0 0 4096 1088 0 0 0 17 21 0 0 1 0 0 93914499636608 93914499683544 93914511978496 140724492196609 140724492196758 140724492196758 140724492197857 0
/proc/18/statm: 7974 7133 1061 456 0 6135 0
Current children cumulated CPU time: 2.96 s
Current children cumulated vsize: 49580 KiB
Current children cumulated memory: 40952 KiB

[startup+6.30027 s]
/proc/loadavg: 4.82 14.74 19.06 6/2936 18
/proc/meminfo: memFree=493128024/527542180 swapFree=33544956/33554428
[pid=16] ppid=13 vsize=17684 memory=12420 CPUtime=0.04 cores=14-27,126-139
/proc/16/stat : 16 (python3) S 13 16 0 0 -1 4194304 1895 0 96 0 2 2 0 0 20 0 1 0 53412659 18108416 3105 67087892480 4194304 7154137 140722999132544 0 0 0 0 16781312 2 1 0 0 17 20 0 0 8 0 0 9727432 11029816 19795968 140722999135038 140722999135149 140722999135149 140722999136231 0
/proc/16/statm: 4421 3105 1512 723 0 2063 0
[pid=18] ppid=16 vsize=29976 memory=25520 CPUtime=6.11 cores=14-27,126-139
/proc/18/stat : 18 (bn4rust) R 16 16 0 0 -1 4194304 50385 0 17 0 603 8 0 0 20 0 1 0 53412672 30695424 6380 67087892480 93914497511424 93914499378545 140724492194960 0 0 0 0 4096 1088 0 0 0 17 21 0 0 1 0 0 93914499636608 93914499683544 93914511978496 140724492196609 140724492196758 140724492196758 140724492197857 0
/proc/18/statm: 7494 6380 1061 456 0 5655 0
Current children cumulated CPU time: 6.15 s
Current children cumulated vsize: 47660 KiB
Current children cumulated memory: 37940 KiB

[startup+12.7003 s]
/proc/loadavg: 4.99 14.62 18.99 8/3031 18
/proc/meminfo: memFree=493578668/527542180 swapFree=33544956/33554428
[pid=16] ppid=13 vsize=17684 memory=12420 CPUtime=0.04 cores=14-27,126-139
/proc/16/stat : 16 (python3) S 13 16 0 0 -1 4194304 1895 0 96 0 2 2 0 0 20 0 1 0 53412659 18108416 3105 67087892480 4194304 7154137 140722999132544 0 0 0 0 16781312 2 1 0 0 17 20 0 0 8 0 0 9727432 11029816 19795968 140722999135038 140722999135149 140722999135149 140722999136231 0
/proc/16/statm: 4421 3105 1512 723 0 2063 0
[pid=18] ppid=16 vsize=63896 memory=60476 CPUtime=12.49 cores=14-27,126-139
/proc/18/stat : 18 (bn4rust) R 16 16 0 0 -1 4194304 70668 0 17 0 1235 14 0 0 20 0 1 0 53412672 65429504 15119 67087892480 93914497511424 93914499378545 140724492194960 0 0 0 0 4096 1088 0 0 0 17 21 0 0 1 0 0 93914499636608 93914499683544 93914511978496 140724492196609 140724492196758 140724492196758 140724492197857 0
/proc/18/statm: 15974 15119 1061 456 0 14135 0
Current children cumulated CPU time: 12.53 s
Current children cumulated vsize: 81580 KiB
Current children cumulated memory: 72896 KiB

[startup+25.5003 s]
/proc/loadavg: 5.45 14.40 18.87 8/3033 18
/proc/meminfo: memFree=492609344/527542180 swapFree=33544956/33554428
[pid=16] ppid=13 vsize=17684 memory=12420 CPUtime=0.04 cores=14-27,126-139
/proc/16/stat : 16 (python3) S 13 16 0 0 -1 4194304 1895 0 96 0 2 2 0 0 20 0 1 0 53412659 18108416 3105 67087892480 4194304 7154137 140722999132544 0 0 0 0 16781312 2 1 0 0 17 20 0 0 8 0 0 9727432 11029816 19795968 140722999135038 140722999135149 140722999135149 140722999136231 0
/proc/16/statm: 4421 3105 1512 723 0 2063 0
[pid=18] ppid=16 vsize=68500 memory=64940 CPUtime=25.25 cores=14-27,126-139
/proc/18/stat : 18 (bn4rust) R 16 16 0 0 -1 4194304 92457 0 17 0 2504 21 0 0 20 0 1 0 53412672 70144000 16235 67087892480 93914497511424 93914499378545 140724492194960 0 0 0 0 4096 1088 0 0 0 17 21 0 0 1 0 0 93914499636608 93914499683544 93914511978496 140724492196609 140724492196758 140724492196758 140724492197857 0
/proc/18/statm: 17125 16235 1061 456 0 15286 0
Current children cumulated CPU time: 25.29 s
Current children cumulated vsize: 86184 KiB
Current children cumulated memory: 77360 KiB

[startup+51.1005 s]
/proc/loadavg: 5.78 13.62 18.47 9/3005 18
/proc/meminfo: memFree=491480168/527542180 swapFree=33544956/33554428
[pid=16] ppid=13 vsize=17684 memory=12420 CPUtime=0.04 cores=14-27,126-139
/proc/16/stat : 16 (python3) S 13 16 0 0 -1 4194304 1895 0 96 0 2 2 0 0 20 0 1 0 53412659 18108416 3105 67087892480 4194304 7154137 140722999132544 0 0 0 0 16781312 2 1 0 0 17 20 0 0 8 0 0 9727432 11029816 19795968 140722999135038 140722999135149 140722999135149 140722999136231 0
/proc/16/statm: 4421 3105 1512 723 0 2063 0
[pid=18] ppid=16 vsize=81048 memory=77596 CPUtime=50.77 cores=14-27,126-139
/proc/18/stat : 18 (bn4rust) R 16 16 0 0 -1 4194304 139744 0 17 0 5034 43 0 0 20 0 1 0 53412672 82993152 19399 67087892480 93914497511424 93914499378545 140724492194960 0 0 0 0 4096 1088 0 0 0 17 21 0 0 1 0 0 93914499636608 93914499683544 93914511978496 140724492196609 140724492196758 140724492196758 140724492197857 0
/proc/18/statm: 20262 19399 1061 456 0 18423 0
Current children cumulated CPU time: 50.81 s
Current children cumulated vsize: 98732 KiB
Current children cumulated memory: 90016 KiB

[startup+102.3 s]
/proc/loadavg: 6.95 12.73 17.91 9/3056 18
/proc/meminfo: memFree=487326088/527542180 swapFree=33544956/33554428
[pid=16] ppid=13 vsize=17684 memory=12420 CPUtime=0.04 cores=14-27,126-139
/proc/16/stat : 16 (python3) S 13 16 0 0 -1 4194304 1895 0 96 0 2 2 0 0 20 0 1 0 53412659 18108416 3105 67087892480 4194304 7154137 140722999132544 0 0 0 0 16781312 2 1 0 0 17 20 0 0 8 0 0 9727432 11029816 19795968 140722999135038 140722999135149 140722999135149 140722999136231 0
/proc/16/statm: 4421 3105 1512 723 0 2063 0
[pid=18] ppid=16 vsize=141976 memory=138608 CPUtime=101.79 cores=14-27,126-139
/proc/18/stat : 18 (bn4rust) R 16 16 0 0 -1 4194304 201591 0 17 0 10097 82 0 0 20 0 1 0 53412672 145383424 34652 67087892480 93914497511424 93914499378545 140724492194960 0 0 0 0 4096 1088 0 0 0 17 21 0 0 1 0 0 93914499636608 93914499683544 93914511978496 140724492196609 140724492196758 140724492196758 140724492197857 0
/proc/18/statm: 35494 34652 1061 456 0 33655 0
Current children cumulated CPU time: 101.83 s
Current children cumulated vsize: 159660 KiB
Current children cumulated memory: 151028 KiB

[startup+162.3 s]
/proc/loadavg: 7.62 11.86 17.29 9/3055 18
/proc/meminfo: memFree=486190484/527542180 swapFree=33544956/33554428
[pid=16] ppid=13 vsize=17684 memory=12420 CPUtime=0.04 cores=14-27,126-139
/proc/16/stat : 16 (python3) S 13 16 0 0 -1 4194304 1895 0 96 0 2 2 0 0 20 0 1 0 53412659 18108416 3105 67087892480 4194304 7154137 140722999132544 0 0 0 0 16781312 2 1 0 0 17 20 0 0 8 0 0 9727432 11029816 19795968 140722999135038 140722999135149 140722999135149 140722999136231 0
/proc/16/statm: 4421 3105 1512 723 0 2063 0
[pid=18] ppid=16 vsize=110232 memory=107004 CPUtime=161.59 cores=14-27,126-139
/proc/18/stat : 18 (bn4rust) R 16 16 0 0 -1 4194304 288186 0 17 0 16017 142 0 0 20 0 1 0 53412672 112877568 26751 67087892480 93914497511424 93914499378545 140724492194960 0 0 0 0 4096 1088 0 0 0 17 21 0 0 1 0 0 93914499636608 93914499683544 93914511978496 140724492196609 140724492196758 140724492196758 140724492197857 0
/proc/18/statm: 27558 26751 1061 456 0 25719 0
Current children cumulated CPU time: 161.63 s
Current children cumulated vsize: 127916 KiB
Current children cumulated memory: 119424 KiB

[startup+222.3 s]
/proc/loadavg: 7.86 11.16 16.71 8/3025 18
/proc/meminfo: memFree=478091088/527542180 swapFree=33544956/33554428
[pid=16] ppid=13 vsize=17684 memory=12420 CPUtime=0.04 cores=14-27,126-139
/proc/16/stat : 16 (python3) S 13 16 0 0 -1 4194304 1895 0 96 0 2 2 0 0 20 0 1 0 53412659 18108416 3105 67087892480 4194304 7154137 140722999132544 0 0 0 0 16781312 2 1 0 0 17 20 0 0 8 0 0 9727432 11029816 19795968 140722999135038 140722999135149 140722999135149 140722999136231 0
/proc/16/statm: 4421 3105 1512 723 0 2063 0
[pid=18] ppid=16 vsize=149144 memory=145768 CPUtime=221.4 cores=14-27,126-139
/proc/18/stat : 18 (bn4rust) R 16 16 0 0 -1 4194304 352224 0 17 0 21947 193 0 0 20 0 1 0 53412672 152723456 36442 67087892480 93914497511424 93914499378545 140724492194960 0 0 0 0 4096 1088 0 0 0 17 21 0 0 1 0 0 93914499636608 93914499683544 93914511978496 140724492196609 140724492196758 140724492196758 140724492197857 0
/proc/18/statm: 37286 36442 1061 456 0 35447 0
Current children cumulated CPU time: 221.44 s
Current children cumulated vsize: 166828 KiB
Current children cumulated memory: 158188 KiB

[startup+282.3 s]
/proc/loadavg: 7.66 10.48 16.12 9/3041 18
/proc/meminfo: memFree=477454004/527542180 swapFree=33544956/33554428
[pid=16] ppid=13 vsize=17684 memory=12420 CPUtime=0.04 cores=14-27,126-139
/proc/16/stat : 16 (python3) S 13 16 0 0 -1 4194304 1896 0 96 0 2 2 0 0 20 0 1 0 53412659 18108416 3105 67087892480 4194304 7154137 140722999132544 0 0 0 0 16781312 2 1 0 0 17 20 0 0 8 0 0 9727432 11029816 19795968 140722999135038 140722999135149 140722999135149 140722999136231 0
/proc/16/statm: 4421 3105 1512 723 0 2063 0
[pid=18] ppid=16 vsize=149144 memory=145564 CPUtime=281.2 cores=14-27,126-139
/proc/18/stat : 18 (bn4rust) R 16 16 0 0 -1 4194304 417102 0 17 0 27874 246 0 0 20 0 1 0 53412672 152723456 36391 67087892480 93914497511424 93914499378545 140724492194960 0 0 0 0 4096 1088 0 0 0 17 21 0 0 1 0 0 93914499636608 93914499683544 93914511978496 140724492196609 140724492196758 140724492196758 140724492197857 0
/proc/18/statm: 37286 36391 1061 456 0 35447 0
Current children cumulated CPU time: 281.24 s
Current children cumulated vsize: 166828 KiB
Current children cumulated memory: 157984 KiB

[startup+342.3 s]
/proc/loadavg: 7.98 10.05 15.62 9/3001 18
/proc/meminfo: memFree=468665044/527542180 swapFree=33544956/33554428
[pid=16] ppid=13 vsize=17684 memory=12420 CPUtime=0.04 cores=14-27,126-139
/proc/16/stat : 16 (python3) S 13 16 0 0 -1 4194304 1896 0 96 0 2 2 0 0 20 0 1 0 53412659 18108416 3105 67087892480 4194304 7154137 140722999132544 0 0 0 0 16781312 2 1 0 0 17 20 0 0 8 0 0 9727432 11029816 19795968 140722999135038 140722999135149 140722999135149 140722999136231 0
/proc/16/statm: 4421 3105 1512 723 0 2063 0
[pid=18] ppid=16 vsize=136856 memory=133500 CPUtime=341 cores=14-27,126-139
/proc/18/stat : 18 (bn4rust) R 16 16 0 0 -1 4194304 479351 0 17 0 33806 294 0 0 20 0 1 0 53412672 140140544 33375 67087892480 93914497511424 93914499378545 140724492194960 0 0 0 0 4096 1088 0 0 0 17 21 0 0 1 0 0 93914499636608 93914499683544 93914511978496 140724492196609 140724492196758 140724492196758 140724492197857 0
/proc/18/statm: 34214 33375 1061 456 0 32375 0
Current children cumulated CPU time: 341.04 s
Current children cumulated vsize: 154540 KiB
Current children cumulated memory: 145920 KiB

[startup+402.3 s]
/proc/loadavg: 7.99 9.68 15.14 9/2995 18
/proc/meminfo: memFree=469769048/527542180 swapFree=33544956/33554428
[pid=16] ppid=13 vsize=17684 memory=12824 CPUtime=0.04 cores=14-27,126-139
/proc/16/stat : 16 (python3) S 13 16 0 0 -1 4194304 1896 0 96 0 2 2 0 0 20 0 1 0 53412659 18108416 3206 67087892480 4194304 7154137 140722999132544 0 0 0 0 16781312 2 1 0 0 17 20 0 0 8 0 0 9727432 11029816 19795968 140722999135038 140722999135149 140722999135149 140722999136231 0
/proc/16/statm: 4421 3206 1512 723 0 2063 0
[pid=18] ppid=16 vsize=141420 memory=137840 CPUtime=400.8 cores=14-27,126-139
/proc/18/stat : 18 (bn4rust) R 16 16 0 0 -1 4194304 515244 0 17 0 39760 320 0 0 20 0 1 0 53412672 144814080 34460 67087892480 93914497511424 93914499378545 140724492194960 0 0 0 0 4096 1088 0 0 0 17 21 0 0 1 0 0 93914499636608 93914499683544 93914511978496 140724492196609 140724492196758 140724492196758 140724492197857 0
/proc/18/statm: 35355 34460 1061 456 0 33516 0
Current children cumulated CPU time: 400.84 s
Current children cumulated vsize: 159104 KiB
Current children cumulated memory: 150664 KiB

[startup+462.3 s]
/proc/loadavg: 8.00 9.37 14.69 9/2995 18
/proc/meminfo: memFree=466610832/527542180 swapFree=33544956/33554428
[pid=16] ppid=13 vsize=17684 memory=12824 CPUtime=0.04 cores=14-27,126-139
/proc/16/stat : 16 (python3) S 13 16 0 0 -1 4194304 1896 0 96 0 2 2 0 0 20 0 1 0 53412659 18108416 3206 67087892480 4194304 7154137 140722999132544 0 0 0 0 16781312 2 1 0 0 17 20 0 0 8 0 0 9727432 11029816 19795968 140722999135038 140722999135149 140722999135149 140722999136231 0
/proc/16/statm: 4421 3206 1512 723 0 2063 0
[pid=18] ppid=16 vsize=134252 memory=130896 CPUtime=460.6 cores=14-27,126-139
/proc/18/stat : 18 (bn4rust) R 16 16 0 0 -1 4194304 521080 0 17 0 45737 323 0 0 20 0 1 0 53412672 137474048 32724 67087892480 93914497511424 93914499378545 140724492194960 0 0 0 0 4096 1088 0 0 0 17 21 0 0 1 0 0 93914499636608 93914499683544 93914511978496 140724492196609 140724492196758 140724492196758 140724492197857 0
/proc/18/statm: 33563 32724 1061 456 0 31724 0
Current children cumulated CPU time: 460.64 s
Current children cumulated vsize: 151936 KiB
Current children cumulated memory: 143720 KiB

[startup+473.921 s]
# the end of solver process 16 was just reported to runsolver
# cumulated CPU time of all completed processes:  user=468.983 s, system=3.26425 s

Solver just ended.
??? end of watcher thread
Dumping a history of the last processes samples

[startup+467.2 s]
/proc/loadavg: 8.00 9.35 14.66 9/2995 18
/proc/meminfo: memFree=466239300/527542180 swapFree=33544956/33554428
[pid=16] ppid=13 vsize=17684 memory=12824 CPUtime=0.04 cores=14-27,126-139
/proc/16/stat : 16 (python3) S 13 16 0 0 -1 4194304 1896 0 96 0 2 2 0 0 20 0 1 0 53412659 18108416 3206 67087892480 4194304 7154137 140722999132544 0 0 0 0 16781312 2 1 0 0 17 20 0 0 8 0 0 9727432 11029816 19795968 140722999135038 140722999135149 140722999135149 140722999136231 0
/proc/16/statm: 4421 3206 1512 723 0 2063 0
[pid=18] ppid=16 vsize=134252 memory=130896 CPUtime=465.49 cores=14-27,126-139
/proc/18/stat : 18 (bn4rust) R 16 16 0 0 -1 4194304 521080 0 17 0 46226 323 0 0 20 0 1 0 53412672 137474048 32724 67087892480 93914497511424 93914499378545 140724492194960 0 0 0 0 4096 1088 0 0 0 17 21 0 0 1 0 0 93914499636608 93914499683544 93914511978496 140724492196609 140724492196758 140724492196758 140724492197857 0
/proc/18/statm: 33563 32724 1061 456 0 31724 0
Current children cumulated CPU time: 465.53 s
Current children cumulated vsize: 151936 KiB
Current children cumulated memory: 143720 KiB

[startup+470.4 s]
/proc/loadavg: 8.00 9.35 14.66 9/2995 18
/proc/meminfo: memFree=466052680/527542180 swapFree=33544956/33554428
[pid=16] ppid=13 vsize=17684 memory=12824 CPUtime=0.04 cores=14-27,126-139
/proc/16/stat : 16 (python3) S 13 16 0 0 -1 4194304 1896 0 96 0 2 2 0 0 20 0 1 0 53412659 18108416 3206 67087892480 4194304 7154137 140722999132544 0 0 0 0 16781312 2 1 0 0 17 20 0 0 8 0 0 9727432 11029816 19795968 140722999135038 140722999135149 140722999135149 140722999136231 0
/proc/16/statm: 4421 3206 1512 723 0 2063 0
[pid=18] ppid=16 vsize=134252 memory=130896 CPUtime=468.68 cores=14-27,126-139
/proc/18/stat : 18 (bn4rust) R 16 16 0 0 -1 4194304 521080 0 17 0 46545 323 0 0 20 0 1 0 53412672 137474048 32724 67087892480 93914497511424 93914499378545 140724492194960 0 0 0 0 4096 1088 0 0 0 17 21 0 0 1 0 0 93914499636608 93914499683544 93914511978496 140724492196609 140724492196758 140724492196758 140724492197857 0
/proc/18/statm: 33563 32724 1061 456 0 31724 0
Current children cumulated CPU time: 468.72 s
Current children cumulated vsize: 151936 KiB
Current children cumulated memory: 143720 KiB

[startup+472 s]*
/proc/loadavg: 8.00 9.32 14.62 9/2995 18
/proc/meminfo: memFree=465835208/527542180 swapFree=33544956/33554428
[pid=16] ppid=13 vsize=17684 memory=12824 CPUtime=0.04 cores=14-27,126-139
/proc/16/stat : 16 (python3) S 13 16 0 0 -1 4194304 1896 0 96 0 2 2 0 0 20 0 1 0 53412659 18108416 3206 67087892480 4194304 7154137 140722999132544 0 0 0 0 16781312 2 1 0 0 17 20 0 0 8 0 0 9727432 11029816 19795968 140722999135038 140722999135149 140722999135149 140722999136231 0
/proc/16/statm: 4421 3206 1512 723 0 2063 0
[pid=18] ppid=16 vsize=134252 memory=130896 CPUtime=470.27 cores=14-27,126-139
/proc/18/stat : 18 (bn4rust) R 16 16 0 0 -1 4194304 521080 0 17 0 46704 323 0 0 20 0 1 0 53412672 137474048 32724 67087892480 93914497511424 93914499378545 140724492194960 0 0 0 0 4096 1088 0 0 0 17 21 0 0 1 0 0 93914499636608 93914499683544 93914511978496 140724492196609 140724492196758 140724492196758 140724492197857 0
/proc/18/statm: 33563 32724 1061 456 0 31724 0
Current children cumulated CPU time: 470.31 s
Current children cumulated vsize: 151936 KiB
Current children cumulated memory: 143720 KiB

[startup+472.8 s]
/proc/loadavg: 8.00 9.32 14.62 9/2995 18
/proc/meminfo: memFree=465835208/527542180 swapFree=33544956/33554428
[pid=16] ppid=13 vsize=17684 memory=12824 CPUtime=0.04 cores=14-27,126-139
/proc/16/stat : 16 (python3) S 13 16 0 0 -1 4194304 1896 0 96 0 2 2 0 0 20 0 1 0 53412659 18108416 3206 67087892480 4194304 7154137 140722999132544 0 0 0 0 16781312 2 1 0 0 17 20 0 0 8 0 0 9727432 11029816 19795968 140722999135038 140722999135149 140722999135149 140722999136231 0
/proc/16/statm: 4421 3206 1512 723 0 2063 0
[pid=18] ppid=16 vsize=134252 memory=130896 CPUtime=471.07 cores=14-27,126-139
/proc/18/stat : 18 (bn4rust) R 16 16 0 0 -1 4194304 521080 0 17 0 46784 323 0 0 20 0 1 0 53412672 137474048 32724 67087892480 93914497511424 93914499378545 140724492194960 0 0 0 0 4096 1088 0 0 0 17 21 0 0 1 0 0 93914499636608 93914499683544 93914511978496 140724492196609 140724492196758 140724492196758 140724492197857 0
/proc/18/statm: 33563 32724 1061 456 0 31724 0
Current children cumulated CPU time: 471.11 s
Current children cumulated vsize: 151936 KiB
Current children cumulated memory: 143720 KiB

[startup+473.6 s]
/proc/loadavg: 8.00 9.32 14.62 9/2995 18
/proc/meminfo: memFree=465836784/527542180 swapFree=33544956/33554428
[pid=16] ppid=13 vsize=17684 memory=12824 CPUtime=0.04 cores=14-27,126-139
/proc/16/stat : 16 (python3) S 13 16 0 0 -1 4194304 1896 0 96 0 2 2 0 0 20 0 1 0 53412659 18108416 3206 67087892480 4194304 7154137 140722999132544 0 0 0 0 16781312 2 1 0 0 17 20 0 0 8 0 0 9727432 11029816 19795968 140722999135038 140722999135149 140722999135149 140722999136231 0
/proc/16/statm: 4421 3206 1512 723 0 2063 0
[pid=18] ppid=16 vsize=134252 memory=130896 CPUtime=471.87 cores=14-27,126-139
/proc/18/stat : 18 (bn4rust) R 16 16 0 0 -1 4194304 521080 0 17 0 46864 323 0 0 20 0 1 0 53412672 137474048 32724 67087892480 93914497511424 93914499378545 140724492194960 0 0 0 0 4096 1088 0 0 0 17 21 0 0 1 0 0 93914499636608 93914499683544 93914511978496 140724492196609 140724492196758 140724492196758 140724492197857 0
/proc/18/statm: 33563 32724 1061 456 0 31724 0
Current children cumulated CPU time: 471.91 s
Current children cumulated vsize: 151936 KiB
Current children cumulated memory: 143720 KiB

[startup+473.8 s]
/proc/loadavg: 8.00 9.32 14.62 9/2995 18
/proc/meminfo: memFree=465836784/527542180 swapFree=33544956/33554428
[pid=16] ppid=13 vsize=17684 memory=12824 CPUtime=0.04 cores=14-27,126-139
/proc/16/stat : 16 (python3) S 13 16 0 0 -1 4194304 1896 0 96 0 2 2 0 0 20 0 1 0 53412659 18108416 3206 67087892480 4194304 7154137 140722999132544 0 0 0 0 16781312 2 1 0 0 17 20 0 0 8 0 0 9727432 11029816 19795968 140722999135038 140722999135149 140722999135149 140722999136231 0
/proc/16/statm: 4421 3206 1512 723 0 2063 0
[pid=18] ppid=16 vsize=134252 memory=130896 CPUtime=472.07 cores=14-27,126-139
/proc/18/stat : 18 (bn4rust) R 16 16 0 0 -1 4194304 521080 0 17 0 46884 323 0 0 20 0 1 0 53412672 137474048 32724 67087892480 93914497511424 93914499378545 140724492194960 0 0 0 0 4096 1088 0 0 0 17 21 0 0 1 0 0 93914499636608 93914499683544 93914511978496 140724492196609 140724492196758 140724492196758 140724492197857 0
/proc/18/statm: 33563 32724 1061 456 0 31724 0
Current children cumulated CPU time: 472.11 s
Current children cumulated vsize: 151936 KiB
Current children cumulated memory: 143720 KiB

[startup+473.9 s]
/proc/loadavg: 8.00 9.32 14.62 9/2995 18
/proc/meminfo: memFree=465836784/527542180 swapFree=33544956/33554428
[pid=16] ppid=13 vsize=17684 memory=12824 CPUtime=0.04 cores=14-27,126-139
/proc/16/stat : 16 (python3) S 13 16 0 0 -1 4194304 1896 0 96 0 2 2 0 0 20 0 1 0 53412659 18108416 3206 67087892480 4194304 7154137 140722999132544 0 0 0 0 16781312 2 1 0 0 17 20 0 0 8 0 0 9727432 11029816 19795968 140722999135038 140722999135149 140722999135149 140722999136231 0
/proc/16/statm: 4421 3206 1512 723 0 2063 0
[pid=18] ppid=16 vsize=134252 memory=130896 CPUtime=472.16 cores=14-27,126-139
/proc/18/stat : 18 (bn4rust) R 16 16 0 0 -1 4194304 521080 0 17 0 46893 323 0 0 20 0 1 0 53412672 137474048 32724 67087892480 93914497511424 93914499378545 140724492194960 0 0 0 0 4096 1088 0 0 0 17 21 0 0 1 0 0 93914499636608 93914499683544 93914511978496 140724492196609 140724492196758 140724492196758 140724492197857 0
/proc/18/statm: 33563 32724 1061 456 0 31724 0
Current children cumulated CPU time: 472.2 s
Current children cumulated vsize: 151936 KiB
Current children cumulated memory: 143720 KiB

Child status: 0
Real time (s): 473.921
CPU time (s): 472.247
CPU user time (s): 468.983
CPU system time (s): 3.26425
CPU usage (%): 99.647
Max. virtual memory (cumulated for all children) (KiB): 326580
Max. memory (cumulated for all children) (KiB): 295208

getrusage(RUSAGE_CHILDREN,...) data:
user time used= 468.983
system time used= 3.26425
maximum resident set size= 299224
integral shared memory size= 0
integral unshared data size= 0
integral unshared stack size= 0
page reclaims= 522999
page faults= 115
swaps= 0
block input operations= 19808
block output operations= 8
messages sent= 0
messages received= 0
signals received= 0
voluntary context switches= 1041
involuntary context switches= 505


# summary of solver processes directly reported to runsolver:
#   pid: 16
#   total CPU time (s): 472.247
#   total CPU user time (s): 468.983
#   total CPU system time (s): 3.26425

??? join timestamper begins
??? join timestamper ends
??? end of timestamper thread
runsolver used 0.60563 second user time and 0.42144 second system time

The end
