# WCTIME: wall clock time in seconds
WCTIME=473.921
# CPUTIME: CPU time in seconds (USERTIME+SYSTEMTIME)
CPUTIME=472.247
# USERTIME: CPU time spent in user mode in seconds
USERTIME=468.983
# SYSTEMTIME: CPU time spent in system mode in seconds
SYSTEMTIME=3.26425
# CPUUSAGE: CPUTIME/WCTIME in percent
CPUUSAGE=99.647
# MAXVM: maximum virtual memory used in KiB
MAXVM=326580
# MAXMM: maximum memory used in KiB
MAXMM=295208
# MAXRSS: maximum Resident Segment Size in KiB
MAXRSS=299224
# TIMEOUT: did the solver exceed the time limit?
TIMEOUT=false
# MEMOUT: did the solver exceed the memory limit?
MEMOUT=false
# EXITSTATUS: Exit status of the solver
EXITSTATUS=0
