# WCTIME: wall clock time in seconds
WCTIME=0.166781
# CPUTIME: CPU time in seconds (USERTIME+SYSTEMTIME)
CPUTIME=0.055307
# USERTIME: CPU time spent in user mode in seconds
USERTIME=0.039556
# SYSTEMTIME: CPU time spent in system mode in seconds
SYSTEMTIME=0.015751
# CPUUSAGE: CPUTIME/WCTIME in percent
CPUUSAGE=33.1615
# MAXVM: maximum virtual memory used in KiB
MAXVM=15800
# MAXMM: maximum memory used in KiB
MAXMM=10104
# MAXRSS: maximum Resident Segment Size in KiB
MAXRSS=12628
# TIMEOUT: did the solver exceed the time limit?
TIMEOUT=false
# MEMOUT: did the solver exceed the memory limit?
MEMOUT=false
# EXITSTATUS: Exit status of the solver
EXITSTATUS=0
