# WCTIME: wall clock time in seconds
WCTIME=0.189394
# CPUTIME: CPU time in seconds (USERTIME+SYSTEMTIME)
CPUTIME=0.075895
# USERTIME: CPU time spent in user mode in seconds
USERTIME=0.039977
# SYSTEMTIME: CPU time spent in system mode in seconds
SYSTEMTIME=0.035918
# CPUUSAGE: CPUTIME/WCTIME in percent
CPUUSAGE=40.0725
# MAXVM: maximum virtual memory used in KiB
MAXVM=15800
# MAXMM: maximum memory used in KiB
MAXMM=10076
# MAXRSS: maximum Resident Segment Size in KiB
MAXRSS=12552
# TIMEOUT: did the solver exceed the time limit?
TIMEOUT=false
# MEMOUT: did the solver exceed the memory limit?
MEMOUT=false
# EXITSTATUS: Exit status of the solver
EXITSTATUS=0
