# WCTIME: wall clock time in seconds
WCTIME=340.31
# CPUTIME: CPU time in seconds (USERTIME+SYSTEMTIME)
CPUTIME=338.216
# USERTIME: CPU time spent in user mode in seconds
USERTIME=336.255
# SYSTEMTIME: CPU time spent in system mode in seconds
SYSTEMTIME=1.96096
# CPUUSAGE: CPUTIME/WCTIME in percent
CPUUSAGE=99.3848
# MAXVM: maximum virtual memory used in KiB
MAXVM=89468
# MAXMM: maximum memory used in KiB
MAXMM=79256
# MAXRSS: maximum Resident Segment Size in KiB
MAXRSS=68632
# TIMEOUT: did the solver exceed the time limit?
TIMEOUT=false
# MEMOUT: did the solver exceed the memory limit?
MEMOUT=false
# EXITSTATUS: Exit status of the solver
EXITSTATUS=0
