runsolver version 3.4.1 (svn: 3018) Copyright (C) 2010-2013 Olivier ROUSSEL

This program is distributed in the hope that it will be useful,
but WITHOUT ANY WARRANTY; without even the implied warranty of
MERCHANTABILITY or FITNESS FOR A PARTICULAR PURPOSE.  See the
GNU General Public License for more details.

NUMA information:
  number of nodes: 8
  memory of node 0: 63700 MiB (54993 MiB free)
  memory of node 1: 64504 MiB (58492 MiB free)
  memory of node 2: 64461 MiB (59856 MiB free)
  memory of node 3: 64504 MiB (57092 MiB free)
  memory of node 4: 64504 MiB (56881 MiB free)
  memory of node 5: 64504 MiB (22465 MiB free)
  memory of node 6: 64504 MiB (56984 MiB free)
  memory of node 7: 64491 MiB (57659 MiB free)
  node distances:
     10  12  12  12  21  21  21  21
     12  10  12  12  21  21  21  21
     12  12  10  12  21  21  21  21
     12  12  12  10  21  21  21  21
     21  21  21  21  10  12  12  12
     21  21  21  21  12  10  12  12
     21  21  21  21  12  12  10  12
     21  21  21  21  12  12  12  10

command line: /usr/local/bin/runsolver --timestamp -w /output/runsolver-watch.log -v /output/runsolver-values.log -o /output/solver-output.log -C 1800.0 -W 1800.0 -R 64000 /opt/solver/run_pyboolnet.py --instance /input/model_059.bnet 

running on 14 cores: 84-87,100-103,196-199,216-217

Enforcing CPUTime limit (soft limit, will send SIGTERM then SIGKILL): 1800 seconds
Enforcing CPUTime limit (hard limit, will send SIGXCPU): 1830 seconds
Enforcing wall clock limit (soft limit, will send SIGTERM then SIGKILL): 1800 seconds
Enforcing RSS+Swap limit (soft limit, will send SIGTERM then SIGKILL): 65536000 KiB
Linux 4.18.0-553.126.1.el8_10.x86_64
Current StackSize limit: 18014398509481983 KiB

solver pid=16, runsolver pid=13

[startup+0.100083 s]*
/proc/loadavg: 69.91 70.08 70.23 71/3340 17
/proc/meminfo: memFree=434484920/527542220 swapFree=30298028/33554428
[pid=16] ppid=13 vsize=15152 memory=9600 CPUtime=0.02 cores=56-59,84-87,100-105,168-171,196-199,212-217
/proc/16/stat : 16 (python3) R 13 16 0 0 -1 4194304 1182 0 59 0 2 0 0 0 20 0 1 0 522810667 15515648 2400 67087892480 94332595904512 94332599175213 140735753976128 0 0 0 0 16781312 2 1 0 0 17 198 0 0 6 0 0 94332601538576 94332601822616 94332604219392 140735753980673 140735753980743 140735753980743 140735753981927 0
/proc/16/statm: 3788 2400 1410 799 0 1395 0
Current children cumulated CPU time: 0.02 s
Current children cumulated vsize: 15152 KiB
Current children cumulated memory: 9600 KiB

[startup+0.200618 s]*
/proc/loadavg: 69.91 70.08 70.23 75/3338 17
/proc/meminfo: memFree=434476200/527542220 swapFree=30298028/33554428
[pid=16] ppid=13 vsize=19860 memory=14780 CPUtime=0.06 cores=56-59,84-87,100-105,168-171,196-199,212-217
/proc/16/stat : 16 (python3) R 13 16 0 0 -1 4194304 2422 0 78 0 5 1 0 0 20 0 1 0 522810667 20336640 3695 67087892480 94332595904512 94332599175213 140735753976128 0 0 0 0 16781312 2 0 0 0 17 198 0 0 10 0 0 94332601538576 94332601822616 94332604219392 140735753980673 140735753980743 140735753980743 140735753981927 0
/proc/16/statm: 4965 3695 1579 799 0 2477 0
Current children cumulated CPU time: 0.06 s
Current children cumulated vsize: 19860 KiB
Current children cumulated memory: 14780 KiB

[startup+0.30046 s]*
/proc/loadavg: 69.91 70.08 70.23 70/3338 17
/proc/meminfo: memFree=434575832/527542220 swapFree=30298028/33554428
[pid=16] ppid=13 vsize=26104 memory=20952 CPUtime=0.13 cores=56-59,84-87,100-105,168-171,196-199,212-217
/proc/16/stat : 16 (python3) S 13 16 0 0 -1 4194304 3967 0 81 0 10 3 0 0 20 0 1 0 522810667 26730496 5238 67087892480 94332595904512 94332599175213 140735753976128 0 0 0 0 16781312 2 1 0 0 17 198 0 0 13 0 0 94332601538576 94332601822616 94332604219392 140735753980673 140735753980743 140735753980743 140735753981927 0
/proc/16/statm: 6526 5238 1670 799 0 4038 0
Current children cumulated CPU time: 0.13 s
Current children cumulated vsize: 26104 KiB
Current children cumulated memory: 20952 KiB

[startup+0.700193 s]
/proc/loadavg: 69.91 70.08 70.23 71/3338 17
/proc/meminfo: memFree=434577304/527542220 swapFree=30298028/33554428
[pid=16] ppid=13 vsize=128752 memory=46448 CPUtime=0.28 cores=56-59,84-87,100-105,168-171,196-199,212-217
/proc/16/stat : 16 (python3) D 13 16 0 0 -1 4194304 8277 0 246 0 20 8 0 0 20 0 1 0 522810667 131842048 11612 67087892480 94332595904512 94332599175213 140735753976128 0 0 0 0 16781312 2 0 0 0 17 198 0 0 33 0 0 94332601538576 94332601822616 94332604219392 140735753980673 140735753980743 140735753980743 140735753981927 0
/proc/16/statm: 32188 11612 3998 799 0 16422 0
Current children cumulated CPU time: 0.28 s
Current children cumulated vsize: 128752 KiB
Current children cumulated memory: 46448 KiB

[startup+1.50023 s]
/proc/loadavg: 69.91 70.08 70.23 71/3340 19
/proc/meminfo: memFree=434656936/527542220 swapFree=30298028/33554428
[pid=16] ppid=13 vsize=224948 memory=70912 CPUtime=0.78 cores=56-59,84-87,100-105,168-171,196-199,212-217
/proc/16/stat : 16 (python3) I 13 16 0 0 -1 4194304 13223 0 298 0 66 12 0 0 20 0 1 0 522810667 230346752 17728 67087892480 94332595904512 94332599175213 140735753976128 0 0 0 0 16781312 2 0 0 0 17 198 0 0 50 0 0 94332601538576 94332601822616 94332604219392 140735753980673 140735753980743 140735753980743 140735753981927 0
/proc/16/statm: 56237 17728 5233 799 0 22944 0
Current children cumulated CPU time: 0.78 s
Current children cumulated vsize: 224948 KiB
Current children cumulated memory: 70912 KiB

[startup+3.1005 s]
/proc/loadavg: 69.91 70.08 70.23 71/3340 21
/proc/meminfo: memFree=434441860/527542220 swapFree=30298028/33554428
[pid=16] ppid=13 vsize=222556 memory=72276 CPUtime=0.81 cores=56-59,84-87,100-105,168-171,196-199,212-217
/proc/16/stat : 16 (python3) S 13 16 0 0 -1 4194304 13562 152 298 4 67 12 2 0 20 0 1 0 522810667 227897344 18069 67087892480 94332595904512 94332599175213 140735753976128 0 0 0 0 16781312 2 1 0 0 17 58 0 0 50 0 0 94332601538576 94332601822616 94332604219392 140735753980673 140735753980743 140735753980743 140735753981927 0
/proc/16/statm: 55639 18069 5233 799 0 22346 0
[pid=21] ppid=16 vsize=64176 memory=25028 CPUtime=1.42 cores=56-59,84-87,100-105,168-171,196-199,212-217
/proc/21/stat : 21 (NuSMVa_linux64) R 16 16 0 0 -1 4194304 3272 0 73 0 142 0 0 0 20 0 1 0 522810828 65716224 6257 67087892480 4194304 7931321 140727184594080 0 0 0 0 0 512 0 0 0 17 57 0 0 5 0 0 10030016 10037704 12009472 140727184599592 140727184599730 140727184599730 140727184600998 0
/proc/21/statm: 16044 6257 1741 913 0 4846 0
Current children cumulated CPU time: 2.23 s
Current children cumulated vsize: 286732 KiB
Current children cumulated memory: 97304 KiB
heavy processes:

[startup+6.30026 s]
/proc/loadavg: 69.92 70.08 70.22 75/3340 21
/proc/meminfo: memFree=434518596/527542220 swapFree=30298028/33554428
[pid=16] ppid=13 vsize=222556 memory=72276 CPUtime=0.81 cores=56-59,84-87,100-105,168-171,196-199,212-217
/proc/16/stat : 16 (python3) S 13 16 0 0 -1 4194304 13562 152 298 4 67 12 2 0 20 0 1 0 522810667 227897344 18069 67087892480 94332595904512 94332599175213 140735753976128 0 0 0 0 16781312 2 1 0 0 17 58 0 0 50 0 0 94332601538576 94332601822616 94332604219392 140735753980673 140735753980743 140735753980743 140735753981927 0
/proc/16/statm: 55639 18069 5233 799 0 22346 0
[pid=21] ppid=16 vsize=71260 memory=32352 CPUtime=4.61 cores=56-59,84-87,100-105,168-171,196-199,212-217
/proc/21/stat : 21 (NuSMVa_linux64) R 16 16 0 0 -1 4194304 5078 0 73 0 460 1 0 0 20 0 1 0 522810828 72970240 8088 67087892480 4194304 7931321 140727184594080 0 0 0 0 0 512 0 0 0 17 57 0 0 5 0 0 10030016 10037704 12009472 140727184599592 140727184599730 140727184599730 140727184600998 0
/proc/21/statm: 17815 8088 1741 913 0 6617 0
Current children cumulated CPU time: 5.42 s
Current children cumulated vsize: 293816 KiB
Current children cumulated memory: 104628 KiB

[startup+12.7003 s]
/proc/loadavg: 69.93 70.08 70.22 71/3341 21
/proc/meminfo: memFree=434395724/527542220 swapFree=30298028/33554428
[pid=16] ppid=13 vsize=222556 memory=72276 CPUtime=0.81 cores=56-59,84-87,100-105,168-171,196-199,212-217
/proc/16/stat : 16 (python3) S 13 16 0 0 -1 4194304 13562 152 298 4 67 12 2 0 20 0 1 0 522810667 227897344 18069 67087892480 94332595904512 94332599175213 140735753976128 0 0 0 0 16781312 2 1 0 0 17 58 0 0 50 0 0 94332601538576 94332601822616 94332604219392 140735753980673 140735753980743 140735753980743 140735753981927 0
/proc/16/statm: 55639 18069 5233 799 0 22346 0
[pid=21] ppid=16 vsize=97000 memory=58064 CPUtime=10.98 cores=56-59,84-87,100-105,168-171,196-199,212-217
/proc/21/stat : 21 (NuSMVa_linux64) R 16 16 0 0 -1 4194304 9968 0 73 0 1096 2 0 0 20 0 1 0 522810828 99328000 14516 67087892480 4194304 7931321 140727184594080 0 0 0 0 0 512 0 0 0 17 57 0 0 5 0 0 10030016 10037704 12009472 140727184599592 140727184599730 140727184599730 140727184600998 0
/proc/21/statm: 24250 14516 1741 913 0 13052 0
Current children cumulated CPU time: 11.79 s
Current children cumulated vsize: 319556 KiB
Current children cumulated memory: 130340 KiB

[startup+25.5003 s]
/proc/loadavg: 69.94 70.08 70.22 71/3342 21
/proc/meminfo: memFree=434093924/527542220 swapFree=30298028/33554428
[pid=16] ppid=13 vsize=222556 memory=72276 CPUtime=0.81 cores=56-59,84-87,100-105,168-171,196-199,212-217
/proc/16/stat : 16 (python3) S 13 16 0 0 -1 4194304 13562 152 298 4 67 12 2 0 20 0 1 0 522810667 227897344 18069 67087892480 94332595904512 94332599175213 140735753976128 0 0 0 0 16781312 2 1 0 0 17 58 0 0 50 0 0 94332601538576 94332601822616 94332604219392 140735753980673 140735753980743 140735753980743 140735753981927 0
/proc/16/statm: 55639 18069 5233 799 0 22346 0
[pid=21] ppid=16 vsize=124764 memory=85756 CPUtime=23.73 cores=56-59,84-87,100-105,168-171,196-199,212-217
/proc/21/stat : 21 (NuSMVa_linux64) R 16 16 0 0 -1 4194304 16908 0 73 0 2370 3 0 0 20 0 1 0 522810828 127758336 21439 67087892480 4194304 7931321 140727184594080 0 0 0 0 0 512 0 0 0 17 57 0 0 5 0 0 10030016 10037704 12009472 140727184599592 140727184599730 140727184599730 140727184600998 0
/proc/21/statm: 31191 21439 1741 913 0 19993 0
Current children cumulated CPU time: 24.54 s
Current children cumulated vsize: 347320 KiB
Current children cumulated memory: 158032 KiB

[startup+51.1006 s]
/proc/loadavg: 69.96 70.07 70.21 71/3343 21
/proc/meminfo: memFree=434273144/527542220 swapFree=30298028/33554428
[pid=16] ppid=13 vsize=222556 memory=72276 CPUtime=0.81 cores=56-59,84-87,100-105,168-171,196-199,212-217
/proc/16/stat : 16 (python3) S 13 16 0 0 -1 4194304 13562 152 298 4 67 12 2 0 20 0 1 0 522810667 227897344 18069 67087892480 94332595904512 94332599175213 140735753976128 0 0 0 0 16781312 2 1 0 0 17 58 0 0 50 0 0 94332601538576 94332601822616 94332604219392 140735753980673 140735753980743 140735753980743 140735753981927 0
/proc/16/statm: 55639 18069 5233 799 0 22346 0
[pid=21] ppid=16 vsize=168008 memory=129024 CPUtime=49.22 cores=56-59,84-87,100-105,168-171,196-199,212-217
/proc/21/stat : 21 (NuSMVa_linux64) R 16 16 0 0 -1 4194304 27726 0 73 0 4917 5 0 0 20 0 1 0 522810828 172040192 32256 67087892480 4194304 7931321 140727184594080 0 0 0 0 0 512 0 0 0 17 57 0 0 5 0 0 10030016 10037704 12009472 140727184599592 140727184599730 140727184599730 140727184600998 0
/proc/21/statm: 42002 32256 1741 913 0 30804 0
Current children cumulated CPU time: 50.03 s
Current children cumulated vsize: 390564 KiB
Current children cumulated memory: 201300 KiB

[startup+102.3 s]
/proc/loadavg: 70.05 70.07 70.20 71/3344 21
/proc/meminfo: memFree=434614484/527542220 swapFree=30298028/33554428
[pid=16] ppid=13 vsize=222556 memory=72276 CPUtime=0.81 cores=56-59,84-87,100-105,168-171,196-199,212-217
/proc/16/stat : 16 (python3) S 13 16 0 0 -1 4194304 13562 152 298 4 67 12 2 0 20 0 1 0 522810667 227897344 18069 67087892480 94332595904512 94332599175213 140735753976128 0 0 0 0 16781312 2 1 0 0 17 58 0 0 50 0 0 94332601538576 94332601822616 94332604219392 140735753980673 140735753980743 140735753980743 140735753981927 0
/proc/16/statm: 55639 18069 5233 799 0 22346 0
[pid=21] ppid=16 vsize=174504 memory=135564 CPUtime=100.19 cores=56-59,84-87,100-105,168-171,196-199,212-217
/proc/21/stat : 21 (NuSMVa_linux64) R 16 16 0 0 -1 4194304 82253 0 73 0 10008 11 0 0 20 0 1 0 522810828 178692096 33891 67087892480 4194304 7931321 140727184594080 0 0 0 0 0 512 0 0 0 17 168 0 0 5 0 0 10030016 10037704 12009472 140727184599592 140727184599730 140727184599730 140727184600998 0
/proc/21/statm: 43626 33891 1741 913 0 32428 0
Current children cumulated CPU time: 101 s
Current children cumulated vsize: 397060 KiB
Current children cumulated memory: 207840 KiB

[startup+162.3 s]
/proc/loadavg: 70.06 70.07 70.19 71/3346 21
/proc/meminfo: memFree=434140488/527542220 swapFree=30298028/33554428
[pid=16] ppid=13 vsize=222556 memory=72276 CPUtime=0.81 cores=56-59,84-87,100-105,168-171,196-199,212-217
/proc/16/stat : 16 (python3) S 13 16 0 0 -1 4194304 13562 152 298 4 67 12 2 0 20 0 1 0 522810667 227897344 18069 67087892480 94332595904512 94332599175213 140735753976128 0 0 0 0 16781312 2 1 0 0 17 58 0 0 50 0 0 94332601538576 94332601822616 94332604219392 140735753980673 140735753980743 140735753980743 140735753981927 0
/proc/16/statm: 55639 18069 5233 799 0 22346 0
[pid=21] ppid=16 vsize=254532 memory=215368 CPUtime=159.95 cores=56-59,84-87,100-105,168-171,196-199,212-217
/proc/21/stat : 21 (NuSMVa_linux64) R 16 16 0 0 -1 4194304 102615 0 73 0 15980 15 0 0 20 0 1 0 522810828 260640768 53842 67087892480 4194304 7931321 140727184594080 0 0 0 0 0 512 0 0 0 17 168 0 0 5 0 0 10030016 10037704 12009472 140727184599592 140727184599730 140727184599730 140727184600998 0
/proc/21/statm: 63633 53842 1741 913 0 52435 0
Current children cumulated CPU time: 160.76 s
Current children cumulated vsize: 477088 KiB
Current children cumulated memory: 287644 KiB

[startup+222.3 s]
/proc/loadavg: 70.23 70.10 70.19 72/3337 21
/proc/meminfo: memFree=434516096/527542220 swapFree=30298028/33554428
[pid=16] ppid=13 vsize=222556 memory=72276 CPUtime=0.81 cores=56-59,84-87,100-105,168-171,196-199,212-217
/proc/16/stat : 16 (python3) S 13 16 0 0 -1 4194304 13562 152 298 4 67 12 2 0 20 0 1 0 522810667 227897344 18069 67087892480 94332595904512 94332599175213 140735753976128 0 0 0 0 16781312 2 1 0 0 17 58 0 0 50 0 0 94332601538576 94332601822616 94332604219392 140735753980673 140735753980743 140735753980743 140735753981927 0
/proc/16/statm: 55639 18069 5233 799 0 22346 0
[pid=21] ppid=16 vsize=256068 memory=216952 CPUtime=219.72 cores=56-59,84-87,100-105,168-171,196-199,212-217
/proc/21/stat : 21 (NuSMVa_linux64) R 16 16 0 0 -1 4194304 102999 0 73 0 21956 16 0 0 20 0 1 0 522810828 262213632 54238 67087892480 4194304 7931321 140727184594080 0 0 0 0 0 512 0 0 0 17 168 0 0 5 0 0 10030016 10037704 12009472 140727184599592 140727184599730 140727184599730 140727184600998 0
/proc/21/statm: 64017 54238 1741 913 0 52819 0
Current children cumulated CPU time: 220.53 s
Current children cumulated vsize: 478624 KiB
Current children cumulated memory: 289228 KiB

[startup+282.3 s]
/proc/loadavg: 70.01 70.07 70.17 71/3336 21
/proc/meminfo: memFree=434332632/527542220 swapFree=30298028/33554428
[pid=16] ppid=13 vsize=222556 memory=72276 CPUtime=0.81 cores=56-59,84-87,100-105,168-171,196-199,212-217
/proc/16/stat : 16 (python3) S 13 16 0 0 -1 4194304 13562 152 298 4 67 12 2 0 20 0 1 0 522810667 227897344 18069 67087892480 94332595904512 94332599175213 140735753976128 0 0 0 0 16781312 2 1 0 0 17 58 0 0 50 0 0 94332601538576 94332601822616 94332604219392 140735753980673 140735753980743 140735753980743 140735753981927 0
/proc/16/statm: 55639 18069 5233 799 0 22346 0
[pid=21] ppid=16 vsize=262212 memory=223012 CPUtime=279.46 cores=56-59,84-87,100-105,168-171,196-199,212-217
/proc/21/stat : 21 (NuSMVa_linux64) R 16 16 0 0 -1 4194304 104538 0 73 0 27930 16 0 0 20 0 1 0 522810828 268505088 55753 67087892480 4194304 7931321 140727184594080 0 0 0 0 0 512 0 0 0 17 168 0 0 5 0 0 10030016 10037704 12009472 140727184599592 140727184599730 140727184599730 140727184600998 0
/proc/21/statm: 65553 55753 1741 913 0 54355 0
Current children cumulated CPU time: 280.27 s
Current children cumulated vsize: 484768 KiB
Current children cumulated memory: 295288 KiB

[startup+342.3 s]
/proc/loadavg: 71.50 70.43 70.29 71/3334 21
/proc/meminfo: memFree=461232848/527542220 swapFree=30298028/33554428
[pid=16] ppid=13 vsize=222556 memory=72276 CPUtime=0.81 cores=56-59,84-87,100-105,168-171,196-199,212-217
/proc/16/stat : 16 (python3) S 13 16 0 0 -1 4194304 13562 152 298 4 67 12 2 0 20 0 1 0 522810667 227897344 18069 67087892480 94332595904512 94332599175213 140735753976128 0 0 0 0 16781312 2 1 0 0 17 58 0 0 50 0 0 94332601538576 94332601822616 94332604219392 140735753980673 140735753980743 140735753980743 140735753981927 0
/proc/16/statm: 55639 18069 5233 799 0 22346 0
[pid=21] ppid=16 vsize=262212 memory=223272 CPUtime=339.21 cores=56-59,84-87,100-105,168-171,196-199,212-217
/proc/21/stat : 21 (NuSMVa_linux64) R 16 16 0 0 -1 4194304 104545 0 73 0 33905 16 0 0 20 0 1 0 522810828 268505088 55818 67087892480 4194304 7931321 140727184594080 0 0 0 0 0 512 0 0 0 17 168 0 0 5 0 0 10030016 10037704 12009472 140727184599592 140727184599730 140727184599730 140727184600998 0
/proc/21/statm: 65553 55818 1741 913 0 54355 0
Current children cumulated CPU time: 340.02 s
Current children cumulated vsize: 484768 KiB
Current children cumulated memory: 295548 KiB

[startup+402.3 s]
/proc/loadavg: 70.55 70.35 70.27 71/3332 21
/proc/meminfo: memFree=461414532/527542220 swapFree=30298028/33554428
[pid=16] ppid=13 vsize=222556 memory=72276 CPUtime=0.81 cores=56-59,84-87,100-105,168-171,196-199,212-217
/proc/16/stat : 16 (python3) S 13 16 0 0 -1 4194304 13562 152 298 4 67 12 2 0 20 0 1 0 522810667 227897344 18069 67087892480 94332595904512 94332599175213 140735753976128 0 0 0 0 16781312 2 1 0 0 17 58 0 0 50 0 0 94332601538576 94332601822616 94332604219392 140735753980673 140735753980743 140735753980743 140735753981927 0
/proc/16/statm: 55639 18069 5233 799 0 22346 0
[pid=21] ppid=16 vsize=262212 memory=223272 CPUtime=398.97 cores=56-59,84-87,100-105,168-171,196-199,212-217
/proc/21/stat : 21 (NuSMVa_linux64) R 16 16 0 0 -1 4194304 104552 0 73 0 39881 16 0 0 20 0 1 0 522810828 268505088 55818 67087892480 4194304 7931321 140727184594080 0 0 0 0 0 512 0 0 0 17 168 0 0 5 0 0 10030016 10037704 12009472 140727184599592 140727184599730 140727184599730 140727184600998 0
/proc/21/statm: 65553 55818 1741 913 0 54355 0
Current children cumulated CPU time: 399.78 s
Current children cumulated vsize: 484768 KiB
Current children cumulated memory: 295548 KiB

[startup+462.3 s]
/proc/loadavg: 70.20 70.28 70.25 71/3331 21
/proc/meminfo: memFree=461087700/527542220 swapFree=30298028/33554428
[pid=16] ppid=13 vsize=222556 memory=72276 CPUtime=0.81 cores=56-59,84-87,100-105,168-171,196-199,212-217
/proc/16/stat : 16 (python3) S 13 16 0 0 -1 4194304 13562 152 298 4 67 12 2 0 20 0 1 0 522810667 227897344 18069 67087892480 94332595904512 94332599175213 140735753976128 0 0 0 0 16781312 2 1 0 0 17 58 0 0 50 0 0 94332601538576 94332601822616 94332604219392 140735753980673 140735753980743 140735753980743 140735753981927 0
/proc/16/statm: 55639 18069 5233 799 0 22346 0
[pid=21] ppid=16 vsize=262212 memory=223272 CPUtime=458.73 cores=56-59,84-87,100-105,168-171,196-199,212-217
/proc/21/stat : 21 (NuSMVa_linux64) R 16 16 0 0 -1 4194304 104559 0 73 0 45857 16 0 0 20 0 1 0 522810828 268505088 55818 67087892480 4194304 7931321 140727184594080 0 0 0 0 0 512 0 0 0 17 168 0 0 5 0 0 10030016 10037704 12009472 140727184599592 140727184599730 140727184599730 140727184600998 0
/proc/21/statm: 65553 55818 1741 913 0 54355 0
Current children cumulated CPU time: 459.54 s
Current children cumulated vsize: 484768 KiB
Current children cumulated memory: 295548 KiB

[startup+522.3 s]
/proc/loadavg: 70.07 70.23 70.23 71/3324 21
/proc/meminfo: memFree=461620912/527542220 swapFree=30298028/33554428
[pid=16] ppid=13 vsize=222556 memory=72276 CPUtime=0.81 cores=56-59,84-87,100-105,168-171,196-199,212-217
/proc/16/stat : 16 (python3) S 13 16 0 0 -1 4194304 13562 152 298 4 67 12 2 0 20 0 1 0 522810667 227897344 18069 67087892480 94332595904512 94332599175213 140735753976128 0 0 0 0 16781312 2 1 0 0 17 58 0 0 50 0 0 94332601538576 94332601822616 94332604219392 140735753980673 140735753980743 140735753980743 140735753981927 0
/proc/16/statm: 55639 18069 5233 799 0 22346 0
[pid=21] ppid=16 vsize=262212 memory=223272 CPUtime=518.5 cores=56-59,84-87,100-105,168-171,196-199,212-217
/proc/21/stat : 21 (NuSMVa_linux64) R 16 16 0 0 -1 4194304 104566 0 73 0 51833 17 0 0 20 0 1 0 522810828 268505088 55818 67087892480 4194304 7931321 140727184594080 0 0 0 0 0 512 0 0 0 17 168 0 0 5 0 0 10030016 10037704 12009472 140727184599592 140727184599730 140727184599730 140727184600998 0
/proc/21/statm: 65553 55818 1741 913 0 54355 0
Current children cumulated CPU time: 519.31 s
Current children cumulated vsize: 484768 KiB
Current children cumulated memory: 295548 KiB

[startup+582.3 s]
/proc/loadavg: 70.65 70.38 70.28 71/3320 21
/proc/meminfo: memFree=461426640/527542220 swapFree=30298028/33554428
[pid=16] ppid=13 vsize=222556 memory=72276 CPUtime=0.81 cores=56-59,84-87,100-105,168-171,196-199,212-217
/proc/16/stat : 16 (python3) S 13 16 0 0 -1 4194304 13562 152 298 4 67 12 2 0 20 0 1 0 522810667 227897344 18069 67087892480 94332595904512 94332599175213 140735753976128 0 0 0 0 16781312 2 1 0 0 17 58 0 0 50 0 0 94332601538576 94332601822616 94332604219392 140735753980673 140735753980743 140735753980743 140735753981927 0
/proc/16/statm: 55639 18069 5233 799 0 22346 0
[pid=21] ppid=16 vsize=262212 memory=223272 CPUtime=578.26 cores=56-59,84-87,100-105,168-171,196-199,212-217
/proc/21/stat : 21 (NuSMVa_linux64) R 16 16 0 0 -1 4194304 104573 0 73 0 57809 17 0 0 20 0 1 0 522810828 268505088 55818 67087892480 4194304 7931321 140727184594080 0 0 0 0 0 512 0 0 0 17 168 0 0 5 0 0 10030016 10037704 12009472 140727184599592 140727184599730 140727184599730 140727184600998 0
/proc/21/statm: 65553 55818 1741 913 0 54355 0
Current children cumulated CPU time: 579.07 s
Current children cumulated vsize: 484768 KiB
Current children cumulated memory: 295548 KiB

[startup+642.3 s]
/proc/loadavg: 70.24 70.31 70.26 71/3309 21
/proc/meminfo: memFree=462111608/527542220 swapFree=30298028/33554428
[pid=16] ppid=13 vsize=222556 memory=72276 CPUtime=0.81 cores=56-59,84-87,100-105,168-171,196-199,212-217
/proc/16/stat : 16 (python3) S 13 16 0 0 -1 4194304 13562 152 298 4 67 12 2 0 20 0 1 0 522810667 227897344 18069 67087892480 94332595904512 94332599175213 140735753976128 0 0 0 0 16781312 2 1 0 0 17 58 0 0 50 0 0 94332601538576 94332601822616 94332604219392 140735753980673 140735753980743 140735753980743 140735753981927 0
/proc/16/statm: 55639 18069 5233 799 0 22346 0
[pid=21] ppid=16 vsize=262212 memory=223272 CPUtime=638.04 cores=56-59,84-87,100-105,168-171,196-199,212-217
/proc/21/stat : 21 (NuSMVa_linux64) R 16 16 0 0 -1 4194304 104580 0 73 0 63787 17 0 0 20 0 1 0 522810828 268505088 55818 67087892480 4194304 7931321 140727184594080 0 0 0 0 0 512 0 0 0 17 168 0 0 5 0 0 10030016 10037704 12009472 140727184599592 140727184599730 140727184599730 140727184600998 0
/proc/21/statm: 65553 55818 1741 913 0 54355 0
Current children cumulated CPU time: 638.85 s
Current children cumulated vsize: 484768 KiB
Current children cumulated memory: 295548 KiB

[startup+702.3 s]
/proc/loadavg: 70.53 70.44 70.31 87/3306 21
/proc/meminfo: memFree=461872652/527542220 swapFree=30298028/33554428
[pid=16] ppid=13 vsize=222556 memory=72276 CPUtime=0.81 cores=56-59,84-87,100-105,168-171,196-199,212-217
/proc/16/stat : 16 (python3) S 13 16 0 0 -1 4194304 13562 152 298 4 67 12 2 0 20 0 1 0 522810667 227897344 18069 67087892480 94332595904512 94332599175213 140735753976128 0 0 0 0 16781312 2 1 0 0 17 58 0 0 50 0 0 94332601538576 94332601822616 94332604219392 140735753980673 140735753980743 140735753980743 140735753981927 0
/proc/16/statm: 55639 18069 5233 799 0 22346 0
[pid=21] ppid=16 vsize=262212 memory=223272 CPUtime=697.81 cores=56-59,84-87,100-105,168-171,196-199,212-217
/proc/21/stat : 21 (NuSMVa_linux64) R 16 16 0 0 -1 4194304 104587 0 73 0 69764 17 0 0 20 0 1 0 522810828 268505088 55818 67087892480 4194304 7931321 140727184594080 0 0 0 0 0 512 0 0 0 17 168 0 0 5 0 0 10030016 10037704 12009472 140727184599592 140727184599730 140727184599730 140727184600998 0
/proc/21/statm: 65553 55818 1741 913 0 54355 0
Current children cumulated CPU time: 698.62 s
Current children cumulated vsize: 484768 KiB
Current children cumulated memory: 295548 KiB

[startup+762.3 s]
/proc/loadavg: 70.19 70.36 70.29 71/3306 21
/proc/meminfo: memFree=462427280/527542220 swapFree=30298028/33554428
[pid=16] ppid=13 vsize=222556 memory=72276 CPUtime=0.81 cores=56-59,84-87,100-105,168-171,196-199,212-217
/proc/16/stat : 16 (python3) S 13 16 0 0 -1 4194304 13562 152 298 4 67 12 2 0 20 0 1 0 522810667 227897344 18069 67087892480 94332595904512 94332599175213 140735753976128 0 0 0 0 16781312 2 1 0 0 17 58 0 0 50 0 0 94332601538576 94332601822616 94332604219392 140735753980673 140735753980743 140735753980743 140735753981927 0
/proc/16/statm: 55639 18069 5233 799 0 22346 0
[pid=21] ppid=16 vsize=262212 memory=223272 CPUtime=757.59 cores=56-59,84-87,100-105,168-171,196-199,212-217
/proc/21/stat : 21 (NuSMVa_linux64) R 16 16 0 0 -1 4194304 104594 0 73 0 75742 17 0 0 20 0 1 0 522810828 268505088 55818 67087892480 4194304 7931321 140727184594080 0 0 0 0 0 512 0 0 0 17 168 0 0 5 0 0 10030016 10037704 12009472 140727184599592 140727184599730 140727184599730 140727184600998 0
/proc/21/statm: 65553 55818 1741 913 0 54355 0
Current children cumulated CPU time: 758.4 s
Current children cumulated vsize: 484768 KiB
Current children cumulated memory: 295548 KiB

[startup+822.3 s]
/proc/loadavg: 70.23 70.34 70.28 71/3306 21
/proc/meminfo: memFree=462071704/527542220 swapFree=30298028/33554428
[pid=16] ppid=13 vsize=222556 memory=72276 CPUtime=0.81 cores=56-59,84-87,100-105,168-171,196-199,212-217
/proc/16/stat : 16 (python3) S 13 16 0 0 -1 4194304 13562 152 298 4 67 12 2 0 20 0 1 0 522810667 227897344 18069 67087892480 94332595904512 94332599175213 140735753976128 0 0 0 0 16781312 2 1 0 0 17 58 0 0 50 0 0 94332601538576 94332601822616 94332604219392 140735753980673 140735753980743 140735753980743 140735753981927 0
/proc/16/statm: 55639 18069 5233 799 0 22346 0
[pid=21] ppid=16 vsize=262212 memory=223272 CPUtime=817.35 cores=56-59,84-87,100-105,168-171,196-199,212-217
/proc/21/stat : 21 (NuSMVa_linux64) R 16 16 0 0 -1 4194304 104601 0 73 0 81718 17 0 0 20 0 1 0 522810828 268505088 55818 67087892480 4194304 7931321 140727184594080 0 0 0 0 0 512 0 0 0 17 168 0 0 5 0 0 10030016 10037704 12009472 140727184599592 140727184599730 140727184599730 140727184600998 0
/proc/21/statm: 65553 55818 1741 913 0 54355 0
Current children cumulated CPU time: 818.16 s
Current children cumulated vsize: 484768 KiB
Current children cumulated memory: 295548 KiB

[startup+882.3 s]
/proc/loadavg: 70.13 70.29 70.27 71/3257 21
/proc/meminfo: memFree=463727820/527542220 swapFree=30298028/33554428
[pid=16] ppid=13 vsize=222556 memory=72276 CPUtime=0.81 cores=56-59,84-87,100-105,168-171,196-199,212-217
/proc/16/stat : 16 (python3) S 13 16 0 0 -1 4194304 13562 152 298 4 67 12 2 0 20 0 1 0 522810667 227897344 18069 67087892480 94332595904512 94332599175213 140735753976128 0 0 0 0 16781312 2 1 0 0 17 58 0 0 50 0 0 94332601538576 94332601822616 94332604219392 140735753980673 140735753980743 140735753980743 140735753981927 0
/proc/16/statm: 55639 18069 5233 799 0 22346 0
[pid=21] ppid=16 vsize=262212 memory=223272 CPUtime=877.11 cores=56-59,84-87,100-105,168-171,196-199,212-217
/proc/21/stat : 21 (NuSMVa_linux64) R 16 16 0 0 -1 4194304 104608 0 73 0 87694 17 0 0 20 0 1 0 522810828 268505088 55818 67087892480 4194304 7931321 140727184594080 0 0 0 0 0 512 0 0 0 17 168 0 0 5 0 0 10030016 10037704 12009472 140727184599592 140727184599730 140727184599730 140727184600998 0
/proc/21/statm: 65553 55818 1741 913 0 54355 0
Current children cumulated CPU time: 877.92 s
Current children cumulated vsize: 484768 KiB
Current children cumulated memory: 295548 KiB

[startup+942.3 s]
/proc/loadavg: 70.04 70.23 70.25 71/3236 21
/proc/meminfo: memFree=464318388/527542220 swapFree=30298028/33554428
[pid=16] ppid=13 vsize=222556 memory=72276 CPUtime=0.81 cores=56-59,84-87,100-105,168-171,196-199,212-217
/proc/16/stat : 16 (python3) S 13 16 0 0 -1 4194304 13562 152 298 4 67 12 2 0 20 0 1 0 522810667 227897344 18069 67087892480 94332595904512 94332599175213 140735753976128 0 0 0 0 16781312 2 1 0 0 17 58 0 0 50 0 0 94332601538576 94332601822616 94332604219392 140735753980673 140735753980743 140735753980743 140735753981927 0
/proc/16/statm: 55639 18069 5233 799 0 22346 0
[pid=21] ppid=16 vsize=262212 memory=223272 CPUtime=936.9 cores=56-59,84-87,100-105,168-171,196-199,212-217
/proc/21/stat : 21 (NuSMVa_linux64) R 16 16 0 0 -1 4194304 104615 0 73 0 93673 17 0 0 20 0 1 0 522810828 268505088 55818 67087892480 4194304 7931321 140727184594080 0 0 0 0 0 512 0 0 0 17 168 0 0 5 0 0 10030016 10037704 12009472 140727184599592 140727184599730 140727184599730 140727184600998 0
/proc/21/statm: 65553 55818 1741 913 0 54355 0
Current children cumulated CPU time: 937.71 s
Current children cumulated vsize: 484768 KiB
Current children cumulated memory: 295548 KiB

[startup+1002.3 s]
/proc/loadavg: 72.37 70.79 70.44 71/3332 21
/proc/meminfo: memFree=456413844/527542220 swapFree=30298028/33554428
[pid=16] ppid=13 vsize=222556 memory=72276 CPUtime=0.81 cores=56-59,84-87,100-105,168-171,196-199,212-217
/proc/16/stat : 16 (python3) S 13 16 0 0 -1 4194304 13562 152 298 4 67 12 2 0 20 0 1 0 522810667 227897344 18069 67087892480 94332595904512 94332599175213 140735753976128 0 0 0 0 16781312 2 1 0 0 17 58 0 0 50 0 0 94332601538576 94332601822616 94332604219392 140735753980673 140735753980743 140735753980743 140735753981927 0
/proc/16/statm: 55639 18069 5233 799 0 22346 0
[pid=21] ppid=16 vsize=262212 memory=223272 CPUtime=996.65 cores=56-59,84-87,100-105,168-171,196-199,212-217
/proc/21/stat : 21 (NuSMVa_linux64) R 16 16 0 0 -1 4194304 104622 0 73 0 99648 17 0 0 20 0 1 0 522810828 268505088 55818 67087892480 4194304 7931321 140727184594080 0 0 0 0 0 512 0 0 0 17 168 0 0 5 0 0 10030016 10037704 12009472 140727184599592 140727184599730 140727184599730 140727184600998 0
/proc/21/statm: 65553 55818 1741 913 0 54355 0
Current children cumulated CPU time: 997.46 s
Current children cumulated vsize: 484768 KiB
Current children cumulated memory: 295548 KiB

[startup+1062.3 s]
/proc/loadavg: 70.87 70.64 70.41 71/3332 21
/proc/meminfo: memFree=456154944/527542220 swapFree=30298028/33554428
[pid=16] ppid=13 vsize=222556 memory=72276 CPUtime=0.81 cores=56-59,84-87,100-105,168-171,196-199,212-217
/proc/16/stat : 16 (python3) S 13 16 0 0 -1 4194304 13562 152 298 4 67 12 2 0 20 0 1 0 522810667 227897344 18069 67087892480 94332595904512 94332599175213 140735753976128 0 0 0 0 16781312 2 1 0 0 17 58 0 0 50 0 0 94332601538576 94332601822616 94332604219392 140735753980673 140735753980743 140735753980743 140735753981927 0
/proc/16/statm: 55639 18069 5233 799 0 22346 0
[pid=21] ppid=16 vsize=262212 memory=223272 CPUtime=1056.42 cores=56-59,84-87,100-105,168-171,196-199,212-217
/proc/21/stat : 21 (NuSMVa_linux64) R 16 16 0 0 -1 4194304 104629 0 73 0 105625 17 0 0 20 0 1 0 522810828 268505088 55818 67087892480 4194304 7931321 140727184594080 0 0 0 0 0 512 0 0 0 17 168 0 0 5 0 0 10030016 10037704 12009472 140727184599592 140727184599730 140727184599730 140727184600998 0
/proc/21/statm: 65553 55818 1741 913 0 54355 0
Current children cumulated CPU time: 1057.23 s
Current children cumulated vsize: 484768 KiB
Current children cumulated memory: 295548 KiB

[startup+1122.3 s]
/proc/loadavg: 70.35 70.54 70.38 71/3333 21
/proc/meminfo: memFree=456182404/527542220 swapFree=30298028/33554428
[pid=16] ppid=13 vsize=222556 memory=72276 CPUtime=0.81 cores=56-59,84-87,100-105,168-171,196-199,212-217
/proc/16/stat : 16 (python3) S 13 16 0 0 -1 4194304 13562 152 298 4 67 12 2 0 20 0 1 0 522810667 227897344 18069 67087892480 94332595904512 94332599175213 140735753976128 0 0 0 0 16781312 2 1 0 0 17 58 0 0 50 0 0 94332601538576 94332601822616 94332604219392 140735753980673 140735753980743 140735753980743 140735753981927 0
/proc/16/statm: 55639 18069 5233 799 0 22346 0
[pid=21] ppid=16 vsize=262212 memory=223272 CPUtime=1116.19 cores=56-59,84-87,100-105,168-171,196-199,212-217
/proc/21/stat : 21 (NuSMVa_linux64) R 16 16 0 0 -1 4194304 104636 0 73 0 111601 18 0 0 20 0 1 0 522810828 268505088 55818 67087892480 4194304 7931321 140727184594080 0 0 0 0 0 512 0 0 0 17 168 0 0 5 0 0 10030016 10037704 12009472 140727184599592 140727184599730 140727184599730 140727184600998 0
/proc/21/statm: 65553 55818 1741 913 0 54355 0
Current children cumulated CPU time: 1117 s
Current children cumulated vsize: 484768 KiB
Current children cumulated memory: 295548 KiB

[startup+1182.3 s]
/proc/loadavg: 70.13 70.44 70.36 71/3331 21
/proc/meminfo: memFree=456180604/527542220 swapFree=30298028/33554428
[pid=16] ppid=13 vsize=222556 memory=72276 CPUtime=0.81 cores=56-59,84-87,100-105,168-171,196-199,212-217
/proc/16/stat : 16 (python3) S 13 16 0 0 -1 4194304 13562 152 298 4 67 12 2 0 20 0 1 0 522810667 227897344 18069 67087892480 94332595904512 94332599175213 140735753976128 0 0 0 0 16781312 2 1 0 0 17 58 0 0 50 0 0 94332601538576 94332601822616 94332604219392 140735753980673 140735753980743 140735753980743 140735753981927 0
/proc/16/statm: 55639 18069 5233 799 0 22346 0
[pid=21] ppid=16 vsize=262212 memory=223272 CPUtime=1175.96 cores=56-59,84-87,100-105,168-171,196-199,212-217
/proc/21/stat : 21 (NuSMVa_linux64) R 16 16 0 0 -1 4194304 104643 0 73 0 117578 18 0 0 20 0 1 0 522810828 268505088 55818 67087892480 4194304 7931321 140727184594080 0 0 0 0 0 512 0 0 0 17 168 0 0 5 0 0 10030016 10037704 12009472 140727184599592 140727184599730 140727184599730 140727184600998 0
/proc/21/statm: 65553 55818 1741 913 0 54355 0
Current children cumulated CPU time: 1176.77 s
Current children cumulated vsize: 484768 KiB
Current children cumulated memory: 295548 KiB

[startup+1242.3 s]
/proc/loadavg: 70.20 70.40 70.35 71/3336 21
/proc/meminfo: memFree=456064752/527542220 swapFree=30298028/33554428
[pid=16] ppid=13 vsize=222556 memory=72276 CPUtime=0.81 cores=56-59,84-87,100-105,168-171,196-199,212-217
/proc/16/stat : 16 (python3) S 13 16 0 0 -1 4194304 13562 152 298 4 67 12 2 0 20 0 1 0 522810667 227897344 18069 67087892480 94332595904512 94332599175213 140735753976128 0 0 0 0 16781312 2 1 0 0 17 58 0 0 50 0 0 94332601538576 94332601822616 94332604219392 140735753980673 140735753980743 140735753980743 140735753981927 0
/proc/16/statm: 55639 18069 5233 799 0 22346 0
[pid=21] ppid=16 vsize=262212 memory=223272 CPUtime=1235.73 cores=56-59,84-87,100-105,168-171,196-199,212-217
/proc/21/stat : 21 (NuSMVa_linux64) R 16 16 0 0 -1 4194304 104650 0 73 0 123555 18 0 0 20 0 1 0 522810828 268505088 55818 67087892480 4194304 7931321 140727184594080 0 0 0 0 0 512 0 0 0 17 84 0 0 5 0 0 10030016 10037704 12009472 140727184599592 140727184599730 140727184599730 140727184600998 0
/proc/21/statm: 65553 55818 1741 913 0 54355 0
Current children cumulated CPU time: 1236.54 s
Current children cumulated vsize: 484768 KiB
Current children cumulated memory: 295548 KiB

[startup+1302.3 s]
/proc/loadavg: 70.07 70.33 70.33 72/3331 21
/proc/meminfo: memFree=459546312/527542220 swapFree=30298028/33554428
[pid=16] ppid=13 vsize=222556 memory=72276 CPUtime=0.81 cores=56-59,84-87,100-105,168-171,196-199,212-217
/proc/16/stat : 16 (python3) S 13 16 0 0 -1 4194304 13562 152 298 4 67 12 2 0 20 0 1 0 522810667 227897344 18069 67087892480 94332595904512 94332599175213 140735753976128 0 0 0 0 16781312 2 1 0 0 17 58 0 0 50 0 0 94332601538576 94332601822616 94332604219392 140735753980673 140735753980743 140735753980743 140735753981927 0
/proc/16/statm: 55639 18069 5233 799 0 22346 0
[pid=21] ppid=16 vsize=262212 memory=223272 CPUtime=1295.5 cores=56-59,84-87,100-105,168-171,196-199,212-217
/proc/21/stat : 21 (NuSMVa_linux64) R 16 16 0 0 -1 4194304 247511 0 73 0 129518 32 0 0 20 0 1 0 522810828 268505088 55818 67087892480 4194304 7931321 140727184594080 0 0 0 0 0 512 0 0 0 17 168 0 0 5 0 0 10030016 10037704 12009472 140727184599592 140727184599730 140727184599730 140727184600998 0
/proc/21/statm: 65553 55818 1741 913 0 54355 0
Current children cumulated CPU time: 1296.31 s
Current children cumulated vsize: 484768 KiB
Current children cumulated memory: 295548 KiB

[startup+1362.3 s]
/proc/loadavg: 70.66 70.45 70.36 71/3331 21
/proc/meminfo: memFree=461293540/527542220 swapFree=30298028/33554428
[pid=16] ppid=13 vsize=222556 memory=72276 CPUtime=0.81 cores=56-59,84-87,100-105,168-171,196-199,212-217
/proc/16/stat : 16 (python3) S 13 16 0 0 -1 4194304 13562 152 298 4 67 12 2 0 20 0 1 0 522810667 227897344 18069 67087892480 94332595904512 94332599175213 140735753976128 0 0 0 0 16781312 2 1 0 0 17 58 0 0 50 0 0 94332601538576 94332601822616 94332604219392 140735753980673 140735753980743 140735753980743 140735753981927 0
/proc/16/statm: 55639 18069 5233 799 0 22346 0
[pid=21] ppid=16 vsize=262212 memory=223272 CPUtime=1355.27 cores=56-59,84-87,100-105,168-171,196-199,212-217
/proc/21/stat : 21 (NuSMVa_linux64) R 16 16 0 0 -1 4194304 295140 0 73 0 135490 37 0 0 20 0 1 0 522810828 268505088 55818 67087892480 4194304 7931321 140727184594080 0 0 0 0 0 512 0 0 0 17 168 0 0 5 0 0 10030016 10037704 12009472 140727184599592 140727184599730 140727184599730 140727184600998 0
/proc/21/statm: 65553 55818 1741 913 0 54355 0
Current children cumulated CPU time: 1356.08 s
Current children cumulated vsize: 484768 KiB
Current children cumulated memory: 295548 KiB

[startup+1422.3 s]
/proc/loadavg: 70.31 70.38 70.35 71/3331 21
/proc/meminfo: memFree=461251952/527542220 swapFree=30298028/33554428
[pid=16] ppid=13 vsize=222556 memory=72276 CPUtime=0.81 cores=56-59,84-87,100-105,168-171,196-199,212-217
/proc/16/stat : 16 (python3) S 13 16 0 0 -1 4194304 13562 152 298 4 67 12 2 0 20 0 1 0 522810667 227897344 18069 67087892480 94332595904512 94332599175213 140735753976128 0 0 0 0 16781312 2 1 0 0 17 58 0 0 50 0 0 94332601538576 94332601822616 94332604219392 140735753980673 140735753980743 140735753980743 140735753981927 0
/proc/16/statm: 55639 18069 5233 799 0 22346 0
[pid=21] ppid=16 vsize=262212 memory=223272 CPUtime=1415.03 cores=56-59,84-87,100-105,168-171,196-199,212-217
/proc/21/stat : 21 (NuSMVa_linux64) R 16 16 0 0 -1 4194304 295186 0 73 0 141466 37 0 0 20 0 1 0 522810828 268505088 55818 67087892480 4194304 7931321 140727184594080 0 0 0 0 0 512 0 0 0 17 168 0 0 5 0 0 10030016 10037704 12009472 140727184599592 140727184599730 140727184599730 140727184600998 0
/proc/21/statm: 65553 55818 1741 913 0 54355 0
Current children cumulated CPU time: 1415.84 s
Current children cumulated vsize: 484768 KiB
Current children cumulated memory: 295548 KiB

[startup+1482.3 s]
/proc/loadavg: 70.49 70.45 70.37 71/3331 21
/proc/meminfo: memFree=460919872/527542220 swapFree=30298028/33554428
[pid=16] ppid=13 vsize=222556 memory=72276 CPUtime=0.81 cores=56-59,84-87,100-105,168-171,196-199,212-217
/proc/16/stat : 16 (python3) S 13 16 0 0 -1 4194304 13562 152 298 4 67 12 2 0 20 0 1 0 522810667 227897344 18069 67087892480 94332595904512 94332599175213 140735753976128 0 0 0 0 16781312 2 1 0 0 17 58 0 0 50 0 0 94332601538576 94332601822616 94332604219392 140735753980673 140735753980743 140735753980743 140735753981927 0
/proc/16/statm: 55639 18069 5233 799 0 22346 0
[pid=21] ppid=16 vsize=262212 memory=223272 CPUtime=1474.8 cores=56-59,84-87,100-105,168-171,196-199,212-217
/proc/21/stat : 21 (NuSMVa_linux64) R 16 16 0 0 -1 4194304 295194 0 73 0 147443 37 0 0 20 0 1 0 522810828 268505088 55818 67087892480 4194304 7931321 140727184594080 0 0 0 0 0 512 0 0 0 17 168 0 0 5 0 0 10030016 10037704 12009472 140727184599592 140727184599730 140727184599730 140727184600998 0
/proc/21/statm: 65553 55818 1741 913 0 54355 0
Current children cumulated CPU time: 1475.61 s
Current children cumulated vsize: 484768 KiB
Current children cumulated memory: 295548 KiB

[startup+1542.3 s]
/proc/loadavg: 70.23 70.38 70.35 71/3334 21
/proc/meminfo: memFree=466950200/527542220 swapFree=30298028/33554428
[pid=16] ppid=13 vsize=222556 memory=72276 CPUtime=0.81 cores=56-59,84-87,100-105,168-171,196-199,212-217
/proc/16/stat : 16 (python3) S 13 16 0 0 -1 4194304 13562 152 298 4 67 12 2 0 20 0 1 0 522810667 227897344 18069 67087892480 94332595904512 94332599175213 140735753976128 0 0 0 0 16781312 2 1 0 0 17 58 0 0 50 0 0 94332601538576 94332601822616 94332604219392 140735753980673 140735753980743 140735753980743 140735753981927 0
/proc/16/statm: 55639 18069 5233 799 0 22346 0
[pid=21] ppid=16 vsize=262212 memory=223272 CPUtime=1534.56 cores=56-59,84-87,100-105,168-171,196-199,212-217
/proc/21/stat : 21 (NuSMVa_linux64) R 16 16 0 0 -1 4194304 342865 0 73 0 153414 42 0 0 20 0 1 0 522810828 268505088 55818 67087892480 4194304 7931321 140727184594080 0 0 0 0 0 512 0 0 0 17 168 0 0 5 0 0 10030016 10037704 12009472 140727184599592 140727184599730 140727184599730 140727184600998 0
/proc/21/statm: 65553 55818 1741 913 0 54355 0
Current children cumulated CPU time: 1535.37 s
Current children cumulated vsize: 484768 KiB
Current children cumulated memory: 295548 KiB

[startup+1602.3 s]
/proc/loadavg: 70.89 70.64 70.45 71/3332 21
/proc/meminfo: memFree=465295788/527542220 swapFree=30298028/33554428
[pid=16] ppid=13 vsize=222556 memory=72276 CPUtime=0.81 cores=56-59,84-87,100-105,168-171,196-199,212-217
/proc/16/stat : 16 (python3) S 13 16 0 0 -1 4194304 13562 152 298 4 67 12 2 0 20 0 1 0 522810667 227897344 18069 67087892480 94332595904512 94332599175213 140735753976128 0 0 0 0 16781312 2 1 0 0 17 58 0 0 50 0 0 94332601538576 94332601822616 94332604219392 140735753980673 140735753980743 140735753980743 140735753981927 0
/proc/16/statm: 55639 18069 5233 799 0 22346 0
[pid=21] ppid=16 vsize=262212 memory=223272 CPUtime=1594.33 cores=56-59,84-87,100-105,168-171,196-199,212-217
/proc/21/stat : 21 (NuSMVa_linux64) R 16 16 0 0 -1 4194304 342927 0 73 0 159390 43 0 0 20 0 1 0 522810828 268505088 55818 67087892480 4194304 7931321 140727184594080 0 0 0 0 0 512 0 0 0 17 84 0 0 5 0 0 10030016 10037704 12009472 140727184599592 140727184599730 140727184599730 140727184600998 0
/proc/21/statm: 65553 55818 1741 913 0 54355 0
Current children cumulated CPU time: 1595.14 s
Current children cumulated vsize: 484768 KiB
Current children cumulated memory: 295548 KiB

[startup+1662.3 s]
/proc/loadavg: 70.70 70.61 70.45 71/3331 21
/proc/meminfo: memFree=464500804/527542220 swapFree=30298028/33554428
[pid=16] ppid=13 vsize=222556 memory=72276 CPUtime=0.81 cores=56-59,84-87,100-105,168-171,196-199,212-217
/proc/16/stat : 16 (python3) S 13 16 0 0 -1 4194304 13562 152 298 4 67 12 2 0 20 0 1 0 522810667 227897344 18069 67087892480 94332595904512 94332599175213 140735753976128 0 0 0 0 16781312 2 1 0 0 17 58 0 0 50 0 0 94332601538576 94332601822616 94332604219392 140735753980673 140735753980743 140735753980743 140735753981927 0
/proc/16/statm: 55639 18069 5233 799 0 22346 0
[pid=21] ppid=16 vsize=262212 memory=223272 CPUtime=1654.08 cores=56-59,84-87,100-105,168-171,196-199,212-217
/proc/21/stat : 21 (NuSMVa_linux64) R 16 16 0 0 -1 4194304 390571 0 73 0 165360 48 0 0 20 0 1 0 522810828 268505088 55818 67087892480 4194304 7931321 140727184594080 0 0 0 0 0 512 0 0 0 17 168 0 0 5 0 0 10030016 10037704 12009472 140727184599592 140727184599730 140727184599730 140727184600998 0
/proc/21/statm: 65553 55818 1741 913 0 54355 0
Current children cumulated CPU time: 1654.89 s
Current children cumulated vsize: 484768 KiB
Current children cumulated memory: 295548 KiB

[startup+1722.3 s]
/proc/loadavg: 70.26 70.49 70.42 71/3331 21
/proc/meminfo: memFree=463343964/527542220 swapFree=30298028/33554428
[pid=16] ppid=13 vsize=222556 memory=72276 CPUtime=0.81 cores=56-59,84-87,100-105,168-171,196-199,212-217
/proc/16/stat : 16 (python3) S 13 16 0 0 -1 4194304 13562 152 298 4 67 12 2 0 20 0 1 0 522810667 227897344 18069 67087892480 94332595904512 94332599175213 140735753976128 0 0 0 0 16781312 2 1 0 0 17 58 0 0 50 0 0 94332601538576 94332601822616 94332604219392 140735753980673 140735753980743 140735753980743 140735753981927 0
/proc/16/statm: 55639 18069 5233 799 0 22346 0
[pid=21] ppid=16 vsize=262212 memory=223272 CPUtime=1713.85 cores=56-59,84-87,100-105,168-171,196-199,212-217
/proc/21/stat : 21 (NuSMVa_linux64) R 16 16 0 0 -1 4194304 438245 0 73 0 171332 53 0 0 20 0 1 0 522810828 268505088 55818 67087892480 4194304 7931321 140727184594080 0 0 0 0 0 512 0 0 0 17 168 0 0 5 0 0 10030016 10037704 12009472 140727184599592 140727184599730 140727184599730 140727184600998 0
/proc/21/statm: 65553 55818 1741 913 0 54355 0
Current children cumulated CPU time: 1714.66 s
Current children cumulated vsize: 484768 KiB
Current children cumulated memory: 295548 KiB

[startup+1782.3 s]
/proc/loadavg: 70.98 70.61 70.46 82/3330 21
/proc/meminfo: memFree=462259180/527542220 swapFree=30298028/33554428
[pid=16] ppid=13 vsize=222556 memory=72276 CPUtime=0.81 cores=56-59,84-87,100-105,168-171,196-199,212-217
/proc/16/stat : 16 (python3) S 13 16 0 0 -1 4194304 13562 152 298 4 67 12 2 0 20 0 1 0 522810667 227897344 18069 67087892480 94332595904512 94332599175213 140735753976128 0 0 0 0 16781312 2 1 0 0 17 58 0 0 50 0 0 94332601538576 94332601822616 94332604219392 140735753980673 140735753980743 140735753980743 140735753981927 0
/proc/16/statm: 55639 18069 5233 799 0 22346 0
[pid=21] ppid=16 vsize=262212 memory=223272 CPUtime=1773.61 cores=56-59,84-87,100-105,168-171,196-199,212-217
/proc/21/stat : 21 (NuSMVa_linux64) R 16 16 0 0 -1 4194304 485873 0 73 0 177304 57 0 0 20 0 1 0 522810828 268505088 55818 67087892480 4194304 7931321 140727184594080 0 0 0 0 0 512 0 0 0 17 168 0 0 5 0 0 10030016 10037704 12009472 140727184599592 140727184599730 140727184599730 140727184600998 0
/proc/21/statm: 65553 55818 1741 913 0 54355 0
Current children cumulated CPU time: 1774.42 s
Current children cumulated vsize: 484768 KiB
Current children cumulated memory: 295548 KiB



Maximum wall clock time exceeded: sending SIGTERM then SIGKILL

[startup+1800 s]*
/proc/loadavg: 70.78 70.59 70.45 71/3330 21
/proc/meminfo: memFree=461832896/527542220 swapFree=30298028/33554428
[pid=16] ppid=13 vsize=222556 memory=72276 CPUtime=0.81 cores=56-59,84-87,100-105,168-171,196-199,212-217
/proc/16/stat : 16 (python3) S 13 16 0 0 -1 4194304 13562 152 298 4 67 12 2 0 20 0 1 0 522810667 227897344 18069 67087892480 94332595904512 94332599175213 140735753976128 0 0 0 0 16781312 2 1 0 0 17 58 0 0 50 0 0 94332601538576 94332601822616 94332604219392 140735753980673 140735753980743 140735753980743 140735753981927 0
/proc/16/statm: 55639 18069 5233 799 0 22346 0
[pid=21] ppid=16 vsize=262212 memory=223272 CPUtime=1791.24 cores=56-59,84-87,100-105,168-171,196-199,212-217
/proc/21/stat : 21 (NuSMVa_linux64) R 16 16 0 0 -1 4194304 533477 0 73 0 179062 62 0 0 20 0 1 0 522810828 268505088 55818 67087892480 4194304 7931321 140727184594080 0 0 0 0 0 512 0 0 0 17 168 0 0 5 0 0 10030016 10037704 12009472 140727184599592 140727184599730 140727184599730 140727184600998 0
/proc/21/statm: 65553 55818 1741 913 0 54355 0
Current children cumulated CPU time: 1792.05 s
Current children cumulated vsize: 484768 KiB
Current children cumulated memory: 295548 KiB

Sending SIGTERM to process tree (bottom up)
Sleeping 2 seconds

[startup+1800.01 s]
# the end of solver process 16 was just reported to runsolver
# cumulated CPU time of all completed processes:  user=0.694006 s, system=0.135869 s

[startup+1800.02 s]
# the end of solver process 21 was just reported to runsolver
# cumulated CPU time of all completed processes:  user=1791.32 s, system=0.780138 s
# this solver process was not waited by its parent and was adopted by runsolver

Solver just ended.
??? end of watcher thread
Dumping a history of the last processes samples

Child ended because it received signal 15 (SIGTERM)
Real time (s): 1800.02
CPU time (s): 1792.1
CPU user time (s): 1791.32
CPU system time (s): 0.780138
CPU usage (%): 99.5605
Max. virtual memory (cumulated for all children) (KiB): 484768
Max. memory (cumulated for all children) (KiB): 295548

getrusage(RUSAGE_CHILDREN,...) data:
user time used= 1791.32
system time used= 0.780138
maximum resident set size= 223272
integral shared memory size= 0
integral unshared data size= 0
integral unshared stack size= 0
page reclaims= 547191
page faults= 375
swaps= 0
block input operations= 104560
block output operations= 0
messages sent= 0
messages received= 0
signals received= 0
voluntary context switches= 10303
involuntary context switches= 748


# summary of solver processes directly reported to runsolver:
#   pid: 16,21
#   total CPU time (s): 1792.1
#   total CPU user time (s): 1791.32
#   total CPU system time (s): 0.780138

??? join timestamper begins
??? join timestamper ends
??? end of timestamper thread
runsolver used 1.00118 second user time and 2.9608 second system time

The end
