# WCTIME: wall clock time in seconds
WCTIME=274.122
# CPUTIME: CPU time in seconds (USERTIME+SYSTEMTIME)
CPUTIME=271.939
# USERTIME: CPU time spent in user mode in seconds
USERTIME=271.603
# SYSTEMTIME: CPU time spent in system mode in seconds
SYSTEMTIME=0.335792
# CPUUSAGE: CPUTIME/WCTIME in percent
CPUUSAGE=99.2035
# MAXVM: maximum virtual memory used in KiB
MAXVM=469728
# MAXMM: maximum memory used in KiB
MAXMM=281192
# MAXRSS: maximum Resident Segment Size in KiB
MAXRSS=208460
# TIMEOUT: did the solver exceed the time limit?
TIMEOUT=false
# MEMOUT: did the solver exceed the memory limit?
MEMOUT=false
# EXITSTATUS: Exit status of the solver
EXITSTATUS=0
