# WCTIME: wall clock time in seconds
WCTIME=0.170295
# CPUTIME: CPU time in seconds (USERTIME+SYSTEMTIME)
CPUTIME=0.056588
# USERTIME: CPU time spent in user mode in seconds
USERTIME=0.043374
# SYSTEMTIME: CPU time spent in system mode in seconds
SYSTEMTIME=0.013214
# CPUUSAGE: CPUTIME/WCTIME in percent
CPUUSAGE=33.2294
# MAXVM: maximum virtual memory used in KiB
MAXVM=15748
# MAXMM: maximum memory used in KiB
MAXMM=9972
# MAXRSS: maximum Resident Segment Size in KiB
MAXRSS=12608
# TIMEOUT: did the solver exceed the time limit?
TIMEOUT=false
# MEMOUT: did the solver exceed the memory limit?
MEMOUT=false
# EXITSTATUS: Exit status of the solver
EXITSTATUS=0
