# WCTIME: wall clock time in seconds
WCTIME=0.483615
# CPUTIME: CPU time in seconds (USERTIME+SYSTEMTIME)
CPUTIME=0.371637
# USERTIME: CPU time spent in user mode in seconds
USERTIME=0.352967
# SYSTEMTIME: CPU time spent in system mode in seconds
SYSTEMTIME=0.01867
# CPUUSAGE: CPUTIME/WCTIME in percent
CPUUSAGE=76.8456
# MAXVM: maximum virtual memory used in KiB
MAXVM=26116
# MAXMM: maximum memory used in KiB
MAXMM=17684
# MAXRSS: maximum Resident Segment Size in KiB
MAXRSS=12616
# TIMEOUT: did the solver exceed the time limit?
TIMEOUT=false
# MEMOUT: did the solver exceed the memory limit?
MEMOUT=false
# EXITSTATUS: Exit status of the solver
EXITSTATUS=0
