runsolver version 3.4.1 (svn: 3018) Copyright (C) 2010-2013 Olivier ROUSSEL

This program is distributed in the hope that it will be useful,
but WITHOUT ANY WARRANTY; without even the implied warranty of
MERCHANTABILITY or FITNESS FOR A PARTICULAR PURPOSE.  See the
GNU General Public License for more details.

NUMA information:
  number of nodes: 8
  memory of node 0: 63700 MiB (57211 MiB free)
  memory of node 1: 64504 MiB (43735 MiB free)
  memory of node 2: 64461 MiB (57291 MiB free)
  memory of node 3: 64504 MiB (56955 MiB free)
  memory of node 4: 64504 MiB (63336 MiB free)
  memory of node 5: 64504 MiB (56384 MiB free)
  memory of node 6: 64504 MiB (58955 MiB free)
  memory of node 7: 64491 MiB (54975 MiB free)
  node distances:
     10  12  12  12  21  21  21  21
     12  10  12  12  21  21  21  21
     12  12  10  12  21  21  21  21
     12  12  12  10  21  21  21  21
     21  21  21  21  10  12  12  12
     21  21  21  21  12  10  12  12
     21  21  21  21  12  12  10  12
     21  21  21  21  12  12  12  10

command line: /usr/local/bin/runsolver --timestamp -w /output/runsolver-watch.log -v /output/runsolver-values.log -o /output/solver-output.log -C 1800.0 -W 1800.0 -R 64000 /opt/solver/run_bn4rust.py --mode cyber-complement-gfp-plus-sink-scc --instance /input/model_155.bnet 

running on 20 cores: 28-31,36-38,44-46,144-150,156-158

Enforcing CPUTime limit (soft limit, will send SIGTERM then SIGKILL): 1800 seconds
Enforcing CPUTime limit (hard limit, will send SIGXCPU): 1830 seconds
Enforcing wall clock limit (soft limit, will send SIGTERM then SIGKILL): 1800 seconds
Enforcing RSS+Swap limit (soft limit, will send SIGTERM then SIGKILL): 65536000 KiB
Linux 4.18.0-553.159.1.el8_10.x86_64
Current StackSize limit: 18014398509481983 KiB
solver pid=16, runsolver pid=13


[startup+0.100063 s]*
/proc/loadavg: 36.58 36.79 36.61 38/2814 17
/proc/meminfo: memFree=459593116/527542196 swapFree=33554172/33554428
[pid=16] ppid=13 vsize=15800 memory=10164 CPUtime=0.02 cores=28-38,44-46,140-150,156-158
/proc/16/stat : 16 (python3) D 13 16 0 0 -1 4194304 1396 0 84 0 2 0 0 0 20 0 1 0 53419918 16179200 2541 67087892480 4194304 7154137 140734585788848 0 0 0 0 16781312 2 0 0 0 17 142 0 0 6 0 0 9727432 11029816 36245504 140734585797439 140734585797549 140734585797549 140734585798631 0
/proc/16/statm: 3950 2541 1406 723 0 1674 0
Current children cumulated CPU time: 0.02 s
Current children cumulated vsize: 15800 KiB
Current children cumulated memory: 10164 KiB

[startup+0.200543 s]*
/proc/loadavg: 36.58 36.79 36.61 38/2815 18
/proc/meminfo: memFree=459569788/527542196 swapFree=33554172/33554428
[pid=16] ppid=13 vsize=17684 memory=12476 CPUtime=0.04 cores=28-38,44-46,140-150,156-158
/proc/16/stat : 16 (python3) S 13 16 0 0 -1 4194304 1895 0 96 0 3 1 0 0 20 0 1 0 53419918 18108416 3119 67087892480 4194304 7154137 140734585788848 0 0 0 0 16781312 2 1 0 0 17 142 0 0 8 0 0 9727432 11029816 36245504 140734585797439 140734585797549 140734585797549 140734585798631 0
/proc/16/statm: 4421 3119 1525 723 0 2063 0
[pid=18] ppid=16 vsize=13328 memory=9132 CPUtime=0.03 cores=28-38,44-46,140-150,156-158
/proc/18/stat : 18 (bn4rust) R 16 16 0 0 -1 4194304 3755 0 19 0 3 0 0 0 20 0 1 0 53419932 13647872 2283 67087892480 94002055581696 94002057448817 140733457051696 0 0 0 0 4096 1088 0 0 0 17 36 0 0 1 0 0 94002057706880 94002057753816 94002073214976 140733457054466 140733457054614 140733457054614 140733457055713 0
/proc/18/statm: 3332 2283 1064 456 0 1493 0
Current children cumulated CPU time: 0.07 s
Current children cumulated vsize: 31012 KiB
Current children cumulated memory: 21608 KiB

[startup+0.300543 s]*
/proc/loadavg: 36.58 36.79 36.61 38/2815 18
/proc/meminfo: memFree=459560588/527542196 swapFree=33554172/33554428
[pid=16] ppid=13 vsize=17684 memory=12476 CPUtime=0.04 cores=28-38,44-46,140-150,156-158
/proc/16/stat : 16 (python3) S 13 16 0 0 -1 4194304 1895 0 96 0 3 1 0 0 20 0 1 0 53419918 18108416 3119 67087892480 4194304 7154137 140734585788848 0 0 0 0 16781312 2 1 0 0 17 142 0 0 8 0 0 9727432 11029816 36245504 140734585797439 140734585797549 140734585797549 140734585798631 0
/proc/16/statm: 4421 3119 1525 723 0 2063 0
[pid=18] ppid=16 vsize=15812 memory=12320 CPUtime=0.13 cores=28-38,44-46,140-150,156-158
/proc/18/stat : 18 (bn4rust) R 16 16 0 0 -1 4194304 4879 0 19 0 13 0 0 0 20 0 1 0 53419932 16191488 3080 67087892480 94002055581696 94002057448817 140733457051696 0 0 0 0 4096 1088 0 0 0 17 36 0 0 1 0 0 94002057706880 94002057753816 94002073214976 140733457054466 140733457054614 140733457054614 140733457055713 0
/proc/18/statm: 3953 3080 1064 456 0 2114 0
Current children cumulated CPU time: 0.17 s
Current children cumulated vsize: 33496 KiB
Current children cumulated memory: 24796 KiB

[startup+0.70024 s]
/proc/loadavg: 36.58 36.79 36.61 38/2815 18
/proc/meminfo: memFree=459218928/527542196 swapFree=33554172/33554428
[pid=16] ppid=13 vsize=17684 memory=12476 CPUtime=0.04 cores=28-38,44-46,140-150,156-158
/proc/16/stat : 16 (python3) S 13 16 0 0 -1 4194304 1896 0 96 0 3 1 0 0 20 0 1 0 53419918 18108416 3119 67087892480 4194304 7154137 140734585788848 0 0 0 0 16781312 2 1 0 0 17 142 0 0 8 0 0 9727432 11029816 36245504 140734585797439 140734585797549 140734585797549 140734585798631 0
/proc/16/statm: 4421 3119 1525 723 0 2063 0
[pid=18] ppid=16 vsize=16284 memory=12828 CPUtime=0.53 cores=28-38,44-46,140-150,156-158
/proc/18/stat : 18 (bn4rust) R 16 16 0 0 -1 4194304 8542 0 19 0 52 1 0 0 20 0 1 0 53419932 16674816 3207 67087892480 94002055581696 94002057448817 140733457051696 0 0 0 0 4096 1088 0 0 0 17 36 0 0 1 0 0 94002057706880 94002057753816 94002073214976 140733457054466 140733457054614 140733457054614 140733457055713 0
/proc/18/statm: 4071 3207 1064 456 0 2232 0
Current children cumulated CPU time: 0.57 s
Current children cumulated vsize: 33968 KiB
Current children cumulated memory: 25304 KiB

[startup+1.50024 s]
/proc/loadavg: 36.58 36.79 36.61 37/2815 18
/proc/meminfo: memFree=459083936/527542196 swapFree=33554172/33554428
[pid=16] ppid=13 vsize=17684 memory=12476 CPUtime=0.04 cores=28-38,44-46,140-150,156-158
/proc/16/stat : 16 (python3) S 13 16 0 0 -1 4194304 1896 0 96 0 3 1 0 0 20 0 1 0 53419918 18108416 3119 67087892480 4194304 7154137 140734585788848 0 0 0 0 16781312 2 1 0 0 17 142 0 0 8 0 0 9727432 11029816 36245504 140734585797439 140734585797549 140734585797549 140734585798631 0
/proc/16/statm: 4421 3119 1525 723 0 2063 0
[pid=18] ppid=16 vsize=16604 memory=13196 CPUtime=1.33 cores=28-38,44-46,140-150,156-158
/proc/18/stat : 18 (bn4rust) R 16 16 0 0 -1 4194304 20729 0 19 0 130 3 0 0 20 0 1 0 53419932 17002496 3299 67087892480 94002055581696 94002057448817 140733457051696 0 0 0 0 4096 1088 0 0 0 17 36 0 0 1 0 0 94002057706880 94002057753816 94002073214976 140733457054466 140733457054614 140733457054614 140733457055713 0
/proc/18/statm: 4151 3299 1064 456 0 2312 0
Current children cumulated CPU time: 1.37 s
Current children cumulated vsize: 34288 KiB
Current children cumulated memory: 25672 KiB

[startup+3.10047 s]
/proc/loadavg: 36.62 36.79 36.61 38/2815 18
/proc/meminfo: memFree=459600540/527542196 swapFree=33554172/33554428
[pid=16] ppid=13 vsize=17684 memory=12476 CPUtime=0.04 cores=28-38,44-46,140-150,156-158
/proc/16/stat : 16 (python3) S 13 16 0 0 -1 4194304 1896 0 96 0 3 1 0 0 20 0 1 0 53419918 18108416 3119 67087892480 4194304 7154137 140734585788848 0 0 0 0 16781312 2 1 0 0 17 142 0 0 8 0 0 9727432 11029816 36245504 140734585797439 140734585797549 140734585797549 140734585798631 0
/proc/16/statm: 4421 3119 1525 723 0 2063 0
[pid=18] ppid=16 vsize=13884 memory=10428 CPUtime=2.92 cores=28-38,44-46,140-150,156-158
/proc/18/stat : 18 (bn4rust) R 16 16 0 0 -1 4194304 35366 0 19 0 288 4 0 0 20 0 1 0 53419932 14217216 2607 67087892480 94002055581696 94002057448817 140733457051696 0 0 0 0 4096 1088 0 0 0 17 33 0 0 1 0 0 94002057706880 94002057753816 94002073214976 140733457054466 140733457054614 140733457054614 140733457055713 0
/proc/18/statm: 3471 2607 1064 456 0 1632 0
Current children cumulated CPU time: 2.96 s
Current children cumulated vsize: 31568 KiB
Current children cumulated memory: 22904 KiB

[startup+6.30028 s]
/proc/loadavg: 36.62 36.79 36.61 37/2815 18
/proc/meminfo: memFree=459308732/527542196 swapFree=33554172/33554428
[pid=16] ppid=13 vsize=17684 memory=12476 CPUtime=0.04 cores=28-38,44-46,140-150,156-158
/proc/16/stat : 16 (python3) S 13 16 0 0 -1 4194304 1896 0 96 0 3 1 0 0 20 0 1 0 53419918 18108416 3119 67087892480 4194304 7154137 140734585788848 0 0 0 0 16781312 2 1 0 0 17 142 0 0 8 0 0 9727432 11029816 36245504 140734585797439 140734585797549 140734585797549 140734585798631 0
/proc/16/statm: 4421 3119 1525 723 0 2063 0
[pid=18] ppid=16 vsize=35996 memory=32420 CPUtime=6.11 cores=28-38,44-46,140-150,156-158
/proc/18/stat : 18 (bn4rust) R 16 16 0 0 -1 4194304 59566 0 19 0 602 9 0 0 20 0 1 0 53419932 36859904 8105 67087892480 94002055581696 94002057448817 140733457051696 0 0 0 0 4096 1088 0 0 0 17 33 0 0 1 0 0 94002057706880 94002057753816 94002073214976 140733457054466 140733457054614 140733457054614 140733457055713 0
/proc/18/statm: 8999 8105 1064 456 0 7160 0
Current children cumulated CPU time: 6.15 s
Current children cumulated vsize: 53680 KiB
Current children cumulated memory: 44896 KiB

[startup+12.7003 s]
/proc/loadavg: 36.65 36.79 36.61 37/2795 18
/proc/meminfo: memFree=461645440/527542196 swapFree=33554172/33554428
[pid=16] ppid=13 vsize=17684 memory=12476 CPUtime=0.04 cores=28-38,44-46,140-150,156-158
/proc/16/stat : 16 (python3) S 13 16 0 0 -1 4194304 1896 0 96 0 3 1 0 0 20 0 1 0 53419918 18108416 3119 67087892480 4194304 7154137 140734585788848 0 0 0 0 16781312 2 1 0 0 17 142 0 0 8 0 0 9727432 11029816 36245504 140734585797439 140734585797549 140734585797549 140734585798631 0
/proc/16/statm: 4421 3119 1525 723 0 2063 0
[pid=18] ppid=16 vsize=60828 memory=57316 CPUtime=12.49 cores=28-38,44-46,140-150,156-158
/proc/18/stat : 18 (bn4rust) R 16 16 0 0 -1 4194304 85232 0 19 0 1233 16 0 0 20 0 1 0 53419932 62287872 14329 67087892480 94002055581696 94002057448817 140733457051696 0 0 0 0 4096 1088 0 0 0 17 31 0 0 1 0 0 94002057706880 94002057753816 94002073214976 140733457054466 140733457054614 140733457054614 140733457055713 0
/proc/18/statm: 15207 14329 1064 456 0 13368 0
Current children cumulated CPU time: 12.53 s
Current children cumulated vsize: 78512 KiB
Current children cumulated memory: 69792 KiB

[startup+25.5003 s]
/proc/loadavg: 36.49 36.75 36.60 37/2790 18
/proc/meminfo: memFree=461517752/527542196 swapFree=33554172/33554428
[pid=16] ppid=13 vsize=17684 memory=12476 CPUtime=0.04 cores=28-38,44-46,140-150,156-158
/proc/16/stat : 16 (python3) S 13 16 0 0 -1 4194304 1896 0 96 0 3 1 0 0 20 0 1 0 53419918 18108416 3119 67087892480 4194304 7154137 140734585788848 0 0 0 0 16781312 2 1 0 0 17 142 0 0 8 0 0 9727432 11029816 36245504 140734585797439 140734585797549 140734585797549 140734585798631 0
/proc/16/statm: 4421 3119 1525 723 0 2063 0
[pid=18] ppid=16 vsize=80488 memory=77016 CPUtime=25.23 cores=28-38,44-46,140-150,156-158
/proc/18/stat : 18 (bn4rust) R 16 16 0 0 -1 4194304 96150 0 19 0 2503 20 0 0 20 0 1 0 53419932 82419712 19254 67087892480 94002055581696 94002057448817 140733457051696 0 0 0 0 4096 1088 0 0 0 17 37 0 0 1 0 0 94002057706880 94002057753816 94002073214976 140733457054466 140733457054614 140733457054614 140733457055713 0
/proc/18/statm: 20122 19254 1064 456 0 18283 0
Current children cumulated CPU time: 25.27 s
Current children cumulated vsize: 98172 KiB
Current children cumulated memory: 89492 KiB

[startup+51.1005 s]
/proc/loadavg: 35.98 36.61 36.56 36/2784 18
/proc/meminfo: memFree=460512180/527542196 swapFree=33554172/33554428
[pid=16] ppid=13 vsize=17684 memory=12476 CPUtime=0.04 cores=28-38,44-46,140-150,156-158
/proc/16/stat : 16 (python3) S 13 16 0 0 -1 4194304 1896 0 96 0 3 1 0 0 20 0 1 0 53419918 18108416 3119 67087892480 4194304 7154137 140734585788848 0 0 0 0 16781312 2 1 0 0 17 142 0 0 8 0 0 9727432 11029816 36245504 140734585797439 140734585797549 140734585797549 140734585798631 0
/proc/16/statm: 4421 3119 1525 723 0 2063 0
[pid=18] ppid=16 vsize=117796 memory=114444 CPUtime=50.72 cores=28-38,44-46,140-150,156-158
/proc/18/stat : 18 (bn4rust) R 16 16 0 0 -1 4194304 114947 0 19 0 5041 31 0 0 20 0 1 0 53419932 120623104 28611 67087892480 94002055581696 94002057448817 140733457051696 0 0 0 0 4096 1088 0 0 0 17 37 0 0 1 0 0 94002057706880 94002057753816 94002073214976 140733457054466 140733457054614 140733457054614 140733457055713 0
/proc/18/statm: 29449 28611 1064 456 0 27610 0
Current children cumulated CPU time: 50.76 s
Current children cumulated vsize: 135480 KiB
Current children cumulated memory: 126920 KiB

[startup+102.3 s]
/proc/loadavg: 35.37 36.35 36.47 36/2783 18
/proc/meminfo: memFree=460376572/527542196 swapFree=33554172/33554428
[pid=16] ppid=13 vsize=17684 memory=12476 CPUtime=0.04 cores=28-38,44-46,140-150,156-158
/proc/16/stat : 16 (python3) S 13 16 0 0 -1 4194304 1896 0 96 0 3 1 0 0 20 0 1 0 53419918 18108416 3119 67087892480 4194304 7154137 140734585788848 0 0 0 0 16781312 2 1 0 0 17 142 0 0 8 0 0 9727432 11029816 36245504 140734585797439 140734585797549 140734585797549 140734585798631 0
/proc/16/statm: 4421 3119 1525 723 0 2063 0
[pid=18] ppid=16 vsize=204392 memory=184268 CPUtime=101.72 cores=28-38,44-46,140-150,156-158
/proc/18/stat : 18 (bn4rust) R 16 16 0 0 -1 4194304 155930 0 19 0 10110 62 0 0 20 0 1 0 53419932 209297408 46067 67087892480 94002055581696 94002057448817 140733457051696 0 0 0 0 4096 1088 0 0 0 17 35 0 0 1 0 0 94002057706880 94002057753816 94002073214976 140733457054466 140733457054614 140733457054614 140733457055713 0
/proc/18/statm: 51098 46067 1064 456 0 49259 0
Current children cumulated CPU time: 101.76 s
Current children cumulated vsize: 222076 KiB
Current children cumulated memory: 196744 KiB

[startup+162.3 s]
/proc/loadavg: 34.06 35.82 36.28 33/2712 18
/proc/meminfo: memFree=486629732/527542196 swapFree=33554172/33554428
[pid=16] ppid=13 vsize=17684 memory=12476 CPUtime=0.04 cores=28-38,44-46,140-150,156-158
/proc/16/stat : 16 (python3) S 13 16 0 0 -1 4194304 1896 0 96 0 3 1 0 0 20 0 1 0 53419918 18108416 3119 67087892480 4194304 7154137 140734585788848 0 0 0 0 16781312 2 1 0 0 17 142 0 0 8 0 0 9727432 11029816 36245504 140734585797439 140734585797549 140734585797549 140734585798631 0
/proc/16/statm: 4421 3119 1525 723 0 2063 0
[pid=18] ppid=16 vsize=172028 memory=168688 CPUtime=161.48 cores=28-38,44-46,140-150,156-158
/proc/18/stat : 18 (bn4rust) R 16 16 0 0 -1 4194304 214032 0 19 0 16043 105 0 0 20 0 1 0 53419932 176156672 42172 67087892480 94002055581696 94002057448817 140733457051696 0 0 0 0 4096 1088 0 0 0 17 29 0 0 1 0 0 94002057706880 94002057753816 94002073214976 140733457054466 140733457054614 140733457054614 140733457055713 0
/proc/18/statm: 43007 42172 1064 456 0 41168 0
Current children cumulated CPU time: 161.52 s
Current children cumulated vsize: 189712 KiB
Current children cumulated memory: 181164 KiB

[startup+222.3 s]
/proc/loadavg: 33.10 35.20 36.04 34/2711 18
/proc/meminfo: memFree=486663716/527542196 swapFree=33554172/33554428
[pid=16] ppid=13 vsize=17684 memory=12476 CPUtime=0.04 cores=28-38,44-46,140-150,156-158
/proc/16/stat : 16 (python3) S 13 16 0 0 -1 4194304 1896 0 96 0 3 1 0 0 20 0 1 0 53419918 18108416 3119 67087892480 4194304 7154137 140734585788848 0 0 0 0 16781312 2 1 0 0 17 142 0 0 8 0 0 9727432 11029816 36245504 140734585797439 140734585797549 140734585797549 140734585798631 0
/proc/16/statm: 4421 3119 1525 723 0 2063 0
[pid=18] ppid=16 vsize=170304 memory=160244 CPUtime=221.24 cores=28-38,44-46,140-150,156-158
/proc/18/stat : 18 (bn4rust) R 16 16 0 0 -1 4194304 282279 0 19 0 21970 154 0 0 20 0 1 0 53419932 174391296 40061 67087892480 94002055581696 94002057448817 140733457051696 0 0 0 0 4096 1088 0 0 0 17 33 0 0 1 0 0 94002057706880 94002057753816 94002073214976 140733457054466 140733457054614 140733457054614 140733457055713 0
/proc/18/statm: 42576 40061 1064 456 0 40737 0
Current children cumulated CPU time: 221.28 s
Current children cumulated vsize: 187988 KiB
Current children cumulated memory: 172720 KiB

[startup+282.3 s]
/proc/loadavg: 32.64 34.70 35.81 34/2706 18
/proc/meminfo: memFree=486654752/527542196 swapFree=33554172/33554428
[pid=16] ppid=13 vsize=17684 memory=12476 CPUtime=0.04 cores=28-38,44-46,140-150,156-158
/proc/16/stat : 16 (python3) S 13 16 0 0 -1 4194304 1896 0 96 0 3 1 0 0 20 0 1 0 53419918 18108416 3119 67087892480 4194304 7154137 140734585788848 0 0 0 0 16781312 2 1 0 0 17 142 0 0 8 0 0 9727432 11029816 36245504 140734585797439 140734585797549 140734585797549 140734585798631 0
/proc/16/statm: 4421 3119 1525 723 0 2063 0
[pid=18] ppid=16 vsize=242284 memory=222588 CPUtime=281.01 cores=28-38,44-46,140-150,156-158
/proc/18/stat : 18 (bn4rust) R 16 16 0 0 -1 4194304 391095 0 19 0 27859 242 0 0 20 0 1 0 53419932 248098816 55647 67087892480 94002055581696 94002057448817 140733457051696 0 0 0 0 4096 1088 0 0 0 17 34 0 0 1 0 0 94002057706880 94002057753816 94002073214976 140733457054466 140733457054614 140733457054614 140733457055713 0
/proc/18/statm: 60571 55647 1064 456 0 58732 0
Current children cumulated CPU time: 281.05 s
Current children cumulated vsize: 259968 KiB
Current children cumulated memory: 235064 KiB

[startup+342.3 s]
/proc/loadavg: 32.63 34.30 35.60 34/2701 18
/proc/meminfo: memFree=486648644/527542196 swapFree=33554172/33554428
[pid=16] ppid=13 vsize=17684 memory=12476 CPUtime=0.04 cores=28-38,44-46,140-150,156-158
/proc/16/stat : 16 (python3) S 13 16 0 0 -1 4194304 1896 0 96 0 3 1 0 0 20 0 1 0 53419918 18108416 3119 67087892480 4194304 7154137 140734585788848 0 0 0 0 16781312 2 1 0 0 17 142 0 0 8 0 0 9727432 11029816 36245504 140734585797439 140734585797549 140734585797549 140734585798631 0
/proc/16/statm: 4421 3119 1525 723 0 2063 0
[pid=18] ppid=16 vsize=183912 memory=171344 CPUtime=340.78 cores=28-38,44-46,140-150,156-158
/proc/18/stat : 18 (bn4rust) R 16 16 0 0 -1 4194304 421489 0 19 0 33802 276 0 0 20 0 1 0 53419932 188325888 42836 67087892480 94002055581696 94002057448817 140733457051696 0 0 0 0 4096 1088 0 0 0 17 32 0 0 1 0 0 94002057706880 94002057753816 94002073214976 140733457054466 140733457054614 140733457054614 140733457055713 0
/proc/18/statm: 45978 42836 1064 456 0 44139 0
Current children cumulated CPU time: 340.82 s
Current children cumulated vsize: 201596 KiB
Current children cumulated memory: 183820 KiB

[startup+402.3 s]
/proc/loadavg: 32.46 33.97 35.40 34/2696 18
/proc/meminfo: memFree=486669956/527542196 swapFree=33554172/33554428
[pid=16] ppid=13 vsize=17684 memory=12476 CPUtime=0.04 cores=28-38,44-46,140-150,156-158
/proc/16/stat : 16 (python3) S 13 16 0 0 -1 4194304 1896 0 96 0 3 1 0 0 20 0 1 0 53419918 18108416 3119 67087892480 4194304 7154137 140734585788848 0 0 0 0 16781312 2 1 0 0 17 142 0 0 8 0 0 9727432 11029816 36245504 140734585797439 140734585797549 140734585797549 140734585798631 0
/proc/16/statm: 4421 3119 1525 723 0 2063 0
[pid=18] ppid=16 vsize=153100 memory=149664 CPUtime=400.55 cores=28-38,44-46,140-150,156-158
/proc/18/stat : 18 (bn4rust) R 16 16 0 0 -1 4194304 463544 0 19 0 39741 314 0 0 20 0 1 0 53419932 156774400 37416 67087892480 94002055581696 94002057448817 140733457051696 0 0 0 0 4096 1088 0 0 0 17 38 0 0 1 0 0 94002057706880 94002057753816 94002073214976 140733457054466 140733457054614 140733457054614 140733457055713 0
/proc/18/statm: 38275 37416 1064 456 0 36436 0
Current children cumulated CPU time: 400.59 s
Current children cumulated vsize: 170784 KiB
Current children cumulated memory: 162140 KiB

[startup+462.3 s]
/proc/loadavg: 32.61 33.72 35.22 33/2692 18
/proc/meminfo: memFree=486620740/527542196 swapFree=33554172/33554428
[pid=16] ppid=13 vsize=17684 memory=12476 CPUtime=0.04 cores=28-38,44-46,140-150,156-158
/proc/16/stat : 16 (python3) S 13 16 0 0 -1 4194304 1897 0 96 0 3 1 0 0 20 0 1 0 53419918 18108416 3119 67087892480 4194304 7154137 140734585788848 0 0 0 0 16781312 2 1 0 0 17 142 0 0 8 0 0 9727432 11029816 36245504 140734585797439 140734585797549 140734585797549 140734585798631 0
/proc/16/statm: 4421 3119 1525 723 0 2063 0
[pid=18] ppid=16 vsize=204300 memory=198056 CPUtime=460.32 cores=28-38,44-46,140-150,156-158
/proc/18/stat : 18 (bn4rust) R 16 16 0 0 -1 4194304 490113 0 19 0 45691 341 0 0 20 0 1 0 53419932 209203200 49514 67087892480 94002055581696 94002057448817 140733457051696 0 0 0 0 4096 1088 0 0 0 17 35 0 0 1 0 0 94002057706880 94002057753816 94002073214976 140733457054466 140733457054614 140733457054614 140733457055713 0
/proc/18/statm: 51075 49514 1064 456 0 49236 0
Current children cumulated CPU time: 460.36 s
Current children cumulated vsize: 221984 KiB
Current children cumulated memory: 210532 KiB

[startup+522.3 s]
/proc/loadavg: 32.45 33.49 35.05 34/2692 18
/proc/meminfo: memFree=486493088/527542196 swapFree=33554172/33554428
[pid=16] ppid=13 vsize=17684 memory=12476 CPUtime=0.04 cores=28-38,44-46,140-150,156-158
/proc/16/stat : 16 (python3) S 13 16 0 0 -1 4194304 1897 0 96 0 3 1 0 0 20 0 1 0 53419918 18108416 3119 67087892480 4194304 7154137 140734585788848 0 0 0 0 16781312 2 1 0 0 17 142 0 0 8 0 0 9727432 11029816 36245504 140734585797439 140734585797549 140734585797549 140734585798631 0
/proc/16/statm: 4421 3119 1525 723 0 2063 0
[pid=18] ppid=16 vsize=206348 memory=202152 CPUtime=520.09 cores=28-38,44-46,140-150,156-158
/proc/18/stat : 18 (bn4rust) R 16 16 0 0 -1 4194304 520811 0 19 0 51638 371 0 0 20 0 1 0 53419932 211300352 50538 67087892480 94002055581696 94002057448817 140733457051696 0 0 0 0 4096 1088 0 0 0 17 32 0 0 1 0 0 94002057706880 94002057753816 94002073214976 140733457054466 140733457054614 140733457054614 140733457055713 0
/proc/18/statm: 51587 50538 1064 456 0 49748 0
Current children cumulated CPU time: 520.13 s
Current children cumulated vsize: 224032 KiB
Current children cumulated memory: 214628 KiB

[startup+582.3 s]
/proc/loadavg: 32.61 33.32 34.89 33/2692 18
/proc/meminfo: memFree=486677120/527542196 swapFree=33554172/33554428
[pid=16] ppid=13 vsize=17684 memory=12476 CPUtime=0.04 cores=28-38,44-46,140-150,156-158
/proc/16/stat : 16 (python3) S 13 16 0 0 -1 4194304 1897 0 96 0 3 1 0 0 20 0 1 0 53419918 18108416 3119 67087892480 4194304 7154137 140734585788848 0 0 0 0 16781312 2 1 0 0 17 142 0 0 8 0 0 9727432 11029816 36245504 140734585797439 140734585797549 140734585797549 140734585798631 0
/proc/16/statm: 4421 3119 1525 723 0 2063 0
[pid=18] ppid=16 vsize=142860 memory=139396 CPUtime=579.86 cores=28-38,44-46,140-150,156-158
/proc/18/stat : 18 (bn4rust) R 16 16 0 0 -1 4194304 546795 0 19 0 57591 395 0 0 20 0 1 0 53419932 146288640 34849 67087892480 94002055581696 94002057448817 140733457051696 0 0 0 0 4096 1088 0 0 0 17 36 0 0 1 0 0 94002057706880 94002057753816 94002073214976 140733457054466 140733457054614 140733457054614 140733457055713 0
/proc/18/statm: 35715 34849 1064 456 0 33876 0
Current children cumulated CPU time: 579.9 s
Current children cumulated vsize: 160544 KiB
Current children cumulated memory: 151872 KiB

[startup+642.3 s]
/proc/loadavg: 32.40 33.15 34.73 34/2692 18
/proc/meminfo: memFree=486680424/527542196 swapFree=33554172/33554428
[pid=16] ppid=13 vsize=17684 memory=12476 CPUtime=0.04 cores=28-38,44-46,140-150,156-158
/proc/16/stat : 16 (python3) S 13 16 0 0 -1 4194304 1897 0 96 0 3 1 0 0 20 0 1 0 53419918 18108416 3119 67087892480 4194304 7154137 140734585788848 0 0 0 0 16781312 2 1 0 0 17 142 0 0 8 0 0 9727432 11029816 36245504 140734585797439 140734585797549 140734585797549 140734585798631 0
/proc/16/statm: 4421 3119 1525 723 0 2063 0
[pid=18] ppid=16 vsize=143884 memory=140544 CPUtime=639.63 cores=28-38,44-46,140-150,156-158
/proc/18/stat : 18 (bn4rust) R 16 16 0 0 -1 4194304 574899 0 19 0 63548 415 0 0 20 0 1 0 53419932 147337216 35136 67087892480 94002055581696 94002057448817 140733457051696 0 0 0 0 4096 1088 0 0 0 17 33 0 0 1 0 0 94002057706880 94002057753816 94002073214976 140733457054466 140733457054614 140733457054614 140733457055713 0
/proc/18/statm: 35971 35136 1064 456 0 34132 0
Current children cumulated CPU time: 639.67 s
Current children cumulated vsize: 161568 KiB
Current children cumulated memory: 153020 KiB

[startup+702.3 s]
/proc/loadavg: 32.64 33.06 34.60 34/2692 18
/proc/meminfo: memFree=486680028/527542196 swapFree=33554172/33554428
[pid=16] ppid=13 vsize=17684 memory=12476 CPUtime=0.04 cores=28-38,44-46,140-150,156-158
/proc/16/stat : 16 (python3) S 13 16 0 0 -1 4194304 1897 0 96 0 3 1 0 0 20 0 1 0 53419918 18108416 3119 67087892480 4194304 7154137 140734585788848 0 0 0 0 16781312 2 1 0 0 17 142 0 0 8 0 0 9727432 11029816 36245504 140734585797439 140734585797549 140734585797549 140734585798631 0
/proc/16/statm: 4421 3119 1525 723 0 2063 0
[pid=18] ppid=16 vsize=143884 memory=140544 CPUtime=699.39 cores=28-38,44-46,140-150,156-158
/proc/18/stat : 18 (bn4rust) R 16 16 0 0 -1 4194304 575478 0 19 0 69524 415 0 0 20 0 1 0 53419932 147337216 35136 67087892480 94002055581696 94002057448817 140733457051696 0 0 0 0 4096 1088 0 0 0 17 38 0 0 1 0 0 94002057706880 94002057753816 94002073214976 140733457054466 140733457054614 140733457054614 140733457055713 0
/proc/18/statm: 35971 35136 1064 456 0 34132 0
Current children cumulated CPU time: 699.43 s
Current children cumulated vsize: 161568 KiB
Current children cumulated memory: 153020 KiB

[startup+715.261 s]
# the end of solver process 16 was just reported to runsolver
# cumulated CPU time of all completed processes:  user=708.19 s, system=4.17259 s

Solver just ended.
??? end of watcher thread
Dumping a history of the last processes samples

[startup+704 s]*
/proc/loadavg: 32.66 33.06 34.59 34/2692 18
/proc/meminfo: memFree=486680028/527542196 swapFree=33554172/33554428
[pid=16] ppid=13 vsize=17684 memory=12476 CPUtime=0.04 cores=28-38,44-46,140-150,156-158
/proc/16/stat : 16 (python3) S 13 16 0 0 -1 4194304 1897 0 96 0 3 1 0 0 20 0 1 0 53419918 18108416 3119 67087892480 4194304 7154137 140734585788848 0 0 0 0 16781312 2 1 0 0 17 142 0 0 8 0 0 9727432 11029816 36245504 140734585797439 140734585797549 140734585797549 140734585798631 0
/proc/16/statm: 4421 3119 1525 723 0 2063 0
[pid=18] ppid=16 vsize=143884 memory=140544 CPUtime=701.08 cores=28-38,44-46,140-150,156-158
/proc/18/stat : 18 (bn4rust) R 16 16 0 0 -1 4194304 575478 0 19 0 69693 415 0 0 20 0 1 0 53419932 147337216 35136 67087892480 94002055581696 94002057448817 140733457051696 0 0 0 0 4096 1088 0 0 0 17 38 0 0 1 0 0 94002057706880 94002057753816 94002073214976 140733457054466 140733457054614 140733457054614 140733457055713 0
/proc/18/statm: 35971 35136 1064 456 0 34132 0
Current children cumulated CPU time: 701.12 s
Current children cumulated vsize: 161568 KiB
Current children cumulated memory: 153020 KiB

[startup+710.4 s]
/proc/loadavg: 32.69 33.06 34.59 34/2692 18
/proc/meminfo: memFree=486680028/527542196 swapFree=33554172/33554428
[pid=16] ppid=13 vsize=17684 memory=12476 CPUtime=0.04 cores=28-38,44-46,140-150,156-158
/proc/16/stat : 16 (python3) S 13 16 0 0 -1 4194304 1897 0 96 0 3 1 0 0 20 0 1 0 53419918 18108416 3119 67087892480 4194304 7154137 140734585788848 0 0 0 0 16781312 2 1 0 0 17 142 0 0 8 0 0 9727432 11029816 36245504 140734585797439 140734585797549 140734585797549 140734585798631 0
/proc/16/statm: 4421 3119 1525 723 0 2063 0
[pid=18] ppid=16 vsize=143884 memory=140544 CPUtime=707.46 cores=28-38,44-46,140-150,156-158
/proc/18/stat : 18 (bn4rust) R 16 16 0 0 -1 4194304 575478 0 19 0 70331 415 0 0 20 0 1 0 53419932 147337216 35136 67087892480 94002055581696 94002057448817 140733457051696 0 0 0 0 4096 1088 0 0 0 17 31 0 0 1 0 0 94002057706880 94002057753816 94002073214976 140733457054466 140733457054614 140733457054614 140733457055713 0
/proc/18/statm: 35971 35136 1064 456 0 34132 0
Current children cumulated CPU time: 707.5 s
Current children cumulated vsize: 161568 KiB
Current children cumulated memory: 153020 KiB

[startup+713.6 s]
/proc/loadavg: 32.72 33.06 34.58 33/2692 18
/proc/meminfo: memFree=486679784/527542196 swapFree=33554172/33554428
[pid=16] ppid=13 vsize=17684 memory=12476 CPUtime=0.04 cores=28-38,44-46,140-150,156-158
/proc/16/stat : 16 (python3) S 13 16 0 0 -1 4194304 1897 0 96 0 3 1 0 0 20 0 1 0 53419918 18108416 3119 67087892480 4194304 7154137 140734585788848 0 0 0 0 16781312 2 1 0 0 17 142 0 0 8 0 0 9727432 11029816 36245504 140734585797439 140734585797549 140734585797549 140734585798631 0
/proc/16/statm: 4421 3119 1525 723 0 2063 0
[pid=18] ppid=16 vsize=143884 memory=140544 CPUtime=710.65 cores=28-38,44-46,140-150,156-158
/proc/18/stat : 18 (bn4rust) R 16 16 0 0 -1 4194304 575478 0 19 0 70650 415 0 0 20 0 1 0 53419932 147337216 35136 67087892480 94002055581696 94002057448817 140733457051696 0 0 0 0 4096 1088 0 0 0 17 37 0 0 1 0 0 94002057706880 94002057753816 94002073214976 140733457054466 140733457054614 140733457054614 140733457055713 0
/proc/18/statm: 35971 35136 1064 456 0 34132 0
Current children cumulated CPU time: 710.69 s
Current children cumulated vsize: 161568 KiB
Current children cumulated memory: 153020 KiB

[startup+714.4 s]
/proc/loadavg: 32.72 33.06 34.58 34/2692 18
/proc/meminfo: memFree=486679784/527542196 swapFree=33554172/33554428
[pid=16] ppid=13 vsize=17684 memory=12476 CPUtime=0.04 cores=28-38,44-46,140-150,156-158
/proc/16/stat : 16 (python3) S 13 16 0 0 -1 4194304 1897 0 96 0 3 1 0 0 20 0 1 0 53419918 18108416 3119 67087892480 4194304 7154137 140734585788848 0 0 0 0 16781312 2 1 0 0 17 142 0 0 8 0 0 9727432 11029816 36245504 140734585797439 140734585797549 140734585797549 140734585798631 0
/proc/16/statm: 4421 3119 1525 723 0 2063 0
[pid=18] ppid=16 vsize=143884 memory=140544 CPUtime=711.45 cores=28-38,44-46,140-150,156-158
/proc/18/stat : 18 (bn4rust) R 16 16 0 0 -1 4194304 575478 0 19 0 70730 415 0 0 20 0 1 0 53419932 147337216 35136 67087892480 94002055581696 94002057448817 140733457051696 0 0 0 0 4096 1088 0 0 0 17 28 0 0 1 0 0 94002057706880 94002057753816 94002073214976 140733457054466 140733457054614 140733457054614 140733457055713 0
/proc/18/statm: 35971 35136 1064 456 0 34132 0
Current children cumulated CPU time: 711.49 s
Current children cumulated vsize: 161568 KiB
Current children cumulated memory: 153020 KiB

[startup+714.8 s]
/proc/loadavg: 32.72 33.06 34.58 34/2692 18
/proc/meminfo: memFree=486679784/527542196 swapFree=33554172/33554428
[pid=16] ppid=13 vsize=17684 memory=12476 CPUtime=0.04 cores=28-38,44-46,140-150,156-158
/proc/16/stat : 16 (python3) S 13 16 0 0 -1 4194304 1897 0 96 0 3 1 0 0 20 0 1 0 53419918 18108416 3119 67087892480 4194304 7154137 140734585788848 0 0 0 0 16781312 2 1 0 0 17 142 0 0 8 0 0 9727432 11029816 36245504 140734585797439 140734585797549 140734585797549 140734585798631 0
/proc/16/statm: 4421 3119 1525 723 0 2063 0
[pid=18] ppid=16 vsize=143884 memory=140544 CPUtime=711.84 cores=28-38,44-46,140-150,156-158
/proc/18/stat : 18 (bn4rust) R 16 16 0 0 -1 4194304 575478 0 19 0 70769 415 0 0 20 0 1 0 53419932 147337216 35136 67087892480 94002055581696 94002057448817 140733457051696 0 0 0 0 4096 1088 0 0 0 17 28 0 0 1 0 0 94002057706880 94002057753816 94002073214976 140733457054466 140733457054614 140733457054614 140733457055713 0
/proc/18/statm: 35971 35136 1064 456 0 34132 0
Current children cumulated CPU time: 711.88 s
Current children cumulated vsize: 161568 KiB
Current children cumulated memory: 153020 KiB

[startup+715.2 s]
/proc/loadavg: 32.72 33.06 34.58 34/2692 18
/proc/meminfo: memFree=486679796/527542196 swapFree=33554172/33554428
[pid=16] ppid=13 vsize=17684 memory=12476 CPUtime=0.04 cores=28-38,44-46,140-150,156-158
/proc/16/stat : 16 (python3) S 13 16 0 0 -1 4194304 1897 0 96 0 3 1 0 0 20 0 1 0 53419918 18108416 3119 67087892480 4194304 7154137 140734585788848 0 0 0 0 16781312 2 1 0 0 17 142 0 0 8 0 0 9727432 11029816 36245504 140734585797439 140734585797549 140734585797549 140734585798631 0
/proc/16/statm: 4421 3119 1525 723 0 2063 0
[pid=18] ppid=16 vsize=143884 memory=140544 CPUtime=712.24 cores=28-38,44-46,140-150,156-158
/proc/18/stat : 18 (bn4rust) R 16 16 0 0 -1 4194304 575478 0 19 0 70809 415 0 0 20 0 1 0 53419932 147337216 35136 67087892480 94002055581696 94002057448817 140733457051696 0 0 0 0 4096 1088 0 0 0 17 28 0 0 1 0 0 94002057706880 94002057753816 94002073214976 140733457054466 140733457054614 140733457054614 140733457055713 0
/proc/18/statm: 35971 35136 1064 456 0 34132 0
Current children cumulated CPU time: 712.28 s
Current children cumulated vsize: 161568 KiB
Current children cumulated memory: 153020 KiB

Child status: 0
Real time (s): 715.262
CPU time (s): 712.363
CPU user time (s): 708.19
CPU system time (s): 4.17259
CPU usage (%): 99.5947
Max. virtual memory (cumulated for all children) (KiB): 410504
Max. memory (cumulated for all children) (KiB): 372800

getrusage(RUSAGE_CHILDREN,...) data:
user time used= 708.19
system time used= 4.17259
maximum resident set size= 364420
integral shared memory size= 0
integral unshared data size= 0
integral unshared stack size= 0
page reclaims= 577399
page faults= 117
swaps= 0
block input operations= 20008
block output operations= 8
messages sent= 0
messages received= 0
signals received= 0
voluntary context switches= 1040
involuntary context switches= 738


# summary of solver processes directly reported to runsolver:
#   pid: 16
#   total CPU time (s): 712.363
#   total CPU user time (s): 708.19
#   total CPU system time (s): 4.17259

??? join timestamper begins
??? join timestamper ends
??? end of timestamper thread
runsolver used 0.595135 second user time and 0.988884 second system time

The end
