runsolver version 3.4.1 (svn: 3018) Copyright (C) 2010-2013 Olivier ROUSSEL

This program is distributed in the hope that it will be useful,
but WITHOUT ANY WARRANTY; without even the implied warranty of
MERCHANTABILITY or FITNESS FOR A PARTICULAR PURPOSE.  See the
GNU General Public License for more details.

NUMA information:
  number of nodes: 8
  memory of node 0: 63657 MiB (52037 MiB free)
  memory of node 1: 64504 MiB (61614 MiB free)
  memory of node 2: 64504 MiB (63495 MiB free)
  memory of node 3: 64504 MiB (57922 MiB free)
  memory of node 4: 64504 MiB (60341 MiB free)
  memory of node 5: 64504 MiB (61875 MiB free)
  memory of node 6: 64504 MiB (55608 MiB free)
  memory of node 7: 64491 MiB (60331 MiB free)
  node distances:
     10  12  12  12  21  21  21  21
     12  10  12  12  21  21  21  21
     12  12  10  12  21  21  21  21
     12  12  12  10  21  21  21  21
     21  21  21  21  10  12  12  12
     21  21  21  21  12  10  12  12
     21  21  21  21  12  12  10  12
     21  21  21  21  12  12  12  10

command line: /usr/local/bin/runsolver --timestamp -w /output/runsolver-watch.log -v /output/runsolver-values.log -o /output/solver-output.log -C 1800.0 -W 1800.0 -R 64000 /opt/solver/run_pyboolnet.py --instance /input/model_080.bnet 

running on 28 cores: 80-93,192-205

Enforcing CPUTime limit (soft limit, will send SIGTERM then SIGKILL): 1800 seconds
Enforcing CPUTime limit (hard limit, will send SIGXCPU): 1830 seconds
Enforcing wall clock limit (soft limit, will send SIGTERM then SIGKILL): 1800 seconds
Enforcing RSS+Swap limit (soft limit, will send SIGTERM then SIGKILL): 65536000 KiB
Linux 4.18.0-553.126.1.el8_10.x86_64
solver pid=16, runsolver pid=13
Current StackSize limit: 18014398509481983 KiB


[startup+0.100082 s]*
/proc/loadavg: 32.78 32.56 32.43 36/2962 17
/proc/meminfo: memFree=484571860/527542252 swapFree=31634516/33554428
[pid=16] ppid=13 vsize=15100 memory=9444 CPUtime=0.01 cores=80-93,192-205
/proc/16/stat : 16 (python3) D 13 16 0 0 -1 4194304 1178 0 56 0 1 0 0 0 20 0 1 0 522805975 15462400 2361 67087892480 94372686843904 94372690114605 140723446317568 0 0 0 0 16781312 2 0 0 0 17 86 0 0 6 0 0 94372692477968 94372692762008 94372707618816 140723446323969 140723446324039 140723446324039 140723446325223 0
/proc/16/statm: 3775 2361 1400 799 0 1394 0
Current children cumulated CPU time: 0.01 s
Current children cumulated vsize: 15100 KiB
Current children cumulated memory: 9444 KiB

[startup+0.200608 s]*
/proc/loadavg: 32.78 32.56 32.43 36/2960 17
/proc/meminfo: memFree=484563040/527542252 swapFree=31634516/33554428
[pid=16] ppid=13 vsize=19860 memory=14768 CPUtime=0.06 cores=80-93,192-205
/proc/16/stat : 16 (python3) D 13 16 0 0 -1 4194304 2408 0 77 0 5 1 0 0 20 0 1 0 522805975 20336640 3692 67087892480 94372686843904 94372690114605 140723446317568 0 0 0 0 16781312 2 0 0 0 17 86 0 0 10 0 0 94372692477968 94372692762008 94372707618816 140723446323969 140723446324039 140723446324039 140723446325223 0
/proc/16/statm: 4965 3692 1576 799 0 2477 0
Current children cumulated CPU time: 0.06 s
Current children cumulated vsize: 19860 KiB
Current children cumulated memory: 14768 KiB

[startup+0.300613 s]*
/proc/loadavg: 32.78 32.56 32.43 32/2960 17
/proc/meminfo: memFree=484554432/527542252 swapFree=31634516/33554428
[pid=16] ppid=13 vsize=26104 memory=20944 CPUtime=0.13 cores=80-93,192-205
/proc/16/stat : 16 (python3) R 13 16 0 0 -1 4194304 3952 0 81 0 10 3 0 0 20 0 1 0 522805975 26730496 5236 67087892480 94372686843904 94372690114605 140723446317568 0 0 0 0 16781312 2 0 0 0 17 86 0 0 13 0 0 94372692477968 94372692762008 94372707618816 140723446323969 140723446324039 140723446324039 140723446325223 0
/proc/16/statm: 6526 5236 1668 799 0 4038 0
Current children cumulated CPU time: 0.13 s
Current children cumulated vsize: 26104 KiB
Current children cumulated memory: 20944 KiB

[startup+0.700328 s]
/proc/loadavg: 32.78 32.56 32.43 32/2960 17
/proc/meminfo: memFree=484535476/527542252 swapFree=31634516/33554428
[pid=16] ppid=13 vsize=128752 memory=46428 CPUtime=0.29 cores=80-93,192-205
/proc/16/stat : 16 (python3) D 13 16 0 0 -1 4194304 8249 0 235 0 22 7 0 0 20 0 1 0 522805975 131842048 11607 67087892480 94372686843904 94372690114605 140723446317568 0 0 0 0 16781312 2 0 0 0 17 86 0 0 33 0 0 94372692477968 94372692762008 94372707618816 140723446323969 140723446324039 140723446324039 140723446325223 0
/proc/16/statm: 32188 11607 3993 799 0 16434 0
Current children cumulated CPU time: 0.29 s
Current children cumulated vsize: 128752 KiB
Current children cumulated memory: 46428 KiB

[startup+1.50021 s]
/proc/loadavg: 32.72 32.55 32.43 36/2962 19
/proc/meminfo: memFree=484449912/527542252 swapFree=31634516/33554428
[pid=16] ppid=13 vsize=220852 memory=70840 CPUtime=0.79 cores=80-93,192-205
/proc/16/stat : 16 (python3) S 13 16 0 0 -1 4194304 13224 0 298 0 68 11 0 0 20 0 1 0 522805975 226152448 17710 67087892480 94372686843904 94372690114605 140723446317568 0 0 0 0 16781312 2 1 0 0 17 86 0 0 51 0 0 94372692477968 94372692762008 94372707618816 140723446323969 140723446324039 140723446324039 140723446325223 0
/proc/16/statm: 55213 17710 5203 799 0 21920 0
Current children cumulated CPU time: 0.79 s
Current children cumulated vsize: 220852 KiB
Current children cumulated memory: 70840 KiB

[startup+3.10053 s]
/proc/loadavg: 32.72 32.55 32.43 37/2963 21
/proc/meminfo: memFree=484109064/527542252 swapFree=31634516/33554428
[pid=16] ppid=13 vsize=223268 memory=73212 CPUtime=0.9 cores=80-93,192-205
/proc/16/stat : 16 (python3) S 13 16 0 0 -1 4194304 13818 257 298 4 68 11 11 0 20 0 1 0 522805975 228626432 18303 67087892480 94372686843904 94372690114605 140723446317568 0 0 0 0 16781312 2 1 0 0 17 86 0 0 51 0 0 94372692477968 94372692762008 94372707618816 140723446323969 140723446324039 140723446324039 140723446325223 0
/proc/16/statm: 55817 18303 5203 799 0 22524 0
[pid=21] ppid=16 vsize=66872 memory=27920 CPUtime=1.46 cores=80-93,192-205
/proc/21/stat : 21 (NuSMVa_linux64) R 16 16 0 0 -1 4194304 3973 0 73 0 146 0 0 0 20 0 1 0 522806132 68476928 6980 67087892480 4194304 7931321 140721440487056 0 0 0 0 0 512 0 0 0 17 88 0 0 5 0 0 10030016 10037704 23306240 140721440487976 140721440488114 140721440488114 140721440489382 0
/proc/21/statm: 16718 6980 1739 913 0 5520 0
Current children cumulated CPU time: 2.36 s
Current children cumulated vsize: 290140 KiB
Current children cumulated memory: 101132 KiB
heavy processes:

[startup+6.30027 s]
/proc/loadavg: 32.58 32.53 32.42 36/2963 21
/proc/meminfo: memFree=484455116/527542252 swapFree=31634516/33554428
[pid=16] ppid=13 vsize=223268 memory=73212 CPUtime=0.9 cores=80-93,192-205
/proc/16/stat : 16 (python3) S 13 16 0 0 -1 4194304 13818 257 298 4 68 11 11 0 20 0 1 0 522805975 228626432 18303 67087892480 94372686843904 94372690114605 140723446317568 0 0 0 0 16781312 2 1 0 0 17 86 0 0 51 0 0 94372692477968 94372692762008 94372707618816 140723446323969 140723446324039 140723446324039 140723446325223 0
/proc/16/statm: 55817 18303 5203 799 0 22524 0
[pid=21] ppid=16 vsize=83676 memory=44752 CPUtime=4.65 cores=80-93,192-205
/proc/21/stat : 21 (NuSMVa_linux64) R 16 16 0 0 -1 4194304 6635 0 73 0 464 1 0 0 20 0 1 0 522806132 85684224 11188 67087892480 4194304 7931321 140721440487056 0 0 0 0 0 512 0 0 0 17 88 0 0 5 0 0 10030016 10037704 23306240 140721440487976 140721440488114 140721440488114 140721440489382 0
/proc/21/statm: 20919 11188 1739 913 0 9721 0
Current children cumulated CPU time: 5.55 s
Current children cumulated vsize: 306944 KiB
Current children cumulated memory: 117964 KiB

[startup+12.7004 s]
/proc/loadavg: 32.45 32.50 32.41 32/2963 21
/proc/meminfo: memFree=484314056/527542252 swapFree=31634516/33554428
[pid=16] ppid=13 vsize=223268 memory=73212 CPUtime=0.9 cores=80-93,192-205
/proc/16/stat : 16 (python3) S 13 16 0 0 -1 4194304 13818 257 298 4 68 11 11 0 20 0 1 0 522805975 228626432 18303 67087892480 94372686843904 94372690114605 140723446317568 0 0 0 0 16781312 2 1 0 0 17 86 0 0 51 0 0 94372692477968 94372692762008 94372707618816 140723446323969 140723446324039 140723446324039 140723446325223 0
/proc/16/statm: 55817 18303 5203 799 0 22524 0
[pid=21] ppid=16 vsize=86668 memory=47628 CPUtime=11.02 cores=80-93,192-205
/proc/21/stat : 21 (NuSMVa_linux64) R 16 16 0 0 -1 4194304 7410 0 73 0 1101 1 0 0 20 0 1 0 522806132 88748032 11907 67087892480 4194304 7931321 140721440487056 0 0 0 0 0 512 0 0 0 17 88 0 0 5 0 0 10030016 10037704 23306240 140721440487976 140721440488114 140721440488114 140721440489382 0
/proc/21/statm: 21667 11907 1739 913 0 10469 0
Current children cumulated CPU time: 11.92 s
Current children cumulated vsize: 309936 KiB
Current children cumulated memory: 120840 KiB

[startup+25.5003 s]
/proc/loadavg: 32.55 32.52 32.42 32/2963 21
/proc/meminfo: memFree=484229344/527542252 swapFree=31634516/33554428
[pid=16] ppid=13 vsize=223268 memory=73212 CPUtime=0.9 cores=80-93,192-205
/proc/16/stat : 16 (python3) S 13 16 0 0 -1 4194304 13818 257 298 4 68 11 11 0 20 0 1 0 522805975 228626432 18303 67087892480 94372686843904 94372690114605 140723446317568 0 0 0 0 16781312 2 1 0 0 17 86 0 0 51 0 0 94372692477968 94372692762008 94372707618816 140723446323969 140723446324039 140723446324039 140723446325223 0
/proc/16/statm: 55817 18303 5203 799 0 22524 0
[pid=21] ppid=16 vsize=114928 memory=75820 CPUtime=23.77 cores=80-93,192-205
/proc/21/stat : 21 (NuSMVa_linux64) R 16 16 0 0 -1 4194304 14461 0 73 0 2375 2 0 0 20 0 1 0 522806132 117686272 18955 67087892480 4194304 7931321 140721440487056 0 0 0 0 0 512 0 0 0 17 88 0 0 5 0 0 10030016 10037704 23306240 140721440487976 140721440488114 140721440488114 140721440489382 0
/proc/21/statm: 28732 18955 1739 913 0 17534 0
Current children cumulated CPU time: 24.67 s
Current children cumulated vsize: 338196 KiB
Current children cumulated memory: 149032 KiB

[startup+51.1006 s]
/proc/loadavg: 32.63 32.56 32.44 36/2963 21
/proc/meminfo: memFree=484408132/527542252 swapFree=31634516/33554428
[pid=16] ppid=13 vsize=223268 memory=73212 CPUtime=0.9 cores=80-93,192-205
/proc/16/stat : 16 (python3) S 13 16 0 0 -1 4194304 13818 257 298 4 68 11 11 0 20 0 1 0 522805975 228626432 18303 67087892480 94372686843904 94372690114605 140723446317568 0 0 0 0 16781312 2 1 0 0 17 86 0 0 51 0 0 94372692477968 94372692762008 94372707618816 140723446323969 140723446324039 140723446324039 140723446325223 0
/proc/16/statm: 55817 18303 5203 799 0 22524 0
[pid=21] ppid=16 vsize=155488 memory=116448 CPUtime=49.27 cores=80-93,192-205
/proc/21/stat : 21 (NuSMVa_linux64) R 16 16 0 0 -1 4194304 24640 0 73 0 4923 4 0 0 20 0 1 0 522806132 159219712 29112 67087892480 4194304 7931321 140721440487056 0 0 0 0 0 512 0 0 0 17 88 0 0 5 0 0 10030016 10037704 23306240 140721440487976 140721440488114 140721440488114 140721440489382 0
/proc/21/statm: 38872 29112 1739 913 0 27674 0
Current children cumulated CPU time: 50.17 s
Current children cumulated vsize: 378756 KiB
Current children cumulated memory: 189660 KiB

[startup+102.3 s]
/proc/loadavg: 32.67 32.57 32.45 36/2962 21
/proc/meminfo: memFree=484036180/527542252 swapFree=31634516/33554428
[pid=16] ppid=13 vsize=223268 memory=73212 CPUtime=0.9 cores=80-93,192-205
/proc/16/stat : 16 (python3) S 13 16 0 0 -1 4194304 13818 257 298 4 68 11 11 0 20 0 1 0 522805975 228626432 18303 67087892480 94372686843904 94372690114605 140723446317568 0 0 0 0 16781312 2 1 0 0 17 86 0 0 51 0 0 94372692477968 94372692762008 94372707618816 140723446323969 140723446324039 140723446324039 140723446325223 0
/proc/16/statm: 55817 18303 5203 799 0 22524 0
[pid=21] ppid=16 vsize=185364 memory=146252 CPUtime=100.27 cores=80-93,192-205
/proc/21/stat : 21 (NuSMVa_linux64) R 16 16 0 0 -1 4194304 32084 0 73 0 10023 4 0 0 20 0 1 0 522806132 189812736 36563 67087892480 4194304 7931321 140721440487056 0 0 0 0 0 512 0 0 0 17 88 0 0 5 0 0 10030016 10037704 23306240 140721440487976 140721440488114 140721440488114 140721440489382 0
/proc/21/statm: 46341 36563 1739 913 0 35143 0
Current children cumulated CPU time: 101.17 s
Current children cumulated vsize: 408632 KiB
Current children cumulated memory: 219464 KiB

[startup+162.3 s]
/proc/loadavg: 34.56 32.97 32.58 36/2966 21
/proc/meminfo: memFree=484360240/527542252 swapFree=31634516/33554428
[pid=16] ppid=13 vsize=223268 memory=73212 CPUtime=0.9 cores=80-93,192-205
/proc/16/stat : 16 (python3) S 13 16 0 0 -1 4194304 13818 257 298 4 68 11 11 0 20 0 1 0 522805975 228626432 18303 67087892480 94372686843904 94372690114605 140723446317568 0 0 0 0 16781312 2 1 0 0 17 86 0 0 51 0 0 94372692477968 94372692762008 94372707618816 140723446323969 140723446324039 140723446324039 140723446325223 0
/proc/16/statm: 55817 18303 5203 799 0 22524 0
[pid=21] ppid=16 vsize=189396 memory=150420 CPUtime=160.05 cores=80-93,192-205
/proc/21/stat : 21 (NuSMVa_linux64) R 16 16 0 0 -1 4194304 33136 0 73 0 16001 4 0 0 20 0 1 0 522806132 193941504 37605 67087892480 4194304 7931321 140721440487056 0 0 0 0 0 512 0 0 0 17 88 0 0 5 0 0 10030016 10037704 23306240 140721440487976 140721440488114 140721440488114 140721440489382 0
/proc/21/statm: 47349 37605 1739 913 0 36151 0
Current children cumulated CPU time: 160.95 s
Current children cumulated vsize: 412664 KiB
Current children cumulated memory: 223632 KiB

[startup+222.3 s]
/proc/loadavg: 33.05 32.85 32.57 32/2966 21
/proc/meminfo: memFree=484616192/527542252 swapFree=31634516/33554428
[pid=16] ppid=13 vsize=223268 memory=73292 CPUtime=0.9 cores=80-93,192-205
/proc/16/stat : 16 (python3) S 13 16 0 0 -1 4194304 13818 257 298 4 68 11 11 0 20 0 1 0 522805975 228626432 18323 67087892480 94372686843904 94372690114605 140723446317568 0 0 0 0 16781312 2 1 0 0 17 86 0 0 51 0 0 94372692477968 94372692762008 94372707618816 140723446323969 140723446324039 140723446324039 140723446325223 0
/proc/16/statm: 55817 18323 5203 799 0 22524 0
[pid=21] ppid=16 vsize=267472 memory=228272 CPUtime=219.84 cores=80-93,192-205
/proc/21/stat : 21 (NuSMVa_linux64) R 16 16 0 0 -1 4194304 52632 0 73 0 21976 8 0 0 20 0 1 0 522806132 273891328 57068 67087892480 4194304 7931321 140721440487056 0 0 0 0 0 512 0 0 0 17 200 0 0 5 0 0 10030016 10037704 23306240 140721440487976 140721440488114 140721440488114 140721440489382 0
/proc/21/statm: 66868 57068 1739 913 0 55670 0
Current children cumulated CPU time: 220.74 s
Current children cumulated vsize: 490740 KiB
Current children cumulated memory: 301564 KiB

[startup+282.3 s]
/proc/loadavg: 33.00 32.88 32.59 32/2963 21
/proc/meminfo: memFree=484685984/527542252 swapFree=31634516/33554428
[pid=16] ppid=13 vsize=223268 memory=74696 CPUtime=0.9 cores=80-93,192-205
/proc/16/stat : 16 (python3) S 13 16 0 0 -1 4194304 13818 257 298 4 68 11 11 0 20 0 1 0 522805975 228626432 18674 67087892480 94372686843904 94372690114605 140723446317568 0 0 0 0 16781312 2 1 0 0 17 86 0 0 51 0 0 94372692477968 94372692762008 94372707618816 140723446323969 140723446324039 140723446324039 140723446325223 0
/proc/16/statm: 55817 18674 5203 799 0 22524 0
[pid=21] ppid=16 vsize=268240 memory=229176 CPUtime=279.58 cores=80-93,192-205
/proc/21/stat : 21 (NuSMVa_linux64) R 16 16 0 0 -1 4194304 52870 0 73 0 27950 8 0 0 20 0 1 0 522806132 274677760 57294 67087892480 4194304 7931321 140721440487056 0 0 0 0 0 512 0 0 0 17 200 0 0 5 0 0 10030016 10037704 23306240 140721440487976 140721440488114 140721440488114 140721440489382 0
/proc/21/statm: 67060 57294 1739 913 0 55862 0
Current children cumulated CPU time: 280.48 s
Current children cumulated vsize: 491508 KiB
Current children cumulated memory: 303872 KiB

[startup+342.3 s]
/proc/loadavg: 33.14 32.91 32.62 36/2959 21
/proc/meminfo: memFree=484583988/527542252 swapFree=31634516/33554428
[pid=16] ppid=13 vsize=223268 memory=74696 CPUtime=0.9 cores=80-93,192-205
/proc/16/stat : 16 (python3) S 13 16 0 0 -1 4194304 13818 257 298 4 68 11 11 0 20 0 1 0 522805975 228626432 18674 67087892480 94372686843904 94372690114605 140723446317568 0 0 0 0 16781312 2 1 0 0 17 86 0 0 51 0 0 94372692477968 94372692762008 94372707618816 140723446323969 140723446324039 140723446324039 140723446325223 0
/proc/16/statm: 55817 18674 5203 799 0 22524 0
[pid=21] ppid=16 vsize=363784 memory=324612 CPUtime=339.3 cores=80-93,192-205
/proc/21/stat : 21 (NuSMVa_linux64) R 16 16 0 0 -1 4194304 76913 0 73 0 33917 13 0 0 20 0 1 0 522806132 372514816 81153 67087892480 4194304 7931321 140721440487056 0 0 0 0 0 512 0 0 0 17 200 0 0 5 0 0 10030016 10037704 23306240 140721440487976 140721440488114 140721440488114 140721440489382 0
/proc/21/statm: 90946 81153 1739 913 0 79748 0
Current children cumulated CPU time: 340.2 s
Current children cumulated vsize: 587052 KiB
Current children cumulated memory: 399308 KiB

[startup+402.3 s]
/proc/loadavg: 33.44 33.11 32.71 36/2969 21
/proc/meminfo: memFree=484798708/527542252 swapFree=31634516/33554428
[pid=16] ppid=13 vsize=223268 memory=74696 CPUtime=0.9 cores=80-93,192-205
/proc/16/stat : 16 (python3) S 13 16 0 0 -1 4194304 13818 257 298 4 68 11 11 0 20 0 1 0 522805975 228626432 18674 67087892480 94372686843904 94372690114605 140723446317568 0 0 0 0 16781312 2 1 0 0 17 86 0 0 51 0 0 94372692477968 94372692762008 94372707618816 140723446323969 140723446324039 140723446324039 140723446325223 0
/proc/16/statm: 55817 18674 5203 799 0 22524 0
[pid=21] ppid=16 vsize=367880 memory=328944 CPUtime=399.01 cores=80-93,192-205
/proc/21/stat : 21 (NuSMVa_linux64) R 16 16 0 0 -1 4194304 78104 0 73 0 39888 13 0 0 20 0 1 0 522806132 376709120 82236 67087892480 4194304 7931321 140721440487056 0 0 0 0 0 512 0 0 0 17 196 0 0 5 0 0 10030016 10037704 23306240 140721440487976 140721440488114 140721440488114 140721440489382 0
/proc/21/statm: 91970 82236 1739 913 0 80772 0
Current children cumulated CPU time: 399.91 s
Current children cumulated vsize: 591148 KiB
Current children cumulated memory: 403640 KiB

[startup+462.3 s]
/proc/loadavg: 32.71 32.97 32.69 32/2972 21
/proc/meminfo: memFree=493691696/527542252 swapFree=31634516/33554428
[pid=16] ppid=13 vsize=223268 memory=74696 CPUtime=0.9 cores=80-93,192-205
/proc/16/stat : 16 (python3) S 13 16 0 0 -1 4194304 13818 257 298 4 68 11 11 0 20 0 1 0 522805975 228626432 18674 67087892480 94372686843904 94372690114605 140723446317568 0 0 0 0 16781312 2 1 0 0 17 86 0 0 51 0 0 94372692477968 94372692762008 94372707618816 140723446323969 140723446324039 140723446324039 140723446325223 0
/proc/16/statm: 55817 18674 5203 799 0 22524 0
[pid=21] ppid=16 vsize=368392 memory=330316 CPUtime=458.78 cores=80-93,192-205
/proc/21/stat : 21 (NuSMVa_linux64) R 16 16 0 0 -1 4194304 78267 0 73 0 45865 13 0 0 20 0 1 0 522806132 377233408 82579 67087892480 4194304 7931321 140721440487056 0 0 0 0 0 512 0 0 0 17 196 0 0 5 0 0 10030016 10037704 23306240 140721440487976 140721440488114 140721440488114 140721440489382 0
/proc/21/statm: 92098 82579 1739 913 0 80900 0
Current children cumulated CPU time: 459.68 s
Current children cumulated vsize: 591660 KiB
Current children cumulated memory: 405012 KiB

[startup+522.3 s]
/proc/loadavg: 32.32 32.85 32.67 32/2967 21
/proc/meminfo: memFree=494250980/527542252 swapFree=31634516/33554428
[pid=16] ppid=13 vsize=223268 memory=74696 CPUtime=0.9 cores=80-93,192-205
/proc/16/stat : 16 (python3) S 13 16 0 0 -1 4194304 13818 257 298 4 68 11 11 0 20 0 1 0 522805975 228626432 18674 67087892480 94372686843904 94372690114605 140723446317568 0 0 0 0 16781312 2 1 0 0 17 86 0 0 51 0 0 94372692477968 94372692762008 94372707618816 140723446323969 140723446324039 140723446324039 140723446325223 0
/proc/16/statm: 55817 18674 5203 799 0 22524 0
[pid=21] ppid=16 vsize=370952 memory=332836 CPUtime=518.56 cores=80-93,192-205
/proc/21/stat : 21 (NuSMVa_linux64) R 16 16 0 0 -1 4194304 79052 0 73 0 51843 13 0 0 20 0 1 0 522806132 379854848 83209 67087892480 4194304 7931321 140721440487056 0 0 0 0 0 512 0 0 0 17 196 0 0 5 0 0 10030016 10037704 23306240 140721440487976 140721440488114 140721440488114 140721440489382 0
/proc/21/statm: 92738 83209 1739 913 0 81540 0
Current children cumulated CPU time: 519.46 s
Current children cumulated vsize: 594220 KiB
Current children cumulated memory: 407532 KiB

[startup+582.3 s]
/proc/loadavg: 34.97 33.40 32.86 44/2998 21
/proc/meminfo: memFree=493296760/527542252 swapFree=31634516/33554428
[pid=16] ppid=13 vsize=223268 memory=74696 CPUtime=0.9 cores=80-93,192-205
/proc/16/stat : 16 (python3) S 13 16 0 0 -1 4194304 13818 257 298 4 68 11 11 0 20 0 1 0 522805975 228626432 18674 67087892480 94372686843904 94372690114605 140723446317568 0 0 0 0 16781312 2 1 0 0 17 86 0 0 51 0 0 94372692477968 94372692762008 94372707618816 140723446323969 140723446324039 140723446324039 140723446325223 0
/proc/16/statm: 55817 18674 5203 799 0 22524 0
[pid=21] ppid=16 vsize=374024 memory=335980 CPUtime=578.34 cores=80-93,192-205
/proc/21/stat : 21 (NuSMVa_linux64) R 16 16 0 0 -1 4194304 79981 0 73 0 57820 14 0 0 20 0 1 0 522806132 383000576 83995 67087892480 4194304 7931321 140721440487056 0 0 0 0 0 512 0 0 0 17 203 0 0 5 0 0 10030016 10037704 23306240 140721440487976 140721440488114 140721440488114 140721440489382 0
/proc/21/statm: 93506 83995 1739 913 0 82308 0
Current children cumulated CPU time: 579.24 s
Current children cumulated vsize: 597292 KiB
Current children cumulated memory: 410676 KiB

[startup+642.3 s]
/proc/loadavg: 33.27 33.21 32.83 32/2969 21
/proc/meminfo: memFree=493491388/527542252 swapFree=31634516/33554428
[pid=16] ppid=13 vsize=223268 memory=74696 CPUtime=0.9 cores=80-93,192-205
/proc/16/stat : 16 (python3) S 13 16 0 0 -1 4194304 13818 257 298 4 68 11 11 0 20 0 1 0 522805975 228626432 18674 67087892480 94372686843904 94372690114605 140723446317568 0 0 0 0 16781312 2 1 0 0 17 86 0 0 51 0 0 94372692477968 94372692762008 94372707618816 140723446323969 140723446324039 140723446324039 140723446325223 0
/proc/16/statm: 55817 18674 5203 799 0 22524 0
[pid=21] ppid=16 vsize=374024 memory=335980 CPUtime=638.13 cores=80-93,192-205
/proc/21/stat : 21 (NuSMVa_linux64) R 16 16 0 0 -1 4194304 80134 0 73 0 63799 14 0 0 20 0 1 0 522806132 383000576 83995 67087892480 4194304 7931321 140721440487056 0 0 0 0 0 512 0 0 0 17 203 0 0 5 0 0 10030016 10037704 23306240 140721440487976 140721440488114 140721440488114 140721440489382 0
/proc/21/statm: 93506 83995 1739 913 0 82308 0
Current children cumulated CPU time: 639.03 s
Current children cumulated vsize: 597292 KiB
Current children cumulated memory: 410676 KiB

[startup+702.3 s]
/proc/loadavg: 32.52 33.04 32.79 32/2964 21
/proc/meminfo: memFree=493107956/527542252 swapFree=31634516/33554428
[pid=16] ppid=13 vsize=223268 memory=74696 CPUtime=0.9 cores=80-93,192-205
/proc/16/stat : 16 (python3) S 13 16 0 0 -1 4194304 13818 257 298 4 68 11 11 0 20 0 1 0 522805975 228626432 18674 67087892480 94372686843904 94372690114605 140723446317568 0 0 0 0 16781312 2 1 0 0 17 86 0 0 51 0 0 94372692477968 94372692762008 94372707618816 140723446323969 140723446324039 140723446324039 140723446325223 0
/proc/16/statm: 55817 18674 5203 799 0 22524 0
[pid=21] ppid=16 vsize=374024 memory=335980 CPUtime=697.92 cores=80-93,192-205
/proc/21/stat : 21 (NuSMVa_linux64) R 16 16 0 0 -1 4194304 80287 0 73 0 69778 14 0 0 20 0 1 0 522806132 383000576 83995 67087892480 4194304 7931321 140721440487056 0 0 0 0 0 512 0 0 0 17 203 0 0 5 0 0 10030016 10037704 23306240 140721440487976 140721440488114 140721440488114 140721440489382 0
/proc/21/statm: 93506 83995 1739 913 0 82308 0
Current children cumulated CPU time: 698.82 s
Current children cumulated vsize: 597292 KiB
Current children cumulated memory: 410676 KiB

[startup+762.3 s]
/proc/loadavg: 32.19 32.90 32.76 32/2967 21
/proc/meminfo: memFree=493370492/527542252 swapFree=31634516/33554428
[pid=16] ppid=13 vsize=223268 memory=74696 CPUtime=0.9 cores=80-93,192-205
/proc/16/stat : 16 (python3) S 13 16 0 0 -1 4194304 13818 257 298 4 68 11 11 0 20 0 1 0 522805975 228626432 18674 67087892480 94372686843904 94372690114605 140723446317568 0 0 0 0 16781312 2 1 0 0 17 86 0 0 51 0 0 94372692477968 94372692762008 94372707618816 140723446323969 140723446324039 140723446324039 140723446325223 0
/proc/16/statm: 55817 18674 5203 799 0 22524 0
[pid=21] ppid=16 vsize=374024 memory=335980 CPUtime=757.72 cores=80-93,192-205
/proc/21/stat : 21 (NuSMVa_linux64) R 16 16 0 0 -1 4194304 80440 0 73 0 75758 14 0 0 20 0 1 0 522806132 383000576 83995 67087892480 4194304 7931321 140721440487056 0 0 0 0 0 512 0 0 0 17 203 0 0 5 0 0 10030016 10037704 23306240 140721440487976 140721440488114 140721440488114 140721440489382 0
/proc/21/statm: 93506 83995 1739 913 0 82308 0
Current children cumulated CPU time: 758.62 s
Current children cumulated vsize: 597292 KiB
Current children cumulated memory: 410676 KiB

[startup+822.3 s]
/proc/loadavg: 32.63 32.91 32.78 32/2962 21
/proc/meminfo: memFree=492900380/527542252 swapFree=31634516/33554428
[pid=16] ppid=13 vsize=223268 memory=74696 CPUtime=0.9 cores=80-93,192-205
/proc/16/stat : 16 (python3) S 13 16 0 0 -1 4194304 13818 257 298 4 68 11 11 0 20 0 1 0 522805975 228626432 18674 67087892480 94372686843904 94372690114605 140723446317568 0 0 0 0 16781312 2 1 0 0 17 86 0 0 51 0 0 94372692477968 94372692762008 94372707618816 140723446323969 140723446324039 140723446324039 140723446325223 0
/proc/16/statm: 55817 18674 5203 799 0 22524 0
[pid=21] ppid=16 vsize=374024 memory=335980 CPUtime=817.51 cores=80-93,192-205
/proc/21/stat : 21 (NuSMVa_linux64) R 16 16 0 0 -1 4194304 80593 0 73 0 81737 14 0 0 20 0 1 0 522806132 383000576 83995 67087892480 4194304 7931321 140721440487056 0 0 0 0 0 512 0 0 0 17 203 0 0 5 0 0 10030016 10037704 23306240 140721440487976 140721440488114 140721440488114 140721440489382 0
/proc/21/statm: 93506 83995 1739 913 0 82308 0
Current children cumulated CPU time: 818.41 s
Current children cumulated vsize: 597292 KiB
Current children cumulated memory: 410676 KiB

[startup+882.3 s]
/proc/loadavg: 32.90 32.93 32.79 36/2959 21
/proc/meminfo: memFree=492630980/527542252 swapFree=31634516/33554428
[pid=16] ppid=13 vsize=223268 memory=74696 CPUtime=0.9 cores=80-93,192-205
/proc/16/stat : 16 (python3) S 13 16 0 0 -1 4194304 13818 257 298 4 68 11 11 0 20 0 1 0 522805975 228626432 18674 67087892480 94372686843904 94372690114605 140723446317568 0 0 0 0 16781312 2 1 0 0 17 86 0 0 51 0 0 94372692477968 94372692762008 94372707618816 140723446323969 140723446324039 140723446324039 140723446325223 0
/proc/16/statm: 55817 18674 5203 799 0 22524 0
[pid=21] ppid=16 vsize=374024 memory=335980 CPUtime=877.3 cores=80-93,192-205
/proc/21/stat : 21 (NuSMVa_linux64) R 16 16 0 0 -1 4194304 80746 0 73 0 87716 14 0 0 20 0 1 0 522806132 383000576 83995 67087892480 4194304 7931321 140721440487056 0 0 0 0 0 512 0 0 0 17 203 0 0 5 0 0 10030016 10037704 23306240 140721440487976 140721440488114 140721440488114 140721440489382 0
/proc/21/statm: 93506 83995 1739 913 0 82308 0
Current children cumulated CPU time: 878.2 s
Current children cumulated vsize: 597292 KiB
Current children cumulated memory: 410676 KiB

[startup+942.3 s]
/proc/loadavg: 32.96 32.89 32.79 36/2960 21
/proc/meminfo: memFree=492299376/527542252 swapFree=31634516/33554428
[pid=16] ppid=13 vsize=223268 memory=74696 CPUtime=0.9 cores=80-93,192-205
/proc/16/stat : 16 (python3) S 13 16 0 0 -1 4194304 13818 257 298 4 68 11 11 0 20 0 1 0 522805975 228626432 18674 67087892480 94372686843904 94372690114605 140723446317568 0 0 0 0 16781312 2 1 0 0 17 86 0 0 51 0 0 94372692477968 94372692762008 94372707618816 140723446323969 140723446324039 140723446324039 140723446325223 0
/proc/16/statm: 55817 18674 5203 799 0 22524 0
[pid=21] ppid=16 vsize=374024 memory=335980 CPUtime=937.1 cores=80-93,192-205
/proc/21/stat : 21 (NuSMVa_linux64) R 16 16 0 0 -1 4194304 80899 0 73 0 93696 14 0 0 20 0 1 0 522806132 383000576 83995 67087892480 4194304 7931321 140721440487056 0 0 0 0 0 512 0 0 0 17 203 0 0 5 0 0 10030016 10037704 23306240 140721440487976 140721440488114 140721440488114 140721440489382 0
/proc/21/statm: 93506 83995 1739 913 0 82308 0
Current children cumulated CPU time: 938 s
Current children cumulated vsize: 597292 KiB
Current children cumulated memory: 410676 KiB

[startup+1002.3 s]
/proc/loadavg: 32.77 32.80 32.76 32/2959 21
/proc/meminfo: memFree=492013660/527542252 swapFree=31634516/33554428
[pid=16] ppid=13 vsize=223268 memory=74696 CPUtime=0.9 cores=80-93,192-205
/proc/16/stat : 16 (python3) S 13 16 0 0 -1 4194304 13818 257 298 4 68 11 11 0 20 0 1 0 522805975 228626432 18674 67087892480 94372686843904 94372690114605 140723446317568 0 0 0 0 16781312 2 1 0 0 17 86 0 0 51 0 0 94372692477968 94372692762008 94372707618816 140723446323969 140723446324039 140723446324039 140723446325223 0
/proc/16/statm: 55817 18674 5203 799 0 22524 0
[pid=21] ppid=16 vsize=460800 memory=422716 CPUtime=996.88 cores=80-93,192-205
/proc/21/stat : 21 (NuSMVa_linux64) R 16 16 0 0 -1 4194304 102244 0 73 0 99670 18 0 0 20 0 1 0 522806132 471859200 105679 67087892480 4194304 7931321 140721440487056 0 0 0 0 0 512 0 0 0 17 203 0 0 5 0 0 10030016 10037704 23306240 140721440487976 140721440488114 140721440488114 140721440489382 0
/proc/21/statm: 115200 105679 1739 913 0 104002 0
Current children cumulated CPU time: 997.78 s
Current children cumulated vsize: 684068 KiB
Current children cumulated memory: 497412 KiB

[startup+1062.3 s]
/proc/loadavg: 32.53 32.72 32.73 32/2960 21
/proc/meminfo: memFree=492065428/527542252 swapFree=31634516/33554428
[pid=16] ppid=13 vsize=223268 memory=74696 CPUtime=0.9 cores=80-93,192-205
/proc/16/stat : 16 (python3) S 13 16 0 0 -1 4194304 13818 257 298 4 68 11 11 0 20 0 1 0 522805975 228626432 18674 67087892480 94372686843904 94372690114605 140723446317568 0 0 0 0 16781312 2 1 0 0 17 86 0 0 51 0 0 94372692477968 94372692762008 94372707618816 140723446323969 140723446324039 140723446324039 140723446325223 0
/proc/16/statm: 55817 18674 5203 799 0 22524 0
[pid=21] ppid=16 vsize=591012 memory=552964 CPUtime=1056.67 cores=80-93,192-205
/proc/21/stat : 21 (NuSMVa_linux64) R 16 16 0 0 -1 4194304 134935 0 73 0 105643 24 0 0 20 0 1 0 522806132 605196288 138241 67087892480 4194304 7931321 140721440487056 0 0 0 0 0 512 0 0 0 17 203 0 0 5 0 0 10030016 10037704 23306240 140721440487976 140721440488114 140721440488114 140721440489382 0
/proc/21/statm: 147753 138241 1739 913 0 136555 0
Current children cumulated CPU time: 1057.57 s
Current children cumulated vsize: 814280 KiB
Current children cumulated memory: 627660 KiB

[startup+1122.3 s]
/proc/loadavg: 32.14 32.58 32.68 32/2958 21
/proc/meminfo: memFree=492139780/527542252 swapFree=31634516/33554428
[pid=16] ppid=13 vsize=223268 memory=74696 CPUtime=0.9 cores=80-93,192-205
/proc/16/stat : 16 (python3) S 13 16 0 0 -1 4194304 13818 257 298 4 68 11 11 0 20 0 1 0 522805975 228626432 18674 67087892480 94372686843904 94372690114605 140723446317568 0 0 0 0 16781312 2 1 0 0 17 86 0 0 51 0 0 94372692477968 94372692762008 94372707618816 140723446323969 140723446324039 140723446324039 140723446325223 0
/proc/16/statm: 55817 18674 5203 799 0 22524 0
[pid=21] ppid=16 vsize=641780 memory=603736 CPUtime=1116.45 cores=80-93,192-205
/proc/21/stat : 21 (NuSMVa_linux64) R 16 16 0 0 -1 4194304 146240 0 73 0 111618 27 0 0 20 0 1 0 522806132 657182720 150934 67087892480 4194304 7931321 140721440487056 0 0 0 0 0 512 0 0 0 17 203 0 0 5 0 0 10030016 10037704 23306240 140721440487976 140721440488114 140721440488114 140721440489382 0
/proc/21/statm: 160445 150934 1739 913 0 149247 0
Current children cumulated CPU time: 1117.35 s
Current children cumulated vsize: 865048 KiB
Current children cumulated memory: 678432 KiB

[startup+1182.3 s]
/proc/loadavg: 31.96 32.47 32.64 32/2957 21
/proc/meminfo: memFree=492033408/527542252 swapFree=31634516/33554428
[pid=16] ppid=13 vsize=223268 memory=74696 CPUtime=0.9 cores=80-93,192-205
/proc/16/stat : 16 (python3) S 13 16 0 0 -1 4194304 13818 257 298 4 68 11 11 0 20 0 1 0 522805975 228626432 18674 67087892480 94372686843904 94372690114605 140723446317568 0 0 0 0 16781312 2 1 0 0 17 86 0 0 51 0 0 94372692477968 94372692762008 94372707618816 140723446323969 140723446324039 140723446324039 140723446325223 0
/proc/16/statm: 55817 18674 5203 799 0 22524 0
[pid=21] ppid=16 vsize=642804 memory=604712 CPUtime=1176.23 cores=80-93,192-205
/proc/21/stat : 21 (NuSMVa_linux64) R 16 16 0 0 -1 4194304 146498 0 73 0 117596 27 0 0 20 0 1 0 522806132 658231296 151178 67087892480 4194304 7931321 140721440487056 0 0 0 0 0 512 0 0 0 17 203 0 0 5 0 0 10030016 10037704 23306240 140721440487976 140721440488114 140721440488114 140721440489382 0
/proc/21/statm: 160701 151178 1739 913 0 149503 0
Current children cumulated CPU time: 1177.13 s
Current children cumulated vsize: 866072 KiB
Current children cumulated memory: 679408 KiB

[startup+1242.3 s]
/proc/loadavg: 35.32 33.33 32.92 32/2976 21
/proc/meminfo: memFree=492642868/527542252 swapFree=31634516/33554428
[pid=16] ppid=13 vsize=223268 memory=74696 CPUtime=0.9 cores=80-93,192-205
/proc/16/stat : 16 (python3) S 13 16 0 0 -1 4194304 13818 257 298 4 68 11 11 0 20 0 1 0 522805975 228626432 18674 67087892480 94372686843904 94372690114605 140723446317568 0 0 0 0 16781312 2 1 0 0 17 86 0 0 51 0 0 94372692477968 94372692762008 94372707618816 140723446323969 140723446324039 140723446324039 140723446325223 0
/proc/16/statm: 55817 18674 5203 799 0 22524 0
[pid=21] ppid=16 vsize=642804 memory=604760 CPUtime=1235.98 cores=80-93,192-205
/proc/21/stat : 21 (NuSMVa_linux64) R 16 16 0 0 -1 4194304 146645 0 73 0 123571 27 0 0 20 0 1 0 522806132 658231296 151190 67087892480 4194304 7931321 140721440487056 0 0 0 0 0 512 0 0 0 17 198 0 0 5 0 0 10030016 10037704 23306240 140721440487976 140721440488114 140721440488114 140721440489382 0
/proc/21/statm: 160701 151190 1739 913 0 149503 0
Current children cumulated CPU time: 1236.88 s
Current children cumulated vsize: 866072 KiB
Current children cumulated memory: 679456 KiB

[startup+1302.3 s]
/proc/loadavg: 34.83 33.65 33.06 36/2964 21
/proc/meminfo: memFree=492614144/527542252 swapFree=31634516/33554428
[pid=16] ppid=13 vsize=223268 memory=74696 CPUtime=0.9 cores=80-93,192-205
/proc/16/stat : 16 (python3) S 13 16 0 0 -1 4194304 13818 257 298 4 68 11 11 0 20 0 1 0 522805975 228626432 18674 67087892480 94372686843904 94372690114605 140723446317568 0 0 0 0 16781312 2 1 0 0 17 86 0 0 51 0 0 94372692477968 94372692762008 94372707618816 140723446323969 140723446324039 140723446324039 140723446325223 0
/proc/16/statm: 55817 18674 5203 799 0 22524 0
[pid=21] ppid=16 vsize=648948 memory=611028 CPUtime=1295.74 cores=80-93,192-205
/proc/21/stat : 21 (NuSMVa_linux64) R 16 16 0 0 -1 4194304 146834 0 73 0 129547 27 0 0 20 0 1 0 522806132 664522752 152757 67087892480 4194304 7931321 140721440487056 0 0 0 0 0 512 0 0 0 17 89 0 0 5 0 0 10030016 10037704 23306240 140721440487976 140721440488114 140721440488114 140721440489382 0
/proc/21/statm: 162237 152757 1739 913 0 151039 0
Current children cumulated CPU time: 1296.64 s
Current children cumulated vsize: 872216 KiB
Current children cumulated memory: 685724 KiB

[startup+1362.3 s]
/proc/loadavg: 33.22 33.36 33.00 36/2967 21
/proc/meminfo: memFree=492613440/527542252 swapFree=31634516/33554428
[pid=16] ppid=13 vsize=223268 memory=74696 CPUtime=0.9 cores=80-93,192-205
/proc/16/stat : 16 (python3) S 13 16 0 0 -1 4194304 13818 257 298 4 68 11 11 0 20 0 1 0 522805975 228626432 18674 67087892480 94372686843904 94372690114605 140723446317568 0 0 0 0 16781312 2 1 0 0 17 86 0 0 51 0 0 94372692477968 94372692762008 94372707618816 140723446323969 140723446324039 140723446324039 140723446325223 0
/proc/16/statm: 55817 18674 5203 799 0 22524 0
[pid=21] ppid=16 vsize=648948 memory=611028 CPUtime=1355.51 cores=80-93,192-205
/proc/21/stat : 21 (NuSMVa_linux64) R 16 16 0 0 -1 4194304 146985 0 73 0 135524 27 0 0 20 0 1 0 522806132 664522752 152757 67087892480 4194304 7931321 140721440487056 0 0 0 0 0 512 0 0 0 17 89 0 0 5 0 0 10030016 10037704 23306240 140721440487976 140721440488114 140721440488114 140721440489382 0
/proc/21/statm: 162237 152757 1739 913 0 151039 0
Current children cumulated CPU time: 1356.41 s
Current children cumulated vsize: 872216 KiB
Current children cumulated memory: 685724 KiB

[startup+1422.3 s]
/proc/loadavg: 32.61 33.13 32.94 32/2964 21
/proc/meminfo: memFree=492478732/527542252 swapFree=31634516/33554428
[pid=16] ppid=13 vsize=223268 memory=74696 CPUtime=0.9 cores=80-93,192-205
/proc/16/stat : 16 (python3) S 13 16 0 0 -1 4194304 13818 257 298 4 68 11 11 0 20 0 1 0 522805975 228626432 18674 67087892480 94372686843904 94372690114605 140723446317568 0 0 0 0 16781312 2 1 0 0 17 86 0 0 51 0 0 94372692477968 94372692762008 94372707618816 140723446323969 140723446324039 140723446324039 140723446325223 0
/proc/16/statm: 55817 18674 5203 799 0 22524 0
[pid=21] ppid=16 vsize=648948 memory=611028 CPUtime=1415.31 cores=80-93,192-205
/proc/21/stat : 21 (NuSMVa_linux64) R 16 16 0 0 -1 4194304 147133 0 73 0 141504 27 0 0 20 0 1 0 522806132 664522752 152757 67087892480 4194304 7931321 140721440487056 0 0 0 0 0 512 0 0 0 17 89 0 0 5 0 0 10030016 10037704 23306240 140721440487976 140721440488114 140721440488114 140721440489382 0
/proc/21/statm: 162237 152757 1739 913 0 151039 0
Current children cumulated CPU time: 1416.21 s
Current children cumulated vsize: 872216 KiB
Current children cumulated memory: 685724 KiB

[startup+1482.3 s]
/proc/loadavg: 32.33 32.94 32.89 32/2961 21
/proc/meminfo: memFree=492410560/527542252 swapFree=31634516/33554428
[pid=16] ppid=13 vsize=223268 memory=74696 CPUtime=0.9 cores=80-93,192-205
/proc/16/stat : 16 (python3) S 13 16 0 0 -1 4194304 13818 257 298 4 68 11 11 0 20 0 1 0 522805975 228626432 18674 67087892480 94372686843904 94372690114605 140723446317568 0 0 0 0 16781312 2 1 0 0 17 86 0 0 51 0 0 94372692477968 94372692762008 94372707618816 140723446323969 140723446324039 140723446324039 140723446325223 0
/proc/16/statm: 55817 18674 5203 799 0 22524 0
[pid=21] ppid=16 vsize=648948 memory=611028 CPUtime=1475.1 cores=80-93,192-205
/proc/21/stat : 21 (NuSMVa_linux64) R 16 16 0 0 -1 4194304 147278 0 73 0 147483 27 0 0 20 0 1 0 522806132 664522752 152757 67087892480 4194304 7931321 140721440487056 0 0 0 0 0 512 0 0 0 17 89 0 0 5 0 0 10030016 10037704 23306240 140721440487976 140721440488114 140721440488114 140721440489382 0
/proc/21/statm: 162237 152757 1739 913 0 151039 0
Current children cumulated CPU time: 1476 s
Current children cumulated vsize: 872216 KiB
Current children cumulated memory: 685724 KiB

[startup+1542.3 s]
/proc/loadavg: 32.30 32.83 32.85 32/2961 21
/proc/meminfo: memFree=492413820/527542252 swapFree=31634516/33554428
[pid=16] ppid=13 vsize=223268 memory=74696 CPUtime=0.9 cores=80-93,192-205
/proc/16/stat : 16 (python3) S 13 16 0 0 -1 4194304 13818 257 298 4 68 11 11 0 20 0 1 0 522805975 228626432 18674 67087892480 94372686843904 94372690114605 140723446317568 0 0 0 0 16781312 2 1 0 0 17 86 0 0 51 0 0 94372692477968 94372692762008 94372707618816 140723446323969 140723446324039 140723446324039 140723446325223 0
/proc/16/statm: 55817 18674 5203 799 0 22524 0
[pid=21] ppid=16 vsize=648948 memory=611028 CPUtime=1534.89 cores=80-93,192-205
/proc/21/stat : 21 (NuSMVa_linux64) R 16 16 0 0 -1 4194304 147424 0 73 0 153462 27 0 0 20 0 1 0 522806132 664522752 152757 67087892480 4194304 7931321 140721440487056 0 0 0 0 0 512 0 0 0 17 89 0 0 5 0 0 10030016 10037704 23306240 140721440487976 140721440488114 140721440488114 140721440489382 0
/proc/21/statm: 162237 152757 1739 913 0 151039 0
Current children cumulated CPU time: 1535.79 s
Current children cumulated vsize: 872216 KiB
Current children cumulated memory: 685724 KiB

[startup+1602.3 s]
/proc/loadavg: 31.77 32.44 32.71 36/2962 21
/proc/meminfo: memFree=492518304/527542252 swapFree=31634516/33554428
[pid=16] ppid=13 vsize=223268 memory=74696 CPUtime=0.9 cores=80-93,192-205
/proc/16/stat : 16 (python3) S 13 16 0 0 -1 4194304 13818 257 298 4 68 11 11 0 20 0 1 0 522805975 228626432 18674 67087892480 94372686843904 94372690114605 140723446317568 0 0 0 0 16781312 2 1 0 0 17 86 0 0 51 0 0 94372692477968 94372692762008 94372707618816 140723446323969 140723446324039 140723446324039 140723446325223 0
/proc/16/statm: 55817 18674 5203 799 0 22524 0
[pid=21] ppid=16 vsize=650996 memory=613076 CPUtime=1594.67 cores=80-93,192-205
/proc/21/stat : 21 (NuSMVa_linux64) R 16 16 0 0 -1 4194304 147583 0 73 0 159439 28 0 0 20 0 1 0 522806132 666619904 153269 67087892480 4194304 7931321 140721440487056 0 0 0 0 0 512 0 0 0 17 89 0 0 5 0 0 10030016 10037704 23306240 140721440487976 140721440488114 140721440488114 140721440489382 0
/proc/21/statm: 162749 153269 1739 913 0 151551 0
Current children cumulated CPU time: 1595.57 s
Current children cumulated vsize: 874264 KiB
Current children cumulated memory: 687772 KiB

[startup+1662.3 s]
/proc/loadavg: 32.25 32.43 32.68 32/2964 21
/proc/meminfo: memFree=492437052/527542252 swapFree=31634516/33554428
[pid=16] ppid=13 vsize=223268 memory=74696 CPUtime=0.9 cores=80-93,192-205
/proc/16/stat : 16 (python3) S 13 16 0 0 -1 4194304 13818 257 298 4 68 11 11 0 20 0 1 0 522805975 228626432 18674 67087892480 94372686843904 94372690114605 140723446317568 0 0 0 0 16781312 2 1 0 0 17 86 0 0 51 0 0 94372692477968 94372692762008 94372707618816 140723446323969 140723446324039 140723446324039 140723446325223 0
/proc/16/statm: 55817 18674 5203 799 0 22524 0
[pid=21] ppid=16 vsize=650996 memory=613076 CPUtime=1654.43 cores=80-93,192-205
/proc/21/stat : 21 (NuSMVa_linux64) R 16 16 0 0 -1 4194304 147735 0 73 0 165415 28 0 0 20 0 1 0 522806132 666619904 153269 67087892480 4194304 7931321 140721440487056 0 0 0 0 0 512 0 0 0 17 89 0 0 5 0 0 10030016 10037704 23306240 140721440487976 140721440488114 140721440488114 140721440489382 0
/proc/21/statm: 162749 153269 1739 913 0 151551 0
Current children cumulated CPU time: 1655.33 s
Current children cumulated vsize: 874264 KiB
Current children cumulated memory: 687772 KiB

[startup+1722.3 s]
/proc/loadavg: 32.34 32.41 32.66 32/2961 21
/proc/meminfo: memFree=492554780/527542252 swapFree=31634516/33554428
[pid=16] ppid=13 vsize=223268 memory=74696 CPUtime=0.9 cores=80-93,192-205
/proc/16/stat : 16 (python3) S 13 16 0 0 -1 4194304 13818 257 298 4 68 11 11 0 20 0 1 0 522805975 228626432 18674 67087892480 94372686843904 94372690114605 140723446317568 0 0 0 0 16781312 2 1 0 0 17 86 0 0 51 0 0 94372692477968 94372692762008 94372707618816 140723446323969 140723446324039 140723446324039 140723446325223 0
/proc/16/statm: 55817 18674 5203 799 0 22524 0
[pid=21] ppid=16 vsize=653556 memory=615480 CPUtime=1714.19 cores=80-93,192-205
/proc/21/stat : 21 (NuSMVa_linux64) R 16 16 0 0 -1 4194304 148499 0 73 0 171391 28 0 0 20 0 1 0 522806132 669241344 153870 67087892480 4194304 7931321 140721440487056 0 0 0 0 0 512 0 0 0 17 89 0 0 5 0 0 10030016 10037704 23306240 140721440487976 140721440488114 140721440488114 140721440489382 0
/proc/21/statm: 163389 153870 1739 913 0 152191 0
Current children cumulated CPU time: 1715.09 s
Current children cumulated vsize: 876824 KiB
Current children cumulated memory: 690176 KiB

[startup+1782.3 s]
/proc/loadavg: 32.29 32.41 32.64 32/2962 21
/proc/meminfo: memFree=492473980/527542252 swapFree=31634516/33554428
[pid=16] ppid=13 vsize=223268 memory=74696 CPUtime=0.9 cores=80-93,192-205
/proc/16/stat : 16 (python3) S 13 16 0 0 -1 4194304 13818 257 298 4 68 11 11 0 20 0 1 0 522805975 228626432 18674 67087892480 94372686843904 94372690114605 140723446317568 0 0 0 0 16781312 2 1 0 0 17 86 0 0 51 0 0 94372692477968 94372692762008 94372707618816 140723446323969 140723446324039 140723446324039 140723446325223 0
/proc/16/statm: 55817 18674 5203 799 0 22524 0
[pid=21] ppid=16 vsize=655604 memory=617508 CPUtime=1773.95 cores=80-93,192-205
/proc/21/stat : 21 (NuSMVa_linux64) R 16 16 0 0 -1 4194304 149164 0 73 0 177367 28 0 0 20 0 1 0 522806132 671338496 154377 67087892480 4194304 7931321 140721440487056 0 0 0 0 0 512 0 0 0 17 89 0 0 5 0 0 10030016 10037704 23306240 140721440487976 140721440488114 140721440488114 140721440489382 0
/proc/21/statm: 163901 154377 1739 913 0 152703 0
Current children cumulated CPU time: 1774.85 s
Current children cumulated vsize: 878872 KiB
Current children cumulated memory: 692204 KiB



Maximum wall clock time exceeded: sending SIGTERM then SIGKILL

[startup+1800 s]*
/proc/loadavg: 32.33 32.41 32.64 36/2961 21
/proc/meminfo: memFree=492228640/527542252 swapFree=31634516/33554428
[pid=16] ppid=13 vsize=223268 memory=74696 CPUtime=0.9 cores=80-93,192-205
/proc/16/stat : 16 (python3) S 13 16 0 0 -1 4194304 13818 257 298 4 68 11 11 0 20 0 1 0 522805975 228626432 18674 67087892480 94372686843904 94372690114605 140723446317568 0 0 0 0 16781312 2 1 0 0 17 86 0 0 51 0 0 94372692477968 94372692762008 94372707618816 140723446323969 140723446324039 140723446324039 140723446325223 0
/proc/16/statm: 55817 18674 5203 799 0 22524 0
[pid=21] ppid=16 vsize=655604 memory=617560 CPUtime=1791.59 cores=80-93,192-205
/proc/21/stat : 21 (NuSMVa_linux64) R 16 16 0 0 -1 4194304 149290 0 73 0 179131 28 0 0 20 0 1 0 522806132 671338496 154390 67087892480 4194304 7931321 140721440487056 0 0 0 0 0 512 0 0 0 17 89 0 0 5 0 0 10030016 10037704 23306240 140721440487976 140721440488114 140721440488114 140721440489382 0
/proc/21/statm: 163901 154390 1739 913 0 152703 0
Current children cumulated CPU time: 1792.49 s
Current children cumulated vsize: 878872 KiB
Current children cumulated memory: 692256 KiB

Sending SIGTERM to process tree (bottom up)
Sleeping 2 seconds

[startup+1800.01 s]
# the end of solver process 16 was just reported to runsolver
# cumulated CPU time of all completed processes:  user=0.800261 s, system=0.120342 s

[startup+1800.02 s]
# the end of solver process 21 was just reported to runsolver
# cumulated CPU time of all completed processes:  user=1792.11 s, system=0.426179 s
# this solver process was not waited by its parent and was adopted by runsolver

Solver just ended.
??? end of watcher thread
Dumping a history of the last processes samples

Child ended because it received signal 15 (SIGTERM)
Real time (s): 1800.02
CPU time (s): 1792.54
CPU user time (s): 1792.11
CPU system time (s): 0.426179
CPU usage (%): 99.5843
Max. virtual memory (cumulated for all children) (KiB): 878872
Max. memory (cumulated for all children) (KiB): 692256

getrusage(RUSAGE_CHILDREN,...) data:
user time used= 1792.11
system time used= 0.426179
maximum resident set size= 617560
integral shared memory size= 0
integral unshared data size= 0
integral unshared stack size= 0
page reclaims= 163365
page faults= 375
swaps= 0
block input operations= 104568
block output operations= 8
messages sent= 0
messages received= 0
signals received= 0
voluntary context switches= 10447
involuntary context switches= 2499


# summary of solver processes directly reported to runsolver:
#   pid: 16,21
#   total CPU time (s): 1792.54
#   total CPU user time (s): 1792.11
#   total CPU system time (s): 0.426179

??? join timestamper begins
??? join timestamper ends
??? end of timestamper thread
runsolver used 1.10638 second user time and 3.62776 second system time

The end
