runsolver version 3.4.1 (svn: 3018) Copyright (C) 2010-2013 Olivier ROUSSEL

This program is distributed in the hope that it will be useful,
but WITHOUT ANY WARRANTY; without even the implied warranty of
MERCHANTABILITY or FITNESS FOR A PARTICULAR PURPOSE.  See the
GNU General Public License for more details.

NUMA information:
  number of nodes: 8
  memory of node 0: 63700 MiB (43361 MiB free)
  memory of node 1: 64461 MiB (52833 MiB free)
  memory of node 2: 64504 MiB (63758 MiB free)
  memory of node 3: 64504 MiB (58531 MiB free)
  memory of node 4: 64504 MiB (50639 MiB free)
  memory of node 5: 64504 MiB (62504 MiB free)
  memory of node 6: 64504 MiB (18764 MiB free)
  memory of node 7: 64491 MiB (56866 MiB free)
  node distances:
     10  12  12  12  21  21  21  21
     12  10  12  12  21  21  21  21
     12  12  10  12  21  21  21  21
     12  12  12  10  21  21  21  21
     21  21  21  21  10  12  12  12
     21  21  21  21  12  10  12  12
     21  21  21  21  12  12  10  12
     21  21  21  21  12  12  12  10

command line: /usr/local/bin/runsolver --timestamp -w /output/runsolver-watch.log -v /output/runsolver-values.log -o /output/solver-output.log -C 1800.0 -W 1800.0 -R 64000 /opt/solver/run_bn4rust.py --mode cyber-complement-gfp --instance /input/model_084.bnet 

running on 28 cores: 44-55,156-167,98-99,210-211

Enforcing CPUTime limit (soft limit, will send SIGTERM then SIGKILL): 1800 seconds
Enforcing CPUTime limit (hard limit, will send SIGXCPU): 1830 seconds
Enforcing wall clock limit (soft limit, will send SIGTERM then SIGKILL): 1800 seconds
Enforcing RSS+Swap limit (soft limit, will send SIGTERM then SIGKILL): 65536000 KiB
Linux 4.18.0-553.159.1.el8_10.x86_64
solver pid=16, runsolver pid=13
Current StackSize limit: 18014398509481983 KiB


[startup+0.100081 s]*
/proc/loadavg: 18.88 19.76 18.78 10/2898 17
/proc/meminfo: memFree=417003052/527542268 swapFree=33507836/33554428
[pid=16] ppid=13 vsize=15800 memory=10168 CPUtime=0.02 cores=44-55,98-99,156-167,210-211
/proc/16/stat : 16 (python3) R 13 16 0 0 -1 4194304 1380 0 84 0 1 1 0 0 20 0 1 0 53362187 16179200 2542 67087892480 4194304 7154137 140725195330464 0 0 0 0 16781312 2 0 0 0 17 51 0 0 6 0 0 9727432 11029816 26091520 140725195336525 140725195336621 140725195336621 140725195337703 0
/proc/16/statm: 3950 2542 1406 723 0 1674 0
Current children cumulated CPU time: 0.02 s
Current children cumulated vsize: 15800 KiB
Current children cumulated memory: 10168 KiB

[startup+0.200626 s]*
/proc/loadavg: 18.88 19.76 18.78 8/2899 18
/proc/meminfo: memFree=416984776/527542268 swapFree=33507836/33554428
[pid=16] ppid=13 vsize=17684 memory=12480 CPUtime=0.03 cores=44-55,98-99,156-167,210-211
/proc/16/stat : 16 (python3) S 13 16 0 0 -1 4194304 1895 0 96 0 2 1 0 0 20 0 1 0 53362187 18108416 3120 67087892480 4194304 7154137 140725195330464 0 0 0 0 16781312 2 1 0 0 17 51 0 0 8 0 0 9727432 11029816 26091520 140725195336525 140725195336621 140725195336621 140725195337703 0
/proc/16/statm: 4421 3120 1525 723 0 2063 0
[pid=18] ppid=16 vsize=7772 memory=4552 CPUtime=0 cores=44-55,98-99,156-167,210-211
/proc/18/stat : 18 (bn4rust) I 16 16 0 0 -1 4194304 149 0 14 0 0 0 0 0 20 0 1 0 53362200 7958528 1138 67087892480 94428824858624 94428826725745 140722093617264 0 0 0 0 4096 1088 0 0 0 17 156 0 0 1 0 0 94428826983808 94428827030744 94428831420416 140722093624080 140722093624214 140722093624214 140722093625313 0
/proc/18/statm: 1943 1138 1071 456 0 104 0
Current children cumulated CPU time: 0.03 s
Current children cumulated vsize: 25456 KiB
Current children cumulated memory: 17032 KiB

[startup+0.300558 s]*
/proc/loadavg: 18.88 19.76 18.78 9/2899 18
/proc/meminfo: memFree=417373964/527542268 swapFree=33507836/33554428
[pid=16] ppid=13 vsize=17684 memory=12480 CPUtime=0.03 cores=44-55,98-99,156-167,210-211
/proc/16/stat : 16 (python3) S 13 16 0 0 -1 4194304 1895 0 96 0 2 1 0 0 20 0 1 0 53362187 18108416 3120 67087892480 4194304 7154137 140725195330464 0 0 0 0 16781312 2 1 0 0 17 51 0 0 8 0 0 9727432 11029816 26091520 140725195336525 140725195336621 140725195336621 140725195337703 0
/proc/16/statm: 4421 3120 1525 723 0 2063 0
[pid=18] ppid=16 vsize=10600 memory=7304 CPUtime=0.05 cores=44-55,98-99,156-167,210-211
/proc/18/stat : 18 (bn4rust) R 16 16 0 0 -1 4194304 2868 0 18 0 5 0 0 0 20 0 1 0 53362200 10854400 1826 67087892480 94428824858624 94428826725745 140722093617264 0 0 0 0 4096 1088 0 0 0 17 156 0 0 1 0 0 94428826983808 94428827030744 94428831420416 140722093624080 140722093624214 140722093624214 140722093625313 0
/proc/18/statm: 2650 1826 1101 456 0 811 0
Current children cumulated CPU time: 0.08 s
Current children cumulated vsize: 28284 KiB
Current children cumulated memory: 19784 KiB

[startup+0.700256 s]
/proc/loadavg: 18.88 19.76 18.78 9/2899 18
/proc/meminfo: memFree=417352080/527542268 swapFree=33507836/33554428
[pid=16] ppid=13 vsize=17684 memory=12480 CPUtime=0.03 cores=44-55,98-99,156-167,210-211
/proc/16/stat : 16 (python3) S 13 16 0 0 -1 4194304 1895 0 96 0 2 1 0 0 20 0 1 0 53362187 18108416 3120 67087892480 4194304 7154137 140725195330464 0 0 0 0 16781312 2 1 0 0 17 51 0 0 8 0 0 9727432 11029816 26091520 140725195336525 140725195336621 140725195336621 140725195337703 0
/proc/16/statm: 4421 3120 1525 723 0 2063 0
[pid=18] ppid=16 vsize=12296 memory=9032 CPUtime=0.45 cores=44-55,98-99,156-167,210-211
/proc/18/stat : 18 (bn4rust) R 16 16 0 0 -1 4194304 13080 0 18 0 43 2 0 0 20 0 1 0 53362200 12591104 2258 67087892480 94428824858624 94428826725745 140722093617264 0 0 0 0 4096 1088 0 0 0 17 156 0 0 1 0 0 94428826983808 94428827030744 94428831420416 140722093624080 140722093624214 140722093624214 140722093625313 0
/proc/18/statm: 3074 2258 1101 456 0 1235 0
Current children cumulated CPU time: 0.48 s
Current children cumulated vsize: 29980 KiB
Current children cumulated memory: 21512 KiB

[startup+1.50029 s]
/proc/loadavg: 18.88 19.76 18.78 10/2936 18
/proc/meminfo: memFree=417023352/527542268 swapFree=33507836/33554428
[pid=16] ppid=13 vsize=17684 memory=12480 CPUtime=0.03 cores=44-55,98-99,156-167,210-211
/proc/16/stat : 16 (python3) S 13 16 0 0 -1 4194304 1896 0 96 0 2 1 0 0 20 0 1 0 53362187 18108416 3120 67087892480 4194304 7154137 140725195330464 0 0 0 0 16781312 2 1 0 0 17 51 0 0 8 0 0 9727432 11029816 26091520 140725195336525 140725195336621 140725195336621 140725195337703 0
/proc/16/statm: 4421 3120 1525 723 0 2063 0
[pid=18] ppid=16 vsize=11544 memory=8312 CPUtime=1.24 cores=44-55,98-99,156-167,210-211
/proc/18/stat : 18 (bn4rust) R 16 16 0 0 -1 4194304 36383 0 18 0 119 5 0 0 20 0 1 0 53362200 11821056 2078 67087892480 94428824858624 94428826725745 140722093617264 0 0 0 0 4096 1088 0 0 0 17 44 0 0 1 0 0 94428826983808 94428827030744 94428831420416 140722093624080 140722093624214 140722093624214 140722093625313 0
/proc/18/statm: 2886 2078 1101 456 0 1047 0
Current children cumulated CPU time: 1.27 s
Current children cumulated vsize: 29228 KiB
Current children cumulated memory: 20792 KiB

[startup+3.10048 s]
/proc/loadavg: 18.88 19.76 18.78 9/3074 18
/proc/meminfo: memFree=416672380/527542268 swapFree=33507836/33554428
[pid=16] ppid=13 vsize=17684 memory=12480 CPUtime=0.03 cores=44-55,98-99,156-167,210-211
/proc/16/stat : 16 (python3) S 13 16 0 0 -1 4194304 1896 0 96 0 2 1 0 0 20 0 1 0 53362187 18108416 3120 67087892480 4194304 7154137 140725195330464 0 0 0 0 16781312 2 1 0 0 17 51 0 0 8 0 0 9727432 11029816 26091520 140725195336525 140725195336621 140725195336621 140725195337703 0
/proc/16/statm: 4421 3120 1525 723 0 2063 0
[pid=18] ppid=16 vsize=20968 memory=16140 CPUtime=2.84 cores=44-55,98-99,156-167,210-211
/proc/18/stat : 18 (bn4rust) R 16 16 0 0 -1 4194304 57261 0 18 0 274 10 0 0 20 0 1 0 53362200 21471232 4035 67087892480 94428824858624 94428826725745 140722093617264 0 0 0 0 4096 1088 0 0 0 17 44 0 0 1 0 0 94428826983808 94428827030744 94428831420416 140722093624080 140722093624214 140722093624214 140722093625313 0
/proc/18/statm: 5242 4035 1101 456 0 3403 0
Current children cumulated CPU time: 2.87 s
Current children cumulated vsize: 38652 KiB
Current children cumulated memory: 28620 KiB

[startup+6.30029 s]
/proc/loadavg: 18.33 19.63 18.74 19/3145 18
/proc/meminfo: memFree=415797540/527542268 swapFree=33507836/33554428
[pid=16] ppid=13 vsize=17684 memory=12480 CPUtime=0.03 cores=44-55,98-99,156-167,210-211
/proc/16/stat : 16 (python3) S 13 16 0 0 -1 4194304 1896 0 96 0 2 1 0 0 20 0 1 0 53362187 18108416 3120 67087892480 4194304 7154137 140725195330464 0 0 0 0 16781312 2 1 0 0 17 51 0 0 8 0 0 9727432 11029816 26091520 140725195336525 140725195336621 140725195336621 140725195337703 0
/proc/16/statm: 4421 3120 1525 723 0 2063 0
[pid=18] ppid=16 vsize=36072 memory=32936 CPUtime=6.03 cores=44-55,98-99,156-167,210-211
/proc/18/stat : 18 (bn4rust) R 16 16 0 0 -1 4194304 77782 0 18 0 590 13 0 0 20 0 1 0 53362200 36937728 8234 67087892480 94428824858624 94428826725745 140722093617264 0 0 0 0 4096 1088 0 0 0 17 44 0 0 1 0 0 94428826983808 94428827030744 94428831420416 140722093624080 140722093624214 140722093624214 140722093625313 0
/proc/18/statm: 9018 8234 1101 456 0 7179 0
Current children cumulated CPU time: 6.06 s
Current children cumulated vsize: 53756 KiB
Current children cumulated memory: 45416 KiB

[startup+12.7003 s]
/proc/loadavg: 18.62 19.67 18.76 27/3152 18
/proc/meminfo: memFree=407242004/527542268 swapFree=33507836/33554428
[pid=16] ppid=13 vsize=17684 memory=12480 CPUtime=0.03 cores=44-55,98-99,156-167,210-211
/proc/16/stat : 16 (python3) S 13 16 0 0 -1 4194304 1896 0 96 0 2 1 0 0 20 0 1 0 53362187 18108416 3120 67087892480 4194304 7154137 140725195330464 0 0 0 0 16781312 2 1 0 0 17 51 0 0 8 0 0 9727432 11029816 26091520 140725195336525 140725195336621 140725195336621 140725195337703 0
/proc/16/statm: 4421 3120 1525 723 0 2063 0
[pid=18] ppid=16 vsize=62888 memory=59624 CPUtime=12.41 cores=44-55,98-99,156-167,210-211
/proc/18/stat : 18 (bn4rust) R 16 16 0 0 -1 4194304 100337 0 18 0 1222 19 0 0 20 0 1 0 53362200 64397312 14906 67087892480 94428824858624 94428826725745 140722093617264 0 0 0 0 4096 1088 0 0 0 17 44 0 0 1 0 0 94428826983808 94428827030744 94428831420416 140722093624080 140722093624214 140722093624214 140722093625313 0
/proc/18/statm: 15722 14906 1101 456 0 13883 0
Current children cumulated CPU time: 12.44 s
Current children cumulated vsize: 80572 KiB
Current children cumulated memory: 72104 KiB

[startup+25.5003 s]
/proc/loadavg: 18.09 19.51 18.72 14/3153 18
/proc/meminfo: memFree=389139976/527542268 swapFree=33507836/33554428
[pid=16] ppid=13 vsize=17684 memory=12480 CPUtime=0.03 cores=44-55,98-99,156-167,210-211
/proc/16/stat : 16 (python3) S 13 16 0 0 -1 4194304 1896 0 96 0 2 1 0 0 20 0 1 0 53362187 18108416 3120 67087892480 4194304 7154137 140725195330464 0 0 0 0 16781312 2 1 0 0 17 51 0 0 8 0 0 9727432 11029816 26091520 140725195336525 140725195336621 140725195336621 140725195337703 0
/proc/16/statm: 4421 3120 1525 723 0 2063 0
[pid=18] ppid=16 vsize=97140 memory=89232 CPUtime=25.16 cores=44-55,98-99,156-167,210-211
/proc/18/stat : 18 (bn4rust) R 16 16 0 0 -1 4194304 122740 0 18 0 2490 26 0 0 20 0 1 0 53362200 99471360 22308 67087892480 94428824858624 94428826725745 140722093617264 0 0 0 0 4096 1088 0 0 0 17 156 0 0 1 0 0 94428826983808 94428827030744 94428831420416 140722093624080 140722093624214 140722093624214 140722093625313 0
/proc/18/statm: 24285 22308 1101 456 0 22446 0
Current children cumulated CPU time: 25.19 s
Current children cumulated vsize: 114824 KiB
Current children cumulated memory: 101712 KiB

[startup+51.1005 s]
/proc/loadavg: 17.05 19.16 18.63 14/3149 18
/proc/meminfo: memFree=390685432/527542268 swapFree=33507836/33554428
[pid=16] ppid=13 vsize=17684 memory=12480 CPUtime=0.03 cores=44-55,98-99,156-167,210-211
/proc/16/stat : 16 (python3) S 13 16 0 0 -1 4194304 1896 0 96 0 2 1 0 0 20 0 1 0 53362187 18108416 3120 67087892480 4194304 7154137 140725195330464 0 0 0 0 16781312 2 1 0 0 17 51 0 0 8 0 0 9727432 11029816 26091520 140725195336525 140725195336621 140725195336621 140725195337703 0
/proc/16/statm: 4421 3120 1525 723 0 2063 0
[pid=18] ppid=16 vsize=80244 memory=76980 CPUtime=50.67 cores=44-55,98-99,156-167,210-211
/proc/18/stat : 18 (bn4rust) R 16 16 0 0 -1 4194304 153994 0 18 0 5022 45 0 0 20 0 1 0 53362200 82169856 19245 67087892480 94428824858624 94428826725745 140722093617264 0 0 0 0 4096 1088 0 0 0 17 44 0 0 1 0 0 94428826983808 94428827030744 94428831420416 140722093624080 140722093624214 140722093624214 140722093625313 0
/proc/18/statm: 20061 19245 1101 456 0 18222 0
Current children cumulated CPU time: 50.7 s
Current children cumulated vsize: 97928 KiB
Current children cumulated memory: 89460 KiB

[startup+102.3 s]
/proc/loadavg: 15.39 18.38 18.39 14/3154 18
/proc/meminfo: memFree=399240688/527542268 swapFree=33507836/33554428
[pid=16] ppid=13 vsize=17684 memory=12480 CPUtime=0.03 cores=44-55,98-99,156-167,210-211
/proc/16/stat : 16 (python3) S 13 16 0 0 -1 4194304 1896 0 96 0 2 1 0 0 20 0 1 0 53362187 18108416 3120 67087892480 4194304 7154137 140725195330464 0 0 0 0 16781312 2 1 0 0 17 51 0 0 8 0 0 9727432 11029816 26091520 140725195336525 140725195336621 140725195336621 140725195337703 0
/proc/16/statm: 4421 3120 1525 723 0 2063 0
[pid=18] ppid=16 vsize=89600 memory=85220 CPUtime=101.69 cores=44-55,98-99,156-167,210-211
/proc/18/stat : 18 (bn4rust) R 16 16 0 0 -1 4194304 247606 0 18 0 10053 116 0 0 20 0 1 0 53362200 91750400 21305 67087892480 94428824858624 94428826725745 140722093617264 0 0 0 0 4096 1088 0 0 0 17 44 0 0 1 0 0 94428826983808 94428827030744 94428831420416 140722093624080 140722093624214 140722093624214 140722093625313 0
/proc/18/statm: 22400 21305 1101 456 0 20561 0
Current children cumulated CPU time: 101.72 s
Current children cumulated vsize: 107284 KiB
Current children cumulated memory: 97700 KiB

[startup+162.3 s]
/proc/loadavg: 15.08 17.68 18.14 14/3156 18
/proc/meminfo: memFree=414289960/527542268 swapFree=33507836/33554428
[pid=16] ppid=13 vsize=17684 memory=12480 CPUtime=0.03 cores=44-55,98-99,156-167,210-211
/proc/16/stat : 16 (python3) S 13 16 0 0 -1 4194304 1896 0 96 0 2 1 0 0 20 0 1 0 53362187 18108416 3120 67087892480 4194304 7154137 140725195330464 0 0 0 0 16781312 2 1 0 0 17 51 0 0 8 0 0 9727432 11029816 26091520 140725195336525 140725195336621 140725195336621 140725195337703 0
/proc/16/statm: 4421 3120 1525 723 0 2063 0
[pid=18] ppid=16 vsize=144056 memory=140736 CPUtime=161.48 cores=44-55,98-99,156-167,210-211
/proc/18/stat : 18 (bn4rust) R 16 16 0 0 -1 4194304 333464 0 18 0 15946 202 0 0 20 0 1 0 53362200 147513344 35184 67087892480 94428824858624 94428826725745 140722093617264 0 0 0 0 4096 1088 0 0 0 17 44 0 0 1 0 0 94428826983808 94428827030744 94428831420416 140722093624080 140722093624214 140722093624214 140722093625313 0
/proc/18/statm: 36014 35184 1101 456 0 34175 0
Current children cumulated CPU time: 161.51 s
Current children cumulated vsize: 161740 KiB
Current children cumulated memory: 153216 KiB

[startup+222.3 s]
/proc/loadavg: 12.06 16.43 17.69 9/2902 18
/proc/meminfo: memFree=411382576/527542268 swapFree=33507836/33554428
[pid=16] ppid=13 vsize=17684 memory=12480 CPUtime=0.03 cores=44-55,98-99,156-167,210-211
/proc/16/stat : 16 (python3) S 13 16 0 0 -1 4194304 1896 0 96 0 2 1 0 0 20 0 1 0 53362187 18108416 3120 67087892480 4194304 7154137 140725195330464 0 0 0 0 16781312 2 1 0 0 17 51 0 0 8 0 0 9727432 11029816 26091520 140725195336525 140725195336621 140725195336621 140725195337703 0
/proc/16/statm: 4421 3120 1525 723 0 2063 0
[pid=18] ppid=16 vsize=410552 memory=365928 CPUtime=221.28 cores=44-55,98-99,156-167,210-211
/proc/18/stat : 18 (bn4rust) R 16 16 0 0 -1 4194304 414156 0 18 0 21830 298 0 0 20 0 1 0 53362200 420405248 91482 67087892480 94428824858624 94428826725745 140722093617264 0 0 0 0 4096 1088 0 0 0 17 44 0 0 1 0 0 94428826983808 94428827030744 94428831420416 140722093624080 140722093624214 140722093624214 140722093625313 0
/proc/18/statm: 102638 91482 1101 456 0 100799 0
Current children cumulated CPU time: 221.31 s
Current children cumulated vsize: 428236 KiB
Current children cumulated memory: 378408 KiB

[startup+282.3 s]
/proc/loadavg: 9.56 14.91 17.08 9/2897 18
/proc/meminfo: memFree=403832748/527542268 swapFree=33507836/33554428
[pid=16] ppid=13 vsize=17684 memory=12480 CPUtime=0.03 cores=44-55,98-99,156-167,210-211
/proc/16/stat : 16 (python3) S 13 16 0 0 -1 4194304 1896 0 96 0 2 1 0 0 20 0 1 0 53362187 18108416 3120 67087892480 4194304 7154137 140725195330464 0 0 0 0 16781312 2 1 0 0 17 51 0 0 8 0 0 9727432 11029816 26091520 140725195336525 140725195336621 140725195336621 140725195337703 0
/proc/16/statm: 4421 3120 1525 723 0 2063 0
[pid=18] ppid=16 vsize=142248 memory=138524 CPUtime=281.1 cores=44-55,98-99,156-167,210-211
/proc/18/stat : 18 (bn4rust) R 16 16 0 0 -1 4194304 503529 0 18 0 27708 402 0 0 20 0 1 0 53362200 145661952 34631 67087892480 94428824858624 94428826725745 140722093617264 0 0 0 0 4096 1088 0 0 0 17 44 0 0 1 0 0 94428826983808 94428827030744 94428831420416 140722093624080 140722093624214 140722093624214 140722093625313 0
/proc/18/statm: 35562 34631 1101 456 0 33723 0
Current children cumulated CPU time: 281.13 s
Current children cumulated vsize: 159932 KiB
Current children cumulated memory: 151004 KiB

[startup+342.3 s]
/proc/loadavg: 8.58 13.65 16.51 9/2891 18
/proc/meminfo: memFree=397438812/527542268 swapFree=33507836/33554428
[pid=16] ppid=13 vsize=17684 memory=12480 CPUtime=0.03 cores=44-55,98-99,156-167,210-211
/proc/16/stat : 16 (python3) S 13 16 0 0 -1 4194304 1896 0 96 0 2 1 0 0 20 0 1 0 53362187 18108416 3120 67087892480 4194304 7154137 140725195330464 0 0 0 0 16781312 2 1 0 0 17 51 0 0 8 0 0 9727432 11029816 26091520 140725195336525 140725195336621 140725195336621 140725195337703 0
/proc/16/statm: 4421 3120 1525 723 0 2063 0
[pid=18] ppid=16 vsize=193448 memory=187072 CPUtime=340.92 cores=44-55,98-99,156-167,210-211
/proc/18/stat : 18 (bn4rust) R 16 16 0 0 -1 4194304 560644 0 18 0 33614 478 0 0 20 0 1 0 53362200 198090752 46768 67087892480 94428824858624 94428826725745 140722093617264 0 0 0 0 4096 1088 0 0 0 17 44 0 0 1 0 0 94428826983808 94428827030744 94428831420416 140722093624080 140722093624214 140722093624214 140722093625313 0
/proc/18/statm: 48362 46768 1101 456 0 46523 0
Current children cumulated CPU time: 340.95 s
Current children cumulated vsize: 211132 KiB
Current children cumulated memory: 199552 KiB

[startup+402.3 s]
/proc/loadavg: 8.20 12.61 15.97 10/2908 18
/proc/meminfo: memFree=391235908/527542268 swapFree=33507836/33554428
[pid=16] ppid=13 vsize=17684 memory=12480 CPUtime=0.03 cores=44-55,98-99,156-167,210-211
/proc/16/stat : 16 (python3) S 13 16 0 0 -1 4194304 1896 0 96 0 2 1 0 0 20 0 1 0 53362187 18108416 3120 67087892480 4194304 7154137 140725195330464 0 0 0 0 16781312 2 1 0 0 17 51 0 0 8 0 0 9727432 11029816 26091520 140725195336525 140725195336621 140725195336621 140725195337703 0
/proc/16/statm: 4421 3120 1525 723 0 2063 0
[pid=18] ppid=16 vsize=404404 memory=369164 CPUtime=400.7 cores=44-55,98-99,156-167,210-211
/proc/18/stat : 18 (bn4rust) R 16 16 0 0 -1 4194304 607660 0 18 0 39514 556 0 0 20 0 1 0 53362200 414109696 92291 67087892480 94428824858624 94428826725745 140722093617264 0 0 0 0 4096 1088 0 0 0 17 44 0 0 1 0 0 94428826983808 94428827030744 94428831420416 140722093624080 140722093624214 140722093624214 140722093625313 0
/proc/18/statm: 101101 92291 1101 456 0 99262 0
Current children cumulated CPU time: 400.73 s
Current children cumulated vsize: 422088 KiB
Current children cumulated memory: 381644 KiB

[startup+462.3 s]
/proc/loadavg: 8.72 12.00 15.55 8/2845 18
/proc/meminfo: memFree=440191040/527542268 swapFree=33507324/33554428
[pid=16] ppid=13 vsize=17684 memory=12480 CPUtime=0.03 cores=44-55,98-99,156-167,210-211
/proc/16/stat : 16 (python3) S 13 16 0 0 -1 4194304 1896 0 96 0 2 1 0 0 20 0 1 0 53362187 18108416 3120 67087892480 4194304 7154137 140725195330464 0 0 0 0 16781312 2 1 0 0 17 51 0 0 8 0 0 9727432 11029816 26091520 140725195336525 140725195336621 140725195336621 140725195337703 0
/proc/16/statm: 4421 3120 1525 723 0 2063 0
[pid=18] ppid=16 vsize=328624 memory=316272 CPUtime=460.44 cores=44-55,98-99,156-167,210-211
/proc/18/stat : 18 (bn4rust) R 16 16 0 0 -1 4194304 674397 0 18 0 45393 651 0 0 20 0 1 0 53362200 336510976 79068 67087892480 94428824858624 94428826725745 140722093617264 0 0 0 0 4096 1088 0 0 0 17 44 0 0 1 0 0 94428826983808 94428827030744 94428831420416 140722093624080 140722093624214 140722093624214 140722093625313 0
/proc/18/statm: 82156 79068 1101 456 0 80317 0
Current children cumulated CPU time: 460.47 s
Current children cumulated vsize: 346308 KiB
Current children cumulated memory: 328752 KiB

[startup+522.3 s]
/proc/loadavg: 7.75 11.13 15.03 7/2833 18
/proc/meminfo: memFree=494950024/527542268 swapFree=33507324/33554428
[pid=16] ppid=13 vsize=17684 memory=12480 CPUtime=0.03 cores=44-55,98-99,156-167,210-211
/proc/16/stat : 16 (python3) S 13 16 0 0 -1 4194304 1896 0 96 0 2 1 0 0 20 0 1 0 53362187 18108416 3120 67087892480 4194304 7154137 140725195330464 0 0 0 0 16781312 2 1 0 0 17 51 0 0 8 0 0 9727432 11029816 26091520 140725195336525 140725195336621 140725195336621 140725195337703 0
/proc/16/statm: 4421 3120 1525 723 0 2063 0
[pid=18] ppid=16 vsize=255768 memory=243588 CPUtime=520.2 cores=44-55,98-99,156-167,210-211
/proc/18/stat : 18 (bn4rust) R 16 16 0 0 -1 4194304 716031 0 18 0 51288 732 0 0 20 0 1 0 53362200 261906432 60897 67087892480 94428824858624 94428826725745 140722093617264 0 0 0 0 4096 1088 0 0 0 17 44 0 0 1 0 0 94428826983808 94428827030744 94428831420416 140722093624080 140722093624214 140722093624214 140722093625313 0
/proc/18/statm: 63942 60897 1101 456 0 62103 0
Current children cumulated CPU time: 520.23 s
Current children cumulated vsize: 273452 KiB
Current children cumulated memory: 256068 KiB

[startup+582.3 s]
/proc/loadavg: 7.30 10.40 14.53 8/2833 18
/proc/meminfo: memFree=492083640/527542268 swapFree=33507324/33554428
[pid=16] ppid=13 vsize=17684 memory=12720 CPUtime=0.03 cores=44-55,98-99,156-167,210-211
/proc/16/stat : 16 (python3) S 13 16 0 0 -1 4194304 1896 0 96 0 2 1 0 0 20 0 1 0 53362187 18108416 3180 67087892480 4194304 7154137 140725195330464 0 0 0 0 16781312 2 1 0 0 17 51 0 0 8 0 0 9727432 11029816 26091520 140725195336525 140725195336621 140725195336621 140725195337703 0
/proc/16/statm: 4421 3180 1525 723 0 2063 0
[pid=18] ppid=16 vsize=218024 memory=204004 CPUtime=579.98 cores=44-55,98-99,156-167,210-211
/proc/18/stat : 18 (bn4rust) R 16 16 0 0 -1 4194304 768565 0 18 0 57177 821 0 0 20 0 1 0 53362200 223256576 51001 67087892480 94428824858624 94428826725745 140722093617264 0 0 0 0 4096 1088 0 0 0 17 44 0 0 1 0 0 94428826983808 94428827030744 94428831420416 140722093624080 140722093624214 140722093624214 140722093625313 0
/proc/18/statm: 54506 51001 1101 456 0 52667 0
Current children cumulated CPU time: 580.01 s
Current children cumulated vsize: 235708 KiB
Current children cumulated memory: 216724 KiB

[startup+642.3 s]
/proc/loadavg: 6.21 9.52 13.97 7/2835 18
/proc/meminfo: memFree=490279156/527542268 swapFree=33507324/33554428
[pid=16] ppid=13 vsize=17684 memory=12720 CPUtime=0.03 cores=44-55,98-99,156-167,210-211
/proc/16/stat : 16 (python3) S 13 16 0 0 -1 4194304 1896 0 96 0 2 1 0 0 20 0 1 0 53362187 18108416 3180 67087892480 4194304 7154137 140725195330464 0 0 0 0 16781312 2 1 0 0 17 51 0 0 8 0 0 9727432 11029816 26091520 140725195336525 140725195336621 140725195336621 140725195337703 0
/proc/16/statm: 4421 3180 1525 723 0 2063 0
[pid=18] ppid=16 vsize=310372 memory=307140 CPUtime=639.81 cores=44-55,98-99,156-167,210-211
/proc/18/stat : 18 (bn4rust) R 16 16 0 0 -1 4194304 811550 0 18 0 63075 906 0 0 20 0 1 0 53362200 317820928 76785 67087892480 94428824858624 94428826725745 140722093617264 0 0 0 0 4096 1088 0 0 0 17 44 0 0 1 0 0 94428826983808 94428827030744 94428831420416 140722093624080 140722093624214 140722093624214 140722093625313 0
/proc/18/statm: 77593 76785 1101 456 0 75754 0
Current children cumulated CPU time: 639.84 s
Current children cumulated vsize: 328056 KiB
Current children cumulated memory: 319860 KiB

[startup+702.3 s]
/proc/loadavg: 6.07 8.88 13.47 7/2838 18
/proc/meminfo: memFree=487808368/527542268 swapFree=33507324/33554428
[pid=16] ppid=13 vsize=17684 memory=12720 CPUtime=0.04 cores=44-55,98-99,156-167,210-211
/proc/16/stat : 16 (python3) S 13 16 0 0 -1 4194304 1896 0 96 0 3 1 0 0 20 0 1 0 53362187 18108416 3180 67087892480 4194304 7154137 140725195330464 0 0 0 0 16781312 2 1 0 0 17 51 0 0 8 0 0 9727432 11029816 26091520 140725195336525 140725195336621 140725195336621 140725195337703 0
/proc/16/statm: 4421 3180 1525 723 0 2063 0
[pid=18] ppid=16 vsize=324528 memory=305596 CPUtime=699.65 cores=44-55,98-99,156-167,210-211
/proc/18/stat : 18 (bn4rust) R 16 16 0 0 -1 4194304 851855 0 18 0 68984 981 0 0 20 0 1 0 53362200 332316672 76399 67087892480 94428824858624 94428826725745 140722093617264 0 0 0 0 4096 1088 0 0 0 17 156 0 0 1 0 0 94428826983808 94428827030744 94428831420416 140722093624080 140722093624214 140722093624214 140722093625313 0
/proc/18/statm: 81132 76399 1101 456 0 79293 0
Current children cumulated CPU time: 699.69 s
Current children cumulated vsize: 342212 KiB
Current children cumulated memory: 318316 KiB

[startup+762.3 s]
/proc/loadavg: 8.08 9.03 13.24 8/2860 18
/proc/meminfo: memFree=484448824/527542268 swapFree=33507324/33554428
[pid=16] ppid=13 vsize=17684 memory=12720 CPUtime=0.04 cores=44-55,98-99,156-167,210-211
/proc/16/stat : 16 (python3) S 13 16 0 0 -1 4194304 1896 0 96 0 3 1 0 0 20 0 1 0 53362187 18108416 3180 67087892480 4194304 7154137 140725195330464 0 0 0 0 16781312 2 1 0 0 17 51 0 0 8 0 0 9727432 11029816 26091520 140725195336525 140725195336621 140725195336621 140725195337703 0
/proc/16/statm: 4421 3180 1525 723 0 2063 0
[pid=18] ppid=16 vsize=574388 memory=473656 CPUtime=759.44 cores=44-55,98-99,156-167,210-211
/proc/18/stat : 18 (bn4rust) R 16 16 0 0 -1 4194304 890825 0 18 0 74897 1047 0 0 20 0 1 0 53362200 588173312 118414 67087892480 94428824858624 94428826725745 140722093617264 0 0 0 0 4096 1088 0 0 0 17 156 0 0 1 0 0 94428826983808 94428827030744 94428831420416 140722093624080 140722093624214 140722093624214 140722093625313 0
/proc/18/statm: 143597 118414 1101 456 0 141758 0
Current children cumulated CPU time: 759.48 s
Current children cumulated vsize: 592072 KiB
Current children cumulated memory: 486376 KiB

[startup+822.3 s]
/proc/loadavg: 7.03 8.58 12.82 7/2835 18
/proc/meminfo: memFree=482392796/527542268 swapFree=33507324/33554428
[pid=16] ppid=13 vsize=17684 memory=12720 CPUtime=0.04 cores=44-55,98-99,156-167,210-211
/proc/16/stat : 16 (python3) S 13 16 0 0 -1 4194304 1896 0 96 0 3 1 0 0 20 0 1 0 53362187 18108416 3180 67087892480 4194304 7154137 140725195330464 0 0 0 0 16781312 2 1 0 0 17 51 0 0 8 0 0 9727432 11029816 26091520 140725195336525 140725195336621 140725195336621 140725195337703 0
/proc/16/statm: 4421 3180 1525 723 0 2063 0
[pid=18] ppid=16 vsize=572656 memory=498820 CPUtime=819.28 cores=44-55,98-99,156-167,210-211
/proc/18/stat : 18 (bn4rust) R 16 16 0 0 -1 4194304 931692 0 18 0 80813 1115 0 0 20 0 1 0 53362200 586399744 124705 67087892480 94428824858624 94428826725745 140722093617264 0 0 0 0 4096 1088 0 0 0 17 156 0 0 1 0 0 94428826983808 94428827030744 94428831420416 140722093624080 140722093624214 140722093624214 140722093625313 0
/proc/18/statm: 143164 124705 1101 456 0 141325 0
Current children cumulated CPU time: 819.32 s
Current children cumulated vsize: 590340 KiB
Current children cumulated memory: 511540 KiB

[startup+882.3 s]
/proc/loadavg: 6.25 8.06 12.37 7/2810 18
/proc/meminfo: memFree=480222664/527542268 swapFree=33507324/33554428
[pid=16] ppid=13 vsize=17684 memory=12720 CPUtime=0.04 cores=44-55,98-99,156-167,210-211
/proc/16/stat : 16 (python3) S 13 16 0 0 -1 4194304 1896 0 96 0 3 1 0 0 20 0 1 0 53362187 18108416 3180 67087892480 4194304 7154137 140725195330464 0 0 0 0 16781312 2 1 0 0 17 51 0 0 8 0 0 9727432 11029816 26091520 140725195336525 140725195336621 140725195336621 140725195337703 0
/proc/16/statm: 4421 3180 1525 723 0 2063 0
[pid=18] ppid=16 vsize=230712 memory=227524 CPUtime=879.12 cores=44-55,98-99,156-167,210-211
/proc/18/stat : 18 (bn4rust) R 16 16 0 0 -1 4194304 979545 0 18 0 86717 1195 0 0 20 0 1 0 53362200 236249088 56881 67087892480 94428824858624 94428826725745 140722093617264 0 0 0 0 4096 1088 0 0 0 17 156 0 0 1 0 0 94428826983808 94428827030744 94428831420416 140722093624080 140722093624214 140722093624214 140722093625313 0
/proc/18/statm: 57678 56881 1101 456 0 55839 0
Current children cumulated CPU time: 879.16 s
Current children cumulated vsize: 248396 KiB
Current children cumulated memory: 240244 KiB

[startup+942.3 s]
/proc/loadavg: 6.02 7.67 11.97 7/2809 18
/proc/meminfo: memFree=478756860/527542268 swapFree=33507324/33554428
[pid=16] ppid=13 vsize=17684 memory=12720 CPUtime=0.04 cores=44-55,98-99,156-167,210-211
/proc/16/stat : 16 (python3) S 13 16 0 0 -1 4194304 1896 0 96 0 3 1 0 0 20 0 1 0 53362187 18108416 3180 67087892480 4194304 7154137 140725195330464 0 0 0 0 16781312 2 1 0 0 17 51 0 0 8 0 0 9727432 11029816 26091520 140725195336525 140725195336621 140725195336621 140725195337703 0
/proc/16/statm: 4421 3180 1525 723 0 2063 0
[pid=18] ppid=16 vsize=257764 memory=254576 CPUtime=938.95 cores=44-55,98-99,156-167,210-211
/proc/18/stat : 18 (bn4rust) R 16 16 0 0 -1 4194304 1026543 0 18 0 92613 1282 0 0 20 0 1 0 53362200 263950336 63644 67087892480 94428824858624 94428826725745 140722093617264 0 0 0 0 4096 1088 0 0 0 17 156 0 0 1 0 0 94428826983808 94428827030744 94428831420416 140722093624080 140722093624214 140722093624214 140722093625313 0
/proc/18/statm: 64441 63644 1101 456 0 62602 0
Current children cumulated CPU time: 938.99 s
Current children cumulated vsize: 275448 KiB
Current children cumulated memory: 267296 KiB

[startup+1002.3 s]
/proc/loadavg: 5.76 7.31 11.57 6/2769 18
/proc/meminfo: memFree=475873200/527542268 swapFree=33507324/33554428
[pid=16] ppid=13 vsize=17684 memory=12720 CPUtime=0.04 cores=44-55,98-99,156-167,210-211
/proc/16/stat : 16 (python3) S 13 16 0 0 -1 4194304 1896 0 96 0 3 1 0 0 20 0 1 0 53362187 18108416 3180 67087892480 4194304 7154137 140725195330464 0 0 0 0 16781312 2 1 0 0 17 51 0 0 8 0 0 9727432 11029816 26091520 140725195336525 140725195336621 140725195336621 140725195337703 0
/proc/16/statm: 4421 3180 1525 723 0 2063 0
[pid=18] ppid=16 vsize=729032 memory=662012 CPUtime=998.77 cores=44-55,98-99,156-167,210-211
/proc/18/stat : 18 (bn4rust) R 16 16 0 0 -1 4194304 1067655 0 18 0 98524 1353 0 0 20 0 1 0 53362200 746528768 165503 67087892480 94428824858624 94428826725745 140722093617264 0 0 0 0 4096 1088 0 0 0 17 156 0 0 1 0 0 94428826983808 94428827030744 94428831420416 140722093624080 140722093624214 140722093624214 140722093625313 0
/proc/18/statm: 182258 165503 1101 456 0 180419 0
Current children cumulated CPU time: 998.81 s
Current children cumulated vsize: 746716 KiB
Current children cumulated memory: 674732 KiB

[startup+1062.3 s]
/proc/loadavg: 5.12 6.84 11.14 6/2768 18
/proc/meminfo: memFree=473293132/527542268 swapFree=33507324/33554428
[pid=16] ppid=13 vsize=17684 memory=12720 CPUtime=0.04 cores=44-55,98-99,156-167,210-211
/proc/16/stat : 16 (python3) S 13 16 0 0 -1 4194304 1896 0 96 0 3 1 0 0 20 0 1 0 53362187 18108416 3180 67087892480 4194304 7154137 140725195330464 0 0 0 0 16781312 2 1 0 0 17 51 0 0 8 0 0 9727432 11029816 26091520 140725195336525 140725195336621 140725195336621 140725195337703 0
/proc/16/statm: 4421 3180 1525 723 0 2063 0
[pid=18] ppid=16 vsize=779376 memory=717360 CPUtime=1058.58 cores=44-55,98-99,156-167,210-211
/proc/18/stat : 18 (bn4rust) R 16 16 0 0 -1 4194304 1110396 0 18 0 104440 1418 0 0 20 0 1 0 53362200 798081024 179340 67087892480 94428824858624 94428826725745 140722093617264 0 0 0 0 4096 1088 0 0 0 17 44 0 0 1 0 0 94428826983808 94428827030744 94428831420416 140722093624080 140722093624214 140722093624214 140722093625313 0
/proc/18/statm: 194844 179340 1101 456 0 193005 0
Current children cumulated CPU time: 1058.62 s
Current children cumulated vsize: 797060 KiB
Current children cumulated memory: 730080 KiB

[startup+1122.3 s]
/proc/loadavg: 5.04 6.51 10.76 6/2766 18
/proc/meminfo: memFree=474275592/527542268 swapFree=33507324/33554428
[pid=16] ppid=13 vsize=17684 memory=12720 CPUtime=0.04 cores=44-55,98-99,156-167,210-211
/proc/16/stat : 16 (python3) S 13 16 0 0 -1 4194304 1896 0 96 0 3 1 0 0 20 0 1 0 53362187 18108416 3180 67087892480 4194304 7154137 140725195330464 0 0 0 0 16781312 2 1 0 0 17 51 0 0 8 0 0 9727432 11029816 26091520 140725195336525 140725195336621 140725195336621 140725195337703 0
/proc/16/statm: 4421 3180 1525 723 0 2063 0
[pid=18] ppid=16 vsize=257252 memory=254064 CPUtime=1118.38 cores=44-55,98-99,156-167,210-211
/proc/18/stat : 18 (bn4rust) R 16 16 0 0 -1 4194304 1157531 0 18 0 110340 1498 0 0 20 0 1 0 53362200 263426048 63516 67087892480 94428824858624 94428826725745 140722093617264 0 0 0 0 4096 1088 0 0 0 17 156 0 0 1 0 0 94428826983808 94428827030744 94428831420416 140722093624080 140722093624214 140722093624214 140722093625313 0
/proc/18/statm: 64313 63516 1101 456 0 62474 0
Current children cumulated CPU time: 1118.42 s
Current children cumulated vsize: 274936 KiB
Current children cumulated memory: 266784 KiB

[startup+1182.3 s]
/proc/loadavg: 5.01 6.23 10.39 6/2761 18
/proc/meminfo: memFree=471762384/527542268 swapFree=33507324/33554428
[pid=16] ppid=13 vsize=17684 memory=12720 CPUtime=0.04 cores=44-55,98-99,156-167,210-211
/proc/16/stat : 16 (python3) S 13 16 0 0 -1 4194304 1897 0 96 0 3 1 0 0 20 0 1 0 53362187 18108416 3180 67087892480 4194304 7154137 140725195330464 0 0 0 0 16781312 2 1 0 0 17 51 0 0 8 0 0 9727432 11029816 26091520 140725195336525 140725195336621 140725195336621 140725195337703 0
/proc/16/statm: 4421 3180 1525 723 0 2063 0
[pid=18] ppid=16 vsize=271276 memory=246244 CPUtime=1178.18 cores=44-55,98-99,156-167,210-211
/proc/18/stat : 18 (bn4rust) R 16 16 0 0 -1 4194304 1225164 0 18 0 116216 1602 0 0 20 0 1 0 53362200 277786624 61561 67087892480 94428824858624 94428826725745 140722093617264 0 0 0 0 4096 1088 0 0 0 17 156 0 0 1 0 0 94428826983808 94428827030744 94428831420416 140722093624080 140722093624214 140722093624214 140722093625313 0
/proc/18/statm: 67819 61561 1101 456 0 65980 0
Current children cumulated CPU time: 1178.22 s
Current children cumulated vsize: 288960 KiB
Current children cumulated memory: 258964 KiB

[startup+1242.3 s]
/proc/loadavg: 4.94 5.99 10.05 6/2761 18
/proc/meminfo: memFree=468849920/527542268 swapFree=33507324/33554428
[pid=16] ppid=13 vsize=17684 memory=12720 CPUtime=0.04 cores=44-55,98-99,156-167,210-211
/proc/16/stat : 16 (python3) S 13 16 0 0 -1 4194304 1897 0 96 0 3 1 0 0 20 0 1 0 53362187 18108416 3180 67087892480 4194304 7154137 140725195330464 0 0 0 0 16781312 2 1 0 0 17 51 0 0 8 0 0 9727432 11029816 26091520 140725195336525 140725195336621 140725195336621 140725195337703 0
/proc/16/statm: 4421 3180 1525 723 0 2063 0
[pid=18] ppid=16 vsize=476080 memory=469572 CPUtime=1237.98 cores=44-55,98-99,156-167,210-211
/proc/18/stat : 18 (bn4rust) R 16 16 0 0 -1 4194304 1274860 0 18 0 122114 1684 0 0 20 0 1 0 53362200 487505920 117393 67087892480 94428824858624 94428826725745 140722093617264 0 0 0 0 4096 1088 0 0 0 17 156 0 0 1 0 0 94428826983808 94428827030744 94428831420416 140722093624080 140722093624214 140722093624214 140722093625313 0
/proc/18/statm: 119020 117393 1101 456 0 117181 0
Current children cumulated CPU time: 1238.02 s
Current children cumulated vsize: 493764 KiB
Current children cumulated memory: 482292 KiB

[startup+1302.3 s]
/proc/loadavg: 4.98 5.80 9.73 6/2756 18
/proc/meminfo: memFree=466375196/527542268 swapFree=33507324/33554428
[pid=16] ppid=13 vsize=17684 memory=12720 CPUtime=0.04 cores=44-55,98-99,156-167,210-211
/proc/16/stat : 16 (python3) S 13 16 0 0 -1 4194304 1897 0 96 0 3 1 0 0 20 0 1 0 53362187 18108416 3180 67087892480 4194304 7154137 140725195330464 0 0 0 0 16781312 2 1 0 0 17 51 0 0 8 0 0 9727432 11029816 26091520 140725195336525 140725195336621 140725195336621 140725195337703 0
/proc/16/statm: 4421 3180 1525 723 0 2063 0
[pid=18] ppid=16 vsize=510900 memory=461228 CPUtime=1297.78 cores=44-55,98-99,156-167,210-211
/proc/18/stat : 18 (bn4rust) R 16 16 0 0 -1 4194304 1319651 0 18 0 128024 1754 0 0 20 0 1 0 53362200 523161600 115307 67087892480 94428824858624 94428826725745 140722093617264 0 0 0 0 4096 1088 0 0 0 17 156 0 0 1 0 0 94428826983808 94428827030744 94428831420416 140722093624080 140722093624214 140722093624214 140722093625313 0
/proc/18/statm: 127725 115307 1101 456 0 125886 0
Current children cumulated CPU time: 1297.82 s
Current children cumulated vsize: 528584 KiB
Current children cumulated memory: 473948 KiB

[startup+1362.3 s]
/proc/loadavg: 5.02 5.67 9.43 6/2756 18
/proc/meminfo: memFree=464080588/527542268 swapFree=33507324/33554428
[pid=16] ppid=13 vsize=17684 memory=12720 CPUtime=0.04 cores=44-55,98-99,156-167,210-211
/proc/16/stat : 16 (python3) S 13 16 0 0 -1 4194304 1897 0 96 0 3 1 0 0 20 0 1 0 53362187 18108416 3180 67087892480 4194304 7154137 140725195330464 0 0 0 0 16781312 2 1 0 0 17 51 0 0 8 0 0 9727432 11029816 26091520 140725195336525 140725195336621 140725195336621 140725195337703 0
/proc/16/statm: 4421 3180 1525 723 0 2063 0
[pid=18] ppid=16 vsize=205736 memory=199308 CPUtime=1357.58 cores=44-55,98-99,156-167,210-211
/proc/18/stat : 18 (bn4rust) R 16 16 0 0 -1 4194304 1384202 0 18 0 133925 1833 0 0 20 0 1 0 53362200 210673664 49827 67087892480 94428824858624 94428826725745 140722093617264 0 0 0 0 4096 1088 0 0 0 17 156 0 0 1 0 0 94428826983808 94428827030744 94428831420416 140722093624080 140722093624214 140722093624214 140722093625313 0
/proc/18/statm: 51434 49827 1101 456 0 49595 0
Current children cumulated CPU time: 1357.62 s
Current children cumulated vsize: 223420 KiB
Current children cumulated memory: 212028 KiB

[startup+1422.3 s]
/proc/loadavg: 5.17 5.59 9.17 5/2753 18
/proc/meminfo: memFree=461528520/527542268 swapFree=33507324/33554428
[pid=16] ppid=13 vsize=17684 memory=12720 CPUtime=0.04 cores=44-55,98-99,156-167,210-211
/proc/16/stat : 16 (python3) S 13 16 0 0 -1 4194304 1897 0 96 0 3 1 0 0 20 0 1 0 53362187 18108416 3180 67087892480 4194304 7154137 140725195330464 0 0 0 0 16781312 2 1 0 0 17 51 0 0 8 0 0 9727432 11029816 26091520 140725195336525 140725195336621 140725195336621 140725195337703 0
/proc/16/statm: 4421 3180 1525 723 0 2063 0
[pid=18] ppid=16 vsize=254752 memory=248924 CPUtime=1417.37 cores=44-55,98-99,156-167,210-211
/proc/18/stat : 18 (bn4rust) R 16 16 0 0 -1 4194304 1435340 0 18 0 139813 1924 0 0 20 0 1 0 53362200 260866048 62231 67087892480 94428824858624 94428826725745 140722093617264 0 0 0 0 4096 1088 0 0 0 17 156 0 0 1 0 0 94428826983808 94428827030744 94428831420416 140722093624080 140722093624214 140722093624214 140722093625313 0
/proc/18/statm: 63688 62231 1101 456 0 61849 0
Current children cumulated CPU time: 1417.41 s
Current children cumulated vsize: 272436 KiB
Current children cumulated memory: 261644 KiB

[startup+1482.3 s]
/proc/loadavg: 4.83 5.41 8.88 6/2754 18
/proc/meminfo: memFree=459399328/527542268 swapFree=33507324/33554428
[pid=16] ppid=13 vsize=17684 memory=12720 CPUtime=0.04 cores=44-55,98-99,156-167,210-211
/proc/16/stat : 16 (python3) S 13 16 0 0 -1 4194304 1897 0 96 0 3 1 0 0 20 0 1 0 53362187 18108416 3180 67087892480 4194304 7154137 140725195330464 0 0 0 0 16781312 2 1 0 0 17 51 0 0 8 0 0 9727432 11029816 26091520 140725195336525 140725195336621 140725195336621 140725195337703 0
/proc/16/statm: 4421 3180 1525 723 0 2063 0
[pid=18] ppid=16 vsize=227620 memory=224480 CPUtime=1477.17 cores=44-55,98-99,156-167,210-211
/proc/18/stat : 18 (bn4rust) R 16 16 0 0 -1 4194304 1487053 0 18 0 145705 2012 0 0 20 0 1 0 53362200 233082880 56120 67087892480 94428824858624 94428826725745 140722093617264 0 0 0 0 4096 1088 0 0 0 17 156 0 0 1 0 0 94428826983808 94428827030744 94428831420416 140722093624080 140722093624214 140722093624214 140722093625313 0
/proc/18/statm: 56905 56120 1101 456 0 55066 0
Current children cumulated CPU time: 1477.21 s
Current children cumulated vsize: 245304 KiB
Current children cumulated memory: 237200 KiB

[startup+1542.3 s]
/proc/loadavg: 5.02 5.35 8.64 6/2753 18
/proc/meminfo: memFree=456862600/527542268 swapFree=33507324/33554428
[pid=16] ppid=13 vsize=17684 memory=12720 CPUtime=0.04 cores=44-55,98-99,156-167,210-211
/proc/16/stat : 16 (python3) S 13 16 0 0 -1 4194304 1897 0 96 0 3 1 0 0 20 0 1 0 53362187 18108416 3180 67087892480 4194304 7154137 140725195330464 0 0 0 0 16781312 2 1 0 0 17 51 0 0 8 0 0 9727432 11029816 26091520 140725195336525 140725195336621 140725195336621 140725195337703 0
/proc/16/statm: 4421 3180 1525 723 0 2063 0
[pid=18] ppid=16 vsize=355272 memory=332848 CPUtime=1536.97 cores=44-55,98-99,156-167,210-211
/proc/18/stat : 18 (bn4rust) R 16 16 0 0 -1 4194304 1527333 0 18 0 151613 2084 0 0 20 0 1 0 53362200 363798528 83212 67087892480 94428824858624 94428826725745 140722093617264 0 0 0 0 4096 1088 0 0 0 17 156 0 0 1 0 0 94428826983808 94428827030744 94428831420416 140722093624080 140722093624214 140722093624214 140722093625313 0
/proc/18/statm: 88818 83212 1101 456 0 86979 0
Current children cumulated CPU time: 1537.01 s
Current children cumulated vsize: 372956 KiB
Current children cumulated memory: 345568 KiB

[startup+1602.3 s]
/proc/loadavg: 5.24 5.36 8.44 6/2752 18
/proc/meminfo: memFree=460679984/527542268 swapFree=33507324/33554428
[pid=16] ppid=13 vsize=17684 memory=12720 CPUtime=0.04 cores=44-55,98-99,156-167,210-211
/proc/16/stat : 16 (python3) S 13 16 0 0 -1 4194304 1897 0 96 0 3 1 0 0 20 0 1 0 53362187 18108416 3180 67087892480 4194304 7154137 140725195330464 0 0 0 0 16781312 2 1 0 0 17 51 0 0 8 0 0 9727432 11029816 26091520 140725195336525 140725195336621 140725195336621 140725195337703 0
/proc/16/statm: 4421 3180 1525 723 0 2063 0
[pid=18] ppid=16 vsize=449460 memory=438708 CPUtime=1596.8 cores=44-55,98-99,156-167,210-211
/proc/18/stat : 18 (bn4rust) R 16 16 0 0 -1 4194304 1573222 0 18 0 157519 2161 0 0 20 0 1 0 53362200 460247040 109677 67087892480 94428824858624 94428826725745 140722093617264 0 0 0 0 4096 1088 0 0 0 17 156 0 0 1 0 0 94428826983808 94428827030744 94428831420416 140722093624080 140722093624214 140722093624214 140722093625313 0
/proc/18/statm: 112365 109677 1101 456 0 110526 0
Current children cumulated CPU time: 1596.84 s
Current children cumulated vsize: 467144 KiB
Current children cumulated memory: 451428 KiB

[startup+1662.3 s]
/proc/loadavg: 4.97 5.26 8.21 6/2755 18
/proc/meminfo: memFree=457764364/527542268 swapFree=33507324/33554428
[pid=16] ppid=13 vsize=17684 memory=12720 CPUtime=0.04 cores=44-55,98-99,156-167,210-211
/proc/16/stat : 16 (python3) S 13 16 0 0 -1 4194304 1897 0 96 0 3 1 0 0 20 0 1 0 53362187 18108416 3180 67087892480 4194304 7154137 140725195330464 0 0 0 0 16781312 2 1 0 0 17 51 0 0 8 0 0 9727432 11029816 26091520 140725195336525 140725195336621 140725195336621 140725195337703 0
/proc/16/statm: 4421 3180 1525 723 0 2063 0
[pid=18] ppid=16 vsize=488368 memory=469060 CPUtime=1656.64 cores=44-55,98-99,156-167,210-211
/proc/18/stat : 18 (bn4rust) R 16 16 0 0 -1 4194304 1632901 0 18 0 163422 2242 0 0 20 0 1 0 53362200 500088832 117265 67087892480 94428824858624 94428826725745 140722093617264 0 0 0 0 4096 1088 0 0 0 17 156 0 0 1 0 0 94428826983808 94428827030744 94428831420416 140722093624080 140722093624214 140722093624214 140722093625313 0
/proc/18/statm: 122092 117265 1101 456 0 120253 0
Current children cumulated CPU time: 1656.68 s
Current children cumulated vsize: 506052 KiB
Current children cumulated memory: 481780 KiB

[startup+1722.3 s]
/proc/loadavg: 4.82 5.15 7.98 6/2748 18
/proc/meminfo: memFree=454916780/527542268 swapFree=33507324/33554428
[pid=16] ppid=13 vsize=17684 memory=12720 CPUtime=0.04 cores=44-55,98-99,156-167,210-211
/proc/16/stat : 16 (python3) S 13 16 0 0 -1 4194304 1897 0 96 0 3 1 0 0 20 0 1 0 53362187 18108416 3180 67087892480 4194304 7154137 140725195330464 0 0 0 0 16781312 2 1 0 0 17 51 0 0 8 0 0 9727432 11029816 26091520 140725195336525 140725195336621 140725195336621 140725195337703 0
/proc/16/statm: 4421 3180 1525 723 0 2063 0
[pid=18] ppid=16 vsize=523188 memory=472064 CPUtime=1716.47 cores=44-55,98-99,156-167,210-211
/proc/18/stat : 18 (bn4rust) R 16 16 0 0 -1 4194304 1677986 0 18 0 169329 2318 0 0 20 0 1 0 53362200 535744512 118016 67087892480 94428824858624 94428826725745 140722093617264 0 0 0 0 4096 1088 0 0 0 17 156 0 0 1 0 0 94428826983808 94428827030744 94428831420416 140722093624080 140722093624214 140722093624214 140722093625313 0
/proc/18/statm: 130797 118016 1101 456 0 128958 0
Current children cumulated CPU time: 1716.51 s
Current children cumulated vsize: 540872 KiB
Current children cumulated memory: 484784 KiB

[startup+1782.3 s]
/proc/loadavg: 4.93 5.12 7.79 6/2751 18
/proc/meminfo: memFree=467508892/527542268 swapFree=33507324/33554428
[pid=16] ppid=13 vsize=17684 memory=12720 CPUtime=0.04 cores=44-55,98-99,156-167,210-211
/proc/16/stat : 16 (python3) S 13 16 0 0 -1 4194304 1897 0 96 0 3 1 0 0 20 0 1 0 53362187 18108416 3180 67087892480 4194304 7154137 140725195330464 0 0 0 0 16781312 2 1 0 0 17 51 0 0 8 0 0 9727432 11029816 26091520 140725195336525 140725195336621 140725195336621 140725195337703 0
/proc/16/statm: 4421 3180 1525 723 0 2063 0
[pid=18] ppid=16 vsize=500660 memory=489988 CPUtime=1776.27 cores=44-55,98-99,156-167,210-211
/proc/18/stat : 18 (bn4rust) R 16 16 0 0 -1 4194304 1739138 0 18 0 175225 2402 0 0 20 0 1 0 53362200 512675840 122497 67087892480 94428824858624 94428826725745 140722093617264 0 0 0 0 4096 1088 0 0 0 17 156 0 0 1 0 0 94428826983808 94428827030744 94428831420416 140722093624080 140722093624214 140722093624214 140722093625313 0
/proc/18/statm: 125165 122497 1101 456 0 123326 0
Current children cumulated CPU time: 1776.31 s
Current children cumulated vsize: 518344 KiB
Current children cumulated memory: 502708 KiB



Maximum wall clock time exceeded: sending SIGTERM then SIGKILL

[startup+1800 s]*
/proc/loadavg: 4.95 5.11 7.75 6/2751 18
/proc/meminfo: memFree=466713448/527542268 swapFree=33507324/33554428
[pid=16] ppid=13 vsize=17684 memory=12720 CPUtime=0.04 cores=44-55,98-99,156-167,210-211
/proc/16/stat : 16 (python3) S 13 16 0 0 -1 4194304 1897 0 96 0 3 1 0 0 20 0 1 0 53362187 18108416 3180 67087892480 4194304 7154137 140725195330464 0 0 0 0 16781312 2 1 0 0 17 51 0 0 8 0 0 9727432 11029816 26091520 140725195336525 140725195336621 140725195336621 140725195337703 0
/proc/16/statm: 4421 3180 1525 723 0 2063 0
[pid=18] ppid=16 vsize=230312 memory=220364 CPUtime=1793.91 cores=44-55,98-99,156-167,210-211
/proc/18/stat : 18 (bn4rust) R 16 16 0 0 -1 4194304 1758505 0 18 0 176960 2431 0 0 20 0 1 0 53362200 235839488 55091 67087892480 94428824858624 94428826725745 140722093617264 0 0 0 0 4096 1088 0 0 0 17 156 0 0 1 0 0 94428826983808 94428827030744 94428831420416 140722093624080 140722093624214 140722093624214 140722093625313 0
/proc/18/statm: 57578 55091 1101 456 0 55739 0
Current children cumulated CPU time: 1793.95 s
Current children cumulated vsize: 247996 KiB
Current children cumulated memory: 233084 KiB

Sending SIGTERM to process tree (bottom up)
Sleeping 2 seconds

[startup+1800.01 s]
# the end of solver process 16 was just reported to runsolver
# cumulated CPU time of all completed processes:  user=1769.64 s, system=24.3298 s

Solver just ended.
??? end of watcher thread
Dumping a history of the last processes samples

Child ended because it received signal 15 (SIGTERM)
Real time (s): 1800.01
CPU time (s): 1793.97
CPU user time (s): 1769.64
CPU system time (s): 24.3298
CPU usage (%): 99.6648
Max. virtual memory (cumulated for all children) (KiB): 853216
Max. memory (cumulated for all children) (KiB): 792948

getrusage(RUSAGE_CHILDREN,...) data:
user time used= 1769.64
system time used= 24.3298
maximum resident set size= 788732
integral shared memory size= 0
integral unshared data size= 0
integral unshared stack size= 0
page reclaims= 1760403
page faults= 114
swaps= 0
block input operations= 19512
block output operations= 8
messages sent= 0
messages received= 0
signals received= 0
voluntary context switches= 1023
involuntary context switches= 2718


# summary of solver processes directly reported to runsolver:
#   pid: 16
#   total CPU time (s): 1793.97
#   total CPU user time (s): 1769.64
#   total CPU system time (s): 24.3298

??? join timestamper begins
??? join timestamper ends
??? end of timestamper thread
runsolver used 1.30493 second user time and 2.82576 second system time

The end
