runsolver version 3.4.1 (svn: 3018) Copyright (C) 2010-2013 Olivier ROUSSEL

This program is distributed in the hope that it will be useful,
but WITHOUT ANY WARRANTY; without even the implied warranty of
MERCHANTABILITY or FITNESS FOR A PARTICULAR PURPOSE.  See the
GNU General Public License for more details.

NUMA information:
  number of nodes: 8
  memory of node 0: 63700 MiB (61290 MiB free)
  memory of node 1: 64504 MiB (62878 MiB free)
  memory of node 2: 64504 MiB (62291 MiB free)
  memory of node 3: 64461 MiB (62909 MiB free)
  memory of node 4: 64504 MiB (60418 MiB free)
  memory of node 5: 64504 MiB (56110 MiB free)
  memory of node 6: 64504 MiB (46155 MiB free)
  memory of node 7: 64491 MiB (14844 MiB free)
  node distances:
     10  12  12  12  21  21  21  21
     12  10  12  12  21  21  21  21
     12  12  10  12  21  21  21  21
     12  12  12  10  21  21  21  21
     21  21  21  21  10  12  12  12
     21  21  21  21  12  10  12  12
     21  21  21  21  12  12  10  12
     21  21  21  21  12  12  12  10

command line: /usr/local/bin/runsolver --timestamp -w /output/runsolver-watch.log -v /output/runsolver-values.log -o /output/solver-output.log -C 1800.0 -W 1800.0 -R 64000 /opt/solver/run_bn4rust.py --mode cyber-complement-gfp --instance /input/model_106.bnet 

running on 28 cores: 36-49,148-161

Enforcing CPUTime limit (soft limit, will send SIGTERM then SIGKILL): 1800 seconds
Enforcing CPUTime limit (hard limit, will send SIGXCPU): 1830 seconds
Enforcing wall clock limit (soft limit, will send SIGTERM then SIGKILL): 1800 seconds
Enforcing RSS+Swap limit (soft limit, will send SIGTERM then SIGKILL): 65536000 KiB
Linux 4.18.0-553.159.1.el8_10.x86_64
solver pid=16, runsolver pid=13
Current StackSize limit: 18014398509481983 KiB


[startup+0.100069 s]*
/proc/loadavg: 36.70 33.24 29.02 35/2850 17
/proc/meminfo: memFree=436716624/527542268 swapFree=33513212/33554428
[pid=16] ppid=13 vsize=15800 memory=10124 CPUtime=0.02 cores=36-49,148-161
/proc/16/stat : 16 (python3) R 13 16 0 0 -1 4194304 1388 0 84 0 1 1 0 0 20 0 1 0 53362642 16179200 2531 67087892480 4194304 7154137 140724266011312 0 0 0 0 16781312 2 0 0 0 17 48 0 0 6 0 0 9727432 11029816 33853440 140724266019661 140724266019757 140724266019757 140724266020839 0
/proc/16/statm: 3950 2531 1396 723 0 1674 0
Current children cumulated CPU time: 0.02 s
Current children cumulated vsize: 15800 KiB
Current children cumulated memory: 10124 KiB

[startup+0.200575 s]*
/proc/loadavg: 36.70 33.24 29.02 35/2850 18
/proc/meminfo: memFree=435836176/527542268 swapFree=33513212/33554428
[pid=16] ppid=13 vsize=17684 memory=12420 CPUtime=0.03 cores=36-49,148-161
/proc/16/stat : 16 (python3) S 13 16 0 0 -1 4194304 1892 0 96 0 2 1 0 0 20 0 1 0 53362642 18108416 3105 67087892480 4194304 7154137 140724266011312 0 0 0 0 16781312 2 1 0 0 17 48 0 0 8 0 0 9727432 11029816 33853440 140724266019661 140724266019757 140724266019757 140724266020839 0
/proc/16/statm: 4421 3105 1511 723 0 2063 0
[pid=18] ppid=16 vsize=12572 memory=8528 CPUtime=0.03 cores=36-49,148-161
/proc/18/stat : 18 (bn4rust) R 16 16 0 0 -1 4194304 2381 0 18 0 3 0 0 0 20 0 1 0 53362655 12873728 2132 67087892480 94100741435392 94100743302513 140732695981648 0 0 0 0 4096 1088 0 0 0 17 157 0 0 1 0 0 94100743560576 94100743607512 94100759928832 140732695989008 140732695989142 140732695989142 140732695990241 0
/proc/18/statm: 3143 2132 1081 456 0 1304 0
Current children cumulated CPU time: 0.06 s
Current children cumulated vsize: 30256 KiB
Current children cumulated memory: 20948 KiB

[startup+0.303941 s]*
/proc/loadavg: 36.48 33.25 29.04 38/2859 18
/proc/meminfo: memFree=434765756/527542268 swapFree=33513212/33554428
[pid=16] ppid=13 vsize=17684 memory=12420 CPUtime=0.03 cores=36-49,148-161
/proc/16/stat : 16 (python3) S 13 16 0 0 -1 4194304 1892 0 96 0 2 1 0 0 20 0 1 0 53362642 18108416 3105 67087892480 4194304 7154137 140724266011312 0 0 0 0 16781312 2 1 0 0 17 48 0 0 8 0 0 9727432 11029816 33853440 140724266019661 140724266019757 140724266019757 140724266020839 0
/proc/16/statm: 4421 3105 1511 723 0 2063 0
[pid=18] ppid=16 vsize=12796 memory=9200 CPUtime=0.14 cores=36-49,148-161
/proc/18/stat : 18 (bn4rust) R 16 16 0 0 -1 4194304 4559 0 18 0 13 1 0 0 20 0 1 0 53362655 13103104 2300 67087892480 94100741435392 94100743302513 140732695981648 0 0 0 0 4096 1088 0 0 0 17 157 0 0 1 0 0 94100743560576 94100743607512 94100759928832 140732695989008 140732695989142 140732695989142 140732695990241 0
/proc/18/statm: 3199 2300 1081 456 0 1360 0
Current children cumulated CPU time: 0.17 s
Current children cumulated vsize: 30480 KiB
Current children cumulated memory: 21620 KiB

[startup+0.700155 s]
/proc/loadavg: 36.48 33.25 29.04 38/2873 18
/proc/meminfo: memFree=432644636/527542268 swapFree=33513212/33554428
[pid=16] ppid=13 vsize=17684 memory=12420 CPUtime=0.03 cores=36-49,148-161
/proc/16/stat : 16 (python3) S 13 16 0 0 -1 4194304 1892 0 96 0 2 1 0 0 20 0 1 0 53362642 18108416 3105 67087892480 4194304 7154137 140724266011312 0 0 0 0 16781312 2 1 0 0 17 48 0 0 8 0 0 9727432 11029816 33853440 140724266019661 140724266019757 140724266019757 140724266020839 0
/proc/16/statm: 4421 3105 1511 723 0 2063 0
[pid=18] ppid=16 vsize=14036 memory=10708 CPUtime=0.53 cores=36-49,148-161
/proc/18/stat : 18 (bn4rust) R 16 16 0 0 -1 4194304 12727 0 18 0 51 2 0 0 20 0 1 0 53362655 14372864 2677 67087892480 94100741435392 94100743302513 140732695981648 0 0 0 0 4096 1088 0 0 0 17 157 0 0 1 0 0 94100743560576 94100743607512 94100759928832 140732695989008 140732695989142 140732695989142 140732695990241 0
/proc/18/statm: 3509 2677 1081 456 0 1670 0
Current children cumulated CPU time: 0.56 s
Current children cumulated vsize: 31720 KiB
Current children cumulated memory: 23128 KiB

[startup+1.50016 s]
/proc/loadavg: 36.48 33.25 29.04 38/2898 18
/proc/meminfo: memFree=427148892/527542268 swapFree=33513212/33554428
[pid=16] ppid=13 vsize=17684 memory=12420 CPUtime=0.03 cores=36-49,148-161
/proc/16/stat : 16 (python3) S 13 16 0 0 -1 4194304 1893 0 96 0 2 1 0 0 20 0 1 0 53362642 18108416 3105 67087892480 4194304 7154137 140724266011312 0 0 0 0 16781312 2 1 0 0 17 48 0 0 8 0 0 9727432 11029816 33853440 140724266019661 140724266019757 140724266019757 140724266020839 0
/proc/16/statm: 4421 3105 1511 723 0 2063 0
[pid=18] ppid=16 vsize=15124 memory=11828 CPUtime=1.33 cores=36-49,148-161
/proc/18/stat : 18 (bn4rust) R 16 16 0 0 -1 4194304 24331 0 18 0 129 4 0 0 20 0 1 0 53362655 15486976 2957 67087892480 94100741435392 94100743302513 140732695981648 0 0 0 0 4096 1088 0 0 0 17 157 0 0 1 0 0 94100743560576 94100743607512 94100759928832 140732695989008 140732695989142 140732695989142 140732695990241 0
/proc/18/statm: 3781 2957 1081 456 0 1942 0
Current children cumulated CPU time: 1.36 s
Current children cumulated vsize: 32808 KiB
Current children cumulated memory: 24248 KiB

[startup+3.10049 s]
/proc/loadavg: 36.48 33.25 29.04 35/2945 18
/proc/meminfo: memFree=414233340/527542268 swapFree=33513212/33554428
[pid=16] ppid=13 vsize=17684 memory=12420 CPUtime=0.03 cores=36-49,148-161
/proc/16/stat : 16 (python3) S 13 16 0 0 -1 4194304 1893 0 96 0 2 1 0 0 20 0 1 0 53362642 18108416 3105 67087892480 4194304 7154137 140724266011312 0 0 0 0 16781312 2 1 0 0 17 48 0 0 8 0 0 9727432 11029816 33853440 140724266019661 140724266019757 140724266019757 140724266020839 0
/proc/16/statm: 4421 3105 1511 723 0 2063 0
[pid=18] ppid=16 vsize=21644 memory=18252 CPUtime=2.92 cores=36-49,148-161
/proc/18/stat : 18 (bn4rust) R 16 16 0 0 -1 4194304 40631 0 18 0 285 7 0 0 20 0 1 0 53362655 22163456 4563 67087892480 94100741435392 94100743302513 140732695981648 0 0 0 0 4096 1088 0 0 0 17 157 0 0 1 0 0 94100743560576 94100743607512 94100759928832 140732695989008 140732695989142 140732695989142 140732695990241 0
/proc/18/statm: 5411 4563 1081 456 0 3572 0
Current children cumulated CPU time: 2.95 s
Current children cumulated vsize: 39328 KiB
Current children cumulated memory: 30672 KiB

[startup+6.3003 s]
/proc/loadavg: 39.25 33.88 29.27 89/3025 18
/proc/meminfo: memFree=412051844/527542268 swapFree=33513212/33554428
[pid=16] ppid=13 vsize=17684 memory=12420 CPUtime=0.03 cores=36-49,148-161
/proc/16/stat : 16 (python3) S 13 16 0 0 -1 4194304 1893 0 96 0 2 1 0 0 20 0 1 0 53362642 18108416 3105 67087892480 4194304 7154137 140724266011312 0 0 0 0 16781312 2 1 0 0 17 48 0 0 8 0 0 9727432 11029816 33853440 140724266019661 140724266019757 140724266019757 140724266020839 0
/proc/16/statm: 4421 3105 1511 723 0 2063 0
[pid=18] ppid=16 vsize=36804 memory=33232 CPUtime=6.1 cores=36-49,148-161
/proc/18/stat : 18 (bn4rust) R 16 16 0 0 -1 4194304 59643 0 18 0 600 10 0 0 20 0 1 0 53362655 37687296 8308 67087892480 94100741435392 94100743302513 140732695981648 0 0 0 0 4096 1088 0 0 0 17 157 0 0 1 0 0 94100743560576 94100743607512 94100759928832 140732695989008 140732695989142 140732695989142 140732695990241 0
/proc/18/statm: 9201 8308 1081 456 0 7362 0
Current children cumulated CPU time: 6.13 s
Current children cumulated vsize: 54488 KiB
Current children cumulated memory: 45652 KiB

[startup+12.7003 s]
/proc/loadavg: 43.79 34.91 29.63 86/3036 18
/proc/meminfo: memFree=409779692/527542268 swapFree=33513212/33554428
[pid=16] ppid=13 vsize=17684 memory=12420 CPUtime=0.03 cores=36-49,148-161
/proc/16/stat : 16 (python3) S 13 16 0 0 -1 4194304 1893 0 96 0 2 1 0 0 20 0 1 0 53362642 18108416 3105 67087892480 4194304 7154137 140724266011312 0 0 0 0 16781312 2 1 0 0 17 48 0 0 8 0 0 9727432 11029816 33853440 140724266019661 140724266019757 140724266019757 140724266020839 0
/proc/16/statm: 4421 3105 1511 723 0 2063 0
[pid=18] ppid=16 vsize=38212 memory=34180 CPUtime=12.48 cores=36-49,148-161
/proc/18/stat : 18 (bn4rust) R 16 16 0 0 -1 4194304 71003 0 18 0 1234 14 0 0 20 0 1 0 53362655 39129088 8545 67087892480 94100741435392 94100743302513 140732695981648 0 0 0 0 4096 1088 0 0 0 17 157 0 0 1 0 0 94100743560576 94100743607512 94100759928832 140732695989008 140732695989142 140732695989142 140732695990241 0
/proc/18/statm: 9553 8545 1081 456 0 7714 0
Current children cumulated CPU time: 12.51 s
Current children cumulated vsize: 55896 KiB
Current children cumulated memory: 46600 KiB

[startup+25.5003 s]
/proc/loadavg: 51.35 36.82 30.31 74/3035 18
/proc/meminfo: memFree=403160728/527542268 swapFree=33513212/33554428
[pid=16] ppid=13 vsize=17684 memory=12420 CPUtime=0.03 cores=36-49,148-161
/proc/16/stat : 16 (python3) S 13 16 0 0 -1 4194304 1893 0 96 0 2 1 0 0 20 0 1 0 53362642 18108416 3105 67087892480 4194304 7154137 140724266011312 0 0 0 0 16781312 2 1 0 0 17 48 0 0 8 0 0 9727432 11029816 33853440 140724266019661 140724266019757 140724266019757 140724266020839 0
/proc/16/statm: 4421 3105 1511 723 0 2063 0
[pid=18] ppid=16 vsize=123848 memory=113768 CPUtime=25.21 cores=36-49,148-161
/proc/18/stat : 18 (bn4rust) R 16 16 0 0 -1 4194304 88792 0 18 0 2498 23 0 0 20 0 1 0 53362655 126820352 28442 67087892480 94100741435392 94100743302513 140732695981648 0 0 0 0 4096 1088 0 0 0 17 48 0 0 1 0 0 94100743560576 94100743607512 94100759928832 140732695989008 140732695989142 140732695989142 140732695990241 0
/proc/18/statm: 30962 28442 1081 456 0 29123 0
Current children cumulated CPU time: 25.24 s
Current children cumulated vsize: 141532 KiB
Current children cumulated memory: 126188 KiB

[startup+51.1005 s]
/proc/loadavg: 49.29 37.85 30.87 30/3244 18
/proc/meminfo: memFree=410221580/527542268 swapFree=33513212/33554428
[pid=16] ppid=13 vsize=17684 memory=12420 CPUtime=0.03 cores=36-49,148-161
/proc/16/stat : 16 (python3) S 13 16 0 0 -1 4194304 1893 0 96 0 2 1 0 0 20 0 1 0 53362642 18108416 3105 67087892480 4194304 7154137 140724266011312 0 0 0 0 16781312 2 1 0 0 17 48 0 0 8 0 0 9727432 11029816 33853440 140724266019661 140724266019757 140724266019757 140724266020839 0
/proc/16/statm: 4421 3105 1511 723 0 2063 0
[pid=18] ppid=16 vsize=83580 memory=76076 CPUtime=50.69 cores=36-49,148-161
/proc/18/stat : 18 (bn4rust) R 16 16 0 0 -1 4194304 111718 0 18 0 5031 38 0 0 20 0 1 0 53362655 85585920 19019 67087892480 94100741435392 94100743302513 140732695981648 0 0 0 0 4096 1088 0 0 0 17 44 0 0 1 0 0 94100743560576 94100743607512 94100759928832 140732695989008 140732695989142 140732695989142 140732695990241 0
/proc/18/statm: 20895 19019 1081 456 0 19056 0
Current children cumulated CPU time: 50.72 s
Current children cumulated vsize: 101264 KiB
Current children cumulated memory: 88496 KiB

[startup+102.3 s]
/proc/loadavg: 35.27 35.89 30.57 19/2751 18
/proc/meminfo: memFree=438079860/527542268 swapFree=33513468/33554428
[pid=16] ppid=13 vsize=17684 memory=12420 CPUtime=0.03 cores=36-49,148-161
/proc/16/stat : 16 (python3) S 13 16 0 0 -1 4194304 1893 0 96 0 2 1 0 0 20 0 1 0 53362642 18108416 3105 67087892480 4194304 7154137 140724266011312 0 0 0 0 16781312 2 1 0 0 17 48 0 0 8 0 0 9727432 11029816 33853440 140724266019661 140724266019757 140724266019757 140724266020839 0
/proc/16/statm: 4421 3105 1511 723 0 2063 0
[pid=18] ppid=16 vsize=151936 memory=143140 CPUtime=101.73 cores=36-49,148-161
/proc/18/stat : 18 (bn4rust) R 16 16 0 0 -1 4194304 196257 0 18 0 10055 118 0 0 20 0 1 0 53362655 155582464 35785 67087892480 94100741435392 94100743302513 140732695981648 0 0 0 0 4096 1088 0 0 0 17 156 0 0 1 0 0 94100743560576 94100743607512 94100759928832 140732695989008 140732695989142 140732695989142 140732695990241 0
/proc/18/statm: 37984 35785 1081 456 0 36145 0
Current children cumulated CPU time: 101.76 s
Current children cumulated vsize: 169620 KiB
Current children cumulated memory: 155560 KiB

[startup+162.3 s]
/proc/loadavg: 24.34 32.63 29.78 19/2749 18
/proc/meminfo: memFree=442368432/527542268 swapFree=33513468/33554428
[pid=16] ppid=13 vsize=17684 memory=12420 CPUtime=0.03 cores=36-49,148-161
/proc/16/stat : 16 (python3) S 13 16 0 0 -1 4194304 1893 0 96 0 2 1 0 0 20 0 1 0 53362642 18108416 3105 67087892480 4194304 7154137 140724266011312 0 0 0 0 16781312 2 1 0 0 17 48 0 0 8 0 0 9727432 11029816 33853440 140724266019661 140724266019757 140724266019757 140724266020839 0
/proc/16/statm: 4421 3105 1511 723 0 2063 0
[pid=18] ppid=16 vsize=86508 memory=83044 CPUtime=161.56 cores=36-49,148-161
/proc/18/stat : 18 (bn4rust) R 16 16 0 0 -1 4194304 278712 0 18 0 15942 214 0 0 20 0 1 0 53362655 88584192 20761 67087892480 94100741435392 94100743302513 140732695981648 0 0 0 0 4096 1088 0 0 0 17 156 0 0 1 0 0 94100743560576 94100743607512 94100759928832 140732695989008 140732695989142 140732695989142 140732695990241 0
/proc/18/statm: 21627 20761 1081 456 0 19788 0
Current children cumulated CPU time: 161.59 s
Current children cumulated vsize: 104192 KiB
Current children cumulated memory: 95464 KiB

[startup+222.3 s]
/proc/loadavg: 19.69 29.79 28.98 18/2707 18
/proc/meminfo: memFree=442397488/527542268 swapFree=33513468/33554428
[pid=16] ppid=13 vsize=17684 memory=12420 CPUtime=0.03 cores=36-49,148-161
/proc/16/stat : 16 (python3) S 13 16 0 0 -1 4194304 1893 0 96 0 2 1 0 0 20 0 1 0 53362642 18108416 3105 67087892480 4194304 7154137 140724266011312 0 0 0 0 16781312 2 1 0 0 17 48 0 0 8 0 0 9727432 11029816 33853440 140724266019661 140724266019757 140724266019757 140724266020839 0
/proc/16/statm: 4421 3105 1511 723 0 2063 0
[pid=18] ppid=16 vsize=448904 memory=394248 CPUtime=221.32 cores=36-49,148-161
/proc/18/stat : 18 (bn4rust) R 16 16 0 0 -1 4194304 363309 0 18 0 21821 311 0 0 20 0 1 0 53362655 459677696 98562 67087892480 94100741435392 94100743302513 140732695981648 0 0 0 0 4096 1088 0 0 0 17 156 0 0 1 0 0 94100743560576 94100743607512 94100759928832 140732695989008 140732695989142 140732695989142 140732695990241 0
/proc/18/statm: 112226 98562 1081 456 0 110387 0
Current children cumulated CPU time: 221.35 s
Current children cumulated vsize: 466588 KiB
Current children cumulated memory: 406668 KiB

[startup+282.3 s]
/proc/loadavg: 17.99 27.46 28.23 18/2695 18
/proc/meminfo: memFree=442614656/527542268 swapFree=33513468/33554428
[pid=16] ppid=13 vsize=17684 memory=12420 CPUtime=0.03 cores=36-49,148-161
/proc/16/stat : 16 (python3) S 13 16 0 0 -1 4194304 1893 0 96 0 2 1 0 0 20 0 1 0 53362642 18108416 3105 67087892480 4194304 7154137 140724266011312 0 0 0 0 16781312 2 1 0 0 17 48 0 0 8 0 0 9727432 11029816 33853440 140724266019661 140724266019757 140724266019757 140724266020839 0
/proc/16/statm: 4421 3105 1511 723 0 2063 0
[pid=18] ppid=16 vsize=450952 memory=413424 CPUtime=281.07 cores=36-49,148-161
/proc/18/stat : 18 (bn4rust) R 16 16 0 0 -1 4194304 468621 0 18 0 27669 438 0 0 20 0 1 0 53362655 461774848 103356 67087892480 94100741435392 94100743302513 140732695981648 0 0 0 0 4096 1088 0 0 0 17 156 0 0 1 0 0 94100743560576 94100743607512 94100759928832 140732695989008 140732695989142 140732695989142 140732695990241 0
/proc/18/statm: 112738 103356 1081 456 0 110899 0
Current children cumulated CPU time: 281.1 s
Current children cumulated vsize: 468636 KiB
Current children cumulated memory: 425844 KiB

[startup+342.3 s]
/proc/loadavg: 17.36 25.55 27.52 19/2693 18
/proc/meminfo: memFree=442540272/527542268 swapFree=33513468/33554428
[pid=16] ppid=13 vsize=17684 memory=12420 CPUtime=0.03 cores=36-49,148-161
/proc/16/stat : 16 (python3) S 13 16 0 0 -1 4194304 1893 0 96 0 2 1 0 0 20 0 1 0 53362642 18108416 3105 67087892480 4194304 7154137 140724266011312 0 0 0 0 16781312 2 1 0 0 17 48 0 0 8 0 0 9727432 11029816 33853440 140724266019661 140724266019757 140724266019757 140724266020839 0
/proc/16/statm: 4421 3105 1511 723 0 2063 0
[pid=18] ppid=16 vsize=536968 memory=492464 CPUtime=340.83 cores=36-49,148-161
/proc/18/stat : 18 (bn4rust) R 16 16 0 0 -1 4194304 536188 0 18 0 33549 534 0 0 20 0 1 0 53362655 549855232 123116 67087892480 94100741435392 94100743302513 140732695981648 0 0 0 0 4096 1088 0 0 0 17 156 0 0 1 0 0 94100743560576 94100743607512 94100759928832 140732695989008 140732695989142 140732695989142 140732695990241 0
/proc/18/statm: 134242 123116 1081 456 0 132403 0
Current children cumulated CPU time: 340.86 s
Current children cumulated vsize: 554652 KiB
Current children cumulated memory: 504884 KiB

[startup+402.3 s]
/proc/loadavg: 17.13 23.99 26.86 18/2666 18
/proc/meminfo: memFree=442232968/527542268 swapFree=33513468/33554428
[pid=16] ppid=13 vsize=17684 memory=12420 CPUtime=0.03 cores=36-49,148-161
/proc/16/stat : 16 (python3) S 13 16 0 0 -1 4194304 1893 0 96 0 2 1 0 0 20 0 1 0 53362642 18108416 3105 67087892480 4194304 7154137 140724266011312 0 0 0 0 16781312 2 1 0 0 17 48 0 0 8 0 0 9727432 11029816 33853440 140724266019661 140724266019757 140724266019757 140724266020839 0
/proc/16/statm: 4421 3105 1511 723 0 2063 0
[pid=18] ppid=16 vsize=690436 memory=586748 CPUtime=400.58 cores=36-49,148-161
/proc/18/stat : 18 (bn4rust) R 16 16 0 0 -1 4194304 574495 0 18 0 39450 608 0 0 20 0 1 0 53362655 707006464 146687 67087892480 94100741435392 94100743302513 140732695981648 0 0 0 0 4096 1088 0 0 0 17 156 0 0 1 0 0 94100743560576 94100743607512 94100759928832 140732695989008 140732695989142 140732695989142 140732695990241 0
/proc/18/statm: 172609 146687 1081 456 0 170770 0
Current children cumulated CPU time: 400.61 s
Current children cumulated vsize: 708120 KiB
Current children cumulated memory: 599168 KiB

[startup+462.3 s]
/proc/loadavg: 17.05 22.72 26.24 18/2667 18
/proc/meminfo: memFree=441933228/527542268 swapFree=33513468/33554428
[pid=16] ppid=13 vsize=17684 memory=12420 CPUtime=0.03 cores=36-49,148-161
/proc/16/stat : 16 (python3) S 13 16 0 0 -1 4194304 1893 0 96 0 2 1 0 0 20 0 1 0 53362642 18108416 3105 67087892480 4194304 7154137 140724266011312 0 0 0 0 16781312 2 1 0 0 17 48 0 0 8 0 0 9727432 11029816 33853440 140724266019661 140724266019757 140724266019757 140724266020839 0
/proc/16/statm: 4421 3105 1511 723 0 2063 0
[pid=18] ppid=16 vsize=999624 memory=891408 CPUtime=460.33 cores=36-49,148-161
/proc/18/stat : 18 (bn4rust) R 16 16 0 0 -1 4194304 616430 0 18 0 45343 690 0 0 20 0 1 0 53362655 1023614976 222852 67087892480 94100741435392 94100743302513 140732695981648 0 0 0 0 4096 1088 0 0 0 17 156 0 0 1 0 0 94100743560576 94100743607512 94100759928832 140732695989008 140732695989142 140732695989142 140732695990241 0
/proc/18/statm: 249906 222852 1081 456 0 248067 0
Current children cumulated CPU time: 460.36 s
Current children cumulated vsize: 1017308 KiB
Current children cumulated memory: 903828 KiB

[startup+522.3 s]
/proc/loadavg: 18.31 21.99 25.76 21/2819 18
/proc/meminfo: memFree=450534672/527542268 swapFree=33513468/33554428
[pid=16] ppid=13 vsize=17684 memory=12420 CPUtime=0.03 cores=36-49,148-161
/proc/16/stat : 16 (python3) S 13 16 0 0 -1 4194304 1893 0 96 0 2 1 0 0 20 0 1 0 53362642 18108416 3105 67087892480 4194304 7154137 140724266011312 0 0 0 0 16781312 2 1 0 0 17 48 0 0 8 0 0 9727432 11029816 33853440 140724266019661 140724266019757 140724266019757 140724266020839 0
/proc/16/statm: 4421 3105 1511 723 0 2063 0
[pid=18] ppid=16 vsize=251012 memory=242176 CPUtime=520.08 cores=36-49,148-161
/proc/18/stat : 18 (bn4rust) R 16 16 0 0 -1 4194304 645626 0 18 0 51245 763 0 0 20 0 1 0 53362655 257036288 60544 67087892480 94100741435392 94100743302513 140732695981648 0 0 0 0 4096 1088 0 0 0 17 156 0 0 1 0 0 94100743560576 94100743607512 94100759928832 140732695989008 140732695989142 140732695989142 140732695990241 0
/proc/18/statm: 62753 60544 1081 456 0 60914 0
Current children cumulated CPU time: 520.11 s
Current children cumulated vsize: 268696 KiB
Current children cumulated memory: 254596 KiB

[startup+582.3 s]
/proc/loadavg: 20.44 21.90 25.49 31/2911 18
/proc/meminfo: memFree=468099064/527542268 swapFree=33513468/33554428
[pid=16] ppid=13 vsize=17684 memory=12420 CPUtime=0.03 cores=36-49,148-161
/proc/16/stat : 16 (python3) S 13 16 0 0 -1 4194304 1893 0 96 0 2 1 0 0 20 0 1 0 53362642 18108416 3105 67087892480 4194304 7154137 140724266011312 0 0 0 0 16781312 2 1 0 0 17 48 0 0 8 0 0 9727432 11029816 33853440 140724266019661 140724266019757 140724266019757 140724266020839 0
/proc/16/statm: 4421 3105 1511 723 0 2063 0
[pid=18] ppid=16 vsize=324412 memory=270008 CPUtime=579.83 cores=36-49,148-161
/proc/18/stat : 18 (bn4rust) R 16 16 0 0 -1 4194304 692160 0 18 0 57107 876 0 0 20 0 1 0 53362655 332197888 67502 67087892480 94100741435392 94100743302513 140732695981648 0 0 0 0 4096 1088 0 0 0 17 156 0 0 1 0 0 94100743560576 94100743607512 94100759928832 140732695989008 140732695989142 140732695989142 140732695990241 0
/proc/18/statm: 81103 67502 1081 456 0 79264 0
Current children cumulated CPU time: 579.86 s
Current children cumulated vsize: 342096 KiB
Current children cumulated memory: 282428 KiB

[startup+642.3 s]
/proc/loadavg: 22.25 22.21 25.37 23/2882 18
/proc/meminfo: memFree=463356248/527542268 swapFree=33513468/33554428
[pid=16] ppid=13 vsize=17684 memory=12420 CPUtime=0.03 cores=36-49,148-161
/proc/16/stat : 16 (python3) S 13 16 0 0 -1 4194304 1893 0 96 0 2 1 0 0 20 0 1 0 53362642 18108416 3105 67087892480 4194304 7154137 140724266011312 0 0 0 0 16781312 2 1 0 0 17 48 0 0 8 0 0 9727432 11029816 33853440 140724266019661 140724266019757 140724266019757 140724266020839 0
/proc/16/statm: 4421 3105 1511 723 0 2063 0
[pid=18] ppid=16 vsize=975024 memory=869916 CPUtime=639.55 cores=36-49,148-161
/proc/18/stat : 18 (bn4rust) R 16 16 0 0 -1 4194304 722577 0 18 0 63004 951 0 0 20 0 1 0 53362655 998424576 217479 67087892480 94100741435392 94100743302513 140732695981648 0 0 0 0 4096 1088 0 0 0 17 156 0 0 1 0 0 94100743560576 94100743607512 94100759928832 140732695989008 140732695989142 140732695989142 140732695990241 0
/proc/18/statm: 243756 217479 1081 456 0 241917 0
Current children cumulated CPU time: 639.58 s
Current children cumulated vsize: 992708 KiB
Current children cumulated memory: 882336 KiB

[startup+702.3 s]
/proc/loadavg: 22.58 22.31 25.21 24/2908 18
/proc/meminfo: memFree=461182728/527542268 swapFree=33513468/33554428
[pid=16] ppid=13 vsize=17684 memory=12420 CPUtime=0.03 cores=36-49,148-161
/proc/16/stat : 16 (python3) S 13 16 0 0 -1 4194304 1893 0 96 0 2 1 0 0 20 0 1 0 53362642 18108416 3105 67087892480 4194304 7154137 140724266011312 0 0 0 0 16781312 2 1 0 0 17 48 0 0 8 0 0 9727432 11029816 33853440 140724266019661 140724266019757 140724266019757 140724266020839 0
/proc/16/statm: 4421 3105 1511 723 0 2063 0
[pid=18] ppid=16 vsize=239352 memory=236084 CPUtime=699.31 cores=36-49,148-161
/proc/18/stat : 18 (bn4rust) R 16 16 0 0 -1 4194304 758716 0 18 0 68907 1024 0 0 20 0 1 0 53362655 245096448 59021 67087892480 94100741435392 94100743302513 140732695981648 0 0 0 0 4096 1088 0 0 0 17 156 0 0 1 0 0 94100743560576 94100743607512 94100759928832 140732695989008 140732695989142 140732695989142 140732695990241 0
/proc/18/statm: 59838 59021 1081 456 0 57999 0
Current children cumulated CPU time: 699.34 s
Current children cumulated vsize: 257036 KiB
Current children cumulated memory: 248504 KiB

[startup+762.3 s]
/proc/loadavg: 22.24 22.26 25.01 23/2888 18
/proc/meminfo: memFree=460466796/527542268 swapFree=33513468/33554428
[pid=16] ppid=13 vsize=17684 memory=12420 CPUtime=0.03 cores=36-49,148-161
/proc/16/stat : 16 (python3) S 13 16 0 0 -1 4194304 1893 0 96 0 2 1 0 0 20 0 1 0 53362642 18108416 3105 67087892480 4194304 7154137 140724266011312 0 0 0 0 16781312 2 1 0 0 17 48 0 0 8 0 0 9727432 11029816 33853440 140724266019661 140724266019757 140724266019757 140724266020839 0
/proc/16/statm: 4421 3105 1511 723 0 2063 0
[pid=18] ppid=16 vsize=292332 memory=277288 CPUtime=759.07 cores=36-49,148-161
/proc/18/stat : 18 (bn4rust) R 16 16 0 0 -1 4194304 798692 0 18 0 74764 1143 0 0 20 0 1 0 53362655 299347968 69322 67087892480 94100741435392 94100743302513 140732695981648 0 0 0 0 4096 1088 0 0 0 17 156 0 0 1 0 0 94100743560576 94100743607512 94100759928832 140732695989008 140732695989142 140732695989142 140732695990241 0
/proc/18/statm: 73083 69322 1081 456 0 71244 0
Current children cumulated CPU time: 759.1 s
Current children cumulated vsize: 310016 KiB
Current children cumulated memory: 289708 KiB

[startup+822.3 s]
/proc/loadavg: 21.75 22.13 24.79 22/2841 18
/proc/meminfo: memFree=458234612/527542268 swapFree=33513468/33554428
[pid=16] ppid=13 vsize=17684 memory=12420 CPUtime=0.03 cores=36-49,148-161
/proc/16/stat : 16 (python3) S 13 16 0 0 -1 4194304 1893 0 96 0 2 1 0 0 20 0 1 0 53362642 18108416 3105 67087892480 4194304 7154137 140724266011312 0 0 0 0 16781312 2 1 0 0 17 48 0 0 8 0 0 9727432 11029816 33853440 140724266019661 140724266019757 140724266019757 140724266020839 0
/proc/16/statm: 4421 3105 1511 723 0 2063 0
[pid=18] ppid=16 vsize=1150456 memory=974108 CPUtime=818.83 cores=36-49,148-161
/proc/18/stat : 18 (bn4rust) R 16 16 0 0 -1 4194304 832200 0 18 0 80671 1212 0 0 20 0 1 0 53362655 1178066944 243527 67087892480 94100741435392 94100743302513 140732695981648 0 0 0 0 4096 1088 0 0 0 17 156 0 0 1 0 0 94100743560576 94100743607512 94100759928832 140732695989008 140732695989142 140732695989142 140732695990241 0
/proc/18/statm: 287614 243527 1081 456 0 285775 0
Current children cumulated CPU time: 818.86 s
Current children cumulated vsize: 1168140 KiB
Current children cumulated memory: 986528 KiB

[startup+882.3 s]
/proc/loadavg: 21.27 21.92 24.55 22/2819 18
/proc/meminfo: memFree=460372460/527542268 swapFree=33513468/33554428
[pid=16] ppid=13 vsize=17684 memory=12420 CPUtime=0.03 cores=36-49,148-161
/proc/16/stat : 16 (python3) S 13 16 0 0 -1 4194304 1893 0 96 0 2 1 0 0 20 0 1 0 53362642 18108416 3105 67087892480 4194304 7154137 140724266011312 0 0 0 0 16781312 2 1 0 0 17 48 0 0 8 0 0 9727432 11029816 33853440 140724266019661 140724266019757 140724266019757 140724266020839 0
/proc/16/statm: 4421 3105 1511 723 0 2063 0
[pid=18] ppid=16 vsize=290280 memory=285184 CPUtime=878.59 cores=36-49,148-161
/proc/18/stat : 18 (bn4rust) R 16 16 0 0 -1 4194304 859342 0 18 0 86573 1286 0 0 20 0 1 0 53362655 297246720 71296 67087892480 94100741435392 94100743302513 140732695981648 0 0 0 0 4096 1088 0 0 0 17 156 0 0 1 0 0 94100743560576 94100743607512 94100759928832 140732695989008 140732695989142 140732695989142 140732695990241 0
/proc/18/statm: 72570 71296 1081 456 0 70731 0
Current children cumulated CPU time: 878.62 s
Current children cumulated vsize: 307964 KiB
Current children cumulated memory: 297604 KiB

[startup+942.3 s]
/proc/loadavg: 21.10 21.75 24.32 22/2815 18
/proc/meminfo: memFree=459352820/527542268 swapFree=33513468/33554428
[pid=16] ppid=13 vsize=17684 memory=12420 CPUtime=0.03 cores=36-49,148-161
/proc/16/stat : 16 (python3) S 13 16 0 0 -1 4194304 1893 0 96 0 2 1 0 0 20 0 1 0 53362642 18108416 3105 67087892480 4194304 7154137 140724266011312 0 0 0 0 16781312 2 1 0 0 17 48 0 0 8 0 0 9727432 11029816 33853440 140724266019661 140724266019757 140724266019757 140724266020839 0
/proc/16/statm: 4421 3105 1511 723 0 2063 0
[pid=18] ppid=16 vsize=960064 memory=752104 CPUtime=938.34 cores=36-49,148-161
/proc/18/stat : 18 (bn4rust) R 16 16 0 0 -1 4194304 911692 0 18 0 92442 1392 0 0 20 0 1 0 53362655 983105536 188026 67087892480 94100741435392 94100743302513 140732695981648 0 0 0 0 4096 1088 0 0 0 17 156 0 0 1 0 0 94100743560576 94100743607512 94100759928832 140732695989008 140732695989142 140732695989142 140732695990241 0
/proc/18/statm: 240016 188026 1081 456 0 238177 0
Current children cumulated CPU time: 938.37 s
Current children cumulated vsize: 977748 KiB
Current children cumulated memory: 764524 KiB

[startup+1002.3 s]
/proc/loadavg: 21.09 21.63 24.12 22/2814 18
/proc/meminfo: memFree=459781044/527542268 swapFree=33513468/33554428
[pid=16] ppid=13 vsize=17684 memory=12420 CPUtime=0.03 cores=36-49,148-161
/proc/16/stat : 16 (python3) S 13 16 0 0 -1 4194304 1893 0 96 0 2 1 0 0 20 0 1 0 53362642 18108416 3105 67087892480 4194304 7154137 140724266011312 0 0 0 0 16781312 2 1 0 0 17 48 0 0 8 0 0 9727432 11029816 33853440 140724266019661 140724266019757 140724266019757 140724266020839 0
/proc/16/statm: 4421 3105 1511 723 0 2063 0
[pid=18] ppid=16 vsize=276860 memory=262544 CPUtime=998.1 cores=36-49,148-161
/proc/18/stat : 18 (bn4rust) R 16 16 0 0 -1 4194304 1015139 0 18 0 98274 1536 0 0 20 0 1 0 53362655 283504640 65636 67087892480 94100741435392 94100743302513 140732695981648 0 0 0 0 4096 1088 0 0 0 17 156 0 0 1 0 0 94100743560576 94100743607512 94100759928832 140732695989008 140732695989142 140732695989142 140732695990241 0
/proc/18/statm: 69215 65636 1081 456 0 67376 0
Current children cumulated CPU time: 998.13 s
Current children cumulated vsize: 294544 KiB
Current children cumulated memory: 274964 KiB

[startup+1062.3 s]
/proc/loadavg: 21.11 21.53 23.93 23/2816 18
/proc/meminfo: memFree=457228244/527542268 swapFree=33513468/33554428
[pid=16] ppid=13 vsize=17684 memory=12420 CPUtime=0.03 cores=36-49,148-161
/proc/16/stat : 16 (python3) S 13 16 0 0 -1 4194304 1893 0 96 0 2 1 0 0 20 0 1 0 53362642 18108416 3105 67087892480 4194304 7154137 140724266011312 0 0 0 0 16781312 2 1 0 0 17 48 0 0 8 0 0 9727432 11029816 33853440 140724266019661 140724266019757 140724266019757 140724266020839 0
/proc/16/statm: 4421 3105 1511 723 0 2063 0
[pid=18] ppid=16 vsize=589512 memory=488376 CPUtime=1057.87 cores=36-49,148-161
/proc/18/stat : 18 (bn4rust) R 16 16 0 0 -1 4194304 1046945 0 18 0 104152 1635 0 0 20 0 1 0 53362655 603660288 122094 67087892480 94100741435392 94100743302513 140732695981648 0 0 0 0 4096 1088 0 0 0 17 156 0 0 1 0 0 94100743560576 94100743607512 94100759928832 140732695989008 140732695989142 140732695989142 140732695990241 0
/proc/18/statm: 147378 122094 1081 456 0 145539 0
Current children cumulated CPU time: 1057.9 s
Current children cumulated vsize: 607196 KiB
Current children cumulated memory: 500796 KiB

[startup+1122.3 s]
/proc/loadavg: 21.04 21.43 23.74 22/2810 18
/proc/meminfo: memFree=447969120/527542268 swapFree=33513468/33554428
[pid=16] ppid=13 vsize=17684 memory=12420 CPUtime=0.03 cores=36-49,148-161
/proc/16/stat : 16 (python3) S 13 16 0 0 -1 4194304 1893 0 96 0 2 1 0 0 20 0 1 0 53362642 18108416 3105 67087892480 4194304 7154137 140724266011312 0 0 0 0 16781312 2 1 0 0 17 48 0 0 8 0 0 9727432 11029816 33853440 140724266019661 140724266019757 140724266019757 140724266020839 0
/proc/16/statm: 4421 3105 1511 723 0 2063 0
[pid=18] ppid=16 vsize=504924 memory=432880 CPUtime=1117.62 cores=36-49,148-161
/proc/18/stat : 18 (bn4rust) R 16 16 0 0 -1 4194304 1081143 0 18 0 110076 1686 0 0 20 0 1 0 53362655 517042176 108220 67087892480 94100741435392 94100743302513 140732695981648 0 0 0 0 4096 1088 0 0 0 17 156 0 0 1 0 0 94100743560576 94100743607512 94100759928832 140732695989008 140732695989142 140732695989142 140732695990241 0
/proc/18/statm: 126231 108220 1081 456 0 124392 0
Current children cumulated CPU time: 1117.65 s
Current children cumulated vsize: 522608 KiB
Current children cumulated memory: 445300 KiB

[startup+1182.3 s]
/proc/loadavg: 21.01 21.35 23.57 22/2798 18
/proc/meminfo: memFree=445763844/527542268 swapFree=33513468/33554428
[pid=16] ppid=13 vsize=17684 memory=12420 CPUtime=0.03 cores=36-49,148-161
/proc/16/stat : 16 (python3) S 13 16 0 0 -1 4194304 1893 0 96 0 2 1 0 0 20 0 1 0 53362642 18108416 3105 67087892480 4194304 7154137 140724266011312 0 0 0 0 16781312 2 1 0 0 17 48 0 0 8 0 0 9727432 11029816 33853440 140724266019661 140724266019757 140724266019757 140724266020839 0
/proc/16/statm: 4421 3105 1511 723 0 2063 0
[pid=18] ppid=16 vsize=485776 memory=432800 CPUtime=1177.35 cores=36-49,148-161
/proc/18/stat : 18 (bn4rust) R 16 16 0 0 -1 4194304 1137928 0 18 0 115910 1825 0 0 20 0 1 0 53362655 497434624 108200 67087892480 94100741435392 94100743302513 140732695981648 0 0 0 0 4096 1088 0 0 0 17 156 0 0 1 0 0 94100743560576 94100743607512 94100759928832 140732695989008 140732695989142 140732695989142 140732695990241 0
/proc/18/statm: 121444 108200 1081 456 0 119605 0
Current children cumulated CPU time: 1177.38 s
Current children cumulated vsize: 503460 KiB
Current children cumulated memory: 445220 KiB

[startup+1242.3 s]
/proc/loadavg: 21.05 21.30 23.41 22/2795 18
/proc/meminfo: memFree=447680904/527542268 swapFree=33513468/33554428
[pid=16] ppid=13 vsize=17684 memory=12420 CPUtime=0.03 cores=36-49,148-161
/proc/16/stat : 16 (python3) S 13 16 0 0 -1 4194304 1893 0 96 0 2 1 0 0 20 0 1 0 53362642 18108416 3105 67087892480 4194304 7154137 140724266011312 0 0 0 0 16781312 2 1 0 0 17 48 0 0 8 0 0 9727432 11029816 33853440 140724266019661 140724266019757 140724266019757 140724266020839 0
/proc/16/statm: 4421 3105 1511 723 0 2063 0
[pid=18] ppid=16 vsize=461196 memory=352388 CPUtime=1237.07 cores=36-49,148-161
/proc/18/stat : 18 (bn4rust) R 16 16 0 0 -1 4194304 1290447 0 18 0 121692 2015 0 0 20 0 1 0 53362655 472264704 88097 67087892480 94100741435392 94100743302513 140732695981648 0 0 0 0 4096 1088 0 0 0 17 156 0 0 1 0 0 94100743560576 94100743607512 94100759928832 140732695989008 140732695989142 140732695989142 140732695990241 0
/proc/18/statm: 115299 88097 1081 456 0 113460 0
Current children cumulated CPU time: 1237.1 s
Current children cumulated vsize: 478880 KiB
Current children cumulated memory: 364808 KiB

[startup+1302.3 s]
/proc/loadavg: 21.02 21.24 23.25 22/2793 18
/proc/meminfo: memFree=445350968/527542268 swapFree=33513468/33554428
[pid=16] ppid=13 vsize=17684 memory=12420 CPUtime=0.03 cores=36-49,148-161
/proc/16/stat : 16 (python3) S 13 16 0 0 -1 4194304 1893 0 96 0 2 1 0 0 20 0 1 0 53362642 18108416 3105 67087892480 4194304 7154137 140724266011312 0 0 0 0 16781312 2 1 0 0 17 48 0 0 8 0 0 9727432 11029816 33853440 140724266019661 140724266019757 140724266019757 140724266020839 0
/proc/16/statm: 4421 3105 1511 723 0 2063 0
[pid=18] ppid=16 vsize=313740 memory=276580 CPUtime=1296.79 cores=36-49,148-161
/proc/18/stat : 18 (bn4rust) R 16 16 0 0 -1 4194304 1354913 0 18 0 127519 2160 0 0 20 0 1 0 53362655 321269760 69145 67087892480 94100741435392 94100743302513 140732695981648 0 0 0 0 4096 1088 0 0 0 17 156 0 0 1 0 0 94100743560576 94100743607512 94100759928832 140732695989008 140732695989142 140732695989142 140732695990241 0
/proc/18/statm: 78435 69145 1081 456 0 76596 0
Current children cumulated CPU time: 1296.82 s
Current children cumulated vsize: 331424 KiB
Current children cumulated memory: 289000 KiB

[startup+1362.3 s]
/proc/loadavg: 21.00 21.19 23.11 22/2794 18
/proc/meminfo: memFree=445945416/527542268 swapFree=33513468/33554428
[pid=16] ppid=13 vsize=17684 memory=12420 CPUtime=0.03 cores=36-49,148-161
/proc/16/stat : 16 (python3) S 13 16 0 0 -1 4194304 1893 0 96 0 2 1 0 0 20 0 1 0 53362642 18108416 3105 67087892480 4194304 7154137 140724266011312 0 0 0 0 16781312 2 1 0 0 17 48 0 0 8 0 0 9727432 11029816 33853440 140724266019661 140724266019757 140724266019757 140724266020839 0
/proc/16/statm: 4421 3105 1511 723 0 2063 0
[pid=18] ppid=16 vsize=1576232 memory=951020 CPUtime=1356.51 cores=36-49,148-161
/proc/18/stat : 18 (bn4rust) R 16 16 0 0 -1 4194304 1500938 0 18 0 133306 2345 0 0 20 0 1 0 53362655 1614061568 237755 67087892480 94100741435392 94100743302513 140732695981648 0 0 0 0 4096 1088 0 0 0 17 156 0 0 1 0 0 94100743560576 94100743607512 94100759928832 140732695989008 140732695989142 140732695989142 140732695990241 0
/proc/18/statm: 394058 237755 1081 456 0 392219 0
Current children cumulated CPU time: 1356.54 s
Current children cumulated vsize: 1593916 KiB
Current children cumulated memory: 963440 KiB

[startup+1422.3 s]
/proc/loadavg: 21.00 21.16 22.98 22/2791 18
/proc/meminfo: memFree=456658708/527542268 swapFree=33513468/33554428
[pid=16] ppid=13 vsize=17684 memory=12420 CPUtime=0.03 cores=36-49,148-161
/proc/16/stat : 16 (python3) S 13 16 0 0 -1 4194304 1893 0 96 0 2 1 0 0 20 0 1 0 53362642 18108416 3105 67087892480 4194304 7154137 140724266011312 0 0 0 0 16781312 2 1 0 0 17 48 0 0 8 0 0 9727432 11029816 33853440 140724266019661 140724266019757 140724266019757 140724266020839 0
/proc/16/statm: 4421 3105 1511 723 0 2063 0
[pid=18] ppid=16 vsize=313740 memory=270428 CPUtime=1416.24 cores=36-49,148-161
/proc/18/stat : 18 (bn4rust) R 16 16 0 0 -1 4194304 1569582 0 18 0 139126 2498 0 0 20 0 1 0 53362655 321269760 67607 67087892480 94100741435392 94100743302513 140732695981648 0 0 0 0 4096 1088 0 0 0 17 156 0 0 1 0 0 94100743560576 94100743607512 94100759928832 140732695989008 140732695989142 140732695989142 140732695990241 0
/proc/18/statm: 78435 67607 1081 456 0 76596 0
Current children cumulated CPU time: 1416.27 s
Current children cumulated vsize: 331424 KiB
Current children cumulated memory: 282848 KiB

[startup+1482.3 s]
/proc/loadavg: 21.00 21.13 22.85 22/2791 18
/proc/meminfo: memFree=448227976/527542268 swapFree=33513468/33554428
[pid=16] ppid=13 vsize=17684 memory=12420 CPUtime=0.03 cores=36-49,148-161
/proc/16/stat : 16 (python3) S 13 16 0 0 -1 4194304 1893 0 96 0 2 1 0 0 20 0 1 0 53362642 18108416 3105 67087892480 4194304 7154137 140724266011312 0 0 0 0 16781312 2 1 0 0 17 48 0 0 8 0 0 9727432 11029816 33853440 140724266019661 140724266019757 140724266019757 140724266020839 0
/proc/16/statm: 4421 3105 1511 723 0 2063 0
[pid=18] ppid=16 vsize=1060768 memory=822484 CPUtime=1475.96 cores=36-49,148-161
/proc/18/stat : 18 (bn4rust) R 16 16 0 0 -1 4194304 1710405 0 18 0 144912 2684 0 0 20 0 1 0 53362655 1086226432 205621 67087892480 94100741435392 94100743302513 140732695981648 0 0 0 0 4096 1088 0 0 0 17 156 0 0 1 0 0 94100743560576 94100743607512 94100759928832 140732695989008 140732695989142 140732695989142 140732695990241 0
/proc/18/statm: 265192 205621 1081 456 0 263353 0
Current children cumulated CPU time: 1475.99 s
Current children cumulated vsize: 1078452 KiB
Current children cumulated memory: 834904 KiB

[startup+1542.3 s]
/proc/loadavg: 20.06 20.88 22.66 22/2789 18
/proc/meminfo: memFree=446612120/527542268 swapFree=33513468/33554428
[pid=16] ppid=13 vsize=17684 memory=12420 CPUtime=0.03 cores=36-49,148-161
/proc/16/stat : 16 (python3) S 13 16 0 0 -1 4194304 1893 0 96 0 2 1 0 0 20 0 1 0 53362642 18108416 3105 67087892480 4194304 7154137 140724266011312 0 0 0 0 16781312 2 1 0 0 17 48 0 0 8 0 0 9727432 11029816 33853440 140724266019661 140724266019757 140724266019757 140724266020839 0
/proc/16/statm: 4421 3105 1511 723 0 2063 0
[pid=18] ppid=16 vsize=333468 memory=288132 CPUtime=1535.69 cores=36-49,148-161
/proc/18/stat : 18 (bn4rust) R 16 16 0 0 -1 4194304 1782225 0 18 0 150735 2834 0 0 20 0 1 0 53362655 341471232 72033 67087892480 94100741435392 94100743302513 140732695981648 0 0 0 0 4096 1088 0 0 0 17 156 0 0 1 0 0 94100743560576 94100743607512 94100759928832 140732695989008 140732695989142 140732695989142 140732695990241 0
/proc/18/statm: 83367 72033 1081 456 0 81528 0
Current children cumulated CPU time: 1535.72 s
Current children cumulated vsize: 351152 KiB
Current children cumulated memory: 300552 KiB

[startup+1602.3 s]
/proc/loadavg: 20.35 20.83 22.53 21/2755 18
/proc/meminfo: memFree=447680628/527542268 swapFree=33513468/33554428
[pid=16] ppid=13 vsize=17684 memory=12420 CPUtime=0.03 cores=36-49,148-161
/proc/16/stat : 16 (python3) S 13 16 0 0 -1 4194304 1894 0 96 0 2 1 0 0 20 0 1 0 53362642 18108416 3105 67087892480 4194304 7154137 140724266011312 0 0 0 0 16781312 2 1 0 0 17 48 0 0 8 0 0 9727432 11029816 33853440 140724266019661 140724266019757 140724266019757 140724266020839 0
/proc/16/statm: 4421 3105 1511 723 0 2063 0
[pid=18] ppid=16 vsize=1011992 memory=789108 CPUtime=1595.45 cores=36-49,148-161
/proc/18/stat : 18 (bn4rust) R 16 16 0 0 -1 4194304 1919064 0 18 0 156530 3015 0 0 20 0 1 0 53362655 1036279808 197277 67087892480 94100741435392 94100743302513 140732695981648 0 0 0 0 4096 1088 0 0 0 17 156 0 0 1 0 0 94100743560576 94100743607512 94100759928832 140732695989008 140732695989142 140732695989142 140732695990241 0
/proc/18/statm: 252998 197277 1081 456 0 251159 0
Current children cumulated CPU time: 1595.48 s
Current children cumulated vsize: 1029676 KiB
Current children cumulated memory: 801528 KiB

[startup+1662.3 s]
/proc/loadavg: 20.13 20.68 22.37 21/2757 18
/proc/meminfo: memFree=445278308/527542268 swapFree=33513468/33554428
[pid=16] ppid=13 vsize=17684 memory=12420 CPUtime=0.03 cores=36-49,148-161
/proc/16/stat : 16 (python3) S 13 16 0 0 -1 4194304 1894 0 96 0 2 1 0 0 20 0 1 0 53362642 18108416 3105 67087892480 4194304 7154137 140724266011312 0 0 0 0 16781312 2 1 0 0 17 48 0 0 8 0 0 9727432 11029816 33853440 140724266019661 140724266019757 140724266019757 140724266020839 0
/proc/16/statm: 4421 3105 1511 723 0 2063 0
[pid=18] ppid=16 vsize=333468 memory=288172 CPUtime=1655.22 cores=36-49,148-161
/proc/18/stat : 18 (bn4rust) R 16 16 0 0 -1 4194304 1997150 0 18 0 162358 3164 0 0 20 0 1 0 53362655 341471232 72043 67087892480 94100741435392 94100743302513 140732695981648 0 0 0 0 4096 1088 0 0 0 17 156 0 0 1 0 0 94100743560576 94100743607512 94100759928832 140732695989008 140732695989142 140732695989142 140732695990241 0
/proc/18/statm: 83367 72043 1081 456 0 81528 0
Current children cumulated CPU time: 1655.25 s
Current children cumulated vsize: 351152 KiB
Current children cumulated memory: 300592 KiB

[startup+1722.3 s]
/proc/loadavg: 20.04 20.55 22.22 21/2751 18
/proc/meminfo: memFree=446051208/527542268 swapFree=33513468/33554428
[pid=16] ppid=13 vsize=17684 memory=12420 CPUtime=0.03 cores=36-49,148-161
/proc/16/stat : 16 (python3) S 13 16 0 0 -1 4194304 1894 0 96 0 2 1 0 0 20 0 1 0 53362642 18108416 3105 67087892480 4194304 7154137 140724266011312 0 0 0 0 16781312 2 1 0 0 17 48 0 0 8 0 0 9727432 11029816 33853440 140724266019661 140724266019757 140724266019757 140724266020839 0
/proc/16/statm: 4421 3105 1511 723 0 2063 0
[pid=18] ppid=16 vsize=1059232 memory=847060 CPUtime=1714.99 cores=36-49,148-161
/proc/18/stat : 18 (bn4rust) R 16 16 0 0 -1 4194304 2127650 0 18 0 168155 3344 0 0 20 0 1 0 53362655 1084653568 211765 67087892480 94100741435392 94100743302513 140732695981648 0 0 0 0 4096 1088 0 0 0 17 156 0 0 1 0 0 94100743560576 94100743607512 94100759928832 140732695989008 140732695989142 140732695989142 140732695990241 0
/proc/18/statm: 264808 211765 1081 456 0 262969 0
Current children cumulated CPU time: 1715.02 s
Current children cumulated vsize: 1076916 KiB
Current children cumulated memory: 859480 KiB

[startup+1782.3 s]
/proc/loadavg: 20.01 20.45 22.07 21/2751 18
/proc/meminfo: memFree=445132612/527542268 swapFree=33513468/33554428
[pid=16] ppid=13 vsize=17684 memory=12420 CPUtime=0.03 cores=36-49,148-161
/proc/16/stat : 16 (python3) S 13 16 0 0 -1 4194304 1894 0 96 0 2 1 0 0 20 0 1 0 53362642 18108416 3105 67087892480 4194304 7154137 140724266011312 0 0 0 0 16781312 2 1 0 0 17 48 0 0 8 0 0 9727432 11029816 33853440 140724266019661 140724266019757 140724266019757 140724266020839 0
/proc/16/statm: 4421 3105 1511 723 0 2063 0
[pid=18] ppid=16 vsize=333348 memory=287996 CPUtime=1774.76 cores=36-49,148-161
/proc/18/stat : 18 (bn4rust) R 16 16 0 0 -1 4194304 2213421 0 18 0 173976 3500 0 0 20 0 1 0 53362655 341348352 71999 67087892480 94100741435392 94100743302513 140732695981648 0 0 0 0 4096 1088 0 0 0 17 156 0 0 1 0 0 94100743560576 94100743607512 94100759928832 140732695989008 140732695989142 140732695989142 140732695990241 0
/proc/18/statm: 83337 71999 1081 456 0 81498 0
Current children cumulated CPU time: 1774.79 s
Current children cumulated vsize: 351032 KiB
Current children cumulated memory: 300416 KiB



Maximum wall clock time exceeded: sending SIGTERM then SIGKILL

[startup+1800 s]*
/proc/loadavg: 20.01 20.43 22.04 21/2751 18
/proc/meminfo: memFree=443909484/527542268 swapFree=33513468/33554428
[pid=16] ppid=13 vsize=17684 memory=12420 CPUtime=0.03 cores=36-49,148-161
/proc/16/stat : 16 (python3) S 13 16 0 0 -1 4194304 1894 0 96 0 2 1 0 0 20 0 1 0 53362642 18108416 3105 67087892480 4194304 7154137 140724266011312 0 0 0 0 16781312 2 1 0 0 17 48 0 0 8 0 0 9727432 11029816 33853440 140724266019661 140724266019757 140724266019757 140724266020839 0
/proc/16/statm: 4421 3105 1511 723 0 2063 0
[pid=18] ppid=16 vsize=333348 memory=285944 CPUtime=1792.39 cores=36-49,148-161
/proc/18/stat : 18 (bn4rust) R 16 16 0 0 -1 4194304 2255963 0 18 0 175683 3556 0 0 20 0 1 0 53362655 341348352 71486 67087892480 94100741435392 94100743302513 140732695981648 0 0 0 0 4096 1088 0 0 0 17 156 0 0 1 0 0 94100743560576 94100743607512 94100759928832 140732695989008 140732695989142 140732695989142 140732695990241 0
/proc/18/statm: 83337 71486 1081 456 0 81498 0
Current children cumulated CPU time: 1792.42 s
Current children cumulated vsize: 351032 KiB
Current children cumulated memory: 298364 KiB

Sending SIGTERM to process tree (bottom up)
Sleeping 2 seconds

[startup+1800.01 s]
# the end of solver process 16 was just reported to runsolver
# cumulated CPU time of all completed processes:  user=1756.87 s, system=35.5918 s

Solver just ended.
??? end of watcher thread
Dumping a history of the last processes samples

Child ended because it received signal 15 (SIGTERM)
Real time (s): 1800.01
CPU time (s): 1792.46
CPU user time (s): 1756.87
CPU system time (s): 35.5918
CPU usage (%): 99.5806
Max. virtual memory (cumulated for all children) (KiB): 1605284
Max. memory (cumulated for all children) (KiB): 1381524

getrusage(RUSAGE_CHILDREN,...) data:
user time used= 1756.87
system time used= 35.5918
maximum resident set size= 1396624
integral shared memory size= 0
integral unshared data size= 0
integral unshared stack size= 0
page reclaims= 2257858
page faults= 114
swaps= 0
block input operations= 19520
block output operations= 8
messages sent= 0
messages received= 0
signals received= 0
voluntary context switches= 1002
involuntary context switches= 2591


# summary of solver processes directly reported to runsolver:
#   pid: 16
#   total CPU time (s): 1792.46
#   total CPU user time (s): 1756.87
#   total CPU system time (s): 35.5918

??? join timestamper begins
??? join timestamper ends
??? end of timestamper thread
runsolver used 0.436659 second user time and 3.47273 second system time

The end
