# WCTIME: wall clock time in seconds
WCTIME=0.240826
# CPUTIME: CPU time in seconds (USERTIME+SYSTEMTIME)
CPUTIME=0.129722
# USERTIME: CPU time spent in user mode in seconds
USERTIME=0.119437
# SYSTEMTIME: CPU time spent in system mode in seconds
SYSTEMTIME=0.010285
# CPUUSAGE: CPUTIME/WCTIME in percent
CPUUSAGE=53.8654
# MAXVM: maximum virtual memory used in KiB
MAXVM=25764
# MAXMM: maximum memory used in KiB
MAXMM=17320
# MAXRSS: maximum Resident Segment Size in KiB
MAXRSS=12616
# TIMEOUT: did the solver exceed the time limit?
TIMEOUT=false
# MEMOUT: did the solver exceed the memory limit?
MEMOUT=false
# EXITSTATUS: Exit status of the solver
EXITSTATUS=0
