runsolver version 3.4.1 (svn: 3018) Copyright (C) 2010-2013 Olivier ROUSSEL

This program is distributed in the hope that it will be useful,
but WITHOUT ANY WARRANTY; without even the implied warranty of
MERCHANTABILITY or FITNESS FOR A PARTICULAR PURPOSE.  See the
GNU General Public License for more details.

NUMA information:
  number of nodes: 8
  memory of node 0: 63700 MiB (45390 MiB free)
  memory of node 1: 64461 MiB (63450 MiB free)
  memory of node 2: 64504 MiB (63838 MiB free)
  memory of node 3: 64504 MiB (63843 MiB free)
  memory of node 4: 64504 MiB (63384 MiB free)
  memory of node 5: 64504 MiB (54720 MiB free)
  memory of node 6: 64504 MiB (59414 MiB free)
  memory of node 7: 64491 MiB (56269 MiB free)
  node distances:
     10  12  12  12  21  21  21  21
     12  10  12  12  21  21  21  21
     12  12  10  12  21  21  21  21
     12  12  12  10  21  21  21  21
     21  21  21  21  10  12  12  12
     21  21  21  21  12  10  12  12
     21  21  21  21  12  12  10  12
     21  21  21  21  12  12  12  10

command line: /usr/local/bin/runsolver --timestamp -w /output/runsolver-watch.log -v /output/runsolver-values.log -o /output/solver-output.log -C 1800.0 -W 1800.0 -R 64000 /opt/solver/run_bn4rust.py --mode cyber-complement-gfp --instance /input/model_032.bnet 

running on 26 cores: 74-87,188-199

Enforcing CPUTime limit (soft limit, will send SIGTERM then SIGKILL): 1800 seconds
Enforcing CPUTime limit (hard limit, will send SIGXCPU): 1830 seconds
Enforcing wall clock limit (soft limit, will send SIGTERM then SIGKILL): 1800 seconds
Enforcing RSS+Swap limit (soft limit, will send SIGTERM then SIGKILL): 65536000 KiB
Linux 4.18.0-553.159.1.el8_10.x86_64
Current StackSize limit: 18014398509481983 KiB

solver pid=16, runsolver pid=13

[startup+0.100078 s]*
/proc/loadavg: 9.89 5.24 2.90 5/2813 17
/proc/meminfo: memFree=481578988/527542224 swapFree=33534716/33554428
[pid=16] ppid=13 vsize=15800 memory=10076 CPUtime=0.02 cores=74-87,186-199
/proc/16/stat : 16 (python3) R 13 16 0 0 -1 4194304 1391 0 84 0 2 0 0 0 20 0 1 0 53290071 16179200 2519 67087892480 4194304 7154137 140720498673520 0 0 0 0 16781312 2 0 0 0 17 76 0 0 6 0 0 9727432 11029816 31080448 140720498674509 140720498674605 140720498674605 140720498675687 0
/proc/16/statm: 3950 2519 1385 723 0 1674 0
Current children cumulated CPU time: 0.02 s
Current children cumulated vsize: 15800 KiB
Current children cumulated memory: 10076 KiB

[startup+0.200588 s]*
/proc/loadavg: 9.89 5.24 2.90 5/2814 18
/proc/meminfo: memFree=481570096/527542224 swapFree=33534716/33554428
[pid=16] ppid=13 vsize=17684 memory=12432 CPUtime=0.04 cores=74-87,186-199
/proc/16/stat : 16 (python3) S 13 16 0 0 -1 4194304 1893 0 96 0 3 1 0 0 20 0 1 0 53290071 18108416 3108 67087892480 4194304 7154137 140720498673520 0 0 0 0 16781312 2 1 0 0 17 76 0 0 8 0 0 9727432 11029816 31080448 140720498674509 140720498674605 140720498674605 140720498675687 0
/proc/16/statm: 4421 3108 1515 723 0 2063 0
[pid=18] ppid=16 vsize=8468 memory=5360 CPUtime=0.03 cores=74-87,186-199
/proc/18/stat : 18 (bn4rust) R 16 16 0 0 -1 4194304 966 0 18 0 3 0 0 0 20 0 1 0 53290085 8671232 1340 67087892480 94374295371776 94374297238897 140732007235776 0 0 0 0 4096 1088 0 0 0 17 193 0 0 1 0 0 94374297496960 94374297543896 94374307180544 140732007242512 140732007242646 140732007242646 140732007243745 0
/proc/18/statm: 2117 1340 1089 456 0 278 0
Current children cumulated CPU time: 0.07 s
Current children cumulated vsize: 26152 KiB
Current children cumulated memory: 17792 KiB

[startup+0.300533 s]*
/proc/loadavg: 9.89 5.24 2.90 5/2814 18
/proc/meminfo: memFree=481569088/527542224 swapFree=33534716/33554428
[pid=16] ppid=13 vsize=17684 memory=12432 CPUtime=0.04 cores=74-87,186-199
/proc/16/stat : 16 (python3) S 13 16 0 0 -1 4194304 1893 0 96 0 3 1 0 0 20 0 1 0 53290071 18108416 3108 67087892480 4194304 7154137 140720498673520 0 0 0 0 16781312 2 1 0 0 17 76 0 0 8 0 0 9727432 11029816 31080448 140720498674509 140720498674605 140720498674605 140720498675687 0
/proc/16/statm: 4421 3108 1515 723 0 2063 0
[pid=18] ppid=16 vsize=9188 memory=5836 CPUtime=0.13 cores=74-87,186-199
/proc/18/stat : 18 (bn4rust) R 16 16 0 0 -1 4194304 3575 0 18 0 13 0 0 0 20 0 1 0 53290085 9408512 1459 67087892480 94374295371776 94374297238897 140732007235776 0 0 0 0 4096 1088 0 0 0 17 193 0 0 1 0 0 94374297496960 94374297543896 94374307180544 140732007242512 140732007242646 140732007242646 140732007243745 0
/proc/18/statm: 2297 1459 1089 456 0 458 0
Current children cumulated CPU time: 0.17 s
Current children cumulated vsize: 26872 KiB
Current children cumulated memory: 18268 KiB

[startup+0.700271 s]
/proc/loadavg: 9.89 5.24 2.90 5/2814 18
/proc/meminfo: memFree=481511620/527542224 swapFree=33534716/33554428
[pid=16] ppid=13 vsize=17684 memory=12432 CPUtime=0.04 cores=74-87,186-199
/proc/16/stat : 16 (python3) S 13 16 0 0 -1 4194304 1893 0 96 0 3 1 0 0 20 0 1 0 53290071 18108416 3108 67087892480 4194304 7154137 140720498673520 0 0 0 0 16781312 2 1 0 0 17 76 0 0 8 0 0 9727432 11029816 31080448 140720498674509 140720498674605 140720498674605 140720498675687 0
/proc/16/statm: 4421 3108 1515 723 0 2063 0
[pid=18] ppid=16 vsize=9512 memory=6404 CPUtime=0.53 cores=74-87,186-199
/proc/18/stat : 18 (bn4rust) R 16 16 0 0 -1 4194304 12355 0 18 0 52 1 0 0 20 0 1 0 53290085 9740288 1601 67087892480 94374295371776 94374297238897 140732007235776 0 0 0 0 4096 1088 0 0 0 17 193 0 0 1 0 0 94374297496960 94374297543896 94374307180544 140732007242512 140732007242646 140732007242646 140732007243745 0
/proc/18/statm: 2378 1601 1089 456 0 539 0
Current children cumulated CPU time: 0.57 s
Current children cumulated vsize: 27196 KiB
Current children cumulated memory: 18836 KiB

[startup+1.50026 s]
/proc/loadavg: 9.42 5.22 2.90 5/2814 18
/proc/meminfo: memFree=481368104/527542224 swapFree=33534716/33554428
[pid=16] ppid=13 vsize=17684 memory=12432 CPUtime=0.04 cores=74-87,186-199
/proc/16/stat : 16 (python3) S 13 16 0 0 -1 4194304 1893 0 96 0 3 1 0 0 20 0 1 0 53290071 18108416 3108 67087892480 4194304 7154137 140720498673520 0 0 0 0 16781312 2 1 0 0 17 76 0 0 8 0 0 9727432 11029816 31080448 140720498674509 140720498674605 140720498674605 140720498675687 0
/proc/16/statm: 4421 3108 1515 723 0 2063 0
[pid=18] ppid=16 vsize=15412 memory=12176 CPUtime=1.33 cores=74-87,186-199
/proc/18/stat : 18 (bn4rust) R 16 16 0 0 -1 4194304 26043 0 18 0 130 3 0 0 20 0 1 0 53290085 15781888 3044 67087892480 94374295371776 94374297238897 140732007235776 0 0 0 0 4096 1088 0 0 0 17 193 0 0 1 0 0 94374297496960 94374297543896 94374307180544 140732007242512 140732007242646 140732007242646 140732007243745 0
/proc/18/statm: 3853 3044 1089 456 0 2014 0
Current children cumulated CPU time: 1.37 s
Current children cumulated vsize: 33096 KiB
Current children cumulated memory: 24608 KiB

[startup+3.10047 s]
/proc/loadavg: 9.42 5.22 2.90 11/2919 18
/proc/meminfo: memFree=481850544/527542224 swapFree=33534716/33554428
[pid=16] ppid=13 vsize=17684 memory=12432 CPUtime=0.04 cores=74-87,186-199
/proc/16/stat : 16 (python3) S 13 16 0 0 -1 4194304 1893 0 96 0 3 1 0 0 20 0 1 0 53290071 18108416 3108 67087892480 4194304 7154137 140720498673520 0 0 0 0 16781312 2 1 0 0 17 76 0 0 8 0 0 9727432 11029816 31080448 140720498674509 140720498674605 140720498674605 140720498675687 0
/proc/16/statm: 4421 3108 1515 723 0 2063 0
[pid=18] ppid=16 vsize=22064 memory=18200 CPUtime=2.93 cores=74-87,186-199
/proc/18/stat : 18 (bn4rust) R 16 16 0 0 -1 4194304 53544 0 18 0 285 8 0 0 20 0 1 0 53290085 22593536 4550 67087892480 94374295371776 94374297238897 140732007235776 0 0 0 0 4096 1088 0 0 0 17 193 0 0 1 0 0 94374297496960 94374297543896 94374307180544 140732007242512 140732007242646 140732007242646 140732007243745 0
/proc/18/statm: 5516 4550 1089 456 0 3677 0
Current children cumulated CPU time: 2.97 s
Current children cumulated vsize: 39748 KiB
Current children cumulated memory: 30632 KiB

[startup+6.30026 s]
/proc/loadavg: 9.70 5.35 2.96 5/3244 18
/proc/meminfo: memFree=481178692/527542224 swapFree=33534716/33554428
[pid=16] ppid=13 vsize=17684 memory=12432 CPUtime=0.04 cores=74-87,186-199
/proc/16/stat : 16 (python3) S 13 16 0 0 -1 4194304 1893 0 96 0 3 1 0 0 20 0 1 0 53290071 18108416 3108 67087892480 4194304 7154137 140720498673520 0 0 0 0 16781312 2 1 0 0 17 76 0 0 8 0 0 9727432 11029816 31080448 140720498674509 140720498674605 140720498674605 140720498675687 0
/proc/16/statm: 4421 3108 1515 723 0 2063 0
[pid=18] ppid=16 vsize=30068 memory=26628 CPUtime=6.12 cores=74-87,186-199
/proc/18/stat : 18 (bn4rust) R 16 16 0 0 -1 4194304 92942 0 18 0 598 14 0 0 20 0 1 0 53290085 30789632 6657 67087892480 94374295371776 94374297238897 140732007235776 0 0 0 0 4096 1088 0 0 0 17 193 0 0 1 0 0 94374297496960 94374297543896 94374307180544 140732007242512 140732007242646 140732007242646 140732007243745 0
/proc/18/statm: 7517 6657 1089 456 0 5678 0
Current children cumulated CPU time: 6.16 s
Current children cumulated vsize: 47752 KiB
Current children cumulated memory: 39060 KiB

[startup+12.7003 s]
/proc/loadavg: 11.65 5.83 3.13 151/3323 18
/proc/meminfo: memFree=486001284/527542224 swapFree=33534716/33554428
[pid=16] ppid=13 vsize=17684 memory=12432 CPUtime=0.04 cores=74-87,186-199
/proc/16/stat : 16 (python3) S 13 16 0 0 -1 4194304 1893 0 96 0 3 1 0 0 20 0 1 0 53290071 18108416 3108 67087892480 4194304 7154137 140720498673520 0 0 0 0 16781312 2 1 0 0 17 76 0 0 8 0 0 9727432 11029816 31080448 140720498674509 140720498674605 140720498674605 140720498675687 0
/proc/16/statm: 4421 3108 1515 723 0 2063 0
[pid=18] ppid=16 vsize=37236 memory=33508 CPUtime=12.5 cores=74-87,186-199
/proc/18/stat : 18 (bn4rust) R 16 16 0 0 -1 4194304 117176 0 18 0 1231 19 0 0 20 0 1 0 53290085 38129664 8377 67087892480 94374295371776 94374297238897 140732007235776 0 0 0 0 4096 1088 0 0 0 17 81 0 0 1 0 0 94374297496960 94374297543896 94374307180544 140732007242512 140732007242646 140732007242646 140732007243745 0
/proc/18/statm: 9309 8377 1089 456 0 7470 0
Current children cumulated CPU time: 12.54 s
Current children cumulated vsize: 54920 KiB
Current children cumulated memory: 45940 KiB

[startup+25.5003 s]
/proc/loadavg: 12.62 6.23 3.29 17/3324 18
/proc/meminfo: memFree=475021892/527542224 swapFree=33534716/33554428
[pid=16] ppid=13 vsize=17684 memory=12432 CPUtime=0.04 cores=74-87,186-199
/proc/16/stat : 16 (python3) S 13 16 0 0 -1 4194304 1893 0 96 0 3 1 0 0 20 0 1 0 53290071 18108416 3108 67087892480 4194304 7154137 140720498673520 0 0 0 0 16781312 2 1 0 0 17 76 0 0 8 0 0 9727432 11029816 31080448 140720498674509 140720498674605 140720498674605 140720498675687 0
/proc/16/statm: 4421 3108 1515 723 0 2063 0
[pid=18] ppid=16 vsize=66676 memory=61156 CPUtime=25.25 cores=74-87,186-199
/proc/18/stat : 18 (bn4rust) R 16 16 0 0 -1 4194304 154003 0 18 0 2495 30 0 0 20 0 1 0 53290085 68276224 15289 67087892480 94374295371776 94374297238897 140732007235776 0 0 0 0 4096 1088 0 0 0 17 81 0 0 1 0 0 94374297496960 94374297543896 94374307180544 140732007242512 140732007242646 140732007242646 140732007243745 0
/proc/18/statm: 16669 15289 1089 456 0 14830 0
Current children cumulated CPU time: 25.29 s
Current children cumulated vsize: 84360 KiB
Current children cumulated memory: 73588 KiB

[startup+51.1005 s]
/proc/loadavg: 15.30 7.44 3.78 19/3333 18
/proc/meminfo: memFree=485951060/527542224 swapFree=33534716/33554428
[pid=16] ppid=13 vsize=17684 memory=12432 CPUtime=0.04 cores=74-87,186-199
/proc/16/stat : 16 (python3) S 13 16 0 0 -1 4194304 1893 0 96 0 3 1 0 0 20 0 1 0 53290071 18108416 3108 67087892480 4194304 7154137 140720498673520 0 0 0 0 16781312 2 1 0 0 17 76 0 0 8 0 0 9727432 11029816 31080448 140720498674509 140720498674605 140720498674605 140720498675687 0
/proc/16/statm: 4421 3108 1515 723 0 2063 0
[pid=18] ppid=16 vsize=75380 memory=72136 CPUtime=50.77 cores=74-87,186-199
/proc/18/stat : 18 (bn4rust) R 16 16 0 0 -1 4194304 201738 0 18 0 5029 48 0 0 20 0 1 0 53290085 77189120 18034 67087892480 94374295371776 94374297238897 140732007235776 0 0 0 0 4096 1088 0 0 0 17 74 0 0 1 0 0 94374297496960 94374297543896 94374307180544 140732007242512 140732007242646 140732007242646 140732007243745 0
/proc/18/statm: 18845 18034 1089 456 0 17006 0
Current children cumulated CPU time: 50.81 s
Current children cumulated vsize: 93064 KiB
Current children cumulated memory: 84568 KiB

[startup+102.3 s]
/proc/loadavg: 15.37 8.66 4.39 15/3336 18
/proc/meminfo: memFree=485552960/527542224 swapFree=33534716/33554428
[pid=16] ppid=13 vsize=17684 memory=12432 CPUtime=0.04 cores=74-87,186-199
/proc/16/stat : 16 (python3) S 13 16 0 0 -1 4194304 1894 0 96 0 3 1 0 0 20 0 1 0 53290071 18108416 3108 67087892480 4194304 7154137 140720498673520 0 0 0 0 16781312 2 1 0 0 17 197 0 0 8 0 0 9727432 11029816 31080448 140720498674509 140720498674605 140720498674605 140720498675687 0
/proc/16/statm: 4421 3108 1515 723 0 2063 0
[pid=18] ppid=16 vsize=119924 memory=116220 CPUtime=101.81 cores=74-87,186-199
/proc/18/stat : 18 (bn4rust) R 16 16 0 0 -1 4194304 259220 0 18 0 10106 75 0 0 20 0 1 0 53290085 122802176 29055 67087892480 94374295371776 94374297238897 140732007235776 0 0 0 0 4096 1088 0 0 0 17 84 0 0 1 0 0 94374297496960 94374297543896 94374307180544 140732007242512 140732007242646 140732007242646 140732007243745 0
/proc/18/statm: 29981 29055 1089 456 0 28142 0
Current children cumulated CPU time: 101.85 s
Current children cumulated vsize: 137608 KiB
Current children cumulated memory: 128652 KiB

[startup+162.3 s]
/proc/loadavg: 10.80 8.76 4.70 5/2897 18
/proc/meminfo: memFree=488040536/527542224 swapFree=33534716/33554428
[pid=16] ppid=13 vsize=17684 memory=12432 CPUtime=0.04 cores=74-87,186-199
/proc/16/stat : 16 (python3) S 13 16 0 0 -1 4194304 1894 0 96 0 3 1 0 0 20 0 1 0 53290071 18108416 3108 67087892480 4194304 7154137 140720498673520 0 0 0 0 16781312 2 1 0 0 17 76 0 0 8 0 0 9727432 11029816 31080448 140720498674509 140720498674605 140720498674605 140720498675687 0
/proc/16/statm: 4421 3108 1515 723 0 2063 0
[pid=18] ppid=16 vsize=127856 memory=124468 CPUtime=161.64 cores=74-87,186-199
/proc/18/stat : 18 (bn4rust) R 16 16 0 0 -1 4194304 339747 0 18 0 16053 111 0 0 20 0 1 0 53290085 130924544 31117 67087892480 94374295371776 94374297238897 140732007235776 0 0 0 0 4096 1088 0 0 0 17 186 0 0 1 0 0 94374297496960 94374297543896 94374307180544 140732007242512 140732007242646 140732007242646 140732007243745 0
/proc/18/statm: 31964 31117 1089 456 0 30125 0
Current children cumulated CPU time: 161.68 s
Current children cumulated vsize: 145540 KiB
Current children cumulated memory: 136900 KiB

[startup+222.3 s]
/proc/loadavg: 6.50 7.89 4.66 5/2897 18
/proc/meminfo: memFree=488638056/527542224 swapFree=33534716/33554428
[pid=16] ppid=13 vsize=17684 memory=12432 CPUtime=0.04 cores=74-87,186-199
/proc/16/stat : 16 (python3) S 13 16 0 0 -1 4194304 1894 0 96 0 3 1 0 0 20 0 1 0 53290071 18108416 3108 67087892480 4194304 7154137 140720498673520 0 0 0 0 16781312 2 1 0 0 17 76 0 0 8 0 0 9727432 11029816 31080448 140720498674509 140720498674605 140720498674605 140720498675687 0
/proc/16/statm: 4421 3108 1515 723 0 2063 0
[pid=18] ppid=16 vsize=132724 memory=129488 CPUtime=221.45 cores=74-87,186-199
/proc/18/stat : 18 (bn4rust) R 16 16 0 0 -1 4194304 376611 0 18 0 22012 133 0 0 20 0 1 0 53290085 135909376 32372 67087892480 94374295371776 94374297238897 140732007235776 0 0 0 0 4096 1088 0 0 0 17 186 0 0 1 0 0 94374297496960 94374297543896 94374307180544 140732007242512 140732007242646 140732007242646 140732007243745 0
/proc/18/statm: 33181 32372 1089 456 0 31342 0
Current children cumulated CPU time: 221.49 s
Current children cumulated vsize: 150408 KiB
Current children cumulated memory: 141920 KiB

[startup+282.3 s]
/proc/loadavg: 4.91 7.18 4.61 5/2900 18
/proc/meminfo: memFree=488268016/527542224 swapFree=33534716/33554428
[pid=16] ppid=13 vsize=17684 memory=12432 CPUtime=0.04 cores=74-87,186-199
/proc/16/stat : 16 (python3) S 13 16 0 0 -1 4194304 1894 0 96 0 3 1 0 0 20 0 1 0 53290071 18108416 3108 67087892480 4194304 7154137 140720498673520 0 0 0 0 16781312 2 1 0 0 17 76 0 0 8 0 0 9727432 11029816 31080448 140720498674509 140720498674605 140720498674605 140720498675687 0
/proc/16/statm: 4421 3108 1515 723 0 2063 0
[pid=18] ppid=16 vsize=138868 memory=135408 CPUtime=281.25 cores=74-87,186-199
/proc/18/stat : 18 (bn4rust) R 16 16 0 0 -1 4194304 410123 0 18 0 27968 157 0 0 20 0 1 0 53290085 142200832 33852 67087892480 94374295371776 94374297238897 140732007235776 0 0 0 0 4096 1088 0 0 0 17 186 0 0 1 0 0 94374297496960 94374297543896 94374307180544 140732007242512 140732007242646 140732007242646 140732007243745 0
/proc/18/statm: 34717 33852 1089 456 0 32878 0
Current children cumulated CPU time: 281.29 s
Current children cumulated vsize: 156552 KiB
Current children cumulated memory: 147840 KiB

[startup+342.3 s]
/proc/loadavg: 4.33 6.60 4.57 5/2896 18
/proc/meminfo: memFree=487120892/527542224 swapFree=33534716/33554428
[pid=16] ppid=13 vsize=17684 memory=12432 CPUtime=0.04 cores=74-87,186-199
/proc/16/stat : 16 (python3) S 13 16 0 0 -1 4194304 1894 0 96 0 3 1 0 0 20 0 1 0 53290071 18108416 3108 67087892480 4194304 7154137 140720498673520 0 0 0 0 16781312 2 1 0 0 17 76 0 0 8 0 0 9727432 11029816 31080448 140720498674509 140720498674605 140720498674605 140720498675687 0
/proc/16/statm: 4421 3108 1515 723 0 2063 0
[pid=18] ppid=16 vsize=138868 memory=135452 CPUtime=341.04 cores=74-87,186-199
/proc/18/stat : 18 (bn4rust) R 16 16 0 0 -1 4194304 449729 0 18 0 33920 184 0 0 20 0 1 0 53290085 142200832 33863 67087892480 94374295371776 94374297238897 140732007235776 0 0 0 0 4096 1088 0 0 0 17 186 0 0 1 0 0 94374297496960 94374297543896 94374307180544 140732007242512 140732007242646 140732007242646 140732007243745 0
/proc/18/statm: 34717 33863 1089 456 0 32878 0
Current children cumulated CPU time: 341.08 s
Current children cumulated vsize: 156552 KiB
Current children cumulated memory: 147884 KiB

[startup+402.3 s]
/proc/loadavg: 5.03 6.39 4.63 6/2902 18
/proc/meminfo: memFree=486882000/527542224 swapFree=33534716/33554428
[pid=16] ppid=13 vsize=17684 memory=12432 CPUtime=0.04 cores=74-87,186-199
/proc/16/stat : 16 (python3) S 13 16 0 0 -1 4194304 1894 0 96 0 3 1 0 0 20 0 1 0 53290071 18108416 3108 67087892480 4194304 7154137 140720498673520 0 0 0 0 16781312 2 1 0 0 17 76 0 0 8 0 0 9727432 11029816 31080448 140720498674509 140720498674605 140720498674605 140720498675687 0
/proc/16/statm: 4421 3108 1515 723 0 2063 0
[pid=18] ppid=16 vsize=185972 memory=171564 CPUtime=400.82 cores=74-87,186-199
/proc/18/stat : 18 (bn4rust) R 16 16 0 0 -1 4194304 500885 0 18 0 39860 222 0 0 20 0 1 0 53290085 190435328 42891 67087892480 94374295371776 94374297238897 140732007235776 0 0 0 0 4096 1088 0 0 0 17 186 0 0 1 0 0 94374297496960 94374297543896 94374307180544 140732007242512 140732007242646 140732007242646 140732007243745 0
/proc/18/statm: 46493 42891 1089 456 0 44654 0
Current children cumulated CPU time: 400.86 s
Current children cumulated vsize: 203656 KiB
Current children cumulated memory: 183996 KiB

[startup+462.3 s]
/proc/loadavg: 5.01 6.13 4.65 6/2896 18
/proc/meminfo: memFree=489963540/527542224 swapFree=33534716/33554428
[pid=16] ppid=13 vsize=17684 memory=12432 CPUtime=0.04 cores=74-87,186-199
/proc/16/stat : 16 (python3) S 13 16 0 0 -1 4194304 1895 0 96 0 3 1 0 0 20 0 1 0 53290071 18108416 3108 67087892480 4194304 7154137 140720498673520 0 0 0 0 16781312 2 1 0 0 17 76 0 0 8 0 0 9727432 11029816 31080448 140720498674509 140720498674605 140720498674605 140720498675687 0
/proc/16/statm: 4421 3108 1515 723 0 2063 0
[pid=18] ppid=16 vsize=239224 memory=235964 CPUtime=460.63 cores=74-87,186-199
/proc/18/stat : 18 (bn4rust) R 16 16 0 0 -1 4194304 546937 0 18 0 45805 258 0 0 20 0 1 0 53290085 244965376 58991 67087892480 94374295371776 94374297238897 140732007235776 0 0 0 0 4096 1088 0 0 0 17 186 0 0 1 0 0 94374297496960 94374297543896 94374307180544 140732007242512 140732007242646 140732007242646 140732007243745 0
/proc/18/statm: 59806 58991 1089 456 0 57967 0
Current children cumulated CPU time: 460.67 s
Current children cumulated vsize: 256908 KiB
Current children cumulated memory: 248396 KiB

[startup+522.3 s]
/proc/loadavg: 4.71 5.84 4.65 5/2878 18
/proc/meminfo: memFree=490951416/527542224 swapFree=33534716/33554428
[pid=16] ppid=13 vsize=17684 memory=12432 CPUtime=0.04 cores=74-87,186-199
/proc/16/stat : 16 (python3) S 13 16 0 0 -1 4194304 1895 0 96 0 3 1 0 0 20 0 1 0 53290071 18108416 3108 67087892480 4194304 7154137 140720498673520 0 0 0 0 16781312 2 1 0 0 17 76 0 0 8 0 0 9727432 11029816 31080448 140720498674509 140720498674605 140720498674605 140720498675687 0
/proc/16/statm: 4421 3108 1515 723 0 2063 0
[pid=18] ppid=16 vsize=138868 memory=135408 CPUtime=520.47 cores=74-87,186-199
/proc/18/stat : 18 (bn4rust) R 16 16 0 0 -1 4194304 600837 0 18 0 51747 300 0 0 20 0 1 0 53290085 142200832 33852 67087892480 94374295371776 94374297238897 140732007235776 0 0 0 0 4096 1088 0 0 0 17 74 0 0 1 0 0 94374297496960 94374297543896 94374307180544 140732007242512 140732007242646 140732007242646 140732007243745 0
/proc/18/statm: 34717 33852 1089 456 0 32878 0
Current children cumulated CPU time: 520.51 s
Current children cumulated vsize: 156552 KiB
Current children cumulated memory: 147840 KiB

[startup+582.3 s]
/proc/loadavg: 4.26 5.51 4.60 5/2881 18
/proc/meminfo: memFree=489853256/527542224 swapFree=33534716/33554428
[pid=16] ppid=13 vsize=17684 memory=12432 CPUtime=0.04 cores=74-87,186-199
/proc/16/stat : 16 (python3) S 13 16 0 0 -1 4194304 1895 0 96 0 3 1 0 0 20 0 1 0 53290071 18108416 3108 67087892480 4194304 7154137 140720498673520 0 0 0 0 16781312 2 1 0 0 17 76 0 0 8 0 0 9727432 11029816 31080448 140720498674509 140720498674605 140720498674605 140720498675687 0
/proc/16/statm: 4421 3108 1515 723 0 2063 0
[pid=18] ppid=16 vsize=126580 memory=123344 CPUtime=580.31 cores=74-87,186-199
/proc/18/stat : 18 (bn4rust) R 16 16 0 0 -1 4194304 654135 0 18 0 57690 341 0 0 20 0 1 0 53290085 129617920 30836 67087892480 94374295371776 94374297238897 140732007235776 0 0 0 0 4096 1088 0 0 0 17 74 0 0 1 0 0 94374297496960 94374297543896 94374307180544 140732007242512 140732007242646 140732007242646 140732007243745 0
/proc/18/statm: 31645 30836 1089 456 0 29806 0
Current children cumulated CPU time: 580.35 s
Current children cumulated vsize: 144264 KiB
Current children cumulated memory: 135776 KiB

[startup+642.3 s]
/proc/loadavg: 4.09 5.23 4.56 5/2876 18
/proc/meminfo: memFree=489789868/527542224 swapFree=33534716/33554428
[pid=16] ppid=13 vsize=17684 memory=12432 CPUtime=0.04 cores=74-87,186-199
/proc/16/stat : 16 (python3) S 13 16 0 0 -1 4194304 1895 0 96 0 3 1 0 0 20 0 1 0 53290071 18108416 3108 67087892480 4194304 7154137 140720498673520 0 0 0 0 16781312 2 1 0 0 17 76 0 0 8 0 0 9727432 11029816 31080448 140720498674509 140720498674605 140720498674605 140720498675687 0
/proc/16/statm: 4421 3108 1515 723 0 2063 0
[pid=18] ppid=16 vsize=161400 memory=158156 CPUtime=640.15 cores=74-87,186-199
/proc/18/stat : 18 (bn4rust) R 16 16 0 0 -1 4194304 711536 0 18 0 63632 383 0 0 20 0 1 0 53290085 165273600 39539 67087892480 94374295371776 94374297238897 140732007235776 0 0 0 0 4096 1088 0 0 0 17 74 0 0 1 0 0 94374297496960 94374297543896 94374307180544 140732007242512 140732007242646 140732007242646 140732007243745 0
/proc/18/statm: 40350 39539 1089 456 0 38511 0
Current children cumulated CPU time: 640.19 s
Current children cumulated vsize: 179084 KiB
Current children cumulated memory: 170588 KiB

[startup+702.3 s]
/proc/loadavg: 4.07 5.02 4.53 5/2874 18
/proc/meminfo: memFree=490972112/527542224 swapFree=33534716/33554428
[pid=16] ppid=13 vsize=17684 memory=12432 CPUtime=0.04 cores=74-87,186-199
/proc/16/stat : 16 (python3) S 13 16 0 0 -1 4194304 1895 0 96 0 3 1 0 0 20 0 1 0 53290071 18108416 3108 67087892480 4194304 7154137 140720498673520 0 0 0 0 16781312 2 1 0 0 17 76 0 0 8 0 0 9727432 11029816 31080448 140720498674509 140720498674605 140720498674605 140720498675687 0
/proc/16/statm: 4421 3108 1515 723 0 2063 0
[pid=18] ppid=16 vsize=163444 memory=155136 CPUtime=700 cores=74-87,186-199
/proc/18/stat : 18 (bn4rust) R 16 16 0 0 -1 4194304 763714 0 18 0 69577 423 0 0 20 0 1 0 53290085 167366656 38784 67087892480 94374295371776 94374297238897 140732007235776 0 0 0 0 4096 1088 0 0 0 17 74 0 0 1 0 0 94374297496960 94374297543896 94374307180544 140732007242512 140732007242646 140732007242646 140732007243745 0
/proc/18/statm: 40861 38784 1089 456 0 39022 0
Current children cumulated CPU time: 700.04 s
Current children cumulated vsize: 181128 KiB
Current children cumulated memory: 167568 KiB

[startup+762.3 s]
/proc/loadavg: 4.34 4.90 4.52 5/3054 18
/proc/meminfo: memFree=490203408/527542224 swapFree=33534716/33554428
[pid=16] ppid=13 vsize=17684 memory=12432 CPUtime=0.04 cores=74-87,186-199
/proc/16/stat : 16 (python3) S 13 16 0 0 -1 4194304 1895 0 96 0 3 1 0 0 20 0 1 0 53290071 18108416 3108 67087892480 4194304 7154137 140720498673520 0 0 0 0 16781312 2 1 0 0 17 76 0 0 8 0 0 9727432 11029816 31080448 140720498674509 140720498674605 140720498674605 140720498675687 0
/proc/16/statm: 4421 3108 1515 723 0 2063 0
[pid=18] ppid=16 vsize=126580 memory=123120 CPUtime=759.84 cores=74-87,186-199
/proc/18/stat : 18 (bn4rust) R 16 16 0 0 -1 4194304 812487 0 18 0 75522 462 0 0 20 0 1 0 53290085 129617920 30780 67087892480 94374295371776 94374297238897 140732007235776 0 0 0 0 4096 1088 0 0 0 17 74 0 0 1 0 0 94374297496960 94374297543896 94374307180544 140732007242512 140732007242646 140732007242646 140732007243745 0
/proc/18/statm: 31645 30780 1089 456 0 29806 0
Current children cumulated CPU time: 759.88 s
Current children cumulated vsize: 144264 KiB
Current children cumulated memory: 135552 KiB

[startup+822.3 s]
/proc/loadavg: 8.72 6.15 4.98 10/3134 18
/proc/meminfo: memFree=479664984/527542224 swapFree=33534716/33554428
[pid=16] ppid=13 vsize=17684 memory=12432 CPUtime=0.04 cores=74-87,186-199
/proc/16/stat : 16 (python3) S 13 16 0 0 -1 4194304 1895 0 96 0 3 1 0 0 20 0 1 0 53290071 18108416 3108 67087892480 4194304 7154137 140720498673520 0 0 0 0 16781312 2 1 0 0 17 197 0 0 8 0 0 9727432 11029816 31080448 140720498674509 140720498674605 140720498674605 140720498675687 0
/proc/16/statm: 4421 3108 1515 723 0 2063 0
[pid=18] ppid=16 vsize=126580 memory=123344 CPUtime=819.67 cores=74-87,186-199
/proc/18/stat : 18 (bn4rust) R 16 16 0 0 -1 4194304 854845 0 18 0 81469 498 0 0 20 0 1 0 53290085 129617920 30836 67087892480 94374295371776 94374297238897 140732007235776 0 0 0 0 4096 1088 0 0 0 17 84 0 0 1 0 0 94374297496960 94374297543896 94374307180544 140732007242512 140732007242646 140732007242646 140732007243745 0
/proc/18/statm: 31645 30836 1089 456 0 29806 0
Current children cumulated CPU time: 819.71 s
Current children cumulated vsize: 144264 KiB
Current children cumulated memory: 135776 KiB

[startup+882.3 s]
/proc/loadavg: 9.75 6.95 5.33 10/3151 18
/proc/meminfo: memFree=478927212/527542224 swapFree=33534716/33554428
[pid=16] ppid=13 vsize=17684 memory=12432 CPUtime=0.04 cores=74-87,186-199
/proc/16/stat : 16 (python3) S 13 16 0 0 -1 4194304 1896 0 96 0 3 1 0 0 20 0 1 0 53290071 18108416 3108 67087892480 4194304 7154137 140720498673520 0 0 0 0 16781312 2 1 0 0 17 197 0 0 8 0 0 9727432 11029816 31080448 140720498674509 140720498674605 140720498674605 140720498675687 0
/proc/16/statm: 4421 3108 1515 723 0 2063 0
[pid=18] ppid=16 vsize=126580 memory=123284 CPUtime=879.48 cores=74-87,186-199
/proc/18/stat : 18 (bn4rust) R 16 16 0 0 -1 4194304 925078 0 18 0 87405 543 0 0 20 0 1 0 53290085 129617920 30821 67087892480 94374295371776 94374297238897 140732007235776 0 0 0 0 4096 1088 0 0 0 17 74 0 0 1 0 0 94374297496960 94374297543896 94374307180544 140732007242512 140732007242646 140732007242646 140732007243745 0
/proc/18/statm: 31645 30821 1089 456 0 29806 0
Current children cumulated CPU time: 879.52 s
Current children cumulated vsize: 144264 KiB
Current children cumulated memory: 135716 KiB

[startup+942.3 s]
/proc/loadavg: 6.14 6.43 5.25 5/2901 18
/proc/meminfo: memFree=485451900/527542224 swapFree=33534716/33554428
[pid=16] ppid=13 vsize=17684 memory=12432 CPUtime=0.04 cores=74-87,186-199
/proc/16/stat : 16 (python3) S 13 16 0 0 -1 4194304 1896 0 96 0 3 1 0 0 20 0 1 0 53290071 18108416 3108 67087892480 4194304 7154137 140720498673520 0 0 0 0 16781312 2 1 0 0 17 76 0 0 8 0 0 9727432 11029816 31080448 140720498674509 140720498674605 140720498674605 140720498675687 0
/proc/16/statm: 4421 3108 1515 723 0 2063 0
[pid=18] ppid=16 vsize=138868 memory=135408 CPUtime=939.31 cores=74-87,186-199
/proc/18/stat : 18 (bn4rust) R 16 16 0 0 -1 4194304 973003 0 18 0 93352 579 0 0 20 0 1 0 53290085 142200832 33852 67087892480 94374295371776 94374297238897 140732007235776 0 0 0 0 4096 1088 0 0 0 17 74 0 0 1 0 0 94374297496960 94374297543896 94374307180544 140732007242512 140732007242646 140732007242646 140732007243745 0
/proc/18/statm: 34717 33852 1089 456 0 32878 0
Current children cumulated CPU time: 939.35 s
Current children cumulated vsize: 156552 KiB
Current children cumulated memory: 147840 KiB

[startup+1002.3 s]
/proc/loadavg: 4.83 6.00 5.18 5/2901 18
/proc/meminfo: memFree=485866280/527542224 swapFree=33534716/33554428
[pid=16] ppid=13 vsize=17684 memory=12432 CPUtime=0.04 cores=74-87,186-199
/proc/16/stat : 16 (python3) S 13 16 0 0 -1 4194304 1896 0 96 0 3 1 0 0 20 0 1 0 53290071 18108416 3108 67087892480 4194304 7154137 140720498673520 0 0 0 0 16781312 2 1 0 0 17 76 0 0 8 0 0 9727432 11029816 31080448 140720498674509 140720498674605 140720498674605 140720498675687 0
/proc/16/statm: 4421 3108 1515 723 0 2063 0
[pid=18] ppid=16 vsize=126580 memory=123120 CPUtime=999.16 cores=74-87,186-199
/proc/18/stat : 18 (bn4rust) R 16 16 0 0 -1 4194304 1015562 0 18 0 99302 614 0 0 20 0 1 0 53290085 129617920 30780 67087892480 94374295371776 94374297238897 140732007235776 0 0 0 0 4096 1088 0 0 0 17 74 0 0 1 0 0 94374297496960 94374297543896 94374307180544 140732007242512 140732007242646 140732007242646 140732007243745 0
/proc/18/statm: 31645 30780 1089 456 0 29806 0
Current children cumulated CPU time: 999.2 s
Current children cumulated vsize: 144264 KiB
Current children cumulated memory: 135552 KiB

[startup+1062.3 s]
/proc/loadavg: 4.30 5.63 5.10 5/2901 18
/proc/meminfo: memFree=485785636/527542224 swapFree=33534716/33554428
[pid=16] ppid=13 vsize=17684 memory=12432 CPUtime=0.05 cores=74-87,186-199
/proc/16/stat : 16 (python3) S 13 16 0 0 -1 4194304 1896 0 96 0 4 1 0 0 20 0 1 0 53290071 18108416 3108 67087892480 4194304 7154137 140720498673520 0 0 0 0 16781312 2 1 0 0 17 76 0 0 8 0 0 9727432 11029816 31080448 140720498674509 140720498674605 140720498674605 140720498675687 0
/proc/16/statm: 4421 3108 1515 723 0 2063 0
[pid=18] ppid=16 vsize=126580 memory=123344 CPUtime=1059.01 cores=74-87,186-199
/proc/18/stat : 18 (bn4rust) R 16 16 0 0 -1 4194304 1059984 0 18 0 105251 650 0 0 20 0 1 0 53290085 129617920 30836 67087892480 94374295371776 94374297238897 140732007235776 0 0 0 0 4096 1088 0 0 0 17 74 0 0 1 0 0 94374297496960 94374297543896 94374307180544 140732007242512 140732007242646 140732007242646 140732007243745 0
/proc/18/statm: 31645 30836 1089 456 0 29806 0
Current children cumulated CPU time: 1059.06 s
Current children cumulated vsize: 144264 KiB
Current children cumulated memory: 135776 KiB

[startup+1122.3 s]
/proc/loadavg: 4.23 5.36 5.04 5/2901 18
/proc/meminfo: memFree=486736664/527542224 swapFree=33534716/33554428
[pid=16] ppid=13 vsize=17684 memory=12432 CPUtime=0.05 cores=74-87,186-199
/proc/16/stat : 16 (python3) S 13 16 0 0 -1 4194304 1896 0 96 0 4 1 0 0 20 0 1 0 53290071 18108416 3108 67087892480 4194304 7154137 140720498673520 0 0 0 0 16781312 2 1 0 0 17 76 0 0 8 0 0 9727432 11029816 31080448 140720498674509 140720498674605 140720498674605 140720498675687 0
/proc/16/statm: 4421 3108 1515 723 0 2063 0
[pid=18] ppid=16 vsize=138868 memory=135408 CPUtime=1118.85 cores=74-87,186-199
/proc/18/stat : 18 (bn4rust) R 16 16 0 0 -1 4194304 1118157 0 18 0 111190 695 0 0 20 0 1 0 53290085 142200832 33852 67087892480 94374295371776 94374297238897 140732007235776 0 0 0 0 4096 1088 0 0 0 17 74 0 0 1 0 0 94374297496960 94374297543896 94374307180544 140732007242512 140732007242646 140732007242646 140732007243745 0
/proc/18/statm: 34717 33852 1089 456 0 32878 0
Current children cumulated CPU time: 1118.9 s
Current children cumulated vsize: 156552 KiB
Current children cumulated memory: 147840 KiB

[startup+1182.3 s]
/proc/loadavg: 4.08 5.11 4.97 5/2877 18
/proc/meminfo: memFree=485376508/527542224 swapFree=33534716/33554428
[pid=16] ppid=13 vsize=17684 memory=12432 CPUtime=0.05 cores=74-87,186-199
/proc/16/stat : 16 (python3) S 13 16 0 0 -1 4194304 1896 0 96 0 4 1 0 0 20 0 1 0 53290071 18108416 3108 67087892480 4194304 7154137 140720498673520 0 0 0 0 16781312 2 1 0 0 17 76 0 0 8 0 0 9727432 11029816 31080448 140720498674509 140720498674605 140720498674605 140720498675687 0
/proc/16/statm: 4421 3108 1515 723 0 2063 0
[pid=18] ppid=16 vsize=177780 memory=165168 CPUtime=1178.7 cores=74-87,186-199
/proc/18/stat : 18 (bn4rust) R 16 16 0 0 -1 4194304 1164599 0 18 0 117138 732 0 0 20 0 1 0 53290085 182046720 41292 67087892480 94374295371776 94374297238897 140732007235776 0 0 0 0 4096 1088 0 0 0 17 74 0 0 1 0 0 94374297496960 94374297543896 94374307180544 140732007242512 140732007242646 140732007242646 140732007243745 0
/proc/18/statm: 44445 41292 1089 456 0 42606 0
Current children cumulated CPU time: 1178.75 s
Current children cumulated vsize: 195464 KiB
Current children cumulated memory: 177600 KiB

[startup+1242.3 s]
/proc/loadavg: 4.06 4.91 4.91 5/2877 18
/proc/meminfo: memFree=489412812/527542224 swapFree=33534716/33554428
[pid=16] ppid=13 vsize=17684 memory=12432 CPUtime=0.05 cores=74-87,186-199
/proc/16/stat : 16 (python3) S 13 16 0 0 -1 4194304 1896 0 96 0 4 1 0 0 20 0 1 0 53290071 18108416 3108 67087892480 4194304 7154137 140720498673520 0 0 0 0 16781312 2 1 0 0 17 76 0 0 8 0 0 9727432 11029816 31080448 140720498674509 140720498674605 140720498674605 140720498675687 0
/proc/16/statm: 4421 3108 1515 723 0 2063 0
[pid=18] ppid=16 vsize=99956 memory=96848 CPUtime=1238.51 cores=74-87,186-199
/proc/18/stat : 18 (bn4rust) R 16 16 0 0 -1 4194304 1219403 0 18 0 123075 776 0 0 20 0 1 0 53290085 102354944 24212 67087892480 94374295371776 94374297238897 140732007235776 0 0 0 0 4096 1088 0 0 0 17 74 0 0 1 0 0 94374297496960 94374297543896 94374307180544 140732007242512 140732007242646 140732007242646 140732007243745 0
/proc/18/statm: 24989 24212 1089 456 0 23150 0
Current children cumulated CPU time: 1238.56 s
Current children cumulated vsize: 117640 KiB
Current children cumulated memory: 109280 KiB

[startup+1302.3 s]
/proc/loadavg: 3.95 4.73 4.84 5/2889 18
/proc/meminfo: memFree=491367656/527542224 swapFree=33534716/33554428
[pid=16] ppid=13 vsize=17684 memory=12432 CPUtime=0.05 cores=74-87,186-199
/proc/16/stat : 16 (python3) S 13 16 0 0 -1 4194304 1896 0 96 0 4 1 0 0 20 0 1 0 53290071 18108416 3108 67087892480 4194304 7154137 140720498673520 0 0 0 0 16781312 2 1 0 0 17 76 0 0 8 0 0 9727432 11029816 31080448 140720498674509 140720498674605 140720498674605 140720498675687 0
/proc/16/statm: 4421 3108 1515 723 0 2063 0
[pid=18] ppid=16 vsize=126580 memory=123344 CPUtime=1298.3 cores=74-87,186-199
/proc/18/stat : 18 (bn4rust) R 16 16 0 0 -1 4194304 1270251 0 18 0 129013 817 0 0 20 0 1 0 53290085 129617920 30836 67087892480 94374295371776 94374297238897 140732007235776 0 0 0 0 4096 1088 0 0 0 17 74 0 0 1 0 0 94374297496960 94374297543896 94374307180544 140732007242512 140732007242646 140732007242646 140732007243745 0
/proc/18/statm: 31645 30836 1089 456 0 29806 0
Current children cumulated CPU time: 1298.35 s
Current children cumulated vsize: 144264 KiB
Current children cumulated memory: 135776 KiB

[startup+1362.3 s]
/proc/loadavg: 3.85 4.55 4.77 5/2890 18
/proc/meminfo: memFree=489756028/527542224 swapFree=33534716/33554428
[pid=16] ppid=13 vsize=17684 memory=12432 CPUtime=0.05 cores=74-87,186-199
/proc/16/stat : 16 (python3) S 13 16 0 0 -1 4194304 1897 0 96 0 4 1 0 0 20 0 1 0 53290071 18108416 3108 67087892480 4194304 7154137 140720498673520 0 0 0 0 16781312 2 1 0 0 17 76 0 0 8 0 0 9727432 11029816 31080448 140720498674509 140720498674605 140720498674605 140720498675687 0
/proc/16/statm: 4421 3108 1515 723 0 2063 0
[pid=18] ppid=16 vsize=126580 memory=123344 CPUtime=1358.09 cores=74-87,186-199
/proc/18/stat : 18 (bn4rust) R 16 16 0 0 -1 4194304 1324368 0 18 0 134948 861 0 0 20 0 1 0 53290085 129617920 30836 67087892480 94374295371776 94374297238897 140732007235776 0 0 0 0 4096 1088 0 0 0 17 74 0 0 1 0 0 94374297496960 94374297543896 94374307180544 140732007242512 140732007242646 140732007242646 140732007243745 0
/proc/18/statm: 31645 30836 1089 456 0 29806 0
Current children cumulated CPU time: 1358.14 s
Current children cumulated vsize: 144264 KiB
Current children cumulated memory: 135776 KiB

[startup+1422.3 s]
/proc/loadavg: 4.26 4.51 4.74 7/2910 18
/proc/meminfo: memFree=488116444/527542224 swapFree=33534716/33554428
[pid=16] ppid=13 vsize=17684 memory=12432 CPUtime=0.05 cores=74-87,186-199
/proc/16/stat : 16 (python3) S 13 16 0 0 -1 4194304 1897 0 96 0 4 1 0 0 20 0 1 0 53290071 18108416 3108 67087892480 4194304 7154137 140720498673520 0 0 0 0 16781312 2 1 0 0 17 76 0 0 8 0 0 9727432 11029816 31080448 140720498674509 140720498674605 140720498674605 140720498675687 0
/proc/16/statm: 4421 3108 1515 723 0 2063 0
[pid=18] ppid=16 vsize=126580 memory=123344 CPUtime=1417.88 cores=74-87,186-199
/proc/18/stat : 18 (bn4rust) R 16 16 0 0 -1 4194304 1383151 0 18 0 140880 908 0 0 20 0 1 0 53290085 129617920 30836 67087892480 94374295371776 94374297238897 140732007235776 0 0 0 0 4096 1088 0 0 0 17 74 0 0 1 0 0 94374297496960 94374297543896 94374307180544 140732007242512 140732007242646 140732007242646 140732007243745 0
/proc/18/statm: 31645 30836 1089 456 0 29806 0
Current children cumulated CPU time: 1417.93 s
Current children cumulated vsize: 144264 KiB
Current children cumulated memory: 135776 KiB

[startup+1482.3 s]
/proc/loadavg: 4.32 4.50 4.72 5/2894 18
/proc/meminfo: memFree=485812640/527542224 swapFree=33534716/33554428
[pid=16] ppid=13 vsize=17684 memory=12432 CPUtime=0.05 cores=74-87,186-199
/proc/16/stat : 16 (python3) S 13 16 0 0 -1 4194304 1897 0 96 0 4 1 0 0 20 0 1 0 53290071 18108416 3108 67087892480 4194304 7154137 140720498673520 0 0 0 0 16781312 2 1 0 0 17 76 0 0 8 0 0 9727432 11029816 31080448 140720498674509 140720498674605 140720498674605 140720498675687 0
/proc/16/statm: 4421 3108 1515 723 0 2063 0
[pid=18] ppid=16 vsize=161400 memory=158036 CPUtime=1477.67 cores=74-87,186-199
/proc/18/stat : 18 (bn4rust) R 16 16 0 0 -1 4194304 1438322 0 18 0 146813 954 0 0 20 0 1 0 53290085 165273600 39509 67087892480 94374295371776 94374297238897 140732007235776 0 0 0 0 4096 1088 0 0 0 17 74 0 0 1 0 0 94374297496960 94374297543896 94374307180544 140732007242512 140732007242646 140732007242646 140732007243745 0
/proc/18/statm: 40350 39509 1089 456 0 38511 0
Current children cumulated CPU time: 1477.72 s
Current children cumulated vsize: 179084 KiB
Current children cumulated memory: 170468 KiB

[startup+1542.3 s]
/proc/loadavg: 4.12 4.41 4.68 5/2886 18
/proc/meminfo: memFree=485350212/527542224 swapFree=33534716/33554428
[pid=16] ppid=13 vsize=17684 memory=12432 CPUtime=0.05 cores=74-87,186-199
/proc/16/stat : 16 (python3) S 13 16 0 0 -1 4194304 1897 0 96 0 4 1 0 0 20 0 1 0 53290071 18108416 3108 67087892480 4194304 7154137 140720498673520 0 0 0 0 16781312 2 1 0 0 17 76 0 0 8 0 0 9727432 11029816 31080448 140720498674509 140720498674605 140720498674605 140720498675687 0
/proc/16/statm: 4421 3108 1515 723 0 2063 0
[pid=18] ppid=16 vsize=185976 memory=175476 CPUtime=1537.47 cores=74-87,186-199
/proc/18/stat : 18 (bn4rust) R 16 16 0 0 -1 4194304 1493447 0 18 0 152749 998 0 0 20 0 1 0 53290085 190439424 43869 67087892480 94374295371776 94374297238897 140732007235776 0 0 0 0 4096 1088 0 0 0 17 74 0 0 1 0 0 94374297496960 94374297543896 94374307180544 140732007242512 140732007242646 140732007242646 140732007243745 0
/proc/18/statm: 46494 43869 1089 456 0 44655 0
Current children cumulated CPU time: 1537.52 s
Current children cumulated vsize: 203660 KiB
Current children cumulated memory: 187908 KiB

[startup+1602.3 s]
/proc/loadavg: 4.04 4.33 4.63 5/2883 18
/proc/meminfo: memFree=487901564/527542224 swapFree=33534716/33554428
[pid=16] ppid=13 vsize=17684 memory=12432 CPUtime=0.05 cores=74-87,186-199
/proc/16/stat : 16 (python3) S 13 16 0 0 -1 4194304 1897 0 96 0 4 1 0 0 20 0 1 0 53290071 18108416 3108 67087892480 4194304 7154137 140720498673520 0 0 0 0 16781312 2 1 0 0 17 76 0 0 8 0 0 9727432 11029816 31080448 140720498674509 140720498674605 140720498674605 140720498675687 0
/proc/16/statm: 4421 3108 1515 723 0 2063 0
[pid=18] ppid=16 vsize=138868 memory=135596 CPUtime=1597.27 cores=74-87,186-199
/proc/18/stat : 18 (bn4rust) R 16 16 0 0 -1 4194304 1549861 0 18 0 158681 1046 0 0 20 0 1 0 53290085 142200832 33899 67087892480 94374295371776 94374297238897 140732007235776 0 0 0 0 4096 1088 0 0 0 17 74 0 0 1 0 0 94374297496960 94374297543896 94374307180544 140732007242512 140732007242646 140732007242646 140732007243745 0
/proc/18/statm: 34717 33899 1089 456 0 32878 0
Current children cumulated CPU time: 1597.32 s
Current children cumulated vsize: 156552 KiB
Current children cumulated memory: 148028 KiB

[startup+1662.3 s]
/proc/loadavg: 4.81 4.45 4.65 5/2896 18
/proc/meminfo: memFree=489869960/527542224 swapFree=33534716/33554428
[pid=16] ppid=13 vsize=17684 memory=12432 CPUtime=0.05 cores=74-87,186-199
/proc/16/stat : 16 (python3) S 13 16 0 0 -1 4194304 1897 0 96 0 4 1 0 0 20 0 1 0 53290071 18108416 3108 67087892480 4194304 7154137 140720498673520 0 0 0 0 16781312 2 1 0 0 17 76 0 0 8 0 0 9727432 11029816 31080448 140720498674509 140720498674605 140720498674605 140720498675687 0
/proc/16/statm: 4421 3108 1515 723 0 2063 0
[pid=18] ppid=16 vsize=145012 memory=134688 CPUtime=1657.06 cores=74-87,186-199
/proc/18/stat : 18 (bn4rust) R 16 16 0 0 -1 4194304 1610078 0 18 0 164611 1095 0 0 20 0 1 0 53290085 148492288 33672 67087892480 94374295371776 94374297238897 140732007235776 0 0 0 0 4096 1088 0 0 0 17 74 0 0 1 0 0 94374297496960 94374297543896 94374307180544 140732007242512 140732007242646 140732007242646 140732007243745 0
/proc/18/statm: 36253 33672 1089 456 0 34414 0
Current children cumulated CPU time: 1657.11 s
Current children cumulated vsize: 162696 KiB
Current children cumulated memory: 147120 KiB

[startup+1722.3 s]
/proc/loadavg: 4.30 4.37 4.61 5/2885 18
/proc/meminfo: memFree=489058704/527542224 swapFree=33534716/33554428
[pid=16] ppid=13 vsize=17684 memory=12432 CPUtime=0.05 cores=74-87,186-199
/proc/16/stat : 16 (python3) S 13 16 0 0 -1 4194304 1897 0 96 0 4 1 0 0 20 0 1 0 53290071 18108416 3108 67087892480 4194304 7154137 140720498673520 0 0 0 0 16781312 2 1 0 0 17 76 0 0 8 0 0 9727432 11029816 31080448 140720498674509 140720498674605 140720498674605 140720498675687 0
/proc/16/statm: 4421 3108 1515 723 0 2063 0
[pid=18] ppid=16 vsize=198260 memory=187948 CPUtime=1716.85 cores=74-87,186-199
/proc/18/stat : 18 (bn4rust) R 16 16 0 0 -1 4194304 1666541 0 18 0 170544 1141 0 0 20 0 1 0 53290085 203018240 46987 67087892480 94374295371776 94374297238897 140732007235776 0 0 0 0 4096 1088 0 0 0 17 74 0 0 1 0 0 94374297496960 94374297543896 94374307180544 140732007242512 140732007242646 140732007242646 140732007243745 0
/proc/18/statm: 49565 46987 1089 456 0 47726 0
Current children cumulated CPU time: 1716.9 s
Current children cumulated vsize: 215944 KiB
Current children cumulated memory: 200380 KiB

[startup+1782.3 s]
/proc/loadavg: 4.11 4.30 4.57 5/2886 18
/proc/meminfo: memFree=489593516/527542224 swapFree=33534716/33554428
[pid=16] ppid=13 vsize=17684 memory=12432 CPUtime=0.05 cores=74-87,186-199
/proc/16/stat : 16 (python3) S 13 16 0 0 -1 4194304 1897 0 96 0 4 1 0 0 20 0 1 0 53290071 18108416 3108 67087892480 4194304 7154137 140720498673520 0 0 0 0 16781312 2 1 0 0 17 76 0 0 8 0 0 9727432 11029816 31080448 140720498674509 140720498674605 140720498674605 140720498675687 0
/proc/16/statm: 4421 3108 1515 723 0 2063 0
[pid=18] ppid=16 vsize=231032 memory=227068 CPUtime=1776.65 cores=74-87,186-199
/proc/18/stat : 18 (bn4rust) R 16 16 0 0 -1 4194304 1726219 0 18 0 176477 1188 0 0 20 0 1 0 53290085 236576768 56767 67087892480 94374295371776 94374297238897 140732007235776 0 0 0 0 4096 1088 0 0 0 17 74 0 0 1 0 0 94374297496960 94374297543896 94374307180544 140732007242512 140732007242646 140732007242646 140732007243745 0
/proc/18/statm: 57758 56767 1089 456 0 55919 0
Current children cumulated CPU time: 1776.7 s
Current children cumulated vsize: 248716 KiB
Current children cumulated memory: 239500 KiB



Maximum wall clock time exceeded: sending SIGTERM then SIGKILL

[startup+1800 s]*
/proc/loadavg: 4.08 4.28 4.56 5/2883 18
/proc/meminfo: memFree=489271956/527542224 swapFree=33534716/33554428
[pid=16] ppid=13 vsize=17684 memory=12432 CPUtime=0.05 cores=74-87,186-199
/proc/16/stat : 16 (python3) S 13 16 0 0 -1 4194304 1897 0 96 0 4 1 0 0 20 0 1 0 53290071 18108416 3108 67087892480 4194304 7154137 140720498673520 0 0 0 0 16781312 2 1 0 0 17 76 0 0 8 0 0 9727432 11029816 31080448 140720498674509 140720498674605 140720498674605 140720498675687 0
/proc/16/statm: 4421 3108 1515 723 0 2063 0
[pid=18] ppid=16 vsize=161400 memory=158036 CPUtime=1794.28 cores=74-87,186-199
/proc/18/stat : 18 (bn4rust) R 16 16 0 0 -1 4194304 1743476 0 18 0 178226 1202 0 0 20 0 1 0 53290085 165273600 39509 67087892480 94374295371776 94374297238897 140732007235776 0 0 0 0 4096 1088 0 0 0 17 74 0 0 1 0 0 94374297496960 94374297543896 94374307180544 140732007242512 140732007242646 140732007242646 140732007243745 0
/proc/18/statm: 40350 39509 1089 456 0 38511 0
Current children cumulated CPU time: 1794.33 s
Current children cumulated vsize: 179084 KiB
Current children cumulated memory: 170468 KiB

Sending SIGTERM to process tree (bottom up)
Sleeping 2 seconds

[startup+1800.01 s]
# the end of solver process 16 was just reported to runsolver
# cumulated CPU time of all completed processes:  user=1782.31 s, system=12.0447 s

Solver just ended.
??? end of watcher thread
Dumping a history of the last processes samples

Child ended because it received signal 15 (SIGTERM)
Real time (s): 1800.01
CPU time (s): 1794.36
CPU user time (s): 1782.31
CPU system time (s): 12.0447
CPU usage (%): 99.6863
Max. virtual memory (cumulated for all children) (KiB): 285580
Max. memory (cumulated for all children) (KiB): 263832

getrusage(RUSAGE_CHILDREN,...) data:
user time used= 1782.31
system time used= 12.0447
maximum resident set size= 251400
integral shared memory size= 0
integral unshared data size= 0
integral unshared stack size= 0
page reclaims= 1745376
page faults= 114
swaps= 0
block input operations= 19512
block output operations= 0
messages sent= 0
messages received= 0
signals received= 0
voluntary context switches= 1141
involuntary context switches= 2253


# summary of solver processes directly reported to runsolver:
#   pid: 16
#   total CPU time (s): 1794.36
#   total CPU user time (s): 1782.31
#   total CPU system time (s): 12.0447

??? join timestamper begins
??? join timestamper ends
??? end of timestamper thread
runsolver used 1.15137 second user time and 2.63138 second system time

The end
