# WCTIME: wall clock time in seconds
WCTIME=0.42455
# CPUTIME: CPU time in seconds (USERTIME+SYSTEMTIME)
CPUTIME=0.298749
# USERTIME: CPU time spent in user mode in seconds
USERTIME=0.280078
# SYSTEMTIME: CPU time spent in system mode in seconds
SYSTEMTIME=0.018671
# CPUUSAGE: CPUTIME/WCTIME in percent
CPUUSAGE=70.3684
# MAXVM: maximum virtual memory used in KiB
MAXVM=25752
# MAXMM: maximum memory used in KiB
MAXMM=17276
# MAXRSS: maximum Resident Segment Size in KiB
MAXRSS=12588
# TIMEOUT: did the solver exceed the time limit?
TIMEOUT=false
# MEMOUT: did the solver exceed the memory limit?
MEMOUT=false
# EXITSTATUS: Exit status of the solver
EXITSTATUS=0
