# WCTIME: wall clock time in seconds
WCTIME=0.290534
# CPUTIME: CPU time in seconds (USERTIME+SYSTEMTIME)
CPUTIME=0.144484
# USERTIME: CPU time spent in user mode in seconds
USERTIME=0.046908
# SYSTEMTIME: CPU time spent in system mode in seconds
SYSTEMTIME=0.097576
# CPUUSAGE: CPUTIME/WCTIME in percent
CPUUSAGE=49.7305
# MAXVM: maximum virtual memory used in KiB
MAXVM=25456
# MAXMM: maximum memory used in KiB
MAXMM=14504
# MAXRSS: maximum Resident Segment Size in KiB
MAXRSS=12596
# TIMEOUT: did the solver exceed the time limit?
TIMEOUT=false
# MEMOUT: did the solver exceed the memory limit?
MEMOUT=false
# EXITSTATUS: Exit status of the solver
EXITSTATUS=0
