runsolver version 3.4.1 (svn: 3018) Copyright (C) 2010-2013 Olivier ROUSSEL

This program is distributed in the hope that it will be useful,
but WITHOUT ANY WARRANTY; without even the implied warranty of
MERCHANTABILITY or FITNESS FOR A PARTICULAR PURPOSE.  See the
GNU General Public License for more details.

NUMA information:
  number of nodes: 8
  memory of node 0: 63700 MiB (30344 MiB free)
  memory of node 1: 64504 MiB (22444 MiB free)
  memory of node 2: 64504 MiB (38481 MiB free)
  memory of node 3: 64504 MiB (62376 MiB free)
  memory of node 4: 64504 MiB (61280 MiB free)
  memory of node 5: 64504 MiB (63589 MiB free)
  memory of node 6: 64461 MiB (53084 MiB free)
  memory of node 7: 64491 MiB (45119 MiB free)
  node distances:
     10  12  12  12  21  21  21  21
     12  10  12  12  21  21  21  21
     12  12  10  12  21  21  21  21
     12  12  12  10  21  21  21  21
     21  21  21  21  10  12  12  12
     21  21  21  21  12  10  12  12
     21  21  21  21  12  12  10  12
     21  21  21  21  12  12  12  10

command line: /usr/local/bin/runsolver --timestamp -w /output/runsolver-watch.log -v /output/runsolver-values.log -o /output/solver-output.log -C 1800.0 -W 1800.0 -R 64000 /opt/solver/run_bn4rust.py --mode cyber-full --instance /input/model_007.bnet 

running on 28 cores: 14-27,126-139

Enforcing CPUTime limit (soft limit, will send SIGTERM then SIGKILL): 1800 seconds
Enforcing CPUTime limit (hard limit, will send SIGXCPU): 1830 seconds
Enforcing wall clock limit (soft limit, will send SIGTERM then SIGKILL): 1800 seconds
Enforcing RSS+Swap limit (soft limit, will send SIGTERM then SIGKILL): 65536000 KiB
Linux 4.18.0-553.159.1.el8_10.x86_64
solver pid=17, runsolver pid=13
Current StackSize limit: 18014398509481983 KiB


[startup+0.100082 s]*
/proc/loadavg: 28.00 28.10 29.40 36/2975 18
/proc/meminfo: memFree=386595808/527542272 swapFree=32913148/33554428
[pid=17] ppid=13 vsize=15800 memory=10100 CPUtime=0.02 cores=14-27,126-139
/proc/17/stat : 17 (python3) S 13 17 0 0 -1 4194304 1376 0 84 0 2 0 0 0 20 0 1 0 53701902 16179200 2525 67087892480 4194304 7154137 140723969713200 0 0 0 0 16781312 2 1 0 0 17 136 0 0 6 0 0 9727432 11029816 23138304 140723969715031 140723969715117 140723969715117 140723969716199 0
/proc/17/statm: 3950 2525 1390 723 0 1674 0
Current children cumulated CPU time: 0.02 s
Current children cumulated vsize: 15800 KiB
Current children cumulated memory: 10100 KiB

[startup+0.200549 s]*
/proc/loadavg: 28.00 28.10 29.40 41/2981 19
/proc/meminfo: memFree=387464160/527542272 swapFree=32913148/33554428
[pid=17] ppid=13 vsize=17684 memory=12392 CPUtime=0.04 cores=14-27,126-139
/proc/17/stat : 17 (python3) S 13 17 0 0 -1 4194304 1886 0 96 0 3 1 0 0 20 0 1 0 53701902 18108416 3098 67087892480 4194304 7154137 140723969713200 0 0 0 0 16781312 2 1 0 0 17 136 0 0 8 0 0 9727432 11029816 23138304 140723969715031 140723969715117 140723969715117 140723969716199 0
/proc/17/statm: 4421 3098 1504 723 0 2063 0
[pid=19] ppid=17 vsize=7772 memory=2076 CPUtime=0.04 cores=14-27,126-139
/proc/19/stat : 19 (bn4rust) R 17 17 0 0 -1 4194304 135 0 12 0 0 4 0 0 20 0 1 0 53701915 7958528 519 67087892480 94288537436160 94288539303281 140733439352992 0 0 0 0 4096 1088 0 0 0 17 127 0 0 1 0 0 94288539561344 94288539608280 94288566095872 140733439359770 140733439359894 140733439359894 140733439360993 0
/proc/19/statm: 1943 519 464 456 0 104 0
Current children cumulated CPU time: 0.08 s
Current children cumulated vsize: 25456 KiB
Current children cumulated memory: 14468 KiB

[startup+0.242509 s]
# the end of solver process 17 was just reported to runsolver
# cumulated CPU time of all completed processes:  user=0.042547 s, system=0.069384 s

Solver just ended.
??? end of watcher thread
Dumping a history of the last processes samples

Child status: 0
Real time (s): 0.242518
CPU time (s): 0.111931
CPU user time (s): 0.042547
CPU system time (s): 0.069384
CPU usage (%): 46.1537
Max. virtual memory (cumulated for all children) (KiB): 25456
Max. memory (cumulated for all children) (KiB): 14468

getrusage(RUSAGE_CHILDREN,...) data:
user time used= 0.042547
system time used= 0.069384
maximum resident set size= 12596
integral shared memory size= 0
integral unshared data size= 0
integral unshared stack size= 0
page reclaims= 2054
page faults= 115
swaps= 0
block input operations= 20000
block output operations= 0
messages sent= 0
messages received= 0
signals received= 0
voluntary context switches= 970
involuntary context switches= 1


# summary of solver processes directly reported to runsolver:
#   pid: 17
#   total CPU time (s): 0.111931
#   total CPU user time (s): 0.042547
#   total CPU system time (s): 0.069384

??? join timestamper begins
??? join timestamper ends
??? end of timestamper thread
runsolver used 0.001532 second user time and 0.005352 second system time

The end
