runsolver version 3.4.1 (svn: 3018) Copyright (C) 2010-2013 Olivier ROUSSEL

This program is distributed in the hope that it will be useful,
but WITHOUT ANY WARRANTY; without even the implied warranty of
MERCHANTABILITY or FITNESS FOR A PARTICULAR PURPOSE.  See the
GNU General Public License for more details.

NUMA information:
  number of nodes: 8
  memory of node 0: 63700 MiB (42970 MiB free)
  memory of node 1: 64504 MiB (61754 MiB free)
  memory of node 2: 64504 MiB (54646 MiB free)
  memory of node 3: 64461 MiB (59621 MiB free)
  memory of node 4: 64504 MiB (63995 MiB free)
  memory of node 5: 64504 MiB (59329 MiB free)
  memory of node 6: 64504 MiB (59002 MiB free)
  memory of node 7: 64491 MiB (56915 MiB free)
  node distances:
     10  12  12  12  21  21  21  21
     12  10  12  12  21  21  21  21
     12  12  10  12  21  21  21  21
     12  12  12  10  21  21  21  21
     21  21  21  21  10  12  12  12
     21  21  21  21  12  10  12  12
     21  21  21  21  12  12  10  12
     21  21  21  21  12  12  12  10

command line: /usr/local/bin/runsolver --timestamp -w /output/runsolver-watch.log -v /output/runsolver-values.log -o /output/solver-output.log -C 1800.0 -W 1800.0 -R 64000 /opt/solver/run_bn4rust.py --mode cyber-complement-gfp-plus-immutable --instance /input/model_123.bnet 

running on 18 cores: 72-82,188-194

Enforcing CPUTime limit (soft limit, will send SIGTERM then SIGKILL): 1800 seconds
Enforcing CPUTime limit (hard limit, will send SIGXCPU): 1830 seconds
Enforcing wall clock limit (soft limit, will send SIGTERM then SIGKILL): 1800 seconds
Enforcing RSS+Swap limit (soft limit, will send SIGTERM then SIGKILL): 65536000 KiB
Linux 4.18.0-553.159.1.el8_10.x86_64
Current StackSize limit: 18014398509481983 KiB

solver pid=16, runsolver pid=13

[startup+0.100134 s]*
/proc/loadavg: 38.27 39.65 41.30 38/2899 17
/proc/meminfo: memFree=469629232/527542228 swapFree=33552636/33554428
[pid=16] ppid=13 vsize=15800 memory=10040 CPUtime=0.01 cores=69-82,181-194
/proc/16/stat : 16 (python3) R 13 16 0 0 -1 4194304 1376 0 84 0 1 0 0 0 20 0 1 0 53412410 16179200 2510 67087892480 4194304 7154137 140731295045760 0 0 0 0 16781312 2 0 0 0 17 70 0 0 6 0 0 9727432 11029816 32993280 140731295046462 140731295046573 140731295046573 140731295047655 0
/proc/16/statm: 3950 2510 1376 723 0 1674 0
Current children cumulated CPU time: 0.01 s
Current children cumulated vsize: 15800 KiB
Current children cumulated memory: 10040 KiB

[startup+0.200577 s]*
/proc/loadavg: 38.27 39.65 41.30 38/2900 18
/proc/meminfo: memFree=469794300/527542228 swapFree=33552636/33554428
[pid=16] ppid=13 vsize=17684 memory=12348 CPUtime=0.03 cores=69-82,181-194
/proc/16/stat : 16 (python3) S 13 16 0 0 -1 4194304 1892 0 96 0 2 1 0 0 20 0 1 0 53412410 18108416 3087 67087892480 4194304 7154137 140731295045760 0 0 0 0 16781312 2 1 0 0 17 181 0 0 8 0 0 9727432 11029816 32993280 140731295046462 140731295046573 140731295046573 140731295047655 0
/proc/16/statm: 4421 3087 1494 723 0 2063 0
[pid=18] ppid=16 vsize=8152 memory=4864 CPUtime=0.04 cores=69-82,181-194
/proc/18/stat : 18 (bn4rust) R 16 16 0 0 -1 4194304 335 0 17 0 4 0 0 0 20 0 1 0 53412424 8347648 1216 67087892480 94376346546176 94376348413297 140730660282672 0 0 0 0 4096 1088 0 0 0 17 69 0 0 1 0 0 94376348671360 94376348718296 94376363712512 140730660285185 140730660285334 140730660285334 140730660286433 0
/proc/18/statm: 2038 1216 1050 456 0 199 0
Current children cumulated CPU time: 0.07 s
Current children cumulated vsize: 25836 KiB
Current children cumulated memory: 17212 KiB

[startup+0.300509 s]*
/proc/loadavg: 38.27 39.65 41.30 38/2900 18
/proc/meminfo: memFree=469791516/527542228 swapFree=33552636/33554428
[pid=16] ppid=13 vsize=17684 memory=12348 CPUtime=0.03 cores=69-82,181-194
/proc/16/stat : 16 (python3) S 13 16 0 0 -1 4194304 1892 0 96 0 2 1 0 0 20 0 1 0 53412410 18108416 3087 67087892480 4194304 7154137 140731295045760 0 0 0 0 16781312 2 1 0 0 17 181 0 0 8 0 0 9727432 11029816 32993280 140731295046462 140731295046573 140731295046573 140731295047655 0
/proc/16/statm: 4421 3087 1494 723 0 2063 0
[pid=18] ppid=16 vsize=8524 memory=4968 CPUtime=0.14 cores=69-82,181-194
/proc/18/stat : 18 (bn4rust) R 16 16 0 0 -1 4194304 1671 0 17 0 14 0 0 0 20 0 1 0 53412424 8728576 1242 67087892480 94376346546176 94376348413297 140730660282672 0 0 0 0 4096 1088 0 0 0 17 69 0 0 1 0 0 94376348671360 94376348718296 94376363712512 140730660285185 140730660285334 140730660285334 140730660286433 0
/proc/18/statm: 2131 1242 1050 456 0 292 0
Current children cumulated CPU time: 0.17 s
Current children cumulated vsize: 26208 KiB
Current children cumulated memory: 17316 KiB

[startup+0.700237 s]
/proc/loadavg: 38.27 39.65 41.30 36/2900 18
/proc/meminfo: memFree=469542600/527542228 swapFree=33552636/33554428
[pid=16] ppid=13 vsize=17684 memory=12348 CPUtime=0.03 cores=69-82,181-194
/proc/16/stat : 16 (python3) S 13 16 0 0 -1 4194304 1892 0 96 0 2 1 0 0 20 0 1 0 53412410 18108416 3087 67087892480 4194304 7154137 140731295045760 0 0 0 0 16781312 2 1 0 0 17 181 0 0 8 0 0 9727432 11029816 32993280 140731295046462 140731295046573 140731295046573 140731295047655 0
/proc/16/statm: 4421 3087 1494 723 0 2063 0
[pid=18] ppid=16 vsize=8904 memory=5428 CPUtime=0.53 cores=69-82,181-194
/proc/18/stat : 18 (bn4rust) R 16 16 0 0 -1 4194304 7546 0 17 0 53 0 0 0 20 0 1 0 53412424 9117696 1357 67087892480 94376346546176 94376348413297 140730660282672 0 0 0 0 4096 1088 0 0 0 17 69 0 0 1 0 0 94376348671360 94376348718296 94376363712512 140730660285185 140730660285334 140730660285334 140730660286433 0
/proc/18/statm: 2226 1357 1050 456 0 387 0
Current children cumulated CPU time: 0.56 s
Current children cumulated vsize: 26588 KiB
Current children cumulated memory: 17776 KiB

[startup+1.50023 s]
/proc/loadavg: 38.27 39.65 41.30 35/2900 18
/proc/meminfo: memFree=469339888/527542228 swapFree=33552636/33554428
[pid=16] ppid=13 vsize=17684 memory=12348 CPUtime=0.03 cores=69-82,181-194
/proc/16/stat : 16 (python3) S 13 16 0 0 -1 4194304 1893 0 96 0 2 1 0 0 20 0 1 0 53412410 18108416 3087 67087892480 4194304 7154137 140731295045760 0 0 0 0 16781312 2 1 0 0 17 69 0 0 8 0 0 9727432 11029816 32993280 140731295046462 140731295046573 140731295046573 140731295047655 0
/proc/16/statm: 4421 3087 1494 723 0 2063 0
[pid=18] ppid=16 vsize=9088 memory=5628 CPUtime=1.33 cores=69-82,181-194
/proc/18/stat : 18 (bn4rust) R 16 16 0 0 -1 4194304 13964 0 17 0 132 1 0 0 20 0 1 0 53412424 9306112 1407 67087892480 94376346546176 94376348413297 140730660282672 0 0 0 0 4096 1088 0 0 0 17 181 0 0 1 0 0 94376348671360 94376348718296 94376363712512 140730660285185 140730660285334 140730660285334 140730660286433 0
/proc/18/statm: 2272 1407 1050 456 0 433 0
Current children cumulated CPU time: 1.36 s
Current children cumulated vsize: 26772 KiB
Current children cumulated memory: 17976 KiB

[startup+1.61063 s]
# the end of solver process 16 was just reported to runsolver
# cumulated CPU time of all completed processes:  user=1.45879 s, system=0.033863 s

Solver just ended.
??? end of watcher thread
Dumping a history of the last processes samples

[startup+1.60027 s]
/proc/loadavg: 38.27 39.65 41.30 35/2900 18
/proc/meminfo: memFree=469339888/527542228 swapFree=33552636/33554428
[pid=16] ppid=13 vsize=17684 memory=12348 CPUtime=1.46 cores=69-82,181-194
/proc/16/stat : 16 (python3) R 13 16 0 0 -1 4194304 1899 13971 96 19 3 1 141 1 20 0 1 0 53412410 18108416 3087 67087892480 4194304 7154137 140731295045760 0 0 0 0 16781312 2 0 0 0 17 69 0 0 8 0 0 9727432 11029816 32993280 140731295046462 140731295046573 140731295046573 140731295047655 0
/proc/16/statm: 4421 3087 1494 723 0 2063 0
Current children cumulated CPU time: 1.46 s
Current children cumulated vsize: 17684 KiB
Current children cumulated memory: 12348 KiB

Child status: 0
Real time (s): 1.61065
CPU time (s): 1.49266
CPU user time (s): 1.45879
CPU system time (s): 0.033863
CPU usage (%): 92.6742
Max. virtual memory (cumulated for all children) (KiB): 26772
Max. memory (cumulated for all children) (KiB): 18036

getrusage(RUSAGE_CHILDREN,...) data:
user time used= 1.45879
system time used= 0.033863
maximum resident set size= 12556
integral shared memory size= 0
integral unshared data size= 0
integral unshared stack size= 0
page reclaims= 15880
page faults= 115
swaps= 0
block input operations= 19800
block output operations= 0
messages sent= 0
messages received= 0
signals received= 0
voluntary context switches= 1027
involuntary context switches= 4


# summary of solver processes directly reported to runsolver:
#   pid: 16
#   total CPU time (s): 1.49266
#   total CPU user time (s): 1.45879
#   total CPU system time (s): 0.033863

??? join timestamper begins
??? join timestamper ends
??? end of timestamper thread
runsolver used 0.001762 second user time and 0.156951 second system time

The end
