runsolver version 3.4.1 (svn: 3018) Copyright (C) 2010-2013 Olivier ROUSSEL

This program is distributed in the hope that it will be useful,
but WITHOUT ANY WARRANTY; without even the implied warranty of
MERCHANTABILITY or FITNESS FOR A PARTICULAR PURPOSE.  See the
GNU General Public License for more details.

NUMA information:
  number of nodes: 8
  memory of node 0: 63700 MiB (55531 MiB free)
  memory of node 1: 64504 MiB (62115 MiB free)
  memory of node 2: 64504 MiB (63517 MiB free)
  memory of node 3: 64461 MiB (63882 MiB free)
  memory of node 4: 64504 MiB (63729 MiB free)
  memory of node 5: 64504 MiB (56388 MiB free)
  memory of node 6: 64504 MiB (58386 MiB free)
  memory of node 7: 64491 MiB (57260 MiB free)
  node distances:
     10  12  12  12  21  21  21  21
     12  10  12  12  21  21  21  21
     12  12  10  12  21  21  21  21
     12  12  12  10  21  21  21  21
     21  21  21  21  10  12  12  12
     21  21  21  21  12  10  12  12
     21  21  21  21  12  12  10  12
     21  21  21  21  12  12  12  10

command line: /usr/local/bin/runsolver --timestamp -w /output/runsolver-watch.log -v /output/runsolver-values.log -o /output/solver-output.log -C 1800.0 -W 1800.0 -R 64000 /opt/solver/run_bn4rust.py --mode cyber-complement-gfp-plus-immutable --instance /input/model_145.bnet 

running on 16 cores: 0-13,124-125

Enforcing CPUTime limit (soft limit, will send SIGTERM then SIGKILL): 1800 seconds
Enforcing CPUTime limit (hard limit, will send SIGXCPU): 1830 seconds
Enforcing wall clock limit (soft limit, will send SIGTERM then SIGKILL): 1800 seconds
Enforcing RSS+Swap limit (soft limit, will send SIGTERM then SIGKILL): 65536000 KiB
Linux 4.18.0-553.159.1.el8_10.x86_64
Current StackSize limit: 18014398509481983 KiB

solver pid=16, runsolver pid=13

[startup+0.100094 s]*
/proc/loadavg: 4.52 15.03 19.19 8/3001 17
/proc/meminfo: memFree=492381788/527542180 swapFree=33544956/33554428
[pid=16] ppid=13 vsize=15800 memory=10148 CPUtime=0.02 cores=0-13,112-125
/proc/16/stat : 16 (python3) R 13 16 0 0 -1 4194304 1375 0 84 0 1 1 0 0 20 0 1 0 53412632 16179200 2537 67087892480 4194304 7154137 140722441171152 0 0 0 0 16781312 2 0 0 0 17 2 0 0 6 0 0 9727432 11029816 28647424 140722441173822 140722441173933 140722441173933 140722441175015 0
/proc/16/statm: 3950 2537 1404 723 0 1674 0
Current children cumulated CPU time: 0.02 s
Current children cumulated vsize: 15800 KiB
Current children cumulated memory: 10148 KiB

[startup+0.200589 s]*
/proc/loadavg: 4.52 15.03 19.19 8/3012 18
/proc/meminfo: memFree=492699728/527542180 swapFree=33544956/33554428
[pid=16] ppid=13 vsize=17684 memory=12460 CPUtime=0.03 cores=0-13,112-125
/proc/16/stat : 16 (python3) S 13 16 0 0 -1 4194304 1890 0 96 0 2 1 0 0 20 0 1 0 53412632 18108416 3115 67087892480 4194304 7154137 140722441171152 0 0 0 0 16781312 2 1 0 0 17 2 0 0 8 0 0 9727432 11029816 28647424 140722441173822 140722441173933 140722441173933 140722441175015 0
/proc/16/statm: 4421 3115 1523 723 0 2063 0
[pid=18] ppid=16 vsize=11932 memory=7916 CPUtime=0.03 cores=0-13,112-125
/proc/18/stat : 18 (bn4rust) R 16 16 0 0 -1 4194304 3005 0 17 0 3 0 0 0 20 0 1 0 53412646 12218368 1979 67087892480 94770826952704 94770828819825 140729309360624 0 0 0 0 4096 1088 0 0 0 17 12 0 0 1 0 0 94770829077888 94770829124824 94770847928320 140729309367041 140729309367190 140729309367190 140729309368289 0
/proc/18/statm: 2983 1979 1091 456 0 1144 0
Current children cumulated CPU time: 0.06 s
Current children cumulated vsize: 29616 KiB
Current children cumulated memory: 20376 KiB

[startup+0.300479 s]*
/proc/loadavg: 4.52 15.03 19.19 10/3023 18
/proc/meminfo: memFree=492658100/527542180 swapFree=33544956/33554428
[pid=16] ppid=13 vsize=17684 memory=12460 CPUtime=0.03 cores=0-13,112-125
/proc/16/stat : 16 (python3) S 13 16 0 0 -1 4194304 1890 0 96 0 2 1 0 0 20 0 1 0 53412632 18108416 3115 67087892480 4194304 7154137 140722441171152 0 0 0 0 16781312 2 1 0 0 17 2 0 0 8 0 0 9727432 11029816 28647424 140722441173822 140722441173933 140722441173933 140722441175015 0
/proc/16/statm: 4421 3115 1523 723 0 2063 0
[pid=18] ppid=16 vsize=9972 memory=6844 CPUtime=0.14 cores=0-13,112-125
/proc/18/stat : 18 (bn4rust) R 16 16 0 0 -1 4194304 6140 0 17 0 13 1 0 0 20 0 1 0 53412646 10211328 1711 67087892480 94770826952704 94770828819825 140729309360624 0 0 0 0 4096 1088 0 0 0 17 12 0 0 1 0 0 94770829077888 94770829124824 94770847928320 140729309367041 140729309367190 140729309367190 140729309368289 0
/proc/18/statm: 2493 1711 1091 456 0 654 0
Current children cumulated CPU time: 0.17 s
Current children cumulated vsize: 27656 KiB
Current children cumulated memory: 19304 KiB

[startup+0.700223 s]
/proc/loadavg: 4.80 14.91 19.13 11/2991 18
/proc/meminfo: memFree=492715964/527542180 swapFree=33544956/33554428
[pid=16] ppid=13 vsize=17684 memory=12460 CPUtime=0.03 cores=0-13,112-125
/proc/16/stat : 16 (python3) S 13 16 0 0 -1 4194304 1891 0 96 0 2 1 0 0 20 0 1 0 53412632 18108416 3115 67087892480 4194304 7154137 140722441171152 0 0 0 0 16781312 2 1 0 0 17 2 0 0 8 0 0 9727432 11029816 28647424 140722441173822 140722441173933 140722441173933 140722441175015 0
/proc/16/statm: 4421 3115 1523 723 0 2063 0
[pid=18] ppid=16 vsize=12596 memory=8844 CPUtime=0.53 cores=0-13,112-125
/proc/18/stat : 18 (bn4rust) R 16 16 0 0 -1 4194304 15690 0 17 0 51 2 0 0 20 0 1 0 53412646 12898304 2211 67087892480 94770826952704 94770828819825 140729309360624 0 0 0 0 4096 1088 0 0 0 17 12 0 0 1 0 0 94770829077888 94770829124824 94770847928320 140729309367041 140729309367190 140729309367190 140729309368289 0
/proc/18/statm: 3149 2211 1091 456 0 1310 0
Current children cumulated CPU time: 0.56 s
Current children cumulated vsize: 30280 KiB
Current children cumulated memory: 21304 KiB

[startup+1.50023 s]
/proc/loadavg: 4.80 14.91 19.13 7/3004 18
/proc/meminfo: memFree=492684232/527542180 swapFree=33544956/33554428
[pid=16] ppid=13 vsize=17684 memory=12460 CPUtime=0.03 cores=0-13,112-125
/proc/16/stat : 16 (python3) S 13 16 0 0 -1 4194304 1891 0 96 0 2 1 0 0 20 0 1 0 53412632 18108416 3115 67087892480 4194304 7154137 140722441171152 0 0 0 0 16781312 2 1 0 0 17 2 0 0 8 0 0 9727432 11029816 28647424 140722441173822 140722441173933 140722441173933 140722441175015 0
/proc/16/statm: 4421 3115 1523 723 0 2063 0
[pid=18] ppid=16 vsize=13172 memory=9108 CPUtime=1.33 cores=0-13,112-125
/proc/18/stat : 18 (bn4rust) R 16 16 0 0 -1 4194304 32682 0 17 0 129 4 0 0 20 0 1 0 53412646 13488128 2277 67087892480 94770826952704 94770828819825 140729309360624 0 0 0 0 4096 1088 0 0 0 17 12 0 0 1 0 0 94770829077888 94770829124824 94770847928320 140729309367041 140729309367190 140729309367190 140729309368289 0
/proc/18/statm: 3293 2277 1091 456 0 1454 0
Current children cumulated CPU time: 1.36 s
Current children cumulated vsize: 30856 KiB
Current children cumulated memory: 21568 KiB

[startup+3.10045 s]
/proc/loadavg: 4.80 14.91 19.13 7/2981 18
/proc/meminfo: memFree=493176024/527542180 swapFree=33544956/33554428
[pid=16] ppid=13 vsize=17684 memory=12460 CPUtime=0.03 cores=0-13,112-125
/proc/16/stat : 16 (python3) S 13 16 0 0 -1 4194304 1891 0 96 0 2 1 0 0 20 0 1 0 53412632 18108416 3115 67087892480 4194304 7154137 140722441171152 0 0 0 0 16781312 2 1 0 0 17 2 0 0 8 0 0 9727432 11029816 28647424 140722441173822 140722441173933 140722441173933 140722441175015 0
/proc/16/statm: 4421 3115 1523 723 0 2063 0
[pid=18] ppid=16 vsize=20884 memory=17680 CPUtime=2.93 cores=0-13,112-125
/proc/18/stat : 18 (bn4rust) R 16 16 0 0 -1 4194304 55751 0 17 0 285 8 0 0 20 0 1 0 53412646 21385216 4420 67087892480 94770826952704 94770828819825 140729309360624 0 0 0 0 4096 1088 0 0 0 17 12 0 0 1 0 0 94770829077888 94770829124824 94770847928320 140729309367041 140729309367190 140729309367190 140729309368289 0
/proc/18/statm: 5221 4420 1091 456 0 3382 0
Current children cumulated CPU time: 2.96 s
Current children cumulated vsize: 38568 KiB
Current children cumulated memory: 30140 KiB

[startup+6.30023 s]
/proc/loadavg: 4.82 14.74 19.06 6/2937 18
/proc/meminfo: memFree=493165820/527542180 swapFree=33544956/33554428
[pid=16] ppid=13 vsize=17684 memory=12460 CPUtime=0.03 cores=0-13,112-125
/proc/16/stat : 16 (python3) S 13 16 0 0 -1 4194304 1891 0 96 0 2 1 0 0 20 0 1 0 53412632 18108416 3115 67087892480 4194304 7154137 140722441171152 0 0 0 0 16781312 2 1 0 0 17 2 0 0 8 0 0 9727432 11029816 28647424 140722441173822 140722441173933 140722441173933 140722441175015 0
/proc/16/statm: 4421 3115 1523 723 0 2063 0
[pid=18] ppid=16 vsize=33588 memory=30108 CPUtime=6.12 cores=0-13,112-125
/proc/18/stat : 18 (bn4rust) R 16 16 0 0 -1 4194304 82675 0 17 0 599 13 0 0 20 0 1 0 53412646 34394112 7527 67087892480 94770826952704 94770828819825 140729309360624 0 0 0 0 4096 1088 0 0 0 17 12 0 0 1 0 0 94770829077888 94770829124824 94770847928320 140729309367041 140729309367190 140729309367190 140729309368289 0
/proc/18/statm: 8397 7527 1091 456 0 6558 0
Current children cumulated CPU time: 6.15 s
Current children cumulated vsize: 51272 KiB
Current children cumulated memory: 42568 KiB

[startup+12.7002 s]
/proc/loadavg: 4.99 14.62 18.99 8/3031 18
/proc/meminfo: memFree=493746128/527542180 swapFree=33544956/33554428
[pid=16] ppid=13 vsize=17684 memory=12460 CPUtime=0.03 cores=0-13,112-125
/proc/16/stat : 16 (python3) S 13 16 0 0 -1 4194304 1891 0 96 0 2 1 0 0 20 0 1 0 53412632 18108416 3115 67087892480 4194304 7154137 140722441171152 0 0 0 0 16781312 2 1 0 0 17 2 0 0 8 0 0 9727432 11029816 28647424 140722441173822 140722441173933 140722441173933 140722441175015 0
/proc/16/statm: 4421 3115 1523 723 0 2063 0
[pid=18] ppid=16 vsize=43432 memory=39668 CPUtime=12.5 cores=0-13,112-125
/proc/18/stat : 18 (bn4rust) R 16 16 0 0 -1 4194304 128799 0 17 0 1228 22 0 0 20 0 1 0 53412646 44474368 9917 67087892480 94770826952704 94770828819825 140729309360624 0 0 0 0 4096 1088 0 0 0 17 12 0 0 1 0 0 94770829077888 94770829124824 94770847928320 140729309367041 140729309367190 140729309367190 140729309368289 0
/proc/18/statm: 10858 9917 1091 456 0 9019 0
Current children cumulated CPU time: 12.53 s
Current children cumulated vsize: 61116 KiB
Current children cumulated memory: 52128 KiB

[startup+25.5003 s]
/proc/loadavg: 5.45 14.40 18.87 8/3033 18
/proc/meminfo: memFree=492654708/527542180 swapFree=33544956/33554428
[pid=16] ppid=13 vsize=17684 memory=12460 CPUtime=0.03 cores=0-13,112-125
/proc/16/stat : 16 (python3) S 13 16 0 0 -1 4194304 1891 0 96 0 2 1 0 0 20 0 1 0 53412632 18108416 3115 67087892480 4194304 7154137 140722441171152 0 0 0 0 16781312 2 1 0 0 17 2 0 0 8 0 0 9727432 11029816 28647424 140722441173822 140722441173933 140722441173933 140722441175015 0
/proc/16/statm: 4421 3115 1523 723 0 2063 0
[pid=18] ppid=16 vsize=54900 memory=51444 CPUtime=25.25 cores=0-13,112-125
/proc/18/stat : 18 (bn4rust) R 16 16 0 0 -1 4194304 164185 0 17 0 2494 31 0 0 20 0 1 0 53412646 56217600 12861 67087892480 94770826952704 94770828819825 140729309360624 0 0 0 0 4096 1088 0 0 0 17 124 0 0 1 0 0 94770829077888 94770829124824 94770847928320 140729309367041 140729309367190 140729309367190 140729309368289 0
/proc/18/statm: 13725 12861 1091 456 0 11886 0
Current children cumulated CPU time: 25.28 s
Current children cumulated vsize: 72584 KiB
Current children cumulated memory: 63904 KiB

[startup+51.1005 s]
/proc/loadavg: 5.78 13.62 18.47 9/3000 18
/proc/meminfo: memFree=491471000/527542180 swapFree=33544956/33554428
[pid=16] ppid=13 vsize=17684 memory=12460 CPUtime=0.03 cores=0-13,112-125
/proc/16/stat : 16 (python3) S 13 16 0 0 -1 4194304 1891 0 96 0 2 1 0 0 20 0 1 0 53412632 18108416 3115 67087892480 4194304 7154137 140722441171152 0 0 0 0 16781312 2 1 0 0 17 2 0 0 8 0 0 9727432 11029816 28647424 140722441173822 140722441173933 140722441173933 140722441175015 0
/proc/16/statm: 4421 3115 1523 723 0 2063 0
[pid=18] ppid=16 vsize=105332 memory=98496 CPUtime=50.77 cores=0-13,112-125
/proc/18/stat : 18 (bn4rust) R 16 16 0 0 -1 4194304 228722 0 17 0 5024 53 0 0 20 0 1 0 53412646 107859968 24624 67087892480 94770826952704 94770828819825 140729309360624 0 0 0 0 4096 1088 0 0 0 17 12 0 0 1 0 0 94770829077888 94770829124824 94770847928320 140729309367041 140729309367190 140729309367190 140729309368289 0
/proc/18/statm: 26333 24624 1091 456 0 24494 0
Current children cumulated CPU time: 50.8 s
Current children cumulated vsize: 123016 KiB
Current children cumulated memory: 110956 KiB

[startup+102.3 s]
/proc/loadavg: 6.95 12.73 17.91 9/3056 18
/proc/meminfo: memFree=487398552/527542180 swapFree=33544956/33554428
[pid=16] ppid=13 vsize=17684 memory=12460 CPUtime=0.03 cores=0-13,112-125
/proc/16/stat : 16 (python3) S 13 16 0 0 -1 4194304 1892 0 96 0 2 1 0 0 20 0 1 0 53412632 18108416 3115 67087892480 4194304 7154137 140722441171152 0 0 0 0 16781312 2 1 0 0 17 2 0 0 8 0 0 9727432 11029816 28647424 140722441173822 140722441173933 140722441173933 140722441175015 0
/proc/16/statm: 4421 3115 1523 723 0 2063 0
[pid=18] ppid=16 vsize=99956 memory=95672 CPUtime=101.8 cores=0-13,112-125
/proc/18/stat : 18 (bn4rust) R 16 16 0 0 -1 4194304 279538 0 17 0 10107 73 0 0 20 0 1 0 53412646 102354944 23918 67087892480 94770826952704 94770828819825 140729309360624 0 0 0 0 4096 1088 0 0 0 17 12 0 0 1 0 0 94770829077888 94770829124824 94770847928320 140729309367041 140729309367190 140729309367190 140729309368289 0
/proc/18/statm: 24989 23918 1091 456 0 23150 0
Current children cumulated CPU time: 101.83 s
Current children cumulated vsize: 117640 KiB
Current children cumulated memory: 108132 KiB

[startup+162.3 s]
/proc/loadavg: 7.62 11.86 17.29 9/3055 18
/proc/meminfo: memFree=486194360/527542180 swapFree=33544956/33554428
[pid=16] ppid=13 vsize=17684 memory=12460 CPUtime=0.03 cores=0-13,112-125
/proc/16/stat : 16 (python3) S 13 16 0 0 -1 4194304 1892 0 96 0 2 1 0 0 20 0 1 0 53412632 18108416 3115 67087892480 4194304 7154137 140722441171152 0 0 0 0 16781312 2 1 0 0 17 2 0 0 8 0 0 9727432 11029816 28647424 140722441173822 140722441173933 140722441173933 140722441175015 0
/proc/16/statm: 4421 3115 1523 723 0 2063 0
[pid=18] ppid=16 vsize=119412 memory=116004 CPUtime=161.61 cores=0-13,112-125
/proc/18/stat : 18 (bn4rust) R 16 16 0 0 -1 4194304 375100 0 17 0 16044 117 0 0 20 0 1 0 53412646 122277888 29001 67087892480 94770826952704 94770828819825 140729309360624 0 0 0 0 4096 1088 0 0 0 17 12 0 0 1 0 0 94770829077888 94770829124824 94770847928320 140729309367041 140729309367190 140729309367190 140729309368289 0
/proc/18/statm: 29853 29001 1091 456 0 28014 0
Current children cumulated CPU time: 161.64 s
Current children cumulated vsize: 137096 KiB
Current children cumulated memory: 128464 KiB

[startup+222.3 s]
/proc/loadavg: 7.86 11.16 16.71 8/3025 18
/proc/meminfo: memFree=478138160/527542180 swapFree=33544956/33554428
[pid=16] ppid=13 vsize=17684 memory=12460 CPUtime=0.03 cores=0-13,112-125
/proc/16/stat : 16 (python3) S 13 16 0 0 -1 4194304 1892 0 96 0 2 1 0 0 20 0 1 0 53412632 18108416 3115 67087892480 4194304 7154137 140722441171152 0 0 0 0 16781312 2 1 0 0 17 2 0 0 8 0 0 9727432 11029816 28647424 140722441173822 140722441173933 140722441173933 140722441175015 0
/proc/16/statm: 4421 3115 1523 723 0 2063 0
[pid=18] ppid=16 vsize=138356 memory=133872 CPUtime=221.43 cores=0-13,112-125
/proc/18/stat : 18 (bn4rust) R 16 16 0 0 -1 4194304 483204 0 17 0 21969 174 0 0 20 0 1 0 53412646 141676544 33468 67087892480 94770826952704 94770828819825 140729309360624 0 0 0 0 4096 1088 0 0 0 17 12 0 0 1 0 0 94770829077888 94770829124824 94770847928320 140729309367041 140729309367190 140729309367190 140729309368289 0
/proc/18/statm: 34589 33468 1091 456 0 32750 0
Current children cumulated CPU time: 221.46 s
Current children cumulated vsize: 156040 KiB
Current children cumulated memory: 146332 KiB

[startup+282.3 s]
/proc/loadavg: 7.66 10.48 16.12 9/3041 18
/proc/meminfo: memFree=477476972/527542180 swapFree=33544956/33554428
[pid=16] ppid=13 vsize=17684 memory=12460 CPUtime=0.03 cores=0-13,112-125
/proc/16/stat : 16 (python3) S 13 16 0 0 -1 4194304 1892 0 96 0 2 1 0 0 20 0 1 0 53412632 18108416 3115 67087892480 4194304 7154137 140722441171152 0 0 0 0 16781312 2 1 0 0 17 2 0 0 8 0 0 9727432 11029816 28647424 140722441173822 140722441173933 140722441173933 140722441175015 0
/proc/16/statm: 4421 3115 1523 723 0 2063 0
[pid=18] ppid=16 vsize=93300 memory=89876 CPUtime=281.23 cores=0-13,112-125
/proc/18/stat : 18 (bn4rust) R 16 16 0 0 -1 4194304 578133 0 17 0 27889 234 0 0 20 0 1 0 53412646 95539200 22469 67087892480 94770826952704 94770828819825 140729309360624 0 0 0 0 4096 1088 0 0 0 17 12 0 0 1 0 0 94770829077888 94770829124824 94770847928320 140729309367041 140729309367190 140729309367190 140729309368289 0
/proc/18/statm: 23325 22469 1091 456 0 21486 0
Current children cumulated CPU time: 281.26 s
Current children cumulated vsize: 110984 KiB
Current children cumulated memory: 102336 KiB

[startup+342.3 s]
/proc/loadavg: 7.98 10.05 15.62 9/3001 18
/proc/meminfo: memFree=468660572/527542180 swapFree=33544956/33554428
[pid=16] ppid=13 vsize=17684 memory=12800 CPUtime=0.03 cores=0-13,112-125
/proc/16/stat : 16 (python3) S 13 16 0 0 -1 4194304 1892 0 96 0 2 1 0 0 20 0 1 0 53412632 18108416 3200 67087892480 4194304 7154137 140722441171152 0 0 0 0 16781312 2 1 0 0 17 2 0 0 8 0 0 9727432 11029816 28647424 140722441173822 140722441173933 140722441173933 140722441175015 0
/proc/16/statm: 4421 3200 1523 723 0 2063 0
[pid=18] ppid=16 vsize=235640 memory=219404 CPUtime=341.03 cores=0-13,112-125
/proc/18/stat : 18 (bn4rust) R 16 16 0 0 -1 4194304 658002 0 17 0 33816 287 0 0 20 0 1 0 53412646 241295360 54785 67087892480 94770826952704 94770828819825 140729309360624 0 0 0 0 4096 1088 0 0 0 17 12 0 0 1 0 0 94770829077888 94770829124824 94770847928320 140729309367041 140729309367190 140729309367190 140729309368289 0
/proc/18/statm: 58910 54785 1091 456 0 57071 0
Current children cumulated CPU time: 341.06 s
Current children cumulated vsize: 253324 KiB
Current children cumulated memory: 232204 KiB

[startup+402.3 s]
/proc/loadavg: 7.99 9.68 15.14 9/2995 18
/proc/meminfo: memFree=465106420/527542180 swapFree=33544956/33554428
[pid=16] ppid=13 vsize=17684 memory=12800 CPUtime=0.04 cores=0-13,112-125
/proc/16/stat : 16 (python3) S 13 16 0 0 -1 4194304 1892 0 96 0 3 1 0 0 20 0 1 0 53412632 18108416 3200 67087892480 4194304 7154137 140722441171152 0 0 0 0 16781312 2 1 0 0 17 2 0 0 8 0 0 9727432 11029816 28647424 140722441173822 140722441173933 140722441173933 140722441175015 0
/proc/16/statm: 4421 3200 1523 723 0 2063 0
[pid=18] ppid=16 vsize=142452 memory=133732 CPUtime=400.85 cores=0-13,112-125
/proc/18/stat : 18 (bn4rust) R 16 16 0 0 -1 4194304 741578 0 17 0 39741 344 0 0 20 0 1 0 53412646 145870848 33433 67087892480 94770826952704 94770828819825 140729309360624 0 0 0 0 4096 1088 0 0 0 17 12 0 0 1 0 0 94770829077888 94770829124824 94770847928320 140729309367041 140729309367190 140729309367190 140729309368289 0
/proc/18/statm: 35613 33433 1091 456 0 33774 0
Current children cumulated CPU time: 400.89 s
Current children cumulated vsize: 160136 KiB
Current children cumulated memory: 146532 KiB

[startup+462.3 s]
/proc/loadavg: 8.00 9.37 14.69 9/2995 18
/proc/meminfo: memFree=466605256/527542180 swapFree=33544956/33554428
[pid=16] ppid=13 vsize=17684 memory=12800 CPUtime=0.04 cores=0-13,112-125
/proc/16/stat : 16 (python3) S 13 16 0 0 -1 4194304 1893 0 96 0 3 1 0 0 20 0 1 0 53412632 18108416 3200 67087892480 4194304 7154137 140722441171152 0 0 0 0 16781312 2 1 0 0 17 2 0 0 8 0 0 9727432 11029816 28647424 140722441173822 140722441173933 140722441173933 140722441175015 0
/proc/16/statm: 4421 3200 1523 723 0 2063 0
[pid=18] ppid=16 vsize=142452 memory=138060 CPUtime=460.66 cores=0-13,112-125
/proc/18/stat : 18 (bn4rust) R 16 16 0 0 -1 4194304 810119 0 17 0 45672 394 0 0 20 0 1 0 53412646 145870848 34515 67087892480 94770826952704 94770828819825 140729309360624 0 0 0 0 4096 1088 0 0 0 17 12 0 0 1 0 0 94770829077888 94770829124824 94770847928320 140729309367041 140729309367190 140729309367190 140729309368289 0
/proc/18/statm: 35613 34515 1091 456 0 33774 0
Current children cumulated CPU time: 460.7 s
Current children cumulated vsize: 160136 KiB
Current children cumulated memory: 150860 KiB

[startup+522.3 s]
/proc/loadavg: 7.59 9.00 14.23 10/2977 18
/proc/meminfo: memFree=462319764/527542180 swapFree=33544956/33554428
[pid=16] ppid=13 vsize=17684 memory=12800 CPUtime=0.04 cores=0-13,112-125
/proc/16/stat : 16 (python3) S 13 16 0 0 -1 4194304 1893 0 96 0 3 1 0 0 20 0 1 0 53412632 18108416 3200 67087892480 4194304 7154137 140722441171152 0 0 0 0 16781312 2 1 0 0 17 2 0 0 8 0 0 9727432 11029816 28647424 140722441173822 140722441173933 140722441173933 140722441175015 0
/proc/16/statm: 4421 3200 1523 723 0 2063 0
[pid=18] ppid=16 vsize=174728 memory=163580 CPUtime=520.46 cores=0-13,112-125
/proc/18/stat : 18 (bn4rust) R 16 16 0 0 -1 4194304 891857 0 17 0 51593 453 0 0 20 0 1 0 53412646 178921472 40895 67087892480 94770826952704 94770828819825 140729309360624 0 0 0 0 4096 1088 0 0 0 17 12 0 0 1 0 0 94770829077888 94770829124824 94770847928320 140729309367041 140729309367190 140729309367190 140729309368289 0
/proc/18/statm: 43682 40895 1091 456 0 41843 0
Current children cumulated CPU time: 520.5 s
Current children cumulated vsize: 192412 KiB
Current children cumulated memory: 176380 KiB

[startup+582.3 s]
/proc/loadavg: 7.70 8.76 13.81 8/2981 18
/proc/meminfo: memFree=465124796/527542180 swapFree=33544956/33554428
[pid=16] ppid=13 vsize=17684 memory=12800 CPUtime=0.04 cores=0-13,112-125
/proc/16/stat : 16 (python3) S 13 16 0 0 -1 4194304 1893 0 96 0 3 1 0 0 20 0 1 0 53412632 18108416 3200 67087892480 4194304 7154137 140722441171152 0 0 0 0 16781312 2 1 0 0 17 2 0 0 8 0 0 9727432 11029816 28647424 140722441173822 140722441173933 140722441173933 140722441175015 0
/proc/16/statm: 4421 3200 1523 723 0 2063 0
[pid=18] ppid=16 vsize=93300 memory=89868 CPUtime=580.27 cores=0-13,112-125
/proc/18/stat : 18 (bn4rust) R 16 16 0 0 -1 4194304 967638 0 17 0 57518 509 0 0 20 0 1 0 53412646 95539200 22467 67087892480 94770826952704 94770828819825 140729309360624 0 0 0 0 4096 1088 0 0 0 17 12 0 0 1 0 0 94770829077888 94770829124824 94770847928320 140729309367041 140729309367190 140729309367190 140729309368289 0
/proc/18/statm: 23325 22467 1091 456 0 21486 0
Current children cumulated CPU time: 580.31 s
Current children cumulated vsize: 110984 KiB
Current children cumulated memory: 102668 KiB

[startup+642.3 s]
/proc/loadavg: 7.74 8.56 13.43 9/2994 18
/proc/meminfo: memFree=466781900/527542180 swapFree=33544956/33554428
[pid=16] ppid=13 vsize=17684 memory=12800 CPUtime=0.04 cores=0-13,112-125
/proc/16/stat : 16 (python3) S 13 16 0 0 -1 4194304 1893 0 96 0 3 1 0 0 20 0 1 0 53412632 18108416 3200 67087892480 4194304 7154137 140722441171152 0 0 0 0 16781312 2 1 0 0 17 2 0 0 8 0 0 9727432 11029816 28647424 140722441173822 140722441173933 140722441173933 140722441175015 0
/proc/16/statm: 4421 3200 1523 723 0 2063 0
[pid=18] ppid=16 vsize=246920 memory=241288 CPUtime=640.09 cores=0-13,112-125
/proc/18/stat : 18 (bn4rust) R 16 16 0 0 -1 4194304 1055699 0 17 0 63429 580 0 0 20 0 1 0 53412646 252846080 60322 67087892480 94770826952704 94770828819825 140729309360624 0 0 0 0 4096 1088 0 0 0 17 12 0 0 1 0 0 94770829077888 94770829124824 94770847928320 140729309367041 140729309367190 140729309367190 140729309368289 0
/proc/18/statm: 61730 60322 1091 456 0 59891 0
Current children cumulated CPU time: 640.13 s
Current children cumulated vsize: 264604 KiB
Current children cumulated memory: 254088 KiB

[startup+702.3 s]
/proc/loadavg: 7.91 8.45 13.08 9/2989 18
/proc/meminfo: memFree=468092368/527542180 swapFree=33544956/33554428
[pid=16] ppid=13 vsize=17684 memory=12800 CPUtime=0.04 cores=0-13,112-125
/proc/16/stat : 16 (python3) S 13 16 0 0 -1 4194304 1893 0 96 0 3 1 0 0 20 0 1 0 53412632 18108416 3200 67087892480 4194304 7154137 140722441171152 0 0 0 0 16781312 2 1 0 0 17 2 0 0 8 0 0 9727432 11029816 28647424 140722441173822 140722441173933 140722441173933 140722441175015 0
/proc/16/statm: 4421 3200 1523 723 0 2063 0
[pid=18] ppid=16 vsize=269628 memory=244748 CPUtime=699.92 cores=0-13,112-125
/proc/18/stat : 18 (bn4rust) R 16 16 0 0 -1 4194304 1153046 0 17 0 69331 661 0 0 20 0 1 0 53412646 276099072 61187 67087892480 94770826952704 94770828819825 140729309360624 0 0 0 0 4096 1088 0 0 0 17 12 0 0 1 0 0 94770829077888 94770829124824 94770847928320 140729309367041 140729309367190 140729309367190 140729309368289 0
/proc/18/statm: 67407 61187 1091 456 0 65568 0
Current children cumulated CPU time: 699.96 s
Current children cumulated vsize: 287312 KiB
Current children cumulated memory: 257548 KiB

[startup+762.3 s]
/proc/loadavg: 8.01 8.38 12.77 9/2989 18
/proc/meminfo: memFree=461568188/527542180 swapFree=33544956/33554428
[pid=16] ppid=13 vsize=17684 memory=12800 CPUtime=0.04 cores=0-13,112-125
/proc/16/stat : 16 (python3) S 13 16 0 0 -1 4194304 1893 0 96 0 3 1 0 0 20 0 1 0 53412632 18108416 3200 67087892480 4194304 7154137 140722441171152 0 0 0 0 16781312 2 1 0 0 17 2 0 0 8 0 0 9727432 11029816 28647424 140722441173822 140722441173933 140722441173933 140722441175015 0
/proc/16/statm: 4421 3200 1523 723 0 2063 0
[pid=18] ppid=16 vsize=269928 memory=235264 CPUtime=759.73 cores=0-13,112-125
/proc/18/stat : 18 (bn4rust) R 16 16 0 0 -1 4194304 1241706 0 17 0 75233 740 0 0 20 0 1 0 53412646 276406272 58816 67087892480 94770826952704 94770828819825 140729309360624 0 0 0 0 4096 1088 0 0 0 17 12 0 0 1 0 0 94770829077888 94770829124824 94770847928320 140729309367041 140729309367190 140729309367190 140729309368289 0
/proc/18/statm: 67482 58816 1091 456 0 65643 0
Current children cumulated CPU time: 759.77 s
Current children cumulated vsize: 287612 KiB
Current children cumulated memory: 248064 KiB

[startup+822.3 s]
/proc/loadavg: 8.06 8.33 12.47 9/2985 18
/proc/meminfo: memFree=454636532/527542180 swapFree=33544956/33554428
[pid=16] ppid=13 vsize=17684 memory=12800 CPUtime=0.04 cores=0-13,112-125
/proc/16/stat : 16 (python3) S 13 16 0 0 -1 4194304 1893 0 96 0 3 1 0 0 20 0 1 0 53412632 18108416 3200 67087892480 4194304 7154137 140722441171152 0 0 0 0 16781312 2 1 0 0 17 2 0 0 8 0 0 9727432 11029816 28647424 140722441173822 140722441173933 140722441173933 140722441175015 0
/proc/16/statm: 4421 3200 1523 723 0 2063 0
[pid=18] ppid=16 vsize=138356 memory=133848 CPUtime=819.56 cores=0-13,112-125
/proc/18/stat : 18 (bn4rust) R 16 16 0 0 -1 4194304 1319136 0 17 0 81144 812 0 0 20 0 1 0 53412646 141676544 33462 67087892480 94770826952704 94770828819825 140729309360624 0 0 0 0 4096 1088 0 0 0 17 12 0 0 1 0 0 94770829077888 94770829124824 94770847928320 140729309367041 140729309367190 140729309367190 140729309368289 0
/proc/18/statm: 34589 33462 1091 456 0 32750 0
Current children cumulated CPU time: 819.6 s
Current children cumulated vsize: 156040 KiB
Current children cumulated memory: 146648 KiB

[startup+882.3 s]
/proc/loadavg: 8.02 8.27 12.19 9/2978 18
/proc/meminfo: memFree=452003048/527542180 swapFree=33544956/33554428
[pid=16] ppid=13 vsize=17684 memory=12800 CPUtime=0.04 cores=0-13,112-125
/proc/16/stat : 16 (python3) S 13 16 0 0 -1 4194304 1893 0 96 0 3 1 0 0 20 0 1 0 53412632 18108416 3200 67087892480 4194304 7154137 140722441171152 0 0 0 0 16781312 2 1 0 0 17 2 0 0 8 0 0 9727432 11029816 28647424 140722441173822 140722441173933 140722441173933 140722441175015 0
/proc/16/statm: 4421 3200 1523 723 0 2063 0
[pid=18] ppid=16 vsize=150644 memory=140992 CPUtime=879.38 cores=0-13,112-125
/proc/18/stat : 18 (bn4rust) R 16 16 0 0 -1 4194304 1436834 0 17 0 87024 914 0 0 20 0 1 0 53412646 154259456 35248 67087892480 94770826952704 94770828819825 140729309360624 0 0 0 0 4096 1088 0 0 0 17 12 0 0 1 0 0 94770829077888 94770829124824 94770847928320 140729309367041 140729309367190 140729309367190 140729309368289 0
/proc/18/statm: 37661 35248 1091 456 0 35822 0
Current children cumulated CPU time: 879.42 s
Current children cumulated vsize: 168328 KiB
Current children cumulated memory: 153792 KiB

[startup+942.3 s]
/proc/loadavg: 8.00 8.21 11.92 9/2969 18
/proc/meminfo: memFree=426623112/527542180 swapFree=33544956/33554428
[pid=16] ppid=13 vsize=17684 memory=12800 CPUtime=0.04 cores=0-13,112-125
/proc/16/stat : 16 (python3) S 13 16 0 0 -1 4194304 1893 0 96 0 3 1 0 0 20 0 1 0 53412632 18108416 3200 67087892480 4194304 7154137 140722441171152 0 0 0 0 16781312 2 1 0 0 17 2 0 0 8 0 0 9727432 11029816 28647424 140722441173822 140722441173933 140722441173933 140722441175015 0
/proc/16/statm: 4421 3200 1523 723 0 2063 0
[pid=18] ppid=16 vsize=320640 memory=292548 CPUtime=939.21 cores=0-13,112-125
/proc/18/stat : 18 (bn4rust) R 16 16 0 0 -1 4194304 1523190 0 17 0 92921 1000 0 0 20 0 1 0 53412646 328335360 73137 67087892480 94770826952704 94770828819825 140729309360624 0 0 0 0 4096 1088 0 0 0 17 12 0 0 1 0 0 94770829077888 94770829124824 94770847928320 140729309367041 140729309367190 140729309367190 140729309368289 0
/proc/18/statm: 80160 73137 1091 456 0 78321 0
Current children cumulated CPU time: 939.25 s
Current children cumulated vsize: 338324 KiB
Current children cumulated memory: 305348 KiB

[startup+1002.3 s]
/proc/loadavg: 8.00 8.17 11.68 9/2967 18
/proc/meminfo: memFree=425200412/527542180 swapFree=33544956/33554428
[pid=16] ppid=13 vsize=17684 memory=12800 CPUtime=0.04 cores=0-13,112-125
/proc/16/stat : 16 (python3) S 13 16 0 0 -1 4194304 1893 0 96 0 3 1 0 0 20 0 1 0 53412632 18108416 3200 67087892480 4194304 7154137 140722441171152 0 0 0 0 16781312 2 1 0 0 17 2 0 0 8 0 0 9727432 11029816 28647424 140722441173822 140722441173933 140722441173933 140722441175015 0
/proc/16/statm: 4421 3200 1523 723 0 2063 0
[pid=18] ppid=16 vsize=175220 memory=157376 CPUtime=999.04 cores=0-13,112-125
/proc/18/stat : 18 (bn4rust) R 16 16 0 0 -1 4194304 1618210 0 17 0 98811 1093 0 0 20 0 1 0 53412646 179425280 39344 67087892480 94770826952704 94770828819825 140729309360624 0 0 0 0 4096 1088 0 0 0 17 12 0 0 1 0 0 94770829077888 94770829124824 94770847928320 140729309367041 140729309367190 140729309367190 140729309368289 0
/proc/18/statm: 43805 39344 1091 456 0 41966 0
Current children cumulated CPU time: 999.08 s
Current children cumulated vsize: 192904 KiB
Current children cumulated memory: 170176 KiB

[startup+1062.3 s]
/proc/loadavg: 8.00 8.14 11.44 9/2965 18
/proc/meminfo: memFree=421638104/527542180 swapFree=33544956/33554428
[pid=16] ppid=13 vsize=17684 memory=12800 CPUtime=0.04 cores=0-13,112-125
/proc/16/stat : 16 (python3) S 13 16 0 0 -1 4194304 1893 0 96 0 3 1 0 0 20 0 1 0 53412632 18108416 3200 67087892480 4194304 7154137 140722441171152 0 0 0 0 16781312 2 1 0 0 17 2 0 0 8 0 0 9727432 11029816 28647424 140722441173822 140722441173933 140722441173933 140722441175015 0
/proc/16/statm: 4421 3200 1523 723 0 2063 0
[pid=18] ppid=16 vsize=283780 memory=249652 CPUtime=1058.86 cores=0-13,112-125
/proc/18/stat : 18 (bn4rust) R 16 16 0 0 -1 4194304 1718511 0 17 0 104696 1190 0 0 20 0 1 0 53412646 290590720 62413 67087892480 94770826952704 94770828819825 140729309360624 0 0 0 0 4096 1088 0 0 0 17 12 0 0 1 0 0 94770829077888 94770829124824 94770847928320 140729309367041 140729309367190 140729309367190 140729309368289 0
/proc/18/statm: 70945 62413 1091 456 0 69106 0
Current children cumulated CPU time: 1058.9 s
Current children cumulated vsize: 301464 KiB
Current children cumulated memory: 262452 KiB

[startup+1122.3 s]
/proc/loadavg: 8.00 8.11 11.22 9/2965 18
/proc/meminfo: memFree=408296988/527542180 swapFree=33544956/33554428
[pid=16] ppid=13 vsize=17684 memory=12800 CPUtime=0.04 cores=0-13,112-125
/proc/16/stat : 16 (python3) S 13 16 0 0 -1 4194304 1893 0 96 0 3 1 0 0 20 0 1 0 53412632 18108416 3200 67087892480 4194304 7154137 140722441171152 0 0 0 0 16781312 2 1 0 0 17 2 0 0 8 0 0 9727432 11029816 28647424 140722441173822 140722441173933 140722441173933 140722441175015 0
/proc/16/statm: 4421 3200 1523 723 0 2063 0
[pid=18] ppid=16 vsize=280756 memory=277412 CPUtime=1118.68 cores=0-13,112-125
/proc/18/stat : 18 (bn4rust) R 16 16 0 0 -1 4194304 1814564 0 17 0 110572 1296 0 0 20 0 1 0 53412646 287494144 69353 67087892480 94770826952704 94770828819825 140729309360624 0 0 0 0 4096 1088 0 0 0 17 12 0 0 1 0 0 94770829077888 94770829124824 94770847928320 140729309367041 140729309367190 140729309367190 140729309368289 0
/proc/18/statm: 70189 69353 1091 456 0 68350 0
Current children cumulated CPU time: 1118.72 s
Current children cumulated vsize: 298440 KiB
Current children cumulated memory: 290212 KiB

[startup+1182.3 s]
/proc/loadavg: 8.00 8.09 11.02 9/2964 18
/proc/meminfo: memFree=424094604/527542180 swapFree=33544956/33554428
[pid=16] ppid=13 vsize=17684 memory=12800 CPUtime=0.04 cores=0-13,112-125
/proc/16/stat : 16 (python3) S 13 16 0 0 -1 4194304 1893 0 96 0 3 1 0 0 20 0 1 0 53412632 18108416 3200 67087892480 4194304 7154137 140722441171152 0 0 0 0 16781312 2 1 0 0 17 2 0 0 8 0 0 9727432 11029816 28647424 140722441173822 140722441173933 140722441173933 140722441175015 0
/proc/16/statm: 4421 3200 1523 723 0 2063 0
[pid=18] ppid=16 vsize=222324 memory=217932 CPUtime=1178.5 cores=0-13,112-125
/proc/18/stat : 18 (bn4rust) R 16 16 0 0 -1 4194304 1918416 0 17 0 116454 1396 0 0 20 0 1 0 53412646 227659776 54483 67087892480 94770826952704 94770828819825 140729309360624 0 0 0 0 4096 1088 0 0 0 17 12 0 0 1 0 0 94770829077888 94770829124824 94770847928320 140729309367041 140729309367190 140729309367190 140729309368289 0
/proc/18/statm: 55581 54483 1091 456 0 53742 0
Current children cumulated CPU time: 1178.54 s
Current children cumulated vsize: 240008 KiB
Current children cumulated memory: 230732 KiB

[startup+1242.3 s]
/proc/loadavg: 8.06 8.09 10.83 9/2965 18
/proc/meminfo: memFree=419593892/527542180 swapFree=33544956/33554428
[pid=16] ppid=13 vsize=17684 memory=12800 CPUtime=0.04 cores=0-13,112-125
/proc/16/stat : 16 (python3) S 13 16 0 0 -1 4194304 1894 0 96 0 3 1 0 0 20 0 1 0 53412632 18108416 3200 67087892480 4194304 7154137 140722441171152 0 0 0 0 16781312 2 1 0 0 17 2 0 0 8 0 0 9727432 11029816 28647424 140722441173822 140722441173933 140722441173933 140722441175015 0
/proc/16/statm: 4421 3200 1523 723 0 2063 0
[pid=18] ppid=16 vsize=222324 memory=215768 CPUtime=1238.33 cores=0-13,112-125
/proc/18/stat : 18 (bn4rust) R 16 16 0 0 -1 4194304 2018484 0 17 0 122336 1497 0 0 20 0 1 0 53412646 227659776 53942 67087892480 94770826952704 94770828819825 140729309360624 0 0 0 0 4096 1088 0 0 0 17 12 0 0 1 0 0 94770829077888 94770829124824 94770847928320 140729309367041 140729309367190 140729309367190 140729309368289 0
/proc/18/statm: 55581 53942 1091 456 0 53742 0
Current children cumulated CPU time: 1238.37 s
Current children cumulated vsize: 240008 KiB
Current children cumulated memory: 228568 KiB

[startup+1302.3 s]
/proc/loadavg: 8.10 8.09 10.66 9/2965 18
/proc/meminfo: memFree=422668632/527542180 swapFree=33544956/33554428
[pid=16] ppid=13 vsize=17684 memory=12800 CPUtime=0.04 cores=0-13,112-125
/proc/16/stat : 16 (python3) S 13 16 0 0 -1 4194304 1894 0 96 0 3 1 0 0 20 0 1 0 53412632 18108416 3200 67087892480 4194304 7154137 140722441171152 0 0 0 0 16781312 2 1 0 0 17 2 0 0 8 0 0 9727432 11029816 28647424 140722441173822 140722441173933 140722441173933 140722441175015 0
/proc/16/statm: 4421 3200 1523 723 0 2063 0
[pid=18] ppid=16 vsize=222324 memory=210572 CPUtime=1298.15 cores=0-13,112-125
/proc/18/stat : 18 (bn4rust) R 16 16 0 0 -1 4194304 2119317 0 17 0 128216 1599 0 0 20 0 1 0 53412646 227659776 52643 67087892480 94770826952704 94770828819825 140729309360624 0 0 0 0 4096 1088 0 0 0 17 12 0 0 1 0 0 94770829077888 94770829124824 94770847928320 140729309367041 140729309367190 140729309367190 140729309368289 0
/proc/18/statm: 55581 52643 1091 456 0 53742 0
Current children cumulated CPU time: 1298.19 s
Current children cumulated vsize: 240008 KiB
Current children cumulated memory: 223372 KiB

[startup+1362.3 s]
/proc/loadavg: 8.03 8.07 10.49 9/2966 18
/proc/meminfo: memFree=431657120/527542180 swapFree=33544956/33554428
[pid=16] ppid=13 vsize=17684 memory=12800 CPUtime=0.04 cores=0-13,112-125
/proc/16/stat : 16 (python3) S 13 16 0 0 -1 4194304 1894 0 96 0 3 1 0 0 20 0 1 0 53412632 18108416 3200 67087892480 4194304 7154137 140722441171152 0 0 0 0 16781312 2 1 0 0 17 2 0 0 8 0 0 9727432 11029816 28647424 140722441173822 140722441173933 140722441173933 140722441175015 0
/proc/16/statm: 4421 3200 1523 723 0 2063 0
[pid=18] ppid=16 vsize=208588 memory=159664 CPUtime=1357.98 cores=0-13,112-125
/proc/18/stat : 18 (bn4rust) R 16 16 0 0 -1 4194304 2220507 0 17 0 134095 1703 0 0 20 0 1 0 53412646 213594112 39916 67087892480 94770826952704 94770828819825 140729309360624 0 0 0 0 4096 1088 0 0 0 17 12 0 0 1 0 0 94770829077888 94770829124824 94770847928320 140729309367041 140729309367190 140729309367190 140729309368289 0
/proc/18/statm: 52147 39916 1091 456 0 50308 0
Current children cumulated CPU time: 1358.02 s
Current children cumulated vsize: 226272 KiB
Current children cumulated memory: 172464 KiB

[startup+1422.3 s]
/proc/loadavg: 8.01 8.05 10.33 9/2966 18
/proc/meminfo: memFree=438633372/527542180 swapFree=33544956/33554428
[pid=16] ppid=13 vsize=17684 memory=12800 CPUtime=0.04 cores=0-13,112-125
/proc/16/stat : 16 (python3) S 13 16 0 0 -1 4194304 1894 0 96 0 3 1 0 0 20 0 1 0 53412632 18108416 3200 67087892480 4194304 7154137 140722441171152 0 0 0 0 16781312 2 1 0 0 17 2 0 0 8 0 0 9727432 11029816 28647424 140722441173822 140722441173933 140722441173933 140722441175015 0
/proc/16/statm: 4421 3200 1523 723 0 2063 0
[pid=18] ppid=16 vsize=434008 memory=379808 CPUtime=1417.79 cores=0-13,112-125
/proc/18/stat : 18 (bn4rust) R 16 16 0 0 -1 4194304 2321261 0 17 0 139983 1796 0 0 20 0 1 0 53412646 444424192 94952 67087892480 94770826952704 94770828819825 140729309360624 0 0 0 0 4096 1088 0 0 0 17 12 0 0 1 0 0 94770829077888 94770829124824 94770847928320 140729309367041 140729309367190 140729309367190 140729309368289 0
/proc/18/statm: 108502 94952 1091 456 0 106663 0
Current children cumulated CPU time: 1417.83 s
Current children cumulated vsize: 451692 KiB
Current children cumulated memory: 392608 KiB

[startup+1482.3 s]
/proc/loadavg: 8.10 8.07 10.19 9/2965 18
/proc/meminfo: memFree=434659156/527542180 swapFree=33544956/33554428
[pid=16] ppid=13 vsize=17684 memory=12800 CPUtime=0.04 cores=0-13,112-125
/proc/16/stat : 16 (python3) S 13 16 0 0 -1 4194304 1894 0 96 0 3 1 0 0 20 0 1 0 53412632 18108416 3200 67087892480 4194304 7154137 140722441171152 0 0 0 0 16781312 2 1 0 0 17 2 0 0 8 0 0 9727432 11029816 28647424 140722441173822 140722441173933 140722441173933 140722441175015 0
/proc/16/statm: 4421 3200 1523 723 0 2063 0
[pid=18] ppid=16 vsize=150644 memory=145012 CPUtime=1477.62 cores=0-13,112-125
/proc/18/stat : 18 (bn4rust) R 16 16 0 0 -1 4194304 2423782 0 17 0 145865 1897 0 0 20 0 1 0 53412646 154259456 36253 67087892480 94770826952704 94770828819825 140729309360624 0 0 0 0 4096 1088 0 0 0 17 12 0 0 1 0 0 94770829077888 94770829124824 94770847928320 140729309367041 140729309367190 140729309367190 140729309368289 0
/proc/18/statm: 37661 36253 1091 456 0 35822 0
Current children cumulated CPU time: 1477.66 s
Current children cumulated vsize: 168328 KiB
Current children cumulated memory: 157812 KiB

[startup+1542.3 s]
/proc/loadavg: 8.04 8.05 10.05 9/2963 18
/proc/meminfo: memFree=432284936/527542180 swapFree=33544956/33554428
[pid=16] ppid=13 vsize=17684 memory=12800 CPUtime=0.04 cores=0-13,112-125
/proc/16/stat : 16 (python3) S 13 16 0 0 -1 4194304 1894 0 96 0 3 1 0 0 20 0 1 0 53412632 18108416 3200 67087892480 4194304 7154137 140722441171152 0 0 0 0 16781312 2 1 0 0 17 2 0 0 8 0 0 9727432 11029816 28647424 140722441173822 140722441173933 140722441173933 140722441175015 0
/proc/16/statm: 4421 3200 1523 723 0 2063 0
[pid=18] ppid=16 vsize=238716 memory=232992 CPUtime=1537.45 cores=0-13,112-125
/proc/18/stat : 18 (bn4rust) R 16 16 0 0 -1 4194304 2526599 0 17 0 151739 2006 0 0 20 0 1 0 53412646 244445184 58248 67087892480 94770826952704 94770828819825 140729309360624 0 0 0 0 4096 1088 0 0 0 17 12 0 0 1 0 0 94770829077888 94770829124824 94770847928320 140729309367041 140729309367190 140729309367190 140729309368289 0
/proc/18/statm: 59679 58248 1091 456 0 57840 0
Current children cumulated CPU time: 1537.49 s
Current children cumulated vsize: 256400 KiB
Current children cumulated memory: 245792 KiB

[startup+1602.3 s]
/proc/loadavg: 8.01 8.04 9.92 9/2962 18
/proc/meminfo: memFree=419013216/527542180 swapFree=33544956/33554428
[pid=16] ppid=13 vsize=17684 memory=12800 CPUtime=0.04 cores=0-13,112-125
/proc/16/stat : 16 (python3) S 13 16 0 0 -1 4194304 1894 0 96 0 3 1 0 0 20 0 1 0 53412632 18108416 3200 67087892480 4194304 7154137 140722441171152 0 0 0 0 16781312 2 1 0 0 17 2 0 0 8 0 0 9727432 11029816 28647424 140722441173822 140722441173933 140722441173933 140722441175015 0
/proc/16/statm: 4421 3200 1523 723 0 2063 0
[pid=18] ppid=16 vsize=140408 memory=127860 CPUtime=1597.27 cores=0-13,112-125
/proc/18/stat : 18 (bn4rust) R 16 16 0 0 -1 4194304 2608922 0 17 0 157640 2087 0 0 20 0 1 0 53412646 143777792 31965 67087892480 94770826952704 94770828819825 140729309360624 0 0 0 0 4096 1088 0 0 0 17 12 0 0 1 0 0 94770829077888 94770829124824 94770847928320 140729309367041 140729309367190 140729309367190 140729309368289 0
/proc/18/statm: 35102 31965 1091 456 0 33263 0
Current children cumulated CPU time: 1597.31 s
Current children cumulated vsize: 158092 KiB
Current children cumulated memory: 140660 KiB

[startup+1662.3 s]
/proc/loadavg: 8.00 8.03 9.80 9/2961 18
/proc/meminfo: memFree=423940024/527542180 swapFree=33544956/33554428
[pid=16] ppid=13 vsize=17684 memory=12800 CPUtime=0.04 cores=0-13,112-125
/proc/16/stat : 16 (python3) S 13 16 0 0 -1 4194304 1894 0 96 0 3 1 0 0 20 0 1 0 53412632 18108416 3200 67087892480 4194304 7154137 140722441171152 0 0 0 0 16781312 2 1 0 0 17 2 0 0 8 0 0 9727432 11029816 28647424 140722441173822 140722441173933 140722441173933 140722441175015 0
/proc/16/statm: 4421 3200 1523 723 0 2063 0
[pid=18] ppid=16 vsize=226420 memory=223192 CPUtime=1657.1 cores=0-13,112-125
/proc/18/stat : 18 (bn4rust) R 16 16 0 0 -1 4194304 2726062 0 17 0 163504 2206 0 0 20 0 1 0 53412646 231854080 55798 67087892480 94770826952704 94770828819825 140729309360624 0 0 0 0 4096 1088 0 0 0 17 12 0 0 1 0 0 94770829077888 94770829124824 94770847928320 140729309367041 140729309367190 140729309367190 140729309368289 0
/proc/18/statm: 56605 55798 1091 456 0 54766 0
Current children cumulated CPU time: 1657.14 s
Current children cumulated vsize: 244104 KiB
Current children cumulated memory: 235992 KiB

[startup+1722.3 s]
/proc/loadavg: 8.00 8.02 9.68 9/2962 18
/proc/meminfo: memFree=418865668/527542180 swapFree=33544956/33554428
[pid=16] ppid=13 vsize=17684 memory=12800 CPUtime=0.04 cores=0-13,112-125
/proc/16/stat : 16 (python3) S 13 16 0 0 -1 4194304 1894 0 96 0 3 1 0 0 20 0 1 0 53412632 18108416 3200 67087892480 4194304 7154137 140722441171152 0 0 0 0 16781312 2 1 0 0 17 2 0 0 8 0 0 9727432 11029816 28647424 140722441173822 140722441173933 140722441173933 140722441175015 0
/proc/16/statm: 4421 3200 1523 723 0 2063 0
[pid=18] ppid=16 vsize=376856 memory=352052 CPUtime=1716.93 cores=0-13,112-125
/proc/18/stat : 18 (bn4rust) R 16 16 0 0 -1 4194304 2804159 0 17 0 169400 2293 0 0 20 0 1 0 53412646 385900544 88013 67087892480 94770826952704 94770828819825 140729309360624 0 0 0 0 4096 1088 0 0 0 17 12 0 0 1 0 0 94770829077888 94770829124824 94770847928320 140729309367041 140729309367190 140729309367190 140729309368289 0
/proc/18/statm: 94214 88013 1091 456 0 92375 0
Current children cumulated CPU time: 1716.97 s
Current children cumulated vsize: 394540 KiB
Current children cumulated memory: 364852 KiB

[startup+1782.3 s]
/proc/loadavg: 8.05 8.03 9.58 9/2967 18
/proc/meminfo: memFree=415238972/527542180 swapFree=33544956/33554428
[pid=16] ppid=13 vsize=17684 memory=12800 CPUtime=0.04 cores=0-13,112-125
/proc/16/stat : 16 (python3) S 13 16 0 0 -1 4194304 1894 0 96 0 3 1 0 0 20 0 1 0 53412632 18108416 3200 67087892480 4194304 7154137 140722441171152 0 0 0 0 16781312 2 1 0 0 17 2 0 0 8 0 0 9727432 11029816 28647424 140722441173822 140722441173933 140722441173933 140722441175015 0
/proc/16/statm: 4421 3200 1523 723 0 2063 0
[pid=18] ppid=16 vsize=261116 memory=218048 CPUtime=1776.76 cores=0-13,112-125
/proc/18/stat : 18 (bn4rust) R 16 16 0 0 -1 4194304 2899669 0 17 0 175273 2403 0 0 20 0 1 0 53412646 267382784 54512 67087892480 94770826952704 94770828819825 140729309360624 0 0 0 0 4096 1088 0 0 0 17 12 0 0 1 0 0 94770829077888 94770829124824 94770847928320 140729309367041 140729309367190 140729309367190 140729309368289 0
/proc/18/statm: 65279 54512 1091 456 0 63440 0
Current children cumulated CPU time: 1776.8 s
Current children cumulated vsize: 278800 KiB
Current children cumulated memory: 230848 KiB



Maximum wall clock time exceeded: sending SIGTERM then SIGKILL

[startup+1800 s]*
/proc/loadavg: 8.04 8.03 9.55 9/2964 18
/proc/meminfo: memFree=413925588/527542180 swapFree=33544956/33554428
[pid=16] ppid=13 vsize=17684 memory=12800 CPUtime=0.04 cores=0-13,112-125
/proc/16/stat : 16 (python3) S 13 16 0 0 -1 4194304 1894 0 96 0 3 1 0 0 20 0 1 0 53412632 18108416 3200 67087892480 4194304 7154137 140722441171152 0 0 0 0 16781312 2 1 0 0 17 2 0 0 8 0 0 9727432 11029816 28647424 140722441173822 140722441173933 140722441173933 140722441175015 0
/proc/16/statm: 4421 3200 1523 723 0 2063 0
[pid=18] ppid=16 vsize=225396 memory=212692 CPUtime=1794.41 cores=0-13,112-125
/proc/18/stat : 18 (bn4rust) R 16 16 0 0 -1 4194304 2908504 0 17 0 177028 2413 0 0 20 0 1 0 53412646 230805504 53173 67087892480 94770826952704 94770828819825 140729309360624 0 0 0 0 4096 1088 0 0 0 17 12 0 0 1 0 0 94770829077888 94770829124824 94770847928320 140729309367041 140729309367190 140729309367190 140729309368289 0
/proc/18/statm: 56349 53173 1091 456 0 54510 0
Current children cumulated CPU time: 1794.45 s
Current children cumulated vsize: 243080 KiB
Current children cumulated memory: 225492 KiB

Sending SIGTERM to process tree (bottom up)
Sleeping 2 seconds

[startup+1800.01 s]
# the end of solver process 16 was just reported to runsolver
# cumulated CPU time of all completed processes:  user=1770.32 s, system=24.1574 s

Solver just ended.
??? end of watcher thread
Dumping a history of the last processes samples

Child ended because it received signal 15 (SIGTERM)
Real time (s): 1800.01
CPU time (s): 1794.48
CPU user time (s): 1770.32
CPU system time (s): 24.1574
CPU usage (%): 99.6928
Max. virtual memory (cumulated for all children) (KiB): 586628
Max. memory (cumulated for all children) (KiB): 532796

getrusage(RUSAGE_CHILDREN,...) data:
user time used= 1770.32
system time used= 24.1574
maximum resident set size= 554688
integral shared memory size= 0
integral unshared data size= 0
integral unshared stack size= 0
page reclaims= 2910402
page faults= 113
swaps= 0
block input operations= 19512
block output operations= 8
messages sent= 0
messages received= 0
signals received= 0
voluntary context switches= 1095
involuntary context switches= 2235


# summary of solver processes directly reported to runsolver:
#   pid: 16
#   total CPU time (s): 1794.48
#   total CPU user time (s): 1770.32
#   total CPU system time (s): 24.1574

??? join timestamper begins
??? join timestamper ends
??? end of timestamper thread
runsolver used 0.592126 second user time and 3.23754 second system time

The end
