runsolver version 3.4.1 (svn: 3018) Copyright (C) 2010-2013 Olivier ROUSSEL

This program is distributed in the hope that it will be useful,
but WITHOUT ANY WARRANTY; without even the implied warranty of
MERCHANTABILITY or FITNESS FOR A PARTICULAR PURPOSE.  See the
GNU General Public License for more details.

NUMA information:
  number of nodes: 8
  memory of node 0: 63657 MiB (48972 MiB free)
  memory of node 1: 64504 MiB (52711 MiB free)
  memory of node 2: 64504 MiB (54614 MiB free)
  memory of node 3: 64504 MiB (60405 MiB free)
  memory of node 4: 64504 MiB (54016 MiB free)
  memory of node 5: 64504 MiB (54886 MiB free)
  memory of node 6: 64504 MiB (63198 MiB free)
  memory of node 7: 64491 MiB (54996 MiB free)
  node distances:
     10  12  12  12  21  21  21  21
     12  10  12  12  21  21  21  21
     12  12  10  12  21  21  21  21
     12  12  12  10  21  21  21  21
     21  21  21  21  10  12  12  12
     21  21  21  21  12  10  12  12
     21  21  21  21  12  12  10  12
     21  21  21  21  12  12  12  10

command line: /usr/local/bin/runsolver --timestamp -w /output/runsolver-watch.log -v /output/runsolver-values.log -o /output/solver-output.log -C 1800.0 -W 1800.0 -R 64000 /opt/solver/run_bn4rust.py --mode cyber-complement-gfp-plus-dependency-order --instance /input/model_174.bnet 

running on 8 cores: 63-67,74,77,189

Enforcing CPUTime limit (soft limit, will send SIGTERM then SIGKILL): 1800 seconds
Enforcing CPUTime limit (hard limit, will send SIGXCPU): 1830 seconds
Enforcing wall clock limit (soft limit, will send SIGTERM then SIGKILL): 1800 seconds
Enforcing RSS+Swap limit (soft limit, will send SIGTERM then SIGKILL): 65536000 KiB
Linux 4.18.0-553.159.1.el8_10.x86_64
solver pid=16, runsolver pid=13
Current StackSize limit: 18014398509481983 KiB


[startup+0.100065 s]*
/proc/loadavg: 24.12 25.33 28.66 26/2808 17
/proc/meminfo: memFree=454437856/527542244 swapFree=33538300/33554428
[pid=16] ppid=13 vsize=15800 memory=10124 CPUtime=0.02 cores=56-58,63-71,74,77,168-170,175-183,186,189
/proc/16/stat : 16 (python3) S 13 16 0 0 -1 4194304 1381 0 84 0 1 1 0 0 20 0 1 0 53535303 16179200 2531 67087892480 4194304 7154137 140727637344576 0 0 0 0 16781312 2 1 0 0 17 69 0 0 6 0 0 9727432 11029816 25640960 140727637351223 140727637351341 140727637351341 140727637352423 0
/proc/16/statm: 3950 2531 1396 723 0 1674 0
Current children cumulated CPU time: 0.02 s
Current children cumulated vsize: 15800 KiB
Current children cumulated memory: 10124 KiB

[startup+0.200675 s]*
/proc/loadavg: 24.12 25.33 28.66 26/2809 18
/proc/meminfo: memFree=454430764/527542244 swapFree=33538300/33554428
[pid=16] ppid=13 vsize=17684 memory=12420 CPUtime=0.04 cores=56-58,63-71,74,77,168-170,175-183,186,189
/proc/16/stat : 16 (python3) S 13 16 0 0 -1 4194304 1894 0 96 0 2 2 0 0 20 0 1 0 53535303 18108416 3105 67087892480 4194304 7154137 140727637344576 0 0 0 0 16781312 2 1 0 0 17 69 0 0 8 0 0 9727432 11029816 25640960 140727637351223 140727637351341 140727637351341 140727637352423 0
/proc/16/statm: 4421 3105 1511 723 0 2063 0
[pid=18] ppid=16 vsize=8308 memory=5300 CPUtime=0.04 cores=56-58,63-71,74,77,168-170,175-183,186,189
/proc/18/stat : 18 (bn4rust) R 16 16 0 0 -1 4194304 377 0 17 0 4 0 0 0 20 0 1 0 53535316 8507392 1325 67087892480 94122339098624 94122340965745 140726723519552 0 0 0 0 4096 1088 0 0 0 17 67 0 0 1 0 0 94122341223808 94122341270744 94122355429376 140726723525370 140726723525526 140726723525526 140726723526625 0
/proc/18/statm: 2077 1325 1117 456 0 238 0
Current children cumulated CPU time: 0.08 s
Current children cumulated vsize: 25992 KiB
Current children cumulated memory: 17720 KiB

[startup+0.300592 s]*
/proc/loadavg: 24.12 25.33 28.66 26/2809 18
/proc/meminfo: memFree=454430012/527542244 swapFree=33538300/33554428
[pid=16] ppid=13 vsize=17684 memory=12420 CPUtime=0.04 cores=56-58,63-71,74,77,168-170,175-183,186,189
/proc/16/stat : 16 (python3) S 13 16 0 0 -1 4194304 1894 0 96 0 2 2 0 0 20 0 1 0 53535303 18108416 3105 67087892480 4194304 7154137 140727637344576 0 0 0 0 16781312 2 1 0 0 17 69 0 0 8 0 0 9727432 11029816 25640960 140727637351223 140727637351341 140727637351341 140727637352423 0
/proc/16/statm: 4421 3105 1511 723 0 2063 0
[pid=18] ppid=16 vsize=8624 memory=5552 CPUtime=0.13 cores=56-58,63-71,74,77,168-170,175-183,186,189
/proc/18/stat : 18 (bn4rust) R 16 16 0 0 -1 4194304 1474 0 17 0 13 0 0 0 20 0 1 0 53535316 8830976 1388 67087892480 94122339098624 94122340965745 140726723519552 0 0 0 0 4096 1088 0 0 0 17 67 0 0 1 0 0 94122341223808 94122341270744 94122355429376 140726723525370 140726723525526 140726723525526 140726723526625 0
/proc/18/statm: 2156 1388 1117 456 0 317 0
Current children cumulated CPU time: 0.17 s
Current children cumulated vsize: 26308 KiB
Current children cumulated memory: 17972 KiB

[startup+0.571011 s]
# the end of solver process 16 was just reported to runsolver
# cumulated CPU time of all completed processes:  user=0.431765 s, system=0.026641 s

Solver just ended.
??? end of watcher thread
Dumping a history of the last processes samples

[startup+0.400651 s]*
/proc/loadavg: 24.12 25.33 28.66 26/2809 18
/proc/meminfo: memFree=454430028/527542244 swapFree=33538300/33554428
[pid=16] ppid=13 vsize=17684 memory=12420 CPUtime=0.04 cores=56-58,63-71,74,77,168-170,175-183,186,189
/proc/16/stat : 16 (python3) S 13 16 0 0 -1 4194304 1894 0 96 0 2 2 0 0 20 0 1 0 53535303 18108416 3105 67087892480 4194304 7154137 140727637344576 0 0 0 0 16781312 2 1 0 0 17 69 0 0 8 0 0 9727432 11029816 25640960 140727637351223 140727637351341 140727637351341 140727637352423 0
/proc/16/statm: 4421 3105 1511 723 0 2063 0
[pid=18] ppid=16 vsize=8484 memory=5340 CPUtime=0.23 cores=56-58,63-71,74,77,168-170,175-183,186,189
/proc/18/stat : 18 (bn4rust) R 16 16 0 0 -1 4194304 1991 0 17 0 23 0 0 0 20 0 1 0 53535316 8687616 1335 67087892480 94122339098624 94122340965745 140726723519552 0 0 0 0 4096 1088 0 0 0 17 67 0 0 1 0 0 94122341223808 94122341270744 94122355429376 140726723525370 140726723525526 140726723525526 140726723526625 0
/proc/18/statm: 2121 1335 1117 456 0 282 0
Current children cumulated CPU time: 0.27 s
Current children cumulated vsize: 26168 KiB
Current children cumulated memory: 17760 KiB

[startup+0.500535 s]*
/proc/loadavg: 24.12 25.33 28.66 26/2809 18
/proc/meminfo: memFree=454430076/527542244 swapFree=33538300/33554428
[pid=16] ppid=13 vsize=17684 memory=12420 CPUtime=0.04 cores=56-58,63-71,74,77,168-170,175-183,186,189
/proc/16/stat : 16 (python3) S 13 16 0 0 -1 4194304 1894 0 96 0 2 2 0 0 20 0 1 0 53535303 18108416 3105 67087892480 4194304 7154137 140727637344576 0 0 0 0 16781312 2 1 0 0 17 69 0 0 8 0 0 9727432 11029816 25640960 140727637351223 140727637351341 140727637351341 140727637352423 0
/proc/16/statm: 4421 3105 1511 723 0 2063 0
[pid=18] ppid=16 vsize=8484 memory=5340 CPUtime=0.33 cores=56-58,63-71,74,77,168-170,175-183,186,189
/proc/18/stat : 18 (bn4rust) R 16 16 0 0 -1 4194304 1991 0 17 0 33 0 0 0 20 0 1 0 53535316 8687616 1335 67087892480 94122339098624 94122340965745 140726723519552 0 0 0 0 4096 1088 0 0 0 17 67 0 0 1 0 0 94122341223808 94122341270744 94122355429376 140726723525370 140726723525526 140726723525526 140726723526625 0
/proc/18/statm: 2121 1335 1117 456 0 282 0
Current children cumulated CPU time: 0.37 s
Current children cumulated vsize: 26168 KiB
Current children cumulated memory: 17760 KiB

Child status: 0
Real time (s): 0.571051
CPU time (s): 0.458406
CPU user time (s): 0.431765
CPU system time (s): 0.026641
CPU usage (%): 80.2741
Max. virtual memory (cumulated for all children) (KiB): 26308
Max. memory (cumulated for all children) (KiB): 17972

getrusage(RUSAGE_CHILDREN,...) data:
user time used= 0.431765
system time used= 0.026641
maximum resident set size= 12644
integral shared memory size= 0
integral unshared data size= 0
integral unshared stack size= 0
page reclaims= 3908
page faults= 115
swaps= 0
block input operations= 19800
block output operations= 0
messages sent= 0
messages received= 0
signals received= 0
voluntary context switches= 1022
involuntary context switches= 1


# summary of solver processes directly reported to runsolver:
#   pid: 16
#   total CPU time (s): 0.458406
#   total CPU user time (s): 0.431765
#   total CPU system time (s): 0.026641

??? join timestamper begins
??? join timestamper ends
??? end of timestamper thread
runsolver used 0 second user time and 0.009084 second system time

The end
