# WCTIME: wall clock time in seconds
WCTIME=0.324475
# CPUTIME: CPU time in seconds (USERTIME+SYSTEMTIME)
CPUTIME=0.19466
# USERTIME: CPU time spent in user mode in seconds
USERTIME=0.04493
# SYSTEMTIME: CPU time spent in system mode in seconds
SYSTEMTIME=0.14973
# CPUUSAGE: CPUTIME/WCTIME in percent
CPUUSAGE=59.9923
# MAXVM: maximum virtual memory used in KiB
MAXVM=25456
# MAXMM: maximum memory used in KiB
MAXMM=16724
# MAXRSS: maximum Resident Segment Size in KiB
MAXRSS=12632
# TIMEOUT: did the solver exceed the time limit?
TIMEOUT=false
# MEMOUT: did the solver exceed the memory limit?
MEMOUT=false
# EXITSTATUS: Exit status of the solver
EXITSTATUS=0
