# WCTIME: wall clock time in seconds
WCTIME=0.415864
# CPUTIME: CPU time in seconds (USERTIME+SYSTEMTIME)
CPUTIME=0.302295
# USERTIME: CPU time spent in user mode in seconds
USERTIME=0.288311
# SYSTEMTIME: CPU time spent in system mode in seconds
SYSTEMTIME=0.013984
# CPUUSAGE: CPUTIME/WCTIME in percent
CPUUSAGE=72.6908
# MAXVM: maximum virtual memory used in KiB
MAXVM=26004
# MAXMM: maximum memory used in KiB
MAXMM=17656
# MAXRSS: maximum Resident Segment Size in KiB
MAXRSS=12564
# TIMEOUT: did the solver exceed the time limit?
TIMEOUT=false
# MEMOUT: did the solver exceed the memory limit?
MEMOUT=false
# EXITSTATUS: Exit status of the solver
EXITSTATUS=0
