runsolver version 3.4.1 (svn: 3018) Copyright (C) 2010-2013 Olivier ROUSSEL

This program is distributed in the hope that it will be useful,
but WITHOUT ANY WARRANTY; without even the implied warranty of
MERCHANTABILITY or FITNESS FOR A PARTICULAR PURPOSE.  See the
GNU General Public License for more details.

NUMA information:
  number of nodes: 8
  memory of node 0: 63700 MiB (59912 MiB free)
  memory of node 1: 64504 MiB (61017 MiB free)
  memory of node 2: 64504 MiB (60563 MiB free)
  memory of node 3: 64461 MiB (55611 MiB free)
  memory of node 4: 64504 MiB (63066 MiB free)
  memory of node 5: 64504 MiB (1329 MiB free)
  memory of node 6: 64504 MiB (1787 MiB free)
  memory of node 7: 64491 MiB (60258 MiB free)
  node distances:
     10  12  12  12  21  21  21  21
     12  10  12  12  21  21  21  21
     12  12  10  12  21  21  21  21
     12  12  12  10  21  21  21  21
     21  21  21  21  10  12  12  12
     21  21  21  21  12  10  12  12
     21  21  21  21  12  12  10  12
     21  21  21  21  12  12  12  10

command line: /usr/local/bin/runsolver --timestamp -w /output/runsolver-watch.log -v /output/runsolver-values.log -o /output/solver-output.log -C 1800.0 -W 1800.0 -R 64000 /opt/solver/run_pyboolnet.py --instance /input/model_001.bnet 

running on 24 cores: 8-21,124-133

Enforcing CPUTime limit (soft limit, will send SIGTERM then SIGKILL): 1800 seconds
Enforcing CPUTime limit (hard limit, will send SIGXCPU): 1830 seconds
Enforcing wall clock limit (soft limit, will send SIGTERM then SIGKILL): 1800 seconds
Enforcing RSS+Swap limit (soft limit, will send SIGTERM then SIGKILL): 65536000 KiB
Linux 4.18.0-553.126.1.el8_10.x86_64
Current StackSize limit: 18014398509481983 KiB
solver pid=16, runsolver pid=13


[startup+0.100081 s]*
/proc/loadavg: 65.17 60.73 57.30 55/3093 17
/proc/meminfo: memFree=372261508/527542216 swapFree=29905280/33554428
[pid=16] ppid=13 vsize=15152 memory=9592 CPUtime=0.02 cores=8-21,120-133
/proc/16/stat : 16 (python3) R 13 16 0 0 -1 4194304 1178 0 58 0 2 0 0 0 20 0 1 0 522934419 15515648 2398 67087892480 94664528470016 94664531740717 140731329619440 0 0 0 0 16781312 2 0 0 0 17 122 0 0 6 0 0 94664534104080 94664534388120 94664557506560 140731329620737 140731329620807 140731329620807 140731329621991 0
/proc/16/statm: 3788 2398 1409 799 0 1395 0
Current children cumulated CPU time: 0.02 s
Current children cumulated vsize: 15152 KiB
Current children cumulated memory: 9592 KiB

[startup+0.200687 s]*
/proc/loadavg: 65.17 60.73 57.30 55/3091 17
/proc/meminfo: memFree=372252644/527542216 swapFree=29905280/33554428
[pid=16] ppid=13 vsize=19860 memory=14824 CPUtime=0.07 cores=8-21,120-133
/proc/16/stat : 16 (python3) S 13 16 0 0 -1 4194304 2418 0 78 0 6 1 0 0 20 0 1 0 522934419 20336640 3706 67087892480 94664528470016 94664531740717 140731329619440 0 0 0 0 16781312 2 1 0 0 17 122 0 0 10 0 0 94664534104080 94664534388120 94664557506560 140731329620737 140731329620807 140731329620807 140731329621991 0
/proc/16/statm: 4965 3706 1591 799 0 2477 0
Current children cumulated CPU time: 0.07 s
Current children cumulated vsize: 19860 KiB
Current children cumulated memory: 14824 KiB

[startup+0.300466 s]*
/proc/loadavg: 65.17 60.73 57.30 55/3094 17
/proc/meminfo: memFree=372242816/527542216 swapFree=29905280/33554428
[pid=16] ppid=13 vsize=26104 memory=20996 CPUtime=0.12 cores=8-21,120-133
/proc/16/stat : 16 (python3) R 13 16 0 0 -1 4194304 3963 0 81 0 10 2 0 0 20 0 1 0 522934419 26730496 5249 67087892480 94664528470016 94664531740717 140731329619440 0 0 0 0 16781312 2 0 0 0 17 121 0 0 13 0 0 94664534104080 94664534388120 94664557506560 140731329620737 140731329620807 140731329620807 140731329621991 0
/proc/16/statm: 6526 5249 1682 799 0 4038 0
Current children cumulated CPU time: 0.12 s
Current children cumulated vsize: 26104 KiB
Current children cumulated memory: 20996 KiB

[startup+0.700182 s]
/proc/loadavg: 65.17 60.73 57.30 55/3091 17
/proc/meminfo: memFree=372219956/527542216 swapFree=29905280/33554428
[pid=16] ppid=13 vsize=128752 memory=46472 CPUtime=0.28 cores=8-21,120-133
/proc/16/stat : 16 (python3) D 13 16 0 0 -1 4194304 8271 0 247 0 22 6 0 0 20 0 1 0 522934419 131842048 11618 67087892480 94664528470016 94664531740717 140731329619440 0 0 0 0 16781312 2 0 0 0 17 122 0 0 33 0 0 94664534104080 94664534388120 94664557506560 140731329620737 140731329620807 140731329620807 140731329621991 0
/proc/16/statm: 32188 11618 4005 799 0 16422 0
Current children cumulated CPU time: 0.28 s
Current children cumulated vsize: 128752 KiB
Current children cumulated memory: 46472 KiB

[startup+1.50018 s]
/proc/loadavg: 65.17 60.73 57.30 54/3096 19
/proc/meminfo: memFree=372178796/527542216 swapFree=29905280/33554428
[pid=16] ppid=13 vsize=220848 memory=70832 CPUtime=0.77 cores=8-21,120-133
/proc/16/stat : 16 (python3) S 13 16 0 0 -1 4194304 13231 0 298 0 67 10 0 0 20 0 1 0 522934419 226148352 17708 67087892480 94664528470016 94664531740717 140731329619440 0 0 0 0 16781312 2 1 0 0 17 122 0 0 50 0 0 94664534104080 94664534388120 94664557506560 140731329620737 140731329620807 140731329620807 140731329621991 0
/proc/16/statm: 55212 17708 5200 799 0 21919 0
Current children cumulated CPU time: 0.77 s
Current children cumulated vsize: 220848 KiB
Current children cumulated memory: 70832 KiB

[startup+3.10046 s]
/proc/loadavg: 64.19 60.60 57.28 54/3095 20
/proc/meminfo: memFree=372150596/527542216 swapFree=29905280/33554428
[pid=16] ppid=13 vsize=220848 memory=70832 CPUtime=0.77 cores=8-21,120-133
/proc/16/stat : 16 (python3) S 13 16 0 0 -1 4194304 13235 0 298 0 67 10 0 0 20 0 1 0 522934419 226148352 17708 67087892480 94664528470016 94664531740717 140731329619440 0 0 0 0 16781312 2 1 0 0 17 122 0 0 50 0 0 94664534104080 94664534388120 94664557506560 140731329620737 140731329620807 140731329620807 140731329621991 0
/proc/16/statm: 55212 17708 5200 799 0 21919 0
[pid=20] ppid=16 vsize=18928 memory=14256 CPUtime=1.63 cores=8-21,120-133
/proc/20/stat : 20 (BNetToPrime_lin) R 16 16 0 0 -1 4194304 4350 0 3 0 163 0 0 0 20 0 1 0 522934563 19382272 3564 67087892480 4194304 4299828 140732959099040 0 0 0 0 0 0 0 0 0 17 14 0 0 0 0 0 6397400 6398600 16445440 140732959107707 140732959107820 140732959107820 140732959109021 0
/proc/20/statm: 4732 3564 886 26 0 3293 0
Current children cumulated CPU time: 2.4 s
Current children cumulated vsize: 239776 KiB
Current children cumulated memory: 85088 KiB
heavy processes:

[startup+6.30024 s]
/proc/loadavg: 64.19 60.60 57.28 54/3081 21
/proc/meminfo: memFree=372294956/527542216 swapFree=29905280/33554428
[pid=16] ppid=13 vsize=226372 memory=76372 CPUtime=3.25 cores=8-21,120-133
/proc/16/stat : 16 (python3) S 13 16 0 0 -1 4194304 14629 6840 298 4 68 11 245 1 20 0 1 0 522934419 231804928 19093 67087892480 94664528470016 94664531740717 140731329619440 0 0 0 0 16781312 2 1 0 0 17 17 0 0 50 0 0 94664534104080 94664534388120 94664557506560 140731329620737 140731329620807 140731329620807 140731329621991 0
/proc/16/statm: 56593 19093 5200 799 0 23300 0
[pid=21] ppid=16 vsize=101764 memory=62736 CPUtime=2.28 cores=8-21,120-133
/proc/21/stat : 21 (NuSMVa_linux64) R 16 16 0 0 -1 4194304 12684 0 73 0 226 2 0 0 20 0 1 0 522934814 104206336 15684 67087892480 4194304 7931321 140731083835744 0 0 0 0 0 512 0 0 0 17 130 0 0 5 0 0 10030016 10037704 35270656 140731083840040 140731083840178 140731083840178 140731083841446 0
/proc/21/statm: 25441 15684 1732 913 0 14243 0
Current children cumulated CPU time: 5.53 s
Current children cumulated vsize: 328136 KiB
Current children cumulated memory: 139108 KiB

[startup+12.7002 s]
/proc/loadavg: 62.47 60.35 57.23 54/3080 21
/proc/meminfo: memFree=372291224/527542216 swapFree=29905280/33554428
[pid=16] ppid=13 vsize=226372 memory=76372 CPUtime=3.25 cores=8-21,120-133
/proc/16/stat : 16 (python3) S 13 16 0 0 -1 4194304 14629 6840 298 4 68 11 245 1 20 0 1 0 522934419 231804928 19093 67087892480 94664528470016 94664531740717 140731329619440 0 0 0 0 16781312 2 1 0 0 17 17 0 0 50 0 0 94664534104080 94664534388120 94664557506560 140731329620737 140731329620807 140731329620807 140731329621991 0
/proc/16/statm: 56593 19093 5200 799 0 23300 0
[pid=21] ppid=16 vsize=110208 memory=71392 CPUtime=8.66 cores=8-21,120-133
/proc/21/stat : 21 (NuSMVa_linux64) R 16 16 0 0 -1 4194304 13283 0 73 0 863 3 0 0 20 0 1 0 522934814 112852992 17848 67087892480 4194304 7931321 140731083835744 0 0 0 0 0 512 0 0 0 17 130 0 0 5 0 0 10030016 10037704 35270656 140731083840040 140731083840178 140731083840178 140731083841446 0
/proc/21/statm: 27552 17848 1748 913 0 16354 0
Current children cumulated CPU time: 11.91 s
Current children cumulated vsize: 336580 KiB
Current children cumulated memory: 147764 KiB

[startup+25.5002 s]
/proc/loadavg: 61.17 60.14 57.20 55/3099 21
/proc/meminfo: memFree=371928944/527542216 swapFree=29905280/33554428
[pid=16] ppid=13 vsize=226372 memory=76372 CPUtime=3.25 cores=8-21,120-133
/proc/16/stat : 16 (python3) S 13 16 0 0 -1 4194304 14629 6840 298 4 68 11 245 1 20 0 1 0 522934419 231804928 19093 67087892480 94664528470016 94664531740717 140731329619440 0 0 0 0 16781312 2 1 0 0 17 17 0 0 50 0 0 94664534104080 94664534388120 94664557506560 140731329620737 140731329620807 140731329620807 140731329621991 0
/proc/16/statm: 56593 19093 5200 799 0 23300 0
[pid=21] ppid=16 vsize=116596 memory=77640 CPUtime=21.4 cores=8-21,120-133
/proc/21/stat : 21 (NuSMVa_linux64) R 16 16 0 0 -1 4194304 14900 0 73 0 2137 3 0 0 20 0 1 0 522934814 119394304 19410 67087892480 4194304 7931321 140731083835744 0 0 0 0 0 512 0 0 0 17 130 0 0 5 0 0 10030016 10037704 35270656 140731083840040 140731083840178 140731083840178 140731083841446 0
/proc/21/statm: 29149 19410 1748 913 0 17951 0
Current children cumulated CPU time: 24.65 s
Current children cumulated vsize: 342968 KiB
Current children cumulated memory: 154012 KiB

[startup+51.1005 s]
/proc/loadavg: 60.02 59.98 57.22 55/3096 21
/proc/meminfo: memFree=371995544/527542216 swapFree=29905280/33554428
[pid=16] ppid=13 vsize=226372 memory=76372 CPUtime=3.25 cores=8-21,120-133
/proc/16/stat : 16 (python3) S 13 16 0 0 -1 4194304 14629 6840 298 4 68 11 245 1 20 0 1 0 522934419 231804928 19093 67087892480 94664528470016 94664531740717 140731329619440 0 0 0 0 16781312 2 1 0 0 17 17 0 0 50 0 0 94664534104080 94664534388120 94664557506560 140731329620737 140731329620807 140731329620807 140731329621991 0
/proc/16/statm: 56593 19093 5200 799 0 23300 0
[pid=21] ppid=16 vsize=130032 memory=91048 CPUtime=46.87 cores=8-21,120-133
/proc/21/stat : 21 (NuSMVa_linux64) R 16 16 0 0 -1 4194304 18269 0 73 0 4683 4 0 0 20 0 1 0 522934814 133152768 22762 67087892480 4194304 7931321 140731083835744 0 0 0 0 0 512 0 0 0 17 130 0 0 5 0 0 10030016 10037704 35270656 140731083840040 140731083840178 140731083840178 140731083841446 0
/proc/21/statm: 32508 22762 1748 913 0 21310 0
Current children cumulated CPU time: 50.12 s
Current children cumulated vsize: 356404 KiB
Current children cumulated memory: 167420 KiB

[startup+102.3 s]
/proc/loadavg: 58.35 59.59 57.25 56/3084 21
/proc/meminfo: memFree=372238156/527542216 swapFree=29905280/33554428
[pid=16] ppid=13 vsize=226372 memory=76372 CPUtime=3.25 cores=8-21,120-133
/proc/16/stat : 16 (python3) S 13 16 0 0 -1 4194304 14629 6840 298 4 68 11 245 1 20 0 1 0 522934419 231804928 19093 67087892480 94664528470016 94664531740717 140731329619440 0 0 0 0 16781312 2 1 0 0 17 17 0 0 50 0 0 94664534104080 94664534388120 94664557506560 140731329620737 140731329620807 140731329620807 140731329621991 0
/proc/16/statm: 56593 19093 5200 799 0 23300 0
[pid=21] ppid=16 vsize=176860 memory=137984 CPUtime=97.82 cores=8-21,120-133
/proc/21/stat : 21 (NuSMVa_linux64) R 16 16 0 0 -1 4194304 29990 0 73 0 9776 6 0 0 20 0 1 0 522934814 181104640 34496 67087892480 4194304 7931321 140731083835744 0 0 0 0 0 512 0 0 0 17 17 0 0 5 0 0 10030016 10037704 35270656 140731083840040 140731083840178 140731083840178 140731083841446 0
/proc/21/statm: 44215 34496 1748 913 0 33017 0
Current children cumulated CPU time: 101.07 s
Current children cumulated vsize: 403232 KiB
Current children cumulated memory: 214356 KiB

[startup+162.3 s]
/proc/loadavg: 56.23 58.78 57.12 68/3043 21
/proc/meminfo: memFree=378032440/527542216 swapFree=29905280/33554428
[pid=16] ppid=13 vsize=226372 memory=76372 CPUtime=3.25 cores=8-21,120-133
/proc/16/stat : 16 (python3) S 13 16 0 0 -1 4194304 14629 6840 298 4 68 11 245 1 20 0 1 0 522934419 231804928 19093 67087892480 94664528470016 94664531740717 140731329619440 0 0 0 0 16781312 2 1 0 0 17 17 0 0 50 0 0 94664534104080 94664534388120 94664557506560 140731329620737 140731329620807 140731329620807 140731329621991 0
/proc/16/statm: 56593 19093 5200 799 0 23300 0
[pid=21] ppid=16 vsize=186712 memory=147724 CPUtime=157.54 cores=8-21,120-133
/proc/21/stat : 21 (NuSMVa_linux64) R 16 16 0 0 -1 4194304 32444 0 73 0 15748 6 0 0 20 0 1 0 522934814 191193088 36931 67087892480 4194304 7931321 140731083835744 0 0 0 0 0 512 0 0 0 17 129 0 0 5 0 0 10030016 10037704 35270656 140731083840040 140731083840178 140731083840178 140731083841446 0
/proc/21/statm: 46678 36931 1748 913 0 35480 0
Current children cumulated CPU time: 160.79 s
Current children cumulated vsize: 413084 KiB
Current children cumulated memory: 224096 KiB

[startup+222.3 s]
/proc/loadavg: 54.47 57.79 56.88 53/3035 21
/proc/meminfo: memFree=378042816/527542216 swapFree=29905280/33554428
[pid=16] ppid=13 vsize=226372 memory=76372 CPUtime=3.25 cores=8-21,120-133
/proc/16/stat : 16 (python3) S 13 16 0 0 -1 4194304 14629 6840 298 4 68 11 245 1 20 0 1 0 522934419 231804928 19093 67087892480 94664528470016 94664531740717 140731329619440 0 0 0 0 16781312 2 1 0 0 17 17 0 0 50 0 0 94664534104080 94664534388120 94664557506560 140731329620737 140731329620807 140731329620807 140731329621991 0
/proc/16/statm: 56593 19093 5200 799 0 23300 0
[pid=21] ppid=16 vsize=188184 memory=149308 CPUtime=217.28 cores=8-21,120-133
/proc/21/stat : 21 (NuSMVa_linux64) R 16 16 0 0 -1 4194304 32844 0 73 0 21722 6 0 0 20 0 1 0 522934814 192700416 37327 67087892480 4194304 7931321 140731083835744 0 0 0 0 0 512 0 0 0 17 129 0 0 5 0 0 10030016 10037704 35270656 140731083840040 140731083840178 140731083840178 140731083841446 0
/proc/21/statm: 47046 37327 1748 913 0 35848 0
Current children cumulated CPU time: 220.53 s
Current children cumulated vsize: 414556 KiB
Current children cumulated memory: 225680 KiB

[startup+282.3 s]
/proc/loadavg: 47.38 55.32 56.10 38/3026 21
/proc/meminfo: memFree=378245056/527542216 swapFree=29905280/33554428
[pid=16] ppid=13 vsize=226372 memory=76372 CPUtime=3.25 cores=8-21,120-133
/proc/16/stat : 16 (python3) S 13 16 0 0 -1 4194304 14629 6840 298 4 68 11 245 1 20 0 1 0 522934419 231804928 19093 67087892480 94664528470016 94664531740717 140731329619440 0 0 0 0 16781312 2 1 0 0 17 17 0 0 50 0 0 94664534104080 94664534388120 94664557506560 140731329620737 140731329620807 140731329620807 140731329621991 0
/proc/16/statm: 56593 19093 5200 799 0 23300 0
[pid=21] ppid=16 vsize=261724 memory=222644 CPUtime=277.04 cores=8-21,120-133
/proc/21/stat : 21 (NuSMVa_linux64) R 16 16 0 0 -1 4194304 51211 0 73 0 27694 10 0 0 20 0 1 0 522934814 268005376 55661 67087892480 4194304 7931321 140731083835744 0 0 0 0 0 512 0 0 0 17 17 0 0 5 0 0 10030016 10037704 35270656 140731083840040 140731083840178 140731083840178 140731083841446 0
/proc/21/statm: 65431 55661 1748 913 0 54233 0
Current children cumulated CPU time: 280.29 s
Current children cumulated vsize: 488096 KiB
Current children cumulated memory: 299016 KiB

[startup+342.3 s]
/proc/loadavg: 53.52 55.45 56.08 58/3140 21
/proc/meminfo: memFree=376636892/527542216 swapFree=29905536/33554428
[pid=16] ppid=13 vsize=226372 memory=76372 CPUtime=3.25 cores=8-21,120-133
/proc/16/stat : 16 (python3) S 13 16 0 0 -1 4194304 14629 6840 298 4 68 11 245 1 20 0 1 0 522934419 231804928 19093 67087892480 94664528470016 94664531740717 140731329619440 0 0 0 0 16781312 2 1 0 0 17 17 0 0 50 0 0 94664534104080 94664534388120 94664557506560 140731329620737 140731329620807 140731329620807 140731329621991 0
/proc/16/statm: 56593 19093 5200 799 0 23300 0
[pid=21] ppid=16 vsize=265500 memory=226340 CPUtime=336.77 cores=8-21,120-133
/proc/21/stat : 21 (NuSMVa_linux64) R 16 16 0 0 -1 4194304 52155 0 73 0 33666 11 0 0 20 0 1 0 522934814 271872000 56585 67087892480 4194304 7931321 140731083835744 0 0 0 0 0 512 0 0 0 17 129 0 0 5 0 0 10030016 10037704 35270656 140731083840040 140731083840178 140731083840178 140731083841446 0
/proc/21/statm: 66375 56585 1748 913 0 55177 0
Current children cumulated CPU time: 340.02 s
Current children cumulated vsize: 491872 KiB
Current children cumulated memory: 302712 KiB

[startup+402.3 s]
/proc/loadavg: 56.13 55.87 56.19 69/3064 21
/proc/meminfo: memFree=377706720/527542216 swapFree=29905536/33554428
[pid=16] ppid=13 vsize=226372 memory=76372 CPUtime=3.25 cores=8-21,120-133
/proc/16/stat : 16 (python3) S 13 16 0 0 -1 4194304 14629 6840 298 4 68 11 245 1 20 0 1 0 522934419 231804928 19093 67087892480 94664528470016 94664531740717 140731329619440 0 0 0 0 16781312 2 1 0 0 17 17 0 0 50 0 0 94664534104080 94664534388120 94664557506560 140731329620737 140731329620807 140731329620807 140731329621991 0
/proc/16/statm: 56593 19093 5200 799 0 23300 0
[pid=21] ppid=16 vsize=265500 memory=226340 CPUtime=396.47 cores=8-21,120-133
/proc/21/stat : 21 (NuSMVa_linux64) R 16 16 0 0 -1 4194304 52155 0 73 0 39636 11 0 0 20 0 1 0 522934814 271872000 56585 67087892480 4194304 7931321 140731083835744 0 0 0 0 0 512 0 0 0 17 129 0 0 5 0 0 10030016 10037704 35270656 140731083840040 140731083840178 140731083840178 140731083841446 0
/proc/21/statm: 66375 56585 1748 913 0 55177 0
Current children cumulated CPU time: 399.72 s
Current children cumulated vsize: 491872 KiB
Current children cumulated memory: 302712 KiB

[startup+462.3 s]
/proc/loadavg: 53.55 55.17 55.93 53/3042 21
/proc/meminfo: memFree=378555736/527542216 swapFree=29905536/33554428
[pid=16] ppid=13 vsize=226372 memory=76372 CPUtime=3.25 cores=8-21,120-133
/proc/16/stat : 16 (python3) S 13 16 0 0 -1 4194304 14629 6840 298 4 68 11 245 1 20 0 1 0 522934419 231804928 19093 67087892480 94664528470016 94664531740717 140731329619440 0 0 0 0 16781312 2 1 0 0 17 17 0 0 50 0 0 94664534104080 94664534388120 94664557506560 140731329620737 140731329620807 140731329620807 140731329621991 0
/proc/16/statm: 56593 19093 5200 799 0 23300 0
[pid=21] ppid=16 vsize=266524 memory=227368 CPUtime=456.21 cores=8-21,120-133
/proc/21/stat : 21 (NuSMVa_linux64) R 16 16 0 0 -1 4194304 52418 0 73 0 45610 11 0 0 20 0 1 0 522934814 272920576 56842 67087892480 4194304 7931321 140731083835744 0 0 0 0 0 512 0 0 0 17 129 0 0 5 0 0 10030016 10037704 35270656 140731083840040 140731083840178 140731083840178 140731083841446 0
/proc/21/statm: 66631 56842 1748 913 0 55433 0
Current children cumulated CPU time: 459.46 s
Current children cumulated vsize: 492896 KiB
Current children cumulated memory: 303740 KiB

[startup+522.3 s]
/proc/loadavg: 52.57 54.59 55.68 53/3043 21
/proc/meminfo: memFree=378556764/527542216 swapFree=29905536/33554428
[pid=16] ppid=13 vsize=226372 memory=76372 CPUtime=3.25 cores=8-21,120-133
/proc/16/stat : 16 (python3) S 13 16 0 0 -1 4194304 14629 6840 298 4 68 11 245 1 20 0 1 0 522934419 231804928 19093 67087892480 94664528470016 94664531740717 140731329619440 0 0 0 0 16781312 2 1 0 0 17 17 0 0 50 0 0 94664534104080 94664534388120 94664557506560 140731329620737 140731329620807 140731329620807 140731329621991 0
/proc/16/statm: 56593 19093 5200 799 0 23300 0
[pid=21] ppid=16 vsize=267292 memory=228132 CPUtime=515.97 cores=8-21,120-133
/proc/21/stat : 21 (NuSMVa_linux64) R 16 16 0 0 -1 4194304 52617 0 73 0 51586 11 0 0 20 0 1 0 522934814 273707008 57033 67087892480 4194304 7931321 140731083835744 0 0 0 0 0 512 0 0 0 17 129 0 0 5 0 0 10030016 10037704 35270656 140731083840040 140731083840178 140731083840178 140731083841446 0
/proc/21/statm: 66823 57033 1748 913 0 55625 0
Current children cumulated CPU time: 519.22 s
Current children cumulated vsize: 493664 KiB
Current children cumulated memory: 304504 KiB

[startup+582.3 s]
/proc/loadavg: 57.90 56.40 56.27 53/3065 21
/proc/meminfo: memFree=376381848/527542216 swapFree=29906304/33554428
[pid=16] ppid=13 vsize=226372 memory=76372 CPUtime=3.25 cores=8-21,120-133
/proc/16/stat : 16 (python3) S 13 16 0 0 -1 4194304 14629 6840 298 4 68 11 245 1 20 0 1 0 522934419 231804928 19093 67087892480 94664528470016 94664531740717 140731329619440 0 0 0 0 16781312 2 1 0 0 17 17 0 0 50 0 0 94664534104080 94664534388120 94664557506560 140731329620737 140731329620807 140731329620807 140731329621991 0
/proc/16/statm: 56593 19093 5200 799 0 23300 0
[pid=21] ppid=16 vsize=267292 memory=228392 CPUtime=575.68 cores=8-21,120-133
/proc/21/stat : 21 (NuSMVa_linux64) R 16 16 0 0 -1 4194304 52624 0 73 0 57557 11 0 0 20 0 1 0 522934814 273707008 57098 67087892480 4194304 7931321 140731083835744 0 0 0 0 0 512 0 0 0 17 17 0 0 5 0 0 10030016 10037704 35270656 140731083840040 140731083840178 140731083840178 140731083841446 0
/proc/21/statm: 66823 57098 1748 913 0 55625 0
Current children cumulated CPU time: 578.93 s
Current children cumulated vsize: 493664 KiB
Current children cumulated memory: 304764 KiB

[startup+642.3 s]
/proc/loadavg: 57.47 56.57 56.34 58/3150 21
/proc/meminfo: memFree=374176892/527542216 swapFree=29906304/33554428
[pid=16] ppid=13 vsize=226372 memory=76372 CPUtime=3.25 cores=8-21,120-133
/proc/16/stat : 16 (python3) S 13 16 0 0 -1 4194304 14629 6840 298 4 68 11 245 1 20 0 1 0 522934419 231804928 19093 67087892480 94664528470016 94664531740717 140731329619440 0 0 0 0 16781312 2 1 0 0 17 17 0 0 50 0 0 94664534104080 94664534388120 94664557506560 140731329620737 140731329620807 140731329620807 140731329621991 0
/proc/16/statm: 56593 19093 5200 799 0 23300 0
[pid=21] ppid=16 vsize=267292 memory=228392 CPUtime=635.41 cores=8-21,120-133
/proc/21/stat : 21 (NuSMVa_linux64) R 16 16 0 0 -1 4194304 52631 0 73 0 63530 11 0 0 20 0 1 0 522934814 273707008 57098 67087892480 4194304 7931321 140731083835744 0 0 0 0 0 512 0 0 0 17 14 0 0 5 0 0 10030016 10037704 35270656 140731083840040 140731083840178 140731083840178 140731083841446 0
/proc/21/statm: 66823 57098 1748 913 0 55625 0
Current children cumulated CPU time: 638.66 s
Current children cumulated vsize: 493664 KiB
Current children cumulated memory: 304764 KiB

[startup+702.3 s]
/proc/loadavg: 56.78 56.53 56.34 70/3081 21
/proc/meminfo: memFree=376035352/527542216 swapFree=29906304/33554428
[pid=16] ppid=13 vsize=226372 memory=76372 CPUtime=3.25 cores=8-21,120-133
/proc/16/stat : 16 (python3) S 13 16 0 0 -1 4194304 14629 6840 298 4 68 11 245 1 20 0 1 0 522934419 231804928 19093 67087892480 94664528470016 94664531740717 140731329619440 0 0 0 0 16781312 2 1 0 0 17 17 0 0 50 0 0 94664534104080 94664534388120 94664557506560 140731329620737 140731329620807 140731329620807 140731329621991 0
/proc/16/statm: 56593 19093 5200 799 0 23300 0
[pid=21] ppid=16 vsize=267292 memory=228392 CPUtime=695.16 cores=8-21,120-133
/proc/21/stat : 21 (NuSMVa_linux64) R 16 16 0 0 -1 4194304 52638 0 73 0 69504 12 0 0 20 0 1 0 522934814 273707008 57098 67087892480 4194304 7931321 140731083835744 0 0 0 0 0 512 0 0 0 17 14 0 0 5 0 0 10030016 10037704 35270656 140731083840040 140731083840178 140731083840178 140731083841446 0
/proc/21/statm: 66823 57098 1748 913 0 55625 0
Current children cumulated CPU time: 698.41 s
Current children cumulated vsize: 493664 KiB
Current children cumulated memory: 304764 KiB

[startup+762.3 s]
/proc/loadavg: 54.50 55.98 56.16 53/3052 21
/proc/meminfo: memFree=377092284/527542216 swapFree=29906304/33554428
[pid=16] ppid=13 vsize=226372 memory=76372 CPUtime=3.25 cores=8-21,120-133
/proc/16/stat : 16 (python3) S 13 16 0 0 -1 4194304 14629 6840 298 4 68 11 245 1 20 0 1 0 522934419 231804928 19093 67087892480 94664528470016 94664531740717 140731329619440 0 0 0 0 16781312 2 1 0 0 17 17 0 0 50 0 0 94664534104080 94664534388120 94664557506560 140731329620737 140731329620807 140731329620807 140731329621991 0
/proc/16/statm: 56593 19093 5200 799 0 23300 0
[pid=21] ppid=16 vsize=267292 memory=228392 CPUtime=754.92 cores=8-21,120-133
/proc/21/stat : 21 (NuSMVa_linux64) R 16 16 0 0 -1 4194304 52645 0 73 0 75480 12 0 0 20 0 1 0 522934814 273707008 57098 67087892480 4194304 7931321 140731083835744 0 0 0 0 0 512 0 0 0 17 14 0 0 5 0 0 10030016 10037704 35270656 140731083840040 140731083840178 140731083840178 140731083841446 0
/proc/21/statm: 66823 57098 1748 913 0 55625 0
Current children cumulated CPU time: 758.17 s
Current children cumulated vsize: 493664 KiB
Current children cumulated memory: 304764 KiB

[startup+822.3 s]
/proc/loadavg: 54.60 55.71 56.06 53/3048 21
/proc/meminfo: memFree=377095088/527542216 swapFree=29906304/33554428
[pid=16] ppid=13 vsize=226372 memory=76372 CPUtime=3.25 cores=8-21,120-133
/proc/16/stat : 16 (python3) S 13 16 0 0 -1 4194304 14629 6840 298 4 68 11 245 1 20 0 1 0 522934419 231804928 19093 67087892480 94664528470016 94664531740717 140731329619440 0 0 0 0 16781312 2 1 0 0 17 17 0 0 50 0 0 94664534104080 94664534388120 94664557506560 140731329620737 140731329620807 140731329620807 140731329621991 0
/proc/16/statm: 56593 19093 5200 799 0 23300 0
[pid=21] ppid=16 vsize=267292 memory=228392 CPUtime=814.69 cores=8-21,120-133
/proc/21/stat : 21 (NuSMVa_linux64) R 16 16 0 0 -1 4194304 52652 0 73 0 81457 12 0 0 20 0 1 0 522934814 273707008 57098 67087892480 4194304 7931321 140731083835744 0 0 0 0 0 512 0 0 0 17 14 0 0 5 0 0 10030016 10037704 35270656 140731083840040 140731083840178 140731083840178 140731083841446 0
/proc/21/statm: 66823 57098 1748 913 0 55625 0
Current children cumulated CPU time: 817.94 s
Current children cumulated vsize: 493664 KiB
Current children cumulated memory: 304764 KiB

[startup+882.3 s]
/proc/loadavg: 52.95 55.03 55.80 53/3031 21
/proc/meminfo: memFree=377079820/527542216 swapFree=29906304/33554428
[pid=16] ppid=13 vsize=226372 memory=76372 CPUtime=3.25 cores=8-21,120-133
/proc/16/stat : 16 (python3) S 13 16 0 0 -1 4194304 14629 6840 298 4 68 11 245 1 20 0 1 0 522934419 231804928 19093 67087892480 94664528470016 94664531740717 140731329619440 0 0 0 0 16781312 2 1 0 0 17 17 0 0 50 0 0 94664534104080 94664534388120 94664557506560 140731329620737 140731329620807 140731329620807 140731329621991 0
/proc/16/statm: 56593 19093 5200 799 0 23300 0
[pid=21] ppid=16 vsize=273560 memory=234564 CPUtime=874.38 cores=8-21,120-133
/proc/21/stat : 21 (NuSMVa_linux64) R 16 16 0 0 -1 4194304 54234 0 73 0 87426 12 0 0 20 0 1 0 522934814 280125440 58641 67087892480 4194304 7931321 140731083835744 0 0 0 0 0 512 0 0 0 17 21 0 0 5 0 0 10030016 10037704 35270656 140731083840040 140731083840178 140731083840178 140731083841446 0
/proc/21/statm: 68390 58641 1748 913 0 57192 0
Current children cumulated CPU time: 877.63 s
Current children cumulated vsize: 499932 KiB
Current children cumulated memory: 310936 KiB

[startup+942.3 s]
/proc/loadavg: 54.75 55.04 55.75 54/3056 21
/proc/meminfo: memFree=376706000/527542216 swapFree=29906304/33554428
[pid=16] ppid=13 vsize=226372 memory=76372 CPUtime=3.25 cores=8-21,120-133
/proc/16/stat : 16 (python3) S 13 16 0 0 -1 4194304 14629 6840 298 4 68 11 245 1 20 0 1 0 522934419 231804928 19093 67087892480 94664528470016 94664531740717 140731329619440 0 0 0 0 16781312 2 1 0 0 17 17 0 0 50 0 0 94664534104080 94664534388120 94664557506560 140731329620737 140731329620807 140731329620807 140731329621991 0
/proc/16/statm: 56593 19093 5200 799 0 23300 0
[pid=21] ppid=16 vsize=284436 memory=245360 CPUtime=934.03 cores=8-21,120-133
/proc/21/stat : 21 (NuSMVa_linux64) R 16 16 0 0 -1 4194304 56968 0 73 0 93390 13 0 0 20 0 1 0 522934814 291262464 61340 67087892480 4194304 7931321 140731083835744 0 0 0 0 0 512 0 0 0 17 21 0 0 5 0 0 10030016 10037704 35270656 140731083840040 140731083840178 140731083840178 140731083841446 0
/proc/21/statm: 71109 61340 1748 913 0 59911 0
Current children cumulated CPU time: 937.28 s
Current children cumulated vsize: 510808 KiB
Current children cumulated memory: 321732 KiB

[startup+1002.3 s]
/proc/loadavg: 48.47 53.41 55.15 40/3074 21
/proc/meminfo: memFree=374795248/527542216 swapFree=29906304/33554428
[pid=16] ppid=13 vsize=226372 memory=76372 CPUtime=3.25 cores=8-21,120-133
/proc/16/stat : 16 (python3) S 13 16 0 0 -1 4194304 14629 6840 298 4 68 11 245 1 20 0 1 0 522934419 231804928 19093 67087892480 94664528470016 94664531740717 140731329619440 0 0 0 0 16781312 2 1 0 0 17 17 0 0 50 0 0 94664534104080 94664534388120 94664557506560 140731329620737 140731329620807 140731329620807 140731329621991 0
/proc/16/statm: 56593 19093 5200 799 0 23300 0
[pid=21] ppid=16 vsize=284916 memory=245860 CPUtime=993.66 cores=8-21,120-133
/proc/21/stat : 21 (NuSMVa_linux64) R 16 16 0 0 -1 4194304 57103 0 73 0 99353 13 0 0 20 0 1 0 522934814 291753984 61465 67087892480 4194304 7931321 140731083835744 0 0 0 0 0 512 0 0 0 17 21 0 0 5 0 0 10030016 10037704 35270656 140731083840040 140731083840178 140731083840178 140731083841446 0
/proc/21/statm: 71229 61465 1748 913 0 60031 0
Current children cumulated CPU time: 996.91 s
Current children cumulated vsize: 511288 KiB
Current children cumulated memory: 322232 KiB

[startup+1062.3 s]
/proc/loadavg: 52.66 53.63 55.11 54/3050 21
/proc/meminfo: memFree=374146788/527542216 swapFree=29906304/33554428
[pid=16] ppid=13 vsize=226372 memory=76372 CPUtime=3.25 cores=8-21,120-133
/proc/16/stat : 16 (python3) S 13 16 0 0 -1 4194304 14629 6840 298 4 68 11 245 1 20 0 1 0 522934419 231804928 19093 67087892480 94664528470016 94664531740717 140731329619440 0 0 0 0 16781312 2 1 0 0 17 17 0 0 50 0 0 94664534104080 94664534388120 94664557506560 140731329620737 140731329620807 140731329620807 140731329621991 0
/proc/16/statm: 56593 19093 5200 799 0 23300 0
[pid=21] ppid=16 vsize=296272 memory=257448 CPUtime=1053.32 cores=8-21,120-133
/proc/21/stat : 21 (NuSMVa_linux64) R 16 16 0 0 -1 4194304 59949 0 73 0 105318 14 0 0 20 0 1 0 522934814 303382528 64362 67087892480 4194304 7931321 140731083835744 0 0 0 0 0 512 0 0 0 17 126 0 0 5 0 0 10030016 10037704 35270656 140731083840040 140731083840178 140731083840178 140731083841446 0
/proc/21/statm: 74068 64362 1748 913 0 62870 0
Current children cumulated CPU time: 1056.57 s
Current children cumulated vsize: 522644 KiB
Current children cumulated memory: 333820 KiB

[startup+1122.3 s]
/proc/loadavg: 54.37 54.00 55.15 55/3085 21
/proc/meminfo: memFree=372321296/527542216 swapFree=29906304/33554428
[pid=16] ppid=13 vsize=226372 memory=76372 CPUtime=3.25 cores=8-21,120-133
/proc/16/stat : 16 (python3) S 13 16 0 0 -1 4194304 14629 6840 298 4 68 11 245 1 20 0 1 0 522934419 231804928 19093 67087892480 94664528470016 94664531740717 140731329619440 0 0 0 0 16781312 2 1 0 0 17 17 0 0 50 0 0 94664534104080 94664534388120 94664557506560 140731329620737 140731329620807 140731329620807 140731329621991 0
/proc/16/statm: 56593 19093 5200 799 0 23300 0
[pid=21] ppid=16 vsize=306220 memory=267188 CPUtime=1113.06 cores=8-21,120-133
/proc/21/stat : 21 (NuSMVa_linux64) R 16 16 0 0 -1 4194304 62451 0 73 0 111292 14 0 0 20 0 1 0 522934814 313569280 66797 67087892480 4194304 7931321 140731083835744 0 0 0 0 0 512 0 0 0 17 16 0 0 5 0 0 10030016 10037704 35270656 140731083840040 140731083840178 140731083840178 140731083841446 0
/proc/21/statm: 76555 66797 1748 913 0 65357 0
Current children cumulated CPU time: 1116.31 s
Current children cumulated vsize: 532592 KiB
Current children cumulated memory: 343560 KiB

[startup+1182.3 s]
/proc/loadavg: 60.56 55.93 55.74 69/3079 21
/proc/meminfo: memFree=372533536/527542216 swapFree=29906304/33554428
[pid=16] ppid=13 vsize=226372 memory=76372 CPUtime=3.25 cores=8-21,120-133
/proc/16/stat : 16 (python3) S 13 16 0 0 -1 4194304 14629 6840 298 4 68 11 245 1 20 0 1 0 522934419 231804928 19093 67087892480 94664528470016 94664531740717 140731329619440 0 0 0 0 16781312 2 1 0 0 17 17 0 0 50 0 0 94664534104080 94664534388120 94664557506560 140731329620737 140731329620807 140731329620807 140731329621991 0
/proc/16/statm: 56593 19093 5200 799 0 23300 0
[pid=21] ppid=16 vsize=308748 memory=269800 CPUtime=1172.79 cores=8-21,120-133
/proc/21/stat : 21 (NuSMVa_linux64) R 16 16 0 0 -1 4194304 63089 0 73 0 117265 14 0 0 20 0 1 0 522934814 316157952 67450 67087892480 4194304 7931321 140731083835744 0 0 0 0 0 512 0 0 0 17 16 0 0 5 0 0 10030016 10037704 35270656 140731083840040 140731083840178 140731083840178 140731083841446 0
/proc/21/statm: 77187 67450 1748 913 0 65989 0
Current children cumulated CPU time: 1176.04 s
Current children cumulated vsize: 535120 KiB
Current children cumulated memory: 346172 KiB

[startup+1242.3 s]
/proc/loadavg: 56.38 55.56 55.63 55/3082 21
/proc/meminfo: memFree=372100580/527542216 swapFree=29906304/33554428
[pid=16] ppid=13 vsize=226372 memory=76372 CPUtime=3.25 cores=8-21,120-133
/proc/16/stat : 16 (python3) S 13 16 0 0 -1 4194304 14629 6840 298 4 68 11 245 1 20 0 1 0 522934419 231804928 19093 67087892480 94664528470016 94664531740717 140731329619440 0 0 0 0 16781312 2 1 0 0 17 17 0 0 50 0 0 94664534104080 94664534388120 94664557506560 140731329620737 140731329620807 140731329620807 140731329621991 0
/proc/16/statm: 56593 19093 5200 799 0 23300 0
[pid=21] ppid=16 vsize=308904 memory=270036 CPUtime=1232.53 cores=8-21,120-133
/proc/21/stat : 21 (NuSMVa_linux64) R 16 16 0 0 -1 4194304 63119 0 73 0 123238 15 0 0 20 0 1 0 522934814 316317696 67509 67087892480 4194304 7931321 140731083835744 0 0 0 0 0 512 0 0 0 17 128 0 0 5 0 0 10030016 10037704 35270656 140731083840040 140731083840178 140731083840178 140731083841446 0
/proc/21/statm: 77226 67509 1748 913 0 66028 0
Current children cumulated CPU time: 1235.78 s
Current children cumulated vsize: 535276 KiB
Current children cumulated memory: 346408 KiB

[startup+1302.3 s]
/proc/loadavg: 56.10 55.62 55.64 54/3057 21
/proc/meminfo: memFree=372718400/527542216 swapFree=29906304/33554428
[pid=16] ppid=13 vsize=226372 memory=76372 CPUtime=3.25 cores=8-21,120-133
/proc/16/stat : 16 (python3) S 13 16 0 0 -1 4194304 14629 6840 298 4 68 11 245 1 20 0 1 0 522934419 231804928 19093 67087892480 94664528470016 94664531740717 140731329619440 0 0 0 0 16781312 2 1 0 0 17 17 0 0 50 0 0 94664534104080 94664534388120 94664557506560 140731329620737 140731329620807 140731329620807 140731329621991 0
/proc/16/statm: 56593 19093 5200 799 0 23300 0
[pid=21] ppid=16 vsize=310664 memory=271828 CPUtime=1292.29 cores=8-21,120-133
/proc/21/stat : 21 (NuSMVa_linux64) R 16 16 0 0 -1 4194304 63589 0 73 0 129214 15 0 0 20 0 1 0 522934814 318119936 67957 67087892480 4194304 7931321 140731083835744 0 0 0 0 0 512 0 0 0 17 14 0 0 5 0 0 10030016 10037704 35270656 140731083840040 140731083840178 140731083840178 140731083841446 0
/proc/21/statm: 77666 67957 1748 913 0 66468 0
Current children cumulated CPU time: 1295.54 s
Current children cumulated vsize: 537036 KiB
Current children cumulated memory: 348200 KiB

[startup+1362.3 s]
/proc/loadavg: 54.26 55.27 55.53 55/3075 21
/proc/meminfo: memFree=372107636/527542216 swapFree=29906304/33554428
[pid=16] ppid=13 vsize=226372 memory=76372 CPUtime=3.25 cores=8-21,120-133
/proc/16/stat : 16 (python3) S 13 16 0 0 -1 4194304 14629 6840 298 4 68 11 245 1 20 0 1 0 522934419 231804928 19093 67087892480 94664528470016 94664531740717 140731329619440 0 0 0 0 16781312 2 1 0 0 17 17 0 0 50 0 0 94664534104080 94664534388120 94664557506560 140731329620737 140731329620807 140731329620807 140731329621991 0
/proc/16/statm: 56593 19093 5200 799 0 23300 0
[pid=21] ppid=16 vsize=310664 memory=271828 CPUtime=1352.03 cores=8-21,120-133
/proc/21/stat : 21 (NuSMVa_linux64) R 16 16 0 0 -1 4194304 63611 0 73 0 135188 15 0 0 20 0 1 0 522934814 318119936 67957 67087892480 4194304 7931321 140731083835744 0 0 0 0 0 512 0 0 0 17 15 0 0 5 0 0 10030016 10037704 35270656 140731083840040 140731083840178 140731083840178 140731083841446 0
/proc/21/statm: 77666 67957 1748 913 0 66468 0
Current children cumulated CPU time: 1355.28 s
Current children cumulated vsize: 537036 KiB
Current children cumulated memory: 348200 KiB

[startup+1422.3 s]
/proc/loadavg: 49.97 53.78 54.99 57/3093 21
/proc/meminfo: memFree=371451020/527542216 swapFree=29906304/33554428
[pid=16] ppid=13 vsize=226372 memory=76372 CPUtime=3.25 cores=8-21,120-133
/proc/16/stat : 16 (python3) S 13 16 0 0 -1 4194304 14629 6840 298 4 68 11 245 1 20 0 1 0 522934419 231804928 19093 67087892480 94664528470016 94664531740717 140731329619440 0 0 0 0 16781312 2 1 0 0 17 17 0 0 50 0 0 94664534104080 94664534388120 94664557506560 140731329620737 140731329620807 140731329620807 140731329621991 0
/proc/16/statm: 56593 19093 5200 799 0 23300 0
[pid=21] ppid=16 vsize=312264 memory=273272 CPUtime=1411.79 cores=8-21,120-133
/proc/21/stat : 21 (NuSMVa_linux64) R 16 16 0 0 -1 4194304 64009 0 73 0 141164 15 0 0 20 0 1 0 522934814 319758336 68318 67087892480 4194304 7931321 140731083835744 0 0 0 0 0 512 0 0 0 17 15 0 0 5 0 0 10030016 10037704 35270656 140731083840040 140731083840178 140731083840178 140731083841446 0
/proc/21/statm: 78066 68318 1748 913 0 66868 0
Current children cumulated CPU time: 1415.04 s
Current children cumulated vsize: 538636 KiB
Current children cumulated memory: 349644 KiB

[startup+1482.3 s]
/proc/loadavg: 54.84 54.37 55.11 62/3082 21
/proc/meminfo: memFree=371153840/527542216 swapFree=29906304/33554428
[pid=16] ppid=13 vsize=226372 memory=76372 CPUtime=3.25 cores=8-21,120-133
/proc/16/stat : 16 (python3) S 13 16 0 0 -1 4194304 14629 6840 298 4 68 11 245 1 20 0 1 0 522934419 231804928 19093 67087892480 94664528470016 94664531740717 140731329619440 0 0 0 0 16781312 2 1 0 0 17 17 0 0 50 0 0 94664534104080 94664534388120 94664557506560 140731329620737 140731329620807 140731329620807 140731329621991 0
/proc/16/statm: 56593 19093 5200 799 0 23300 0
[pid=21] ppid=16 vsize=312264 memory=273272 CPUtime=1471.53 cores=8-21,120-133
/proc/21/stat : 21 (NuSMVa_linux64) R 16 16 0 0 -1 4194304 64031 0 73 0 147137 16 0 0 20 0 1 0 522934814 319758336 68318 67087892480 4194304 7931321 140731083835744 0 0 0 0 0 512 0 0 0 17 127 0 0 5 0 0 10030016 10037704 35270656 140731083840040 140731083840178 140731083840178 140731083841446 0
/proc/21/statm: 78066 68318 1748 913 0 66868 0
Current children cumulated CPU time: 1474.78 s
Current children cumulated vsize: 538636 KiB
Current children cumulated memory: 349644 KiB

[startup+1542.3 s]
/proc/loadavg: 56.98 55.04 55.29 62/3085 21
/proc/meminfo: memFree=371063664/527542216 swapFree=29906304/33554428
[pid=16] ppid=13 vsize=226372 memory=76372 CPUtime=3.25 cores=8-21,120-133
/proc/16/stat : 16 (python3) S 13 16 0 0 -1 4194304 14629 6840 298 4 68 11 245 1 20 0 1 0 522934419 231804928 19093 67087892480 94664528470016 94664531740717 140731329619440 0 0 0 0 16781312 2 1 0 0 17 17 0 0 50 0 0 94664534104080 94664534388120 94664557506560 140731329620737 140731329620807 140731329620807 140731329621991 0
/proc/16/statm: 56593 19093 5200 799 0 23300 0
[pid=21] ppid=16 vsize=312264 memory=273460 CPUtime=1531.27 cores=8-21,120-133
/proc/21/stat : 21 (NuSMVa_linux64) R 16 16 0 0 -1 4194304 64053 0 73 0 153111 16 0 0 20 0 1 0 522934814 319758336 68365 67087892480 4194304 7931321 140731083835744 0 0 0 0 0 512 0 0 0 17 127 0 0 5 0 0 10030016 10037704 35270656 140731083840040 140731083840178 140731083840178 140731083841446 0
/proc/21/statm: 78066 68365 1748 913 0 66868 0
Current children cumulated CPU time: 1534.52 s
Current children cumulated vsize: 538636 KiB
Current children cumulated memory: 349832 KiB

[startup+1602.3 s]
/proc/loadavg: 54.81 54.80 55.20 54/3048 21
/proc/meminfo: memFree=371677516/527542216 swapFree=29906304/33554428
[pid=16] ppid=13 vsize=226372 memory=76372 CPUtime=3.25 cores=8-21,120-133
/proc/16/stat : 16 (python3) S 13 16 0 0 -1 4194304 14629 6840 298 4 68 11 245 1 20 0 1 0 522934419 231804928 19093 67087892480 94664528470016 94664531740717 140731329619440 0 0 0 0 16781312 2 1 0 0 17 17 0 0 50 0 0 94664534104080 94664534388120 94664557506560 140731329620737 140731329620807 140731329620807 140731329621991 0
/proc/16/statm: 56593 19093 5200 799 0 23300 0
[pid=21] ppid=16 vsize=312264 memory=273460 CPUtime=1591.02 cores=8-21,120-133
/proc/21/stat : 21 (NuSMVa_linux64) R 16 16 0 0 -1 4194304 64067 0 73 0 159086 16 0 0 20 0 1 0 522934814 319758336 68365 67087892480 4194304 7931321 140731083835744 0 0 0 0 0 512 0 0 0 17 127 0 0 5 0 0 10030016 10037704 35270656 140731083840040 140731083840178 140731083840178 140731083841446 0
/proc/21/statm: 78066 68365 1748 913 0 66868 0
Current children cumulated CPU time: 1594.27 s
Current children cumulated vsize: 538636 KiB
Current children cumulated memory: 349832 KiB

[startup+1662.3 s]
/proc/loadavg: 54.26 54.70 55.14 54/3048 21
/proc/meminfo: memFree=371691556/527542216 swapFree=29906304/33554428
[pid=16] ppid=13 vsize=226372 memory=76372 CPUtime=3.25 cores=8-21,120-133
/proc/16/stat : 16 (python3) S 13 16 0 0 -1 4194304 14629 6840 298 4 68 11 245 1 20 0 1 0 522934419 231804928 19093 67087892480 94664528470016 94664531740717 140731329619440 0 0 0 0 16781312 2 1 0 0 17 17 0 0 50 0 0 94664534104080 94664534388120 94664557506560 140731329620737 140731329620807 140731329620807 140731329621991 0
/proc/16/statm: 56593 19093 5200 799 0 23300 0
[pid=21] ppid=16 vsize=314984 memory=275980 CPUtime=1650.76 cores=8-21,120-133
/proc/21/stat : 21 (NuSMVa_linux64) R 16 16 0 0 -1 4194304 64753 0 73 0 165060 16 0 0 20 0 1 0 522934814 322543616 68995 67087892480 4194304 7931321 140731083835744 0 0 0 0 0 512 0 0 0 17 15 0 0 5 0 0 10030016 10037704 35270656 140731083840040 140731083840178 140731083840178 140731083841446 0
/proc/21/statm: 78746 68995 1748 913 0 67548 0
Current children cumulated CPU time: 1654.01 s
Current children cumulated vsize: 541356 KiB
Current children cumulated memory: 352352 KiB

[startup+1722.3 s]
/proc/loadavg: 54.63 54.65 55.09 69/3045 21
/proc/meminfo: memFree=371699576/527542216 swapFree=29906304/33554428
[pid=16] ppid=13 vsize=226372 memory=76372 CPUtime=3.25 cores=8-21,120-133
/proc/16/stat : 16 (python3) S 13 16 0 0 -1 4194304 14629 6840 298 4 68 11 245 1 20 0 1 0 522934419 231804928 19093 67087892480 94664528470016 94664531740717 140731329619440 0 0 0 0 16781312 2 1 0 0 17 17 0 0 50 0 0 94664534104080 94664534388120 94664557506560 140731329620737 140731329620807 140731329620807 140731329621991 0
/proc/16/statm: 56593 19093 5200 799 0 23300 0
[pid=21] ppid=16 vsize=315144 memory=276188 CPUtime=1710.53 cores=8-21,120-133
/proc/21/stat : 21 (NuSMVa_linux64) R 16 16 0 0 -1 4194304 64799 0 73 0 171036 17 0 0 20 0 1 0 522934814 322707456 69047 67087892480 4194304 7931321 140731083835744 0 0 0 0 0 512 0 0 0 17 18 0 0 5 0 0 10030016 10037704 35270656 140731083840040 140731083840178 140731083840178 140731083841446 0
/proc/21/statm: 78786 69047 1748 913 0 67588 0
Current children cumulated CPU time: 1713.78 s
Current children cumulated vsize: 541516 KiB
Current children cumulated memory: 352560 KiB

[startup+1782.3 s]
/proc/loadavg: 53.40 54.36 54.96 83/3065 21
/proc/meminfo: memFree=372045228/527542216 swapFree=29906304/33554428
[pid=16] ppid=13 vsize=226372 memory=76372 CPUtime=3.25 cores=8-21,120-133
/proc/16/stat : 16 (python3) S 13 16 0 0 -1 4194304 14629 6840 298 4 68 11 245 1 20 0 1 0 522934419 231804928 19093 67087892480 94664528470016 94664531740717 140731329619440 0 0 0 0 16781312 2 1 0 0 17 17 0 0 50 0 0 94664534104080 94664534388120 94664557506560 140731329620737 140731329620807 140731329620807 140731329621991 0
/proc/16/statm: 56593 19093 5200 799 0 23300 0
[pid=21] ppid=16 vsize=315304 memory=276368 CPUtime=1770.27 cores=8-21,120-133
/proc/21/stat : 21 (NuSMVa_linux64) R 16 16 0 0 -1 4194304 64853 0 73 0 177010 17 0 0 20 0 1 0 522934814 322871296 69092 67087892480 4194304 7931321 140731083835744 0 0 0 0 0 512 0 0 0 17 18 0 0 5 0 0 10030016 10037704 35270656 140731083840040 140731083840178 140731083840178 140731083841446 0
/proc/21/statm: 78826 69092 1748 913 0 67628 0
Current children cumulated CPU time: 1773.52 s
Current children cumulated vsize: 541676 KiB
Current children cumulated memory: 352740 KiB



Maximum wall clock time exceeded: sending SIGTERM then SIGKILL

[startup+1800 s]*
/proc/loadavg: 53.54 54.34 54.95 55/3066 21
/proc/meminfo: memFree=371744140/527542216 swapFree=29906304/33554428
[pid=16] ppid=13 vsize=226372 memory=76372 CPUtime=3.25 cores=8-21,120-133
/proc/16/stat : 16 (python3) S 13 16 0 0 -1 4194304 14629 6840 298 4 68 11 245 1 20 0 1 0 522934419 231804928 19093 67087892480 94664528470016 94664531740717 140731329619440 0 0 0 0 16781312 2 1 0 0 17 17 0 0 50 0 0 94664534104080 94664534388120 94664557506560 140731329620737 140731329620807 140731329620807 140731329621991 0
/proc/16/statm: 56593 19093 5200 799 0 23300 0
[pid=21] ppid=16 vsize=316488 memory=277660 CPUtime=1787.9 cores=8-21,120-133
/proc/21/stat : 21 (NuSMVa_linux64) R 16 16 0 0 -1 4194304 65164 0 73 0 178773 17 0 0 20 0 1 0 522934814 324083712 69415 67087892480 4194304 7931321 140731083835744 0 0 0 0 0 512 0 0 0 17 18 0 0 5 0 0 10030016 10037704 35270656 140731083840040 140731083840178 140731083840178 140731083841446 0
/proc/21/statm: 79122 69415 1748 913 0 67924 0
Current children cumulated CPU time: 1791.15 s
Current children cumulated vsize: 542860 KiB
Current children cumulated memory: 354032 KiB

Sending SIGTERM to process tree (bottom up)
Sleeping 2 seconds

[startup+1800.01 s]
# the end of solver process 16 was just reported to runsolver
# cumulated CPU time of all completed processes:  user=3.14419 s, system=0.136622 s

[startup+1800.02 s]
# the end of solver process 21 was just reported to runsolver
# cumulated CPU time of all completed processes:  user=1790.88 s, system=0.326782 s
# this solver process was not waited by its parent and was adopted by runsolver

Solver just ended.
??? end of watcher thread
Dumping a history of the last processes samples

Child ended because it received signal 15 (SIGTERM)
Real time (s): 1800.02
CPU time (s): 1791.2
CPU user time (s): 1790.88
CPU system time (s): 0.326782
CPU usage (%): 99.5103
Max. virtual memory (cumulated for all children) (KiB): 542860
Max. memory (cumulated for all children) (KiB): 354032

getrusage(RUSAGE_CHILDREN,...) data:
user time used= 1790.88
system time used= 0.326782
maximum resident set size= 277684
integral shared memory size= 0
integral unshared data size= 0
integral unshared stack size= 0
page reclaims= 86633
page faults= 375
swaps= 0
block input operations= 104592
block output operations= 16
messages sent= 0
messages received= 0
signals received= 0
voluntary context switches= 10314
involuntary context switches= 2452


# summary of solver processes directly reported to runsolver:
#   pid: 16,21
#   total CPU time (s): 1791.2
#   total CPU user time (s): 1790.88
#   total CPU system time (s): 0.326782

??? join timestamper begins
??? join timestamper ends
??? end of timestamper thread
runsolver used 1.29936 second user time and 2.39179 second system time

The end
