runsolver version 3.4.1 (svn: 3018) Copyright (C) 2010-2013 Olivier ROUSSEL

This program is distributed in the hope that it will be useful,
but WITHOUT ANY WARRANTY; without even the implied warranty of
MERCHANTABILITY or FITNESS FOR A PARTICULAR PURPOSE.  See the
GNU General Public License for more details.

NUMA information:
  number of nodes: 8
  memory of node 0: 63700 MiB (26805 MiB free)
  memory of node 1: 64461 MiB (105 MiB free)
  memory of node 2: 64504 MiB (9082 MiB free)
  memory of node 3: 64504 MiB (34255 MiB free)
  memory of node 4: 64504 MiB (21302 MiB free)
  memory of node 5: 64504 MiB (63661 MiB free)
  memory of node 6: 64504 MiB (61808 MiB free)
  memory of node 7: 64491 MiB (52011 MiB free)
  node distances:
     10  12  12  12  21  21  21  21
     12  10  12  12  21  21  21  21
     12  12  10  12  21  21  21  21
     12  12  12  10  21  21  21  21
     21  21  21  21  10  12  12  12
     21  21  21  21  12  10  12  12
     21  21  21  21  12  12  10  12
     21  21  21  21  12  12  12  10

command line: /usr/local/bin/runsolver --timestamp -w /output/runsolver-watch.log -v /output/runsolver-values.log -o /output/solver-output.log -C 1800.0 -W 1800.0 -R 64000 /opt/solver/run_bn4rust.py --mode cyber-complement-gfp-plus-dependency-order --instance /input/model_195.bnet 

running on 26 cores: 74-87,188-199

Enforcing CPUTime limit (soft limit, will send SIGTERM then SIGKILL): 1800 seconds
Enforcing CPUTime limit (hard limit, will send SIGXCPU): 1830 seconds
Enforcing wall clock limit (soft limit, will send SIGTERM then SIGKILL): 1800 seconds
Enforcing RSS+Swap limit (soft limit, will send SIGTERM then SIGKILL): 65536000 KiB
Linux 4.18.0-553.159.1.el8_10.x86_64
solver pid=16, runsolver pid=13
Current StackSize limit: 18014398509481983 KiB


[startup+0.100067 s]*
/proc/loadavg: 22.49 23.97 25.61 23/2853 17
/proc/meminfo: memFree=275674484/527542216 swapFree=3794732/33554428
[pid=16] ppid=13 vsize=15748 memory=10012 CPUtime=0.02 cores=74-87,186-199
/proc/16/stat : 16 (python3) R 13 16 0 0 -1 4194304 1376 0 81 0 2 0 0 0 20 0 1 0 53435105 16125952 2503 67087892480 4194304 7154137 140728935035104 0 0 0 0 16781312 2 0 0 0 17 84 0 0 6 0 0 9727432 11029816 17375232 140728935037751 140728935037869 140728935037869 140728935038951 0
/proc/16/statm: 3937 2503 1403 723 0 1673 0
Current children cumulated CPU time: 0.02 s
Current children cumulated vsize: 15748 KiB
Current children cumulated memory: 10012 KiB

[startup+0.200611 s]*
/proc/loadavg: 22.49 23.97 25.61 23/2854 18
/proc/meminfo: memFree=275214300/527542216 swapFree=3794732/33554428
[pid=16] ppid=13 vsize=17684 memory=12464 CPUtime=0.03 cores=74-87,186-199
/proc/16/stat : 16 (python3) S 13 16 0 0 -1 4194304 1897 0 96 0 3 0 0 0 20 0 1 0 53435105 18108416 3116 67087892480 4194304 7154137 140728935035104 0 0 0 0 16781312 2 1 0 0 17 84 0 0 8 0 0 9727432 11029816 17375232 140728935037751 140728935037869 140728935037869 140728935038951 0
/proc/16/statm: 4421 3116 1523 723 0 2063 0
[pid=18] ppid=16 vsize=16064 memory=11172 CPUtime=0.04 cores=74-87,186-199
/proc/18/stat : 18 (bn4rust) R 16 16 0 0 -1 4194304 3954 0 18 0 3 1 0 0 20 0 1 0 53435119 16449536 2793 67087892480 93950001147904 93950003015025 140721106589424 0 0 0 0 4096 1088 0 0 0 17 198 0 0 1 0 0 93950003273088 93950003320024 93950016413696 140721106594554 140721106594710 140721106594710 140721106595809 0
/proc/18/statm: 4016 2793 1068 456 0 2177 0
Current children cumulated CPU time: 0.07 s
Current children cumulated vsize: 33748 KiB
Current children cumulated memory: 23636 KiB

[startup+0.300533 s]*
/proc/loadavg: 22.49 23.97 25.61 22/2854 18
/proc/meminfo: memFree=275192268/527542216 swapFree=3794732/33554428
[pid=16] ppid=13 vsize=17684 memory=12464 CPUtime=0.03 cores=74-87,186-199
/proc/16/stat : 16 (python3) S 13 16 0 0 -1 4194304 1897 0 96 0 3 0 0 0 20 0 1 0 53435105 18108416 3116 67087892480 4194304 7154137 140728935035104 0 0 0 0 16781312 2 1 0 0 17 84 0 0 8 0 0 9727432 11029816 17375232 140728935037751 140728935037869 140728935037869 140728935038951 0
/proc/16/statm: 4421 3116 1523 723 0 2063 0
[pid=18] ppid=16 vsize=21276 memory=16936 CPUtime=0.13 cores=74-87,186-199
/proc/18/stat : 18 (bn4rust) R 16 16 0 0 -1 4194304 6337 0 18 0 12 1 0 0 20 0 1 0 53435119 21786624 4234 67087892480 93950001147904 93950003015025 140721106589424 0 0 0 0 4096 1088 0 0 0 17 86 0 0 1 0 0 93950003273088 93950003320024 93950016413696 140721106594554 140721106594710 140721106594710 140721106595809 0
/proc/18/statm: 5319 4234 1068 456 0 3480 0
Current children cumulated CPU time: 0.16 s
Current children cumulated vsize: 38960 KiB
Current children cumulated memory: 29400 KiB

[startup+0.700181 s]
/proc/loadavg: 22.49 23.97 25.61 20/2854 18
/proc/meminfo: memFree=274962872/527542216 swapFree=3794732/33554428
[pid=16] ppid=13 vsize=17684 memory=12464 CPUtime=0.03 cores=74-87,186-199
/proc/16/stat : 16 (python3) S 13 16 0 0 -1 4194304 1897 0 96 0 3 0 0 0 20 0 1 0 53435105 18108416 3116 67087892480 4194304 7154137 140728935035104 0 0 0 0 16781312 2 1 0 0 17 84 0 0 8 0 0 9727432 11029816 17375232 140728935037751 140728935037869 140728935037869 140728935038951 0
/proc/16/statm: 4421 3116 1523 723 0 2063 0
[pid=18] ppid=16 vsize=43464 memory=36712 CPUtime=0.53 cores=74-87,186-199
/proc/18/stat : 18 (bn4rust) R 16 16 0 0 -1 4194304 12261 0 18 0 51 2 0 0 20 0 1 0 53435119 44507136 9178 67087892480 93950001147904 93950003015025 140721106589424 0 0 0 0 4096 1088 0 0 0 17 86 0 0 1 0 0 93950003273088 93950003320024 93950016413696 140721106594554 140721106594710 140721106594710 140721106595809 0
/proc/18/statm: 10866 9178 1068 456 0 9027 0
Current children cumulated CPU time: 0.56 s
Current children cumulated vsize: 61148 KiB
Current children cumulated memory: 49176 KiB

[startup+1.50016 s]
/proc/loadavg: 22.53 23.96 25.59 20/2854 18
/proc/meminfo: memFree=275259564/527542216 swapFree=3794732/33554428
[pid=16] ppid=13 vsize=17684 memory=12464 CPUtime=0.03 cores=74-87,186-199
/proc/16/stat : 16 (python3) S 13 16 0 0 -1 4194304 1897 0 96 0 3 0 0 0 20 0 1 0 53435105 18108416 3116 67087892480 4194304 7154137 140728935035104 0 0 0 0 16781312 2 1 0 0 17 84 0 0 8 0 0 9727432 11029816 17375232 140728935037751 140728935037869 140728935037869 140728935038951 0
/proc/16/statm: 4421 3116 1523 723 0 2063 0
[pid=18] ppid=16 vsize=96680 memory=93276 CPUtime=1.32 cores=74-87,186-199
/proc/18/stat : 18 (bn4rust) R 16 16 0 0 -1 4194304 16167 0 18 0 129 3 0 0 20 0 1 0 53435119 99000320 23319 67087892480 93950001147904 93950003015025 140721106589424 0 0 0 0 4096 1088 0 0 0 17 86 0 0 1 0 0 93950003273088 93950003320024 93950016413696 140721106594554 140721106594710 140721106594710 140721106595809 0
/proc/18/statm: 24170 23319 1068 456 0 22331 0
Current children cumulated CPU time: 1.35 s
Current children cumulated vsize: 114364 KiB
Current children cumulated memory: 105740 KiB

[startup+3.10055 s]
/proc/loadavg: 22.53 23.96 25.59 20/2854 18
/proc/meminfo: memFree=275083204/527542216 swapFree=3794476/33554428
[pid=16] ppid=13 vsize=17684 memory=12464 CPUtime=0.03 cores=74-87,186-199
/proc/16/stat : 16 (python3) S 13 16 0 0 -1 4194304 1897 0 96 0 3 0 0 0 20 0 1 0 53435105 18108416 3116 67087892480 4194304 7154137 140728935035104 0 0 0 0 16781312 2 1 0 0 17 84 0 0 8 0 0 9727432 11029816 17375232 140728935037751 140728935037869 140728935037869 140728935038951 0
/proc/16/statm: 4421 3116 1523 723 0 2063 0
[pid=18] ppid=16 vsize=97372 memory=73152 CPUtime=2.91 cores=74-87,186-199
/proc/18/stat : 18 (bn4rust) R 16 16 0 0 -1 4194304 27344 0 18 0 284 7 0 0 20 0 1 0 53435119 99708928 18288 67087892480 93950001147904 93950003015025 140721106589424 0 0 0 0 4096 1088 0 0 0 17 86 0 0 1 0 0 93950003273088 93950003320024 93950016413696 140721106594554 140721106594710 140721106594710 140721106595809 0
/proc/18/statm: 24343 18288 1068 456 0 22504 0
Current children cumulated CPU time: 2.94 s
Current children cumulated vsize: 115056 KiB
Current children cumulated memory: 85616 KiB

[startup+6.30028 s]
/proc/loadavg: 22.73 23.98 25.59 24/2854 18
/proc/meminfo: memFree=274835836/527542216 swapFree=3794732/33554428
[pid=16] ppid=13 vsize=17684 memory=12464 CPUtime=0.03 cores=74-87,186-199
/proc/16/stat : 16 (python3) S 13 16 0 0 -1 4194304 1897 0 96 0 3 0 0 0 20 0 1 0 53435105 18108416 3116 67087892480 4194304 7154137 140728935035104 0 0 0 0 16781312 2 1 0 0 17 84 0 0 8 0 0 9727432 11029816 17375232 140728935037751 140728935037869 140728935037869 140728935038951 0
/proc/16/statm: 4421 3116 1523 723 0 2063 0
[pid=18] ppid=16 vsize=224772 memory=179248 CPUtime=6.1 cores=74-87,186-199
/proc/18/stat : 18 (bn4rust) R 16 16 0 0 -1 4194304 46398 0 18 0 589 21 0 0 20 0 1 0 53435119 230166528 44812 67087892480 93950001147904 93950003015025 140721106589424 0 0 0 0 4096 1088 0 0 0 17 86 0 0 1 0 0 93950003273088 93950003320024 93950016413696 140721106594554 140721106594710 140721106594710 140721106595809 0
/proc/18/statm: 56193 44812 1068 456 0 54354 0
Current children cumulated CPU time: 6.13 s
Current children cumulated vsize: 242456 KiB
Current children cumulated memory: 191712 KiB

[startup+12.7002 s]
/proc/loadavg: 22.83 23.98 25.58 22/2854 18
/proc/meminfo: memFree=274829284/527542216 swapFree=3794732/33554428
[pid=16] ppid=13 vsize=17684 memory=12464 CPUtime=0.03 cores=74-87,186-199
/proc/16/stat : 16 (python3) S 13 16 0 0 -1 4194304 1897 0 96 0 3 0 0 0 20 0 1 0 53435105 18108416 3116 67087892480 4194304 7154137 140728935035104 0 0 0 0 16781312 2 1 0 0 17 84 0 0 8 0 0 9727432 11029816 17375232 140728935037751 140728935037869 140728935037869 140728935038951 0
/proc/16/statm: 4421 3116 1523 723 0 2063 0
[pid=18] ppid=16 vsize=124528 memory=99744 CPUtime=12.48 cores=74-87,186-199
/proc/18/stat : 18 (bn4rust) R 16 16 0 0 -1 4194304 81797 0 18 0 1203 45 0 0 20 0 1 0 53435119 127516672 24936 67087892480 93950001147904 93950003015025 140721106589424 0 0 0 0 4096 1088 0 0 0 17 198 0 0 1 0 0 93950003273088 93950003320024 93950016413696 140721106594554 140721106594710 140721106594710 140721106595809 0
/proc/18/statm: 31132 24936 1068 456 0 29293 0
Current children cumulated CPU time: 12.51 s
Current children cumulated vsize: 142212 KiB
Current children cumulated memory: 112208 KiB

[startup+25.5003 s]
/proc/loadavg: 22.91 23.96 25.56 24/2856 18
/proc/meminfo: memFree=275442244/527542216 swapFree=3794732/33554428
[pid=16] ppid=13 vsize=17684 memory=12464 CPUtime=0.03 cores=74-87,186-199
/proc/16/stat : 16 (python3) S 13 16 0 0 -1 4194304 1897 0 96 0 3 0 0 0 20 0 1 0 53435105 18108416 3116 67087892480 4194304 7154137 140728935035104 0 0 0 0 16781312 2 1 0 0 17 84 0 0 8 0 0 9727432 11029816 17375232 140728935037751 140728935037869 140728935037869 140728935038951 0
/proc/16/statm: 4421 3116 1523 723 0 2063 0
[pid=18] ppid=16 vsize=207732 memory=164156 CPUtime=25.22 cores=74-87,186-199
/proc/18/stat : 18 (bn4rust) R 16 16 0 0 -1 4194304 141447 0 18 0 2442 80 0 0 20 0 1 0 53435119 212717568 41039 67087892480 93950001147904 93950003015025 140721106589424 0 0 0 0 4096 1088 0 0 0 17 198 0 0 1 0 0 93950003273088 93950003320024 93950016413696 140721106594554 140721106594710 140721106594710 140721106595809 0
/proc/18/statm: 51933 41039 1068 456 0 50094 0
Current children cumulated CPU time: 25.25 s
Current children cumulated vsize: 225416 KiB
Current children cumulated memory: 176620 KiB

[startup+51.1005 s]
/proc/loadavg: 23.02 23.90 25.49 27/2818 18
/proc/meminfo: memFree=274807556/527542216 swapFree=3794732/33554428
[pid=16] ppid=13 vsize=17684 memory=12464 CPUtime=0.03 cores=74-87,186-199
/proc/16/stat : 16 (python3) S 13 16 0 0 -1 4194304 1897 0 96 0 3 0 0 0 20 0 1 0 53435105 18108416 3116 67087892480 4194304 7154137 140728935035104 0 0 0 0 16781312 2 1 0 0 17 84 0 0 8 0 0 9727432 11029816 17375232 140728935037751 140728935037869 140728935037869 140728935038951 0
/proc/16/statm: 4421 3116 1523 723 0 2063 0
[pid=18] ppid=16 vsize=241060 memory=187576 CPUtime=50.72 cores=74-87,186-199
/proc/18/stat : 18 (bn4rust) R 16 16 0 0 -1 4194304 266851 0 18 0 4909 163 0 0 20 0 1 0 53435119 246845440 46894 67087892480 93950001147904 93950003015025 140721106589424 0 0 0 0 4096 1088 0 0 0 17 86 0 0 1 0 0 93950003273088 93950003320024 93950016413696 140721106594554 140721106594710 140721106594710 140721106595809 0
/proc/18/statm: 60265 46894 1068 456 0 58426 0
Current children cumulated CPU time: 50.75 s
Current children cumulated vsize: 258744 KiB
Current children cumulated memory: 200040 KiB

[startup+102.3 s]
/proc/loadavg: 23.12 23.78 25.36 24/2837 18
/proc/meminfo: memFree=275082452/527542216 swapFree=3794220/33554428
[pid=16] ppid=13 vsize=17684 memory=12464 CPUtime=0.03 cores=74-87,186-199
/proc/16/stat : 16 (python3) S 13 16 0 0 -1 4194304 1897 0 96 0 3 0 0 0 20 0 1 0 53435105 18108416 3116 67087892480 4194304 7154137 140728935035104 0 0 0 0 16781312 2 1 0 0 17 84 0 0 8 0 0 9727432 11029816 17375232 140728935037751 140728935037869 140728935037869 140728935038951 0
/proc/16/statm: 4421 3116 1523 723 0 2063 0
[pid=18] ppid=16 vsize=147568 memory=121656 CPUtime=101.72 cores=74-87,186-199
/proc/18/stat : 18 (bn4rust) R 16 16 0 0 -1 4194304 516738 0 18 0 9848 324 0 0 20 0 1 0 53435119 151109632 30414 67087892480 93950001147904 93950003015025 140721106589424 0 0 0 0 4096 1088 0 0 0 17 86 0 0 1 0 0 93950003273088 93950003320024 93950016413696 140721106594554 140721106594710 140721106594710 140721106595809 0
/proc/18/statm: 36892 30414 1068 456 0 35053 0
Current children cumulated CPU time: 101.75 s
Current children cumulated vsize: 165252 KiB
Current children cumulated memory: 134120 KiB

[startup+162.3 s]
/proc/loadavg: 23.29 23.71 25.24 22/2833 18
/proc/meminfo: memFree=267330444/527542216 swapFree=3794220/33554428
[pid=16] ppid=13 vsize=17684 memory=12464 CPUtime=0.03 cores=74-87,186-199
/proc/16/stat : 16 (python3) S 13 16 0 0 -1 4194304 1897 0 96 0 3 0 0 0 20 0 1 0 53435105 18108416 3116 67087892480 4194304 7154137 140728935035104 0 0 0 0 16781312 2 1 0 0 17 84 0 0 8 0 0 9727432 11029816 17375232 140728935037751 140728935037869 140728935037869 140728935038951 0
/proc/16/statm: 4421 3116 1523 723 0 2063 0
[pid=18] ppid=16 vsize=213168 memory=169368 CPUtime=161.47 cores=74-87,186-199
/proc/18/stat : 18 (bn4rust) R 16 16 0 0 -1 4194304 785984 0 18 0 15653 494 0 0 20 0 1 0 53435119 218284032 42342 67087892480 93950001147904 93950003015025 140721106589424 0 0 0 0 4096 1088 0 0 0 17 198 0 0 1 0 0 93950003273088 93950003320024 93950016413696 140721106594554 140721106594710 140721106594710 140721106595809 0
/proc/18/statm: 53292 42342 1068 456 0 51453 0
Current children cumulated CPU time: 161.5 s
Current children cumulated vsize: 230852 KiB
Current children cumulated memory: 181832 KiB

[startup+222.3 s]
/proc/loadavg: 23.17 23.60 25.10 24/2830 18
/proc/meminfo: memFree=262980752/527542216 swapFree=3794220/33554428
[pid=16] ppid=13 vsize=17684 memory=12464 CPUtime=0.03 cores=74-87,186-199
/proc/16/stat : 16 (python3) S 13 16 0 0 -1 4194304 1897 0 96 0 3 0 0 0 20 0 1 0 53435105 18108416 3116 67087892480 4194304 7154137 140728935035104 0 0 0 0 16781312 2 1 0 0 17 84 0 0 8 0 0 9727432 11029816 17375232 140728935037751 140728935037869 140728935037869 140728935038951 0
/proc/16/statm: 4421 3116 1523 723 0 2063 0
[pid=18] ppid=16 vsize=166172 memory=154088 CPUtime=221.24 cores=74-87,186-199
/proc/18/stat : 18 (bn4rust) R 16 16 0 0 -1 4194304 992120 0 18 0 21494 630 0 0 20 0 1 0 53435119 170160128 38522 67087892480 93950001147904 93950003015025 140721106589424 0 0 0 0 4096 1088 0 0 0 17 86 0 0 1 0 0 93950003273088 93950003320024 93950016413696 140721106594554 140721106594710 140721106594710 140721106595809 0
/proc/18/statm: 41543 38522 1068 456 0 39704 0
Current children cumulated CPU time: 221.27 s
Current children cumulated vsize: 183856 KiB
Current children cumulated memory: 166552 KiB

[startup+282.3 s]
/proc/loadavg: 23.65 23.68 25.03 23/2819 18
/proc/meminfo: memFree=267401764/527542216 swapFree=3793708/33554428
[pid=16] ppid=13 vsize=17684 memory=12464 CPUtime=0.03 cores=74-87,186-199
/proc/16/stat : 16 (python3) S 13 16 0 0 -1 4194304 1897 0 96 0 3 0 0 0 20 0 1 0 53435105 18108416 3116 67087892480 4194304 7154137 140728935035104 0 0 0 0 16781312 2 1 0 0 17 84 0 0 8 0 0 9727432 11029816 17375232 140728935037751 140728935037869 140728935037869 140728935038951 0
/proc/16/statm: 4421 3116 1523 723 0 2063 0
[pid=18] ppid=16 vsize=314280 memory=273004 CPUtime=281.01 cores=74-87,186-199
/proc/18/stat : 18 (bn4rust) R 16 16 0 0 -1 4194304 1137333 0 18 0 27337 764 0 0 20 0 1 0 53435119 321822720 68251 67087892480 93950001147904 93950003015025 140721106589424 0 0 0 0 4096 1088 0 0 0 17 86 0 0 1 0 0 93950003273088 93950003320024 93950016413696 140721106594554 140721106594710 140721106594710 140721106595809 0
/proc/18/statm: 78570 68251 1068 456 0 76731 0
Current children cumulated CPU time: 281.04 s
Current children cumulated vsize: 331964 KiB
Current children cumulated memory: 285468 KiB

[startup+342.3 s]
/proc/loadavg: 23.30 23.58 24.91 22/2821 18
/proc/meminfo: memFree=268579128/527542216 swapFree=3792940/33554428
[pid=16] ppid=13 vsize=17684 memory=12464 CPUtime=0.03 cores=74-87,186-199
/proc/16/stat : 16 (python3) S 13 16 0 0 -1 4194304 1897 0 96 0 3 0 0 0 20 0 1 0 53435105 18108416 3116 67087892480 4194304 7154137 140728935035104 0 0 0 0 16781312 2 1 0 0 17 84 0 0 8 0 0 9727432 11029816 17375232 140728935037751 140728935037869 140728935037869 140728935038951 0
/proc/16/statm: 4421 3116 1523 723 0 2063 0
[pid=18] ppid=16 vsize=271420 memory=228772 CPUtime=340.8 cores=74-87,186-199
/proc/18/stat : 18 (bn4rust) R 16 16 0 0 -1 4194304 1234967 0 18 0 33220 860 0 0 20 0 1 0 53435119 277934080 57193 67087892480 93950001147904 93950003015025 140721106589424 0 0 0 0 4096 1088 0 0 0 17 86 0 0 1 0 0 93950003273088 93950003320024 93950016413696 140721106594554 140721106594710 140721106594710 140721106595809 0
/proc/18/statm: 67855 57193 1068 456 0 66016 0
Current children cumulated CPU time: 340.83 s
Current children cumulated vsize: 289104 KiB
Current children cumulated memory: 241236 KiB

[startup+402.3 s]
/proc/loadavg: 23.27 23.50 24.80 25/2814 18
/proc/meminfo: memFree=273159868/527542216 swapFree=3792172/33554428
[pid=16] ppid=13 vsize=17684 memory=12464 CPUtime=0.03 cores=74-87,186-199
/proc/16/stat : 16 (python3) S 13 16 0 0 -1 4194304 1897 0 96 0 3 0 0 0 20 0 1 0 53435105 18108416 3116 67087892480 4194304 7154137 140728935035104 0 0 0 0 16781312 2 1 0 0 17 84 0 0 8 0 0 9727432 11029816 17375232 140728935037751 140728935037869 140728935037869 140728935038951 0
/proc/16/statm: 4421 3116 1523 723 0 2063 0
[pid=18] ppid=16 vsize=239516 memory=234160 CPUtime=400.58 cores=74-87,186-199
/proc/18/stat : 18 (bn4rust) R 16 16 0 0 -1 4194304 1335367 0 18 0 39085 973 0 0 20 0 1 0 53435119 245264384 58540 67087892480 93950001147904 93950003015025 140721106589424 0 0 0 0 4096 1088 0 0 0 17 86 0 0 1 0 0 93950003273088 93950003320024 93950016413696 140721106594554 140721106594710 140721106594710 140721106595809 0
/proc/18/statm: 59879 58540 1068 456 0 58040 0
Current children cumulated CPU time: 400.61 s
Current children cumulated vsize: 257200 KiB
Current children cumulated memory: 246624 KiB

[startup+462.3 s]
/proc/loadavg: 23.49 23.51 24.72 27/2786 18
/proc/meminfo: memFree=259405608/527542216 swapFree=3790380/33554428
[pid=16] ppid=13 vsize=17684 memory=12464 CPUtime=0.03 cores=74-87,186-199
/proc/16/stat : 16 (python3) S 13 16 0 0 -1 4194304 1897 0 96 0 3 0 0 0 20 0 1 0 53435105 18108416 3116 67087892480 4194304 7154137 140728935035104 0 0 0 0 16781312 2 1 0 0 17 84 0 0 8 0 0 9727432 11029816 17375232 140728935037751 140728935037869 140728935037869 140728935038951 0
/proc/16/statm: 4421 3116 1523 723 0 2063 0
[pid=18] ppid=16 vsize=296868 memory=277032 CPUtime=460.36 cores=74-87,186-199
/proc/18/stat : 18 (bn4rust) R 16 16 0 0 -1 4194304 1447911 0 18 0 44921 1115 0 0 20 0 1 0 53435119 303992832 69258 67087892480 93950001147904 93950003015025 140721106589424 0 0 0 0 4096 1088 0 0 0 17 86 0 0 1 0 0 93950003273088 93950003320024 93950016413696 140721106594554 140721106594710 140721106594710 140721106595809 0
/proc/18/statm: 74217 69258 1068 456 0 72378 0
Current children cumulated CPU time: 460.39 s
Current children cumulated vsize: 314552 KiB
Current children cumulated memory: 289496 KiB

[startup+522.3 s]
/proc/loadavg: 23.20 23.41 24.61 23/2788 18
/proc/meminfo: memFree=262571080/527542216 swapFree=3789100/33554428
[pid=16] ppid=13 vsize=17684 memory=12464 CPUtime=0.03 cores=74-87,186-199
/proc/16/stat : 16 (python3) S 13 16 0 0 -1 4194304 1897 0 96 0 3 0 0 0 20 0 1 0 53435105 18108416 3116 67087892480 4194304 7154137 140728935035104 0 0 0 0 16781312 2 1 0 0 17 84 0 0 8 0 0 9727432 11029816 17375232 140728935037751 140728935037869 140728935037869 140728935038951 0
/proc/16/statm: 4421 3116 1523 723 0 2063 0
[pid=18] ppid=16 vsize=186268 memory=160416 CPUtime=520.09 cores=74-87,186-199
/proc/18/stat : 18 (bn4rust) R 16 16 0 0 -1 4194304 1554685 0 18 0 50736 1273 0 0 20 0 1 0 53435119 190738432 40104 67087892480 93950001147904 93950003015025 140721106589424 0 0 0 0 4096 1088 0 0 0 17 198 0 0 1 0 0 93950003273088 93950003320024 93950016413696 140721106594554 140721106594710 140721106594710 140721106595809 0
/proc/18/statm: 46567 40104 1068 456 0 44728 0
Current children cumulated CPU time: 520.12 s
Current children cumulated vsize: 203952 KiB
Current children cumulated memory: 172880 KiB

[startup+582.3 s]
/proc/loadavg: 23.23 23.38 24.52 25/2788 18
/proc/meminfo: memFree=277775472/527542216 swapFree=3788844/33554428
[pid=16] ppid=13 vsize=17684 memory=12464 CPUtime=0.03 cores=74-87,186-199
/proc/16/stat : 16 (python3) S 13 16 0 0 -1 4194304 1897 0 96 0 3 0 0 0 20 0 1 0 53435105 18108416 3116 67087892480 4194304 7154137 140728935035104 0 0 0 0 16781312 2 1 0 0 17 84 0 0 8 0 0 9727432 11029816 17375232 140728935037751 140728935037869 140728935037869 140728935038951 0
/proc/16/statm: 4421 3116 1523 723 0 2063 0
[pid=18] ppid=16 vsize=755624 memory=658820 CPUtime=579.86 cores=74-87,186-199
/proc/18/stat : 18 (bn4rust) R 16 16 0 0 -1 4194304 1634932 0 18 0 56615 1371 0 0 20 0 1 0 53435119 773758976 164705 67087892480 93950001147904 93950003015025 140721106589424 0 0 0 0 4096 1088 0 0 0 17 198 0 0 1 0 0 93950003273088 93950003320024 93950016413696 140721106594554 140721106594710 140721106594710 140721106595809 0
/proc/18/statm: 188906 164705 1068 456 0 187067 0
Current children cumulated CPU time: 579.89 s
Current children cumulated vsize: 773308 KiB
Current children cumulated memory: 671284 KiB

[startup+642.3 s]
/proc/loadavg: 23.41 23.39 24.45 25/2791 18
/proc/meminfo: memFree=284750352/527542216 swapFree=3788844/33554428
[pid=16] ppid=13 vsize=17684 memory=12464 CPUtime=0.03 cores=74-87,186-199
/proc/16/stat : 16 (python3) S 13 16 0 0 -1 4194304 1897 0 96 0 3 0 0 0 20 0 1 0 53435105 18108416 3116 67087892480 4194304 7154137 140728935035104 0 0 0 0 16781312 2 1 0 0 17 84 0 0 8 0 0 9727432 11029816 17375232 140728935037751 140728935037869 140728935037869 140728935038951 0
/proc/16/statm: 4421 3116 1523 723 0 2063 0
[pid=18] ppid=16 vsize=593968 memory=509760 CPUtime=639.66 cores=74-87,186-199
/proc/18/stat : 18 (bn4rust) R 16 16 0 0 -1 4194304 1698599 0 18 0 62473 1493 0 0 20 0 1 0 53435119 608223232 127440 67087892480 93950001147904 93950003015025 140721106589424 0 0 0 0 4096 1088 0 0 0 17 86 0 0 1 0 0 93950003273088 93950003320024 93950016413696 140721106594554 140721106594710 140721106594710 140721106595809 0
/proc/18/statm: 148492 127440 1068 456 0 146653 0
Current children cumulated CPU time: 639.69 s
Current children cumulated vsize: 611652 KiB
Current children cumulated memory: 522224 KiB

[startup+702.3 s]
/proc/loadavg: 23.27 23.36 24.37 23/2788 18
/proc/meminfo: memFree=286025192/527542216 swapFree=3788844/33554428
[pid=16] ppid=13 vsize=17684 memory=12464 CPUtime=0.03 cores=74-87,186-199
/proc/16/stat : 16 (python3) S 13 16 0 0 -1 4194304 1897 0 96 0 3 0 0 0 20 0 1 0 53435105 18108416 3116 67087892480 4194304 7154137 140728935035104 0 0 0 0 16781312 2 1 0 0 17 84 0 0 8 0 0 9727432 11029816 17375232 140728935037751 140728935037869 140728935037869 140728935038951 0
/proc/16/statm: 4421 3116 1523 723 0 2063 0
[pid=18] ppid=16 vsize=550820 memory=498252 CPUtime=699.44 cores=74-87,186-199
/proc/18/stat : 18 (bn4rust) R 16 16 0 0 -1 4194304 1769683 0 18 0 68330 1614 0 0 20 0 1 0 53435119 564039680 124563 67087892480 93950001147904 93950003015025 140721106589424 0 0 0 0 4096 1088 0 0 0 17 198 0 0 1 0 0 93950003273088 93950003320024 93950016413696 140721106594554 140721106594710 140721106594710 140721106595809 0
/proc/18/statm: 137705 124563 1068 456 0 135866 0
Current children cumulated CPU time: 699.47 s
Current children cumulated vsize: 568504 KiB
Current children cumulated memory: 510716 KiB

[startup+762.3 s]
/proc/loadavg: 23.23 23.34 24.30 24/2787 18
/proc/meminfo: memFree=294954764/527542216 swapFree=3788844/33554428
[pid=16] ppid=13 vsize=17684 memory=12464 CPUtime=0.03 cores=74-87,186-199
/proc/16/stat : 16 (python3) S 13 16 0 0 -1 4194304 1897 0 96 0 3 0 0 0 20 0 1 0 53435105 18108416 3116 67087892480 4194304 7154137 140728935035104 0 0 0 0 16781312 2 1 0 0 17 84 0 0 8 0 0 9727432 11029816 17375232 140728935037751 140728935037869 140728935037869 140728935038951 0
/proc/16/statm: 4421 3116 1523 723 0 2063 0
[pid=18] ppid=16 vsize=599976 memory=537164 CPUtime=759.24 cores=74-87,186-199
/proc/18/stat : 18 (bn4rust) R 16 16 0 0 -1 4194304 1840557 0 18 0 74181 1743 0 0 20 0 1 0 53435119 614375424 134291 67087892480 93950001147904 93950003015025 140721106589424 0 0 0 0 4096 1088 0 0 0 17 198 0 0 1 0 0 93950003273088 93950003320024 93950016413696 140721106594554 140721106594710 140721106594710 140721106595809 0
/proc/18/statm: 149994 134291 1068 456 0 148155 0
Current children cumulated CPU time: 759.27 s
Current children cumulated vsize: 617660 KiB
Current children cumulated memory: 549628 KiB

[startup+822.3 s]
/proc/loadavg: 23.41 23.37 24.25 23/2780 18
/proc/meminfo: memFree=295518956/527542216 swapFree=3788844/33554428
[pid=16] ppid=13 vsize=17684 memory=12464 CPUtime=0.03 cores=74-87,186-199
/proc/16/stat : 16 (python3) S 13 16 0 0 -1 4194304 1897 0 96 0 3 0 0 0 20 0 1 0 53435105 18108416 3116 67087892480 4194304 7154137 140728935035104 0 0 0 0 16781312 2 1 0 0 17 84 0 0 8 0 0 9727432 11029816 17375232 140728935037751 140728935037869 140728935037869 140728935038951 0
/proc/16/statm: 4421 3116 1523 723 0 2063 0
[pid=18] ppid=16 vsize=309152 memory=279156 CPUtime=819.03 cores=74-87,186-199
/proc/18/stat : 18 (bn4rust) R 16 16 0 0 -1 4194304 1942457 0 18 0 80036 1867 0 0 20 0 1 0 53435119 316571648 69789 67087892480 93950001147904 93950003015025 140721106589424 0 0 0 0 4096 1088 0 0 0 17 198 0 0 1 0 0 93950003273088 93950003320024 93950016413696 140721106594554 140721106594710 140721106594710 140721106595809 0
/proc/18/statm: 77288 69789 1068 456 0 75449 0
Current children cumulated CPU time: 819.06 s
Current children cumulated vsize: 326836 KiB
Current children cumulated memory: 291620 KiB

[startup+882.3 s]
/proc/loadavg: 23.39 23.38 24.19 25/2781 18
/proc/meminfo: memFree=294693860/527542216 swapFree=3788844/33554428
[pid=16] ppid=13 vsize=17684 memory=12464 CPUtime=0.03 cores=74-87,186-199
/proc/16/stat : 16 (python3) S 13 16 0 0 -1 4194304 1897 0 96 0 3 0 0 0 20 0 1 0 53435105 18108416 3116 67087892480 4194304 7154137 140728935035104 0 0 0 0 16781312 2 1 0 0 17 84 0 0 8 0 0 9727432 11029816 17375232 140728935037751 140728935037869 140728935037869 140728935038951 0
/proc/16/statm: 4421 3116 1523 723 0 2063 0
[pid=18] ppid=16 vsize=1035596 memory=821096 CPUtime=878.82 cores=74-87,186-199
/proc/18/stat : 18 (bn4rust) R 16 16 0 0 -1 4194304 2041210 0 18 0 85881 2001 0 0 20 0 1 0 53435119 1060450304 205274 67087892480 93950001147904 93950003015025 140721106589424 0 0 0 0 4096 1088 0 0 0 17 198 0 0 1 0 0 93950003273088 93950003320024 93950016413696 140721106594554 140721106594710 140721106594710 140721106595809 0
/proc/18/statm: 258899 205274 1068 456 0 257060 0
Current children cumulated CPU time: 878.85 s
Current children cumulated vsize: 1053280 KiB
Current children cumulated memory: 833560 KiB

[startup+942.3 s]
/proc/loadavg: 23.38 23.36 24.13 24/2785 18
/proc/meminfo: memFree=293041144/527542216 swapFree=3788844/33554428
[pid=16] ppid=13 vsize=17684 memory=12464 CPUtime=0.03 cores=74-87,186-199
/proc/16/stat : 16 (python3) S 13 16 0 0 -1 4194304 1897 0 96 0 3 0 0 0 20 0 1 0 53435105 18108416 3116 67087892480 4194304 7154137 140728935035104 0 0 0 0 16781312 2 1 0 0 17 84 0 0 8 0 0 9727432 11029816 17375232 140728935037751 140728935037869 140728935037869 140728935038951 0
/proc/16/statm: 4421 3116 1523 723 0 2063 0
[pid=18] ppid=16 vsize=995300 memory=782912 CPUtime=938.62 cores=74-87,186-199
/proc/18/stat : 18 (bn4rust) R 16 16 0 0 -1 4194304 2103934 0 18 0 91727 2135 0 0 20 0 1 0 53435119 1019187200 195728 67087892480 93950001147904 93950003015025 140721106589424 0 0 0 0 4096 1088 0 0 0 17 86 0 0 1 0 0 93950003273088 93950003320024 93950016413696 140721106594554 140721106594710 140721106594710 140721106595809 0
/proc/18/statm: 248825 195728 1068 456 0 246986 0
Current children cumulated CPU time: 938.65 s
Current children cumulated vsize: 1012984 KiB
Current children cumulated memory: 795376 KiB

[startup+1002.3 s]
/proc/loadavg: 23.14 23.29 24.06 24/2781 18
/proc/meminfo: memFree=290944380/527542216 swapFree=3789100/33554428
[pid=16] ppid=13 vsize=17684 memory=12464 CPUtime=0.03 cores=74-87,186-199
/proc/16/stat : 16 (python3) S 13 16 0 0 -1 4194304 1897 0 96 0 3 0 0 0 20 0 1 0 53435105 18108416 3116 67087892480 4194304 7154137 140728935035104 0 0 0 0 16781312 2 1 0 0 17 84 0 0 8 0 0 9727432 11029816 17375232 140728935037751 140728935037869 140728935037869 140728935038951 0
/proc/16/statm: 4421 3116 1523 723 0 2063 0
[pid=18] ppid=16 vsize=994448 memory=791996 CPUtime=998.43 cores=74-87,186-199
/proc/18/stat : 18 (bn4rust) R 16 16 0 0 -1 4194304 2166374 0 18 0 97576 2267 0 0 20 0 1 0 53435119 1018314752 197999 67087892480 93950001147904 93950003015025 140721106589424 0 0 0 0 4096 1088 0 0 0 17 198 0 0 1 0 0 93950003273088 93950003320024 93950016413696 140721106594554 140721106594710 140721106594710 140721106595809 0
/proc/18/statm: 248612 197999 1068 456 0 246773 0
Current children cumulated CPU time: 998.46 s
Current children cumulated vsize: 1012132 KiB
Current children cumulated memory: 804460 KiB

[startup+1062.3 s]
/proc/loadavg: 23.18 23.28 24.00 24/2781 18
/proc/meminfo: memFree=296635992/527542216 swapFree=3790636/33554428
[pid=16] ppid=13 vsize=17684 memory=12464 CPUtime=0.03 cores=74-87,186-199
/proc/16/stat : 16 (python3) S 13 16 0 0 -1 4194304 1897 0 96 0 3 0 0 0 20 0 1 0 53435105 18108416 3116 67087892480 4194304 7154137 140728935035104 0 0 0 0 16781312 2 1 0 0 17 84 0 0 8 0 0 9727432 11029816 17375232 140728935037751 140728935037869 140728935037869 140728935038951 0
/proc/16/statm: 4421 3116 1523 723 0 2063 0
[pid=18] ppid=16 vsize=351144 memory=318980 CPUtime=1058.22 cores=74-87,186-199
/proc/18/stat : 18 (bn4rust) R 16 16 0 0 -1 4194304 2229496 0 18 0 103424 2398 0 0 20 0 1 0 53435119 359571456 79745 67087892480 93950001147904 93950003015025 140721106589424 0 0 0 0 4096 1088 0 0 0 17 86 0 0 1 0 0 93950003273088 93950003320024 93950016413696 140721106594554 140721106594710 140721106594710 140721106595809 0
/proc/18/statm: 87786 79745 1068 456 0 85947 0
Current children cumulated CPU time: 1058.25 s
Current children cumulated vsize: 368828 KiB
Current children cumulated memory: 331444 KiB

[startup+1122.3 s]
/proc/loadavg: 23.07 23.23 23.94 24/2781 18
/proc/meminfo: memFree=294594836/527542216 swapFree=3790636/33554428
[pid=16] ppid=13 vsize=17684 memory=12464 CPUtime=0.03 cores=74-87,186-199
/proc/16/stat : 16 (python3) S 13 16 0 0 -1 4194304 1897 0 96 0 3 0 0 0 20 0 1 0 53435105 18108416 3116 67087892480 4194304 7154137 140728935035104 0 0 0 0 16781312 2 1 0 0 17 84 0 0 8 0 0 9727432 11029816 17375232 140728935037751 140728935037869 140728935037869 140728935038951 0
/proc/16/statm: 4421 3116 1523 723 0 2063 0
[pid=18] ppid=16 vsize=780924 memory=647076 CPUtime=1118.02 cores=74-87,186-199
/proc/18/stat : 18 (bn4rust) R 16 16 0 0 -1 4194304 2307045 0 18 0 109265 2537 0 0 20 0 1 0 53435119 799666176 161769 67087892480 93950001147904 93950003015025 140721106589424 0 0 0 0 4096 1088 0 0 0 17 86 0 0 1 0 0 93950003273088 93950003320024 93950016413696 140721106594554 140721106594710 140721106594710 140721106595809 0
/proc/18/statm: 195231 161769 1068 456 0 193392 0
Current children cumulated CPU time: 1118.05 s
Current children cumulated vsize: 798608 KiB
Current children cumulated memory: 659540 KiB

[startup+1182.3 s]
/proc/loadavg: 23.07 23.20 23.88 24/2780 18
/proc/meminfo: memFree=293993164/527542216 swapFree=3791404/33554428
[pid=16] ppid=13 vsize=17684 memory=12464 CPUtime=0.03 cores=74-87,186-199
/proc/16/stat : 16 (python3) S 13 16 0 0 -1 4194304 1897 0 96 0 3 0 0 0 20 0 1 0 53435105 18108416 3116 67087892480 4194304 7154137 140728935035104 0 0 0 0 16781312 2 1 0 0 17 84 0 0 8 0 0 9727432 11029816 17375232 140728935037751 140728935037869 140728935037869 140728935038951 0
/proc/16/statm: 4421 3116 1523 723 0 2063 0
[pid=18] ppid=16 vsize=926944 memory=784800 CPUtime=1177.81 cores=74-87,186-199
/proc/18/stat : 18 (bn4rust) R 16 16 0 0 -1 4194304 2388528 0 18 0 115086 2695 0 0 20 0 1 0 53435119 949190656 196200 67087892480 93950001147904 93950003015025 140721106589424 0 0 0 0 4096 1088 0 0 0 17 86 0 0 1 0 0 93950003273088 93950003320024 93950016413696 140721106594554 140721106594710 140721106594710 140721106595809 0
/proc/18/statm: 231736 196200 1068 456 0 229897 0
Current children cumulated CPU time: 1177.84 s
Current children cumulated vsize: 944628 KiB
Current children cumulated memory: 797264 KiB

[startup+1242.3 s]
/proc/loadavg: 23.26 23.21 23.84 24/2783 18
/proc/meminfo: memFree=294972232/527542216 swapFree=3792940/33554428
[pid=16] ppid=13 vsize=17684 memory=12464 CPUtime=0.03 cores=74-87,186-199
/proc/16/stat : 16 (python3) S 13 16 0 0 -1 4194304 1897 0 96 0 3 0 0 0 20 0 1 0 53435105 18108416 3116 67087892480 4194304 7154137 140728935035104 0 0 0 0 16781312 2 1 0 0 17 84 0 0 8 0 0 9727432 11029816 17375232 140728935037751 140728935037869 140728935037869 140728935038951 0
/proc/16/statm: 4421 3116 1523 723 0 2063 0
[pid=18] ppid=16 vsize=658284 memory=490380 CPUtime=1237.62 cores=74-87,186-199
/proc/18/stat : 18 (bn4rust) R 16 16 0 0 -1 4194304 2475334 0 18 0 120920 2842 0 0 20 0 1 0 53435119 674082816 122595 67087892480 93950001147904 93950003015025 140721106589424 0 0 0 0 4096 1088 0 0 0 17 198 0 0 1 0 0 93950003273088 93950003320024 93950016413696 140721106594554 140721106594710 140721106594710 140721106595809 0
/proc/18/statm: 164571 122595 1068 456 0 162732 0
Current children cumulated CPU time: 1237.65 s
Current children cumulated vsize: 675968 KiB
Current children cumulated memory: 502844 KiB

[startup+1302.3 s]
/proc/loadavg: 23.09 23.17 23.78 24/2780 18
/proc/meminfo: memFree=292695128/527542216 swapFree=3793452/33554428
[pid=16] ppid=13 vsize=17684 memory=12464 CPUtime=0.03 cores=74-87,186-199
/proc/16/stat : 16 (python3) S 13 16 0 0 -1 4194304 1897 0 96 0 3 0 0 0 20 0 1 0 53435105 18108416 3116 67087892480 4194304 7154137 140728935035104 0 0 0 0 16781312 2 1 0 0 17 84 0 0 8 0 0 9727432 11029816 17375232 140728935037751 140728935037869 140728935037869 140728935038951 0
/proc/16/statm: 4421 3116 1523 723 0 2063 0
[pid=18] ppid=16 vsize=556260 memory=446208 CPUtime=1297.41 cores=74-87,186-199
/proc/18/stat : 18 (bn4rust) R 16 16 0 0 -1 4194304 2578198 0 18 0 126743 2998 0 0 20 0 1 0 53435119 569610240 111552 67087892480 93950001147904 93950003015025 140721106589424 0 0 0 0 4096 1088 0 0 0 17 198 0 0 1 0 0 93950003273088 93950003320024 93950016413696 140721106594554 140721106594710 140721106594710 140721106595809 0
/proc/18/statm: 139065 111552 1068 456 0 137226 0
Current children cumulated CPU time: 1297.44 s
Current children cumulated vsize: 573944 KiB
Current children cumulated memory: 458672 KiB

[startup+1362.3 s]
/proc/loadavg: 23.03 23.14 23.73 23/2779 18
/proc/meminfo: memFree=299455512/527542216 swapFree=3793452/33554428
[pid=16] ppid=13 vsize=17684 memory=12464 CPUtime=0.03 cores=74-87,186-199
/proc/16/stat : 16 (python3) S 13 16 0 0 -1 4194304 1897 0 96 0 3 0 0 0 20 0 1 0 53435105 18108416 3116 67087892480 4194304 7154137 140728935035104 0 0 0 0 16781312 2 1 0 0 17 84 0 0 8 0 0 9727432 11029816 17375232 140728935037751 140728935037869 140728935037869 140728935038951 0
/proc/16/statm: 4421 3116 1523 723 0 2063 0
[pid=18] ppid=16 vsize=480592 memory=438836 CPUtime=1357.2 cores=74-87,186-199
/proc/18/stat : 18 (bn4rust) R 16 16 0 0 -1 4194304 2678292 0 18 0 132548 3172 0 0 20 0 1 0 53435119 492126208 109709 67087892480 93950001147904 93950003015025 140721106589424 0 0 0 0 4096 1088 0 0 0 17 198 0 0 1 0 0 93950003273088 93950003320024 93950016413696 140721106594554 140721106594710 140721106594710 140721106595809 0
/proc/18/statm: 120148 109709 1068 456 0 118309 0
Current children cumulated CPU time: 1357.23 s
Current children cumulated vsize: 498276 KiB
Current children cumulated memory: 451300 KiB

[startup+1422.3 s]
/proc/loadavg: 23.05 23.12 23.69 24/2779 18
/proc/meminfo: memFree=300035048/527542216 swapFree=3794220/33554428
[pid=16] ppid=13 vsize=17684 memory=12464 CPUtime=0.03 cores=74-87,186-199
/proc/16/stat : 16 (python3) S 13 16 0 0 -1 4194304 1897 0 96 0 3 0 0 0 20 0 1 0 53435105 18108416 3116 67087892480 4194304 7154137 140728935035104 0 0 0 0 16781312 2 1 0 0 17 84 0 0 8 0 0 9727432 11029816 17375232 140728935037751 140728935037869 140728935037869 140728935038951 0
/proc/16/statm: 4421 3116 1523 723 0 2063 0
[pid=18] ppid=16 vsize=1040164 memory=824388 CPUtime=1416.99 cores=74-87,186-199
/proc/18/stat : 18 (bn4rust) R 16 16 0 0 -1 4194304 2748896 0 18 0 138374 3325 0 0 20 0 1 0 53435119 1065127936 206097 67087892480 93950001147904 93950003015025 140721106589424 0 0 0 0 4096 1088 0 0 0 17 198 0 0 1 0 0 93950003273088 93950003320024 93950016413696 140721106594554 140721106594710 140721106594710 140721106595809 0
/proc/18/statm: 260041 206097 1068 456 0 258202 0
Current children cumulated CPU time: 1417.02 s
Current children cumulated vsize: 1057848 KiB
Current children cumulated memory: 836852 KiB

[startup+1482.3 s]
/proc/loadavg: 23.02 23.10 23.64 24/2779 18
/proc/meminfo: memFree=300175280/527542216 swapFree=3794476/33554428
[pid=16] ppid=13 vsize=17684 memory=12464 CPUtime=0.03 cores=74-87,186-199
/proc/16/stat : 16 (python3) S 13 16 0 0 -1 4194304 1897 0 96 0 3 0 0 0 20 0 1 0 53435105 18108416 3116 67087892480 4194304 7154137 140728935035104 0 0 0 0 16781312 2 1 0 0 17 84 0 0 8 0 0 9727432 11029816 17375232 140728935037751 140728935037869 140728935037869 140728935038951 0
/proc/16/statm: 4421 3116 1523 723 0 2063 0
[pid=18] ppid=16 vsize=1682352 memory=1529568 CPUtime=1476.79 cores=74-87,186-199
/proc/18/stat : 18 (bn4rust) R 16 16 0 0 -1 4194304 2787553 0 18 0 144225 3454 0 0 20 0 1 0 53435119 1722728448 382392 67087892480 93950001147904 93950003015025 140721106589424 0 0 0 0 4096 1088 0 0 0 17 86 0 0 1 0 0 93950003273088 93950003320024 93950016413696 140721106594554 140721106594710 140721106594710 140721106595809 0
/proc/18/statm: 420588 382392 1068 456 0 418749 0
Current children cumulated CPU time: 1476.82 s
Current children cumulated vsize: 1700036 KiB
Current children cumulated memory: 1542032 KiB

[startup+1542.3 s]
/proc/loadavg: 23.00 23.08 23.60 24/2782 18
/proc/meminfo: memFree=298156484/527542216 swapFree=3794476/33554428
[pid=16] ppid=13 vsize=17684 memory=12464 CPUtime=0.03 cores=74-87,186-199
/proc/16/stat : 16 (python3) S 13 16 0 0 -1 4194304 1897 0 96 0 3 0 0 0 20 0 1 0 53435105 18108416 3116 67087892480 4194304 7154137 140728935035104 0 0 0 0 16781312 2 1 0 0 17 84 0 0 8 0 0 9727432 11029816 17375232 140728935037751 140728935037869 140728935037869 140728935038951 0
/proc/16/statm: 4421 3116 1523 723 0 2063 0
[pid=18] ppid=16 vsize=1796260 memory=1414076 CPUtime=1536.59 cores=74-87,186-199
/proc/18/stat : 18 (bn4rust) R 16 16 0 0 -1 4194304 2832881 0 18 0 150063 3596 0 0 20 0 1 0 53435119 1839370240 353519 67087892480 93950001147904 93950003015025 140721106589424 0 0 0 0 4096 1088 0 0 0 17 86 0 0 1 0 0 93950003273088 93950003320024 93950016413696 140721106594554 140721106594710 140721106594710 140721106595809 0
/proc/18/statm: 449065 353519 1068 456 0 447226 0
Current children cumulated CPU time: 1536.62 s
Current children cumulated vsize: 1813944 KiB
Current children cumulated memory: 1426540 KiB

[startup+1602.3 s]
/proc/loadavg: 23.04 23.08 23.57 24/2779 18
/proc/meminfo: memFree=302388652/527542216 swapFree=3794476/33554428
[pid=16] ppid=13 vsize=17684 memory=12464 CPUtime=0.03 cores=74-87,186-199
/proc/16/stat : 16 (python3) S 13 16 0 0 -1 4194304 1897 0 96 0 3 0 0 0 20 0 1 0 53435105 18108416 3116 67087892480 4194304 7154137 140728935035104 0 0 0 0 16781312 2 1 0 0 17 84 0 0 8 0 0 9727432 11029816 17375232 140728935037751 140728935037869 140728935037869 140728935038951 0
/proc/16/statm: 4421 3116 1523 723 0 2063 0
[pid=18] ppid=16 vsize=824656 memory=622820 CPUtime=1596.39 cores=74-87,186-199
/proc/18/stat : 18 (bn4rust) R 16 16 0 0 -1 4194304 2867603 0 18 0 155934 3705 0 0 20 0 1 0 53435119 844447744 155705 67087892480 93950001147904 93950003015025 140721106589424 0 0 0 0 4096 1088 0 0 0 17 86 0 0 1 0 0 93950003273088 93950003320024 93950016413696 140721106594554 140721106594710 140721106594710 140721106595809 0
/proc/18/statm: 206164 155705 1068 456 0 204325 0
Current children cumulated CPU time: 1596.42 s
Current children cumulated vsize: 842340 KiB
Current children cumulated memory: 635284 KiB

[startup+1662.3 s]
/proc/loadavg: 23.01 23.06 23.53 24/2784 18
/proc/meminfo: memFree=364292536/527542216 swapFree=3794476/33554428
[pid=16] ppid=13 vsize=17684 memory=12464 CPUtime=0.03 cores=74-87,186-199
/proc/16/stat : 16 (python3) S 13 16 0 0 -1 4194304 1897 0 96 0 3 0 0 0 20 0 1 0 53435105 18108416 3116 67087892480 4194304 7154137 140728935035104 0 0 0 0 16781312 2 1 0 0 17 84 0 0 8 0 0 9727432 11029816 17375232 140728935037751 140728935037869 140728935037869 140728935038951 0
/proc/16/statm: 4421 3116 1523 723 0 2063 0
[pid=18] ppid=16 vsize=1891464 memory=1467704 CPUtime=1656.19 cores=74-87,186-199
/proc/18/stat : 18 (bn4rust) R 16 16 0 0 -1 4194304 2905731 0 18 0 161793 3826 0 0 20 0 1 0 53435119 1936859136 366926 67087892480 93950001147904 93950003015025 140721106589424 0 0 0 0 4096 1088 0 0 0 17 86 0 0 1 0 0 93950003273088 93950003320024 93950016413696 140721106594554 140721106594710 140721106594710 140721106595809 0
/proc/18/statm: 472866 366926 1068 456 0 471027 0
Current children cumulated CPU time: 1656.22 s
Current children cumulated vsize: 1909148 KiB
Current children cumulated memory: 1480168 KiB

[startup+1722.3 s]
/proc/loadavg: 23.00 23.05 23.49 24/2785 18
/proc/meminfo: memFree=367292136/527542216 swapFree=3795244/33554428
[pid=16] ppid=13 vsize=17684 memory=12464 CPUtime=0.03 cores=74-87,186-199
/proc/16/stat : 16 (python3) S 13 16 0 0 -1 4194304 1897 0 96 0 3 0 0 0 20 0 1 0 53435105 18108416 3116 67087892480 4194304 7154137 140728935035104 0 0 0 0 16781312 2 1 0 0 17 84 0 0 8 0 0 9727432 11029816 17375232 140728935037751 140728935037869 140728935037869 140728935038951 0
/proc/16/statm: 4421 3116 1523 723 0 2063 0
[pid=18] ppid=16 vsize=1681956 memory=1482580 CPUtime=1716 cores=74-87,186-199
/proc/18/stat : 18 (bn4rust) R 16 16 0 0 -1 4194304 2943106 0 18 0 167650 3950 0 0 20 0 1 0 53435119 1722322944 370645 67087892480 93950001147904 93950003015025 140721106589424 0 0 0 0 4096 1088 0 0 0 17 198 0 0 1 0 0 93950003273088 93950003320024 93950016413696 140721106594554 140721106594710 140721106594710 140721106595809 0
/proc/18/statm: 420489 370645 1068 456 0 418650 0
Current children cumulated CPU time: 1716.03 s
Current children cumulated vsize: 1699640 KiB
Current children cumulated memory: 1495044 KiB

[startup+1782.3 s]
/proc/loadavg: 23.00 23.04 23.46 23/2786 18
/proc/meminfo: memFree=367781160/527542216 swapFree=3795500/33554428
[pid=16] ppid=13 vsize=17684 memory=12464 CPUtime=0.03 cores=74-87,186-199
/proc/16/stat : 16 (python3) S 13 16 0 0 -1 4194304 1897 0 96 0 3 0 0 0 20 0 1 0 53435105 18108416 3116 67087892480 4194304 7154137 140728935035104 0 0 0 0 16781312 2 1 0 0 17 84 0 0 8 0 0 9727432 11029816 17375232 140728935037751 140728935037869 140728935037869 140728935038951 0
/proc/16/statm: 4421 3116 1523 723 0 2063 0
[pid=18] ppid=16 vsize=628048 memory=549740 CPUtime=1775.81 cores=74-87,186-199
/proc/18/stat : 18 (bn4rust) R 16 16 0 0 -1 4194304 2982593 0 18 0 173519 4062 0 0 20 0 1 0 53435119 643121152 137435 67087892480 93950001147904 93950003015025 140721106589424 0 0 0 0 4096 1088 0 0 0 17 86 0 0 1 0 0 93950003273088 93950003320024 93950016413696 140721106594554 140721106594710 140721106594710 140721106595809 0
/proc/18/statm: 157012 137435 1068 456 0 155173 0
Current children cumulated CPU time: 1775.84 s
Current children cumulated vsize: 645732 KiB
Current children cumulated memory: 562204 KiB



Maximum wall clock time exceeded: sending SIGTERM then SIGKILL

[startup+1800 s]*
/proc/loadavg: 23.00 23.03 23.45 24/2786 18
/proc/meminfo: memFree=367431756/527542216 swapFree=3795500/33554428
[pid=16] ppid=13 vsize=17684 memory=12464 CPUtime=0.03 cores=74-87,186-199
/proc/16/stat : 16 (python3) S 13 16 0 0 -1 4194304 1897 0 96 0 3 0 0 0 20 0 1 0 53435105 18108416 3116 67087892480 4194304 7154137 140728935035104 0 0 0 0 16781312 2 1 0 0 17 84 0 0 8 0 0 9727432 11029816 17375232 140728935037751 140728935037869 140728935037869 140728935038951 0
/proc/16/statm: 4421 3116 1523 723 0 2063 0
[pid=18] ppid=16 vsize=1064456 memory=883060 CPUtime=1793.44 cores=74-87,186-199
/proc/18/stat : 18 (bn4rust) R 16 16 0 0 -1 4194304 2994835 0 18 0 175247 4097 0 0 20 0 1 0 53435119 1090002944 220765 67087892480 93950001147904 93950003015025 140721106589424 0 0 0 0 4096 1088 0 0 0 17 86 0 0 1 0 0 93950003273088 93950003320024 93950016413696 140721106594554 140721106594710 140721106594710 140721106595809 0
/proc/18/statm: 266114 220765 1068 456 0 264275 0
Current children cumulated CPU time: 1793.47 s
Current children cumulated vsize: 1082140 KiB
Current children cumulated memory: 895524 KiB

Sending SIGTERM to process tree (bottom up)
Sleeping 2 seconds

[startup+1800.01 s]
# the end of solver process 16 was just reported to runsolver
# cumulated CPU time of all completed processes:  user=0.036011 s, system=0.010782 s

[startup+1800.01 s]
# the end of solver process 18 was just reported to runsolver
# cumulated CPU time of all completed processes:  user=1752.51 s, system=40.9899 s
# this solver process was not waited by its parent and was adopted by runsolver

Solver just ended.
??? end of watcher thread
Dumping a history of the last processes samples

Child ended because it received signal 15 (SIGTERM)
Real time (s): 1800.01
CPU time (s): 1793.5
CPU user time (s): 1752.51
CPU system time (s): 40.9899
CPU usage (%): 99.6386
Max. virtual memory (cumulated for all children) (KiB): 2960524
Max. memory (cumulated for all children) (KiB): 2372904

getrusage(RUSAGE_CHILDREN,...) data:
user time used= 1752.51
system time used= 40.9899
maximum resident set size= 2415260
integral shared memory size= 0
integral unshared data size= 0
integral unshared stack size= 0
page reclaims= 2996732
page faults= 114
swaps= 0
block input operations= 19536
block output operations= 8
messages sent= 0
messages received= 0
signals received= 0
voluntary context switches= 971
involuntary context switches= 3908


# summary of solver processes directly reported to runsolver:
#   pid: 16,18
#   total CPU time (s): 1793.5
#   total CPU user time (s): 1752.51
#   total CPU system time (s): 40.9899

??? join timestamper begins
??? join timestamper ends
??? end of timestamper thread
runsolver used 1.20866 second user time and 2.51136 second system time

The end
