# WCTIME: wall clock time in seconds
WCTIME=1800.01
# CPUTIME: CPU time in seconds (USERTIME+SYSTEMTIME)
CPUTIME=1794.53
# USERTIME: CPU time spent in user mode in seconds
USERTIME=1757.58
# SYSTEMTIME: CPU time spent in system mode in seconds
SYSTEMTIME=36.9507
# CPUUSAGE: CPUTIME/WCTIME in percent
CPUUSAGE=99.6957
# MAXVM: maximum virtual memory used in KiB
MAXVM=1140500
# MAXMM: maximum memory used in KiB
MAXMM=895008
# MAXRSS: maximum Resident Segment Size in KiB
MAXRSS=958712
# TIMEOUT: did the solver exceed the time limit?
TIMEOUT=true
# MEMOUT: did the solver exceed the memory limit?
MEMOUT=false
# EXITSTATUS: Exit status of the solver
EXITSTATUS=15
