runsolver version 3.4.1 (svn: 3018) Copyright (C) 2010-2013 Olivier ROUSSEL

This program is distributed in the hope that it will be useful,
but WITHOUT ANY WARRANTY; without even the implied warranty of
MERCHANTABILITY or FITNESS FOR A PARTICULAR PURPOSE.  See the
GNU General Public License for more details.

NUMA information:
  number of nodes: 8
  memory of node 0: 63700 MiB (61916 MiB free)
  memory of node 1: 64461 MiB (59988 MiB free)
  memory of node 2: 64504 MiB (62131 MiB free)
  memory of node 3: 64504 MiB (58280 MiB free)
  memory of node 4: 64504 MiB (61939 MiB free)
  memory of node 5: 64504 MiB (61723 MiB free)
  memory of node 6: 64504 MiB (61758 MiB free)
  memory of node 7: 64491 MiB (60959 MiB free)
  node distances:
     10  12  12  12  21  21  21  21
     12  10  12  12  21  21  21  21
     12  12  10  12  21  21  21  21
     12  12  12  10  21  21  21  21
     21  21  21  21  10  12  12  12
     21  21  21  21  12  10  12  12
     21  21  21  21  12  12  10  12
     21  21  21  21  12  12  12  10

command line: /usr/local/bin/runsolver --timestamp -w /output/runsolver-watch.log -v /output/runsolver-values.log -o /output/solver-output.log -C 1800.0 -W 1800.0 -R 64000 /opt/solver/run_bn4rust.py --mode cyber-complement-gfp-plus-immutable --instance /input/model_077.bnet 

running on 22 cores: 18-19,30-31,36-41,130-131,144-153

Enforcing CPUTime limit (soft limit, will send SIGTERM then SIGKILL): 1800 seconds
Enforcing CPUTime limit (hard limit, will send SIGXCPU): 1830 seconds
Enforcing wall clock limit (soft limit, will send SIGTERM then SIGKILL): 1800 seconds
Enforcing RSS+Swap limit (soft limit, will send SIGTERM then SIGKILL): 65536000 KiB
Linux 4.18.0-553.159.1.el8_10.x86_64
Current StackSize limit: 18014398509481983 KiB

solver pid=16, runsolver pid=13

[startup+0.100081 s]*
/proc/loadavg: 39.29 41.11 43.41 40/2984 17
/proc/meminfo: memFree=500369840/527542216 swapFree=33432572/33554428
[pid=16] ppid=13 vsize=15600 memory=9984 CPUtime=0.02 cores=18-19,30-41,130-131,142-153
/proc/16/stat : 16 (python3) S 13 16 0 0 -1 4194304 1364 0 81 0 1 1 0 0 20 0 1 0 53413509 15974400 2496 67087892480 4194304 7154137 140723768953264 0 0 0 0 16781312 2 0 0 0 17 41 0 0 6 0 0 9727432 11029816 16715776 140723768957758 140723768957869 140723768957869 140723768958951 0
/proc/16/statm: 3900 2496 1395 723 0 1636 0
Current children cumulated CPU time: 0.02 s
Current children cumulated vsize: 15600 KiB
Current children cumulated memory: 9984 KiB

[startup+0.200836 s]*
/proc/loadavg: 39.29 41.11 43.41 40/2970 18
/proc/meminfo: memFree=500412424/527542216 swapFree=33432572/33554428
[pid=16] ppid=13 vsize=17684 memory=12424 CPUtime=0.05 cores=18-19,30-41,130-131,142-153
/proc/16/stat : 16 (python3) S 13 16 0 0 -1 4194304 1896 0 96 0 3 2 0 0 20 0 1 0 53413509 18108416 3106 67087892480 4194304 7154137 140723768953264 0 0 0 0 16781312 2 1 0 0 17 41 0 0 8 0 0 9727432 11029816 16715776 140723768957758 140723768957869 140723768957869 140723768958951 0
/proc/16/statm: 4421 3106 1512 723 0 2063 0
[pid=18] ppid=16 vsize=8136 memory=4972 CPUtime=0.03 cores=18-19,30-41,130-131,142-153
/proc/18/stat : 18 (bn4rust) R 16 16 0 0 -1 4194304 398 0 17 0 3 0 0 0 20 0 1 0 53413524 8331264 1243 67087892480 94016233717760 94016235584881 140729880524032 0 0 0 0 4096 1088 0 0 0 17 150 0 0 1 0 0 94016235842944 94016235889880 94016246538240 140729880525569 140729880525718 140729880525718 140729880526817 0
/proc/18/statm: 2034 1243 1077 456 0 195 0
Current children cumulated CPU time: 0.08 s
Current children cumulated vsize: 25820 KiB
Current children cumulated memory: 17396 KiB

[startup+0.300611 s]*
/proc/loadavg: 39.29 41.11 43.41 38/2960 18
/proc/meminfo: memFree=500228024/527542216 swapFree=33432572/33554428
[pid=16] ppid=13 vsize=17684 memory=12424 CPUtime=0.05 cores=18-19,30-41,130-131,142-153
/proc/16/stat : 16 (python3) S 13 16 0 0 -1 4194304 1896 0 96 0 3 2 0 0 20 0 1 0 53413509 18108416 3106 67087892480 4194304 7154137 140723768953264 0 0 0 0 16781312 2 1 0 0 17 41 0 0 8 0 0 9727432 11029816 16715776 140723768957758 140723768957869 140723768957869 140723768958951 0
/proc/16/statm: 4421 3106 1512 723 0 2063 0
[pid=18] ppid=16 vsize=9600 memory=6332 CPUtime=0.13 cores=18-19,30-41,130-131,142-153
/proc/18/stat : 18 (bn4rust) R 16 16 0 0 -1 4194304 1852 0 17 0 13 0 0 0 20 0 1 0 53413524 9830400 1583 67087892480 94016233717760 94016235584881 140729880524032 0 0 0 0 4096 1088 0 0 0 17 150 0 0 1 0 0 94016235842944 94016235889880 94016246538240 140729880525569 140729880525718 140729880525718 140729880526817 0
/proc/18/statm: 2400 1583 1077 456 0 561 0
Current children cumulated CPU time: 0.18 s
Current children cumulated vsize: 27284 KiB
Current children cumulated memory: 18756 KiB

[startup+0.700322 s]
/proc/loadavg: 39.29 41.11 43.41 38/2960 18
/proc/meminfo: memFree=500349124/527542216 swapFree=33432572/33554428
[pid=16] ppid=13 vsize=17684 memory=12424 CPUtime=0.05 cores=18-19,30-41,130-131,142-153
/proc/16/stat : 16 (python3) S 13 16 0 0 -1 4194304 1896 0 96 0 3 2 0 0 20 0 1 0 53413509 18108416 3106 67087892480 4194304 7154137 140723768953264 0 0 0 0 16781312 2 1 0 0 17 41 0 0 8 0 0 9727432 11029816 16715776 140723768957758 140723768957869 140723768957869 140723768958951 0
/proc/16/statm: 4421 3106 1512 723 0 2063 0
[pid=18] ppid=16 vsize=10928 memory=7568 CPUtime=0.52 cores=18-19,30-41,130-131,142-153
/proc/18/stat : 18 (bn4rust) R 16 16 0 0 -1 4194304 7682 0 17 0 51 1 0 0 20 0 1 0 53413524 11190272 1892 67087892480 94016233717760 94016235584881 140729880524032 0 0 0 0 4096 1088 0 0 0 17 150 0 0 1 0 0 94016235842944 94016235889880 94016246538240 140729880525569 140729880525718 140729880525718 140729880526817 0
/proc/18/statm: 2732 1892 1077 456 0 893 0
Current children cumulated CPU time: 0.57 s
Current children cumulated vsize: 28612 KiB
Current children cumulated memory: 19992 KiB

[startup+1.50029 s]
/proc/loadavg: 39.29 41.11 43.41 40/2957 18
/proc/meminfo: memFree=500366936/527542216 swapFree=33432572/33554428
[pid=16] ppid=13 vsize=17684 memory=12424 CPUtime=0.05 cores=18-19,30-41,130-131,142-153
/proc/16/stat : 16 (python3) S 13 16 0 0 -1 4194304 1896 0 96 0 3 2 0 0 20 0 1 0 53413509 18108416 3106 67087892480 4194304 7154137 140723768953264 0 0 0 0 16781312 2 1 0 0 17 41 0 0 8 0 0 9727432 11029816 16715776 140723768957758 140723768957869 140723768957869 140723768958951 0
/proc/16/statm: 4421 3106 1512 723 0 2063 0
[pid=18] ppid=16 vsize=12096 memory=8504 CPUtime=1.32 cores=18-19,30-41,130-131,142-153
/proc/18/stat : 18 (bn4rust) R 16 16 0 0 -1 4194304 15610 0 17 0 129 3 0 0 20 0 1 0 53413524 12386304 2126 67087892480 94016233717760 94016235584881 140729880524032 0 0 0 0 4096 1088 0 0 0 17 38 0 0 1 0 0 94016235842944 94016235889880 94016246538240 140729880525569 140729880525718 140729880525718 140729880526817 0
/proc/18/statm: 3024 2126 1077 456 0 1185 0
Current children cumulated CPU time: 1.37 s
Current children cumulated vsize: 29780 KiB
Current children cumulated memory: 20928 KiB

[startup+3.10057 s]
/proc/loadavg: 39.34 41.09 43.39 39/2961 18
/proc/meminfo: memFree=500214944/527542216 swapFree=33432572/33554428
[pid=16] ppid=13 vsize=17684 memory=12424 CPUtime=0.05 cores=18-19,30-41,130-131,142-153
/proc/16/stat : 16 (python3) S 13 16 0 0 -1 4194304 1896 0 96 0 3 2 0 0 20 0 1 0 53413509 18108416 3106 67087892480 4194304 7154137 140723768953264 0 0 0 0 16781312 2 1 0 0 17 41 0 0 8 0 0 9727432 11029816 16715776 140723768957758 140723768957869 140723768957869 140723768958951 0
/proc/16/statm: 4421 3106 1512 723 0 2063 0
[pid=18] ppid=16 vsize=15952 memory=11984 CPUtime=2.91 cores=18-19,30-41,130-131,142-153
/proc/18/stat : 18 (bn4rust) R 16 16 0 0 -1 4194304 28578 0 17 0 285 6 0 0 20 0 1 0 53413524 16334848 2996 67087892480 94016233717760 94016235584881 140729880524032 0 0 0 0 4096 1088 0 0 0 17 38 0 0 1 0 0 94016235842944 94016235889880 94016246538240 140729880525569 140729880525718 140729880525718 140729880526817 0
/proc/18/statm: 3988 2996 1077 456 0 2149 0
Current children cumulated CPU time: 2.96 s
Current children cumulated vsize: 33636 KiB
Current children cumulated memory: 24408 KiB

[startup+6.30031 s]
/proc/loadavg: 39.34 41.09 43.39 42/2942 18
/proc/meminfo: memFree=501391944/527542216 swapFree=33432572/33554428
[pid=16] ppid=13 vsize=17684 memory=12424 CPUtime=0.05 cores=18-19,30-41,130-131,142-153
/proc/16/stat : 16 (python3) S 13 16 0 0 -1 4194304 1896 0 96 0 3 2 0 0 20 0 1 0 53413509 18108416 3106 67087892480 4194304 7154137 140723768953264 0 0 0 0 16781312 2 1 0 0 17 41 0 0 8 0 0 9727432 11029816 16715776 140723768957758 140723768957869 140723768957869 140723768958951 0
/proc/16/statm: 4421 3106 1512 723 0 2063 0
[pid=18] ppid=16 vsize=23024 memory=19504 CPUtime=6.1 cores=18-19,30-41,130-131,142-153
/proc/18/stat : 18 (bn4rust) R 16 16 0 0 -1 4194304 46675 0 17 0 600 10 0 0 20 0 1 0 53413524 23576576 4876 67087892480 94016233717760 94016235584881 140729880524032 0 0 0 0 4096 1088 0 0 0 17 38 0 0 1 0 0 94016235842944 94016235889880 94016246538240 140729880525569 140729880525718 140729880525718 140729880526817 0
/proc/18/statm: 5756 4876 1077 456 0 3917 0
Current children cumulated CPU time: 6.15 s
Current children cumulated vsize: 40708 KiB
Current children cumulated memory: 31928 KiB

[startup+12.7003 s]
/proc/loadavg: 39.14 40.99 43.33 39/2968 18
/proc/meminfo: memFree=501250952/527542216 swapFree=33432572/33554428
[pid=16] ppid=13 vsize=17684 memory=12424 CPUtime=0.05 cores=18-19,30-41,130-131,142-153
/proc/16/stat : 16 (python3) S 13 16 0 0 -1 4194304 1896 0 96 0 3 2 0 0 20 0 1 0 53413509 18108416 3106 67087892480 4194304 7154137 140723768953264 0 0 0 0 16781312 2 1 0 0 17 41 0 0 8 0 0 9727432 11029816 16715776 140723768957758 140723768957869 140723768957869 140723768958951 0
/proc/16/statm: 4421 3106 1512 723 0 2063 0
[pid=18] ppid=16 vsize=33984 memory=30532 CPUtime=12.46 cores=18-19,30-41,130-131,142-153
/proc/18/stat : 18 (bn4rust) R 16 16 0 0 -1 4194304 81432 0 17 0 1228 18 0 0 20 0 1 0 53413524 34799616 7633 67087892480 94016233717760 94016235584881 140729880524032 0 0 0 0 4096 1088 0 0 0 17 38 0 0 1 0 0 94016235842944 94016235889880 94016246538240 140729880525569 140729880525718 140729880525718 140729880526817 0
/proc/18/statm: 8496 7633 1077 456 0 6657 0
Current children cumulated CPU time: 12.51 s
Current children cumulated vsize: 51668 KiB
Current children cumulated memory: 42956 KiB

[startup+25.5003 s]
/proc/loadavg: 38.97 40.89 43.28 38/2969 18
/proc/meminfo: memFree=501112484/527542216 swapFree=33432572/33554428
[pid=16] ppid=13 vsize=17684 memory=12424 CPUtime=0.05 cores=18-19,30-41,130-131,142-153
/proc/16/stat : 16 (python3) S 13 16 0 0 -1 4194304 1896 0 96 0 3 2 0 0 20 0 1 0 53413509 18108416 3106 67087892480 4194304 7154137 140723768953264 0 0 0 0 16781312 2 1 0 0 17 41 0 0 8 0 0 9727432 11029816 16715776 140723768957758 140723768957869 140723768957869 140723768958951 0
/proc/16/statm: 4421 3106 1512 723 0 2063 0
[pid=18] ppid=16 vsize=54896 memory=51372 CPUtime=25.2 cores=18-19,30-41,130-131,142-153
/proc/18/stat : 18 (bn4rust) R 16 16 0 0 -1 4194304 116992 0 17 0 2491 29 0 0 20 0 1 0 53413524 56213504 12843 67087892480 94016233717760 94016235584881 140729880524032 0 0 0 0 4096 1088 0 0 0 17 38 0 0 1 0 0 94016235842944 94016235889880 94016246538240 140729880525569 140729880525718 140729880525718 140729880526817 0
/proc/18/statm: 13724 12843 1077 456 0 11885 0
Current children cumulated CPU time: 25.25 s
Current children cumulated vsize: 72580 KiB
Current children cumulated memory: 63796 KiB

[startup+51.1005 s]
/proc/loadavg: 38.45 40.61 43.12 41/3019 18
/proc/meminfo: memFree=501246816/527542216 swapFree=33432572/33554428
[pid=16] ppid=13 vsize=17684 memory=12424 CPUtime=0.05 cores=18-19,30-41,130-131,142-153
/proc/16/stat : 16 (python3) S 13 16 0 0 -1 4194304 1897 0 96 0 3 2 0 0 20 0 1 0 53413509 18108416 3106 67087892480 4194304 7154137 140723768953264 0 0 0 0 16781312 2 1 0 0 17 41 0 0 8 0 0 9727432 11029816 16715776 140723768957758 140723768957869 140723768957869 140723768958951 0
/proc/16/statm: 4421 3106 1512 723 0 2063 0
[pid=18] ppid=16 vsize=56928 memory=53380 CPUtime=50.67 cores=18-19,30-41,130-131,142-153
/proc/18/stat : 18 (bn4rust) R 16 16 0 0 -1 4194304 172536 0 17 0 5021 46 0 0 20 0 1 0 53413524 58294272 13345 67087892480 94016233717760 94016235584881 140729880524032 0 0 0 0 4096 1088 0 0 0 17 38 0 0 1 0 0 94016235842944 94016235889880 94016246538240 140729880525569 140729880525718 140729880525718 140729880526817 0
/proc/18/statm: 14232 13345 1077 456 0 12393 0
Current children cumulated CPU time: 50.72 s
Current children cumulated vsize: 74612 KiB
Current children cumulated memory: 65804 KiB

[startup+102.3 s]
/proc/loadavg: 38.87 40.38 42.89 40/3004 18
/proc/meminfo: memFree=499584332/527542216 swapFree=33432572/33554428
[pid=16] ppid=13 vsize=17684 memory=12424 CPUtime=0.05 cores=18-19,30-41,130-131,142-153
/proc/16/stat : 16 (python3) S 13 16 0 0 -1 4194304 1897 0 96 0 3 2 0 0 20 0 1 0 53413509 18108416 3106 67087892480 4194304 7154137 140723768953264 0 0 0 0 16781312 2 1 0 0 17 41 0 0 8 0 0 9727432 11029816 16715776 140723768957758 140723768957869 140723768957869 140723768958951 0
/proc/16/statm: 4421 3106 1512 723 0 2063 0
[pid=18] ppid=16 vsize=101220 memory=97740 CPUtime=101.62 cores=18-19,30-41,130-131,142-153
/proc/18/stat : 18 (bn4rust) R 16 16 0 0 -1 4194304 222676 0 17 0 10091 71 0 0 20 0 1 0 53413524 103649280 24435 67087892480 94016233717760 94016235584881 140729880524032 0 0 0 0 4096 1088 0 0 0 17 38 0 0 1 0 0 94016235842944 94016235889880 94016246538240 140729880525569 140729880525718 140729880525718 140729880526817 0
/proc/18/statm: 25305 24435 1077 456 0 23466 0
Current children cumulated CPU time: 101.67 s
Current children cumulated vsize: 118904 KiB
Current children cumulated memory: 110164 KiB

[startup+162.3 s]
/proc/loadavg: 39.34 40.22 42.68 40/3027 18
/proc/meminfo: memFree=499138836/527542216 swapFree=33432572/33554428
[pid=16] ppid=13 vsize=17684 memory=12424 CPUtime=0.05 cores=18-19,30-41,130-131,142-153
/proc/16/stat : 16 (python3) S 13 16 0 0 -1 4194304 1897 0 96 0 3 2 0 0 20 0 1 0 53413509 18108416 3106 67087892480 4194304 7154137 140723768953264 0 0 0 0 16781312 2 1 0 0 17 41 0 0 8 0 0 9727432 11029816 16715776 140723768957758 140723768957869 140723768957869 140723768958951 0
/proc/16/statm: 4421 3106 1512 723 0 2063 0
[pid=18] ppid=16 vsize=69476 memory=66256 CPUtime=161.32 cores=18-19,30-41,130-131,142-153
/proc/18/stat : 18 (bn4rust) R 16 16 0 0 -1 4194304 283171 0 17 0 16021 111 0 0 20 0 1 0 53413524 71143424 16564 67087892480 94016233717760 94016235584881 140729880524032 0 0 0 0 4096 1088 0 0 0 17 150 0 0 1 0 0 94016235842944 94016235889880 94016246538240 140729880525569 140729880525718 140729880525718 140729880526817 0
/proc/18/statm: 17369 16564 1077 456 0 15530 0
Current children cumulated CPU time: 161.37 s
Current children cumulated vsize: 87160 KiB
Current children cumulated memory: 78680 KiB

[startup+222.3 s]
/proc/loadavg: 39.44 40.07 42.47 40/3022 18
/proc/meminfo: memFree=499845324/527542216 swapFree=33432572/33554428
[pid=16] ppid=13 vsize=17684 memory=12424 CPUtime=0.05 cores=18-19,30-41,130-131,142-153
/proc/16/stat : 16 (python3) S 13 16 0 0 -1 4194304 1897 0 96 0 3 2 0 0 20 0 1 0 53413509 18108416 3106 67087892480 4194304 7154137 140723768953264 0 0 0 0 16781312 2 1 0 0 17 41 0 0 8 0 0 9727432 11029816 16715776 140723768957758 140723768957869 140723768957869 140723768958951 0
/proc/16/statm: 4421 3106 1512 723 0 2063 0
[pid=18] ppid=16 vsize=56160 memory=51904 CPUtime=221.03 cores=18-19,30-41,130-131,142-153
/proc/18/stat : 18 (bn4rust) R 16 16 0 0 -1 4194304 356239 0 17 0 21939 164 0 0 20 0 1 0 53413524 57507840 12976 67087892480 94016233717760 94016235584881 140729880524032 0 0 0 0 4096 1088 0 0 0 17 150 0 0 1 0 0 94016235842944 94016235889880 94016246538240 140729880525569 140729880525718 140729880525718 140729880526817 0
/proc/18/statm: 14040 12976 1077 456 0 12201 0
Current children cumulated CPU time: 221.08 s
Current children cumulated vsize: 73844 KiB
Current children cumulated memory: 64328 KiB

[startup+282.3 s]
/proc/loadavg: 39.67 40.03 42.31 40/3009 18
/proc/meminfo: memFree=498834836/527542216 swapFree=33432572/33554428
[pid=16] ppid=13 vsize=17684 memory=12424 CPUtime=0.05 cores=18-19,30-41,130-131,142-153
/proc/16/stat : 16 (python3) S 13 16 0 0 -1 4194304 1897 0 96 0 3 2 0 0 20 0 1 0 53413509 18108416 3106 67087892480 4194304 7154137 140723768953264 0 0 0 0 16781312 2 1 0 0 17 41 0 0 8 0 0 9727432 11029816 16715776 140723768957758 140723768957869 140723768957869 140723768958951 0
/proc/16/statm: 4421 3106 1512 723 0 2063 0
[pid=18] ppid=16 vsize=209256 memory=205440 CPUtime=280.73 cores=18-19,30-41,130-131,142-153
/proc/18/stat : 18 (bn4rust) R 16 16 0 0 -1 4194304 417264 0 17 0 27864 209 0 0 20 0 1 0 53413524 214278144 51360 67087892480 94016233717760 94016235584881 140729880524032 0 0 0 0 4096 1088 0 0 0 17 150 0 0 1 0 0 94016235842944 94016235889880 94016246538240 140729880525569 140729880525718 140729880525718 140729880526817 0
/proc/18/statm: 52314 51360 1077 456 0 50475 0
Current children cumulated CPU time: 280.78 s
Current children cumulated vsize: 226940 KiB
Current children cumulated memory: 217864 KiB

[startup+342.3 s]
/proc/loadavg: 37.55 39.41 41.95 40/3010 18
/proc/meminfo: memFree=498574524/527542216 swapFree=33432572/33554428
[pid=16] ppid=13 vsize=17684 memory=12424 CPUtime=0.05 cores=18-19,30-41,130-131,142-153
/proc/16/stat : 16 (python3) S 13 16 0 0 -1 4194304 1898 0 96 0 3 2 0 0 20 0 1 0 53413509 18108416 3106 67087892480 4194304 7154137 140723768953264 0 0 0 0 16781312 2 1 0 0 17 41 0 0 8 0 0 9727432 11029816 16715776 140723768957758 140723768957869 140723768957869 140723768958951 0
/proc/16/statm: 4421 3106 1512 723 0 2063 0
[pid=18] ppid=16 vsize=164200 memory=149956 CPUtime=340.44 cores=18-19,30-41,130-131,142-153
/proc/18/stat : 18 (bn4rust) R 16 16 0 0 -1 4194304 470292 0 17 0 33796 248 0 0 20 0 1 0 53413524 168140800 37489 67087892480 94016233717760 94016235584881 140729880524032 0 0 0 0 4096 1088 0 0 0 17 150 0 0 1 0 0 94016235842944 94016235889880 94016246538240 140729880525569 140729880525718 140729880525718 140729880526817 0
/proc/18/statm: 41050 37489 1077 456 0 39211 0
Current children cumulated CPU time: 340.49 s
Current children cumulated vsize: 181884 KiB
Current children cumulated memory: 162380 KiB

[startup+402.3 s]
/proc/loadavg: 38.84 39.43 41.80 40/2998 18
/proc/meminfo: memFree=497281500/527542216 swapFree=33432572/33554428
[pid=16] ppid=13 vsize=17684 memory=12828 CPUtime=0.05 cores=18-19,30-41,130-131,142-153
/proc/16/stat : 16 (python3) S 13 16 0 0 -1 4194304 1898 0 96 0 3 2 0 0 20 0 1 0 53413509 18108416 3207 67087892480 4194304 7154137 140723768953264 0 0 0 0 16781312 2 1 0 0 17 41 0 0 8 0 0 9727432 11029816 16715776 140723768957758 140723768957869 140723768957869 140723768958951 0
/proc/16/statm: 4421 3207 1512 723 0 2063 0
[pid=18] ppid=16 vsize=104804 memory=101392 CPUtime=400.15 cores=18-19,30-41,130-131,142-153
/proc/18/stat : 18 (bn4rust) R 16 16 0 0 -1 4194304 521615 0 17 0 39726 289 0 0 20 0 1 0 53413524 107319296 25348 67087892480 94016233717760 94016235584881 140729880524032 0 0 0 0 4096 1088 0 0 0 17 150 0 0 1 0 0 94016235842944 94016235889880 94016246538240 140729880525569 140729880525718 140729880525718 140729880526817 0
/proc/18/statm: 26201 25348 1077 456 0 24362 0
Current children cumulated CPU time: 400.2 s
Current children cumulated vsize: 122488 KiB
Current children cumulated memory: 114220 KiB

[startup+462.3 s]
/proc/loadavg: 39.22 39.44 41.65 39/2977 18
/proc/meminfo: memFree=497234776/527542216 swapFree=33432572/33554428
[pid=16] ppid=13 vsize=17684 memory=12828 CPUtime=0.05 cores=18-19,30-41,130-131,142-153
/proc/16/stat : 16 (python3) S 13 16 0 0 -1 4194304 1898 0 96 0 3 2 0 0 20 0 1 0 53413509 18108416 3207 67087892480 4194304 7154137 140723768953264 0 0 0 0 16781312 2 1 0 0 17 41 0 0 8 0 0 9727432 11029816 16715776 140723768957758 140723768957869 140723768957869 140723768958951 0
/proc/16/statm: 4421 3207 1512 723 0 2063 0
[pid=18] ppid=16 vsize=98660 memory=95248 CPUtime=459.87 cores=18-19,30-41,130-131,142-153
/proc/18/stat : 18 (bn4rust) R 16 16 0 0 -1 4194304 573300 0 17 0 45660 327 0 0 20 0 1 0 53413524 101027840 23812 67087892480 94016233717760 94016235584881 140729880524032 0 0 0 0 4096 1088 0 0 0 17 150 0 0 1 0 0 94016235842944 94016235889880 94016246538240 140729880525569 140729880525718 140729880525718 140729880526817 0
/proc/18/statm: 24665 23812 1077 456 0 22826 0
Current children cumulated CPU time: 459.92 s
Current children cumulated vsize: 116344 KiB
Current children cumulated memory: 108076 KiB

[startup+522.3 s]
/proc/loadavg: 39.42 39.45 41.51 40/2994 18
/proc/meminfo: memFree=496406644/527542216 swapFree=33432572/33554428
[pid=16] ppid=13 vsize=17684 memory=12828 CPUtime=0.05 cores=18-19,30-41,130-131,142-153
/proc/16/stat : 16 (python3) S 13 16 0 0 -1 4194304 1898 0 96 0 3 2 0 0 20 0 1 0 53413509 18108416 3207 67087892480 4194304 7154137 140723768953264 0 0 0 0 16781312 2 1 0 0 17 41 0 0 8 0 0 9727432 11029816 16715776 140723768957758 140723768957869 140723768957869 140723768958951 0
/proc/16/statm: 4421 3207 1512 723 0 2063 0
[pid=18] ppid=16 vsize=80740 memory=77348 CPUtime=519.57 cores=18-19,30-41,130-131,142-153
/proc/18/stat : 18 (bn4rust) R 16 16 0 0 -1 4194304 616320 0 17 0 51593 364 0 0 20 0 1 0 53413524 82677760 19337 67087892480 94016233717760 94016235584881 140729880524032 0 0 0 0 4096 1088 0 0 0 17 150 0 0 1 0 0 94016235842944 94016235889880 94016246538240 140729880525569 140729880525718 140729880525718 140729880526817 0
/proc/18/statm: 20185 19337 1077 456 0 18346 0
Current children cumulated CPU time: 519.62 s
Current children cumulated vsize: 98424 KiB
Current children cumulated memory: 90176 KiB

[startup+582.3 s]
/proc/loadavg: 39.51 39.48 41.39 40/2994 18
/proc/meminfo: memFree=499844212/527542216 swapFree=33432572/33554428
[pid=16] ppid=13 vsize=17684 memory=12828 CPUtime=0.05 cores=18-19,30-41,130-131,142-153
/proc/16/stat : 16 (python3) S 13 16 0 0 -1 4194304 1898 0 96 0 3 2 0 0 20 0 1 0 53413509 18108416 3207 67087892480 4194304 7154137 140723768953264 0 0 0 0 16781312 2 1 0 0 17 41 0 0 8 0 0 9727432 11029816 16715776 140723768957758 140723768957869 140723768957869 140723768958951 0
/proc/16/statm: 4421 3207 1512 723 0 2063 0
[pid=18] ppid=16 vsize=75108 memory=71752 CPUtime=579.29 cores=18-19,30-41,130-131,142-153
/proc/18/stat : 18 (bn4rust) R 16 16 0 0 -1 4194304 668010 0 17 0 57528 401 0 0 20 0 1 0 53413524 76910592 17938 67087892480 94016233717760 94016235584881 140729880524032 0 0 0 0 4096 1088 0 0 0 17 150 0 0 1 0 0 94016235842944 94016235889880 94016246538240 140729880525569 140729880525718 140729880525718 140729880526817 0
/proc/18/statm: 18777 17938 1077 456 0 16938 0
Current children cumulated CPU time: 579.34 s
Current children cumulated vsize: 92792 KiB
Current children cumulated memory: 84580 KiB

[startup+640.884 s]
# the end of solver process 16 was just reported to runsolver
# cumulated CPU time of all completed processes:  user=633.39 s, system=4.17977 s

Solver just ended.
??? end of watcher thread
Dumping a history of the last processes samples

[startup+614.4 s]
/proc/loadavg: 39.57 39.50 41.33 40/2990 18
/proc/meminfo: memFree=499615888/527542216 swapFree=33432572/33554428
[pid=16] ppid=13 vsize=17684 memory=12828 CPUtime=0.05 cores=18-19,30-41,130-131,142-153
/proc/16/stat : 16 (python3) S 13 16 0 0 -1 4194304 1898 0 96 0 3 2 0 0 20 0 1 0 53413509 18108416 3207 67087892480 4194304 7154137 140723768953264 0 0 0 0 16781312 2 1 0 0 17 41 0 0 8 0 0 9727432 11029816 16715776 140723768957758 140723768957869 140723768957869 140723768958951 0
/proc/16/statm: 4421 3207 1512 723 0 2063 0
[pid=18] ppid=16 vsize=46944 memory=43584 CPUtime=611.23 cores=18-19,30-41,130-131,142-153
/proc/18/stat : 18 (bn4rust) R 16 16 0 0 -1 4194304 691332 0 17 0 60710 413 0 0 20 0 1 0 53413524 48070656 10896 67087892480 94016233717760 94016235584881 140729880524032 0 0 0 0 4096 1088 0 0 0 17 150 0 0 1 0 0 94016235842944 94016235889880 94016246538240 140729880525569 140729880525718 140729880525718 140729880526817 0
/proc/18/statm: 11736 10896 1077 456 0 9897 0
Current children cumulated CPU time: 611.28 s
Current children cumulated vsize: 64628 KiB
Current children cumulated memory: 56412 KiB

[startup+627.2 s]
/proc/loadavg: 39.58 39.50 41.31 39/2972 18
/proc/meminfo: memFree=500390888/527542216 swapFree=33432572/33554428
[pid=16] ppid=13 vsize=17684 memory=12828 CPUtime=0.05 cores=18-19,30-41,130-131,142-153
/proc/16/stat : 16 (python3) S 13 16 0 0 -1 4194304 1898 0 96 0 3 2 0 0 20 0 1 0 53413509 18108416 3207 67087892480 4194304 7154137 140723768953264 0 0 0 0 16781312 2 1 0 0 17 41 0 0 8 0 0 9727432 11029816 16715776 140723768957758 140723768957869 140723768957869 140723768958951 0
/proc/16/statm: 4421 3207 1512 723 0 2063 0
[pid=18] ppid=16 vsize=72548 memory=69176 CPUtime=623.97 cores=18-19,30-41,130-131,142-153
/proc/18/stat : 18 (bn4rust) R 16 16 0 0 -1 4194304 696197 0 17 0 61982 415 0 0 20 0 1 0 53413524 74289152 17294 67087892480 94016233717760 94016235584881 140729880524032 0 0 0 0 4096 1088 0 0 0 17 150 0 0 1 0 0 94016235842944 94016235889880 94016246538240 140729880525569 140729880525718 140729880525718 140729880526817 0
/proc/18/statm: 18137 17294 1077 456 0 16298 0
Current children cumulated CPU time: 624.02 s
Current children cumulated vsize: 90232 KiB
Current children cumulated memory: 82004 KiB

[startup+633.6 s]
/proc/loadavg: 39.54 39.49 41.29 40/2990 18
/proc/meminfo: memFree=499733912/527542216 swapFree=33432572/33554428
[pid=16] ppid=13 vsize=17684 memory=12828 CPUtime=0.05 cores=18-19,30-41,130-131,142-153
/proc/16/stat : 16 (python3) S 13 16 0 0 -1 4194304 1899 0 96 0 3 2 0 0 20 0 1 0 53413509 18108416 3207 67087892480 4194304 7154137 140723768953264 0 0 0 0 16781312 2 1 0 0 17 41 0 0 8 0 0 9727432 11029816 16715776 140723768957758 140723768957869 140723768957869 140723768958951 0
/proc/16/statm: 4421 3207 1512 723 0 2063 0
[pid=18] ppid=16 vsize=72548 memory=69176 CPUtime=630.34 cores=18-19,30-41,130-131,142-153
/proc/18/stat : 18 (bn4rust) R 16 16 0 0 -1 4194304 696197 0 17 0 62619 415 0 0 20 0 1 0 53413524 74289152 17294 67087892480 94016233717760 94016235584881 140729880524032 0 0 0 0 4096 1088 0 0 0 17 150 0 0 1 0 0 94016235842944 94016235889880 94016246538240 140729880525569 140729880525718 140729880525718 140729880526817 0
/proc/18/statm: 18137 17294 1077 456 0 16298 0
Current children cumulated CPU time: 630.39 s
Current children cumulated vsize: 90232 KiB
Current children cumulated memory: 82004 KiB

[startup+636.8 s]
/proc/loadavg: 39.54 39.49 41.29 41/2997 18
/proc/meminfo: memFree=499470164/527542216 swapFree=33432572/33554428
[pid=16] ppid=13 vsize=17684 memory=12828 CPUtime=0.05 cores=18-19,30-41,130-131,142-153
/proc/16/stat : 16 (python3) S 13 16 0 0 -1 4194304 1899 0 96 0 3 2 0 0 20 0 1 0 53413509 18108416 3207 67087892480 4194304 7154137 140723768953264 0 0 0 0 16781312 2 1 0 0 17 41 0 0 8 0 0 9727432 11029816 16715776 140723768957758 140723768957869 140723768957869 140723768958951 0
/proc/16/statm: 4421 3207 1512 723 0 2063 0
[pid=18] ppid=16 vsize=72548 memory=69176 CPUtime=633.52 cores=18-19,30-41,130-131,142-153
/proc/18/stat : 18 (bn4rust) R 16 16 0 0 -1 4194304 696197 0 17 0 62937 415 0 0 20 0 1 0 53413524 74289152 17294 67087892480 94016233717760 94016235584881 140729880524032 0 0 0 0 4096 1088 0 0 0 17 150 0 0 1 0 0 94016235842944 94016235889880 94016246538240 140729880525569 140729880525718 140729880525718 140729880526817 0
/proc/18/statm: 18137 17294 1077 456 0 16298 0
Current children cumulated CPU time: 633.57 s
Current children cumulated vsize: 90232 KiB
Current children cumulated memory: 82004 KiB

[startup+638.4 s]
/proc/loadavg: 39.81 39.55 41.30 39/2998 18
/proc/meminfo: memFree=499796256/527542216 swapFree=33432572/33554428
[pid=16] ppid=13 vsize=17684 memory=12828 CPUtime=0.05 cores=18-19,30-41,130-131,142-153
/proc/16/stat : 16 (python3) S 13 16 0 0 -1 4194304 1899 0 96 0 3 2 0 0 20 0 1 0 53413509 18108416 3207 67087892480 4194304 7154137 140723768953264 0 0 0 0 16781312 2 1 0 0 17 41 0 0 8 0 0 9727432 11029816 16715776 140723768957758 140723768957869 140723768957869 140723768958951 0
/proc/16/statm: 4421 3207 1512 723 0 2063 0
[pid=18] ppid=16 vsize=72548 memory=69176 CPUtime=635.12 cores=18-19,30-41,130-131,142-153
/proc/18/stat : 18 (bn4rust) R 16 16 0 0 -1 4194304 696197 0 17 0 63097 415 0 0 20 0 1 0 53413524 74289152 17294 67087892480 94016233717760 94016235584881 140729880524032 0 0 0 0 4096 1088 0 0 0 17 150 0 0 1 0 0 94016235842944 94016235889880 94016246538240 140729880525569 140729880525718 140729880525718 140729880526817 0
/proc/18/statm: 18137 17294 1077 456 0 16298 0
Current children cumulated CPU time: 635.17 s
Current children cumulated vsize: 90232 KiB
Current children cumulated memory: 82004 KiB

[startup+640 s]*
/proc/loadavg: 39.81 39.55 41.30 40/2998 18
/proc/meminfo: memFree=499577024/527542216 swapFree=33432572/33554428
[pid=16] ppid=13 vsize=17684 memory=12828 CPUtime=0.05 cores=18-19,30-41,130-131,142-153
/proc/16/stat : 16 (python3) S 13 16 0 0 -1 4194304 1899 0 96 0 3 2 0 0 20 0 1 0 53413509 18108416 3207 67087892480 4194304 7154137 140723768953264 0 0 0 0 16781312 2 1 0 0 17 41 0 0 8 0 0 9727432 11029816 16715776 140723768957758 140723768957869 140723768957869 140723768958951 0
/proc/16/statm: 4421 3207 1512 723 0 2063 0
[pid=18] ppid=16 vsize=72548 memory=69176 CPUtime=636.71 cores=18-19,30-41,130-131,142-153
/proc/18/stat : 18 (bn4rust) R 16 16 0 0 -1 4194304 696197 0 17 0 63256 415 0 0 20 0 1 0 53413524 74289152 17294 67087892480 94016233717760 94016235584881 140729880524032 0 0 0 0 4096 1088 0 0 0 17 150 0 0 1 0 0 94016235842944 94016235889880 94016246538240 140729880525569 140729880525718 140729880525718 140729880526817 0
/proc/18/statm: 18137 17294 1077 456 0 16298 0
Current children cumulated CPU time: 636.76 s
Current children cumulated vsize: 90232 KiB
Current children cumulated memory: 82004 KiB

[startup+640.4 s]
/proc/loadavg: 39.81 39.55 41.30 40/2998 18
/proc/meminfo: memFree=499577024/527542216 swapFree=33432572/33554428
[pid=16] ppid=13 vsize=17684 memory=12828 CPUtime=0.05 cores=18-19,30-41,130-131,142-153
/proc/16/stat : 16 (python3) S 13 16 0 0 -1 4194304 1899 0 96 0 3 2 0 0 20 0 1 0 53413509 18108416 3207 67087892480 4194304 7154137 140723768953264 0 0 0 0 16781312 2 1 0 0 17 41 0 0 8 0 0 9727432 11029816 16715776 140723768957758 140723768957869 140723768957869 140723768958951 0
/proc/16/statm: 4421 3207 1512 723 0 2063 0
[pid=18] ppid=16 vsize=72548 memory=69176 CPUtime=637.11 cores=18-19,30-41,130-131,142-153
/proc/18/stat : 18 (bn4rust) R 16 16 0 0 -1 4194304 696197 0 17 0 63296 415 0 0 20 0 1 0 53413524 74289152 17294 67087892480 94016233717760 94016235584881 140729880524032 0 0 0 0 4096 1088 0 0 0 17 150 0 0 1 0 0 94016235842944 94016235889880 94016246538240 140729880525569 140729880525718 140729880525718 140729880526817 0
/proc/18/statm: 18137 17294 1077 456 0 16298 0
Current children cumulated CPU time: 637.16 s
Current children cumulated vsize: 90232 KiB
Current children cumulated memory: 82004 KiB

[startup+640.8 s]
/proc/loadavg: 39.81 39.55 41.30 40/2998 18
/proc/meminfo: memFree=499577024/527542216 swapFree=33432572/33554428
[pid=16] ppid=13 vsize=17684 memory=12828 CPUtime=0.05 cores=18-19,30-41,130-131,142-153
/proc/16/stat : 16 (python3) S 13 16 0 0 -1 4194304 1900 0 96 0 3 2 0 0 20 0 1 0 53413509 18108416 3207 67087892480 4194304 7154137 140723768953264 0 0 0 0 16781312 2 1 0 0 17 41 0 0 8 0 0 9727432 11029816 16715776 140723768957758 140723768957869 140723768957869 140723768958951 0
/proc/16/statm: 4421 3207 1512 723 0 2063 0
[pid=18] ppid=16 vsize=72532 memory=69332 CPUtime=637.48 cores=18-19,30-41,130-131,142-153
/proc/18/stat : 18 (bn4rust) D 16 16 0 0 -1 4194304 696200 0 18 0 63333 415 0 0 20 0 1 0 53413524 74272768 17333 67087892480 94016233717760 94016235584881 140729880524032 0 0 0 0 4096 1088 0 0 0 17 150 0 0 1 0 0 94016235842944 94016235889880 94016246538240 140729880525569 140729880525718 140729880525718 140729880526817 0
/proc/18/statm: 18133 17333 1097 456 0 16295 0
Current children cumulated CPU time: 637.53 s
Current children cumulated vsize: 90216 KiB
Current children cumulated memory: 82160 KiB

Child status: 0
Real time (s): 640.884
CPU time (s): 637.569
CPU user time (s): 633.39
CPU system time (s): 4.17977
CPU usage (%): 99.4828
Max. virtual memory (cumulated for all children) (KiB): 252544
Max. memory (cumulated for all children) (KiB): 236156

getrusage(RUSAGE_CHILDREN,...) data:
user time used= 633.39
system time used= 4.17977
maximum resident set size= 232120
integral shared memory size= 0
integral unshared data size= 0
integral unshared stack size= 0
page reclaims= 698122
page faults= 115
swaps= 0
block input operations= 19800
block output operations= 8
messages sent= 0
messages received= 0
signals received= 0
voluntary context switches= 1125
involuntary context switches= 912


# summary of solver processes directly reported to runsolver:
#   pid: 16
#   total CPU time (s): 637.569
#   total CPU user time (s): 633.39
#   total CPU system time (s): 4.17977

??? join timestamper begins
??? join timestamper ends
??? end of timestamper thread
runsolver used 0.522809 second user time and 1.09102 second system time

The end
