# WCTIME: wall clock time in seconds
WCTIME=1.96977
# CPUTIME: CPU time in seconds (USERTIME+SYSTEMTIME)
CPUTIME=1.2
# USERTIME: CPU time spent in user mode in seconds
USERTIME=1.04998
# SYSTEMTIME: CPU time spent in system mode in seconds
SYSTEMTIME=0.150019
# CPUUSAGE: CPUTIME/WCTIME in percent
CPUUSAGE=60.9209
# MAXVM: maximum virtual memory used in KiB
MAXVM=222000
# MAXMM: maximum memory used in KiB
MAXMM=71076
# MAXRSS: maximum Resident Segment Size in KiB
MAXRSS=71076
# TIMEOUT: did the solver exceed the time limit?
TIMEOUT=false
# MEMOUT: did the solver exceed the memory limit?
MEMOUT=false
# EXITSTATUS: Exit status of the solver
EXITSTATUS=0
