runsolver version 3.4.1 (svn: 3018) Copyright (C) 2010-2013 Olivier ROUSSEL

This program is distributed in the hope that it will be useful,
but WITHOUT ANY WARRANTY; without even the implied warranty of
MERCHANTABILITY or FITNESS FOR A PARTICULAR PURPOSE.  See the
GNU General Public License for more details.

NUMA information:
  number of nodes: 8
  memory of node 0: 63700 MiB (60561 MiB free)
  memory of node 1: 64504 MiB (63728 MiB free)
  memory of node 2: 64504 MiB (63044 MiB free)
  memory of node 3: 64504 MiB (63659 MiB free)
  memory of node 4: 64461 MiB (60094 MiB free)
  memory of node 5: 64504 MiB (62637 MiB free)
  memory of node 6: 64504 MiB (61862 MiB free)
  memory of node 7: 64491 MiB (61468 MiB free)
  node distances:
     10  12  12  12  21  21  21  21
     12  10  12  12  21  21  21  21
     12  12  10  12  21  21  21  21
     12  12  12  10  21  21  21  21
     21  21  21  21  10  12  12  12
     21  21  21  21  12  10  12  12
     21  21  21  21  12  12  10  12
     21  21  21  21  12  12  12  10

command line: /usr/local/bin/runsolver --timestamp -w /output/runsolver-watch.log -v /output/runsolver-values.log -o /output/solver-output.log -C 1800.0 -W 1800.0 -R 64000 /opt/solver/run_bn4rust.py --mode cyber-complement-gfp-plus-immutable --instance /input/model_167.bnet 

running on 25 cores: 50,53-59,162,165-171,173-175,61-66

Enforcing CPUTime limit (soft limit, will send SIGTERM then SIGKILL): 1800 seconds
Enforcing CPUTime limit (hard limit, will send SIGXCPU): 1830 seconds
Enforcing wall clock limit (soft limit, will send SIGTERM then SIGKILL): 1800 seconds
Enforcing RSS+Swap limit (soft limit, will send SIGTERM then SIGKILL): 65536000 KiB
Linux 4.18.0-553.159.1.el8_10.x86_64
Current StackSize limit: 18014398509481983 KiB

solver pid=16, runsolver pid=13

[startup+0.100093 s]*
/proc/loadavg: 53.93 54.62 55.25 55/2939 17
/proc/meminfo: memFree=508971120/527542252 swapFree=33465852/33554428
[pid=16] ppid=13 vsize=15800 memory=10116 CPUtime=0.01 cores=50,53-59,61-66,162,165-171,173-178
/proc/16/stat : 16 (python3) R 13 16 0 0 -1 4194304 1380 0 84 0 1 0 0 0 20 0 1 0 53412987 16179200 2529 67087892480 4194304 7154137 140735857356192 0 0 0 0 16781312 2 0 0 0 17 166 0 0 6 0 0 9727432 11029816 27414528 140735857359678 140735857359789 140735857359789 140735857360871 0
/proc/16/statm: 3950 2529 1394 723 0 1674 0
Current children cumulated CPU time: 0.01 s
Current children cumulated vsize: 15800 KiB
Current children cumulated memory: 10116 KiB

[startup+0.200795 s]*
/proc/loadavg: 53.93 54.62 55.25 56/2940 18
/proc/meminfo: memFree=508914904/527542252 swapFree=33465852/33554428
[pid=16] ppid=13 vsize=17684 memory=12424 CPUtime=0.04 cores=50,53-59,61-66,162,165-171,173-178
/proc/16/stat : 16 (python3) S 13 16 0 0 -1 4194304 1895 0 96 0 3 1 0 0 20 0 1 0 53412987 18108416 3106 67087892480 4194304 7154137 140735857356192 0 0 0 0 16781312 2 1 0 0 17 166 0 0 8 0 0 9727432 11029816 27414528 140735857359678 140735857359789 140735857359789 140735857360871 0
/proc/16/statm: 4421 3106 1512 723 0 2063 0
[pid=18] ppid=16 vsize=8504 memory=5440 CPUtime=0.04 cores=50,53-59,61-66,162,165-171,173-178
/proc/18/stat : 18 (bn4rust) R 16 16 0 0 -1 4194304 600 0 17 0 4 0 0 0 20 0 1 0 53413001 8708096 1360 67087892480 94272446160896 94272448028017 140727598373200 0 0 0 0 4096 1088 0 0 0 17 167 0 0 1 0 0 94272448286080 94272448333016 94272452231168 140727598381825 140727598381974 140727598381974 140727598383073 0
/proc/18/statm: 2126 1360 1105 456 0 287 0
Current children cumulated CPU time: 0.08 s
Current children cumulated vsize: 26188 KiB
Current children cumulated memory: 17864 KiB

[startup+0.300606 s]*
/proc/loadavg: 53.93 54.62 55.25 55/2940 18
/proc/meminfo: memFree=508837368/527542252 swapFree=33465852/33554428
[pid=16] ppid=13 vsize=17684 memory=12424 CPUtime=0.04 cores=50,53-59,61-66,162,165-171,173-178
/proc/16/stat : 16 (python3) S 13 16 0 0 -1 4194304 1895 0 96 0 3 1 0 0 20 0 1 0 53412987 18108416 3106 67087892480 4194304 7154137 140735857356192 0 0 0 0 16781312 2 1 0 0 17 166 0 0 8 0 0 9727432 11029816 27414528 140735857359678 140735857359789 140735857359789 140735857360871 0
/proc/16/statm: 4421 3106 1512 723 0 2063 0
[pid=18] ppid=16 vsize=9356 memory=5996 CPUtime=0.13 cores=50,53-59,61-66,162,165-171,173-178
/proc/18/stat : 18 (bn4rust) R 16 16 0 0 -1 4194304 2512 0 17 0 13 0 0 0 20 0 1 0 53413001 9580544 1499 67087892480 94272446160896 94272448028017 140727598373200 0 0 0 0 4096 1088 0 0 0 17 167 0 0 1 0 0 94272448286080 94272448333016 94272452231168 140727598381825 140727598381974 140727598381974 140727598383073 0
/proc/18/statm: 2339 1499 1105 456 0 500 0
Current children cumulated CPU time: 0.17 s
Current children cumulated vsize: 27040 KiB
Current children cumulated memory: 18420 KiB

[startup+0.700282 s]
/proc/loadavg: 53.93 54.62 55.25 55/2940 18
/proc/meminfo: memFree=508665408/527542252 swapFree=33465852/33554428
[pid=16] ppid=13 vsize=17684 memory=12424 CPUtime=0.04 cores=50,53-59,61-66,162,165-171,173-178
/proc/16/stat : 16 (python3) S 13 16 0 0 -1 4194304 1895 0 96 0 3 1 0 0 20 0 1 0 53412987 18108416 3106 67087892480 4194304 7154137 140735857356192 0 0 0 0 16781312 2 1 0 0 17 166 0 0 8 0 0 9727432 11029816 27414528 140735857359678 140735857359789 140735857359789 140735857360871 0
/proc/16/statm: 4421 3106 1512 723 0 2063 0
[pid=18] ppid=16 vsize=11196 memory=7768 CPUtime=0.53 cores=50,53-59,61-66,162,165-171,173-178
/proc/18/stat : 18 (bn4rust) R 16 16 0 0 -1 4194304 9354 0 17 0 53 0 0 0 20 0 1 0 53413001 11464704 1942 67087892480 94272446160896 94272448028017 140727598373200 0 0 0 0 4096 1088 0 0 0 17 167 0 0 1 0 0 94272448286080 94272448333016 94272452231168 140727598381825 140727598381974 140727598381974 140727598383073 0
/proc/18/statm: 2799 1942 1105 456 0 960 0
Current children cumulated CPU time: 0.57 s
Current children cumulated vsize: 28880 KiB
Current children cumulated memory: 20192 KiB

[startup+1.50029 s]
/proc/loadavg: 53.93 54.62 55.25 55/2940 18
/proc/meminfo: memFree=508770188/527542252 swapFree=33465852/33554428
[pid=16] ppid=13 vsize=17684 memory=12424 CPUtime=0.04 cores=50,53-59,61-66,162,165-171,173-178
/proc/16/stat : 16 (python3) S 13 16 0 0 -1 4194304 1895 0 96 0 3 1 0 0 20 0 1 0 53412987 18108416 3106 67087892480 4194304 7154137 140735857356192 0 0 0 0 16781312 2 1 0 0 17 166 0 0 8 0 0 9727432 11029816 27414528 140735857359678 140735857359789 140735857359789 140735857360871 0
/proc/16/statm: 4421 3106 1512 723 0 2063 0
[pid=18] ppid=16 vsize=14844 memory=11076 CPUtime=1.33 cores=50,53-59,61-66,162,165-171,173-178
/proc/18/stat : 18 (bn4rust) R 16 16 0 0 -1 4194304 23661 0 17 0 130 3 0 0 20 0 1 0 53413001 15200256 2769 67087892480 94272446160896 94272448028017 140727598373200 0 0 0 0 4096 1088 0 0 0 17 167 0 0 1 0 0 94272448286080 94272448333016 94272452231168 140727598381825 140727598381974 140727598381974 140727598383073 0
/proc/18/statm: 3711 2769 1105 456 0 1872 0
Current children cumulated CPU time: 1.37 s
Current children cumulated vsize: 32528 KiB
Current children cumulated memory: 23500 KiB

[startup+3.10053 s]
/proc/loadavg: 53.94 54.61 55.25 55/2940 18
/proc/meminfo: memFree=508914704/527542252 swapFree=33465852/33554428
[pid=16] ppid=13 vsize=17684 memory=12424 CPUtime=0.04 cores=50,53-59,61-66,162,165-171,173-178
/proc/16/stat : 16 (python3) S 13 16 0 0 -1 4194304 1895 0 96 0 3 1 0 0 20 0 1 0 53412987 18108416 3106 67087892480 4194304 7154137 140735857356192 0 0 0 0 16781312 2 1 0 0 17 166 0 0 8 0 0 9727432 11029816 27414528 140735857359678 140735857359789 140735857359789 140735857360871 0
/proc/16/statm: 4421 3106 1512 723 0 2063 0
[pid=18] ppid=16 vsize=18104 memory=14012 CPUtime=2.92 cores=50,53-59,61-66,162,165-171,173-178
/proc/18/stat : 18 (bn4rust) R 16 16 0 0 -1 4194304 37377 0 17 0 287 5 0 0 20 0 1 0 53413001 18538496 3503 67087892480 94272446160896 94272448028017 140727598373200 0 0 0 0 4096 1088 0 0 0 17 167 0 0 1 0 0 94272448286080 94272448333016 94272452231168 140727598381825 140727598381974 140727598381974 140727598383073 0
/proc/18/statm: 4526 3503 1105 456 0 2687 0
Current children cumulated CPU time: 2.96 s
Current children cumulated vsize: 35788 KiB
Current children cumulated memory: 26436 KiB

[startup+6.3003 s]
/proc/loadavg: 53.94 54.61 55.25 55/2940 18
/proc/meminfo: memFree=508830364/527542252 swapFree=33465852/33554428
[pid=16] ppid=13 vsize=17684 memory=12424 CPUtime=0.04 cores=50,53-59,61-66,162,165-171,173-178
/proc/16/stat : 16 (python3) S 13 16 0 0 -1 4194304 1895 0 96 0 3 1 0 0 20 0 1 0 53412987 18108416 3106 67087892480 4194304 7154137 140735857356192 0 0 0 0 16781312 2 1 0 0 17 166 0 0 8 0 0 9727432 11029816 27414528 140735857359678 140735857359789 140735857359789 140735857360871 0
/proc/16/statm: 4421 3106 1512 723 0 2063 0
[pid=18] ppid=16 vsize=24760 memory=21340 CPUtime=6.11 cores=50,53-59,61-66,162,165-171,173-178
/proc/18/stat : 18 (bn4rust) R 16 16 0 0 -1 4194304 63603 0 17 0 602 9 0 0 20 0 1 0 53413001 25354240 5335 67087892480 94272446160896 94272448028017 140727598373200 0 0 0 0 4096 1088 0 0 0 17 167 0 0 1 0 0 94272448286080 94272448333016 94272452231168 140727598381825 140727598381974 140727598381974 140727598383073 0
/proc/18/statm: 6190 5335 1105 456 0 4351 0
Current children cumulated CPU time: 6.15 s
Current children cumulated vsize: 42444 KiB
Current children cumulated memory: 33764 KiB

[startup+12.7003 s]
/proc/loadavg: 53.95 54.59 55.23 55/2938 18
/proc/meminfo: memFree=508984648/527542252 swapFree=33465852/33554428
[pid=16] ppid=13 vsize=17684 memory=12424 CPUtime=0.04 cores=50,53-59,61-66,162,165-171,173-178
/proc/16/stat : 16 (python3) S 13 16 0 0 -1 4194304 1895 0 96 0 3 1 0 0 20 0 1 0 53412987 18108416 3106 67087892480 4194304 7154137 140735857356192 0 0 0 0 16781312 2 1 0 0 17 166 0 0 8 0 0 9727432 11029816 27414528 140735857359678 140735857359789 140735857359789 140735857360871 0
/proc/16/statm: 4421 3106 1512 723 0 2063 0
[pid=18] ppid=16 vsize=32424 memory=27720 CPUtime=12.48 cores=50,53-59,61-66,162,165-171,173-178
/proc/18/stat : 18 (bn4rust) R 16 16 0 0 -1 4194304 121621 0 17 0 1227 21 0 0 20 0 1 0 53413001 33202176 6930 67087892480 94272446160896 94272448028017 140727598373200 0 0 0 0 4096 1088 0 0 0 17 167 0 0 1 0 0 94272448286080 94272448333016 94272452231168 140727598381825 140727598381974 140727598381974 140727598383073 0
/proc/18/statm: 8106 6930 1105 456 0 6267 0
Current children cumulated CPU time: 12.52 s
Current children cumulated vsize: 50108 KiB
Current children cumulated memory: 40144 KiB

[startup+25.5003 s]
/proc/loadavg: 53.80 54.53 55.21 54/2920 18
/proc/meminfo: memFree=510438888/527542252 swapFree=33465852/33554428
[pid=16] ppid=13 vsize=17684 memory=12424 CPUtime=0.04 cores=50,53-59,61-66,162,165-171,173-178
/proc/16/stat : 16 (python3) S 13 16 0 0 -1 4194304 1895 0 96 0 3 1 0 0 20 0 1 0 53412987 18108416 3106 67087892480 4194304 7154137 140735857356192 0 0 0 0 16781312 2 1 0 0 17 166 0 0 8 0 0 9727432 11029816 27414528 140735857359678 140735857359789 140735857359789 140735857360871 0
/proc/16/statm: 4421 3106 1512 723 0 2063 0
[pid=18] ppid=16 vsize=38376 memory=35080 CPUtime=25.22 cores=50,53-59,61-66,162,165-171,173-178
/proc/18/stat : 18 (bn4rust) R 16 16 0 0 -1 4194304 155710 0 17 0 2494 28 0 0 20 0 1 0 53413001 39297024 8770 67087892480 94272446160896 94272448028017 140727598373200 0 0 0 0 4096 1088 0 0 0 17 167 0 0 1 0 0 94272448286080 94272448333016 94272452231168 140727598381825 140727598381974 140727598381974 140727598383073 0
/proc/18/statm: 9594 8770 1105 456 0 7755 0
Current children cumulated CPU time: 25.26 s
Current children cumulated vsize: 56060 KiB
Current children cumulated memory: 47504 KiB

[startup+51.1006 s]
/proc/loadavg: 53.15 54.33 55.12 52/2838 18
/proc/meminfo: memFree=512518632/527542252 swapFree=33465852/33554428
[pid=16] ppid=13 vsize=17684 memory=12424 CPUtime=0.04 cores=50,53-59,61-66,162,165-171,173-178
/proc/16/stat : 16 (python3) S 13 16 0 0 -1 4194304 1895 0 96 0 3 1 0 0 20 0 1 0 53412987 18108416 3106 67087892480 4194304 7154137 140735857356192 0 0 0 0 16781312 2 1 0 0 17 166 0 0 8 0 0 9727432 11029816 27414528 140735857359678 140735857359789 140735857359789 140735857360871 0
/proc/16/statm: 4421 3106 1512 723 0 2063 0
[pid=18] ppid=16 vsize=47080 memory=43844 CPUtime=50.71 cores=50,53-59,61-66,162,165-171,173-178
/proc/18/stat : 18 (bn4rust) R 16 16 0 0 -1 4194304 214592 0 17 0 5026 45 0 0 20 0 1 0 53413001 48209920 10961 67087892480 94272446160896 94272448028017 140727598373200 0 0 0 0 4096 1088 0 0 0 17 167 0 0 1 0 0 94272448286080 94272448333016 94272452231168 140727598381825 140727598381974 140727598381974 140727598383073 0
/proc/18/statm: 11770 10961 1105 456 0 9931 0
Current children cumulated CPU time: 50.75 s
Current children cumulated vsize: 64764 KiB
Current children cumulated memory: 56268 KiB

[startup+102.3 s]
/proc/loadavg: 51.86 53.77 54.88 52/2835 18
/proc/meminfo: memFree=512550052/527542252 swapFree=33465852/33554428
[pid=16] ppid=13 vsize=17684 memory=12424 CPUtime=0.04 cores=50,53-59,61-66,162,165-171,173-178
/proc/16/stat : 16 (python3) S 13 16 0 0 -1 4194304 1896 0 96 0 3 1 0 0 20 0 1 0 53412987 18108416 3106 67087892480 4194304 7154137 140735857356192 0 0 0 0 16781312 2 1 0 0 17 166 0 0 8 0 0 9727432 11029816 27414528 140735857359678 140735857359789 140735857359789 140735857360871 0
/proc/16/statm: 4421 3106 1512 723 0 2063 0
[pid=18] ppid=16 vsize=49640 memory=42836 CPUtime=101.69 cores=50,53-59,61-66,162,165-171,173-178
/proc/18/stat : 18 (bn4rust) R 16 16 0 0 -1 4194304 356938 0 17 0 10085 84 0 0 20 0 1 0 53413001 50831360 10709 67087892480 94272446160896 94272448028017 140727598373200 0 0 0 0 4096 1088 0 0 0 17 167 0 0 1 0 0 94272448286080 94272448333016 94272452231168 140727598381825 140727598381974 140727598381974 140727598383073 0
/proc/18/statm: 12410 10709 1105 456 0 10571 0
Current children cumulated CPU time: 101.73 s
Current children cumulated vsize: 67324 KiB
Current children cumulated memory: 55260 KiB

[startup+162.287 s]
# the end of solver process 16 was just reported to runsolver
# cumulated CPU time of all completed processes:  user=160.456 s, system=1.03062 s

Solver just ended.
??? end of watcher thread
Dumping a history of the last processes samples

[startup+102.4 s]
/proc/loadavg: 51.86 53.77 54.88 52/2835 18
/proc/meminfo: memFree=512550052/527542252 swapFree=33465852/33554428
[pid=16] ppid=13 vsize=17684 memory=12424 CPUtime=0.04 cores=50,53-59,61-66,162,165-171,173-178
/proc/16/stat : 16 (python3) S 13 16 0 0 -1 4194304 1896 0 96 0 3 1 0 0 20 0 1 0 53412987 18108416 3106 67087892480 4194304 7154137 140735857356192 0 0 0 0 16781312 2 1 0 0 17 166 0 0 8 0 0 9727432 11029816 27414528 140735857359678 140735857359789 140735857359789 140735857360871 0
/proc/16/statm: 4421 3106 1512 723 0 2063 0
[pid=18] ppid=16 vsize=31720 memory=28680 CPUtime=101.79 cores=50,53-59,61-66,162,165-171,173-178
/proc/18/stat : 18 (bn4rust) R 16 16 0 0 -1 4194304 357793 0 17 0 10095 84 0 0 20 0 1 0 53413001 32481280 7170 67087892480 94272446160896 94272448028017 140727598373200 0 0 0 0 4096 1088 0 0 0 17 167 0 0 1 0 0 94272448286080 94272448333016 94272452231168 140727598381825 140727598381974 140727598381974 140727598383073 0
/proc/18/statm: 7930 7170 1105 456 0 6091 0
Current children cumulated CPU time: 101.83 s
Current children cumulated vsize: 49404 KiB
Current children cumulated memory: 41104 KiB

[startup+128 s]*
/proc/loadavg: 51.56 53.54 54.78 52/2835 18
/proc/meminfo: memFree=512539244/527542252 swapFree=33465852/33554428
[pid=16] ppid=13 vsize=17684 memory=12424 CPUtime=0.04 cores=50,53-59,61-66,162,165-171,173-178
/proc/16/stat : 16 (python3) S 13 16 0 0 -1 4194304 1896 0 96 0 3 1 0 0 20 0 1 0 53412987 18108416 3106 67087892480 4194304 7154137 140735857356192 0 0 0 0 16781312 2 1 0 0 17 166 0 0 8 0 0 9727432 11029816 27414528 140735857359678 140735857359789 140735857359789 140735857360871 0
/proc/16/statm: 4421 3106 1512 723 0 2063 0
[pid=18] ppid=16 vsize=54760 memory=51560 CPUtime=127.28 cores=50,53-59,61-66,162,165-171,173-178
/proc/18/stat : 18 (bn4rust) R 16 16 0 0 -1 4194304 415737 0 17 0 12627 101 0 0 20 0 1 0 53413001 56074240 12890 67087892480 94272446160896 94272448028017 140727598373200 0 0 0 0 4096 1088 0 0 0 17 167 0 0 1 0 0 94272448286080 94272448333016 94272452231168 140727598381825 140727598381974 140727598381974 140727598383073 0
/proc/18/statm: 13690 12890 1105 456 0 11851 0
Current children cumulated CPU time: 127.32 s
Current children cumulated vsize: 72444 KiB
Current children cumulated memory: 63984 KiB

[startup+140.8 s]
/proc/loadavg: 51.47 53.46 54.74 52/2835 18
/proc/meminfo: memFree=512963896/527542252 swapFree=33465852/33554428
[pid=16] ppid=13 vsize=17684 memory=12424 CPUtime=0.04 cores=50,53-59,61-66,162,165-171,173-178
/proc/16/stat : 16 (python3) S 13 16 0 0 -1 4194304 1896 0 96 0 3 1 0 0 20 0 1 0 53412987 18108416 3106 67087892480 4194304 7154137 140735857356192 0 0 0 0 16781312 2 1 0 0 17 166 0 0 8 0 0 9727432 11029816 27414528 140735857359678 140735857359789 140735857359789 140735857360871 0
/proc/16/statm: 4421 3106 1512 723 0 2063 0
[pid=18] ppid=16 vsize=51688 memory=48264 CPUtime=140.03 cores=50,53-59,61-66,162,165-171,173-178
/proc/18/stat : 18 (bn4rust) R 16 16 0 0 -1 4194304 418017 0 17 0 13902 101 0 0 20 0 1 0 53413001 52928512 12066 67087892480 94272446160896 94272448028017 140727598373200 0 0 0 0 4096 1088 0 0 0 17 167 0 0 1 0 0 94272448286080 94272448333016 94272452231168 140727598381825 140727598381974 140727598381974 140727598383073 0
/proc/18/statm: 12922 12066 1105 456 0 11083 0
Current children cumulated CPU time: 140.07 s
Current children cumulated vsize: 69372 KiB
Current children cumulated memory: 60688 KiB

[startup+153.6 s]
/proc/loadavg: 51.37 53.34 54.68 52/2835 18
/proc/meminfo: memFree=512966644/527542252 swapFree=33465852/33554428
[pid=16] ppid=13 vsize=17684 memory=12424 CPUtime=0.04 cores=50,53-59,61-66,162,165-171,173-178
/proc/16/stat : 16 (python3) S 13 16 0 0 -1 4194304 1897 0 96 0 3 1 0 0 20 0 1 0 53412987 18108416 3106 67087892480 4194304 7154137 140735857356192 0 0 0 0 16781312 2 1 0 0 17 166 0 0 8 0 0 9727432 11029816 27414528 140735857359678 140735857359789 140735857359789 140735857360871 0
/proc/16/statm: 4421 3106 1512 723 0 2063 0
[pid=18] ppid=16 vsize=51688 memory=48264 CPUtime=152.78 cores=50,53-59,61-66,162,165-171,173-178
/proc/18/stat : 18 (bn4rust) R 16 16 0 0 -1 4194304 418017 0 17 0 15177 101 0 0 20 0 1 0 53413001 52928512 12066 67087892480 94272446160896 94272448028017 140727598373200 0 0 0 0 4096 1088 0 0 0 17 167 0 0 1 0 0 94272448286080 94272448333016 94272452231168 140727598381825 140727598381974 140727598381974 140727598383073 0
/proc/18/statm: 12922 12066 1105 456 0 11083 0
Current children cumulated CPU time: 152.82 s
Current children cumulated vsize: 69372 KiB
Current children cumulated memory: 60688 KiB

[startup+156.8 s]
/proc/loadavg: 51.37 53.34 54.68 52/2835 18
/proc/meminfo: memFree=512967336/527542252 swapFree=33465852/33554428
[pid=16] ppid=13 vsize=17684 memory=12424 CPUtime=0.04 cores=50,53-59,61-66,162,165-171,173-178
/proc/16/stat : 16 (python3) S 13 16 0 0 -1 4194304 1897 0 96 0 3 1 0 0 20 0 1 0 53412987 18108416 3106 67087892480 4194304 7154137 140735857356192 0 0 0 0 16781312 2 1 0 0 17 166 0 0 8 0 0 9727432 11029816 27414528 140735857359678 140735857359789 140735857359789 140735857360871 0
/proc/16/statm: 4421 3106 1512 723 0 2063 0
[pid=18] ppid=16 vsize=51688 memory=48264 CPUtime=155.96 cores=50,53-59,61-66,162,165-171,173-178
/proc/18/stat : 18 (bn4rust) R 16 16 0 0 -1 4194304 418017 0 17 0 15495 101 0 0 20 0 1 0 53413001 52928512 12066 67087892480 94272446160896 94272448028017 140727598373200 0 0 0 0 4096 1088 0 0 0 17 167 0 0 1 0 0 94272448286080 94272448333016 94272452231168 140727598381825 140727598381974 140727598381974 140727598383073 0
/proc/18/statm: 12922 12066 1105 456 0 11083 0
Current children cumulated CPU time: 156 s
Current children cumulated vsize: 69372 KiB
Current children cumulated memory: 60688 KiB

[startup+160 s]*
/proc/loadavg: 51.34 53.30 54.66 52/2837 18
/proc/meminfo: memFree=512967560/527542252 swapFree=33465852/33554428
[pid=16] ppid=13 vsize=17684 memory=12424 CPUtime=0.04 cores=50,53-59,61-66,162,165-171,173-178
/proc/16/stat : 16 (python3) S 13 16 0 0 -1 4194304 1897 0 96 0 3 1 0 0 20 0 1 0 53412987 18108416 3106 67087892480 4194304 7154137 140735857356192 0 0 0 0 16781312 2 1 0 0 17 166 0 0 8 0 0 9727432 11029816 27414528 140735857359678 140735857359789 140735857359789 140735857360871 0
/proc/16/statm: 4421 3106 1512 723 0 2063 0
[pid=18] ppid=16 vsize=51688 memory=48264 CPUtime=159.15 cores=50,53-59,61-66,162,165-171,173-178
/proc/18/stat : 18 (bn4rust) R 16 16 0 0 -1 4194304 418018 0 17 0 15814 101 0 0 20 0 1 0 53413001 52928512 12066 67087892480 94272446160896 94272448028017 140727598373200 0 0 0 0 4096 1088 0 0 0 17 167 0 0 1 0 0 94272448286080 94272448333016 94272452231168 140727598381825 140727598381974 140727598381974 140727598383073 0
/proc/18/statm: 12922 12066 1105 456 0 11083 0
Current children cumulated CPU time: 159.19 s
Current children cumulated vsize: 69372 KiB
Current children cumulated memory: 60688 KiB

[startup+161.6 s]
/proc/loadavg: 51.34 53.30 54.66 52/2837 18
/proc/meminfo: memFree=512967560/527542252 swapFree=33465852/33554428
[pid=16] ppid=13 vsize=17684 memory=12424 CPUtime=0.04 cores=50,53-59,61-66,162,165-171,173-178
/proc/16/stat : 16 (python3) S 13 16 0 0 -1 4194304 1897 0 96 0 3 1 0 0 20 0 1 0 53412987 18108416 3106 67087892480 4194304 7154137 140735857356192 0 0 0 0 16781312 2 1 0 0 17 166 0 0 8 0 0 9727432 11029816 27414528 140735857359678 140735857359789 140735857359789 140735857360871 0
/proc/16/statm: 4421 3106 1512 723 0 2063 0
[pid=18] ppid=16 vsize=51688 memory=48264 CPUtime=160.74 cores=50,53-59,61-66,162,165-171,173-178
/proc/18/stat : 18 (bn4rust) R 16 16 0 0 -1 4194304 418018 0 17 0 15973 101 0 0 20 0 1 0 53413001 52928512 12066 67087892480 94272446160896 94272448028017 140727598373200 0 0 0 0 4096 1088 0 0 0 17 167 0 0 1 0 0 94272448286080 94272448333016 94272452231168 140727598381825 140727598381974 140727598381974 140727598383073 0
/proc/18/statm: 12922 12066 1105 456 0 11083 0
Current children cumulated CPU time: 160.78 s
Current children cumulated vsize: 69372 KiB
Current children cumulated memory: 60688 KiB

[startup+162 s]*
/proc/loadavg: 51.31 53.26 54.64 52/2836 18
/proc/meminfo: memFree=512968352/527542252 swapFree=33465852/33554428
[pid=16] ppid=13 vsize=17684 memory=12424 CPUtime=0.04 cores=50,53-59,61-66,162,165-171,173-178
/proc/16/stat : 16 (python3) S 13 16 0 0 -1 4194304 1897 0 96 0 3 1 0 0 20 0 1 0 53412987 18108416 3106 67087892480 4194304 7154137 140735857356192 0 0 0 0 16781312 2 1 0 0 17 166 0 0 8 0 0 9727432 11029816 27414528 140735857359678 140735857359789 140735857359789 140735857360871 0
/proc/16/statm: 4421 3106 1512 723 0 2063 0
[pid=18] ppid=16 vsize=51688 memory=48264 CPUtime=161.14 cores=50,53-59,61-66,162,165-171,173-178
/proc/18/stat : 18 (bn4rust) R 16 16 0 0 -1 4194304 418018 0 17 0 16013 101 0 0 20 0 1 0 53413001 52928512 12066 67087892480 94272446160896 94272448028017 140727598373200 0 0 0 0 4096 1088 0 0 0 17 167 0 0 1 0 0 94272448286080 94272448333016 94272452231168 140727598381825 140727598381974 140727598381974 140727598383073 0
/proc/18/statm: 12922 12066 1105 456 0 11083 0
Current children cumulated CPU time: 161.18 s
Current children cumulated vsize: 69372 KiB
Current children cumulated memory: 60688 KiB

[startup+162.2 s]
/proc/loadavg: 51.31 53.26 54.64 52/2836 18
/proc/meminfo: memFree=512968352/527542252 swapFree=33465852/33554428
[pid=16] ppid=13 vsize=17684 memory=12424 CPUtime=0.04 cores=50,53-59,61-66,162,165-171,173-178
/proc/16/stat : 16 (python3) S 13 16 0 0 -1 4194304 1897 0 96 0 3 1 0 0 20 0 1 0 53412987 18108416 3106 67087892480 4194304 7154137 140735857356192 0 0 0 0 16781312 2 1 0 0 17 166 0 0 8 0 0 9727432 11029816 27414528 140735857359678 140735857359789 140735857359789 140735857360871 0
/proc/16/statm: 4421 3106 1512 723 0 2063 0
[pid=18] ppid=16 vsize=51688 memory=48264 CPUtime=161.34 cores=50,53-59,61-66,162,165-171,173-178
/proc/18/stat : 18 (bn4rust) R 16 16 0 0 -1 4194304 418018 0 17 0 16033 101 0 0 20 0 1 0 53413001 52928512 12066 67087892480 94272446160896 94272448028017 140727598373200 0 0 0 0 4096 1088 0 0 0 17 167 0 0 1 0 0 94272448286080 94272448333016 94272452231168 140727598381825 140727598381974 140727598381974 140727598383073 0
/proc/18/statm: 12922 12066 1105 456 0 11083 0
Current children cumulated CPU time: 161.38 s
Current children cumulated vsize: 69372 KiB
Current children cumulated memory: 60688 KiB

Child status: 0
Real time (s): 162.288
CPU time (s): 161.487
CPU user time (s): 160.456
CPU system time (s): 1.03062
CPU usage (%): 99.5066
Max. virtual memory (cumulated for all children) (KiB): 86536
Max. memory (cumulated for all children) (KiB): 77920

getrusage(RUSAGE_CHILDREN,...) data:
user time used= 160.456
system time used= 1.03062
maximum resident set size= 65496
integral shared memory size= 0
integral unshared data size= 0
integral unshared stack size= 0
page reclaims= 419940
page faults= 115
swaps= 0
block input operations= 19816
block output operations= 0
messages sent= 0
messages received= 0
signals received= 0
voluntary context switches= 1081
involuntary context switches= 208


# summary of solver processes directly reported to runsolver:
#   pid: 16
#   total CPU time (s): 161.487
#   total CPU user time (s): 160.456
#   total CPU system time (s): 1.03062

??? join timestamper begins
??? join timestamper ends
??? end of timestamper thread
runsolver used 0.10332 second user time and 0.276108 second system time

The end
