runsolver version 3.4.1 (svn: 3018) Copyright (C) 2010-2013 Olivier ROUSSEL

This program is distributed in the hope that it will be useful,
but WITHOUT ANY WARRANTY; without even the implied warranty of
MERCHANTABILITY or FITNESS FOR A PARTICULAR PURPOSE.  See the
GNU General Public License for more details.

NUMA information:
  number of nodes: 8
  memory of node 0: 63700 MiB (61789 MiB free)
  memory of node 1: 64461 MiB (61142 MiB free)
  memory of node 2: 64504 MiB (63936 MiB free)
  memory of node 3: 64504 MiB (63917 MiB free)
  memory of node 4: 64504 MiB (63361 MiB free)
  memory of node 5: 64504 MiB (63363 MiB free)
  memory of node 6: 64504 MiB (63735 MiB free)
  memory of node 7: 64491 MiB (63700 MiB free)
  node distances:
     10  12  12  12  21  21  21  21
     12  10  12  12  21  21  21  21
     12  12  10  12  21  21  21  21
     12  12  12  10  21  21  21  21
     21  21  21  21  10  12  12  12
     21  21  21  21  12  10  12  12
     21  21  21  21  12  12  10  12
     21  21  21  21  12  12  12  10

command line: /usr/local/bin/runsolver --timestamp -w /output/runsolver-watch.log -v /output/runsolver-values.log -o /output/solver-output.log -C 1800.0 -W 1800.0 -R 64000 /opt/solver/run_bn4rust.py --mode cyber-full --instance /input/model_157.bnet 

running on 20 cores: 72-83,188-195

Enforcing CPUTime limit (soft limit, will send SIGTERM then SIGKILL): 1800 seconds
Enforcing CPUTime limit (hard limit, will send SIGXCPU): 1830 seconds
Enforcing wall clock limit (soft limit, will send SIGTERM then SIGKILL): 1800 seconds
Enforcing RSS+Swap limit (soft limit, will send SIGTERM then SIGKILL): 65536000 KiB
Linux 4.18.0-553.159.1.el8_10.x86_64
Current StackSize limit: 18014398509481983 KiB

solver pid=16, runsolver pid=13

[startup+0.100075 s]*
/proc/loadavg: 3.58 13.43 18.68 11/2862 17
/proc/meminfo: memFree=516959860/527542212 swapFree=33539068/33554428
[pid=16] ppid=13 vsize=15800 memory=10120 CPUtime=0.02 cores=70-83,182-195
/proc/16/stat : 16 (python3) R 13 16 0 0 -1 4194304 1381 0 84 0 2 0 0 0 20 0 1 0 53230643 16179200 2530 67087892480 4194304 7154137 140728194511328 0 0 0 0 16781312 2 0 0 0 17 194 0 0 6 0 0 9727432 11029816 42737664 140728194513751 140728194513837 140728194513837 140728194514919 0
/proc/16/statm: 3950 2530 1396 723 0 1674 0
Current children cumulated CPU time: 0.02 s
Current children cumulated vsize: 15800 KiB
Current children cumulated memory: 10120 KiB

[startup+0.20057 s]*
/proc/loadavg: 3.58 13.43 18.68 6/2868 18
/proc/meminfo: memFree=516905564/527542212 swapFree=33539068/33554428
[pid=16] ppid=13 vsize=17684 memory=12416 CPUtime=0.04 cores=70-83,182-195
/proc/16/stat : 16 (python3) S 13 16 0 0 -1 4194304 1894 0 96 0 3 1 0 0 20 0 1 0 53230643 18108416 3104 67087892480 4194304 7154137 140728194511328 0 0 0 0 16781312 2 1 0 0 17 194 0 0 8 0 0 9727432 11029816 42737664 140728194513751 140728194513837 140728194513837 140728194514919 0
/proc/16/statm: 4421 3104 1511 723 0 2063 0
[pid=18] ppid=16 vsize=8264 memory=5120 CPUtime=0.02 cores=70-83,182-195
/proc/18/stat : 18 (bn4rust) R 16 16 0 0 -1 4194304 274 0 18 0 2 0 0 0 20 0 1 0 53230657 8462336 1280 67087892480 93955856060416 93955857927537 140727459590080 0 0 0 0 4096 1088 0 0 0 17 190 0 0 1 0 0 93955858185600 93955858232536 93955863134208 140727459592986 140727459593110 140727459593110 140727459594209 0
/proc/18/statm: 2066 1280 1083 456 0 227 0
Current children cumulated CPU time: 0.06 s
Current children cumulated vsize: 25948 KiB
Current children cumulated memory: 17536 KiB

[startup+0.300481 s]*
/proc/loadavg: 3.58 13.43 18.68 7/2864 18
/proc/meminfo: memFree=516922884/527542212 swapFree=33539068/33554428
[pid=16] ppid=13 vsize=17684 memory=12416 CPUtime=0.04 cores=70-83,182-195
/proc/16/stat : 16 (python3) S 13 16 0 0 -1 4194304 1894 0 96 0 3 1 0 0 20 0 1 0 53230643 18108416 3104 67087892480 4194304 7154137 140728194511328 0 0 0 0 16781312 2 1 0 0 17 194 0 0 8 0 0 9727432 11029816 42737664 140728194513751 140728194513837 140728194513837 140728194514919 0
/proc/16/statm: 4421 3104 1511 723 0 2063 0
[pid=18] ppid=16 vsize=8684 memory=5540 CPUtime=0.12 cores=70-83,182-195
/proc/18/stat : 18 (bn4rust) R 16 16 0 0 -1 4194304 1674 0 18 0 12 0 0 0 20 0 1 0 53230657 8892416 1385 67087892480 93955856060416 93955857927537 140727459590080 0 0 0 0 4096 1088 0 0 0 17 190 0 0 1 0 0 93955858185600 93955858232536 93955863134208 140727459592986 140727459593110 140727459593110 140727459594209 0
/proc/18/statm: 2171 1385 1083 456 0 332 0
Current children cumulated CPU time: 0.16 s
Current children cumulated vsize: 26368 KiB
Current children cumulated memory: 17956 KiB

[startup+0.700221 s]
/proc/loadavg: 3.58 13.43 18.68 10/2785 18
/proc/meminfo: memFree=517076972/527542212 swapFree=33539068/33554428
[pid=16] ppid=13 vsize=17684 memory=12416 CPUtime=0.04 cores=70-83,182-195
/proc/16/stat : 16 (python3) S 13 16 0 0 -1 4194304 1894 0 96 0 3 1 0 0 20 0 1 0 53230643 18108416 3104 67087892480 4194304 7154137 140728194511328 0 0 0 0 16781312 2 1 0 0 17 194 0 0 8 0 0 9727432 11029816 42737664 140728194513751 140728194513837 140728194513837 140728194514919 0
/proc/16/statm: 4421 3104 1511 723 0 2063 0
[pid=18] ppid=16 vsize=9088 memory=5604 CPUtime=0.52 cores=70-83,182-195
/proc/18/stat : 18 (bn4rust) R 16 16 0 0 -1 4194304 7314 0 18 0 51 1 0 0 20 0 1 0 53230657 9306112 1401 67087892480 93955856060416 93955857927537 140727459590080 0 0 0 0 4096 1088 0 0 0 17 190 0 0 1 0 0 93955858185600 93955858232536 93955863134208 140727459592986 140727459593110 140727459593110 140727459594209 0
/proc/18/statm: 2272 1401 1083 456 0 433 0
Current children cumulated CPU time: 0.56 s
Current children cumulated vsize: 26772 KiB
Current children cumulated memory: 18020 KiB

[startup+0.842691 s]
# the end of solver process 16 was just reported to runsolver
# cumulated CPU time of all completed processes:  user=0.686938 s, system=0.027195 s

Solver just ended.
??? end of watcher thread
Dumping a history of the last processes samples

[startup+0.800265 s]
/proc/loadavg: 3.58 13.43 18.68 10/2785 18
/proc/meminfo: memFree=517076972/527542212 swapFree=33539068/33554428
[pid=16] ppid=13 vsize=17684 memory=12416 CPUtime=0.04 cores=70-83,182-195
/proc/16/stat : 16 (python3) S 13 16 0 0 -1 4194304 1894 0 96 0 3 1 0 0 20 0 1 0 53230643 18108416 3104 67087892480 4194304 7154137 140728194511328 0 0 0 0 16781312 2 1 0 0 17 194 0 0 8 0 0 9727432 11029816 42737664 140728194513751 140728194513837 140728194513837 140728194514919 0
/proc/16/statm: 4421 3104 1511 723 0 2063 0
[pid=18] ppid=16 vsize=9088 memory=5604 CPUtime=0.62 cores=70-83,182-195
/proc/18/stat : 18 (bn4rust) R 16 16 0 0 -1 4194304 7314 0 18 0 61 1 0 0 20 0 1 0 53230657 9306112 1401 67087892480 93955856060416 93955857927537 140727459590080 0 0 0 0 4096 1088 0 0 0 17 190 0 0 1 0 0 93955858185600 93955858232536 93955863134208 140727459592986 140727459593110 140727459593110 140727459594209 0
/proc/18/statm: 2272 1401 1083 456 0 433 0
Current children cumulated CPU time: 0.66 s
Current children cumulated vsize: 26772 KiB
Current children cumulated memory: 18020 KiB

Child status: 0
Real time (s): 0.842713
CPU time (s): 0.714133
CPU user time (s): 0.686938
CPU system time (s): 0.027195
CPU usage (%): 84.7421
Max. virtual memory (cumulated for all children) (KiB): 27252
Max. memory (cumulated for all children) (KiB): 18648

getrusage(RUSAGE_CHILDREN,...) data:
user time used= 0.686938
system time used= 0.027195
maximum resident set size= 12632
integral shared memory size= 0
integral unshared data size= 0
integral unshared stack size= 0
page reclaims= 9229
page faults= 116
swaps= 0
block input operations= 20008
block output operations= 0
messages sent= 0
messages received= 0
signals received= 0
voluntary context switches= 1009
involuntary context switches= 6


# summary of solver processes directly reported to runsolver:
#   pid: 16
#   total CPU time (s): 0.714133
#   total CPU user time (s): 0.686938
#   total CPU system time (s): 0.027195

??? join timestamper begins
??? join timestamper ends
??? end of timestamper thread
runsolver used 0.0025 second user time and 0.005713 second system time

The end
