# WCTIME: wall clock time in seconds
WCTIME=3.49755
# CPUTIME: CPU time in seconds (USERTIME+SYSTEMTIME)
CPUTIME=2.58552
# USERTIME: CPU time spent in user mode in seconds
USERTIME=2.44552
# SYSTEMTIME: CPU time spent in system mode in seconds
SYSTEMTIME=0.14
# CPUUSAGE: CPUTIME/WCTIME in percent
CPUUSAGE=73.9238
# MAXVM: maximum virtual memory used in KiB
MAXVM=285568
# MAXMM: maximum memory used in KiB
MAXMM=96476
# MAXRSS: maximum Resident Segment Size in KiB
MAXRSS=71420
# TIMEOUT: did the solver exceed the time limit?
TIMEOUT=false
# MEMOUT: did the solver exceed the memory limit?
MEMOUT=false
# EXITSTATUS: Exit status of the solver
EXITSTATUS=0
