runsolver version 3.4.1 (svn: 3018) Copyright (C) 2010-2013 Olivier ROUSSEL

This program is distributed in the hope that it will be useful,
but WITHOUT ANY WARRANTY; without even the implied warranty of
MERCHANTABILITY or FITNESS FOR A PARTICULAR PURPOSE.  See the
GNU General Public License for more details.

NUMA information:
  number of nodes: 8
  memory of node 0: 63700 MiB (61901 MiB free)
  memory of node 1: 64504 MiB (62903 MiB free)
  memory of node 2: 64504 MiB (63991 MiB free)
  memory of node 3: 64504 MiB (63528 MiB free)
  memory of node 4: 64504 MiB (63035 MiB free)
  memory of node 5: 64504 MiB (63778 MiB free)
  memory of node 6: 64461 MiB (63815 MiB free)
  memory of node 7: 64491 MiB (63794 MiB free)
  node distances:
     10  12  12  12  21  21  21  21
     12  10  12  12  21  21  21  21
     12  12  10  12  21  21  21  21
     12  12  12  10  21  21  21  21
     21  21  21  21  10  12  12  12
     21  21  21  21  12  10  12  12
     21  21  21  21  12  12  10  12
     21  21  21  21  12  12  12  10

command line: /usr/local/bin/runsolver --timestamp -w /output/runsolver-watch.log -v /output/runsolver-values.log -o /output/solver-output.log -C 1800.0 -W 1800.0 -R 64000 /opt/solver/run_bn4rust.py --mode cyber-forward-baseline --instance /input/model_217.bnet 

running on 28 cores: 42-55,154-167

Enforcing CPUTime limit (soft limit, will send SIGTERM then SIGKILL): 1800 seconds
Enforcing CPUTime limit (hard limit, will send SIGXCPU): 1830 seconds
Enforcing wall clock limit (soft limit, will send SIGTERM then SIGKILL): 1800 seconds
Enforcing RSS+Swap limit (soft limit, will send SIGTERM then SIGKILL): 65536000 KiB
Linux 4.18.0-553.159.1.el8_10.x86_64
solver pid=16, runsolver pid=13
Current StackSize limit: 18014398509481983 KiB


[startup+0.100069 s]*
/proc/loadavg: 0.69 0.17 0.08 9/2868 17
/proc/meminfo: memFree=518804748/527542256 swapFree=33529852/33554428
[pid=16] ppid=13 vsize=15800 memory=10140 CPUtime=0.02 cores=42-55,154-167
/proc/16/stat : 16 (python3) D 13 16 0 0 -1 4194304 1383 0 84 0 2 0 0 0 20 0 1 0 53232083 16179200 2535 67087892480 4194304 7154137 140722120261472 0 0 0 0 16781312 2 0 0 0 17 51 0 0 6 0 0 9727432 11029816 13025280 140722120264523 140722120264621 140722120264621 140722120265703 0
/proc/16/statm: 3950 2535 1402 723 0 1674 0
Current children cumulated CPU time: 0.02 s
Current children cumulated vsize: 15800 KiB
Current children cumulated memory: 10140 KiB

[startup+0.20054 s]*
/proc/loadavg: 0.69 0.17 0.08 8/2888 18
/proc/meminfo: memFree=518741220/527542256 swapFree=33529852/33554428
[pid=16] ppid=13 vsize=17684 memory=12520 CPUtime=0.04 cores=42-55,154-167
/proc/16/stat : 16 (python3) S 13 16 0 0 -1 4194304 1886 0 96 0 3 1 0 0 20 0 1 0 53232083 18108416 3130 67087892480 4194304 7154137 140722120261472 0 0 0 0 16781312 2 1 0 0 17 51 0 0 8 0 0 9727432 11029816 13025280 140722120264523 140722120264621 140722120264621 140722120265703 0
/proc/16/statm: 4421 3130 1521 723 0 2063 0
[pid=18] ppid=16 vsize=8004 memory=4900 CPUtime=0.04 cores=42-55,154-167
/proc/18/stat : 18 (bn4rust) R 16 16 0 0 -1 4194304 833 0 18 0 4 0 0 0 20 0 1 0 53232096 8196096 1225 67087892480 93926438268928 93926440136049 140737328900096 0 0 0 0 4096 1088 0 0 0 17 54 0 0 1 0 0 93926440394112 93926440441048 93926445715456 140737328904974 140737328905110 140737328905110 140737328906209 0
/proc/18/statm: 2001 1225 1091 456 0 162 0
Current children cumulated CPU time: 0.08 s
Current children cumulated vsize: 25688 KiB
Current children cumulated memory: 17420 KiB

[startup+0.300541 s]*
/proc/loadavg: 0.69 0.17 0.08 8/2885 18
/proc/meminfo: memFree=518737412/527542256 swapFree=33529852/33554428
[pid=16] ppid=13 vsize=17684 memory=12520 CPUtime=0.04 cores=42-55,154-167
/proc/16/stat : 16 (python3) S 13 16 0 0 -1 4194304 1886 0 96 0 3 1 0 0 20 0 1 0 53232083 18108416 3130 67087892480 4194304 7154137 140722120261472 0 0 0 0 16781312 2 1 0 0 17 51 0 0 8 0 0 9727432 11029816 13025280 140722120264523 140722120264621 140722120264621 140722120265703 0
/proc/16/statm: 4421 3130 1521 723 0 2063 0
[pid=18] ppid=16 vsize=9156 memory=5764 CPUtime=0.13 cores=42-55,154-167
/proc/18/stat : 18 (bn4rust) R 16 16 0 0 -1 4194304 1815 0 18 0 13 0 0 0 20 0 1 0 53232096 9375744 1441 67087892480 93926438268928 93926440136049 140737328900096 0 0 0 0 4096 1088 0 0 0 17 54 0 0 1 0 0 93926440394112 93926440441048 93926445715456 140737328904974 140737328905110 140737328905110 140737328906209 0
/proc/18/statm: 2289 1441 1091 456 0 450 0
Current children cumulated CPU time: 0.17 s
Current children cumulated vsize: 26840 KiB
Current children cumulated memory: 18284 KiB

[startup+0.700221 s]
/proc/loadavg: 0.69 0.17 0.08 10/2866 18
/proc/meminfo: memFree=518735408/527542256 swapFree=33529852/33554428
[pid=16] ppid=13 vsize=17684 memory=12520 CPUtime=0.04 cores=42-55,154-167
/proc/16/stat : 16 (python3) S 13 16 0 0 -1 4194304 1886 0 96 0 3 1 0 0 20 0 1 0 53232083 18108416 3130 67087892480 4194304 7154137 140722120261472 0 0 0 0 16781312 2 1 0 0 17 51 0 0 8 0 0 9727432 11029816 13025280 140722120264523 140722120264621 140722120264621 140722120265703 0
/proc/16/statm: 4421 3130 1521 723 0 2063 0
[pid=18] ppid=16 vsize=8996 memory=5872 CPUtime=0.53 cores=42-55,154-167
/proc/18/stat : 18 (bn4rust) R 16 16 0 0 -1 4194304 4801 0 18 0 53 0 0 0 20 0 1 0 53232096 9211904 1468 67087892480 93926438268928 93926440136049 140737328900096 0 0 0 0 4096 1088 0 0 0 17 54 0 0 1 0 0 93926440394112 93926440441048 93926445715456 140737328904974 140737328905110 140737328905110 140737328906209 0
/proc/18/statm: 2249 1468 1091 456 0 410 0
Current children cumulated CPU time: 0.57 s
Current children cumulated vsize: 26680 KiB
Current children cumulated memory: 18392 KiB

[startup+1.50023 s]
/proc/loadavg: 1.28 0.31 0.13 9/2872 18
/proc/meminfo: memFree=518742508/527542256 swapFree=33529852/33554428
[pid=16] ppid=13 vsize=17684 memory=12520 CPUtime=0.04 cores=42-55,154-167
/proc/16/stat : 16 (python3) S 13 16 0 0 -1 4194304 1886 0 96 0 3 1 0 0 20 0 1 0 53232083 18108416 3130 67087892480 4194304 7154137 140722120261472 0 0 0 0 16781312 2 1 0 0 17 51 0 0 8 0 0 9727432 11029816 13025280 140722120264523 140722120264621 140722120264621 140722120265703 0
/proc/16/statm: 4421 3130 1521 723 0 2063 0
[pid=18] ppid=16 vsize=11284 memory=7676 CPUtime=1.32 cores=42-55,154-167
/proc/18/stat : 18 (bn4rust) R 16 16 0 0 -1 4194304 14852 0 18 0 131 1 0 0 20 0 1 0 53232096 11554816 1919 67087892480 93926438268928 93926440136049 140737328900096 0 0 0 0 4096 1088 0 0 0 17 54 0 0 1 0 0 93926440394112 93926440441048 93926445715456 140737328904974 140737328905110 140737328905110 140737328906209 0
/proc/18/statm: 2821 1919 1091 456 0 982 0
Current children cumulated CPU time: 1.36 s
Current children cumulated vsize: 28968 KiB
Current children cumulated memory: 20196 KiB

[startup+2.72313 s]
# the end of solver process 16 was just reported to runsolver
# cumulated CPU time of all completed processes:  user=2.5551 s, system=0.045074 s

Solver just ended.
??? end of watcher thread
Dumping a history of the last processes samples

[startup+1.60029 s]
/proc/loadavg: 1.28 0.31 0.13 9/2872 18
/proc/meminfo: memFree=518742508/527542256 swapFree=33529852/33554428
[pid=16] ppid=13 vsize=17684 memory=12520 CPUtime=0.04 cores=42-55,154-167
/proc/16/stat : 16 (python3) S 13 16 0 0 -1 4194304 1886 0 96 0 3 1 0 0 20 0 1 0 53232083 18108416 3130 67087892480 4194304 7154137 140722120261472 0 0 0 0 16781312 2 1 0 0 17 51 0 0 8 0 0 9727432 11029816 13025280 140722120264523 140722120264621 140722120264621 140722120265703 0
/proc/16/statm: 4421 3130 1521 723 0 2063 0
[pid=18] ppid=16 vsize=11276 memory=8000 CPUtime=1.42 cores=42-55,154-167
/proc/18/stat : 18 (bn4rust) R 16 16 0 0 -1 4194304 15060 0 18 0 141 1 0 0 20 0 1 0 53232096 11546624 2000 67087892480 93926438268928 93926440136049 140737328900096 0 0 0 0 4096 1088 0 0 0 17 54 0 0 1 0 0 93926440394112 93926440441048 93926445715456 140737328904974 140737328905110 140737328905110 140737328906209 0
/proc/18/statm: 2819 2000 1091 456 0 980 0
Current children cumulated CPU time: 1.46 s
Current children cumulated vsize: 28960 KiB
Current children cumulated memory: 20520 KiB

[startup+2.40021 s]
/proc/loadavg: 1.28 0.31 0.13 6/2847 18
/proc/meminfo: memFree=518780816/527542256 swapFree=33529852/33554428
[pid=16] ppid=13 vsize=17684 memory=12520 CPUtime=0.04 cores=42-55,154-167
/proc/16/stat : 16 (python3) S 13 16 0 0 -1 4194304 1886 0 96 0 3 1 0 0 20 0 1 0 53232083 18108416 3130 67087892480 4194304 7154137 140722120261472 0 0 0 0 16781312 2 1 0 0 17 51 0 0 8 0 0 9727432 11029816 13025280 140722120264523 140722120264621 140722120264621 140722120265703 0
/proc/16/statm: 4421 3130 1521 723 0 2063 0
[pid=18] ppid=16 vsize=9892 memory=6456 CPUtime=2.23 cores=42-55,154-167
/proc/18/stat : 18 (bn4rust) R 16 16 0 0 -1 4194304 19186 0 18 0 220 3 0 0 20 0 1 0 53232096 10129408 1614 67087892480 93926438268928 93926440136049 140737328900096 0 0 0 0 4096 1088 0 0 0 17 54 0 0 1 0 0 93926440394112 93926440441048 93926445715456 140737328904974 140737328905110 140737328905110 140737328906209 0
/proc/18/statm: 2473 1614 1091 456 0 634 0
Current children cumulated CPU time: 2.27 s
Current children cumulated vsize: 27576 KiB
Current children cumulated memory: 18976 KiB

[startup+2.60021 s]
/proc/loadavg: 1.28 0.31 0.13 6/2847 18
/proc/meminfo: memFree=518780816/527542256 swapFree=33529852/33554428
[pid=16] ppid=13 vsize=17684 memory=12520 CPUtime=0.04 cores=42-55,154-167
/proc/16/stat : 16 (python3) S 13 16 0 0 -1 4194304 1886 0 96 0 3 1 0 0 20 0 1 0 53232083 18108416 3130 67087892480 4194304 7154137 140722120261472 0 0 0 0 16781312 2 1 0 0 17 51 0 0 8 0 0 9727432 11029816 13025280 140722120264523 140722120264621 140722120264621 140722120265703 0
/proc/16/statm: 4421 3130 1521 723 0 2063 0
[pid=18] ppid=16 vsize=9796 memory=6456 CPUtime=2.43 cores=42-55,154-167
/proc/18/stat : 18 (bn4rust) R 16 16 0 0 -1 4194304 20639 0 18 0 240 3 0 0 20 0 1 0 53232096 10031104 1614 67087892480 93926438268928 93926440136049 140737328900096 0 0 0 0 4096 1088 0 0 0 17 54 0 0 1 0 0 93926440394112 93926440441048 93926445715456 140737328904974 140737328905110 140737328905110 140737328906209 0
/proc/18/statm: 2449 1614 1091 456 0 610 0
Current children cumulated CPU time: 2.47 s
Current children cumulated vsize: 27480 KiB
Current children cumulated memory: 18976 KiB

[startup+2.70021 s]
/proc/loadavg: 1.28 0.31 0.13 6/2847 18
/proc/meminfo: memFree=518780816/527542256 swapFree=33529852/33554428
[pid=16] ppid=13 vsize=17684 memory=12520 CPUtime=0.04 cores=42-55,154-167
/proc/16/stat : 16 (python3) S 13 16 0 0 -1 4194304 1886 0 96 0 3 1 0 0 20 0 1 0 53232083 18108416 3130 67087892480 4194304 7154137 140722120261472 0 0 0 0 16781312 2 1 0 0 17 51 0 0 8 0 0 9727432 11029816 13025280 140722120264523 140722120264621 140722120264621 140722120265703 0
/proc/16/statm: 4421 3130 1521 723 0 2063 0
[pid=18] ppid=16 vsize=9796 memory=6456 CPUtime=2.53 cores=42-55,154-167
/proc/18/stat : 18 (bn4rust) R 16 16 0 0 -1 4194304 21203 0 18 0 250 3 0 0 20 0 1 0 53232096 10031104 1614 67087892480 93926438268928 93926440136049 140737328900096 0 0 0 0 4096 1088 0 0 0 17 54 0 0 1 0 0 93926440394112 93926440441048 93926445715456 140737328904974 140737328905110 140737328905110 140737328906209 0
/proc/18/statm: 2449 1614 1091 456 0 610 0
Current children cumulated CPU time: 2.57 s
Current children cumulated vsize: 27480 KiB
Current children cumulated memory: 18976 KiB

Child status: 0
Real time (s): 2.72316
CPU time (s): 2.60018
CPU user time (s): 2.5551
CPU system time (s): 0.045074
CPU usage (%): 95.4838
Max. virtual memory (cumulated for all children) (KiB): 28968
Max. memory (cumulated for all children) (KiB): 20520

getrusage(RUSAGE_CHILDREN,...) data:
user time used= 2.5551
system time used= 0.045074
maximum resident set size= 12620
integral shared memory size= 0
integral unshared data size= 0
integral unshared stack size= 0
page reclaims= 23108
page faults= 116
swaps= 0
block input operations= 19800
block output operations= 0
messages sent= 0
messages received= 0
signals received= 0
voluntary context switches= 994
involuntary context switches= 9


# summary of solver processes directly reported to runsolver:
#   pid: 16
#   total CPU time (s): 2.60018
#   total CPU user time (s): 2.5551
#   total CPU system time (s): 0.045074

??? join timestamper begins
??? join timestamper ends
??? end of timestamper thread
runsolver used 0.002863 second user time and 0.008712 second system time

The end
