# WCTIME: wall clock time in seconds
WCTIME=0.325081
# CPUTIME: CPU time in seconds (USERTIME+SYSTEMTIME)
CPUTIME=0.208418
# USERTIME: CPU time spent in user mode in seconds
USERTIME=0.190422
# SYSTEMTIME: CPU time spent in system mode in seconds
SYSTEMTIME=0.017996
# CPUUSAGE: CPUTIME/WCTIME in percent
CPUUSAGE=64.1126
# MAXVM: maximum virtual memory used in KiB
MAXVM=25752
# MAXMM: maximum memory used in KiB
MAXMM=17324
# MAXRSS: maximum Resident Segment Size in KiB
MAXRSS=12616
# TIMEOUT: did the solver exceed the time limit?
TIMEOUT=false
# MEMOUT: did the solver exceed the memory limit?
MEMOUT=false
# EXITSTATUS: Exit status of the solver
EXITSTATUS=0
