runsolver version 3.4.1 (svn: 3018) Copyright (C) 2010-2013 Olivier ROUSSEL

This program is distributed in the hope that it will be useful,
but WITHOUT ANY WARRANTY; without even the implied warranty of
MERCHANTABILITY or FITNESS FOR A PARTICULAR PURPOSE.  See the
GNU General Public License for more details.

NUMA information:
  number of nodes: 8
  memory of node 0: 63700 MiB (62094 MiB free)
  memory of node 1: 64504 MiB (63107 MiB free)
  memory of node 2: 64504 MiB (47590 MiB free)
  memory of node 3: 64461 MiB (61190 MiB free)
  memory of node 4: 64504 MiB (49361 MiB free)
  memory of node 5: 64504 MiB (47069 MiB free)
  memory of node 6: 64504 MiB (49817 MiB free)
  memory of node 7: 64491 MiB (48438 MiB free)
  node distances:
     10  12  12  12  21  21  21  21
     12  10  12  12  21  21  21  21
     12  12  10  12  21  21  21  21
     12  12  12  10  21  21  21  21
     21  21  21  21  10  12  12  12
     21  21  21  21  12  10  12  12
     21  21  21  21  12  12  10  12
     21  21  21  21  12  12  12  10

command line: /usr/local/bin/runsolver --timestamp -w /output/runsolver-watch.log -v /output/runsolver-values.log -o /output/solver-output.log -C 1800.0 -W 1800.0 -R 64000 /opt/solver/run_bn4rust.py --mode cyber-complement-gfp-plus-dependency-order --instance /input/model_056.bnet 

running on 16 cores: 0-13,124-125

Enforcing CPUTime limit (soft limit, will send SIGTERM then SIGKILL): 1800 seconds
Enforcing CPUTime limit (hard limit, will send SIGXCPU): 1830 seconds
Enforcing wall clock limit (soft limit, will send SIGTERM then SIGKILL): 1800 seconds
Enforcing RSS+Swap limit (soft limit, will send SIGTERM then SIGKILL): 65536000 KiB
Linux 4.18.0-553.159.1.el8_10.x86_64
Current StackSize limit: 18014398509481983 KiB

solver pid=16, runsolver pid=13

[startup+0.10008 s]*
/proc/loadavg: 35.60 36.62 37.08 37/2890 17
/proc/meminfo: memFree=438947632/527542256 swapFree=33419564/33554428
[pid=16] ppid=13 vsize=15800 memory=10116 CPUtime=0.02 cores=0-13,112-125
/proc/16/stat : 16 (python3) D 13 16 0 0 -1 4194304 1400 0 84 0 1 1 0 0 20 0 1 0 53431872 16179200 2529 67087892480 4194304 7154137 140736612534608 0 0 0 0 16781312 2 0 0 0 17 118 0 0 6 0 0 9727432 11029816 16703488 140736612543287 140736612543405 140736612543405 140736612544487 0
/proc/16/statm: 3950 2529 1394 723 0 1674 0
Current children cumulated CPU time: 0.02 s
Current children cumulated vsize: 15800 KiB
Current children cumulated memory: 10116 KiB

[startup+0.200574 s]*
/proc/loadavg: 35.60 36.62 37.08 37/2891 18
/proc/meminfo: memFree=438946608/527542256 swapFree=33419564/33554428
[pid=16] ppid=13 vsize=17684 memory=12424 CPUtime=0.03 cores=0-13,112-125
/proc/16/stat : 16 (python3) S 13 16 0 0 -1 4194304 1900 0 96 0 2 1 0 0 20 0 1 0 53431872 18108416 3106 67087892480 4194304 7154137 140736612534608 0 0 0 0 16781312 2 1 0 0 17 10 0 0 8 0 0 9727432 11029816 16703488 140736612543287 140736612543405 140736612543405 140736612544487 0
/proc/16/statm: 4421 3106 1512 723 0 2063 0
[pid=18] ppid=16 vsize=8124 memory=4816 CPUtime=0.04 cores=0-13,112-125
/proc/18/stat : 18 (bn4rust) R 16 16 0 0 -1 4194304 313 0 18 0 4 0 0 0 20 0 1 0 53431886 8318976 1204 67087892480 94606329954304 94606331821425 140725353189536 0 0 0 0 4096 1088 0 0 0 17 118 0 0 1 0 0 94606332079488 94606332126424 94606348816384 140725353192186 140725353192342 140725353192342 140725353193441 0
/proc/18/statm: 2031 1204 1038 456 0 192 0
Current children cumulated CPU time: 0.07 s
Current children cumulated vsize: 25808 KiB
Current children cumulated memory: 17240 KiB

[startup+0.300567 s]*
/proc/loadavg: 35.60 36.62 37.08 37/2894 18
/proc/meminfo: memFree=438945400/527542256 swapFree=33419564/33554428
[pid=16] ppid=13 vsize=17684 memory=12424 CPUtime=0.03 cores=0-13,112-125
/proc/16/stat : 16 (python3) S 13 16 0 0 -1 4194304 1900 0 96 0 2 1 0 0 20 0 1 0 53431872 18108416 3106 67087892480 4194304 7154137 140736612534608 0 0 0 0 16781312 2 1 0 0 17 10 0 0 8 0 0 9727432 11029816 16703488 140736612543287 140736612543405 140736612543405 140736612544487 0
/proc/16/statm: 4421 3106 1512 723 0 2063 0
[pid=18] ppid=16 vsize=8548 memory=5104 CPUtime=0.14 cores=0-13,112-125
/proc/18/stat : 18 (bn4rust) R 16 16 0 0 -1 4194304 1044 0 18 0 14 0 0 0 20 0 1 0 53431886 8753152 1276 67087892480 94606329954304 94606331821425 140725353189536 0 0 0 0 4096 1088 0 0 0 17 118 0 0 1 0 0 94606332079488 94606332126424 94606348816384 140725353192186 140725353192342 140725353192342 140725353193441 0
/proc/18/statm: 2137 1276 1038 456 0 298 0
Current children cumulated CPU time: 0.17 s
Current children cumulated vsize: 26232 KiB
Current children cumulated memory: 17528 KiB

[startup+0.700235 s]
/proc/loadavg: 35.60 36.62 37.08 38/2900 18
/proc/meminfo: memFree=438886644/527542256 swapFree=33419564/33554428
[pid=16] ppid=13 vsize=17684 memory=12424 CPUtime=0.03 cores=0-13,112-125
/proc/16/stat : 16 (python3) S 13 16 0 0 -1 4194304 1900 0 96 0 2 1 0 0 20 0 1 0 53431872 18108416 3106 67087892480 4194304 7154137 140736612534608 0 0 0 0 16781312 2 1 0 0 17 10 0 0 8 0 0 9727432 11029816 16703488 140736612543287 140736612543405 140736612543405 140736612544487 0
/proc/16/statm: 4421 3106 1512 723 0 2063 0
[pid=18] ppid=16 vsize=9780 memory=6180 CPUtime=0.53 cores=0-13,112-125
/proc/18/stat : 18 (bn4rust) R 16 16 0 0 -1 4194304 6004 0 18 0 53 0 0 0 20 0 1 0 53431886 10014720 1545 67087892480 94606329954304 94606331821425 140725353189536 0 0 0 0 4096 1088 0 0 0 17 118 0 0 1 0 0 94606332079488 94606332126424 94606348816384 140725353192186 140725353192342 140725353192342 140725353193441 0
/proc/18/statm: 2445 1545 1038 456 0 606 0
Current children cumulated CPU time: 0.56 s
Current children cumulated vsize: 27464 KiB
Current children cumulated memory: 18604 KiB

[startup+1.50035 s]
/proc/loadavg: 35.60 36.62 37.08 38/2906 18
/proc/meminfo: memFree=438881904/527542256 swapFree=33419564/33554428
[pid=16] ppid=13 vsize=17684 memory=12424 CPUtime=0.03 cores=0-13,112-125
/proc/16/stat : 16 (python3) S 13 16 0 0 -1 4194304 1900 0 96 0 2 1 0 0 20 0 1 0 53431872 18108416 3106 67087892480 4194304 7154137 140736612534608 0 0 0 0 16781312 2 1 0 0 17 10 0 0 8 0 0 9727432 11029816 16703488 140736612543287 140736612543405 140736612543405 140736612544487 0
/proc/16/statm: 4421 3106 1512 723 0 2063 0
[pid=18] ppid=16 vsize=10684 memory=7216 CPUtime=1.33 cores=0-13,112-125
/proc/18/stat : 18 (bn4rust) R 16 16 0 0 -1 4194304 10544 0 18 0 132 1 0 0 20 0 1 0 53431886 10940416 1804 67087892480 94606329954304 94606331821425 140725353189536 0 0 0 0 4096 1088 0 0 0 17 118 0 0 1 0 0 94606332079488 94606332126424 94606348816384 140725353192186 140725353192342 140725353192342 140725353193441 0
/proc/18/statm: 2671 1804 1038 456 0 832 0
Current children cumulated CPU time: 1.36 s
Current children cumulated vsize: 28368 KiB
Current children cumulated memory: 19640 KiB

[startup+3.10045 s]
/proc/loadavg: 35.60 36.62 37.08 46/2909 18
/proc/meminfo: memFree=438929460/527542256 swapFree=33419564/33554428
[pid=16] ppid=13 vsize=17684 memory=12424 CPUtime=0.03 cores=0-13,112-125
/proc/16/stat : 16 (python3) S 13 16 0 0 -1 4194304 1900 0 96 0 2 1 0 0 20 0 1 0 53431872 18108416 3106 67087892480 4194304 7154137 140736612534608 0 0 0 0 16781312 2 1 0 0 17 10 0 0 8 0 0 9727432 11029816 16703488 140736612543287 140736612543405 140736612543405 140736612544487 0
/proc/16/statm: 4421 3106 1512 723 0 2063 0
[pid=18] ppid=16 vsize=11852 memory=8336 CPUtime=2.92 cores=0-13,112-125
/proc/18/stat : 18 (bn4rust) R 16 16 0 0 -1 4194304 35421 0 18 0 288 4 0 0 20 0 1 0 53431886 12136448 2084 67087892480 94606329954304 94606331821425 140725353189536 0 0 0 0 4096 1088 0 0 0 17 118 0 0 1 0 0 94606332079488 94606332126424 94606348816384 140725353192186 140725353192342 140725353192342 140725353193441 0
/proc/18/statm: 2963 2084 1038 456 0 1124 0
Current children cumulated CPU time: 2.95 s
Current children cumulated vsize: 29536 KiB
Current children cumulated memory: 20760 KiB

[startup+6.30028 s]
/proc/loadavg: 35.71 36.63 37.08 38/2916 18
/proc/meminfo: memFree=438744188/527542256 swapFree=33419564/33554428
[pid=16] ppid=13 vsize=17684 memory=12424 CPUtime=0.03 cores=0-13,112-125
/proc/16/stat : 16 (python3) S 13 16 0 0 -1 4194304 1901 0 96 0 2 1 0 0 20 0 1 0 53431872 18108416 3106 67087892480 4194304 7154137 140736612534608 0 0 0 0 16781312 2 1 0 0 17 10 0 0 8 0 0 9727432 11029816 16703488 140736612543287 140736612543405 140736612543405 140736612544487 0
/proc/16/statm: 4421 3106 1512 723 0 2063 0
[pid=18] ppid=16 vsize=13176 memory=9728 CPUtime=6.11 cores=0-13,112-125
/proc/18/stat : 18 (bn4rust) R 16 16 0 0 -1 4194304 62446 0 18 0 603 8 0 0 20 0 1 0 53431886 13492224 2432 67087892480 94606329954304 94606331821425 140725353189536 0 0 0 0 4096 1088 0 0 0 17 6 0 0 1 0 0 94606332079488 94606332126424 94606348816384 140725353192186 140725353192342 140725353192342 140725353193441 0
/proc/18/statm: 3294 2432 1038 456 0 1455 0
Current children cumulated CPU time: 6.14 s
Current children cumulated vsize: 30860 KiB
Current children cumulated memory: 22152 KiB

[startup+12.7002 s]
/proc/loadavg: 35.82 36.63 37.08 45/2925 18
/proc/meminfo: memFree=438500240/527542256 swapFree=33419564/33554428
[pid=16] ppid=13 vsize=17684 memory=12424 CPUtime=0.03 cores=0-13,112-125
/proc/16/stat : 16 (python3) S 13 16 0 0 -1 4194304 1901 0 96 0 2 1 0 0 20 0 1 0 53431872 18108416 3106 67087892480 4194304 7154137 140736612534608 0 0 0 0 16781312 2 1 0 0 17 10 0 0 8 0 0 9727432 11029816 16703488 140736612543287 140736612543405 140736612543405 140736612544487 0
/proc/16/statm: 4421 3106 1512 723 0 2063 0
[pid=18] ppid=16 vsize=16536 memory=12904 CPUtime=12.48 cores=0-13,112-125
/proc/18/stat : 18 (bn4rust) R 16 16 0 0 -1 4194304 166643 0 18 0 1224 24 0 0 20 0 1 0 53431886 16932864 3226 67087892480 94606329954304 94606331821425 140725353189536 0 0 0 0 4096 1088 0 0 0 17 6 0 0 1 0 0 94606332079488 94606332126424 94606348816384 140725353192186 140725353192342 140725353192342 140725353193441 0
/proc/18/statm: 4134 3226 1038 456 0 2295 0
Current children cumulated CPU time: 12.51 s
Current children cumulated vsize: 34220 KiB
Current children cumulated memory: 25328 KiB

[startup+25.5002 s]
/proc/loadavg: 36.99 36.86 37.14 37/2888 18
/proc/meminfo: memFree=439028096/527542256 swapFree=33419564/33554428
[pid=16] ppid=13 vsize=17684 memory=12424 CPUtime=0.03 cores=0-13,112-125
/proc/16/stat : 16 (python3) S 13 16 0 0 -1 4194304 1901 0 96 0 2 1 0 0 20 0 1 0 53431872 18108416 3106 67087892480 4194304 7154137 140736612534608 0 0 0 0 16781312 2 1 0 0 17 10 0 0 8 0 0 9727432 11029816 16703488 140736612543287 140736612543405 140736612543405 140736612544487 0
/proc/16/statm: 4421 3106 1512 723 0 2063 0
[pid=18] ppid=16 vsize=16056 memory=12616 CPUtime=25.23 cores=0-13,112-125
/proc/18/stat : 18 (bn4rust) R 16 16 0 0 -1 4194304 261447 0 18 0 2483 40 0 0 20 0 1 0 53431886 16441344 3154 67087892480 94606329954304 94606331821425 140725353189536 0 0 0 0 4096 1088 0 0 0 17 118 0 0 1 0 0 94606332079488 94606332126424 94606348816384 140725353192186 140725353192342 140725353192342 140725353193441 0
/proc/18/statm: 4014 3154 1038 456 0 2175 0
Current children cumulated CPU time: 25.26 s
Current children cumulated vsize: 33740 KiB
Current children cumulated memory: 25040 KiB

[startup+51.1004 s]
/proc/loadavg: 36.65 36.79 37.11 37/2888 18
/proc/meminfo: memFree=438840476/527542256 swapFree=33419564/33554428
[pid=16] ppid=13 vsize=17684 memory=12424 CPUtime=0.04 cores=0-13,112-125
/proc/16/stat : 16 (python3) S 13 16 0 0 -1 4194304 1902 0 96 0 2 2 0 0 20 0 1 0 53431872 18108416 3106 67087892480 4194304 7154137 140736612534608 0 0 0 0 16781312 2 1 0 0 17 10 0 0 8 0 0 9727432 11029816 16703488 140736612543287 140736612543405 140736612543405 140736612544487 0
/proc/16/statm: 4421 3106 1512 723 0 2063 0
[pid=18] ppid=16 vsize=16056 memory=12376 CPUtime=50.75 cores=0-13,112-125
/proc/18/stat : 18 (bn4rust) R 16 16 0 0 -1 4194304 465702 0 18 0 5003 72 0 0 20 0 1 0 53431886 16441344 3094 67087892480 94606329954304 94606331821425 140725353189536 0 0 0 0 4096 1088 0 0 0 17 6 0 0 1 0 0 94606332079488 94606332126424 94606348816384 140725353192186 140725353192342 140725353192342 140725353193441 0
/proc/18/statm: 4014 3094 1038 456 0 2175 0
Current children cumulated CPU time: 50.79 s
Current children cumulated vsize: 33740 KiB
Current children cumulated memory: 24800 KiB

[startup+64.6954 s]
# the end of solver process 16 was just reported to runsolver
# cumulated CPU time of all completed processes:  user=63.5859 s, system=0.766135 s

Solver just ended.
??? end of watcher thread
Dumping a history of the last processes samples

[startup+51.2004 s]
/proc/loadavg: 36.65 36.79 37.11 37/2888 18
/proc/meminfo: memFree=438840476/527542256 swapFree=33419564/33554428
[pid=16] ppid=13 vsize=17684 memory=12424 CPUtime=0.04 cores=0-13,112-125
/proc/16/stat : 16 (python3) S 13 16 0 0 -1 4194304 1902 0 96 0 2 2 0 0 20 0 1 0 53431872 18108416 3106 67087892480 4194304 7154137 140736612534608 0 0 0 0 16781312 2 1 0 0 17 10 0 0 8 0 0 9727432 11029816 16703488 140736612543287 140736612543405 140736612543405 140736612544487 0
/proc/16/statm: 4421 3106 1512 723 0 2063 0
[pid=18] ppid=16 vsize=18296 memory=14752 CPUtime=50.85 cores=0-13,112-125
/proc/18/stat : 18 (bn4rust) R 16 16 0 0 -1 4194304 466262 0 18 0 5013 72 0 0 20 0 1 0 53431886 18735104 3688 67087892480 94606329954304 94606331821425 140725353189536 0 0 0 0 4096 1088 0 0 0 17 6 0 0 1 0 0 94606332079488 94606332126424 94606348816384 140725353192186 140725353192342 140725353192342 140725353193441 0
/proc/18/statm: 4574 3688 1038 456 0 2735 0
Current children cumulated CPU time: 50.89 s
Current children cumulated vsize: 35980 KiB
Current children cumulated memory: 27176 KiB

[startup+57.6002 s]
/proc/loadavg: 36.60 36.78 37.11 37/2891 18
/proc/meminfo: memFree=439023520/527542256 swapFree=33419564/33554428
[pid=16] ppid=13 vsize=17684 memory=12424 CPUtime=0.04 cores=0-13,112-125
/proc/16/stat : 16 (python3) S 13 16 0 0 -1 4194304 1903 0 96 0 2 2 0 0 20 0 1 0 53431872 18108416 3106 67087892480 4194304 7154137 140736612534608 0 0 0 0 16781312 2 1 0 0 17 10 0 0 8 0 0 9727432 11029816 16703488 140736612543287 140736612543405 140736612543405 140736612544487 0
/proc/16/statm: 4421 3106 1512 723 0 2063 0
[pid=18] ppid=16 vsize=16344 memory=12856 CPUtime=57.22 cores=0-13,112-125
/proc/18/stat : 18 (bn4rust) R 16 16 0 0 -1 4194304 480385 0 18 0 5648 74 0 0 20 0 1 0 53431886 16736256 3214 67087892480 94606329954304 94606331821425 140725353189536 0 0 0 0 4096 1088 0 0 0 17 6 0 0 1 0 0 94606332079488 94606332126424 94606348816384 140725353192186 140725353192342 140725353192342 140725353193441 0
/proc/18/statm: 4086 3214 1038 456 0 2247 0
Current children cumulated CPU time: 57.26 s
Current children cumulated vsize: 34028 KiB
Current children cumulated memory: 25280 KiB

[startup+60.8002 s]
/proc/loadavg: 36.55 36.76 37.10 37/2891 18
/proc/meminfo: memFree=438932048/527542256 swapFree=33419564/33554428
[pid=16] ppid=13 vsize=17684 memory=12424 CPUtime=0.04 cores=0-13,112-125
/proc/16/stat : 16 (python3) S 13 16 0 0 -1 4194304 1903 0 96 0 2 2 0 0 20 0 1 0 53431872 18108416 3106 67087892480 4194304 7154137 140736612534608 0 0 0 0 16781312 2 1 0 0 17 10 0 0 8 0 0 9727432 11029816 16703488 140736612543287 140736612543405 140736612543405 140736612544487 0
/proc/16/statm: 4421 3106 1512 723 0 2063 0
[pid=18] ppid=16 vsize=16344 memory=12856 CPUtime=60.41 cores=0-13,112-125
/proc/18/stat : 18 (bn4rust) R 16 16 0 0 -1 4194304 480385 0 18 0 5967 74 0 0 20 0 1 0 53431886 16736256 3214 67087892480 94606329954304 94606331821425 140725353189536 0 0 0 0 4096 1088 0 0 0 17 6 0 0 1 0 0 94606332079488 94606332126424 94606348816384 140725353192186 140725353192342 140725353192342 140725353193441 0
/proc/18/statm: 4086 3214 1038 456 0 2247 0
Current children cumulated CPU time: 60.45 s
Current children cumulated vsize: 34028 KiB
Current children cumulated memory: 25280 KiB

[startup+62.4002 s]
/proc/loadavg: 36.55 36.76 37.10 37/2891 18
/proc/meminfo: memFree=439040952/527542256 swapFree=33419564/33554428
[pid=16] ppid=13 vsize=17684 memory=12424 CPUtime=0.04 cores=0-13,112-125
/proc/16/stat : 16 (python3) S 13 16 0 0 -1 4194304 1903 0 96 0 2 2 0 0 20 0 1 0 53431872 18108416 3106 67087892480 4194304 7154137 140736612534608 0 0 0 0 16781312 2 1 0 0 17 10 0 0 8 0 0 9727432 11029816 16703488 140736612543287 140736612543405 140736612543405 140736612544487 0
/proc/16/statm: 4421 3106 1512 723 0 2063 0
[pid=18] ppid=16 vsize=16344 memory=12856 CPUtime=62.01 cores=0-13,112-125
/proc/18/stat : 18 (bn4rust) R 16 16 0 0 -1 4194304 480385 0 18 0 6127 74 0 0 20 0 1 0 53431886 16736256 3214 67087892480 94606329954304 94606331821425 140725353189536 0 0 0 0 4096 1088 0 0 0 17 6 0 0 1 0 0 94606332079488 94606332126424 94606348816384 140725353192186 140725353192342 140725353192342 140725353193441 0
/proc/18/statm: 4086 3214 1038 456 0 2247 0
Current children cumulated CPU time: 62.05 s
Current children cumulated vsize: 34028 KiB
Current children cumulated memory: 25280 KiB

[startup+64.0002 s]*
/proc/loadavg: 36.51 36.75 37.09 37/2891 18
/proc/meminfo: memFree=438961196/527542256 swapFree=33419564/33554428
[pid=16] ppid=13 vsize=17684 memory=12424 CPUtime=0.04 cores=0-13,112-125
/proc/16/stat : 16 (python3) S 13 16 0 0 -1 4194304 1904 0 96 0 2 2 0 0 20 0 1 0 53431872 18108416 3106 67087892480 4194304 7154137 140736612534608 0 0 0 0 16781312 2 1 0 0 17 10 0 0 8 0 0 9727432 11029816 16703488 140736612543287 140736612543405 140736612543405 140736612544487 0
/proc/16/statm: 4421 3106 1512 723 0 2063 0
[pid=18] ppid=16 vsize=16344 memory=12856 CPUtime=63.6 cores=0-13,112-125
/proc/18/stat : 18 (bn4rust) R 16 16 0 0 -1 4194304 480385 0 18 0 6286 74 0 0 20 0 1 0 53431886 16736256 3214 67087892480 94606329954304 94606331821425 140725353189536 0 0 0 0 4096 1088 0 0 0 17 6 0 0 1 0 0 94606332079488 94606332126424 94606348816384 140725353192186 140725353192342 140725353192342 140725353193441 0
/proc/18/statm: 4086 3214 1038 456 0 2247 0
Current children cumulated CPU time: 63.64 s
Current children cumulated vsize: 34028 KiB
Current children cumulated memory: 25280 KiB

[startup+64.4002 s]
/proc/loadavg: 36.51 36.75 37.09 37/2891 18
/proc/meminfo: memFree=438961196/527542256 swapFree=33419564/33554428
[pid=16] ppid=13 vsize=17684 memory=12424 CPUtime=0.04 cores=0-13,112-125
/proc/16/stat : 16 (python3) S 13 16 0 0 -1 4194304 1904 0 96 0 2 2 0 0 20 0 1 0 53431872 18108416 3106 67087892480 4194304 7154137 140736612534608 0 0 0 0 16781312 2 1 0 0 17 10 0 0 8 0 0 9727432 11029816 16703488 140736612543287 140736612543405 140736612543405 140736612544487 0
/proc/16/statm: 4421 3106 1512 723 0 2063 0
[pid=18] ppid=16 vsize=16344 memory=12856 CPUtime=64 cores=0-13,112-125
/proc/18/stat : 18 (bn4rust) R 16 16 0 0 -1 4194304 480385 0 18 0 6326 74 0 0 20 0 1 0 53431886 16736256 3214 67087892480 94606329954304 94606331821425 140725353189536 0 0 0 0 4096 1088 0 0 0 17 6 0 0 1 0 0 94606332079488 94606332126424 94606348816384 140725353192186 140725353192342 140725353192342 140725353193441 0
/proc/18/statm: 4086 3214 1038 456 0 2247 0
Current children cumulated CPU time: 64.04 s
Current children cumulated vsize: 34028 KiB
Current children cumulated memory: 25280 KiB

[startup+64.6002 s]
/proc/loadavg: 36.51 36.75 37.09 37/2891 18
/proc/meminfo: memFree=438961196/527542256 swapFree=33419564/33554428
[pid=16] ppid=13 vsize=17684 memory=12424 CPUtime=0.04 cores=0-13,112-125
/proc/16/stat : 16 (python3) S 13 16 0 0 -1 4194304 1904 0 96 0 2 2 0 0 20 0 1 0 53431872 18108416 3106 67087892480 4194304 7154137 140736612534608 0 0 0 0 16781312 2 1 0 0 17 10 0 0 8 0 0 9727432 11029816 16703488 140736612543287 140736612543405 140736612543405 140736612544487 0
/proc/16/statm: 4421 3106 1512 723 0 2063 0
[pid=18] ppid=16 vsize=16344 memory=12856 CPUtime=64.2 cores=0-13,112-125
/proc/18/stat : 18 (bn4rust) R 16 16 0 0 -1 4194304 480385 0 18 0 6346 74 0 0 20 0 1 0 53431886 16736256 3214 67087892480 94606329954304 94606331821425 140725353189536 0 0 0 0 4096 1088 0 0 0 17 6 0 0 1 0 0 94606332079488 94606332126424 94606348816384 140725353192186 140725353192342 140725353192342 140725353193441 0
/proc/18/statm: 4086 3214 1038 456 0 2247 0
Current children cumulated CPU time: 64.24 s
Current children cumulated vsize: 34028 KiB
Current children cumulated memory: 25280 KiB

Child status: 0
Real time (s): 64.6955
CPU time (s): 64.3521
CPU user time (s): 63.5859
CPU system time (s): 0.766135
CPU usage (%): 99.4691
Max. virtual memory (cumulated for all children) (KiB): 39628
Max. memory (cumulated for all children) (KiB): 30872

getrusage(RUSAGE_CHILDREN,...) data:
user time used= 63.5859
system time used= 0.766135
maximum resident set size= 19240
integral shared memory size= 0
integral unshared data size= 0
integral unshared stack size= 0
page reclaims= 482315
page faults= 116
swaps= 0
block input operations= 19800
block output operations= 8
messages sent= 0
messages received= 0
signals received= 0
voluntary context switches= 1152
involuntary context switches= 108


# summary of solver processes directly reported to runsolver:
#   pid: 16
#   total CPU time (s): 64.3521
#   total CPU user time (s): 63.5859
#   total CPU system time (s): 0.766135

??? join timestamper begins
??? join timestamper ends
??? end of timestamper thread
runsolver used 0 second user time and 0.123599 second system time

The end
