# WCTIME: wall clock time in seconds
WCTIME=1.84876
# CPUTIME: CPU time in seconds (USERTIME+SYSTEMTIME)
CPUTIME=1.10965
# USERTIME: CPU time spent in user mode in seconds
USERTIME=0.972305
# SYSTEMTIME: CPU time spent in system mode in seconds
SYSTEMTIME=0.137345
# CPUUSAGE: CPUTIME/WCTIME in percent
CPUUSAGE=60.0214
# MAXVM: maximum virtual memory used in KiB
MAXVM=222144
# MAXMM: maximum memory used in KiB
MAXMM=71564
# MAXRSS: maximum Resident Segment Size in KiB
MAXRSS=71564
# TIMEOUT: did the solver exceed the time limit?
TIMEOUT=false
# MEMOUT: did the solver exceed the memory limit?
MEMOUT=false
# EXITSTATUS: Exit status of the solver
EXITSTATUS=0
