runsolver version 3.4.1 (svn: 3018) Copyright (C) 2010-2013 Olivier ROUSSEL

This program is distributed in the hope that it will be useful,
but WITHOUT ANY WARRANTY; without even the implied warranty of
MERCHANTABILITY or FITNESS FOR A PARTICULAR PURPOSE.  See the
GNU General Public License for more details.

NUMA information:
  number of nodes: 8
  memory of node 0: 63700 MiB (26909 MiB free)
  memory of node 1: 64504 MiB (63565 MiB free)
  memory of node 2: 64504 MiB (63335 MiB free)
  memory of node 3: 64461 MiB (63016 MiB free)
  memory of node 4: 64504 MiB (44293 MiB free)
  memory of node 5: 64504 MiB (57437 MiB free)
  memory of node 6: 64504 MiB (37136 MiB free)
  memory of node 7: 64491 MiB (51121 MiB free)
  node distances:
     10  12  12  12  21  21  21  21
     12  10  12  12  21  21  21  21
     12  12  10  12  21  21  21  21
     12  12  12  10  21  21  21  21
     21  21  21  21  10  12  12  12
     21  21  21  21  12  10  12  12
     21  21  21  21  12  12  10  12
     21  21  21  21  12  12  12  10

command line: /usr/local/bin/runsolver --timestamp -w /output/runsolver-watch.log -v /output/runsolver-values.log -o /output/solver-output.log -C 1800.0 -W 1800.0 -R 64000 /opt/solver/run_pyboolnet.py --instance /input/model_033.bnet 

running on 26 cores: 74-81,88-91,96,99,188-193,200-203,208,211

Enforcing CPUTime limit (soft limit, will send SIGTERM then SIGKILL): 1800 seconds
Enforcing CPUTime limit (hard limit, will send SIGXCPU): 1830 seconds
Enforcing wall clock limit (soft limit, will send SIGTERM then SIGKILL): 1800 seconds
Enforcing RSS+Swap limit (soft limit, will send SIGTERM then SIGKILL): 65536000 KiB
Linux 4.18.0-553.126.1.el8_10.x86_64
Current StackSize limit: 18014398509481983 KiB
solver pid=16, runsolver pid=14


[startup+0.100277 s]*
/proc/loadavg: 27.91 29.53 30.07 31/3055 17
/proc/meminfo: memFree=416550192/527542244 swapFree=2824368/33554428
[pid=16] ppid=14 vsize=15100 memory=9528 CPUtime=0.02 cores=74-81,88-91,96,99,186-193,200-203,208,211
/proc/16/stat : 16 (python3) R 14 16 0 0 -1 4194304 1165 0 56 0 1 1 0 0 20 0 1 0 523024906 15462400 2382 67087892480 93974908178432 93974911449133 140730192502976 0 0 0 0 16781312 2 0 0 0 17 79 0 0 6 0 0 93974913812496 93974914096536 93974919942144 140730192505601 140730192505671 140730192505671 140730192506855 0
/proc/16/statm: 3775 2382 1422 799 0 1394 0
Current children cumulated CPU time: 0.02 s
Current children cumulated vsize: 15100 KiB
Current children cumulated memory: 9528 KiB

[startup+0.200714 s]*
/proc/loadavg: 27.91 29.53 30.07 30/3053 17
/proc/meminfo: memFree=416522984/527542244 swapFree=2824368/33554428
[pid=16] ppid=14 vsize=19804 memory=14444 CPUtime=0.07 cores=74-81,88-91,96,99,186-193,200-203,208,211
/proc/16/stat : 16 (python3) D 14 16 0 0 -1 4194304 2359 0 74 0 5 2 0 0 20 0 1 0 523024906 20279296 3611 67087892480 93974908178432 93974911449133 140730192502976 0 0 0 0 16781312 2 0 0 0 17 79 0 0 10 0 0 93974913812496 93974914096536 93974919942144 140730192505601 140730192505671 140730192505671 140730192506855 0
/proc/16/statm: 4951 3611 1557 799 0 2475 0
Current children cumulated CPU time: 0.07 s
Current children cumulated vsize: 19804 KiB
Current children cumulated memory: 14444 KiB

[startup+0.30058 s]*
/proc/loadavg: 27.91 29.53 30.07 30/3053 17
/proc/meminfo: memFree=416491124/527542244 swapFree=2824368/33554428
[pid=16] ppid=14 vsize=25080 memory=20648 CPUtime=0.12 cores=74-81,88-91,96,99,186-193,200-203,208,211
/proc/16/stat : 16 (python3) R 14 16 0 0 -1 4194304 3874 0 80 0 9 3 0 0 20 0 1 0 523024906 25681920 5162 67087892480 93974908178432 93974911449133 140730192502976 0 0 0 0 16781312 2 0 0 0 17 79 0 0 13 0 0 93974913812496 93974914096536 93974919942144 140730192505601 140730192505671 140730192505671 140730192506855 0
/proc/16/statm: 6270 5162 1661 799 0 3782 0
Current children cumulated CPU time: 0.12 s
Current children cumulated vsize: 25080 KiB
Current children cumulated memory: 20648 KiB

[startup+0.700188 s]
/proc/loadavg: 27.91 29.53 30.07 30/3053 17
/proc/meminfo: memFree=416430260/527542244 swapFree=2824372/33554428
[pid=16] ppid=14 vsize=121496 memory=45928 CPUtime=0.29 cores=74-81,88-91,96,99,186-193,200-203,208,211
/proc/16/stat : 16 (python3) R 14 16 0 0 -1 4194304 8186 0 221 0 21 8 0 0 20 0 1 0 523024906 124411904 11482 67087892480 93974908178432 93974911449133 140730192502976 0 0 0 0 16781312 2 0 0 0 17 79 0 0 31 0 0 93974913812496 93974914096536 93974919942144 140730192505601 140730192505671 140730192505671 140730192506855 0
/proc/16/statm: 30374 11482 3944 799 0 16373 0
Current children cumulated CPU time: 0.29 s
Current children cumulated vsize: 121496 KiB
Current children cumulated memory: 45928 KiB

[startup+1.50024 s]
/proc/loadavg: 27.91 29.53 30.07 32/3055 19
/proc/meminfo: memFree=416283348/527542244 swapFree=2824372/33554428
[pid=16] ppid=14 vsize=220844 memory=71040 CPUtime=0.82 cores=74-81,88-91,96,99,186-193,200-203,208,211
/proc/16/stat : 16 (python3) S 14 16 0 0 -1 4194304 13224 0 298 0 69 13 0 0 20 0 1 0 523024906 226144256 17760 67087892480 93974908178432 93974911449133 140730192502976 0 0 0 0 16781312 2 1 0 0 17 80 0 0 50 0 0 93974913812496 93974914096536 93974919942144 140730192505601 140730192505671 140730192505671 140730192506855 0
/proc/16/statm: 55211 17760 5252 799 0 21918 0
Current children cumulated CPU time: 0.82 s
Current children cumulated vsize: 220844 KiB
Current children cumulated memory: 71040 KiB

[startup+1.84872 s]
# the end of solver process 16 was just reported to runsolver
# cumulated CPU time of all completed processes:  user=0.972305 s, system=0.137345 s

Solver just ended.
??? end of watcher thread
Dumping a history of the last processes samples

[startup+1.60027 s]
/proc/loadavg: 27.91 29.53 30.07 32/3055 19
/proc/meminfo: memFree=416283348/527542244 swapFree=2824372/33554428
[pid=16] ppid=14 vsize=222144 memory=71564 CPUtime=0.86 cores=74-81,88-91,96,99,186-193,200-203,208,211
/proc/16/stat : 16 (python3) S 14 16 0 0 -1 4194304 13391 173 298 4 70 13 3 0 20 0 1 0 523024906 227475456 17891 67087892480 93974908178432 93974911449133 140730192502976 0 0 0 0 16781312 2 1 0 0 17 80 0 0 50 0 0 93974913812496 93974914096536 93974919942144 140730192505601 140730192505671 140730192505671 140730192506855 0
/proc/16/statm: 55536 17891 5252 799 0 22243 0
Current children cumulated CPU time: 0.86 s
Current children cumulated vsize: 222144 KiB
Current children cumulated memory: 71564 KiB

[startup+1.80025 s]
/proc/loadavg: 27.91 29.53 30.07 32/3055 19
/proc/meminfo: memFree=416283348/527542244 swapFree=2824372/33554428
[pid=16] ppid=14 vsize=222144 memory=71564 CPUtime=1.06 cores=74-81,88-91,96,99,186-193,200-203,208,211
/proc/16/stat : 16 (python3) R 14 16 0 0 -1 4194304 13391 1995 299 78 76 13 17 0 20 0 1 0 523024906 227475456 17891 67087892480 93974908178432 93974911449133 140730192502976 0 0 0 0 16781312 0 0 0 0 17 89 0 0 50 0 0 93974913812496 93974914096536 93974919942144 140730192505601 140730192505671 140730192505671 140730192506855 0
/proc/16/statm: 55536 17891 5252 799 0 22243 0
Current children cumulated CPU time: 1.06 s
Current children cumulated vsize: 222144 KiB
Current children cumulated memory: 71564 KiB

Child status: 0
Real time (s): 1.84876
CPU time (s): 1.10965
CPU user time (s): 0.972305
CPU system time (s): 0.137345
CPU usage (%): 60.0214
Max. virtual memory (cumulated for all children) (KiB): 222144
Max. memory (cumulated for all children) (KiB): 71564

getrusage(RUSAGE_CHILDREN,...) data:
user time used= 0.972305
system time used= 0.137345
maximum resident set size= 71564
integral shared memory size= 0
integral unshared data size= 0
integral unshared stack size= 0
page reclaims= 15404
page faults= 385
swaps= 0
block input operations= 106136
block output operations= 0
messages sent= 0
messages received= 0
signals received= 0
voluntary context switches= 10311
involuntary context switches= 3


# summary of solver processes directly reported to runsolver:
#   pid: 16
#   total CPU time (s): 1.10965
#   total CPU user time (s): 0.972305
#   total CPU system time (s): 0.137345

??? join timestamper begins
??? join timestamper ends
??? end of timestamper thread
runsolver used 0.002387 second user time and 0.011107 second system time

The end
