runsolver version 3.4.1 (svn: 3018) Copyright (C) 2010-2013 Olivier ROUSSEL

This program is distributed in the hope that it will be useful,
but WITHOUT ANY WARRANTY; without even the implied warranty of
MERCHANTABILITY or FITNESS FOR A PARTICULAR PURPOSE.  See the
GNU General Public License for more details.

NUMA information:
  number of nodes: 8
  memory of node 0: 63700 MiB (61523 MiB free)
  memory of node 1: 64504 MiB (63368 MiB free)
  memory of node 2: 64504 MiB (63771 MiB free)
  memory of node 3: 64504 MiB (63670 MiB free)
  memory of node 4: 64461 MiB (63704 MiB free)
  memory of node 5: 64504 MiB (63772 MiB free)
  memory of node 6: 64504 MiB (63701 MiB free)
  memory of node 7: 64491 MiB (63566 MiB free)
  node distances:
     10  12  12  12  21  21  21  21
     12  10  12  12  21  21  21  21
     12  12  10  12  21  21  21  21
     12  12  12  10  21  21  21  21
     21  21  21  21  10  12  12  12
     21  21  21  21  12  10  12  12
     21  21  21  21  12  12  10  12
     21  21  21  21  12  12  12  10

command line: /usr/local/bin/runsolver --timestamp -w /output/runsolver-watch.log -v /output/runsolver-values.log -o /output/solver-output.log -C 1800.0 -W 1800.0 -R 64000 /opt/solver/run_bn4rust.py --mode cyber-full --instance /input/model_212.bnet 

running on 28 cores: 84-97,196-209

Enforcing CPUTime limit (soft limit, will send SIGTERM then SIGKILL): 1800 seconds
Enforcing CPUTime limit (hard limit, will send SIGXCPU): 1830 seconds
Enforcing wall clock limit (soft limit, will send SIGTERM then SIGKILL): 1800 seconds
Enforcing RSS+Swap limit (soft limit, will send SIGTERM then SIGKILL): 65536000 KiB
Linux 4.18.0-553.159.1.el8_10.x86_64
solver pid=16, runsolver pid=13
Current StackSize limit: 18014398509481983 KiB


[startup+0.100068 s]*
/proc/loadavg: 0.01 0.03 0.00 7/2896 17
/proc/meminfo: memFree=519169964/527542252 swapFree=33487080/33554428
[pid=16] ppid=13 vsize=15800 memory=10124 CPUtime=0.02 cores=84-97,196-209
/proc/16/stat : 16 (python3) R 13 16 0 0 -1 4194304 1382 0 84 0 1 1 0 0 20 0 1 0 53231022 16179200 2531 67087892480 4194304 7154137 140731399915440 0 0 0 0 16781312 2 0 0 0 17 93 0 0 6 0 0 9727432 11029816 37691392 140731399920471 140731399920557 140731399920557 140731399921639 0
/proc/16/statm: 3950 2531 1396 723 0 1674 0
Current children cumulated CPU time: 0.02 s
Current children cumulated vsize: 15800 KiB
Current children cumulated memory: 10124 KiB

[startup+0.200536 s]*
/proc/loadavg: 0.01 0.03 0.00 3/2895 18
/proc/meminfo: memFree=519154052/527542252 swapFree=33487080/33554428
[pid=16] ppid=13 vsize=17684 memory=12424 CPUtime=0.04 cores=84-97,196-209
/proc/16/stat : 16 (python3) S 13 16 0 0 -1 4194304 1892 0 96 0 3 1 0 0 20 0 1 0 53231022 18108416 3106 67087892480 4194304 7154137 140731399915440 0 0 0 0 16781312 2 1 0 0 17 93 0 0 8 0 0 9727432 11029816 37691392 140731399920471 140731399920557 140731399920557 140731399921639 0
/proc/16/statm: 4421 3106 1512 723 0 2063 0
[pid=18] ppid=16 vsize=7772 memory=2096 CPUtime=0 cores=84-97,196-209
/proc/18/stat : 18 (bn4rust) I 16 16 0 0 -1 4194304 136 0 12 0 0 0 0 0 20 0 1 0 53231040 7958528 524 67087892480 94419037532160 94419039399281 140721705114400 0 0 0 0 4096 1088 0 0 0 17 85 0 0 1 0 0 94419039657344 94419039704280 94419066490880 140721705118490 140721705118614 140721705118614 140721705119713 0
/proc/18/statm: 1943 524 470 456 0 104 0
Current children cumulated CPU time: 0.04 s
Current children cumulated vsize: 25456 KiB
Current children cumulated memory: 14520 KiB

[startup+0.246455 s]
# the end of solver process 16 was just reported to runsolver
# cumulated CPU time of all completed processes:  user=0.040421 s, system=0.01738 s

Solver just ended.
??? end of watcher thread
Dumping a history of the last processes samples

Child status: 0
Real time (s): 0.246464
CPU time (s): 0.057801
CPU user time (s): 0.040421
CPU system time (s): 0.01738
CPU usage (%): 23.4521
Max. virtual memory (cumulated for all children) (KiB): 25456
Max. memory (cumulated for all children) (KiB): 14520

getrusage(RUSAGE_CHILDREN,...) data:
user time used= 0.040421
system time used= 0.01738
maximum resident set size= 12632
integral shared memory size= 0
integral unshared data size= 0
integral unshared stack size= 0
page reclaims= 2071
page faults= 115
swaps= 0
block input operations= 20000
block output operations= 0
messages sent= 0
messages received= 0
signals received= 0
voluntary context switches= 970
involuntary context switches= 0


# summary of solver processes directly reported to runsolver:
#   pid: 16
#   total CPU time (s): 0.057801
#   total CPU user time (s): 0.040421
#   total CPU system time (s): 0.01738

??? join timestamper begins
??? join timestamper ends
??? end of timestamper thread
runsolver used 0.002596 second user time and 0.003814 second system time

The end
