runsolver version 3.4.1 (svn: 3018) Copyright (C) 2010-2013 Olivier ROUSSEL

This program is distributed in the hope that it will be useful,
but WITHOUT ANY WARRANTY; without even the implied warranty of
MERCHANTABILITY or FITNESS FOR A PARTICULAR PURPOSE.  See the
GNU General Public License for more details.

NUMA information:
  number of nodes: 8
  memory of node 0: 63700 MiB (47821 MiB free)
  memory of node 1: 64504 MiB (50818 MiB free)
  memory of node 2: 64504 MiB (50556 MiB free)
  memory of node 3: 64504 MiB (50945 MiB free)
  memory of node 4: 64504 MiB (63340 MiB free)
  memory of node 5: 64461 MiB (63514 MiB free)
  memory of node 6: 64504 MiB (63794 MiB free)
  memory of node 7: 64491 MiB (60558 MiB free)
  node distances:
     10  12  12  12  21  21  21  21
     12  10  12  12  21  21  21  21
     12  12  10  12  21  21  21  21
     12  12  12  10  21  21  21  21
     21  21  21  21  10  12  12  12
     21  21  21  21  12  10  12  12
     21  21  21  21  12  12  10  12
     21  21  21  21  12  12  12  10

command line: /usr/local/bin/runsolver --timestamp -w /output/runsolver-watch.log -v /output/runsolver-values.log -o /output/solver-output.log -C 1800.0 -W 1800.0 -R 64000 /opt/solver/run_bn4rust.py --mode cyber-full --instance /input/model_003.bnet 

running on 20 cores: 72-83,188-195

Enforcing CPUTime limit (soft limit, will send SIGTERM then SIGKILL): 1800 seconds
Enforcing CPUTime limit (hard limit, will send SIGXCPU): 1830 seconds
Enforcing wall clock limit (soft limit, will send SIGTERM then SIGKILL): 1800 seconds
Enforcing RSS+Swap limit (soft limit, will send SIGTERM then SIGKILL): 65536000 KiB
Linux 4.18.0-553.159.1.el8_10.x86_64
Current StackSize limit: 18014398509481983 KiB

solver pid=16, runsolver pid=13

[startup+0.100077 s]*
/proc/loadavg: 56.32 56.07 56.68 61/2822 17
/proc/meminfo: memFree=462122888/527542288 swapFree=33553404/33554428
[pid=16] ppid=13 vsize=15800 memory=10096 CPUtime=0.02 cores=70-83,182-195
/proc/16/stat : 16 (python3) D 13 16 0 0 -1 4194304 1389 0 84 0 2 0 0 0 20 0 1 0 53231140 16179200 2524 67087892480 4194304 7154137 140733689796800 0 0 0 0 16781312 2 0 0 0 17 186 0 0 6 0 0 9727432 11029816 32555008 140733689797463 140733689797549 140733689797549 140733689798631 0
/proc/16/statm: 3950 2524 1390 723 0 1674 0
Current children cumulated CPU time: 0.02 s
Current children cumulated vsize: 15800 KiB
Current children cumulated memory: 10096 KiB

[startup+0.200562 s]*
/proc/loadavg: 56.32 56.07 56.68 58/2826 18
/proc/meminfo: memFree=462094764/527542288 swapFree=33553404/33554428
[pid=16] ppid=13 vsize=17684 memory=12388 CPUtime=0.04 cores=70-83,182-195
/proc/16/stat : 16 (python3) S 13 16 0 0 -1 4194304 1886 0 96 0 3 1 0 0 20 0 1 0 53231140 18108416 3097 67087892480 4194304 7154137 140733689796800 0 0 0 0 16781312 2 1 0 0 17 186 0 0 8 0 0 9727432 11029816 32555008 140733689797463 140733689797549 140733689797549 140733689798631 0
/proc/16/statm: 4421 3097 1504 723 0 2063 0
[pid=18] ppid=16 vsize=7772 memory=2096 CPUtime=0 cores=70-83,182-195
/proc/18/stat : 18 (bn4rust) I 16 16 0 0 -1 4194304 133 0 12 0 0 0 0 0 20 0 1 0 53231154 7958528 524 67087892480 94114699460608 94114701327729 140729284135408 0 0 0 0 4096 1088 0 0 0 17 82 0 0 1 0 0 94114701585792 94114701632728 94114705956864 140729284139802 140729284139926 140729284139926 140729284141025 0
/proc/18/statm: 1943 524 470 456 0 104 0
Current children cumulated CPU time: 0.04 s
Current children cumulated vsize: 25456 KiB
Current children cumulated memory: 14484 KiB

[startup+0.300468 s]*
/proc/loadavg: 56.32 56.07 56.68 57/2820 18
/proc/meminfo: memFree=462110708/527542288 swapFree=33553404/33554428
[pid=16] ppid=13 vsize=17684 memory=12388 CPUtime=0.04 cores=70-83,182-195
/proc/16/stat : 16 (python3) S 13 16 0 0 -1 4194304 1886 0 96 0 3 1 0 0 20 0 1 0 53231140 18108416 3097 67087892480 4194304 7154137 140733689796800 0 0 0 0 16781312 2 1 0 0 17 186 0 0 8 0 0 9727432 11029816 32555008 140733689797463 140733689797549 140733689797549 140733689798631 0
/proc/16/statm: 4421 3097 1504 723 0 2063 0
[pid=18] ppid=16 vsize=7772 memory=2096 CPUtime=0 cores=70-83,182-195
/proc/18/stat : 18 (bn4rust) I 16 16 0 0 -1 4194304 133 0 12 0 0 0 0 0 20 0 1 0 53231154 7958528 524 67087892480 94114699460608 94114701327729 140729284135408 0 0 0 0 4096 1088 0 0 0 17 82 0 0 1 0 0 94114701585792 94114701632728 94114705956864 140729284139802 140729284139926 140729284139926 140729284141025 0
/proc/18/statm: 1943 524 470 456 0 104 0
Current children cumulated CPU time: 0.04 s
Current children cumulated vsize: 25456 KiB
Current children cumulated memory: 14484 KiB

[startup+0.404611 s]
# the end of solver process 16 was just reported to runsolver
# cumulated CPU time of all completed processes:  user=0.044217 s, system=0.01468 s

Solver just ended.
??? end of watcher thread
Dumping a history of the last processes samples

[startup+0.400472 s]*
/proc/loadavg: 56.32 56.07 56.68 59/2743 18
/proc/meminfo: memFree=462241868/527542288 swapFree=33553404/33554428
[pid=16] ppid=13 vsize=17684 memory=12388 CPUtime=0.04 cores=70-83,182-195
/proc/16/stat : 16 (python3) R 13 16 0 0 -1 4194304 1894 167 96 19 3 1 0 0 20 0 1 0 53231140 18108416 3097 67087892480 4194304 7154137 140733689796800 0 0 0 0 16781312 0 0 0 0 17 186 0 0 8 0 0 9727432 11029816 32555008 140733689797463 140733689797549 140733689797549 140733689798631 0
/proc/16/statm: 4421 3097 1504 723 0 2063 0
Current children cumulated CPU time: 0.04 s
Current children cumulated vsize: 17684 KiB
Current children cumulated memory: 12388 KiB

Child status: 0
Real time (s): 0.404631
CPU time (s): 0.058897
CPU user time (s): 0.044217
CPU system time (s): 0.01468
CPU usage (%): 14.5557
Max. virtual memory (cumulated for all children) (KiB): 25456
Max. memory (cumulated for all children) (KiB): 14484

getrusage(RUSAGE_CHILDREN,...) data:
user time used= 0.044217
system time used= 0.01468
maximum resident set size= 12596
integral shared memory size= 0
integral unshared data size= 0
integral unshared stack size= 0
page reclaims= 2070
page faults= 115
swaps= 0
block input operations= 20000
block output operations= 0
messages sent= 0
messages received= 0
signals received= 0
voluntary context switches= 980
involuntary context switches= 0


# summary of solver processes directly reported to runsolver:
#   pid: 16
#   total CPU time (s): 0.058897
#   total CPU user time (s): 0.044217
#   total CPU system time (s): 0.01468

??? join timestamper begins
??? join timestamper ends
??? end of timestamper thread
runsolver used 0.001999 second user time and 0.005038 second system time

The end
