runsolver version 3.4.1 (svn: 3018) Copyright (C) 2010-2013 Olivier ROUSSEL

This program is distributed in the hope that it will be useful,
but WITHOUT ANY WARRANTY; without even the implied warranty of
MERCHANTABILITY or FITNESS FOR A PARTICULAR PURPOSE.  See the
GNU General Public License for more details.

NUMA information:
  number of nodes: 8
  memory of node 0: 63700 MiB (56000 MiB free)
  memory of node 1: 64504 MiB (62865 MiB free)
  memory of node 2: 64504 MiB (62627 MiB free)
  memory of node 3: 64461 MiB (41517 MiB free)
  memory of node 4: 64504 MiB (48813 MiB free)
  memory of node 5: 64504 MiB (51089 MiB free)
  memory of node 6: 64504 MiB (51204 MiB free)
  memory of node 7: 64491 MiB (47540 MiB free)
  node distances:
     10  12  12  12  21  21  21  21
     12  10  12  12  21  21  21  21
     12  12  10  12  21  21  21  21
     12  12  12  10  21  21  21  21
     21  21  21  21  10  12  12  12
     21  21  21  21  12  10  12  12
     21  21  21  21  12  12  10  12
     21  21  21  21  12  12  12  10

command line: /usr/local/bin/runsolver --timestamp -w /output/runsolver-watch.log -v /output/runsolver-values.log -o /output/solver-output.log -C 1800.0 -W 1800.0 -R 64000 /opt/solver/run_pyboolnet.py --instance /input/model_122.bnet 

running on 20 cores: 27-31,36-40,139,144-152

Enforcing CPUTime limit (soft limit, will send SIGTERM then SIGKILL): 1800 seconds
Enforcing CPUTime limit (hard limit, will send SIGXCPU): 1830 seconds
Enforcing wall clock limit (soft limit, will send SIGTERM then SIGKILL): 1800 seconds
Enforcing RSS+Swap limit (soft limit, will send SIGTERM then SIGKILL): 65536000 KiB
Linux 4.18.0-553.126.1.el8_10.x86_64
solver pid=16, runsolver pid=13
Current StackSize limit: 18014398509481983 KiB


[startup+0.100077 s]*
/proc/loadavg: 75.37 75.09 74.35 78/3092 17
/proc/meminfo: memFree=431764548/527542240 swapFree=32025340/33554428
[pid=16] ppid=13 vsize=14920 memory=9504 CPUtime=0.02 cores=27-40,139-152
/proc/16/stat : 16 (python3) R 13 16 0 0 -1 4194304 1168 0 56 0 1 1 0 0 20 0 1 0 522746622 15278080 2376 67087892480 93968217395200 93968220665901 140732914527872 0 0 0 0 16781312 2 0 0 0 17 34 0 0 6 0 0 93968223029264 93968223313304 93968239157248 140732914535169 140732914535239 140732914535239 140732914536423 0
/proc/16/statm: 3730 2376 1414 799 0 1349 0
Current children cumulated CPU time: 0.02 s
Current children cumulated vsize: 14920 KiB
Current children cumulated memory: 9504 KiB

[startup+0.200837 s]*
/proc/loadavg: 75.37 75.09 74.35 78/3090 17
/proc/meminfo: memFree=431750784/527542240 swapFree=32025340/33554428
[pid=16] ppid=13 vsize=19804 memory=14484 CPUtime=0.07 cores=27-40,139-152
/proc/16/stat : 16 (python3) R 13 16 0 0 -1 4194304 2350 0 74 0 5 2 0 0 20 0 1 0 522746622 20279296 3621 67087892480 93968217395200 93968220665901 140732914527872 0 0 0 0 16781312 2 0 0 0 17 34 0 0 10 0 0 93968223029264 93968223313304 93968239157248 140732914535169 140732914535239 140732914535239 140732914536423 0
/proc/16/statm: 4951 3621 1565 799 0 2475 0
Current children cumulated CPU time: 0.07 s
Current children cumulated vsize: 19804 KiB
Current children cumulated memory: 14484 KiB

[startup+0.300619 s]*
/proc/loadavg: 75.37 75.09 74.35 80/3090 17
/proc/meminfo: memFree=431741248/527542240 swapFree=32025340/33554428
[pid=16] ppid=13 vsize=24904 memory=19944 CPUtime=0.12 cores=27-40,139-152
/proc/16/stat : 16 (python3) S 13 16 0 0 -1 4194304 3695 0 80 0 8 4 0 0 20 0 1 0 522746622 25501696 4986 67087892480 93968217395200 93968220665901 140732914527872 0 0 0 0 16781312 2 1 0 0 17 34 0 0 13 0 0 93968223029264 93968223313304 93968239157248 140732914535169 140732914535239 140732914535239 140732914536423 0
/proc/16/statm: 6226 4986 1681 799 0 3738 0
Current children cumulated CPU time: 0.12 s
Current children cumulated vsize: 24904 KiB
Current children cumulated memory: 19944 KiB

[startup+0.70022 s]
/proc/loadavg: 75.37 75.09 74.35 76/3087 17
/proc/meminfo: memFree=431961768/527542240 swapFree=32025340/33554428
[pid=16] ppid=13 vsize=121276 memory=45012 CPUtime=0.29 cores=27-40,139-152
/proc/16/stat : 16 (python3) R 13 16 0 0 -1 4194304 7975 0 221 0 19 10 0 0 20 0 1 0 522746622 124186624 11253 67087892480 93968217395200 93968220665901 140732914527872 0 0 0 0 16781312 2 0 0 0 17 34 0 0 31 0 0 93968223029264 93968223313304 93968239157248 140732914535169 140732914535239 140732914535239 140732914536423 0
/proc/16/statm: 30319 11253 3904 799 0 16318 0
Current children cumulated CPU time: 0.29 s
Current children cumulated vsize: 121276 KiB
Current children cumulated memory: 45012 KiB

[startup+1.50028 s]
/proc/loadavg: 75.37 75.09 74.35 66/3089 19
/proc/meminfo: memFree=431908528/527542240 swapFree=32025340/33554428
[pid=16] ppid=13 vsize=224944 memory=70964 CPUtime=0.83 cores=27-40,139-152
/proc/16/stat : 16 (python3) I 13 16 0 0 -1 4194304 13216 0 298 0 68 15 0 0 20 0 1 0 522746622 230342656 17741 67087892480 93968217395200 93968220665901 140732914527872 0 0 0 0 16781312 2 0 0 0 17 140 0 0 52 0 0 93968223029264 93968223313304 93968239157248 140732914535169 140732914535239 140732914535239 140732914536423 0
/proc/16/statm: 56236 17741 5238 799 0 22943 0
Current children cumulated CPU time: 0.83 s
Current children cumulated vsize: 224944 KiB
Current children cumulated memory: 70964 KiB

[startup+3.10078 s]
/proc/loadavg: 75.37 75.09 74.35 76/3092 20
/proc/meminfo: memFree=431666364/527542240 swapFree=32025340/33554428
[pid=16] ppid=13 vsize=220844 memory=70988 CPUtime=0.83 cores=27-40,139-152
/proc/16/stat : 16 (python3) S 13 16 0 0 -1 4194304 13222 0 298 0 68 15 0 0 20 0 1 0 522746622 226144256 17747 67087892480 93968217395200 93968220665901 140732914527872 0 0 0 0 16781312 2 1 0 0 17 140 0 0 52 0 0 93968223029264 93968223313304 93968239157248 140732914535169 140732914535239 140732914535239 140732914536423 0
/proc/16/statm: 55211 17747 5238 799 0 21918 0
[pid=20] ppid=16 vsize=6540 memory=4004 CPUtime=1.48 cores=27-40,139-152
/proc/20/stat : 20 (BNetToPrime_lin) R 16 16 0 0 -1 4194304 209 0 3 0 148 0 0 0 20 0 1 0 522746780 6696960 1001 67087892480 4194304 4299828 140735608492496 0 0 0 0 0 0 0 0 0 17 29 0 0 0 0 0 6397400 6398600 17199104 140735608494715 140735608494828 140735608494828 140735608496029 0
/proc/20/statm: 1635 1001 876 26 0 196 0
Current children cumulated CPU time: 2.31 s
Current children cumulated vsize: 227384 KiB
Current children cumulated memory: 74992 KiB
heavy processes:

[startup+6.30046 s]
/proc/loadavg: 73.42 74.69 74.22 67/3089 20
/proc/meminfo: memFree=431875496/527542240 swapFree=32025340/33554428
[pid=16] ppid=13 vsize=220844 memory=70988 CPUtime=0.83 cores=27-40,139-152
/proc/16/stat : 16 (python3) S 13 16 0 0 -1 4194304 13222 0 298 0 68 15 0 0 20 0 1 0 522746622 226144256 17747 67087892480 93968217395200 93968220665901 140732914527872 0 0 0 0 16781312 2 1 0 0 17 140 0 0 52 0 0 93968223029264 93968223313304 93968239157248 140732914535169 140732914535239 140732914535239 140732914536423 0
/proc/16/statm: 55211 17747 5238 799 0 21918 0
[pid=20] ppid=16 vsize=6744 memory=4004 CPUtime=4.67 cores=27-40,139-152
/proc/20/stat : 20 (BNetToPrime_lin) R 16 16 0 0 -1 4194304 267 0 3 0 467 0 0 0 20 0 1 0 522746780 6905856 1001 67087892480 4194304 4299828 140735608492496 0 0 0 0 0 0 0 0 0 17 29 0 0 0 0 0 6397400 6398600 17199104 140735608494715 140735608494828 140735608494828 140735608496029 0
/proc/20/statm: 1686 1001 876 26 0 247 0
Current children cumulated CPU time: 5.5 s
Current children cumulated vsize: 227588 KiB
Current children cumulated memory: 74992 KiB

[startup+12.7004 s]
/proc/loadavg: 73.70 74.73 74.24 78/3094 20
/proc/meminfo: memFree=431824192/527542240 swapFree=32025340/33554428
[pid=16] ppid=13 vsize=220844 memory=70988 CPUtime=0.83 cores=27-40,139-152
/proc/16/stat : 16 (python3) S 13 16 0 0 -1 4194304 13222 0 298 0 68 15 0 0 20 0 1 0 522746622 226144256 17747 67087892480 93968217395200 93968220665901 140732914527872 0 0 0 0 16781312 2 1 0 0 17 140 0 0 52 0 0 93968223029264 93968223313304 93968239157248 140732914535169 140732914535239 140732914535239 140732914536423 0
/proc/16/statm: 55211 17747 5238 799 0 21918 0
[pid=20] ppid=16 vsize=7204 memory=4532 CPUtime=11.03 cores=27-40,139-152
/proc/20/stat : 20 (BNetToPrime_lin) R 16 16 0 0 -1 4194304 369 0 3 0 1103 0 0 0 20 0 1 0 522746780 7376896 1133 67087892480 4194304 4299828 140735608492496 0 0 0 0 0 0 0 0 0 17 29 0 0 0 0 0 6397400 6398600 17199104 140735608494715 140735608494828 140735608494828 140735608496029 0
/proc/20/statm: 1801 1133 876 26 0 362 0
Current children cumulated CPU time: 11.86 s
Current children cumulated vsize: 228048 KiB
Current children cumulated memory: 75520 KiB

[startup+25.5004 s]
/proc/loadavg: 74.00 74.74 74.25 74/3091 20
/proc/meminfo: memFree=431968064/527542240 swapFree=32025340/33554428
[pid=16] ppid=13 vsize=220844 memory=70988 CPUtime=0.83 cores=27-40,139-152
/proc/16/stat : 16 (python3) S 13 16 0 0 -1 4194304 13222 0 298 0 68 15 0 0 20 0 1 0 522746622 226144256 17747 67087892480 93968217395200 93968220665901 140732914527872 0 0 0 0 16781312 2 1 0 0 17 140 0 0 52 0 0 93968223029264 93968223313304 93968239157248 140732914535169 140732914535239 140732914535239 140732914536423 0
/proc/16/statm: 55211 17747 5238 799 0 21918 0
[pid=20] ppid=16 vsize=7792 memory=5120 CPUtime=23.77 cores=27-40,139-152
/proc/20/stat : 20 (BNetToPrime_lin) R 16 16 0 0 -1 4194304 582 0 3 0 2377 0 0 0 20 0 1 0 522746780 7979008 1280 67087892480 4194304 4299828 140735608492496 0 0 0 0 0 0 0 0 0 17 29 0 0 0 0 0 6397400 6398600 17199104 140735608494715 140735608494828 140735608494828 140735608496029 0
/proc/20/statm: 1948 1280 876 26 0 509 0
Current children cumulated CPU time: 24.6 s
Current children cumulated vsize: 228636 KiB
Current children cumulated memory: 76108 KiB

[startup+51.1007 s]
/proc/loadavg: 74.90 74.89 74.31 79/3093 20
/proc/meminfo: memFree=431787160/527542240 swapFree=32025340/33554428
[pid=16] ppid=13 vsize=220844 memory=70988 CPUtime=0.83 cores=27-40,139-152
/proc/16/stat : 16 (python3) S 13 16 0 0 -1 4194304 13222 0 298 0 68 15 0 0 20 0 1 0 522746622 226144256 17747 67087892480 93968217395200 93968220665901 140732914527872 0 0 0 0 16781312 2 1 0 0 17 140 0 0 52 0 0 93968223029264 93968223313304 93968239157248 140732914535169 140732914535239 140732914535239 140732914536423 0
/proc/16/statm: 55211 17747 5238 799 0 21918 0
[pid=20] ppid=16 vsize=9232 memory=6644 CPUtime=49.21 cores=27-40,139-152
/proc/20/stat : 20 (BNetToPrime_lin) R 16 16 0 0 -1 4194304 1038 0 3 0 4921 0 0 0 20 0 1 0 522746780 9453568 1661 67087892480 4194304 4299828 140735608492496 0 0 0 0 0 0 0 0 0 17 29 0 0 0 0 0 6397400 6398600 17199104 140735608494715 140735608494828 140735608494828 140735608496029 0
/proc/20/statm: 2308 1661 876 26 0 869 0
Current children cumulated CPU time: 50.04 s
Current children cumulated vsize: 230076 KiB
Current children cumulated memory: 77632 KiB

[startup+102.3 s]
/proc/loadavg: 75.75 75.13 74.42 78/3094 20
/proc/meminfo: memFree=431776660/527542240 swapFree=32025340/33554428
[pid=16] ppid=13 vsize=220844 memory=70988 CPUtime=0.83 cores=27-40,139-152
/proc/16/stat : 16 (python3) S 13 16 0 0 -1 4194304 13222 0 298 0 68 15 0 0 20 0 1 0 522746622 226144256 17747 67087892480 93968217395200 93968220665901 140732914527872 0 0 0 0 16781312 2 1 0 0 17 140 0 0 52 0 0 93968223029264 93968223313304 93968239157248 140732914535169 140732914535239 140732914535239 140732914536423 0
/proc/16/statm: 55211 17747 5238 799 0 21918 0
[pid=20] ppid=16 vsize=12244 memory=9640 CPUtime=100.12 cores=27-40,139-152
/proc/20/stat : 20 (BNetToPrime_lin) R 16 16 0 0 -1 4194304 1970 0 3 0 10011 1 0 0 20 0 1 0 522746780 12537856 2410 67087892480 4194304 4299828 140735608492496 0 0 0 0 0 0 0 0 0 17 29 0 0 0 0 0 6397400 6398600 17199104 140735608494715 140735608494828 140735608494828 140735608496029 0
/proc/20/statm: 3061 2410 876 26 0 1622 0
Current children cumulated CPU time: 100.95 s
Current children cumulated vsize: 233088 KiB
Current children cumulated memory: 80628 KiB

[startup+162.3 s]
/proc/loadavg: 74.77 74.94 74.40 75/3095 20
/proc/meminfo: memFree=432385992/527542240 swapFree=32025340/33554428
[pid=16] ppid=13 vsize=220844 memory=70988 CPUtime=0.83 cores=27-40,139-152
/proc/16/stat : 16 (python3) S 13 16 0 0 -1 4194304 13222 0 298 0 68 15 0 0 20 0 1 0 522746622 226144256 17747 67087892480 93968217395200 93968220665901 140732914527872 0 0 0 0 16781312 2 1 0 0 17 140 0 0 52 0 0 93968223029264 93968223313304 93968239157248 140732914535169 140732914535239 140732914535239 140732914536423 0
/proc/16/statm: 55211 17747 5238 799 0 21918 0
[pid=20] ppid=16 vsize=17872 memory=14948 CPUtime=159.84 cores=27-40,139-152
/proc/20/stat : 20 (BNetToPrime_lin) R 16 16 0 0 -1 4194304 3160 0 3 0 15983 1 0 0 20 0 1 0 522746780 18300928 3737 67087892480 4194304 4299828 140735608492496 0 0 0 0 0 0 0 0 0 17 29 0 0 0 0 0 6397400 6398600 17199104 140735608494715 140735608494828 140735608494828 140735608496029 0
/proc/20/statm: 4468 3737 876 26 0 3029 0
Current children cumulated CPU time: 160.67 s
Current children cumulated vsize: 238716 KiB
Current children cumulated memory: 85936 KiB

[startup+222.3 s]
/proc/loadavg: 72.91 74.43 74.26 78/3095 20
/proc/meminfo: memFree=432036280/527542240 swapFree=32025340/33554428
[pid=16] ppid=13 vsize=220844 memory=70988 CPUtime=0.83 cores=27-40,139-152
/proc/16/stat : 16 (python3) S 13 16 0 0 -1 4194304 13222 0 298 0 68 15 0 0 20 0 1 0 522746622 226144256 17747 67087892480 93968217395200 93968220665901 140732914527872 0 0 0 0 16781312 2 1 0 0 17 140 0 0 52 0 0 93968223029264 93968223313304 93968239157248 140732914535169 140732914535239 140732914535239 140732914536423 0
/proc/16/statm: 55211 17747 5238 799 0 21918 0
[pid=20] ppid=16 vsize=28996 memory=25120 CPUtime=219.48 cores=27-40,139-152
/proc/20/stat : 20 (BNetToPrime_lin) R 16 16 0 0 -1 4194304 5453 0 3 0 21946 2 0 0 20 0 1 0 522746780 29691904 6280 67087892480 4194304 4299828 140735608492496 0 0 0 0 0 0 0 0 0 17 141 0 0 0 0 0 6397400 6398600 17199104 140735608494715 140735608494828 140735608494828 140735608496029 0
/proc/20/statm: 7249 6280 876 26 0 5810 0
Current children cumulated CPU time: 220.31 s
Current children cumulated vsize: 249840 KiB
Current children cumulated memory: 96108 KiB

[startup+282.3 s]
/proc/loadavg: 74.02 74.52 74.31 75/3088 20
/proc/meminfo: memFree=431993180/527542240 swapFree=32025340/33554428
[pid=16] ppid=13 vsize=220844 memory=70988 CPUtime=0.83 cores=27-40,139-152
/proc/16/stat : 16 (python3) S 13 16 0 0 -1 4194304 13222 0 298 0 68 15 0 0 20 0 1 0 522746622 226144256 17747 67087892480 93968217395200 93968220665901 140732914527872 0 0 0 0 16781312 2 1 0 0 17 140 0 0 52 0 0 93968223029264 93968223313304 93968239157248 140732914535169 140732914535239 140732914535239 140732914536423 0
/proc/16/statm: 55211 17747 5238 799 0 21918 0
[pid=20] ppid=16 vsize=28996 memory=25120 CPUtime=279.11 cores=27-40,139-152
/proc/20/stat : 20 (BNetToPrime_lin) R 16 16 0 0 -1 4194304 5454 0 3 0 27909 2 0 0 20 0 1 0 522746780 29691904 6280 67087892480 4194304 4299828 140735608492496 0 0 0 0 0 0 0 0 0 17 29 0 0 0 0 0 6397400 6398600 17199104 140735608494715 140735608494828 140735608494828 140735608496029 0
/proc/20/statm: 7249 6280 876 26 0 5810 0
Current children cumulated CPU time: 279.94 s
Current children cumulated vsize: 249840 KiB
Current children cumulated memory: 96108 KiB

[startup+342.3 s]
/proc/loadavg: 73.07 73.97 74.12 78/3083 20
/proc/meminfo: memFree=431933632/527542240 swapFree=32025340/33554428
[pid=16] ppid=13 vsize=220844 memory=70988 CPUtime=0.83 cores=27-40,139-152
/proc/16/stat : 16 (python3) S 13 16 0 0 -1 4194304 13222 0 298 0 68 15 0 0 20 0 1 0 522746622 226144256 17747 67087892480 93968217395200 93968220665901 140732914527872 0 0 0 0 16781312 2 1 0 0 17 140 0 0 52 0 0 93968223029264 93968223313304 93968239157248 140732914535169 140732914535239 140732914535239 140732914536423 0
/proc/16/statm: 55211 17747 5238 799 0 21918 0
[pid=20] ppid=16 vsize=28996 memory=25368 CPUtime=338.74 cores=27-40,139-152
/proc/20/stat : 20 (BNetToPrime_lin) R 16 16 0 0 -1 4194304 5558 0 3 0 33872 2 0 0 20 0 1 0 522746780 29691904 6342 67087892480 4194304 4299828 140735608492496 0 0 0 0 0 0 0 0 0 17 29 0 0 0 0 0 6397400 6398600 17199104 140735608494715 140735608494828 140735608494828 140735608496029 0
/proc/20/statm: 7249 6342 876 26 0 5810 0
Current children cumulated CPU time: 339.57 s
Current children cumulated vsize: 249840 KiB
Current children cumulated memory: 96356 KiB

[startup+402.3 s]
/proc/loadavg: 75.35 74.44 74.27 70/3083 20
/proc/meminfo: memFree=432343320/527542240 swapFree=32025340/33554428
[pid=16] ppid=13 vsize=220844 memory=70988 CPUtime=0.83 cores=27-40,139-152
/proc/16/stat : 16 (python3) S 13 16 0 0 -1 4194304 13222 0 298 0 68 15 0 0 20 0 1 0 522746622 226144256 17747 67087892480 93968217395200 93968220665901 140732914527872 0 0 0 0 16781312 2 1 0 0 17 140 0 0 52 0 0 93968223029264 93968223313304 93968239157248 140732914535169 140732914535239 140732914535239 140732914536423 0
/proc/16/statm: 55211 17747 5238 799 0 21918 0
[pid=20] ppid=16 vsize=28996 memory=26424 CPUtime=398.43 cores=27-40,139-152
/proc/20/stat : 20 (BNetToPrime_lin) R 16 16 0 0 -1 4194304 5783 0 3 0 39840 3 0 0 20 0 1 0 522746780 29691904 6606 67087892480 4194304 4299828 140735608492496 0 0 0 0 0 0 0 0 0 17 29 0 0 0 0 0 6397400 6398600 17199104 140735608494715 140735608494828 140735608494828 140735608496029 0
/proc/20/statm: 7249 6606 876 26 0 5810 0
Current children cumulated CPU time: 399.26 s
Current children cumulated vsize: 249840 KiB
Current children cumulated memory: 97412 KiB

[startup+462.3 s]
/proc/loadavg: 76.57 74.91 74.44 51/3084 20
/proc/meminfo: memFree=432126864/527542240 swapFree=32025340/33554428
[pid=16] ppid=13 vsize=220844 memory=70988 CPUtime=0.83 cores=27-40,139-152
/proc/16/stat : 16 (python3) S 13 16 0 0 -1 4194304 13222 0 298 0 68 15 0 0 20 0 1 0 522746622 226144256 17747 67087892480 93968217395200 93968220665901 140732914527872 0 0 0 0 16781312 2 1 0 0 17 140 0 0 52 0 0 93968223029264 93968223313304 93968239157248 140732914535169 140732914535239 140732914535239 140732914536423 0
/proc/16/statm: 55211 17747 5238 799 0 21918 0
[pid=20] ppid=16 vsize=51772 memory=45848 CPUtime=458.06 cores=27-40,139-152
/proc/20/stat : 20 (BNetToPrime_lin) R 16 16 0 0 -1 4194304 10133 0 3 0 45802 4 0 0 20 0 1 0 522746780 53014528 11462 67087892480 4194304 4299828 140735608492496 0 0 0 0 0 0 0 0 0 17 29 0 0 0 0 0 6397400 6398600 17199104 140735608494715 140735608494828 140735608494828 140735608496029 0
/proc/20/statm: 12943 11462 876 26 0 11504 0
Current children cumulated CPU time: 458.89 s
Current children cumulated vsize: 272616 KiB
Current children cumulated memory: 116836 KiB

[startup+522.3 s]
/proc/loadavg: 76.23 75.10 74.54 78/3083 20
/proc/meminfo: memFree=432612048/527542240 swapFree=32025340/33554428
[pid=16] ppid=13 vsize=220844 memory=70988 CPUtime=0.83 cores=27-40,139-152
/proc/16/stat : 16 (python3) S 13 16 0 0 -1 4194304 13222 0 298 0 68 15 0 0 20 0 1 0 522746622 226144256 17747 67087892480 93968217395200 93968220665901 140732914527872 0 0 0 0 16781312 2 1 0 0 17 140 0 0 52 0 0 93968223029264 93968223313304 93968239157248 140732914535169 140732914535239 140732914535239 140732914536423 0
/proc/16/statm: 55211 17747 5238 799 0 21918 0
[pid=20] ppid=16 vsize=51772 memory=45848 CPUtime=517.69 cores=27-40,139-152
/proc/20/stat : 20 (BNetToPrime_lin) R 16 16 0 0 -1 4194304 10134 0 3 0 51765 4 0 0 20 0 1 0 522746780 53014528 11462 67087892480 4194304 4299828 140735608492496 0 0 0 0 0 0 0 0 0 17 141 0 0 0 0 0 6397400 6398600 17199104 140735608494715 140735608494828 140735608494828 140735608496029 0
/proc/20/statm: 12943 11462 876 26 0 11504 0
Current children cumulated CPU time: 518.52 s
Current children cumulated vsize: 272616 KiB
Current children cumulated memory: 116836 KiB

[startup+582.3 s]
/proc/loadavg: 72.85 74.22 74.26 74/3080 20
/proc/meminfo: memFree=432902044/527542240 swapFree=32025340/33554428
[pid=16] ppid=13 vsize=220844 memory=70988 CPUtime=0.83 cores=27-40,139-152
/proc/16/stat : 16 (python3) S 13 16 0 0 -1 4194304 13222 0 298 0 68 15 0 0 20 0 1 0 522746622 226144256 17747 67087892480 93968217395200 93968220665901 140732914527872 0 0 0 0 16781312 2 1 0 0 17 140 0 0 52 0 0 93968223029264 93968223313304 93968239157248 140732914535169 140732914535239 140732914535239 140732914536423 0
/proc/16/statm: 55211 17747 5238 799 0 21918 0
[pid=20] ppid=16 vsize=51772 memory=45848 CPUtime=577.33 cores=27-40,139-152
/proc/20/stat : 20 (BNetToPrime_lin) R 16 16 0 0 -1 4194304 10135 0 3 0 57729 4 0 0 20 0 1 0 522746780 53014528 11462 67087892480 4194304 4299828 140735608492496 0 0 0 0 0 0 0 0 0 17 29 0 0 0 0 0 6397400 6398600 17199104 140735608494715 140735608494828 140735608494828 140735608496029 0
/proc/20/statm: 12943 11462 876 26 0 11504 0
Current children cumulated CPU time: 578.16 s
Current children cumulated vsize: 272616 KiB
Current children cumulated memory: 116836 KiB

[startup+642.301 s]
/proc/loadavg: 72.55 74.06 74.22 78/3084 20
/proc/meminfo: memFree=432854320/527542240 swapFree=32025340/33554428
[pid=16] ppid=13 vsize=220844 memory=70988 CPUtime=0.83 cores=27-40,139-152
/proc/16/stat : 16 (python3) S 13 16 0 0 -1 4194304 13222 0 298 0 68 15 0 0 20 0 1 0 522746622 226144256 17747 67087892480 93968217395200 93968220665901 140732914527872 0 0 0 0 16781312 2 1 0 0 17 140 0 0 52 0 0 93968223029264 93968223313304 93968239157248 140732914535169 140732914535239 140732914535239 140732914536423 0
/proc/16/statm: 55211 17747 5238 799 0 21918 0
[pid=20] ppid=16 vsize=51772 memory=47896 CPUtime=636.97 cores=27-40,139-152
/proc/20/stat : 20 (BNetToPrime_lin) R 16 16 0 0 -1 4194304 10137 0 3 0 63693 4 0 0 20 0 1 0 522746780 53014528 11974 67087892480 4194304 4299828 140735608492496 0 0 0 0 0 0 0 0 0 17 29 0 0 0 0 0 6397400 6398600 17199104 140735608494715 140735608494828 140735608494828 140735608496029 0
/proc/20/statm: 12943 11974 876 26 0 11504 0
Current children cumulated CPU time: 637.8 s
Current children cumulated vsize: 272616 KiB
Current children cumulated memory: 118884 KiB

[startup+702.3 s]
/proc/loadavg: 74.34 74.28 74.28 54/3084 20
/proc/meminfo: memFree=432943968/527542240 swapFree=32025340/33554428
[pid=16] ppid=13 vsize=220844 memory=70988 CPUtime=0.83 cores=27-40,139-152
/proc/16/stat : 16 (python3) S 13 16 0 0 -1 4194304 13222 0 298 0 68 15 0 0 20 0 1 0 522746622 226144256 17747 67087892480 93968217395200 93968220665901 140732914527872 0 0 0 0 16781312 2 1 0 0 17 140 0 0 52 0 0 93968223029264 93968223313304 93968239157248 140732914535169 140732914535239 140732914535239 140732914536423 0
/proc/16/statm: 55211 17747 5238 799 0 21918 0
[pid=20] ppid=16 vsize=51772 memory=47896 CPUtime=696.61 cores=27-40,139-152
/proc/20/stat : 20 (BNetToPrime_lin) R 16 16 0 0 -1 4194304 10138 0 3 0 69657 4 0 0 20 0 1 0 522746780 53014528 11974 67087892480 4194304 4299828 140735608492496 0 0 0 0 0 0 0 0 0 17 29 0 0 0 0 0 6397400 6398600 17199104 140735608494715 140735608494828 140735608494828 140735608496029 0
/proc/20/statm: 12943 11974 876 26 0 11504 0
Current children cumulated CPU time: 697.44 s
Current children cumulated vsize: 272616 KiB
Current children cumulated memory: 118884 KiB

[startup+762.3 s]
/proc/loadavg: 74.26 74.28 74.28 78/3083 20
/proc/meminfo: memFree=432872980/527542240 swapFree=32025340/33554428
[pid=16] ppid=13 vsize=220844 memory=70988 CPUtime=0.83 cores=27-40,139-152
/proc/16/stat : 16 (python3) S 13 16 0 0 -1 4194304 13222 0 298 0 68 15 0 0 20 0 1 0 522746622 226144256 17747 67087892480 93968217395200 93968220665901 140732914527872 0 0 0 0 16781312 2 1 0 0 17 140 0 0 52 0 0 93968223029264 93968223313304 93968239157248 140732914535169 140732914535239 140732914535239 140732914536423 0
/proc/16/statm: 55211 17747 5238 799 0 21918 0
[pid=20] ppid=16 vsize=51772 memory=48388 CPUtime=756.25 cores=27-40,139-152
/proc/20/stat : 20 (BNetToPrime_lin) R 16 16 0 0 -1 4194304 10275 0 3 0 75621 4 0 0 20 0 1 0 522746780 53014528 12097 67087892480 4194304 4299828 140735608492496 0 0 0 0 0 0 0 0 0 17 141 0 0 0 0 0 6397400 6398600 17199104 140735608494715 140735608494828 140735608494828 140735608496029 0
/proc/20/statm: 12943 12097 876 26 0 11504 0
Current children cumulated CPU time: 757.08 s
Current children cumulated vsize: 272616 KiB
Current children cumulated memory: 119376 KiB

[startup+822.3 s]
/proc/loadavg: 75.35 74.66 74.42 75/3078 20
/proc/meminfo: memFree=432856512/527542240 swapFree=32025340/33554428
[pid=16] ppid=13 vsize=220844 memory=70988 CPUtime=0.83 cores=27-40,139-152
/proc/16/stat : 16 (python3) S 13 16 0 0 -1 4194304 13222 0 298 0 68 15 0 0 20 0 1 0 522746622 226144256 17747 67087892480 93968217395200 93968220665901 140732914527872 0 0 0 0 16781312 2 1 0 0 17 140 0 0 52 0 0 93968223029264 93968223313304 93968239157248 140732914535169 140732914535239 140732914535239 140732914536423 0
/proc/16/statm: 55211 17747 5238 799 0 21918 0
[pid=20] ppid=16 vsize=53488 memory=50764 CPUtime=815.96 cores=27-40,139-152
/proc/20/stat : 20 (BNetToPrime_lin) R 16 16 0 0 -1 4194304 10907 0 3 0 81591 5 0 0 20 0 1 0 522746780 54771712 12691 67087892480 4194304 4299828 140735608492496 0 0 0 0 0 0 0 0 0 17 141 0 0 0 0 0 6397400 6398600 17199104 140735608494715 140735608494828 140735608494828 140735608496029 0
/proc/20/statm: 13372 12691 876 26 0 11933 0
Current children cumulated CPU time: 816.79 s
Current children cumulated vsize: 274332 KiB
Current children cumulated memory: 121752 KiB

[startup+882.3 s]
/proc/loadavg: 74.10 74.44 74.36 78/3085 20
/proc/meminfo: memFree=432360716/527542240 swapFree=32025340/33554428
[pid=16] ppid=13 vsize=220844 memory=70988 CPUtime=0.83 cores=27-40,139-152
/proc/16/stat : 16 (python3) S 13 16 0 0 -1 4194304 13222 0 298 0 68 15 0 0 20 0 1 0 522746622 226144256 17747 67087892480 93968217395200 93968220665901 140732914527872 0 0 0 0 16781312 2 1 0 0 17 140 0 0 52 0 0 93968223029264 93968223313304 93968239157248 140732914535169 140732914535239 140732914535239 140732914536423 0
/proc/16/statm: 55211 17747 5238 799 0 21918 0
[pid=20] ppid=16 vsize=98512 memory=86392 CPUtime=875.67 cores=27-40,139-152
/proc/20/stat : 20 (BNetToPrime_lin) R 16 16 0 0 -1 4194304 19265 0 3 0 87560 7 0 0 20 0 1 0 522746780 100876288 21598 67087892480 4194304 4299828 140735608492496 0 0 0 0 0 0 0 0 0 17 141 0 0 0 0 0 6397400 6398600 17199104 140735608494715 140735608494828 140735608494828 140735608496029 0
/proc/20/statm: 24628 21598 876 26 0 23189 0
Current children cumulated CPU time: 876.5 s
Current children cumulated vsize: 319356 KiB
Current children cumulated memory: 157380 KiB

[startup+942.3 s]
/proc/loadavg: 75.72 74.86 74.51 75/3082 20
/proc/meminfo: memFree=432484612/527542240 swapFree=32025340/33554428
[pid=16] ppid=13 vsize=220844 memory=70988 CPUtime=0.83 cores=27-40,139-152
/proc/16/stat : 16 (python3) S 13 16 0 0 -1 4194304 13222 0 298 0 68 15 0 0 20 0 1 0 522746622 226144256 17747 67087892480 93968217395200 93968220665901 140732914527872 0 0 0 0 16781312 2 1 0 0 17 140 0 0 52 0 0 93968223029264 93968223313304 93968239157248 140732914535169 140732914535239 140732914535239 140732914536423 0
/proc/16/statm: 55211 17747 5238 799 0 21918 0
[pid=20] ppid=16 vsize=98512 memory=86392 CPUtime=935.35 cores=27-40,139-152
/proc/20/stat : 20 (BNetToPrime_lin) R 16 16 0 0 -1 4194304 19266 0 3 0 93528 7 0 0 20 0 1 0 522746780 100876288 21598 67087892480 4194304 4299828 140735608492496 0 0 0 0 0 0 0 0 0 17 141 0 0 0 0 0 6397400 6398600 17199104 140735608494715 140735608494828 140735608494828 140735608496029 0
/proc/20/statm: 24628 21598 876 26 0 23189 0
Current children cumulated CPU time: 936.18 s
Current children cumulated vsize: 319356 KiB
Current children cumulated memory: 157380 KiB

[startup+1002.3 s]
/proc/loadavg: 75.76 75.07 74.60 76/3082 20
/proc/meminfo: memFree=432261964/527542240 swapFree=32025340/33554428
[pid=16] ppid=13 vsize=220844 memory=70988 CPUtime=0.83 cores=27-40,139-152
/proc/16/stat : 16 (python3) S 13 16 0 0 -1 4194304 13222 0 298 0 68 15 0 0 20 0 1 0 522746622 226144256 17747 67087892480 93968217395200 93968220665901 140732914527872 0 0 0 0 16781312 2 1 0 0 17 140 0 0 52 0 0 93968223029264 93968223313304 93968239157248 140732914535169 140732914535239 140732914535239 140732914536423 0
/proc/16/statm: 55211 17747 5238 799 0 21918 0
[pid=20] ppid=16 vsize=98512 memory=88440 CPUtime=994.99 cores=27-40,139-152
/proc/20/stat : 20 (BNetToPrime_lin) R 16 16 0 0 -1 4194304 19268 0 3 0 99492 7 0 0 20 0 1 0 522746780 100876288 22110 67087892480 4194304 4299828 140735608492496 0 0 0 0 0 0 0 0 0 17 29 0 0 0 0 0 6397400 6398600 17199104 140735608494715 140735608494828 140735608494828 140735608496029 0
/proc/20/statm: 24628 22110 876 26 0 23189 0
Current children cumulated CPU time: 995.82 s
Current children cumulated vsize: 319356 KiB
Current children cumulated memory: 159428 KiB

[startup+1062.3 s]
/proc/loadavg: 75.95 75.23 74.69 66/3086 20
/proc/meminfo: memFree=436154744/527542240 swapFree=32025340/33554428
[pid=16] ppid=13 vsize=220844 memory=70988 CPUtime=0.83 cores=27-40,139-152
/proc/16/stat : 16 (python3) S 13 16 0 0 -1 4194304 13222 0 298 0 68 15 0 0 20 0 1 0 522746622 226144256 17747 67087892480 93968217395200 93968220665901 140732914527872 0 0 0 0 16781312 2 1 0 0 17 140 0 0 52 0 0 93968223029264 93968223313304 93968239157248 140732914535169 140732914535239 140732914535239 140732914536423 0
/proc/16/statm: 55211 17747 5238 799 0 21918 0
[pid=20] ppid=16 vsize=98512 memory=88440 CPUtime=1054.62 cores=27-40,139-152
/proc/20/stat : 20 (BNetToPrime_lin) R 16 16 0 0 -1 4194304 19269 0 3 0 105455 7 0 0 20 0 1 0 522746780 100876288 22110 67087892480 4194304 4299828 140735608492496 0 0 0 0 0 0 0 0 0 17 141 0 0 0 0 0 6397400 6398600 17199104 140735608494715 140735608494828 140735608494828 140735608496029 0
/proc/20/statm: 24628 22110 876 26 0 23189 0
Current children cumulated CPU time: 1055.45 s
Current children cumulated vsize: 319356 KiB
Current children cumulated memory: 159428 KiB

[startup+1122.3 s]
/proc/loadavg: 75.72 75.31 74.75 79/3087 20
/proc/meminfo: memFree=435513324/527542240 swapFree=32025340/33554428
[pid=16] ppid=13 vsize=220844 memory=70988 CPUtime=0.83 cores=27-40,139-152
/proc/16/stat : 16 (python3) S 13 16 0 0 -1 4194304 13222 0 298 0 68 15 0 0 20 0 1 0 522746622 226144256 17747 67087892480 93968217395200 93968220665901 140732914527872 0 0 0 0 16781312 2 1 0 0 17 140 0 0 52 0 0 93968223029264 93968223313304 93968239157248 140732914535169 140732914535239 140732914535239 140732914536423 0
/proc/16/statm: 55211 17747 5238 799 0 21918 0
[pid=20] ppid=16 vsize=98512 memory=88440 CPUtime=1114.26 cores=27-40,139-152
/proc/20/stat : 20 (BNetToPrime_lin) R 16 16 0 0 -1 4194304 19270 0 3 0 111419 7 0 0 20 0 1 0 522746780 100876288 22110 67087892480 4194304 4299828 140735608492496 0 0 0 0 0 0 0 0 0 17 29 0 0 0 0 0 6397400 6398600 17199104 140735608494715 140735608494828 140735608494828 140735608496029 0
/proc/20/statm: 24628 22110 876 26 0 23189 0
Current children cumulated CPU time: 1115.09 s
Current children cumulated vsize: 319356 KiB
Current children cumulated memory: 159428 KiB

[startup+1182.3 s]
/proc/loadavg: 76.26 75.55 74.87 78/3082 20
/proc/meminfo: memFree=435469592/527542240 swapFree=32025340/33554428
[pid=16] ppid=13 vsize=220844 memory=70988 CPUtime=0.83 cores=27-40,139-152
/proc/16/stat : 16 (python3) S 13 16 0 0 -1 4194304 13222 0 298 0 68 15 0 0 20 0 1 0 522746622 226144256 17747 67087892480 93968217395200 93968220665901 140732914527872 0 0 0 0 16781312 2 1 0 0 17 140 0 0 52 0 0 93968223029264 93968223313304 93968239157248 140732914535169 140732914535239 140732914535239 140732914536423 0
/proc/16/statm: 55211 17747 5238 799 0 21918 0
[pid=20] ppid=16 vsize=98512 memory=90488 CPUtime=1173.89 cores=27-40,139-152
/proc/20/stat : 20 (BNetToPrime_lin) R 16 16 0 0 -1 4194304 19272 0 3 0 117382 7 0 0 20 0 1 0 522746780 100876288 22622 67087892480 4194304 4299828 140735608492496 0 0 0 0 0 0 0 0 0 17 29 0 0 0 0 0 6397400 6398600 17199104 140735608494715 140735608494828 140735608494828 140735608496029 0
/proc/20/statm: 24628 22622 876 26 0 23189 0
Current children cumulated CPU time: 1174.72 s
Current children cumulated vsize: 319356 KiB
Current children cumulated memory: 161476 KiB

[startup+1242.3 s]
/proc/loadavg: 71.48 74.38 74.52 76/3084 20
/proc/meminfo: memFree=435290384/527542240 swapFree=32025340/33554428
[pid=16] ppid=13 vsize=220844 memory=70988 CPUtime=0.83 cores=27-40,139-152
/proc/16/stat : 16 (python3) S 13 16 0 0 -1 4194304 13222 0 298 0 68 15 0 0 20 0 1 0 522746622 226144256 17747 67087892480 93968217395200 93968220665901 140732914527872 0 0 0 0 16781312 2 1 0 0 17 140 0 0 52 0 0 93968223029264 93968223313304 93968239157248 140732914535169 140732914535239 140732914535239 140732914536423 0
/proc/16/statm: 55211 17747 5238 799 0 21918 0
[pid=20] ppid=16 vsize=98512 memory=90488 CPUtime=1233.52 cores=27-40,139-152
/proc/20/stat : 20 (BNetToPrime_lin) R 16 16 0 0 -1 4194304 19273 0 3 0 123345 7 0 0 20 0 1 0 522746780 100876288 22622 67087892480 4194304 4299828 140735608492496 0 0 0 0 0 0 0 0 0 17 29 0 0 0 0 0 6397400 6398600 17199104 140735608494715 140735608494828 140735608494828 140735608496029 0
/proc/20/statm: 24628 22622 876 26 0 23189 0
Current children cumulated CPU time: 1234.35 s
Current children cumulated vsize: 319356 KiB
Current children cumulated memory: 161476 KiB

[startup+1302.3 s]
/proc/loadavg: 74.31 74.64 74.60 74/3080 20
/proc/meminfo: memFree=434643024/527542240 swapFree=32025340/33554428
[pid=16] ppid=13 vsize=220844 memory=70988 CPUtime=0.83 cores=27-40,139-152
/proc/16/stat : 16 (python3) S 13 16 0 0 -1 4194304 13222 0 298 0 68 15 0 0 20 0 1 0 522746622 226144256 17747 67087892480 93968217395200 93968220665901 140732914527872 0 0 0 0 16781312 2 1 0 0 17 140 0 0 52 0 0 93968223029264 93968223313304 93968239157248 140732914535169 140732914535239 140732914535239 140732914536423 0
/proc/16/statm: 55211 17747 5238 799 0 21918 0
[pid=20] ppid=16 vsize=98512 memory=92536 CPUtime=1293.15 cores=27-40,139-152
/proc/20/stat : 20 (BNetToPrime_lin) R 16 16 0 0 -1 4194304 19275 0 3 0 129308 7 0 0 20 0 1 0 522746780 100876288 23134 67087892480 4194304 4299828 140735608492496 0 0 0 0 0 0 0 0 0 17 29 0 0 0 0 0 6397400 6398600 17199104 140735608494715 140735608494828 140735608494828 140735608496029 0
/proc/20/statm: 24628 23134 876 26 0 23189 0
Current children cumulated CPU time: 1293.98 s
Current children cumulated vsize: 319356 KiB
Current children cumulated memory: 163524 KiB

[startup+1362.3 s]
/proc/loadavg: 72.93 74.35 74.51 70/3083 20
/proc/meminfo: memFree=434534488/527542240 swapFree=32025340/33554428
[pid=16] ppid=13 vsize=220844 memory=70988 CPUtime=0.83 cores=27-40,139-152
/proc/16/stat : 16 (python3) S 13 16 0 0 -1 4194304 13222 0 298 0 68 15 0 0 20 0 1 0 522746622 226144256 17747 67087892480 93968217395200 93968220665901 140732914527872 0 0 0 0 16781312 2 1 0 0 17 140 0 0 52 0 0 93968223029264 93968223313304 93968239157248 140732914535169 140732914535239 140732914535239 140732914536423 0
/proc/16/statm: 55211 17747 5238 799 0 21918 0
[pid=20] ppid=16 vsize=98512 memory=92536 CPUtime=1352.77 cores=27-40,139-152
/proc/20/stat : 20 (BNetToPrime_lin) R 16 16 0 0 -1 4194304 19276 0 3 0 135270 7 0 0 20 0 1 0 522746780 100876288 23134 67087892480 4194304 4299828 140735608492496 0 0 0 0 0 0 0 0 0 17 29 0 0 0 0 0 6397400 6398600 17199104 140735608494715 140735608494828 140735608494828 140735608496029 0
/proc/20/statm: 24628 23134 876 26 0 23189 0
Current children cumulated CPU time: 1353.6 s
Current children cumulated vsize: 319356 KiB
Current children cumulated memory: 163524 KiB

[startup+1422.3 s]
/proc/loadavg: 73.70 74.24 74.46 79/3081 20
/proc/meminfo: memFree=434529808/527542240 swapFree=32025340/33554428
[pid=16] ppid=13 vsize=220844 memory=70988 CPUtime=0.83 cores=27-40,139-152
/proc/16/stat : 16 (python3) S 13 16 0 0 -1 4194304 13222 0 298 0 68 15 0 0 20 0 1 0 522746622 226144256 17747 67087892480 93968217395200 93968220665901 140732914527872 0 0 0 0 16781312 2 1 0 0 17 140 0 0 52 0 0 93968223029264 93968223313304 93968239157248 140732914535169 140732914535239 140732914535239 140732914536423 0
/proc/16/statm: 55211 17747 5238 799 0 21918 0
[pid=20] ppid=16 vsize=98512 memory=94584 CPUtime=1412.39 cores=27-40,139-152
/proc/20/stat : 20 (BNetToPrime_lin) R 16 16 0 0 -1 4194304 19278 0 3 0 141232 7 0 0 20 0 1 0 522746780 100876288 23646 67087892480 4194304 4299828 140735608492496 0 0 0 0 0 0 0 0 0 17 29 0 0 0 0 0 6397400 6398600 17199104 140735608494715 140735608494828 140735608494828 140735608496029 0
/proc/20/statm: 24628 23646 876 26 0 23189 0
Current children cumulated CPU time: 1413.22 s
Current children cumulated vsize: 319356 KiB
Current children cumulated memory: 165572 KiB

[startup+1482.3 s]
/proc/loadavg: 73.63 74.09 74.39 78/3082 20
/proc/meminfo: memFree=434462444/527542240 swapFree=32025340/33554428
[pid=16] ppid=13 vsize=220844 memory=70988 CPUtime=0.83 cores=27-40,139-152
/proc/16/stat : 16 (python3) S 13 16 0 0 -1 4194304 13222 0 298 0 68 15 0 0 20 0 1 0 522746622 226144256 17747 67087892480 93968217395200 93968220665901 140732914527872 0 0 0 0 16781312 2 1 0 0 17 140 0 0 52 0 0 93968223029264 93968223313304 93968239157248 140732914535169 140732914535239 140732914535239 140732914536423 0
/proc/16/statm: 55211 17747 5238 799 0 21918 0
[pid=20] ppid=16 vsize=98512 memory=94584 CPUtime=1472.02 cores=27-40,139-152
/proc/20/stat : 20 (BNetToPrime_lin) R 16 16 0 0 -1 4194304 19279 0 3 0 147195 7 0 0 20 0 1 0 522746780 100876288 23646 67087892480 4194304 4299828 140735608492496 0 0 0 0 0 0 0 0 0 17 29 0 0 0 0 0 6397400 6398600 17199104 140735608494715 140735608494828 140735608494828 140735608496029 0
/proc/20/statm: 24628 23646 876 26 0 23189 0
Current children cumulated CPU time: 1472.85 s
Current children cumulated vsize: 319356 KiB
Current children cumulated memory: 165572 KiB

[startup+1542.3 s]
/proc/loadavg: 73.99 74.24 74.43 69/3080 20
/proc/meminfo: memFree=434311712/527542240 swapFree=32025340/33554428
[pid=16] ppid=13 vsize=220844 memory=70988 CPUtime=0.83 cores=27-40,139-152
/proc/16/stat : 16 (python3) S 13 16 0 0 -1 4194304 13222 0 298 0 68 15 0 0 20 0 1 0 522746622 226144256 17747 67087892480 93968217395200 93968220665901 140732914527872 0 0 0 0 16781312 2 1 0 0 17 140 0 0 52 0 0 93968223029264 93968223313304 93968239157248 140732914535169 140732914535239 140732914535239 140732914536423 0
/proc/16/statm: 55211 17747 5238 799 0 21918 0
[pid=20] ppid=16 vsize=98512 memory=94584 CPUtime=1531.64 cores=27-40,139-152
/proc/20/stat : 20 (BNetToPrime_lin) R 16 16 0 0 -1 4194304 19280 0 3 0 153157 7 0 0 20 0 1 0 522746780 100876288 23646 67087892480 4194304 4299828 140735608492496 0 0 0 0 0 0 0 0 0 17 29 0 0 0 0 0 6397400 6398600 17199104 140735608494715 140735608494828 140735608494828 140735608496029 0
/proc/20/statm: 24628 23646 876 26 0 23189 0
Current children cumulated CPU time: 1532.47 s
Current children cumulated vsize: 319356 KiB
Current children cumulated memory: 165572 KiB

[startup+1602.3 s]
/proc/loadavg: 75.12 74.49 74.50 75/3089 20
/proc/meminfo: memFree=434563452/527542240 swapFree=32025340/33554428
[pid=16] ppid=13 vsize=220844 memory=70988 CPUtime=0.83 cores=27-40,139-152
/proc/16/stat : 16 (python3) S 13 16 0 0 -1 4194304 13222 0 298 0 68 15 0 0 20 0 1 0 522746622 226144256 17747 67087892480 93968217395200 93968220665901 140732914527872 0 0 0 0 16781312 2 1 0 0 17 140 0 0 52 0 0 93968223029264 93968223313304 93968239157248 140732914535169 140732914535239 140732914535239 140732914536423 0
/proc/16/statm: 55211 17747 5238 799 0 21918 0
[pid=20] ppid=16 vsize=98512 memory=95040 CPUtime=1591.32 cores=27-40,139-152
/proc/20/stat : 20 (BNetToPrime_lin) R 16 16 0 0 -1 4194304 19454 0 3 0 159125 7 0 0 20 0 1 0 522746780 100876288 23760 67087892480 4194304 4299828 140735608492496 0 0 0 0 0 0 0 0 0 17 29 0 0 0 0 0 6397400 6398600 17199104 140735608494715 140735608494828 140735608494828 140735608496029 0
/proc/20/statm: 24628 23760 876 26 0 23189 0
Current children cumulated CPU time: 1592.15 s
Current children cumulated vsize: 319356 KiB
Current children cumulated memory: 166028 KiB

[startup+1662.3 s]
/proc/loadavg: 75.54 74.71 74.58 78/3092 20
/proc/meminfo: memFree=434257908/527542240 swapFree=32025340/33554428
[pid=16] ppid=13 vsize=220844 memory=70988 CPUtime=0.83 cores=27-40,139-152
/proc/16/stat : 16 (python3) S 13 16 0 0 -1 4194304 13222 0 298 0 68 15 0 0 20 0 1 0 522746622 226144256 17747 67087892480 93968217395200 93968220665901 140732914527872 0 0 0 0 16781312 2 1 0 0 17 140 0 0 52 0 0 93968223029264 93968223313304 93968239157248 140732914535169 140732914535239 140732914535239 140732914536423 0
/proc/16/statm: 55211 17747 5238 799 0 21918 0
[pid=20] ppid=16 vsize=190672 memory=164224 CPUtime=1650.97 cores=27-40,139-152
/proc/20/stat : 20 (BNetToPrime_lin) R 16 16 0 0 -1 4194304 36714 0 3 0 165086 11 0 0 20 0 1 0 522746780 195248128 41056 67087892480 4194304 4299828 140735608492496 0 0 0 0 0 0 0 0 0 17 141 0 0 0 0 0 6397400 6398600 17199104 140735608494715 140735608494828 140735608494828 140735608496029 0
/proc/20/statm: 47668 41056 876 26 0 46229 0
Current children cumulated CPU time: 1651.8 s
Current children cumulated vsize: 411516 KiB
Current children cumulated memory: 235212 KiB

[startup+1722.3 s]
/proc/loadavg: 75.54 74.89 74.65 70/3089 20
/proc/meminfo: memFree=434630896/527542240 swapFree=32025340/33554428
[pid=16] ppid=13 vsize=220844 memory=70988 CPUtime=0.83 cores=27-40,139-152
/proc/16/stat : 16 (python3) S 13 16 0 0 -1 4194304 13222 0 298 0 68 15 0 0 20 0 1 0 522746622 226144256 17747 67087892480 93968217395200 93968220665901 140732914527872 0 0 0 0 16781312 2 1 0 0 17 140 0 0 52 0 0 93968223029264 93968223313304 93968239157248 140732914535169 140732914535239 140732914535239 140732914536423 0
/proc/16/statm: 55211 17747 5238 799 0 21918 0
[pid=20] ppid=16 vsize=190672 memory=166272 CPUtime=1710.6 cores=27-40,139-152
/proc/20/stat : 20 (BNetToPrime_lin) R 16 16 0 0 -1 4194304 36716 0 3 0 171049 11 0 0 20 0 1 0 522746780 195248128 41568 67087892480 4194304 4299828 140735608492496 0 0 0 0 0 0 0 0 0 17 29 0 0 0 0 0 6397400 6398600 17199104 140735608494715 140735608494828 140735608494828 140735608496029 0
/proc/20/statm: 47668 41568 876 26 0 46229 0
Current children cumulated CPU time: 1711.43 s
Current children cumulated vsize: 411516 KiB
Current children cumulated memory: 237260 KiB

[startup+1782.3 s]
/proc/loadavg: 75.64 75.07 74.73 51/3088 20
/proc/meminfo: memFree=434452944/527542240 swapFree=32025340/33554428
[pid=16] ppid=13 vsize=220844 memory=70988 CPUtime=0.83 cores=27-40,139-152
/proc/16/stat : 16 (python3) S 13 16 0 0 -1 4194304 13222 0 298 0 68 15 0 0 20 0 1 0 522746622 226144256 17747 67087892480 93968217395200 93968220665901 140732914527872 0 0 0 0 16781312 2 1 0 0 17 140 0 0 52 0 0 93968223029264 93968223313304 93968239157248 140732914535169 140732914535239 140732914535239 140732914536423 0
/proc/16/statm: 55211 17747 5238 799 0 21918 0
[pid=20] ppid=16 vsize=190672 memory=166272 CPUtime=1770.23 cores=27-40,139-152
/proc/20/stat : 20 (BNetToPrime_lin) R 16 16 0 0 -1 4194304 36717 0 3 0 177012 11 0 0 20 0 1 0 522746780 195248128 41568 67087892480 4194304 4299828 140735608492496 0 0 0 0 0 0 0 0 0 17 29 0 0 0 0 0 6397400 6398600 17199104 140735608494715 140735608494828 140735608494828 140735608496029 0
/proc/20/statm: 47668 41568 876 26 0 46229 0
Current children cumulated CPU time: 1771.06 s
Current children cumulated vsize: 411516 KiB
Current children cumulated memory: 237260 KiB



Maximum wall clock time exceeded: sending SIGTERM then SIGKILL

[startup+1800 s]*
/proc/loadavg: 76.11 75.21 74.78 78/3088 20
/proc/meminfo: memFree=434582172/527542240 swapFree=32025340/33554428
[pid=16] ppid=13 vsize=220844 memory=70988 CPUtime=0.83 cores=27-40,139-152
/proc/16/stat : 16 (python3) S 13 16 0 0 -1 4194304 13222 0 298 0 68 15 0 0 20 0 1 0 522746622 226144256 17747 67087892480 93968217395200 93968220665901 140732914527872 0 0 0 0 16781312 2 1 0 0 17 140 0 0 52 0 0 93968223029264 93968223313304 93968239157248 140732914535169 140732914535239 140732914535239 140732914536423 0
/proc/16/statm: 55211 17747 5238 799 0 21918 0
[pid=20] ppid=16 vsize=190672 memory=166272 CPUtime=1787.82 cores=27-40,139-152
/proc/20/stat : 20 (BNetToPrime_lin) R 16 16 0 0 -1 4194304 36717 0 3 0 178771 11 0 0 20 0 1 0 522746780 195248128 41568 67087892480 4194304 4299828 140735608492496 0 0 0 0 0 0 0 0 0 17 29 0 0 0 0 0 6397400 6398600 17199104 140735608494715 140735608494828 140735608494828 140735608496029 0
/proc/20/statm: 47668 41568 876 26 0 46229 0
Current children cumulated CPU time: 1788.65 s
Current children cumulated vsize: 411516 KiB
Current children cumulated memory: 237260 KiB

Sending SIGTERM to process tree (bottom up)
Sleeping 2 seconds

[startup+1800.01 s]
# the end of solver process 16 was just reported to runsolver
# cumulated CPU time of all completed processes:  user=0.682004 s, system=0.163407 s

[startup+1800.01 s]
# the end of solver process 20 was just reported to runsolver
# cumulated CPU time of all completed processes:  user=1788.4 s, system=0.286579 s
# this solver process was not waited by its parent and was adopted by runsolver

Solver just ended.
??? end of watcher thread
Dumping a history of the last processes samples

Child ended because it received signal 15 (SIGTERM)
Real time (s): 1800.01
CPU time (s): 1788.68
CPU user time (s): 1788.4
CPU system time (s): 0.286579
CPU usage (%): 99.3707
Max. virtual memory (cumulated for all children) (KiB): 421180
Max. memory (cumulated for all children) (KiB): 240816

getrusage(RUSAGE_CHILDREN,...) data:
user time used= 1788.4
system time used= 0.286579
maximum resident set size= 188692
integral shared memory size= 0
integral unshared data size= 0
integral unshared stack size= 0
page reclaims= 49939
page faults= 301
swaps= 0
block input operations= 93216
block output operations= 0
messages sent= 0
messages received= 0
signals received= 0
voluntary context switches= 10141
involuntary context switches= 5391


# summary of solver processes directly reported to runsolver:
#   pid: 16,20
#   total CPU time (s): 1788.68
#   total CPU user time (s): 1788.4
#   total CPU system time (s): 0.286579

??? join timestamper begins
??? join timestamper ends
??? end of timestamper thread
runsolver used 1.73702 second user time and 4.36184 second system time

The end
