runsolver version 3.4.1 (svn: 3018) Copyright (C) 2010-2013 Olivier ROUSSEL

This program is distributed in the hope that it will be useful,
but WITHOUT ANY WARRANTY; without even the implied warranty of
MERCHANTABILITY or FITNESS FOR A PARTICULAR PURPOSE.  See the
GNU General Public License for more details.

NUMA information:
  number of nodes: 8
  memory of node 0: 63700 MiB (44120 MiB free)
  memory of node 1: 64461 MiB (63459 MiB free)
  memory of node 2: 64504 MiB (63836 MiB free)
  memory of node 3: 64504 MiB (63836 MiB free)
  memory of node 4: 64504 MiB (63860 MiB free)
  memory of node 5: 64504 MiB (58639 MiB free)
  memory of node 6: 64504 MiB (62180 MiB free)
  memory of node 7: 64491 MiB (59823 MiB free)
  node distances:
     10  12  12  12  21  21  21  21
     12  10  12  12  21  21  21  21
     12  12  10  12  21  21  21  21
     12  12  12  10  21  21  21  21
     21  21  21  21  10  12  12  12
     21  21  21  21  12  10  12  12
     21  21  21  21  12  12  10  12
     21  21  21  21  12  12  12  10

command line: /usr/local/bin/runsolver --timestamp -w /output/runsolver-watch.log -v /output/runsolver-values.log -o /output/solver-output.log -C 1800.0 -W 1800.0 -R 64000 /opt/solver/run_bn4rust.py --mode cyber-complement-gfp-plus-sink-scc --instance /input/model_120.bnet 

running on 26 cores: 88-101,200-211

Enforcing CPUTime limit (soft limit, will send SIGTERM then SIGKILL): 1800 seconds
Enforcing CPUTime limit (hard limit, will send SIGXCPU): 1830 seconds
Enforcing wall clock limit (soft limit, will send SIGTERM then SIGKILL): 1800 seconds
Enforcing RSS+Swap limit (soft limit, will send SIGTERM then SIGKILL): 65536000 KiB
Linux 4.18.0-553.159.1.el8_10.x86_64
Current StackSize limit: 18014398509481983 KiB

solver pid=16, runsolver pid=14

[startup+0.100074 s]*
/proc/loadavg: 3.94 4.75 4.85 5/2888 17
/proc/meminfo: memFree=491309924/527542224 swapFree=33534716/33554428
[pid=16] ppid=14 vsize=15800 memory=10044 CPUtime=0.02 cores=88-101,200-213
/proc/16/stat : 16 (python3) D 14 16 0 0 -1 4194304 1397 0 84 0 2 0 0 0 20 0 1 0 53419384 16179200 2511 67087892480 4194304 7154137 140731677616640 0 0 0 0 16781312 2 0 0 0 17 203 0 0 6 0 0 9727432 11029816 18898944 140731677625151 140731677625261 140731677625261 140731677626343 0
/proc/16/statm: 3950 2511 1376 723 0 1674 0
Current children cumulated CPU time: 0.02 s
Current children cumulated vsize: 15800 KiB
Current children cumulated memory: 10044 KiB

[startup+0.200525 s]*
/proc/loadavg: 3.94 4.75 4.85 5/2889 18
/proc/meminfo: memFree=491275008/527542224 swapFree=33534716/33554428
[pid=16] ppid=14 vsize=17684 memory=12352 CPUtime=0.04 cores=88-101,200-213
/proc/16/stat : 16 (python3) S 14 16 0 0 -1 4194304 1896 0 96 0 3 1 0 0 20 0 1 0 53419384 18108416 3088 67087892480 4194304 7154137 140731677616640 0 0 0 0 16781312 2 1 0 0 17 203 0 0 8 0 0 9727432 11029816 18898944 140731677625151 140731677625261 140731677625261 140731677626343 0
/proc/16/statm: 4421 3088 1494 723 0 2063 0
[pid=18] ppid=16 vsize=14188 memory=9364 CPUtime=0.04 cores=88-101,200-213
/proc/18/stat : 18 (bn4rust) R 16 16 0 0 -1 4194304 2700 0 19 0 4 0 0 0 20 0 1 0 53419398 14528512 2275 67087892480 94011160887296 94011162754417 140733962657472 0 0 0 0 4096 1088 0 0 0 17 88 0 0 1 0 0 94011163012480 94011163059416 94011174223872 140733962660610 140733962660758 140733962660758 140733962661857 0
/proc/18/statm: 3547 2275 1077 456 0 1708 0
Current children cumulated CPU time: 0.08 s
Current children cumulated vsize: 31872 KiB
Current children cumulated memory: 21716 KiB

[startup+0.3005 s]*
/proc/loadavg: 3.94 4.75 4.85 5/2889 18
/proc/meminfo: memFree=491257060/527542224 swapFree=33534716/33554428
[pid=16] ppid=14 vsize=17684 memory=12352 CPUtime=0.04 cores=88-101,200-213
/proc/16/stat : 16 (python3) S 14 16 0 0 -1 4194304 1896 0 96 0 3 1 0 0 20 0 1 0 53419384 18108416 3088 67087892480 4194304 7154137 140731677616640 0 0 0 0 16781312 2 1 0 0 17 203 0 0 8 0 0 9727432 11029816 18898944 140731677625151 140731677625261 140731677625261 140731677626343 0
/proc/16/statm: 4421 3088 1494 723 0 2063 0
[pid=18] ppid=16 vsize=31852 memory=26968 CPUtime=0.14 cores=88-101,200-213
/proc/18/stat : 18 (bn4rust) R 16 16 0 0 -1 4194304 8354 0 19 0 13 1 0 0 20 0 1 0 53419398 32616448 6742 67087892480 94011160887296 94011162754417 140733962657472 0 0 0 0 4096 1088 0 0 0 17 88 0 0 1 0 0 94011163012480 94011163059416 94011174223872 140733962660610 140733962660758 140733962660758 140733962661857 0
/proc/18/statm: 7963 6742 1077 456 0 6124 0
Current children cumulated CPU time: 0.18 s
Current children cumulated vsize: 49536 KiB
Current children cumulated memory: 39320 KiB

[startup+0.700226 s]
/proc/loadavg: 3.94 4.75 4.85 5/2889 18
/proc/meminfo: memFree=491210664/527542224 swapFree=33534716/33554428
[pid=16] ppid=14 vsize=17684 memory=12352 CPUtime=0.04 cores=88-101,200-213
/proc/16/stat : 16 (python3) S 14 16 0 0 -1 4194304 1896 0 96 0 3 1 0 0 20 0 1 0 53419384 18108416 3088 67087892480 4194304 7154137 140731677616640 0 0 0 0 16781312 2 1 0 0 17 203 0 0 8 0 0 9727432 11029816 18898944 140731677625151 140731677625261 140731677625261 140731677626343 0
/proc/16/statm: 4421 3088 1494 723 0 2063 0
[pid=18] ppid=16 vsize=24352 memory=20960 CPUtime=0.53 cores=88-101,200-213
/proc/18/stat : 18 (bn4rust) R 16 16 0 0 -1 4194304 11585 0 19 0 52 1 0 0 20 0 1 0 53419398 24936448 5240 67087892480 94011160887296 94011162754417 140733962657472 0 0 0 0 4096 1088 0 0 0 17 88 0 0 1 0 0 94011163012480 94011163059416 94011174223872 140733962660610 140733962660758 140733962660758 140733962661857 0
/proc/18/statm: 6088 5240 1077 456 0 4249 0
Current children cumulated CPU time: 0.57 s
Current children cumulated vsize: 42036 KiB
Current children cumulated memory: 33312 KiB

[startup+1.50024 s]
/proc/loadavg: 3.94 4.75 4.85 5/2889 18
/proc/meminfo: memFree=491292060/527542224 swapFree=33534716/33554428
[pid=16] ppid=14 vsize=17684 memory=12352 CPUtime=0.04 cores=88-101,200-213
/proc/16/stat : 16 (python3) S 14 16 0 0 -1 4194304 1897 0 96 0 3 1 0 0 20 0 1 0 53419384 18108416 3088 67087892480 4194304 7154137 140731677616640 0 0 0 0 16781312 2 1 0 0 17 203 0 0 8 0 0 9727432 11029816 18898944 140731677625151 140731677625261 140731677625261 140731677626343 0
/proc/16/statm: 4421 3088 1494 723 0 2063 0
[pid=18] ppid=16 vsize=22136 memory=18976 CPUtime=1.33 cores=88-101,200-213
/proc/18/stat : 18 (bn4rust) R 16 16 0 0 -1 4194304 14920 0 19 0 131 2 0 0 20 0 1 0 53419398 22667264 4744 67087892480 94011160887296 94011162754417 140733962657472 0 0 0 0 4096 1088 0 0 0 17 88 0 0 1 0 0 94011163012480 94011163059416 94011174223872 140733962660610 140733962660758 140733962660758 140733962661857 0
/proc/18/statm: 5534 4744 1077 456 0 3695 0
Current children cumulated CPU time: 1.37 s
Current children cumulated vsize: 39820 KiB
Current children cumulated memory: 31328 KiB

[startup+3.10046 s]
/proc/loadavg: 3.94 4.74 4.85 5/2889 18
/proc/meminfo: memFree=491214504/527542224 swapFree=33534716/33554428
[pid=16] ppid=14 vsize=17684 memory=12352 CPUtime=0.04 cores=88-101,200-213
/proc/16/stat : 16 (python3) S 14 16 0 0 -1 4194304 1897 0 96 0 3 1 0 0 20 0 1 0 53419384 18108416 3088 67087892480 4194304 7154137 140731677616640 0 0 0 0 16781312 2 1 0 0 17 203 0 0 8 0 0 9727432 11029816 18898944 140731677625151 140731677625261 140731677625261 140731677626343 0
/proc/16/statm: 4421 3088 1494 723 0 2063 0
[pid=18] ppid=16 vsize=21880 memory=17112 CPUtime=2.93 cores=88-101,200-213
/proc/18/stat : 18 (bn4rust) R 16 16 0 0 -1 4194304 27377 0 19 0 288 5 0 0 20 0 1 0 53419398 22405120 4278 67087892480 94011160887296 94011162754417 140733962657472 0 0 0 0 4096 1088 0 0 0 17 88 0 0 1 0 0 94011163012480 94011163059416 94011174223872 140733962660610 140733962660758 140733962660758 140733962661857 0
/proc/18/statm: 5470 4278 1077 456 0 3631 0
Current children cumulated CPU time: 2.97 s
Current children cumulated vsize: 39564 KiB
Current children cumulated memory: 29464 KiB

[startup+6.30023 s]
/proc/loadavg: 3.94 4.74 4.85 5/2889 18
/proc/meminfo: memFree=491207600/527542224 swapFree=33534716/33554428
[pid=16] ppid=14 vsize=17684 memory=12352 CPUtime=0.04 cores=88-101,200-213
/proc/16/stat : 16 (python3) S 14 16 0 0 -1 4194304 1897 0 96 0 3 1 0 0 20 0 1 0 53419384 18108416 3088 67087892480 4194304 7154137 140731677616640 0 0 0 0 16781312 2 1 0 0 17 203 0 0 8 0 0 9727432 11029816 18898944 140731677625151 140731677625261 140731677625261 140731677626343 0
/proc/16/statm: 4421 3088 1494 723 0 2063 0
[pid=18] ppid=16 vsize=22968 memory=18856 CPUtime=6.12 cores=88-101,200-213
/proc/18/stat : 18 (bn4rust) R 16 16 0 0 -1 4194304 44872 0 19 0 603 9 0 0 20 0 1 0 53419398 23519232 4714 67087892480 94011160887296 94011162754417 140733962657472 0 0 0 0 4096 1088 0 0 0 17 88 0 0 1 0 0 94011163012480 94011163059416 94011174223872 140733962660610 140733962660758 140733962660758 140733962661857 0
/proc/18/statm: 5742 4714 1077 456 0 3903 0
Current children cumulated CPU time: 6.16 s
Current children cumulated vsize: 40652 KiB
Current children cumulated memory: 31208 KiB

[startup+12.7002 s]
/proc/loadavg: 3.95 4.73 4.84 5/2889 18
/proc/meminfo: memFree=491267496/527542224 swapFree=33534716/33554428
[pid=16] ppid=14 vsize=17684 memory=12352 CPUtime=0.04 cores=88-101,200-213
/proc/16/stat : 16 (python3) S 14 16 0 0 -1 4194304 1897 0 96 0 3 1 0 0 20 0 1 0 53419384 18108416 3088 67087892480 4194304 7154137 140731677616640 0 0 0 0 16781312 2 1 0 0 17 203 0 0 8 0 0 9727432 11029816 18898944 140731677625151 140731677625261 140731677625261 140731677626343 0
/proc/16/statm: 4421 3088 1494 723 0 2063 0
[pid=18] ppid=16 vsize=29624 memory=24860 CPUtime=12.51 cores=88-101,200-213
/proc/18/stat : 18 (bn4rust) R 16 16 0 0 -1 4194304 78223 0 19 0 1235 16 0 0 20 0 1 0 53419398 30334976 6215 67087892480 94011160887296 94011162754417 140733962657472 0 0 0 0 4096 1088 0 0 0 17 88 0 0 1 0 0 94011163012480 94011163059416 94011174223872 140733962660610 140733962660758 140733962660758 140733962661857 0
/proc/18/statm: 7406 6215 1077 456 0 5567 0
Current children cumulated CPU time: 12.55 s
Current children cumulated vsize: 47308 KiB
Current children cumulated memory: 37212 KiB

[startup+21.065 s]
# the end of solver process 16 was just reported to runsolver
# cumulated CPU time of all completed processes:  user=20.6053 s, system=0.300997 s

Solver just ended.
??? end of watcher thread
Dumping a history of the last processes samples

[startup+12.8003 s]
/proc/loadavg: 3.95 4.73 4.84 5/2889 18
/proc/meminfo: memFree=491267496/527542224 swapFree=33534716/33554428
[pid=16] ppid=14 vsize=17684 memory=12352 CPUtime=0.04 cores=88-101,200-213
/proc/16/stat : 16 (python3) S 14 16 0 0 -1 4194304 1897 0 96 0 3 1 0 0 20 0 1 0 53419384 18108416 3088 67087892480 4194304 7154137 140731677616640 0 0 0 0 16781312 2 1 0 0 17 203 0 0 8 0 0 9727432 11029816 18898944 140731677625151 140731677625261 140731677625261 140731677626343 0
/proc/16/statm: 4421 3088 1494 723 0 2063 0
[pid=18] ppid=16 vsize=25528 memory=21760 CPUtime=12.6 cores=88-101,200-213
/proc/18/stat : 18 (bn4rust) R 16 16 0 0 -1 4194304 80588 0 19 0 1244 16 0 0 20 0 1 0 53419398 26140672 5440 67087892480 94011160887296 94011162754417 140733962657472 0 0 0 0 4096 1088 0 0 0 17 88 0 0 1 0 0 94011163012480 94011163059416 94011174223872 140733962660610 140733962660758 140733962660758 140733962661857 0
/proc/18/statm: 6382 5440 1077 456 0 4543 0
Current children cumulated CPU time: 12.64 s
Current children cumulated vsize: 43212 KiB
Current children cumulated memory: 34112 KiB

[startup+16.0002 s]*
/proc/loadavg: 3.95 4.71 4.84 5/2889 18
/proc/meminfo: memFree=491281460/527542224 swapFree=33534716/33554428
[pid=16] ppid=14 vsize=17684 memory=12352 CPUtime=0.04 cores=88-101,200-213
/proc/16/stat : 16 (python3) S 14 16 0 0 -1 4194304 1897 0 96 0 3 1 0 0 20 0 1 0 53419384 18108416 3088 67087892480 4194304 7154137 140731677616640 0 0 0 0 16781312 2 1 0 0 17 203 0 0 8 0 0 9727432 11029816 18898944 140731677625151 140731677625261 140731677625261 140731677626343 0
/proc/16/statm: 4421 3088 1494 723 0 2063 0
[pid=18] ppid=16 vsize=22968 memory=18856 CPUtime=15.8 cores=88-101,200-213
/proc/18/stat : 18 (bn4rust) R 16 16 0 0 -1 4194304 96125 0 19 0 1559 21 0 0 20 0 1 0 53419398 23519232 4714 67087892480 94011160887296 94011162754417 140733962657472 0 0 0 0 4096 1088 0 0 0 17 88 0 0 1 0 0 94011163012480 94011163059416 94011174223872 140733962660610 140733962660758 140733962660758 140733962661857 0
/proc/18/statm: 5742 4714 1077 456 0 3903 0
Current children cumulated CPU time: 15.84 s
Current children cumulated vsize: 40652 KiB
Current children cumulated memory: 31208 KiB

[startup+19.2002 s]
/proc/loadavg: 3.96 4.70 4.83 5/2887 18
/proc/meminfo: memFree=491310024/527542224 swapFree=33534716/33554428
[pid=16] ppid=14 vsize=17684 memory=12352 CPUtime=0.04 cores=88-101,200-213
/proc/16/stat : 16 (python3) S 14 16 0 0 -1 4194304 1897 0 96 0 3 1 0 0 20 0 1 0 53419384 18108416 3088 67087892480 4194304 7154137 140731677616640 0 0 0 0 16781312 2 1 0 0 17 203 0 0 8 0 0 9727432 11029816 18898944 140731677625151 140731677625261 140731677625261 140731677626343 0
/proc/16/statm: 4421 3088 1494 723 0 2063 0
[pid=18] ppid=16 vsize=26552 memory=23208 CPUtime=18.99 cores=88-101,200-213
/proc/18/stat : 18 (bn4rust) R 16 16 0 0 -1 4194304 117156 0 19 0 1874 25 0 0 20 0 1 0 53419398 27189248 5802 67087892480 94011160887296 94011162754417 140733962657472 0 0 0 0 4096 1088 0 0 0 17 88 0 0 1 0 0 94011163012480 94011163059416 94011174223872 140733962660610 140733962660758 140733962660758 140733962661857 0
/proc/18/statm: 6638 5802 1077 456 0 4799 0
Current children cumulated CPU time: 19.03 s
Current children cumulated vsize: 44236 KiB
Current children cumulated memory: 35560 KiB

[startup+20.0002 s]*
/proc/loadavg: 3.96 4.70 4.83 5/2887 18
/proc/meminfo: memFree=491264248/527542224 swapFree=33534716/33554428
[pid=16] ppid=14 vsize=17684 memory=12352 CPUtime=0.04 cores=88-101,200-213
/proc/16/stat : 16 (python3) S 14 16 0 0 -1 4194304 1897 0 96 0 3 1 0 0 20 0 1 0 53419384 18108416 3088 67087892480 4194304 7154137 140731677616640 0 0 0 0 16781312 2 1 0 0 17 203 0 0 8 0 0 9727432 11029816 18898944 140731677625151 140731677625261 140731677625261 140731677626343 0
/proc/16/statm: 4421 3088 1494 723 0 2063 0
[pid=18] ppid=16 vsize=43704 memory=40096 CPUtime=19.78 cores=88-101,200-213
/proc/18/stat : 18 (bn4rust) R 16 16 0 0 -1 4194304 124188 0 19 0 1952 26 0 0 20 0 1 0 53419398 44752896 10024 67087892480 94011160887296 94011162754417 140733962657472 0 0 0 0 4096 1088 0 0 0 17 88 0 0 1 0 0 94011163012480 94011163059416 94011174223872 140733962660610 140733962660758 140733962660758 140733962661857 0
/proc/18/statm: 10926 10024 1077 456 0 9087 0
Current children cumulated CPU time: 19.82 s
Current children cumulated vsize: 61388 KiB
Current children cumulated memory: 52448 KiB

[startup+20.8002 s]
/proc/loadavg: 3.96 4.70 4.83 5/2887 18
/proc/meminfo: memFree=491264248/527542224 swapFree=33534716/33554428
[pid=16] ppid=14 vsize=17684 memory=12352 CPUtime=0.04 cores=88-101,200-213
/proc/16/stat : 16 (python3) S 14 16 0 0 -1 4194304 1897 0 96 0 3 1 0 0 20 0 1 0 53419384 18108416 3088 67087892480 4194304 7154137 140731677616640 0 0 0 0 16781312 2 1 0 0 17 203 0 0 8 0 0 9727432 11029816 18898944 140731677625151 140731677625261 140731677625261 140731677626343 0
/proc/16/statm: 4421 3088 1494 723 0 2063 0
[pid=18] ppid=16 vsize=20664 memory=17272 CPUtime=20.59 cores=88-101,200-213
/proc/18/stat : 18 (bn4rust) R 16 16 0 0 -1 4194304 130339 0 19 0 2031 28 0 0 20 0 1 0 53419398 21159936 4318 67087892480 94011160887296 94011162754417 140733962657472 0 0 0 0 4096 1088 0 0 0 17 88 0 0 1 0 0 94011163012480 94011163059416 94011174223872 140733962660610 140733962660758 140733962660758 140733962661857 0
/proc/18/statm: 5166 4318 1077 456 0 3327 0
Current children cumulated CPU time: 20.63 s
Current children cumulated vsize: 38348 KiB
Current children cumulated memory: 29624 KiB

[startup+21.0002 s]*
/proc/loadavg: 3.96 4.70 4.83 5/2887 18
/proc/meminfo: memFree=491187912/527542224 swapFree=33534716/33554428
[pid=16] ppid=14 vsize=17684 memory=12352 CPUtime=0.04 cores=88-101,200-213
/proc/16/stat : 16 (python3) S 14 16 0 0 -1 4194304 1897 0 96 0 3 1 0 0 20 0 1 0 53419384 18108416 3088 67087892480 4194304 7154137 140731677616640 0 0 0 0 16781312 2 1 0 0 17 203 0 0 8 0 0 9727432 11029816 18898944 140731677625151 140731677625261 140731677625261 140731677626343 0
/proc/16/statm: 4421 3088 1494 723 0 2063 0
[pid=18] ppid=16 vsize=20664 memory=17272 CPUtime=20.79 cores=88-101,200-213
/proc/18/stat : 18 (bn4rust) R 16 16 0 0 -1 4194304 130339 0 19 0 2051 28 0 0 20 0 1 0 53419398 21159936 4318 67087892480 94011160887296 94011162754417 140733962657472 0 0 0 0 4096 1088 0 0 0 17 88 0 0 1 0 0 94011163012480 94011163059416 94011174223872 140733962660610 140733962660758 140733962660758 140733962661857 0
/proc/18/statm: 5166 4318 1077 456 0 3327 0
Current children cumulated CPU time: 20.83 s
Current children cumulated vsize: 38348 KiB
Current children cumulated memory: 29624 KiB

Child status: 0
Real time (s): 21.0651
CPU time (s): 20.9063
CPU user time (s): 20.6053
CPU system time (s): 0.300997
CPU usage (%): 99.2461
Max. virtual memory (cumulated for all children) (KiB): 64204
Max. memory (cumulated for all children) (KiB): 54424

getrusage(RUSAGE_CHILDREN,...) data:
user time used= 20.6053
system time used= 0.300997
maximum resident set size= 43196
integral shared memory size= 0
integral unshared data size= 0
integral unshared stack size= 0
page reclaims= 132257
page faults= 117
swaps= 0
block input operations= 20024
block output operations= 0
messages sent= 0
messages received= 0
signals received= 0
voluntary context switches= 1004
involuntary context switches= 29


# summary of solver processes directly reported to runsolver:
#   pid: 16
#   total CPU time (s): 20.9063
#   total CPU user time (s): 20.6053
#   total CPU system time (s): 0.300997

??? join timestamper begins
??? join timestamper ends
??? end of timestamper thread
runsolver used 0.013411 second user time and 0.033018 second system time

The end
