runsolver version 3.4.1 (svn: 3018) Copyright (C) 2010-2013 Olivier ROUSSEL

This program is distributed in the hope that it will be useful,
but WITHOUT ANY WARRANTY; without even the implied warranty of
MERCHANTABILITY or FITNESS FOR A PARTICULAR PURPOSE.  See the
GNU General Public License for more details.

NUMA information:
  number of nodes: 8
  memory of node 0: 63700 MiB (61782 MiB free)
  memory of node 1: 64461 MiB (61113 MiB free)
  memory of node 2: 64504 MiB (63930 MiB free)
  memory of node 3: 64504 MiB (63914 MiB free)
  memory of node 4: 64504 MiB (63383 MiB free)
  memory of node 5: 64504 MiB (63384 MiB free)
  memory of node 6: 64504 MiB (63734 MiB free)
  memory of node 7: 64491 MiB (63690 MiB free)
  node distances:
     10  12  12  12  21  21  21  21
     12  10  12  12  21  21  21  21
     12  12  10  12  21  21  21  21
     12  12  12  10  21  21  21  21
     21  21  21  21  10  12  12  12
     21  21  21  21  12  10  12  12
     21  21  21  21  12  12  10  12
     21  21  21  21  12  12  12  10

command line: /usr/local/bin/runsolver --timestamp -w /output/runsolver-watch.log -v /output/runsolver-values.log -o /output/solver-output.log -C 1800.0 -W 1800.0 -R 64000 /opt/solver/run_bn4rust.py --mode cyber-forward-baseline --instance /input/model_191.bnet 

running on 20 cores: 28-31,36-41,144-153

Enforcing CPUTime limit (soft limit, will send SIGTERM then SIGKILL): 1800 seconds
Enforcing CPUTime limit (hard limit, will send SIGXCPU): 1830 seconds
Enforcing wall clock limit (soft limit, will send SIGTERM then SIGKILL): 1800 seconds
Enforcing RSS+Swap limit (soft limit, will send SIGTERM then SIGKILL): 65536000 KiB
Linux 4.18.0-553.159.1.el8_10.x86_64
Current StackSize limit: 18014398509481983 KiB

solver pid=16, runsolver pid=13

[startup+0.100067 s]*
/proc/loadavg: 3.61 13.28 18.60 10/2864 17
/proc/meminfo: memFree=516981112/527542212 swapFree=33539068/33554428
[pid=16] ppid=13 vsize=15800 memory=9984 CPUtime=0.01 cores=28-41,140-153
/proc/16/stat : 16 (python3) R 13 16 0 0 -1 4194304 1379 0 84 0 1 0 0 0 20 0 1 0 53231545 16179200 2496 67087892480 4194304 7154137 140724934442832 0 0 0 0 16781312 2 0 0 0 17 33 0 0 6 0 0 9727432 11029816 19447808 140724934449995 140724934450093 140724934450093 140724934451175 0
/proc/16/statm: 3950 2496 1393 723 0 1674 0
Current children cumulated CPU time: 0.01 s
Current children cumulated vsize: 15800 KiB
Current children cumulated memory: 9984 KiB

[startup+0.200596 s]*
/proc/loadavg: 3.61 13.28 18.60 10/2893 18
/proc/meminfo: memFree=516921292/527542212 swapFree=33539068/33554428
[pid=16] ppid=13 vsize=17684 memory=12488 CPUtime=0.04 cores=28-41,140-153
/proc/16/stat : 16 (python3) S 13 16 0 0 -1 4194304 1886 0 96 0 3 1 0 0 20 0 1 0 53231545 18108416 3122 67087892480 4194304 7154137 140724934442832 0 0 0 0 16781312 2 1 0 0 17 33 0 0 8 0 0 9727432 11029816 19447808 140724934449995 140724934450093 140724934450093 140724934451175 0
/proc/16/statm: 4421 3122 1512 723 0 2063 0
[pid=18] ppid=16 vsize=8000 memory=4768 CPUtime=0.04 cores=28-41,140-153
/proc/18/stat : 18 (bn4rust) R 16 16 0 0 -1 4194304 202 0 17 0 4 0 0 0 20 0 1 0 53231559 8192000 1192 67087892480 94919212871680 94919214738801 140720508731616 0 0 0 0 4096 1088 0 0 0 17 28 0 0 1 0 0 94919214996864 94919215043800 94919217020928 140720508734222 140720508734358 140720508734358 140720508735457 0
/proc/18/statm: 2000 1192 1074 456 0 161 0
Current children cumulated CPU time: 0.08 s
Current children cumulated vsize: 25684 KiB
Current children cumulated memory: 17256 KiB

[startup+0.224705 s]
# the end of solver process 16 was just reported to runsolver
# cumulated CPU time of all completed processes:  user=0.094745 s, system=0.016981 s

Solver just ended.
??? end of watcher thread
Dumping a history of the last processes samples

Child status: 0
Real time (s): 0.224713
CPU time (s): 0.111726
CPU user time (s): 0.094745
CPU system time (s): 0.016981
CPU usage (%): 49.7194
Max. virtual memory (cumulated for all children) (KiB): 25684
Max. memory (cumulated for all children) (KiB): 17256

getrusage(RUSAGE_CHILDREN,...) data:
user time used= 0.094745
system time used= 0.016981
maximum resident set size= 12632
integral shared memory size= 0
integral unshared data size= 0
integral unshared stack size= 0
page reclaims= 2108
page faults= 115
swaps= 0
block input operations= 19800
block output operations= 0
messages sent= 0
messages received= 0
signals received= 0
voluntary context switches= 994
involuntary context switches= 0


# summary of solver processes directly reported to runsolver:
#   pid: 16
#   total CPU time (s): 0.111726
#   total CPU user time (s): 0.094745
#   total CPU system time (s): 0.016981

??? join timestamper begins
??? join timestamper ends
??? end of timestamper thread
runsolver used 0.001693 second user time and 0.005087 second system time

The end
