# WCTIME: wall clock time in seconds
WCTIME=0.175151
# CPUTIME: CPU time in seconds (USERTIME+SYSTEMTIME)
CPUTIME=0.059113
# USERTIME: CPU time spent in user mode in seconds
USERTIME=0.043334
# SYSTEMTIME: CPU time spent in system mode in seconds
SYSTEMTIME=0.015779
# CPUUSAGE: CPUTIME/WCTIME in percent
CPUUSAGE=33.7497
# MAXVM: maximum virtual memory used in KiB
MAXVM=15748
# MAXMM: maximum memory used in KiB
MAXMM=9908
# MAXRSS: maximum Resident Segment Size in KiB
MAXRSS=12556
# TIMEOUT: did the solver exceed the time limit?
TIMEOUT=false
# MEMOUT: did the solver exceed the memory limit?
MEMOUT=false
# EXITSTATUS: Exit status of the solver
EXITSTATUS=0
