runsolver version 3.4.1 (svn: 3018) Copyright (C) 2010-2013 Olivier ROUSSEL

This program is distributed in the hope that it will be useful,
but WITHOUT ANY WARRANTY; without even the implied warranty of
MERCHANTABILITY or FITNESS FOR A PARTICULAR PURPOSE.  See the
GNU General Public License for more details.

NUMA information:
  number of nodes: 8
  memory of node 0: 63700 MiB (54421 MiB free)
  memory of node 1: 64504 MiB (60893 MiB free)
  memory of node 2: 64461 MiB (55292 MiB free)
  memory of node 3: 64504 MiB (58265 MiB free)
  memory of node 4: 64504 MiB (34397 MiB free)
  memory of node 5: 64504 MiB (51765 MiB free)
  memory of node 6: 64504 MiB (63791 MiB free)
  memory of node 7: 64491 MiB (61724 MiB free)
  node distances:
     10  12  12  12  21  21  21  21
     12  10  12  12  21  21  21  21
     12  12  10  12  21  21  21  21
     12  12  12  10  21  21  21  21
     21  21  21  21  10  12  12  12
     21  21  21  21  12  10  12  12
     21  21  21  21  12  12  10  12
     21  21  21  21  12  12  12  10

command line: /usr/local/bin/runsolver --timestamp -w /output/runsolver-watch.log -v /output/runsolver-values.log -o /output/solver-output.log -C 1800.0 -W 1800.0 -R 64000 /opt/solver/run_bn4rust.py --mode cyber-complement-gfp --instance /input/model_033.bnet 

running on 28 cores: 50-55,162-167,76-82,111,188-194,223

Enforcing CPUTime limit (soft limit, will send SIGTERM then SIGKILL): 1800 seconds
Enforcing CPUTime limit (hard limit, will send SIGXCPU): 1830 seconds
Enforcing wall clock limit (soft limit, will send SIGTERM then SIGKILL): 1800 seconds
Enforcing RSS+Swap limit (soft limit, will send SIGTERM then SIGKILL): 65536000 KiB
Linux 4.18.0-553.159.1.el8_10.x86_64
Current StackSize limit: 18014398509481983 KiB

solver pid=16, runsolver pid=13

[startup+0.100121 s]*
/proc/loadavg: 67.24 79.63 78.87 57/2953 17
/proc/meminfo: memFree=451102916/527542220 swapFree=33429500/33554428
[pid=16] ppid=13 vsize=15748 memory=9980 CPUtime=0.02 cores=50-55,76-82,111,162-167,188-194,223
/proc/16/stat : 16 (python3) S 13 16 0 0 -1 4194304 1365 0 81 0 2 0 0 0 20 0 1 0 53383278 16125952 2495 67087892480 4194304 7154137 140729920036448 0 0 0 0 16781312 2 1 0 0 17 54 0 0 6 0 0 9727432 11029816 43855872 140729920043853 140729920043949 140729920043949 140729920045031 0
/proc/16/statm: 3937 2495 1393 723 0 1673 0
Current children cumulated CPU time: 0.02 s
Current children cumulated vsize: 15748 KiB
Current children cumulated memory: 9980 KiB

[startup+0.17666 s]
# the end of solver process 16 was just reported to runsolver
# cumulated CPU time of all completed processes:  user=0.041693 s, system=0.020079 s

Solver just ended.
??? end of watcher thread
Dumping a history of the last processes samples

[startup+0.100121 s]*
/proc/loadavg: 67.24 79.63 78.87 57/2953 17
/proc/meminfo: memFree=451102916/527542220 swapFree=33429500/33554428
[pid=16] ppid=13 vsize=15748 memory=9980 CPUtime=0.02 cores=50-55,76-82,111,162-167,188-194,223
/proc/16/stat : 16 (python3) S 13 16 0 0 -1 4194304 1365 0 81 0 2 0 0 0 20 0 1 0 53383278 16125952 2495 67087892480 4194304 7154137 140729920036448 0 0 0 0 16781312 2 1 0 0 17 54 0 0 6 0 0 9727432 11029816 43855872 140729920043853 140729920043949 140729920043949 140729920045031 0
/proc/16/statm: 3937 2495 1393 723 0 1673 0
Current children cumulated CPU time: 0.02 s
Current children cumulated vsize: 15748 KiB
Current children cumulated memory: 9980 KiB

Child status: 0
Real time (s): 0.176772
CPU time (s): 0.061772
CPU user time (s): 0.041693
CPU system time (s): 0.020079
CPU usage (%): 34.9444
Max. virtual memory (cumulated for all children) (KiB): 15748
Max. memory (cumulated for all children) (KiB): 9980

getrusage(RUSAGE_CHILDREN,...) data:
user time used= 0.041693
system time used= 0.020079
maximum resident set size= 12596
integral shared memory size= 0
integral unshared data size= 0
integral unshared stack size= 0
page reclaims= 2094
page faults= 116
swaps= 0
block input operations= 19800
block output operations= 0
messages sent= 0
messages received= 0
signals received= 0
voluntary context switches= 962
involuntary context switches= 0


# summary of solver processes directly reported to runsolver:
#   pid: 16
#   total CPU time (s): 0.061772
#   total CPU user time (s): 0.041693
#   total CPU system time (s): 0.020079

??? join timestamper begins
??? join timestamper ends
??? end of timestamper thread
runsolver used 0 second user time and 0.009379 second system time

The end
