runsolver version 3.4.1 (svn: 3018) Copyright (C) 2010-2013 Olivier ROUSSEL

This program is distributed in the hope that it will be useful,
but WITHOUT ANY WARRANTY; without even the implied warranty of
MERCHANTABILITY or FITNESS FOR A PARTICULAR PURPOSE.  See the
GNU General Public License for more details.

NUMA information:
  number of nodes: 8
  memory of node 0: 63700 MiB (61801 MiB free)
  memory of node 1: 64504 MiB (63631 MiB free)
  memory of node 2: 64504 MiB (58458 MiB free)
  memory of node 3: 64461 MiB (62911 MiB free)
  memory of node 4: 64504 MiB (63756 MiB free)
  memory of node 5: 64504 MiB (63116 MiB free)
  memory of node 6: 64504 MiB (52077 MiB free)
  memory of node 7: 64491 MiB (26885 MiB free)
  node distances:
     10  12  12  12  21  21  21  21
     12  10  12  12  21  21  21  21
     12  12  10  12  21  21  21  21
     12  12  12  10  21  21  21  21
     21  21  21  21  10  12  12  12
     21  21  21  21  12  10  12  12
     21  21  21  21  12  12  10  12
     21  21  21  21  12  12  12  10

command line: /usr/local/bin/runsolver --timestamp -w /output/runsolver-watch.log -v /output/runsolver-values.log -o /output/solver-output.log -C 1800.0 -W 1800.0 -R 64000 /opt/solver/run_bn4rust.py --mode cyber-complement-gfp-plus-sink-scc --instance /input/model_028.bnet 

running on 8 cores: 60-67

Enforcing CPUTime limit (soft limit, will send SIGTERM then SIGKILL): 1800 seconds
Enforcing CPUTime limit (hard limit, will send SIGXCPU): 1830 seconds
Enforcing wall clock limit (soft limit, will send SIGTERM then SIGKILL): 1800 seconds
Enforcing RSS+Swap limit (soft limit, will send SIGTERM then SIGKILL): 65536000 KiB
Linux 4.18.0-553.159.1.el8_10.x86_64
Current StackSize limit: 18014398509481983 KiB

solver pid=16, runsolver pid=13

[startup+0.100067 s]*
/proc/loadavg: 22.18 22.19 25.39 24/2906 17
/proc/meminfo: memFree=463483600/527542268 swapFree=33513468/33554428
[pid=16] ppid=13 vsize=15800 memory=10044 CPUtime=0.02 cores=56-69,168-181
/proc/16/stat : 16 (python3) R 13 16 0 0 -1 4194304 1386 0 84 0 2 0 0 0 20 0 1 0 53426188 16179200 2511 67087892480 4194304 7154137 140731109042368 0 0 0 0 16781312 2 0 0 0 17 181 0 0 6 0 0 9727432 11029816 42926080 140731109047103 140731109047213 140731109047213 140731109048295 0
/proc/16/statm: 3950 2511 1376 723 0 1674 0
Current children cumulated CPU time: 0.02 s
Current children cumulated vsize: 15800 KiB
Current children cumulated memory: 10044 KiB

[startup+0.168435 s]
# the end of solver process 16 was just reported to runsolver
# cumulated CPU time of all completed processes:  user=0.039834 s, system=0.016608 s

Solver just ended.
??? end of watcher thread
Dumping a history of the last processes samples

[startup+0.100067 s]*
/proc/loadavg: 22.18 22.19 25.39 24/2906 17
/proc/meminfo: memFree=463483600/527542268 swapFree=33513468/33554428
[pid=16] ppid=13 vsize=15800 memory=10044 CPUtime=0.02 cores=56-69,168-181
/proc/16/stat : 16 (python3) R 13 16 0 0 -1 4194304 1386 0 84 0 2 0 0 0 20 0 1 0 53426188 16179200 2511 67087892480 4194304 7154137 140731109042368 0 0 0 0 16781312 2 0 0 0 17 181 0 0 6 0 0 9727432 11029816 42926080 140731109047103 140731109047213 140731109047213 140731109048295 0
/proc/16/statm: 3950 2511 1376 723 0 1674 0
Current children cumulated CPU time: 0.02 s
Current children cumulated vsize: 15800 KiB
Current children cumulated memory: 10044 KiB

Child status: 0
Real time (s): 0.168454
CPU time (s): 0.056442
CPU user time (s): 0.039834
CPU system time (s): 0.016608
CPU usage (%): 33.5059
Max. virtual memory (cumulated for all children) (KiB): 15800
Max. memory (cumulated for all children) (KiB): 10044

getrusage(RUSAGE_CHILDREN,...) data:
user time used= 0.039834
system time used= 0.016608
maximum resident set size= 12544
integral shared memory size= 0
integral unshared data size= 0
integral unshared stack size= 0
page reclaims= 2066
page faults= 116
swaps= 0
block input operations= 20000
block output operations= 0
messages sent= 0
messages received= 0
signals received= 0
voluntary context switches= 963
involuntary context switches= 0


# summary of solver processes directly reported to runsolver:
#   pid: 16
#   total CPU time (s): 0.056442
#   total CPU user time (s): 0.039834
#   total CPU system time (s): 0.016608

??? join timestamper begins
??? join timestamper ends
??? end of timestamper thread
runsolver used 0.002357 second user time and 0.004727 second system time

The end
