runsolver version 3.4.1 (svn: 3018) Copyright (C) 2010-2013 Olivier ROUSSEL

This program is distributed in the hope that it will be useful,
but WITHOUT ANY WARRANTY; without even the implied warranty of
MERCHANTABILITY or FITNESS FOR A PARTICULAR PURPOSE.  See the
GNU General Public License for more details.

NUMA information:
  number of nodes: 8
  memory of node 0: 63700 MiB (49310 MiB free)
  memory of node 1: 64461 MiB (59456 MiB free)
  memory of node 2: 64504 MiB (56796 MiB free)
  memory of node 3: 64504 MiB (62935 MiB free)
  memory of node 4: 64504 MiB (52152 MiB free)
  memory of node 5: 64504 MiB (62509 MiB free)
  memory of node 6: 64504 MiB (63608 MiB free)
  memory of node 7: 64491 MiB (59580 MiB free)
  node distances:
     10  12  12  12  21  21  21  21
     12  10  12  12  21  21  21  21
     12  12  10  12  21  21  21  21
     12  12  12  10  21  21  21  21
     21  21  21  21  10  12  12  12
     21  21  21  21  12  10  12  12
     21  21  21  21  12  12  10  12
     21  21  21  21  12  12  12  10

command line: /usr/local/bin/runsolver --timestamp -w /output/runsolver-watch.log -v /output/runsolver-values.log -o /output/solver-output.log -C 1800.0 -W 1800.0 -R 64000 /opt/solver/run_bn4rust.py --mode cyber-complement-gfp-plus-immutable --instance /input/model_194.bnet 

running on 26 cores: 74-79,85,87,90,93-94,96-98,188-191,197,199,202,205-206,208-210

Enforcing CPUTime limit (soft limit, will send SIGTERM then SIGKILL): 1800 seconds
Enforcing CPUTime limit (hard limit, will send SIGXCPU): 1830 seconds
Enforcing wall clock limit (soft limit, will send SIGTERM then SIGKILL): 1800 seconds
Enforcing RSS+Swap limit (soft limit, will send SIGTERM then SIGKILL): 65536000 KiB
Linux 4.18.0-553.159.1.el8_10.x86_64
Current StackSize limit: 18014398509481983 KiB

solver pid=16, runsolver pid=13

[startup+0.100071 s]*
/proc/loadavg: 23.32 29.60 34.20 23/3179 17
/proc/meminfo: memFree=477528560/527542228 swapFree=33456124/33554428
[pid=16] ppid=13 vsize=15748 memory=9900 CPUtime=0.01 cores=74-79,85,87,90,93-94,96-98,186-191,197,199,202,205-206,208-210
/proc/16/stat : 16 (python3) R 13 16 0 0 -1 4194304 1373 0 81 0 1 0 0 0 20 0 1 0 53412476 16125952 2475 67087892480 4194304 7154137 140725306139392 0 0 0 0 16781312 2 0 0 0 17 189 0 0 6 0 0 9727432 11029816 43098112 140725306141502 140725306141613 140725306141613 140725306142695 0
/proc/16/statm: 3937 2475 1374 723 0 1673 0
Current children cumulated CPU time: 0.01 s
Current children cumulated vsize: 15748 KiB
Current children cumulated memory: 9900 KiB

[startup+0.200672 s]*
/proc/loadavg: 23.32 29.60 34.20 25/3180 18
/proc/meminfo: memFree=477514816/527542228 swapFree=33456124/33554428
[pid=16] ppid=13 vsize=17684 memory=12348 CPUtime=0.04 cores=74-79,85,87,90,93-94,96-98,186-191,197,199,202,205-206,208-210
/proc/16/stat : 16 (python3) S 13 16 0 0 -1 4194304 1894 0 96 0 3 1 0 0 20 0 1 0 53412476 18108416 3087 67087892480 4194304 7154137 140725306139392 0 0 0 0 16781312 2 1 0 0 17 190 0 0 8 0 0 9727432 11029816 43098112 140725306141502 140725306141613 140725306141613 140725306142695 0
/proc/16/statm: 4421 3087 1493 723 0 2063 0
[pid=18] ppid=16 vsize=8696 memory=5132 CPUtime=0.03 cores=74-79,85,87,90,93-94,96-98,186-191,197,199,202,205-206,208-210
/proc/18/stat : 18 (bn4rust) R 16 16 0 0 -1 4194304 987 0 17 0 3 0 0 0 20 0 1 0 53412490 8904704 1283 67087892480 93841301569536 93841303436657 140727276194624 0 0 0 0 4096 1088 0 0 0 17 189 0 0 1 0 0 93841303694720 93841303741656 93841312571392 140727276202753 140727276202902 140727276202902 140727276204001 0
/proc/18/statm: 2174 1283 1048 456 0 335 0
Current children cumulated CPU time: 0.07 s
Current children cumulated vsize: 26380 KiB
Current children cumulated memory: 17480 KiB

[startup+0.300532 s]*
/proc/loadavg: 23.32 29.60 34.20 24/3180 18
/proc/meminfo: memFree=477492040/527542228 swapFree=33456124/33554428
[pid=16] ppid=13 vsize=17684 memory=12348 CPUtime=0.04 cores=74-79,85,87,90,93-94,96-98,186-191,197,199,202,205-206,208-210
/proc/16/stat : 16 (python3) S 13 16 0 0 -1 4194304 1895 0 96 0 3 1 0 0 20 0 1 0 53412476 18108416 3087 67087892480 4194304 7154137 140725306139392 0 0 0 0 16781312 2 1 0 0 17 190 0 0 8 0 0 9727432 11029816 43098112 140725306141502 140725306141613 140725306141613 140725306142695 0
/proc/16/statm: 4421 3087 1493 723 0 2063 0
[pid=18] ppid=16 vsize=8976 memory=5492 CPUtime=0.13 cores=74-79,85,87,90,93-94,96-98,186-191,197,199,202,205-206,208-210
/proc/18/stat : 18 (bn4rust) R 16 16 0 0 -1 4194304 2353 0 17 0 13 0 0 0 20 0 1 0 53412490 9191424 1373 67087892480 93841301569536 93841303436657 140727276194624 0 0 0 0 4096 1088 0 0 0 17 189 0 0 1 0 0 93841303694720 93841303741656 93841312571392 140727276202753 140727276202902 140727276202902 140727276204001 0
/proc/18/statm: 2244 1373 1048 456 0 405 0
Current children cumulated CPU time: 0.17 s
Current children cumulated vsize: 26660 KiB
Current children cumulated memory: 17840 KiB

[startup+0.700269 s]
/proc/loadavg: 23.32 29.60 34.20 23/3180 18
/proc/meminfo: memFree=477449632/527542228 swapFree=33456124/33554428
[pid=16] ppid=13 vsize=17684 memory=12348 CPUtime=0.04 cores=74-79,85,87,90,93-94,96-98,186-191,197,199,202,205-206,208-210
/proc/16/stat : 16 (python3) S 13 16 0 0 -1 4194304 1895 0 96 0 3 1 0 0 20 0 1 0 53412476 18108416 3087 67087892480 4194304 7154137 140725306139392 0 0 0 0 16781312 2 1 0 0 17 190 0 0 8 0 0 9727432 11029816 43098112 140725306141502 140725306141613 140725306141613 140725306142695 0
/proc/16/statm: 4421 3087 1493 723 0 2063 0
[pid=18] ppid=16 vsize=10812 memory=7052 CPUtime=0.53 cores=74-79,85,87,90,93-94,96-98,186-191,197,199,202,205-206,208-210
/proc/18/stat : 18 (bn4rust) R 16 16 0 0 -1 4194304 10378 0 17 0 52 1 0 0 20 0 1 0 53412490 11071488 1763 67087892480 93841301569536 93841303436657 140727276194624 0 0 0 0 4096 1088 0 0 0 17 189 0 0 1 0 0 93841303694720 93841303741656 93841312571392 140727276202753 140727276202902 140727276202902 140727276204001 0
/proc/18/statm: 2703 1763 1048 456 0 864 0
Current children cumulated CPU time: 0.57 s
Current children cumulated vsize: 28496 KiB
Current children cumulated memory: 19400 KiB

[startup+1.50027 s]
/proc/loadavg: 23.32 29.60 34.20 25/3180 18
/proc/meminfo: memFree=477277600/527542228 swapFree=33456124/33554428
[pid=16] ppid=13 vsize=17684 memory=12348 CPUtime=0.04 cores=74-79,85,87,90,93-94,96-98,186-191,197,199,202,205-206,208-210
/proc/16/stat : 16 (python3) S 13 16 0 0 -1 4194304 1895 0 96 0 3 1 0 0 20 0 1 0 53412476 18108416 3087 67087892480 4194304 7154137 140725306139392 0 0 0 0 16781312 2 1 0 0 17 190 0 0 8 0 0 9727432 11029816 43098112 140725306141502 140725306141613 140725306141613 140725306142695 0
/proc/16/statm: 4421 3087 1493 723 0 2063 0
[pid=18] ppid=16 vsize=16028 memory=12124 CPUtime=1.32 cores=74-79,85,87,90,93-94,96-98,186-191,197,199,202,205-206,208-210
/proc/18/stat : 18 (bn4rust) R 16 16 0 0 -1 4194304 20193 0 17 0 130 2 0 0 20 0 1 0 53412490 16412672 3031 67087892480 93841301569536 93841303436657 140727276194624 0 0 0 0 4096 1088 0 0 0 17 189 0 0 1 0 0 93841303694720 93841303741656 93841312571392 140727276202753 140727276202902 140727276202902 140727276204001 0
/proc/18/statm: 4007 3031 1048 456 0 2168 0
Current children cumulated CPU time: 1.36 s
Current children cumulated vsize: 33712 KiB
Current children cumulated memory: 24472 KiB

[startup+3.1005 s]
/proc/loadavg: 23.14 29.46 34.12 24/3180 18
/proc/meminfo: memFree=477019116/527542228 swapFree=33456124/33554428
[pid=16] ppid=13 vsize=17684 memory=12348 CPUtime=0.04 cores=74-79,85,87,90,93-94,96-98,186-191,197,199,202,205-206,208-210
/proc/16/stat : 16 (python3) S 13 16 0 0 -1 4194304 1895 0 96 0 3 1 0 0 20 0 1 0 53412476 18108416 3087 67087892480 4194304 7154137 140725306139392 0 0 0 0 16781312 2 1 0 0 17 190 0 0 8 0 0 9727432 11029816 43098112 140725306141502 140725306141613 140725306141613 140725306142695 0
/proc/16/statm: 4421 3087 1493 723 0 2063 0
[pid=18] ppid=16 vsize=17244 memory=12960 CPUtime=2.92 cores=74-79,85,87,90,93-94,96-98,186-191,197,199,202,205-206,208-210
/proc/18/stat : 18 (bn4rust) R 16 16 0 0 -1 4194304 37743 0 17 0 287 5 0 0 20 0 1 0 53412490 17657856 3240 67087892480 93841301569536 93841303436657 140727276194624 0 0 0 0 4096 1088 0 0 0 17 189 0 0 1 0 0 93841303694720 93841303741656 93841312571392 140727276202753 140727276202902 140727276202902 140727276204001 0
/proc/18/statm: 4311 3240 1048 456 0 2472 0
Current children cumulated CPU time: 2.96 s
Current children cumulated vsize: 34928 KiB
Current children cumulated memory: 25308 KiB

[startup+6.30027 s]
/proc/loadavg: 23.14 29.46 34.12 23/3180 18
/proc/meminfo: memFree=476726228/527542228 swapFree=33456124/33554428
[pid=16] ppid=13 vsize=17684 memory=12348 CPUtime=0.04 cores=74-79,85,87,90,93-94,96-98,186-191,197,199,202,205-206,208-210
/proc/16/stat : 16 (python3) S 13 16 0 0 -1 4194304 1895 0 96 0 3 1 0 0 20 0 1 0 53412476 18108416 3087 67087892480 4194304 7154137 140725306139392 0 0 0 0 16781312 2 1 0 0 17 190 0 0 8 0 0 9727432 11029816 43098112 140725306141502 140725306141613 140725306141613 140725306142695 0
/proc/16/statm: 4421 3087 1493 723 0 2063 0
[pid=18] ppid=16 vsize=36828 memory=31952 CPUtime=6.1 cores=74-79,85,87,90,93-94,96-98,186-191,197,199,202,205-206,208-210
/proc/18/stat : 18 (bn4rust) R 16 16 0 0 -1 4194304 57361 0 17 0 600 10 0 0 20 0 1 0 53412490 37711872 7988 67087892480 93841301569536 93841303436657 140727276194624 0 0 0 0 4096 1088 0 0 0 17 189 0 0 1 0 0 93841303694720 93841303741656 93841312571392 140727276202753 140727276202902 140727276202902 140727276204001 0
/proc/18/statm: 9207 7988 1048 456 0 7368 0
Current children cumulated CPU time: 6.14 s
Current children cumulated vsize: 54512 KiB
Current children cumulated memory: 44300 KiB

[startup+12.7003 s]
/proc/loadavg: 22.81 29.29 34.04 16/3155 18
/proc/meminfo: memFree=477711928/527542228 swapFree=33456124/33554428
[pid=16] ppid=13 vsize=17684 memory=12348 CPUtime=0.04 cores=74-79,85,87,90,93-94,96-98,186-191,197,199,202,205-206,208-210
/proc/16/stat : 16 (python3) S 13 16 0 0 -1 4194304 1895 0 96 0 3 1 0 0 20 0 1 0 53412476 18108416 3087 67087892480 4194304 7154137 140725306139392 0 0 0 0 16781312 2 1 0 0 17 190 0 0 8 0 0 9727432 11029816 43098112 140725306141502 140725306141613 140725306141613 140725306142695 0
/proc/16/statm: 4421 3087 1493 723 0 2063 0
[pid=18] ppid=16 vsize=41308 memory=37820 CPUtime=12.47 cores=74-79,85,87,90,93-94,96-98,186-191,197,199,202,205-206,208-210
/proc/18/stat : 18 (bn4rust) R 16 16 0 0 -1 4194304 75058 0 17 0 1232 15 0 0 20 0 1 0 53412490 42299392 9455 67087892480 93841301569536 93841303436657 140727276194624 0 0 0 0 4096 1088 0 0 0 17 189 0 0 1 0 0 93841303694720 93841303741656 93841312571392 140727276202753 140727276202902 140727276202902 140727276204001 0
/proc/18/statm: 10327 9455 1048 456 0 8488 0
Current children cumulated CPU time: 12.51 s
Current children cumulated vsize: 58992 KiB
Current children cumulated memory: 50168 KiB

[startup+25.5003 s]
/proc/loadavg: 21.30 28.63 33.75 22/3166 18
/proc/meminfo: memFree=477043548/527542228 swapFree=33456124/33554428
[pid=16] ppid=13 vsize=17684 memory=12348 CPUtime=0.04 cores=74-79,85,87,90,93-94,96-98,186-191,197,199,202,205-206,208-210
/proc/16/stat : 16 (python3) S 13 16 0 0 -1 4194304 1895 0 96 0 3 1 0 0 20 0 1 0 53412476 18108416 3087 67087892480 4194304 7154137 140725306139392 0 0 0 0 16781312 2 1 0 0 17 190 0 0 8 0 0 9727432 11029816 43098112 140725306141502 140725306141613 140725306141613 140725306142695 0
/proc/16/statm: 4421 3087 1493 723 0 2063 0
[pid=18] ppid=16 vsize=69468 memory=65960 CPUtime=25.23 cores=74-79,85,87,90,93-94,96-98,186-191,197,199,202,205-206,208-210
/proc/18/stat : 18 (bn4rust) R 16 16 0 0 -1 4194304 98641 0 17 0 2500 23 0 0 20 0 1 0 53412490 71135232 16490 67087892480 93841301569536 93841303436657 140727276194624 0 0 0 0 4096 1088 0 0 0 17 189 0 0 1 0 0 93841303694720 93841303741656 93841312571392 140727276202753 140727276202902 140727276202902 140727276204001 0
/proc/18/statm: 17367 16490 1048 456 0 15528 0
Current children cumulated CPU time: 25.27 s
Current children cumulated vsize: 87152 KiB
Current children cumulated memory: 78308 KiB

[startup+51.1005 s]
/proc/loadavg: 20.10 27.75 33.32 22/3163 18
/proc/meminfo: memFree=471084500/527542228 swapFree=33456124/33554428
[pid=16] ppid=13 vsize=17684 memory=12348 CPUtime=0.04 cores=74-79,85,87,90,93-94,96-98,186-191,197,199,202,205-206,208-210
/proc/16/stat : 16 (python3) S 13 16 0 0 -1 4194304 1895 0 96 0 3 1 0 0 20 0 1 0 53412476 18108416 3087 67087892480 4194304 7154137 140725306139392 0 0 0 0 16781312 2 1 0 0 17 210 0 0 8 0 0 9727432 11029816 43098112 140725306141502 140725306141613 140725306141613 140725306142695 0
/proc/16/statm: 4421 3087 1493 723 0 2063 0
[pid=18] ppid=16 vsize=101724 memory=98280 CPUtime=50.74 cores=74-79,85,87,90,93-94,96-98,186-191,197,199,202,205-206,208-210
/proc/18/stat : 18 (bn4rust) R 16 16 0 0 -1 4194304 149808 0 17 0 5028 46 0 0 20 0 1 0 53412490 104165376 24570 67087892480 93841301569536 93841303436657 140727276194624 0 0 0 0 4096 1088 0 0 0 17 98 0 0 1 0 0 93841303694720 93841303741656 93841312571392 140727276202753 140727276202902 140727276202902 140727276204001 0
/proc/18/statm: 25431 24570 1048 456 0 23592 0
Current children cumulated CPU time: 50.78 s
Current children cumulated vsize: 119408 KiB
Current children cumulated memory: 110628 KiB

[startup+102.3 s]
/proc/loadavg: 19.85 26.56 32.62 17/3133 18
/proc/meminfo: memFree=473691820/527542228 swapFree=33456124/33554428
[pid=16] ppid=13 vsize=17684 memory=12348 CPUtime=0.04 cores=74-79,85,87,90,93-94,96-98,186-191,197,199,202,205-206,208-210
/proc/16/stat : 16 (python3) S 13 16 0 0 -1 4194304 1895 0 96 0 3 1 0 0 20 0 1 0 53412476 18108416 3087 67087892480 4194304 7154137 140725306139392 0 0 0 0 16781312 2 1 0 0 17 210 0 0 8 0 0 9727432 11029816 43098112 140725306141502 140725306141613 140725306141613 140725306142695 0
/proc/16/statm: 4421 3087 1493 723 0 2063 0
[pid=18] ppid=16 vsize=252768 memory=241444 CPUtime=101.72 cores=74-79,85,87,90,93-94,96-98,186-191,197,199,202,205-206,208-210
/proc/18/stat : 18 (bn4rust) R 16 16 0 0 -1 4194304 198774 0 17 0 10091 81 0 0 20 0 1 0 53412490 258834432 60361 67087892480 93841301569536 93841303436657 140727276194624 0 0 0 0 4096 1088 0 0 0 17 98 0 0 1 0 0 93841303694720 93841303741656 93841312571392 140727276202753 140727276202902 140727276202902 140727276204001 0
/proc/18/statm: 63192 60361 1048 456 0 61353 0
Current children cumulated CPU time: 101.76 s
Current children cumulated vsize: 270452 KiB
Current children cumulated memory: 253792 KiB

[startup+162.3 s]
/proc/loadavg: 28.69 27.64 32.60 27/3132 18
/proc/meminfo: memFree=460256032/527542228 swapFree=33456124/33554428
[pid=16] ppid=13 vsize=17684 memory=12348 CPUtime=0.04 cores=74-79,85,87,90,93-94,96-98,186-191,197,199,202,205-206,208-210
/proc/16/stat : 16 (python3) S 13 16 0 0 -1 4194304 1895 0 96 0 3 1 0 0 20 0 1 0 53412476 18108416 3087 67087892480 4194304 7154137 140725306139392 0 0 0 0 16781312 2 1 0 0 17 210 0 0 8 0 0 9727432 11029816 43098112 140725306141502 140725306141613 140725306141613 140725306142695 0
/proc/16/statm: 4421 3087 1493 723 0 2063 0
[pid=18] ppid=16 vsize=185180 memory=174744 CPUtime=161.51 cores=74-79,85,87,90,93-94,96-98,186-191,197,199,202,205-206,208-210
/proc/18/stat : 18 (bn4rust) R 16 16 0 0 -1 4194304 309094 0 17 0 15967 184 0 0 20 0 1 0 53412490 189624320 43686 67087892480 93841301569536 93841303436657 140727276194624 0 0 0 0 4096 1088 0 0 0 17 98 0 0 1 0 0 93841303694720 93841303741656 93841312571392 140727276202753 140727276202902 140727276202902 140727276204001 0
/proc/18/statm: 46295 43686 1048 456 0 44456 0
Current children cumulated CPU time: 161.55 s
Current children cumulated vsize: 202864 KiB
Current children cumulated memory: 187092 KiB

[startup+222.3 s]
/proc/loadavg: 40.15 30.83 33.38 64/3171 18
/proc/meminfo: memFree=463154740/527542228 swapFree=33456124/33554428
[pid=16] ppid=13 vsize=17684 memory=12348 CPUtime=0.04 cores=74-79,85,87,90,93-94,96-98,186-191,197,199,202,205-206,208-210
/proc/16/stat : 16 (python3) S 13 16 0 0 -1 4194304 1895 0 96 0 3 1 0 0 20 0 1 0 53412476 18108416 3087 67087892480 4194304 7154137 140725306139392 0 0 0 0 16781312 2 1 0 0 17 210 0 0 8 0 0 9727432 11029816 43098112 140725306141502 140725306141613 140725306141613 140725306142695 0
/proc/16/statm: 4421 3087 1493 723 0 2063 0
[pid=18] ppid=16 vsize=199516 memory=182048 CPUtime=221.27 cores=74-79,85,87,90,93-94,96-98,186-191,197,199,202,205-206,208-210
/proc/18/stat : 18 (bn4rust) R 16 16 0 0 -1 4194304 400306 0 17 0 21853 274 0 0 20 0 1 0 53412490 204304384 45512 67087892480 93841301569536 93841303436657 140727276194624 0 0 0 0 4096 1088 0 0 0 17 98 0 0 1 0 0 93841303694720 93841303741656 93841312571392 140727276202753 140727276202902 140727276202902 140727276204001 0
/proc/18/statm: 49879 45512 1048 456 0 48040 0
Current children cumulated CPU time: 221.31 s
Current children cumulated vsize: 217200 KiB
Current children cumulated memory: 194396 KiB

[startup+282.3 s]
/proc/loadavg: 52.26 36.10 35.04 61/3143 18
/proc/meminfo: memFree=460248564/527542228 swapFree=33456124/33554428
[pid=16] ppid=13 vsize=17684 memory=12348 CPUtime=0.04 cores=74-79,85,87,90,93-94,96-98,186-191,197,199,202,205-206,208-210
/proc/16/stat : 16 (python3) S 13 16 0 0 -1 4194304 1895 0 96 0 3 1 0 0 20 0 1 0 53412476 18108416 3087 67087892480 4194304 7154137 140725306139392 0 0 0 0 16781312 2 1 0 0 17 210 0 0 8 0 0 9727432 11029816 43098112 140725306141502 140725306141613 140725306141613 140725306142695 0
/proc/16/statm: 4421 3087 1493 723 0 2063 0
[pid=18] ppid=16 vsize=301924 memory=276448 CPUtime=281.05 cores=74-79,85,87,90,93-94,96-98,186-191,197,199,202,205-206,208-210
/proc/18/stat : 18 (bn4rust) R 16 16 0 0 -1 4194304 469752 0 17 0 27737 368 0 0 20 0 1 0 53412490 309170176 69112 67087892480 93841301569536 93841303436657 140727276194624 0 0 0 0 4096 1088 0 0 0 17 98 0 0 1 0 0 93841303694720 93841303741656 93841312571392 140727276202753 140727276202902 140727276202902 140727276204001 0
/proc/18/statm: 75481 69112 1048 456 0 73642 0
Current children cumulated CPU time: 281.09 s
Current children cumulated vsize: 319608 KiB
Current children cumulated memory: 288796 KiB

[startup+342.3 s]
/proc/loadavg: 56.63 40.24 36.53 63/3122 18
/proc/meminfo: memFree=457350580/527542228 swapFree=33456124/33554428
[pid=16] ppid=13 vsize=17684 memory=12348 CPUtime=0.04 cores=74-79,85,87,90,93-94,96-98,186-191,197,199,202,205-206,208-210
/proc/16/stat : 16 (python3) S 13 16 0 0 -1 4194304 1895 0 96 0 3 1 0 0 20 0 1 0 53412476 18108416 3087 67087892480 4194304 7154137 140725306139392 0 0 0 0 16781312 2 1 0 0 17 210 0 0 8 0 0 9727432 11029816 43098112 140725306141502 140725306141613 140725306141613 140725306142695 0
/proc/16/statm: 4421 3087 1493 723 0 2063 0
[pid=18] ppid=16 vsize=322076 memory=305420 CPUtime=340.84 cores=74-79,85,87,90,93-94,96-98,186-191,197,199,202,205-206,208-210
/proc/18/stat : 18 (bn4rust) R 16 16 0 0 -1 4194304 546073 0 17 0 33612 472 0 0 20 0 1 0 53412490 329805824 76355 67087892480 93841301569536 93841303436657 140727276194624 0 0 0 0 4096 1088 0 0 0 17 98 0 0 1 0 0 93841303694720 93841303741656 93841312571392 140727276202753 140727276202902 140727276202902 140727276204001 0
/proc/18/statm: 80519 76355 1048 456 0 78680 0
Current children cumulated CPU time: 340.88 s
Current children cumulated vsize: 339760 KiB
Current children cumulated memory: 317768 KiB

[startup+402.3 s]
/proc/loadavg: 59.25 43.88 38.00 56/3120 18
/proc/meminfo: memFree=448557068/527542228 swapFree=33456124/33554428
[pid=16] ppid=13 vsize=17684 memory=12348 CPUtime=0.04 cores=74-79,85,87,90,93-94,96-98,186-191,197,199,202,205-206,208-210
/proc/16/stat : 16 (python3) S 13 16 0 0 -1 4194304 1895 0 96 0 3 1 0 0 20 0 1 0 53412476 18108416 3087 67087892480 4194304 7154137 140725306139392 0 0 0 0 16781312 2 1 0 0 17 210 0 0 8 0 0 9727432 11029816 43098112 140725306141502 140725306141613 140725306141613 140725306142695 0
/proc/16/statm: 4421 3087 1493 723 0 2063 0
[pid=18] ppid=16 vsize=265060 memory=261668 CPUtime=400.61 cores=74-79,85,87,90,93-94,96-98,186-191,197,199,202,205-206,208-210
/proc/18/stat : 18 (bn4rust) R 16 16 0 0 -1 4194304 654178 0 17 0 39474 587 0 0 20 0 1 0 53412490 271421440 65417 67087892480 93841301569536 93841303436657 140727276194624 0 0 0 0 4096 1088 0 0 0 17 98 0 0 1 0 0 93841303694720 93841303741656 93841312571392 140727276202753 140727276202902 140727276202902 140727276204001 0
/proc/18/statm: 66265 65417 1048 456 0 64426 0
Current children cumulated CPU time: 400.65 s
Current children cumulated vsize: 282744 KiB
Current children cumulated memory: 274016 KiB

[startup+462.3 s]
/proc/loadavg: 58.96 46.73 39.36 72/3159 18
/proc/meminfo: memFree=456836744/527542228 swapFree=33456124/33554428
[pid=16] ppid=13 vsize=17684 memory=12348 CPUtime=0.04 cores=74-79,85,87,90,93-94,96-98,186-191,197,199,202,205-206,208-210
/proc/16/stat : 16 (python3) S 13 16 0 0 -1 4194304 1895 0 96 0 3 1 0 0 20 0 1 0 53412476 18108416 3087 67087892480 4194304 7154137 140725306139392 0 0 0 0 16781312 2 1 0 0 17 210 0 0 8 0 0 9727432 11029816 43098112 140725306141502 140725306141613 140725306141613 140725306142695 0
/proc/16/statm: 4421 3087 1493 723 0 2063 0
[pid=18] ppid=16 vsize=356512 memory=352012 CPUtime=460.35 cores=74-79,85,87,90,93-94,96-98,186-191,197,199,202,205-206,208-210
/proc/18/stat : 18 (bn4rust) R 16 16 0 0 -1 4194304 720764 0 17 0 45325 710 0 0 20 0 1 0 53412490 365068288 88003 67087892480 93841301569536 93841303436657 140727276194624 0 0 0 0 4096 1088 0 0 0 17 98 0 0 1 0 0 93841303694720 93841303741656 93841312571392 140727276202753 140727276202902 140727276202902 140727276204001 0
/proc/18/statm: 89128 88003 1048 456 0 87289 0
Current children cumulated CPU time: 460.39 s
Current children cumulated vsize: 374196 KiB
Current children cumulated memory: 364360 KiB

[startup+522.3 s]
/proc/loadavg: 55.53 47.88 40.21 59/3126 18
/proc/meminfo: memFree=454859840/527542228 swapFree=33456124/33554428
[pid=16] ppid=13 vsize=17684 memory=12348 CPUtime=0.04 cores=74-79,85,87,90,93-94,96-98,186-191,197,199,202,205-206,208-210
/proc/16/stat : 16 (python3) S 13 16 0 0 -1 4194304 1895 0 96 0 3 1 0 0 20 0 1 0 53412476 18108416 3087 67087892480 4194304 7154137 140725306139392 0 0 0 0 16781312 2 1 0 0 17 98 0 0 8 0 0 9727432 11029816 43098112 140725306141502 140725306141613 140725306141613 140725306142695 0
/proc/16/statm: 4421 3087 1493 723 0 2063 0
[pid=18] ppid=16 vsize=308764 memory=265944 CPUtime=520.15 cores=74-79,85,87,90,93-94,96-98,186-191,197,199,202,205-206,208-210
/proc/18/stat : 18 (bn4rust) R 16 16 0 0 -1 4194304 810040 0 17 0 51205 810 0 0 20 0 1 0 53412490 316174336 66486 67087892480 93841301569536 93841303436657 140727276194624 0 0 0 0 4096 1088 0 0 0 17 98 0 0 1 0 0 93841303694720 93841303741656 93841312571392 140727276202753 140727276202902 140727276202902 140727276204001 0
/proc/18/statm: 77191 66486 1048 456 0 75352 0
Current children cumulated CPU time: 520.19 s
Current children cumulated vsize: 326448 KiB
Current children cumulated memory: 278292 KiB

[startup+582.3 s]
/proc/loadavg: 47.97 47.45 40.57 21/3082 18
/proc/meminfo: memFree=467848380/527542228 swapFree=33456124/33554428
[pid=16] ppid=13 vsize=17684 memory=12348 CPUtime=0.04 cores=74-79,85,87,90,93-94,96-98,186-191,197,199,202,205-206,208-210
/proc/16/stat : 16 (python3) S 13 16 0 0 -1 4194304 1895 0 96 0 3 1 0 0 20 0 1 0 53412476 18108416 3087 67087892480 4194304 7154137 140725306139392 0 0 0 0 16781312 2 1 0 0 17 98 0 0 8 0 0 9727432 11029816 43098112 140725306141502 140725306141613 140725306141613 140725306142695 0
/proc/16/statm: 4421 3087 1493 723 0 2063 0
[pid=18] ppid=16 vsize=618564 memory=497448 CPUtime=579.92 cores=74-79,85,87,90,93-94,96-98,186-191,197,199,202,205-206,208-210
/proc/18/stat : 18 (bn4rust) R 16 16 0 0 -1 4194304 888571 0 17 0 57033 959 0 0 20 0 1 0 53412490 633409536 124362 67087892480 93841301569536 93841303436657 140727276194624 0 0 0 0 4096 1088 0 0 0 17 98 0 0 1 0 0 93841303694720 93841303741656 93841312571392 140727276202753 140727276202902 140727276202902 140727276204001 0
/proc/18/statm: 154641 124362 1048 456 0 152802 0
Current children cumulated CPU time: 579.96 s
Current children cumulated vsize: 636248 KiB
Current children cumulated memory: 509796 KiB

[startup+642.301 s]
/proc/loadavg: 40.54 45.27 40.24 40/3100 18
/proc/meminfo: memFree=483609684/527542228 swapFree=33456124/33554428
[pid=16] ppid=13 vsize=17684 memory=12348 CPUtime=0.04 cores=74-79,85,87,90,93-94,96-98,186-191,197,199,202,205-206,208-210
/proc/16/stat : 16 (python3) S 13 16 0 0 -1 4194304 1895 0 96 0 3 1 0 0 20 0 1 0 53412476 18108416 3087 67087892480 4194304 7154137 140725306139392 0 0 0 0 16781312 2 1 0 0 17 98 0 0 8 0 0 9727432 11029816 43098112 140725306141502 140725306141613 140725306141613 140725306142695 0
/proc/16/statm: 4421 3087 1493 723 0 2063 0
[pid=18] ppid=16 vsize=407080 memory=340308 CPUtime=639.7 cores=74-79,85,87,90,93-94,96-98,186-191,197,199,202,205-206,208-210
/proc/18/stat : 18 (bn4rust) R 16 16 0 0 -1 4194304 1011354 0 17 0 62851 1119 0 0 20 0 1 0 53412490 416849920 85077 67087892480 93841301569536 93841303436657 140727276194624 0 0 0 0 4096 1088 0 0 0 17 210 0 0 1 0 0 93841303694720 93841303741656 93841312571392 140727276202753 140727276202902 140727276202902 140727276204001 0
/proc/18/statm: 101770 85077 1048 456 0 99931 0
Current children cumulated CPU time: 639.74 s
Current children cumulated vsize: 424764 KiB
Current children cumulated memory: 352656 KiB

[startup+702.3 s]
/proc/loadavg: 26.25 40.59 38.96 15/3052 18
/proc/meminfo: memFree=460696076/527542228 swapFree=33456124/33554428
[pid=16] ppid=13 vsize=17684 memory=12348 CPUtime=0.04 cores=74-79,85,87,90,93-94,96-98,186-191,197,199,202,205-206,208-210
/proc/16/stat : 16 (python3) S 13 16 0 0 -1 4194304 1895 0 96 0 3 1 0 0 20 0 1 0 53412476 18108416 3087 67087892480 4194304 7154137 140725306139392 0 0 0 0 16781312 2 1 0 0 17 210 0 0 8 0 0 9727432 11029816 43098112 140725306141502 140725306141613 140725306141613 140725306142695 0
/proc/16/statm: 4421 3087 1493 723 0 2063 0
[pid=18] ppid=16 vsize=766952 memory=659756 CPUtime=699.52 cores=74-79,85,87,90,93-94,96-98,186-191,197,199,202,205-206,208-210
/proc/18/stat : 18 (bn4rust) R 16 16 0 0 -1 4194304 1112350 0 17 0 68681 1271 0 0 20 0 1 0 53412490 785358848 164939 67087892480 93841301569536 93841303436657 140727276194624 0 0 0 0 4096 1088 0 0 0 17 98 0 0 1 0 0 93841303694720 93841303741656 93841312571392 140727276202753 140727276202902 140727276202902 140727276204001 0
/proc/18/statm: 191738 164939 1048 456 0 189899 0
Current children cumulated CPU time: 699.56 s
Current children cumulated vsize: 784636 KiB
Current children cumulated memory: 672104 KiB

[startup+762.3 s]
/proc/loadavg: 18.50 35.75 37.39 15/3049 18
/proc/meminfo: memFree=458684228/527542228 swapFree=33456124/33554428
[pid=16] ppid=13 vsize=17684 memory=12348 CPUtime=0.04 cores=74-79,85,87,90,93-94,96-98,186-191,197,199,202,205-206,208-210
/proc/16/stat : 16 (python3) S 13 16 0 0 -1 4194304 1895 0 96 0 3 1 0 0 20 0 1 0 53412476 18108416 3087 67087892480 4194304 7154137 140725306139392 0 0 0 0 16781312 2 1 0 0 17 210 0 0 8 0 0 9727432 11029816 43098112 140725306141502 140725306141613 140725306141613 140725306142695 0
/proc/16/statm: 4421 3087 1493 723 0 2063 0
[pid=18] ppid=16 vsize=382496 memory=322812 CPUtime=759.36 cores=74-79,85,87,90,93-94,96-98,186-191,197,199,202,205-206,208-210
/proc/18/stat : 18 (bn4rust) R 16 16 0 0 -1 4194304 1184110 0 17 0 74534 1402 0 0 20 0 1 0 53412490 391675904 80703 67087892480 93841301569536 93841303436657 140727276194624 0 0 0 0 4096 1088 0 0 0 17 98 0 0 1 0 0 93841303694720 93841303741656 93841312571392 140727276202753 140727276202902 140727276202902 140727276204001 0
/proc/18/statm: 95624 80703 1048 456 0 93785 0
Current children cumulated CPU time: 759.4 s
Current children cumulated vsize: 400180 KiB
Current children cumulated memory: 335160 KiB

[startup+822.3 s]
/proc/loadavg: 15.65 31.79 35.93 15/3048 18
/proc/meminfo: memFree=456772360/527542228 swapFree=33456124/33554428
[pid=16] ppid=13 vsize=17684 memory=12348 CPUtime=0.04 cores=74-79,85,87,90,93-94,96-98,186-191,197,199,202,205-206,208-210
/proc/16/stat : 16 (python3) S 13 16 0 0 -1 4194304 1895 0 96 0 3 1 0 0 20 0 1 0 53412476 18108416 3087 67087892480 4194304 7154137 140725306139392 0 0 0 0 16781312 2 1 0 0 17 210 0 0 8 0 0 9727432 11029816 43098112 140725306141502 140725306141613 140725306141613 140725306142695 0
/proc/16/statm: 4421 3087 1493 723 0 2063 0
[pid=18] ppid=16 vsize=308768 memory=285928 CPUtime=819.2 cores=74-79,85,87,90,93-94,96-98,186-191,197,199,202,205-206,208-210
/proc/18/stat : 18 (bn4rust) R 16 16 0 0 -1 4194304 1295234 0 17 0 80360 1560 0 0 20 0 1 0 53412490 316178432 71482 67087892480 93841301569536 93841303436657 140727276194624 0 0 0 0 4096 1088 0 0 0 17 98 0 0 1 0 0 93841303694720 93841303741656 93841312571392 140727276202753 140727276202902 140727276202902 140727276204001 0
/proc/18/statm: 77192 71482 1048 456 0 75353 0
Current children cumulated CPU time: 819.24 s
Current children cumulated vsize: 326452 KiB
Current children cumulated memory: 298276 KiB

[startup+882.3 s]
/proc/loadavg: 14.60 28.55 34.55 15/3044 18
/proc/meminfo: memFree=460590196/527542228 swapFree=33456124/33554428
[pid=16] ppid=13 vsize=17684 memory=12348 CPUtime=0.04 cores=74-79,85,87,90,93-94,96-98,186-191,197,199,202,205-206,208-210
/proc/16/stat : 16 (python3) S 13 16 0 0 -1 4194304 1895 0 96 0 3 1 0 0 20 0 1 0 53412476 18108416 3087 67087892480 4194304 7154137 140725306139392 0 0 0 0 16781312 2 1 0 0 17 210 0 0 8 0 0 9727432 11029816 43098112 140725306141502 140725306141613 140725306141613 140725306142695 0
/proc/16/statm: 4421 3087 1493 723 0 2063 0
[pid=18] ppid=16 vsize=916944 memory=744496 CPUtime=879.03 cores=74-79,85,87,90,93-94,96-98,186-191,197,199,202,205-206,208-210
/proc/18/stat : 18 (bn4rust) R 16 16 0 0 -1 4194304 1378139 0 17 0 86203 1700 0 0 20 0 1 0 53412490 938950656 186124 67087892480 93841301569536 93841303436657 140727276194624 0 0 0 0 4096 1088 0 0 0 17 98 0 0 1 0 0 93841303694720 93841303741656 93841312571392 140727276202753 140727276202902 140727276202902 140727276204001 0
/proc/18/statm: 229236 186124 1048 456 0 227397 0
Current children cumulated CPU time: 879.07 s
Current children cumulated vsize: 934628 KiB
Current children cumulated memory: 756844 KiB

[startup+942.3 s]
/proc/loadavg: 14.22 25.90 33.26 15/3029 18
/proc/meminfo: memFree=459157348/527542228 swapFree=33456124/33554428
[pid=16] ppid=13 vsize=17684 memory=12348 CPUtime=0.04 cores=74-79,85,87,90,93-94,96-98,186-191,197,199,202,205-206,208-210
/proc/16/stat : 16 (python3) S 13 16 0 0 -1 4194304 1895 0 96 0 3 1 0 0 20 0 1 0 53412476 18108416 3087 67087892480 4194304 7154137 140725306139392 0 0 0 0 16781312 2 1 0 0 17 210 0 0 8 0 0 9727432 11029816 43098112 140725306141502 140725306141613 140725306141613 140725306142695 0
/proc/16/statm: 4421 3087 1493 723 0 2063 0
[pid=18] ppid=16 vsize=765788 memory=656096 CPUtime=938.87 cores=74-79,85,87,90,93-94,96-98,186-191,197,199,202,205-206,208-210
/proc/18/stat : 18 (bn4rust) R 16 16 0 0 -1 4194304 1439620 0 17 0 92052 1835 0 0 20 0 1 0 53412490 784166912 164024 67087892480 93841301569536 93841303436657 140727276194624 0 0 0 0 4096 1088 0 0 0 17 98 0 0 1 0 0 93841303694720 93841303741656 93841312571392 140727276202753 140727276202902 140727276202902 140727276204001 0
/proc/18/statm: 191447 164024 1048 456 0 189608 0
Current children cumulated CPU time: 938.91 s
Current children cumulated vsize: 783472 KiB
Current children cumulated memory: 668444 KiB

[startup+1002.3 s]
/proc/loadavg: 14.08 23.73 32.05 15/3018 18
/proc/meminfo: memFree=457378932/527542228 swapFree=33456124/33554428
[pid=16] ppid=13 vsize=17684 memory=12348 CPUtime=0.04 cores=74-79,85,87,90,93-94,96-98,186-191,197,199,202,205-206,208-210
/proc/16/stat : 16 (python3) S 13 16 0 0 -1 4194304 1895 0 96 0 3 1 0 0 20 0 1 0 53412476 18108416 3087 67087892480 4194304 7154137 140725306139392 0 0 0 0 16781312 2 1 0 0 17 210 0 0 8 0 0 9727432 11029816 43098112 140725306141502 140725306141613 140725306141613 140725306142695 0
/proc/16/statm: 4421 3087 1493 723 0 2063 0
[pid=18] ppid=16 vsize=538952 memory=447344 CPUtime=998.7 cores=74-79,85,87,90,93-94,96-98,186-191,197,199,202,205-206,208-210
/proc/18/stat : 18 (bn4rust) R 16 16 0 0 -1 4194304 1520940 0 17 0 97902 1968 0 0 20 0 1 0 53412490 551886848 111836 67087892480 93841301569536 93841303436657 140727276194624 0 0 0 0 4096 1088 0 0 0 17 98 0 0 1 0 0 93841303694720 93841303741656 93841312571392 140727276202753 140727276202902 140727276202902 140727276204001 0
/proc/18/statm: 134738 111836 1048 456 0 132899 0
Current children cumulated CPU time: 998.74 s
Current children cumulated vsize: 556636 KiB
Current children cumulated memory: 459692 KiB

[startup+1062.3 s]
/proc/loadavg: 14.03 21.96 30.92 15/3017 18
/proc/meminfo: memFree=462049692/527542228 swapFree=33456124/33554428
[pid=16] ppid=13 vsize=17684 memory=12348 CPUtime=0.04 cores=74-79,85,87,90,93-94,96-98,186-191,197,199,202,205-206,208-210
/proc/16/stat : 16 (python3) S 13 16 0 0 -1 4194304 1895 0 96 0 3 1 0 0 20 0 1 0 53412476 18108416 3087 67087892480 4194304 7154137 140725306139392 0 0 0 0 16781312 2 1 0 0 17 210 0 0 8 0 0 9727432 11029816 43098112 140725306141502 140725306141613 140725306141613 140725306142695 0
/proc/16/statm: 4421 3087 1493 723 0 2063 0
[pid=18] ppid=16 vsize=574236 memory=461980 CPUtime=1058.54 cores=74-79,85,87,90,93-94,96-98,186-191,197,199,202,205-206,208-210
/proc/18/stat : 18 (bn4rust) R 16 16 0 0 -1 4194304 1618699 0 17 0 103727 2127 0 0 20 0 1 0 53412490 588017664 115495 67087892480 93841301569536 93841303436657 140727276194624 0 0 0 0 4096 1088 0 0 0 17 98 0 0 1 0 0 93841303694720 93841303741656 93841312571392 140727276202753 140727276202902 140727276202902 140727276204001 0
/proc/18/statm: 143559 115495 1048 456 0 141720 0
Current children cumulated CPU time: 1058.58 s
Current children cumulated vsize: 591920 KiB
Current children cumulated memory: 474328 KiB

[startup+1122.3 s]
/proc/loadavg: 14.01 20.51 29.86 15/3016 18
/proc/meminfo: memFree=458673588/527542228 swapFree=33456124/33554428
[pid=16] ppid=13 vsize=17684 memory=12348 CPUtime=0.04 cores=74-79,85,87,90,93-94,96-98,186-191,197,199,202,205-206,208-210
/proc/16/stat : 16 (python3) S 13 16 0 0 -1 4194304 1895 0 96 0 3 1 0 0 20 0 1 0 53412476 18108416 3087 67087892480 4194304 7154137 140725306139392 0 0 0 0 16781312 2 1 0 0 17 210 0 0 8 0 0 9727432 11029816 43098112 140725306141502 140725306141613 140725306141613 140725306142695 0
/proc/16/statm: 4421 3087 1493 723 0 2063 0
[pid=18] ppid=16 vsize=973120 memory=802008 CPUtime=1118.37 cores=74-79,85,87,90,93-94,96-98,186-191,197,199,202,205-206,208-210
/proc/18/stat : 18 (bn4rust) R 16 16 0 0 -1 4194304 1665336 0 17 0 109580 2257 0 0 20 0 1 0 53412490 996474880 200502 67087892480 93841301569536 93841303436657 140727276194624 0 0 0 0 4096 1088 0 0 0 17 98 0 0 1 0 0 93841303694720 93841303741656 93841312571392 140727276202753 140727276202902 140727276202902 140727276204001 0
/proc/18/statm: 243280 200502 1048 456 0 241441 0
Current children cumulated CPU time: 1118.41 s
Current children cumulated vsize: 990804 KiB
Current children cumulated memory: 814356 KiB

[startup+1182.3 s]
/proc/loadavg: 14.00 19.32 28.86 15/3014 18
/proc/meminfo: memFree=457178232/527542228 swapFree=33456124/33554428
[pid=16] ppid=13 vsize=17684 memory=12348 CPUtime=0.04 cores=74-79,85,87,90,93-94,96-98,186-191,197,199,202,205-206,208-210
/proc/16/stat : 16 (python3) S 13 16 0 0 -1 4194304 1895 0 96 0 3 1 0 0 20 0 1 0 53412476 18108416 3087 67087892480 4194304 7154137 140725306139392 0 0 0 0 16781312 2 1 0 0 17 210 0 0 8 0 0 9727432 11029816 43098112 140725306141502 140725306141613 140725306141613 140725306142695 0
/proc/16/statm: 4421 3087 1493 723 0 2063 0
[pid=18] ppid=16 vsize=947344 memory=864740 CPUtime=1178.21 cores=74-79,85,87,90,93-94,96-98,186-191,197,199,202,205-206,208-210
/proc/18/stat : 18 (bn4rust) R 16 16 0 0 -1 4194304 1718656 0 17 0 115427 2394 0 0 20 0 1 0 53412490 970080256 216185 67087892480 93841301569536 93841303436657 140727276194624 0 0 0 0 4096 1088 0 0 0 17 98 0 0 1 0 0 93841303694720 93841303741656 93841312571392 140727276202753 140727276202902 140727276202902 140727276204001 0
/proc/18/statm: 236836 216185 1048 456 0 234997 0
Current children cumulated CPU time: 1178.25 s
Current children cumulated vsize: 965028 KiB
Current children cumulated memory: 877088 KiB

[startup+1242.3 s]
/proc/loadavg: 14.00 18.35 27.93 15/3016 18
/proc/meminfo: memFree=455462720/527542228 swapFree=33456124/33554428
[pid=16] ppid=13 vsize=17684 memory=12348 CPUtime=0.04 cores=74-79,85,87,90,93-94,96-98,186-191,197,199,202,205-206,208-210
/proc/16/stat : 16 (python3) S 13 16 0 0 -1 4194304 1895 0 96 0 3 1 0 0 20 0 1 0 53412476 18108416 3087 67087892480 4194304 7154137 140725306139392 0 0 0 0 16781312 2 1 0 0 17 210 0 0 8 0 0 9727432 11029816 43098112 140725306141502 140725306141613 140725306141613 140725306142695 0
/proc/16/statm: 4421 3087 1493 723 0 2063 0
[pid=18] ppid=16 vsize=488928 memory=439904 CPUtime=1238.05 cores=74-79,85,87,90,93-94,96-98,186-191,197,199,202,205-206,208-210
/proc/18/stat : 18 (bn4rust) R 16 16 0 0 -1 4194304 1791570 0 17 0 121261 2544 0 0 20 0 1 0 53412490 500662272 109976 67087892480 93841301569536 93841303436657 140727276194624 0 0 0 0 4096 1088 0 0 0 17 98 0 0 1 0 0 93841303694720 93841303741656 93841312571392 140727276202753 140727276202902 140727276202902 140727276204001 0
/proc/18/statm: 122232 109976 1048 456 0 120393 0
Current children cumulated CPU time: 1238.09 s
Current children cumulated vsize: 506612 KiB
Current children cumulated memory: 452252 KiB

[startup+1302.3 s]
/proc/loadavg: 14.00 17.56 27.06 15/3010 18
/proc/meminfo: memFree=460546792/527542228 swapFree=33456124/33554428
[pid=16] ppid=13 vsize=17684 memory=12348 CPUtime=0.04 cores=74-79,85,87,90,93-94,96-98,186-191,197,199,202,205-206,208-210
/proc/16/stat : 16 (python3) S 13 16 0 0 -1 4194304 1895 0 96 0 3 1 0 0 20 0 1 0 53412476 18108416 3087 67087892480 4194304 7154137 140725306139392 0 0 0 0 16781312 2 1 0 0 17 210 0 0 8 0 0 9727432 11029816 43098112 140725306141502 140725306141613 140725306141613 140725306142695 0
/proc/16/statm: 4421 3087 1493 723 0 2063 0
[pid=18] ppid=16 vsize=576436 memory=486880 CPUtime=1297.89 cores=74-79,85,87,90,93-94,96-98,186-191,197,199,202,205-206,208-210
/proc/18/stat : 18 (bn4rust) R 16 16 0 0 -1 4194304 1883127 0 17 0 127081 2708 0 0 20 0 1 0 53412490 590270464 121720 67087892480 93841301569536 93841303436657 140727276194624 0 0 0 0 4096 1088 0 0 0 17 98 0 0 1 0 0 93841303694720 93841303741656 93841312571392 140727276202753 140727276202902 140727276202902 140727276204001 0
/proc/18/statm: 144109 121720 1048 456 0 142270 0
Current children cumulated CPU time: 1297.93 s
Current children cumulated vsize: 594120 KiB
Current children cumulated memory: 499228 KiB

[startup+1362.3 s]
/proc/loadavg: 14.00 16.91 26.23 15/3010 18
/proc/meminfo: memFree=457633616/527542228 swapFree=33456124/33554428
[pid=16] ppid=13 vsize=17684 memory=12348 CPUtime=0.04 cores=74-79,85,87,90,93-94,96-98,186-191,197,199,202,205-206,208-210
/proc/16/stat : 16 (python3) S 13 16 0 0 -1 4194304 1895 0 96 0 3 1 0 0 20 0 1 0 53412476 18108416 3087 67087892480 4194304 7154137 140725306139392 0 0 0 0 16781312 2 1 0 0 17 210 0 0 8 0 0 9727432 11029816 43098112 140725306141502 140725306141613 140725306141613 140725306142695 0
/proc/16/statm: 4421 3087 1493 723 0 2063 0
[pid=18] ppid=16 vsize=1485028 memory=1204180 CPUtime=1357.72 cores=74-79,85,87,90,93-94,96-98,186-191,197,199,202,205-206,208-210
/proc/18/stat : 18 (bn4rust) R 16 16 0 0 -1 4194304 1951472 0 17 0 132920 2852 0 0 20 0 1 0 53412490 1520668672 301045 67087892480 93841301569536 93841303436657 140727276194624 0 0 0 0 4096 1088 0 0 0 17 98 0 0 1 0 0 93841303694720 93841303741656 93841312571392 140727276202753 140727276202902 140727276202902 140727276204001 0
/proc/18/statm: 371257 301045 1048 456 0 369418 0
Current children cumulated CPU time: 1357.76 s
Current children cumulated vsize: 1502712 KiB
Current children cumulated memory: 1216528 KiB

[startup+1422.3 s]
/proc/loadavg: 14.00 16.37 25.47 15/3010 18
/proc/meminfo: memFree=454223756/527542228 swapFree=33456124/33554428
[pid=16] ppid=13 vsize=17684 memory=12348 CPUtime=0.04 cores=74-79,85,87,90,93-94,96-98,186-191,197,199,202,205-206,208-210
/proc/16/stat : 16 (python3) S 13 16 0 0 -1 4194304 1895 0 96 0 3 1 0 0 20 0 1 0 53412476 18108416 3087 67087892480 4194304 7154137 140725306139392 0 0 0 0 16781312 2 1 0 0 17 210 0 0 8 0 0 9727432 11029816 43098112 140725306141502 140725306141613 140725306141613 140725306142695 0
/proc/16/statm: 4421 3087 1493 723 0 2063 0
[pid=18] ppid=16 vsize=1433076 memory=1167880 CPUtime=1417.56 cores=74-79,85,87,90,93-94,96-98,186-191,197,199,202,205-206,208-210
/proc/18/stat : 18 (bn4rust) R 16 16 0 0 -1 4194304 1987945 0 17 0 138780 2976 0 0 20 0 1 0 53412490 1467469824 291970 67087892480 93841301569536 93841303436657 140727276194624 0 0 0 0 4096 1088 0 0 0 17 98 0 0 1 0 0 93841303694720 93841303741656 93841312571392 140727276202753 140727276202902 140727276202902 140727276204001 0
/proc/18/statm: 358269 291970 1048 456 0 356430 0
Current children cumulated CPU time: 1417.6 s
Current children cumulated vsize: 1450760 KiB
Current children cumulated memory: 1180228 KiB

[startup+1482.3 s]
/proc/loadavg: 13.51 15.81 24.70 14/2978 18
/proc/meminfo: memFree=502023780/527542228 swapFree=33456124/33554428
[pid=16] ppid=13 vsize=17684 memory=12348 CPUtime=0.04 cores=74-79,85,87,90,93-94,96-98,186-191,197,199,202,205-206,208-210
/proc/16/stat : 16 (python3) S 13 16 0 0 -1 4194304 1895 0 96 0 3 1 0 0 20 0 1 0 53412476 18108416 3087 67087892480 4194304 7154137 140725306139392 0 0 0 0 16781312 2 1 0 0 17 210 0 0 8 0 0 9727432 11029816 43098112 140725306141502 140725306141613 140725306141613 140725306142695 0
/proc/16/statm: 4421 3087 1493 723 0 2063 0
[pid=18] ppid=16 vsize=1050464 memory=790388 CPUtime=1477.4 cores=74-79,85,87,90,93-94,96-98,186-191,197,199,202,205-206,208-210
/proc/18/stat : 18 (bn4rust) R 16 16 0 0 -1 4194304 2050574 0 17 0 144613 3127 0 0 20 0 1 0 53412490 1075675136 197597 67087892480 93841301569536 93841303436657 140727276194624 0 0 0 0 4096 1088 0 0 0 17 98 0 0 1 0 0 93841303694720 93841303741656 93841312571392 140727276202753 140727276202902 140727276202902 140727276204001 0
/proc/18/statm: 262616 197597 1048 456 0 260777 0
Current children cumulated CPU time: 1477.44 s
Current children cumulated vsize: 1068148 KiB
Current children cumulated memory: 802736 KiB

[startup+1542.3 s]
/proc/loadavg: 13.19 15.30 23.97 14/2974 18
/proc/meminfo: memFree=502276592/527542228 swapFree=33456124/33554428
[pid=16] ppid=13 vsize=17684 memory=12348 CPUtime=0.04 cores=74-79,85,87,90,93-94,96-98,186-191,197,199,202,205-206,208-210
/proc/16/stat : 16 (python3) S 13 16 0 0 -1 4194304 1895 0 96 0 3 1 0 0 20 0 1 0 53412476 18108416 3087 67087892480 4194304 7154137 140725306139392 0 0 0 0 16781312 2 1 0 0 17 210 0 0 8 0 0 9727432 11029816 43098112 140725306141502 140725306141613 140725306141613 140725306142695 0
/proc/16/statm: 4421 3087 1493 723 0 2063 0
[pid=18] ppid=16 vsize=840452 memory=673188 CPUtime=1537.24 cores=74-79,85,87,90,93-94,96-98,186-191,197,199,202,205-206,208-210
/proc/18/stat : 18 (bn4rust) R 16 16 0 0 -1 4194304 2116006 0 17 0 150456 3268 0 0 20 0 1 0 53412490 860622848 168297 67087892480 93841301569536 93841303436657 140727276194624 0 0 0 0 4096 1088 0 0 0 17 98 0 0 1 0 0 93841303694720 93841303741656 93841312571392 140727276202753 140727276202902 140727276202902 140727276204001 0
/proc/18/statm: 210113 168297 1048 456 0 208274 0
Current children cumulated CPU time: 1537.28 s
Current children cumulated vsize: 858136 KiB
Current children cumulated memory: 685536 KiB

[startup+1602.3 s]
/proc/loadavg: 13.07 14.88 23.28 14/2975 18
/proc/meminfo: memFree=502325404/527542228 swapFree=33456124/33554428
[pid=16] ppid=13 vsize=17684 memory=12348 CPUtime=0.04 cores=74-79,85,87,90,93-94,96-98,186-191,197,199,202,205-206,208-210
/proc/16/stat : 16 (python3) S 13 16 0 0 -1 4194304 1895 0 96 0 3 1 0 0 20 0 1 0 53412476 18108416 3087 67087892480 4194304 7154137 140725306139392 0 0 0 0 16781312 2 1 0 0 17 210 0 0 8 0 0 9727432 11029816 43098112 140725306141502 140725306141613 140725306141613 140725306142695 0
/proc/16/statm: 4421 3087 1493 723 0 2063 0
[pid=18] ppid=16 vsize=779580 memory=578936 CPUtime=1597.08 cores=74-79,85,87,90,93-94,96-98,186-191,197,199,202,205-206,208-210
/proc/18/stat : 18 (bn4rust) R 16 16 0 0 -1 4194304 2197395 0 17 0 156288 3420 0 0 20 0 1 0 53412490 798289920 144734 67087892480 93841301569536 93841303436657 140727276194624 0 0 0 0 4096 1088 0 0 0 17 98 0 0 1 0 0 93841303694720 93841303741656 93841312571392 140727276202753 140727276202902 140727276202902 140727276204001 0
/proc/18/statm: 194895 144734 1048 456 0 193056 0
Current children cumulated CPU time: 1597.12 s
Current children cumulated vsize: 797264 KiB
Current children cumulated memory: 591284 KiB

[startup+1662.3 s]
/proc/loadavg: 13.02 14.54 22.63 14/2975 18
/proc/meminfo: memFree=501668416/527542228 swapFree=33456124/33554428
[pid=16] ppid=13 vsize=17684 memory=12348 CPUtime=0.04 cores=74-79,85,87,90,93-94,96-98,186-191,197,199,202,205-206,208-210
/proc/16/stat : 16 (python3) S 13 16 0 0 -1 4194304 1895 0 96 0 3 1 0 0 20 0 1 0 53412476 18108416 3087 67087892480 4194304 7154137 140725306139392 0 0 0 0 16781312 2 1 0 0 17 210 0 0 8 0 0 9727432 11029816 43098112 140725306141502 140725306141613 140725306141613 140725306142695 0
/proc/16/statm: 4421 3087 1493 723 0 2063 0
[pid=18] ppid=16 vsize=2019796 memory=1304320 CPUtime=1656.92 cores=74-79,85,87,90,93-94,96-98,186-191,197,199,202,205-206,208-210
/proc/18/stat : 18 (bn4rust) R 16 16 0 0 -1 4194304 2275708 0 17 0 162124 3568 0 0 20 0 1 0 53412490 2068271104 326080 67087892480 93841301569536 93841303436657 140727276194624 0 0 0 0 4096 1088 0 0 0 17 98 0 0 1 0 0 93841303694720 93841303741656 93841312571392 140727276202753 140727276202902 140727276202902 140727276204001 0
/proc/18/statm: 504949 326080 1048 456 0 503110 0
Current children cumulated CPU time: 1656.96 s
Current children cumulated vsize: 2037480 KiB
Current children cumulated memory: 1316668 KiB

[startup+1722.3 s]
/proc/loadavg: 13.01 14.25 22.03 14/2975 18
/proc/meminfo: memFree=501624856/527542228 swapFree=33456124/33554428
[pid=16] ppid=13 vsize=17684 memory=12348 CPUtime=0.04 cores=74-79,85,87,90,93-94,96-98,186-191,197,199,202,205-206,208-210
/proc/16/stat : 16 (python3) S 13 16 0 0 -1 4194304 1895 0 96 0 3 1 0 0 20 0 1 0 53412476 18108416 3087 67087892480 4194304 7154137 140725306139392 0 0 0 0 16781312 2 1 0 0 17 210 0 0 8 0 0 9727432 11029816 43098112 140725306141502 140725306141613 140725306141613 140725306142695 0
/proc/16/statm: 4421 3087 1493 723 0 2063 0
[pid=18] ppid=16 vsize=1499612 memory=1220500 CPUtime=1716.76 cores=74-79,85,87,90,93-94,96-98,186-191,197,199,202,205-206,208-210
/proc/18/stat : 18 (bn4rust) R 16 16 0 0 -1 4194304 2310142 0 17 0 167986 3690 0 0 20 0 1 0 53412490 1535602688 305125 67087892480 93841301569536 93841303436657 140727276194624 0 0 0 0 4096 1088 0 0 0 17 98 0 0 1 0 0 93841303694720 93841303741656 93841312571392 140727276202753 140727276202902 140727276202902 140727276204001 0
/proc/18/statm: 374903 305125 1048 456 0 373064 0
Current children cumulated CPU time: 1716.8 s
Current children cumulated vsize: 1517296 KiB
Current children cumulated memory: 1232848 KiB

[startup+1782.3 s]
/proc/loadavg: 13.00 14.02 21.46 14/2972 18
/proc/meminfo: memFree=501907480/527542228 swapFree=33456124/33554428
[pid=16] ppid=13 vsize=17684 memory=12348 CPUtime=0.04 cores=74-79,85,87,90,93-94,96-98,186-191,197,199,202,205-206,208-210
/proc/16/stat : 16 (python3) S 13 16 0 0 -1 4194304 1895 0 96 0 3 1 0 0 20 0 1 0 53412476 18108416 3087 67087892480 4194304 7154137 140725306139392 0 0 0 0 16781312 2 1 0 0 17 210 0 0 8 0 0 9727432 11029816 43098112 140725306141502 140725306141613 140725306141613 140725306142695 0
/proc/16/statm: 4421 3087 1493 723 0 2063 0
[pid=18] ppid=16 vsize=779388 memory=589924 CPUtime=1776.6 cores=74-79,85,87,90,93-94,96-98,186-191,197,199,202,205-206,208-210
/proc/18/stat : 18 (bn4rust) R 16 16 0 0 -1 4194304 2349155 0 17 0 173856 3804 0 0 20 0 1 0 53412490 798093312 147481 67087892480 93841301569536 93841303436657 140727276194624 0 0 0 0 4096 1088 0 0 0 17 98 0 0 1 0 0 93841303694720 93841303741656 93841312571392 140727276202753 140727276202902 140727276202902 140727276204001 0
/proc/18/statm: 194847 147481 1048 456 0 193008 0
Current children cumulated CPU time: 1776.64 s
Current children cumulated vsize: 797072 KiB
Current children cumulated memory: 602272 KiB



Maximum wall clock time exceeded: sending SIGTERM then SIGKILL

[startup+1800 s]*
/proc/loadavg: 13.00 13.95 21.28 14/2972 18
/proc/meminfo: memFree=501302060/527542228 swapFree=33456124/33554428
[pid=16] ppid=13 vsize=17684 memory=12348 CPUtime=0.04 cores=74-79,85,87,90,93-94,96-98,186-191,197,199,202,205-206,208-210
/proc/16/stat : 16 (python3) S 13 16 0 0 -1 4194304 1895 0 96 0 3 1 0 0 20 0 1 0 53412476 18108416 3087 67087892480 4194304 7154137 140725306139392 0 0 0 0 16781312 2 1 0 0 17 210 0 0 8 0 0 9727432 11029816 43098112 140725306141502 140725306141613 140725306141613 140725306142695 0
/proc/16/statm: 4421 3087 1493 723 0 2063 0
[pid=18] ppid=16 vsize=681080 memory=525372 CPUtime=1794.25 cores=74-79,85,87,90,93-94,96-98,186-191,197,199,202,205-206,208-210
/proc/18/stat : 18 (bn4rust) R 16 16 0 0 -1 4194304 2367498 0 17 0 175580 3845 0 0 20 0 1 0 53412490 697425920 131343 67087892480 93841301569536 93841303436657 140727276194624 0 0 0 0 4096 1088 0 0 0 17 98 0 0 1 0 0 93841303694720 93841303741656 93841312571392 140727276202753 140727276202902 140727276202902 140727276204001 0
/proc/18/statm: 170270 131343 1048 456 0 168431 0
Current children cumulated CPU time: 1794.29 s
Current children cumulated vsize: 698764 KiB
Current children cumulated memory: 537720 KiB

Sending SIGTERM to process tree (bottom up)
Sleeping 2 seconds

[startup+1800.01 s]
# the end of solver process 16 was just reported to runsolver
# cumulated CPU time of all completed processes:  user=0.034865 s, system=0.016241 s

[startup+1800.01 s]
# the end of solver process 18 was just reported to runsolver
# cumulated CPU time of all completed processes:  user=1755.84 s, system=38.4742 s
# this solver process was not waited by its parent and was adopted by runsolver

Solver just ended.
??? end of watcher thread
Dumping a history of the last processes samples

Child ended because it received signal 15 (SIGTERM)
Real time (s): 1800.01
CPU time (s): 1794.32
CPU user time (s): 1755.84
CPU system time (s): 38.4742
CPU usage (%): 99.6839
Max. virtual memory (cumulated for all children) (KiB): 2877720
Max. memory (cumulated for all children) (KiB): 2424436

getrusage(RUSAGE_CHILDREN,...) data:
user time used= 1755.84
system time used= 38.4742
maximum resident set size= 2445520
integral shared memory size= 0
integral unshared data size= 0
integral unshared stack size= 0
page reclaims= 2369393
page faults= 113
swaps= 0
block input operations= 19528
block output operations= 8
messages sent= 0
messages received= 0
signals received= 0
voluntary context switches= 999
involuntary context switches= 6471


# summary of solver processes directly reported to runsolver:
#   pid: 16,18
#   total CPU time (s): 1794.32
#   total CPU user time (s): 1755.84
#   total CPU system time (s): 38.4742

??? join timestamper begins
??? join timestamper ends
??? end of timestamper thread
runsolver used 0.924506 second user time and 2.87097 second system time

The end
