# WCTIME: wall clock time in seconds
WCTIME=1800.01
# CPUTIME: CPU time in seconds (USERTIME+SYSTEMTIME)
CPUTIME=1795.11
# USERTIME: CPU time spent in user mode in seconds
USERTIME=1749.54
# SYSTEMTIME: CPU time spent in system mode in seconds
SYSTEMTIME=45.5663
# CPUUSAGE: CPUTIME/WCTIME in percent
CPUUSAGE=99.7278
# MAXVM: maximum virtual memory used in KiB
MAXVM=1547140
# MAXMM: maximum memory used in KiB
MAXMM=1205756
# MAXRSS: maximum Resident Segment Size in KiB
MAXRSS=1276108
# TIMEOUT: did the solver exceed the time limit?
TIMEOUT=true
# MEMOUT: did the solver exceed the memory limit?
MEMOUT=false
# EXITSTATUS: Exit status of the solver
EXITSTATUS=15
