# WCTIME: wall clock time in seconds
WCTIME=2.56082
# CPUTIME: CPU time in seconds (USERTIME+SYSTEMTIME)
CPUTIME=2.44318
# USERTIME: CPU time spent in user mode in seconds
USERTIME=2.41459
# SYSTEMTIME: CPU time spent in system mode in seconds
SYSTEMTIME=0.028588
# CPUUSAGE: CPUTIME/WCTIME in percent
CPUUSAGE=95.4063
# MAXVM: maximum virtual memory used in KiB
MAXVM=27148
# MAXMM: maximum memory used in KiB
MAXMM=18604
# MAXRSS: maximum Resident Segment Size in KiB
MAXRSS=12628
# TIMEOUT: did the solver exceed the time limit?
TIMEOUT=false
# MEMOUT: did the solver exceed the memory limit?
MEMOUT=false
# EXITSTATUS: Exit status of the solver
EXITSTATUS=0
