# WCTIME: wall clock time in seconds
WCTIME=2.0761
# CPUTIME: CPU time in seconds (USERTIME+SYSTEMTIME)
CPUTIME=1.3628
# USERTIME: CPU time spent in user mode in seconds
USERTIME=1.22353
# SYSTEMTIME: CPU time spent in system mode in seconds
SYSTEMTIME=0.139266
# CPUUSAGE: CPUTIME/WCTIME in percent
CPUUSAGE=65.6423
# MAXVM: maximum virtual memory used in KiB
MAXVM=222116
# MAXMM: maximum memory used in KiB
MAXMM=71132
# MAXRSS: maximum Resident Segment Size in KiB
MAXRSS=71132
# TIMEOUT: did the solver exceed the time limit?
TIMEOUT=false
# MEMOUT: did the solver exceed the memory limit?
MEMOUT=false
# EXITSTATUS: Exit status of the solver
EXITSTATUS=0
