runsolver version 3.4.1 (svn: 3018) Copyright (C) 2010-2013 Olivier ROUSSEL

This program is distributed in the hope that it will be useful,
but WITHOUT ANY WARRANTY; without even the implied warranty of
MERCHANTABILITY or FITNESS FOR A PARTICULAR PURPOSE.  See the
GNU General Public License for more details.

NUMA information:
  number of nodes: 8
  memory of node 0: 63700 MiB (61341 MiB free)
  memory of node 1: 64504 MiB (63852 MiB free)
  memory of node 2: 64504 MiB (64022 MiB free)
  memory of node 3: 64504 MiB (63953 MiB free)
  memory of node 4: 64504 MiB (63824 MiB free)
  memory of node 5: 64504 MiB (63958 MiB free)
  memory of node 6: 64461 MiB (63739 MiB free)
  memory of node 7: 64491 MiB (60902 MiB free)
  node distances:
     10  12  12  12  21  21  21  21
     12  10  12  12  21  21  21  21
     12  12  10  12  21  21  21  21
     12  12  12  10  21  21  21  21
     21  21  21  21  10  12  12  12
     21  21  21  21  12  10  12  12
     21  21  21  21  12  12  10  12
     21  21  21  21  12  12  12  10

command line: /usr/local/bin/runsolver --timestamp -w /output/runsolver-watch.log -v /output/runsolver-values.log -o /output/solver-output.log -C 1800.0 -W 1800.0 -R 64000 /opt/solver/run_bn4rust.py --mode cyber-full --instance /input/model_072.bnet 

running on 28 cores: 84-97,196-209

Enforcing CPUTime limit (soft limit, will send SIGTERM then SIGKILL): 1800 seconds
Enforcing CPUTime limit (hard limit, will send SIGXCPU): 1830 seconds
Enforcing wall clock limit (soft limit, will send SIGTERM then SIGKILL): 1800 seconds
Enforcing RSS+Swap limit (soft limit, will send SIGTERM then SIGKILL): 65536000 KiB
Linux 4.18.0-553.159.1.el8_10.x86_64
solver pid=16, runsolver pid=13
Current StackSize limit: 18014398509481983 KiB


[startup+0.10008 s]*
/proc/loadavg: 0.00 0.02 2.00 9/2872 17
/proc/meminfo: memFree=517609384/527542224 swapFree=33554172/33554428
[pid=16] ppid=13 vsize=15800 memory=10108 CPUtime=0.02 cores=84-97,196-209
/proc/16/stat : 16 (python3) D 13 16 0 0 -1 4194304 1396 0 84 0 1 1 0 0 20 0 1 0 53231324 16179200 2527 67087892480 4194304 7154137 140737131949296 0 0 0 0 16781312 2 0 0 0 17 204 0 0 6 0 0 9727432 11029816 27680768 140737131952983 140737131953069 140737131953069 140737131954151 0
/proc/16/statm: 3950 2527 1392 723 0 1674 0
Current children cumulated CPU time: 0.02 s
Current children cumulated vsize: 15800 KiB
Current children cumulated memory: 10108 KiB

[startup+0.20053 s]*
/proc/loadavg: 0.00 0.02 2.00 5/2869 18
/proc/meminfo: memFree=517581328/527542224 swapFree=33554172/33554428
[pid=16] ppid=13 vsize=17684 memory=12420 CPUtime=0.04 cores=84-97,196-209
/proc/16/stat : 16 (python3) S 13 16 0 0 -1 4194304 1895 0 96 0 3 1 0 0 20 0 1 0 53231324 18108416 3105 67087892480 4194304 7154137 140737131949296 0 0 0 0 16781312 2 1 0 0 17 207 0 0 8 0 0 9727432 11029816 27680768 140737131952983 140737131953069 140737131953069 140737131954151 0
/proc/16/statm: 4421 3105 1511 723 0 2063 0
[pid=18] ppid=16 vsize=8120 memory=5040 CPUtime=0.01 cores=84-97,196-209
/proc/18/stat : 18 (bn4rust) R 16 16 0 0 -1 4194304 240 0 18 0 1 0 0 0 20 0 1 0 53231337 8314880 1260 67087892480 94627831635968 94627833503089 140730814381104 0 0 0 0 4096 1088 0 0 0 17 204 0 0 1 0 0 94627833761152 94627833808088 94627844268032 140730814384922 140730814385046 140730814385046 140730814386145 0
/proc/18/statm: 2030 1260 1097 456 0 191 0
Current children cumulated CPU time: 0.05 s
Current children cumulated vsize: 25804 KiB
Current children cumulated memory: 17460 KiB

[startup+0.300455 s]*
/proc/loadavg: 0.00 0.02 2.00 8/2837 18
/proc/meminfo: memFree=517625664/527542224 swapFree=33554172/33554428
[pid=16] ppid=13 vsize=17684 memory=12420 CPUtime=0.04 cores=84-97,196-209
/proc/16/stat : 16 (python3) S 13 16 0 0 -1 4194304 1896 0 96 0 3 1 0 0 20 0 1 0 53231324 18108416 3105 67087892480 4194304 7154137 140737131949296 0 0 0 0 16781312 2 1 0 0 17 207 0 0 8 0 0 9727432 11029816 27680768 140737131952983 140737131953069 140737131953069 140737131954151 0
/proc/16/statm: 4421 3105 1511 723 0 2063 0
[pid=18] ppid=16 vsize=9000 memory=5620 CPUtime=0.11 cores=84-97,196-209
/proc/18/stat : 18 (bn4rust) R 16 16 0 0 -1 4194304 1662 0 18 0 11 0 0 0 20 0 1 0 53231337 9216000 1405 67087892480 94627831635968 94627833503089 140730814381104 0 0 0 0 4096 1088 0 0 0 17 92 0 0 1 0 0 94627833761152 94627833808088 94627844268032 140730814384922 140730814385046 140730814385046 140730814386145 0
/proc/18/statm: 2250 1405 1097 456 0 411 0
Current children cumulated CPU time: 0.15 s
Current children cumulated vsize: 26684 KiB
Current children cumulated memory: 18040 KiB

[startup+0.70021 s]
/proc/loadavg: 0.00 0.02 2.00 8/2826 18
/proc/meminfo: memFree=517658832/527542224 swapFree=33554172/33554428
[pid=16] ppid=13 vsize=17684 memory=12420 CPUtime=0.04 cores=84-97,196-209
/proc/16/stat : 16 (python3) S 13 16 0 0 -1 4194304 1896 0 96 0 3 1 0 0 20 0 1 0 53231324 18108416 3105 67087892480 4194304 7154137 140737131949296 0 0 0 0 16781312 2 1 0 0 17 207 0 0 8 0 0 9727432 11029816 27680768 140737131952983 140737131953069 140737131953069 140737131954151 0
/proc/16/statm: 4421 3105 1511 723 0 2063 0
[pid=18] ppid=16 vsize=11544 memory=8048 CPUtime=0.51 cores=84-97,196-209
/proc/18/stat : 18 (bn4rust) R 16 16 0 0 -1 4194304 6003 0 18 0 50 1 0 0 20 0 1 0 53231337 11821056 2012 67087892480 94627831635968 94627833503089 140730814381104 0 0 0 0 4096 1088 0 0 0 17 204 0 0 1 0 0 94627833761152 94627833808088 94627844268032 140730814384922 140730814385046 140730814385046 140730814386145 0
/proc/18/statm: 2886 2012 1097 456 0 1047 0
Current children cumulated CPU time: 0.55 s
Current children cumulated vsize: 29228 KiB
Current children cumulated memory: 20468 KiB

[startup+1.50021 s]
/proc/loadavg: 0.00 0.02 2.00 7/2746 18
/proc/meminfo: memFree=517689868/527542224 swapFree=33554172/33554428
[pid=16] ppid=13 vsize=17684 memory=12420 CPUtime=0.04 cores=84-97,196-209
/proc/16/stat : 16 (python3) S 13 16 0 0 -1 4194304 1896 0 96 0 3 1 0 0 20 0 1 0 53231324 18108416 3105 67087892480 4194304 7154137 140737131949296 0 0 0 0 16781312 2 1 0 0 17 207 0 0 8 0 0 9727432 11029816 27680768 140737131952983 140737131953069 140737131953069 140737131954151 0
/proc/16/statm: 4421 3105 1511 723 0 2063 0
[pid=18] ppid=16 vsize=13368 memory=9752 CPUtime=1.3 cores=84-97,196-209
/proc/18/stat : 18 (bn4rust) R 16 16 0 0 -1 4194304 18402 0 18 0 128 2 0 0 20 0 1 0 53231337 13688832 2438 67087892480 94627831635968 94627833503089 140730814381104 0 0 0 0 4096 1088 0 0 0 17 92 0 0 1 0 0 94627833761152 94627833808088 94627844268032 140730814384922 140730814385046 140730814385046 140730814386145 0
/proc/18/statm: 3342 2438 1097 456 0 1503 0
Current children cumulated CPU time: 1.34 s
Current children cumulated vsize: 31052 KiB
Current children cumulated memory: 22172 KiB

[startup+3.10042 s]
/proc/loadavg: 0.00 0.02 2.00 4/2772 18
/proc/meminfo: memFree=517581420/527542224 swapFree=33554172/33554428
[pid=16] ppid=13 vsize=17684 memory=12420 CPUtime=0.04 cores=84-97,196-209
/proc/16/stat : 16 (python3) S 13 16 0 0 -1 4194304 1896 0 96 0 3 1 0 0 20 0 1 0 53231324 18108416 3105 67087892480 4194304 7154137 140737131949296 0 0 0 0 16781312 2 1 0 0 17 207 0 0 8 0 0 9727432 11029816 27680768 140737131952983 140737131953069 140737131953069 140737131954151 0
/proc/16/statm: 4421 3105 1511 723 0 2063 0
[pid=18] ppid=16 vsize=16376 memory=12656 CPUtime=2.9 cores=84-97,196-209
/proc/18/stat : 18 (bn4rust) R 16 16 0 0 -1 4194304 33689 0 18 0 286 4 0 0 20 0 1 0 53231337 16769024 3164 67087892480 94627831635968 94627833503089 140730814381104 0 0 0 0 4096 1088 0 0 0 17 92 0 0 1 0 0 94627833761152 94627833808088 94627844268032 140730814384922 140730814385046 140730814385046 140730814386145 0
/proc/18/statm: 4094 3164 1097 456 0 2255 0
Current children cumulated CPU time: 2.94 s
Current children cumulated vsize: 34060 KiB
Current children cumulated memory: 25076 KiB

[startup+6.30022 s]
/proc/loadavg: 0.24 0.07 2.00 4/2702 18
/proc/meminfo: memFree=517592144/527542224 swapFree=33554172/33554428
[pid=16] ppid=13 vsize=17684 memory=12420 CPUtime=0.04 cores=84-97,196-209
/proc/16/stat : 16 (python3) S 13 16 0 0 -1 4194304 1896 0 96 0 3 1 0 0 20 0 1 0 53231324 18108416 3105 67087892480 4194304 7154137 140737131949296 0 0 0 0 16781312 2 1 0 0 17 207 0 0 8 0 0 9727432 11029816 27680768 140737131952983 140737131953069 140737131953069 140737131954151 0
/proc/16/statm: 4421 3105 1511 723 0 2063 0
[pid=18] ppid=16 vsize=24860 memory=21620 CPUtime=6.08 cores=84-97,196-209
/proc/18/stat : 18 (bn4rust) R 16 16 0 0 -1 4194304 60995 0 18 0 599 9 0 0 20 0 1 0 53231337 25456640 5405 67087892480 94627831635968 94627833503089 140730814381104 0 0 0 0 4096 1088 0 0 0 17 204 0 0 1 0 0 94627833761152 94627833808088 94627844268032 140730814384922 140730814385046 140730814385046 140730814386145 0
/proc/18/statm: 6215 5405 1097 456 0 4376 0
Current children cumulated CPU time: 6.12 s
Current children cumulated vsize: 42544 KiB
Current children cumulated memory: 34040 KiB

[startup+12.7002 s]
/proc/loadavg: 0.86 0.20 2.04 8/2867 18
/proc/meminfo: memFree=516854308/527542224 swapFree=33554172/33554428
[pid=16] ppid=13 vsize=17684 memory=12420 CPUtime=0.04 cores=84-97,196-209
/proc/16/stat : 16 (python3) S 13 16 0 0 -1 4194304 1896 0 96 0 3 1 0 0 20 0 1 0 53231324 18108416 3105 67087892480 4194304 7154137 140737131949296 0 0 0 0 16781312 2 1 0 0 17 207 0 0 8 0 0 9727432 11029816 27680768 140737131952983 140737131953069 140737131953069 140737131954151 0
/proc/16/statm: 4421 3105 1511 723 0 2063 0
[pid=18] ppid=16 vsize=62136 memory=58880 CPUtime=12.46 cores=84-97,196-209
/proc/18/stat : 18 (bn4rust) R 16 16 0 0 -1 4194304 77738 0 18 0 1232 14 0 0 20 0 1 0 53231337 63627264 14720 67087892480 94627831635968 94627833503089 140730814381104 0 0 0 0 4096 1088 0 0 0 17 92 0 0 1 0 0 94627833761152 94627833808088 94627844268032 140730814384922 140730814385046 140730814385046 140730814386145 0
/proc/18/statm: 15534 14720 1097 456 0 13695 0
Current children cumulated CPU time: 12.5 s
Current children cumulated vsize: 79820 KiB
Current children cumulated memory: 71300 KiB

[startup+25.5003 s]
/proc/loadavg: 2.22 0.54 2.12 9/2850 18
/proc/meminfo: memFree=516341260/527542224 swapFree=33554172/33554428
[pid=16] ppid=13 vsize=17684 memory=12420 CPUtime=0.04 cores=84-97,196-209
/proc/16/stat : 16 (python3) S 13 16 0 0 -1 4194304 1896 0 96 0 3 1 0 0 20 0 1 0 53231324 18108416 3105 67087892480 4194304 7154137 140737131949296 0 0 0 0 16781312 2 1 0 0 17 207 0 0 8 0 0 9727432 11029816 27680768 140737131952983 140737131953069 140737131953069 140737131954151 0
/proc/16/statm: 4421 3105 1511 723 0 2063 0
[pid=18] ppid=16 vsize=98448 memory=89864 CPUtime=25.23 cores=84-97,196-209
/proc/18/stat : 18 (bn4rust) R 16 16 0 0 -1 4194304 103000 0 18 0 2502 21 0 0 20 0 1 0 53231337 100810752 22466 67087892480 94627831635968 94627833503089 140730814381104 0 0 0 0 4096 1088 0 0 0 17 92 0 0 1 0 0 94627833761152 94627833808088 94627844268032 140730814384922 140730814385046 140730814385046 140730814386145 0
/proc/18/statm: 24612 22466 1097 456 0 22773 0
Current children cumulated CPU time: 25.27 s
Current children cumulated vsize: 116132 KiB
Current children cumulated memory: 102284 KiB

[startup+51.1005 s]
/proc/loadavg: 3.63 1.01 2.23 7/2813 18
/proc/meminfo: memFree=513902508/527542224 swapFree=33554172/33554428
[pid=16] ppid=13 vsize=17684 memory=12420 CPUtime=0.04 cores=84-97,196-209
/proc/16/stat : 16 (python3) S 13 16 0 0 -1 4194304 1896 0 96 0 3 1 0 0 20 0 1 0 53231324 18108416 3105 67087892480 4194304 7154137 140737131949296 0 0 0 0 16781312 2 1 0 0 17 207 0 0 8 0 0 9727432 11029816 27680768 140737131952983 140737131953069 140737131953069 140737131954151 0
/proc/16/statm: 4421 3105 1511 723 0 2063 0
[pid=18] ppid=16 vsize=110584 memory=107224 CPUtime=50.75 cores=84-97,196-209
/proc/18/stat : 18 (bn4rust) R 16 16 0 0 -1 4194304 134325 0 18 0 5043 32 0 0 20 0 1 0 53231337 113238016 26806 67087892480 94627831635968 94627833503089 140730814381104 0 0 0 0 4096 1088 0 0 0 17 92 0 0 1 0 0 94627833761152 94627833808088 94627844268032 140730814384922 140730814385046 140730814385046 140730814386145 0
/proc/18/statm: 27646 26806 1097 456 0 25807 0
Current children cumulated CPU time: 50.79 s
Current children cumulated vsize: 128268 KiB
Current children cumulated memory: 119644 KiB

[startup+102.3 s]
/proc/loadavg: 5.03 1.79 2.44 7/2813 18
/proc/meminfo: memFree=507810756/527542224 swapFree=33554172/33554428
[pid=16] ppid=13 vsize=17684 memory=12420 CPUtime=0.04 cores=84-97,196-209
/proc/16/stat : 16 (python3) S 13 16 0 0 -1 4194304 1896 0 96 0 3 1 0 0 20 0 1 0 53231324 18108416 3105 67087892480 4194304 7154137 140737131949296 0 0 0 0 16781312 2 1 0 0 17 207 0 0 8 0 0 9727432 11029816 27680768 140737131952983 140737131953069 140737131953069 140737131954151 0
/proc/16/statm: 4421 3105 1511 723 0 2063 0
[pid=18] ppid=16 vsize=164148 memory=153156 CPUtime=101.81 cores=84-97,196-209
/proc/18/stat : 18 (bn4rust) R 16 16 0 0 -1 4194304 220665 0 18 0 10102 79 0 0 20 0 1 0 53231337 168087552 38289 67087892480 94627831635968 94627833503089 140730814381104 0 0 0 0 4096 1088 0 0 0 17 92 0 0 1 0 0 94627833761152 94627833808088 94627844268032 140730814384922 140730814385046 140730814385046 140730814386145 0
/proc/18/statm: 41037 38289 1097 456 0 39198 0
Current children cumulated CPU time: 101.85 s
Current children cumulated vsize: 181832 KiB
Current children cumulated memory: 165576 KiB

[startup+162.3 s]
/proc/loadavg: 5.65 2.56 2.66 7/2812 18
/proc/meminfo: memFree=499919684/527542224 swapFree=33554172/33554428
[pid=16] ppid=13 vsize=17684 memory=12420 CPUtime=0.04 cores=84-97,196-209
/proc/16/stat : 16 (python3) S 13 16 0 0 -1 4194304 1896 0 96 0 3 1 0 0 20 0 1 0 53231324 18108416 3105 67087892480 4194304 7154137 140737131949296 0 0 0 0 16781312 2 1 0 0 17 207 0 0 8 0 0 9727432 11029816 27680768 140737131952983 140737131953069 140737131953069 140737131954151 0
/proc/16/statm: 4421 3105 1511 723 0 2063 0
[pid=18] ppid=16 vsize=53028 memory=49960 CPUtime=161.61 cores=84-97,196-209
/proc/18/stat : 18 (bn4rust) R 16 16 0 0 -1 4194304 303247 0 18 0 16020 141 0 0 20 0 1 0 53231337 54300672 12490 67087892480 94627831635968 94627833503089 140730814381104 0 0 0 0 4096 1088 0 0 0 17 92 0 0 1 0 0 94627833761152 94627833808088 94627844268032 140730814384922 140730814385046 140730814385046 140730814386145 0
/proc/18/statm: 13257 12490 1097 456 0 11418 0
Current children cumulated CPU time: 161.65 s
Current children cumulated vsize: 70712 KiB
Current children cumulated memory: 62380 KiB

[startup+222.3 s]
/proc/loadavg: 5.92 3.21 2.88 7/2812 18
/proc/meminfo: memFree=502050000/527542224 swapFree=33554172/33554428
[pid=16] ppid=13 vsize=17684 memory=12420 CPUtime=0.04 cores=84-97,196-209
/proc/16/stat : 16 (python3) S 13 16 0 0 -1 4194304 1896 0 96 0 3 1 0 0 20 0 1 0 53231324 18108416 3105 67087892480 4194304 7154137 140737131949296 0 0 0 0 16781312 2 1 0 0 17 207 0 0 8 0 0 9727432 11029816 27680768 140737131952983 140737131953069 140737131953069 140737131954151 0
/proc/16/statm: 4421 3105 1511 723 0 2063 0
[pid=18] ppid=16 vsize=116040 memory=112760 CPUtime=221.41 cores=84-97,196-209
/proc/18/stat : 18 (bn4rust) R 16 16 0 0 -1 4194304 401556 0 18 0 21905 236 0 0 20 0 1 0 53231337 118824960 28190 67087892480 94627831635968 94627833503089 140730814381104 0 0 0 0 4096 1088 0 0 0 17 92 0 0 1 0 0 94627833761152 94627833808088 94627844268032 140730814384922 140730814385046 140730814385046 140730814386145 0
/proc/18/statm: 29010 28190 1097 456 0 27171 0
Current children cumulated CPU time: 221.45 s
Current children cumulated vsize: 133724 KiB
Current children cumulated memory: 125180 KiB

[startup+282.3 s]
/proc/loadavg: 5.97 3.72 3.08 7/2811 18
/proc/meminfo: memFree=503047144/527542224 swapFree=33554172/33554428
[pid=16] ppid=13 vsize=17684 memory=12420 CPUtime=0.04 cores=84-97,196-209
/proc/16/stat : 16 (python3) S 13 16 0 0 -1 4194304 1897 0 96 0 3 1 0 0 20 0 1 0 53231324 18108416 3105 67087892480 4194304 7154137 140737131949296 0 0 0 0 16781312 2 1 0 0 17 207 0 0 8 0 0 9727432 11029816 27680768 140737131952983 140737131953069 140737131953069 140737131954151 0
/proc/16/statm: 4421 3105 1511 723 0 2063 0
[pid=18] ppid=16 vsize=125224 memory=122148 CPUtime=281.21 cores=84-97,196-209
/proc/18/stat : 18 (bn4rust) R 16 16 0 0 -1 4194304 501099 0 18 0 27784 337 0 0 20 0 1 0 53231337 128229376 30537 67087892480 94627831635968 94627833503089 140730814381104 0 0 0 0 4096 1088 0 0 0 17 92 0 0 1 0 0 94627833761152 94627833808088 94627844268032 140730814384922 140730814385046 140730814385046 140730814386145 0
/proc/18/statm: 31306 30537 1097 456 0 29467 0
Current children cumulated CPU time: 281.25 s
Current children cumulated vsize: 142908 KiB
Current children cumulated memory: 134568 KiB

[startup+342.3 s]
/proc/loadavg: 5.99 4.13 3.26 7/2800 18
/proc/meminfo: memFree=494933432/527542224 swapFree=33554172/33554428
[pid=16] ppid=13 vsize=17684 memory=12420 CPUtime=0.04 cores=84-97,196-209
/proc/16/stat : 16 (python3) S 13 16 0 0 -1 4194304 1897 0 96 0 3 1 0 0 20 0 1 0 53231324 18108416 3105 67087892480 4194304 7154137 140737131949296 0 0 0 0 16781312 2 1 0 0 17 207 0 0 8 0 0 9727432 11029816 27680768 140737131952983 140737131953069 140737131953069 140737131954151 0
/proc/16/statm: 4421 3105 1511 723 0 2063 0
[pid=18] ppid=16 vsize=141604 memory=138408 CPUtime=341 cores=84-97,196-209
/proc/18/stat : 18 (bn4rust) R 16 16 0 0 -1 4194304 591527 0 18 0 33651 449 0 0 20 0 1 0 53231337 145002496 34602 67087892480 94627831635968 94627833503089 140730814381104 0 0 0 0 4096 1088 0 0 0 17 92 0 0 1 0 0 94627833761152 94627833808088 94627844268032 140730814384922 140730814385046 140730814385046 140730814386145 0
/proc/18/statm: 35401 34602 1097 456 0 33562 0
Current children cumulated CPU time: 341.04 s
Current children cumulated vsize: 159288 KiB
Current children cumulated memory: 150828 KiB

[startup+402.3 s]
/proc/loadavg: 6.08 4.49 3.44 7/2800 18
/proc/meminfo: memFree=491271504/527542224 swapFree=33554172/33554428
[pid=16] ppid=13 vsize=17684 memory=12420 CPUtime=0.04 cores=84-97,196-209
/proc/16/stat : 16 (python3) S 13 16 0 0 -1 4194304 1897 0 96 0 3 1 0 0 20 0 1 0 53231324 18108416 3105 67087892480 4194304 7154137 140737131949296 0 0 0 0 16781312 2 1 0 0 17 207 0 0 8 0 0 9727432 11029816 27680768 140737131952983 140737131953069 140737131953069 140737131954151 0
/proc/16/statm: 4421 3105 1511 723 0 2063 0
[pid=18] ppid=16 vsize=273708 memory=265852 CPUtime=400.8 cores=84-97,196-209
/proc/18/stat : 18 (bn4rust) R 16 16 0 0 -1 4194304 687431 0 18 0 39511 569 0 0 20 0 1 0 53231337 280276992 66463 67087892480 94627831635968 94627833503089 140730814381104 0 0 0 0 4096 1088 0 0 0 17 92 0 0 1 0 0 94627833761152 94627833808088 94627844268032 140730814384922 140730814385046 140730814385046 140730814386145 0
/proc/18/statm: 68427 66463 1097 456 0 66588 0
Current children cumulated CPU time: 400.84 s
Current children cumulated vsize: 291392 KiB
Current children cumulated memory: 278272 KiB

[startup+462.3 s]
/proc/loadavg: 6.03 4.77 3.60 7/2800 18
/proc/meminfo: memFree=480481676/527542224 swapFree=33554172/33554428
[pid=16] ppid=13 vsize=17684 memory=12512 CPUtime=0.04 cores=84-97,196-209
/proc/16/stat : 16 (python3) S 13 16 0 0 -1 4194304 1897 0 96 0 3 1 0 0 20 0 1 0 53231324 18108416 3128 67087892480 4194304 7154137 140737131949296 0 0 0 0 16781312 2 1 0 0 17 207 0 0 8 0 0 9727432 11029816 27680768 140737131952983 140737131953069 140737131953069 140737131954151 0
/proc/16/statm: 4421 3128 1511 723 0 2063 0
[pid=18] ppid=16 vsize=335812 memory=298272 CPUtime=460.6 cores=84-97,196-209
/proc/18/stat : 18 (bn4rust) R 16 16 0 0 -1 4194304 762752 0 18 0 45391 669 0 0 20 0 1 0 53231337 343871488 74568 67087892480 94627831635968 94627833503089 140730814381104 0 0 0 0 4096 1088 0 0 0 17 92 0 0 1 0 0 94627833761152 94627833808088 94627844268032 140730814384922 140730814385046 140730814385046 140730814386145 0
/proc/18/statm: 83953 74568 1097 456 0 82114 0
Current children cumulated CPU time: 460.64 s
Current children cumulated vsize: 353496 KiB
Current children cumulated memory: 310784 KiB

[startup+522.3 s]
/proc/loadavg: 6.01 5.00 3.76 7/2799 18
/proc/meminfo: memFree=483496036/527542224 swapFree=33554172/33554428
[pid=16] ppid=13 vsize=17684 memory=12512 CPUtime=0.04 cores=84-97,196-209
/proc/16/stat : 16 (python3) S 13 16 0 0 -1 4194304 1897 0 96 0 3 1 0 0 20 0 1 0 53231324 18108416 3128 67087892480 4194304 7154137 140737131949296 0 0 0 0 16781312 2 1 0 0 17 207 0 0 8 0 0 9727432 11029816 27680768 140737131952983 140737131953069 140737131953069 140737131954151 0
/proc/16/statm: 4421 3128 1511 723 0 2063 0
[pid=18] ppid=16 vsize=286656 memory=269372 CPUtime=520.4 cores=84-97,196-209
/proc/18/stat : 18 (bn4rust) R 16 16 0 0 -1 4194304 851220 0 18 0 51238 802 0 0 20 0 1 0 53231337 293535744 67343 67087892480 94627831635968 94627833503089 140730814381104 0 0 0 0 4096 1088 0 0 0 17 92 0 0 1 0 0 94627833761152 94627833808088 94627844268032 140730814384922 140730814385046 140730814385046 140730814386145 0
/proc/18/statm: 71664 67343 1097 456 0 69825 0
Current children cumulated CPU time: 520.44 s
Current children cumulated vsize: 304340 KiB
Current children cumulated memory: 281884 KiB

[startup+582.3 s]
/proc/loadavg: 6.00 5.18 3.90 7/2800 18
/proc/meminfo: memFree=493108816/527542224 swapFree=33554172/33554428
[pid=16] ppid=13 vsize=17684 memory=12512 CPUtime=0.04 cores=84-97,196-209
/proc/16/stat : 16 (python3) S 13 16 0 0 -1 4194304 1897 0 96 0 3 1 0 0 20 0 1 0 53231324 18108416 3128 67087892480 4194304 7154137 140737131949296 0 0 0 0 16781312 2 1 0 0 17 207 0 0 8 0 0 9727432 11029816 27680768 140737131952983 140737131953069 140737131953069 140737131954151 0
/proc/16/statm: 4421 3128 1511 723 0 2063 0
[pid=18] ppid=16 vsize=200628 memory=197432 CPUtime=580.2 cores=84-97,196-209
/proc/18/stat : 18 (bn4rust) R 16 16 0 0 -1 4194304 938868 0 18 0 57095 925 0 0 20 0 1 0 53231337 205443072 49358 67087892480 94627831635968 94627833503089 140730814381104 0 0 0 0 4096 1088 0 0 0 17 92 0 0 1 0 0 94627833761152 94627833808088 94627844268032 140730814384922 140730814385046 140730814385046 140730814386145 0
/proc/18/statm: 50157 49358 1097 456 0 48318 0
Current children cumulated CPU time: 580.24 s
Current children cumulated vsize: 218312 KiB
Current children cumulated memory: 209944 KiB

[startup+642.3 s]
/proc/loadavg: 6.00 5.33 4.03 7/2790 18
/proc/meminfo: memFree=491811008/527542224 swapFree=33554172/33554428
[pid=16] ppid=13 vsize=17684 memory=12512 CPUtime=0.04 cores=84-97,196-209
/proc/16/stat : 16 (python3) S 13 16 0 0 -1 4194304 1897 0 96 0 3 1 0 0 20 0 1 0 53231324 18108416 3128 67087892480 4194304 7154137 140737131949296 0 0 0 0 16781312 2 1 0 0 17 207 0 0 8 0 0 9727432 11029816 27680768 140737131952983 140737131953069 140737131953069 140737131954151 0
/proc/16/statm: 4421 3128 1511 723 0 2063 0
[pid=18] ppid=16 vsize=163764 memory=160568 CPUtime=639.99 cores=84-97,196-209
/proc/18/stat : 18 (bn4rust) R 16 16 0 0 -1 4194304 1012349 0 18 0 62968 1031 0 0 20 0 1 0 53231337 167694336 40142 67087892480 94627831635968 94627833503089 140730814381104 0 0 0 0 4096 1088 0 0 0 17 92 0 0 1 0 0 94627833761152 94627833808088 94627844268032 140730814384922 140730814385046 140730814385046 140730814386145 0
/proc/18/statm: 40941 40142 1097 456 0 39102 0
Current children cumulated CPU time: 640.03 s
Current children cumulated vsize: 181448 KiB
Current children cumulated memory: 173080 KiB

[startup+702.3 s]
/proc/loadavg: 6.00 5.46 4.16 7/2789 18
/proc/meminfo: memFree=483133016/527542224 swapFree=33554172/33554428
[pid=16] ppid=13 vsize=17684 memory=12512 CPUtime=0.04 cores=84-97,196-209
/proc/16/stat : 16 (python3) S 13 16 0 0 -1 4194304 1897 0 96 0 3 1 0 0 20 0 1 0 53231324 18108416 3128 67087892480 4194304 7154137 140737131949296 0 0 0 0 16781312 2 1 0 0 17 207 0 0 8 0 0 9727432 11029816 27680768 140737131952983 140737131953069 140737131953069 140737131954151 0
/proc/16/statm: 4421 3128 1511 723 0 2063 0
[pid=18] ppid=16 vsize=309184 memory=295992 CPUtime=699.8 cores=84-97,196-209
/proc/18/stat : 18 (bn4rust) R 16 16 0 0 -1 4194304 1091292 0 18 0 68825 1155 0 0 20 0 1 0 53231337 316604416 73998 67087892480 94627831635968 94627833503089 140730814381104 0 0 0 0 4096 1088 0 0 0 17 92 0 0 1 0 0 94627833761152 94627833808088 94627844268032 140730814384922 140730814385046 140730814385046 140730814386145 0
/proc/18/statm: 77296 73998 1097 456 0 75457 0
Current children cumulated CPU time: 699.84 s
Current children cumulated vsize: 326868 KiB
Current children cumulated memory: 308504 KiB

[startup+762.3 s]
/proc/loadavg: 6.46 5.66 4.31 33/2888 18
/proc/meminfo: memFree=448946352/527542224 swapFree=33554172/33554428
[pid=16] ppid=13 vsize=17684 memory=12512 CPUtime=0.04 cores=84-97,196-209
/proc/16/stat : 16 (python3) S 13 16 0 0 -1 4194304 1897 0 96 0 3 1 0 0 20 0 1 0 53231324 18108416 3128 67087892480 4194304 7154137 140737131949296 0 0 0 0 16781312 2 1 0 0 17 207 0 0 8 0 0 9727432 11029816 27680768 140737131952983 140737131953069 140737131953069 140737131954151 0
/proc/16/statm: 4421 3128 1511 723 0 2063 0
[pid=18] ppid=16 vsize=460736 memory=413560 CPUtime=759.61 cores=84-97,196-209
/proc/18/stat : 18 (bn4rust) R 16 16 0 0 -1 4194304 1162631 0 18 0 74686 1275 0 0 20 0 1 0 53231337 471793664 103390 67087892480 94627831635968 94627833503089 140730814381104 0 0 0 0 4096 1088 0 0 0 17 204 0 0 1 0 0 94627833761152 94627833808088 94627844268032 140730814384922 140730814385046 140730814385046 140730814386145 0
/proc/18/statm: 115184 103390 1097 456 0 113345 0
Current children cumulated CPU time: 759.65 s
Current children cumulated vsize: 478420 KiB
Current children cumulated memory: 426072 KiB

[startup+822.3 s]
/proc/loadavg: 17.60 9.02 5.56 34/2901 18
/proc/meminfo: memFree=450311524/527542224 swapFree=33554172/33554428
[pid=16] ppid=13 vsize=17684 memory=12512 CPUtime=0.04 cores=84-97,196-209
/proc/16/stat : 16 (python3) S 13 16 0 0 -1 4194304 1897 0 96 0 3 1 0 0 20 0 1 0 53231324 18108416 3128 67087892480 4194304 7154137 140737131949296 0 0 0 0 16781312 2 1 0 0 17 207 0 0 8 0 0 9727432 11029816 27680768 140737131952983 140737131953069 140737131953069 140737131954151 0
/proc/16/statm: 4421 3128 1511 723 0 2063 0
[pid=18] ppid=16 vsize=536512 memory=487356 CPUtime=819.34 cores=84-97,196-209
/proc/18/stat : 18 (bn4rust) R 16 16 0 0 -1 4194304 1227455 0 18 0 80546 1388 0 0 20 0 1 0 53231337 549388288 121839 67087892480 94627831635968 94627833503089 140730814381104 0 0 0 0 4096 1088 0 0 0 17 204 0 0 1 0 0 94627833761152 94627833808088 94627844268032 140730814384922 140730814385046 140730814385046 140730814386145 0
/proc/18/statm: 134128 121839 1097 456 0 132289 0
Current children cumulated CPU time: 819.38 s
Current children cumulated vsize: 554196 KiB
Current children cumulated memory: 499868 KiB

[startup+882.3 s]
/proc/loadavg: 19.30 11.15 6.51 19/2872 18
/proc/meminfo: memFree=454728784/527542224 swapFree=33554172/33554428
[pid=16] ppid=13 vsize=17684 memory=12512 CPUtime=0.04 cores=84-97,196-209
/proc/16/stat : 16 (python3) S 13 16 0 0 -1 4194304 1897 0 96 0 3 1 0 0 20 0 1 0 53231324 18108416 3128 67087892480 4194304 7154137 140737131949296 0 0 0 0 16781312 2 1 0 0 17 207 0 0 8 0 0 9727432 11029816 27680768 140737131952983 140737131953069 140737131953069 140737131954151 0
/proc/16/statm: 4421 3128 1511 723 0 2063 0
[pid=18] ppid=16 vsize=559040 memory=508888 CPUtime=879.07 cores=84-97,196-209
/proc/18/stat : 18 (bn4rust) R 16 16 0 0 -1 4194304 1284095 0 18 0 86410 1497 0 0 20 0 1 0 53231337 572456960 127222 67087892480 94627831635968 94627833503089 140730814381104 0 0 0 0 4096 1088 0 0 0 17 92 0 0 1 0 0 94627833761152 94627833808088 94627844268032 140730814384922 140730814385046 140730814385046 140730814386145 0
/proc/18/statm: 139760 127222 1097 456 0 137921 0
Current children cumulated CPU time: 879.11 s
Current children cumulated vsize: 576724 KiB
Current children cumulated memory: 521400 KiB

[startup+942.3 s]
/proc/loadavg: 20.96 13.11 7.48 23/2902 18
/proc/meminfo: memFree=448327580/527542224 swapFree=33554172/33554428
[pid=16] ppid=13 vsize=17684 memory=12512 CPUtime=0.04 cores=84-97,196-209
/proc/16/stat : 16 (python3) S 13 16 0 0 -1 4194304 1897 0 96 0 3 1 0 0 20 0 1 0 53231324 18108416 3128 67087892480 4194304 7154137 140737131949296 0 0 0 0 16781312 2 1 0 0 17 207 0 0 8 0 0 9727432 11029816 27680768 140737131952983 140737131953069 140737131953069 140737131954151 0
/proc/16/statm: 4421 3128 1511 723 0 2063 0
[pid=18] ppid=16 vsize=497596 memory=494400 CPUtime=938.79 cores=84-97,196-209
/proc/18/stat : 18 (bn4rust) R 16 16 0 0 -1 4194304 1331459 0 18 0 92285 1594 0 0 20 0 1 0 53231337 509538304 123600 67087892480 94627831635968 94627833503089 140730814381104 0 0 0 0 4096 1088 0 0 0 17 92 0 0 1 0 0 94627833761152 94627833808088 94627844268032 140730814384922 140730814385046 140730814385046 140730814386145 0
/proc/18/statm: 124399 123600 1097 456 0 122560 0
Current children cumulated CPU time: 938.83 s
Current children cumulated vsize: 515280 KiB
Current children cumulated memory: 506912 KiB

[startup+1002.3 s]
/proc/loadavg: 21.22 14.54 8.32 20/2960 18
/proc/meminfo: memFree=450485380/527542224 swapFree=33554172/33554428
[pid=16] ppid=13 vsize=17684 memory=12512 CPUtime=0.04 cores=84-97,196-209
/proc/16/stat : 16 (python3) S 13 16 0 0 -1 4194304 1897 0 96 0 3 1 0 0 20 0 1 0 53231324 18108416 3128 67087892480 4194304 7154137 140737131949296 0 0 0 0 16781312 2 1 0 0 17 207 0 0 8 0 0 9727432 11029816 27680768 140737131952983 140737131953069 140737131953069 140737131954151 0
/proc/16/statm: 4421 3128 1511 723 0 2063 0
[pid=18] ppid=16 vsize=188348 memory=162728 CPUtime=998.54 cores=84-97,196-209
/proc/18/stat : 18 (bn4rust) R 16 16 0 0 -1 4194304 1379495 0 18 0 98163 1691 0 0 20 0 1 0 53231337 192868352 40682 67087892480 94627831635968 94627833503089 140730814381104 0 0 0 0 4096 1088 0 0 0 17 92 0 0 1 0 0 94627833761152 94627833808088 94627844268032 140730814384922 140730814385046 140730814385046 140730814386145 0
/proc/18/statm: 47087 40682 1097 456 0 45248 0
Current children cumulated CPU time: 998.58 s
Current children cumulated vsize: 206032 KiB
Current children cumulated memory: 175240 KiB

[startup+1062.3 s]
/proc/loadavg: 23.17 16.31 9.32 24/2987 18
/proc/meminfo: memFree=434246180/527542224 swapFree=33554172/33554428
[pid=16] ppid=13 vsize=17684 memory=12512 CPUtime=0.04 cores=84-97,196-209
/proc/16/stat : 16 (python3) S 13 16 0 0 -1 4194304 1897 0 96 0 3 1 0 0 20 0 1 0 53231324 18108416 3128 67087892480 4194304 7154137 140737131949296 0 0 0 0 16781312 2 1 0 0 17 207 0 0 8 0 0 9727432 11029816 27680768 140737131952983 140737131953069 140737131953069 140737131954151 0
/proc/16/statm: 4421 3128 1511 723 0 2063 0
[pid=18] ppid=16 vsize=212916 memory=191204 CPUtime=1058.29 cores=84-97,196-209
/proc/18/stat : 18 (bn4rust) R 16 16 0 0 -1 4194304 1478062 0 18 0 103993 1836 0 0 20 0 1 0 53231337 218025984 47801 67087892480 94627831635968 94627833503089 140730814381104 0 0 0 0 4096 1088 0 0 0 17 204 0 0 1 0 0 94627833761152 94627833808088 94627844268032 140730814384922 140730814385046 140730814385046 140730814386145 0
/proc/18/statm: 53229 47801 1097 456 0 51390 0
Current children cumulated CPU time: 1058.33 s
Current children cumulated vsize: 230600 KiB
Current children cumulated memory: 203716 KiB

[startup+1122.3 s]
/proc/loadavg: 24.99 17.94 10.31 37/3011 18
/proc/meminfo: memFree=431213576/527542224 swapFree=33554172/33554428
[pid=16] ppid=13 vsize=17684 memory=12512 CPUtime=0.04 cores=84-97,196-209
/proc/16/stat : 16 (python3) S 13 16 0 0 -1 4194304 1897 0 96 0 3 1 0 0 20 0 1 0 53231324 18108416 3128 67087892480 4194304 7154137 140737131949296 0 0 0 0 16781312 2 1 0 0 17 207 0 0 8 0 0 9727432 11029816 27680768 140737131952983 140737131953069 140737131953069 140737131954151 0
/proc/16/statm: 4421 3128 1511 723 0 2063 0
[pid=18] ppid=16 vsize=475072 memory=439280 CPUtime=1118.06 cores=84-97,196-209
/proc/18/stat : 18 (bn4rust) R 16 16 0 0 -1 4194304 1524405 0 18 0 109869 1937 0 0 20 0 1 0 53231337 486473728 109820 67087892480 94627831635968 94627833503089 140730814381104 0 0 0 0 4096 1088 0 0 0 17 204 0 0 1 0 0 94627833761152 94627833808088 94627844268032 140730814384922 140730814385046 140730814385046 140730814386145 0
/proc/18/statm: 118768 109820 1097 456 0 116929 0
Current children cumulated CPU time: 1118.1 s
Current children cumulated vsize: 492756 KiB
Current children cumulated memory: 451792 KiB

[startup+1182.3 s]
/proc/loadavg: 22.63 18.38 10.93 7/2843 18
/proc/meminfo: memFree=495880144/527542224 swapFree=33553916/33554428
[pid=16] ppid=13 vsize=17684 memory=12512 CPUtime=0.04 cores=84-97,196-209
/proc/16/stat : 16 (python3) S 13 16 0 0 -1 4194304 1897 0 96 0 3 1 0 0 20 0 1 0 53231324 18108416 3128 67087892480 4194304 7154137 140737131949296 0 0 0 0 16781312 2 1 0 0 17 207 0 0 8 0 0 9727432 11029816 27680768 140737131952983 140737131953069 140737131953069 140737131954151 0
/proc/16/statm: 4421 3128 1511 723 0 2063 0
[pid=18] ppid=16 vsize=513752 memory=425904 CPUtime=1177.84 cores=84-97,196-209
/proc/18/stat : 18 (bn4rust) R 16 16 0 0 -1 4194304 1602290 0 18 0 115730 2054 0 0 20 0 1 0 53231337 526082048 106476 67087892480 94627831635968 94627833503089 140730814381104 0 0 0 0 4096 1088 0 0 0 17 204 0 0 1 0 0 94627833761152 94627833808088 94627844268032 140730814384922 140730814385046 140730814385046 140730814386145 0
/proc/18/statm: 128438 106476 1097 456 0 126599 0
Current children cumulated CPU time: 1177.88 s
Current children cumulated vsize: 531436 KiB
Current children cumulated memory: 438416 KiB

[startup+1242.3 s]
/proc/loadavg: 23.41 19.31 11.71 6/2797 18
/proc/meminfo: memFree=501767100/527542224 swapFree=33553916/33554428
[pid=16] ppid=13 vsize=17684 memory=12512 CPUtime=0.04 cores=84-97,196-209
/proc/16/stat : 16 (python3) S 13 16 0 0 -1 4194304 1897 0 96 0 3 1 0 0 20 0 1 0 53231324 18108416 3128 67087892480 4194304 7154137 140737131949296 0 0 0 0 16781312 2 1 0 0 17 207 0 0 8 0 0 9727432 11029816 27680768 140737131952983 140737131953069 140737131953069 140737131954151 0
/proc/16/statm: 4421 3128 1511 723 0 2063 0
[pid=18] ppid=16 vsize=606148 memory=522428 CPUtime=1237.57 cores=84-97,196-209
/proc/18/stat : 18 (bn4rust) R 16 16 0 0 -1 4194304 1677183 0 18 0 121586 2171 0 0 20 0 1 0 53231337 620695552 130607 67087892480 94627831635968 94627833503089 140730814381104 0 0 0 0 4096 1088 0 0 0 17 204 0 0 1 0 0 94627833761152 94627833808088 94627844268032 140730814384922 140730814385046 140730814385046 140730814386145 0
/proc/18/statm: 151537 130607 1097 456 0 149698 0
Current children cumulated CPU time: 1237.61 s
Current children cumulated vsize: 623832 KiB
Current children cumulated memory: 534940 KiB

[startup+1302.3 s]
/proc/loadavg: 22.69 19.82 12.36 46/2925 18
/proc/meminfo: memFree=483523916/527542224 swapFree=33553916/33554428
[pid=16] ppid=13 vsize=17684 memory=12512 CPUtime=0.04 cores=84-97,196-209
/proc/16/stat : 16 (python3) S 13 16 0 0 -1 4194304 1897 0 96 0 3 1 0 0 20 0 1 0 53231324 18108416 3128 67087892480 4194304 7154137 140737131949296 0 0 0 0 16781312 2 1 0 0 17 207 0 0 8 0 0 9727432 11029816 27680768 140737131952983 140737131953069 140737131953069 140737131954151 0
/proc/16/statm: 4421 3128 1511 723 0 2063 0
[pid=18] ppid=16 vsize=352188 memory=328852 CPUtime=1297.36 cores=84-97,196-209
/proc/18/stat : 18 (bn4rust) R 16 16 0 0 -1 4194304 1725154 0 18 0 127465 2271 0 0 20 0 1 0 53231337 360640512 82213 67087892480 94627831635968 94627833503089 140730814381104 0 0 0 0 4096 1088 0 0 0 17 204 0 0 1 0 0 94627833761152 94627833808088 94627844268032 140730814384922 140730814385046 140730814385046 140730814386145 0
/proc/18/statm: 88047 82213 1097 456 0 86208 0
Current children cumulated CPU time: 1297.4 s
Current children cumulated vsize: 369872 KiB
Current children cumulated memory: 341364 KiB

[startup+1362.3 s]
/proc/loadavg: 29.34 22.06 13.59 34/3055 18
/proc/meminfo: memFree=471137692/527542224 swapFree=33553916/33554428
[pid=16] ppid=13 vsize=17684 memory=12512 CPUtime=0.04 cores=84-97,196-209
/proc/16/stat : 16 (python3) S 13 16 0 0 -1 4194304 1897 0 96 0 3 1 0 0 20 0 1 0 53231324 18108416 3128 67087892480 4194304 7154137 140737131949296 0 0 0 0 16781312 2 1 0 0 17 207 0 0 8 0 0 9727432 11029816 27680768 140737131952983 140737131953069 140737131953069 140737131954151 0
/proc/16/statm: 4421 3128 1511 723 0 2063 0
[pid=18] ppid=16 vsize=430580 memory=362752 CPUtime=1357.11 cores=84-97,196-209
/proc/18/stat : 18 (bn4rust) R 16 16 0 0 -1 4194304 1812629 0 18 0 133300 2411 0 0 20 0 1 0 53231337 440913920 90688 67087892480 94627831635968 94627833503089 140730814381104 0 0 0 0 4096 1088 0 0 0 17 92 0 0 1 0 0 94627833761152 94627833808088 94627844268032 140730814384922 140730814385046 140730814385046 140730814386145 0
/proc/18/statm: 107645 90688 1097 456 0 105806 0
Current children cumulated CPU time: 1357.15 s
Current children cumulated vsize: 448264 KiB
Current children cumulated memory: 375264 KiB

[startup+1422.3 s]
/proc/loadavg: 29.49 23.49 14.62 29/3462 18
/proc/meminfo: memFree=473716636/527542224 swapFree=33553916/33554428
[pid=16] ppid=13 vsize=17684 memory=12512 CPUtime=0.04 cores=84-97,196-209
/proc/16/stat : 16 (python3) S 13 16 0 0 -1 4194304 1897 0 96 0 3 1 0 0 20 0 1 0 53231324 18108416 3128 67087892480 4194304 7154137 140737131949296 0 0 0 0 16781312 2 1 0 0 17 207 0 0 8 0 0 9727432 11029816 27680768 140737131952983 140737131953069 140737131953069 140737131954151 0
/proc/16/statm: 4421 3128 1511 723 0 2063 0
[pid=18] ppid=16 vsize=311224 memory=266252 CPUtime=1416.86 cores=84-97,196-209
/proc/18/stat : 18 (bn4rust) R 16 16 0 0 -1 4194304 1871019 0 18 0 139168 2518 0 0 20 0 1 0 53231337 318693376 66563 67087892480 94627831635968 94627833503089 140730814381104 0 0 0 0 4096 1088 0 0 0 17 92 0 0 1 0 0 94627833761152 94627833808088 94627844268032 140730814384922 140730814385046 140730814385046 140730814386145 0
/proc/18/statm: 77806 66563 1097 456 0 75967 0
Current children cumulated CPU time: 1416.9 s
Current children cumulated vsize: 328908 KiB
Current children cumulated memory: 278764 KiB

[startup+1482.3 s]
/proc/loadavg: 22.72 22.99 15.02 7/2860 18
/proc/meminfo: memFree=498670288/527542224 swapFree=33553916/33554428
[pid=16] ppid=13 vsize=17684 memory=12512 CPUtime=0.04 cores=84-97,196-209
/proc/16/stat : 16 (python3) S 13 16 0 0 -1 4194304 1897 0 96 0 3 1 0 0 20 0 1 0 53231324 18108416 3128 67087892480 4194304 7154137 140737131949296 0 0 0 0 16781312 2 1 0 0 17 207 0 0 8 0 0 9727432 11029816 27680768 140737131952983 140737131953069 140737131953069 140737131954151 0
/proc/16/statm: 4421 3128 1511 723 0 2063 0
[pid=18] ppid=16 vsize=532416 memory=518268 CPUtime=1476.63 cores=84-97,196-209
/proc/18/stat : 18 (bn4rust) R 16 16 0 0 -1 4194304 1921900 0 18 0 145044 2619 0 0 20 0 1 0 53231337 545193984 129567 67087892480 94627831635968 94627833503089 140730814381104 0 0 0 0 4096 1088 0 0 0 17 204 0 0 1 0 0 94627833761152 94627833808088 94627844268032 140730814384922 140730814385046 140730814385046 140730814386145 0
/proc/18/statm: 133104 129567 1097 456 0 131265 0
Current children cumulated CPU time: 1476.67 s
Current children cumulated vsize: 550100 KiB
Current children cumulated memory: 530780 KiB

[startup+1542.3 s]
/proc/loadavg: 12.14 19.90 14.45 7/2854 18
/proc/meminfo: memFree=500544728/527542224 swapFree=33553916/33554428
[pid=16] ppid=13 vsize=17684 memory=12512 CPUtime=0.04 cores=84-97,196-209
/proc/16/stat : 16 (python3) S 13 16 0 0 -1 4194304 1897 0 96 0 3 1 0 0 20 0 1 0 53231324 18108416 3128 67087892480 4194304 7154137 140737131949296 0 0 0 0 16781312 2 1 0 0 17 207 0 0 8 0 0 9727432 11029816 27680768 140737131952983 140737131953069 140737131953069 140737131954151 0
/proc/16/statm: 4421 3128 1511 723 0 2063 0
[pid=18] ppid=16 vsize=409536 memory=383924 CPUtime=1536.47 cores=84-97,196-209
/proc/18/stat : 18 (bn4rust) R 16 16 0 0 -1 4194304 1970385 0 18 0 150915 2732 0 0 20 0 1 0 53231337 419364864 95981 67087892480 94627831635968 94627833503089 140730814381104 0 0 0 0 4096 1088 0 0 0 17 92 0 0 1 0 0 94627833761152 94627833808088 94627844268032 140730814384922 140730814385046 140730814385046 140730814386145 0
/proc/18/statm: 102384 95981 1097 456 0 100545 0
Current children cumulated CPU time: 1536.51 s
Current children cumulated vsize: 427220 KiB
Current children cumulated memory: 396436 KiB

[startup+1602.3 s]
/proc/loadavg: 8.25 17.36 13.92 7/2850 18
/proc/meminfo: memFree=504645780/527542224 swapFree=33553916/33554428
[pid=16] ppid=13 vsize=17684 memory=12512 CPUtime=0.04 cores=84-97,196-209
/proc/16/stat : 16 (python3) S 13 16 0 0 -1 4194304 1897 0 96 0 3 1 0 0 20 0 1 0 53231324 18108416 3128 67087892480 4194304 7154137 140737131949296 0 0 0 0 16781312 2 1 0 0 17 207 0 0 8 0 0 9727432 11029816 27680768 140737131952983 140737131953069 140737131953069 140737131954151 0
/proc/16/statm: 4421 3128 1511 723 0 2063 0
[pid=18] ppid=16 vsize=630724 memory=580828 CPUtime=1596.3 cores=84-97,196-209
/proc/18/stat : 18 (bn4rust) R 16 16 0 0 -1 4194304 2017909 0 18 0 156799 2831 0 0 20 0 1 0 53231337 645861376 145207 67087892480 94627831635968 94627833503089 140730814381104 0 0 0 0 4096 1088 0 0 0 17 92 0 0 1 0 0 94627833761152 94627833808088 94627844268032 140730814384922 140730814385046 140730814385046 140730814386145 0
/proc/18/statm: 157681 145207 1097 456 0 155842 0
Current children cumulated CPU time: 1596.34 s
Current children cumulated vsize: 648408 KiB
Current children cumulated memory: 593340 KiB

[startup+1662.3 s]
/proc/loadavg: 7.03 15.34 13.44 12/2898 18
/proc/meminfo: memFree=503182772/527542224 swapFree=33553916/33554428
[pid=16] ppid=13 vsize=17684 memory=12512 CPUtime=0.04 cores=84-97,196-209
/proc/16/stat : 16 (python3) S 13 16 0 0 -1 4194304 1897 0 96 0 3 1 0 0 20 0 1 0 53231324 18108416 3128 67087892480 4194304 7154137 140737131949296 0 0 0 0 16781312 2 1 0 0 17 207 0 0 8 0 0 9727432 11029816 27680768 140737131952983 140737131953069 140737131953069 140737131954151 0
/proc/16/statm: 4421 3128 1511 723 0 2063 0
[pid=18] ppid=16 vsize=786372 memory=695584 CPUtime=1656.13 cores=84-97,196-209
/proc/18/stat : 18 (bn4rust) R 16 16 0 0 -1 4194304 2069956 0 18 0 162676 2937 0 0 20 0 1 0 53231337 805244928 173896 67087892480 94627831635968 94627833503089 140730814381104 0 0 0 0 4096 1088 0 0 0 17 92 0 0 1 0 0 94627833761152 94627833808088 94627844268032 140730814384922 140730814385046 140730814385046 140730814386145 0
/proc/18/statm: 196593 173896 1097 456 0 194754 0
Current children cumulated CPU time: 1656.17 s
Current children cumulated vsize: 804056 KiB
Current children cumulated memory: 708096 KiB

[startup+1722.3 s]
/proc/loadavg: 7.68 13.98 13.09 8/2889 18
/proc/meminfo: memFree=500974128/527542224 swapFree=33553916/33554428
[pid=16] ppid=13 vsize=17684 memory=12512 CPUtime=0.04 cores=84-97,196-209
/proc/16/stat : 16 (python3) S 13 16 0 0 -1 4194304 1897 0 96 0 3 1 0 0 20 0 1 0 53231324 18108416 3128 67087892480 4194304 7154137 140737131949296 0 0 0 0 16781312 2 1 0 0 17 207 0 0 8 0 0 9727432 11029816 27680768 140737131952983 140737131953069 140737131953069 140737131954151 0
/proc/16/statm: 4421 3128 1511 723 0 2063 0
[pid=18] ppid=16 vsize=462784 memory=443440 CPUtime=1715.95 cores=84-97,196-209
/proc/18/stat : 18 (bn4rust) R 16 16 0 0 -1 4194304 2117089 0 18 0 168548 3047 0 0 20 0 1 0 53231337 473890816 110860 67087892480 94627831635968 94627833503089 140730814381104 0 0 0 0 4096 1088 0 0 0 17 92 0 0 1 0 0 94627833761152 94627833808088 94627844268032 140730814384922 140730814385046 140730814385046 140730814386145 0
/proc/18/statm: 115696 110860 1097 456 0 113857 0
Current children cumulated CPU time: 1715.99 s
Current children cumulated vsize: 480468 KiB
Current children cumulated memory: 455952 KiB

[startup+1782.3 s]
/proc/loadavg: 8.68 13.11 12.84 10/2874 18
/proc/meminfo: memFree=494541700/527542224 swapFree=33553916/33554428
[pid=16] ppid=13 vsize=17684 memory=12512 CPUtime=0.04 cores=84-97,196-209
/proc/16/stat : 16 (python3) S 13 16 0 0 -1 4194304 1897 0 96 0 3 1 0 0 20 0 1 0 53231324 18108416 3128 67087892480 4194304 7154137 140737131949296 0 0 0 0 16781312 2 1 0 0 17 207 0 0 8 0 0 9727432 11029816 27680768 140737131952983 140737131953069 140737131953069 140737131954151 0
/proc/16/statm: 4421 3128 1511 723 0 2063 0
[pid=18] ppid=16 vsize=630724 memory=599260 CPUtime=1775.75 cores=84-97,196-209
/proc/18/stat : 18 (bn4rust) R 16 16 0 0 -1 4194304 2168288 0 18 0 174420 3155 0 0 20 0 1 0 53231337 645861376 149815 67087892480 94627831635968 94627833503089 140730814381104 0 0 0 0 4096 1088 0 0 0 17 92 0 0 1 0 0 94627833761152 94627833808088 94627844268032 140730814384922 140730814385046 140730814385046 140730814386145 0
/proc/18/statm: 157681 149815 1097 456 0 155842 0
Current children cumulated CPU time: 1775.79 s
Current children cumulated vsize: 648408 KiB
Current children cumulated memory: 611772 KiB



Maximum wall clock time exceeded: sending SIGTERM then SIGKILL

[startup+1800 s]*
/proc/loadavg: 8.99 12.89 12.77 6/2868 18
/proc/meminfo: memFree=501221484/527542224 swapFree=33553916/33554428
[pid=16] ppid=13 vsize=17684 memory=12512 CPUtime=0.04 cores=84-97,196-209
/proc/16/stat : 16 (python3) S 13 16 0 0 -1 4194304 1897 0 96 0 3 1 0 0 20 0 1 0 53231324 18108416 3128 67087892480 4194304 7154137 140737131949296 0 0 0 0 16781312 2 1 0 0 17 207 0 0 8 0 0 9727432 11029816 27680768 140737131952983 140737131953069 140737131953069 140737131954151 0
/proc/16/statm: 4421 3128 1511 723 0 2063 0
[pid=18] ppid=16 vsize=892872 memory=666680 CPUtime=1793.4 cores=84-97,196-209
/proc/18/stat : 18 (bn4rust) R 16 16 0 0 -1 4194304 2181647 0 18 0 176147 3193 0 0 20 0 1 0 53231337 914300928 166670 67087892480 94627831635968 94627833503089 140730814381104 0 0 0 0 4096 1088 0 0 0 17 92 0 0 1 0 0 94627833761152 94627833808088 94627844268032 140730814384922 140730814385046 140730814385046 140730814386145 0
/proc/18/statm: 223218 166670 1097 456 0 221379 0
Current children cumulated CPU time: 1793.44 s
Current children cumulated vsize: 910556 KiB
Current children cumulated memory: 679192 KiB

Sending SIGTERM to process tree (bottom up)
Sleeping 2 seconds

[startup+1800.01 s]
# the end of solver process 16 was just reported to runsolver
# cumulated CPU time of all completed processes:  user=1761.51 s, system=31.9505 s

Solver just ended.
??? end of watcher thread
Dumping a history of the last processes samples

Child ended because it received signal 15 (SIGTERM)
Real time (s): 1800.01
CPU time (s): 1793.46
CPU user time (s): 1761.51
CPU system time (s): 31.9505
CPU usage (%): 99.6364
Max. virtual memory (cumulated for all children) (KiB): 1230044
Max. memory (cumulated for all children) (KiB): 1121552

getrusage(RUSAGE_CHILDREN,...) data:
user time used= 1761.51
system time used= 31.9505
maximum resident set size= 1162288
integral shared memory size= 0
integral unshared data size= 0
integral unshared stack size= 0
page reclaims= 2183546
page faults= 114
swaps= 0
block input operations= 19712
block output operations= 0
messages sent= 0
messages received= 0
signals received= 0
voluntary context switches= 1033
involuntary context switches= 4432


# summary of solver processes directly reported to runsolver:
#   pid: 16
#   total CPU time (s): 1793.46
#   total CPU user time (s): 1761.51
#   total CPU system time (s): 31.9505

??? join timestamper begins
??? join timestamper ends
??? end of timestamper thread
runsolver used 0.957345 second user time and 2.83211 second system time

The end
