runsolver version 3.4.1 (svn: 3018) Copyright (C) 2010-2013 Olivier ROUSSEL

This program is distributed in the hope that it will be useful,
but WITHOUT ANY WARRANTY; without even the implied warranty of
MERCHANTABILITY or FITNESS FOR A PARTICULAR PURPOSE.  See the
GNU General Public License for more details.

NUMA information:
  number of nodes: 8
  memory of node 0: 63700 MiB (61376 MiB free)
  memory of node 1: 64504 MiB (61370 MiB free)
  memory of node 2: 64504 MiB (63768 MiB free)
  memory of node 3: 64504 MiB (62965 MiB free)
  memory of node 4: 64504 MiB (51670 MiB free)
  memory of node 5: 64504 MiB (51934 MiB free)
  memory of node 6: 64504 MiB (51730 MiB free)
  memory of node 7: 64447 MiB (51836 MiB free)
  node distances:
     10  12  12  12  21  21  21  21
     12  10  12  12  21  21  21  21
     12  12  10  12  21  21  21  21
     12  12  12  10  21  21  21  21
     21  21  21  21  10  12  12  12
     21  21  21  21  12  10  12  12
     21  21  21  21  12  12  10  12
     21  21  21  21  12  12  12  10

command line: /usr/local/bin/runsolver --timestamp -w /output/runsolver-watch.log -v /output/runsolver-values.log -o /output/solver-output.log -C 1800.0 -W 1800.0 -R 64000 /opt/solver/run_bn4rust.py --mode cyber-forward-baseline --instance /input/model_144.bnet 

running on 28 cores: 14-27,126-139

Enforcing CPUTime limit (soft limit, will send SIGTERM then SIGKILL): 1800 seconds
Enforcing CPUTime limit (hard limit, will send SIGXCPU): 1830 seconds
Enforcing wall clock limit (soft limit, will send SIGTERM then SIGKILL): 1800 seconds
Enforcing RSS+Swap limit (soft limit, will send SIGTERM then SIGKILL): 65536000 KiB
Linux 4.18.0-553.159.1.el8_10.x86_64
solver pid=16, runsolver pid=13
Current StackSize limit: 18014398509481983 KiB


[startup+0.100077 s]*
/proc/loadavg: 56.47 56.13 56.07 61/2810 17
/proc/meminfo: memFree=467583664/527542236 swapFree=33554428/33554428
[pid=16] ppid=13 vsize=15800 memory=10088 CPUtime=0.02 cores=14-27,126-139
/proc/16/stat : 16 (python3) D 13 16 0 0 -1 4194304 1394 0 84 0 2 0 0 0 20 0 1 0 53232562 16179200 2522 67087892480 4194304 7154137 140723918852912 0 0 0 0 16781312 2 0 0 0 17 131 0 0 6 0 0 9727432 11029816 40652800 140723918854987 140723918855085 140723918855085 140723918856167 0
/proc/16/statm: 3950 2522 1390 723 0 1674 0
Current children cumulated CPU time: 0.02 s
Current children cumulated vsize: 15800 KiB
Current children cumulated memory: 10088 KiB

[startup+0.200594 s]*
/proc/loadavg: 56.47 56.13 56.07 61/2811 18
/proc/meminfo: memFree=467565656/527542236 swapFree=33554428/33554428
[pid=16] ppid=13 vsize=17684 memory=12448 CPUtime=0.04 cores=14-27,126-139
/proc/16/stat : 16 (python3) S 13 16 0 0 -1 4194304 1884 0 96 0 3 1 0 0 20 0 1 0 53232562 18108416 3112 67087892480 4194304 7154137 140723918852912 0 0 0 0 16781312 2 1 0 0 17 129 0 0 8 0 0 9727432 11029816 40652800 140723918854987 140723918855085 140723918855085 140723918856167 0
/proc/16/statm: 4421 3112 1504 723 0 2063 0
[pid=18] ppid=16 vsize=14304 memory=10700 CPUtime=0.04 cores=14-27,126-139
/proc/18/stat : 18 (bn4rust) R 16 16 0 0 -1 4194304 3540 0 18 0 4 0 0 0 20 0 1 0 53232575 14647296 2675 67087892480 94641985343488 94641987210609 140727825567040 0 0 0 0 4096 1088 0 0 0 17 23 0 0 1 0 0 94641987468672 94641987515608 94642009735168 140727825574670 140727825574806 140727825574806 140727825575905 0
/proc/18/statm: 3576 2675 1077 456 0 1737 0
Current children cumulated CPU time: 0.08 s
Current children cumulated vsize: 31988 KiB
Current children cumulated memory: 23148 KiB

[startup+0.300518 s]*
/proc/loadavg: 56.47 56.13 56.07 61/2811 18
/proc/meminfo: memFree=467537460/527542236 swapFree=33554428/33554428
[pid=16] ppid=13 vsize=17684 memory=12448 CPUtime=0.04 cores=14-27,126-139
/proc/16/stat : 16 (python3) S 13 16 0 0 -1 4194304 1884 0 96 0 3 1 0 0 20 0 1 0 53232562 18108416 3112 67087892480 4194304 7154137 140723918852912 0 0 0 0 16781312 2 1 0 0 17 129 0 0 8 0 0 9727432 11029816 40652800 140723918854987 140723918855085 140723918855085 140723918856167 0
/proc/16/statm: 4421 3112 1504 723 0 2063 0
[pid=18] ppid=16 vsize=36904 memory=29396 CPUtime=0.14 cores=14-27,126-139
/proc/18/stat : 18 (bn4rust) R 16 16 0 0 -1 4194304 8346 0 18 0 13 1 0 0 20 0 1 0 53232575 37789696 7349 67087892480 94641985343488 94641987210609 140727825567040 0 0 0 0 4096 1088 0 0 0 17 23 0 0 1 0 0 94641987468672 94641987515608 94642009735168 140727825574670 140727825574806 140727825574806 140727825575905 0
/proc/18/statm: 9226 7349 1077 456 0 7387 0
Current children cumulated CPU time: 0.18 s
Current children cumulated vsize: 54588 KiB
Current children cumulated memory: 41844 KiB

[startup+0.700294 s]
/proc/loadavg: 56.47 56.13 56.07 61/2811 18
/proc/meminfo: memFree=467495440/527542236 swapFree=33554428/33554428
[pid=16] ppid=13 vsize=17684 memory=12448 CPUtime=0.04 cores=14-27,126-139
/proc/16/stat : 16 (python3) S 13 16 0 0 -1 4194304 1884 0 96 0 3 1 0 0 20 0 1 0 53232562 18108416 3112 67087892480 4194304 7154137 140723918852912 0 0 0 0 16781312 2 1 0 0 17 129 0 0 8 0 0 9727432 11029816 40652800 140723918854987 140723918855085 140723918855085 140723918856167 0
/proc/16/statm: 4421 3112 1504 723 0 2063 0
[pid=18] ppid=16 vsize=166388 memory=144960 CPUtime=0.54 cores=14-27,126-139
/proc/18/stat : 18 (bn4rust) R 16 16 0 0 -1 4194304 14949 0 18 0 50 4 0 0 20 0 1 0 53232575 170381312 36240 67087892480 94641985343488 94641987210609 140727825567040 0 0 0 0 4096 1088 0 0 0 17 23 0 0 1 0 0 94641987468672 94641987515608 94642009735168 140727825574670 140727825574806 140727825574806 140727825575905 0
/proc/18/statm: 41597 36240 1077 456 0 39758 0
Current children cumulated CPU time: 0.58 s
Current children cumulated vsize: 184072 KiB
Current children cumulated memory: 157408 KiB

[startup+1.50032 s]
/proc/loadavg: 56.75 56.20 56.09 61/2811 18
/proc/meminfo: memFree=467244736/527542236 swapFree=33554428/33554428
[pid=16] ppid=13 vsize=17684 memory=12448 CPUtime=0.04 cores=14-27,126-139
/proc/16/stat : 16 (python3) S 13 16 0 0 -1 4194304 1884 0 96 0 3 1 0 0 20 0 1 0 53232562 18108416 3112 67087892480 4194304 7154137 140723918852912 0 0 0 0 16781312 2 1 0 0 17 129 0 0 8 0 0 9727432 11029816 40652800 140723918854987 140723918855085 140723918855085 140723918856167 0
/proc/16/statm: 4421 3112 1504 723 0 2063 0
[pid=18] ppid=16 vsize=142196 memory=121176 CPUtime=1.33 cores=14-27,126-139
/proc/18/stat : 18 (bn4rust) R 16 16 0 0 -1 4194304 21510 0 18 0 127 6 0 0 20 0 1 0 53232575 145608704 30294 67087892480 94641985343488 94641987210609 140727825567040 0 0 0 0 4096 1088 0 0 0 17 23 0 0 1 0 0 94641987468672 94641987515608 94642009735168 140727825574670 140727825574806 140727825574806 140727825575905 0
/proc/18/statm: 35549 30294 1077 456 0 33710 0
Current children cumulated CPU time: 1.37 s
Current children cumulated vsize: 159880 KiB
Current children cumulated memory: 133624 KiB

[startup+3.10063 s]
/proc/loadavg: 56.75 56.20 56.09 61/2811 18
/proc/meminfo: memFree=466989780/527542236 swapFree=33554428/33554428
[pid=16] ppid=13 vsize=17684 memory=12448 CPUtime=0.04 cores=14-27,126-139
/proc/16/stat : 16 (python3) S 13 16 0 0 -1 4194304 1884 0 96 0 3 1 0 0 20 0 1 0 53232562 18108416 3112 67087892480 4194304 7154137 140723918852912 0 0 0 0 16781312 2 1 0 0 17 129 0 0 8 0 0 9727432 11029816 40652800 140723918854987 140723918855085 140723918855085 140723918856167 0
/proc/16/statm: 4421 3112 1504 723 0 2063 0
[pid=18] ppid=16 vsize=293076 memory=237196 CPUtime=2.93 cores=14-27,126-139
/proc/18/stat : 18 (bn4rust) R 16 16 0 0 -1 4194304 27052 0 18 0 283 10 0 0 20 0 1 0 53232575 300109824 59299 67087892480 94641985343488 94641987210609 140727825567040 0 0 0 0 4096 1088 0 0 0 17 23 0 0 1 0 0 94641987468672 94641987515608 94642009735168 140727825574670 140727825574806 140727825574806 140727825575905 0
/proc/18/statm: 73269 59299 1077 456 0 71430 0
Current children cumulated CPU time: 2.97 s
Current children cumulated vsize: 310760 KiB
Current children cumulated memory: 249644 KiB

[startup+6.30033 s]
/proc/loadavg: 57.01 56.26 56.11 61/2809 18
/proc/meminfo: memFree=466742972/527542236 swapFree=33554428/33554428
[pid=16] ppid=13 vsize=17684 memory=12448 CPUtime=0.04 cores=14-27,126-139
/proc/16/stat : 16 (python3) S 13 16 0 0 -1 4194304 1884 0 96 0 3 1 0 0 20 0 1 0 53232562 18108416 3112 67087892480 4194304 7154137 140723918852912 0 0 0 0 16781312 2 1 0 0 17 129 0 0 8 0 0 9727432 11029816 40652800 140723918854987 140723918855085 140723918855085 140723918856167 0
/proc/16/statm: 4421 3112 1504 723 0 2063 0
[pid=18] ppid=16 vsize=421124 memory=373964 CPUtime=6.12 cores=14-27,126-139
/proc/18/stat : 18 (bn4rust) R 16 16 0 0 -1 4194304 37786 0 18 0 589 23 0 0 20 0 1 0 53232575 431230976 93491 67087892480 94641985343488 94641987210609 140727825567040 0 0 0 0 4096 1088 0 0 0 17 23 0 0 1 0 0 94641987468672 94641987515608 94642009735168 140727825574670 140727825574806 140727825574806 140727825575905 0
/proc/18/statm: 105281 93491 1077 456 0 103442 0
Current children cumulated CPU time: 6.16 s
Current children cumulated vsize: 438808 KiB
Current children cumulated memory: 386412 KiB

[startup+12.7003 s]
/proc/loadavg: 57.25 56.32 56.14 61/2811 18
/proc/meminfo: memFree=464261940/527542236 swapFree=33554428/33554428
[pid=16] ppid=13 vsize=17684 memory=12448 CPUtime=0.04 cores=14-27,126-139
/proc/16/stat : 16 (python3) S 13 16 0 0 -1 4194304 1884 0 96 0 3 1 0 0 20 0 1 0 53232562 18108416 3112 67087892480 4194304 7154137 140723918852912 0 0 0 0 16781312 2 1 0 0 17 129 0 0 8 0 0 9727432 11029816 40652800 140723918854987 140723918855085 140723918855085 140723918856167 0
/proc/16/statm: 4421 3112 1504 723 0 2063 0
[pid=18] ppid=16 vsize=885460 memory=711016 CPUtime=12.51 cores=14-27,126-139
/proc/18/stat : 18 (bn4rust) R 16 16 0 0 -1 4194304 46134 0 18 0 1206 45 0 0 20 0 1 0 53232575 906711040 177754 67087892480 94641985343488 94641987210609 140727825567040 0 0 0 0 4096 1088 0 0 0 17 23 0 0 1 0 0 94641987468672 94641987515608 94642009735168 140727825574670 140727825574806 140727825574806 140727825575905 0
/proc/18/statm: 221365 177754 1077 456 0 219526 0
Current children cumulated CPU time: 12.55 s
Current children cumulated vsize: 903144 KiB
Current children cumulated memory: 723464 KiB

[startup+25.5003 s]
/proc/loadavg: 57.67 56.44 56.18 61/2807 18
/proc/meminfo: memFree=461817436/527542236 swapFree=33554428/33554428
[pid=16] ppid=13 vsize=17684 memory=12448 CPUtime=0.04 cores=14-27,126-139
/proc/16/stat : 16 (python3) S 13 16 0 0 -1 4194304 1884 0 96 0 3 1 0 0 20 0 1 0 53232562 18108416 3112 67087892480 4194304 7154137 140723918852912 0 0 0 0 16781312 2 1 0 0 17 129 0 0 8 0 0 9727432 11029816 40652800 140723918854987 140723918855085 140723918855085 140723918856167 0
/proc/16/statm: 4421 3112 1504 723 0 2063 0
[pid=18] ppid=16 vsize=1636364 memory=1292300 CPUtime=25.24 cores=14-27,126-139
/proc/18/stat : 18 (bn4rust) R 16 16 0 0 -1 4194304 55649 0 18 0 2437 87 0 0 20 0 1 0 53232575 1675636736 323075 67087892480 94641985343488 94641987210609 140727825567040 0 0 0 0 4096 1088 0 0 0 17 23 0 0 1 0 0 94641987468672 94641987515608 94642009735168 140727825574670 140727825574806 140727825574806 140727825575905 0
/proc/18/statm: 409091 323075 1077 456 0 407252 0
Current children cumulated CPU time: 25.28 s
Current children cumulated vsize: 1654048 KiB
Current children cumulated memory: 1304748 KiB

[startup+51.1005 s]
/proc/loadavg: 58.59 56.79 56.30 61/2807 18
/proc/meminfo: memFree=455195668/527542236 swapFree=33554428/33554428
[pid=16] ppid=13 vsize=17684 memory=12448 CPUtime=0.04 cores=14-27,126-139
/proc/16/stat : 16 (python3) S 13 16 0 0 -1 4194304 1884 0 96 0 3 1 0 0 20 0 1 0 53232562 18108416 3112 67087892480 4194304 7154137 140723918852912 0 0 0 0 16781312 2 1 0 0 17 129 0 0 8 0 0 9727432 11029816 40652800 140723918854987 140723918855085 140723918855085 140723918856167 0
/proc/16/statm: 4421 3112 1504 723 0 2063 0
[pid=18] ppid=16 vsize=3251108 memory=1353664 CPUtime=50.71 cores=14-27,126-139
/proc/18/stat : 18 (bn4rust) R 16 16 0 0 -1 4194304 65648 0 18 0 4928 143 0 0 20 0 1 0 53232575 3329134592 338416 67087892480 94641985343488 94641987210609 140727825567040 0 0 0 0 4096 1088 0 0 0 17 23 0 0 1 0 0 94641987468672 94641987515608 94642009735168 140727825574670 140727825574806 140727825574806 140727825575905 0
/proc/18/statm: 812777 338416 1077 456 0 810938 0
Current children cumulated CPU time: 50.75 s
Current children cumulated vsize: 3268792 KiB
Current children cumulated memory: 1366112 KiB

[startup+102.3 s]
/proc/loadavg: 59.60 57.38 56.53 60/2771 18
/proc/meminfo: memFree=455565384/527542236 swapFree=33554428/33554428
[pid=16] ppid=13 vsize=17684 memory=12448 CPUtime=0.04 cores=14-27,126-139
/proc/16/stat : 16 (python3) S 13 16 0 0 -1 4194304 1884 0 96 0 3 1 0 0 20 0 1 0 53232562 18108416 3112 67087892480 4194304 7154137 140723918852912 0 0 0 0 16781312 2 1 0 0 17 129 0 0 8 0 0 9727432 11029816 40652800 140723918854987 140723918855085 140723918855085 140723918856167 0
/proc/16/statm: 4421 3112 1504 723 0 2063 0
[pid=18] ppid=16 vsize=6336880 memory=5142840 CPUtime=101.66 cores=14-27,126-139
/proc/18/stat : 18 (bn4rust) R 16 16 0 0 -1 4194304 82959 0 18 0 9874 292 0 0 20 0 1 0 53232575 6488965120 1285710 67087892480 94641985343488 94641987210609 140727825567040 0 0 0 0 4096 1088 0 0 0 17 23 0 0 1 0 0 94641987468672 94641987515608 94642009735168 140727825574670 140727825574806 140727825574806 140727825575905 0
/proc/18/statm: 1584220 1285710 1077 456 0 1582381 0
Current children cumulated CPU time: 101.7 s
Current children cumulated vsize: 6354564 KiB
Current children cumulated memory: 5155288 KiB

[startup+162.3 s]
/proc/loadavg: 59.22 57.68 56.69 60/2773 18
/proc/meminfo: memFree=451269268/527542236 swapFree=33554428/33554428
[pid=16] ppid=13 vsize=17684 memory=12448 CPUtime=0.04 cores=14-27,126-139
/proc/16/stat : 16 (python3) S 13 16 0 0 -1 4194304 1884 0 96 0 3 1 0 0 20 0 1 0 53232562 18108416 3112 67087892480 4194304 7154137 140723918852912 0 0 0 0 16781312 2 1 0 0 17 129 0 0 8 0 0 9727432 11029816 40652800 140723918854987 140723918855085 140723918855085 140723918856167 0
/proc/16/statm: 4421 3112 1504 723 0 2063 0
[pid=18] ppid=16 vsize=12470412 memory=10016832 CPUtime=161.35 cores=14-27,126-139
/proc/18/stat : 18 (bn4rust) R 16 16 0 0 -1 4194304 99538 0 18 0 15666 469 0 0 20 0 1 0 53232575 12769701888 2504208 67087892480 94641985343488 94641987210609 140727825567040 0 0 0 0 4096 1088 0 0 0 17 23 0 0 1 0 0 94641987468672 94641987515608 94642009735168 140727825574670 140727825574806 140727825574806 140727825575905 0
/proc/18/statm: 3117603 2504208 1077 456 0 3115764 0
Current children cumulated CPU time: 161.39 s
Current children cumulated vsize: 12488096 KiB
Current children cumulated memory: 10029280 KiB

[startup+222.3 s]
/proc/loadavg: 59.08 57.92 56.84 60/2772 18
/proc/meminfo: memFree=441752632/527542236 swapFree=33554428/33554428
[pid=16] ppid=13 vsize=17684 memory=12448 CPUtime=0.04 cores=14-27,126-139
/proc/16/stat : 16 (python3) S 13 16 0 0 -1 4194304 1884 0 96 0 3 1 0 0 20 0 1 0 53232562 18108416 3112 67087892480 4194304 7154137 140723918852912 0 0 0 0 16781312 2 1 0 0 17 129 0 0 8 0 0 9727432 11029816 40652800 140723918854987 140723918855085 140723918855085 140723918856167 0
/proc/16/statm: 4421 3112 1504 723 0 2063 0
[pid=18] ppid=16 vsize=15616144 memory=11851976 CPUtime=221.05 cores=14-27,126-139
/proc/18/stat : 18 (bn4rust) R 16 16 0 0 -1 4194304 108909 0 18 0 21612 493 0 0 20 0 1 0 53232575 15990931456 2962994 67087892480 94641985343488 94641987210609 140727825567040 0 0 0 0 4096 1088 0 0 0 17 23 0 0 1 0 0 94641987468672 94641987515608 94642009735168 140727825574670 140727825574806 140727825574806 140727825575905 0
/proc/18/statm: 3904036 2962994 1077 456 0 3902197 0
Current children cumulated CPU time: 221.09 s
Current children cumulated vsize: 15633828 KiB
Current children cumulated memory: 11864424 KiB

[startup+282.3 s]
/proc/loadavg: 59.07 58.14 56.98 60/2770 18
/proc/meminfo: memFree=436619320/527542236 swapFree=33554428/33554428
[pid=16] ppid=13 vsize=17684 memory=12448 CPUtime=0.04 cores=14-27,126-139
/proc/16/stat : 16 (python3) S 13 16 0 0 -1 4194304 1884 0 96 0 3 1 0 0 20 0 1 0 53232562 18108416 3112 67087892480 4194304 7154137 140723918852912 0 0 0 0 16781312 2 1 0 0 17 129 0 0 8 0 0 9727432 11029816 40652800 140723918854987 140723918855085 140723918855085 140723918856167 0
/proc/16/statm: 4421 3112 1504 723 0 2063 0
[pid=18] ppid=16 vsize=21651068 memory=19135968 CPUtime=280.73 cores=14-27,126-139
/proc/18/stat : 18 (bn4rust) R 16 16 0 0 -1 4194304 135215 0 18 0 27257 816 0 0 20 0 1 0 53232575 22170693632 4783992 67087892480 94641985343488 94641987210609 140727825567040 0 0 0 0 4096 1088 0 0 0 17 23 0 0 1 0 0 94641987468672 94641987515608 94642009735168 140727825574670 140727825574806 140727825574806 140727825575905 0
/proc/18/statm: 5412767 4783992 1077 456 0 5410928 0
Current children cumulated CPU time: 280.77 s
Current children cumulated vsize: 21668752 KiB
Current children cumulated memory: 19148416 KiB

[startup+342.3 s]
/proc/loadavg: 59.02 58.30 57.11 60/2752 18
/proc/meminfo: memFree=426580140/527542236 swapFree=33554428/33554428
[pid=16] ppid=13 vsize=17684 memory=12448 CPUtime=0.04 cores=14-27,126-139
/proc/16/stat : 16 (python3) S 13 16 0 0 -1 4194304 1884 0 96 0 3 1 0 0 20 0 1 0 53232562 18108416 3112 67087892480 4194304 7154137 140723918852912 0 0 0 0 16781312 2 1 0 0 17 129 0 0 8 0 0 9727432 11029816 40652800 140723918854987 140723918855085 140723918855085 140723918856167 0
/proc/16/statm: 4421 3112 1504 723 0 2063 0
[pid=18] ppid=16 vsize=24010364 memory=21510368 CPUtime=340.44 cores=14-27,126-139
/proc/18/stat : 18 (bn4rust) R 16 16 0 0 -1 4194304 145888 0 18 0 33205 839 0 0 20 0 1 0 53232575 24586612736 5377592 67087892480 94641985343488 94641987210609 140727825567040 0 0 0 0 4096 1088 0 0 0 17 23 0 0 1 0 0 94641987468672 94641987515608 94642009735168 140727825574670 140727825574806 140727825574806 140727825575905 0
/proc/18/statm: 6002591 5377592 1077 456 0 6000752 0
Current children cumulated CPU time: 340.48 s
Current children cumulated vsize: 24028048 KiB
Current children cumulated memory: 21522816 KiB

[startup+402.3 s]
/proc/loadavg: 59.54 58.57 57.28 60/2751 18
/proc/meminfo: memFree=432160912/527542236 swapFree=33554428/33554428
[pid=16] ppid=13 vsize=17684 memory=12448 CPUtime=0.04 cores=14-27,126-139
/proc/16/stat : 16 (python3) S 13 16 0 0 -1 4194304 1884 0 96 0 3 1 0 0 20 0 1 0 53232562 18108416 3112 67087892480 4194304 7154137 140723918852912 0 0 0 0 16781312 2 1 0 0 17 129 0 0 8 0 0 9727432 11029816 40652800 140723918854987 140723918855085 140723918855085 140723918856167 0
/proc/16/statm: 4421 3112 1504 723 0 2063 0
[pid=18] ppid=16 vsize=26181876 memory=20910188 CPUtime=400.2 cores=14-27,126-139
/proc/18/stat : 18 (bn4rust) R 16 16 0 0 -1 4194304 167831 0 18 0 38994 1026 0 0 20 0 1 0 53232575 26810241024 5227547 67087892480 94641985343488 94641987210609 140727825567040 0 0 0 0 4096 1088 0 0 0 17 135 0 0 1 0 0 94641987468672 94641987515608 94642009735168 140727825574670 140727825574806 140727825574806 140727825575905 0
/proc/18/statm: 6545469 5227547 1077 456 0 6543630 0
Current children cumulated CPU time: 400.24 s
Current children cumulated vsize: 26199560 KiB
Current children cumulated memory: 20922636 KiB

[startup+462.3 s]
/proc/loadavg: 59.23 58.66 57.39 60/2757 18
/proc/meminfo: memFree=418796916/527542236 swapFree=33554428/33554428
[pid=16] ppid=13 vsize=17684 memory=12448 CPUtime=0.04 cores=14-27,126-139
/proc/16/stat : 16 (python3) S 13 16 0 0 -1 4194304 1884 0 96 0 3 1 0 0 20 0 1 0 53232562 18108416 3112 67087892480 4194304 7154137 140723918852912 0 0 0 0 16781312 2 1 0 0 17 129 0 0 8 0 0 9727432 11029816 40652800 140723918854987 140723918855085 140723918855085 140723918856167 0
/proc/16/statm: 4421 3112 1504 723 0 2063 0
[pid=18] ppid=16 vsize=30900468 memory=23259380 CPUtime=459.99 cores=14-27,126-139
/proc/18/stat : 18 (bn4rust) R 16 16 0 0 -1 4194304 179506 0 18 0 44945 1054 0 0 20 0 1 0 53232575 31642079232 5814845 67087892480 94641985343488 94641987210609 140727825567040 0 0 0 0 4096 1088 0 0 0 17 135 0 0 1 0 0 94641987468672 94641987515608 94642009735168 140727825574670 140727825574806 140727825574806 140727825575905 0
/proc/18/statm: 7725117 5814845 1077 456 0 7723278 0
Current children cumulated CPU time: 460.03 s
Current children cumulated vsize: 30918152 KiB
Current children cumulated memory: 23271828 KiB

[startup+522.3 s]
/proc/loadavg: 61.37 59.27 57.68 69/2799 18
/proc/meminfo: memFree=421788168/527542236 swapFree=33554428/33554428
[pid=16] ppid=13 vsize=17684 memory=12448 CPUtime=0.04 cores=14-27,126-139
/proc/16/stat : 16 (python3) S 13 16 0 0 -1 4194304 1884 0 96 0 3 1 0 0 20 0 1 0 53232562 18108416 3112 67087892480 4194304 7154137 140723918852912 0 0 0 0 16781312 2 1 0 0 17 129 0 0 8 0 0 9727432 11029816 40652800 140723918854987 140723918855085 140723918855085 140723918856167 0
/proc/16/statm: 4421 3112 1504 723 0 2063 0
[pid=18] ppid=16 vsize=30900468 memory=25063668 CPUtime=519.71 cores=14-27,126-139
/proc/18/stat : 18 (bn4rust) R 16 16 0 0 -1 4194304 189821 0 18 0 50898 1073 0 0 20 0 1 0 53232575 31642079232 6265917 67087892480 94641985343488 94641987210609 140727825567040 0 0 0 0 4096 1088 0 0 0 17 23 0 0 1 0 0 94641987468672 94641987515608 94642009735168 140727825574670 140727825574806 140727825574806 140727825575905 0
/proc/18/statm: 7725117 6265917 1077 456 0 7723278 0
Current children cumulated CPU time: 519.75 s
Current children cumulated vsize: 30918152 KiB
Current children cumulated memory: 25076116 KiB

[startup+582.3 s]
/proc/loadavg: 61.88 59.79 57.96 60/3366 18
/proc/meminfo: memFree=392624848/527542236 swapFree=33554428/33554428
[pid=16] ppid=13 vsize=17684 memory=12448 CPUtime=0.04 cores=14-27,126-139
/proc/16/stat : 16 (python3) S 13 16 0 0 -1 4194304 1884 0 96 0 3 1 0 0 20 0 1 0 53232562 18108416 3112 67087892480 4194304 7154137 140723918852912 0 0 0 0 16781312 2 1 0 0 17 129 0 0 8 0 0 9727432 11029816 40652800 140723918854987 140723918855085 140723918855085 140723918856167 0
/proc/16/statm: 4421 3112 1504 723 0 2063 0
[pid=18] ppid=16 vsize=43120116 memory=38659436 CPUtime=579.46 cores=14-27,126-139
/proc/18/stat : 18 (bn4rust) R 16 16 0 0 -1 4194304 241632 0 18 0 56222 1724 0 0 20 0 1 0 53232575 44154998784 9664859 67087892480 94641985343488 94641987210609 140727825567040 0 0 0 0 4096 1088 0 0 0 17 23 0 0 1 0 0 94641987468672 94641987515608 94642009735168 140727825574670 140727825574806 140727825574806 140727825575905 0
/proc/18/statm: 10780029 9664859 1077 456 0 10778190 0
Current children cumulated CPU time: 579.5 s
Current children cumulated vsize: 43137800 KiB
Current children cumulated memory: 38671884 KiB

[startup+642.3 s]
/proc/loadavg: 70.99 62.84 59.13 74/3522 18
/proc/meminfo: memFree=383892324/527542236 swapFree=33554428/33554428
[pid=16] ppid=13 vsize=17684 memory=12448 CPUtime=0.04 cores=14-27,126-139
/proc/16/stat : 16 (python3) S 13 16 0 0 -1 4194304 1884 0 96 0 3 1 0 0 20 0 1 0 53232562 18108416 3112 67087892480 4194304 7154137 140723918852912 0 0 0 0 16781312 2 1 0 0 17 129 0 0 8 0 0 9727432 11029816 40652800 140723918854987 140723918855085 140723918855085 140723918856167 0
/proc/16/statm: 4421 3112 1504 723 0 2063 0
[pid=18] ppid=16 vsize=47838708 memory=41043316 CPUtime=639.13 cores=14-27,126-139
/proc/18/stat : 18 (bn4rust) R 16 16 0 0 -1 4194304 261483 0 18 0 62158 1755 0 0 20 0 1 0 53232575 48986836992 10260829 67087892480 94641985343488 94641987210609 140727825567040 0 0 0 0 4096 1088 0 0 0 17 23 0 0 1 0 0 94641987468672 94641987515608 94642009735168 140727825574670 140727825574806 140727825574806 140727825575905 0
/proc/18/statm: 11959677 10260829 1077 456 0 11957838 0
Current children cumulated CPU time: 639.17 s
Current children cumulated vsize: 47856392 KiB
Current children cumulated memory: 41055764 KiB

[startup+702.3 s]
/proc/loadavg: 71.29 64.65 60.00 60/2923 18
/proc/meminfo: memFree=385928812/527542236 swapFree=33554428/33554428
[pid=16] ppid=13 vsize=17684 memory=12448 CPUtime=0.04 cores=14-27,126-139
/proc/16/stat : 16 (python3) S 13 16 0 0 -1 4194304 1884 0 96 0 3 1 0 0 20 0 1 0 53232562 18108416 3112 67087892480 4194304 7154137 140723918852912 0 0 0 0 16781312 2 1 0 0 17 129 0 0 8 0 0 9727432 11029816 40652800 140723918854987 140723918855085 140723918855085 140723918856167 0
/proc/16/statm: 4421 3112 1504 723 0 2063 0
[pid=18] ppid=16 vsize=47838708 memory=43384180 CPUtime=698.83 cores=14-27,126-139
/proc/18/stat : 18 (bn4rust) R 16 16 0 0 -1 4194304 278962 0 18 0 68100 1783 0 0 20 0 1 0 53232575 48986836992 10846045 67087892480 94641985343488 94641987210609 140727825567040 0 0 0 0 4096 1088 0 0 0 17 23 0 0 1 0 0 94641987468672 94641987515608 94642009735168 140727825574670 140727825574806 140727825574806 140727825575905 0
/proc/18/statm: 11959677 10846045 1077 456 0 11957838 0
Current children cumulated CPU time: 698.87 s
Current children cumulated vsize: 47856392 KiB
Current children cumulated memory: 43396628 KiB

[startup+762.3 s]
/proc/loadavg: 67.36 64.53 60.24 73/2967 18
/proc/meminfo: memFree=359689772/527542236 swapFree=33554428/33554428
[pid=16] ppid=13 vsize=17684 memory=12448 CPUtime=0.04 cores=14-27,126-139
/proc/16/stat : 16 (python3) S 13 16 0 0 -1 4194304 1884 0 96 0 3 1 0 0 20 0 1 0 53232562 18108416 3112 67087892480 4194304 7154137 140723918852912 0 0 0 0 16781312 2 1 0 0 17 129 0 0 8 0 0 9727432 11029816 40652800 140723918854987 140723918855085 140723918855085 140723918856167 0
/proc/16/statm: 4421 3112 1504 723 0 2063 0
[pid=18] ppid=16 vsize=54130164 memory=45670656 CPUtime=758.61 cores=14-27,126-139
/proc/18/stat : 18 (bn4rust) R 16 16 0 0 -1 4194304 299652 0 18 0 74048 1813 0 0 20 0 1 0 53232575 55429287936 11417664 67087892480 94641985343488 94641987210609 140727825567040 0 0 0 0 4096 1088 0 0 0 17 135 0 0 1 0 0 94641987468672 94641987515608 94642009735168 140727825574670 140727825574806 140727825574806 140727825575905 0
/proc/18/statm: 13532541 11417664 1077 456 0 13530702 0
Current children cumulated CPU time: 758.65 s
Current children cumulated vsize: 54147848 KiB
Current children cumulated memory: 45683104 KiB

[startup+822.3 s]
/proc/loadavg: 66.74 64.93 60.65 61/2951 18
/proc/meminfo: memFree=369351308/527542236 swapFree=33554428/33554428
[pid=16] ppid=13 vsize=17684 memory=12448 CPUtime=0.04 cores=14-27,126-139
/proc/16/stat : 16 (python3) S 13 16 0 0 -1 4194304 1884 0 96 0 3 1 0 0 20 0 1 0 53232562 18108416 3112 67087892480 4194304 7154137 140723918852912 0 0 0 0 16781312 2 1 0 0 17 129 0 0 8 0 0 9727432 11029816 40652800 140723918854987 140723918855085 140723918855085 140723918856167 0
/proc/16/statm: 4421 3112 1504 723 0 2063 0
[pid=18] ppid=16 vsize=51953460 memory=42188472 CPUtime=818.35 cores=14-27,126-139
/proc/18/stat : 18 (bn4rust) R 16 16 0 0 -1 4194304 339414 0 18 0 79677 2158 0 0 20 0 1 0 53232575 53200343040 10547118 67087892480 94641985343488 94641987210609 140727825567040 0 0 0 0 4096 1088 0 0 0 17 135 0 0 1 0 0 94641987468672 94641987515608 94642009735168 140727825574670 140727825574806 140727825574806 140727825575905 0
/proc/18/statm: 12988365 10547118 1077 456 0 12986526 0
Current children cumulated CPU time: 818.39 s
Current children cumulated vsize: 51971144 KiB
Current children cumulated memory: 42200920 KiB

[startup+882.3 s]
/proc/loadavg: 67.54 65.51 61.12 66/3012 18
/proc/meminfo: memFree=357761180/527542236 swapFree=33554428/33554428
[pid=16] ppid=13 vsize=17684 memory=12448 CPUtime=0.04 cores=14-27,126-139
/proc/16/stat : 16 (python3) S 13 16 0 0 -1 4194304 1884 0 96 0 3 1 0 0 20 0 1 0 53232562 18108416 3112 67087892480 4194304 7154137 140723918852912 0 0 0 0 16781312 2 1 0 0 17 129 0 0 8 0 0 9727432 11029816 40652800 140723918854987 140723918855085 140723918855085 140723918856167 0
/proc/16/statm: 4421 3112 1504 723 0 2063 0
[pid=18] ppid=16 vsize=56672052 memory=44572352 CPUtime=878.05 cores=14-27,126-139
/proc/18/stat : 18 (bn4rust) R 16 16 0 0 -1 4194304 359778 0 18 0 85614 2191 0 0 20 0 1 0 53232575 58032181248 11143088 67087892480 94641985343488 94641987210609 140727825567040 0 0 0 0 4096 1088 0 0 0 17 135 0 0 1 0 0 94641987468672 94641987515608 94642009735168 140727825574670 140727825574806 140727825574806 140727825575905 0
/proc/18/statm: 14168013 11143088 1077 456 0 14166174 0
Current children cumulated CPU time: 878.09 s
Current children cumulated vsize: 56689736 KiB
Current children cumulated memory: 44584800 KiB

[startup+942.3 s]
/proc/loadavg: 66.31 65.58 61.42 62/2946 18
/proc/meminfo: memFree=341134008/527542236 swapFree=33554428/33554428
[pid=16] ppid=13 vsize=17684 memory=12448 CPUtime=0.04 cores=14-27,126-139
/proc/16/stat : 16 (python3) S 13 16 0 0 -1 4194304 1884 0 96 0 3 1 0 0 20 0 1 0 53232562 18108416 3112 67087892480 4194304 7154137 140723918852912 0 0 0 0 16781312 2 1 0 0 17 129 0 0 8 0 0 9727432 11029816 40652800 140723918854987 140723918855085 140723918855085 140723918856167 0
/proc/16/statm: 4421 3112 1504 723 0 2063 0
[pid=18] ppid=16 vsize=56672052 memory=46939840 CPUtime=937.84 cores=14-27,126-139
/proc/18/stat : 18 (bn4rust) R 16 16 0 0 -1 4194304 378471 0 18 0 91565 2219 0 0 20 0 1 0 53232575 58032181248 11734960 67087892480 94641985343488 94641987210609 140727825567040 0 0 0 0 4096 1088 0 0 0 17 135 0 0 1 0 0 94641987468672 94641987515608 94642009735168 140727825574670 140727825574806 140727825574806 140727825575905 0
/proc/18/statm: 14168013 11734960 1077 456 0 14166174 0
Current children cumulated CPU time: 937.88 s
Current children cumulated vsize: 56689736 KiB
Current children cumulated memory: 46952288 KiB

[startup+1002.3 s]
/proc/loadavg: 68.70 66.38 61.96 64/2976 18
/proc/meminfo: memFree=332793036/527542236 swapFree=33554428/33554428
[pid=16] ppid=13 vsize=17684 memory=12448 CPUtime=0.04 cores=14-27,126-139
/proc/16/stat : 16 (python3) S 13 16 0 0 -1 4194304 1884 0 96 0 3 1 0 0 20 0 1 0 53232562 18108416 3112 67087892480 4194304 7154137 140723918852912 0 0 0 0 16781312 2 1 0 0 17 129 0 0 8 0 0 9727432 11029816 40652800 140723918854987 140723918855085 140723918855085 140723918856167 0
/proc/16/statm: 4421 3112 1504 723 0 2063 0
[pid=18] ppid=16 vsize=62963508 memory=49225996 CPUtime=997.56 cores=14-27,126-139
/proc/18/stat : 18 (bn4rust) R 16 16 0 0 -1 4194304 399828 0 18 0 97503 2253 0 0 20 0 1 0 53232575 64474632192 12306499 67087892480 94641985343488 94641987210609 140727825567040 0 0 0 0 4096 1088 0 0 0 17 23 0 0 1 0 0 94641987468672 94641987515608 94642009735168 140727825574670 140727825574806 140727825574806 140727825575905 0
/proc/18/statm: 15740877 12306499 1077 456 0 15739038 0
Current children cumulated CPU time: 997.6 s
Current children cumulated vsize: 62981192 KiB
Current children cumulated memory: 49238444 KiB

[startup+1062.3 s]
/proc/loadavg: 69.06 66.96 62.44 79/2990 18
/proc/meminfo: memFree=332764584/527542236 swapFree=33554428/33554428
[pid=16] ppid=13 vsize=17684 memory=12448 CPUtime=0.04 cores=14-27,126-139
/proc/16/stat : 16 (python3) S 13 16 0 0 -1 4194304 1884 0 96 0 3 1 0 0 20 0 1 0 53232562 18108416 3112 67087892480 4194304 7154137 140723918852912 0 0 0 0 16781312 2 1 0 0 17 129 0 0 8 0 0 9727432 11029816 40652800 140723918854987 140723918855085 140723918855085 140723918856167 0
/proc/16/statm: 4421 3112 1504 723 0 2063 0
[pid=18] ppid=16 vsize=62963508 memory=51228940 CPUtime=1057.3 cores=14-27,126-139
/proc/18/stat : 18 (bn4rust) R 16 16 0 0 -1 4194304 420775 0 18 0 103451 2279 0 0 20 0 1 0 53232575 64474632192 12807235 67087892480 94641985343488 94641987210609 140727825567040 0 0 0 0 4096 1088 0 0 0 17 23 0 0 1 0 0 94641987468672 94641987515608 94642009735168 140727825574670 140727825574806 140727825574806 140727825575905 0
/proc/18/statm: 15740877 12807235 1077 456 0 15739038 0
Current children cumulated CPU time: 1057.34 s
Current children cumulated vsize: 62981192 KiB
Current children cumulated memory: 51241388 KiB

[startup+1095.46 s]
# the end of solver process 16 was just reported to runsolver
# cumulated CPU time of all completed processes:  user=1063.9 s, system=25.6949 s

Solver just ended.
??? end of watcher thread
Dumping a history of the last processes samples

[startup+1075.2 s]
/proc/loadavg: 69.76 67.18 62.56 63/2982 18
/proc/meminfo: memFree=332882960/527542236 swapFree=33554428/33554428
[pid=16] ppid=13 vsize=17684 memory=12448 CPUtime=0.04 cores=14-27,126-139
/proc/16/stat : 16 (python3) S 13 16 0 0 -1 4194304 1884 0 96 0 3 1 0 0 20 0 1 0 53232562 18108416 3112 67087892480 4194304 7154137 140723918852912 0 0 0 0 16781312 2 1 0 0 17 129 0 0 8 0 0 9727432 11029816 40652800 140723918854987 140723918855085 140723918855085 140723918856167 0
/proc/16/statm: 4421 3112 1504 723 0 2063 0
[pid=18] ppid=16 vsize=62963508 memory=51589388 CPUtime=1070.12 cores=14-27,126-139
/proc/18/stat : 18 (bn4rust) R 16 16 0 0 -1 4194304 425305 0 18 0 104728 2284 0 0 20 0 1 0 53232575 64474632192 12897347 67087892480 94641985343488 94641987210609 140727825567040 0 0 0 0 4096 1088 0 0 0 17 23 0 0 1 0 0 94641987468672 94641987515608 94642009735168 140727825574670 140727825574806 140727825574806 140727825575905 0
/proc/18/statm: 15740877 12897347 1077 456 0 15739038 0
Current children cumulated CPU time: 1070.16 s
Current children cumulated vsize: 62981192 KiB
Current children cumulated memory: 51601836 KiB

[startup+1088 s]*
/proc/loadavg: 67.88 66.89 62.54 62/2976 18
/proc/meminfo: memFree=332979896/527542236 swapFree=33554428/33554428
[pid=16] ppid=13 vsize=17684 memory=12448 CPUtime=0.04 cores=14-27,126-139
/proc/16/stat : 16 (python3) S 13 16 0 0 -1 4194304 1884 0 96 0 3 1 0 0 20 0 1 0 53232562 18108416 3112 67087892480 4194304 7154137 140723918852912 0 0 0 0 16781312 2 1 0 0 17 129 0 0 8 0 0 9727432 11029816 40652800 140723918854987 140723918855085 140723918855085 140723918856167 0
/proc/16/statm: 4421 3112 1504 723 0 2063 0
[pid=18] ppid=16 vsize=90226488 memory=55712112 CPUtime=1082.86 cores=14-27,126-139
/proc/18/stat : 18 (bn4rust) R 16 16 0 0 -1 4194304 429904 0 18 0 105961 2325 0 0 20 0 1 0 53232575 92391923712 13928028 67087892480 94641985343488 94641987210609 140727825567040 0 0 0 0 4096 1088 0 0 0 17 135 0 0 1 0 0 94641987468672 94641987515608 94642009735168 140727825574670 140727825574806 140727825574806 140727825575905 0
/proc/18/statm: 22556622 13928028 1077 456 0 22554783 0
Current children cumulated CPU time: 1082.9 s
Current children cumulated vsize: 90244172 KiB
Current children cumulated memory: 55724560 KiB

[startup+1091.2 s]
/proc/loadavg: 67.88 66.89 62.54 62/2978 18
/proc/meminfo: memFree=322334628/527542236 swapFree=33554428/33554428
[pid=16] ppid=13 vsize=17684 memory=12448 CPUtime=0.04 cores=14-27,126-139
/proc/16/stat : 16 (python3) S 13 16 0 0 -1 4194304 1884 0 96 0 3 1 0 0 20 0 1 0 53232562 18108416 3112 67087892480 4194304 7154137 140723918852912 0 0 0 0 16781312 2 1 0 0 17 129 0 0 8 0 0 9727432 11029816 40652800 140723918854987 140723918855085 140723918855085 140723918856167 0
/proc/16/statm: 4421 3112 1504 723 0 2063 0
[pid=18] ppid=16 vsize=90226488 memory=61755760 CPUtime=1086.04 cores=14-27,126-139
/proc/18/stat : 18 (bn4rust) R 16 16 0 0 -1 4194304 432959 0 18 0 106219 2385 0 0 20 0 1 0 53232575 92391923712 15438940 67087892480 94641985343488 94641987210609 140727825567040 0 0 0 0 4096 1088 0 0 0 17 135 0 0 1 0 0 94641987468672 94641987515608 94642009735168 140727825574670 140727825574806 140727825574806 140727825575905 0
/proc/18/statm: 22556622 15438940 1077 456 0 22554783 0
Current children cumulated CPU time: 1086.08 s
Current children cumulated vsize: 90244172 KiB
Current children cumulated memory: 61768208 KiB

[startup+1092.8 s]
/proc/loadavg: 67.33 66.79 62.53 74/2990 18
/proc/meminfo: memFree=320607416/527542236 swapFree=33554428/33554428
[pid=16] ppid=13 vsize=17684 memory=12448 CPUtime=0.04 cores=14-27,126-139
/proc/16/stat : 16 (python3) S 13 16 0 0 -1 4194304 1884 0 96 0 3 1 0 0 20 0 1 0 53232562 18108416 3112 67087892480 4194304 7154137 140723918852912 0 0 0 0 16781312 2 1 0 0 17 129 0 0 8 0 0 9727432 11029816 40652800 140723918854987 140723918855085 140723918855085 140723918856167 0
/proc/16/statm: 4421 3112 1504 723 0 2063 0
[pid=18] ppid=16 vsize=90226488 memory=63858360 CPUtime=1087.64 cores=14-27,126-139
/proc/18/stat : 18 (bn4rust) R 16 16 0 0 -1 4194304 864601 0 18 0 106317 2447 0 0 20 0 1 0 53232575 92391923712 15964590 67087892480 94641985343488 94641987210609 140727825567040 0 0 0 0 4096 1088 0 0 0 17 135 0 0 1 0 0 94641987468672 94641987515608 94642009735168 140727825574670 140727825574806 140727825574806 140727825575905 0
/proc/18/statm: 22556622 15964590 1077 456 0 22554783 0
Current children cumulated CPU time: 1087.68 s
Current children cumulated vsize: 90244172 KiB
Current children cumulated memory: 63870808 KiB

[startup+1094.4 s]
/proc/loadavg: 67.33 66.79 62.53 77/2990 18
/proc/meminfo: memFree=317780204/527542236 swapFree=33554428/33554428
[pid=16] ppid=13 vsize=17684 memory=6432 CPUtime=0.04 cores=14-27,126-139
/proc/16/stat : 16 (python3) S 13 16 0 0 -1 4194304 1884 0 96 0 3 1 0 0 20 0 1 0 53232562 18108416 1608 67087892480 4194304 7154137 140723918852912 0 0 0 0 16781312 2 1 0 0 17 129 0 0 8 0 0 9727432 11029816 40652800 140723918854987 140723918855085 140723918855085 140723918856167 0
/proc/16/statm: 4421 1608 0 723 0 2063 0
Current children cumulated CPU time: 0.04 s
Current children cumulated vsize: 17684 KiB
Current children cumulated memory: 6432 KiB

[startup+1095.2 s]
/proc/loadavg: 67.33 66.79 62.53 72/2991 18
/proc/meminfo: memFree=383212924/527542236 swapFree=33554428/33554428
[pid=16] ppid=13 vsize=17684 memory=8116 CPUtime=0.04 cores=14-27,126-139
/proc/16/stat : 16 (python3) D 13 16 0 0 -1 4194304 1904 0 124 0 3 1 0 0 20 0 1 0 53232562 18108416 2029 67087892480 4194304 7154137 140723918852912 0 0 0 0 16781312 2 0 0 0 17 129 0 0 55 0 0 9727432 11029816 40652800 140723918854987 140723918855085 140723918855085 140723918856167 0
/proc/16/statm: 4421 2029 412 723 0 2063 0
Current children cumulated CPU time: 0.04 s
Current children cumulated vsize: 17684 KiB
Current children cumulated memory: 8116 KiB

[startup+1095.4 s]
/proc/loadavg: 67.33 66.79 62.53 72/2991 18
/proc/meminfo: memFree=383212924/527542236 swapFree=33554428/33554428
[pid=16] ppid=13 vsize=17684 memory=8116 CPUtime=0.04 cores=14-27,126-139
/proc/16/stat : 16 (python3) D 13 16 0 0 -1 4194304 1904 0 126 0 3 1 0 0 20 0 1 0 53232562 18108416 2029 67087892480 4194304 7154137 140723918852912 0 0 0 0 16781312 2 0 0 0 17 129 0 0 71 0 0 9727432 11029816 40652800 140723918854987 140723918855085 140723918855085 140723918856167 0
/proc/16/statm: 4421 2029 412 723 0 2063 0
Current children cumulated CPU time: 0.04 s
Current children cumulated vsize: 17684 KiB
Current children cumulated memory: 8116 KiB

Child status: 247
Real time (s): 1095.46
CPU time (s): 1089.59
CPU user time (s): 1063.9
CPU system time (s): 25.6949
CPU usage (%): 99.4641
Max. virtual memory (cumulated for all children) (KiB): 90244172
Max. memory (cumulated for all children) (KiB): 65338536

getrusage(RUSAGE_CHILDREN,...) data:
user time used= 1063.9
system time used= 25.6949
maximum resident set size= 65336680
integral shared memory size= 0
integral unshared data size= 0
integral unshared stack size= 0
page reclaims= 1237539
page faults= 173
swaps= 0
block input operations= 29344
block output operations= 8
messages sent= 0
messages received= 0
signals received= 0
voluntary context switches= 1007
involuntary context switches= 2444


# summary of solver processes directly reported to runsolver:
#   pid: 16
#   total CPU time (s): 1089.59
#   total CPU user time (s): 1063.9
#   total CPU system time (s): 25.6949

??? join timestamper begins
??? join timestamper ends
??? end of timestamper thread
runsolver used 0.236755 second user time and 1.94273 second system time

The end
