# WCTIME: wall clock time in seconds
WCTIME=7.46111
# CPUTIME: CPU time in seconds (USERTIME+SYSTEMTIME)
CPUTIME=7.31477
# USERTIME: CPU time spent in user mode in seconds
USERTIME=7.09462
# SYSTEMTIME: CPU time spent in system mode in seconds
SYSTEMTIME=0.220158
# CPUUSAGE: CPUTIME/WCTIME in percent
CPUUSAGE=98.0387
# MAXVM: maximum virtual memory used in KiB
MAXVM=35112
# MAXMM: maximum memory used in KiB
MAXMM=26772
# MAXRSS: maximum Resident Segment Size in KiB
MAXRSS=18700
# TIMEOUT: did the solver exceed the time limit?
TIMEOUT=false
# MEMOUT: did the solver exceed the memory limit?
MEMOUT=false
# EXITSTATUS: Exit status of the solver
EXITSTATUS=0
