runsolver version 3.4.1 (svn: 3018) Copyright (C) 2010-2013 Olivier ROUSSEL

This program is distributed in the hope that it will be useful,
but WITHOUT ANY WARRANTY; without even the implied warranty of
MERCHANTABILITY or FITNESS FOR A PARTICULAR PURPOSE.  See the
GNU General Public License for more details.

NUMA information:
  number of nodes: 8
  memory of node 0: 63700 MiB (56039 MiB free)
  memory of node 1: 64461 MiB (56896 MiB free)
  memory of node 2: 64504 MiB (63432 MiB free)
  memory of node 3: 64504 MiB (63248 MiB free)
  memory of node 4: 64504 MiB (59738 MiB free)
  memory of node 5: 64504 MiB (60717 MiB free)
  memory of node 6: 64504 MiB (61062 MiB free)
  memory of node 7: 64491 MiB (60621 MiB free)
  node distances:
     10  12  12  12  21  21  21  21
     12  10  12  12  21  21  21  21
     12  12  10  12  21  21  21  21
     12  12  12  10  21  21  21  21
     21  21  21  21  10  12  12  12
     21  21  21  21  12  10  12  12
     21  21  21  21  12  12  10  12
     21  21  21  21  12  12  12  10

command line: /usr/local/bin/runsolver --timestamp -w /output/runsolver-watch.log -v /output/runsolver-values.log -o /output/solver-output.log -C 1800.0 -W 1800.0 -R 64000 /opt/solver/run_bn4rust.py --mode cyber-complement-gfp-plus-sink-scc --instance /input/model_044.bnet 

running on 16 cores: 0-12,26,124,138

Enforcing CPUTime limit (soft limit, will send SIGTERM then SIGKILL): 1800 seconds
Enforcing CPUTime limit (hard limit, will send SIGXCPU): 1830 seconds
Enforcing wall clock limit (soft limit, will send SIGTERM then SIGKILL): 1800 seconds
Enforcing RSS+Swap limit (soft limit, will send SIGTERM then SIGKILL): 65536000 KiB
Linux 4.18.0-553.159.1.el8_10.x86_64
Current StackSize limit: 18014398509481983 KiB

solver pid=16, runsolver pid=13

[startup+0.10008 s]*
/proc/loadavg: 23.26 26.40 27.08 24/2815 17
/proc/meminfo: memFree=493415480/527542292 swapFree=33545980/33554428
[pid=16] ppid=13 vsize=15800 memory=10088 CPUtime=0.02 cores=0-12,26,112-124,138
/proc/16/stat : 16 (python3) R 13 16 0 0 -1 4194304 1386 0 84 0 2 0 0 0 20 0 1 0 53422219 16179200 2522 67087892480 4194304 7154137 140736647987840 0 0 0 0 16781312 2 0 0 0 17 12 0 0 6 0 0 9727432 11029816 44531712 140736647990079 140736647990189 140736647990189 140736647991271 0
/proc/16/statm: 3950 2522 1388 723 0 1674 0
Current children cumulated CPU time: 0.02 s
Current children cumulated vsize: 15800 KiB
Current children cumulated memory: 10088 KiB

[startup+0.200655 s]*
/proc/loadavg: 23.26 26.40 27.08 24/2816 18
/proc/meminfo: memFree=493407456/527542292 swapFree=33545980/33554428
[pid=16] ppid=13 vsize=17684 memory=12396 CPUtime=0.04 cores=0-12,26,112-124,138
/proc/16/stat : 16 (python3) S 13 16 0 0 -1 4194304 1900 0 96 0 3 1 0 0 20 0 1 0 53422219 18108416 3099 67087892480 4194304 7154137 140736647987840 0 0 0 0 16781312 2 1 0 0 17 12 0 0 8 0 0 9727432 11029816 44531712 140736647990079 140736647990189 140736647990189 140736647991271 0
/proc/16/statm: 4421 3099 1506 723 0 2063 0
[pid=18] ppid=16 vsize=8064 memory=5052 CPUtime=0.04 cores=0-12,26,112-124,138
/proc/18/stat : 18 (bn4rust) R 16 16 0 0 -1 4194304 327 0 19 0 4 0 0 0 20 0 1 0 53422232 8257536 1263 67087892480 93833593131008 93833594998129 140725387589328 0 0 0 0 4096 1088 0 0 0 17 2 0 0 1 0 0 93833595256192 93833595303128 93833602670592 140725387590402 140725387590550 140725387590550 140725387591649 0
/proc/18/statm: 2016 1263 1114 456 0 177 0
Current children cumulated CPU time: 0.08 s
Current children cumulated vsize: 25748 KiB
Current children cumulated memory: 17448 KiB

[startup+0.225739 s]
# the end of solver process 16 was just reported to runsolver
# cumulated CPU time of all completed processes:  user=0.099961 s, system=0.013833 s

Solver just ended.
??? end of watcher thread
Dumping a history of the last processes samples

Child status: 0
Real time (s): 0.225773
CPU time (s): 0.113794
CPU user time (s): 0.099961
CPU system time (s): 0.013833
CPU usage (%): 50.4019
Max. virtual memory (cumulated for all children) (KiB): 25748
Max. memory (cumulated for all children) (KiB): 17448

getrusage(RUSAGE_CHILDREN,...) data:
user time used= 0.099961
system time used= 0.013833
maximum resident set size= 12564
integral shared memory size= 0
integral unshared data size= 0
integral unshared stack size= 0
page reclaims= 2248
page faults= 117
swaps= 0
block input operations= 20000
block output operations= 0
messages sent= 0
messages received= 0
signals received= 0
voluntary context switches= 987
involuntary context switches= 0


# summary of solver processes directly reported to runsolver:
#   pid: 16
#   total CPU time (s): 0.113794
#   total CPU user time (s): 0.099961
#   total CPU system time (s): 0.013833

??? join timestamper begins
??? join timestamper ends
??? end of timestamper thread
runsolver used 0.003429 second user time and 0.004077 second system time

The end
