runsolver version 3.4.1 (svn: 3018) Copyright (C) 2010-2013 Olivier ROUSSEL

This program is distributed in the hope that it will be useful,
but WITHOUT ANY WARRANTY; without even the implied warranty of
MERCHANTABILITY or FITNESS FOR A PARTICULAR PURPOSE.  See the
GNU General Public License for more details.

NUMA information:
  number of nodes: 8
  memory of node 0: 63700 MiB (61308 MiB free)
  memory of node 1: 64461 MiB (49735 MiB free)
  memory of node 2: 64504 MiB (60279 MiB free)
  memory of node 3: 64504 MiB (61291 MiB free)
  memory of node 4: 64504 MiB (63619 MiB free)
  memory of node 5: 64504 MiB (63545 MiB free)
  memory of node 6: 64504 MiB (52087 MiB free)
  memory of node 7: 64491 MiB (17260 MiB free)
  node distances:
     10  12  12  12  21  21  21  21
     12  10  12  12  21  21  21  21
     12  12  10  12  21  21  21  21
     12  12  12  10  21  21  21  21
     21  21  21  21  10  12  12  12
     21  21  21  21  12  10  12  12
     21  21  21  21  12  12  10  12
     21  21  21  21  12  12  12  10

command line: /usr/local/bin/runsolver --timestamp -w /output/runsolver-watch.log -v /output/runsolver-values.log -o /output/solver-output.log -C 1800.0 -W 1800.0 -R 64000 /opt/solver/run_bn4rust.py --mode cyber-complement-gfp-plus-dependency-order --instance /input/model_140.bnet 

running on 23 cores: 90-98,103,202-210,216-219

Enforcing CPUTime limit (soft limit, will send SIGTERM then SIGKILL): 1800 seconds
Enforcing CPUTime limit (hard limit, will send SIGXCPU): 1830 seconds
Enforcing wall clock limit (soft limit, will send SIGTERM then SIGKILL): 1800 seconds
Enforcing RSS+Swap limit (soft limit, will send SIGTERM then SIGKILL): 65536000 KiB
Linux 4.18.0-553.159.1.el8_10.x86_64
solver pid=16, runsolver pid=13
Current StackSize limit: 18014398509481983 KiB


[startup+0.100077 s]*
/proc/loadavg: 44.90 46.16 43.28 25/2976 17
/proc/meminfo: memFree=439589464/527542208 swapFree=33473532/33554428
[pid=16] ppid=13 vsize=15800 memory=10164 CPUtime=0.02 cores=90-98,103-107,202-210,215-219
/proc/16/stat : 16 (python3) R 13 16 0 0 -1 4194304 1387 0 84 0 2 0 0 0 20 0 1 0 53459461 16179200 2541 67087892480 4194304 7154137 140729986372688 0 0 0 0 16781312 2 0 0 0 17 103 0 0 6 0 0 9727432 11029816 33460224 140729986374455 140729986374573 140729986374573 140729986375655 0
/proc/16/statm: 3950 2541 1406 723 0 1674 0
Current children cumulated CPU time: 0.02 s
Current children cumulated vsize: 15800 KiB
Current children cumulated memory: 10164 KiB

[startup+0.200585 s]*
/proc/loadavg: 44.90 46.16 43.28 24/2977 18
/proc/meminfo: memFree=439637524/527542208 swapFree=33473532/33554428
[pid=16] ppid=13 vsize=17684 memory=12476 CPUtime=0.05 cores=90-98,103-107,202-210,215-219
/proc/16/stat : 16 (python3) S 13 16 0 0 -1 4194304 1895 0 96 0 3 2 0 0 20 0 1 0 53459461 18108416 3119 67087892480 4194304 7154137 140729986372688 0 0 0 0 16781312 2 1 0 0 17 103 0 0 8 0 0 9727432 11029816 33460224 140729986374455 140729986374573 140729986374573 140729986375655 0
/proc/16/statm: 4421 3119 1525 723 0 2063 0
[pid=18] ppid=16 vsize=8744 memory=5548 CPUtime=0.02 cores=90-98,103-107,202-210,215-219
/proc/18/stat : 18 (bn4rust) R 16 16 0 0 -1 4194304 913 0 18 0 2 0 0 0 20 0 1 0 53459477 8953856 1387 67087892480 94793895682048 94793897549169 140736206668672 0 0 0 0 4096 1088 0 0 0 17 106 0 0 1 0 0 94793897807232 94793897854168 94793928519680 140736206674682 140736206674838 140736206674838 140736206675937 0
/proc/18/statm: 2186 1387 1098 456 0 347 0
Current children cumulated CPU time: 0.07 s
Current children cumulated vsize: 26428 KiB
Current children cumulated memory: 18024 KiB

[startup+0.300514 s]*
/proc/loadavg: 44.90 46.16 43.28 26/2977 18
/proc/meminfo: memFree=440184132/527542208 swapFree=33473532/33554428
[pid=16] ppid=13 vsize=17684 memory=12476 CPUtime=0.05 cores=90-98,103-107,202-210,215-219
/proc/16/stat : 16 (python3) S 13 16 0 0 -1 4194304 1895 0 96 0 3 2 0 0 20 0 1 0 53459461 18108416 3119 67087892480 4194304 7154137 140729986372688 0 0 0 0 16781312 2 1 0 0 17 103 0 0 8 0 0 9727432 11029816 33460224 140729986374455 140729986374573 140729986374573 140729986375655 0
/proc/16/statm: 4421 3119 1525 723 0 2063 0
[pid=18] ppid=16 vsize=9036 memory=5680 CPUtime=0.12 cores=90-98,103-107,202-210,215-219
/proc/18/stat : 18 (bn4rust) R 16 16 0 0 -1 4194304 2301 0 18 0 12 0 0 0 20 0 1 0 53459477 9252864 1420 67087892480 94793895682048 94793897549169 140736206668672 0 0 0 0 4096 1088 0 0 0 17 106 0 0 1 0 0 94793897807232 94793897854168 94793928519680 140736206674682 140736206674838 140736206674838 140736206675937 0
/proc/18/statm: 2259 1420 1100 456 0 420 0
Current children cumulated CPU time: 0.17 s
Current children cumulated vsize: 26720 KiB
Current children cumulated memory: 18156 KiB

[startup+0.700253 s]
/proc/loadavg: 44.90 46.16 43.28 27/2977 18
/proc/meminfo: memFree=441582320/527542208 swapFree=33473532/33554428
[pid=16] ppid=13 vsize=17684 memory=12476 CPUtime=0.05 cores=90-98,103-107,202-210,215-219
/proc/16/stat : 16 (python3) S 13 16 0 0 -1 4194304 1895 0 96 0 3 2 0 0 20 0 1 0 53459461 18108416 3119 67087892480 4194304 7154137 140729986372688 0 0 0 0 16781312 2 1 0 0 17 103 0 0 8 0 0 9727432 11029816 33460224 140729986374455 140729986374573 140729986374573 140729986375655 0
/proc/16/statm: 4421 3119 1525 723 0 2063 0
[pid=18] ppid=16 vsize=10364 memory=6876 CPUtime=0.51 cores=90-98,103-107,202-210,215-219
/proc/18/stat : 18 (bn4rust) R 16 16 0 0 -1 4194304 7050 0 18 0 50 1 0 0 20 0 1 0 53459477 10612736 1719 67087892480 94793895682048 94793897549169 140736206668672 0 0 0 0 4096 1088 0 0 0 17 218 0 0 1 0 0 94793897807232 94793897854168 94793928519680 140736206674682 140736206674838 140736206674838 140736206675937 0
/proc/18/statm: 2591 1719 1100 456 0 752 0
Current children cumulated CPU time: 0.56 s
Current children cumulated vsize: 28048 KiB
Current children cumulated memory: 19352 KiB

[startup+1.50018 s]
/proc/loadavg: 44.90 46.16 43.28 27/2977 18
/proc/meminfo: memFree=444439020/527542208 swapFree=33473532/33554428
[pid=16] ppid=13 vsize=17684 memory=12476 CPUtime=0.05 cores=90-98,103-107,202-210,215-219
/proc/16/stat : 16 (python3) S 13 16 0 0 -1 4194304 1895 0 96 0 3 2 0 0 20 0 1 0 53459461 18108416 3119 67087892480 4194304 7154137 140729986372688 0 0 0 0 16781312 2 1 0 0 17 103 0 0 8 0 0 9727432 11029816 33460224 140729986374455 140729986374573 140729986374573 140729986375655 0
/proc/16/statm: 4421 3119 1525 723 0 2063 0
[pid=18] ppid=16 vsize=12060 memory=8724 CPUtime=1.31 cores=90-98,103-107,202-210,215-219
/proc/18/stat : 18 (bn4rust) R 16 16 0 0 -1 4194304 15334 0 18 0 129 2 0 0 20 0 1 0 53459477 12349440 2181 67087892480 94793895682048 94793897549169 140736206668672 0 0 0 0 4096 1088 0 0 0 17 218 0 0 1 0 0 94793897807232 94793897854168 94793928519680 140736206674682 140736206674838 140736206674838 140736206675937 0
/proc/18/statm: 3015 2181 1100 456 0 1176 0
Current children cumulated CPU time: 1.36 s
Current children cumulated vsize: 29744 KiB
Current children cumulated memory: 21200 KiB

[startup+3.10051 s]
/proc/loadavg: 43.22 45.79 43.18 25/2967 18
/proc/meminfo: memFree=450693940/527542208 swapFree=33473532/33554428
[pid=16] ppid=13 vsize=17684 memory=12476 CPUtime=0.05 cores=90-98,103-107,202-210,215-219
/proc/16/stat : 16 (python3) S 13 16 0 0 -1 4194304 1895 0 96 0 3 2 0 0 20 0 1 0 53459461 18108416 3119 67087892480 4194304 7154137 140729986372688 0 0 0 0 16781312 2 1 0 0 17 103 0 0 8 0 0 9727432 11029816 33460224 140729986374455 140729986374573 140729986374573 140729986375655 0
/proc/16/statm: 4421 3119 1525 723 0 2063 0
[pid=18] ppid=16 vsize=15196 memory=11508 CPUtime=2.9 cores=90-98,103-107,202-210,215-219
/proc/18/stat : 18 (bn4rust) R 16 16 0 0 -1 4194304 33848 0 18 0 285 5 0 0 20 0 1 0 53459477 15560704 2877 67087892480 94793895682048 94793897549169 140736206668672 0 0 0 0 4096 1088 0 0 0 17 218 0 0 1 0 0 94793897807232 94793897854168 94793928519680 140736206674682 140736206674838 140736206674838 140736206675937 0
/proc/18/statm: 3799 2877 1100 456 0 1960 0
Current children cumulated CPU time: 2.95 s
Current children cumulated vsize: 32880 KiB
Current children cumulated memory: 23984 KiB

[startup+6.30026 s]
/proc/loadavg: 43.22 45.79 43.18 25/2968 18
/proc/meminfo: memFree=451019300/527542208 swapFree=33473532/33554428
[pid=16] ppid=13 vsize=17684 memory=12476 CPUtime=0.05 cores=90-98,103-107,202-210,215-219
/proc/16/stat : 16 (python3) S 13 16 0 0 -1 4194304 1895 0 96 0 3 2 0 0 20 0 1 0 53459461 18108416 3119 67087892480 4194304 7154137 140729986372688 0 0 0 0 16781312 2 1 0 0 17 103 0 0 8 0 0 9727432 11029816 33460224 140729986374455 140729986374573 140729986374573 140729986375655 0
/proc/16/statm: 4421 3119 1525 723 0 2063 0
[pid=18] ppid=16 vsize=21468 memory=18144 CPUtime=6.09 cores=90-98,103-107,202-210,215-219
/proc/18/stat : 18 (bn4rust) R 16 16 0 0 -1 4194304 67275 0 18 0 598 11 0 0 20 0 1 0 53459477 21983232 4536 67087892480 94793895682048 94793897549169 140736206668672 0 0 0 0 4096 1088 0 0 0 17 106 0 0 1 0 0 94793897807232 94793897854168 94793928519680 140736206674682 140736206674838 140736206674838 140736206675937 0
/proc/18/statm: 5367 4536 1100 456 0 3528 0
Current children cumulated CPU time: 6.14 s
Current children cumulated vsize: 39152 KiB
Current children cumulated memory: 30620 KiB

[startup+12.7003 s]
/proc/loadavg: 41.52 45.40 43.06 25/2961 18
/proc/meminfo: memFree=450882336/527542208 swapFree=33473532/33554428
[pid=16] ppid=13 vsize=17684 memory=12476 CPUtime=0.05 cores=90-98,103-107,202-210,215-219
/proc/16/stat : 16 (python3) S 13 16 0 0 -1 4194304 1895 0 96 0 3 2 0 0 20 0 1 0 53459461 18108416 3119 67087892480 4194304 7154137 140729986372688 0 0 0 0 16781312 2 1 0 0 17 103 0 0 8 0 0 9727432 11029816 33460224 140729986374455 140729986374573 140729986374573 140729986375655 0
/proc/16/statm: 4421 3119 1525 723 0 2063 0
[pid=18] ppid=16 vsize=25052 memory=21640 CPUtime=12.47 cores=90-98,103-107,202-210,215-219
/proc/18/stat : 18 (bn4rust) R 16 16 0 0 -1 4194304 111425 0 18 0 1227 20 0 0 20 0 1 0 53459477 25653248 5410 67087892480 94793895682048 94793897549169 140736206668672 0 0 0 0 4096 1088 0 0 0 17 106 0 0 1 0 0 94793897807232 94793897854168 94793928519680 140736206674682 140736206674838 140736206674838 140736206675937 0
/proc/18/statm: 6263 5410 1100 456 0 4424 0
Current children cumulated CPU time: 12.52 s
Current children cumulated vsize: 42736 KiB
Current children cumulated memory: 34116 KiB

[startup+25.5003 s]
/proc/loadavg: 37.20 44.25 42.73 23/2960 18
/proc/meminfo: memFree=450421560/527542208 swapFree=33473532/33554428
[pid=16] ppid=13 vsize=17684 memory=12476 CPUtime=0.05 cores=90-98,103-107,202-210,215-219
/proc/16/stat : 16 (python3) S 13 16 0 0 -1 4194304 1896 0 96 0 3 2 0 0 20 0 1 0 53459461 18108416 3119 67087892480 4194304 7154137 140729986372688 0 0 0 0 16781312 2 1 0 0 17 103 0 0 8 0 0 9727432 11029816 33460224 140729986374455 140729986374573 140729986374573 140729986375655 0
/proc/16/statm: 4421 3119 1525 723 0 2063 0
[pid=18] ppid=16 vsize=31708 memory=28184 CPUtime=25.22 cores=90-98,103-107,202-210,215-219
/proc/18/stat : 18 (bn4rust) R 16 16 0 0 -1 4194304 217068 0 18 0 2480 42 0 0 20 0 1 0 53459477 32468992 7046 67087892480 94793895682048 94793897549169 140736206668672 0 0 0 0 4096 1088 0 0 0 17 106 0 0 1 0 0 94793897807232 94793897854168 94793928519680 140736206674682 140736206674838 140736206674838 140736206675937 0
/proc/18/statm: 7927 7046 1100 456 0 6088 0
Current children cumulated CPU time: 25.27 s
Current children cumulated vsize: 49392 KiB
Current children cumulated memory: 40660 KiB

[startup+51.1005 s]
/proc/loadavg: 32.45 42.56 42.21 24/3006 18
/proc/meminfo: memFree=451579364/527542208 swapFree=33473532/33554428
[pid=16] ppid=13 vsize=17684 memory=12476 CPUtime=0.05 cores=90-98,103-107,202-210,215-219
/proc/16/stat : 16 (python3) S 13 16 0 0 -1 4194304 1896 0 96 0 3 2 0 0 20 0 1 0 53459461 18108416 3119 67087892480 4194304 7154137 140729986372688 0 0 0 0 16781312 2 1 0 0 17 103 0 0 8 0 0 9727432 11029816 33460224 140729986374455 140729986374573 140729986374573 140729986375655 0
/proc/16/statm: 4421 3119 1525 723 0 2063 0
[pid=18] ppid=16 vsize=37084 memory=32880 CPUtime=50.72 cores=90-98,103-107,202-210,215-219
/proc/18/stat : 18 (bn4rust) R 16 16 0 0 -1 4194304 425069 0 18 0 4988 84 0 0 20 0 1 0 53459477 37974016 8220 67087892480 94793895682048 94793897549169 140736206668672 0 0 0 0 4096 1088 0 0 0 17 106 0 0 1 0 0 94793897807232 94793897854168 94793928519680 140736206674682 140736206674838 140736206674838 140736206675937 0
/proc/18/statm: 9271 8220 1100 456 0 7432 0
Current children cumulated CPU time: 50.77 s
Current children cumulated vsize: 54768 KiB
Current children cumulated memory: 45356 KiB

[startup+70.7031 s]
# the end of solver process 16 was just reported to runsolver
# cumulated CPU time of all completed processes:  user=69.3014 s, system=1.02278 s

Solver just ended.
??? end of watcher thread
Dumping a history of the last processes samples

[startup+51.2004 s]
/proc/loadavg: 32.45 42.56 42.21 24/3006 18
/proc/meminfo: memFree=451579364/527542208 swapFree=33473532/33554428
[pid=16] ppid=13 vsize=17684 memory=12476 CPUtime=0.05 cores=90-98,103-107,202-210,215-219
/proc/16/stat : 16 (python3) S 13 16 0 0 -1 4194304 1896 0 96 0 3 2 0 0 20 0 1 0 53459461 18108416 3119 67087892480 4194304 7154137 140729986372688 0 0 0 0 16781312 2 1 0 0 17 103 0 0 8 0 0 9727432 11029816 33460224 140729986374455 140729986374573 140729986374573 140729986375655 0
/proc/16/statm: 4421 3119 1525 723 0 2063 0
[pid=18] ppid=16 vsize=34012 memory=29048 CPUtime=50.82 cores=90-98,103-107,202-210,215-219
/proc/18/stat : 18 (bn4rust) R 16 16 0 0 -1 4194304 427326 0 18 0 4998 84 0 0 20 0 1 0 53459477 34828288 7262 67087892480 94793895682048 94793897549169 140736206668672 0 0 0 0 4096 1088 0 0 0 17 106 0 0 1 0 0 94793897807232 94793897854168 94793928519680 140736206674682 140736206674838 140736206674838 140736206675937 0
/proc/18/statm: 8503 7262 1100 456 0 6664 0
Current children cumulated CPU time: 50.87 s
Current children cumulated vsize: 51696 KiB
Current children cumulated memory: 41524 KiB

[startup+64.0003 s]*
/proc/loadavg: 30.66 41.67 41.92 26/3006 18
/proc/meminfo: memFree=449293360/527542208 swapFree=33473532/33554428
[pid=16] ppid=13 vsize=17684 memory=12476 CPUtime=0.05 cores=90-98,103-107,202-210,215-219
/proc/16/stat : 16 (python3) S 13 16 0 0 -1 4194304 1896 0 96 0 3 2 0 0 20 0 1 0 53459461 18108416 3119 67087892480 4194304 7154137 140729986372688 0 0 0 0 16781312 2 1 0 0 17 103 0 0 8 0 0 9727432 11029816 33460224 140729986374455 140729986374573 140729986374573 140729986375655 0
/proc/16/statm: 4421 3119 1525 723 0 2063 0
[pid=18] ppid=16 vsize=26204 memory=22768 CPUtime=63.58 cores=90-98,103-107,202-210,215-219
/proc/18/stat : 18 (bn4rust) R 16 16 0 0 -1 4194304 496261 0 18 0 6259 99 0 0 20 0 1 0 53459477 26832896 5692 67087892480 94793895682048 94793897549169 140736206668672 0 0 0 0 4096 1088 0 0 0 17 106 0 0 1 0 0 94793897807232 94793897854168 94793928519680 140736206674682 140736206674838 140736206674838 140736206675937 0
/proc/18/statm: 6551 5692 1100 456 0 4712 0
Current children cumulated CPU time: 63.63 s
Current children cumulated vsize: 43888 KiB
Current children cumulated memory: 35244 KiB

[startup+67.2003 s]
/proc/loadavg: 30.66 41.67 41.92 24/3006 18
/proc/meminfo: memFree=449169028/527542208 swapFree=33473532/33554428
[pid=16] ppid=13 vsize=17684 memory=12476 CPUtime=0.05 cores=90-98,103-107,202-210,215-219
/proc/16/stat : 16 (python3) S 13 16 0 0 -1 4194304 1896 0 96 0 3 2 0 0 20 0 1 0 53459461 18108416 3119 67087892480 4194304 7154137 140729986372688 0 0 0 0 16781312 2 1 0 0 17 103 0 0 8 0 0 9727432 11029816 33460224 140729986374455 140729986374573 140729986374573 140729986375655 0
/proc/16/statm: 4421 3119 1525 723 0 2063 0
[pid=18] ppid=16 vsize=26204 memory=22768 CPUtime=66.76 cores=90-98,103-107,202-210,215-219
/proc/18/stat : 18 (bn4rust) R 16 16 0 0 -1 4194304 496261 0 18 0 6577 99 0 0 20 0 1 0 53459477 26832896 5692 67087892480 94793895682048 94793897549169 140736206668672 0 0 0 0 4096 1088 0 0 0 17 106 0 0 1 0 0 94793897807232 94793897854168 94793928519680 140736206674682 140736206674838 140736206674838 140736206675937 0
/proc/18/statm: 6551 5692 1100 456 0 4712 0
Current children cumulated CPU time: 66.81 s
Current children cumulated vsize: 43888 KiB
Current children cumulated memory: 35244 KiB

[startup+68.8003 s]
/proc/loadavg: 30.21 41.39 41.83 25/3004 18
/proc/meminfo: memFree=449137584/527542208 swapFree=33473532/33554428
[pid=16] ppid=13 vsize=17684 memory=12476 CPUtime=0.05 cores=90-98,103-107,202-210,215-219
/proc/16/stat : 16 (python3) S 13 16 0 0 -1 4194304 1896 0 96 0 3 2 0 0 20 0 1 0 53459461 18108416 3119 67087892480 4194304 7154137 140729986372688 0 0 0 0 16781312 2 1 0 0 17 103 0 0 8 0 0 9727432 11029816 33460224 140729986374455 140729986374573 140729986374573 140729986375655 0
/proc/16/statm: 4421 3119 1525 723 0 2063 0
[pid=18] ppid=16 vsize=26204 memory=22768 CPUtime=68.36 cores=90-98,103-107,202-210,215-219
/proc/18/stat : 18 (bn4rust) R 16 16 0 0 -1 4194304 496261 0 18 0 6737 99 0 0 20 0 1 0 53459477 26832896 5692 67087892480 94793895682048 94793897549169 140736206668672 0 0 0 0 4096 1088 0 0 0 17 106 0 0 1 0 0 94793897807232 94793897854168 94793928519680 140736206674682 140736206674838 140736206674838 140736206675937 0
/proc/18/statm: 6551 5692 1100 456 0 4712 0
Current children cumulated CPU time: 68.41 s
Current children cumulated vsize: 43888 KiB
Current children cumulated memory: 35244 KiB

[startup+69.6003 s]
/proc/loadavg: 30.21 41.39 41.83 26/3004 18
/proc/meminfo: memFree=449129488/527542208 swapFree=33473532/33554428
[pid=16] ppid=13 vsize=17684 memory=12476 CPUtime=0.05 cores=90-98,103-107,202-210,215-219
/proc/16/stat : 16 (python3) S 13 16 0 0 -1 4194304 1897 0 96 0 3 2 0 0 20 0 1 0 53459461 18108416 3119 67087892480 4194304 7154137 140729986372688 0 0 0 0 16781312 2 1 0 0 17 103 0 0 8 0 0 9727432 11029816 33460224 140729986374455 140729986374573 140729986374573 140729986375655 0
/proc/16/statm: 4421 3119 1525 723 0 2063 0
[pid=18] ppid=16 vsize=26204 memory=22768 CPUtime=69.15 cores=90-98,103-107,202-210,215-219
/proc/18/stat : 18 (bn4rust) R 16 16 0 0 -1 4194304 496261 0 18 0 6816 99 0 0 20 0 1 0 53459477 26832896 5692 67087892480 94793895682048 94793897549169 140736206668672 0 0 0 0 4096 1088 0 0 0 17 106 0 0 1 0 0 94793897807232 94793897854168 94793928519680 140736206674682 140736206674838 140736206674838 140736206675937 0
/proc/18/statm: 6551 5692 1100 456 0 4712 0
Current children cumulated CPU time: 69.2 s
Current children cumulated vsize: 43888 KiB
Current children cumulated memory: 35244 KiB

[startup+70.4002 s]
/proc/loadavg: 30.21 41.39 41.83 26/3004 18
/proc/meminfo: memFree=449235516/527542208 swapFree=33473532/33554428
[pid=16] ppid=13 vsize=17684 memory=12476 CPUtime=0.06 cores=90-98,103-107,202-210,215-219
/proc/16/stat : 16 (python3) S 13 16 0 0 -1 4194304 1897 0 96 0 3 3 0 0 20 0 1 0 53459461 18108416 3119 67087892480 4194304 7154137 140729986372688 0 0 0 0 16781312 2 1 0 0 17 103 0 0 8 0 0 9727432 11029816 33460224 140729986374455 140729986374573 140729986374573 140729986375655 0
/proc/16/statm: 4421 3119 1525 723 0 2063 0
[pid=18] ppid=16 vsize=26204 memory=22768 CPUtime=69.95 cores=90-98,103-107,202-210,215-219
/proc/18/stat : 18 (bn4rust) R 16 16 0 0 -1 4194304 496261 0 18 0 6896 99 0 0 20 0 1 0 53459477 26832896 5692 67087892480 94793895682048 94793897549169 140736206668672 0 0 0 0 4096 1088 0 0 0 17 106 0 0 1 0 0 94793897807232 94793897854168 94793928519680 140736206674682 140736206674838 140736206674838 140736206675937 0
/proc/18/statm: 6551 5692 1100 456 0 4712 0
Current children cumulated CPU time: 70.01 s
Current children cumulated vsize: 43888 KiB
Current children cumulated memory: 35244 KiB

[startup+70.6002 s]
/proc/loadavg: 30.21 41.39 41.83 26/3004 18
/proc/meminfo: memFree=449235516/527542208 swapFree=33473532/33554428
[pid=16] ppid=13 vsize=17684 memory=12476 CPUtime=0.06 cores=90-98,103-107,202-210,215-219
/proc/16/stat : 16 (python3) S 13 16 0 0 -1 4194304 1897 0 96 0 3 3 0 0 20 0 1 0 53459461 18108416 3119 67087892480 4194304 7154137 140729986372688 0 0 0 0 16781312 2 1 0 0 17 103 0 0 8 0 0 9727432 11029816 33460224 140729986374455 140729986374573 140729986374573 140729986375655 0
/proc/16/statm: 4421 3119 1525 723 0 2063 0
[pid=18] ppid=16 vsize=26204 memory=22768 CPUtime=70.15 cores=90-98,103-107,202-210,215-219
/proc/18/stat : 18 (bn4rust) R 16 16 0 0 -1 4194304 496261 0 18 0 6916 99 0 0 20 0 1 0 53459477 26832896 5692 67087892480 94793895682048 94793897549169 140736206668672 0 0 0 0 4096 1088 0 0 0 17 106 0 0 1 0 0 94793897807232 94793897854168 94793928519680 140736206674682 140736206674838 140736206674838 140736206675937 0
/proc/18/statm: 6551 5692 1100 456 0 4712 0
Current children cumulated CPU time: 70.21 s
Current children cumulated vsize: 43888 KiB
Current children cumulated memory: 35244 KiB

[startup+70.7003 s]
/proc/loadavg: 30.21 41.39 41.83 26/3004 18
/proc/meminfo: memFree=449235516/527542208 swapFree=33473532/33554428
[pid=16] ppid=13 vsize=17684 memory=12476 CPUtime=70.31 cores=90-98,103-107,202-210,215-219
/proc/16/stat : 16 (python3) R 13 16 0 0 -1 4194304 1906 496267 96 20 4 3 6925 99 20 0 1 0 53459461 18108416 3119 67087892480 4194304 7154137 140729986372688 0 0 0 0 16781312 0 0 0 0 17 103 0 0 8 0 0 9727432 11029816 33460224 140729986374455 140729986374573 140729986374573 140729986375655 0
/proc/16/statm: 4421 3119 1525 723 0 2063 0
Current children cumulated CPU time: 70.31 s
Current children cumulated vsize: 17684 KiB
Current children cumulated memory: 12476 KiB

Child status: 0
Real time (s): 70.7032
CPU time (s): 70.3242
CPU user time (s): 69.3014
CPU system time (s): 1.02278
CPU usage (%): 99.464
Max. virtual memory (cumulated for all children) (KiB): 56716
Max. memory (cumulated for all children) (KiB): 47976

getrusage(RUSAGE_CHILDREN,...) data:
user time used= 69.3014
system time used= 1.02277
maximum resident set size= 36440
integral shared memory size= 0
integral unshared data size= 0
integral unshared stack size= 0
page reclaims= 498182
page faults= 116
swaps= 0
block input operations= 19800
block output operations= 0
messages sent= 0
messages received= 0
signals received= 0
voluntary context switches= 1061
involuntary context switches= 133


# summary of solver processes directly reported to runsolver:
#   pid: 16
#   total CPU time (s): 70.3242
#   total CPU user time (s): 69.3014
#   total CPU system time (s): 1.02278

??? join timestamper begins
??? join timestamper ends
??? end of timestamper thread
runsolver used 0.033627 second user time and 0.119524 second system time

The end
