# WCTIME: wall clock time in seconds
WCTIME=0.170892
# CPUTIME: CPU time in seconds (USERTIME+SYSTEMTIME)
CPUTIME=0.058475
# USERTIME: CPU time spent in user mode in seconds
USERTIME=0.044934
# SYSTEMTIME: CPU time spent in system mode in seconds
SYSTEMTIME=0.013541
# CPUUSAGE: CPUTIME/WCTIME in percent
CPUUSAGE=34.2175
# MAXVM: maximum virtual memory used in KiB
MAXVM=15800
# MAXMM: maximum memory used in KiB
MAXMM=10120
# MAXRSS: maximum Resident Segment Size in KiB
MAXRSS=12624
# TIMEOUT: did the solver exceed the time limit?
TIMEOUT=false
# MEMOUT: did the solver exceed the memory limit?
MEMOUT=false
# EXITSTATUS: Exit status of the solver
EXITSTATUS=0
