runsolver version 3.4.1 (svn: 3018) Copyright (C) 2010-2013 Olivier ROUSSEL

This program is distributed in the hope that it will be useful,
but WITHOUT ANY WARRANTY; without even the implied warranty of
MERCHANTABILITY or FITNESS FOR A PARTICULAR PURPOSE.  See the
GNU General Public License for more details.

NUMA information:
  number of nodes: 8
  memory of node 0: 63700 MiB (59084 MiB free)
  memory of node 1: 64504 MiB (62417 MiB free)
  memory of node 2: 64504 MiB (62532 MiB free)
  memory of node 3: 64461 MiB (49050 MiB free)
  memory of node 4: 64504 MiB (63628 MiB free)
  memory of node 5: 64504 MiB (55555 MiB free)
  memory of node 6: 64504 MiB (62034 MiB free)
  memory of node 7: 64491 MiB (58769 MiB free)
  node distances:
     10  12  12  12  21  21  21  21
     12  10  12  12  21  21  21  21
     12  12  10  12  21  21  21  21
     12  12  12  10  21  21  21  21
     21  21  21  21  10  12  12  12
     21  21  21  21  12  10  12  12
     21  21  21  21  12  12  10  12
     21  21  21  21  12  12  12  10

command line: /usr/local/bin/runsolver --timestamp -w /output/runsolver-watch.log -v /output/runsolver-values.log -o /output/solver-output.log -C 1800.0 -W 1800.0 -R 64000 /opt/solver/run_bn4rust.py --mode cyber-complement-gfp-plus-sink-scc --instance /input/model_131.bnet 

running on 25 cores: 14-17,29,42,45,54-55,126-129,154,157,166-167,93-95,100-101,205-207

Enforcing CPUTime limit (soft limit, will send SIGTERM then SIGKILL): 1800 seconds
Enforcing CPUTime limit (hard limit, will send SIGXCPU): 1830 seconds
Enforcing wall clock limit (soft limit, will send SIGTERM then SIGKILL): 1800 seconds
Enforcing RSS+Swap limit (soft limit, will send SIGTERM then SIGKILL): 65536000 KiB
Linux 4.18.0-553.159.1.el8_10.x86_64
Current StackSize limit: 18014398509481983 KiB

solver pid=16, runsolver pid=13

[startup+0.100102 s]*
/proc/loadavg: 39.96 41.76 42.04 41/2901 17
/proc/meminfo: memFree=484412456/527542256 swapFree=33529340/33554428
[pid=16] ppid=13 vsize=14576 memory=9700 CPUtime=0.02 cores=14-17,29,42,45,54-55,93-95,100-101,126-129,141,154,157,166-167,205-207,212-213
/proc/16/stat : 16 (python3) D 13 16 0 0 -1 4194304 1321 0 80 0 1 1 0 0 20 0 1 0 53417778 14925824 2425 67087892480 4194304 7154137 140736912698496 0 0 0 0 16781312 2 0 0 0 17 29 0 0 6 0 0 9727432 11029816 22261760 140736912706367 140736912706477 140736912706477 140736912707559 0
/proc/16/statm: 3644 2425 1389 723 0 1380 0
Current children cumulated CPU time: 0.02 s
Current children cumulated vsize: 14576 KiB
Current children cumulated memory: 9700 KiB

[startup+0.200799 s]*
/proc/loadavg: 39.96 41.76 42.04 40/2902 18
/proc/meminfo: memFree=484610424/527542256 swapFree=33529340/33554428
[pid=16] ppid=13 vsize=17684 memory=12468 CPUtime=0.08 cores=14-17,29,42,45,54-55,93-95,100-101,126-129,141,154,157,166-167,205-207,212-213
/proc/16/stat : 16 (python3) S 13 16 0 0 -1 4194304 1890 0 96 0 3 5 0 0 20 0 1 0 53417778 18108416 3117 67087892480 4194304 7154137 140736912698496 0 0 0 0 16781312 2 1 0 0 17 29 0 0 8 0 0 9727432 11029816 22261760 140736912706367 140736912706477 140736912706477 140736912707559 0
/proc/16/statm: 4421 3117 1523 723 0 2063 0
[pid=18] ppid=16 vsize=7772 memory=2056 CPUtime=0 cores=14-17,29,42,45,54-55,93-95,100-101,126-129,141,154,157,166-167,205-207,212-213
/proc/18/stat : 18 (bn4rust) R 16 16 0 0 -1 4194304 135 0 7 0 0 0 0 0 20 0 1 0 53417796 7958528 514 67087892480 93950884675584 93950886542705 140736159560368 0 0 0 0 4096 1088 0 0 0 17 126 0 0 1 0 0 93950886800768 93950886847704 93950908960768 140736159562498 140736159562646 140736159562646 140736159563745 0
/proc/18/statm: 1943 514 460 456 0 104 0
Current children cumulated CPU time: 0.08 s
Current children cumulated vsize: 25456 KiB
Current children cumulated memory: 14524 KiB

[startup+0.22192 s]
# the end of solver process 16 was just reported to runsolver
# cumulated CPU time of all completed processes:  user=0.043036 s, system=0.059193 s

Solver just ended.
??? end of watcher thread
Dumping a history of the last processes samples

Child status: 0
Real time (s): 0.221935
CPU time (s): 0.102229
CPU user time (s): 0.043036
CPU system time (s): 0.059193
CPU usage (%): 46.0626
Max. virtual memory (cumulated for all children) (KiB): 25456
Max. memory (cumulated for all children) (KiB): 14524

getrusage(RUSAGE_CHILDREN,...) data:
user time used= 0.043036
system time used= 0.059193
maximum resident set size= 12600
integral shared memory size= 0
integral unshared data size= 0
integral unshared stack size= 0
page reclaims= 2068
page faults= 117
swaps= 0
block input operations= 20000
block output operations= 0
messages sent= 0
messages received= 0
signals received= 0
voluntary context switches= 964
involuntary context switches= 1


# summary of solver processes directly reported to runsolver:
#   pid: 16
#   total CPU time (s): 0.102229
#   total CPU user time (s): 0.043036
#   total CPU system time (s): 0.059193

??? join timestamper begins
??? join timestamper ends
??? end of timestamper thread
runsolver used 0.001224 second user time and 0.010096 second system time

The end
