# WCTIME: wall clock time in seconds
WCTIME=5.70258
# CPUTIME: CPU time in seconds (USERTIME+SYSTEMTIME)
CPUTIME=5.56114
# USERTIME: CPU time spent in user mode in seconds
USERTIME=5.49071
# SYSTEMTIME: CPU time spent in system mode in seconds
SYSTEMTIME=0.070433
# CPUUSAGE: CPUTIME/WCTIME in percent
CPUUSAGE=97.5197
# MAXVM: maximum virtual memory used in KiB
MAXVM=33512
# MAXMM: maximum memory used in KiB
MAXMM=24796
# MAXRSS: maximum Resident Segment Size in KiB
MAXRSS=12628
# TIMEOUT: did the solver exceed the time limit?
TIMEOUT=false
# MEMOUT: did the solver exceed the memory limit?
MEMOUT=false
# EXITSTATUS: Exit status of the solver
EXITSTATUS=0
