runsolver version 3.4.1 (svn: 3018) Copyright (C) 2010-2013 Olivier ROUSSEL

This program is distributed in the hope that it will be useful,
but WITHOUT ANY WARRANTY; without even the implied warranty of
MERCHANTABILITY or FITNESS FOR A PARTICULAR PURPOSE.  See the
GNU General Public License for more details.

NUMA information:
  number of nodes: 8
  memory of node 0: 63657 MiB (59994 MiB free)
  memory of node 1: 64504 MiB (62482 MiB free)
  memory of node 2: 64504 MiB (63478 MiB free)
  memory of node 3: 64504 MiB (63547 MiB free)
  memory of node 4: 64504 MiB (63146 MiB free)
  memory of node 5: 64504 MiB (52653 MiB free)
  memory of node 6: 64504 MiB (53589 MiB free)
  memory of node 7: 64491 MiB (62921 MiB free)
  node distances:
     10  12  12  12  21  21  21  21
     12  10  12  12  21  21  21  21
     12  12  10  12  21  21  21  21
     12  12  12  10  21  21  21  21
     21  21  21  21  10  12  12  12
     21  21  21  21  12  10  12  12
     21  21  21  21  12  12  10  12
     21  21  21  21  12  12  12  10

command line: /usr/local/bin/runsolver --timestamp -w /output/runsolver-watch.log -v /output/runsolver-values.log -o /output/solver-output.log -C 1800.0 -W 1800.0 -R 64000 /opt/solver/run_pyboolnet.py --instance /input/model_152.bnet 

running on 26 cores: 22-27,134-139,180,183-187,72-77,188-189

Enforcing CPUTime limit (soft limit, will send SIGTERM then SIGKILL): 1800 seconds
Enforcing CPUTime limit (hard limit, will send SIGXCPU): 1830 seconds
Enforcing wall clock limit (soft limit, will send SIGTERM then SIGKILL): 1800 seconds
Enforcing RSS+Swap limit (soft limit, will send SIGTERM then SIGKILL): 65536000 KiB
Linux 4.18.0-553.126.1.el8_10.x86_64
Current StackSize limit: 18014398509481983 KiB
solver pid=17, runsolver pid=13


[startup+0.100124 s]*
/proc/loadavg: 135.75 134.49 134.02 150/3279 18
/proc/meminfo: memFree=493375232/527542248 swapFree=31513340/33554428
[pid=17] ppid=13 vsize=10040 memory=2156 CPUtime=0 cores=22-27,68,71-77,134-139,180,183-189
/proc/17/stat : 17 (python3) S 13 17 0 0 -1 4194304 240 0 26 0 0 0 0 0 20 0 1 0 522973266 10280960 539 67087892480 94029866852352 94029870123053 140725321602880 0 0 0 0 0 0 1 0 0 17 185 0 0 2 0 0 94029872486416 94029872770456 94029878124544 140725321607937 140725321608007 140725321608007 140725321609191 0
/proc/17/statm: 2510 539 441 799 0 223 0
Current children cumulated CPU time: 0 s
Current children cumulated vsize: 10040 KiB
Current children cumulated memory: 2156 KiB

[startup+0.200654 s]*
/proc/loadavg: 135.75 134.49 134.02 174/3279 18
/proc/meminfo: memFree=493365148/527542248 swapFree=31513340/33554428
[pid=17] ppid=13 vsize=12100 memory=5176 CPUtime=0 cores=22-27,68,71-77,134-139,180,183-189
/proc/17/stat : 17 (python3) S 13 17 0 0 -1 4194304 471 0 45 0 0 0 0 0 20 0 1 0 522973266 12390400 1294 67087892480 94029866852352 94029870123053 140725321602880 0 0 0 0 0 0 1 0 0 17 185 0 0 4 0 0 94029872486416 94029872770456 94029878124544 140725321607937 140725321608007 140725321608007 140725321609191 0
/proc/17/statm: 3025 1294 1005 799 0 644 0
Current children cumulated CPU time: 0 s
Current children cumulated vsize: 12100 KiB
Current children cumulated memory: 5176 KiB

[startup+0.30049 s]*
/proc/loadavg: 135.75 134.49 134.02 133/3279 18
/proc/meminfo: memFree=493366408/527542248 swapFree=31513340/33554428
[pid=17] ppid=13 vsize=15100 memory=9504 CPUtime=0.02 cores=22-27,68,71-77,134-139,180,183-189
/proc/17/stat : 17 (python3) R 13 17 0 0 -1 4194304 1175 0 55 0 2 0 0 0 20 0 1 0 522973266 15462400 2376 67087892480 94029866852352 94029870123053 140725321602880 0 0 0 0 16781312 2 0 0 0 17 185 0 0 7 0 0 94029872486416 94029872770456 94029878124544 140725321607937 140725321608007 140725321608007 140725321609191 0
/proc/17/statm: 3775 2376 1415 799 0 1394 0
Current children cumulated CPU time: 0.02 s
Current children cumulated vsize: 15100 KiB
Current children cumulated memory: 9504 KiB

[startup+0.700195 s]
/proc/loadavg: 135.75 134.49 134.02 136/3279 18
/proc/meminfo: memFree=493355324/527542248 swapFree=31513340/33554428
[pid=17] ppid=13 vsize=24636 memory=19392 CPUtime=0.11 cores=22-27,68,71-77,134-139,180,183-189
/proc/17/stat : 17 (python3) R 13 17 0 0 -1 4194304 3580 0 79 0 9 2 0 0 20 0 1 0 522973266 25227264 4848 67087892480 94029866852352 94029870123053 140725321602880 0 0 0 0 16781312 2 0 0 0 17 73 0 0 35 0 0 94029872486416 94029872770456 94029878124544 140725321607937 140725321608007 140725321608007 140725321609191 0
/proc/17/statm: 6159 4848 1676 799 0 3671 0
Current children cumulated CPU time: 0.11 s
Current children cumulated vsize: 24636 KiB
Current children cumulated memory: 19392 KiB

[startup+1.50024 s]
/proc/loadavg: 135.75 134.49 134.02 135/3279 18
/proc/meminfo: memFree=493331972/527542248 swapFree=31513340/33554428
[pid=17] ppid=13 vsize=73920 memory=32524 CPUtime=0.22 cores=22-27,68,71-77,134-139,180,183-189
/proc/17/stat : 17 (python3) D 13 17 0 0 -1 4194304 6117 0 128 0 17 5 0 0 20 0 1 0 522973266 75694080 8131 67087892480 94029866852352 94029870123053 140725321602880 0 0 0 0 16781312 2 0 0 0 17 73 0 0 95 0 0 94029872486416 94029872770456 94029878124544 140725321607937 140725321608007 140725321608007 140725321609191 0
/proc/17/statm: 18480 8131 2406 799 0 6363 0
Current children cumulated CPU time: 0.22 s
Current children cumulated vsize: 73920 KiB
Current children cumulated memory: 32524 KiB

[startup+3.10055 s]
/proc/loadavg: 135.75 134.49 134.02 137/3281 21
/proc/meminfo: memFree=493232884/527542248 swapFree=31513340/33554428
[pid=17] ppid=13 vsize=220840 memory=70856 CPUtime=0.82 cores=22-27,68,71-77,134-139,180,183-189
/proc/17/stat : 17 (python3) S 13 17 0 0 -1 4194304 13220 0 297 0 71 11 0 0 20 0 1 0 522973266 226140160 17714 67087892480 94029866852352 94029870123053 140725321602880 0 0 0 0 16781312 2 1 0 0 17 71 0 0 158 0 0 94029872486416 94029872770456 94029878124544 140725321607937 140725321608007 140725321608007 140725321609191 0
/proc/17/statm: 55210 17714 5210 799 0 21917 0
[pid=21] ppid=17 vsize=10152 memory=7316 CPUtime=0.29 cores=22-27,68,71-77,134-139,180,183-189
/proc/21/stat : 21 (BNetToPrime_lin) R 17 17 0 0 -1 4194304 1364 0 3 0 29 0 0 0 20 0 1 0 522973541 10395648 1829 67087892480 4194304 4299828 140720638268640 0 0 0 0 0 0 0 0 0 17 186 0 0 0 0 0 6397400 6398600 6565888 140720638274171 140720638274284 140720638274284 140720638275485 0
/proc/21/statm: 2538 1829 850 26 0 1099 0
Current children cumulated CPU time: 1.11 s
Current children cumulated vsize: 230992 KiB
Current children cumulated memory: 78172 KiB
heavy processes:

[startup+6.3003 s]
/proc/loadavg: 135.60 134.48 134.02 135/3281 21
/proc/meminfo: memFree=493233352/527542248 swapFree=31513340/33554428
[pid=17] ppid=13 vsize=220840 memory=70856 CPUtime=0.82 cores=22-27,68,71-77,134-139,180,183-189
/proc/17/stat : 17 (python3) S 13 17 0 0 -1 4194304 13220 0 297 0 71 11 0 0 20 0 1 0 522973266 226140160 17714 67087892480 94029866852352 94029870123053 140725321602880 0 0 0 0 16781312 2 1 0 0 17 71 0 0 158 0 0 94029872486416 94029872770456 94029878124544 140725321607937 140725321608007 140725321608007 140725321609191 0
/proc/17/statm: 55210 17714 5210 799 0 21917 0
[pid=21] ppid=17 vsize=7788 memory=5152 CPUtime=3.48 cores=22-27,68,71-77,134-139,180,183-189
/proc/21/stat : 21 (BNetToPrime_lin) R 17 17 0 0 -1 4194304 1786 0 3 0 348 0 0 0 20 0 1 0 522973541 7974912 1288 67087892480 4194304 4299828 140720638268640 0 0 0 0 0 0 0 0 0 17 186 0 0 0 0 0 6397400 6398600 6565888 140720638274171 140720638274284 140720638274284 140720638275485 0
/proc/21/statm: 1947 1288 850 26 0 508 0
Current children cumulated CPU time: 4.3 s
Current children cumulated vsize: 228628 KiB
Current children cumulated memory: 76008 KiB
heavy processes:

[startup+12.7003 s]
/proc/loadavg: 136.76 134.74 134.10 151/3282 21
/proc/meminfo: memFree=493856352/527542248 swapFree=31513340/33554428
[pid=17] ppid=13 vsize=220840 memory=70856 CPUtime=0.82 cores=22-27,68,71-77,134-139,180,183-189
/proc/17/stat : 17 (python3) S 13 17 0 0 -1 4194304 13220 0 297 0 71 11 0 0 20 0 1 0 522973266 226140160 17714 67087892480 94029866852352 94029870123053 140725321602880 0 0 0 0 16781312 2 1 0 0 17 71 0 0 158 0 0 94029872486416 94029872770456 94029878124544 140725321607937 140725321608007 140725321608007 140725321609191 0
/proc/17/statm: 55210 17714 5210 799 0 21917 0
[pid=21] ppid=17 vsize=7788 memory=5152 CPUtime=9.85 cores=22-27,68,71-77,134-139,180,183-189
/proc/21/stat : 21 (BNetToPrime_lin) R 17 17 0 0 -1 4194304 1792 0 3 0 985 0 0 0 20 0 1 0 522973541 7974912 1288 67087892480 4194304 4299828 140720638268640 0 0 0 0 0 0 0 0 0 17 73 0 0 0 0 0 6397400 6398600 6565888 140720638274171 140720638274284 140720638274284 140720638275485 0
/proc/21/statm: 1947 1288 850 26 0 508 0
Current children cumulated CPU time: 10.67 s
Current children cumulated vsize: 228628 KiB
Current children cumulated memory: 76008 KiB

[startup+25.5003 s]
/proc/loadavg: 136.21 134.72 134.11 151/3281 21
/proc/meminfo: memFree=493251032/527542248 swapFree=31513340/33554428
[pid=17] ppid=13 vsize=220840 memory=70856 CPUtime=0.82 cores=22-27,68,71-77,134-139,180,183-189
/proc/17/stat : 17 (python3) S 13 17 0 0 -1 4194304 13220 0 297 0 71 11 0 0 20 0 1 0 522973266 226140160 17714 67087892480 94029866852352 94029870123053 140725321602880 0 0 0 0 16781312 2 1 0 0 17 71 0 0 158 0 0 94029872486416 94029872770456 94029878124544 140725321607937 140725321608007 140725321608007 140725321609191 0
/proc/17/statm: 55210 17714 5210 799 0 21917 0
[pid=21] ppid=17 vsize=7920 memory=5152 CPUtime=22.59 cores=22-27,68,71-77,134-139,180,183-189
/proc/21/stat : 21 (BNetToPrime_lin) R 17 17 0 0 -1 4194304 1802 0 3 0 2259 0 0 0 20 0 1 0 522973541 8110080 1288 67087892480 4194304 4299828 140720638268640 0 0 0 0 0 0 0 0 0 17 75 0 0 0 0 0 6397400 6398600 6565888 140720638274171 140720638274284 140720638274284 140720638275485 0
/proc/21/statm: 1980 1288 850 26 0 541 0
Current children cumulated CPU time: 23.41 s
Current children cumulated vsize: 228760 KiB
Current children cumulated memory: 76008 KiB

[startup+51.1004 s]
/proc/loadavg: 135.73 134.74 134.13 139/3261 21
/proc/meminfo: memFree=494397692/527542248 swapFree=31513340/33554428
[pid=17] ppid=13 vsize=220840 memory=70856 CPUtime=0.82 cores=22-27,68,71-77,134-139,180,183-189
/proc/17/stat : 17 (python3) S 13 17 0 0 -1 4194304 13225 0 297 0 71 11 0 0 20 0 1 0 522973266 226140160 17714 67087892480 94029866852352 94029870123053 140725321602880 0 0 0 0 16781312 2 1 0 0 17 71 0 0 158 0 0 94029872486416 94029872770456 94029878124544 140725321607937 140725321608007 140725321608007 140725321609191 0
/proc/17/statm: 55210 17714 5210 799 0 21917 0
[pid=21] ppid=17 vsize=19680 memory=17092 CPUtime=48.07 cores=22-27,68,71-77,134-139,180,183-189
/proc/21/stat : 21 (BNetToPrime_lin) R 17 17 0 0 -1 4194304 9688 0 3 0 4806 1 0 0 20 0 1 0 522973541 20152320 4273 67087892480 4194304 4299828 140720638268640 0 0 0 0 0 0 0 0 0 17 72 0 0 0 0 0 6397400 6398600 6565888 140720638274171 140720638274284 140720638274284 140720638275485 0
/proc/21/statm: 4920 4273 850 26 0 3481 0
Current children cumulated CPU time: 48.89 s
Current children cumulated vsize: 240520 KiB
Current children cumulated memory: 87948 KiB

[startup+102.3 s]
/proc/loadavg: 135.55 134.93 134.23 136/3283 21
/proc/meminfo: memFree=493319368/527542248 swapFree=31513340/33554428
[pid=17] ppid=13 vsize=220840 memory=70856 CPUtime=0.82 cores=22-27,68,71-77,134-139,180,183-189
/proc/17/stat : 17 (python3) S 13 17 0 0 -1 4194304 13225 0 297 0 71 11 0 0 20 0 1 0 522973266 226140160 17714 67087892480 94029866852352 94029870123053 140725321602880 0 0 0 0 16781312 2 1 0 0 17 71 0 0 158 0 0 94029872486416 94029872770456 94029878124544 140725321607937 140725321608007 140725321608007 140725321609191 0
/proc/17/statm: 55210 17714 5210 799 0 21917 0
[pid=21] ppid=17 vsize=19680 memory=17236 CPUtime=99 cores=22-27,68,71-77,134-139,180,183-189
/proc/21/stat : 21 (BNetToPrime_lin) R 17 17 0 0 -1 4194304 13089 0 3 0 9898 2 0 0 20 0 1 0 522973541 20152320 4309 67087892480 4194304 4299828 140720638268640 0 0 0 0 0 0 0 0 0 17 71 0 0 0 0 0 6397400 6398600 6565888 140720638274171 140720638274284 140720638274284 140720638275485 0
/proc/21/statm: 4920 4309 850 26 0 3481 0
Current children cumulated CPU time: 99.82 s
Current children cumulated vsize: 240520 KiB
Current children cumulated memory: 88092 KiB

[startup+162.3 s]
/proc/loadavg: 136.07 135.14 134.34 134/3269 21
/proc/meminfo: memFree=493431044/527542248 swapFree=31513340/33554428
[pid=17] ppid=13 vsize=220840 memory=70856 CPUtime=0.82 cores=22-27,68,71-77,134-139,180,183-189
/proc/17/stat : 17 (python3) S 13 17 0 0 -1 4194304 13225 0 297 0 71 11 0 0 20 0 1 0 522973266 226140160 17714 67087892480 94029866852352 94029870123053 140725321602880 0 0 0 0 16781312 2 1 0 0 17 71 0 0 158 0 0 94029872486416 94029872770456 94029878124544 140725321607937 140725321608007 140725321608007 140725321609191 0
/proc/17/statm: 55210 17714 5210 799 0 21917 0
[pid=21] ppid=17 vsize=19680 memory=17240 CPUtime=158.65 cores=22-27,68,71-77,134-139,180,183-189
/proc/21/stat : 21 (BNetToPrime_lin) R 17 17 0 0 -1 4194304 19889 0 3 0 15861 4 0 0 20 0 1 0 522973541 20152320 4310 67087892480 4194304 4299828 140720638268640 0 0 0 0 0 0 0 0 0 17 24 0 0 0 0 0 6397400 6398600 6565888 140720638274171 140720638274284 140720638274284 140720638275485 0
/proc/21/statm: 4920 4310 850 26 0 3481 0
Current children cumulated CPU time: 159.47 s
Current children cumulated vsize: 240520 KiB
Current children cumulated memory: 88096 KiB

[startup+222.3 s]
/proc/loadavg: 132.38 134.30 134.11 130/3268 21
/proc/meminfo: memFree=492875952/527542248 swapFree=31513340/33554428
[pid=17] ppid=13 vsize=220840 memory=70856 CPUtime=0.82 cores=22-27,68,71-77,134-139,180,183-189
/proc/17/stat : 17 (python3) S 13 17 0 0 -1 4194304 13225 0 297 0 71 11 0 0 20 0 1 0 522973266 226140160 17714 67087892480 94029866852352 94029870123053 140725321602880 0 0 0 0 16781312 2 1 0 0 17 71 0 0 158 0 0 94029872486416 94029872770456 94029878124544 140725321607937 140725321608007 140725321608007 140725321609191 0
/proc/17/statm: 55210 17714 5210 799 0 21917 0
[pid=21] ppid=17 vsize=19680 memory=17240 CPUtime=218.36 cores=22-27,68,71-77,134-139,180,183-189
/proc/21/stat : 21 (BNetToPrime_lin) R 17 17 0 0 -1 4194304 19889 0 3 0 21832 4 0 0 20 0 1 0 522973541 20152320 4310 67087892480 4194304 4299828 140720638268640 0 0 0 0 0 0 0 0 0 17 24 0 0 0 0 0 6397400 6398600 6565888 140720638274171 140720638274284 140720638274284 140720638275485 0
/proc/21/statm: 4920 4310 850 26 0 3481 0
Current children cumulated CPU time: 219.18 s
Current children cumulated vsize: 240520 KiB
Current children cumulated memory: 88096 KiB

[startup+282.3 s]
/proc/loadavg: 131.35 133.55 133.85 138/3265 21
/proc/meminfo: memFree=494157348/527542248 swapFree=31513340/33554428
[pid=17] ppid=13 vsize=220840 memory=70856 CPUtime=0.82 cores=22-27,68,71-77,134-139,180,183-189
/proc/17/stat : 17 (python3) S 13 17 0 0 -1 4194304 13225 0 297 0 71 11 0 0 20 0 1 0 522973266 226140160 17714 67087892480 94029866852352 94029870123053 140725321602880 0 0 0 0 16781312 2 1 0 0 17 71 0 0 158 0 0 94029872486416 94029872770456 94029878124544 140725321607937 140725321608007 140725321608007 140725321609191 0
/proc/17/statm: 55210 17714 5210 799 0 21917 0
[pid=21] ppid=17 vsize=19680 memory=17240 CPUtime=278.02 cores=22-27,68,71-77,134-139,180,183-189
/proc/21/stat : 21 (BNetToPrime_lin) R 17 17 0 0 -1 4194304 19892 0 3 0 27798 4 0 0 20 0 1 0 522973541 20152320 4310 67087892480 4194304 4299828 140720638268640 0 0 0 0 0 0 0 0 0 17 24 0 0 0 0 0 6397400 6398600 6565888 140720638274171 140720638274284 140720638274284 140720638275485 0
/proc/21/statm: 4920 4310 850 26 0 3481 0
Current children cumulated CPU time: 278.84 s
Current children cumulated vsize: 240520 KiB
Current children cumulated memory: 88096 KiB

[startup+342.3 s]
/proc/loadavg: 133.20 133.73 133.90 129/3264 21
/proc/meminfo: memFree=493645472/527542248 swapFree=31513340/33554428
[pid=17] ppid=13 vsize=220840 memory=70856 CPUtime=0.82 cores=22-27,68,71-77,134-139,180,183-189
/proc/17/stat : 17 (python3) S 13 17 0 0 -1 4194304 13225 0 297 0 71 11 0 0 20 0 1 0 522973266 226140160 17714 67087892480 94029866852352 94029870123053 140725321602880 0 0 0 0 16781312 2 1 0 0 17 71 0 0 158 0 0 94029872486416 94029872770456 94029878124544 140725321607937 140725321608007 140725321608007 140725321609191 0
/proc/17/statm: 55210 17714 5210 799 0 21917 0
[pid=21] ppid=17 vsize=19680 memory=17240 CPUtime=337.6 cores=22-27,68,71-77,134-139,180,183-189
/proc/21/stat : 21 (BNetToPrime_lin) R 17 17 0 0 -1 4194304 19896 0 3 0 33756 4 0 0 20 0 1 0 522973541 20152320 4310 67087892480 4194304 4299828 140720638268640 0 0 0 0 0 0 0 0 0 17 24 0 0 0 0 0 6397400 6398600 6565888 140720638274171 140720638274284 140720638274284 140720638275485 0
/proc/21/statm: 4920 4310 850 26 0 3481 0
Current children cumulated CPU time: 338.42 s
Current children cumulated vsize: 240520 KiB
Current children cumulated memory: 88096 KiB

[startup+402.3 s]
/proc/loadavg: 134.46 134.10 134.02 135/3259 21
/proc/meminfo: memFree=494342136/527542248 swapFree=31513340/33554428
[pid=17] ppid=13 vsize=220840 memory=70856 CPUtime=0.82 cores=22-27,68,71-77,134-139,180,183-189
/proc/17/stat : 17 (python3) S 13 17 0 0 -1 4194304 13225 0 297 0 71 11 0 0 20 0 1 0 522973266 226140160 17714 67087892480 94029866852352 94029870123053 140725321602880 0 0 0 0 16781312 2 1 0 0 17 71 0 0 158 0 0 94029872486416 94029872770456 94029878124544 140725321607937 140725321608007 140725321608007 140725321609191 0
/proc/17/statm: 55210 17714 5210 799 0 21917 0
[pid=21] ppid=17 vsize=19680 memory=17240 CPUtime=397.19 cores=22-27,68,71-77,134-139,180,183-189
/proc/21/stat : 21 (BNetToPrime_lin) R 17 17 0 0 -1 4194304 19897 0 3 0 39715 4 0 0 20 0 1 0 522973541 20152320 4310 67087892480 4194304 4299828 140720638268640 0 0 0 0 0 0 0 0 0 17 136 0 0 0 0 0 6397400 6398600 6565888 140720638274171 140720638274284 140720638274284 140720638275485 0
/proc/21/statm: 4920 4310 850 26 0 3481 0
Current children cumulated CPU time: 398.01 s
Current children cumulated vsize: 240520 KiB
Current children cumulated memory: 88096 KiB

[startup+462.3 s]
/proc/loadavg: 133.28 134.03 134.02 138/3264 21
/proc/meminfo: memFree=493155200/527542248 swapFree=31513340/33554428
[pid=17] ppid=13 vsize=220840 memory=70856 CPUtime=0.82 cores=22-27,68,71-77,134-139,180,183-189
/proc/17/stat : 17 (python3) S 13 17 0 0 -1 4194304 13225 0 297 0 71 11 0 0 20 0 1 0 522973266 226140160 17714 67087892480 94029866852352 94029870123053 140725321602880 0 0 0 0 16781312 2 1 0 0 17 71 0 0 158 0 0 94029872486416 94029872770456 94029878124544 140725321607937 140725321608007 140725321608007 140725321609191 0
/proc/17/statm: 55210 17714 5210 799 0 21917 0
[pid=21] ppid=17 vsize=19812 memory=17240 CPUtime=456.87 cores=22-27,68,71-77,134-139,180,183-189
/proc/21/stat : 21 (BNetToPrime_lin) R 17 17 0 0 -1 4194304 19908 0 3 0 45683 4 0 0 20 0 1 0 522973541 20287488 4310 67087892480 4194304 4299828 140720638268640 0 0 0 0 0 0 0 0 0 17 24 0 0 0 0 0 6397400 6398600 6565888 140720638274171 140720638274284 140720638274284 140720638275485 0
/proc/21/statm: 4953 4310 850 26 0 3514 0
Current children cumulated CPU time: 457.69 s
Current children cumulated vsize: 240652 KiB
Current children cumulated memory: 88096 KiB

[startup+522.3 s]
/proc/loadavg: 133.05 133.82 133.95 129/3265 21
/proc/meminfo: memFree=494058528/527542248 swapFree=31513340/33554428
[pid=17] ppid=13 vsize=220840 memory=70856 CPUtime=0.82 cores=22-27,68,71-77,134-139,180,183-189
/proc/17/stat : 17 (python3) S 13 17 0 0 -1 4194304 13225 0 297 0 71 11 0 0 20 0 1 0 522973266 226140160 17714 67087892480 94029866852352 94029870123053 140725321602880 0 0 0 0 16781312 2 1 0 0 17 71 0 0 158 0 0 94029872486416 94029872770456 94029878124544 140725321607937 140725321608007 140725321608007 140725321609191 0
/proc/17/statm: 55210 17714 5210 799 0 21917 0
[pid=21] ppid=17 vsize=19812 memory=17240 CPUtime=516.55 cores=22-27,68,71-77,134-139,180,183-189
/proc/21/stat : 21 (BNetToPrime_lin) R 17 17 0 0 -1 4194304 19912 0 3 0 51651 4 0 0 20 0 1 0 522973541 20287488 4310 67087892480 4194304 4299828 140720638268640 0 0 0 0 0 0 0 0 0 17 27 0 0 0 0 0 6397400 6398600 6565888 140720638274171 140720638274284 140720638274284 140720638275485 0
/proc/21/statm: 4953 4310 850 26 0 3514 0
Current children cumulated CPU time: 517.37 s
Current children cumulated vsize: 240652 KiB
Current children cumulated memory: 88096 KiB

[startup+582.3 s]
/proc/loadavg: 131.55 133.23 133.73 130/3263 21
/proc/meminfo: memFree=493461936/527542248 swapFree=31513340/33554428
[pid=17] ppid=13 vsize=220840 memory=70856 CPUtime=0.82 cores=22-27,68,71-77,134-139,180,183-189
/proc/17/stat : 17 (python3) S 13 17 0 0 -1 4194304 13225 0 297 0 71 11 0 0 20 0 1 0 522973266 226140160 17714 67087892480 94029866852352 94029870123053 140725321602880 0 0 0 0 16781312 2 1 0 0 17 71 0 0 158 0 0 94029872486416 94029872770456 94029878124544 140725321607937 140725321608007 140725321608007 140725321609191 0
/proc/17/statm: 55210 17714 5210 799 0 21917 0
[pid=21] ppid=17 vsize=19812 memory=17240 CPUtime=576.25 cores=22-27,68,71-77,134-139,180,183-189
/proc/21/stat : 21 (BNetToPrime_lin) R 17 17 0 0 -1 4194304 19921 0 3 0 57621 4 0 0 20 0 1 0 522973541 20287488 4310 67087892480 4194304 4299828 140720638268640 0 0 0 0 0 0 0 0 0 17 24 0 0 0 0 0 6397400 6398600 6565888 140720638274171 140720638274284 140720638274284 140720638275485 0
/proc/21/statm: 4953 4310 850 26 0 3514 0
Current children cumulated CPU time: 577.07 s
Current children cumulated vsize: 240652 KiB
Current children cumulated memory: 88096 KiB

[startup+642.3 s]
/proc/loadavg: 133.49 133.30 133.71 137/3263 21
/proc/meminfo: memFree=493482976/527542248 swapFree=31513340/33554428
[pid=17] ppid=13 vsize=220840 memory=70856 CPUtime=0.82 cores=22-27,68,71-77,134-139,180,183-189
/proc/17/stat : 17 (python3) S 13 17 0 0 -1 4194304 13225 0 297 0 71 11 0 0 20 0 1 0 522973266 226140160 17714 67087892480 94029866852352 94029870123053 140725321602880 0 0 0 0 16781312 2 1 0 0 17 71 0 0 158 0 0 94029872486416 94029872770456 94029878124544 140725321607937 140725321608007 140725321608007 140725321609191 0
/proc/17/statm: 55210 17714 5210 799 0 21917 0
[pid=21] ppid=17 vsize=19812 memory=17240 CPUtime=635.95 cores=22-27,68,71-77,134-139,180,183-189
/proc/21/stat : 21 (BNetToPrime_lin) R 17 17 0 0 -1 4194304 19927 0 3 0 63591 4 0 0 20 0 1 0 522973541 20287488 4310 67087892480 4194304 4299828 140720638268640 0 0 0 0 0 0 0 0 0 17 24 0 0 0 0 0 6397400 6398600 6565888 140720638274171 140720638274284 140720638274284 140720638275485 0
/proc/21/statm: 4953 4310 850 26 0 3514 0
Current children cumulated CPU time: 636.77 s
Current children cumulated vsize: 240652 KiB
Current children cumulated memory: 88096 KiB

[startup+702.3 s]
/proc/loadavg: 135.36 133.80 133.85 135/3262 21
/proc/meminfo: memFree=494236988/527542248 swapFree=31513340/33554428
[pid=17] ppid=13 vsize=220840 memory=70856 CPUtime=0.82 cores=22-27,68,71-77,134-139,180,183-189
/proc/17/stat : 17 (python3) S 13 17 0 0 -1 4194304 13225 0 297 0 71 11 0 0 20 0 1 0 522973266 226140160 17714 67087892480 94029866852352 94029870123053 140725321602880 0 0 0 0 16781312 2 1 0 0 17 71 0 0 158 0 0 94029872486416 94029872770456 94029878124544 140725321607937 140725321608007 140725321608007 140725321609191 0
/proc/17/statm: 55210 17714 5210 799 0 21917 0
[pid=21] ppid=17 vsize=19812 memory=17240 CPUtime=695.64 cores=22-27,68,71-77,134-139,180,183-189
/proc/21/stat : 21 (BNetToPrime_lin) R 17 17 0 0 -1 4194304 19931 0 3 0 69560 4 0 0 20 0 1 0 522973541 20287488 4310 67087892480 4194304 4299828 140720638268640 0 0 0 0 0 0 0 0 0 17 24 0 0 0 0 0 6397400 6398600 6565888 140720638274171 140720638274284 140720638274284 140720638275485 0
/proc/21/statm: 4953 4310 850 26 0 3514 0
Current children cumulated CPU time: 696.46 s
Current children cumulated vsize: 240652 KiB
Current children cumulated memory: 88096 KiB

[startup+762.3 s]
/proc/loadavg: 135.63 134.00 133.91 135/3289 21
/proc/meminfo: memFree=493063360/527542248 swapFree=31513340/33554428
[pid=17] ppid=13 vsize=220840 memory=70856 CPUtime=0.82 cores=22-27,68,71-77,134-139,180,183-189
/proc/17/stat : 17 (python3) S 13 17 0 0 -1 4194304 13225 0 297 0 71 11 0 0 20 0 1 0 522973266 226140160 17714 67087892480 94029866852352 94029870123053 140725321602880 0 0 0 0 16781312 2 1 0 0 17 71 0 0 158 0 0 94029872486416 94029872770456 94029878124544 140725321607937 140725321608007 140725321608007 140725321609191 0
/proc/17/statm: 55210 17714 5210 799 0 21917 0
[pid=21] ppid=17 vsize=19812 memory=17240 CPUtime=755.31 cores=22-27,68,71-77,134-139,180,183-189
/proc/21/stat : 21 (BNetToPrime_lin) R 17 17 0 0 -1 4194304 19933 0 3 0 75527 4 0 0 20 0 1 0 522973541 20287488 4310 67087892480 4194304 4299828 140720638268640 0 0 0 0 0 0 0 0 0 17 24 0 0 0 0 0 6397400 6398600 6565888 140720638274171 140720638274284 140720638274284 140720638275485 0
/proc/21/statm: 4953 4310 850 26 0 3514 0
Current children cumulated CPU time: 756.13 s
Current children cumulated vsize: 240652 KiB
Current children cumulated memory: 88096 KiB

[startup+822.3 s]
/proc/loadavg: 141.86 135.82 134.53 137/3283 21
/proc/meminfo: memFree=501709136/527542248 swapFree=31513340/33554428
[pid=17] ppid=13 vsize=220840 memory=70856 CPUtime=0.82 cores=22-27,68,71-77,134-139,180,183-189
/proc/17/stat : 17 (python3) S 13 17 0 0 -1 4194304 13225 0 297 0 71 11 0 0 20 0 1 0 522973266 226140160 17714 67087892480 94029866852352 94029870123053 140725321602880 0 0 0 0 16781312 2 1 0 0 17 71 0 0 158 0 0 94029872486416 94029872770456 94029878124544 140725321607937 140725321608007 140725321608007 140725321609191 0
/proc/17/statm: 55210 17714 5210 799 0 21917 0
[pid=21] ppid=17 vsize=19944 memory=17240 CPUtime=814.98 cores=22-27,68,71-77,134-139,180,183-189
/proc/21/stat : 21 (BNetToPrime_lin) R 17 17 0 0 -1 4194304 19951 0 3 0 81494 4 0 0 20 0 1 0 522973541 20422656 4310 67087892480 4194304 4299828 140720638268640 0 0 0 0 0 0 0 0 0 17 24 0 0 0 0 0 6397400 6398600 6565888 140720638274171 140720638274284 140720638274284 140720638275485 0
/proc/21/statm: 4986 4310 850 26 0 3547 0
Current children cumulated CPU time: 815.8 s
Current children cumulated vsize: 240784 KiB
Current children cumulated memory: 88096 KiB

[startup+882.3 s]
/proc/loadavg: 136.31 135.62 134.56 129/3290 21
/proc/meminfo: memFree=497037740/527542248 swapFree=31513340/33554428
[pid=17] ppid=13 vsize=220840 memory=70856 CPUtime=0.82 cores=22-27,68,71-77,134-139,180,183-189
/proc/17/stat : 17 (python3) S 13 17 0 0 -1 4194304 13225 0 297 0 71 11 0 0 20 0 1 0 522973266 226140160 17714 67087892480 94029866852352 94029870123053 140725321602880 0 0 0 0 16781312 2 1 0 0 17 71 0 0 158 0 0 94029872486416 94029872770456 94029878124544 140725321607937 140725321608007 140725321608007 140725321609191 0
/proc/17/statm: 55210 17714 5210 799 0 21917 0
[pid=21] ppid=17 vsize=19944 memory=17240 CPUtime=874.68 cores=22-27,68,71-77,134-139,180,183-189
/proc/21/stat : 21 (BNetToPrime_lin) R 17 17 0 0 -1 4194304 19951 0 3 0 87464 4 0 0 20 0 1 0 522973541 20422656 4310 67087892480 4194304 4299828 140720638268640 0 0 0 0 0 0 0 0 0 17 136 0 0 0 0 0 6397400 6398600 6565888 140720638274171 140720638274284 140720638274284 140720638275485 0
/proc/21/statm: 4986 4310 850 26 0 3547 0
Current children cumulated CPU time: 875.5 s
Current children cumulated vsize: 240784 KiB
Current children cumulated memory: 88096 KiB

[startup+942.3 s]
/proc/loadavg: 131.67 134.54 134.26 143/3284 21
/proc/meminfo: memFree=496612148/527542248 swapFree=31513340/33554428
[pid=17] ppid=13 vsize=220840 memory=70856 CPUtime=0.82 cores=22-27,68,71-77,134-139,180,183-189
/proc/17/stat : 17 (python3) S 13 17 0 0 -1 4194304 13225 0 297 0 71 11 0 0 20 0 1 0 522973266 226140160 17714 67087892480 94029866852352 94029870123053 140725321602880 0 0 0 0 16781312 2 1 0 0 17 71 0 0 158 0 0 94029872486416 94029872770456 94029878124544 140725321607937 140725321608007 140725321608007 140725321609191 0
/proc/17/statm: 55210 17714 5210 799 0 21917 0
[pid=21] ppid=17 vsize=19944 memory=17496 CPUtime=934.41 cores=22-27,68,71-77,134-139,180,183-189
/proc/21/stat : 21 (BNetToPrime_lin) R 17 17 0 0 -1 4194304 19953 0 3 0 93437 4 0 0 20 0 1 0 522973541 20422656 4374 67087892480 4194304 4299828 140720638268640 0 0 0 0 0 0 0 0 0 17 136 0 0 0 0 0 6397400 6398600 6565888 140720638274171 140720638274284 140720638274284 140720638275485 0
/proc/21/statm: 4986 4374 850 26 0 3547 0
Current children cumulated CPU time: 935.23 s
Current children cumulated vsize: 240784 KiB
Current children cumulated memory: 88352 KiB

[startup+1002.3 s]
/proc/loadavg: 137.29 135.51 134.61 133/3277 21
/proc/meminfo: memFree=499859768/527542248 swapFree=31513340/33554428
[pid=17] ppid=13 vsize=220840 memory=70856 CPUtime=0.82 cores=22-27,68,71-77,134-139,180,183-189
/proc/17/stat : 17 (python3) S 13 17 0 0 -1 4194304 13225 0 297 0 71 11 0 0 20 0 1 0 522973266 226140160 17714 67087892480 94029866852352 94029870123053 140725321602880 0 0 0 0 16781312 2 1 0 0 17 71 0 0 158 0 0 94029872486416 94029872770456 94029878124544 140725321607937 140725321608007 140725321608007 140725321609191 0
/proc/17/statm: 55210 17714 5210 799 0 21917 0
[pid=21] ppid=17 vsize=19944 memory=17496 CPUtime=994.07 cores=22-27,68,71-77,134-139,180,183-189
/proc/21/stat : 21 (BNetToPrime_lin) R 17 17 0 0 -1 4194304 19960 0 3 0 99402 5 0 0 20 0 1 0 522973541 20422656 4374 67087892480 4194304 4299828 140720638268640 0 0 0 0 0 0 0 0 0 17 24 0 0 0 0 0 6397400 6398600 6565888 140720638274171 140720638274284 140720638274284 140720638275485 0
/proc/21/statm: 4986 4374 850 26 0 3547 0
Current children cumulated CPU time: 994.89 s
Current children cumulated vsize: 240784 KiB
Current children cumulated memory: 88352 KiB

[startup+1062.3 s]
/proc/loadavg: 138.03 136.21 134.92 131/3274 21
/proc/meminfo: memFree=499709712/527542248 swapFree=31513340/33554428
[pid=17] ppid=13 vsize=220840 memory=70856 CPUtime=0.82 cores=22-27,68,71-77,134-139,180,183-189
/proc/17/stat : 17 (python3) S 13 17 0 0 -1 4194304 13225 0 297 0 71 11 0 0 20 0 1 0 522973266 226140160 17714 67087892480 94029866852352 94029870123053 140725321602880 0 0 0 0 16781312 2 1 0 0 17 71 0 0 158 0 0 94029872486416 94029872770456 94029878124544 140725321607937 140725321608007 140725321608007 140725321609191 0
/proc/17/statm: 55210 17714 5210 799 0 21917 0
[pid=21] ppid=17 vsize=20080 memory=17496 CPUtime=1053.72 cores=22-27,68,71-77,134-139,180,183-189
/proc/21/stat : 21 (BNetToPrime_lin) R 17 17 0 0 -1 4194304 19992 0 3 0 105367 5 0 0 20 0 1 0 522973541 20561920 4374 67087892480 4194304 4299828 140720638268640 0 0 0 0 0 0 0 0 0 17 24 0 0 0 0 0 6397400 6398600 6565888 140720638274171 140720638274284 140720638274284 140720638275485 0
/proc/21/statm: 5020 4374 850 26 0 3581 0
Current children cumulated CPU time: 1054.54 s
Current children cumulated vsize: 240920 KiB
Current children cumulated memory: 88352 KiB

[startup+1122.3 s]
/proc/loadavg: 133.52 135.31 134.69 130/3264 21
/proc/meminfo: memFree=499400400/527542248 swapFree=31513340/33554428
[pid=17] ppid=13 vsize=220840 memory=70856 CPUtime=0.82 cores=22-27,68,71-77,134-139,180,183-189
/proc/17/stat : 17 (python3) S 13 17 0 0 -1 4194304 13225 0 297 0 71 11 0 0 20 0 1 0 522973266 226140160 17714 67087892480 94029866852352 94029870123053 140725321602880 0 0 0 0 16781312 2 1 0 0 17 71 0 0 158 0 0 94029872486416 94029872770456 94029878124544 140725321607937 140725321608007 140725321608007 140725321609191 0
/proc/17/statm: 55210 17714 5210 799 0 21917 0
[pid=21] ppid=17 vsize=20080 memory=17496 CPUtime=1113.44 cores=22-27,68,71-77,134-139,180,183-189
/proc/21/stat : 21 (BNetToPrime_lin) R 17 17 0 0 -1 4194304 19993 0 3 0 111339 5 0 0 20 0 1 0 522973541 20561920 4374 67087892480 4194304 4299828 140720638268640 0 0 0 0 0 0 0 0 0 17 24 0 0 0 0 0 6397400 6398600 6565888 140720638274171 140720638274284 140720638274284 140720638275485 0
/proc/21/statm: 5020 4374 850 26 0 3581 0
Current children cumulated CPU time: 1114.26 s
Current children cumulated vsize: 240920 KiB
Current children cumulated memory: 88352 KiB

[startup+1182.3 s]
/proc/loadavg: 131.02 134.21 134.35 137/3262 21
/proc/meminfo: memFree=500989268/527542248 swapFree=31513340/33554428
[pid=17] ppid=13 vsize=220840 memory=70856 CPUtime=0.82 cores=22-27,68,71-77,134-139,180,183-189
/proc/17/stat : 17 (python3) S 13 17 0 0 -1 4194304 13225 0 297 0 71 11 0 0 20 0 1 0 522973266 226140160 17714 67087892480 94029866852352 94029870123053 140725321602880 0 0 0 0 16781312 2 1 0 0 17 71 0 0 158 0 0 94029872486416 94029872770456 94029878124544 140725321607937 140725321608007 140725321608007 140725321609191 0
/proc/17/statm: 55210 17714 5210 799 0 21917 0
[pid=21] ppid=17 vsize=20080 memory=17496 CPUtime=1173.16 cores=22-27,68,71-77,134-139,180,183-189
/proc/21/stat : 21 (BNetToPrime_lin) R 17 17 0 0 -1 4194304 19993 0 3 0 117311 5 0 0 20 0 1 0 522973541 20561920 4374 67087892480 4194304 4299828 140720638268640 0 0 0 0 0 0 0 0 0 17 27 0 0 0 0 0 6397400 6398600 6565888 140720638274171 140720638274284 140720638274284 140720638275485 0
/proc/21/statm: 5020 4374 850 26 0 3581 0
Current children cumulated CPU time: 1173.98 s
Current children cumulated vsize: 240920 KiB
Current children cumulated memory: 88352 KiB

[startup+1242.3 s]
/proc/loadavg: 136.32 135.21 134.69 139/3258 21
/proc/meminfo: memFree=501643684/527542248 swapFree=31513340/33554428
[pid=17] ppid=13 vsize=220840 memory=70856 CPUtime=0.82 cores=22-27,68,71-77,134-139,180,183-189
/proc/17/stat : 17 (python3) S 13 17 0 0 -1 4194304 13225 0 297 0 71 11 0 0 20 0 1 0 522973266 226140160 17714 67087892480 94029866852352 94029870123053 140725321602880 0 0 0 0 16781312 2 1 0 0 17 71 0 0 158 0 0 94029872486416 94029872770456 94029878124544 140725321607937 140725321608007 140725321608007 140725321609191 0
/proc/17/statm: 55210 17714 5210 799 0 21917 0
[pid=21] ppid=17 vsize=20080 memory=17496 CPUtime=1232.8 cores=22-27,68,71-77,134-139,180,183-189
/proc/21/stat : 21 (BNetToPrime_lin) R 17 17 0 0 -1 4194304 19994 0 3 0 123275 5 0 0 20 0 1 0 522973541 20561920 4374 67087892480 4194304 4299828 140720638268640 0 0 0 0 0 0 0 0 0 17 26 0 0 0 0 0 6397400 6398600 6565888 140720638274171 140720638274284 140720638274284 140720638275485 0
/proc/21/statm: 5020 4374 850 26 0 3581 0
Current children cumulated CPU time: 1233.62 s
Current children cumulated vsize: 240920 KiB
Current children cumulated memory: 88352 KiB

[startup+1302.3 s]
/proc/loadavg: 134.05 134.81 134.58 129/3261 21
/proc/meminfo: memFree=500375768/527542248 swapFree=31513340/33554428
[pid=17] ppid=13 vsize=220840 memory=70856 CPUtime=0.82 cores=22-27,68,71-77,134-139,180,183-189
/proc/17/stat : 17 (python3) S 13 17 0 0 -1 4194304 13225 0 297 0 71 11 0 0 20 0 1 0 522973266 226140160 17714 67087892480 94029866852352 94029870123053 140725321602880 0 0 0 0 16781312 2 1 0 0 17 71 0 0 158 0 0 94029872486416 94029872770456 94029878124544 140725321607937 140725321608007 140725321608007 140725321609191 0
/proc/17/statm: 55210 17714 5210 799 0 21917 0
[pid=21] ppid=17 vsize=20080 memory=17496 CPUtime=1292.48 cores=22-27,68,71-77,134-139,180,183-189
/proc/21/stat : 21 (BNetToPrime_lin) R 17 17 0 0 -1 4194304 19996 0 3 0 129243 5 0 0 20 0 1 0 522973541 20561920 4374 67087892480 4194304 4299828 140720638268640 0 0 0 0 0 0 0 0 0 17 25 0 0 0 0 0 6397400 6398600 6565888 140720638274171 140720638274284 140720638274284 140720638275485 0
/proc/21/statm: 5020 4374 850 26 0 3581 0
Current children cumulated CPU time: 1293.3 s
Current children cumulated vsize: 240920 KiB
Current children cumulated memory: 88352 KiB

[startup+1362.3 s]
/proc/loadavg: 139.69 135.94 134.96 159/3287 21
/proc/meminfo: memFree=500700844/527542248 swapFree=31513340/33554428
[pid=17] ppid=13 vsize=220840 memory=70856 CPUtime=0.82 cores=22-27,68,71-77,134-139,180,183-189
/proc/17/stat : 17 (python3) S 13 17 0 0 -1 4194304 13225 0 297 0 71 11 0 0 20 0 1 0 522973266 226140160 17714 67087892480 94029866852352 94029870123053 140725321602880 0 0 0 0 16781312 2 1 0 0 17 71 0 0 158 0 0 94029872486416 94029872770456 94029878124544 140725321607937 140725321608007 140725321608007 140725321609191 0
/proc/17/statm: 55210 17714 5210 799 0 21917 0
[pid=21] ppid=17 vsize=20080 memory=17496 CPUtime=1352.19 cores=22-27,68,71-77,134-139,180,183-189
/proc/21/stat : 21 (BNetToPrime_lin) R 17 17 0 0 -1 4194304 20000 0 3 0 135214 5 0 0 20 0 1 0 522973541 20561920 4374 67087892480 4194304 4299828 140720638268640 0 0 0 0 0 0 0 0 0 17 137 0 0 0 0 0 6397400 6398600 6565888 140720638274171 140720638274284 140720638274284 140720638275485 0
/proc/21/statm: 5020 4374 850 26 0 3581 0
Current children cumulated CPU time: 1353.01 s
Current children cumulated vsize: 240920 KiB
Current children cumulated memory: 88352 KiB

[startup+1422.3 s]
/proc/loadavg: 135.26 135.46 134.87 143/3269 21
/proc/meminfo: memFree=502123104/527542248 swapFree=31513340/33554428
[pid=17] ppid=13 vsize=220840 memory=70856 CPUtime=0.82 cores=22-27,68,71-77,134-139,180,183-189
/proc/17/stat : 17 (python3) S 13 17 0 0 -1 4194304 13225 0 297 0 71 11 0 0 20 0 1 0 522973266 226140160 17714 67087892480 94029866852352 94029870123053 140725321602880 0 0 0 0 16781312 2 1 0 0 17 71 0 0 158 0 0 94029872486416 94029872770456 94029878124544 140725321607937 140725321608007 140725321608007 140725321609191 0
/proc/17/statm: 55210 17714 5210 799 0 21917 0
[pid=21] ppid=17 vsize=20080 memory=17696 CPUtime=1411.84 cores=22-27,68,71-77,134-139,180,183-189
/proc/21/stat : 21 (BNetToPrime_lin) R 17 17 0 0 -1 4194304 23426 0 3 0 141179 5 0 0 20 0 1 0 522973541 20561920 4424 67087892480 4194304 4299828 140720638268640 0 0 0 0 0 0 0 0 0 17 68 0 0 0 0 0 6397400 6398600 6565888 140720638274171 140720638274284 140720638274284 140720638275485 0
/proc/21/statm: 5020 4424 850 26 0 3581 0
Current children cumulated CPU time: 1412.66 s
Current children cumulated vsize: 240920 KiB
Current children cumulated memory: 88552 KiB

[startup+1482.3 s]
/proc/loadavg: 133.44 135.04 134.77 129/3268 21
/proc/meminfo: memFree=500938828/527542248 swapFree=31513340/33554428
[pid=17] ppid=13 vsize=220840 memory=70856 CPUtime=0.82 cores=22-27,68,71-77,134-139,180,183-189
/proc/17/stat : 17 (python3) S 13 17 0 0 -1 4194304 13225 0 297 0 71 11 0 0 20 0 1 0 522973266 226140160 17714 67087892480 94029866852352 94029870123053 140725321602880 0 0 0 0 16781312 2 1 0 0 17 71 0 0 158 0 0 94029872486416 94029872770456 94029878124544 140725321607937 140725321608007 140725321608007 140725321609191 0
/proc/17/statm: 55210 17714 5210 799 0 21917 0
[pid=21] ppid=17 vsize=20212 memory=17704 CPUtime=1471.51 cores=22-27,68,71-77,134-139,180,183-189
/proc/21/stat : 21 (BNetToPrime_lin) R 17 17 0 0 -1 4194304 33712 0 3 0 147144 7 0 0 20 0 1 0 522973541 20697088 4426 67087892480 4194304 4299828 140720638268640 0 0 0 0 0 0 0 0 0 17 22 0 0 0 0 0 6397400 6398600 6565888 140720638274171 140720638274284 140720638274284 140720638275485 0
/proc/21/statm: 5053 4426 850 26 0 3614 0
Current children cumulated CPU time: 1472.33 s
Current children cumulated vsize: 241052 KiB
Current children cumulated memory: 88560 KiB

[startup+1542.3 s]
/proc/loadavg: 131.09 134.04 134.44 128/3246 21
/proc/meminfo: memFree=502345044/527542248 swapFree=31513340/33554428
[pid=17] ppid=13 vsize=220840 memory=70856 CPUtime=0.82 cores=22-27,68,71-77,134-139,180,183-189
/proc/17/stat : 17 (python3) S 13 17 0 0 -1 4194304 13225 0 297 0 71 11 0 0 20 0 1 0 522973266 226140160 17714 67087892480 94029866852352 94029870123053 140725321602880 0 0 0 0 16781312 2 1 0 0 17 71 0 0 158 0 0 94029872486416 94029872770456 94029878124544 140725321607937 140725321608007 140725321608007 140725321609191 0
/proc/17/statm: 55210 17714 5210 799 0 21917 0
[pid=21] ppid=17 vsize=20212 memory=17704 CPUtime=1531.22 cores=22-27,68,71-77,134-139,180,183-189
/proc/21/stat : 21 (BNetToPrime_lin) R 17 17 0 0 -1 4194304 33718 0 3 0 153115 7 0 0 20 0 1 0 522973541 20697088 4426 67087892480 4194304 4299828 140720638268640 0 0 0 0 0 0 0 0 0 17 22 0 0 0 0 0 6397400 6398600 6565888 140720638274171 140720638274284 140720638274284 140720638275485 0
/proc/21/statm: 5053 4426 850 26 0 3614 0
Current children cumulated CPU time: 1532.04 s
Current children cumulated vsize: 241052 KiB
Current children cumulated memory: 88560 KiB

[startup+1602.3 s]
/proc/loadavg: 134.77 134.47 134.56 135/3260 21
/proc/meminfo: memFree=501572828/527542248 swapFree=31513340/33554428
[pid=17] ppid=13 vsize=220840 memory=70856 CPUtime=0.82 cores=22-27,68,71-77,134-139,180,183-189
/proc/17/stat : 17 (python3) S 13 17 0 0 -1 4194304 13225 0 297 0 71 11 0 0 20 0 1 0 522973266 226140160 17714 67087892480 94029866852352 94029870123053 140725321602880 0 0 0 0 16781312 2 1 0 0 17 71 0 0 158 0 0 94029872486416 94029872770456 94029878124544 140725321607937 140725321608007 140725321608007 140725321609191 0
/proc/17/statm: 55210 17714 5210 799 0 21917 0
[pid=21] ppid=17 vsize=20212 memory=17704 CPUtime=1590.89 cores=22-27,68,71-77,134-139,180,183-189
/proc/21/stat : 21 (BNetToPrime_lin) R 17 17 0 0 -1 4194304 33728 0 3 0 159082 7 0 0 20 0 1 0 522973541 20697088 4426 67087892480 4194304 4299828 140720638268640 0 0 0 0 0 0 0 0 0 17 22 0 0 0 0 0 6397400 6398600 6565888 140720638274171 140720638274284 140720638274284 140720638275485 0
/proc/21/statm: 5053 4426 850 26 0 3614 0
Current children cumulated CPU time: 1591.71 s
Current children cumulated vsize: 241052 KiB
Current children cumulated memory: 88560 KiB

[startup+1662.3 s]
/proc/loadavg: 133.77 134.34 134.51 128/3246 21
/proc/meminfo: memFree=501569712/527542248 swapFree=31513340/33554428
[pid=17] ppid=13 vsize=220840 memory=70856 CPUtime=0.82 cores=22-27,68,71-77,134-139,180,183-189
/proc/17/stat : 17 (python3) S 13 17 0 0 -1 4194304 13225 0 297 0 71 11 0 0 20 0 1 0 522973266 226140160 17714 67087892480 94029866852352 94029870123053 140725321602880 0 0 0 0 16781312 2 1 0 0 17 71 0 0 158 0 0 94029872486416 94029872770456 94029878124544 140725321607937 140725321608007 140725321608007 140725321609191 0
/proc/17/statm: 55210 17714 5210 799 0 21917 0
[pid=21] ppid=17 vsize=20344 memory=17824 CPUtime=1650.54 cores=22-27,68,71-77,134-139,180,183-189
/proc/21/stat : 21 (BNetToPrime_lin) R 17 17 0 0 -1 4194304 33754 0 3 0 165047 7 0 0 20 0 1 0 522973541 20832256 4456 67087892480 4194304 4299828 140720638268640 0 0 0 0 0 0 0 0 0 17 22 0 0 0 0 0 6397400 6398600 6565888 140720638274171 140720638274284 140720638274284 140720638275485 0
/proc/21/statm: 5086 4456 850 26 0 3647 0
Current children cumulated CPU time: 1651.36 s
Current children cumulated vsize: 241184 KiB
Current children cumulated memory: 88680 KiB

[startup+1722.3 s]
/proc/loadavg: 134.35 134.28 134.47 131/3265 21
/proc/meminfo: memFree=502069404/527542248 swapFree=31513340/33554428
[pid=17] ppid=13 vsize=220840 memory=70856 CPUtime=0.82 cores=22-27,68,71-77,134-139,180,183-189
/proc/17/stat : 17 (python3) S 13 17 0 0 -1 4194304 13225 0 297 0 71 11 0 0 20 0 1 0 522973266 226140160 17714 67087892480 94029866852352 94029870123053 140725321602880 0 0 0 0 16781312 2 1 0 0 17 71 0 0 158 0 0 94029872486416 94029872770456 94029878124544 140725321607937 140725321608007 140725321608007 140725321609191 0
/proc/17/statm: 55210 17714 5210 799 0 21917 0
[pid=21] ppid=17 vsize=20344 memory=17856 CPUtime=1710.22 cores=22-27,68,71-77,134-139,180,183-189
/proc/21/stat : 21 (BNetToPrime_lin) R 17 17 0 0 -1 4194304 37218 0 3 0 171014 8 0 0 20 0 1 0 522973541 20832256 4464 67087892480 4194304 4299828 140720638268640 0 0 0 0 0 0 0 0 0 17 22 0 0 0 0 0 6397400 6398600 6565888 140720638274171 140720638274284 140720638274284 140720638275485 0
/proc/21/statm: 5086 4464 850 26 0 3647 0
Current children cumulated CPU time: 1711.04 s
Current children cumulated vsize: 241184 KiB
Current children cumulated memory: 88712 KiB

[startup+1782.3 s]
/proc/loadavg: 135.06 134.46 134.52 139/3266 21
/proc/meminfo: memFree=501493640/527542248 swapFree=31513340/33554428
[pid=17] ppid=13 vsize=220840 memory=70856 CPUtime=0.82 cores=22-27,68,71-77,134-139,180,183-189
/proc/17/stat : 17 (python3) S 13 17 0 0 -1 4194304 13225 0 297 0 71 11 0 0 20 0 1 0 522973266 226140160 17714 67087892480 94029866852352 94029870123053 140725321602880 0 0 0 0 16781312 2 1 0 0 17 71 0 0 158 0 0 94029872486416 94029872770456 94029878124544 140725321607937 140725321608007 140725321608007 140725321609191 0
/proc/17/statm: 55210 17714 5210 799 0 21917 0
[pid=21] ppid=17 vsize=20344 memory=17856 CPUtime=1769.87 cores=22-27,68,71-77,134-139,180,183-189
/proc/21/stat : 21 (BNetToPrime_lin) R 17 17 0 0 -1 4194304 37222 0 3 0 176979 8 0 0 20 0 1 0 522973541 20832256 4464 67087892480 4194304 4299828 140720638268640 0 0 0 0 0 0 0 0 0 17 22 0 0 0 0 0 6397400 6398600 6565888 140720638274171 140720638274284 140720638274284 140720638275485 0
/proc/21/statm: 5086 4464 850 26 0 3647 0
Current children cumulated CPU time: 1770.69 s
Current children cumulated vsize: 241184 KiB
Current children cumulated memory: 88712 KiB



Maximum wall clock time exceeded: sending SIGTERM then SIGKILL

[startup+1800 s]*
/proc/loadavg: 134.39 134.35 134.48 132/3265 21
/proc/meminfo: memFree=501342844/527542248 swapFree=31513340/33554428
[pid=17] ppid=13 vsize=220840 memory=70856 CPUtime=0.82 cores=22-27,68,71-77,134-139,180,183-189
/proc/17/stat : 17 (python3) S 13 17 0 0 -1 4194304 13225 0 297 0 71 11 0 0 20 0 1 0 522973266 226140160 17714 67087892480 94029866852352 94029870123053 140725321602880 0 0 0 0 16781312 2 1 0 0 17 71 0 0 158 0 0 94029872486416 94029872770456 94029878124544 140725321607937 140725321608007 140725321608007 140725321609191 0
/proc/17/statm: 55210 17714 5210 799 0 21917 0
[pid=21] ppid=17 vsize=20344 memory=17856 CPUtime=1787.46 cores=22-27,68,71-77,134-139,180,183-189
/proc/21/stat : 21 (BNetToPrime_lin) R 17 17 0 0 -1 4194304 37226 0 3 0 178738 8 0 0 20 0 1 0 522973541 20832256 4464 67087892480 4194304 4299828 140720638268640 0 0 0 0 0 0 0 0 0 17 22 0 0 0 0 0 6397400 6398600 6565888 140720638274171 140720638274284 140720638274284 140720638275485 0
/proc/21/statm: 5086 4464 850 26 0 3647 0
Current children cumulated CPU time: 1788.28 s
Current children cumulated vsize: 241184 KiB
Current children cumulated memory: 88712 KiB

Sending SIGTERM to process tree (bottom up)
Sleeping 2 seconds

[startup+1800.01 s]
# the end of solver process 17 was just reported to runsolver
# cumulated CPU time of all completed processes:  user=1788.1 s, system=0.197071 s

Solver just ended.
??? end of watcher thread
Dumping a history of the last processes samples

Child ended because it received signal 15 (SIGTERM)
Real time (s): 1800.01
CPU time (s): 1788.3
CPU user time (s): 1788.1
CPU system time (s): 0.197071
CPU usage (%): 99.3494
Max. virtual memory (cumulated for all children) (KiB): 241236
Max. memory (cumulated for all children) (KiB): 88712

getrusage(RUSAGE_CHILDREN,...) data:
user time used= 1788.1
system time used= 0.197071
maximum resident set size= 70920
integral shared memory size= 0
integral unshared data size= 0
integral unshared stack size= 0
page reclaims= 50459
page faults= 301
swaps= 0
block input operations= 93376
block output operations= 0
messages sent= 0
messages received= 0
signals received= 0
voluntary context switches= 10139
involuntary context switches= 1132


# summary of solver processes directly reported to runsolver:
#   pid: 17
#   total CPU time (s): 1788.3
#   total CPU user time (s): 1788.1
#   total CPU system time (s): 0.197071

??? join timestamper begins
??? join timestamper ends
??? end of timestamper thread
runsolver used 1.178 second user time and 2.15137 second system time

The end
