# WCTIME: wall clock time in seconds
WCTIME=1800.01
# CPUTIME: CPU time in seconds (USERTIME+SYSTEMTIME)
CPUTIME=1792.88
# USERTIME: CPU time spent in user mode in seconds
USERTIME=1749.04
# SYSTEMTIME: CPU time spent in system mode in seconds
SYSTEMTIME=43.8414
# CPUUSAGE: CPUTIME/WCTIME in percent
CPUUSAGE=99.6042
# MAXVM: maximum virtual memory used in KiB
MAXVM=1932320
# MAXMM: maximum memory used in KiB
MAXMM=1773172
# MAXRSS: maximum Resident Segment Size in KiB
MAXRSS=1852024
# TIMEOUT: did the solver exceed the time limit?
TIMEOUT=true
# MEMOUT: did the solver exceed the memory limit?
MEMOUT=false
# EXITSTATUS: Exit status of the solver
EXITSTATUS=15
