runsolver version 3.4.1 (svn: 3018) Copyright (C) 2010-2013 Olivier ROUSSEL

This program is distributed in the hope that it will be useful,
but WITHOUT ANY WARRANTY; without even the implied warranty of
MERCHANTABILITY or FITNESS FOR A PARTICULAR PURPOSE.  See the
GNU General Public License for more details.

NUMA information:
  number of nodes: 8
  memory of node 0: 63700 MiB (545 MiB free)
  memory of node 1: 64504 MiB (62491 MiB free)
  memory of node 2: 64504 MiB (35047 MiB free)
  memory of node 3: 64504 MiB (31575 MiB free)
  memory of node 4: 64504 MiB (62849 MiB free)
  memory of node 5: 64461 MiB (24381 MiB free)
  memory of node 6: 64504 MiB (6641 MiB free)
  memory of node 7: 64491 MiB (63678 MiB free)
  node distances:
     10  12  12  12  21  21  21  21
     12  10  12  12  21  21  21  21
     12  12  10  12  21  21  21  21
     12  12  12  10  21  21  21  21
     21  21  21  21  10  12  12  12
     21  21  21  21  12  10  12  12
     21  21  21  21  12  12  10  12
     21  21  21  21  12  12  12  10

command line: /usr/local/bin/runsolver --timestamp -w /output/runsolver-watch.log -v /output/runsolver-values.log -o /output/solver-output.log -C 1800.0 -W 1800.0 -R 64000 /opt/solver/run_bn4rust.py --mode cyber-forward-baseline --instance /input/model_107.bnet 

running on 26 cores: 88-101,200-211

Enforcing CPUTime limit (soft limit, will send SIGTERM then SIGKILL): 1800 seconds
Enforcing CPUTime limit (hard limit, will send SIGXCPU): 1830 seconds
Enforcing wall clock limit (soft limit, will send SIGTERM then SIGKILL): 1800 seconds
Enforcing RSS+Swap limit (soft limit, will send SIGTERM then SIGKILL): 65536000 KiB
Linux 4.18.0-553.159.1.el8_10.x86_64
solver pid=16, runsolver pid=13
Current StackSize limit: 18014398509481983 KiB


[startup+0.100066 s]*
/proc/loadavg: 23.55 23.04 23.06 22/2831 17
/proc/meminfo: memFree=294111604/527542248 swapFree=5328/33554428
[pid=16] ppid=13 vsize=15748 memory=9976 CPUtime=0.02 cores=88-101,200-213
/proc/16/stat : 16 (python3) D 13 16 0 0 -1 4194304 1373 0 81 0 1 1 0 0 20 0 1 0 53231767 16125952 2494 67087892480 4194304 7154137 140737382683120 0 0 0 0 16781312 2 0 0 0 17 212 0 0 6 0 0 9727432 11029816 31313920 140737382685515 140737382685613 140737382685613 140737382686695 0
/proc/16/statm: 3937 2494 1393 723 0 1673 0
Current children cumulated CPU time: 0.02 s
Current children cumulated vsize: 15748 KiB
Current children cumulated memory: 9976 KiB

[startup+0.200651 s]*
/proc/loadavg: 23.55 23.04 23.06 24/2833 18
/proc/meminfo: memFree=294073736/527542248 swapFree=5332/33554428
[pid=16] ppid=13 vsize=17684 memory=12472 CPUtime=0.03 cores=88-101,200-213
/proc/16/stat : 16 (python3) S 13 16 0 0 -1 4194304 1887 0 96 0 2 1 0 0 20 0 1 0 53231767 18108416 3118 67087892480 4194304 7154137 140737382683120 0 0 0 0 16781312 2 1 0 0 17 100 0 0 8 0 0 9727432 11029816 31313920 140737382685515 140737382685613 140737382685613 140737382686695 0
/proc/16/statm: 4421 3118 1510 723 0 2063 0
[pid=18] ppid=16 vsize=8176 memory=5140 CPUtime=0.04 cores=88-101,200-213
/proc/18/stat : 18 (bn4rust) R 16 16 0 0 -1 4194304 713 0 18 0 4 0 0 0 20 0 1 0 53231781 8372224 1285 67087892480 94158202302464 94158204169585 140722213336720 0 0 0 0 4096 1088 0 0 0 17 212 0 0 1 0 0 94158204427648 94158204474584 94158216404992 140722213337870 140722213338006 140722213338006 140722213339105 0
/proc/18/statm: 2044 1285 1109 456 0 205 0
Current children cumulated CPU time: 0.07 s
Current children cumulated vsize: 25860 KiB
Current children cumulated memory: 17612 KiB

[startup+0.300526 s]*
/proc/loadavg: 23.55 23.04 23.06 24/2833 18
/proc/meminfo: memFree=294045976/527542248 swapFree=5332/33554428
[pid=16] ppid=13 vsize=17684 memory=12472 CPUtime=0.03 cores=88-101,200-213
/proc/16/stat : 16 (python3) S 13 16 0 0 -1 4194304 1887 0 96 0 2 1 0 0 20 0 1 0 53231767 18108416 3118 67087892480 4194304 7154137 140737382683120 0 0 0 0 16781312 2 1 0 0 17 100 0 0 8 0 0 9727432 11029816 31313920 140737382685515 140737382685613 140737382685613 140737382686695 0
/proc/16/statm: 4421 3118 1510 723 0 2063 0
[pid=18] ppid=16 vsize=8932 memory=5564 CPUtime=0.13 cores=88-101,200-213
/proc/18/stat : 18 (bn4rust) R 16 16 0 0 -1 4194304 1813 0 18 0 13 0 0 0 20 0 1 0 53231781 9146368 1391 67087892480 94158202302464 94158204169585 140722213336720 0 0 0 0 4096 1088 0 0 0 17 212 0 0 1 0 0 94158204427648 94158204474584 94158216404992 140722213337870 140722213338006 140722213338006 140722213339105 0
/proc/18/statm: 2233 1391 1109 456 0 394 0
Current children cumulated CPU time: 0.16 s
Current children cumulated vsize: 26616 KiB
Current children cumulated memory: 18036 KiB

[startup+0.700244 s]
/proc/loadavg: 23.55 23.04 23.06 20/2833 18
/proc/meminfo: memFree=293964552/527542248 swapFree=5332/33554428
[pid=16] ppid=13 vsize=17684 memory=12472 CPUtime=0.03 cores=88-101,200-213
/proc/16/stat : 16 (python3) S 13 16 0 0 -1 4194304 1887 0 96 0 2 1 0 0 20 0 1 0 53231767 18108416 3118 67087892480 4194304 7154137 140737382683120 0 0 0 0 16781312 2 1 0 0 17 100 0 0 8 0 0 9727432 11029816 31313920 140737382685515 140737382685613 140737382685613 140737382686695 0
/proc/16/statm: 4421 3118 1510 723 0 2063 0
[pid=18] ppid=16 vsize=11948 memory=8572 CPUtime=0.54 cores=88-101,200-213
/proc/18/stat : 18 (bn4rust) R 16 16 0 0 -1 4194304 6010 0 18 0 53 1 0 0 20 0 1 0 53231781 12234752 2143 67087892480 94158202302464 94158204169585 140722213336720 0 0 0 0 4096 1088 0 0 0 17 212 0 0 1 0 0 94158204427648 94158204474584 94158216404992 140722213337870 140722213338006 140722213338006 140722213339105 0
/proc/18/statm: 2987 2143 1109 456 0 1148 0
Current children cumulated CPU time: 0.57 s
Current children cumulated vsize: 29632 KiB
Current children cumulated memory: 21044 KiB

[startup+1.50023 s]
/proc/loadavg: 23.55 23.04 23.06 14/2831 18
/proc/meminfo: memFree=293850436/527542248 swapFree=5324/33554428
[pid=16] ppid=13 vsize=17684 memory=12472 CPUtime=0.03 cores=88-101,200-213
/proc/16/stat : 16 (python3) S 13 16 0 0 -1 4194304 1887 0 96 0 2 1 0 0 20 0 1 0 53231767 18108416 3118 67087892480 4194304 7154137 140737382683120 0 0 0 0 16781312 2 1 0 0 17 100 0 0 8 0 0 9727432 11029816 31313920 140737382685515 140737382685613 140737382685613 140737382686695 0
/proc/16/statm: 4421 3118 1510 723 0 2063 0
[pid=18] ppid=16 vsize=15044 memory=11592 CPUtime=1.33 cores=88-101,200-213
/proc/18/stat : 18 (bn4rust) R 16 16 0 0 -1 4194304 11880 0 18 0 131 2 0 0 20 0 1 0 53231781 15405056 2898 67087892480 94158202302464 94158204169585 140722213336720 0 0 0 0 4096 1088 0 0 0 17 212 0 0 1 0 0 94158204427648 94158204474584 94158216404992 140722213337870 140722213338006 140722213338006 140722213339105 0
/proc/18/statm: 3761 2898 1109 456 0 1922 0
Current children cumulated CPU time: 1.36 s
Current children cumulated vsize: 32728 KiB
Current children cumulated memory: 24064 KiB

[startup+3.1004 s]
/proc/loadavg: 23.55 23.04 23.06 22/2831 18
/proc/meminfo: memFree=293620640/527542248 swapFree=5040/33554428
[pid=16] ppid=13 vsize=17684 memory=12472 CPUtime=0.03 cores=88-101,200-213
/proc/16/stat : 16 (python3) S 13 16 0 0 -1 4194304 1887 0 96 0 2 1 0 0 20 0 1 0 53231767 18108416 3118 67087892480 4194304 7154137 140737382683120 0 0 0 0 16781312 2 1 0 0 17 100 0 0 8 0 0 9727432 11029816 31313920 140737382685515 140737382685613 140737382685613 140737382686695 0
/proc/16/statm: 4421 3118 1510 723 0 2063 0
[pid=18] ppid=16 vsize=16528 memory=12600 CPUtime=2.92 cores=88-101,200-213
/proc/18/stat : 18 (bn4rust) R 16 16 0 0 -1 4194304 27582 0 18 0 288 4 0 0 20 0 1 0 53231781 16924672 3150 67087892480 94158202302464 94158204169585 140722213336720 0 0 0 0 4096 1088 0 0 0 17 212 0 0 1 0 0 94158204427648 94158204474584 94158216404992 140722213337870 140722213338006 140722213338006 140722213339105 0
/proc/18/statm: 4132 3150 1109 456 0 2293 0
Current children cumulated CPU time: 2.95 s
Current children cumulated vsize: 34212 KiB
Current children cumulated memory: 25072 KiB

[startup+6.30017 s]
/proc/loadavg: 23.66 23.07 23.07 28/2829 18
/proc/meminfo: memFree=293106228/527542248 swapFree=4652/33554428
[pid=16] ppid=13 vsize=17684 memory=12472 CPUtime=0.03 cores=88-101,200-213
/proc/16/stat : 16 (python3) S 13 16 0 0 -1 4194304 1887 0 96 0 2 1 0 0 20 0 1 0 53231767 18108416 3118 67087892480 4194304 7154137 140737382683120 0 0 0 0 16781312 2 1 0 0 17 100 0 0 8 0 0 9727432 11029816 31313920 140737382685515 140737382685613 140737382685613 140737382686695 0
/proc/16/statm: 4421 3118 1510 723 0 2063 0
[pid=18] ppid=16 vsize=13868 memory=10324 CPUtime=6.1 cores=88-101,200-213
/proc/18/stat : 18 (bn4rust) R 16 16 0 0 -1 4194304 41975 0 18 0 604 6 0 0 20 0 1 0 53231781 14200832 2581 67087892480 94158202302464 94158204169585 140722213336720 0 0 0 0 4096 1088 0 0 0 17 212 0 0 1 0 0 94158204427648 94158204474584 94158216404992 140722213337870 140722213338006 140722213338006 140722213339105 0
/proc/18/statm: 3467 2581 1109 456 0 1628 0
Current children cumulated CPU time: 6.13 s
Current children cumulated vsize: 31552 KiB
Current children cumulated memory: 22796 KiB

[startup+6.804 s]
# the end of solver process 16 was just reported to runsolver
# cumulated CPU time of all completed processes:  user=6.57379 s, system=0.088161 s

Solver just ended.
??? end of watcher thread
Dumping a history of the last processes samples

[startup+6.40031 s]
/proc/loadavg: 23.66 23.07 23.07 28/2829 18
/proc/meminfo: memFree=293106228/527542248 swapFree=4652/33554428
[pid=16] ppid=13 vsize=17684 memory=12472 CPUtime=0.03 cores=88-101,200-213
/proc/16/stat : 16 (python3) S 13 16 0 0 -1 4194304 1887 0 96 0 2 1 0 0 20 0 1 0 53231767 18108416 3118 67087892480 4194304 7154137 140737382683120 0 0 0 0 16781312 2 1 0 0 17 100 0 0 8 0 0 9727432 11029816 31313920 140737382685515 140737382685613 140737382685613 140737382686695 0
/proc/16/statm: 4421 3118 1510 723 0 2063 0
[pid=18] ppid=16 vsize=13868 memory=10324 CPUtime=6.2 cores=88-101,200-213
/proc/18/stat : 18 (bn4rust) R 16 16 0 0 -1 4194304 41975 0 18 0 614 6 0 0 20 0 1 0 53231781 14200832 2581 67087892480 94158202302464 94158204169585 140722213336720 0 0 0 0 4096 1088 0 0 0 17 212 0 0 1 0 0 94158204427648 94158204474584 94158216404992 140722213337870 140722213338006 140722213338006 140722213339105 0
/proc/18/statm: 3467 2581 1109 456 0 1628 0
Current children cumulated CPU time: 6.23 s
Current children cumulated vsize: 31552 KiB
Current children cumulated memory: 22796 KiB

[startup+6.80022 s]
/proc/loadavg: 23.66 23.07 23.07 28/2829 18
/proc/meminfo: memFree=293106228/527542248 swapFree=4652/33554428
[pid=16] ppid=13 vsize=17684 memory=12472 CPUtime=6.64 cores=88-101,200-213
/proc/16/stat : 16 (python3) R 13 16 0 0 -1 4194304 1893 41981 96 20 3 1 653 7 20 0 1 0 53231767 18108416 3118 67087892480 4194304 7154137 140737382683120 0 0 0 0 16781312 0 0 0 0 17 212 0 0 8 0 0 9727432 11029816 31313920 140737382685515 140737382685613 140737382685613 140737382686695 0
/proc/16/statm: 4421 3118 1510 723 0 2063 0
Current children cumulated CPU time: 6.64 s
Current children cumulated vsize: 17684 KiB
Current children cumulated memory: 12472 KiB

Child status: 0
Real time (s): 6.80402
CPU time (s): 6.66195
CPU user time (s): 6.57379
CPU system time (s): 0.088161
CPU usage (%): 97.912
Max. virtual memory (cumulated for all children) (KiB): 36616
Max. memory (cumulated for all children) (KiB): 27820

getrusage(RUSAGE_CHILDREN,...) data:
user time used= 6.57379
system time used= 0.088161
maximum resident set size= 15348
integral shared memory size= 0
integral unshared data size= 0
integral unshared stack size= 0
page reclaims= 43883
page faults= 116
swaps= 0
block input operations= 19784
block output operations= 8
messages sent= 0
messages received= 0
signals received= 0
voluntary context switches= 1000
involuntary context switches= 217


# summary of solver processes directly reported to runsolver:
#   pid: 16
#   total CPU time (s): 6.66195
#   total CPU user time (s): 6.57379
#   total CPU system time (s): 0.088161

??? join timestamper begins
??? join timestamper ends
??? end of timestamper thread
runsolver used 0.002209 second user time and 0.016024 second system time

The end
