runsolver version 3.4.1 (svn: 3018) Copyright (C) 2010-2013 Olivier ROUSSEL

This program is distributed in the hope that it will be useful,
but WITHOUT ANY WARRANTY; without even the implied warranty of
MERCHANTABILITY or FITNESS FOR A PARTICULAR PURPOSE.  See the
GNU General Public License for more details.

NUMA information:
  number of nodes: 8
  memory of node 0: 63700 MiB (40226 MiB free)
  memory of node 1: 64504 MiB (41246 MiB free)
  memory of node 2: 64504 MiB (40124 MiB free)
  memory of node 3: 64504 MiB (45496 MiB free)
  memory of node 4: 64504 MiB (54299 MiB free)
  memory of node 5: 64504 MiB (60984 MiB free)
  memory of node 6: 64504 MiB (61298 MiB free)
  memory of node 7: 64447 MiB (62001 MiB free)
  node distances:
     10  12  12  12  21  21  21  21
     12  10  12  12  21  21  21  21
     12  12  10  12  21  21  21  21
     12  12  12  10  21  21  21  21
     21  21  21  21  10  12  12  12
     21  21  21  21  12  10  12  12
     21  21  21  21  12  12  10  12
     21  21  21  21  12  12  12  10

command line: /usr/local/bin/runsolver --timestamp -w /output/runsolver-watch.log -v /output/runsolver-values.log -o /output/solver-output.log -C 1800.0 -W 1800.0 -R 64000 /opt/solver/run_pyboolnet.py --instance /input/model_194.bnet 

running on 20 cores: 88-89,92,94,96,100-103,109,200-201,204,206,208,216-219,221

Enforcing CPUTime limit (soft limit, will send SIGTERM then SIGKILL): 1800 seconds
Enforcing CPUTime limit (hard limit, will send SIGXCPU): 1830 seconds
Enforcing wall clock limit (soft limit, will send SIGTERM then SIGKILL): 1800 seconds
Enforcing RSS+Swap limit (soft limit, will send SIGTERM then SIGKILL): 65536000 KiB
Linux 4.18.0-553.126.1.el8_10.x86_64
Current StackSize limit: 18014398509481983 KiB

solver pid=17, runsolver pid=13

[startup+0.100068 s]*
/proc/loadavg: 98.94 98.97 99.69 100/3405 18
/proc/meminfo: memFree=415405156/527542216 swapFree=30949672/33554428
[pid=17] ppid=13 vsize=13560 memory=6416 CPUtime=0 cores=88-89,92,94,96,100-107,109,200-201,204,206,208,212-219,221
/proc/17/stat : 17 (python3) D 13 17 0 0 -1 4194304 655 0 49 0 0 0 0 0 20 0 1 0 522809985 13885440 1604 67087892480 94414932156416 94414935427117 140732940001024 0 0 0 0 0 0 0 0 0 17 107 0 0 4 0 0 94414937790480 94414938074520 94414949253120 140732940004097 140732940004167 140732940004167 140732940005351 0
/proc/17/statm: 3390 1604 1178 799 0 1009 0
Current children cumulated CPU time: 0 s
Current children cumulated vsize: 13560 KiB
Current children cumulated memory: 6416 KiB

[startup+0.2006 s]*
/proc/loadavg: 98.94 98.97 99.69 99/3405 18
/proc/meminfo: memFree=415397092/527542216 swapFree=30949672/33554428
[pid=17] ppid=13 vsize=17020 memory=12048 CPUtime=0.03 cores=88-89,92,94,96,100-107,109,200-201,204,206,208,212-219,221
/proc/17/stat : 17 (python3) D 13 17 0 0 -1 4194304 1713 0 72 0 2 1 0 0 20 0 1 0 522809985 17428480 3012 67087892480 94414932156416 94414935427117 140732940001024 0 0 0 0 16781312 2 0 0 0 17 107 0 0 8 0 0 94414937790480 94414938074520 94414949253120 140732940004097 140732940004167 140732940004167 140732940005351 0
/proc/17/statm: 4255 3012 1523 799 0 1783 0
Current children cumulated CPU time: 0.03 s
Current children cumulated vsize: 17020 KiB
Current children cumulated memory: 12048 KiB

[startup+0.30046 s]*
/proc/loadavg: 98.94 98.97 99.69 100/3405 18
/proc/meminfo: memFree=415391964/527542216 swapFree=30949672/33554428
[pid=17] ppid=13 vsize=19860 memory=14836 CPUtime=0.07 cores=88-89,92,94,96,100-107,109,200-201,204,206,208,212-219,221
/proc/17/stat : 17 (python3) R 13 17 0 0 -1 4194304 2419 0 78 0 5 2 0 0 20 0 1 0 522809985 20336640 3709 67087892480 94414932156416 94414935427117 140732940001024 0 0 0 0 16781312 2 0 0 0 17 107 0 0 16 0 0 94414937790480 94414938074520 94414949253120 140732940004097 140732940004167 140732940004167 140732940005351 0
/proc/17/statm: 4965 3709 1593 799 0 2477 0
Current children cumulated CPU time: 0.07 s
Current children cumulated vsize: 19860 KiB
Current children cumulated memory: 14836 KiB

[startup+0.700299 s]
/proc/loadavg: 98.94 98.97 99.69 100/3405 18
/proc/meminfo: memFree=415373824/527542216 swapFree=30949672/33554428
[pid=17] ppid=13 vsize=47932 memory=32132 CPUtime=0.21 cores=88-89,92,94,96,100-107,109,200-201,204,206,208,212-219,221
/proc/17/stat : 17 (python3) D 13 17 0 0 -1 4194304 6097 0 126 0 15 6 0 0 20 0 1 0 522809985 49082368 8033 67087892480 94414932156416 94414935427117 140732940001024 0 0 0 0 16781312 2 0 0 0 17 100 0 0 35 0 0 94414937790480 94414938074520 94414949253120 140732940004097 140732940004167 140732940004167 140732940005351 0
/proc/17/statm: 11983 8033 2315 799 0 5999 0
Current children cumulated CPU time: 0.21 s
Current children cumulated vsize: 47932 KiB
Current children cumulated memory: 32132 KiB

[startup+1.50021 s]
/proc/loadavg: 98.94 98.98 99.68 99/3406 18
/proc/meminfo: memFree=415323460/527542216 swapFree=30949672/33554428
[pid=17] ppid=13 vsize=212188 memory=63336 CPUtime=0.52 cores=88-89,92,94,96,100-107,109,200-201,204,206,208,212-219,221
/proc/17/stat : 17 (python3) D 13 17 0 0 -1 4194304 11032 0 290 0 42 10 0 0 20 0 2 0 522809985 217280512 15834 67087892480 94414932156416 94414935427117 140732940001024 0 0 0 0 16781312 2 0 0 0 17 100 0 0 82 0 0 94414937790480 94414938074520 94414949253120 140732940004097 140732940004167 140732940004167 140732940005351 0
/proc/17/statm: 53047 15834 5052 799 0 19754 0
Current children cumulated CPU time: 0.52 s
Current children cumulated vsize: 212188 KiB
Current children cumulated memory: 63336 KiB

[startup+3.10061 s]
/proc/loadavg: 98.94 98.98 99.68 100/3407 22
/proc/meminfo: memFree=415266996/527542216 swapFree=30949672/33554428
[pid=17] ppid=13 vsize=223432 memory=73404 CPUtime=1.35 cores=88-89,92,94,96,100-107,109,200-201,204,206,208,212-219,221
/proc/17/stat : 17 (python3) S 13 17 0 0 -1 4194304 13887 501 298 4 67 13 55 0 20 0 1 0 522809985 228794368 18351 67087892480 94414932156416 94414935427117 140732940001024 0 0 0 0 16781312 2 1 0 0 17 100 0 0 90 0 0 94414937790480 94414938074520 94414949253120 140732940004097 140732940004167 140732940004167 140732940005351 0
/proc/17/statm: 55858 18351 5180 799 0 22565 0
[pid=22] ppid=17 vsize=65352 memory=26332 CPUtime=0.47 cores=88-89,92,94,96,100-107,109,200-201,204,206,208,212-219,221
/proc/22/stat : 22 (NuSMVa_linux64) R 17 17 0 0 -1 4194304 3571 0 73 0 47 0 0 0 20 0 1 0 522810241 66920448 6583 67087892480 4194304 7931321 140725524281920 0 0 0 0 0 512 0 0 0 17 213 0 0 5 0 0 10030016 10037704 33443840 140725524290088 140725524290226 140725524290226 140725524291494 0
/proc/22/statm: 16338 6583 1735 913 0 5140 0
Current children cumulated CPU time: 1.82 s
Current children cumulated vsize: 288784 KiB
Current children cumulated memory: 99736 KiB
heavy processes:

[startup+6.30024 s]
/proc/loadavg: 98.95 98.98 99.68 100/3407 22
/proc/meminfo: memFree=415262936/527542216 swapFree=30949672/33554428
[pid=17] ppid=13 vsize=223432 memory=73404 CPUtime=1.35 cores=88-89,92,94,96,100-107,109,200-201,204,206,208,212-219,221
/proc/17/stat : 17 (python3) S 13 17 0 0 -1 4194304 13887 501 298 4 67 13 55 0 20 0 1 0 522809985 228794368 18351 67087892480 94414932156416 94414935427117 140732940001024 0 0 0 0 16781312 2 1 0 0 17 100 0 0 90 0 0 94414937790480 94414938074520 94414949253120 140732940004097 140732940004167 140732940004167 140732940005351 0
/proc/17/statm: 55858 18351 5180 799 0 22565 0
[pid=22] ppid=17 vsize=72112 memory=33080 CPUtime=3.66 cores=88-89,92,94,96,100-107,109,200-201,204,206,208,212-219,221
/proc/22/stat : 22 (NuSMVa_linux64) R 17 17 0 0 -1 4194304 5269 0 73 0 365 1 0 0 20 0 1 0 522810241 73842688 8270 67087892480 4194304 7931321 140725524281920 0 0 0 0 0 512 0 0 0 17 213 0 0 5 0 0 10030016 10037704 33443840 140725524290088 140725524290226 140725524290226 140725524291494 0
/proc/22/statm: 18028 8270 1736 913 0 6830 0
Current children cumulated CPU time: 5.01 s
Current children cumulated vsize: 295544 KiB
Current children cumulated memory: 106484 KiB
heavy processes:

[startup+12.7003 s]
/proc/loadavg: 98.95 98.98 99.67 100/3407 22
/proc/meminfo: memFree=415247448/527542216 swapFree=30949672/33554428
[pid=17] ppid=13 vsize=223432 memory=73404 CPUtime=1.35 cores=88-89,92,94,96,100-107,109,200-201,204,206,208,212-219,221
/proc/17/stat : 17 (python3) S 13 17 0 0 -1 4194304 13887 501 298 4 67 13 55 0 20 0 1 0 522809985 228794368 18351 67087892480 94414932156416 94414935427117 140732940001024 0 0 0 0 16781312 2 1 0 0 17 100 0 0 90 0 0 94414937790480 94414938074520 94414949253120 140732940004097 140732940004167 140732940004167 140732940005351 0
/proc/17/statm: 55858 18351 5180 799 0 22565 0
[pid=22] ppid=17 vsize=96796 memory=57704 CPUtime=10.02 cores=88-89,92,94,96,100-107,109,200-201,204,206,208,212-219,221
/proc/22/stat : 22 (NuSMVa_linux64) R 17 17 0 0 -1 4194304 9927 0 73 0 1000 2 0 0 20 0 1 0 522810241 99119104 14426 67087892480 4194304 7931321 140725524281920 0 0 0 0 0 512 0 0 0 17 101 0 0 5 0 0 10030016 10037704 33443840 140725524290088 140725524290226 140725524290226 140725524291494 0
/proc/22/statm: 24199 14426 1736 913 0 13001 0
Current children cumulated CPU time: 11.37 s
Current children cumulated vsize: 320228 KiB
Current children cumulated memory: 131108 KiB

[startup+25.5003 s]
/proc/loadavg: 98.96 98.98 99.67 100/3404 22
/proc/meminfo: memFree=415226940/527542216 swapFree=30949672/33554428
[pid=17] ppid=13 vsize=223432 memory=73404 CPUtime=1.35 cores=88-89,92,94,96,100-107,109,200-201,204,206,208,212-219,221
/proc/17/stat : 17 (python3) S 13 17 0 0 -1 4194304 13887 501 298 4 67 13 55 0 20 0 1 0 522809985 228794368 18351 67087892480 94414932156416 94414935427117 140732940001024 0 0 0 0 16781312 2 1 0 0 17 100 0 0 90 0 0 94414937790480 94414938074520 94414949253120 140732940004097 140732940004167 140732940004167 140732940005351 0
/proc/17/statm: 55858 18351 5180 799 0 22565 0
[pid=22] ppid=17 vsize=103160 memory=64276 CPUtime=22.74 cores=88-89,92,94,96,100-107,109,200-201,204,206,208,212-219,221
/proc/22/stat : 22 (NuSMVa_linux64) R 17 17 0 0 -1 4194304 11541 0 73 0 2272 2 0 0 20 0 1 0 522810241 105635840 16069 67087892480 4194304 7931321 140725524281920 0 0 0 0 0 512 0 0 0 17 101 0 0 5 0 0 10030016 10037704 33443840 140725524290088 140725524290226 140725524290226 140725524291494 0
/proc/22/statm: 25790 16069 1736 913 0 14592 0
Current children cumulated CPU time: 24.09 s
Current children cumulated vsize: 326592 KiB
Current children cumulated memory: 137680 KiB

[startup+51.1006 s]
/proc/loadavg: 99.05 99.00 99.65 100/3403 22
/proc/meminfo: memFree=415198704/527542216 swapFree=30949672/33554428
[pid=17] ppid=13 vsize=223432 memory=73404 CPUtime=1.35 cores=88-89,92,94,96,100-107,109,200-201,204,206,208,212-219,221
/proc/17/stat : 17 (python3) S 13 17 0 0 -1 4194304 13887 501 298 4 67 13 55 0 20 0 1 0 522809985 228794368 18351 67087892480 94414932156416 94414935427117 140732940001024 0 0 0 0 16781312 2 1 0 0 17 100 0 0 90 0 0 94414937790480 94414938074520 94414949253120 140732940004097 140732940004167 140732940004167 140732940005351 0
/proc/17/statm: 55858 18351 5180 799 0 22565 0
[pid=22] ppid=17 vsize=128236 memory=89064 CPUtime=48.19 cores=88-89,92,94,96,100-107,109,200-201,204,206,208,212-219,221
/proc/22/stat : 22 (NuSMVa_linux64) R 17 17 0 0 -1 4194304 17785 0 73 0 4816 3 0 0 20 0 1 0 522810241 131313664 22266 67087892480 4194304 7931321 140725524281920 0 0 0 0 0 512 0 0 0 17 101 0 0 5 0 0 10030016 10037704 33443840 140725524290088 140725524290226 140725524290226 140725524291494 0
/proc/22/statm: 32059 22266 1736 913 0 20861 0
Current children cumulated CPU time: 49.54 s
Current children cumulated vsize: 351668 KiB
Current children cumulated memory: 162468 KiB

[startup+102.3 s]
/proc/loadavg: 99.26 99.05 99.63 100/3402 22
/proc/meminfo: memFree=415145308/527542216 swapFree=30949672/33554428
[pid=17] ppid=13 vsize=223432 memory=73404 CPUtime=1.35 cores=88-89,92,94,96,100-107,109,200-201,204,206,208,212-219,221
/proc/17/stat : 17 (python3) S 13 17 0 0 -1 4194304 13887 501 298 4 67 13 55 0 20 0 1 0 522809985 228794368 18351 67087892480 94414932156416 94414935427117 140732940001024 0 0 0 0 16781312 2 1 0 0 17 100 0 0 90 0 0 94414937790480 94414938074520 94414949253120 140732940004097 140732940004167 140732940004167 140732940005351 0
/proc/17/statm: 55858 18351 5180 799 0 22565 0
[pid=22] ppid=17 vsize=165568 memory=126496 CPUtime=99.09 cores=88-89,92,94,96,100-107,109,200-201,204,206,208,212-219,221
/proc/22/stat : 22 (NuSMVa_linux64) R 17 17 0 0 -1 4194304 27164 0 73 0 9905 4 0 0 20 0 1 0 522810241 169541632 31624 67087892480 4194304 7931321 140725524281920 0 0 0 0 0 512 0 0 0 17 101 0 0 5 0 0 10030016 10037704 33443840 140725524290088 140725524290226 140725524290226 140725524291494 0
/proc/22/statm: 41392 31624 1736 913 0 30194 0
Current children cumulated CPU time: 100.44 s
Current children cumulated vsize: 389000 KiB
Current children cumulated memory: 199900 KiB

[startup+162.3 s]
/proc/loadavg: 99.17 99.06 99.59 100/3405 22
/proc/meminfo: memFree=415075012/527542216 swapFree=30949672/33554428
[pid=17] ppid=13 vsize=223432 memory=73404 CPUtime=1.35 cores=88-89,92,94,96,100-107,109,200-201,204,206,208,212-219,221
/proc/17/stat : 17 (python3) S 13 17 0 0 -1 4194304 13887 501 298 4 67 13 55 0 20 0 1 0 522809985 228794368 18351 67087892480 94414932156416 94414935427117 140732940001024 0 0 0 0 16781312 2 1 0 0 17 100 0 0 90 0 0 94414937790480 94414938074520 94414949253120 140732940004097 140732940004167 140732940004167 140732940005351 0
/proc/17/statm: 55858 18351 5180 799 0 22565 0
[pid=22] ppid=17 vsize=237760 memory=198776 CPUtime=158.75 cores=88-89,92,94,96,100-107,109,200-201,204,206,208,212-219,221
/proc/22/stat : 22 (NuSMVa_linux64) R 17 17 0 0 -1 4194304 45194 0 73 0 15868 7 0 0 20 0 1 0 522810241 243466240 49694 67087892480 4194304 7931321 140725524281920 0 0 0 0 0 512 0 0 0 17 213 0 0 5 0 0 10030016 10037704 33443840 140725524290088 140725524290226 140725524290226 140725524291494 0
/proc/22/statm: 59440 49694 1736 913 0 48242 0
Current children cumulated CPU time: 160.1 s
Current children cumulated vsize: 461192 KiB
Current children cumulated memory: 272180 KiB

[startup+222.3 s]
/proc/loadavg: 99.51 99.22 99.62 100/3405 22
/proc/meminfo: memFree=415254648/527542216 swapFree=30949672/33554428
[pid=17] ppid=13 vsize=223432 memory=73404 CPUtime=1.35 cores=88-89,92,94,96,100-107,109,200-201,204,206,208,212-219,221
/proc/17/stat : 17 (python3) S 13 17 0 0 -1 4194304 13887 501 298 4 67 13 55 0 20 0 1 0 522809985 228794368 18351 67087892480 94414932156416 94414935427117 140732940001024 0 0 0 0 16781312 2 1 0 0 17 100 0 0 90 0 0 94414937790480 94414938074520 94414949253120 140732940004097 140732940004167 140732940004167 140732940005351 0
/proc/17/statm: 55858 18351 5180 799 0 22565 0
[pid=22] ppid=17 vsize=240320 memory=201152 CPUtime=218.41 cores=88-89,92,94,96,100-107,109,200-201,204,206,208,212-219,221
/proc/22/stat : 22 (NuSMVa_linux64) R 17 17 0 0 -1 4194304 45834 0 73 0 21833 8 0 0 20 0 1 0 522810241 246087680 50288 67087892480 4194304 7931321 140725524281920 0 0 0 0 0 512 0 0 0 17 101 0 0 5 0 0 10030016 10037704 33443840 140725524290088 140725524290226 140725524290226 140725524291494 0
/proc/22/statm: 60080 50288 1736 913 0 48882 0
Current children cumulated CPU time: 219.76 s
Current children cumulated vsize: 463752 KiB
Current children cumulated memory: 274556 KiB

[startup+282.3 s]
/proc/loadavg: 102.87 100.01 99.85 100/3407 22
/proc/meminfo: memFree=415260416/527542216 swapFree=30949672/33554428
[pid=17] ppid=13 vsize=223432 memory=73404 CPUtime=1.35 cores=88-89,92,94,96,100-107,109,200-201,204,206,208,212-219,221
/proc/17/stat : 17 (python3) S 13 17 0 0 -1 4194304 13887 501 298 4 67 13 55 0 20 0 1 0 522809985 228794368 18351 67087892480 94414932156416 94414935427117 140732940001024 0 0 0 0 16781312 2 1 0 0 17 100 0 0 90 0 0 94414937790480 94414938074520 94414949253120 140732940004097 140732940004167 140732940004167 140732940005351 0
/proc/17/statm: 55858 18351 5180 799 0 22565 0
[pid=22] ppid=17 vsize=241856 memory=202736 CPUtime=278.05 cores=88-89,92,94,96,100-107,109,200-201,204,206,208,212-219,221
/proc/22/stat : 22 (NuSMVa_linux64) R 17 17 0 0 -1 4194304 46218 0 73 0 27797 8 0 0 20 0 1 0 522810241 247660544 50684 67087892480 4194304 7931321 140725524281920 0 0 0 0 0 512 0 0 0 17 213 0 0 5 0 0 10030016 10037704 33443840 140725524290088 140725524290226 140725524290226 140725524291494 0
/proc/22/statm: 60464 50684 1736 913 0 49266 0
Current children cumulated CPU time: 279.4 s
Current children cumulated vsize: 465288 KiB
Current children cumulated memory: 276140 KiB

[startup+342.3 s]
/proc/loadavg: 100.69 99.91 99.83 100/3401 22
/proc/meminfo: memFree=415240856/527542216 swapFree=30949672/33554428
[pid=17] ppid=13 vsize=223432 memory=73404 CPUtime=1.35 cores=88-89,92,94,96,100-107,109,200-201,204,206,208,212-219,221
/proc/17/stat : 17 (python3) S 13 17 0 0 -1 4194304 13887 501 298 4 67 13 55 0 20 0 1 0 522809985 228794368 18351 67087892480 94414932156416 94414935427117 140732940001024 0 0 0 0 16781312 2 1 0 0 17 100 0 0 90 0 0 94414937790480 94414938074520 94414949253120 140732940004097 140732940004167 140732940004167 140732940005351 0
/proc/17/statm: 55858 18351 5180 799 0 22565 0
[pid=22] ppid=17 vsize=334232 memory=295108 CPUtime=337.73 cores=88-89,92,94,96,100-107,109,200-201,204,206,208,212-219,221
/proc/22/stat : 22 (NuSMVa_linux64) R 17 17 0 0 -1 4194304 69319 0 73 0 33759 14 0 0 20 0 1 0 522810241 342253568 73777 67087892480 4194304 7931321 140725524281920 0 0 0 0 0 512 0 0 0 17 213 0 0 5 0 0 10030016 10037704 33443840 140725524290088 140725524290226 140725524290226 140725524291494 0
/proc/22/statm: 83558 73777 1736 913 0 72360 0
Current children cumulated CPU time: 339.08 s
Current children cumulated vsize: 557664 KiB
Current children cumulated memory: 368512 KiB

[startup+402.3 s]
/proc/loadavg: 99.62 99.74 99.77 100/3401 22
/proc/meminfo: memFree=415206232/527542216 swapFree=30949672/33554428
[pid=17] ppid=13 vsize=223432 memory=73404 CPUtime=1.35 cores=88-89,92,94,96,100-107,109,200-201,204,206,208,212-219,221
/proc/17/stat : 17 (python3) S 13 17 0 0 -1 4194304 13887 501 298 4 67 13 55 0 20 0 1 0 522809985 228794368 18351 67087892480 94414932156416 94414935427117 140732940001024 0 0 0 0 16781312 2 1 0 0 17 100 0 0 90 0 0 94414937790480 94414938074520 94414949253120 140732940004097 140732940004167 140732940004167 140732940005351 0
/proc/17/statm: 55858 18351 5180 799 0 22565 0
[pid=22] ppid=17 vsize=337656 memory=298540 CPUtime=397.42 cores=88-89,92,94,96,100-107,109,200-201,204,206,208,212-219,221
/proc/22/stat : 22 (NuSMVa_linux64) R 17 17 0 0 -1 4194304 70175 0 73 0 39728 14 0 0 20 0 1 0 522810241 345759744 74635 67087892480 4194304 7931321 140725524281920 0 0 0 0 0 512 0 0 0 17 88 0 0 5 0 0 10030016 10037704 33443840 140725524290088 140725524290226 140725524290226 140725524291494 0
/proc/22/statm: 84414 74635 1736 913 0 73216 0
Current children cumulated CPU time: 398.77 s
Current children cumulated vsize: 561088 KiB
Current children cumulated memory: 371944 KiB

[startup+462.3 s]
/proc/loadavg: 99.22 99.60 99.72 100/3398 22
/proc/meminfo: memFree=415188496/527542216 swapFree=30949672/33554428
[pid=17] ppid=13 vsize=223432 memory=73404 CPUtime=1.35 cores=88-89,92,94,96,100-107,109,200-201,204,206,208,212-219,221
/proc/17/stat : 17 (python3) S 13 17 0 0 -1 4194304 13887 501 298 4 67 13 55 0 20 0 1 0 522809985 228794368 18351 67087892480 94414932156416 94414935427117 140732940001024 0 0 0 0 16781312 2 1 0 0 17 100 0 0 90 0 0 94414937790480 94414938074520 94414949253120 140732940004097 140732940004167 140732940004167 140732940005351 0
/proc/17/statm: 55858 18351 5180 799 0 22565 0
[pid=22] ppid=17 vsize=340216 memory=301140 CPUtime=457.08 cores=88-89,92,94,96,100-107,109,200-201,204,206,208,212-219,221
/proc/22/stat : 22 (NuSMVa_linux64) R 17 17 0 0 -1 4194304 133921 0 73 0 45686 22 0 0 20 0 1 0 522810241 348381184 75285 67087892480 4194304 7931321 140725524281920 0 0 0 0 0 512 0 0 0 17 212 0 0 5 0 0 10030016 10037704 33443840 140725524290088 140725524290226 140725524290226 140725524291494 0
/proc/22/statm: 85054 75285 1736 913 0 73856 0
Current children cumulated CPU time: 458.43 s
Current children cumulated vsize: 563648 KiB
Current children cumulated memory: 374544 KiB

[startup+522.3 s]
/proc/loadavg: 99.11 99.51 99.68 100/3399 22
/proc/meminfo: memFree=415153000/527542216 swapFree=30949672/33554428
[pid=17] ppid=13 vsize=223432 memory=73404 CPUtime=1.35 cores=88-89,92,94,96,100-107,109,200-201,204,206,208,212-219,221
/proc/17/stat : 17 (python3) S 13 17 0 0 -1 4194304 13887 501 298 4 67 13 55 0 20 0 1 0 522809985 228794368 18351 67087892480 94414932156416 94414935427117 140732940001024 0 0 0 0 16781312 2 1 0 0 17 100 0 0 90 0 0 94414937790480 94414938074520 94414949253120 140732940004097 140732940004167 140732940004167 140732940005351 0
/proc/17/statm: 55858 18351 5180 799 0 22565 0
[pid=22] ppid=17 vsize=344312 memory=305344 CPUtime=516.74 cores=88-89,92,94,96,100-107,109,200-201,204,206,208,212-219,221
/proc/22/stat : 22 (NuSMVa_linux64) R 17 17 0 0 -1 4194304 135102 0 73 0 51652 22 0 0 20 0 1 0 522810241 352575488 76336 67087892480 4194304 7931321 140725524281920 0 0 0 0 0 512 0 0 0 17 100 0 0 5 0 0 10030016 10037704 33443840 140725524290088 140725524290226 140725524290226 140725524291494 0
/proc/22/statm: 86078 76336 1736 913 0 74880 0
Current children cumulated CPU time: 518.09 s
Current children cumulated vsize: 567744 KiB
Current children cumulated memory: 378748 KiB

[startup+582.3 s]
/proc/loadavg: 99.09 99.43 99.64 100/3401 22
/proc/meminfo: memFree=415145384/527542216 swapFree=30949672/33554428
[pid=17] ppid=13 vsize=223432 memory=73404 CPUtime=1.35 cores=88-89,92,94,96,100-107,109,200-201,204,206,208,212-219,221
/proc/17/stat : 17 (python3) S 13 17 0 0 -1 4194304 13887 501 298 4 67 13 55 0 20 0 1 0 522809985 228794368 18351 67087892480 94414932156416 94414935427117 140732940001024 0 0 0 0 16781312 2 1 0 0 17 100 0 0 90 0 0 94414937790480 94414938074520 94414949253120 140732940004097 140732940004167 140732940004167 140732940005351 0
/proc/17/statm: 55858 18351 5180 799 0 22565 0
[pid=22] ppid=17 vsize=346872 memory=307880 CPUtime=576.4 cores=88-89,92,94,96,100-107,109,200-201,204,206,208,212-219,221
/proc/22/stat : 22 (NuSMVa_linux64) R 17 17 0 0 -1 4194304 135748 0 73 0 57617 23 0 0 20 0 1 0 522810241 355196928 76970 67087892480 4194304 7931321 140725524281920 0 0 0 0 0 512 0 0 0 17 212 0 0 5 0 0 10030016 10037704 33443840 140725524290088 140725524290226 140725524290226 140725524291494 0
/proc/22/statm: 86718 76970 1736 913 0 75520 0
Current children cumulated CPU time: 577.75 s
Current children cumulated vsize: 570304 KiB
Current children cumulated memory: 381284 KiB

[startup+642.3 s]
/proc/loadavg: 99.21 99.41 99.62 100/3398 22
/proc/meminfo: memFree=415128744/527542216 swapFree=30949672/33554428
[pid=17] ppid=13 vsize=223432 memory=73404 CPUtime=1.35 cores=88-89,92,94,96,100-107,109,200-201,204,206,208,212-219,221
/proc/17/stat : 17 (python3) S 13 17 0 0 -1 4194304 13887 501 298 4 67 13 55 0 20 0 1 0 522809985 228794368 18351 67087892480 94414932156416 94414935427117 140732940001024 0 0 0 0 16781312 2 1 0 0 17 100 0 0 90 0 0 94414937790480 94414938074520 94414949253120 140732940004097 140732940004167 140732940004167 140732940005351 0
/proc/17/statm: 55858 18351 5180 799 0 22565 0
[pid=22] ppid=17 vsize=348408 memory=309456 CPUtime=636.07 cores=88-89,92,94,96,100-107,109,200-201,204,206,208,212-219,221
/proc/22/stat : 22 (NuSMVa_linux64) R 17 17 0 0 -1 4194304 136137 0 73 0 63584 23 0 0 20 0 1 0 522810241 356769792 77364 67087892480 4194304 7931321 140725524281920 0 0 0 0 0 512 0 0 0 17 100 0 0 5 0 0 10030016 10037704 33443840 140725524290088 140725524290226 140725524290226 140725524291494 0
/proc/22/statm: 87102 77364 1736 913 0 75904 0
Current children cumulated CPU time: 637.42 s
Current children cumulated vsize: 571840 KiB
Current children cumulated memory: 382860 KiB

[startup+702.3 s]
/proc/loadavg: 99.08 99.33 99.58 100/3397 22
/proc/meminfo: memFree=415107252/527542216 swapFree=30949672/33554428
[pid=17] ppid=13 vsize=223432 memory=73404 CPUtime=1.35 cores=88-89,92,94,96,100-107,109,200-201,204,206,208,212-219,221
/proc/17/stat : 17 (python3) S 13 17 0 0 -1 4194304 13887 501 298 4 67 13 55 0 20 0 1 0 522809985 228794368 18351 67087892480 94414932156416 94414935427117 140732940001024 0 0 0 0 16781312 2 1 0 0 17 100 0 0 90 0 0 94414937790480 94414938074520 94414949253120 140732940004097 140732940004167 140732940004167 140732940005351 0
/proc/17/statm: 55858 18351 5180 799 0 22565 0
[pid=22] ppid=17 vsize=348408 memory=309456 CPUtime=695.75 cores=88-89,92,94,96,100-107,109,200-201,204,206,208,212-219,221
/proc/22/stat : 22 (NuSMVa_linux64) R 17 17 0 0 -1 4194304 136200 0 73 0 69552 23 0 0 20 0 1 0 522810241 356769792 77364 67087892480 4194304 7931321 140725524281920 0 0 0 0 0 512 0 0 0 17 100 0 0 5 0 0 10030016 10037704 33443840 140725524290088 140725524290226 140725524290226 140725524291494 0
/proc/22/statm: 87102 77364 1736 913 0 75904 0
Current children cumulated CPU time: 697.1 s
Current children cumulated vsize: 571840 KiB
Current children cumulated memory: 382860 KiB

[startup+762.3 s]
/proc/loadavg: 99.18 99.31 99.56 100/3397 22
/proc/meminfo: memFree=415023124/527542216 swapFree=30949672/33554428
[pid=17] ppid=13 vsize=223432 memory=73404 CPUtime=1.35 cores=88-89,92,94,96,100-107,109,200-201,204,206,208,212-219,221
/proc/17/stat : 17 (python3) S 13 17 0 0 -1 4194304 13887 501 298 4 67 13 55 0 20 0 1 0 522809985 228794368 18351 67087892480 94414932156416 94414935427117 140732940001024 0 0 0 0 16781312 2 1 0 0 17 100 0 0 90 0 0 94414937790480 94414938074520 94414949253120 140732940004097 140732940004167 140732940004167 140732940005351 0
/proc/17/statm: 55858 18351 5180 799 0 22565 0
[pid=22] ppid=17 vsize=419032 memory=379980 CPUtime=755.43 cores=88-89,92,94,96,100-107,109,200-201,204,206,208,212-219,221
/proc/22/stat : 22 (NuSMVa_linux64) R 17 17 0 0 -1 4194304 153921 0 73 0 75516 27 0 0 20 0 1 0 522810241 429088768 94995 67087892480 4194304 7931321 140725524281920 0 0 0 0 0 512 0 0 0 17 100 0 0 5 0 0 10030016 10037704 33443840 140725524290088 140725524290226 140725524290226 140725524291494 0
/proc/22/statm: 104758 94995 1736 913 0 93560 0
Current children cumulated CPU time: 756.78 s
Current children cumulated vsize: 642464 KiB
Current children cumulated memory: 453384 KiB

[startup+822.3 s]
/proc/loadavg: 99.06 99.25 99.52 100/3396 22
/proc/meminfo: memFree=414864196/527542216 swapFree=30949672/33554428
[pid=17] ppid=13 vsize=223432 memory=73404 CPUtime=1.35 cores=88-89,92,94,96,100-107,109,200-201,204,206,208,212-219,221
/proc/17/stat : 17 (python3) S 13 17 0 0 -1 4194304 13887 501 298 4 67 13 55 0 20 0 1 0 522809985 228794368 18351 67087892480 94414932156416 94414935427117 140732940001024 0 0 0 0 16781312 2 1 0 0 17 100 0 0 90 0 0 94414937790480 94414938074520 94414949253120 140732940004097 140732940004167 140732940004167 140732940005351 0
/proc/17/statm: 55858 18351 5180 799 0 22565 0
[pid=22] ppid=17 vsize=544732 memory=505620 CPUtime=815.1 cores=88-89,92,94,96,100-107,109,200-201,204,206,208,212-219,221
/proc/22/stat : 22 (NuSMVa_linux64) R 17 17 0 0 -1 4194304 185344 0 73 0 81477 33 0 0 20 0 1 0 522810241 557805568 126405 67087892480 4194304 7931321 140725524281920 0 0 0 0 0 512 0 0 0 17 100 0 0 5 0 0 10030016 10037704 33443840 140725524290088 140725524290226 140725524290226 140725524291494 0
/proc/22/statm: 136183 126405 1736 913 0 124985 0
Current children cumulated CPU time: 816.45 s
Current children cumulated vsize: 768164 KiB
Current children cumulated memory: 579024 KiB

[startup+882.3 s]
/proc/loadavg: 98.18 98.87 99.36 100/3402 22
/proc/meminfo: memFree=415163692/527542216 swapFree=30949672/33554428
[pid=17] ppid=13 vsize=223432 memory=73404 CPUtime=1.35 cores=88-89,92,94,96,100-107,109,200-201,204,206,208,212-219,221
/proc/17/stat : 17 (python3) S 13 17 0 0 -1 4194304 13887 501 298 4 67 13 55 0 20 0 1 0 522809985 228794368 18351 67087892480 94414932156416 94414935427117 140732940001024 0 0 0 0 16781312 2 1 0 0 17 100 0 0 90 0 0 94414937790480 94414938074520 94414949253120 140732940004097 140732940004167 140732940004167 140732940005351 0
/proc/17/statm: 55858 18351 5180 799 0 22565 0
[pid=22] ppid=17 vsize=544732 memory=505620 CPUtime=874.78 cores=88-89,92,94,96,100-107,109,200-201,204,206,208,212-219,221
/proc/22/stat : 22 (NuSMVa_linux64) R 17 17 0 0 -1 4194304 185348 0 73 0 87445 33 0 0 20 0 1 0 522810241 557805568 126405 67087892480 4194304 7931321 140725524281920 0 0 0 0 0 512 0 0 0 17 212 0 0 5 0 0 10030016 10037704 33443840 140725524290088 140725524290226 140725524290226 140725524291494 0
/proc/22/statm: 136183 126405 1736 913 0 124985 0
Current children cumulated CPU time: 876.13 s
Current children cumulated vsize: 768164 KiB
Current children cumulated memory: 579024 KiB

[startup+942.3 s]
/proc/loadavg: 98.90 98.96 99.36 100/3400 22
/proc/meminfo: memFree=415138004/527542216 swapFree=30949672/33554428
[pid=17] ppid=13 vsize=223432 memory=73404 CPUtime=1.35 cores=88-89,92,94,96,100-107,109,200-201,204,206,208,212-219,221
/proc/17/stat : 17 (python3) S 13 17 0 0 -1 4194304 13887 501 298 4 67 13 55 0 20 0 1 0 522809985 228794368 18351 67087892480 94414932156416 94414935427117 140732940001024 0 0 0 0 16781312 2 1 0 0 17 100 0 0 90 0 0 94414937790480 94414938074520 94414949253120 140732940004097 140732940004167 140732940004167 140732940005351 0
/proc/17/statm: 55858 18351 5180 799 0 22565 0
[pid=22] ppid=17 vsize=544732 memory=505620 CPUtime=934.49 cores=88-89,92,94,96,100-107,109,200-201,204,206,208,212-219,221
/proc/22/stat : 22 (NuSMVa_linux64) R 17 17 0 0 -1 4194304 185348 0 73 0 93415 34 0 0 20 0 1 0 522810241 557805568 126405 67087892480 4194304 7931321 140725524281920 0 0 0 0 0 512 0 0 0 17 212 0 0 5 0 0 10030016 10037704 33443840 140725524290088 140725524290226 140725524290226 140725524291494 0
/proc/22/statm: 136183 126405 1736 913 0 124985 0
Current children cumulated CPU time: 935.84 s
Current children cumulated vsize: 768164 KiB
Current children cumulated memory: 579024 KiB

[startup+1002.3 s]
/proc/loadavg: 99.04 98.99 99.34 103/3401 22
/proc/meminfo: memFree=417554200/527542216 swapFree=30949672/33554428
[pid=17] ppid=13 vsize=223432 memory=73404 CPUtime=1.35 cores=88-89,92,94,96,100-107,109,200-201,204,206,208,212-219,221
/proc/17/stat : 17 (python3) S 13 17 0 0 -1 4194304 13887 501 298 4 67 13 55 0 20 0 1 0 522809985 228794368 18351 67087892480 94414932156416 94414935427117 140732940001024 0 0 0 0 16781312 2 1 0 0 17 100 0 0 90 0 0 94414937790480 94414938074520 94414949253120 140732940004097 140732940004167 140732940004167 140732940005351 0
/proc/17/statm: 55858 18351 5180 799 0 22565 0
[pid=22] ppid=17 vsize=545244 memory=506116 CPUtime=994.17 cores=88-89,92,94,96,100-107,109,200-201,204,206,208,212-219,221
/proc/22/stat : 22 (NuSMVa_linux64) R 17 17 0 0 -1 4194304 185480 0 73 0 99383 34 0 0 20 0 1 0 522810241 558329856 126529 67087892480 4194304 7931321 140725524281920 0 0 0 0 0 512 0 0 0 17 88 0 0 5 0 0 10030016 10037704 33443840 140725524290088 140725524290226 140725524290226 140725524291494 0
/proc/22/statm: 136311 126529 1736 913 0 125113 0
Current children cumulated CPU time: 995.52 s
Current children cumulated vsize: 768676 KiB
Current children cumulated memory: 579520 KiB

[startup+1062.3 s]
/proc/loadavg: 99.01 98.99 99.32 100/3401 22
/proc/meminfo: memFree=415546920/527542216 swapFree=30949672/33554428
[pid=17] ppid=13 vsize=223432 memory=76272 CPUtime=1.35 cores=88-89,92,94,96,100-107,109,200-201,204,206,208,212-219,221
/proc/17/stat : 17 (python3) S 13 17 0 0 -1 4194304 13887 501 298 4 67 13 55 0 20 0 1 0 522809985 228794368 19068 67087892480 94414932156416 94414935427117 140732940001024 0 0 0 0 16781312 2 1 0 0 17 100 0 0 90 0 0 94414937790480 94414938074520 94414949253120 140732940004097 140732940004167 140732940004167 140732940005351 0
/proc/17/statm: 55858 19068 5180 799 0 22565 0
[pid=22] ppid=17 vsize=545244 memory=506292 CPUtime=1053.85 cores=88-89,92,94,96,100-107,109,200-201,204,206,208,212-219,221
/proc/22/stat : 22 (NuSMVa_linux64) R 17 17 0 0 -1 4194304 247527 0 73 0 105341 44 0 0 20 0 1 0 522810241 558329856 126573 67087892480 4194304 7931321 140725524281920 0 0 0 0 0 512 0 0 0 17 212 0 0 5 0 0 10030016 10037704 33443840 140725524290088 140725524290226 140725524290226 140725524291494 0
/proc/22/statm: 136311 126573 1736 913 0 125113 0
Current children cumulated CPU time: 1055.2 s
Current children cumulated vsize: 768676 KiB
Current children cumulated memory: 582564 KiB

[startup+1122.3 s]
/proc/loadavg: 99.00 99.00 99.29 101/3403 22
/proc/meminfo: memFree=415529452/527542216 swapFree=30949672/33554428
[pid=17] ppid=13 vsize=223432 memory=76272 CPUtime=1.35 cores=88-89,92,94,96,100-107,109,200-201,204,206,208,212-219,221
/proc/17/stat : 17 (python3) S 13 17 0 0 -1 4194304 13887 501 298 4 67 13 55 0 20 0 1 0 522809985 228794368 19068 67087892480 94414932156416 94414935427117 140732940001024 0 0 0 0 16781312 2 1 0 0 17 100 0 0 90 0 0 94414937790480 94414938074520 94414949253120 140732940004097 140732940004167 140732940004167 140732940005351 0
/proc/17/statm: 55858 19068 5180 799 0 22565 0
[pid=22] ppid=17 vsize=547164 memory=508212 CPUtime=1113.49 cores=88-89,92,94,96,100-107,109,200-201,204,206,208,212-219,221
/proc/22/stat : 22 (NuSMVa_linux64) R 17 17 0 0 -1 4194304 249736 0 73 0 111304 45 0 0 20 0 1 0 522810241 560295936 127053 67087892480 4194304 7931321 140725524281920 0 0 0 0 0 512 0 0 0 17 212 0 0 5 0 0 10030016 10037704 33443840 140725524290088 140725524290226 140725524290226 140725524291494 0
/proc/22/statm: 136791 127053 1736 913 0 125593 0
Current children cumulated CPU time: 1114.84 s
Current children cumulated vsize: 770596 KiB
Current children cumulated memory: 584484 KiB

[startup+1182.3 s]
/proc/loadavg: 99.03 99.01 99.28 100/3404 22
/proc/meminfo: memFree=415512844/527542216 swapFree=30949672/33554428
[pid=17] ppid=13 vsize=223432 memory=76272 CPUtime=1.35 cores=88-89,92,94,96,100-107,109,200-201,204,206,208,212-219,221
/proc/17/stat : 17 (python3) S 13 17 0 0 -1 4194304 13887 501 298 4 67 13 55 0 20 0 1 0 522809985 228794368 19068 67087892480 94414932156416 94414935427117 140732940001024 0 0 0 0 16781312 2 1 0 0 17 100 0 0 90 0 0 94414937790480 94414938074520 94414949253120 140732940004097 140732940004167 140732940004167 140732940005351 0
/proc/17/statm: 55858 19068 5180 799 0 22565 0
[pid=22] ppid=17 vsize=547164 memory=508212 CPUtime=1173.14 cores=88-89,92,94,96,100-107,109,200-201,204,206,208,212-219,221
/proc/22/stat : 22 (NuSMVa_linux64) R 17 17 0 0 -1 4194304 249833 0 73 0 117269 45 0 0 20 0 1 0 522810241 560295936 127053 67087892480 4194304 7931321 140725524281920 0 0 0 0 0 512 0 0 0 17 100 0 0 5 0 0 10030016 10037704 33443840 140725524290088 140725524290226 140725524290226 140725524291494 0
/proc/22/statm: 136791 127053 1736 913 0 125593 0
Current children cumulated CPU time: 1174.49 s
Current children cumulated vsize: 770596 KiB
Current children cumulated memory: 584484 KiB

[startup+1242.3 s]
/proc/loadavg: 99.16 99.06 99.28 100/3402 22
/proc/meminfo: memFree=415498636/527542216 swapFree=30949672/33554428
[pid=17] ppid=13 vsize=223432 memory=76272 CPUtime=1.35 cores=88-89,92,94,96,100-107,109,200-201,204,206,208,212-219,221
/proc/17/stat : 17 (python3) S 13 17 0 0 -1 4194304 13887 501 298 4 67 13 55 0 20 0 1 0 522809985 228794368 19068 67087892480 94414932156416 94414935427117 140732940001024 0 0 0 0 16781312 2 1 0 0 17 100 0 0 90 0 0 94414937790480 94414938074520 94414949253120 140732940004097 140732940004167 140732940004167 140732940005351 0
/proc/17/statm: 55858 19068 5180 799 0 22565 0
[pid=22] ppid=17 vsize=551260 memory=512168 CPUtime=1232.76 cores=88-89,92,94,96,100-107,109,200-201,204,206,208,212-219,221
/proc/22/stat : 22 (NuSMVa_linux64) R 17 17 0 0 -1 4194304 251009 0 73 0 123230 46 0 0 20 0 1 0 522810241 564490240 128042 67087892480 4194304 7931321 140725524281920 0 0 0 0 0 512 0 0 0 17 100 0 0 5 0 0 10030016 10037704 33443840 140725524290088 140725524290226 140725524290226 140725524291494 0
/proc/22/statm: 137815 128042 1736 913 0 126617 0
Current children cumulated CPU time: 1234.11 s
Current children cumulated vsize: 774692 KiB
Current children cumulated memory: 588440 KiB

[startup+1302.3 s]
/proc/loadavg: 99.09 99.06 99.26 100/3400 22
/proc/meminfo: memFree=415485076/527542216 swapFree=30949672/33554428
[pid=17] ppid=13 vsize=223432 memory=76272 CPUtime=1.35 cores=88-89,92,94,96,100-107,109,200-201,204,206,208,212-219,221
/proc/17/stat : 17 (python3) S 13 17 0 0 -1 4194304 13887 501 298 4 67 13 55 0 20 0 1 0 522809985 228794368 19068 67087892480 94414932156416 94414935427117 140732940001024 0 0 0 0 16781312 2 1 0 0 17 100 0 0 90 0 0 94414937790480 94414938074520 94414949253120 140732940004097 140732940004167 140732940004167 140732940005351 0
/proc/17/statm: 55858 19068 5180 799 0 22565 0
[pid=22] ppid=17 vsize=551260 memory=512308 CPUtime=1292.39 cores=88-89,92,94,96,100-107,109,200-201,204,206,208,212-219,221
/proc/22/stat : 22 (NuSMVa_linux64) R 17 17 0 0 -1 4194304 251234 0 73 0 129193 46 0 0 20 0 1 0 522810241 564490240 128077 67087892480 4194304 7931321 140725524281920 0 0 0 0 0 512 0 0 0 17 212 0 0 5 0 0 10030016 10037704 33443840 140725524290088 140725524290226 140725524290226 140725524291494 0
/proc/22/statm: 137815 128077 1736 913 0 126617 0
Current children cumulated CPU time: 1293.74 s
Current children cumulated vsize: 774692 KiB
Current children cumulated memory: 588580 KiB

[startup+1362.3 s]
/proc/loadavg: 99.03 99.05 99.24 100/3397 22
/proc/meminfo: memFree=415473416/527542216 swapFree=30949672/33554428
[pid=17] ppid=13 vsize=223432 memory=76272 CPUtime=1.35 cores=88-89,92,94,96,100-107,109,200-201,204,206,208,212-219,221
/proc/17/stat : 17 (python3) S 13 17 0 0 -1 4194304 13887 501 298 4 67 13 55 0 20 0 1 0 522809985 228794368 19068 67087892480 94414932156416 94414935427117 140732940001024 0 0 0 0 16781312 2 1 0 0 17 100 0 0 90 0 0 94414937790480 94414938074520 94414949253120 140732940004097 140732940004167 140732940004167 140732940005351 0
/proc/17/statm: 55858 19068 5180 799 0 22565 0
[pid=22] ppid=17 vsize=551260 memory=512308 CPUtime=1352.03 cores=88-89,92,94,96,100-107,109,200-201,204,206,208,212-219,221
/proc/22/stat : 22 (NuSMVa_linux64) R 17 17 0 0 -1 4194304 251501 0 73 0 135157 46 0 0 20 0 1 0 522810241 564490240 128077 67087892480 4194304 7931321 140725524281920 0 0 0 0 0 512 0 0 0 17 212 0 0 5 0 0 10030016 10037704 33443840 140725524290088 140725524290226 140725524290226 140725524291494 0
/proc/22/statm: 137815 128077 1736 913 0 126617 0
Current children cumulated CPU time: 1353.38 s
Current children cumulated vsize: 774692 KiB
Current children cumulated memory: 588580 KiB

[startup+1422.3 s]
/proc/loadavg: 99.27 99.12 99.26 100/3397 22
/proc/meminfo: memFree=415446912/527542216 swapFree=30949672/33554428
[pid=17] ppid=13 vsize=223432 memory=76272 CPUtime=1.35 cores=88-89,92,94,96,100-107,109,200-201,204,206,208,212-219,221
/proc/17/stat : 17 (python3) S 13 17 0 0 -1 4194304 13887 501 298 4 67 13 55 0 20 0 1 0 522809985 228794368 19068 67087892480 94414932156416 94414935427117 140732940001024 0 0 0 0 16781312 2 1 0 0 17 100 0 0 90 0 0 94414937790480 94414938074520 94414949253120 140732940004097 140732940004167 140732940004167 140732940005351 0
/proc/17/statm: 55858 19068 5180 799 0 22565 0
[pid=22] ppid=17 vsize=552284 memory=513332 CPUtime=1411.73 cores=88-89,92,94,96,100-107,109,200-201,204,206,208,212-219,221
/proc/22/stat : 22 (NuSMVa_linux64) R 17 17 0 0 -1 4194304 251994 0 73 0 141127 46 0 0 20 0 1 0 522810241 565538816 128333 67087892480 4194304 7931321 140725524281920 0 0 0 0 0 512 0 0 0 17 100 0 0 5 0 0 10030016 10037704 33443840 140725524290088 140725524290226 140725524290226 140725524291494 0
/proc/22/statm: 138071 128333 1736 913 0 126873 0
Current children cumulated CPU time: 1413.08 s
Current children cumulated vsize: 775716 KiB
Current children cumulated memory: 589604 KiB

[startup+1482.3 s]
/proc/loadavg: 99.10 99.10 99.24 105/3401 22
/proc/meminfo: memFree=415431728/527542216 swapFree=30949672/33554428
[pid=17] ppid=13 vsize=223432 memory=76272 CPUtime=1.35 cores=88-89,92,94,96,100-107,109,200-201,204,206,208,212-219,221
/proc/17/stat : 17 (python3) S 13 17 0 0 -1 4194304 13887 501 298 4 67 13 55 0 20 0 1 0 522809985 228794368 19068 67087892480 94414932156416 94414935427117 140732940001024 0 0 0 0 16781312 2 1 0 0 17 100 0 0 90 0 0 94414937790480 94414938074520 94414949253120 140732940004097 140732940004167 140732940004167 140732940005351 0
/proc/17/statm: 55858 19068 5180 799 0 22565 0
[pid=22] ppid=17 vsize=554332 memory=515380 CPUtime=1471.42 cores=88-89,92,94,96,100-107,109,200-201,204,206,208,212-219,221
/proc/22/stat : 22 (NuSMVa_linux64) R 17 17 0 0 -1 4194304 252742 0 73 0 147096 46 0 0 20 0 1 0 522810241 567635968 128845 67087892480 4194304 7931321 140725524281920 0 0 0 0 0 512 0 0 0 17 100 0 0 5 0 0 10030016 10037704 33443840 140725524290088 140725524290226 140725524290226 140725524291494 0
/proc/22/statm: 138583 128845 1736 913 0 127385 0
Current children cumulated CPU time: 1472.77 s
Current children cumulated vsize: 777764 KiB
Current children cumulated memory: 591652 KiB

[startup+1542.3 s]
/proc/loadavg: 99.03 99.08 99.22 100/3398 22
/proc/meminfo: memFree=415401004/527542216 swapFree=30949672/33554428
[pid=17] ppid=13 vsize=223432 memory=76272 CPUtime=1.35 cores=88-89,92,94,96,100-107,109,200-201,204,206,208,212-219,221
/proc/17/stat : 17 (python3) S 13 17 0 0 -1 4194304 13887 501 298 4 67 13 55 0 20 0 1 0 522809985 228794368 19068 67087892480 94414932156416 94414935427117 140732940001024 0 0 0 0 16781312 2 1 0 0 17 100 0 0 90 0 0 94414937790480 94414938074520 94414949253120 140732940004097 140732940004167 140732940004167 140732940005351 0
/proc/17/statm: 55858 19068 5180 799 0 22565 0
[pid=22] ppid=17 vsize=555356 memory=516404 CPUtime=1531.12 cores=88-89,92,94,96,100-107,109,200-201,204,206,208,212-219,221
/proc/22/stat : 22 (NuSMVa_linux64) R 17 17 0 0 -1 4194304 253235 0 73 0 153066 46 0 0 20 0 1 0 522810241 568684544 129101 67087892480 4194304 7931321 140725524281920 0 0 0 0 0 512 0 0 0 17 100 0 0 5 0 0 10030016 10037704 33443840 140725524290088 140725524290226 140725524290226 140725524291494 0
/proc/22/statm: 138839 129101 1736 913 0 127641 0
Current children cumulated CPU time: 1532.47 s
Current children cumulated vsize: 778788 KiB
Current children cumulated memory: 592676 KiB

[startup+1602.3 s]
/proc/loadavg: 99.77 99.23 99.26 107/3398 22
/proc/meminfo: memFree=415374876/527542216 swapFree=30949672/33554428
[pid=17] ppid=13 vsize=223432 memory=76272 CPUtime=1.35 cores=88-89,92,94,96,100-107,109,200-201,204,206,208,212-219,221
/proc/17/stat : 17 (python3) S 13 17 0 0 -1 4194304 13887 501 298 4 67 13 55 0 20 0 1 0 522809985 228794368 19068 67087892480 94414932156416 94414935427117 140732940001024 0 0 0 0 16781312 2 1 0 0 17 100 0 0 90 0 0 94414937790480 94414938074520 94414949253120 140732940004097 140732940004167 140732940004167 140732940005351 0
/proc/17/statm: 55858 19068 5180 799 0 22565 0
[pid=22] ppid=17 vsize=561756 memory=522756 CPUtime=1590.81 cores=88-89,92,94,96,100-107,109,200-201,204,206,208,212-219,221
/proc/22/stat : 22 (NuSMVa_linux64) R 17 17 0 0 -1 4194304 255952 0 73 0 159034 47 0 0 20 0 1 0 522810241 575238144 130689 67087892480 4194304 7931321 140725524281920 0 0 0 0 0 512 0 0 0 17 100 0 0 5 0 0 10030016 10037704 33443840 140725524290088 140725524290226 140725524290226 140725524291494 0
/proc/22/statm: 140439 130689 1752 913 0 129241 0
Current children cumulated CPU time: 1592.16 s
Current children cumulated vsize: 785188 KiB
Current children cumulated memory: 599028 KiB

[startup+1662.3 s]
/proc/loadavg: 99.28 99.18 99.24 112/3399 22
/proc/meminfo: memFree=415205560/527542216 swapFree=30949672/33554428
[pid=17] ppid=13 vsize=223432 memory=76272 CPUtime=1.35 cores=88-89,92,94,96,100-107,109,200-201,204,206,208,212-219,221
/proc/17/stat : 17 (python3) S 13 17 0 0 -1 4194304 13887 501 298 4 67 13 55 0 20 0 1 0 522809985 228794368 19068 67087892480 94414932156416 94414935427117 140732940001024 0 0 0 0 16781312 2 1 0 0 17 100 0 0 90 0 0 94414937790480 94414938074520 94414949253120 140732940004097 140732940004167 140732940004167 140732940005351 0
/proc/17/statm: 55858 19068 5180 799 0 22565 0
[pid=22] ppid=17 vsize=714368 memory=675252 CPUtime=1650.47 cores=88-89,92,94,96,100-107,109,200-201,204,206,208,212-219,221
/proc/22/stat : 22 (NuSMVa_linux64) R 17 17 0 0 -1 4194304 294459 0 73 0 164991 56 0 0 20 0 1 0 522810241 731512832 168813 67087892480 4194304 7931321 140725524281920 0 0 0 0 0 512 0 0 0 17 100 0 0 5 0 0 10030016 10037704 33443840 140725524290088 140725524290226 140725524290226 140725524291494 0
/proc/22/statm: 178592 168813 1752 913 0 167394 0
Current children cumulated CPU time: 1651.82 s
Current children cumulated vsize: 937800 KiB
Current children cumulated memory: 751524 KiB

[startup+1722.3 s]
/proc/loadavg: 99.17 99.16 99.23 101/3401 22
/proc/meminfo: memFree=415126108/527542216 swapFree=30949672/33554428
[pid=17] ppid=13 vsize=223432 memory=76272 CPUtime=1.35 cores=88-89,92,94,96,100-107,109,200-201,204,206,208,212-219,221
/proc/17/stat : 17 (python3) S 13 17 0 0 -1 4194304 13887 501 298 4 67 13 55 0 20 0 1 0 522809985 228794368 19068 67087892480 94414932156416 94414935427117 140732940001024 0 0 0 0 16781312 2 1 0 0 17 100 0 0 90 0 0 94414937790480 94414938074520 94414949253120 140732940004097 140732940004167 140732940004167 140732940005351 0
/proc/17/statm: 55858 19068 5180 799 0 22565 0
[pid=22] ppid=17 vsize=742016 memory=703080 CPUtime=1710.11 cores=88-89,92,94,96,100-107,109,200-201,204,206,208,212-219,221
/proc/22/stat : 22 (NuSMVa_linux64) R 17 17 0 0 -1 4194304 301608 0 73 0 170955 56 0 0 20 0 1 0 522810241 759824384 175770 67087892480 4194304 7931321 140725524281920 0 0 0 0 0 512 0 0 0 17 212 0 0 5 0 0 10030016 10037704 33443840 140725524290088 140725524290226 140725524290226 140725524291494 0
/proc/22/statm: 185504 175770 1752 913 0 174306 0
Current children cumulated CPU time: 1711.46 s
Current children cumulated vsize: 965448 KiB
Current children cumulated memory: 779352 KiB

[startup+1782.3 s]
/proc/loadavg: 99.72 99.28 99.26 100/3401 22
/proc/meminfo: memFree=415131520/527542216 swapFree=30949672/33554428
[pid=17] ppid=13 vsize=223432 memory=76272 CPUtime=1.35 cores=88-89,92,94,96,100-107,109,200-201,204,206,208,212-219,221
/proc/17/stat : 17 (python3) S 13 17 0 0 -1 4194304 13887 501 298 4 67 13 55 0 20 0 1 0 522809985 228794368 19068 67087892480 94414932156416 94414935427117 140732940001024 0 0 0 0 16781312 2 1 0 0 17 100 0 0 90 0 0 94414937790480 94414938074520 94414949253120 140732940004097 140732940004167 140732940004167 140732940005351 0
/proc/17/statm: 55858 19068 5180 799 0 22565 0
[pid=22] ppid=17 vsize=742016 memory=703128 CPUtime=1769.76 cores=88-89,92,94,96,100-107,109,200-201,204,206,208,212-219,221
/proc/22/stat : 22 (NuSMVa_linux64) R 17 17 0 0 -1 4194304 301845 0 73 0 176920 56 0 0 20 0 1 0 522810241 759824384 175782 67087892480 4194304 7931321 140725524281920 0 0 0 0 0 512 0 0 0 17 212 0 0 5 0 0 10030016 10037704 33443840 140725524290088 140725524290226 140725524290226 140725524291494 0
/proc/22/statm: 185504 175782 1752 913 0 174306 0
Current children cumulated CPU time: 1771.11 s
Current children cumulated vsize: 965448 KiB
Current children cumulated memory: 779400 KiB



Maximum wall clock time exceeded: sending SIGTERM then SIGKILL

[startup+1800 s]*
/proc/loadavg: 99.64 99.28 99.26 100/3401 22
/proc/meminfo: memFree=415122240/527542216 swapFree=30949672/33554428
[pid=17] ppid=13 vsize=223432 memory=76272 CPUtime=1.35 cores=88-89,92,94,96,100-107,109,200-201,204,206,208,212-219,221
/proc/17/stat : 17 (python3) S 13 17 0 0 -1 4194304 13887 501 298 4 67 13 55 0 20 0 1 0 522809985 228794368 19068 67087892480 94414932156416 94414935427117 140732940001024 0 0 0 0 16781312 2 1 0 0 17 100 0 0 90 0 0 94414937790480 94414938074520 94414949253120 140732940004097 140732940004167 140732940004167 140732940005351 0
/proc/17/statm: 55858 19068 5180 799 0 22565 0
[pid=22] ppid=17 vsize=742016 memory=703128 CPUtime=1787.36 cores=88-89,92,94,96,100-107,109,200-201,204,206,208,212-219,221
/proc/22/stat : 22 (NuSMVa_linux64) R 17 17 0 0 -1 4194304 301972 0 73 0 178680 56 0 0 20 0 1 0 522810241 759824384 175782 67087892480 4194304 7931321 140725524281920 0 0 0 0 0 512 0 0 0 17 212 0 0 5 0 0 10030016 10037704 33443840 140725524290088 140725524290226 140725524290226 140725524291494 0
/proc/22/statm: 185504 175782 1752 913 0 174306 0
Current children cumulated CPU time: 1788.71 s
Current children cumulated vsize: 965448 KiB
Current children cumulated memory: 779400 KiB

Sending SIGTERM to process tree (bottom up)
Sleeping 2 seconds

[startup+1800.01 s]
# the end of solver process 17 was just reported to runsolver
# cumulated CPU time of all completed processes:  user=1.2305 s, system=0.13976 s

[startup+1800.02 s]
# the end of solver process 22 was just reported to runsolver
# cumulated CPU time of all completed processes:  user=1788.03 s, system=0.722385 s
# this solver process was not waited by its parent and was adopted by runsolver

Solver just ended.
??? end of watcher thread
Dumping a history of the last processes samples

Child ended because it received signal 15 (SIGTERM)
Real time (s): 1800.02
CPU time (s): 1788.76
CPU user time (s): 1788.03
CPU system time (s): 0.722385
CPU usage (%): 99.3745
Max. virtual memory (cumulated for all children) (KiB): 965448
Max. memory (cumulated for all children) (KiB): 779400

getrusage(RUSAGE_CHILDREN,...) data:
user time used= 1788.03
system time used= 0.722385
maximum resident set size= 703128
integral shared memory size= 0
integral unshared data size= 0
integral unshared stack size= 0
page reclaims= 316360
page faults= 375
swaps= 0
block input operations= 104576
block output operations= 8
messages sent= 0
messages received= 0
signals received= 0
voluntary context switches= 10533
involuntary context switches= 11169


# summary of solver processes directly reported to runsolver:
#   pid: 17,22
#   total CPU time (s): 1788.76
#   total CPU user time (s): 1788.03
#   total CPU system time (s): 0.722385

??? join timestamper begins
??? join timestamper ends
??? end of timestamper thread
runsolver used 1.4355 second user time and 2.79885 second system time

The end
