# WCTIME: wall clock time in seconds
WCTIME=5.85399
# CPUTIME: CPU time in seconds (USERTIME+SYSTEMTIME)
CPUTIME=5.70983
# USERTIME: CPU time spent in user mode in seconds
USERTIME=5.62581
# SYSTEMTIME: CPU time spent in system mode in seconds
SYSTEMTIME=0.084015
# CPUUSAGE: CPUTIME/WCTIME in percent
CPUUSAGE=97.5373
# MAXVM: maximum virtual memory used in KiB
MAXVM=32360
# MAXMM: maximum memory used in KiB
MAXMM=23872
# MAXRSS: maximum Resident Segment Size in KiB
MAXRSS=12612
# TIMEOUT: did the solver exceed the time limit?
TIMEOUT=false
# MEMOUT: did the solver exceed the memory limit?
MEMOUT=false
# EXITSTATUS: Exit status of the solver
EXITSTATUS=0
