runsolver version 3.4.1 (svn: 3018) Copyright (C) 2010-2013 Olivier ROUSSEL

This program is distributed in the hope that it will be useful,
but WITHOUT ANY WARRANTY; without even the implied warranty of
MERCHANTABILITY or FITNESS FOR A PARTICULAR PURPOSE.  See the
GNU General Public License for more details.

NUMA information:
  number of nodes: 8
  memory of node 0: 63700 MiB (59987 MiB free)
  memory of node 1: 64504 MiB (51066 MiB free)
  memory of node 2: 64504 MiB (63696 MiB free)
  memory of node 3: 64504 MiB (62651 MiB free)
  memory of node 4: 64504 MiB (63285 MiB free)
  memory of node 5: 64504 MiB (60384 MiB free)
  memory of node 6: 64461 MiB (63447 MiB free)
  memory of node 7: 64491 MiB (61015 MiB free)
  node distances:
     10  12  12  12  21  21  21  21
     12  10  12  12  21  21  21  21
     12  12  10  12  21  21  21  21
     12  12  12  10  21  21  21  21
     21  21  21  21  10  12  12  12
     21  21  21  21  12  10  12  12
     21  21  21  21  12  12  10  12
     21  21  21  21  12  12  12  10

command line: /usr/local/bin/runsolver --timestamp -w /output/runsolver-watch.log -v /output/runsolver-values.log -o /output/solver-output.log -C 1800.0 -W 1800.0 -R 64000 /opt/solver/run_bn4rust.py --mode cyber-complement-gfp-plus-sink-scc --instance /input/model_084.bnet 

running on 24 cores: 51-52,56-59,163-164,168-171,174-175,180-185,62-63,72-73

Enforcing CPUTime limit (soft limit, will send SIGTERM then SIGKILL): 1800 seconds
Enforcing CPUTime limit (hard limit, will send SIGXCPU): 1830 seconds
Enforcing wall clock limit (soft limit, will send SIGTERM then SIGKILL): 1800 seconds
Enforcing RSS+Swap limit (soft limit, will send SIGTERM then SIGKILL): 65536000 KiB
Linux 4.18.0-553.159.1.el8_10.x86_64
solver pid=16, runsolver pid=13
Current StackSize limit: 18014398509481983 KiB


[startup+0.100049 s]*
/proc/loadavg: 12.63 13.18 14.16 14/2998 17
/proc/meminfo: memFree=497170696/527542200 swapFree=33532924/33554428
[pid=16] ppid=13 vsize=15800 memory=10112 CPUtime=0.02 cores=51-52,56-59,62-63,68-73,163-164,168-171,174-175,180-185
/proc/16/stat : 16 (python3) S 13 16 0 0 -1 4194304 1396 0 84 0 1 1 0 0 20 0 1 0 53425192 16179200 2528 67087892480 4194304 7154137 140732646717056 0 0 0 0 16781312 2 1 0 0 17 175 0 0 6 0 0 9727432 11029816 28102656 140732646718271 140732646718381 140732646718381 140732646719463 0
/proc/16/statm: 3950 2528 1394 723 0 1674 0
Current children cumulated CPU time: 0.02 s
Current children cumulated vsize: 15800 KiB
Current children cumulated memory: 10112 KiB

[startup+0.200535 s]*
/proc/loadavg: 12.63 13.18 14.16 14/2999 18
/proc/meminfo: memFree=497159092/527542200 swapFree=33532924/33554428
[pid=16] ppid=13 vsize=17684 memory=12420 CPUtime=0.04 cores=51-52,56-59,62-63,68-73,163-164,168-171,174-175,180-185
/proc/16/stat : 16 (python3) S 13 16 0 0 -1 4194304 1897 0 96 0 3 1 0 0 20 0 1 0 53425192 18108416 3105 67087892480 4194304 7154137 140732646717056 0 0 0 0 16781312 2 1 0 0 17 175 0 0 8 0 0 9727432 11029816 28102656 140732646718271 140732646718381 140732646718381 140732646719463 0
/proc/16/statm: 4421 3105 1512 723 0 2063 0
[pid=18] ppid=16 vsize=10612 memory=7068 CPUtime=0.04 cores=51-52,56-59,62-63,68-73,163-164,168-171,174-175,180-185
/proc/18/stat : 18 (bn4rust) R 16 16 0 0 -1 4194304 2361 0 19 0 4 0 0 0 20 0 1 0 53425206 10866688 1767 67087892480 94910968418304 94910970285425 140724674903120 0 0 0 0 4096 1088 0 0 0 17 180 0 0 1 0 0 94910970543488 94910970590424 94910976405504 140724674906882 140724674907030 140724674907030 140724674908129 0
/proc/18/statm: 2653 1767 1092 456 0 814 0
Current children cumulated CPU time: 0.08 s
Current children cumulated vsize: 28296 KiB
Current children cumulated memory: 19488 KiB

[startup+0.300488 s]*
/proc/loadavg: 12.63 13.18 14.16 13/2999 18
/proc/meminfo: memFree=497155532/527542200 swapFree=33532924/33554428
[pid=16] ppid=13 vsize=17684 memory=12420 CPUtime=0.04 cores=51-52,56-59,62-63,68-73,163-164,168-171,174-175,180-185
/proc/16/stat : 16 (python3) S 13 16 0 0 -1 4194304 1897 0 96 0 3 1 0 0 20 0 1 0 53425192 18108416 3105 67087892480 4194304 7154137 140732646717056 0 0 0 0 16781312 2 1 0 0 17 175 0 0 8 0 0 9727432 11029816 28102656 140732646718271 140732646718381 140732646718381 140732646719463 0
/proc/16/statm: 4421 3105 1512 723 0 2063 0
[pid=18] ppid=16 vsize=10648 memory=7168 CPUtime=0.13 cores=51-52,56-59,62-63,68-73,163-164,168-171,174-175,180-185
/proc/18/stat : 18 (bn4rust) R 16 16 0 0 -1 4194304 3855 0 19 0 13 0 0 0 20 0 1 0 53425206 10903552 1792 67087892480 94910968418304 94910970285425 140724674903120 0 0 0 0 4096 1088 0 0 0 17 180 0 0 1 0 0 94910970543488 94910970590424 94910976405504 140724674906882 140724674907030 140724674907030 140724674908129 0
/proc/18/statm: 2662 1792 1092 456 0 823 0
Current children cumulated CPU time: 0.17 s
Current children cumulated vsize: 28332 KiB
Current children cumulated memory: 19588 KiB

[startup+0.700225 s]
/proc/loadavg: 12.63 13.18 14.16 14/2999 18
/proc/meminfo: memFree=497149892/527542200 swapFree=33532924/33554428
[pid=16] ppid=13 vsize=17684 memory=12420 CPUtime=0.04 cores=51-52,56-59,62-63,68-73,163-164,168-171,174-175,180-185
/proc/16/stat : 16 (python3) S 13 16 0 0 -1 4194304 1898 0 96 0 3 1 0 0 20 0 1 0 53425192 18108416 3105 67087892480 4194304 7154137 140732646717056 0 0 0 0 16781312 2 1 0 0 17 175 0 0 8 0 0 9727432 11029816 28102656 140732646718271 140732646718381 140732646718381 140732646719463 0
/proc/16/statm: 4421 3105 1512 723 0 2063 0
[pid=18] ppid=16 vsize=9804 memory=6404 CPUtime=0.53 cores=51-52,56-59,62-63,68-73,163-164,168-171,174-175,180-185
/proc/18/stat : 18 (bn4rust) R 16 16 0 0 -1 4194304 10913 0 19 0 52 1 0 0 20 0 1 0 53425206 10039296 1601 67087892480 94910968418304 94910970285425 140724674903120 0 0 0 0 4096 1088 0 0 0 17 180 0 0 1 0 0 94910970543488 94910970590424 94910976405504 140724674906882 140724674907030 140724674907030 140724674908129 0
/proc/18/statm: 2451 1601 1092 456 0 612 0
Current children cumulated CPU time: 0.57 s
Current children cumulated vsize: 27488 KiB
Current children cumulated memory: 18824 KiB

[startup+1.50023 s]
/proc/loadavg: 12.63 13.18 14.16 12/2999 18
/proc/meminfo: memFree=497136232/527542200 swapFree=33532924/33554428
[pid=16] ppid=13 vsize=17684 memory=12420 CPUtime=0.04 cores=51-52,56-59,62-63,68-73,163-164,168-171,174-175,180-185
/proc/16/stat : 16 (python3) S 13 16 0 0 -1 4194304 1898 0 96 0 3 1 0 0 20 0 1 0 53425192 18108416 3105 67087892480 4194304 7154137 140732646717056 0 0 0 0 16781312 2 1 0 0 17 175 0 0 8 0 0 9727432 11029816 28102656 140732646718271 140732646718381 140732646718381 140732646719463 0
/proc/16/statm: 4421 3105 1512 723 0 2063 0
[pid=18] ppid=16 vsize=12652 memory=9188 CPUtime=1.33 cores=51-52,56-59,62-63,68-73,163-164,168-171,174-175,180-185
/proc/18/stat : 18 (bn4rust) R 16 16 0 0 -1 4194304 27671 0 19 0 129 4 0 0 20 0 1 0 53425206 12955648 2297 67087892480 94910968418304 94910970285425 140724674903120 0 0 0 0 4096 1088 0 0 0 17 180 0 0 1 0 0 94910970543488 94910970590424 94910976405504 140724674906882 140724674907030 140724674907030 140724674908129 0
/proc/18/statm: 3163 2297 1092 456 0 1324 0
Current children cumulated CPU time: 1.37 s
Current children cumulated vsize: 30336 KiB
Current children cumulated memory: 21608 KiB

[startup+3.10043 s]
/proc/loadavg: 12.63 13.18 14.16 28/3000 18
/proc/meminfo: memFree=497452064/527542200 swapFree=33532924/33554428
[pid=16] ppid=13 vsize=17684 memory=12420 CPUtime=0.04 cores=51-52,56-59,62-63,68-73,163-164,168-171,174-175,180-185
/proc/16/stat : 16 (python3) S 13 16 0 0 -1 4194304 1898 0 96 0 3 1 0 0 20 0 1 0 53425192 18108416 3105 67087892480 4194304 7154137 140732646717056 0 0 0 0 16781312 2 1 0 0 17 175 0 0 8 0 0 9727432 11029816 28102656 140732646718271 140732646718381 140732646718381 140732646719463 0
/proc/16/statm: 4421 3105 1512 723 0 2063 0
[pid=18] ppid=16 vsize=14384 memory=10700 CPUtime=2.93 cores=51-52,56-59,62-63,68-73,163-164,168-171,174-175,180-185
/proc/18/stat : 18 (bn4rust) R 16 16 0 0 -1 4194304 46220 0 19 0 286 7 0 0 20 0 1 0 53425206 14729216 2675 67087892480 94910968418304 94910970285425 140724674903120 0 0 0 0 4096 1088 0 0 0 17 180 0 0 1 0 0 94910970543488 94910970590424 94910976405504 140724674906882 140724674907030 140724674907030 140724674908129 0
/proc/18/statm: 3596 2675 1092 456 0 1757 0
Current children cumulated CPU time: 2.97 s
Current children cumulated vsize: 32068 KiB
Current children cumulated memory: 23120 KiB

[startup+6.30025 s]
/proc/loadavg: 12.66 13.18 14.16 12/2999 18
/proc/meminfo: memFree=496975812/527542200 swapFree=33532924/33554428
[pid=16] ppid=13 vsize=17684 memory=12420 CPUtime=0.04 cores=51-52,56-59,62-63,68-73,163-164,168-171,174-175,180-185
/proc/16/stat : 16 (python3) S 13 16 0 0 -1 4194304 1898 0 96 0 3 1 0 0 20 0 1 0 53425192 18108416 3105 67087892480 4194304 7154137 140732646717056 0 0 0 0 16781312 2 1 0 0 17 175 0 0 8 0 0 9727432 11029816 28102656 140732646718271 140732646718381 140732646718381 140732646719463 0
/proc/16/statm: 4421 3105 1512 723 0 2063 0
[pid=18] ppid=16 vsize=24432 memory=20952 CPUtime=6.12 cores=51-52,56-59,62-63,68-73,163-164,168-171,174-175,180-185
/proc/18/stat : 18 (bn4rust) R 16 16 0 0 -1 4194304 63733 0 19 0 602 10 0 0 20 0 1 0 53425206 25018368 5238 67087892480 94910968418304 94910970285425 140724674903120 0 0 0 0 4096 1088 0 0 0 17 180 0 0 1 0 0 94910970543488 94910970590424 94910976405504 140724674906882 140724674907030 140724674907030 140724674908129 0
/proc/18/statm: 6108 5238 1092 456 0 4269 0
Current children cumulated CPU time: 6.16 s
Current children cumulated vsize: 42116 KiB
Current children cumulated memory: 33372 KiB

[startup+12.7003 s]
/proc/loadavg: 12.45 13.13 14.13 12/2975 18
/proc/meminfo: memFree=497134548/527542200 swapFree=33532924/33554428
[pid=16] ppid=13 vsize=17684 memory=12420 CPUtime=0.04 cores=51-52,56-59,62-63,68-73,163-164,168-171,174-175,180-185
/proc/16/stat : 16 (python3) S 13 16 0 0 -1 4194304 1898 0 96 0 3 1 0 0 20 0 1 0 53425192 18108416 3105 67087892480 4194304 7154137 140732646717056 0 0 0 0 16781312 2 1 0 0 17 175 0 0 8 0 0 9727432 11029816 28102656 140732646718271 140732646718381 140732646718381 140732646719463 0
/proc/16/statm: 4421 3105 1512 723 0 2063 0
[pid=18] ppid=16 vsize=68080 memory=63204 CPUtime=12.5 cores=51-52,56-59,62-63,68-73,163-164,168-171,174-175,180-185
/proc/18/stat : 18 (bn4rust) R 16 16 0 0 -1 4194304 81097 0 19 0 1235 15 0 0 20 0 1 0 53425206 69713920 15801 67087892480 94910968418304 94910970285425 140724674903120 0 0 0 0 4096 1088 0 0 0 17 180 0 0 1 0 0 94910970543488 94910970590424 94910976405504 140724674906882 140724674907030 140724674907030 140724674908129 0
/proc/18/statm: 17020 15801 1092 456 0 15181 0
Current children cumulated CPU time: 12.54 s
Current children cumulated vsize: 85764 KiB
Current children cumulated memory: 75624 KiB

[startup+25.5003 s]
/proc/loadavg: 11.83 12.96 14.06 11/2975 18
/proc/meminfo: memFree=497645116/527542200 swapFree=33532924/33554428
[pid=16] ppid=13 vsize=17684 memory=12420 CPUtime=0.04 cores=51-52,56-59,62-63,68-73,163-164,168-171,174-175,180-185
/proc/16/stat : 16 (python3) S 13 16 0 0 -1 4194304 1898 0 96 0 3 1 0 0 20 0 1 0 53425192 18108416 3105 67087892480 4194304 7154137 140732646717056 0 0 0 0 16781312 2 1 0 0 17 175 0 0 8 0 0 9727432 11029816 28102656 140732646718271 140732646718381 140732646718381 140732646719463 0
/proc/16/statm: 4421 3105 1512 723 0 2063 0
[pid=18] ppid=16 vsize=90864 memory=87532 CPUtime=25.26 cores=51-52,56-59,62-63,68-73,163-164,168-171,174-175,180-185
/proc/18/stat : 18 (bn4rust) R 16 16 0 0 -1 4194304 95162 0 19 0 2506 20 0 0 20 0 1 0 53425206 93044736 21883 67087892480 94910968418304 94910970285425 140724674903120 0 0 0 0 4096 1088 0 0 0 17 68 0 0 1 0 0 94910970543488 94910970590424 94910976405504 140724674906882 140724674907030 140724674907030 140724674908129 0
/proc/18/statm: 22716 21883 1092 456 0 20877 0
Current children cumulated CPU time: 25.3 s
Current children cumulated vsize: 108548 KiB
Current children cumulated memory: 99952 KiB

[startup+51.1005 s]
/proc/loadavg: 11.20 12.72 13.95 12/2969 18
/proc/meminfo: memFree=497130936/527542200 swapFree=33532924/33554428
[pid=16] ppid=13 vsize=17684 memory=12420 CPUtime=0.04 cores=51-52,56-59,62-63,68-73,163-164,168-171,174-175,180-185
/proc/16/stat : 16 (python3) S 13 16 0 0 -1 4194304 1898 0 96 0 3 1 0 0 20 0 1 0 53425192 18108416 3105 67087892480 4194304 7154137 140732646717056 0 0 0 0 16781312 2 1 0 0 17 175 0 0 8 0 0 9727432 11029816 28102656 140732646718271 140732646718381 140732646718381 140732646719463 0
/proc/16/statm: 4421 3105 1512 723 0 2063 0
[pid=18] ppid=16 vsize=103664 memory=100392 CPUtime=50.78 cores=51-52,56-59,62-63,68-73,163-164,168-171,174-175,180-185
/proc/18/stat : 18 (bn4rust) R 16 16 0 0 -1 4194304 128669 0 19 0 5040 38 0 0 20 0 1 0 53425206 106151936 25098 67087892480 94910968418304 94910970285425 140724674903120 0 0 0 0 4096 1088 0 0 0 17 68 0 0 1 0 0 94910970543488 94910970590424 94910976405504 140724674906882 140724674907030 140724674907030 140724674908129 0
/proc/18/statm: 25916 25098 1092 456 0 24077 0
Current children cumulated CPU time: 50.82 s
Current children cumulated vsize: 121348 KiB
Current children cumulated memory: 112812 KiB

[startup+102.3 s]
/proc/loadavg: 23.04 15.70 14.90 19/2992 18
/proc/meminfo: memFree=496411660/527542200 swapFree=33532924/33554428
[pid=16] ppid=13 vsize=17684 memory=12420 CPUtime=0.04 cores=51-52,56-59,62-63,68-73,163-164,168-171,174-175,180-185
/proc/16/stat : 16 (python3) S 13 16 0 0 -1 4194304 1898 0 96 0 3 1 0 0 20 0 1 0 53425192 18108416 3105 67087892480 4194304 7154137 140732646717056 0 0 0 0 16781312 2 1 0 0 17 175 0 0 8 0 0 9727432 11029816 28102656 140732646718271 140732646718381 140732646718381 140732646719463 0
/proc/16/statm: 4421 3105 1512 723 0 2063 0
[pid=18] ppid=16 vsize=266488 memory=257792 CPUtime=101.8 cores=51-52,56-59,62-63,68-73,163-164,168-171,174-175,180-185
/proc/18/stat : 18 (bn4rust) R 16 16 0 0 -1 4194304 203481 0 19 0 10091 89 0 0 20 0 1 0 53425206 272883712 64448 67087892480 94910968418304 94910970285425 140724674903120 0 0 0 0 4096 1088 0 0 0 17 68 0 0 1 0 0 94910970543488 94910970590424 94910976405504 140724674906882 140724674907030 140724674907030 140724674908129 0
/proc/18/statm: 66622 64448 1092 456 0 64783 0
Current children cumulated CPU time: 101.84 s
Current children cumulated vsize: 284172 KiB
Current children cumulated memory: 270212 KiB

[startup+162.3 s]
/proc/loadavg: 27.92 18.39 15.88 34/2977 18
/proc/meminfo: memFree=495291968/527542200 swapFree=33532924/33554428
[pid=16] ppid=13 vsize=17684 memory=12420 CPUtime=0.04 cores=51-52,56-59,62-63,68-73,163-164,168-171,174-175,180-185
/proc/16/stat : 16 (python3) S 13 16 0 0 -1 4194304 1898 0 96 0 3 1 0 0 20 0 1 0 53425192 18108416 3105 67087892480 4194304 7154137 140732646717056 0 0 0 0 16781312 2 1 0 0 17 175 0 0 8 0 0 9727432 11029816 28102656 140732646718271 140732646718381 140732646718381 140732646719463 0
/proc/16/statm: 4421 3105 1512 723 0 2063 0
[pid=18] ppid=16 vsize=138480 memory=135128 CPUtime=161.59 cores=51-52,56-59,62-63,68-73,163-164,168-171,174-175,180-185
/proc/18/stat : 18 (bn4rust) R 16 16 0 0 -1 4194304 282367 0 19 0 15997 162 0 0 20 0 1 0 53425206 141803520 33782 67087892480 94910968418304 94910970285425 140724674903120 0 0 0 0 4096 1088 0 0 0 17 68 0 0 1 0 0 94910970543488 94910970590424 94910976405504 140724674906882 140724674907030 140724674907030 140724674908129 0
/proc/18/statm: 34620 33782 1092 456 0 32781 0
Current children cumulated CPU time: 161.63 s
Current children cumulated vsize: 156164 KiB
Current children cumulated memory: 147548 KiB

[startup+222.3 s]
/proc/loadavg: 31.58 21.17 16.99 27/2974 18
/proc/meminfo: memFree=494476680/527542200 swapFree=33532924/33554428
[pid=16] ppid=13 vsize=17684 memory=12420 CPUtime=0.04 cores=51-52,56-59,62-63,68-73,163-164,168-171,174-175,180-185
/proc/16/stat : 16 (python3) S 13 16 0 0 -1 4194304 1898 0 96 0 3 1 0 0 20 0 1 0 53425192 18108416 3105 67087892480 4194304 7154137 140732646717056 0 0 0 0 16781312 2 1 0 0 17 175 0 0 8 0 0 9727432 11029816 28102656 140732646718271 140732646718381 140732646718381 140732646719463 0
/proc/16/statm: 4421 3105 1512 723 0 2063 0
[pid=18] ppid=16 vsize=175344 memory=165780 CPUtime=221.39 cores=51-52,56-59,62-63,68-73,163-164,168-171,174-175,180-185
/proc/18/stat : 18 (bn4rust) R 16 16 0 0 -1 4194304 368083 0 19 0 21892 247 0 0 20 0 1 0 53425206 179552256 41445 67087892480 94910968418304 94910970285425 140724674903120 0 0 0 0 4096 1088 0 0 0 17 68 0 0 1 0 0 94910970543488 94910970590424 94910976405504 140724674906882 140724674907030 140724674907030 140724674908129 0
/proc/18/statm: 43836 41445 1092 456 0 41997 0
Current children cumulated CPU time: 221.43 s
Current children cumulated vsize: 193028 KiB
Current children cumulated memory: 178200 KiB

[startup+282.3 s]
/proc/loadavg: 30.30 22.75 17.80 30/2962 18
/proc/meminfo: memFree=493784432/527542200 swapFree=33532924/33554428
[pid=16] ppid=13 vsize=17684 memory=12420 CPUtime=0.04 cores=51-52,56-59,62-63,68-73,163-164,168-171,174-175,180-185
/proc/16/stat : 16 (python3) S 13 16 0 0 -1 4194304 1898 0 96 0 3 1 0 0 20 0 1 0 53425192 18108416 3105 67087892480 4194304 7154137 140732646717056 0 0 0 0 16781312 2 1 0 0 17 175 0 0 8 0 0 9727432 11029816 28102656 140732646718271 140732646718381 140732646718381 140732646719463 0
/proc/16/statm: 4421 3105 1512 723 0 2063 0
[pid=18] ppid=16 vsize=175344 memory=172116 CPUtime=281.18 cores=51-52,56-59,62-63,68-73,163-164,168-171,174-175,180-185
/proc/18/stat : 18 (bn4rust) R 16 16 0 0 -1 4194304 450042 0 19 0 27793 325 0 0 20 0 1 0 53425206 179552256 43029 67087892480 94910968418304 94910970285425 140724674903120 0 0 0 0 4096 1088 0 0 0 17 68 0 0 1 0 0 94910970543488 94910970590424 94910976405504 140724674906882 140724674907030 140724674907030 140724674908129 0
/proc/18/statm: 43836 43029 1092 456 0 41997 0
Current children cumulated CPU time: 281.22 s
Current children cumulated vsize: 193028 KiB
Current children cumulated memory: 184536 KiB

[startup+342.3 s]
/proc/loadavg: 31.73 24.53 18.73 33/2940 18
/proc/meminfo: memFree=493659596/527542200 swapFree=33532924/33554428
[pid=16] ppid=13 vsize=17684 memory=12420 CPUtime=0.04 cores=51-52,56-59,62-63,68-73,163-164,168-171,174-175,180-185
/proc/16/stat : 16 (python3) S 13 16 0 0 -1 4194304 1898 0 96 0 3 1 0 0 20 0 1 0 53425192 18108416 3105 67087892480 4194304 7154137 140732646717056 0 0 0 0 16781312 2 1 0 0 17 175 0 0 8 0 0 9727432 11029816 28102656 140732646718271 140732646718381 140732646718381 140732646719463 0
/proc/16/statm: 4421 3105 1512 723 0 2063 0
[pid=18] ppid=16 vsize=150768 memory=147540 CPUtime=340.98 cores=51-52,56-59,62-63,68-73,163-164,168-171,174-175,180-185
/proc/18/stat : 18 (bn4rust) R 16 16 0 0 -1 4194304 523802 0 19 0 33708 390 0 0 20 0 1 0 53425206 154386432 36885 67087892480 94910968418304 94910970285425 140724674903120 0 0 0 0 4096 1088 0 0 0 17 68 0 0 1 0 0 94910970543488 94910970590424 94910976405504 140724674906882 140724674907030 140724674907030 140724674908129 0
/proc/18/statm: 37692 36885 1092 456 0 35853 0
Current children cumulated CPU time: 341.02 s
Current children cumulated vsize: 168452 KiB
Current children cumulated memory: 159960 KiB

[startup+402.3 s]
/proc/loadavg: 29.45 25.17 19.31 33/2937 18
/proc/meminfo: memFree=493887524/527542200 swapFree=33532924/33554428
[pid=16] ppid=13 vsize=17684 memory=12420 CPUtime=0.04 cores=51-52,56-59,62-63,68-73,163-164,168-171,174-175,180-185
/proc/16/stat : 16 (python3) S 13 16 0 0 -1 4194304 1898 0 96 0 3 1 0 0 20 0 1 0 53425192 18108416 3105 67087892480 4194304 7154137 140732646717056 0 0 0 0 16781312 2 1 0 0 17 175 0 0 8 0 0 9727432 11029816 28102656 140732646718271 140732646718381 140732646718381 140732646719463 0
/proc/16/statm: 4421 3105 1512 723 0 2063 0
[pid=18] ppid=16 vsize=181492 memory=178256 CPUtime=400.78 cores=51-52,56-59,62-63,68-73,163-164,168-171,174-175,180-185
/proc/18/stat : 18 (bn4rust) R 16 16 0 0 -1 4194304 621501 0 19 0 39611 467 0 0 20 0 1 0 53425206 185847808 44564 67087892480 94910968418304 94910970285425 140724674903120 0 0 0 0 4096 1088 0 0 0 17 180 0 0 1 0 0 94910970543488 94910970590424 94910976405504 140724674906882 140724674907030 140724674907030 140724674908129 0
/proc/18/statm: 45373 44564 1092 456 0 43534 0
Current children cumulated CPU time: 400.82 s
Current children cumulated vsize: 199176 KiB
Current children cumulated memory: 190676 KiB

[startup+462.3 s]
/proc/loadavg: 29.11 25.69 19.85 33/2935 18
/proc/meminfo: memFree=492964928/527542200 swapFree=33532924/33554428
[pid=16] ppid=13 vsize=17684 memory=12420 CPUtime=0.04 cores=51-52,56-59,62-63,68-73,163-164,168-171,174-175,180-185
/proc/16/stat : 16 (python3) S 13 16 0 0 -1 4194304 1899 0 96 0 3 1 0 0 20 0 1 0 53425192 18108416 3105 67087892480 4194304 7154137 140732646717056 0 0 0 0 16781312 2 1 0 0 17 175 0 0 8 0 0 9727432 11029816 28102656 140732646718271 140732646718381 140732646718381 140732646719463 0
/proc/16/statm: 4421 3105 1512 723 0 2063 0
[pid=18] ppid=16 vsize=175344 memory=171868 CPUtime=460.57 cores=51-52,56-59,62-63,68-73,163-164,168-171,174-175,180-185
/proc/18/stat : 18 (bn4rust) R 16 16 0 0 -1 4194304 690724 0 19 0 45543 514 0 0 20 0 1 0 53425206 179552256 42967 67087892480 94910968418304 94910970285425 140724674903120 0 0 0 0 4096 1088 0 0 0 17 68 0 0 1 0 0 94910970543488 94910970590424 94910976405504 140724674906882 140724674907030 140724674907030 140724674908129 0
/proc/18/statm: 43836 42967 1092 456 0 41997 0
Current children cumulated CPU time: 460.61 s
Current children cumulated vsize: 193028 KiB
Current children cumulated memory: 184288 KiB

[startup+522.3 s]
/proc/loadavg: 18.34 23.51 19.48 9/2883 18
/proc/meminfo: memFree=505050420/527542200 swapFree=33532924/33554428
[pid=16] ppid=13 vsize=17684 memory=12420 CPUtime=0.04 cores=51-52,56-59,62-63,68-73,163-164,168-171,174-175,180-185
/proc/16/stat : 16 (python3) S 13 16 0 0 -1 4194304 1899 0 96 0 3 1 0 0 20 0 1 0 53425192 18108416 3105 67087892480 4194304 7154137 140732646717056 0 0 0 0 16781312 2 1 0 0 17 175 0 0 8 0 0 9727432 11029816 28102656 140732646718271 140732646718381 140732646718381 140732646719463 0
/proc/16/statm: 4421 3105 1512 723 0 2063 0
[pid=18] ppid=16 vsize=146672 memory=143300 CPUtime=520.4 cores=51-52,56-59,62-63,68-73,163-164,168-171,174-175,180-185
/proc/18/stat : 18 (bn4rust) R 16 16 0 0 -1 4194304 728164 0 19 0 51503 537 0 0 20 0 1 0 53425206 150192128 35825 67087892480 94910968418304 94910970285425 140724674903120 0 0 0 0 4096 1088 0 0 0 17 68 0 0 1 0 0 94910970543488 94910970590424 94910976405504 140724674906882 140724674907030 140724674907030 140724674908129 0
/proc/18/statm: 36668 35825 1092 456 0 34829 0
Current children cumulated CPU time: 520.44 s
Current children cumulated vsize: 164356 KiB
Current children cumulated memory: 155720 KiB

[startup+552.486 s]
# the end of solver process 16 was just reported to runsolver
# cumulated CPU time of all completed processes:  user=545.073 s, system=5.38735 s

Solver just ended.
??? end of watcher thread
Dumping a history of the last processes samples

[startup+537.6 s]
/proc/loadavg: 16.05 22.75 19.29 9/2882 18
/proc/meminfo: memFree=505048324/527542200 swapFree=33532924/33554428
[pid=16] ppid=13 vsize=17684 memory=12420 CPUtime=0.04 cores=51-52,56-59,62-63,68-73,163-164,168-171,174-175,180-185
/proc/16/stat : 16 (python3) S 13 16 0 0 -1 4194304 1899 0 96 0 3 1 0 0 20 0 1 0 53425192 18108416 3105 67087892480 4194304 7154137 140732646717056 0 0 0 0 16781312 2 1 0 0 17 175 0 0 8 0 0 9727432 11029816 28102656 140732646718271 140732646718381 140732646718381 140732646719463 0
/proc/16/statm: 4421 3105 1512 723 0 2063 0
[pid=18] ppid=16 vsize=146672 memory=143300 CPUtime=535.65 cores=51-52,56-59,62-63,68-73,163-164,168-171,174-175,180-185
/proc/18/stat : 18 (bn4rust) R 16 16 0 0 -1 4194304 728164 0 19 0 53028 537 0 0 20 0 1 0 53425206 150192128 35825 67087892480 94910968418304 94910970285425 140724674903120 0 0 0 0 4096 1088 0 0 0 17 68 0 0 1 0 0 94910970543488 94910970590424 94910976405504 140724674906882 140724674907030 140724674907030 140724674908129 0
/proc/18/statm: 36668 35825 1092 456 0 34829 0
Current children cumulated CPU time: 535.69 s
Current children cumulated vsize: 164356 KiB
Current children cumulated memory: 155720 KiB

[startup+544 s]*
/proc/loadavg: 15.40 22.50 19.23 9/2882 18
/proc/meminfo: memFree=505050336/527542200 swapFree=33532924/33554428
[pid=16] ppid=13 vsize=17684 memory=12420 CPUtime=0.04 cores=51-52,56-59,62-63,68-73,163-164,168-171,174-175,180-185
/proc/16/stat : 16 (python3) S 13 16 0 0 -1 4194304 1899 0 96 0 3 1 0 0 20 0 1 0 53425192 18108416 3105 67087892480 4194304 7154137 140732646717056 0 0 0 0 16781312 2 1 0 0 17 175 0 0 8 0 0 9727432 11029816 28102656 140732646718271 140732646718381 140732646718381 140732646719463 0
/proc/16/statm: 4421 3105 1512 723 0 2063 0
[pid=18] ppid=16 vsize=146672 memory=143300 CPUtime=542.03 cores=51-52,56-59,62-63,68-73,163-164,168-171,174-175,180-185
/proc/18/stat : 18 (bn4rust) R 16 16 0 0 -1 4194304 728164 0 19 0 53666 537 0 0 20 0 1 0 53425206 150192128 35825 67087892480 94910968418304 94910970285425 140724674903120 0 0 0 0 4096 1088 0 0 0 17 68 0 0 1 0 0 94910970543488 94910970590424 94910976405504 140724674906882 140724674907030 140724674907030 140724674908129 0
/proc/18/statm: 36668 35825 1092 456 0 34829 0
Current children cumulated CPU time: 542.07 s
Current children cumulated vsize: 164356 KiB
Current children cumulated memory: 155720 KiB

[startup+547.2 s]
/proc/loadavg: 14.81 22.26 19.17 9/2882 18
/proc/meminfo: memFree=505050344/527542200 swapFree=33532924/33554428
[pid=16] ppid=13 vsize=17684 memory=12420 CPUtime=0.04 cores=51-52,56-59,62-63,68-73,163-164,168-171,174-175,180-185
/proc/16/stat : 16 (python3) S 13 16 0 0 -1 4194304 1899 0 96 0 3 1 0 0 20 0 1 0 53425192 18108416 3105 67087892480 4194304 7154137 140732646717056 0 0 0 0 16781312 2 1 0 0 17 175 0 0 8 0 0 9727432 11029816 28102656 140732646718271 140732646718381 140732646718381 140732646719463 0
/proc/16/statm: 4421 3105 1512 723 0 2063 0
[pid=18] ppid=16 vsize=146672 memory=143300 CPUtime=545.22 cores=51-52,56-59,62-63,68-73,163-164,168-171,174-175,180-185
/proc/18/stat : 18 (bn4rust) R 16 16 0 0 -1 4194304 728164 0 19 0 53985 537 0 0 20 0 1 0 53425206 150192128 35825 67087892480 94910968418304 94910970285425 140724674903120 0 0 0 0 4096 1088 0 0 0 17 68 0 0 1 0 0 94910970543488 94910970590424 94910976405504 140724674906882 140724674907030 140724674907030 140724674908129 0
/proc/18/statm: 36668 35825 1092 456 0 34829 0
Current children cumulated CPU time: 545.26 s
Current children cumulated vsize: 164356 KiB
Current children cumulated memory: 155720 KiB

[startup+550.4 s]
/proc/loadavg: 14.81 22.26 19.17 9/2882 18
/proc/meminfo: memFree=505050596/527542200 swapFree=33532924/33554428
[pid=16] ppid=13 vsize=17684 memory=12420 CPUtime=0.04 cores=51-52,56-59,62-63,68-73,163-164,168-171,174-175,180-185
/proc/16/stat : 16 (python3) S 13 16 0 0 -1 4194304 1899 0 96 0 3 1 0 0 20 0 1 0 53425192 18108416 3105 67087892480 4194304 7154137 140732646717056 0 0 0 0 16781312 2 1 0 0 17 175 0 0 8 0 0 9727432 11029816 28102656 140732646718271 140732646718381 140732646718381 140732646719463 0
/proc/16/statm: 4421 3105 1512 723 0 2063 0
[pid=18] ppid=16 vsize=146672 memory=143300 CPUtime=548.41 cores=51-52,56-59,62-63,68-73,163-164,168-171,174-175,180-185
/proc/18/stat : 18 (bn4rust) R 16 16 0 0 -1 4194304 728164 0 19 0 54304 537 0 0 20 0 1 0 53425206 150192128 35825 67087892480 94910968418304 94910970285425 140724674903120 0 0 0 0 4096 1088 0 0 0 17 68 0 0 1 0 0 94910970543488 94910970590424 94910976405504 140724674906882 140724674907030 140724674907030 140724674908129 0
/proc/18/statm: 36668 35825 1092 456 0 34829 0
Current children cumulated CPU time: 548.45 s
Current children cumulated vsize: 164356 KiB
Current children cumulated memory: 155720 KiB

[startup+551.2 s]
/proc/loadavg: 14.27 22.02 19.11 9/2882 18
/proc/meminfo: memFree=505050848/527542200 swapFree=33532924/33554428
[pid=16] ppid=13 vsize=17684 memory=12420 CPUtime=0.04 cores=51-52,56-59,62-63,68-73,163-164,168-171,174-175,180-185
/proc/16/stat : 16 (python3) S 13 16 0 0 -1 4194304 1899 0 96 0 3 1 0 0 20 0 1 0 53425192 18108416 3105 67087892480 4194304 7154137 140732646717056 0 0 0 0 16781312 2 1 0 0 17 175 0 0 8 0 0 9727432 11029816 28102656 140732646718271 140732646718381 140732646718381 140732646719463 0
/proc/16/statm: 4421 3105 1512 723 0 2063 0
[pid=18] ppid=16 vsize=146672 memory=143300 CPUtime=549.21 cores=51-52,56-59,62-63,68-73,163-164,168-171,174-175,180-185
/proc/18/stat : 18 (bn4rust) R 16 16 0 0 -1 4194304 728164 0 19 0 54384 537 0 0 20 0 1 0 53425206 150192128 35825 67087892480 94910968418304 94910970285425 140724674903120 0 0 0 0 4096 1088 0 0 0 17 68 0 0 1 0 0 94910970543488 94910970590424 94910976405504 140724674906882 140724674907030 140724674907030 140724674908129 0
/proc/18/statm: 36668 35825 1092 456 0 34829 0
Current children cumulated CPU time: 549.25 s
Current children cumulated vsize: 164356 KiB
Current children cumulated memory: 155720 KiB

[startup+552 s]*
/proc/loadavg: 14.27 22.02 19.11 9/2882 18
/proc/meminfo: memFree=505050848/527542200 swapFree=33532924/33554428
[pid=16] ppid=13 vsize=17684 memory=12420 CPUtime=0.04 cores=51-52,56-59,62-63,68-73,163-164,168-171,174-175,180-185
/proc/16/stat : 16 (python3) S 13 16 0 0 -1 4194304 1899 0 96 0 3 1 0 0 20 0 1 0 53425192 18108416 3105 67087892480 4194304 7154137 140732646717056 0 0 0 0 16781312 2 1 0 0 17 175 0 0 8 0 0 9727432 11029816 28102656 140732646718271 140732646718381 140732646718381 140732646719463 0
/proc/16/statm: 4421 3105 1512 723 0 2063 0
[pid=18] ppid=16 vsize=146672 memory=143300 CPUtime=550.01 cores=51-52,56-59,62-63,68-73,163-164,168-171,174-175,180-185
/proc/18/stat : 18 (bn4rust) R 16 16 0 0 -1 4194304 728164 0 19 0 54464 537 0 0 20 0 1 0 53425206 150192128 35825 67087892480 94910968418304 94910970285425 140724674903120 0 0 0 0 4096 1088 0 0 0 17 68 0 0 1 0 0 94910970543488 94910970590424 94910976405504 140724674906882 140724674907030 140724674907030 140724674908129 0
/proc/18/statm: 36668 35825 1092 456 0 34829 0
Current children cumulated CPU time: 550.05 s
Current children cumulated vsize: 164356 KiB
Current children cumulated memory: 155720 KiB

[startup+552.4 s]
/proc/loadavg: 14.27 22.02 19.11 9/2882 18
/proc/meminfo: memFree=505050848/527542200 swapFree=33532924/33554428
[pid=16] ppid=13 vsize=17684 memory=12420 CPUtime=0.04 cores=51-52,56-59,62-63,68-73,163-164,168-171,174-175,180-185
/proc/16/stat : 16 (python3) S 13 16 0 0 -1 4194304 1899 0 96 0 3 1 0 0 20 0 1 0 53425192 18108416 3105 67087892480 4194304 7154137 140732646717056 0 0 0 0 16781312 2 1 0 0 17 175 0 0 8 0 0 9727432 11029816 28102656 140732646718271 140732646718381 140732646718381 140732646719463 0
/proc/16/statm: 4421 3105 1512 723 0 2063 0
[pid=18] ppid=16 vsize=146656 memory=143528 CPUtime=550.39 cores=51-52,56-59,62-63,68-73,163-164,168-171,174-175,180-185
/proc/18/stat : 18 (bn4rust) D 16 16 0 0 -1 4194304 728167 0 20 0 54502 537 0 0 20 0 1 0 53425206 150175744 35882 67087892480 94910968418304 94910970285425 140724674903120 0 0 0 0 4096 1088 0 0 0 17 68 0 0 1 0 0 94910970543488 94910970590424 94910976405504 140724674906882 140724674907030 140724674907030 140724674908129 0
/proc/18/statm: 36664 35882 1113 456 0 34826 0
Current children cumulated CPU time: 550.43 s
Current children cumulated vsize: 164340 KiB
Current children cumulated memory: 155948 KiB

Child status: 0
Real time (s): 552.486
CPU time (s): 550.46
CPU user time (s): 545.073
CPU system time (s): 5.38735
CPU usage (%): 99.6332
Max. virtual memory (cumulated for all children) (KiB): 478740
Max. memory (cumulated for all children) (KiB): 412868

getrusage(RUSAGE_CHILDREN,...) data:
user time used= 545.073
system time used= 5.38735
maximum resident set size= 435856
integral shared memory size= 0
integral unshared data size= 0
integral unshared stack size= 0
page reclaims= 730086
page faults= 117
swaps= 0
block input operations= 20000
block output operations= 8
messages sent= 0
messages received= 0
signals received= 0
voluntary context switches= 1044
involuntary context switches= 620


# summary of solver processes directly reported to runsolver:
#   pid: 16
#   total CPU time (s): 550.46
#   total CPU user time (s): 545.073
#   total CPU system time (s): 5.38735

??? join timestamper begins
??? join timestamper ends
??? end of timestamper thread
runsolver used 0 second user time and 1.1617 second system time

The end
