# WCTIME: wall clock time in seconds
WCTIME=1493.09
# CPUTIME: CPU time in seconds (USERTIME+SYSTEMTIME)
CPUTIME=1485.9
# USERTIME: CPU time spent in user mode in seconds
USERTIME=1455.14
# SYSTEMTIME: CPU time spent in system mode in seconds
SYSTEMTIME=30.7515
# CPUUSAGE: CPUTIME/WCTIME in percent
CPUUSAGE=99.5183
# MAXVM: maximum virtual memory used in KiB
MAXVM=88992420
# MAXMM: maximum memory used in KiB
MAXMM=65337400
# MAXRSS: maximum Resident Segment Size in KiB
MAXRSS=65334692
# TIMEOUT: did the solver exceed the time limit?
TIMEOUT=false
# MEMOUT: did the solver exceed the memory limit?
MEMOUT=false
# EXITSTATUS: Exit status of the solver
EXITSTATUS=63232
