runsolver version 3.4.1 (svn: 3018) Copyright (C) 2010-2013 Olivier ROUSSEL

This program is distributed in the hope that it will be useful,
but WITHOUT ANY WARRANTY; without even the implied warranty of
MERCHANTABILITY or FITNESS FOR A PARTICULAR PURPOSE.  See the
GNU General Public License for more details.

NUMA information:
  number of nodes: 8
  memory of node 0: 63700 MiB (59202 MiB free)
  memory of node 1: 64504 MiB (62881 MiB free)
  memory of node 2: 64504 MiB (63211 MiB free)
  memory of node 3: 64504 MiB (63541 MiB free)
  memory of node 4: 64461 MiB (63557 MiB free)
  memory of node 5: 64504 MiB (57847 MiB free)
  memory of node 6: 64504 MiB (63567 MiB free)
  memory of node 7: 64491 MiB (57968 MiB free)
  node distances:
     10  12  12  12  21  21  21  21
     12  10  12  12  21  21  21  21
     12  12  10  12  21  21  21  21
     12  12  12  10  21  21  21  21
     21  21  21  21  10  12  12  12
     21  21  21  21  12  10  12  12
     21  21  21  21  12  12  10  12
     21  21  21  21  12  12  12  10

command line: /usr/local/bin/runsolver --timestamp -w /output/runsolver-watch.log -v /output/runsolver-values.log -o /output/solver-output.log -C 1800.0 -W 1800.0 -R 64000 /opt/solver/run_bn4rust.py --mode cyber-complement-gfp-plus-sink-scc --instance /input/model_228.bnet 

running on 20 cores: 28-31,144-147,92-97,204-209

Enforcing CPUTime limit (soft limit, will send SIGTERM then SIGKILL): 1800 seconds
Enforcing CPUTime limit (hard limit, will send SIGXCPU): 1830 seconds
Enforcing wall clock limit (soft limit, will send SIGTERM then SIGKILL): 1800 seconds
Enforcing RSS+Swap limit (soft limit, will send SIGTERM then SIGKILL): 65536000 KiB
Linux 4.18.0-553.159.1.el8_10.x86_64
solver pid=16, runsolver pid=13
Current StackSize limit: 18014398509481983 KiB


[startup+0.100081 s]*
/proc/loadavg: 7.54 8.27 9.16 9/3007 17
/proc/meminfo: memFree=503633672/527542240 swapFree=33534716/33554428
[pid=16] ppid=13 vsize=15748 memory=9948 CPUtime=0.02 cores=28-35,92-97,140-147,204-209
/proc/16/stat : 16 (python3) R 13 16 0 0 -1 4194304 1369 0 81 0 2 0 0 0 20 0 1 0 53417169 16125952 2487 67087892480 4194304 7154137 140725088741536 0 0 0 0 16781312 2 1 0 0 17 204 0 0 6 0 0 9727432 11029816 29614080 140725088742207 140725088742317 140725088742317 140725088743399 0
/proc/16/statm: 3937 2487 1387 723 0 1673 0
Current children cumulated CPU time: 0.02 s
Current children cumulated vsize: 15748 KiB
Current children cumulated memory: 9948 KiB

[startup+0.200667 s]*
/proc/loadavg: 7.66 8.29 9.16 10/3008 18
/proc/meminfo: memFree=503616016/527542240 swapFree=33534716/33554428
[pid=16] ppid=13 vsize=17684 memory=12396 CPUtime=0.03 cores=28-35,92-97,140-147,204-209
/proc/16/stat : 16 (python3) S 13 16 0 0 -1 4194304 1896 0 96 0 3 0 0 0 20 0 1 0 53417169 18108416 3099 67087892480 4194304 7154137 140725088741536 0 0 0 0 16781312 2 1 0 0 17 204 0 0 8 0 0 9727432 11029816 29614080 140725088742207 140725088742317 140725088742317 140725088743399 0
/proc/16/statm: 4421 3099 1506 723 0 2063 0
[pid=18] ppid=16 vsize=8392 memory=5196 CPUtime=0.03 cores=28-35,92-97,140-147,204-209
/proc/18/stat : 18 (bn4rust) R 16 16 0 0 -1 4194304 638 0 19 0 3 0 0 0 20 0 1 0 53417183 8593408 1299 67087892480 94695296413696 94695298280817 140731695853296 0 0 0 0 4096 1088 0 0 0 17 95 0 0 1 0 0 94695298538880 94695298585816 94695306137600 140731695860482 140731695860630 140731695860630 140731695861729 0
/proc/18/statm: 2098 1299 1109 456 0 259 0
Current children cumulated CPU time: 0.06 s
Current children cumulated vsize: 26076 KiB
Current children cumulated memory: 17592 KiB

[startup+0.300573 s]*
/proc/loadavg: 7.66 8.29 9.16 9/3008 18
/proc/meminfo: memFree=503892496/527542240 swapFree=33534716/33554428
[pid=16] ppid=13 vsize=17684 memory=12396 CPUtime=0.03 cores=28-35,92-97,140-147,204-209
/proc/16/stat : 16 (python3) R 13 16 0 0 -1 4194304 1896 0 96 0 3 0 0 0 20 0 1 0 53417169 18108416 3099 67087892480 4194304 7154137 140725088741536 0 0 0 0 16781312 2 1 0 0 17 204 0 0 8 0 0 9727432 11029816 29614080 140725088742207 140725088742317 140725088742317 140725088743399 0
/proc/16/statm: 4421 3099 1506 723 0 2063 0
[pid=18] ppid=16 vsize=8916 memory=5844 CPUtime=0.13 cores=28-35,92-97,140-147,204-209
/proc/18/stat : 18 (bn4rust) R 16 16 0 0 -1 4194304 2788 0 19 0 13 0 0 0 20 0 1 0 53417183 9129984 1461 67087892480 94695296413696 94695298280817 140731695853296 0 0 0 0 4096 1088 0 0 0 17 95 0 0 1 0 0 94695298538880 94695298585816 94695306137600 140731695860482 140731695860630 140731695860630 140731695861729 0
/proc/18/statm: 2229 1461 1109 456 0 390 0
Current children cumulated CPU time: 0.16 s
Current children cumulated vsize: 26600 KiB
Current children cumulated memory: 18240 KiB

[startup+0.700268 s]
/proc/loadavg: 7.66 8.29 9.16 9/3008 18
/proc/meminfo: memFree=503791264/527542240 swapFree=33534716/33554428
[pid=16] ppid=13 vsize=17684 memory=12396 CPUtime=0.03 cores=28-35,92-97,140-147,204-209
/proc/16/stat : 16 (python3) S 13 16 0 0 -1 4194304 1896 0 96 0 3 0 0 0 20 0 1 0 53417169 18108416 3099 67087892480 4194304 7154137 140725088741536 0 0 0 0 16781312 2 1 0 0 17 204 0 0 8 0 0 9727432 11029816 29614080 140725088742207 140725088742317 140725088742317 140725088743399 0
/proc/16/statm: 4421 3099 1506 723 0 2063 0
[pid=18] ppid=16 vsize=10276 memory=7076 CPUtime=0.52 cores=28-35,92-97,140-147,204-209
/proc/18/stat : 18 (bn4rust) R 16 16 0 0 -1 4194304 10834 0 19 0 51 1 0 0 20 0 1 0 53417183 10522624 1769 67087892480 94695296413696 94695298280817 140731695853296 0 0 0 0 4096 1088 0 0 0 17 95 0 0 1 0 0 94695298538880 94695298585816 94695306137600 140731695860482 140731695860630 140731695860630 140731695861729 0
/proc/18/statm: 2569 1769 1109 456 0 730 0
Current children cumulated CPU time: 0.55 s
Current children cumulated vsize: 27960 KiB
Current children cumulated memory: 19472 KiB

[startup+1.50029 s]
/proc/loadavg: 7.66 8.29 9.16 9/3008 18
/proc/meminfo: memFree=503891024/527542240 swapFree=33534716/33554428
[pid=16] ppid=13 vsize=17684 memory=12396 CPUtime=0.03 cores=28-35,92-97,140-147,204-209
/proc/16/stat : 16 (python3) S 13 16 0 0 -1 4194304 1896 0 96 0 3 0 0 0 20 0 1 0 53417169 18108416 3099 67087892480 4194304 7154137 140725088741536 0 0 0 0 16781312 2 1 0 0 17 204 0 0 8 0 0 9727432 11029816 29614080 140725088742207 140725088742317 140725088742317 140725088743399 0
/proc/16/statm: 4421 3099 1506 723 0 2063 0
[pid=18] ppid=16 vsize=14600 memory=11336 CPUtime=1.33 cores=28-35,92-97,140-147,204-209
/proc/18/stat : 18 (bn4rust) R 16 16 0 0 -1 4194304 19768 0 19 0 130 3 0 0 20 0 1 0 53417183 14950400 2834 67087892480 94695296413696 94695298280817 140731695853296 0 0 0 0 4096 1088 0 0 0 17 95 0 0 1 0 0 94695298538880 94695298585816 94695306137600 140731695860482 140731695860630 140731695860630 140731695861729 0
/proc/18/statm: 3650 2834 1109 456 0 1811 0
Current children cumulated CPU time: 1.36 s
Current children cumulated vsize: 32284 KiB
Current children cumulated memory: 23732 KiB

[startup+3.10051 s]
/proc/loadavg: 7.66 8.29 9.16 9/3008 18
/proc/meminfo: memFree=503876532/527542240 swapFree=33534716/33554428
[pid=16] ppid=13 vsize=17684 memory=12396 CPUtime=0.03 cores=28-35,92-97,140-147,204-209
/proc/16/stat : 16 (python3) S 13 16 0 0 -1 4194304 1896 0 96 0 3 0 0 0 20 0 1 0 53417169 18108416 3099 67087892480 4194304 7154137 140725088741536 0 0 0 0 16781312 2 1 0 0 17 204 0 0 8 0 0 9727432 11029816 29614080 140725088742207 140725088742317 140725088742317 140725088743399 0
/proc/16/statm: 4421 3099 1506 723 0 2063 0
[pid=18] ppid=16 vsize=16968 memory=13616 CPUtime=2.92 cores=28-35,92-97,140-147,204-209
/proc/18/stat : 18 (bn4rust) R 16 16 0 0 -1 4194304 35588 0 19 0 286 6 0 0 20 0 1 0 53417183 17375232 3404 67087892480 94695296413696 94695298280817 140731695853296 0 0 0 0 4096 1088 0 0 0 17 95 0 0 1 0 0 94695298538880 94695298585816 94695306137600 140731695860482 140731695860630 140731695860630 140731695861729 0
/proc/18/statm: 4242 3404 1109 456 0 2403 0
Current children cumulated CPU time: 2.95 s
Current children cumulated vsize: 34652 KiB
Current children cumulated memory: 26012 KiB

[startup+6.30032 s]
/proc/loadavg: 7.68 8.28 9.15 9/3008 18
/proc/meminfo: memFree=503499876/527542240 swapFree=33534716/33554428
[pid=16] ppid=13 vsize=17684 memory=12396 CPUtime=0.04 cores=28-35,92-97,140-147,204-209
/proc/16/stat : 16 (python3) S 13 16 0 0 -1 4194304 1896 0 96 0 3 1 0 0 20 0 1 0 53417169 18108416 3099 67087892480 4194304 7154137 140725088741536 0 0 0 0 16781312 2 1 0 0 17 204 0 0 8 0 0 9727432 11029816 29614080 140725088742207 140725088742317 140725088742317 140725088743399 0
/proc/16/statm: 4421 3099 1506 723 0 2063 0
[pid=18] ppid=16 vsize=19144 memory=15768 CPUtime=6.11 cores=28-35,92-97,140-147,204-209
/proc/18/stat : 18 (bn4rust) R 16 16 0 0 -1 4194304 55693 0 19 0 602 9 0 0 20 0 1 0 53417183 19603456 3942 67087892480 94695296413696 94695298280817 140731695853296 0 0 0 0 4096 1088 0 0 0 17 95 0 0 1 0 0 94695298538880 94695298585816 94695306137600 140731695860482 140731695860630 140731695860630 140731695861729 0
/proc/18/statm: 4786 3942 1109 456 0 2947 0
Current children cumulated CPU time: 6.15 s
Current children cumulated vsize: 36828 KiB
Current children cumulated memory: 28164 KiB

[startup+12.7003 s]
/proc/loadavg: 7.71 8.28 9.15 9/3008 18
/proc/meminfo: memFree=502601844/527542240 swapFree=33534716/33554428
[pid=16] ppid=13 vsize=17684 memory=12396 CPUtime=0.04 cores=28-35,92-97,140-147,204-209
/proc/16/stat : 16 (python3) S 13 16 0 0 -1 4194304 1896 0 96 0 3 1 0 0 20 0 1 0 53417169 18108416 3099 67087892480 4194304 7154137 140725088741536 0 0 0 0 16781312 2 1 0 0 17 204 0 0 8 0 0 9727432 11029816 29614080 140725088742207 140725088742317 140725088742317 140725088743399 0
/proc/16/statm: 4421 3099 1506 723 0 2063 0
[pid=18] ppid=16 vsize=19144 memory=15768 CPUtime=12.48 cores=28-35,92-97,140-147,204-209
/proc/18/stat : 18 (bn4rust) R 16 16 0 0 -1 4194304 82478 0 19 0 1234 14 0 0 20 0 1 0 53417183 19603456 3942 67087892480 94695296413696 94695298280817 140731695853296 0 0 0 0 4096 1088 0 0 0 17 95 0 0 1 0 0 94695298538880 94695298585816 94695306137600 140731695860482 140731695860630 140731695860630 140731695861729 0
/proc/18/statm: 4786 3942 1109 456 0 2947 0
Current children cumulated CPU time: 12.52 s
Current children cumulated vsize: 36828 KiB
Current children cumulated memory: 28164 KiB

[startup+19.2466 s]
# the end of solver process 16 was just reported to runsolver
# cumulated CPU time of all completed processes:  user=18.9061 s, system=0.165347 s

Solver just ended.
??? end of watcher thread
Dumping a history of the last processes samples

[startup+12.8004 s]
/proc/loadavg: 7.71 8.28 9.15 9/3008 18
/proc/meminfo: memFree=502601844/527542240 swapFree=33534716/33554428
[pid=16] ppid=13 vsize=17684 memory=12396 CPUtime=0.04 cores=28-35,92-97,140-147,204-209
/proc/16/stat : 16 (python3) S 13 16 0 0 -1 4194304 1896 0 96 0 3 1 0 0 20 0 1 0 53417169 18108416 3099 67087892480 4194304 7154137 140725088741536 0 0 0 0 16781312 2 1 0 0 17 204 0 0 8 0 0 9727432 11029816 29614080 140725088742207 140725088742317 140725088742317 140725088743399 0
/proc/16/statm: 4421 3099 1506 723 0 2063 0
[pid=18] ppid=16 vsize=19144 memory=15768 CPUtime=12.58 cores=28-35,92-97,140-147,204-209
/proc/18/stat : 18 (bn4rust) R 16 16 0 0 -1 4194304 82478 0 19 0 1244 14 0 0 20 0 1 0 53417183 19603456 3942 67087892480 94695296413696 94695298280817 140731695853296 0 0 0 0 4096 1088 0 0 0 17 95 0 0 1 0 0 94695298538880 94695298585816 94695306137600 140731695860482 140731695860630 140731695860630 140731695861729 0
/proc/18/statm: 4786 3942 1109 456 0 2947 0
Current children cumulated CPU time: 12.62 s
Current children cumulated vsize: 36828 KiB
Current children cumulated memory: 28164 KiB

[startup+16.0003 s]*
/proc/loadavg: 7.73 8.27 9.14 9/3008 18
/proc/meminfo: memFree=503862920/527542240 swapFree=33534716/33554428
[pid=16] ppid=13 vsize=17684 memory=12396 CPUtime=0.04 cores=28-35,92-97,140-147,204-209
/proc/16/stat : 16 (python3) S 13 16 0 0 -1 4194304 1897 0 96 0 3 1 0 0 20 0 1 0 53417169 18108416 3099 67087892480 4194304 7154137 140725088741536 0 0 0 0 16781312 2 1 0 0 17 204 0 0 8 0 0 9727432 11029816 29614080 140725088742207 140725088742317 140725088742317 140725088743399 0
/proc/16/statm: 4421 3099 1506 723 0 2063 0
[pid=18] ppid=16 vsize=22984 memory=19728 CPUtime=15.78 cores=28-35,92-97,140-147,204-209
/proc/18/stat : 18 (bn4rust) R 16 16 0 0 -1 4194304 84844 0 19 0 1563 15 0 0 20 0 1 0 53417183 23535616 4932 67087892480 94695296413696 94695298280817 140731695853296 0 0 0 0 4096 1088 0 0 0 17 95 0 0 1 0 0 94695298538880 94695298585816 94695306137600 140731695860482 140731695860630 140731695860630 140731695861729 0
/proc/18/statm: 5746 4932 1109 456 0 3907 0
Current children cumulated CPU time: 15.82 s
Current children cumulated vsize: 40668 KiB
Current children cumulated memory: 32124 KiB

[startup+17.6003 s]
/proc/loadavg: 7.73 8.27 9.14 9/3008 18
/proc/meminfo: memFree=503716764/527542240 swapFree=33534716/33554428
[pid=16] ppid=13 vsize=17684 memory=12396 CPUtime=0.04 cores=28-35,92-97,140-147,204-209
/proc/16/stat : 16 (python3) S 13 16 0 0 -1 4194304 1897 0 96 0 3 1 0 0 20 0 1 0 53417169 18108416 3099 67087892480 4194304 7154137 140725088741536 0 0 0 0 16781312 2 1 0 0 17 204 0 0 8 0 0 9727432 11029816 29614080 140725088742207 140725088742317 140725088742317 140725088743399 0
/proc/16/statm: 4421 3099 1506 723 0 2063 0
[pid=18] ppid=16 vsize=22984 memory=19728 CPUtime=17.37 cores=28-35,92-97,140-147,204-209
/proc/18/stat : 18 (bn4rust) R 16 16 0 0 -1 4194304 84844 0 19 0 1722 15 0 0 20 0 1 0 53417183 23535616 4932 67087892480 94695296413696 94695298280817 140731695853296 0 0 0 0 4096 1088 0 0 0 17 95 0 0 1 0 0 94695298538880 94695298585816 94695306137600 140731695860482 140731695860630 140731695860630 140731695861729 0
/proc/18/statm: 5746 4932 1109 456 0 3907 0
Current children cumulated CPU time: 17.41 s
Current children cumulated vsize: 40668 KiB
Current children cumulated memory: 32124 KiB

[startup+18.4003 s]
/proc/loadavg: 7.73 8.27 9.14 9/3007 18
/proc/meminfo: memFree=503819952/527542240 swapFree=33534716/33554428
[pid=16] ppid=13 vsize=17684 memory=12396 CPUtime=0.04 cores=28-35,92-97,140-147,204-209
/proc/16/stat : 16 (python3) S 13 16 0 0 -1 4194304 1897 0 96 0 3 1 0 0 20 0 1 0 53417169 18108416 3099 67087892480 4194304 7154137 140725088741536 0 0 0 0 16781312 2 1 0 0 17 204 0 0 8 0 0 9727432 11029816 29614080 140725088742207 140725088742317 140725088742317 140725088743399 0
/proc/16/statm: 4421 3099 1506 723 0 2063 0
[pid=18] ppid=16 vsize=22984 memory=19728 CPUtime=18.17 cores=28-35,92-97,140-147,204-209
/proc/18/stat : 18 (bn4rust) R 16 16 0 0 -1 4194304 84844 0 19 0 1802 15 0 0 20 0 1 0 53417183 23535616 4932 67087892480 94695296413696 94695298280817 140731695853296 0 0 0 0 4096 1088 0 0 0 17 95 0 0 1 0 0 94695298538880 94695298585816 94695306137600 140731695860482 140731695860630 140731695860630 140731695861729 0
/proc/18/statm: 5746 4932 1109 456 0 3907 0
Current children cumulated CPU time: 18.21 s
Current children cumulated vsize: 40668 KiB
Current children cumulated memory: 32124 KiB

[startup+18.8003 s]
/proc/loadavg: 7.73 8.27 9.14 9/3007 18
/proc/meminfo: memFree=503819952/527542240 swapFree=33534716/33554428
[pid=16] ppid=13 vsize=17684 memory=12396 CPUtime=0.05 cores=28-35,92-97,140-147,204-209
/proc/16/stat : 16 (python3) S 13 16 0 0 -1 4194304 1897 0 96 0 4 1 0 0 20 0 1 0 53417169 18108416 3099 67087892480 4194304 7154137 140725088741536 0 0 0 0 16781312 2 1 0 0 17 204 0 0 8 0 0 9727432 11029816 29614080 140725088742207 140725088742317 140725088742317 140725088743399 0
/proc/16/statm: 4421 3099 1506 723 0 2063 0
[pid=18] ppid=16 vsize=22984 memory=19728 CPUtime=18.57 cores=28-35,92-97,140-147,204-209
/proc/18/stat : 18 (bn4rust) R 16 16 0 0 -1 4194304 84844 0 19 0 1842 15 0 0 20 0 1 0 53417183 23535616 4932 67087892480 94695296413696 94695298280817 140731695853296 0 0 0 0 4096 1088 0 0 0 17 95 0 0 1 0 0 94695298538880 94695298585816 94695306137600 140731695860482 140731695860630 140731695860630 140731695861729 0
/proc/18/statm: 5746 4932 1109 456 0 3907 0
Current children cumulated CPU time: 18.62 s
Current children cumulated vsize: 40668 KiB
Current children cumulated memory: 32124 KiB

[startup+19.2003 s]
/proc/loadavg: 7.73 8.27 9.14 9/3007 18
/proc/meminfo: memFree=503805660/527542240 swapFree=33534716/33554428
[pid=16] ppid=13 vsize=17684 memory=12396 CPUtime=0.05 cores=28-35,92-97,140-147,204-209
/proc/16/stat : 16 (python3) S 13 16 0 0 -1 4194304 1898 0 96 0 4 1 0 0 20 0 1 0 53417169 18108416 3099 67087892480 4194304 7154137 140725088741536 0 0 0 0 16781312 2 1 0 0 17 204 0 0 8 0 0 9727432 11029816 29614080 140725088742207 140725088742317 140725088742317 140725088743399 0
/proc/16/statm: 4421 3099 1506 723 0 2063 0
[pid=18] ppid=16 vsize=22984 memory=19728 CPUtime=18.97 cores=28-35,92-97,140-147,204-209
/proc/18/stat : 18 (bn4rust) R 16 16 0 0 -1 4194304 84844 0 19 0 1882 15 0 0 20 0 1 0 53417183 23535616 4932 67087892480 94695296413696 94695298280817 140731695853296 0 0 0 0 4096 1088 0 0 0 17 95 0 0 1 0 0 94695298538880 94695298585816 94695306137600 140731695860482 140731695860630 140731695860630 140731695861729 0
/proc/18/statm: 5746 4932 1109 456 0 3907 0
Current children cumulated CPU time: 19.02 s
Current children cumulated vsize: 40668 KiB
Current children cumulated memory: 32124 KiB

Child status: 0
Real time (s): 19.2467
CPU time (s): 19.0715
CPU user time (s): 18.9061
CPU system time (s): 0.165347
CPU usage (%): 99.0897
Max. virtual memory (cumulated for all children) (KiB): 43228
Max. memory (cumulated for all children) (KiB): 34764

getrusage(RUSAGE_CHILDREN,...) data:
user time used= 18.9061
system time used= 0.165347
maximum resident set size= 22368
integral shared memory size= 0
integral unshared data size= 0
integral unshared stack size= 0
page reclaims= 86766
page faults= 117
swaps= 0
block input operations= 20000
block output operations= 8
messages sent= 0
messages received= 0
signals received= 0
voluntary context switches= 1060
involuntary context switches= 23


# summary of solver processes directly reported to runsolver:
#   pid: 16
#   total CPU time (s): 19.0715
#   total CPU user time (s): 18.9061
#   total CPU system time (s): 0.165347

??? join timestamper begins
??? join timestamper ends
??? end of timestamper thread
runsolver used 0.00528 second user time and 0.047207 second system time

The end
