# WCTIME: wall clock time in seconds
WCTIME=19.2467
# CPUTIME: CPU time in seconds (USERTIME+SYSTEMTIME)
CPUTIME=19.0715
# USERTIME: CPU time spent in user mode in seconds
USERTIME=18.9061
# SYSTEMTIME: CPU time spent in system mode in seconds
SYSTEMTIME=0.165347
# CPUUSAGE: CPUTIME/WCTIME in percent
CPUUSAGE=99.0897
# MAXVM: maximum virtual memory used in KiB
MAXVM=43228
# MAXMM: maximum memory used in KiB
MAXMM=34764
# MAXRSS: maximum Resident Segment Size in KiB
MAXRSS=22368
# TIMEOUT: did the solver exceed the time limit?
TIMEOUT=false
# MEMOUT: did the solver exceed the memory limit?
MEMOUT=false
# EXITSTATUS: Exit status of the solver
EXITSTATUS=0
