runsolver version 3.4.1 (svn: 3018) Copyright (C) 2010-2013 Olivier ROUSSEL

This program is distributed in the hope that it will be useful,
but WITHOUT ANY WARRANTY; without even the implied warranty of
MERCHANTABILITY or FITNESS FOR A PARTICULAR PURPOSE.  See the
GNU General Public License for more details.

NUMA information:
  number of nodes: 8
  memory of node 0: 63700 MiB (60884 MiB free)
  memory of node 1: 64504 MiB (63571 MiB free)
  memory of node 2: 64504 MiB (61509 MiB free)
  memory of node 3: 64504 MiB (62643 MiB free)
  memory of node 4: 64504 MiB (62069 MiB free)
  memory of node 5: 64504 MiB (61694 MiB free)
  memory of node 6: 64461 MiB (61215 MiB free)
  memory of node 7: 64491 MiB (61709 MiB free)
  node distances:
     10  12  12  12  21  21  21  21
     12  10  12  12  21  21  21  21
     12  12  10  12  21  21  21  21
     12  12  12  10  21  21  21  21
     21  21  21  21  10  12  12  12
     21  21  21  21  12  10  12  12
     21  21  21  21  12  12  10  12
     21  21  21  21  12  12  12  10

command line: /usr/local/bin/runsolver --timestamp -w /output/runsolver-watch.log -v /output/runsolver-values.log -o /output/solver-output.log -C 1800.0 -W 1800.0 -R 64000 /opt/solver/run_bn4rust.py --mode cyber-full --instance /input/model_168.bnet 

running on 28 cores: 42-49,154-161,85-90,197-202

Enforcing CPUTime limit (soft limit, will send SIGTERM then SIGKILL): 1800 seconds
Enforcing CPUTime limit (hard limit, will send SIGXCPU): 1830 seconds
Enforcing wall clock limit (soft limit, will send SIGTERM then SIGKILL): 1800 seconds
Enforcing RSS+Swap limit (soft limit, will send SIGTERM then SIGKILL): 65536000 KiB
Linux 4.18.0-553.159.1.el8_10.x86_64
solver pid=16, runsolver pid=14
Current StackSize limit: 18014398509481983 KiB


[startup+0.100067 s]*
/proc/loadavg: 50.16 49.90 49.11 54/2847 17
/proc/meminfo: memFree=507171432/527542244 swapFree=33489148/33554428
[pid=16] ppid=14 vsize=15800 memory=10124 CPUtime=0.02 cores=42-49,85-90,154-161,197-202
/proc/16/stat : 16 (python3) R 14 16 0 0 -1 4194304 1381 0 84 0 2 0 0 0 20 0 1 0 53230738 16179200 2531 67087892480 4194304 7154137 140729224975440 0 0 0 0 16781312 2 0 0 0 17 86 0 0 6 0 0 9727432 11029816 33882112 140729224977239 140729224977325 140729224977325 140729224978407 0
/proc/16/statm: 3950 2531 1396 723 0 1674 0
Current children cumulated CPU time: 0.02 s
Current children cumulated vsize: 15800 KiB
Current children cumulated memory: 10124 KiB

[startup+0.20058 s]*
/proc/loadavg: 50.16 49.90 49.11 50/2848 18
/proc/meminfo: memFree=507164856/527542244 swapFree=33489148/33554428
[pid=16] ppid=14 vsize=17684 memory=12420 CPUtime=0.04 cores=42-49,85-90,154-161,197-202
/proc/16/stat : 16 (python3) S 14 16 0 0 -1 4194304 1893 0 96 0 3 1 0 0 20 0 1 0 53230738 18108416 3105 67087892480 4194304 7154137 140729224975440 0 0 0 0 16781312 2 1 0 0 17 89 0 0 8 0 0 9727432 11029816 33882112 140729224977239 140729224977325 140729224977325 140729224978407 0
/proc/16/statm: 4421 3105 1511 723 0 2063 0
[pid=18] ppid=16 vsize=7772 memory=2112 CPUtime=0 cores=42-49,85-90,154-161,197-202
/proc/18/stat : 18 (bn4rust) I 16 16 0 0 -1 4194304 139 0 12 0 0 0 0 0 20 0 1 0 53230752 7958528 528 67087892480 94025188323328 94025190190449 140722760401712 0 0 0 0 4096 1088 0 0 0 17 197 0 0 1 0 0 94025190448512 94025190495448 94025215213568 140722760403738 140722760403862 140722760403862 140722760404961 0
/proc/18/statm: 1943 528 474 456 0 104 0
Current children cumulated CPU time: 0.04 s
Current children cumulated vsize: 25456 KiB
Current children cumulated memory: 14532 KiB

[startup+0.24462 s]
# the end of solver process 16 was just reported to runsolver
# cumulated CPU time of all completed processes:  user=0.047162 s, system=0.010397 s

Solver just ended.
??? end of watcher thread
Dumping a history of the last processes samples

Child status: 0
Real time (s): 0.24465
CPU time (s): 0.057559
CPU user time (s): 0.047162
CPU system time (s): 0.010397
CPU usage (%): 23.5271
Max. virtual memory (cumulated for all children) (KiB): 25456
Max. memory (cumulated for all children) (KiB): 14532

getrusage(RUSAGE_CHILDREN,...) data:
user time used= 0.047162
system time used= 0.010397
maximum resident set size= 12628
integral shared memory size= 0
integral unshared data size= 0
integral unshared stack size= 0
page reclaims= 2070
page faults= 114
swaps= 0
block input operations= 19960
block output operations= 0
messages sent= 0
messages received= 0
signals received= 0
voluntary context switches= 960
involuntary context switches= 0


# summary of solver processes directly reported to runsolver:
#   pid: 16
#   total CPU time (s): 0.057559
#   total CPU user time (s): 0.047162
#   total CPU system time (s): 0.010397

??? join timestamper begins
??? join timestamper ends
??? end of timestamper thread
runsolver used 0.000839 second user time and 0.005769 second system time

The end
