runsolver version 3.4.1 (svn: 3018) Copyright (C) 2010-2013 Olivier ROUSSEL

This program is distributed in the hope that it will be useful,
but WITHOUT ANY WARRANTY; without even the implied warranty of
MERCHANTABILITY or FITNESS FOR A PARTICULAR PURPOSE.  See the
GNU General Public License for more details.

NUMA information:
  number of nodes: 8
  memory of node 0: 63700 MiB (61911 MiB free)
  memory of node 1: 64504 MiB (62928 MiB free)
  memory of node 2: 64504 MiB (63977 MiB free)
  memory of node 3: 64504 MiB (63548 MiB free)
  memory of node 4: 64504 MiB (63023 MiB free)
  memory of node 5: 64504 MiB (63814 MiB free)
  memory of node 6: 64461 MiB (63831 MiB free)
  memory of node 7: 64491 MiB (63790 MiB free)
  node distances:
     10  12  12  12  21  21  21  21
     12  10  12  12  21  21  21  21
     12  12  10  12  21  21  21  21
     12  12  12  10  21  21  21  21
     21  21  21  21  10  12  12  12
     21  21  21  21  12  10  12  12
     21  21  21  21  12  12  10  12
     21  21  21  21  12  12  12  10

command line: /usr/local/bin/runsolver --timestamp -w /output/runsolver-watch.log -v /output/runsolver-values.log -o /output/solver-output.log -C 1800.0 -W 1800.0 -R 64000 /opt/solver/run_bn4rust.py --mode cyber-full --instance /input/model_035.bnet 

running on 28 cores: 84-97,196-209

Enforcing CPUTime limit (soft limit, will send SIGTERM then SIGKILL): 1800 seconds
Enforcing CPUTime limit (hard limit, will send SIGXCPU): 1830 seconds
Enforcing wall clock limit (soft limit, will send SIGTERM then SIGKILL): 1800 seconds
Enforcing RSS+Swap limit (soft limit, will send SIGTERM then SIGKILL): 65536000 KiB
Linux 4.18.0-553.159.1.el8_10.x86_64
solver pid=16, runsolver pid=13
Current StackSize limit: 18014398509481983 KiB


[startup+0.100065 s]*
/proc/loadavg: 0.66 0.16 0.08 10/2853 17
/proc/meminfo: memFree=518873240/527542256 swapFree=33529852/33554428
[pid=16] ppid=13 vsize=15800 memory=10136 CPUtime=0.01 cores=84-97,196-209
/proc/16/stat : 16 (python3) R 13 16 0 0 -1 4194304 1377 0 84 0 1 0 0 0 20 0 1 0 53231182 16179200 2534 67087892480 4194304 7154137 140720464496928 0 0 0 0 16781312 2 0 0 0 17 93 0 0 6 0 0 9727432 11029816 15917056 140720464501591 140720464501677 140720464501677 140720464502759 0
/proc/16/statm: 3950 2534 1399 723 0 1674 0
Current children cumulated CPU time: 0.01 s
Current children cumulated vsize: 15800 KiB
Current children cumulated memory: 10136 KiB

[startup+0.200644 s]*
/proc/loadavg: 0.66 0.16 0.08 6/2866 18
/proc/meminfo: memFree=518795248/527542256 swapFree=33529852/33554428
[pid=16] ppid=13 vsize=17684 memory=12448 CPUtime=0.04 cores=84-97,196-209
/proc/16/stat : 16 (python3) S 13 16 0 0 -1 4194304 1890 0 96 0 3 1 0 0 20 0 1 0 53231182 18108416 3112 67087892480 4194304 7154137 140720464496928 0 0 0 0 16781312 2 1 0 0 17 93 0 0 8 0 0 9727432 11029816 15917056 140720464501591 140720464501677 140720464501677 140720464502759 0
/proc/16/statm: 4421 3112 1518 723 0 2063 0
[pid=18] ppid=16 vsize=7772 memory=2116 CPUtime=0 cores=84-97,196-209
/proc/18/stat : 18 (bn4rust) I 16 16 0 0 -1 4194304 138 0 12 0 0 0 0 0 20 0 1 0 53231195 7958528 529 67087892480 94218378358784 94218380225905 140732214440368 0 0 0 0 4096 1088 0 0 0 17 202 0 0 1 0 0 94218380483968 94218380530904 94218400964608 140732214446874 140732214446998 140732214446998 140732214448097 0
/proc/18/statm: 1943 529 474 456 0 104 0
Current children cumulated CPU time: 0.04 s
Current children cumulated vsize: 25456 KiB
Current children cumulated memory: 14564 KiB

[startup+0.289996 s]
# the end of solver process 16 was just reported to runsolver
# cumulated CPU time of all completed processes:  user=0.040609 s, system=0.015593 s

Solver just ended.
??? end of watcher thread
Dumping a history of the last processes samples

Child status: 0
Real time (s): 0.290021
CPU time (s): 0.056202
CPU user time (s): 0.040609
CPU system time (s): 0.015593
CPU usage (%): 19.3786
Max. virtual memory (cumulated for all children) (KiB): 25456
Max. memory (cumulated for all children) (KiB): 14564

getrusage(RUSAGE_CHILDREN,...) data:
user time used= 0.040609
system time used= 0.015593
maximum resident set size= 12604
integral shared memory size= 0
integral unshared data size= 0
integral unshared stack size= 0
page reclaims= 2068
page faults= 115
swaps= 0
block input operations= 20000
block output operations= 0
messages sent= 0
messages received= 0
signals received= 0
voluntary context switches= 963
involuntary context switches= 0


# summary of solver processes directly reported to runsolver:
#   pid: 16
#   total CPU time (s): 0.056202
#   total CPU user time (s): 0.040609
#   total CPU system time (s): 0.015593

??? join timestamper begins
??? join timestamper ends
??? end of timestamper thread
runsolver used 0.000832 second user time and 0.00556 second system time

The end
