# WCTIME: wall clock time in seconds
WCTIME=1800.01
# CPUTIME: CPU time in seconds (USERTIME+SYSTEMTIME)
CPUTIME=1792.26
# USERTIME: CPU time spent in user mode in seconds
USERTIME=1767.59
# SYSTEMTIME: CPU time spent in system mode in seconds
SYSTEMTIME=24.6732
# CPUUSAGE: CPUTIME/WCTIME in percent
CPUUSAGE=99.5696
# MAXVM: maximum virtual memory used in KiB
MAXVM=2942128
# MAXMM: maximum memory used in KiB
MAXMM=2504924
# MAXRSS: maximum Resident Segment Size in KiB
MAXRSS=2520032
# TIMEOUT: did the solver exceed the time limit?
TIMEOUT=true
# MEMOUT: did the solver exceed the memory limit?
MEMOUT=false
# EXITSTATUS: Exit status of the solver
EXITSTATUS=15
