# WCTIME: wall clock time in seconds
WCTIME=0.211153
# CPUTIME: CPU time in seconds (USERTIME+SYSTEMTIME)
CPUTIME=0.061099
# USERTIME: CPU time spent in user mode in seconds
USERTIME=0.051823
# SYSTEMTIME: CPU time spent in system mode in seconds
SYSTEMTIME=0.009276
# CPUUSAGE: CPUTIME/WCTIME in percent
CPUUSAGE=28.9359
# MAXVM: maximum virtual memory used in KiB
MAXVM=25568
# MAXMM: maximum memory used in KiB
MAXMM=17072
# MAXRSS: maximum Resident Segment Size in KiB
MAXRSS=12524
# TIMEOUT: did the solver exceed the time limit?
TIMEOUT=false
# MEMOUT: did the solver exceed the memory limit?
MEMOUT=false
# EXITSTATUS: Exit status of the solver
EXITSTATUS=0
