runsolver version 3.4.1 (svn: 3018) Copyright (C) 2010-2013 Olivier ROUSSEL

This program is distributed in the hope that it will be useful,
but WITHOUT ANY WARRANTY; without even the implied warranty of
MERCHANTABILITY or FITNESS FOR A PARTICULAR PURPOSE.  See the
GNU General Public License for more details.

NUMA information:
  number of nodes: 8
  memory of node 0: 63700 MiB (605 MiB free)
  memory of node 1: 64504 MiB (59571 MiB free)
  memory of node 2: 64504 MiB (35269 MiB free)
  memory of node 3: 64504 MiB (34509 MiB free)
  memory of node 4: 64504 MiB (60440 MiB free)
  memory of node 5: 64461 MiB (18611 MiB free)
  memory of node 6: 64504 MiB (10270 MiB free)
  memory of node 7: 64491 MiB (63681 MiB free)
  node distances:
     10  12  12  12  21  21  21  21
     12  10  12  12  21  21  21  21
     12  12  10  12  21  21  21  21
     12  12  12  10  21  21  21  21
     21  21  21  21  10  12  12  12
     21  21  21  21  12  10  12  12
     21  21  21  21  12  12  10  12
     21  21  21  21  12  12  12  10

command line: /usr/local/bin/runsolver --timestamp -w /output/runsolver-watch.log -v /output/runsolver-values.log -o /output/solver-output.log -C 1800.0 -W 1800.0 -R 64000 /opt/solver/run_bn4rust.py --mode cyber-complement-gfp --instance /input/model_062.bnet 

running on 26 cores: 88-101,200-211

Enforcing CPUTime limit (soft limit, will send SIGTERM then SIGKILL): 1800 seconds
Enforcing CPUTime limit (hard limit, will send SIGXCPU): 1830 seconds
Enforcing wall clock limit (soft limit, will send SIGTERM then SIGKILL): 1800 seconds
Enforcing RSS+Swap limit (soft limit, will send SIGTERM then SIGKILL): 65536000 KiB
Linux 4.18.0-553.159.1.el8_10.x86_64
solver pid=16, runsolver pid=13
Current StackSize limit: 18014398509481983 KiB


[startup+0.100069 s]*
/proc/loadavg: 24.62 23.38 23.17 21/2827 17
/proc/meminfo: memFree=289701508/527542248 swapFree=3020/33554428
[pid=16] ppid=13 vsize=15748 memory=9900 CPUtime=0.02 cores=88-101,200-213
/proc/16/stat : 16 (python3) D 13 16 0 0 -1 4194304 1367 0 81 0 2 0 0 0 20 0 1 0 53235992 16125952 2475 67087892480 4194304 7154137 140724621041408 0 0 0 0 16781312 2 0 0 0 17 212 0 0 6 0 0 9727432 11029816 15945728 140724621044557 140724621044653 140724621044653 140724621045735 0
/proc/16/statm: 3937 2475 1374 723 0 1673 0
Current children cumulated CPU time: 0.02 s
Current children cumulated vsize: 15748 KiB
Current children cumulated memory: 9900 KiB

[startup+0.200699 s]*
/proc/loadavg: 24.62 23.38 23.17 26/2828 18
/proc/meminfo: memFree=289687520/527542248 swapFree=3020/33554428
[pid=16] ppid=13 vsize=17684 memory=12348 CPUtime=0.04 cores=88-101,200-213
/proc/16/stat : 16 (python3) S 13 16 0 0 -1 4194304 1894 0 96 0 3 1 0 0 20 0 1 0 53235992 18108416 3087 67087892480 4194304 7154137 140724621041408 0 0 0 0 16781312 2 1 0 0 17 212 0 0 8 0 0 9727432 11029816 15945728 140724621044557 140724621044653 140724621044653 140724621045735 0
/proc/16/statm: 4421 3087 1493 723 0 2063 0
[pid=18] ppid=16 vsize=7772 memory=2060 CPUtime=0 cores=88-101,200-213
/proc/18/stat : 18 (bn4rust) I 16 16 0 0 -1 4194304 137 0 12 0 0 0 0 0 20 0 1 0 53236006 7958528 515 67087892480 93940384624640 93940386491761 140728458214048 0 0 0 0 4096 1088 0 0 0 17 98 0 0 1 0 0 93940386749824 93940386796760 93940408705024 140728458218256 140728458218390 140728458218390 140728458219489 0
/proc/18/statm: 1943 515 461 456 0 104 0
Current children cumulated CPU time: 0.04 s
Current children cumulated vsize: 25456 KiB
Current children cumulated memory: 14408 KiB

[startup+0.25884 s]
# the end of solver process 16 was just reported to runsolver
# cumulated CPU time of all completed processes:  user=0.047907 s, system=0.012591 s

Solver just ended.
??? end of watcher thread
Dumping a history of the last processes samples

Child status: 0
Real time (s): 0.258852
CPU time (s): 0.060498
CPU user time (s): 0.047907
CPU system time (s): 0.012591
CPU usage (%): 23.3717
Max. virtual memory (cumulated for all children) (KiB): 25456
Max. memory (cumulated for all children) (KiB): 14408

getrusage(RUSAGE_CHILDREN,...) data:
user time used= 0.047907
system time used= 0.012591
maximum resident set size= 12548
integral shared memory size= 0
integral unshared data size= 0
integral unshared stack size= 0
page reclaims= 2090
page faults= 115
swaps= 0
block input operations= 19800
block output operations= 0
messages sent= 0
messages received= 0
signals received= 0
voluntary context switches= 964
involuntary context switches= 0


# summary of solver processes directly reported to runsolver:
#   pid: 16
#   total CPU time (s): 0.060498
#   total CPU user time (s): 0.047907
#   total CPU system time (s): 0.012591

??? join timestamper begins
??? join timestamper ends
??? end of timestamper thread
runsolver used 0.000909 second user time and 0.005978 second system time

The end
