# WCTIME: wall clock time in seconds
WCTIME=24.3853
# CPUTIME: CPU time in seconds (USERTIME+SYSTEMTIME)
CPUTIME=23.4622
# USERTIME: CPU time spent in user mode in seconds
USERTIME=23.2707
# SYSTEMTIME: CPU time spent in system mode in seconds
SYSTEMTIME=0.19143
# CPUUSAGE: CPUTIME/WCTIME in percent
CPUUSAGE=96.2144
# MAXVM: maximum virtual memory used in KiB
MAXVM=319516
# MAXMM: maximum memory used in KiB
MAXMM=129764
# MAXRSS: maximum Resident Segment Size in KiB
MAXRSS=71256
# TIMEOUT: did the solver exceed the time limit?
TIMEOUT=false
# MEMOUT: did the solver exceed the memory limit?
MEMOUT=false
# EXITSTATUS: Exit status of the solver
EXITSTATUS=0
