# WCTIME: wall clock time in seconds
WCTIME=74.575
# CPUTIME: CPU time in seconds (USERTIME+SYSTEMTIME)
CPUTIME=74.1638
# USERTIME: CPU time spent in user mode in seconds
USERTIME=73.6391
# SYSTEMTIME: CPU time spent in system mode in seconds
SYSTEMTIME=0.5247
# CPUUSAGE: CPUTIME/WCTIME in percent
CPUUSAGE=99.4486
# MAXVM: maximum virtual memory used in KiB
MAXVM=48192
# MAXMM: maximum memory used in KiB
MAXMM=39320
# MAXRSS: maximum Resident Segment Size in KiB
MAXRSS=26836
# TIMEOUT: did the solver exceed the time limit?
TIMEOUT=false
# MEMOUT: did the solver exceed the memory limit?
MEMOUT=false
# EXITSTATUS: Exit status of the solver
EXITSTATUS=0
