runsolver version 3.4.1 (svn: 3018) Copyright (C) 2010-2013 Olivier ROUSSEL

This program is distributed in the hope that it will be useful,
but WITHOUT ANY WARRANTY; without even the implied warranty of
MERCHANTABILITY or FITNESS FOR A PARTICULAR PURPOSE.  See the
GNU General Public License for more details.

NUMA information:
  number of nodes: 8
  memory of node 0: 63700 MiB (61679 MiB free)
  memory of node 1: 64504 MiB (63579 MiB free)
  memory of node 2: 64504 MiB (63077 MiB free)
  memory of node 3: 64504 MiB (63533 MiB free)
  memory of node 4: 64461 MiB (55255 MiB free)
  memory of node 5: 64504 MiB (62632 MiB free)
  memory of node 6: 64504 MiB (62237 MiB free)
  memory of node 7: 64491 MiB (40614 MiB free)
  node distances:
     10  12  12  12  21  21  21  21
     12  10  12  12  21  21  21  21
     12  12  10  12  21  21  21  21
     12  12  12  10  21  21  21  21
     21  21  21  21  10  12  12  12
     21  21  21  21  12  10  12  12
     21  21  21  21  12  12  10  12
     21  21  21  21  12  12  12  10

command line: /usr/local/bin/runsolver --timestamp -w /output/runsolver-watch.log -v /output/runsolver-values.log -o /output/solver-output.log -C 1800.0 -W 1800.0 -R 64000 /opt/solver/run_bn4rust.py --mode cyber-complement-gfp-plus-immutable --instance /input/model_016.bnet 

running on 8 cores: 60-67

Enforcing CPUTime limit (soft limit, will send SIGTERM then SIGKILL): 1800 seconds
Enforcing CPUTime limit (hard limit, will send SIGXCPU): 1830 seconds
Enforcing wall clock limit (soft limit, will send SIGTERM then SIGKILL): 1800 seconds
Enforcing RSS+Swap limit (soft limit, will send SIGTERM then SIGKILL): 65536000 KiB
Linux 4.18.0-553.159.1.el8_10.x86_64
Current StackSize limit: 18014398509481983 KiB

solver pid=16, runsolver pid=13

[startup+0.100066 s]*
/proc/loadavg: 3.01 9.21 15.56 5/2708 17
/proc/meminfo: memFree=483929692/527542308 swapFree=33554428/33554428
[pid=16] ppid=13 vsize=15800 memory=10136 CPUtime=0.02 cores=56-69,168-181
/proc/16/stat : 16 (python3) D 13 16 0 0 -1 4194304 1388 0 84 0 1 1 0 0 20 0 1 0 53411459 16179200 2534 67087892480 4194304 7154137 140733369692688 0 0 0 0 16781312 2 0 0 0 17 62 0 0 6 0 0 9727432 11029816 17346560 140733369699134 140733369699245 140733369699245 140733369700327 0
/proc/16/statm: 3950 2534 1399 723 0 1674 0
Current children cumulated CPU time: 0.02 s
Current children cumulated vsize: 15800 KiB
Current children cumulated memory: 10136 KiB

[startup+0.200558 s]*
/proc/loadavg: 3.01 9.21 15.56 5/2708 17
/proc/meminfo: memFree=484303572/527542308 swapFree=33554428/33554428
[pid=16] ppid=13 vsize=17684 memory=12444 CPUtime=0.1 cores=56-69,168-181
/proc/16/stat : 16 (python3) R 13 16 0 0 -1 4194304 1894 0 96 0 3 7 0 0 20 0 1 0 53411459 18108416 3111 67087892480 4194304 7154137 140733369692688 0 0 0 0 16781312 2 0 0 0 17 62 0 0 8 0 0 9727432 11029816 17346560 140733369699134 140733369699245 140733369699245 140733369700327 0
/proc/16/statm: 4421 3111 1517 723 0 2063 0
Current children cumulated CPU time: 0.1 s
Current children cumulated vsize: 17684 KiB
Current children cumulated memory: 12444 KiB

[startup+0.30044 s]*
/proc/loadavg: 3.01 9.21 15.56 6/2709 18
/proc/meminfo: memFree=484712680/527542308 swapFree=33554428/33554428
[pid=16] ppid=13 vsize=17684 memory=12444 CPUtime=0.11 cores=56-69,168-181
/proc/16/stat : 16 (python3) S 13 16 0 0 -1 4194304 1899 0 96 0 3 8 0 0 20 0 1 0 53411459 18108416 3111 67087892480 4194304 7154137 140733369692688 0 0 0 0 16781312 2 1 0 0 17 62 0 0 8 0 0 9727432 11029816 17346560 140733369699134 140733369699245 140733369699245 140733369700327 0
/proc/16/statm: 4421 3111 1517 723 0 2063 0
[pid=18] ppid=16 vsize=9596 memory=5952 CPUtime=0.07 cores=56-69,168-181
/proc/18/stat : 18 (bn4rust) R 16 16 0 0 -1 4194304 917 0 17 0 0 7 0 0 20 0 1 0 53411479 9826304 1488 67087892480 93870921089024 93870922956145 140730790462256 0 0 0 0 4096 1088 0 0 0 17 65 0 0 1 0 0 93870923214208 93870923261144 93870932385792 140730790468353 140730790468502 140730790468502 140730790469601 0
/proc/18/statm: 2399 1488 1102 456 0 560 0
Current children cumulated CPU time: 0.18 s
Current children cumulated vsize: 27280 KiB
Current children cumulated memory: 18396 KiB

[startup+0.700277 s]
/proc/loadavg: 3.01 9.21 15.56 6/2713 18
/proc/meminfo: memFree=484660520/527542308 swapFree=33554428/33554428
[pid=16] ppid=13 vsize=17684 memory=12444 CPUtime=0.11 cores=56-69,168-181
/proc/16/stat : 16 (python3) S 13 16 0 0 -1 4194304 1899 0 96 0 3 8 0 0 20 0 1 0 53411459 18108416 3111 67087892480 4194304 7154137 140733369692688 0 0 0 0 16781312 2 1 0 0 17 62 0 0 8 0 0 9727432 11029816 17346560 140733369699134 140733369699245 140733369699245 140733369700327 0
/proc/16/statm: 4421 3111 1517 723 0 2063 0
[pid=18] ppid=16 vsize=52700 memory=46156 CPUtime=0.47 cores=56-69,168-181
/proc/18/stat : 18 (bn4rust) R 16 16 0 0 -1 4194304 12717 0 17 0 37 10 0 0 20 0 1 0 53411479 53964800 11539 67087892480 93870921089024 93870922956145 140730790462256 0 0 0 0 4096 1088 0 0 0 17 177 0 0 1 0 0 93870923214208 93870923261144 93870932385792 140730790468353 140730790468502 140730790468502 140730790469601 0
/proc/18/statm: 13175 11539 1102 456 0 11336 0
Current children cumulated CPU time: 0.58 s
Current children cumulated vsize: 70384 KiB
Current children cumulated memory: 58600 KiB

[startup+1.50034 s]
/proc/loadavg: 3.01 9.21 15.56 6/2722 18
/proc/meminfo: memFree=485232664/527542308 swapFree=33554428/33554428
[pid=16] ppid=13 vsize=17684 memory=12444 CPUtime=0.11 cores=56-69,168-181
/proc/16/stat : 16 (python3) S 13 16 0 0 -1 4194304 1899 0 96 0 3 8 0 0 20 0 1 0 53411459 18108416 3111 67087892480 4194304 7154137 140733369692688 0 0 0 0 16781312 2 1 0 0 17 62 0 0 8 0 0 9727432 11029816 17346560 140733369699134 140733369699245 140733369699245 140733369700327 0
/proc/16/statm: 4421 3111 1517 723 0 2063 0
[pid=18] ppid=16 vsize=50004 memory=46948 CPUtime=1.26 cores=56-69,168-181
/proc/18/stat : 18 (bn4rust) R 16 16 0 0 -1 4194304 14822 0 17 0 116 10 0 0 20 0 1 0 53411479 51204096 11737 67087892480 93870921089024 93870922956145 140730790462256 0 0 0 0 4096 1088 0 0 0 17 177 0 0 1 0 0 93870923214208 93870923261144 93870932385792 140730790468353 140730790468502 140730790468502 140730790469601 0
/proc/18/statm: 12501 11737 1102 456 0 10662 0
Current children cumulated CPU time: 1.37 s
Current children cumulated vsize: 67688 KiB
Current children cumulated memory: 59392 KiB

[startup+3.1005 s]
/proc/loadavg: 3.17 9.14 15.50 6/2751 18
/proc/meminfo: memFree=486408492/527542308 swapFree=33554428/33554428
[pid=16] ppid=13 vsize=17684 memory=12444 CPUtime=0.11 cores=56-69,168-181
/proc/16/stat : 16 (python3) S 13 16 0 0 -1 4194304 1900 0 96 0 3 8 0 0 20 0 1 0 53411459 18108416 3111 67087892480 4194304 7154137 140733369692688 0 0 0 0 16781312 2 1 0 0 17 62 0 0 8 0 0 9727432 11029816 17346560 140733369699134 140733369699245 140733369699245 140733369700327 0
/proc/16/statm: 4421 3111 1517 723 0 2063 0
[pid=18] ppid=16 vsize=110112 memory=84224 CPUtime=2.86 cores=56-69,168-181
/proc/18/stat : 18 (bn4rust) R 16 16 0 0 -1 4194304 18444 0 17 0 274 12 0 0 20 0 1 0 53411479 112754688 21056 67087892480 93870921089024 93870922956145 140730790462256 0 0 0 0 4096 1088 0 0 0 17 177 0 0 1 0 0 93870923214208 93870923261144 93870932385792 140730790468353 140730790468502 140730790468502 140730790469601 0
/proc/18/statm: 27528 21056 1102 456 0 25689 0
Current children cumulated CPU time: 2.97 s
Current children cumulated vsize: 127796 KiB
Current children cumulated memory: 96668 KiB

[startup+6.3003 s]
/proc/loadavg: 3.17 9.14 15.50 7/2801 18
/proc/meminfo: memFree=499057264/527542308 swapFree=33554428/33554428
[pid=16] ppid=13 vsize=17684 memory=12444 CPUtime=0.11 cores=56-69,168-181
/proc/16/stat : 16 (python3) S 13 16 0 0 -1 4194304 1900 0 96 0 3 8 0 0 20 0 1 0 53411459 18108416 3111 67087892480 4194304 7154137 140733369692688 0 0 0 0 16781312 2 1 0 0 17 62 0 0 8 0 0 9727432 11029816 17346560 140733369699134 140733369699245 140733369699245 140733369700327 0
/proc/16/statm: 4421 3111 1517 723 0 2063 0
[pid=18] ppid=16 vsize=78484 memory=75108 CPUtime=6.04 cores=56-69,168-181
/proc/18/stat : 18 (bn4rust) R 16 16 0 0 -1 4194304 23209 0 17 0 591 13 0 0 20 0 1 0 53411479 80367616 18777 67087892480 93870921089024 93870922956145 140730790462256 0 0 0 0 4096 1088 0 0 0 17 177 0 0 1 0 0 93870923214208 93870923261144 93870932385792 140730790468353 140730790468502 140730790468502 140730790469601 0
/proc/18/statm: 19621 18777 1102 456 0 17782 0
Current children cumulated CPU time: 6.15 s
Current children cumulated vsize: 96168 KiB
Current children cumulated memory: 87552 KiB

[startup+12.7003 s]
/proc/loadavg: 3.56 9.12 15.46 8/2798 18
/proc/meminfo: memFree=514426644/527542308 swapFree=33554428/33554428
[pid=16] ppid=13 vsize=17684 memory=12444 CPUtime=0.11 cores=56-69,168-181
/proc/16/stat : 16 (python3) S 13 16 0 0 -1 4194304 1900 0 96 0 3 8 0 0 20 0 1 0 53411459 18108416 3111 67087892480 4194304 7154137 140733369692688 0 0 0 0 16781312 2 1 0 0 17 62 0 0 8 0 0 9727432 11029816 17346560 140733369699134 140733369699245 140733369699245 140733369700327 0
/proc/16/statm: 4421 3111 1517 723 0 2063 0
[pid=18] ppid=16 vsize=69296 memory=65852 CPUtime=12.41 cores=56-69,168-181
/proc/18/stat : 18 (bn4rust) R 16 16 0 0 -1 4194304 33975 0 17 0 1224 17 0 0 20 0 1 0 53411479 70959104 16463 67087892480 93870921089024 93870922956145 140730790462256 0 0 0 0 4096 1088 0 0 0 17 177 0 0 1 0 0 93870923214208 93870923261144 93870932385792 140730790468353 140730790468502 140730790468502 140730790469601 0
/proc/18/statm: 17324 16463 1102 456 0 15485 0
Current children cumulated CPU time: 12.52 s
Current children cumulated vsize: 86980 KiB
Current children cumulated memory: 78296 KiB

[startup+25.5003 s]
/proc/loadavg: 3.86 8.92 15.30 5/2739 18
/proc/meminfo: memFree=516415472/527542308 swapFree=33554428/33554428
[pid=16] ppid=13 vsize=17684 memory=12444 CPUtime=0.11 cores=56-69,168-181
/proc/16/stat : 16 (python3) S 13 16 0 0 -1 4194304 1900 0 96 0 3 8 0 0 20 0 1 0 53411459 18108416 3111 67087892480 4194304 7154137 140733369692688 0 0 0 0 16781312 2 1 0 0 17 62 0 0 8 0 0 9727432 11029816 17346560 140733369699134 140733369699245 140733369699245 140733369700327 0
/proc/16/statm: 4421 3111 1517 723 0 2063 0
[pid=18] ppid=16 vsize=69516 memory=66072 CPUtime=25.17 cores=56-69,168-181
/proc/18/stat : 18 (bn4rust) R 16 16 0 0 -1 4194304 53399 0 17 0 2491 26 0 0 20 0 1 0 53411479 71184384 16518 67087892480 93870921089024 93870922956145 140730790462256 0 0 0 0 4096 1088 0 0 0 17 177 0 0 1 0 0 93870923214208 93870923261144 93870932385792 140730790468353 140730790468502 140730790468502 140730790469601 0
/proc/18/statm: 17379 16518 1102 456 0 15540 0
Current children cumulated CPU time: 25.28 s
Current children cumulated vsize: 87200 KiB
Current children cumulated memory: 78516 KiB

[startup+51.1005 s]
/proc/loadavg: 3.91 8.52 14.99 5/2730 18
/proc/meminfo: memFree=516260164/527542308 swapFree=33554428/33554428
[pid=16] ppid=13 vsize=17684 memory=12444 CPUtime=0.11 cores=56-69,168-181
/proc/16/stat : 16 (python3) S 13 16 0 0 -1 4194304 1900 0 96 0 3 8 0 0 20 0 1 0 53411459 18108416 3111 67087892480 4194304 7154137 140733369692688 0 0 0 0 16781312 2 1 0 0 17 62 0 0 8 0 0 9727432 11029816 17346560 140733369699134 140733369699245 140733369699245 140733369700327 0
/proc/16/statm: 4421 3111 1517 723 0 2063 0
[pid=18] ppid=16 vsize=174476 memory=151784 CPUtime=50.67 cores=56-69,168-181
/proc/18/stat : 18 (bn4rust) R 16 16 0 0 -1 4194304 93135 0 17 0 5017 50 0 0 20 0 1 0 53411479 178663424 37946 67087892480 93870921089024 93870922956145 140730790462256 0 0 0 0 4096 1088 0 0 0 17 177 0 0 1 0 0 93870923214208 93870923261144 93870932385792 140730790468353 140730790468502 140730790468502 140730790469601 0
/proc/18/statm: 43619 37946 1102 456 0 41780 0
Current children cumulated CPU time: 50.78 s
Current children cumulated vsize: 192160 KiB
Current children cumulated memory: 164228 KiB

[startup+102.3 s]
/proc/loadavg: 3.96 7.82 14.42 5/2730 18
/proc/meminfo: memFree=515971828/527542308 swapFree=33554428/33554428
[pid=16] ppid=13 vsize=17684 memory=12444 CPUtime=0.11 cores=56-69,168-181
/proc/16/stat : 16 (python3) S 13 16 0 0 -1 4194304 1900 0 96 0 3 8 0 0 20 0 1 0 53411459 18108416 3111 67087892480 4194304 7154137 140733369692688 0 0 0 0 16781312 2 1 0 0 17 62 0 0 8 0 0 9727432 11029816 17346560 140733369699134 140733369699245 140733369699245 140733369700327 0
/proc/16/statm: 4421 3111 1517 723 0 2063 0
[pid=18] ppid=16 vsize=310732 memory=287696 CPUtime=101.71 cores=56-69,168-181
/proc/18/stat : 18 (bn4rust) R 16 16 0 0 -1 4194304 146072 0 17 0 10057 114 0 0 20 0 1 0 53411479 318189568 71924 67087892480 93870921089024 93870922956145 140730790462256 0 0 0 0 4096 1088 0 0 0 17 65 0 0 1 0 0 93870923214208 93870923261144 93870932385792 140730790468353 140730790468502 140730790468502 140730790469601 0
/proc/18/statm: 77683 71924 1102 456 0 75844 0
Current children cumulated CPU time: 101.82 s
Current children cumulated vsize: 328416 KiB
Current children cumulated memory: 300140 KiB

[startup+162.3 s]
/proc/loadavg: 4.05 7.14 13.77 5/2728 18
/proc/meminfo: memFree=515812256/527542308 swapFree=33554428/33554428
[pid=16] ppid=13 vsize=17684 memory=12444 CPUtime=0.11 cores=56-69,168-181
/proc/16/stat : 16 (python3) S 13 16 0 0 -1 4194304 1900 0 96 0 3 8 0 0 20 0 1 0 53411459 18108416 3111 67087892480 4194304 7154137 140733369692688 0 0 0 0 16781312 2 1 0 0 17 62 0 0 8 0 0 9727432 11029816 17346560 140733369699134 140733369699245 140733369699245 140733369700327 0
/proc/16/statm: 4421 3111 1517 723 0 2063 0
[pid=18] ppid=16 vsize=464332 memory=437316 CPUtime=161.55 cores=56-69,168-181
/proc/18/stat : 18 (bn4rust) R 16 16 0 0 -1 4194304 207642 0 17 0 15966 189 0 0 20 0 1 0 53411479 475475968 109329 67087892480 93870921089024 93870922956145 140730790462256 0 0 0 0 4096 1088 0 0 0 17 65 0 0 1 0 0 93870923214208 93870923261144 93870932385792 140730790468353 140730790468502 140730790468502 140730790469601 0
/proc/18/statm: 116083 109329 1102 456 0 114244 0
Current children cumulated CPU time: 161.66 s
Current children cumulated vsize: 482016 KiB
Current children cumulated memory: 449760 KiB

[startup+222.3 s]
/proc/loadavg: 3.62 6.47 13.12 4/2688 18
/proc/meminfo: memFree=516045440/527542308 swapFree=33554428/33554428
[pid=16] ppid=13 vsize=17684 memory=12444 CPUtime=0.11 cores=56-69,168-181
/proc/16/stat : 16 (python3) S 13 16 0 0 -1 4194304 1900 0 96 0 3 8 0 0 20 0 1 0 53411459 18108416 3111 67087892480 4194304 7154137 140733369692688 0 0 0 0 16781312 2 1 0 0 17 62 0 0 8 0 0 9727432 11029816 17346560 140733369699134 140733369699245 140733369699245 140733369700327 0
/proc/16/statm: 4421 3111 1517 723 0 2063 0
[pid=18] ppid=16 vsize=411084 memory=399440 CPUtime=221.39 cores=56-69,168-181
/proc/18/stat : 18 (bn4rust) R 16 16 0 0 -1 4194304 273013 0 17 0 21832 307 0 0 20 0 1 0 53411479 420950016 99860 67087892480 93870921089024 93870922956145 140730790462256 0 0 0 0 4096 1088 0 0 0 17 65 0 0 1 0 0 93870923214208 93870923261144 93870932385792 140730790468353 140730790468502 140730790468502 140730790469601 0
/proc/18/statm: 102771 99860 1102 456 0 100932 0
Current children cumulated CPU time: 221.5 s
Current children cumulated vsize: 428768 KiB
Current children cumulated memory: 411884 KiB

[startup+282.3 s]
/proc/loadavg: 3.23 5.83 12.48 4/2689 18
/proc/meminfo: memFree=516292096/527542308 swapFree=33554428/33554428
[pid=16] ppid=13 vsize=17684 memory=12444 CPUtime=0.11 cores=56-69,168-181
/proc/16/stat : 16 (python3) S 13 16 0 0 -1 4194304 1900 0 96 0 3 8 0 0 20 0 1 0 53411459 18108416 3111 67087892480 4194304 7154137 140733369692688 0 0 0 0 16781312 2 1 0 0 17 62 0 0 8 0 0 9727432 11029816 17346560 140733369699134 140733369699245 140733369699245 140733369700327 0
/proc/16/statm: 4421 3111 1517 723 0 2063 0
[pid=18] ppid=16 vsize=474584 memory=384888 CPUtime=281.23 cores=56-69,168-181
/proc/18/stat : 18 (bn4rust) R 16 16 0 0 -1 4194304 364657 0 17 0 27707 416 0 0 20 0 1 0 53411479 485974016 96222 67087892480 93870921089024 93870922956145 140730790462256 0 0 0 0 4096 1088 0 0 0 17 65 0 0 1 0 0 93870923214208 93870923261144 93870932385792 140730790468353 140730790468502 140730790468502 140730790469601 0
/proc/18/statm: 118646 96222 1102 456 0 116807 0
Current children cumulated CPU time: 281.34 s
Current children cumulated vsize: 492268 KiB
Current children cumulated memory: 397332 KiB

[startup+342.3 s]
/proc/loadavg: 3.08 5.32 11.89 4/2662 18
/proc/meminfo: memFree=515525344/527542308 swapFree=33554428/33554428
[pid=16] ppid=13 vsize=17684 memory=12444 CPUtime=0.11 cores=56-69,168-181
/proc/16/stat : 16 (python3) S 13 16 0 0 -1 4194304 1900 0 96 0 3 8 0 0 20 0 1 0 53411459 18108416 3111 67087892480 4194304 7154137 140733369692688 0 0 0 0 16781312 2 1 0 0 17 62 0 0 8 0 0 9727432 11029816 17346560 140733369699134 140733369699245 140733369699245 140733369700327 0
/proc/16/statm: 4421 3111 1517 723 0 2063 0
[pid=18] ppid=16 vsize=1264760 memory=1089360 CPUtime=341.08 cores=56-69,168-181
/proc/18/stat : 18 (bn4rust) R 16 16 0 0 -1 4194304 455166 0 17 0 33544 564 0 0 20 0 1 0 53411479 1295114240 272340 67087892480 93870921089024 93870922956145 140730790462256 0 0 0 0 4096 1088 0 0 0 17 65 0 0 1 0 0 93870923214208 93870923261144 93870932385792 140730790468353 140730790468502 140730790468502 140730790469601 0
/proc/18/statm: 316190 272340 1102 456 0 314351 0
Current children cumulated CPU time: 341.19 s
Current children cumulated vsize: 1282444 KiB
Current children cumulated memory: 1101804 KiB

[startup+402.3 s]
/proc/loadavg: 3.03 4.89 11.33 4/2662 18
/proc/meminfo: memFree=516173716/527542308 swapFree=33554428/33554428
[pid=16] ppid=13 vsize=17684 memory=12444 CPUtime=0.11 cores=56-69,168-181
/proc/16/stat : 16 (python3) S 13 16 0 0 -1 4194304 1900 0 96 0 3 8 0 0 20 0 1 0 53411459 18108416 3111 67087892480 4194304 7154137 140733369692688 0 0 0 0 16781312 2 1 0 0 17 62 0 0 8 0 0 9727432 11029816 17346560 140733369699134 140733369699245 140733369699245 140733369700327 0
/proc/16/statm: 4421 3111 1517 723 0 2063 0
[pid=18] ppid=16 vsize=593368 memory=501480 CPUtime=400.94 cores=56-69,168-181
/proc/18/stat : 18 (bn4rust) R 16 16 0 0 -1 4194304 529024 0 17 0 39394 700 0 0 20 0 1 0 53411479 607608832 125370 67087892480 93870921089024 93870922956145 140730790462256 0 0 0 0 4096 1088 0 0 0 17 65 0 0 1 0 0 93870923214208 93870923261144 93870932385792 140730790468353 140730790468502 140730790468502 140730790469601 0
/proc/18/statm: 148342 125370 1102 456 0 146503 0
Current children cumulated CPU time: 401.05 s
Current children cumulated vsize: 611052 KiB
Current children cumulated memory: 513924 KiB

[startup+462.3 s]
/proc/loadavg: 3.01 4.54 10.80 4/2662 18
/proc/meminfo: memFree=515771220/527542308 swapFree=33554428/33554428
[pid=16] ppid=13 vsize=17684 memory=12444 CPUtime=0.11 cores=56-69,168-181
/proc/16/stat : 16 (python3) S 13 16 0 0 -1 4194304 1900 0 96 0 3 8 0 0 20 0 1 0 53411459 18108416 3111 67087892480 4194304 7154137 140733369692688 0 0 0 0 16781312 2 1 0 0 17 62 0 0 8 0 0 9727432 11029816 17346560 140733369699134 140733369699245 140733369699245 140733369700327 0
/proc/16/statm: 4421 3111 1517 723 0 2063 0
[pid=18] ppid=16 vsize=574480 memory=491240 CPUtime=460.79 cores=56-69,168-181
/proc/18/stat : 18 (bn4rust) R 16 16 0 0 -1 4194304 635393 0 17 0 45220 859 0 0 20 0 1 0 53411479 588267520 122810 67087892480 93870921089024 93870922956145 140730790462256 0 0 0 0 4096 1088 0 0 0 17 65 0 0 1 0 0 93870923214208 93870923261144 93870932385792 140730790468353 140730790468502 140730790468502 140730790469601 0
/proc/18/statm: 143620 122810 1102 456 0 141781 0
Current children cumulated CPU time: 460.9 s
Current children cumulated vsize: 592164 KiB
Current children cumulated memory: 503684 KiB

[startup+522.3 s]
/proc/loadavg: 3.04 4.27 10.32 4/2662 18
/proc/meminfo: memFree=515835600/527542308 swapFree=33554428/33554428
[pid=16] ppid=13 vsize=17684 memory=12444 CPUtime=0.11 cores=56-69,168-181
/proc/16/stat : 16 (python3) S 13 16 0 0 -1 4194304 1900 0 96 0 3 8 0 0 20 0 1 0 53411459 18108416 3111 67087892480 4194304 7154137 140733369692688 0 0 0 0 16781312 2 1 0 0 17 62 0 0 8 0 0 9727432 11029816 17346560 140733369699134 140733369699245 140733369699245 140733369700327 0
/proc/16/statm: 4421 3111 1517 723 0 2063 0
[pid=18] ppid=16 vsize=779280 memory=647396 CPUtime=520.64 cores=56-69,168-181
/proc/18/stat : 18 (bn4rust) R 16 16 0 0 -1 4194304 749386 0 17 0 51024 1040 0 0 20 0 1 0 53411479 797982720 161849 67087892480 93870921089024 93870922956145 140730790462256 0 0 0 0 4096 1088 0 0 0 17 65 0 0 1 0 0 93870923214208 93870923261144 93870932385792 140730790468353 140730790468502 140730790468502 140730790469601 0
/proc/18/statm: 194820 161849 1102 456 0 192981 0
Current children cumulated CPU time: 520.75 s
Current children cumulated vsize: 796964 KiB
Current children cumulated memory: 659840 KiB

[startup+582.3 s]
/proc/loadavg: 3.01 4.04 9.86 4/2664 18
/proc/meminfo: memFree=515769780/527542308 swapFree=33554428/33554428
[pid=16] ppid=13 vsize=17684 memory=12444 CPUtime=0.11 cores=56-69,168-181
/proc/16/stat : 16 (python3) S 13 16 0 0 -1 4194304 1900 0 96 0 3 8 0 0 20 0 1 0 53411459 18108416 3111 67087892480 4194304 7154137 140733369692688 0 0 0 0 16781312 2 1 0 0 17 62 0 0 8 0 0 9727432 11029816 17346560 140733369699134 140733369699245 140733369699245 140733369700327 0
/proc/16/statm: 4421 3111 1517 723 0 2063 0
[pid=18] ppid=16 vsize=1033388 memory=817568 CPUtime=580.48 cores=56-69,168-181
/proc/18/stat : 18 (bn4rust) R 16 16 0 0 -1 4194304 808259 0 17 0 56865 1183 0 0 20 0 1 0 53411479 1058189312 204392 67087892480 93870921089024 93870922956145 140730790462256 0 0 0 0 4096 1088 0 0 0 17 65 0 0 1 0 0 93870923214208 93870923261144 93870932385792 140730790468353 140730790468502 140730790468502 140730790469601 0
/proc/18/statm: 258347 204392 1102 456 0 256508 0
Current children cumulated CPU time: 580.59 s
Current children cumulated vsize: 1051072 KiB
Current children cumulated memory: 830012 KiB

[startup+642.3 s]
/proc/loadavg: 3.00 3.85 9.42 4/2659 18
/proc/meminfo: memFree=515828604/527542308 swapFree=33554428/33554428
[pid=16] ppid=13 vsize=17684 memory=12444 CPUtime=0.11 cores=56-69,168-181
/proc/16/stat : 16 (python3) S 13 16 0 0 -1 4194304 1900 0 96 0 3 8 0 0 20 0 1 0 53411459 18108416 3111 67087892480 4194304 7154137 140733369692688 0 0 0 0 16781312 2 1 0 0 17 62 0 0 8 0 0 9727432 11029816 17346560 140733369699134 140733369699245 140733369699245 140733369700327 0
/proc/16/statm: 4421 3111 1517 723 0 2063 0
[pid=18] ppid=16 vsize=1078388 memory=886756 CPUtime=640.33 cores=56-69,168-181
/proc/18/stat : 18 (bn4rust) R 16 16 0 0 -1 4194304 858094 0 17 0 62712 1321 0 0 20 0 1 0 53411479 1104269312 221689 67087892480 93870921089024 93870922956145 140730790462256 0 0 0 0 4096 1088 0 0 0 17 65 0 0 1 0 0 93870923214208 93870923261144 93870932385792 140730790468353 140730790468502 140730790468502 140730790469601 0
/proc/18/statm: 269597 221689 1102 456 0 267758 0
Current children cumulated CPU time: 640.44 s
Current children cumulated vsize: 1096072 KiB
Current children cumulated memory: 899200 KiB

[startup+702.3 s]
/proc/loadavg: 3.00 3.69 9.02 4/2658 18
/proc/meminfo: memFree=515395880/527542308 swapFree=33554428/33554428
[pid=16] ppid=13 vsize=17684 memory=12444 CPUtime=0.11 cores=56-69,168-181
/proc/16/stat : 16 (python3) S 13 16 0 0 -1 4194304 1900 0 96 0 3 8 0 0 20 0 1 0 53411459 18108416 3111 67087892480 4194304 7154137 140733369692688 0 0 0 0 16781312 2 1 0 0 17 62 0 0 8 0 0 9727432 11029816 17346560 140733369699134 140733369699245 140733369699245 140733369700327 0
/proc/16/statm: 4421 3111 1517 723 0 2063 0
[pid=18] ppid=16 vsize=986564 memory=670044 CPUtime=700.14 cores=56-69,168-181
/proc/18/stat : 18 (bn4rust) R 16 16 0 0 -1 4194304 907142 0 17 0 68563 1451 0 0 20 0 1 0 53411479 1010241536 166999 67087892480 93870921089024 93870922956145 140730790462256 0 0 0 0 4096 1088 0 0 0 17 65 0 0 1 0 0 93870923214208 93870923261144 93870932385792 140730790468353 140730790468502 140730790468502 140730790469601 0
/proc/18/statm: 246641 166999 1102 456 0 244802 0
Current children cumulated CPU time: 700.25 s
Current children cumulated vsize: 1004248 KiB
Current children cumulated memory: 682488 KiB

[startup+762.3 s]
/proc/loadavg: 3.00 3.56 8.64 4/2657 18
/proc/meminfo: memFree=515387032/527542308 swapFree=33554428/33554428
[pid=16] ppid=13 vsize=17684 memory=12444 CPUtime=0.11 cores=56-69,168-181
/proc/16/stat : 16 (python3) S 13 16 0 0 -1 4194304 1900 0 96 0 3 8 0 0 20 0 1 0 53411459 18108416 3111 67087892480 4194304 7154137 140733369692688 0 0 0 0 16781312 2 1 0 0 17 62 0 0 8 0 0 9727432 11029816 17346560 140733369699134 140733369699245 140733369699245 140733369700327 0
/proc/16/statm: 4421 3111 1517 723 0 2063 0
[pid=18] ppid=16 vsize=978756 memory=858680 CPUtime=759.95 cores=56-69,168-181
/proc/18/stat : 18 (bn4rust) R 16 16 0 0 -1 4194304 963579 0 17 0 74404 1591 0 0 20 0 1 0 53411479 1002246144 214670 67087892480 93870921089024 93870922956145 140730790462256 0 0 0 0 4096 1088 0 0 0 17 65 0 0 1 0 0 93870923214208 93870923261144 93870932385792 140730790468353 140730790468502 140730790468502 140730790469601 0
/proc/18/statm: 244689 214670 1102 456 0 242850 0
Current children cumulated CPU time: 760.06 s
Current children cumulated vsize: 996440 KiB
Current children cumulated memory: 871124 KiB

[startup+822.3 s]
/proc/loadavg: 3.00 3.46 8.28 4/2653 18
/proc/meminfo: memFree=516238448/527542308 swapFree=33554428/33554428
[pid=16] ppid=13 vsize=17684 memory=12444 CPUtime=0.11 cores=56-69,168-181
/proc/16/stat : 16 (python3) S 13 16 0 0 -1 4194304 1900 0 96 0 3 8 0 0 20 0 1 0 53411459 18108416 3111 67087892480 4194304 7154137 140733369692688 0 0 0 0 16781312 2 1 0 0 17 62 0 0 8 0 0 9727432 11029816 17346560 140733369699134 140733369699245 140733369699245 140733369700327 0
/proc/16/statm: 4421 3111 1517 723 0 2063 0
[pid=18] ppid=16 vsize=721164 memory=581476 CPUtime=819.77 cores=56-69,168-181
/proc/18/stat : 18 (bn4rust) R 16 16 0 0 -1 4194304 1042397 0 17 0 80237 1740 0 0 20 0 1 0 53411479 738471936 145369 67087892480 93870921089024 93870922956145 140730790462256 0 0 0 0 4096 1088 0 0 0 17 65 0 0 1 0 0 93870923214208 93870923261144 93870932385792 140730790468353 140730790468502 140730790468502 140730790469601 0
/proc/18/statm: 180291 145369 1102 456 0 178452 0
Current children cumulated CPU time: 819.88 s
Current children cumulated vsize: 738848 KiB
Current children cumulated memory: 593920 KiB

[startup+882.3 s]
/proc/loadavg: 3.00 3.37 7.95 4/2650 18
/proc/meminfo: memFree=516119564/527542308 swapFree=33554428/33554428
[pid=16] ppid=13 vsize=17684 memory=12444 CPUtime=0.11 cores=56-69,168-181
/proc/16/stat : 16 (python3) S 13 16 0 0 -1 4194304 1900 0 96 0 3 8 0 0 20 0 1 0 53411459 18108416 3111 67087892480 4194304 7154137 140733369692688 0 0 0 0 16781312 2 1 0 0 17 62 0 0 8 0 0 9727432 11029816 17346560 140733369699134 140733369699245 140733369699245 140733369700327 0
/proc/16/statm: 4421 3111 1517 723 0 2063 0
[pid=18] ppid=16 vsize=574476 memory=505812 CPUtime=879.58 cores=56-69,168-181
/proc/18/stat : 18 (bn4rust) R 16 16 0 0 -1 4194304 1130698 0 17 0 86060 1898 0 0 20 0 1 0 53411479 588263424 126453 67087892480 93870921089024 93870922956145 140730790462256 0 0 0 0 4096 1088 0 0 0 17 65 0 0 1 0 0 93870923214208 93870923261144 93870932385792 140730790468353 140730790468502 140730790468502 140730790469601 0
/proc/18/statm: 143619 126453 1102 456 0 141780 0
Current children cumulated CPU time: 879.69 s
Current children cumulated vsize: 592160 KiB
Current children cumulated memory: 518256 KiB

[startup+942.3 s]
/proc/loadavg: 3.27 3.37 7.66 4/2651 18
/proc/meminfo: memFree=515769240/527542308 swapFree=33554428/33554428
[pid=16] ppid=13 vsize=17684 memory=12444 CPUtime=0.11 cores=56-69,168-181
/proc/16/stat : 16 (python3) S 13 16 0 0 -1 4194304 1900 0 96 0 3 8 0 0 20 0 1 0 53411459 18108416 3111 67087892480 4194304 7154137 140733369692688 0 0 0 0 16781312 2 1 0 0 17 62 0 0 8 0 0 9727432 11029816 17346560 140733369699134 140733369699245 140733369699245 140733369700327 0
/proc/16/statm: 4421 3111 1517 723 0 2063 0
[pid=18] ppid=16 vsize=1082488 memory=829752 CPUtime=939.4 cores=56-69,168-181
/proc/18/stat : 18 (bn4rust) R 16 16 0 0 -1 4194304 1205072 0 17 0 91900 2040 0 0 20 0 1 0 53411479 1108467712 207438 67087892480 93870921089024 93870922956145 140730790462256 0 0 0 0 4096 1088 0 0 0 17 65 0 0 1 0 0 93870923214208 93870923261144 93870932385792 140730790468353 140730790468502 140730790468502 140730790469601 0
/proc/18/statm: 270622 207438 1102 456 0 268783 0
Current children cumulated CPU time: 939.51 s
Current children cumulated vsize: 1100172 KiB
Current children cumulated memory: 842196 KiB

[startup+1002.3 s]
/proc/loadavg: 3.15 3.31 7.37 4/2651 18
/proc/meminfo: memFree=514918196/527542308 swapFree=33554428/33554428
[pid=16] ppid=13 vsize=17684 memory=12444 CPUtime=0.11 cores=56-69,168-181
/proc/16/stat : 16 (python3) S 13 16 0 0 -1 4194304 1900 0 96 0 3 8 0 0 20 0 1 0 53411459 18108416 3111 67087892480 4194304 7154137 140733369692688 0 0 0 0 16781312 2 1 0 0 17 62 0 0 8 0 0 9727432 11029816 17346560 140733369699134 140733369699245 140733369699245 140733369700327 0
/proc/16/statm: 4421 3111 1517 723 0 2063 0
[pid=18] ppid=16 vsize=1533744 memory=1261820 CPUtime=999.23 cores=56-69,168-181
/proc/18/stat : 18 (bn4rust) R 16 16 0 0 -1 4194304 1245616 0 17 0 97771 2152 0 0 20 0 1 0 53411479 1570553856 315455 67087892480 93870921089024 93870922956145 140730790462256 0 0 0 0 4096 1088 0 0 0 17 65 0 0 1 0 0 93870923214208 93870923261144 93870932385792 140730790468353 140730790468502 140730790468502 140730790469601 0
/proc/18/statm: 383436 315455 1102 456 0 381597 0
Current children cumulated CPU time: 999.34 s
Current children cumulated vsize: 1551428 KiB
Current children cumulated memory: 1274264 KiB

[startup+1062.3 s]
/proc/loadavg: 3.20 3.29 7.10 4/2651 18
/proc/meminfo: memFree=515591452/527542308 swapFree=33554428/33554428
[pid=16] ppid=13 vsize=17684 memory=12444 CPUtime=0.11 cores=56-69,168-181
/proc/16/stat : 16 (python3) S 13 16 0 0 -1 4194304 1900 0 96 0 3 8 0 0 20 0 1 0 53411459 18108416 3111 67087892480 4194304 7154137 140733369692688 0 0 0 0 16781312 2 1 0 0 17 62 0 0 8 0 0 9727432 11029816 17346560 140733369699134 140733369699245 140733369699245 140733369700327 0
/proc/16/statm: 4421 3111 1517 723 0 2063 0
[pid=18] ppid=16 vsize=1129900 memory=902832 CPUtime=1059.09 cores=56-69,168-181
/proc/18/stat : 18 (bn4rust) R 16 16 0 0 -1 4194304 1287719 0 17 0 103642 2267 0 0 20 0 1 0 53411479 1157017600 225708 67087892480 93870921089024 93870922956145 140730790462256 0 0 0 0 4096 1088 0 0 0 17 65 0 0 1 0 0 93870923214208 93870923261144 93870932385792 140730790468353 140730790468502 140730790468502 140730790469601 0
/proc/18/statm: 282475 225708 1102 456 0 280636 0
Current children cumulated CPU time: 1059.2 s
Current children cumulated vsize: 1147584 KiB
Current children cumulated memory: 915276 KiB

[startup+1122.3 s]
/proc/loadavg: 3.26 3.30 6.87 4/2651 18
/proc/meminfo: memFree=514549636/527542308 swapFree=33554428/33554428
[pid=16] ppid=13 vsize=17684 memory=12444 CPUtime=0.11 cores=56-69,168-181
/proc/16/stat : 16 (python3) S 13 16 0 0 -1 4194304 1900 0 96 0 3 8 0 0 20 0 1 0 53411459 18108416 3111 67087892480 4194304 7154137 140733369692688 0 0 0 0 16781312 2 1 0 0 17 62 0 0 8 0 0 9727432 11029816 17346560 140733369699134 140733369699245 140733369699245 140733369700327 0
/proc/16/statm: 4421 3111 1517 723 0 2063 0
[pid=18] ppid=16 vsize=2069400 memory=1621896 CPUtime=1118.93 cores=56-69,168-181
/proc/18/stat : 18 (bn4rust) R 16 16 0 0 -1 4194304 1321783 0 17 0 109510 2383 0 0 20 0 1 0 53411479 2119065600 405474 67087892480 93870921089024 93870922956145 140730790462256 0 0 0 0 4096 1088 0 0 0 17 65 0 0 1 0 0 93870923214208 93870923261144 93870932385792 140730790468353 140730790468502 140730790468502 140730790469601 0
/proc/18/statm: 517350 405474 1102 456 0 515511 0
Current children cumulated CPU time: 1119.04 s
Current children cumulated vsize: 2087084 KiB
Current children cumulated memory: 1634340 KiB

[startup+1182.3 s]
/proc/loadavg: 3.10 3.25 6.62 4/2654 18
/proc/meminfo: memFree=514698564/527542308 swapFree=33554428/33554428
[pid=16] ppid=13 vsize=17684 memory=12444 CPUtime=0.11 cores=56-69,168-181
/proc/16/stat : 16 (python3) S 13 16 0 0 -1 4194304 1900 0 96 0 3 8 0 0 20 0 1 0 53411459 18108416 3111 67087892480 4194304 7154137 140733369692688 0 0 0 0 16781312 2 1 0 0 17 62 0 0 8 0 0 9727432 11029816 17346560 140733369699134 140733369699245 140733369699245 140733369700327 0
/proc/16/statm: 4421 3111 1517 723 0 2063 0
[pid=18] ppid=16 vsize=2033636 memory=1547704 CPUtime=1178.78 cores=56-69,168-181
/proc/18/stat : 18 (bn4rust) R 16 16 0 0 -1 4194304 1357526 0 17 0 115387 2491 0 0 20 0 1 0 53411479 2082443264 386926 67087892480 93870921089024 93870922956145 140730790462256 0 0 0 0 4096 1088 0 0 0 17 65 0 0 1 0 0 93870923214208 93870923261144 93870932385792 140730790468353 140730790468502 140730790468502 140730790469601 0
/proc/18/statm: 508409 386926 1102 456 0 506570 0
Current children cumulated CPU time: 1178.89 s
Current children cumulated vsize: 2051320 KiB
Current children cumulated memory: 1560148 KiB

[startup+1242.3 s]
/proc/loadavg: 3.03 3.20 6.39 4/2651 18
/proc/meminfo: memFree=515369420/527542308 swapFree=33554428/33554428
[pid=16] ppid=13 vsize=17684 memory=12444 CPUtime=0.11 cores=56-69,168-181
/proc/16/stat : 16 (python3) S 13 16 0 0 -1 4194304 1900 0 96 0 3 8 0 0 20 0 1 0 53411459 18108416 3111 67087892480 4194304 7154137 140733369692688 0 0 0 0 16781312 2 1 0 0 17 62 0 0 8 0 0 9727432 11029816 17346560 140733369699134 140733369699245 140733369699245 140733369700327 0
/proc/16/statm: 4421 3111 1517 723 0 2063 0
[pid=18] ppid=16 vsize=1525208 memory=1221460 CPUtime=1238.63 cores=56-69,168-181
/proc/18/stat : 18 (bn4rust) R 16 16 0 0 -1 4194304 1396896 0 17 0 121257 2606 0 0 20 0 1 0 53411479 1561812992 305365 67087892480 93870921089024 93870922956145 140730790462256 0 0 0 0 4096 1088 0 0 0 17 65 0 0 1 0 0 93870923214208 93870923261144 93870932385792 140730790468353 140730790468502 140730790468502 140730790469601 0
/proc/18/statm: 381302 305365 1102 456 0 379463 0
Current children cumulated CPU time: 1238.74 s
Current children cumulated vsize: 1542892 KiB
Current children cumulated memory: 1233904 KiB

[startup+1302.3 s]
/proc/loadavg: 3.07 3.18 6.18 4/2650 18
/proc/meminfo: memFree=515721480/527542308 swapFree=33554428/33554428
[pid=16] ppid=13 vsize=17684 memory=12444 CPUtime=0.11 cores=56-69,168-181
/proc/16/stat : 16 (python3) S 13 16 0 0 -1 4194304 1900 0 96 0 3 8 0 0 20 0 1 0 53411459 18108416 3111 67087892480 4194304 7154137 140733369692688 0 0 0 0 16781312 2 1 0 0 17 62 0 0 8 0 0 9727432 11029816 17346560 140733369699134 140733369699245 140733369699245 140733369700327 0
/proc/16/statm: 4421 3111 1517 723 0 2063 0
[pid=18] ppid=16 vsize=1205116 memory=919584 CPUtime=1298.48 cores=56-69,168-181
/proc/18/stat : 18 (bn4rust) R 16 16 0 0 -1 4194304 1447216 0 17 0 127116 2732 0 0 20 0 1 0 53411479 1234038784 229896 67087892480 93870921089024 93870922956145 140730790462256 0 0 0 0 4096 1088 0 0 0 17 65 0 0 1 0 0 93870923214208 93870923261144 93870932385792 140730790468353 140730790468502 140730790468502 140730790469601 0
/proc/18/statm: 301279 229896 1102 456 0 299440 0
Current children cumulated CPU time: 1298.59 s
Current children cumulated vsize: 1222800 KiB
Current children cumulated memory: 932028 KiB

[startup+1362.3 s]
/proc/loadavg: 3.02 3.14 5.98 4/2650 18
/proc/meminfo: memFree=516037060/527542308 swapFree=33554428/33554428
[pid=16] ppid=13 vsize=17684 memory=12444 CPUtime=0.11 cores=56-69,168-181
/proc/16/stat : 16 (python3) S 13 16 0 0 -1 4194304 1900 0 96 0 3 8 0 0 20 0 1 0 53411459 18108416 3111 67087892480 4194304 7154137 140733369692688 0 0 0 0 16781312 2 1 0 0 17 62 0 0 8 0 0 9727432 11029816 17346560 140733369699134 140733369699245 140733369699245 140733369700327 0
/proc/16/statm: 4421 3111 1517 723 0 2063 0
[pid=18] ppid=16 vsize=1094524 memory=848820 CPUtime=1358.33 cores=56-69,168-181
/proc/18/stat : 18 (bn4rust) R 16 16 0 0 -1 4194304 1501689 0 17 0 132970 2863 0 0 20 0 1 0 53411479 1120792576 212205 67087892480 93870921089024 93870922956145 140730790462256 0 0 0 0 4096 1088 0 0 0 17 65 0 0 1 0 0 93870923214208 93870923261144 93870932385792 140730790468353 140730790468502 140730790468502 140730790469601 0
/proc/18/statm: 273631 212205 1102 456 0 271792 0
Current children cumulated CPU time: 1358.44 s
Current children cumulated vsize: 1112208 KiB
Current children cumulated memory: 861264 KiB

[startup+1422.3 s]
/proc/loadavg: 3.01 3.11 5.79 4/2650 18
/proc/meminfo: memFree=515316912/527542308 swapFree=33554428/33554428
[pid=16] ppid=13 vsize=17684 memory=12444 CPUtime=0.11 cores=56-69,168-181
/proc/16/stat : 16 (python3) S 13 16 0 0 -1 4194304 1900 0 96 0 3 8 0 0 20 0 1 0 53411459 18108416 3111 67087892480 4194304 7154137 140733369692688 0 0 0 0 16781312 2 1 0 0 17 62 0 0 8 0 0 9727432 11029816 17346560 140733369699134 140733369699245 140733369699245 140733369700327 0
/proc/16/statm: 4421 3111 1517 723 0 2063 0
[pid=18] ppid=16 vsize=672776 memory=525760 CPUtime=1418.18 cores=56-69,168-181
/proc/18/stat : 18 (bn4rust) R 16 16 0 0 -1 4194304 1562452 0 17 0 138827 2991 0 0 20 0 1 0 53411479 688922624 131440 67087892480 93870921089024 93870922956145 140730790462256 0 0 0 0 4096 1088 0 0 0 17 65 0 0 1 0 0 93870923214208 93870923261144 93870932385792 140730790468353 140730790468502 140730790468502 140730790469601 0
/proc/18/statm: 168194 131440 1102 456 0 166355 0
Current children cumulated CPU time: 1418.29 s
Current children cumulated vsize: 690460 KiB
Current children cumulated memory: 538204 KiB

[startup+1482.3 s]
/proc/loadavg: 3.07 3.11 5.62 4/2653 18
/proc/meminfo: memFree=514726788/527542308 swapFree=33554428/33554428
[pid=16] ppid=13 vsize=17684 memory=12444 CPUtime=0.11 cores=56-69,168-181
/proc/16/stat : 16 (python3) S 13 16 0 0 -1 4194304 1900 0 96 0 3 8 0 0 20 0 1 0 53411459 18108416 3111 67087892480 4194304 7154137 140733369692688 0 0 0 0 16781312 2 1 0 0 17 62 0 0 8 0 0 9727432 11029816 17346560 140733369699134 140733369699245 140733369699245 140733369700327 0
/proc/16/statm: 4421 3111 1517 723 0 2063 0
[pid=18] ppid=16 vsize=1037868 memory=814432 CPUtime=1478.03 cores=56-69,168-181
/proc/18/stat : 18 (bn4rust) R 16 16 0 0 -1 4194304 1626150 0 17 0 144669 3134 0 0 20 0 1 0 53411479 1062776832 203608 67087892480 93870921089024 93870922956145 140730790462256 0 0 0 0 4096 1088 0 0 0 17 65 0 0 1 0 0 93870923214208 93870923261144 93870932385792 140730790468353 140730790468502 140730790468502 140730790469601 0
/proc/18/statm: 259467 203608 1102 456 0 257628 0
Current children cumulated CPU time: 1478.14 s
Current children cumulated vsize: 1055552 KiB
Current children cumulated memory: 826876 KiB

[startup+1542.3 s]
/proc/loadavg: 3.03 3.08 5.45 4/2650 18
/proc/meminfo: memFree=514911764/527542308 swapFree=33554428/33554428
[pid=16] ppid=13 vsize=17684 memory=12444 CPUtime=0.11 cores=56-69,168-181
/proc/16/stat : 16 (python3) S 13 16 0 0 -1 4194304 1900 0 96 0 3 8 0 0 20 0 1 0 53411459 18108416 3111 67087892480 4194304 7154137 140733369692688 0 0 0 0 16781312 2 1 0 0 17 62 0 0 8 0 0 9727432 11029816 17346560 140733369699134 140733369699245 140733369699245 140733369700327 0
/proc/16/statm: 4421 3111 1517 723 0 2063 0
[pid=18] ppid=16 vsize=1086876 memory=838824 CPUtime=1537.87 cores=56-69,168-181
/proc/18/stat : 18 (bn4rust) R 16 16 0 0 -1 4194304 1690385 0 17 0 150512 3275 0 0 20 0 1 0 53411479 1112961024 209706 67087892480 93870921089024 93870922956145 140730790462256 0 0 0 0 4096 1088 0 0 0 17 65 0 0 1 0 0 93870923214208 93870923261144 93870932385792 140730790468353 140730790468502 140730790468502 140730790469601 0
/proc/18/statm: 271719 209706 1102 456 0 269880 0
Current children cumulated CPU time: 1537.98 s
Current children cumulated vsize: 1104560 KiB
Current children cumulated memory: 851268 KiB

[startup+1602.3 s]
/proc/loadavg: 3.01 3.07 5.30 4/2649 18
/proc/meminfo: memFree=514254416/527542308 swapFree=33554428/33554428
[pid=16] ppid=13 vsize=17684 memory=12444 CPUtime=0.11 cores=56-69,168-181
/proc/16/stat : 16 (python3) S 13 16 0 0 -1 4194304 1900 0 96 0 3 8 0 0 20 0 1 0 53411459 18108416 3111 67087892480 4194304 7154137 140733369692688 0 0 0 0 16781312 2 1 0 0 17 62 0 0 8 0 0 9727432 11029816 17346560 140733369699134 140733369699245 140733369699245 140733369700327 0
/proc/16/statm: 4421 3111 1517 723 0 2063 0
[pid=18] ppid=16 vsize=1712280 memory=1307780 CPUtime=1597.72 cores=56-69,168-181
/proc/18/stat : 18 (bn4rust) R 16 16 0 0 -1 4194304 1738600 0 17 0 156372 3400 0 0 20 0 1 0 53411479 1753374720 326945 67087892480 93870921089024 93870922956145 140730790462256 0 0 0 0 4096 1088 0 0 0 17 65 0 0 1 0 0 93870923214208 93870923261144 93870932385792 140730790468353 140730790468502 140730790468502 140730790469601 0
/proc/18/statm: 428070 326945 1102 456 0 426231 0
Current children cumulated CPU time: 1597.83 s
Current children cumulated vsize: 1729964 KiB
Current children cumulated memory: 1320224 KiB

[startup+1662.3 s]
/proc/loadavg: 3.00 3.05 5.15 4/2650 18
/proc/meminfo: memFree=514489284/527542308 swapFree=33554428/33554428
[pid=16] ppid=13 vsize=17684 memory=12444 CPUtime=0.11 cores=56-69,168-181
/proc/16/stat : 16 (python3) S 13 16 0 0 -1 4194304 1900 0 96 0 3 8 0 0 20 0 1 0 53411459 18108416 3111 67087892480 4194304 7154137 140733369692688 0 0 0 0 16781312 2 1 0 0 17 62 0 0 8 0 0 9727432 11029816 17346560 140733369699134 140733369699245 140733369699245 140733369700327 0
/proc/16/statm: 4421 3111 1517 723 0 2063 0
[pid=18] ppid=16 vsize=1842904 memory=1230444 CPUtime=1657.57 cores=56-69,168-181
/proc/18/stat : 18 (bn4rust) R 16 16 0 0 -1 4194304 1773463 0 17 0 162244 3513 0 0 20 0 1 0 53411479 1887133696 307611 67087892480 93870921089024 93870922956145 140730790462256 0 0 0 0 4096 1088 0 0 0 17 65 0 0 1 0 0 93870923214208 93870923261144 93870932385792 140730790468353 140730790468502 140730790468502 140730790469601 0
/proc/18/statm: 460726 307611 1102 456 0 458887 0
Current children cumulated CPU time: 1657.68 s
Current children cumulated vsize: 1860588 KiB
Current children cumulated memory: 1242888 KiB

[startup+1722.3 s]
/proc/loadavg: 3.00 3.04 5.01 4/2650 18
/proc/meminfo: memFree=515173560/527542308 swapFree=33554428/33554428
[pid=16] ppid=13 vsize=17684 memory=12444 CPUtime=0.11 cores=56-69,168-181
/proc/16/stat : 16 (python3) S 13 16 0 0 -1 4194304 1900 0 96 0 3 8 0 0 20 0 1 0 53411459 18108416 3111 67087892480 4194304 7154137 140733369692688 0 0 0 0 16781312 2 1 0 0 17 62 0 0 8 0 0 9727432 11029816 17346560 140733369699134 140733369699245 140733369699245 140733369700327 0
/proc/16/statm: 4421 3111 1517 723 0 2063 0
[pid=18] ppid=16 vsize=1332636 memory=993728 CPUtime=1717.42 cores=56-69,168-181
/proc/18/stat : 18 (bn4rust) R 16 16 0 0 -1 4194304 1798709 0 17 0 168122 3620 0 0 20 0 1 0 53411479 1364619264 248432 67087892480 93870921089024 93870922956145 140730790462256 0 0 0 0 4096 1088 0 0 0 17 65 0 0 1 0 0 93870923214208 93870923261144 93870932385792 140730790468353 140730790468502 140730790468502 140730790469601 0
/proc/18/statm: 333159 248432 1102 456 0 331320 0
Current children cumulated CPU time: 1717.53 s
Current children cumulated vsize: 1350320 KiB
Current children cumulated memory: 1006172 KiB

[startup+1782.3 s]
/proc/loadavg: 2.85 3.00 4.87 3/2617 18
/proc/meminfo: memFree=515204916/527542308 swapFree=33554428/33554428
[pid=16] ppid=13 vsize=17684 memory=12444 CPUtime=0.11 cores=56-69,168-181
/proc/16/stat : 16 (python3) S 13 16 0 0 -1 4194304 1900 0 96 0 3 8 0 0 20 0 1 0 53411459 18108416 3111 67087892480 4194304 7154137 140733369692688 0 0 0 0 16781312 2 1 0 0 17 62 0 0 8 0 0 9727432 11029816 17346560 140733369699134 140733369699245 140733369699245 140733369700327 0
/proc/16/statm: 4421 3111 1517 723 0 2063 0
[pid=18] ppid=16 vsize=1381788 memory=1006256 CPUtime=1777.27 cores=56-69,168-181
/proc/18/stat : 18 (bn4rust) R 16 16 0 0 -1 4194304 1825774 0 17 0 173995 3732 0 0 20 0 1 0 53411479 1414950912 251564 67087892480 93870921089024 93870922956145 140730790462256 0 0 0 0 4096 1088 0 0 0 17 65 0 0 1 0 0 93870923214208 93870923261144 93870932385792 140730790468353 140730790468502 140730790468502 140730790469601 0
/proc/18/statm: 345447 251564 1102 456 0 343608 0
Current children cumulated CPU time: 1777.38 s
Current children cumulated vsize: 1399472 KiB
Current children cumulated memory: 1018700 KiB



Maximum wall clock time exceeded: sending SIGTERM then SIGKILL

[startup+1800 s]*
/proc/loadavg: 2.61 2.93 4.81 3/2614 18
/proc/meminfo: memFree=514708936/527542308 swapFree=33554428/33554428
[pid=16] ppid=13 vsize=17684 memory=12444 CPUtime=0.11 cores=56-69,168-181
/proc/16/stat : 16 (python3) S 13 16 0 0 -1 4194304 1900 0 96 0 3 8 0 0 20 0 1 0 53411459 18108416 3111 67087892480 4194304 7154137 140733369692688 0 0 0 0 16781312 2 1 0 0 17 62 0 0 8 0 0 9727432 11029816 17346560 140733369699134 140733369699245 140733369699245 140733369700327 0
/proc/16/statm: 4421 3111 1517 723 0 2063 0
[pid=18] ppid=16 vsize=2265416 memory=1720540 CPUtime=1794.93 cores=56-69,168-181
/proc/18/stat : 18 (bn4rust) R 16 16 0 0 -1 4194304 1835231 0 17 0 175729 3764 0 0 20 0 1 0 53411479 2319785984 430135 67087892480 93870921089024 93870922956145 140730790462256 0 0 0 0 4096 1088 0 0 0 17 65 0 0 1 0 0 93870923214208 93870923261144 93870932385792 140730790468353 140730790468502 140730790468502 140730790469601 0
/proc/18/statm: 566354 430135 1102 456 0 564515 0
Current children cumulated CPU time: 1795.04 s
Current children cumulated vsize: 2283100 KiB
Current children cumulated memory: 1732984 KiB

Sending SIGTERM to process tree (bottom up)
Sleeping 2 seconds

[startup+1800.01 s]
# the end of solver process 16 was just reported to runsolver
# cumulated CPU time of all completed processes:  user=0.030534 s, system=0.083404 s

[startup+1800.02 s]
# the end of solver process 18 was just reported to runsolver
# cumulated CPU time of all completed processes:  user=1757.33 s, system=37.7405 s
# this solver process was not waited by its parent and was adopted by runsolver

Solver just ended.
??? end of watcher thread
Dumping a history of the last processes samples

Child ended because it received signal 15 (SIGTERM)
Real time (s): 1800.02
CPU time (s): 1795.07
CPU user time (s): 1757.33
CPU system time (s): 37.7405
CPU usage (%): 99.7252
Max. virtual memory (cumulated for all children) (KiB): 3235680
Max. memory (cumulated for all children) (KiB): 2595312

getrusage(RUSAGE_CHILDREN,...) data:
user time used= 1757.33
system time used= 37.7405
maximum resident set size= 2607456
integral shared memory size= 0
integral unshared data size= 0
integral unshared stack size= 0
page reclaims= 1837131
page faults= 113
swaps= 0
block input operations= 19512
block output operations= 0
messages sent= 0
messages received= 0
signals received= 0
voluntary context switches= 989
involuntary context switches= 2060


# summary of solver processes directly reported to runsolver:
#   pid: 16,18
#   total CPU time (s): 1795.07
#   total CPU user time (s): 1757.33
#   total CPU system time (s): 37.7405

??? join timestamper begins
??? join timestamper ends
??? end of timestamper thread
runsolver used 2.392 second user time and 1.70945 second system time

The end
