# WCTIME: wall clock time in seconds
WCTIME=2.1713
# CPUTIME: CPU time in seconds (USERTIME+SYSTEMTIME)
CPUTIME=2.05262
# USERTIME: CPU time spent in user mode in seconds
USERTIME=2.01326
# SYSTEMTIME: CPU time spent in system mode in seconds
SYSTEMTIME=0.039364
# CPUUSAGE: CPUTIME/WCTIME in percent
CPUUSAGE=94.5345
# MAXVM: maximum virtual memory used in KiB
MAXVM=27264
# MAXMM: maximum memory used in KiB
MAXMM=18512
# MAXRSS: maximum Resident Segment Size in KiB
MAXRSS=12616
# TIMEOUT: did the solver exceed the time limit?
TIMEOUT=false
# MEMOUT: did the solver exceed the memory limit?
MEMOUT=false
# EXITSTATUS: Exit status of the solver
EXITSTATUS=0
