# WCTIME: wall clock time in seconds
WCTIME=15.3281
# CPUTIME: CPU time in seconds (USERTIME+SYSTEMTIME)
CPUTIME=15.1574
# USERTIME: CPU time spent in user mode in seconds
USERTIME=14.8554
# SYSTEMTIME: CPU time spent in system mode in seconds
SYSTEMTIME=0.301992
# CPUUSAGE: CPUTIME/WCTIME in percent
CPUUSAGE=98.8867
# MAXVM: maximum virtual memory used in KiB
MAXVM=37676
# MAXMM: maximum memory used in KiB
MAXMM=28552
# MAXRSS: maximum Resident Segment Size in KiB
MAXRSS=16128
# TIMEOUT: did the solver exceed the time limit?
TIMEOUT=false
# MEMOUT: did the solver exceed the memory limit?
MEMOUT=false
# EXITSTATUS: Exit status of the solver
EXITSTATUS=0
