runsolver version 3.4.1 (svn: 3018) Copyright (C) 2010-2013 Olivier ROUSSEL

This program is distributed in the hope that it will be useful,
but WITHOUT ANY WARRANTY; without even the implied warranty of
MERCHANTABILITY or FITNESS FOR A PARTICULAR PURPOSE.  See the
GNU General Public License for more details.

NUMA information:
  number of nodes: 8
  memory of node 0: 63700 MiB (59684 MiB free)
  memory of node 1: 64504 MiB (23347 MiB free)
  memory of node 2: 64504 MiB (22469 MiB free)
  memory of node 3: 64461 MiB (61243 MiB free)
  memory of node 4: 64504 MiB (53541 MiB free)
  memory of node 5: 64504 MiB (58944 MiB free)
  memory of node 6: 64504 MiB (54182 MiB free)
  memory of node 7: 64491 MiB (53508 MiB free)
  node distances:
     10  12  12  12  21  21  21  21
     12  10  12  12  21  21  21  21
     12  12  10  12  21  21  21  21
     12  12  12  10  21  21  21  21
     21  21  21  21  10  12  12  12
     21  21  21  21  12  10  12  12
     21  21  21  21  12  12  10  12
     21  21  21  21  12  12  12  10

command line: /usr/local/bin/runsolver --timestamp -w /output/runsolver-watch.log -v /output/runsolver-values.log -o /output/solver-output.log -C 1800.0 -W 1800.0 -R 64000 /opt/solver/run_pyboolnet.py --instance /input/model_012.bnet 

running on 16 cores: 0-13,124-125

Enforcing CPUTime limit (soft limit, will send SIGTERM then SIGKILL): 1800 seconds
Enforcing CPUTime limit (hard limit, will send SIGXCPU): 1830 seconds
Enforcing wall clock limit (soft limit, will send SIGTERM then SIGKILL): 1800 seconds
Enforcing RSS+Swap limit (soft limit, will send SIGTERM then SIGKILL): 65536000 KiB
Linux 4.18.0-553.126.1.el8_10.x86_64
Current StackSize limit: 18014398509481983 KiB

solver pid=17, runsolver pid=13

[startup+0.100078 s]*
/proc/loadavg: 81.91 82.04 80.14 59/3213 18
/proc/meminfo: memFree=396198396/527542220 swapFree=27598568/33554428
[pid=17] ppid=13 vsize=13560 memory=6660 CPUtime=0 cores=0-13,112-125
/proc/17/stat : 17 (python3) D 13 17 0 0 -1 4194304 660 0 49 0 0 0 0 0 20 0 1 0 522627053 13885440 1665 67087892480 94424605306880 94424608577581 140737046548272 0 0 0 0 16781312 2 0 0 0 17 2 0 0 4 0 0 94424610940944 94424611224984 94424641949696 140737046551297 140737046551367 140737046551367 140737046552551 0
/proc/17/statm: 3390 1665 1175 799 0 1009 0
Current children cumulated CPU time: 0 s
Current children cumulated vsize: 13560 KiB
Current children cumulated memory: 6660 KiB

[startup+0.200603 s]*
/proc/loadavg: 81.91 82.04 80.14 91/3213 18
/proc/meminfo: memFree=396189864/527542220 swapFree=27598568/33554428
[pid=17] ppid=13 vsize=17020 memory=11976 CPUtime=0.04 cores=0-13,112-125
/proc/17/stat : 17 (python3) D 13 17 0 0 -1 4194304 1713 0 72 0 3 1 0 0 20 0 1 0 522627053 17428480 2994 67087892480 94424605306880 94424608577581 140737046548272 0 0 0 0 16781312 2 0 0 0 17 2 0 0 8 0 0 94424610940944 94424611224984 94424641949696 140737046551297 140737046551367 140737046551367 140737046552551 0
/proc/17/statm: 4255 2994 1505 799 0 1783 0
Current children cumulated CPU time: 0.04 s
Current children cumulated vsize: 17020 KiB
Current children cumulated memory: 11976 KiB

[startup+0.300505 s]*
/proc/loadavg: 81.91 82.04 80.14 100/3213 18
/proc/meminfo: memFree=396187828/527542220 swapFree=27598568/33554428
[pid=17] ppid=13 vsize=19804 memory=14400 CPUtime=0.06 cores=0-13,112-125
/proc/17/stat : 17 (python3) R 13 17 0 0 -1 4194304 2311 0 74 0 5 1 0 0 20 0 1 0 522627053 20279296 3600 67087892480 94424605306880 94424608577581 140737046548272 0 0 0 0 16781312 2 0 0 0 17 2 0 0 17 0 0 94424610940944 94424611224984 94424641949696 140737046551297 140737046551367 140737046551367 140737046552551 0
/proc/17/statm: 4951 3600 1545 799 0 2475 0
Current children cumulated CPU time: 0.06 s
Current children cumulated vsize: 19804 KiB
Current children cumulated memory: 14400 KiB

[startup+0.700231 s]
/proc/loadavg: 81.91 82.04 80.14 100/3213 18
/proc/meminfo: memFree=396174996/527542220 swapFree=27598568/33554428
[pid=17] ppid=13 vsize=47932 memory=32148 CPUtime=0.21 cores=0-13,112-125
/proc/17/stat : 17 (python3) D 13 17 0 0 -1 4194304 6097 0 126 0 16 5 0 0 20 0 1 0 522627053 49082368 8037 67087892480 94424605306880 94424608577581 140737046548272 0 0 0 0 16781312 2 0 0 0 17 2 0 0 36 0 0 94424610940944 94424611224984 94424641949696 140737046551297 140737046551367 140737046551367 140737046552551 0
/proc/17/statm: 11983 8037 2319 799 0 5999 0
Current children cumulated CPU time: 0.21 s
Current children cumulated vsize: 47932 KiB
Current children cumulated memory: 32148 KiB

[startup+1.50018 s]
/proc/loadavg: 81.91 82.04 80.14 100/3214 18
/proc/meminfo: memFree=396106068/527542220 swapFree=27598568/33554428
[pid=17] ppid=13 vsize=213744 memory=64032 CPUtime=0.59 cores=0-13,112-125
/proc/17/stat : 17 (python3) R 13 17 0 0 -1 4194304 11462 0 298 0 51 8 0 0 20 0 1 0 522627053 218873856 16008 67087892480 94424605306880 94424608577581 140737046548272 0 0 0 0 16781312 2 0 0 0 17 2 0 0 76 0 0 94424610940944 94424611224984 94424641949696 140737046551297 140737046551367 140737046551367 140737046552551 0
/proc/17/statm: 53436 16008 5297 799 0 20143 0
Current children cumulated CPU time: 0.59 s
Current children cumulated vsize: 213744 KiB
Current children cumulated memory: 64032 KiB

[startup+3.10047 s]
/proc/loadavg: 81.91 82.04 80.14 81/3215 22
/proc/meminfo: memFree=404276684/527542220 swapFree=27598568/33554428
[pid=17] ppid=13 vsize=222800 memory=72784 CPUtime=0.81 cores=0-13,112-125
/proc/17/stat : 17 (python3) S 13 17 0 0 -1 4194304 13666 182 298 4 69 10 2 0 20 0 1 0 522627053 228147200 18196 67087892480 94424605306880 94424608577581 140737046548272 0 0 0 0 16781312 2 1 0 0 17 12 0 0 78 0 0 94424610940944 94424611224984 94424641949696 140737046551297 140737046551367 140737046551367 140737046552551 0
/proc/17/statm: 55700 18196 5297 799 0 22407 0
[pid=22] ppid=17 vsize=66456 memory=27404 CPUtime=1.22 cores=0-13,112-125
/proc/22/stat : 22 (NuSMVa_linux64) R 17 17 0 0 -1 4194304 3865 0 73 0 121 1 0 0 20 0 1 0 522627235 68050944 6851 67087892480 4194304 7931321 140726707551232 0 0 0 0 0 512 0 0 0 17 2 0 0 5 0 0 10030016 10037704 26664960 140726707554856 140726707554994 140726707554994 140726707556262 0
/proc/22/statm: 16614 6851 1741 913 0 5416 0
Current children cumulated CPU time: 2.03 s
Current children cumulated vsize: 289256 KiB
Current children cumulated memory: 100188 KiB
heavy processes:

[startup+6.30015 s]
/proc/loadavg: 81.03 81.85 80.09 77/3217 22
/proc/meminfo: memFree=404268652/527542220 swapFree=27598568/33554428
[pid=17] ppid=13 vsize=222800 memory=72784 CPUtime=0.81 cores=0-13,112-125
/proc/17/stat : 17 (python3) S 13 17 0 0 -1 4194304 13666 182 298 4 69 10 2 0 20 0 1 0 522627053 228147200 18196 67087892480 94424605306880 94424608577581 140737046548272 0 0 0 0 16781312 2 1 0 0 17 12 0 0 78 0 0 94424610940944 94424611224984 94424641949696 140737046551297 140737046551367 140737046551367 140737046552551 0
/proc/17/statm: 55700 18196 5297 799 0 22407 0
[pid=22] ppid=17 vsize=74276 memory=35160 CPUtime=4.39 cores=0-13,112-125
/proc/22/stat : 22 (NuSMVa_linux64) R 17 17 0 0 -1 4194304 5811 0 73 0 438 1 0 0 20 0 1 0 522627235 76058624 8790 67087892480 4194304 7931321 140726707551232 0 0 0 0 0 512 0 0 0 17 2 0 0 5 0 0 10030016 10037704 26664960 140726707554856 140726707554994 140726707554994 140726707556262 0
/proc/22/statm: 18569 8790 1741 913 0 7371 0
Current children cumulated CPU time: 5.2 s
Current children cumulated vsize: 297076 KiB
Current children cumulated memory: 107944 KiB

[startup+12.7003 s]
/proc/loadavg: 81.03 81.84 80.09 92/3217 22
/proc/meminfo: memFree=402247120/527542220 swapFree=27598568/33554428
[pid=17] ppid=13 vsize=222800 memory=72784 CPUtime=0.81 cores=0-13,112-125
/proc/17/stat : 17 (python3) S 13 17 0 0 -1 4194304 13666 182 298 4 69 10 2 0 20 0 1 0 522627053 228147200 18196 67087892480 94424605306880 94424608577581 140737046548272 0 0 0 0 16781312 2 1 0 0 17 12 0 0 78 0 0 94424610940944 94424611224984 94424641949696 140737046551297 140737046551367 140737046551367 140737046552551 0
/proc/17/statm: 55700 18196 5297 799 0 22407 0
[pid=22] ppid=17 vsize=99616 memory=60436 CPUtime=10.76 cores=0-13,112-125
/proc/22/stat : 22 (NuSMVa_linux64) R 17 17 0 0 -1 4194304 10617 0 73 0 1074 2 0 0 20 0 1 0 522627235 102006784 15109 67087892480 4194304 7931321 140726707551232 0 0 0 0 0 512 0 0 0 17 2 0 0 5 0 0 10030016 10037704 26664960 140726707554856 140726707554994 140726707554994 140726707556262 0
/proc/22/statm: 24904 15109 1741 913 0 13706 0
Current children cumulated CPU time: 11.57 s
Current children cumulated vsize: 322416 KiB
Current children cumulated memory: 133220 KiB

[startup+25.5002 s]
/proc/loadavg: 77.35 80.94 79.83 69/3217 22
/proc/meminfo: memFree=404179144/527542220 swapFree=27598568/33554428
[pid=17] ppid=13 vsize=222800 memory=72784 CPUtime=0.81 cores=0-13,112-125
/proc/17/stat : 17 (python3) S 13 17 0 0 -1 4194304 13666 182 298 4 69 10 2 0 20 0 1 0 522627053 228147200 18196 67087892480 94424605306880 94424608577581 140737046548272 0 0 0 0 16781312 2 1 0 0 17 12 0 0 78 0 0 94424610940944 94424611224984 94424641949696 140737046551297 140737046551367 140737046551367 140737046552551 0
/proc/17/statm: 55700 18196 5297 799 0 22407 0
[pid=22] ppid=17 vsize=123764 memory=84696 CPUtime=23.49 cores=0-13,112-125
/proc/22/stat : 22 (NuSMVa_linux64) R 17 17 0 0 -1 4194304 16661 0 73 0 2346 3 0 0 20 0 1 0 522627235 126734336 21174 67087892480 4194304 7931321 140726707551232 0 0 0 0 0 512 0 0 0 17 2 0 0 5 0 0 10030016 10037704 26664960 140726707554856 140726707554994 140726707554994 140726707556262 0
/proc/22/statm: 30941 21174 1741 913 0 19743 0
Current children cumulated CPU time: 24.3 s
Current children cumulated vsize: 346564 KiB
Current children cumulated memory: 157480 KiB

[startup+51.1004 s]
/proc/loadavg: 76.17 80.46 79.70 67/3217 22
/proc/meminfo: memFree=402529340/527542220 swapFree=27598568/33554428
[pid=17] ppid=13 vsize=222800 memory=72784 CPUtime=0.81 cores=0-13,112-125
/proc/17/stat : 17 (python3) S 13 17 0 0 -1 4194304 13666 182 298 4 69 10 2 0 20 0 1 0 522627053 228147200 18196 67087892480 94424605306880 94424608577581 140737046548272 0 0 0 0 16781312 2 1 0 0 17 12 0 0 78 0 0 94424610940944 94424611224984 94424641949696 140737046551297 140737046551367 140737046551367 140737046552551 0
/proc/17/statm: 55700 18196 5297 799 0 22407 0
[pid=22] ppid=17 vsize=149420 memory=110276 CPUtime=48.96 cores=0-13,112-125
/proc/22/stat : 22 (NuSMVa_linux64) R 17 17 0 0 -1 4194304 23082 0 73 0 4891 5 0 0 20 0 1 0 522627235 153006080 27569 67087892480 4194304 7931321 140726707551232 0 0 0 0 0 512 0 0 0 17 2 0 0 5 0 0 10030016 10037704 26664960 140726707554856 140726707554994 140726707554994 140726707556262 0
/proc/22/statm: 37355 27569 1741 913 0 26157 0
Current children cumulated CPU time: 49.77 s
Current children cumulated vsize: 372220 KiB
Current children cumulated memory: 183060 KiB

[startup+102.3 s]
/proc/loadavg: 85.45 82.37 80.39 100/3216 22
/proc/meminfo: memFree=403993488/527542220 swapFree=27598568/33554428
[pid=17] ppid=13 vsize=222800 memory=72784 CPUtime=0.81 cores=0-13,112-125
/proc/17/stat : 17 (python3) S 13 17 0 0 -1 4194304 13666 182 298 4 69 10 2 0 20 0 1 0 522627053 228147200 18196 67087892480 94424605306880 94424608577581 140737046548272 0 0 0 0 16781312 2 1 0 0 17 12 0 0 78 0 0 94424610940944 94424611224984 94424641949696 140737046551297 140737046551367 140737046551367 140737046552551 0
/proc/17/statm: 55700 18196 5297 799 0 22407 0
[pid=22] ppid=17 vsize=222972 memory=183904 CPUtime=99.9 cores=0-13,112-125
/proc/22/stat : 22 (NuSMVa_linux64) R 17 17 0 0 -1 4194304 41477 0 73 0 9980 10 0 0 20 0 1 0 522627235 228323328 45976 67087892480 4194304 7931321 140726707551232 0 0 0 0 0 512 0 0 0 17 2 0 0 5 0 0 10030016 10037704 26664960 140726707554856 140726707554994 140726707554994 140726707556262 0
/proc/22/statm: 55743 45976 1741 913 0 44545 0
Current children cumulated CPU time: 100.71 s
Current children cumulated vsize: 445772 KiB
Current children cumulated memory: 256688 KiB

[startup+162.3 s]
/proc/loadavg: 81.43 81.70 80.28 93/3215 22
/proc/meminfo: memFree=403939988/527542220 swapFree=27598568/33554428
[pid=17] ppid=13 vsize=222800 memory=72784 CPUtime=0.81 cores=0-13,112-125
/proc/17/stat : 17 (python3) S 13 17 0 0 -1 4194304 13666 182 298 4 69 10 2 0 20 0 1 0 522627053 228147200 18196 67087892480 94424605306880 94424608577581 140737046548272 0 0 0 0 16781312 2 1 0 0 17 12 0 0 78 0 0 94424610940944 94424611224984 94424641949696 140737046551297 140737046551367 140737046551367 140737046552551 0
/proc/17/statm: 55700 18196 5297 799 0 22407 0
[pid=22] ppid=17 vsize=224508 memory=185488 CPUtime=159.6 cores=0-13,112-125
/proc/22/stat : 22 (NuSMVa_linux64) R 17 17 0 0 -1 4194304 41861 0 73 0 15949 11 0 0 20 0 1 0 522627235 229896192 46372 67087892480 4194304 7931321 140726707551232 0 0 0 0 0 512 0 0 0 17 114 0 0 5 0 0 10030016 10037704 26664960 140726707554856 140726707554994 140726707554994 140726707556262 0
/proc/22/statm: 56127 46372 1741 913 0 44929 0
Current children cumulated CPU time: 160.41 s
Current children cumulated vsize: 447308 KiB
Current children cumulated memory: 258272 KiB

[startup+222.3 s]
/proc/loadavg: 70.97 78.99 79.46 25/3207 22
/proc/meminfo: memFree=403087976/527542220 swapFree=27598568/33554428
[pid=17] ppid=13 vsize=222800 memory=72784 CPUtime=0.81 cores=0-13,112-125
/proc/17/stat : 17 (python3) S 13 17 0 0 -1 4194304 13666 182 298 4 69 10 2 0 20 0 1 0 522627053 228147200 18196 67087892480 94424605306880 94424608577581 140737046548272 0 0 0 0 16781312 2 1 0 0 17 12 0 0 78 0 0 94424610940944 94424611224984 94424641949696 140737046551297 140737046551367 140737046551367 140737046552551 0
/proc/17/statm: 55700 18196 5297 799 0 22407 0
[pid=22] ppid=17 vsize=351880 memory=312904 CPUtime=219.31 cores=0-13,112-125
/proc/22/stat : 22 (NuSMVa_linux64) R 17 17 0 0 -1 4194304 73202 0 73 0 21914 17 0 0 20 0 1 0 522627235 360325120 78226 67087892480 4194304 7931321 140726707551232 0 0 0 0 0 512 0 0 0 17 2 0 0 5 0 0 10030016 10037704 26664960 140726707554856 140726707554994 140726707554994 140726707556262 0
/proc/22/statm: 87970 78226 1741 913 0 76772 0
Current children cumulated CPU time: 220.12 s
Current children cumulated vsize: 574680 KiB
Current children cumulated memory: 385688 KiB

[startup+282.3 s]
/proc/loadavg: 70.82 77.21 78.80 100/3207 22
/proc/meminfo: memFree=402837764/527542220 swapFree=27598568/33554428
[pid=17] ppid=13 vsize=222800 memory=72784 CPUtime=0.81 cores=0-13,112-125
/proc/17/stat : 17 (python3) S 13 17 0 0 -1 4194304 13666 182 298 4 69 10 2 0 20 0 1 0 522627053 228147200 18196 67087892480 94424605306880 94424608577581 140737046548272 0 0 0 0 16781312 2 1 0 0 17 12 0 0 78 0 0 94424610940944 94424611224984 94424641949696 140737046551297 140737046551367 140737046551367 140737046552551 0
/proc/17/statm: 55700 18196 5297 799 0 22407 0
[pid=22] ppid=17 vsize=353928 memory=314744 CPUtime=279.03 cores=0-13,112-125
/proc/22/stat : 22 (NuSMVa_linux64) R 17 17 0 0 -1 4194304 73716 0 73 0 27886 17 0 0 20 0 1 0 522627235 362422272 78686 67087892480 4194304 7931321 140726707551232 0 0 0 0 0 512 0 0 0 17 2 0 0 5 0 0 10030016 10037704 26664960 140726707554856 140726707554994 140726707554994 140726707556262 0
/proc/22/statm: 88482 78686 1741 913 0 77284 0
Current children cumulated CPU time: 279.84 s
Current children cumulated vsize: 576728 KiB
Current children cumulated memory: 387528 KiB

[startup+342.3 s]
/proc/loadavg: 80.59 78.90 79.29 86/3201 22
/proc/meminfo: memFree=403322548/527542220 swapFree=27598568/33554428
[pid=17] ppid=13 vsize=222800 memory=72784 CPUtime=0.81 cores=0-13,112-125
/proc/17/stat : 17 (python3) S 13 17 0 0 -1 4194304 13666 182 298 4 69 10 2 0 20 0 1 0 522627053 228147200 18196 67087892480 94424605306880 94424608577581 140737046548272 0 0 0 0 16781312 2 1 0 0 17 12 0 0 78 0 0 94424610940944 94424611224984 94424641949696 140737046551297 140737046551367 140737046551367 140737046552551 0
/proc/17/statm: 55700 18196 5297 799 0 22407 0
[pid=22] ppid=17 vsize=354952 memory=315784 CPUtime=338.74 cores=0-13,112-125
/proc/22/stat : 22 (NuSMVa_linux64) R 17 17 0 0 -1 4194304 73974 0 73 0 33856 18 0 0 20 0 1 0 522627235 363470848 78946 67087892480 4194304 7931321 140726707551232 0 0 0 0 0 512 0 0 0 17 2 0 0 5 0 0 10030016 10037704 26664960 140726707554856 140726707554994 140726707554994 140726707556262 0
/proc/22/statm: 88738 78946 1741 913 0 77540 0
Current children cumulated CPU time: 339.55 s
Current children cumulated vsize: 577752 KiB
Current children cumulated memory: 388568 KiB

[startup+402.3 s]
/proc/loadavg: 87.47 81.24 80.07 100/3202 22
/proc/meminfo: memFree=403517564/527542220 swapFree=27598568/33554428
[pid=17] ppid=13 vsize=222800 memory=72784 CPUtime=0.81 cores=0-13,112-125
/proc/17/stat : 17 (python3) S 13 17 0 0 -1 4194304 13666 182 298 4 69 10 2 0 20 0 1 0 522627053 228147200 18196 67087892480 94424605306880 94424608577581 140737046548272 0 0 0 0 16781312 2 1 0 0 17 12 0 0 78 0 0 94424610940944 94424611224984 94424641949696 140737046551297 140737046551367 140737046551367 140737046552551 0
/proc/17/statm: 55700 18196 5297 799 0 22407 0
[pid=22] ppid=17 vsize=354952 memory=315784 CPUtime=398.44 cores=0-13,112-125
/proc/22/stat : 22 (NuSMVa_linux64) R 17 17 0 0 -1 4194304 73976 0 73 0 39826 18 0 0 20 0 1 0 522627235 363470848 78946 67087892480 4194304 7931321 140726707551232 0 0 0 0 0 512 0 0 0 17 114 0 0 5 0 0 10030016 10037704 26664960 140726707554856 140726707554994 140726707554994 140726707556262 0
/proc/22/statm: 88738 78946 1741 913 0 77540 0
Current children cumulated CPU time: 399.25 s
Current children cumulated vsize: 577752 KiB
Current children cumulated memory: 388568 KiB

[startup+462.3 s]
/proc/loadavg: 89.62 82.90 80.71 59/3202 22
/proc/meminfo: memFree=403243468/527542220 swapFree=27598568/33554428
[pid=17] ppid=13 vsize=222800 memory=72784 CPUtime=0.81 cores=0-13,112-125
/proc/17/stat : 17 (python3) S 13 17 0 0 -1 4194304 13666 182 298 4 69 10 2 0 20 0 1 0 522627053 228147200 18196 67087892480 94424605306880 94424608577581 140737046548272 0 0 0 0 16781312 2 1 0 0 17 12 0 0 78 0 0 94424610940944 94424611224984 94424641949696 140737046551297 140737046551367 140737046551367 140737046552551 0
/proc/17/statm: 55700 18196 5297 799 0 22407 0
[pid=22] ppid=17 vsize=534744 memory=495788 CPUtime=458.15 cores=0-13,112-125
/proc/22/stat : 22 (NuSMVa_linux64) R 17 17 0 0 -1 4194304 118933 0 73 0 45787 28 0 0 20 0 1 0 522627235 547577856 123947 67087892480 4194304 7931321 140726707551232 0 0 0 0 0 512 0 0 0 17 114 0 0 5 0 0 10030016 10037704 26664960 140726707554856 140726707554994 140726707554994 140726707556262 0
/proc/22/statm: 133686 123947 1741 913 0 122488 0
Current children cumulated CPU time: 458.96 s
Current children cumulated vsize: 757544 KiB
Current children cumulated memory: 568572 KiB

[startup+522.3 s]
/proc/loadavg: 86.26 83.00 80.88 100/3202 22
/proc/meminfo: memFree=403025588/527542220 swapFree=27598568/33554428
[pid=17] ppid=13 vsize=222800 memory=72784 CPUtime=0.81 cores=0-13,112-125
/proc/17/stat : 17 (python3) S 13 17 0 0 -1 4194304 13666 182 298 4 69 10 2 0 20 0 1 0 522627053 228147200 18196 67087892480 94424605306880 94424608577581 140737046548272 0 0 0 0 16781312 2 1 0 0 17 12 0 0 78 0 0 94424610940944 94424611224984 94424641949696 140737046551297 140737046551367 140737046551367 140737046552551 0
/proc/17/statm: 55700 18196 5297 799 0 22407 0
[pid=22] ppid=17 vsize=566668 memory=527724 CPUtime=517.85 cores=0-13,112-125
/proc/22/stat : 22 (NuSMVa_linux64) R 17 17 0 0 -1 4194304 126916 0 73 0 51755 30 0 0 20 0 1 0 522627235 580268032 131931 67087892480 4194304 7931321 140726707551232 0 0 0 0 0 512 0 0 0 17 2 0 0 5 0 0 10030016 10037704 26664960 140726707554856 140726707554994 140726707554994 140726707556262 0
/proc/22/statm: 141667 131931 1741 913 0 130469 0
Current children cumulated CPU time: 518.66 s
Current children cumulated vsize: 789468 KiB
Current children cumulated memory: 600508 KiB

[startup+582.3 s]
/proc/loadavg: 86.45 83.73 81.27 82/3202 22
/proc/meminfo: memFree=396683468/527542220 swapFree=27598568/33554428
[pid=17] ppid=13 vsize=222800 memory=72784 CPUtime=0.81 cores=0-13,112-125
/proc/17/stat : 17 (python3) S 13 17 0 0 -1 4194304 13666 182 298 4 69 10 2 0 20 0 1 0 522627053 228147200 18196 67087892480 94424605306880 94424608577581 140737046548272 0 0 0 0 16781312 2 1 0 0 17 12 0 0 78 0 0 94424610940944 94424611224984 94424641949696 140737046551297 140737046551367 140737046551367 140737046552551 0
/proc/17/statm: 55700 18196 5297 799 0 22407 0
[pid=22] ppid=17 vsize=569740 memory=530624 CPUtime=577.55 cores=0-13,112-125
/proc/22/stat : 22 (NuSMVa_linux64) R 17 17 0 0 -1 4194304 127686 0 73 0 57724 31 0 0 20 0 1 0 522627235 583413760 132656 67087892480 4194304 7931321 140726707551232 0 0 0 0 0 512 0 0 0 17 2 0 0 5 0 0 10030016 10037704 26664960 140726707554856 140726707554994 140726707554994 140726707556262 0
/proc/22/statm: 142435 132656 1741 913 0 131237 0
Current children cumulated CPU time: 578.36 s
Current children cumulated vsize: 792540 KiB
Current children cumulated memory: 603408 KiB

[startup+642.3 s]
/proc/loadavg: 80.47 82.56 81.02 100/3201 22
/proc/meminfo: memFree=397201432/527542220 swapFree=27598568/33554428
[pid=17] ppid=13 vsize=222800 memory=72784 CPUtime=0.81 cores=0-13,112-125
/proc/17/stat : 17 (python3) S 13 17 0 0 -1 4194304 13666 182 298 4 69 10 2 0 20 0 1 0 522627053 228147200 18196 67087892480 94424605306880 94424608577581 140737046548272 0 0 0 0 16781312 2 1 0 0 17 12 0 0 78 0 0 94424610940944 94424611224984 94424641949696 140737046551297 140737046551367 140737046551367 140737046552551 0
/proc/17/statm: 55700 18196 5297 799 0 22407 0
[pid=22] ppid=17 vsize=572812 memory=533784 CPUtime=637.25 cores=0-13,112-125
/proc/22/stat : 22 (NuSMVa_linux64) R 17 17 0 0 -1 4194304 128457 0 73 0 63693 32 0 0 20 0 1 0 522627235 586559488 133446 67087892480 4194304 7931321 140726707551232 0 0 0 0 0 512 0 0 0 17 114 0 0 5 0 0 10030016 10037704 26664960 140726707554856 140726707554994 140726707554994 140726707556262 0
/proc/22/statm: 143203 133446 1741 913 0 132005 0
Current children cumulated CPU time: 638.06 s
Current children cumulated vsize: 795612 KiB
Current children cumulated memory: 606568 KiB

[startup+702.3 s]
/proc/loadavg: 83.22 83.02 81.28 100/3201 22
/proc/meminfo: memFree=398511576/527542220 swapFree=27598568/33554428
[pid=17] ppid=13 vsize=222800 memory=72784 CPUtime=0.81 cores=0-13,112-125
/proc/17/stat : 17 (python3) S 13 17 0 0 -1 4194304 13666 182 298 4 69 10 2 0 20 0 1 0 522627053 228147200 18196 67087892480 94424605306880 94424608577581 140737046548272 0 0 0 0 16781312 2 1 0 0 17 12 0 0 78 0 0 94424610940944 94424611224984 94424641949696 140737046551297 140737046551367 140737046551367 140737046552551 0
/proc/17/statm: 55700 18196 5297 799 0 22407 0
[pid=22] ppid=17 vsize=572812 memory=533784 CPUtime=696.96 cores=0-13,112-125
/proc/22/stat : 22 (NuSMVa_linux64) R 17 17 0 0 -1 4194304 128460 0 73 0 69663 33 0 0 20 0 1 0 522627235 586559488 133446 67087892480 4194304 7931321 140726707551232 0 0 0 0 0 512 0 0 0 17 114 0 0 5 0 0 10030016 10037704 26664960 140726707554856 140726707554994 140726707554994 140726707556262 0
/proc/22/statm: 143203 133446 1741 913 0 132005 0
Current children cumulated CPU time: 697.77 s
Current children cumulated vsize: 795612 KiB
Current children cumulated memory: 606568 KiB

[startup+762.3 s]
/proc/loadavg: 85.23 83.71 81.63 100/3202 22
/proc/meminfo: memFree=399065324/527542220 swapFree=27598568/33554428
[pid=17] ppid=13 vsize=222800 memory=72784 CPUtime=0.81 cores=0-13,112-125
/proc/17/stat : 17 (python3) S 13 17 0 0 -1 4194304 13666 182 298 4 69 10 2 0 20 0 1 0 522627053 228147200 18196 67087892480 94424605306880 94424608577581 140737046548272 0 0 0 0 16781312 2 1 0 0 17 12 0 0 78 0 0 94424610940944 94424611224984 94424641949696 140737046551297 140737046551367 140737046551367 140737046552551 0
/proc/17/statm: 55700 18196 5297 799 0 22407 0
[pid=22] ppid=17 vsize=572812 memory=533784 CPUtime=756.67 cores=0-13,112-125
/proc/22/stat : 22 (NuSMVa_linux64) R 17 17 0 0 -1 4194304 128463 0 73 0 75633 34 0 0 20 0 1 0 522627235 586559488 133446 67087892480 4194304 7931321 140726707551232 0 0 0 0 0 512 0 0 0 17 2 0 0 5 0 0 10030016 10037704 26664960 140726707554856 140726707554994 140726707554994 140726707556262 0
/proc/22/statm: 143203 133446 1741 913 0 132005 0
Current children cumulated CPU time: 757.48 s
Current children cumulated vsize: 795612 KiB
Current children cumulated memory: 606568 KiB

[startup+822.3 s]
/proc/loadavg: 83.45 83.28 81.60 100/3203 22
/proc/meminfo: memFree=398796820/527542220 swapFree=27598568/33554428
[pid=17] ppid=13 vsize=222800 memory=72784 CPUtime=0.81 cores=0-13,112-125
/proc/17/stat : 17 (python3) S 13 17 0 0 -1 4194304 13666 182 298 4 69 10 2 0 20 0 1 0 522627053 228147200 18196 67087892480 94424605306880 94424608577581 140737046548272 0 0 0 0 16781312 2 1 0 0 17 12 0 0 78 0 0 94424610940944 94424611224984 94424641949696 140737046551297 140737046551367 140737046551367 140737046552551 0
/proc/17/statm: 55700 18196 5297 799 0 22407 0
[pid=22] ppid=17 vsize=572812 memory=533784 CPUtime=816.38 cores=0-13,112-125
/proc/22/stat : 22 (NuSMVa_linux64) R 17 17 0 0 -1 4194304 128466 0 73 0 81603 35 0 0 20 0 1 0 522627235 586559488 133446 67087892480 4194304 7931321 140726707551232 0 0 0 0 0 512 0 0 0 17 114 0 0 5 0 0 10030016 10037704 26664960 140726707554856 140726707554994 140726707554994 140726707556262 0
/proc/22/statm: 143203 133446 1741 913 0 132005 0
Current children cumulated CPU time: 817.19 s
Current children cumulated vsize: 795612 KiB
Current children cumulated memory: 606568 KiB

[startup+882.3 s]
/proc/loadavg: 82.88 82.94 81.58 68/3201 22
/proc/meminfo: memFree=395789860/527542220 swapFree=27598568/33554428
[pid=17] ppid=13 vsize=222800 memory=72784 CPUtime=0.81 cores=0-13,112-125
/proc/17/stat : 17 (python3) S 13 17 0 0 -1 4194304 13666 182 298 4 69 10 2 0 20 0 1 0 522627053 228147200 18196 67087892480 94424605306880 94424608577581 140737046548272 0 0 0 0 16781312 2 1 0 0 17 12 0 0 78 0 0 94424610940944 94424611224984 94424641949696 140737046551297 140737046551367 140737046551367 140737046552551 0
/proc/17/statm: 55700 18196 5297 799 0 22407 0
[pid=22] ppid=17 vsize=572812 memory=533784 CPUtime=876.11 cores=0-13,112-125
/proc/22/stat : 22 (NuSMVa_linux64) R 17 17 0 0 -1 4194304 128469 0 73 0 87575 36 0 0 20 0 1 0 522627235 586559488 133446 67087892480 4194304 7931321 140726707551232 0 0 0 0 0 512 0 0 0 17 2 0 0 5 0 0 10030016 10037704 26664960 140726707554856 140726707554994 140726707554994 140726707556262 0
/proc/22/statm: 143203 133446 1741 913 0 132005 0
Current children cumulated CPU time: 876.92 s
Current children cumulated vsize: 795612 KiB
Current children cumulated memory: 606568 KiB

[startup+942.3 s]
/proc/loadavg: 75.53 81.07 81.04 34/3201 22
/proc/meminfo: memFree=398261876/527542220 swapFree=27598568/33554428
[pid=17] ppid=13 vsize=222800 memory=72784 CPUtime=0.81 cores=0-13,112-125
/proc/17/stat : 17 (python3) S 13 17 0 0 -1 4194304 13666 182 298 4 69 10 2 0 20 0 1 0 522627053 228147200 18196 67087892480 94424605306880 94424608577581 140737046548272 0 0 0 0 16781312 2 1 0 0 17 12 0 0 78 0 0 94424610940944 94424611224984 94424641949696 140737046551297 140737046551367 140737046551367 140737046552551 0
/proc/17/statm: 55700 18196 5297 799 0 22407 0
[pid=22] ppid=17 vsize=572812 memory=533784 CPUtime=935.84 cores=0-13,112-125
/proc/22/stat : 22 (NuSMVa_linux64) R 17 17 0 0 -1 4194304 128472 0 73 0 93547 37 0 0 20 0 1 0 522627235 586559488 133446 67087892480 4194304 7931321 140726707551232 0 0 0 0 0 512 0 0 0 17 114 0 0 5 0 0 10030016 10037704 26664960 140726707554856 140726707554994 140726707554994 140726707556262 0
/proc/22/statm: 143203 133446 1741 913 0 132005 0
Current children cumulated CPU time: 936.65 s
Current children cumulated vsize: 795612 KiB
Current children cumulated memory: 606568 KiB

[startup+1002.3 s]
/proc/loadavg: 73.46 79.29 80.41 51/3200 22
/proc/meminfo: memFree=400286096/527542220 swapFree=27598568/33554428
[pid=17] ppid=13 vsize=222800 memory=72784 CPUtime=0.81 cores=0-13,112-125
/proc/17/stat : 17 (python3) S 13 17 0 0 -1 4194304 13666 182 298 4 69 10 2 0 20 0 1 0 522627053 228147200 18196 67087892480 94424605306880 94424608577581 140737046548272 0 0 0 0 16781312 2 1 0 0 17 12 0 0 78 0 0 94424610940944 94424611224984 94424641949696 140737046551297 140737046551367 140737046551367 140737046552551 0
/proc/17/statm: 55700 18196 5297 799 0 22407 0
[pid=22] ppid=17 vsize=572812 memory=533784 CPUtime=995.57 cores=0-13,112-125
/proc/22/stat : 22 (NuSMVa_linux64) R 17 17 0 0 -1 4194304 128475 0 73 0 99519 38 0 0 20 0 1 0 522627235 586559488 133446 67087892480 4194304 7931321 140726707551232 0 0 0 0 0 512 0 0 0 17 2 0 0 5 0 0 10030016 10037704 26664960 140726707554856 140726707554994 140726707554994 140726707556262 0
/proc/22/statm: 143203 133446 1741 913 0 132005 0
Current children cumulated CPU time: 996.38 s
Current children cumulated vsize: 795612 KiB
Current children cumulated memory: 606568 KiB

[startup+1062.3 s]
/proc/loadavg: 76.66 78.77 80.14 92/3198 22
/proc/meminfo: memFree=402632864/527542220 swapFree=27598568/33554428
[pid=17] ppid=13 vsize=222800 memory=72784 CPUtime=0.81 cores=0-13,112-125
/proc/17/stat : 17 (python3) S 13 17 0 0 -1 4194304 13666 182 298 4 69 10 2 0 20 0 1 0 522627053 228147200 18196 67087892480 94424605306880 94424608577581 140737046548272 0 0 0 0 16781312 2 1 0 0 17 12 0 0 78 0 0 94424610940944 94424611224984 94424641949696 140737046551297 140737046551367 140737046551367 140737046552551 0
/proc/17/statm: 55700 18196 5297 799 0 22407 0
[pid=22] ppid=17 vsize=572812 memory=533784 CPUtime=1055.27 cores=0-13,112-125
/proc/22/stat : 22 (NuSMVa_linux64) R 17 17 0 0 -1 4194304 128478 0 73 0 105488 39 0 0 20 0 1 0 522627235 586559488 133446 67087892480 4194304 7931321 140726707551232 0 0 0 0 0 512 0 0 0 17 2 0 0 5 0 0 10030016 10037704 26664960 140726707554856 140726707554994 140726707554994 140726707556262 0
/proc/22/statm: 143203 133446 1741 913 0 132005 0
Current children cumulated CPU time: 1056.08 s
Current children cumulated vsize: 795612 KiB
Current children cumulated memory: 606568 KiB

[startup+1122.3 s]
/proc/loadavg: 79.24 79.09 80.16 100/3199 22
/proc/meminfo: memFree=401451720/527542220 swapFree=27598568/33554428
[pid=17] ppid=13 vsize=222800 memory=72784 CPUtime=0.81 cores=0-13,112-125
/proc/17/stat : 17 (python3) S 13 17 0 0 -1 4194304 13666 182 298 4 69 10 2 0 20 0 1 0 522627053 228147200 18196 67087892480 94424605306880 94424608577581 140737046548272 0 0 0 0 16781312 2 1 0 0 17 12 0 0 78 0 0 94424610940944 94424611224984 94424641949696 140737046551297 140737046551367 140737046551367 140737046552551 0
/proc/17/statm: 55700 18196 5297 799 0 22407 0
[pid=22] ppid=17 vsize=572812 memory=533784 CPUtime=1114.98 cores=0-13,112-125
/proc/22/stat : 22 (NuSMVa_linux64) R 17 17 0 0 -1 4194304 128481 0 73 0 111458 40 0 0 20 0 1 0 522627235 586559488 133446 67087892480 4194304 7931321 140726707551232 0 0 0 0 0 512 0 0 0 17 2 0 0 5 0 0 10030016 10037704 26664960 140726707554856 140726707554994 140726707554994 140726707556262 0
/proc/22/statm: 143203 133446 1741 913 0 132005 0
Current children cumulated CPU time: 1115.79 s
Current children cumulated vsize: 795612 KiB
Current children cumulated memory: 606568 KiB

[startup+1182.3 s]
/proc/loadavg: 79.80 79.45 80.23 100/3199 22
/proc/meminfo: memFree=401669216/527542220 swapFree=27598568/33554428
[pid=17] ppid=13 vsize=222800 memory=72784 CPUtime=0.81 cores=0-13,112-125
/proc/17/stat : 17 (python3) S 13 17 0 0 -1 4194304 13666 182 298 4 69 10 2 0 20 0 1 0 522627053 228147200 18196 67087892480 94424605306880 94424608577581 140737046548272 0 0 0 0 16781312 2 1 0 0 17 12 0 0 78 0 0 94424610940944 94424611224984 94424641949696 140737046551297 140737046551367 140737046551367 140737046552551 0
/proc/17/statm: 55700 18196 5297 799 0 22407 0
[pid=22] ppid=17 vsize=572812 memory=533784 CPUtime=1174.68 cores=0-13,112-125
/proc/22/stat : 22 (NuSMVa_linux64) R 17 17 0 0 -1 4194304 128484 0 73 0 117427 41 0 0 20 0 1 0 522627235 586559488 133446 67087892480 4194304 7931321 140726707551232 0 0 0 0 0 512 0 0 0 17 2 0 0 5 0 0 10030016 10037704 26664960 140726707554856 140726707554994 140726707554994 140726707556262 0
/proc/22/statm: 143203 133446 1741 913 0 132005 0
Current children cumulated CPU time: 1175.49 s
Current children cumulated vsize: 795612 KiB
Current children cumulated memory: 606568 KiB

[startup+1242.3 s]
/proc/loadavg: 80.44 79.84 80.32 100/3201 22
/proc/meminfo: memFree=401908780/527542220 swapFree=27598568/33554428
[pid=17] ppid=13 vsize=222800 memory=72784 CPUtime=0.81 cores=0-13,112-125
/proc/17/stat : 17 (python3) S 13 17 0 0 -1 4194304 13666 182 298 4 69 10 2 0 20 0 1 0 522627053 228147200 18196 67087892480 94424605306880 94424608577581 140737046548272 0 0 0 0 16781312 2 1 0 0 17 12 0 0 78 0 0 94424610940944 94424611224984 94424641949696 140737046551297 140737046551367 140737046551367 140737046552551 0
/proc/17/statm: 55700 18196 5297 799 0 22407 0
[pid=22] ppid=17 vsize=573836 memory=534712 CPUtime=1234.38 cores=0-13,112-125
/proc/22/stat : 22 (NuSMVa_linux64) R 17 17 0 0 -1 4194304 128743 0 73 0 123396 42 0 0 20 0 1 0 522627235 587608064 133678 67087892480 4194304 7931321 140726707551232 0 0 0 0 0 512 0 0 0 17 2 0 0 5 0 0 10030016 10037704 26664960 140726707554856 140726707554994 140726707554994 140726707556262 0
/proc/22/statm: 143459 133678 1741 913 0 132261 0
Current children cumulated CPU time: 1235.19 s
Current children cumulated vsize: 796636 KiB
Current children cumulated memory: 607496 KiB

[startup+1302.3 s]
/proc/loadavg: 86.91 81.59 80.88 92/3201 22
/proc/meminfo: memFree=402338156/527542220 swapFree=27598568/33554428
[pid=17] ppid=13 vsize=222800 memory=72784 CPUtime=0.81 cores=0-13,112-125
/proc/17/stat : 17 (python3) S 13 17 0 0 -1 4194304 13666 182 298 4 69 10 2 0 20 0 1 0 522627053 228147200 18196 67087892480 94424605306880 94424608577581 140737046548272 0 0 0 0 16781312 2 1 0 0 17 12 0 0 78 0 0 94424610940944 94424611224984 94424641949696 140737046551297 140737046551367 140737046551367 140737046552551 0
/proc/17/statm: 55700 18196 5297 799 0 22407 0
[pid=22] ppid=17 vsize=636564 memory=597444 CPUtime=1294.09 cores=0-13,112-125
/proc/22/stat : 22 (NuSMVa_linux64) R 17 17 0 0 -1 4194304 142404 0 73 0 129363 46 0 0 20 0 1 0 522627235 651841536 149361 67087892480 4194304 7931321 140726707551232 0 0 0 0 0 512 0 0 0 17 2 0 0 5 0 0 10030016 10037704 26664960 140726707554856 140726707554994 140726707554994 140726707556262 0
/proc/22/statm: 159141 149361 1741 913 0 147943 0
Current children cumulated CPU time: 1294.9 s
Current children cumulated vsize: 859364 KiB
Current children cumulated memory: 670228 KiB

[startup+1362.3 s]
/proc/loadavg: 88.77 83.16 81.47 68/3204 22
/proc/meminfo: memFree=401954664/527542220 swapFree=27598568/33554428
[pid=17] ppid=13 vsize=222800 memory=72784 CPUtime=0.81 cores=0-13,112-125
/proc/17/stat : 17 (python3) S 13 17 0 0 -1 4194304 13666 182 298 4 69 10 2 0 20 0 1 0 522627053 228147200 18196 67087892480 94424605306880 94424608577581 140737046548272 0 0 0 0 16781312 2 1 0 0 17 12 0 0 78 0 0 94424610940944 94424611224984 94424641949696 140737046551297 140737046551367 140737046551367 140737046552551 0
/proc/17/statm: 55700 18196 5297 799 0 22407 0
[pid=22] ppid=17 vsize=638324 memory=599292 CPUtime=1353.79 cores=0-13,112-125
/proc/22/stat : 22 (NuSMVa_linux64) R 17 17 0 0 -1 4194304 142872 0 73 0 135333 46 0 0 20 0 1 0 522627235 653643776 149823 67087892480 4194304 7931321 140726707551232 0 0 0 0 0 512 0 0 0 17 2 0 0 5 0 0 10030016 10037704 26664960 140726707554856 140726707554994 140726707554994 140726707556262 0
/proc/22/statm: 159581 149823 1741 913 0 148383 0
Current children cumulated CPU time: 1354.6 s
Current children cumulated vsize: 861124 KiB
Current children cumulated memory: 672076 KiB

[startup+1422.3 s]
/proc/loadavg: 71.63 79.47 80.32 66/3200 22
/proc/meminfo: memFree=399599488/527542220 swapFree=27598568/33554428
[pid=17] ppid=13 vsize=222800 memory=72784 CPUtime=0.81 cores=0-13,112-125
/proc/17/stat : 17 (python3) S 13 17 0 0 -1 4194304 13666 182 298 4 69 10 2 0 20 0 1 0 522627053 228147200 18196 67087892480 94424605306880 94424608577581 140737046548272 0 0 0 0 16781312 2 1 0 0 17 12 0 0 78 0 0 94424610940944 94424611224984 94424641949696 140737046551297 140737046551367 140737046551367 140737046552551 0
/proc/17/statm: 55700 18196 5297 799 0 22407 0
[pid=22] ppid=17 vsize=639604 memory=600552 CPUtime=1413.54 cores=0-13,112-125
/proc/22/stat : 22 (NuSMVa_linux64) R 17 17 0 0 -1 4194304 143199 0 73 0 141307 47 0 0 20 0 1 0 522627235 654954496 150138 67087892480 4194304 7931321 140726707551232 0 0 0 0 0 512 0 0 0 17 2 0 0 5 0 0 10030016 10037704 26664960 140726707554856 140726707554994 140726707554994 140726707556262 0
/proc/22/statm: 159901 150138 1741 913 0 148703 0
Current children cumulated CPU time: 1414.35 s
Current children cumulated vsize: 862404 KiB
Current children cumulated memory: 673336 KiB

[startup+1482.3 s]
/proc/loadavg: 67.40 76.67 79.30 101/3202 22
/proc/meminfo: memFree=395952228/527542220 swapFree=27598568/33554428
[pid=17] ppid=13 vsize=222800 memory=72784 CPUtime=0.81 cores=0-13,112-125
/proc/17/stat : 17 (python3) S 13 17 0 0 -1 4194304 13666 182 298 4 69 10 2 0 20 0 1 0 522627053 228147200 18196 67087892480 94424605306880 94424608577581 140737046548272 0 0 0 0 16781312 2 1 0 0 17 12 0 0 78 0 0 94424610940944 94424611224984 94424641949696 140737046551297 140737046551367 140737046551367 140737046552551 0
/proc/17/statm: 55700 18196 5297 799 0 22407 0
[pid=22] ppid=17 vsize=641684 memory=602580 CPUtime=1473.28 cores=0-13,112-125
/proc/22/stat : 22 (NuSMVa_linux64) R 17 17 0 0 -1 4194304 143732 0 73 0 147280 48 0 0 20 0 1 0 522627235 657084416 150645 67087892480 4194304 7931321 140726707551232 0 0 0 0 0 512 0 0 0 17 2 0 0 5 0 0 10030016 10037704 26664960 140726707554856 140726707554994 140726707554994 140726707556262 0
/proc/22/statm: 160421 150645 1741 913 0 149223 0
Current children cumulated CPU time: 1474.09 s
Current children cumulated vsize: 864484 KiB
Current children cumulated memory: 675364 KiB

[startup+1542.3 s]
/proc/loadavg: 77.38 77.61 79.44 94/3201 22
/proc/meminfo: memFree=399138812/527542220 swapFree=27598568/33554428
[pid=17] ppid=13 vsize=222800 memory=72784 CPUtime=0.81 cores=0-13,112-125
/proc/17/stat : 17 (python3) S 13 17 0 0 -1 4194304 13666 182 298 4 69 10 2 0 20 0 1 0 522627053 228147200 18196 67087892480 94424605306880 94424608577581 140737046548272 0 0 0 0 16781312 2 1 0 0 17 12 0 0 78 0 0 94424610940944 94424611224984 94424641949696 140737046551297 140737046551367 140737046551367 140737046552551 0
/proc/17/statm: 55700 18196 5297 799 0 22407 0
[pid=22] ppid=17 vsize=641684 memory=602788 CPUtime=1532.99 cores=0-13,112-125
/proc/22/stat : 22 (NuSMVa_linux64) R 17 17 0 0 -1 4194304 143771 0 73 0 153251 48 0 0 20 0 1 0 522627235 657084416 150697 67087892480 4194304 7931321 140726707551232 0 0 0 0 0 512 0 0 0 17 2 0 0 5 0 0 10030016 10037704 26664960 140726707554856 140726707554994 140726707554994 140726707556262 0
/proc/22/statm: 160421 150697 1741 913 0 149223 0
Current children cumulated CPU time: 1533.8 s
Current children cumulated vsize: 864484 KiB
Current children cumulated memory: 675572 KiB

[startup+1602.3 s]
/proc/loadavg: 80.62 78.43 79.61 100/3201 22
/proc/meminfo: memFree=397979756/527542220 swapFree=27598568/33554428
[pid=17] ppid=13 vsize=222800 memory=72784 CPUtime=0.81 cores=0-13,112-125
/proc/17/stat : 17 (python3) S 13 17 0 0 -1 4194304 13666 182 298 4 69 10 2 0 20 0 1 0 522627053 228147200 18196 67087892480 94424605306880 94424608577581 140737046548272 0 0 0 0 16781312 2 1 0 0 17 12 0 0 78 0 0 94424610940944 94424611224984 94424641949696 140737046551297 140737046551367 140737046551367 140737046552551 0
/proc/17/statm: 55700 18196 5297 799 0 22407 0
[pid=22] ppid=17 vsize=643284 memory=604236 CPUtime=1592.7 cores=0-13,112-125
/proc/22/stat : 22 (NuSMVa_linux64) R 17 17 0 0 -1 4194304 144192 0 73 0 159221 49 0 0 20 0 1 0 522627235 658722816 151059 67087892480 4194304 7931321 140726707551232 0 0 0 0 0 512 0 0 0 17 2 0 0 5 0 0 10030016 10037704 26664960 140726707554856 140726707554994 140726707554994 140726707556262 0
/proc/22/statm: 160821 151059 1741 913 0 149623 0
Current children cumulated CPU time: 1593.51 s
Current children cumulated vsize: 866084 KiB
Current children cumulated memory: 677020 KiB

[startup+1662.3 s]
/proc/loadavg: 84.86 79.95 80.05 100/3201 22
/proc/meminfo: memFree=400796868/527542220 swapFree=27598568/33554428
[pid=17] ppid=13 vsize=222800 memory=72784 CPUtime=0.81 cores=0-13,112-125
/proc/17/stat : 17 (python3) S 13 17 0 0 -1 4194304 13666 182 298 4 69 10 2 0 20 0 1 0 522627053 228147200 18196 67087892480 94424605306880 94424608577581 140737046548272 0 0 0 0 16781312 2 1 0 0 17 12 0 0 78 0 0 94424610940944 94424611224984 94424641949696 140737046551297 140737046551367 140737046551367 140737046552551 0
/proc/17/statm: 55700 18196 5297 799 0 22407 0
[pid=22] ppid=17 vsize=760324 memory=721452 CPUtime=1652.41 cores=0-13,112-125
/proc/22/stat : 22 (NuSMVa_linux64) R 17 17 0 0 -1 4194304 171942 0 73 0 165188 53 0 0 20 0 1 0 522627235 778571776 180363 67087892480 4194304 7931321 140726707551232 0 0 0 0 0 512 0 0 0 17 2 0 0 5 0 0 10030016 10037704 26664960 140726707554856 140726707554994 140726707554994 140726707556262 0
/proc/22/statm: 190081 180363 1741 913 0 178883 0
Current children cumulated CPU time: 1653.22 s
Current children cumulated vsize: 983124 KiB
Current children cumulated memory: 794236 KiB

[startup+1722.3 s]
/proc/loadavg: 88.59 81.97 80.74 92/3201 22
/proc/meminfo: memFree=401004764/527542220 swapFree=27598568/33554428
[pid=17] ppid=13 vsize=222800 memory=72784 CPUtime=0.81 cores=0-13,112-125
/proc/17/stat : 17 (python3) S 13 17 0 0 -1 4194304 13666 182 298 4 69 10 2 0 20 0 1 0 522627053 228147200 18196 67087892480 94424605306880 94424608577581 140737046548272 0 0 0 0 16781312 2 1 0 0 17 12 0 0 78 0 0 94424610940944 94424611224984 94424641949696 140737046551297 140737046551367 140737046551367 140737046552551 0
/proc/17/statm: 55700 18196 5297 799 0 22407 0
[pid=22] ppid=17 vsize=959876 memory=920824 CPUtime=1712.11 cores=0-13,112-125
/proc/22/stat : 22 (NuSMVa_linux64) R 17 17 0 0 -1 4194304 220282 0 73 0 171148 63 0 0 20 0 1 0 522627235 982913024 230206 67087892480 4194304 7931321 140726707551232 0 0 0 0 0 512 0 0 0 17 114 0 0 5 0 0 10030016 10037704 26664960 140726707554856 140726707554994 140726707554994 140726707556262 0
/proc/22/statm: 239969 230206 1741 913 0 228771 0
Current children cumulated CPU time: 1712.92 s
Current children cumulated vsize: 1182676 KiB
Current children cumulated memory: 993608 KiB

[startup+1782.3 s]
/proc/loadavg: 81.13 80.92 80.46 90/3164 22
/proc/meminfo: memFree=400341884/527542220 swapFree=27598568/33554428
[pid=17] ppid=13 vsize=222800 memory=72784 CPUtime=0.81 cores=0-13,112-125
/proc/17/stat : 17 (python3) S 13 17 0 0 -1 4194304 13666 182 298 4 69 10 2 0 20 0 1 0 522627053 228147200 18196 67087892480 94424605306880 94424608577581 140737046548272 0 0 0 0 16781312 2 1 0 0 17 12 0 0 78 0 0 94424610940944 94424611224984 94424641949696 140737046551297 140737046551367 140737046551367 140737046552551 0
/proc/17/statm: 55700 18196 5297 799 0 22407 0
[pid=22] ppid=17 vsize=984736 memory=945680 CPUtime=1771.8 cores=0-13,112-125
/proc/22/stat : 22 (NuSMVa_linux64) R 17 17 0 0 -1 4194304 223443 0 73 0 177116 64 0 0 20 0 1 0 522627235 1008369664 236420 67087892480 4194304 7931321 140726707551232 0 0 0 0 0 512 0 0 0 17 2 0 0 5 0 0 10030016 10037704 26664960 140726707554856 140726707554994 140726707554994 140726707556262 0
/proc/22/statm: 246184 236420 1741 913 0 234986 0
Current children cumulated CPU time: 1772.61 s
Current children cumulated vsize: 1207536 KiB
Current children cumulated memory: 1018464 KiB



Maximum wall clock time exceeded: sending SIGTERM then SIGKILL

[startup+1800 s]*
/proc/loadavg: 78.64 80.35 80.27 85/3164 22
/proc/meminfo: memFree=402611544/527542220 swapFree=27598568/33554428
[pid=17] ppid=13 vsize=222800 memory=72784 CPUtime=0.81 cores=0-13,112-125
/proc/17/stat : 17 (python3) S 13 17 0 0 -1 4194304 13666 182 298 4 69 10 2 0 20 0 1 0 522627053 228147200 18196 67087892480 94424605306880 94424608577581 140737046548272 0 0 0 0 16781312 2 1 0 0 17 12 0 0 78 0 0 94424610940944 94424611224984 94424641949696 140737046551297 140737046551367 140737046551367 140737046552551 0
/proc/17/statm: 55700 18196 5297 799 0 22407 0
[pid=22] ppid=17 vsize=984736 memory=945680 CPUtime=1789.41 cores=0-13,112-125
/proc/22/stat : 22 (NuSMVa_linux64) R 17 17 0 0 -1 4194304 223447 0 73 0 178877 64 0 0 20 0 1 0 522627235 1008369664 236420 67087892480 4194304 7931321 140726707551232 0 0 0 0 0 512 0 0 0 17 2 0 0 5 0 0 10030016 10037704 26664960 140726707554856 140726707554994 140726707554994 140726707556262 0
/proc/22/statm: 246184 236420 1741 913 0 234986 0
Current children cumulated CPU time: 1790.22 s
Current children cumulated vsize: 1207536 KiB
Current children cumulated memory: 1018464 KiB

Sending SIGTERM to process tree (bottom up)
Sleeping 2 seconds

[startup+1800.01 s]
# the end of solver process 17 was just reported to runsolver
# cumulated CPU time of all completed processes:  user=0.727596 s, system=0.11504 s

[startup+1800.04 s]
# the end of solver process 22 was just reported to runsolver
# cumulated CPU time of all completed processes:  user=1789.51 s, system=0.802308 s
# this solver process was not waited by its parent and was adopted by runsolver

Solver just ended.
??? end of watcher thread
Dumping a history of the last processes samples

Child ended because it received signal 15 (SIGTERM)
Real time (s): 1800.04
CPU time (s): 1790.31
CPU user time (s): 1789.51
CPU system time (s): 0.802308
CPU usage (%): 99.4591
Max. virtual memory (cumulated for all children) (KiB): 1207536
Max. memory (cumulated for all children) (KiB): 1018464

getrusage(RUSAGE_CHILDREN,...) data:
user time used= 1789.51
system time used= 0.802308
maximum resident set size= 945808
integral shared memory size= 0
integral unshared data size= 0
integral unshared stack size= 0
page reclaims= 237295
page faults= 375
swaps= 0
block input operations= 104560
block output operations= 8
messages sent= 0
messages received= 0
signals received= 0
voluntary context switches= 10299
involuntary context switches= 1091


# summary of solver processes directly reported to runsolver:
#   pid: 17,22
#   total CPU time (s): 1790.31
#   total CPU user time (s): 1789.51
#   total CPU system time (s): 0.802308

??? join timestamper begins
??? join timestamper ends
??? end of timestamper thread
runsolver used 0.847106 second user time and 4.32177 second system time

The end
