# WCTIME: wall clock time in seconds
WCTIME=8.85695
# CPUTIME: CPU time in seconds (USERTIME+SYSTEMTIME)
CPUTIME=8.71171
# USERTIME: CPU time spent in user mode in seconds
USERTIME=8.50802
# SYSTEMTIME: CPU time spent in system mode in seconds
SYSTEMTIME=0.203684
# CPUUSAGE: CPUTIME/WCTIME in percent
CPUUSAGE=98.3601
# MAXVM: maximum virtual memory used in KiB
MAXVM=34208
# MAXMM: maximum memory used in KiB
MAXMM=25456
# MAXRSS: maximum Resident Segment Size in KiB
MAXRSS=13564
# TIMEOUT: did the solver exceed the time limit?
TIMEOUT=false
# MEMOUT: did the solver exceed the memory limit?
MEMOUT=false
# EXITSTATUS: Exit status of the solver
EXITSTATUS=0
