# WCTIME: wall clock time in seconds
WCTIME=1800.01
# CPUTIME: CPU time in seconds (USERTIME+SYSTEMTIME)
CPUTIME=1793.1
# USERTIME: CPU time spent in user mode in seconds
USERTIME=1792.1
# SYSTEMTIME: CPU time spent in system mode in seconds
SYSTEMTIME=1.00428
# CPUUSAGE: CPUTIME/WCTIME in percent
CPUUSAGE=99.6162
# MAXVM: maximum virtual memory used in KiB
MAXVM=667792
# MAXMM: maximum memory used in KiB
MAXMM=480360
# MAXRSS: maximum Resident Segment Size in KiB
MAXRSS=405764
# TIMEOUT: did the solver exceed the time limit?
TIMEOUT=true
# MEMOUT: did the solver exceed the memory limit?
MEMOUT=false
# EXITSTATUS: Exit status of the solver
EXITSTATUS=15
