runsolver version 3.4.1 (svn: 3018) Copyright (C) 2010-2013 Olivier ROUSSEL

This program is distributed in the hope that it will be useful,
but WITHOUT ANY WARRANTY; without even the implied warranty of
MERCHANTABILITY or FITNESS FOR A PARTICULAR PURPOSE.  See the
GNU General Public License for more details.

NUMA information:
  number of nodes: 8
  memory of node 0: 63700 MiB (52701 MiB free)
  memory of node 1: 64504 MiB (61742 MiB free)
  memory of node 2: 64504 MiB (54159 MiB free)
  memory of node 3: 64504 MiB (57227 MiB free)
  memory of node 4: 64504 MiB (59562 MiB free)
  memory of node 5: 64504 MiB (61990 MiB free)
  memory of node 6: 64461 MiB (54744 MiB free)
  memory of node 7: 64491 MiB (1435 MiB free)
  node distances:
     10  12  12  12  21  21  21  21
     12  10  12  12  21  21  21  21
     12  12  10  12  21  21  21  21
     12  12  12  10  21  21  21  21
     21  21  21  21  10  12  12  12
     21  21  21  21  12  10  12  12
     21  21  21  21  12  12  10  12
     21  21  21  21  12  12  12  10

command line: /usr/local/bin/runsolver --timestamp -w /output/runsolver-watch.log -v /output/runsolver-values.log -o /output/solver-output.log -C 1800.0 -W 1800.0 -R 64000 /opt/solver/run_pyboolnet.py --instance /input/model_116.bnet 

running on 14 cores: 66-67,72-79,188-191

Enforcing CPUTime limit (soft limit, will send SIGTERM then SIGKILL): 1800 seconds
Enforcing CPUTime limit (hard limit, will send SIGXCPU): 1830 seconds
Enforcing wall clock limit (soft limit, will send SIGTERM then SIGKILL): 1800 seconds
Enforcing RSS+Swap limit (soft limit, will send SIGTERM then SIGKILL): 65536000 KiB
Linux 4.18.0-553.126.1.el8_10.x86_64
Current StackSize limit: 18014398509481983 KiB

solver pid=16, runsolver pid=13

[startup+0.100137 s]*
/proc/loadavg: 36.22 33.20 32.42 37/3157 17
/proc/meminfo: memFree=413315352/527542216 swapFree=31798012/33554428
[pid=16] ppid=13 vsize=14920 memory=9528 CPUtime=0.01 cores=66-79,178-191
/proc/16/stat : 16 (python3) S 13 16 0 0 -1 4194304 1162 0 56 0 1 0 0 0 20 0 1 0 522630785 15278080 2382 67087892480 94283804053504 94283807324205 140721605367312 0 0 0 0 16781312 2 0 0 0 17 180 0 0 6 0 0 94283809687568 94283809971608 94283822264320 140721605368577 140721605368647 140721605368647 140721605369831 0
/proc/16/statm: 3730 2382 1422 799 0 1349 0
Current children cumulated CPU time: 0.01 s
Current children cumulated vsize: 14920 KiB
Current children cumulated memory: 9528 KiB

[startup+0.200615 s]*
/proc/loadavg: 36.22 33.20 32.42 29/3155 17
/proc/meminfo: memFree=413304652/527542216 swapFree=31798012/33554428
[pid=16] ppid=13 vsize=19860 memory=14780 CPUtime=0.06 cores=66-79,178-191
/proc/16/stat : 16 (python3) D 13 16 0 0 -1 4194304 2372 0 77 0 5 1 0 0 20 0 1 0 522630785 20336640 3695 67087892480 94283804053504 94283807324205 140721605367312 0 0 0 0 16781312 2 0 0 0 17 180 0 0 10 0 0 94283809687568 94283809971608 94283822264320 140721605368577 140721605368647 140721605368647 140721605369831 0
/proc/16/statm: 4965 3695 1580 799 0 2477 0
Current children cumulated CPU time: 0.06 s
Current children cumulated vsize: 19860 KiB
Current children cumulated memory: 14780 KiB

[startup+0.30046 s]*
/proc/loadavg: 36.22 33.20 32.42 50/3155 17
/proc/meminfo: memFree=413275520/527542216 swapFree=31798012/33554428
[pid=16] ppid=13 vsize=25080 memory=20648 CPUtime=0.12 cores=66-79,178-191
/proc/16/stat : 16 (python3) S 13 16 0 0 -1 4194304 3888 0 80 0 9 3 0 0 20 0 1 0 522630785 25681920 5162 67087892480 94283804053504 94283807324205 140721605367312 0 0 0 0 16781312 2 1 0 0 17 178 0 0 13 0 0 94283809687568 94283809971608 94283822264320 140721605368577 140721605368647 140721605368647 140721605369831 0
/proc/16/statm: 6270 5162 1661 799 0 3782 0
Current children cumulated CPU time: 0.12 s
Current children cumulated vsize: 25080 KiB
Current children cumulated memory: 20648 KiB

[startup+0.700215 s]
/proc/loadavg: 36.22 33.20 32.42 42/3155 17
/proc/meminfo: memFree=413005260/527542216 swapFree=31798012/33554428
[pid=16] ppid=13 vsize=123824 memory=46248 CPUtime=0.29 cores=66-79,178-191
/proc/16/stat : 16 (python3) D 13 16 0 0 -1 4194304 8227 0 224 0 23 6 0 0 20 0 1 0 522630785 126795776 11562 67087892480 94283804053504 94283807324205 140721605367312 0 0 0 0 16781312 2 0 0 0 17 178 0 0 32 0 0 94283809687568 94283809971608 94283822264320 140721605368577 140721605368647 140721605368647 140721605369831 0
/proc/16/statm: 30956 11562 3959 799 0 16401 0
Current children cumulated CPU time: 0.29 s
Current children cumulated vsize: 123824 KiB
Current children cumulated memory: 46248 KiB

[startup+1.5002 s]
/proc/loadavg: 36.22 33.20 32.42 37/3157 19
/proc/meminfo: memFree=413047436/527542216 swapFree=31798012/33554428
[pid=16] ppid=13 vsize=224940 memory=70996 CPUtime=0.79 cores=66-79,178-191
/proc/16/stat : 16 (python3) I 13 16 0 0 -1 4194304 13222 0 298 0 70 9 0 0 20 0 1 0 522630785 230338560 17749 67087892480 94283804053504 94283807324205 140721605367312 0 0 0 0 16781312 2 0 0 0 17 68 0 0 51 0 0 94283809687568 94283809971608 94283822264320 140721605368577 140721605368647 140721605368647 140721605369831 0
/proc/16/statm: 56235 17749 5252 799 0 22942 0
Current children cumulated CPU time: 0.79 s
Current children cumulated vsize: 224940 KiB
Current children cumulated memory: 70996 KiB

[startup+3.10052 s]
/proc/loadavg: 35.49 33.10 32.39 43/3157 21
/proc/meminfo: memFree=412644988/527542216 swapFree=31798012/33554428
[pid=16] ppid=13 vsize=223668 memory=73932 CPUtime=1.48 cores=66-79,178-191
/proc/16/stat : 16 (python3) S 13 16 0 0 -1 4194304 13988 1477 298 4 70 9 69 0 20 0 1 0 522630785 229036032 18483 67087892480 94283804053504 94283807324205 140721605367312 0 0 0 0 16781312 2 1 0 0 17 76 0 0 51 0 0 94283809687568 94283809971608 94283822264320 140721605368577 140721605368647 140721605368647 140721605369831 0
/proc/16/statm: 55917 18483 5252 799 0 22624 0
[pid=21] ppid=16 vsize=69552 memory=30524 CPUtime=0.57 cores=66-79,178-191
/proc/21/stat : 21 (NuSMVa_linux64) R 16 16 0 0 -1 4194304 4621 0 73 0 56 1 0 0 20 0 1 0 522631032 71221248 7631 67087892480 4194304 7931321 140727908425376 0 0 0 0 0 512 0 0 0 17 187 0 0 5 0 0 10030016 10037704 41435136 140727908432424 140727908432562 140727908432562 140727908433830 0
/proc/21/statm: 17388 7631 1727 913 0 6190 0
Current children cumulated CPU time: 2.05 s
Current children cumulated vsize: 293220 KiB
Current children cumulated memory: 104456 KiB
heavy processes:

[startup+6.30029 s]
/proc/loadavg: 35.49 33.10 32.39 27/3157 21
/proc/meminfo: memFree=412106272/527542216 swapFree=31798012/33554428
[pid=16] ppid=13 vsize=223668 memory=73932 CPUtime=1.48 cores=66-79,178-191
/proc/16/stat : 16 (python3) S 13 16 0 0 -1 4194304 13988 1477 298 4 70 9 69 0 20 0 1 0 522630785 229036032 18483 67087892480 94283804053504 94283807324205 140721605367312 0 0 0 0 16781312 2 1 0 0 17 76 0 0 51 0 0 94283809687568 94283809971608 94283822264320 140721605368577 140721605368647 140721605368647 140721605369831 0
/proc/16/statm: 55917 18483 5252 799 0 22624 0
[pid=21] ppid=16 vsize=75172 memory=36224 CPUtime=3.75 cores=66-79,178-191
/proc/21/stat : 21 (NuSMVa_linux64) R 16 16 0 0 -1 4194304 6035 0 73 0 374 1 0 0 20 0 1 0 522631032 76976128 9056 67087892480 4194304 7931321 140727908425376 0 0 0 0 0 512 0 0 0 17 187 0 0 5 0 0 10030016 10037704 41435136 140727908432424 140727908432562 140727908432562 140727908433830 0
/proc/21/statm: 18793 9056 1728 913 0 7595 0
Current children cumulated CPU time: 5.23 s
Current children cumulated vsize: 298840 KiB
Current children cumulated memory: 110156 KiB

[startup+12.7003 s]
/proc/loadavg: 36.17 33.28 32.45 27/3157 21
/proc/meminfo: memFree=411992808/527542216 swapFree=31798012/33554428
[pid=16] ppid=13 vsize=223668 memory=73932 CPUtime=1.48 cores=66-79,178-191
/proc/16/stat : 16 (python3) S 13 16 0 0 -1 4194304 13988 1477 298 4 70 9 69 0 20 0 1 0 522630785 229036032 18483 67087892480 94283804053504 94283807324205 140721605367312 0 0 0 0 16781312 2 1 0 0 17 76 0 0 51 0 0 94283809687568 94283809971608 94283822264320 140721605368577 140721605368647 140721605368647 140721605369831 0
/proc/16/statm: 55917 18483 5252 799 0 22624 0
[pid=21] ppid=16 vsize=89880 memory=51016 CPUtime=10.12 cores=66-79,178-191
/proc/21/stat : 21 (NuSMVa_linux64) R 16 16 0 0 -1 4194304 8215 0 73 0 1010 2 0 0 20 0 1 0 522631032 92037120 12754 67087892480 4194304 7931321 140727908425376 0 0 0 0 0 512 0 0 0 17 187 0 0 5 0 0 10030016 10037704 41435136 140727908432424 140727908432562 140727908432562 140727908433830 0
/proc/21/statm: 22470 12754 1728 913 0 11272 0
Current children cumulated CPU time: 11.6 s
Current children cumulated vsize: 313548 KiB
Current children cumulated memory: 124948 KiB

[startup+25.5003 s]
/proc/loadavg: 35.25 33.20 32.44 43/3158 21
/proc/meminfo: memFree=413564800/527542216 swapFree=31798012/33554428
[pid=16] ppid=13 vsize=223668 memory=73932 CPUtime=1.48 cores=66-79,178-191
/proc/16/stat : 16 (python3) S 13 16 0 0 -1 4194304 13988 1477 298 4 70 9 69 0 20 0 1 0 522630785 229036032 18483 67087892480 94283804053504 94283807324205 140721605367312 0 0 0 0 16781312 2 1 0 0 17 76 0 0 51 0 0 94283809687568 94283809971608 94283822264320 140721605368577 140721605368647 140721605368647 140721605369831 0
/proc/16/statm: 55917 18483 5252 799 0 22624 0
[pid=21] ppid=16 vsize=115884 memory=76832 CPUtime=22.86 cores=66-79,178-191
/proc/21/stat : 21 (NuSMVa_linux64) R 16 16 0 0 -1 4194304 14698 0 73 0 2283 3 0 0 20 0 1 0 522631032 118665216 19208 67087892480 4194304 7931321 140727908425376 0 0 0 0 0 512 0 0 0 17 187 0 0 5 0 0 10030016 10037704 41435136 140727908432424 140727908432562 140727908432562 140727908433830 0
/proc/21/statm: 28971 19208 1728 913 0 17773 0
Current children cumulated CPU time: 24.34 s
Current children cumulated vsize: 339552 KiB
Current children cumulated memory: 150764 KiB

[startup+51.1005 s]
/proc/loadavg: 33.16 32.91 32.36 29/3158 21
/proc/meminfo: memFree=412863112/527542216 swapFree=31798012/33554428
[pid=16] ppid=13 vsize=223668 memory=73932 CPUtime=1.48 cores=66-79,178-191
/proc/16/stat : 16 (python3) S 13 16 0 0 -1 4194304 13988 1477 298 4 70 9 69 0 20 0 1 0 522630785 229036032 18483 67087892480 94283804053504 94283807324205 140721605367312 0 0 0 0 16781312 2 1 0 0 17 76 0 0 51 0 0 94283809687568 94283809971608 94283822264320 140721605368577 140721605368647 140721605368647 140721605369831 0
/proc/16/statm: 55917 18483 5252 799 0 22624 0
[pid=21] ppid=16 vsize=125452 memory=86308 CPUtime=48.35 cores=66-79,178-191
/proc/21/stat : 21 (NuSMVa_linux64) R 16 16 0 0 -1 4194304 17121 0 73 0 4831 4 0 0 20 0 1 0 522631032 128462848 21577 67087892480 4194304 7931321 140727908425376 0 0 0 0 0 512 0 0 0 17 187 0 0 5 0 0 10030016 10037704 41435136 140727908432424 140727908432562 140727908432562 140727908433830 0
/proc/21/statm: 31363 21577 1728 913 0 20165 0
Current children cumulated CPU time: 49.83 s
Current children cumulated vsize: 349120 KiB
Current children cumulated memory: 160240 KiB

[startup+102.3 s]
/proc/loadavg: 31.98 32.65 32.31 27/3158 21
/proc/meminfo: memFree=412029984/527542216 swapFree=31798012/33554428
[pid=16] ppid=13 vsize=223668 memory=73932 CPUtime=1.48 cores=66-79,178-191
/proc/16/stat : 16 (python3) S 13 16 0 0 -1 4194304 13988 1477 298 4 70 9 69 0 20 0 1 0 522630785 229036032 18483 67087892480 94283804053504 94283807324205 140721605367312 0 0 0 0 16781312 2 1 0 0 17 76 0 0 51 0 0 94283809687568 94283809971608 94283822264320 140721605368577 140721605368647 140721605368647 140721605369831 0
/proc/16/statm: 55917 18483 5252 799 0 22624 0
[pid=21] ppid=16 vsize=148640 memory=109484 CPUtime=99.33 cores=66-79,178-191
/proc/21/stat : 21 (NuSMVa_linux64) R 16 16 0 0 -1 4194304 22908 0 73 0 9928 5 0 0 20 0 1 0 522631032 152207360 27371 67087892480 4194304 7931321 140727908425376 0 0 0 0 0 512 0 0 0 17 187 0 0 5 0 0 10030016 10037704 41435136 140727908432424 140727908432562 140727908432562 140727908433830 0
/proc/21/statm: 37160 27371 1728 913 0 25962 0
Current children cumulated CPU time: 100.81 s
Current children cumulated vsize: 372308 KiB
Current children cumulated memory: 183416 KiB

[startup+162.3 s]
/proc/loadavg: 30.25 32.03 32.11 48/3158 21
/proc/meminfo: memFree=411757772/527542216 swapFree=31798012/33554428
[pid=16] ppid=13 vsize=223668 memory=73932 CPUtime=1.48 cores=66-79,178-191
/proc/16/stat : 16 (python3) S 13 16 0 0 -1 4194304 13988 1477 298 4 70 9 69 0 20 0 1 0 522630785 229036032 18483 67087892480 94283804053504 94283807324205 140721605367312 0 0 0 0 16781312 2 1 0 0 17 76 0 0 51 0 0 94283809687568 94283809971608 94283822264320 140721605368577 140721605368647 140721605368647 140721605369831 0
/proc/16/statm: 55917 18483 5252 799 0 22624 0
[pid=21] ppid=16 vsize=149152 memory=109984 CPUtime=159.06 cores=66-79,178-191
/proc/21/stat : 21 (NuSMVa_linux64) R 16 16 0 0 -1 4194304 23043 0 73 0 15901 5 0 0 20 0 1 0 522631032 152731648 27496 67087892480 4194304 7931321 140727908425376 0 0 0 0 0 512 0 0 0 17 75 0 0 5 0 0 10030016 10037704 41435136 140727908432424 140727908432562 140727908432562 140727908433830 0
/proc/21/statm: 37288 27496 1728 913 0 26090 0
Current children cumulated CPU time: 160.54 s
Current children cumulated vsize: 372820 KiB
Current children cumulated memory: 183916 KiB

[startup+222.3 s]
/proc/loadavg: 33.46 32.81 32.39 27/3157 21
/proc/meminfo: memFree=412284028/527542216 swapFree=31798012/33554428
[pid=16] ppid=13 vsize=223668 memory=73932 CPUtime=1.48 cores=66-79,178-191
/proc/16/stat : 16 (python3) S 13 16 0 0 -1 4194304 13988 1477 298 4 70 9 69 0 20 0 1 0 522630785 229036032 18483 67087892480 94283804053504 94283807324205 140721605367312 0 0 0 0 16781312 2 1 0 0 17 76 0 0 51 0 0 94283809687568 94283809971608 94283822264320 140721605368577 140721605368647 140721605368647 140721605369831 0
/proc/16/statm: 55917 18483 5252 799 0 22624 0
[pid=21] ppid=16 vsize=187280 memory=148236 CPUtime=218.8 cores=66-79,178-191
/proc/21/stat : 21 (NuSMVa_linux64) R 16 16 0 0 -1 4194304 32582 0 73 0 21873 7 0 0 20 0 1 0 522631032 191774720 37059 67087892480 4194304 7931321 140727908425376 0 0 0 0 0 512 0 0 0 17 75 0 0 5 0 0 10030016 10037704 41435136 140727908432424 140727908432562 140727908432562 140727908433830 0
/proc/21/statm: 46820 37059 1728 913 0 35622 0
Current children cumulated CPU time: 220.28 s
Current children cumulated vsize: 410948 KiB
Current children cumulated memory: 222168 KiB

[startup+282.3 s]
/proc/loadavg: 34.27 32.99 32.47 41/3150 21
/proc/meminfo: memFree=412317120/527542216 swapFree=31798012/33554428
[pid=16] ppid=13 vsize=223668 memory=73932 CPUtime=1.48 cores=66-79,178-191
/proc/16/stat : 16 (python3) S 13 16 0 0 -1 4194304 13988 1477 298 4 70 9 69 0 20 0 1 0 522630785 229036032 18483 67087892480 94283804053504 94283807324205 140721605367312 0 0 0 0 16781312 2 1 0 0 17 76 0 0 51 0 0 94283809687568 94283809971608 94283822264320 140721605368577 140721605368647 140721605368647 140721605369831 0
/proc/16/statm: 55917 18483 5252 799 0 22624 0
[pid=21] ppid=16 vsize=276876 memory=237704 CPUtime=278.55 cores=66-79,178-191
/proc/21/stat : 21 (NuSMVa_linux64) R 16 16 0 0 -1 4194304 54988 0 73 0 27843 12 0 0 20 0 1 0 522631032 283521024 59426 67087892480 4194304 7931321 140727908425376 0 0 0 0 0 512 0 0 0 17 187 0 0 5 0 0 10030016 10037704 41435136 140727908432424 140727908432562 140727908432562 140727908433830 0
/proc/21/statm: 69219 59426 1728 913 0 58021 0
Current children cumulated CPU time: 280.03 s
Current children cumulated vsize: 500544 KiB
Current children cumulated memory: 311636 KiB

[startup+342.3 s]
/proc/loadavg: 33.90 33.09 32.53 42/3145 21
/proc/meminfo: memFree=412571768/527542216 swapFree=31798012/33554428
[pid=16] ppid=13 vsize=223668 memory=73932 CPUtime=1.48 cores=66-79,178-191
/proc/16/stat : 16 (python3) S 13 16 0 0 -1 4194304 13988 1477 298 4 70 9 69 0 20 0 1 0 522630785 229036032 18483 67087892480 94283804053504 94283807324205 140721605367312 0 0 0 0 16781312 2 1 0 0 17 76 0 0 51 0 0 94283809687568 94283809971608 94283822264320 140721605368577 140721605368647 140721605368647 140721605369831 0
/proc/16/statm: 55917 18483 5252 799 0 22624 0
[pid=21] ppid=16 vsize=280744 memory=241664 CPUtime=338.31 cores=66-79,178-191
/proc/21/stat : 21 (NuSMVa_linux64) R 16 16 0 0 -1 4194304 55955 0 73 0 33819 12 0 0 20 0 1 0 522631032 287481856 60416 67087892480 4194304 7931321 140727908425376 0 0 0 0 0 512 0 0 0 17 187 0 0 5 0 0 10030016 10037704 41435136 140727908432424 140727908432562 140727908432562 140727908433830 0
/proc/21/statm: 70186 60416 1728 913 0 58988 0
Current children cumulated CPU time: 339.79 s
Current children cumulated vsize: 504412 KiB
Current children cumulated memory: 315596 KiB

[startup+402.3 s]
/proc/loadavg: 32.07 32.69 32.43 27/3146 21
/proc/meminfo: memFree=413118916/527542216 swapFree=31798012/33554428
[pid=16] ppid=13 vsize=223668 memory=73932 CPUtime=1.48 cores=66-79,178-191
/proc/16/stat : 16 (python3) S 13 16 0 0 -1 4194304 13988 1477 298 4 70 9 69 0 20 0 1 0 522630785 229036032 18483 67087892480 94283804053504 94283807324205 140721605367312 0 0 0 0 16781312 2 1 0 0 17 76 0 0 51 0 0 94283809687568 94283809971608 94283822264320 140721605368577 140721605368647 140721605368647 140721605369831 0
/proc/16/statm: 55917 18483 5252 799 0 22624 0
[pid=21] ppid=16 vsize=282792 memory=243776 CPUtime=398.04 cores=66-79,178-191
/proc/21/stat : 21 (NuSMVa_linux64) R 16 16 0 0 -1 4194304 56467 0 73 0 39791 13 0 0 20 0 1 0 522631032 289579008 60944 67087892480 4194304 7931321 140727908425376 0 0 0 0 0 512 0 0 0 17 187 0 0 5 0 0 10030016 10037704 41435136 140727908432424 140727908432562 140727908432562 140727908433830 0
/proc/21/statm: 70698 60944 1728 913 0 59500 0
Current children cumulated CPU time: 399.52 s
Current children cumulated vsize: 506460 KiB
Current children cumulated memory: 317708 KiB

[startup+462.3 s]
/proc/loadavg: 31.55 32.38 32.33 14/3145 21
/proc/meminfo: memFree=412163464/527542216 swapFree=31798012/33554428
[pid=16] ppid=13 vsize=223668 memory=73932 CPUtime=1.48 cores=66-79,178-191
/proc/16/stat : 16 (python3) S 13 16 0 0 -1 4194304 13988 1477 298 4 70 9 69 0 20 0 1 0 522630785 229036032 18483 67087892480 94283804053504 94283807324205 140721605367312 0 0 0 0 16781312 2 1 0 0 17 76 0 0 51 0 0 94283809687568 94283809971608 94283822264320 140721605368577 140721605368647 140721605368647 140721605369831 0
/proc/16/statm: 55917 18483 5252 799 0 22624 0
[pid=21] ppid=16 vsize=283816 memory=244832 CPUtime=457.81 cores=66-79,178-191
/proc/21/stat : 21 (NuSMVa_linux64) R 16 16 0 0 -1 4194304 56723 0 73 0 45768 13 0 0 20 0 1 0 522631032 290627584 61208 67087892480 4194304 7931321 140727908425376 0 0 0 0 0 512 0 0 0 17 187 0 0 5 0 0 10030016 10037704 41435136 140727908432424 140727908432562 140727908432562 140727908433830 0
/proc/21/statm: 70954 61208 1728 913 0 59756 0
Current children cumulated CPU time: 459.29 s
Current children cumulated vsize: 507484 KiB
Current children cumulated memory: 318764 KiB

[startup+522.3 s]
/proc/loadavg: 28.74 31.39 31.99 27/3145 21
/proc/meminfo: memFree=412257388/527542216 swapFree=31798012/33554428
[pid=16] ppid=13 vsize=223668 memory=73932 CPUtime=1.48 cores=66-79,178-191
/proc/16/stat : 16 (python3) S 13 16 0 0 -1 4194304 13988 1477 298 4 70 9 69 0 20 0 1 0 522630785 229036032 18483 67087892480 94283804053504 94283807324205 140721605367312 0 0 0 0 16781312 2 1 0 0 17 76 0 0 51 0 0 94283809687568 94283809971608 94283822264320 140721605368577 140721605368647 140721605368647 140721605369831 0
/proc/16/statm: 55917 18483 5252 799 0 22624 0
[pid=21] ppid=16 vsize=284072 memory=244832 CPUtime=517.52 cores=66-79,178-191
/proc/21/stat : 21 (NuSMVa_linux64) R 16 16 0 0 -1 4194304 56787 0 73 0 51739 13 0 0 20 0 1 0 522631032 290889728 61208 67087892480 4194304 7931321 140727908425376 0 0 0 0 0 512 0 0 0 17 187 0 0 5 0 0 10030016 10037704 41435136 140727908432424 140727908432562 140727908432562 140727908433830 0
/proc/21/statm: 71018 61208 1728 913 0 59820 0
Current children cumulated CPU time: 519 s
Current children cumulated vsize: 507740 KiB
Current children cumulated memory: 318764 KiB

[startup+582.3 s]
/proc/loadavg: 28.83 30.87 31.78 42/3144 21
/proc/meminfo: memFree=411990468/527542216 swapFree=31798012/33554428
[pid=16] ppid=13 vsize=223668 memory=73932 CPUtime=1.48 cores=66-79,178-191
/proc/16/stat : 16 (python3) S 13 16 0 0 -1 4194304 13988 1477 298 4 70 9 69 0 20 0 1 0 522630785 229036032 18483 67087892480 94283804053504 94283807324205 140721605367312 0 0 0 0 16781312 2 1 0 0 17 76 0 0 51 0 0 94283809687568 94283809971608 94283822264320 140721605368577 140721605368647 140721605368647 140721605369831 0
/proc/16/statm: 55917 18483 5252 799 0 22624 0
[pid=21] ppid=16 vsize=285096 memory=245888 CPUtime=577.26 cores=66-79,178-191
/proc/21/stat : 21 (NuSMVa_linux64) R 16 16 0 0 -1 4194304 57043 0 73 0 57712 14 0 0 20 0 1 0 522631032 291938304 61472 67087892480 4194304 7931321 140727908425376 0 0 0 0 0 512 0 0 0 17 75 0 0 5 0 0 10030016 10037704 41435136 140727908432424 140727908432562 140727908432562 140727908433830 0
/proc/21/statm: 71274 61472 1728 913 0 60076 0
Current children cumulated CPU time: 578.74 s
Current children cumulated vsize: 508764 KiB
Current children cumulated memory: 319820 KiB

[startup+642.3 s]
/proc/loadavg: 29.74 30.82 31.70 27/3140 21
/proc/meminfo: memFree=413191008/527542216 swapFree=31798012/33554428
[pid=16] ppid=13 vsize=223668 memory=73932 CPUtime=1.48 cores=66-79,178-191
/proc/16/stat : 16 (python3) S 13 16 0 0 -1 4194304 13988 1477 298 4 70 9 69 0 20 0 1 0 522630785 229036032 18483 67087892480 94283804053504 94283807324205 140721605367312 0 0 0 0 16781312 2 1 0 0 17 76 0 0 51 0 0 94283809687568 94283809971608 94283822264320 140721605368577 140721605368647 140721605368647 140721605369831 0
/proc/16/statm: 55917 18483 5252 799 0 22624 0
[pid=21] ppid=16 vsize=305216 memory=266160 CPUtime=637.01 cores=66-79,178-191
/proc/21/stat : 21 (NuSMVa_linux64) R 16 16 0 0 -1 4194304 62087 0 73 0 63686 15 0 0 20 0 1 0 522631032 312541184 66540 67087892480 4194304 7931321 140727908425376 0 0 0 0 0 512 0 0 0 17 75 0 0 5 0 0 10030016 10037704 41435136 140727908432424 140727908432562 140727908432562 140727908433830 0
/proc/21/statm: 76304 66540 1728 913 0 65106 0
Current children cumulated CPU time: 638.49 s
Current children cumulated vsize: 528884 KiB
Current children cumulated memory: 340092 KiB

[startup+702.3 s]
/proc/loadavg: 30.30 30.81 31.65 56/3143 21
/proc/meminfo: memFree=412222180/527542216 swapFree=31798012/33554428
[pid=16] ppid=13 vsize=223668 memory=73932 CPUtime=1.48 cores=66-79,178-191
/proc/16/stat : 16 (python3) S 13 16 0 0 -1 4194304 13988 1477 298 4 70 9 69 0 20 0 1 0 522630785 229036032 18483 67087892480 94283804053504 94283807324205 140721605367312 0 0 0 0 16781312 2 1 0 0 17 76 0 0 51 0 0 94283809687568 94283809971608 94283822264320 140721605368577 140721605368647 140721605368647 140721605369831 0
/proc/16/statm: 55917 18483 5252 799 0 22624 0
[pid=21] ppid=16 vsize=335672 memory=296688 CPUtime=696.78 cores=66-79,178-191
/proc/21/stat : 21 (NuSMVa_linux64) R 16 16 0 0 -1 4194304 69197 0 73 0 69662 16 0 0 20 0 1 0 522631032 343728128 74172 67087892480 4194304 7931321 140727908425376 0 0 0 0 0 512 0 0 0 17 75 0 0 5 0 0 10030016 10037704 41435136 140727908432424 140727908432562 140727908432562 140727908433830 0
/proc/21/statm: 83918 74172 1728 913 0 72720 0
Current children cumulated CPU time: 698.26 s
Current children cumulated vsize: 559340 KiB
Current children cumulated memory: 370620 KiB

[startup+762.3 s]
/proc/loadavg: 30.51 30.79 31.58 27/3143 21
/proc/meminfo: memFree=412286524/527542216 swapFree=31798012/33554428
[pid=16] ppid=13 vsize=223668 memory=73932 CPUtime=1.48 cores=66-79,178-191
/proc/16/stat : 16 (python3) S 13 16 0 0 -1 4194304 13988 1477 298 4 70 9 69 0 20 0 1 0 522630785 229036032 18483 67087892480 94283804053504 94283807324205 140721605367312 0 0 0 0 16781312 2 1 0 0 17 76 0 0 51 0 0 94283809687568 94283809971608 94283822264320 140721605368577 140721605368647 140721605368647 140721605369831 0
/proc/16/statm: 55917 18483 5252 799 0 22624 0
[pid=21] ppid=16 vsize=337528 memory=298504 CPUtime=756.57 cores=66-79,178-191
/proc/21/stat : 21 (NuSMVa_linux64) R 16 16 0 0 -1 4194304 69701 0 73 0 75640 17 0 0 20 0 1 0 522631032 345628672 74626 67087892480 4194304 7931321 140727908425376 0 0 0 0 0 512 0 0 0 17 187 0 0 5 0 0 10030016 10037704 41435136 140727908432424 140727908432562 140727908432562 140727908433830 0
/proc/21/statm: 84382 74626 1728 913 0 73184 0
Current children cumulated CPU time: 758.05 s
Current children cumulated vsize: 561196 KiB
Current children cumulated memory: 372436 KiB

[startup+822.3 s]
/proc/loadavg: 30.58 30.84 31.56 20/3141 21
/proc/meminfo: memFree=411196352/527542216 swapFree=31798012/33554428
[pid=16] ppid=13 vsize=223668 memory=73932 CPUtime=1.48 cores=66-79,178-191
/proc/16/stat : 16 (python3) S 13 16 0 0 -1 4194304 13988 1477 298 4 70 9 69 0 20 0 1 0 522630785 229036032 18483 67087892480 94283804053504 94283807324205 140721605367312 0 0 0 0 16781312 2 1 0 0 17 76 0 0 51 0 0 94283809687568 94283809971608 94283822264320 140721605368577 140721605368647 140721605368647 140721605369831 0
/proc/16/statm: 55917 18483 5252 799 0 22624 0
[pid=21] ppid=16 vsize=338488 memory=299292 CPUtime=816.31 cores=66-79,178-191
/proc/21/stat : 21 (NuSMVa_linux64) R 16 16 0 0 -1 4194304 69917 0 73 0 81614 17 0 0 20 0 1 0 522631032 346611712 74823 67087892480 4194304 7931321 140727908425376 0 0 0 0 0 512 0 0 0 17 187 0 0 5 0 0 10030016 10037704 41435136 140727908432424 140727908432562 140727908432562 140727908433830 0
/proc/21/statm: 84622 74823 1728 913 0 73424 0
Current children cumulated CPU time: 817.79 s
Current children cumulated vsize: 562156 KiB
Current children cumulated memory: 373224 KiB

[startup+882.3 s]
/proc/loadavg: 30.74 30.81 31.50 42/3140 21
/proc/meminfo: memFree=409457864/527542216 swapFree=31798012/33554428
[pid=16] ppid=13 vsize=223668 memory=73932 CPUtime=1.48 cores=66-79,178-191
/proc/16/stat : 16 (python3) S 13 16 0 0 -1 4194304 13988 1477 298 4 70 9 69 0 20 0 1 0 522630785 229036032 18483 67087892480 94283804053504 94283807324205 140721605367312 0 0 0 0 16781312 2 1 0 0 17 76 0 0 51 0 0 94283809687568 94283809971608 94283822264320 140721605368577 140721605368647 140721605368647 140721605369831 0
/proc/16/statm: 55917 18483 5252 799 0 22624 0
[pid=21] ppid=16 vsize=338488 memory=299508 CPUtime=876.09 cores=66-79,178-191
/proc/21/stat : 21 (NuSMVa_linux64) R 16 16 0 0 -1 4194304 69925 0 73 0 87592 17 0 0 20 0 1 0 522631032 346611712 74877 67087892480 4194304 7931321 140727908425376 0 0 0 0 0 512 0 0 0 17 75 0 0 5 0 0 10030016 10037704 41435136 140727908432424 140727908432562 140727908432562 140727908433830 0
/proc/21/statm: 84622 74877 1728 913 0 73424 0
Current children cumulated CPU time: 877.57 s
Current children cumulated vsize: 562156 KiB
Current children cumulated memory: 373440 KiB

[startup+942.3 s]
/proc/loadavg: 31.23 30.86 31.47 28/3138 21
/proc/meminfo: memFree=409610996/527542216 swapFree=31798012/33554428
[pid=16] ppid=13 vsize=223668 memory=73932 CPUtime=1.48 cores=66-79,178-191
/proc/16/stat : 16 (python3) S 13 16 0 0 -1 4194304 13988 1477 298 4 70 9 69 0 20 0 1 0 522630785 229036032 18483 67087892480 94283804053504 94283807324205 140721605367312 0 0 0 0 16781312 2 1 0 0 17 76 0 0 51 0 0 94283809687568 94283809971608 94283822264320 140721605368577 140721605368647 140721605368647 140721605369831 0
/proc/16/statm: 55917 18483 5252 799 0 22624 0
[pid=21] ppid=16 vsize=338488 memory=299508 CPUtime=935.85 cores=66-79,178-191
/proc/21/stat : 21 (NuSMVa_linux64) R 16 16 0 0 -1 4194304 69933 0 73 0 93568 17 0 0 20 0 1 0 522631032 346611712 74877 67087892480 4194304 7931321 140727908425376 0 0 0 0 0 512 0 0 0 17 187 0 0 5 0 0 10030016 10037704 41435136 140727908432424 140727908432562 140727908432562 140727908433830 0
/proc/21/statm: 84622 74877 1728 913 0 73424 0
Current children cumulated CPU time: 937.33 s
Current children cumulated vsize: 562156 KiB
Current children cumulated memory: 373440 KiB

[startup+1002.3 s]
/proc/loadavg: 30.90 30.84 31.42 42/3134 21
/proc/meminfo: memFree=410435260/527542216 swapFree=31798012/33554428
[pid=16] ppid=13 vsize=223668 memory=73932 CPUtime=1.48 cores=66-79,178-191
/proc/16/stat : 16 (python3) S 13 16 0 0 -1 4194304 13988 1477 298 4 70 9 69 0 20 0 1 0 522630785 229036032 18483 67087892480 94283804053504 94283807324205 140721605367312 0 0 0 0 16781312 2 1 0 0 17 76 0 0 51 0 0 94283809687568 94283809971608 94283822264320 140721605368577 140721605368647 140721605368647 140721605369831 0
/proc/16/statm: 55917 18483 5252 799 0 22624 0
[pid=21] ppid=16 vsize=339928 memory=300752 CPUtime=995.6 cores=66-79,178-191
/proc/21/stat : 21 (NuSMVa_linux64) R 16 16 0 0 -1 4194304 70301 0 73 0 99543 17 0 0 20 0 1 0 522631032 348086272 75188 67087892480 4194304 7931321 140727908425376 0 0 0 0 0 512 0 0 0 17 75 0 0 5 0 0 10030016 10037704 41435136 140727908432424 140727908432562 140727908432562 140727908433830 0
/proc/21/statm: 84982 75188 1728 913 0 73784 0
Current children cumulated CPU time: 997.08 s
Current children cumulated vsize: 563596 KiB
Current children cumulated memory: 374684 KiB

[startup+1062.3 s]
/proc/loadavg: 33.77 31.52 31.61 27/3131 21
/proc/meminfo: memFree=421712140/527542216 swapFree=31798012/33554428
[pid=16] ppid=13 vsize=223668 memory=73932 CPUtime=1.48 cores=66-79,178-191
/proc/16/stat : 16 (python3) S 13 16 0 0 -1 4194304 13988 1477 298 4 70 9 69 0 20 0 1 0 522630785 229036032 18483 67087892480 94283804053504 94283807324205 140721605367312 0 0 0 0 16781312 2 1 0 0 17 76 0 0 51 0 0 94283809687568 94283809971608 94283822264320 140721605368577 140721605368647 140721605368647 140721605369831 0
/proc/16/statm: 55917 18483 5252 799 0 22624 0
[pid=21] ppid=16 vsize=340884 memory=301804 CPUtime=1055.38 cores=66-79,178-191
/proc/21/stat : 21 (NuSMVa_linux64) R 16 16 0 0 -1 4194304 70572 0 73 0 105521 17 0 0 20 0 1 0 522631032 349065216 75451 67087892480 4194304 7931321 140727908425376 0 0 0 0 0 512 0 0 0 17 75 0 0 5 0 0 10030016 10037704 41435136 140727908432424 140727908432562 140727908432562 140727908433830 0
/proc/21/statm: 85221 75451 1728 913 0 74023 0
Current children cumulated CPU time: 1056.86 s
Current children cumulated vsize: 564552 KiB
Current children cumulated memory: 375736 KiB

[startup+1122.3 s]
/proc/loadavg: 32.60 31.55 31.61 28/3132 21
/proc/meminfo: memFree=412289128/527542216 swapFree=31798012/33554428
[pid=16] ppid=13 vsize=223668 memory=73932 CPUtime=1.48 cores=66-79,178-191
/proc/16/stat : 16 (python3) S 13 16 0 0 -1 4194304 13988 1477 298 4 70 9 69 0 20 0 1 0 522630785 229036032 18483 67087892480 94283804053504 94283807324205 140721605367312 0 0 0 0 16781312 2 1 0 0 17 76 0 0 51 0 0 94283809687568 94283809971608 94283822264320 140721605368577 140721605368647 140721605368647 140721605369831 0
/proc/16/statm: 55917 18483 5252 799 0 22624 0
[pid=21] ppid=16 vsize=340884 memory=301804 CPUtime=1115.17 cores=66-79,178-191
/proc/21/stat : 21 (NuSMVa_linux64) R 16 16 0 0 -1 4194304 70580 0 73 0 111500 17 0 0 20 0 1 0 522631032 349065216 75451 67087892480 4194304 7931321 140727908425376 0 0 0 0 0 512 0 0 0 17 187 0 0 5 0 0 10030016 10037704 41435136 140727908432424 140727908432562 140727908432562 140727908433830 0
/proc/21/statm: 85221 75451 1728 913 0 74023 0
Current children cumulated CPU time: 1116.65 s
Current children cumulated vsize: 564552 KiB
Current children cumulated memory: 375736 KiB

[startup+1182.3 s]
/proc/loadavg: 31.93 31.54 31.60 36/3132 21
/proc/meminfo: memFree=411930304/527542216 swapFree=31798012/33554428
[pid=16] ppid=13 vsize=223668 memory=73932 CPUtime=1.48 cores=66-79,178-191
/proc/16/stat : 16 (python3) S 13 16 0 0 -1 4194304 13988 1477 298 4 70 9 69 0 20 0 1 0 522630785 229036032 18483 67087892480 94283804053504 94283807324205 140721605367312 0 0 0 0 16781312 2 1 0 0 17 76 0 0 51 0 0 94283809687568 94283809971608 94283822264320 140721605368577 140721605368647 140721605368647 140721605369831 0
/proc/16/statm: 55917 18483 5252 799 0 22624 0
[pid=21] ppid=16 vsize=340884 memory=302000 CPUtime=1174.96 cores=66-79,178-191
/proc/21/stat : 21 (NuSMVa_linux64) R 16 16 0 0 -1 4194304 70588 0 73 0 117478 18 0 0 20 0 1 0 522631032 349065216 75500 67087892480 4194304 7931321 140727908425376 0 0 0 0 0 512 0 0 0 17 187 0 0 5 0 0 10030016 10037704 41435136 140727908432424 140727908432562 140727908432562 140727908433830 0
/proc/21/statm: 85221 75500 1728 913 0 74023 0
Current children cumulated CPU time: 1176.44 s
Current children cumulated vsize: 564552 KiB
Current children cumulated memory: 375932 KiB

[startup+1242.3 s]
/proc/loadavg: 31.19 31.49 31.59 42/3130 21
/proc/meminfo: memFree=411539080/527542216 swapFree=31798012/33554428
[pid=16] ppid=13 vsize=223668 memory=73932 CPUtime=1.48 cores=66-79,178-191
/proc/16/stat : 16 (python3) S 13 16 0 0 -1 4194304 13988 1477 298 4 70 9 69 0 20 0 1 0 522630785 229036032 18483 67087892480 94283804053504 94283807324205 140721605367312 0 0 0 0 16781312 2 1 0 0 17 76 0 0 51 0 0 94283809687568 94283809971608 94283822264320 140721605368577 140721605368647 140721605368647 140721605369831 0
/proc/16/statm: 55917 18483 5252 799 0 22624 0
[pid=21] ppid=16 vsize=340884 memory=302000 CPUtime=1234.75 cores=66-79,178-191
/proc/21/stat : 21 (NuSMVa_linux64) R 16 16 0 0 -1 4194304 70596 0 73 0 123457 18 0 0 20 0 1 0 522631032 349065216 75500 67087892480 4194304 7931321 140727908425376 0 0 0 0 0 512 0 0 0 17 75 0 0 5 0 0 10030016 10037704 41435136 140727908432424 140727908432562 140727908432562 140727908433830 0
/proc/21/statm: 85221 75500 1728 913 0 74023 0
Current children cumulated CPU time: 1236.23 s
Current children cumulated vsize: 564552 KiB
Current children cumulated memory: 375932 KiB

[startup+1302.3 s]
/proc/loadavg: 30.38 31.12 31.45 27/3131 21
/proc/meminfo: memFree=411713732/527542216 swapFree=31798012/33554428
[pid=16] ppid=13 vsize=223668 memory=73932 CPUtime=1.48 cores=66-79,178-191
/proc/16/stat : 16 (python3) S 13 16 0 0 -1 4194304 13988 1477 298 4 70 9 69 0 20 0 1 0 522630785 229036032 18483 67087892480 94283804053504 94283807324205 140721605367312 0 0 0 0 16781312 2 1 0 0 17 76 0 0 51 0 0 94283809687568 94283809971608 94283822264320 140721605368577 140721605368647 140721605368647 140721605369831 0
/proc/16/statm: 55917 18483 5252 799 0 22624 0
[pid=21] ppid=16 vsize=340884 memory=302000 CPUtime=1294.53 cores=66-79,178-191
/proc/21/stat : 21 (NuSMVa_linux64) R 16 16 0 0 -1 4194304 70604 0 73 0 129435 18 0 0 20 0 1 0 522631032 349065216 75500 67087892480 4194304 7931321 140727908425376 0 0 0 0 0 512 0 0 0 17 187 0 0 5 0 0 10030016 10037704 41435136 140727908432424 140727908432562 140727908432562 140727908433830 0
/proc/21/statm: 85221 75500 1728 913 0 74023 0
Current children cumulated CPU time: 1296.01 s
Current children cumulated vsize: 564552 KiB
Current children cumulated memory: 375932 KiB

[startup+1362.3 s]
/proc/loadavg: 29.88 31.04 31.41 43/3130 21
/proc/meminfo: memFree=412089512/527542216 swapFree=31798012/33554428
[pid=16] ppid=13 vsize=223668 memory=73932 CPUtime=1.48 cores=66-79,178-191
/proc/16/stat : 16 (python3) S 13 16 0 0 -1 4194304 13988 1477 298 4 70 9 69 0 20 0 1 0 522630785 229036032 18483 67087892480 94283804053504 94283807324205 140721605367312 0 0 0 0 16781312 2 1 0 0 17 76 0 0 51 0 0 94283809687568 94283809971608 94283822264320 140721605368577 140721605368647 140721605368647 140721605369831 0
/proc/16/statm: 55917 18483 5252 799 0 22624 0
[pid=21] ppid=16 vsize=340884 memory=302000 CPUtime=1354.32 cores=66-79,178-191
/proc/21/stat : 21 (NuSMVa_linux64) R 16 16 0 0 -1 4194304 70612 0 73 0 135414 18 0 0 20 0 1 0 522631032 349065216 75500 67087892480 4194304 7931321 140727908425376 0 0 0 0 0 512 0 0 0 17 187 0 0 5 0 0 10030016 10037704 41435136 140727908432424 140727908432562 140727908432562 140727908433830 0
/proc/21/statm: 85221 75500 1728 913 0 74023 0
Current children cumulated CPU time: 1355.8 s
Current children cumulated vsize: 564552 KiB
Current children cumulated memory: 375932 KiB

[startup+1422.3 s]
/proc/loadavg: 33.68 31.73 31.61 27/3129 21
/proc/meminfo: memFree=412306704/527542216 swapFree=31798012/33554428
[pid=16] ppid=13 vsize=223668 memory=73932 CPUtime=1.48 cores=66-79,178-191
/proc/16/stat : 16 (python3) S 13 16 0 0 -1 4194304 13988 1477 298 4 70 9 69 0 20 0 1 0 522630785 229036032 18483 67087892480 94283804053504 94283807324205 140721605367312 0 0 0 0 16781312 2 1 0 0 17 76 0 0 51 0 0 94283809687568 94283809971608 94283822264320 140721605368577 140721605368647 140721605368647 140721605369831 0
/proc/16/statm: 55917 18483 5252 799 0 22624 0
[pid=21] ppid=16 vsize=342484 memory=303460 CPUtime=1414.1 cores=66-79,178-191
/proc/21/stat : 21 (NuSMVa_linux64) R 16 16 0 0 -1 4194304 71012 0 73 0 141392 18 0 0 20 0 1 0 522631032 350703616 75865 67087892480 4194304 7931321 140727908425376 0 0 0 0 0 512 0 0 0 17 187 0 0 5 0 0 10030016 10037704 41435136 140727908432424 140727908432562 140727908432562 140727908433830 0
/proc/21/statm: 85621 75865 1728 913 0 74423 0
Current children cumulated CPU time: 1415.58 s
Current children cumulated vsize: 566152 KiB
Current children cumulated memory: 377392 KiB

[startup+1482.3 s]
/proc/loadavg: 31.47 31.63 31.59 26/3130 21
/proc/meminfo: memFree=412235356/527542216 swapFree=31798012/33554428
[pid=16] ppid=13 vsize=223668 memory=73932 CPUtime=1.48 cores=66-79,178-191
/proc/16/stat : 16 (python3) S 13 16 0 0 -1 4194304 13988 1477 298 4 70 9 69 0 20 0 1 0 522630785 229036032 18483 67087892480 94283804053504 94283807324205 140721605367312 0 0 0 0 16781312 2 1 0 0 17 76 0 0 51 0 0 94283809687568 94283809971608 94283822264320 140721605368577 140721605368647 140721605368647 140721605369831 0
/proc/16/statm: 55917 18483 5252 799 0 22624 0
[pid=21] ppid=16 vsize=345844 memory=306832 CPUtime=1473.88 cores=66-79,178-191
/proc/21/stat : 21 (NuSMVa_linux64) R 16 16 0 0 -1 4194304 71852 0 73 0 147369 19 0 0 20 0 1 0 522631032 354144256 76708 67087892480 4194304 7931321 140727908425376 0 0 0 0 0 512 0 0 0 17 75 0 0 5 0 0 10030016 10037704 41435136 140727908432424 140727908432562 140727908432562 140727908433830 0
/proc/21/statm: 86461 76708 1728 913 0 75263 0
Current children cumulated CPU time: 1475.36 s
Current children cumulated vsize: 569512 KiB
Current children cumulated memory: 380764 KiB

[startup+1542.3 s]
/proc/loadavg: 33.38 32.32 31.84 42/3131 21
/proc/meminfo: memFree=411782280/527542216 swapFree=31798012/33554428
[pid=16] ppid=13 vsize=223668 memory=73932 CPUtime=1.48 cores=66-79,178-191
/proc/16/stat : 16 (python3) S 13 16 0 0 -1 4194304 13988 1477 298 4 70 9 69 0 20 0 1 0 522630785 229036032 18483 67087892480 94283804053504 94283807324205 140721605367312 0 0 0 0 16781312 2 1 0 0 17 76 0 0 51 0 0 94283809687568 94283809971608 94283822264320 140721605368577 140721605368647 140721605368647 140721605369831 0
/proc/16/statm: 55917 18483 5252 799 0 22624 0
[pid=21] ppid=16 vsize=347924 memory=308912 CPUtime=1533.65 cores=66-79,178-191
/proc/21/stat : 21 (NuSMVa_linux64) R 16 16 0 0 -1 4194304 72388 0 73 0 153346 19 0 0 20 0 1 0 522631032 356274176 77228 67087892480 4194304 7931321 140727908425376 0 0 0 0 0 512 0 0 0 17 75 0 0 5 0 0 10030016 10037704 41435136 140727908432424 140727908432562 140727908432562 140727908433830 0
/proc/21/statm: 86981 77228 1728 913 0 75783 0
Current children cumulated CPU time: 1535.13 s
Current children cumulated vsize: 571592 KiB
Current children cumulated memory: 382844 KiB

[startup+1602.3 s]
/proc/loadavg: 30.48 31.85 31.72 29/3135 21
/proc/meminfo: memFree=409787176/527542216 swapFree=31798012/33554428
[pid=16] ppid=13 vsize=223668 memory=73932 CPUtime=1.48 cores=66-79,178-191
/proc/16/stat : 16 (python3) S 13 16 0 0 -1 4194304 13988 1477 298 4 70 9 69 0 20 0 1 0 522630785 229036032 18483 67087892480 94283804053504 94283807324205 140721605367312 0 0 0 0 16781312 2 1 0 0 17 76 0 0 51 0 0 94283809687568 94283809971608 94283822264320 140721605368577 140721605368647 140721605368647 140721605369831 0
/proc/16/statm: 55917 18483 5252 799 0 22624 0
[pid=21] ppid=16 vsize=349360 memory=310228 CPUtime=1593.43 cores=66-79,178-191
/proc/21/stat : 21 (NuSMVa_linux64) R 16 16 0 0 -1 4194304 72755 0 73 0 159324 19 0 0 20 0 1 0 522631032 357744640 77557 67087892480 4194304 7931321 140727908425376 0 0 0 0 0 512 0 0 0 17 75 0 0 5 0 0 10030016 10037704 41435136 140727908432424 140727908432562 140727908432562 140727908433830 0
/proc/21/statm: 87340 77557 1728 913 0 76142 0
Current children cumulated CPU time: 1594.91 s
Current children cumulated vsize: 573028 KiB
Current children cumulated memory: 384160 KiB

[startup+1662.3 s]
/proc/loadavg: 28.64 30.95 31.41 34/3135 21
/proc/meminfo: memFree=414783648/527542216 swapFree=31798012/33554428
[pid=16] ppid=13 vsize=223668 memory=73932 CPUtime=1.48 cores=66-79,178-191
/proc/16/stat : 16 (python3) S 13 16 0 0 -1 4194304 13988 1477 298 4 70 9 69 0 20 0 1 0 522630785 229036032 18483 67087892480 94283804053504 94283807324205 140721605367312 0 0 0 0 16781312 2 1 0 0 17 76 0 0 51 0 0 94283809687568 94283809971608 94283822264320 140721605368577 140721605368647 140721605368647 140721605369831 0
/proc/16/statm: 55917 18483 5252 799 0 22624 0
[pid=21] ppid=16 vsize=349520 memory=310460 CPUtime=1653.22 cores=66-79,178-191
/proc/21/stat : 21 (NuSMVa_linux64) R 16 16 0 0 -1 4194304 72787 0 73 0 165303 19 0 0 20 0 1 0 522631032 357908480 77615 67087892480 4194304 7931321 140727908425376 0 0 0 0 0 512 0 0 0 17 75 0 0 5 0 0 10030016 10037704 41435136 140727908432424 140727908432562 140727908432562 140727908433830 0
/proc/21/statm: 87380 77615 1728 913 0 76182 0
Current children cumulated CPU time: 1654.7 s
Current children cumulated vsize: 573188 KiB
Current children cumulated memory: 384392 KiB

[startup+1722.3 s]
/proc/loadavg: 31.47 31.25 31.48 29/3136 21
/proc/meminfo: memFree=407124324/527542216 swapFree=31798012/33554428
[pid=16] ppid=13 vsize=223668 memory=73932 CPUtime=1.48 cores=66-79,178-191
/proc/16/stat : 16 (python3) S 13 16 0 0 -1 4194304 13988 1477 298 4 70 9 69 0 20 0 1 0 522630785 229036032 18483 67087892480 94283804053504 94283807324205 140721605367312 0 0 0 0 16781312 2 1 0 0 17 76 0 0 51 0 0 94283809687568 94283809971608 94283822264320 140721605368577 140721605368647 140721605368647 140721605369831 0
/proc/16/statm: 55917 18483 5252 799 0 22624 0
[pid=21] ppid=16 vsize=349520 memory=310664 CPUtime=1712.99 cores=66-79,178-191
/proc/21/stat : 21 (NuSMVa_linux64) R 16 16 0 0 -1 4194304 72827 0 73 0 171280 19 0 0 20 0 1 0 522631032 357908480 77666 67087892480 4194304 7931321 140727908425376 0 0 0 0 0 512 0 0 0 17 75 0 0 5 0 0 10030016 10037704 41435136 140727908432424 140727908432562 140727908432562 140727908433830 0
/proc/21/statm: 87380 77666 1728 913 0 76182 0
Current children cumulated CPU time: 1714.47 s
Current children cumulated vsize: 573188 KiB
Current children cumulated memory: 384596 KiB

[startup+1782.3 s]
/proc/loadavg: 32.03 31.37 31.50 13/3135 21
/proc/meminfo: memFree=408036124/527542216 swapFree=31798012/33554428
[pid=16] ppid=13 vsize=223668 memory=73932 CPUtime=1.48 cores=66-79,178-191
/proc/16/stat : 16 (python3) S 13 16 0 0 -1 4194304 13988 1477 298 4 70 9 69 0 20 0 1 0 522630785 229036032 18483 67087892480 94283804053504 94283807324205 140721605367312 0 0 0 0 16781312 2 1 0 0 17 76 0 0 51 0 0 94283809687568 94283809971608 94283822264320 140721605368577 140721605368647 140721605368647 140721605369831 0
/proc/16/statm: 55917 18483 5252 799 0 22624 0
[pid=21] ppid=16 vsize=349520 memory=310664 CPUtime=1772.75 cores=66-79,178-191
/proc/21/stat : 21 (NuSMVa_linux64) R 16 16 0 0 -1 4194304 72835 0 73 0 177256 19 0 0 20 0 1 0 522631032 357908480 77666 67087892480 4194304 7931321 140727908425376 0 0 0 0 0 512 0 0 0 17 75 0 0 5 0 0 10030016 10037704 41435136 140727908432424 140727908432562 140727908432562 140727908433830 0
/proc/21/statm: 87380 77666 1728 913 0 76182 0
Current children cumulated CPU time: 1774.23 s
Current children cumulated vsize: 573188 KiB
Current children cumulated memory: 384596 KiB



Maximum wall clock time exceeded: sending SIGTERM then SIGKILL

[startup+1800 s]*
/proc/loadavg: 31.43 31.29 31.47 29/3135 21
/proc/meminfo: memFree=409149432/527542216 swapFree=31798012/33554428
[pid=16] ppid=13 vsize=223668 memory=73932 CPUtime=1.48 cores=66-79,178-191
/proc/16/stat : 16 (python3) S 13 16 0 0 -1 4194304 13988 1477 298 4 70 9 69 0 20 0 1 0 522630785 229036032 18483 67087892480 94283804053504 94283807324205 140721605367312 0 0 0 0 16781312 2 1 0 0 17 76 0 0 51 0 0 94283809687568 94283809971608 94283822264320 140721605368577 140721605368647 140721605368647 140721605369831 0
/proc/16/statm: 55917 18483 5252 799 0 22624 0
[pid=21] ppid=16 vsize=349520 memory=310664 CPUtime=1790.38 cores=66-79,178-191
/proc/21/stat : 21 (NuSMVa_linux64) R 16 16 0 0 -1 4194304 72836 0 73 0 179019 19 0 0 20 0 1 0 522631032 357908480 77666 67087892480 4194304 7931321 140727908425376 0 0 0 0 0 512 0 0 0 17 187 0 0 5 0 0 10030016 10037704 41435136 140727908432424 140727908432562 140727908432562 140727908433830 0
/proc/21/statm: 87380 77666 1728 913 0 76182 0
Current children cumulated CPU time: 1791.86 s
Current children cumulated vsize: 573188 KiB
Current children cumulated memory: 384596 KiB

Sending SIGTERM to process tree (bottom up)
Sleeping 2 seconds

[startup+1800.01 s]
# the end of solver process 16 was just reported to runsolver
# cumulated CPU time of all completed processes:  user=1.40562 s, system=0.106919 s

[startup+1800.02 s]
# the end of solver process 21 was just reported to runsolver
# cumulated CPU time of all completed processes:  user=1791.6 s, system=0.320041 s
# this solver process was not waited by its parent and was adopted by runsolver

Solver just ended.
??? end of watcher thread
Dumping a history of the last processes samples

Child ended because it received signal 15 (SIGTERM)
Real time (s): 1800.02
CPU time (s): 1791.92
CPU user time (s): 1791.6
CPU system time (s): 0.320041
CPU usage (%): 99.5503
Max. virtual memory (cumulated for all children) (KiB): 573188
Max. memory (cumulated for all children) (KiB): 384596

getrusage(RUSAGE_CHILDREN,...) data:
user time used= 1791.6
system time used= 0.320041
maximum resident set size= 310668
integral shared memory size= 0
integral unshared data size= 0
integral unshared stack size= 0
page reclaims= 88301
page faults= 375
swaps= 0
block input operations= 104576
block output operations= 8
messages sent= 0
messages received= 0
signals received= 0
voluntary context switches= 10310
involuntary context switches= 17851


# summary of solver processes directly reported to runsolver:
#   pid: 16,21
#   total CPU time (s): 1791.92
#   total CPU user time (s): 1791.6
#   total CPU system time (s): 0.320041

??? join timestamper begins
??? join timestamper ends
??? end of timestamper thread
runsolver used 1.21515 second user time and 2.72856 second system time

The end
