runsolver version 3.4.1 (svn: 3018) Copyright (C) 2010-2013 Olivier ROUSSEL

This program is distributed in the hope that it will be useful,
but WITHOUT ANY WARRANTY; without even the implied warranty of
MERCHANTABILITY or FITNESS FOR A PARTICULAR PURPOSE.  See the
GNU General Public License for more details.

NUMA information:
  number of nodes: 8
  memory of node 0: 63700 MiB (59785 MiB free)
  memory of node 1: 64504 MiB (60495 MiB free)
  memory of node 2: 64504 MiB (62736 MiB free)
  memory of node 3: 64461 MiB (63055 MiB free)
  memory of node 4: 64504 MiB (59627 MiB free)
  memory of node 5: 64504 MiB (63518 MiB free)
  memory of node 6: 64504 MiB (51380 MiB free)
  memory of node 7: 64491 MiB (54261 MiB free)
  node distances:
     10  12  12  12  21  21  21  21
     12  10  12  12  21  21  21  21
     12  12  10  12  21  21  21  21
     12  12  12  10  21  21  21  21
     21  21  21  21  10  12  12  12
     21  21  21  21  12  10  12  12
     21  21  21  21  12  12  10  12
     21  21  21  21  12  12  12  10

command line: /usr/local/bin/runsolver --timestamp -w /output/runsolver-watch.log -v /output/runsolver-values.log -o /output/solver-output.log -C 1800.0 -W 1800.0 -R 64000 /opt/solver/run_bn4rust.py --mode cyber-complement-gfp-plus-dependency-order --instance /input/model_224.bnet 

running on 26 cores: 14-19,50-55,126-131,146-147,162-167

Enforcing CPUTime limit (soft limit, will send SIGTERM then SIGKILL): 1800 seconds
Enforcing CPUTime limit (hard limit, will send SIGXCPU): 1830 seconds
Enforcing wall clock limit (soft limit, will send SIGTERM then SIGKILL): 1800 seconds
Enforcing RSS+Swap limit (soft limit, will send SIGTERM then SIGKILL): 65536000 KiB
Linux 4.18.0-553.159.1.el8_10.x86_64
solver pid=16, runsolver pid=13
Current StackSize limit: 18014398509481983 KiB


[startup+0.100079 s]*
/proc/loadavg: 49.35 52.95 58.77 53/2814 17
/proc/meminfo: memFree=486810448/527542176 swapFree=33537020/33554428
[pid=16] ppid=13 vsize=15748 memory=9976 CPUtime=0.02 cores=14-19,34-35,50-55,126-131,146-147,162-167
/proc/16/stat : 16 (python3) D 13 16 0 0 -1 4194304 1370 0 81 0 1 1 0 0 20 0 1 0 53527779 16125952 2494 67087892480 4194304 7154137 140727666787728 0 0 0 0 16781312 2 0 0 0 17 147 0 0 6 0 0 9727432 11029816 15753216 140727666793271 140727666793389 140727666793389 140727666794471 0
/proc/16/statm: 3937 2494 1393 723 0 1673 0
Current children cumulated CPU time: 0.02 s
Current children cumulated vsize: 15748 KiB
Current children cumulated memory: 9976 KiB

[startup+0.200645 s]*
/proc/loadavg: 49.35 52.95 58.77 53/2815 18
/proc/meminfo: memFree=486338456/527542176 swapFree=33537020/33554428
[pid=16] ppid=13 vsize=17684 memory=12424 CPUtime=0.03 cores=14-19,34-35,50-55,126-131,146-147,162-167
/proc/16/stat : 16 (python3) S 13 16 0 0 -1 4194304 1891 0 96 0 2 1 0 0 20 0 1 0 53527779 18108416 3106 67087892480 4194304 7154137 140727666787728 0 0 0 0 16781312 2 1 0 0 17 147 0 0 8 0 0 9727432 11029816 15753216 140727666793271 140727666793389 140727666793389 140727666794471 0
/proc/16/statm: 4421 3106 1512 723 0 2063 0
[pid=18] ppid=16 vsize=9924 memory=6352 CPUtime=0.03 cores=14-19,34-35,50-55,126-131,146-147,162-167
/proc/18/stat : 18 (bn4rust) R 16 16 0 0 -1 4194304 1995 0 18 0 3 0 0 0 20 0 1 0 53527793 10162176 1588 67087892480 94622109429760 94622111296881 140731120135152 0 0 0 0 4096 1088 0 0 0 17 146 0 0 1 0 0 94622111554944 94622111601880 94622135906304 140731120139002 140731120139158 140731120139158 140731120140257 0
/proc/18/statm: 2481 1588 1077 456 0 642 0
Current children cumulated CPU time: 0.06 s
Current children cumulated vsize: 27608 KiB
Current children cumulated memory: 18776 KiB

[startup+0.300578 s]*
/proc/loadavg: 49.35 52.95 58.77 53/2815 18
/proc/meminfo: memFree=486338456/527542176 swapFree=33537020/33554428
[pid=16] ppid=13 vsize=17684 memory=12424 CPUtime=0.03 cores=14-19,34-35,50-55,126-131,146-147,162-167
/proc/16/stat : 16 (python3) S 13 16 0 0 -1 4194304 1891 0 96 0 2 1 0 0 20 0 1 0 53527779 18108416 3106 67087892480 4194304 7154137 140727666787728 0 0 0 0 16781312 2 1 0 0 17 147 0 0 8 0 0 9727432 11029816 15753216 140727666793271 140727666793389 140727666793389 140727666794471 0
/proc/16/statm: 4421 3106 1512 723 0 2063 0
[pid=18] ppid=16 vsize=9844 memory=6400 CPUtime=0.13 cores=14-19,34-35,50-55,126-131,146-147,162-167
/proc/18/stat : 18 (bn4rust) R 16 16 0 0 -1 4194304 3521 0 18 0 13 0 0 0 20 0 1 0 53527793 10080256 1600 67087892480 94622109429760 94622111296881 140731120135152 0 0 0 0 4096 1088 0 0 0 17 146 0 0 1 0 0 94622111554944 94622111601880 94622135906304 140731120139002 140731120139158 140731120139158 140731120140257 0
/proc/18/statm: 2461 1600 1077 456 0 622 0
Current children cumulated CPU time: 0.16 s
Current children cumulated vsize: 27528 KiB
Current children cumulated memory: 18824 KiB

[startup+0.700289 s]
/proc/loadavg: 49.35 52.95 58.77 53/2815 18
/proc/meminfo: memFree=486447128/527542176 swapFree=33537020/33554428
[pid=16] ppid=13 vsize=17684 memory=12424 CPUtime=0.03 cores=14-19,34-35,50-55,126-131,146-147,162-167
/proc/16/stat : 16 (python3) S 13 16 0 0 -1 4194304 1891 0 96 0 2 1 0 0 20 0 1 0 53527779 18108416 3106 67087892480 4194304 7154137 140727666787728 0 0 0 0 16781312 2 1 0 0 17 147 0 0 8 0 0 9727432 11029816 15753216 140727666793271 140727666793389 140727666793389 140727666794471 0
/proc/16/statm: 4421 3106 1512 723 0 2063 0
[pid=18] ppid=16 vsize=10316 memory=6624 CPUtime=0.53 cores=14-19,34-35,50-55,126-131,146-147,162-167
/proc/18/stat : 18 (bn4rust) R 16 16 0 0 -1 4194304 11345 0 18 0 52 1 0 0 20 0 1 0 53527793 10563584 1656 67087892480 94622109429760 94622111296881 140731120135152 0 0 0 0 4096 1088 0 0 0 17 146 0 0 1 0 0 94622111554944 94622111601880 94622135906304 140731120139002 140731120139158 140731120139158 140731120140257 0
/proc/18/statm: 2579 1656 1077 456 0 740 0
Current children cumulated CPU time: 0.56 s
Current children cumulated vsize: 28000 KiB
Current children cumulated memory: 19048 KiB

[startup+1.50028 s]
/proc/loadavg: 49.35 52.95 58.77 53/2815 18
/proc/meminfo: memFree=486391084/527542176 swapFree=33537020/33554428
[pid=16] ppid=13 vsize=17684 memory=12424 CPUtime=0.03 cores=14-19,34-35,50-55,126-131,146-147,162-167
/proc/16/stat : 16 (python3) S 13 16 0 0 -1 4194304 1891 0 96 0 2 1 0 0 20 0 1 0 53527779 18108416 3106 67087892480 4194304 7154137 140727666787728 0 0 0 0 16781312 2 1 0 0 17 147 0 0 8 0 0 9727432 11029816 15753216 140727666793271 140727666793389 140727666793389 140727666794471 0
/proc/16/statm: 4421 3106 1512 723 0 2063 0
[pid=18] ppid=16 vsize=10620 memory=7484 CPUtime=1.33 cores=14-19,34-35,50-55,126-131,146-147,162-167
/proc/18/stat : 18 (bn4rust) R 16 16 0 0 -1 4194304 18813 0 18 0 131 2 0 0 20 0 1 0 53527793 10874880 1871 67087892480 94622109429760 94622111296881 140731120135152 0 0 0 0 4096 1088 0 0 0 17 146 0 0 1 0 0 94622111554944 94622111601880 94622135906304 140731120139002 140731120139158 140731120139158 140731120140257 0
/proc/18/statm: 2655 1871 1077 456 0 816 0
Current children cumulated CPU time: 1.36 s
Current children cumulated vsize: 28304 KiB
Current children cumulated memory: 19908 KiB

[startup+3.10055 s]
/proc/loadavg: 49.35 52.95 58.77 53/2815 18
/proc/meminfo: memFree=486306360/527542176 swapFree=33537020/33554428
[pid=16] ppid=13 vsize=17684 memory=12424 CPUtime=0.03 cores=14-19,34-35,50-55,126-131,146-147,162-167
/proc/16/stat : 16 (python3) S 13 16 0 0 -1 4194304 1891 0 96 0 2 1 0 0 20 0 1 0 53527779 18108416 3106 67087892480 4194304 7154137 140727666787728 0 0 0 0 16781312 2 1 0 0 17 147 0 0 8 0 0 9727432 11029816 15753216 140727666793271 140727666793389 140727666793389 140727666794471 0
/proc/16/statm: 4421 3106 1512 723 0 2063 0
[pid=18] ppid=16 vsize=22236 memory=18384 CPUtime=2.92 cores=14-19,34-35,50-55,126-131,146-147,162-167
/proc/18/stat : 18 (bn4rust) R 16 16 0 0 -1 4194304 36815 0 18 0 287 5 0 0 20 0 1 0 53527793 22769664 4596 67087892480 94622109429760 94622111296881 140731120135152 0 0 0 0 4096 1088 0 0 0 17 146 0 0 1 0 0 94622111554944 94622111601880 94622135906304 140731120139002 140731120139158 140731120139158 140731120140257 0
/proc/18/statm: 5559 4596 1077 456 0 3720 0
Current children cumulated CPU time: 2.95 s
Current children cumulated vsize: 39920 KiB
Current children cumulated memory: 30808 KiB

[startup+6.3003 s]
/proc/loadavg: 49.56 52.93 58.73 54/2829 18
/proc/meminfo: memFree=486360284/527542176 swapFree=33537020/33554428
[pid=16] ppid=13 vsize=17684 memory=12424 CPUtime=0.03 cores=14-19,34-35,50-55,126-131,146-147,162-167
/proc/16/stat : 16 (python3) S 13 16 0 0 -1 4194304 1891 0 96 0 2 1 0 0 20 0 1 0 53527779 18108416 3106 67087892480 4194304 7154137 140727666787728 0 0 0 0 16781312 2 1 0 0 17 35 0 0 8 0 0 9727432 11029816 15753216 140727666793271 140727666793389 140727666793389 140727666794471 0
/proc/16/statm: 4421 3106 1512 723 0 2063 0
[pid=18] ppid=16 vsize=24048 memory=20660 CPUtime=6.11 cores=14-19,34-35,50-55,126-131,146-147,162-167
/proc/18/stat : 18 (bn4rust) R 16 16 0 0 -1 4194304 61462 0 18 0 601 10 0 0 20 0 1 0 53527793 24625152 5165 67087892480 94622109429760 94622111296881 140731120135152 0 0 0 0 4096 1088 0 0 0 17 146 0 0 1 0 0 94622111554944 94622111601880 94622135906304 140731120139002 140731120139158 140731120139158 140731120140257 0
/proc/18/statm: 6012 5165 1077 456 0 4173 0
Current children cumulated CPU time: 6.14 s
Current children cumulated vsize: 41732 KiB
Current children cumulated memory: 33084 KiB

[startup+12.7003 s]
/proc/loadavg: 49.83 52.93 58.70 53/2835 18
/proc/meminfo: memFree=486485640/527542176 swapFree=33537020/33554428
[pid=16] ppid=13 vsize=17684 memory=12424 CPUtime=0.03 cores=14-19,34-35,50-55,126-131,146-147,162-167
/proc/16/stat : 16 (python3) S 13 16 0 0 -1 4194304 1891 0 96 0 2 1 0 0 20 0 1 0 53527779 18108416 3106 67087892480 4194304 7154137 140727666787728 0 0 0 0 16781312 2 1 0 0 17 35 0 0 8 0 0 9727432 11029816 15753216 140727666793271 140727666793389 140727666793389 140727666794471 0
/proc/16/statm: 4421 3106 1512 723 0 2063 0
[pid=18] ppid=16 vsize=62032 memory=58548 CPUtime=12.47 cores=14-19,34-35,50-55,126-131,146-147,162-167
/proc/18/stat : 18 (bn4rust) R 16 16 0 0 -1 4194304 86005 0 18 0 1232 15 0 0 20 0 1 0 53527793 63520768 14637 67087892480 94622109429760 94622111296881 140731120135152 0 0 0 0 4096 1088 0 0 0 17 146 0 0 1 0 0 94622111554944 94622111601880 94622135906304 140731120139002 140731120139158 140731120139158 140731120140257 0
/proc/18/statm: 15508 14637 1077 456 0 13669 0
Current children cumulated CPU time: 12.5 s
Current children cumulated vsize: 79716 KiB
Current children cumulated memory: 70972 KiB

[startup+25.5003 s]
/proc/loadavg: 51.41 53.12 58.67 54/2840 18
/proc/meminfo: memFree=486394716/527542176 swapFree=33537020/33554428
[pid=16] ppid=13 vsize=17684 memory=12424 CPUtime=0.03 cores=14-19,34-35,50-55,126-131,146-147,162-167
/proc/16/stat : 16 (python3) S 13 16 0 0 -1 4194304 1891 0 96 0 2 1 0 0 20 0 1 0 53527779 18108416 3106 67087892480 4194304 7154137 140727666787728 0 0 0 0 16781312 2 1 0 0 17 35 0 0 8 0 0 9727432 11029816 15753216 140727666793271 140727666793389 140727666793389 140727666794471 0
/proc/16/statm: 4421 3106 1512 723 0 2063 0
[pid=18] ppid=16 vsize=58448 memory=55176 CPUtime=25.22 cores=14-19,34-35,50-55,126-131,146-147,162-167
/proc/18/stat : 18 (bn4rust) R 16 16 0 0 -1 4194304 107342 0 18 0 2499 23 0 0 20 0 1 0 53527793 59850752 13794 67087892480 94622109429760 94622111296881 140731120135152 0 0 0 0 4096 1088 0 0 0 17 146 0 0 1 0 0 94622111554944 94622111601880 94622135906304 140731120139002 140731120139158 140731120139158 140731120140257 0
/proc/18/statm: 14612 13794 1077 456 0 12773 0
Current children cumulated CPU time: 25.25 s
Current children cumulated vsize: 76132 KiB
Current children cumulated memory: 67600 KiB

[startup+51.1005 s]
/proc/loadavg: 51.75 53.06 58.50 53/2810 18
/proc/meminfo: memFree=485952444/527542176 swapFree=33537020/33554428
[pid=16] ppid=13 vsize=17684 memory=12424 CPUtime=0.03 cores=14-19,34-35,50-55,126-131,146-147,162-167
/proc/16/stat : 16 (python3) S 13 16 0 0 -1 4194304 1891 0 96 0 2 1 0 0 20 0 1 0 53527779 18108416 3106 67087892480 4194304 7154137 140727666787728 0 0 0 0 16781312 2 1 0 0 17 35 0 0 8 0 0 9727432 11029816 15753216 140727666793271 140727666793389 140727666793389 140727666794471 0
/proc/16/statm: 4421 3106 1512 723 0 2063 0
[pid=18] ppid=16 vsize=93916 memory=81484 CPUtime=50.71 cores=14-19,34-35,50-55,126-131,146-147,162-167
/proc/18/stat : 18 (bn4rust) R 16 16 0 0 -1 4194304 126384 0 18 0 5040 31 0 0 20 0 1 0 53527793 96169984 20371 67087892480 94622109429760 94622111296881 140731120135152 0 0 0 0 4096 1088 0 0 0 17 146 0 0 1 0 0 94622111554944 94622111601880 94622135906304 140731120139002 140731120139158 140731120139158 140731120140257 0
/proc/18/statm: 23479 20371 1077 456 0 21640 0
Current children cumulated CPU time: 50.74 s
Current children cumulated vsize: 111600 KiB
Current children cumulated memory: 93908 KiB

[startup+102.3 s]
/proc/loadavg: 52.22 52.97 58.18 54/2832 18
/proc/meminfo: memFree=486204500/527542176 swapFree=33537020/33554428
[pid=16] ppid=13 vsize=17684 memory=12424 CPUtime=0.03 cores=14-19,34-35,50-55,126-131,146-147,162-167
/proc/16/stat : 16 (python3) S 13 16 0 0 -1 4194304 1891 0 96 0 2 1 0 0 20 0 1 0 53527779 18108416 3106 67087892480 4194304 7154137 140727666787728 0 0 0 0 16781312 2 1 0 0 17 35 0 0 8 0 0 9727432 11029816 15753216 140727666793271 140727666793389 140727666793389 140727666794471 0
/proc/16/statm: 4421 3106 1512 723 0 2063 0
[pid=18] ppid=16 vsize=115764 memory=110204 CPUtime=101.69 cores=14-19,34-35,50-55,126-131,146-147,162-167
/proc/18/stat : 18 (bn4rust) R 16 16 0 0 -1 4194304 208319 0 18 0 10092 77 0 0 20 0 1 0 53527793 118542336 27551 67087892480 94622109429760 94622111296881 140731120135152 0 0 0 0 4096 1088 0 0 0 17 146 0 0 1 0 0 94622111554944 94622111601880 94622135906304 140731120139002 140731120139158 140731120139158 140731120140257 0
/proc/18/statm: 28941 27551 1077 456 0 27102 0
Current children cumulated CPU time: 101.72 s
Current children cumulated vsize: 133448 KiB
Current children cumulated memory: 122628 KiB

[startup+162.3 s]
/proc/loadavg: 52.71 52.98 57.86 54/2833 18
/proc/meminfo: memFree=485709804/527542176 swapFree=33537020/33554428
[pid=16] ppid=13 vsize=17684 memory=12424 CPUtime=0.03 cores=14-19,34-35,50-55,126-131,146-147,162-167
/proc/16/stat : 16 (python3) S 13 16 0 0 -1 4194304 1891 0 96 0 2 1 0 0 20 0 1 0 53527779 18108416 3106 67087892480 4194304 7154137 140727666787728 0 0 0 0 16781312 2 1 0 0 17 35 0 0 8 0 0 9727432 11029816 15753216 140727666793271 140727666793389 140727666793389 140727666794471 0
/proc/16/statm: 4421 3106 1512 723 0 2063 0
[pid=18] ppid=16 vsize=157540 memory=154276 CPUtime=161.44 cores=14-19,34-35,50-55,126-131,146-147,162-167
/proc/18/stat : 18 (bn4rust) R 16 16 0 0 -1 4194304 293961 0 18 0 15997 147 0 0 20 0 1 0 53527793 161320960 38569 67087892480 94622109429760 94622111296881 140731120135152 0 0 0 0 4096 1088 0 0 0 17 146 0 0 1 0 0 94622111554944 94622111601880 94622135906304 140731120139002 140731120139158 140731120139158 140731120140257 0
/proc/18/statm: 39385 38569 1077 456 0 37546 0
Current children cumulated CPU time: 161.47 s
Current children cumulated vsize: 175224 KiB
Current children cumulated memory: 166700 KiB

[startup+222.3 s]
/proc/loadavg: 50.83 52.53 57.40 54/2832 18
/proc/meminfo: memFree=484522232/527542176 swapFree=33537020/33554428
[pid=16] ppid=13 vsize=17684 memory=12424 CPUtime=0.03 cores=14-19,34-35,50-55,126-131,146-147,162-167
/proc/16/stat : 16 (python3) S 13 16 0 0 -1 4194304 1891 0 96 0 2 1 0 0 20 0 1 0 53527779 18108416 3106 67087892480 4194304 7154137 140727666787728 0 0 0 0 16781312 2 1 0 0 17 35 0 0 8 0 0 9727432 11029816 15753216 140727666793271 140727666793389 140727666793389 140727666794471 0
/proc/16/statm: 4421 3106 1512 723 0 2063 0
[pid=18] ppid=16 vsize=128868 memory=125332 CPUtime=221.2 cores=14-19,34-35,50-55,126-131,146-147,162-167
/proc/18/stat : 18 (bn4rust) R 16 16 0 0 -1 4194304 374881 0 18 0 21910 210 0 0 20 0 1 0 53527793 131960832 31333 67087892480 94622109429760 94622111296881 140731120135152 0 0 0 0 4096 1088 0 0 0 17 146 0 0 1 0 0 94622111554944 94622111601880 94622135906304 140731120139002 140731120139158 140731120139158 140731120140257 0
/proc/18/statm: 32217 31333 1077 456 0 30378 0
Current children cumulated CPU time: 221.23 s
Current children cumulated vsize: 146552 KiB
Current children cumulated memory: 137756 KiB

[startup+282.3 s]
/proc/loadavg: 52.08 52.62 57.13 55/2830 18
/proc/meminfo: memFree=486054180/527542176 swapFree=33537020/33554428
[pid=16] ppid=13 vsize=17684 memory=12424 CPUtime=0.03 cores=14-19,34-35,50-55,126-131,146-147,162-167
/proc/16/stat : 16 (python3) S 13 16 0 0 -1 4194304 1891 0 96 0 2 1 0 0 20 0 1 0 53527779 18108416 3106 67087892480 4194304 7154137 140727666787728 0 0 0 0 16781312 2 1 0 0 17 35 0 0 8 0 0 9727432 11029816 15753216 140727666793271 140727666793389 140727666793389 140727666794471 0
/proc/16/statm: 4421 3106 1512 723 0 2063 0
[pid=18] ppid=16 vsize=251148 memory=130592 CPUtime=280.95 cores=14-19,34-35,50-55,126-131,146-147,162-167
/proc/18/stat : 18 (bn4rust) R 16 16 0 0 -1 4194304 470512 0 18 0 27801 294 0 0 20 0 1 0 53527793 257175552 32136 67087892480 94622109429760 94622111296881 140731120135152 0 0 0 0 4096 1088 0 0 0 17 146 0 0 1 0 0 94622111554944 94622111601880 94622135906304 140731120139002 140731120139158 140731120139158 140731120140257 0
/proc/18/statm: 62787 32136 1077 456 0 60948 0
Current children cumulated CPU time: 280.98 s
Current children cumulated vsize: 268832 KiB
Current children cumulated memory: 143016 KiB

[startup+342.3 s]
/proc/loadavg: 52.63 52.68 56.86 54/2823 18
/proc/meminfo: memFree=485209264/527542176 swapFree=33537020/33554428
[pid=16] ppid=13 vsize=17684 memory=12424 CPUtime=0.03 cores=14-19,34-35,50-55,126-131,146-147,162-167
/proc/16/stat : 16 (python3) S 13 16 0 0 -1 4194304 1891 0 96 0 2 1 0 0 20 0 1 0 53527779 18108416 3106 67087892480 4194304 7154137 140727666787728 0 0 0 0 16781312 2 1 0 0 17 35 0 0 8 0 0 9727432 11029816 15753216 140727666793271 140727666793389 140727666793389 140727666794471 0
/proc/16/statm: 4421 3106 1512 723 0 2063 0
[pid=18] ppid=16 vsize=159760 memory=156488 CPUtime=340.69 cores=14-19,34-35,50-55,126-131,146-147,162-167
/proc/18/stat : 18 (bn4rust) R 16 16 0 0 -1 4194304 608488 0 18 0 33649 420 0 0 20 0 1 0 53527793 163594240 39122 67087892480 94622109429760 94622111296881 140731120135152 0 0 0 0 4096 1088 0 0 0 17 146 0 0 1 0 0 94622111554944 94622111601880 94622135906304 140731120139002 140731120139158 140731120139158 140731120140257 0
/proc/18/statm: 39940 39122 1077 456 0 38101 0
Current children cumulated CPU time: 340.72 s
Current children cumulated vsize: 177444 KiB
Current children cumulated memory: 168912 KiB

[startup+402.3 s]
/proc/loadavg: 52.79 52.72 56.61 53/2800 18
/proc/meminfo: memFree=485671376/527542176 swapFree=33537020/33554428
[pid=16] ppid=13 vsize=17684 memory=12424 CPUtime=0.03 cores=14-19,34-35,50-55,126-131,146-147,162-167
/proc/16/stat : 16 (python3) S 13 16 0 0 -1 4194304 1891 0 96 0 2 1 0 0 20 0 1 0 53527779 18108416 3106 67087892480 4194304 7154137 140727666787728 0 0 0 0 16781312 2 1 0 0 17 35 0 0 8 0 0 9727432 11029816 15753216 140727666793271 140727666793389 140727666793389 140727666794471 0
/proc/16/statm: 4421 3106 1512 723 0 2063 0
[pid=18] ppid=16 vsize=174092 memory=153016 CPUtime=400.44 cores=14-19,34-35,50-55,126-131,146-147,162-167
/proc/18/stat : 18 (bn4rust) R 16 16 0 0 -1 4194304 691980 0 18 0 39506 538 0 0 20 0 1 0 53527793 178270208 38254 67087892480 94622109429760 94622111296881 140731120135152 0 0 0 0 4096 1088 0 0 0 17 146 0 0 1 0 0 94622111554944 94622111601880 94622135906304 140731120139002 140731120139158 140731120139158 140731120140257 0
/proc/18/statm: 43523 38254 1077 456 0 41684 0
Current children cumulated CPU time: 400.47 s
Current children cumulated vsize: 191776 KiB
Current children cumulated memory: 165440 KiB

[startup+462.3 s]
/proc/loadavg: 52.19 52.60 56.32 52/2767 18
/proc/meminfo: memFree=486533576/527542176 swapFree=33537020/33554428
[pid=16] ppid=13 vsize=17684 memory=12424 CPUtime=0.03 cores=14-19,34-35,50-55,126-131,146-147,162-167
/proc/16/stat : 16 (python3) S 13 16 0 0 -1 4194304 1891 0 96 0 2 1 0 0 20 0 1 0 53527779 18108416 3106 67087892480 4194304 7154137 140727666787728 0 0 0 0 16781312 2 1 0 0 17 35 0 0 8 0 0 9727432 11029816 15753216 140727666793271 140727666793389 140727666793389 140727666794471 0
/proc/16/statm: 4421 3106 1512 723 0 2063 0
[pid=18] ppid=16 vsize=398280 memory=366740 CPUtime=460.2 cores=14-19,34-35,50-55,126-131,146-147,162-167
/proc/18/stat : 18 (bn4rust) R 16 16 0 0 -1 4194304 754013 0 18 0 45386 634 0 0 20 0 1 0 53527793 407838720 91685 67087892480 94622109429760 94622111296881 140731120135152 0 0 0 0 4096 1088 0 0 0 17 146 0 0 1 0 0 94622111554944 94622111601880 94622135906304 140731120139002 140731120139158 140731120139158 140731120140257 0
/proc/18/statm: 99570 91685 1077 456 0 97731 0
Current children cumulated CPU time: 460.23 s
Current children cumulated vsize: 415964 KiB
Current children cumulated memory: 379164 KiB

[startup+522.3 s]
/proc/loadavg: 51.59 52.34 56.00 53/2812 18
/proc/meminfo: memFree=485741140/527542176 swapFree=33537020/33554428
[pid=16] ppid=13 vsize=17684 memory=12424 CPUtime=0.03 cores=14-19,34-35,50-55,126-131,146-147,162-167
/proc/16/stat : 16 (python3) S 13 16 0 0 -1 4194304 1891 0 96 0 2 1 0 0 20 0 1 0 53527779 18108416 3106 67087892480 4194304 7154137 140727666787728 0 0 0 0 16781312 2 1 0 0 17 35 0 0 8 0 0 9727432 11029816 15753216 140727666793271 140727666793389 140727666793389 140727666794471 0
/proc/16/statm: 4421 3106 1512 723 0 2063 0
[pid=18] ppid=16 vsize=671772 memory=629004 CPUtime=519.9 cores=14-19,34-35,50-55,126-131,146-147,162-167
/proc/18/stat : 18 (bn4rust) R 16 16 0 0 -1 4194304 815996 0 18 0 51265 725 0 0 20 0 1 0 53527793 687894528 157251 67087892480 94622109429760 94622111296881 140731120135152 0 0 0 0 4096 1088 0 0 0 17 34 0 0 1 0 0 94622111554944 94622111601880 94622135906304 140731120139002 140731120139158 140731120139158 140731120140257 0
/proc/18/statm: 167943 157251 1077 456 0 166104 0
Current children cumulated CPU time: 519.93 s
Current children cumulated vsize: 689456 KiB
Current children cumulated memory: 641428 KiB

[startup+582.3 s]
/proc/loadavg: 53.24 52.60 55.85 54/2849 18
/proc/meminfo: memFree=486050704/527542176 swapFree=33537020/33554428
[pid=16] ppid=13 vsize=17684 memory=12424 CPUtime=0.03 cores=14-19,34-35,50-55,126-131,146-147,162-167
/proc/16/stat : 16 (python3) S 13 16 0 0 -1 4194304 1891 0 96 0 2 1 0 0 20 0 1 0 53527779 18108416 3106 67087892480 4194304 7154137 140727666787728 0 0 0 0 16781312 2 1 0 0 17 35 0 0 8 0 0 9727432 11029816 15753216 140727666793271 140727666793389 140727666793389 140727666794471 0
/proc/16/statm: 4421 3106 1512 723 0 2063 0
[pid=18] ppid=16 vsize=184332 memory=171424 CPUtime=579.57 cores=14-19,34-35,50-55,126-131,146-147,162-167
/proc/18/stat : 18 (bn4rust) R 16 16 0 0 -1 4194304 871495 0 18 0 57144 813 0 0 20 0 1 0 53527793 188755968 42856 67087892480 94622109429760 94622111296881 140731120135152 0 0 0 0 4096 1088 0 0 0 17 34 0 0 1 0 0 94622111554944 94622111601880 94622135906304 140731120139002 140731120139158 140731120139158 140731120140257 0
/proc/18/statm: 46083 42856 1077 456 0 44244 0
Current children cumulated CPU time: 579.6 s
Current children cumulated vsize: 202016 KiB
Current children cumulated memory: 183848 KiB

[startup+642.3 s]
/proc/loadavg: 52.38 52.46 55.60 53/2816 18
/proc/meminfo: memFree=486872480/527542176 swapFree=33537020/33554428
[pid=16] ppid=13 vsize=17684 memory=12424 CPUtime=0.03 cores=14-19,34-35,50-55,126-131,146-147,162-167
/proc/16/stat : 16 (python3) S 13 16 0 0 -1 4194304 1891 0 96 0 2 1 0 0 20 0 1 0 53527779 18108416 3106 67087892480 4194304 7154137 140727666787728 0 0 0 0 16781312 2 1 0 0 17 35 0 0 8 0 0 9727432 11029816 15753216 140727666793271 140727666793389 140727666793389 140727666794471 0
/proc/16/statm: 4421 3106 1512 723 0 2063 0
[pid=18] ppid=16 vsize=258064 memory=224392 CPUtime=639.26 cores=14-19,34-35,50-55,126-131,146-147,162-167
/proc/18/stat : 18 (bn4rust) R 16 16 0 0 -1 4194304 915608 0 18 0 63017 909 0 0 20 0 1 0 53527793 264257536 56098 67087892480 94622109429760 94622111296881 140731120135152 0 0 0 0 4096 1088 0 0 0 17 34 0 0 1 0 0 94622111554944 94622111601880 94622135906304 140731120139002 140731120139158 140731120139158 140731120140257 0
/proc/18/statm: 64516 56098 1077 456 0 62677 0
Current children cumulated CPU time: 639.29 s
Current children cumulated vsize: 275748 KiB
Current children cumulated memory: 236816 KiB

[startup+702.3 s]
/proc/loadavg: 52.84 52.56 55.43 53/2819 18
/proc/meminfo: memFree=486640084/527542176 swapFree=33537020/33554428
[pid=16] ppid=13 vsize=17684 memory=12424 CPUtime=0.03 cores=14-19,34-35,50-55,126-131,146-147,162-167
/proc/16/stat : 16 (python3) S 13 16 0 0 -1 4194304 1891 0 96 0 2 1 0 0 20 0 1 0 53527779 18108416 3106 67087892480 4194304 7154137 140727666787728 0 0 0 0 16781312 2 1 0 0 17 35 0 0 8 0 0 9727432 11029816 15753216 140727666793271 140727666793389 140727666793389 140727666794471 0
/proc/16/statm: 4421 3106 1512 723 0 2063 0
[pid=18] ppid=16 vsize=327700 memory=303824 CPUtime=698.93 cores=14-19,34-35,50-55,126-131,146-147,162-167
/proc/18/stat : 18 (bn4rust) R 16 16 0 0 -1 4194304 963584 0 18 0 68912 981 0 0 20 0 1 0 53527793 335564800 75956 67087892480 94622109429760 94622111296881 140731120135152 0 0 0 0 4096 1088 0 0 0 17 34 0 0 1 0 0 94622111554944 94622111601880 94622135906304 140731120139002 140731120139158 140731120139158 140731120140257 0
/proc/18/statm: 81925 75956 1077 456 0 80086 0
Current children cumulated CPU time: 698.96 s
Current children cumulated vsize: 345384 KiB
Current children cumulated memory: 316248 KiB

[startup+762.3 s]
/proc/loadavg: 53.16 52.68 55.29 53/2814 18
/proc/meminfo: memFree=487185352/527542176 swapFree=33537020/33554428
[pid=16] ppid=13 vsize=17684 memory=12424 CPUtime=0.03 cores=14-19,34-35,50-55,126-131,146-147,162-167
/proc/16/stat : 16 (python3) S 13 16 0 0 -1 4194304 1891 0 96 0 2 1 0 0 20 0 1 0 53527779 18108416 3106 67087892480 4194304 7154137 140727666787728 0 0 0 0 16781312 2 1 0 0 17 35 0 0 8 0 0 9727432 11029816 15753216 140727666793271 140727666793389 140727666793389 140727666794471 0
/proc/16/statm: 4421 3106 1512 723 0 2063 0
[pid=18] ppid=16 vsize=331776 memory=321052 CPUtime=758.61 cores=14-19,34-35,50-55,126-131,146-147,162-167
/proc/18/stat : 18 (bn4rust) R 16 16 0 0 -1 4194304 1020547 0 18 0 74754 1107 0 0 20 0 1 0 53527793 339738624 80263 67087892480 94622109429760 94622111296881 140731120135152 0 0 0 0 4096 1088 0 0 0 17 34 0 0 1 0 0 94622111554944 94622111601880 94622135906304 140731120139002 140731120139158 140731120139158 140731120140257 0
/proc/18/statm: 82944 80263 1077 456 0 81105 0
Current children cumulated CPU time: 758.64 s
Current children cumulated vsize: 349460 KiB
Current children cumulated memory: 333476 KiB

[startup+822.3 s]
/proc/loadavg: 52.42 52.55 55.08 53/2815 18
/proc/meminfo: memFree=486335644/527542176 swapFree=33537020/33554428
[pid=16] ppid=13 vsize=17684 memory=12424 CPUtime=0.03 cores=14-19,34-35,50-55,126-131,146-147,162-167
/proc/16/stat : 16 (python3) S 13 16 0 0 -1 4194304 1892 0 96 0 2 1 0 0 20 0 1 0 53527779 18108416 3106 67087892480 4194304 7154137 140727666787728 0 0 0 0 16781312 2 1 0 0 17 35 0 0 8 0 0 9727432 11029816 15753216 140727666793271 140727666793389 140727666793389 140727666794471 0
/proc/16/statm: 4421 3106 1512 723 0 2063 0
[pid=18] ppid=16 vsize=376832 memory=330900 CPUtime=818.3 cores=14-19,34-35,50-55,126-131,146-147,162-167
/proc/18/stat : 18 (bn4rust) R 16 16 0 0 -1 4194304 1076147 0 18 0 80634 1196 0 0 20 0 1 0 53527793 385875968 82725 67087892480 94622109429760 94622111296881 140731120135152 0 0 0 0 4096 1088 0 0 0 17 34 0 0 1 0 0 94622111554944 94622111601880 94622135906304 140731120139002 140731120139158 140731120139158 140731120140257 0
/proc/18/statm: 94208 82725 1077 456 0 92369 0
Current children cumulated CPU time: 818.33 s
Current children cumulated vsize: 394516 KiB
Current children cumulated memory: 343324 KiB

[startup+882.3 s]
/proc/loadavg: 52.31 52.48 54.90 54/2834 18
/proc/meminfo: memFree=486285832/527542176 swapFree=33537020/33554428
[pid=16] ppid=13 vsize=17684 memory=12424 CPUtime=0.03 cores=14-19,34-35,50-55,126-131,146-147,162-167
/proc/16/stat : 16 (python3) S 13 16 0 0 -1 4194304 1892 0 96 0 2 1 0 0 20 0 1 0 53527779 18108416 3106 67087892480 4194304 7154137 140727666787728 0 0 0 0 16781312 2 1 0 0 17 35 0 0 8 0 0 9727432 11029816 15753216 140727666793271 140727666793389 140727666793389 140727666794471 0
/proc/16/statm: 4421 3106 1512 723 0 2063 0
[pid=18] ppid=16 vsize=503808 memory=495988 CPUtime=877.99 cores=14-19,34-35,50-55,126-131,146-147,162-167
/proc/18/stat : 18 (bn4rust) R 16 16 0 0 -1 4194304 1119404 0 18 0 86489 1310 0 0 20 0 1 0 53527793 515899392 123997 67087892480 94622109429760 94622111296881 140731120135152 0 0 0 0 4096 1088 0 0 0 17 34 0 0 1 0 0 94622111554944 94622111601880 94622135906304 140731120139002 140731120139158 140731120139158 140731120140257 0
/proc/18/statm: 125952 123997 1077 456 0 124113 0
Current children cumulated CPU time: 878.02 s
Current children cumulated vsize: 521492 KiB
Current children cumulated memory: 508412 KiB

[startup+942.3 s]
/proc/loadavg: 52.75 52.58 54.78 54/2830 18
/proc/meminfo: memFree=474243348/527542176 swapFree=33537020/33554428
[pid=16] ppid=13 vsize=17684 memory=12424 CPUtime=0.03 cores=14-19,34-35,50-55,126-131,146-147,162-167
/proc/16/stat : 16 (python3) S 13 16 0 0 -1 4194304 1892 0 96 0 2 1 0 0 20 0 1 0 53527779 18108416 3106 67087892480 4194304 7154137 140727666787728 0 0 0 0 16781312 2 1 0 0 17 35 0 0 8 0 0 9727432 11029816 15753216 140727666793271 140727666793389 140727666793389 140727666794471 0
/proc/16/statm: 4421 3106 1512 723 0 2063 0
[pid=18] ppid=16 vsize=262136 memory=258828 CPUtime=937.66 cores=14-19,34-35,50-55,126-131,146-147,162-167
/proc/18/stat : 18 (bn4rust) R 16 16 0 0 -1 4194304 1171096 0 18 0 92357 1409 0 0 20 0 1 0 53527793 268427264 64707 67087892480 94622109429760 94622111296881 140731120135152 0 0 0 0 4096 1088 0 0 0 17 34 0 0 1 0 0 94622111554944 94622111601880 94622135906304 140731120139002 140731120139158 140731120139158 140731120140257 0
/proc/18/statm: 65534 64707 1077 456 0 63695 0
Current children cumulated CPU time: 937.69 s
Current children cumulated vsize: 279820 KiB
Current children cumulated memory: 271252 KiB

[startup+1002.3 s]
/proc/loadavg: 52.94 52.67 54.67 53/2810 18
/proc/meminfo: memFree=455482864/527542176 swapFree=33537020/33554428
[pid=16] ppid=13 vsize=17684 memory=12424 CPUtime=0.03 cores=14-19,34-35,50-55,126-131,146-147,162-167
/proc/16/stat : 16 (python3) S 13 16 0 0 -1 4194304 1892 0 96 0 2 1 0 0 20 0 1 0 53527779 18108416 3106 67087892480 4194304 7154137 140727666787728 0 0 0 0 16781312 2 1 0 0 17 35 0 0 8 0 0 9727432 11029816 15753216 140727666793271 140727666793389 140727666793389 140727666794471 0
/proc/16/statm: 4421 3106 1512 723 0 2063 0
[pid=18] ppid=16 vsize=1059628 memory=853616 CPUtime=997.36 cores=14-19,34-35,50-55,126-131,146-147,162-167
/proc/18/stat : 18 (bn4rust) R 16 16 0 0 -1 4194304 1214881 0 18 0 98222 1514 0 0 20 0 1 0 53527793 1085059072 213404 67087892480 94622109429760 94622111296881 140731120135152 0 0 0 0 4096 1088 0 0 0 17 34 0 0 1 0 0 94622111554944 94622111601880 94622135906304 140731120139002 140731120139158 140731120139158 140731120140257 0
/proc/18/statm: 264907 213404 1077 456 0 263068 0
Current children cumulated CPU time: 997.39 s
Current children cumulated vsize: 1077312 KiB
Current children cumulated memory: 866040 KiB

[startup+1062.3 s]
/proc/loadavg: 53.43 52.81 54.58 54/2828 18
/proc/meminfo: memFree=434514112/527542176 swapFree=33537020/33554428
[pid=16] ppid=13 vsize=17684 memory=12424 CPUtime=0.03 cores=14-19,34-35,50-55,126-131,146-147,162-167
/proc/16/stat : 16 (python3) S 13 16 0 0 -1 4194304 1892 0 96 0 2 1 0 0 20 0 1 0 53527779 18108416 3106 67087892480 4194304 7154137 140727666787728 0 0 0 0 16781312 2 1 0 0 17 35 0 0 8 0 0 9727432 11029816 15753216 140727666793271 140727666793389 140727666793389 140727666794471 0
/proc/16/statm: 4421 3106 1512 723 0 2063 0
[pid=18] ppid=16 vsize=245752 memory=225620 CPUtime=1057.04 cores=14-19,34-35,50-55,126-131,146-147,162-167
/proc/18/stat : 18 (bn4rust) R 16 16 0 0 -1 4194304 1273672 0 18 0 104063 1641 0 0 20 0 1 0 53527793 251650048 56405 67087892480 94622109429760 94622111296881 140731120135152 0 0 0 0 4096 1088 0 0 0 17 34 0 0 1 0 0 94622111554944 94622111601880 94622135906304 140731120139002 140731120139158 140731120139158 140731120140257 0
/proc/18/statm: 61438 56405 1077 456 0 59599 0
Current children cumulated CPU time: 1057.07 s
Current children cumulated vsize: 263436 KiB
Current children cumulated memory: 238044 KiB

[startup+1122.3 s]
/proc/loadavg: 53.16 52.84 54.48 53/2797 18
/proc/meminfo: memFree=485560388/527542176 swapFree=33536508/33554428
[pid=16] ppid=13 vsize=17684 memory=12424 CPUtime=0.03 cores=14-19,34-35,50-55,126-131,146-147,162-167
/proc/16/stat : 16 (python3) S 13 16 0 0 -1 4194304 1892 0 96 0 2 1 0 0 20 0 1 0 53527779 18108416 3106 67087892480 4194304 7154137 140727666787728 0 0 0 0 16781312 2 1 0 0 17 35 0 0 8 0 0 9727432 11029816 15753216 140727666793271 140727666793389 140727666793389 140727666794471 0
/proc/16/statm: 4421 3106 1512 723 0 2063 0
[pid=18] ppid=16 vsize=651268 memory=581848 CPUtime=1116.73 cores=14-19,34-35,50-55,126-131,146-147,162-167
/proc/18/stat : 18 (bn4rust) R 16 16 0 0 -1 4194304 1328522 0 18 0 109944 1729 0 0 20 0 1 0 53527793 666898432 145462 67087892480 94622109429760 94622111296881 140731120135152 0 0 0 0 4096 1088 0 0 0 17 34 0 0 1 0 0 94622111554944 94622111601880 94622135906304 140731120139002 140731120139158 140731120139158 140731120140257 0
/proc/18/statm: 162817 145462 1077 456 0 160978 0
Current children cumulated CPU time: 1116.76 s
Current children cumulated vsize: 668952 KiB
Current children cumulated memory: 594272 KiB

[startup+1182.3 s]
/proc/loadavg: 52.96 52.84 54.37 53/2792 18
/proc/meminfo: memFree=486441592/527542176 swapFree=33536508/33554428
[pid=16] ppid=13 vsize=17684 memory=12424 CPUtime=0.03 cores=14-19,34-35,50-55,126-131,146-147,162-167
/proc/16/stat : 16 (python3) S 13 16 0 0 -1 4194304 1892 0 96 0 2 1 0 0 20 0 1 0 53527779 18108416 3106 67087892480 4194304 7154137 140727666787728 0 0 0 0 16781312 2 1 0 0 17 35 0 0 8 0 0 9727432 11029816 15753216 140727666793271 140727666793389 140727666793389 140727666794471 0
/proc/16/statm: 4421 3106 1512 723 0 2063 0
[pid=18] ppid=16 vsize=552960 memory=512932 CPUtime=1176.41 cores=14-19,34-35,50-55,126-131,146-147,162-167
/proc/18/stat : 18 (bn4rust) R 16 16 0 0 -1 4194304 1364090 0 18 0 115802 1839 0 0 20 0 1 0 53527793 566231040 128233 67087892480 94622109429760 94622111296881 140731120135152 0 0 0 0 4096 1088 0 0 0 17 34 0 0 1 0 0 94622111554944 94622111601880 94622135906304 140731120139002 140731120139158 140731120139158 140731120140257 0
/proc/18/statm: 138240 128233 1077 456 0 136401 0
Current children cumulated CPU time: 1176.44 s
Current children cumulated vsize: 570644 KiB
Current children cumulated memory: 525356 KiB

[startup+1242.3 s]
/proc/loadavg: 52.91 52.86 54.28 53/2817 18
/proc/meminfo: memFree=486674716/527542176 swapFree=33536508/33554428
[pid=16] ppid=13 vsize=17684 memory=12424 CPUtime=0.03 cores=14-19,34-35,50-55,126-131,146-147,162-167
/proc/16/stat : 16 (python3) S 13 16 0 0 -1 4194304 1892 0 96 0 2 1 0 0 20 0 1 0 53527779 18108416 3106 67087892480 4194304 7154137 140727666787728 0 0 0 0 16781312 2 1 0 0 17 35 0 0 8 0 0 9727432 11029816 15753216 140727666793271 140727666793389 140727666793389 140727666794471 0
/proc/16/statm: 4421 3106 1512 723 0 2063 0
[pid=18] ppid=16 vsize=327676 memory=312772 CPUtime=1236.11 cores=14-19,34-35,50-55,126-131,146-147,162-167
/proc/18/stat : 18 (bn4rust) R 16 16 0 0 -1 4194304 1411507 0 18 0 121661 1950 0 0 20 0 1 0 53527793 335540224 78193 67087892480 94622109429760 94622111296881 140731120135152 0 0 0 0 4096 1088 0 0 0 17 34 0 0 1 0 0 94622111554944 94622111601880 94622135906304 140731120139002 140731120139158 140731120139158 140731120140257 0
/proc/18/statm: 81919 78193 1077 456 0 80080 0
Current children cumulated CPU time: 1236.14 s
Current children cumulated vsize: 345360 KiB
Current children cumulated memory: 325196 KiB

[startup+1302.3 s]
/proc/loadavg: 49.30 51.85 53.85 53/2813 18
/proc/meminfo: memFree=486346812/527542176 swapFree=33536508/33554428
[pid=16] ppid=13 vsize=17684 memory=12424 CPUtime=0.03 cores=14-19,34-35,50-55,126-131,146-147,162-167
/proc/16/stat : 16 (python3) S 13 16 0 0 -1 4194304 1892 0 96 0 2 1 0 0 20 0 1 0 53527779 18108416 3106 67087892480 4194304 7154137 140727666787728 0 0 0 0 16781312 2 1 0 0 17 35 0 0 8 0 0 9727432 11029816 15753216 140727666793271 140727666793389 140727666793389 140727666794471 0
/proc/16/statm: 4421 3106 1512 723 0 2063 0
[pid=18] ppid=16 vsize=356344 memory=337424 CPUtime=1295.79 cores=14-19,34-35,50-55,126-131,146-147,162-167
/proc/18/stat : 18 (bn4rust) R 16 16 0 0 -1 4194304 1469519 0 18 0 127536 2043 0 0 20 0 1 0 53527793 364896256 84356 67087892480 94622109429760 94622111296881 140731120135152 0 0 0 0 4096 1088 0 0 0 17 34 0 0 1 0 0 94622111554944 94622111601880 94622135906304 140731120139002 140731120139158 140731120139158 140731120140257 0
/proc/18/statm: 89086 84356 1077 456 0 87247 0
Current children cumulated CPU time: 1295.82 s
Current children cumulated vsize: 374028 KiB
Current children cumulated memory: 349848 KiB

[startup+1362.3 s]
/proc/loadavg: 51.30 51.96 53.75 54/2831 18
/proc/meminfo: memFree=486118708/527542176 swapFree=33536508/33554428
[pid=16] ppid=13 vsize=17684 memory=12424 CPUtime=0.03 cores=14-19,34-35,50-55,126-131,146-147,162-167
/proc/16/stat : 16 (python3) S 13 16 0 0 -1 4194304 1892 0 96 0 2 1 0 0 20 0 1 0 53527779 18108416 3106 67087892480 4194304 7154137 140727666787728 0 0 0 0 16781312 2 1 0 0 17 35 0 0 8 0 0 9727432 11029816 15753216 140727666793271 140727666793389 140727666793389 140727666794471 0
/proc/16/statm: 4421 3106 1512 723 0 2063 0
[pid=18] ppid=16 vsize=356344 memory=327180 CPUtime=1355.48 cores=14-19,34-35,50-55,126-131,146-147,162-167
/proc/18/stat : 18 (bn4rust) R 16 16 0 0 -1 4194304 1498117 0 18 0 133405 2143 0 0 20 0 1 0 53527793 364896256 81795 67087892480 94622109429760 94622111296881 140731120135152 0 0 0 0 4096 1088 0 0 0 17 34 0 0 1 0 0 94622111554944 94622111601880 94622135906304 140731120139002 140731120139158 140731120139158 140731120140257 0
/proc/18/statm: 89086 81795 1077 456 0 87247 0
Current children cumulated CPU time: 1355.51 s
Current children cumulated vsize: 374028 KiB
Current children cumulated memory: 339604 KiB

[startup+1422.3 s]
/proc/loadavg: 52.33 52.14 53.70 54/2830 18
/proc/meminfo: memFree=485428772/527542176 swapFree=33536508/33554428
[pid=16] ppid=13 vsize=17684 memory=12424 CPUtime=0.03 cores=14-19,34-35,50-55,126-131,146-147,162-167
/proc/16/stat : 16 (python3) S 13 16 0 0 -1 4194304 1892 0 96 0 2 1 0 0 20 0 1 0 53527779 18108416 3106 67087892480 4194304 7154137 140727666787728 0 0 0 0 16781312 2 1 0 0 17 35 0 0 8 0 0 9727432 11029816 15753216 140727666793271 140727666793389 140727666793389 140727666794471 0
/proc/16/statm: 4421 3106 1512 723 0 2063 0
[pid=18] ppid=16 vsize=602112 memory=552380 CPUtime=1415.17 cores=14-19,34-35,50-55,126-131,146-147,162-167
/proc/18/stat : 18 (bn4rust) R 16 16 0 0 -1 4194304 1540369 0 18 0 139270 2247 0 0 20 0 1 0 53527793 616562688 138095 67087892480 94622109429760 94622111296881 140731120135152 0 0 0 0 4096 1088 0 0 0 17 34 0 0 1 0 0 94622111554944 94622111601880 94622135906304 140731120139002 140731120139158 140731120139158 140731120140257 0
/proc/18/statm: 150528 138095 1077 456 0 148689 0
Current children cumulated CPU time: 1415.2 s
Current children cumulated vsize: 619796 KiB
Current children cumulated memory: 564804 KiB

[startup+1482.3 s]
/proc/loadavg: 52.60 52.26 53.64 53/2803 18
/proc/meminfo: memFree=486551628/527542176 swapFree=33536508/33554428
[pid=16] ppid=13 vsize=17684 memory=12424 CPUtime=0.03 cores=14-19,34-35,50-55,126-131,146-147,162-167
/proc/16/stat : 16 (python3) S 13 16 0 0 -1 4194304 1892 0 96 0 2 1 0 0 20 0 1 0 53527779 18108416 3106 67087892480 4194304 7154137 140727666787728 0 0 0 0 16781312 2 1 0 0 17 35 0 0 8 0 0 9727432 11029816 15753216 140727666793271 140727666793389 140727666793389 140727666794471 0
/proc/16/statm: 4421 3106 1512 723 0 2063 0
[pid=18] ppid=16 vsize=388636 memory=366936 CPUtime=1474.86 cores=14-19,34-35,50-55,126-131,146-147,162-167
/proc/18/stat : 18 (bn4rust) R 16 16 0 0 -1 4194304 1594525 0 18 0 145163 2323 0 0 20 0 1 0 53527793 397963264 91734 67087892480 94622109429760 94622111296881 140731120135152 0 0 0 0 4096 1088 0 0 0 17 34 0 0 1 0 0 94622111554944 94622111601880 94622135906304 140731120139002 140731120139158 140731120139158 140731120140257 0
/proc/18/statm: 97159 91734 1077 456 0 95320 0
Current children cumulated CPU time: 1474.89 s
Current children cumulated vsize: 406320 KiB
Current children cumulated memory: 379360 KiB

[startup+1542.3 s]
/proc/loadavg: 52.96 52.42 53.61 53/2797 18
/proc/meminfo: memFree=484374340/527542176 swapFree=33536508/33554428
[pid=16] ppid=13 vsize=17684 memory=12424 CPUtime=0.03 cores=14-19,34-35,50-55,126-131,146-147,162-167
/proc/16/stat : 16 (python3) S 13 16 0 0 -1 4194304 1892 0 96 0 2 1 0 0 20 0 1 0 53527779 18108416 3106 67087892480 4194304 7154137 140727666787728 0 0 0 0 16781312 2 1 0 0 17 35 0 0 8 0 0 9727432 11029816 15753216 140727666793271 140727666793389 140727666793389 140727666794471 0
/proc/16/statm: 4421 3106 1512 723 0 2063 0
[pid=18] ppid=16 vsize=1336032 memory=1164036 CPUtime=1534.53 cores=14-19,34-35,50-55,126-131,146-147,162-167
/proc/18/stat : 18 (bn4rust) R 16 16 0 0 -1 4194304 1669550 0 18 0 151001 2452 0 0 20 0 1 0 53527793 1368096768 291009 67087892480 94622109429760 94622111296881 140731120135152 0 0 0 0 4096 1088 0 0 0 17 14 0 0 1 0 0 94622111554944 94622111601880 94622135906304 140731120139002 140731120139158 140731120139158 140731120140257 0
/proc/18/statm: 334008 291009 1077 456 0 332169 0
Current children cumulated CPU time: 1534.56 s
Current children cumulated vsize: 1353716 KiB
Current children cumulated memory: 1176460 KiB

[startup+1602.3 s]
/proc/loadavg: 53.03 52.49 53.55 54/2801 18
/proc/meminfo: memFree=484179392/527542176 swapFree=33536508/33554428
[pid=16] ppid=13 vsize=17684 memory=12424 CPUtime=0.03 cores=14-19,34-35,50-55,126-131,146-147,162-167
/proc/16/stat : 16 (python3) S 13 16 0 0 -1 4194304 1892 0 96 0 2 1 0 0 20 0 1 0 53527779 18108416 3106 67087892480 4194304 7154137 140727666787728 0 0 0 0 16781312 2 1 0 0 17 35 0 0 8 0 0 9727432 11029816 15753216 140727666793271 140727666793389 140727666793389 140727666794471 0
/proc/16/statm: 4421 3106 1512 723 0 2063 0
[pid=18] ppid=16 vsize=578076 memory=544724 CPUtime=1594.21 cores=14-19,34-35,50-55,126-131,146-147,162-167
/proc/18/stat : 18 (bn4rust) R 16 16 0 0 -1 4194304 1717840 0 18 0 156866 2555 0 0 20 0 1 0 53527793 591949824 136181 67087892480 94622109429760 94622111296881 140731120135152 0 0 0 0 4096 1088 0 0 0 17 14 0 0 1 0 0 94622111554944 94622111601880 94622135906304 140731120139002 140731120139158 140731120139158 140731120140257 0
/proc/18/statm: 144519 136181 1077 456 0 142680 0
Current children cumulated CPU time: 1594.24 s
Current children cumulated vsize: 595760 KiB
Current children cumulated memory: 557148 KiB

[startup+1662.3 s]
/proc/loadavg: 51.41 52.15 53.37 54/2819 18
/proc/meminfo: memFree=481074144/527542176 swapFree=33536508/33554428
[pid=16] ppid=13 vsize=17684 memory=12424 CPUtime=0.03 cores=14-19,34-35,50-55,126-131,146-147,162-167
/proc/16/stat : 16 (python3) S 13 16 0 0 -1 4194304 1892 0 96 0 2 1 0 0 20 0 1 0 53527779 18108416 3106 67087892480 4194304 7154137 140727666787728 0 0 0 0 16781312 2 1 0 0 17 35 0 0 8 0 0 9727432 11029816 15753216 140727666793271 140727666793389 140727666793389 140727666794471 0
/proc/16/statm: 4421 3106 1512 723 0 2063 0
[pid=18] ppid=16 vsize=414884 memory=364420 CPUtime=1653.9 cores=14-19,34-35,50-55,126-131,146-147,162-167
/proc/18/stat : 18 (bn4rust) R 16 16 0 0 -1 4194304 1771191 0 18 0 162729 2661 0 0 20 0 1 0 53527793 424841216 91105 67087892480 94622109429760 94622111296881 140731120135152 0 0 0 0 4096 1088 0 0 0 17 14 0 0 1 0 0 94622111554944 94622111601880 94622135906304 140731120139002 140731120139158 140731120139158 140731120140257 0
/proc/18/statm: 103721 91105 1077 456 0 101882 0
Current children cumulated CPU time: 1653.93 s
Current children cumulated vsize: 432568 KiB
Current children cumulated memory: 376844 KiB

[startup+1722.3 s]
/proc/loadavg: 52.04 52.21 53.31 53/2799 18
/proc/meminfo: memFree=481040952/527542176 swapFree=33536508/33554428
[pid=16] ppid=13 vsize=17684 memory=12424 CPUtime=0.03 cores=14-19,34-35,50-55,126-131,146-147,162-167
/proc/16/stat : 16 (python3) S 13 16 0 0 -1 4194304 1892 0 96 0 2 1 0 0 20 0 1 0 53527779 18108416 3106 67087892480 4194304 7154137 140727666787728 0 0 0 0 16781312 2 1 0 0 17 15 0 0 8 0 0 9727432 11029816 15753216 140727666793271 140727666793389 140727666793389 140727666794471 0
/proc/16/statm: 4421 3106 1512 723 0 2063 0
[pid=18] ppid=16 vsize=449736 memory=374864 CPUtime=1713.59 cores=14-19,34-35,50-55,126-131,146-147,162-167
/proc/18/stat : 18 (bn4rust) R 16 16 0 0 -1 4194304 1850736 0 18 0 168599 2760 0 0 20 0 1 0 53527793 460529664 93716 67087892480 94622109429760 94622111296881 140731120135152 0 0 0 0 4096 1088 0 0 0 17 14 0 0 1 0 0 94622111554944 94622111601880 94622135906304 140731120139002 140731120139158 140731120139158 140731120140257 0
/proc/18/statm: 112434 93716 1077 456 0 110595 0
Current children cumulated CPU time: 1713.62 s
Current children cumulated vsize: 467420 KiB
Current children cumulated memory: 387288 KiB

[startup+1782.3 s]
/proc/loadavg: 50.20 51.85 53.13 53/2799 18
/proc/meminfo: memFree=478714896/527542176 swapFree=33536508/33554428
[pid=16] ppid=13 vsize=17684 memory=12424 CPUtime=0.03 cores=14-19,34-35,50-55,126-131,146-147,162-167
/proc/16/stat : 16 (python3) S 13 16 0 0 -1 4194304 1892 0 96 0 2 1 0 0 20 0 1 0 53527779 18108416 3106 67087892480 4194304 7154137 140727666787728 0 0 0 0 16781312 2 1 0 0 17 15 0 0 8 0 0 9727432 11029816 15753216 140727666793271 140727666793389 140727666793389 140727666794471 0
/proc/16/statm: 4421 3106 1512 723 0 2063 0
[pid=18] ppid=16 vsize=1759760 memory=1537104 CPUtime=1773.32 cores=14-19,34-35,50-55,126-131,146-147,162-167
/proc/18/stat : 18 (bn4rust) R 16 16 0 0 -1 4194304 1901080 0 18 0 174451 2881 0 0 20 0 1 0 53527793 1801994240 384276 67087892480 94622109429760 94622111296881 140731120135152 0 0 0 0 4096 1088 0 0 0 17 14 0 0 1 0 0 94622111554944 94622111601880 94622135906304 140731120139002 140731120139158 140731120139158 140731120140257 0
/proc/18/statm: 439940 384276 1077 456 0 438101 0
Current children cumulated CPU time: 1773.35 s
Current children cumulated vsize: 1777444 KiB
Current children cumulated memory: 1549528 KiB



Maximum wall clock time exceeded: sending SIGTERM then SIGKILL

[startup+1800 s]*
/proc/loadavg: 50.51 51.81 53.08 52/2834 18
/proc/meminfo: memFree=474251484/527542176 swapFree=33536508/33554428
[pid=16] ppid=13 vsize=17684 memory=12424 CPUtime=0.03 cores=14-19,34-35,50-55,126-131,146-147,162-167
/proc/16/stat : 16 (python3) S 13 16 0 0 -1 4194304 1892 0 96 0 2 1 0 0 20 0 1 0 53527779 18108416 3106 67087892480 4194304 7154137 140727666787728 0 0 0 0 16781312 2 1 0 0 17 15 0 0 8 0 0 9727432 11029816 15753216 140727666793271 140727666793389 140727666793389 140727666794471 0
/proc/16/statm: 4421 3106 1512 723 0 2063 0
[pid=18] ppid=16 vsize=893868 memory=717908 CPUtime=1790.93 cores=14-19,34-35,50-55,126-131,146-147,162-167
/proc/18/stat : 18 (bn4rust) R 16 16 0 0 -1 4194304 1913273 0 18 0 176178 2915 0 0 20 0 1 0 53527793 915320832 179477 67087892480 94622109429760 94622111296881 140731120135152 0 0 0 0 4096 1088 0 0 0 17 14 0 0 1 0 0 94622111554944 94622111601880 94622135906304 140731120139002 140731120139158 140731120139158 140731120140257 0
/proc/18/statm: 223467 179477 1077 456 0 221628 0
Current children cumulated CPU time: 1790.96 s
Current children cumulated vsize: 911552 KiB
Current children cumulated memory: 730332 KiB

Sending SIGTERM to process tree (bottom up)
Sleeping 2 seconds

[startup+1800.01 s]
# the end of solver process 16 was just reported to runsolver
# cumulated CPU time of all completed processes:  user=0.029968 s, system=0.019083 s

[startup+1800.01 s]
# the end of solver process 18 was just reported to runsolver
# cumulated CPU time of all completed processes:  user=1761.81 s, system=29.1732 s
# this solver process was not waited by its parent and was adopted by runsolver

Solver just ended.
??? end of watcher thread
Dumping a history of the last processes samples

Child ended because it received signal 15 (SIGTERM)
Real time (s): 1800.01
CPU time (s): 1790.99
CPU user time (s): 1761.81
CPU system time (s): 29.1732
CPU usage (%): 99.499
Max. virtual memory (cumulated for all children) (KiB): 2289268
Max. memory (cumulated for all children) (KiB): 2015224

getrusage(RUSAGE_CHILDREN,...) data:
user time used= 1761.81
system time used= 29.1732
maximum resident set size= 2073816
integral shared memory size= 0
integral unshared data size= 0
integral unshared stack size= 0
page reclaims= 1915165
page faults= 114
swaps= 0
block input operations= 19512
block output operations= 0
messages sent= 0
messages received= 0
signals received= 0
voluntary context switches= 999
involuntary context switches= 2326


# summary of solver processes directly reported to runsolver:
#   pid: 16,18
#   total CPU time (s): 1790.99
#   total CPU user time (s): 1761.81
#   total CPU system time (s): 29.1732

??? join timestamper begins
??? join timestamper ends
??? end of timestamper thread
runsolver used 1.4476 second user time and 2.6768 second system time

The end
