runsolver version 3.4.1 (svn: 3018) Copyright (C) 2010-2013 Olivier ROUSSEL

This program is distributed in the hope that it will be useful,
but WITHOUT ANY WARRANTY; without even the implied warranty of
MERCHANTABILITY or FITNESS FOR A PARTICULAR PURPOSE.  See the
GNU General Public License for more details.

NUMA information:
  number of nodes: 8
  memory of node 0: 63700 MiB (56204 MiB free)
  memory of node 1: 64461 MiB (55893 MiB free)
  memory of node 2: 64504 MiB (57672 MiB free)
  memory of node 3: 64504 MiB (62335 MiB free)
  memory of node 4: 64504 MiB (48394 MiB free)
  memory of node 5: 64504 MiB (62850 MiB free)
  memory of node 6: 64504 MiB (62480 MiB free)
  memory of node 7: 64491 MiB (60669 MiB free)
  node distances:
     10  12  12  12  21  21  21  21
     12  10  12  12  21  21  21  21
     12  12  10  12  21  21  21  21
     12  12  12  10  21  21  21  21
     21  21  21  21  10  12  12  12
     21  21  21  21  12  10  12  12
     21  21  21  21  12  12  10  12
     21  21  21  21  12  12  12  10

command line: /usr/local/bin/runsolver --timestamp -w /output/runsolver-watch.log -v /output/runsolver-values.log -o /output/solver-output.log -C 1800.0 -W 1800.0 -R 64000 /opt/solver/run_pyboolnet.py --instance /input/model_002.bnet 

running on 22 cores: 92-103,204-211,216-217

Enforcing CPUTime limit (soft limit, will send SIGTERM then SIGKILL): 1800 seconds
Enforcing CPUTime limit (hard limit, will send SIGXCPU): 1830 seconds
Enforcing wall clock limit (soft limit, will send SIGTERM then SIGKILL): 1800 seconds
Enforcing RSS+Swap limit (soft limit, will send SIGTERM then SIGKILL): 65536000 KiB
Linux 4.18.0-553.126.1.el8_10.x86_64
Current StackSize limit: 18014398509481983 KiB

solver pid=16, runsolver pid=13

[startup+0.100104 s]*
/proc/loadavg: 54.16 54.14 54.28 55/2994 17
/proc/meminfo: memFree=477685756/527542224 swapFree=30769424/33554428
[pid=16] ppid=13 vsize=13704 memory=7424 CPUtime=0.01 cores=92-105,204-217
/proc/16/stat : 16 (python3) D 13 16 0 0 -1 4194304 831 0 52 0 1 0 0 0 20 0 1 0 522983518 14032896 1856 67087892480 94792767717376 94792770988077 140735033756448 0 0 0 0 16781312 2 0 0 0 17 94 0 0 5 0 0 94792773351440 94792773635480 94792793829376 140735033760513 140735033760583 140735033760583 140735033761767 0
/proc/16/statm: 3426 1856 1239 799 0 1045 0
Current children cumulated CPU time: 0.01 s
Current children cumulated vsize: 13704 KiB
Current children cumulated memory: 7424 KiB

[startup+0.200897 s]*
/proc/loadavg: 54.16 54.14 54.28 54/2994 17
/proc/meminfo: memFree=477679400/527542224 swapFree=30769424/33554428
[pid=16] ppid=13 vsize=17020 memory=12068 CPUtime=0.04 cores=92-105,204-217
/proc/16/stat : 16 (python3) D 13 16 0 0 -1 4194304 1716 0 72 0 3 1 0 0 20 0 1 0 522983518 17428480 3017 67087892480 94792767717376 94792770988077 140735033756448 0 0 0 0 16781312 2 0 0 0 17 94 0 0 8 0 0 94792773351440 94792773635480 94792793829376 140735033760513 140735033760583 140735033760583 140735033761767 0
/proc/16/statm: 4255 3017 1528 799 0 1783 0
Current children cumulated CPU time: 0.04 s
Current children cumulated vsize: 17020 KiB
Current children cumulated memory: 12068 KiB

[startup+0.300854 s]*
/proc/loadavg: 54.16 54.14 54.28 54/2994 17
/proc/meminfo: memFree=477678140/527542224 swapFree=30769424/33554428
[pid=16] ppid=13 vsize=18456 memory=12912 CPUtime=0.05 cores=92-105,204-217
/proc/16/stat : 16 (python3) D 13 16 0 0 -1 4194304 1945 0 73 0 4 1 0 0 20 0 1 0 522983518 18898944 3228 67087892480 94792767717376 94792770988077 140735033756448 0 0 0 0 16781312 2 0 0 0 17 94 0 0 18 0 0 94792773351440 94792773635480 94792793829376 140735033760513 140735033760583 140735033760583 140735033761767 0
/proc/16/statm: 4614 3228 1535 799 0 2142 0
Current children cumulated CPU time: 0.05 s
Current children cumulated vsize: 18456 KiB
Current children cumulated memory: 12912 KiB

[startup+0.700272 s]
/proc/loadavg: 54.16 54.14 54.28 55/2994 17
/proc/meminfo: memFree=477667804/527542224 swapFree=30769424/33554428
[pid=16] ppid=13 vsize=37904 memory=31272 CPUtime=0.22 cores=92-105,204-217
/proc/16/stat : 16 (python3) D 13 16 0 0 -1 4194304 5950 0 123 0 16 6 0 0 20 0 1 0 522983518 38813696 7818 67087892480 94792767717376 94792770988077 140735033756448 0 0 0 0 16781312 2 0 0 0 17 94 0 0 38 0 0 94792773351440 94792773635480 94792793829376 140735033760513 140735033760583 140735033760583 140735033761767 0
/proc/16/statm: 9476 7818 2282 799 0 5881 0
Current children cumulated CPU time: 0.22 s
Current children cumulated vsize: 37904 KiB
Current children cumulated memory: 31272 KiB

[startup+1.50026 s]
/proc/loadavg: 54.23 54.16 54.29 55/2995 17
/proc/meminfo: memFree=477615656/527542224 swapFree=30769424/33554428
[pid=16] ppid=13 vsize=212188 memory=63148 CPUtime=0.52 cores=92-105,204-217
/proc/16/stat : 16 (python3) R 13 16 0 0 -1 4194304 11012 0 290 0 41 11 0 0 20 0 2 0 522983518 217280512 15787 67087892480 94792767717376 94792770988077 140735033756448 0 0 0 0 16781312 2 0 0 0 17 94 0 0 84 0 0 94792773351440 94792773635480 94792793829376 140735033760513 140735033760583 140735033760583 140735033761767 0
/proc/16/statm: 53047 15787 5005 799 0 19754 0
Current children cumulated CPU time: 0.52 s
Current children cumulated vsize: 212188 KiB
Current children cumulated memory: 63148 KiB

[startup+3.10069 s]
/proc/loadavg: 54.23 54.16 54.29 55/2996 20
/proc/meminfo: memFree=477747032/527542224 swapFree=30769424/33554428
[pid=16] ppid=13 vsize=220840 memory=70840 CPUtime=0.84 cores=92-105,204-217
/proc/16/stat : 16 (python3) S 13 16 0 0 -1 4194304 13227 0 298 0 69 15 0 0 20 0 1 0 522983518 226140160 17710 67087892480 94792767717376 94792770988077 140735033756448 0 0 0 0 16781312 2 1 0 0 17 93 0 0 93 0 0 94792773351440 94792773635480 94792793829376 140735033760513 140735033760583 140735033760583 140735033761767 0
/proc/16/statm: 55210 17710 5203 799 0 21917 0
[pid=20] ppid=16 vsize=8116 memory=5332 CPUtime=0.84 cores=92-105,204-217
/proc/20/stat : 20 (BNetToPrime_lin) R 16 16 0 0 -1 4194304 1401 0 3 0 84 0 0 0 20 0 1 0 522983741 8310784 1333 67087892480 4194304 4299828 140722891761728 0 0 0 0 0 0 0 0 0 17 207 0 0 0 0 0 6397400 6398600 29454336 140722891770491 140722891770604 140722891770604 140722891771805 0
/proc/20/statm: 2029 1333 867 26 0 590 0
Current children cumulated CPU time: 1.68 s
Current children cumulated vsize: 228956 KiB
Current children cumulated memory: 76172 KiB
heavy processes:

[startup+6.30066 s]
/proc/loadavg: 54.13 54.14 54.28 54/2975 20
/proc/meminfo: memFree=478301456/527542224 swapFree=30769424/33554428
[pid=16] ppid=13 vsize=220840 memory=70840 CPUtime=0.84 cores=92-105,204-217
/proc/16/stat : 16 (python3) S 13 16 0 0 -1 4194304 13227 0 298 0 69 15 0 0 20 0 1 0 522983518 226140160 17710 67087892480 94792767717376 94792770988077 140735033756448 0 0 0 0 16781312 2 1 0 0 17 93 0 0 93 0 0 94792773351440 94792773635480 94792793829376 140735033760513 140735033760583 140735033760583 140735033761767 0
/proc/16/statm: 55210 17710 5203 799 0 21917 0
[pid=20] ppid=16 vsize=20620 memory=17596 CPUtime=4.02 cores=92-105,204-217
/proc/20/stat : 20 (BNetToPrime_lin) R 16 16 0 0 -1 4194304 8624 0 3 0 401 1 0 0 20 0 1 0 522983741 21114880 4399 67087892480 4194304 4299828 140722891761728 0 0 0 0 0 0 0 0 0 17 207 0 0 0 0 0 6397400 6398600 29454336 140722891770491 140722891770604 140722891770604 140722891771805 0
/proc/20/statm: 5155 4399 867 26 0 3716 0
Current children cumulated CPU time: 4.86 s
Current children cumulated vsize: 241460 KiB
Current children cumulated memory: 88436 KiB
heavy processes:

[startup+12.7006 s]
/proc/loadavg: 54.04 54.12 54.27 54/2961 20
/proc/meminfo: memFree=478306244/527542224 swapFree=30769424/33554428
[pid=16] ppid=13 vsize=220840 memory=70840 CPUtime=0.84 cores=92-105,204-217
/proc/16/stat : 16 (python3) S 13 16 0 0 -1 4194304 13232 0 298 0 69 15 0 0 20 0 1 0 522983518 226140160 17710 67087892480 94792767717376 94792770988077 140735033756448 0 0 0 0 16781312 2 1 0 0 17 93 0 0 93 0 0 94792773351440 94792773635480 94792793829376 140735033760513 140735033760583 140735033760583 140735033761767 0
/proc/16/statm: 55210 17710 5203 799 0 21917 0
[pid=20] ppid=16 vsize=37044 memory=33760 CPUtime=10.4 cores=92-105,204-217
/proc/20/stat : 20 (BNetToPrime_lin) R 16 16 0 0 -1 4194304 13538 0 3 0 1037 3 0 0 20 0 1 0 522983741 37933056 8440 67087892480 4194304 4299828 140722891761728 0 0 0 0 0 0 0 0 0 17 207 0 0 0 0 0 6397400 6398600 29454336 140722891770491 140722891770604 140722891770604 140722891771805 0
/proc/20/statm: 9261 8440 867 26 0 7822 0
Current children cumulated CPU time: 11.24 s
Current children cumulated vsize: 257884 KiB
Current children cumulated memory: 104600 KiB

[startup+25.5003 s]
/proc/loadavg: 53.88 54.08 54.26 55/3002 20
/proc/meminfo: memFree=478188816/527542224 swapFree=30769424/33554428
[pid=16] ppid=13 vsize=220840 memory=70840 CPUtime=0.84 cores=92-105,204-217
/proc/16/stat : 16 (python3) S 13 16 0 0 -1 4194304 13232 0 298 0 69 15 0 0 20 0 1 0 522983518 226140160 17710 67087892480 94792767717376 94792770988077 140735033756448 0 0 0 0 16781312 2 1 0 0 17 93 0 0 93 0 0 94792773351440 94792773635480 94792793829376 140735033760513 140735033760583 140735033760583 140735033761767 0
/proc/16/statm: 55210 17710 5203 799 0 21917 0
[pid=20] ppid=16 vsize=205108 memory=177260 CPUtime=23.15 cores=92-105,204-217
/proc/20/stat : 20 (BNetToPrime_lin) R 16 16 0 0 -1 4194304 29930 0 3 0 2307 8 0 0 20 0 1 0 522983741 210030592 44315 67087892480 4194304 4299828 140722891761728 0 0 0 0 0 0 0 0 0 17 207 0 0 0 0 0 6397400 6398600 29454336 140722891770491 140722891770604 140722891770604 140722891771805 0
/proc/20/statm: 51277 44315 867 26 0 49838 0
Current children cumulated CPU time: 23.99 s
Current children cumulated vsize: 425948 KiB
Current children cumulated memory: 248100 KiB

[startup+51.1008 s]
/proc/loadavg: 54.99 54.30 54.32 63/3037 20
/proc/meminfo: memFree=478852104/527542224 swapFree=30769424/33554428
[pid=16] ppid=13 vsize=220840 memory=70840 CPUtime=0.84 cores=92-105,204-217
/proc/16/stat : 16 (python3) S 13 16 0 0 -1 4194304 13232 0 298 0 69 15 0 0 20 0 1 0 522983518 226140160 17710 67087892480 94792767717376 94792770988077 140735033756448 0 0 0 0 16781312 2 1 0 0 17 93 0 0 93 0 0 94792773351440 94792773635480 94792793829376 140735033760513 140735033760583 140735033760583 140735033761767 0
/proc/16/statm: 55210 17710 5203 799 0 21917 0
[pid=20] ppid=16 vsize=350968 memory=278380 CPUtime=48.64 cores=92-105,204-217
/proc/20/stat : 20 (BNetToPrime_lin) R 16 16 0 0 -1 4194304 69347 0 3 0 4847 17 0 0 20 0 1 0 522983741 359391232 69595 67087892480 4194304 4299828 140722891761728 0 0 0 0 0 0 0 0 0 17 204 0 0 0 0 0 6397400 6398600 29454336 140722891770491 140722891770604 140722891770604 140722891771805 0
/proc/20/statm: 87742 69595 867 26 0 86303 0
Current children cumulated CPU time: 49.48 s
Current children cumulated vsize: 571808 KiB
Current children cumulated memory: 349220 KiB

[startup+102.3 s]
/proc/loadavg: 55.48 54.61 54.43 55/3014 21
/proc/meminfo: memFree=479033748/527542224 swapFree=30769424/33554428
[pid=16] ppid=13 vsize=228204 memory=77436 CPUtime=74.37 cores=92-105,204-217
/proc/16/stat : 16 (python3) S 13 16 0 0 -1 4194304 14911 95323 298 4 70 16 7330 21 20 0 1 0 522983518 233680896 19359 67087892480 94792767717376 94792770988077 140735033756448 0 0 0 0 16781312 2 1 0 0 17 93 0 0 93 0 0 94792773351440 94792773635480 94792793829376 140735033760513 140735033760583 140735033760583 140735033761767 0
/proc/16/statm: 57051 19359 5203 799 0 23758 0
[pid=21] ppid=16 vsize=105568 memory=66608 CPUtime=26.02 cores=92-105,204-217
/proc/21/stat : 21 (NuSMVa_linux64) R 16 16 0 0 -1 4194304 12635 0 73 0 2599 3 0 0 20 0 1 0 522991127 108101632 16652 67087892480 4194304 7931321 140737201210768 0 0 0 0 0 512 0 0 0 17 94 0 0 5 0 0 10030016 10037704 12201984 140737201211944 140737201212082 140737201212082 140737201213350 0
/proc/21/statm: 26392 16652 1733 913 0 15194 0
Current children cumulated CPU time: 100.39 s
Current children cumulated vsize: 333772 KiB
Current children cumulated memory: 144044 KiB

[startup+162.3 s]
/proc/loadavg: 54.54 54.49 54.40 55/3018 21
/proc/meminfo: memFree=478967480/527542224 swapFree=30769424/33554428
[pid=16] ppid=13 vsize=228204 memory=77436 CPUtime=74.37 cores=92-105,204-217
/proc/16/stat : 16 (python3) S 13 16 0 0 -1 4194304 14911 95323 298 4 70 16 7330 21 20 0 1 0 522983518 233680896 19359 67087892480 94792767717376 94792770988077 140735033756448 0 0 0 0 16781312 2 1 0 0 17 93 0 0 93 0 0 94792773351440 94792773635480 94792793829376 140735033760513 140735033760583 140735033760583 140735033761767 0
/proc/16/statm: 57051 19359 5203 799 0 23758 0
[pid=21] ppid=16 vsize=146832 memory=107896 CPUtime=85.76 cores=92-105,204-217
/proc/21/stat : 21 (NuSMVa_linux64) R 16 16 0 0 -1 4194304 22981 0 73 0 8570 6 0 0 20 0 1 0 522991127 150355968 26974 67087892480 4194304 7931321 140737201210768 0 0 0 0 0 512 0 0 0 17 94 0 0 5 0 0 10030016 10037704 12201984 140737201211944 140737201212082 140737201212082 140737201213350 0
/proc/21/statm: 36708 26974 1733 913 0 25510 0
Current children cumulated CPU time: 160.13 s
Current children cumulated vsize: 375036 KiB
Current children cumulated memory: 185332 KiB

[startup+222.301 s]
/proc/loadavg: 54.26 54.42 54.38 55/3015 21
/proc/meminfo: memFree=478924760/527542224 swapFree=30769424/33554428
[pid=16] ppid=13 vsize=228204 memory=77436 CPUtime=74.37 cores=92-105,204-217
/proc/16/stat : 16 (python3) S 13 16 0 0 -1 4194304 14911 95323 298 4 70 16 7330 21 20 0 1 0 522983518 233680896 19359 67087892480 94792767717376 94792770988077 140735033756448 0 0 0 0 16781312 2 1 0 0 17 93 0 0 93 0 0 94792773351440 94792773635480 94792793829376 140735033760513 140735033760583 140735033760583 140735033761767 0
/proc/16/statm: 57051 19359 5203 799 0 23758 0
[pid=21] ppid=16 vsize=197276 memory=158272 CPUtime=145.5 cores=92-105,204-217
/proc/21/stat : 21 (NuSMVa_linux64) R 16 16 0 0 -1 4194304 53078 0 73 0 14539 11 0 0 20 0 1 0 522991127 202010624 39568 67087892480 4194304 7931321 140737201210768 0 0 0 0 0 512 0 0 0 17 92 0 0 5 0 0 10030016 10037704 12201984 140737201211944 140737201212082 140737201212082 140737201213350 0
/proc/21/statm: 49319 39568 1733 913 0 38121 0
Current children cumulated CPU time: 219.87 s
Current children cumulated vsize: 425480 KiB
Current children cumulated memory: 235708 KiB

[startup+282.3 s]
/proc/loadavg: 54.20 54.38 54.37 55/3015 21
/proc/meminfo: memFree=478918392/527542224 swapFree=30769424/33554428
[pid=16] ppid=13 vsize=228204 memory=77436 CPUtime=74.37 cores=92-105,204-217
/proc/16/stat : 16 (python3) S 13 16 0 0 -1 4194304 14911 95323 298 4 70 16 7330 21 20 0 1 0 522983518 233680896 19359 67087892480 94792767717376 94792770988077 140735033756448 0 0 0 0 16781312 2 1 0 0 17 93 0 0 93 0 0 94792773351440 94792773635480 94792793829376 140735033760513 140735033760583 140735033760583 140735033761767 0
/proc/16/statm: 57051 19359 5203 799 0 23758 0
[pid=21] ppid=16 vsize=203864 memory=164864 CPUtime=205.23 cores=92-105,204-217
/proc/21/stat : 21 (NuSMVa_linux64) R 16 16 0 0 -1 4194304 54727 0 73 0 20512 11 0 0 20 0 1 0 522991127 208756736 41216 67087892480 4194304 7931321 140737201210768 0 0 0 0 0 512 0 0 0 17 92 0 0 5 0 0 10030016 10037704 12201984 140737201211944 140737201212082 140737201212082 140737201213350 0
/proc/21/statm: 50966 41216 1733 913 0 39768 0
Current children cumulated CPU time: 279.6 s
Current children cumulated vsize: 432068 KiB
Current children cumulated memory: 242300 KiB

[startup+342.3 s]
/proc/loadavg: 54.07 54.31 54.34 55/3003 21
/proc/meminfo: memFree=478893016/527542224 swapFree=30769424/33554428
[pid=16] ppid=13 vsize=228204 memory=77436 CPUtime=74.37 cores=92-105,204-217
/proc/16/stat : 16 (python3) S 13 16 0 0 -1 4194304 14911 95323 298 4 70 16 7330 21 20 0 1 0 522983518 233680896 19359 67087892480 94792767717376 94792770988077 140735033756448 0 0 0 0 16781312 2 1 0 0 17 93 0 0 93 0 0 94792773351440 94792773635480 94792793829376 140735033760513 140735033760583 140735033760583 140735033761767 0
/proc/16/statm: 57051 19359 5203 799 0 23758 0
[pid=21] ppid=16 vsize=208728 memory=169612 CPUtime=264.98 cores=92-105,204-217
/proc/21/stat : 21 (NuSMVa_linux64) R 16 16 0 0 -1 4194304 55944 0 73 0 26486 12 0 0 20 0 1 0 522991127 213737472 42403 67087892480 4194304 7931321 140737201210768 0 0 0 0 0 512 0 0 0 17 92 0 0 5 0 0 10030016 10037704 12201984 140737201211944 140737201212082 140737201212082 140737201213350 0
/proc/21/statm: 52182 42403 1733 913 0 40984 0
Current children cumulated CPU time: 339.35 s
Current children cumulated vsize: 436932 KiB
Current children cumulated memory: 247048 KiB

[startup+402.3 s]
/proc/loadavg: 54.02 54.25 54.32 55/2999 21
/proc/meminfo: memFree=478896564/527542224 swapFree=30769424/33554428
[pid=16] ppid=13 vsize=228204 memory=77436 CPUtime=74.37 cores=92-105,204-217
/proc/16/stat : 16 (python3) S 13 16 0 0 -1 4194304 14911 95323 298 4 70 16 7330 21 20 0 1 0 522983518 233680896 19359 67087892480 94792767717376 94792770988077 140735033756448 0 0 0 0 16781312 2 1 0 0 17 93 0 0 93 0 0 94792773351440 94792773635480 94792793829376 140735033760513 140735033760583 140735033760583 140735033761767 0
/proc/16/statm: 57051 19359 5203 799 0 23758 0
[pid=21] ppid=16 vsize=208728 memory=169612 CPUtime=324.72 cores=92-105,204-217
/proc/21/stat : 21 (NuSMVa_linux64) R 16 16 0 0 -1 4194304 55944 0 73 0 32460 12 0 0 20 0 1 0 522991127 213737472 42403 67087892480 4194304 7931321 140737201210768 0 0 0 0 0 512 0 0 0 17 92 0 0 5 0 0 10030016 10037704 12201984 140737201211944 140737201212082 140737201212082 140737201213350 0
/proc/21/statm: 52182 42403 1733 913 0 40984 0
Current children cumulated CPU time: 399.09 s
Current children cumulated vsize: 436932 KiB
Current children cumulated memory: 247048 KiB

[startup+462.3 s]
/proc/loadavg: 54.01 54.20 54.29 55/3004 21
/proc/meminfo: memFree=484354784/527542224 swapFree=30769424/33554428
[pid=16] ppid=13 vsize=228204 memory=77436 CPUtime=74.37 cores=92-105,204-217
/proc/16/stat : 16 (python3) S 13 16 0 0 -1 4194304 14911 95323 298 4 70 16 7330 21 20 0 1 0 522983518 233680896 19359 67087892480 94792767717376 94792770988077 140735033756448 0 0 0 0 16781312 2 1 0 0 17 93 0 0 93 0 0 94792773351440 94792773635480 94792793829376 140735033760513 140735033760583 140735033760583 140735033761767 0
/proc/16/statm: 57051 19359 5203 799 0 23758 0
[pid=21] ppid=16 vsize=302476 memory=263556 CPUtime=384.47 cores=92-105,204-217
/proc/21/stat : 21 (NuSMVa_linux64) R 16 16 0 0 -1 4194304 79415 0 73 0 38428 19 0 0 20 0 1 0 522991127 309735424 65889 67087892480 4194304 7931321 140737201210768 0 0 0 0 0 512 0 0 0 17 204 0 0 5 0 0 10030016 10037704 12201984 140737201211944 140737201212082 140737201212082 140737201213350 0
/proc/21/statm: 75619 65889 1733 913 0 64421 0
Current children cumulated CPU time: 458.84 s
Current children cumulated vsize: 530680 KiB
Current children cumulated memory: 340992 KiB

[startup+522.3 s]
/proc/loadavg: 54.00 54.16 54.27 55/2999 21
/proc/meminfo: memFree=483240752/527542224 swapFree=30769424/33554428
[pid=16] ppid=13 vsize=228204 memory=80180 CPUtime=74.37 cores=92-105,204-217
/proc/16/stat : 16 (python3) S 13 16 0 0 -1 4194304 14911 95323 298 4 70 16 7330 21 20 0 1 0 522983518 233680896 20045 67087892480 94792767717376 94792770988077 140735033756448 0 0 0 0 16781312 2 1 0 0 17 93 0 0 93 0 0 94792773351440 94792773635480 94792793829376 140735033760513 140735033760583 140735033760583 140735033761767 0
/proc/16/statm: 57051 20045 5203 799 0 23758 0
[pid=21] ppid=16 vsize=311980 memory=272796 CPUtime=444.22 cores=92-105,204-217
/proc/21/stat : 21 (NuSMVa_linux64) R 16 16 0 0 -1 4194304 81767 0 73 0 44402 20 0 0 20 0 1 0 522991127 319467520 68199 67087892480 4194304 7931321 140737201210768 0 0 0 0 0 512 0 0 0 17 204 0 0 5 0 0 10030016 10037704 12201984 140737201211944 140737201212082 140737201212082 140737201213350 0
/proc/21/statm: 77995 68199 1733 913 0 66797 0
Current children cumulated CPU time: 518.59 s
Current children cumulated vsize: 540184 KiB
Current children cumulated memory: 352976 KiB

[startup+582.3 s]
/proc/loadavg: 54.00 54.13 54.25 55/3000 21
/proc/meminfo: memFree=482297944/527542224 swapFree=30769424/33554428
[pid=16] ppid=13 vsize=228204 memory=80180 CPUtime=74.37 cores=92-105,204-217
/proc/16/stat : 16 (python3) S 13 16 0 0 -1 4194304 14911 95323 298 4 70 16 7330 21 20 0 1 0 522983518 233680896 20045 67087892480 94792767717376 94792770988077 140735033756448 0 0 0 0 16781312 2 1 0 0 17 93 0 0 93 0 0 94792773351440 94792773635480 94792793829376 140735033760513 140735033760583 140735033760583 140735033761767 0
/proc/16/statm: 57051 20045 5203 799 0 23758 0
[pid=21] ppid=16 vsize=311980 memory=272796 CPUtime=503.97 cores=92-105,204-217
/proc/21/stat : 21 (NuSMVa_linux64) R 16 16 0 0 -1 4194304 81767 0 73 0 50377 20 0 0 20 0 1 0 522991127 319467520 68199 67087892480 4194304 7931321 140737201210768 0 0 0 0 0 512 0 0 0 17 204 0 0 5 0 0 10030016 10037704 12201984 140737201211944 140737201212082 140737201212082 140737201213350 0
/proc/21/statm: 77995 68199 1733 913 0 66797 0
Current children cumulated CPU time: 578.34 s
Current children cumulated vsize: 540184 KiB
Current children cumulated memory: 352976 KiB

[startup+642.3 s]
/proc/loadavg: 54.03 54.12 54.24 55/3000 21
/proc/meminfo: memFree=481255828/527542224 swapFree=30769424/33554428
[pid=16] ppid=13 vsize=228204 memory=80180 CPUtime=74.37 cores=92-105,204-217
/proc/16/stat : 16 (python3) S 13 16 0 0 -1 4194304 14911 95323 298 4 70 16 7330 21 20 0 1 0 522983518 233680896 20045 67087892480 94792767717376 94792770988077 140735033756448 0 0 0 0 16781312 2 1 0 0 17 93 0 0 93 0 0 94792773351440 94792773635480 94792793829376 140735033760513 140735033760583 140735033760583 140735033761767 0
/proc/16/statm: 57051 20045 5203 799 0 23758 0
[pid=21] ppid=16 vsize=311980 memory=273020 CPUtime=563.71 cores=92-105,204-217
/proc/21/stat : 21 (NuSMVa_linux64) R 16 16 0 0 -1 4194304 128422 0 73 0 56346 25 0 0 20 0 1 0 522991127 319467520 68255 67087892480 4194304 7931321 140737201210768 0 0 0 0 0 512 0 0 0 17 92 0 0 5 0 0 10030016 10037704 12201984 140737201211944 140737201212082 140737201212082 140737201213350 0
/proc/21/statm: 77995 68255 1733 913 0 66797 0
Current children cumulated CPU time: 638.08 s
Current children cumulated vsize: 540184 KiB
Current children cumulated memory: 353200 KiB

[startup+702.3 s]
/proc/loadavg: 56.27 54.81 54.47 55/3003 21
/proc/meminfo: memFree=480717964/527542224 swapFree=30769424/33554428
[pid=16] ppid=13 vsize=228204 memory=80180 CPUtime=74.37 cores=92-105,204-217
/proc/16/stat : 16 (python3) S 13 16 0 0 -1 4194304 14911 95323 298 4 70 16 7330 21 20 0 1 0 522983518 233680896 20045 67087892480 94792767717376 94792770988077 140735033756448 0 0 0 0 16781312 2 1 0 0 17 93 0 0 93 0 0 94792773351440 94792773635480 94792793829376 140735033760513 140735033760583 140735033760583 140735033761767 0
/proc/16/statm: 57051 20045 5203 799 0 23758 0
[pid=21] ppid=16 vsize=311980 memory=273020 CPUtime=623.42 cores=92-105,204-217
/proc/21/stat : 21 (NuSMVa_linux64) R 16 16 0 0 -1 4194304 227803 0 73 0 62290 52 0 0 20 0 1 0 522991127 319467520 68255 67087892480 4194304 7931321 140737201210768 0 0 0 0 0 512 0 0 0 17 105 0 0 5 0 0 10030016 10037704 12201984 140737201211944 140737201212082 140737201212082 140737201213350 0
/proc/21/statm: 77995 68255 1733 913 0 66797 0
Current children cumulated CPU time: 697.79 s
Current children cumulated vsize: 540184 KiB
Current children cumulated memory: 353200 KiB

[startup+762.301 s]
/proc/loadavg: 54.89 54.68 54.45 55/3000 21
/proc/meminfo: memFree=479684760/527542224 swapFree=30769424/33554428
[pid=16] ppid=13 vsize=228204 memory=80180 CPUtime=74.37 cores=92-105,204-217
/proc/16/stat : 16 (python3) S 13 16 0 0 -1 4194304 14911 95323 298 4 70 16 7330 21 20 0 1 0 522983518 233680896 20045 67087892480 94792767717376 94792770988077 140735033756448 0 0 0 0 16781312 2 1 0 0 17 93 0 0 93 0 0 94792773351440 94792773635480 94792793829376 140735033760513 140735033760583 140735033760583 140735033761767 0
/proc/16/statm: 57051 20045 5203 799 0 23758 0
[pid=21] ppid=16 vsize=311980 memory=273020 CPUtime=683.15 cores=92-105,204-217
/proc/21/stat : 21 (NuSMVa_linux64) R 16 16 0 0 -1 4194304 228935 0 73 0 68260 55 0 0 20 0 1 0 522991127 319467520 68255 67087892480 4194304 7931321 140737201210768 0 0 0 0 0 512 0 0 0 17 105 0 0 5 0 0 10030016 10037704 12201984 140737201211944 140737201212082 140737201212082 140737201213350 0
/proc/21/statm: 77995 68255 1733 913 0 66797 0
Current children cumulated CPU time: 757.52 s
Current children cumulated vsize: 540184 KiB
Current children cumulated memory: 353200 KiB

[startup+822.3 s]
/proc/loadavg: 54.32 54.55 54.42 55/3000 21
/proc/meminfo: memFree=479565260/527542224 swapFree=30769424/33554428
[pid=16] ppid=13 vsize=228204 memory=80180 CPUtime=74.37 cores=92-105,204-217
/proc/16/stat : 16 (python3) S 13 16 0 0 -1 4194304 14911 95323 298 4 70 16 7330 21 20 0 1 0 522983518 233680896 20045 67087892480 94792767717376 94792770988077 140735033756448 0 0 0 0 16781312 2 1 0 0 17 93 0 0 93 0 0 94792773351440 94792773635480 94792793829376 140735033760513 140735033760583 140735033760583 140735033761767 0
/proc/16/statm: 57051 20045 5203 799 0 23758 0
[pid=21] ppid=16 vsize=311980 memory=273612 CPUtime=742.9 cores=92-105,204-217
/proc/21/stat : 21 (NuSMVa_linux64) R 16 16 0 0 -1 4194304 230430 0 73 0 74234 56 0 0 20 0 1 0 522991127 319467520 68403 67087892480 4194304 7931321 140737201210768 0 0 0 0 0 512 0 0 0 17 105 0 0 5 0 0 10030016 10037704 12201984 140737201211944 140737201212082 140737201212082 140737201213350 0
/proc/21/statm: 77995 68403 1733 913 0 66797 0
Current children cumulated CPU time: 817.27 s
Current children cumulated vsize: 540184 KiB
Current children cumulated memory: 353792 KiB

[startup+882.3 s]
/proc/loadavg: 54.12 54.45 54.39 55/3000 21
/proc/meminfo: memFree=479565668/527542224 swapFree=30769424/33554428
[pid=16] ppid=13 vsize=228204 memory=80180 CPUtime=74.37 cores=92-105,204-217
/proc/16/stat : 16 (python3) S 13 16 0 0 -1 4194304 14911 95323 298 4 70 16 7330 21 20 0 1 0 522983518 233680896 20045 67087892480 94792767717376 94792770988077 140735033756448 0 0 0 0 16781312 2 1 0 0 17 93 0 0 93 0 0 94792773351440 94792773635480 94792793829376 140735033760513 140735033760583 140735033760583 140735033761767 0
/proc/16/statm: 57051 20045 5203 799 0 23758 0
[pid=21] ppid=16 vsize=311980 memory=273612 CPUtime=802.66 cores=92-105,204-217
/proc/21/stat : 21 (NuSMVa_linux64) R 16 16 0 0 -1 4194304 230629 0 73 0 80210 56 0 0 20 0 1 0 522991127 319467520 68403 67087892480 4194304 7931321 140737201210768 0 0 0 0 0 512 0 0 0 17 105 0 0 5 0 0 10030016 10037704 12201984 140737201211944 140737201212082 140737201212082 140737201213350 0
/proc/21/statm: 77995 68403 1733 913 0 66797 0
Current children cumulated CPU time: 877.03 s
Current children cumulated vsize: 540184 KiB
Current children cumulated memory: 353792 KiB

[startup+942.3 s]
/proc/loadavg: 54.12 54.38 54.37 55/3004 21
/proc/meminfo: memFree=479750340/527542224 swapFree=30769424/33554428
[pid=16] ppid=13 vsize=228204 memory=80180 CPUtime=74.37 cores=92-105,204-217
/proc/16/stat : 16 (python3) S 13 16 0 0 -1 4194304 14911 95323 298 4 70 16 7330 21 20 0 1 0 522983518 233680896 20045 67087892480 94792767717376 94792770988077 140735033756448 0 0 0 0 16781312 2 1 0 0 17 93 0 0 93 0 0 94792773351440 94792773635480 94792793829376 140735033760513 140735033760583 140735033760583 140735033761767 0
/proc/16/statm: 57051 20045 5203 799 0 23758 0
[pid=21] ppid=16 vsize=313388 memory=275020 CPUtime=862.42 cores=92-105,204-217
/proc/21/stat : 21 (NuSMVa_linux64) R 16 16 0 0 -1 4194304 231273 0 73 0 86186 56 0 0 20 0 1 0 522991127 320909312 68755 67087892480 4194304 7931321 140737201210768 0 0 0 0 0 512 0 0 0 17 105 0 0 5 0 0 10030016 10037704 12201984 140737201211944 140737201212082 140737201212082 140737201213350 0
/proc/21/statm: 78347 68755 1733 913 0 67149 0
Current children cumulated CPU time: 936.79 s
Current children cumulated vsize: 541592 KiB
Current children cumulated memory: 355200 KiB

[startup+1002.3 s]
/proc/loadavg: 54.04 54.31 54.34 55/3000 21
/proc/meminfo: memFree=479715196/527542224 swapFree=30769424/33554428
[pid=16] ppid=13 vsize=228204 memory=80180 CPUtime=74.37 cores=92-105,204-217
/proc/16/stat : 16 (python3) S 13 16 0 0 -1 4194304 14911 95323 298 4 70 16 7330 21 20 0 1 0 522983518 233680896 20045 67087892480 94792767717376 94792770988077 140735033756448 0 0 0 0 16781312 2 1 0 0 17 93 0 0 93 0 0 94792773351440 94792773635480 94792793829376 140735033760513 140735033760583 140735033760583 140735033761767 0
/proc/16/statm: 57051 20045 5203 799 0 23758 0
[pid=21] ppid=16 vsize=314412 memory=276044 CPUtime=922.17 cores=92-105,204-217
/proc/21/stat : 21 (NuSMVa_linux64) R 16 16 0 0 -1 4194304 231756 0 73 0 92161 56 0 0 20 0 1 0 522991127 321957888 69011 67087892480 4194304 7931321 140737201210768 0 0 0 0 0 512 0 0 0 17 105 0 0 5 0 0 10030016 10037704 12201984 140737201211944 140737201212082 140737201212082 140737201213350 0
/proc/21/statm: 78603 69011 1733 913 0 67405 0
Current children cumulated CPU time: 996.54 s
Current children cumulated vsize: 542616 KiB
Current children cumulated memory: 356224 KiB

[startup+1062.3 s]
/proc/loadavg: 54.01 54.25 54.32 55/3003 21
/proc/meminfo: memFree=479710308/527542224 swapFree=30769424/33554428
[pid=16] ppid=13 vsize=228204 memory=80180 CPUtime=74.37 cores=92-105,204-217
/proc/16/stat : 16 (python3) S 13 16 0 0 -1 4194304 14911 95323 298 4 70 16 7330 21 20 0 1 0 522983518 233680896 20045 67087892480 94792767717376 94792770988077 140735033756448 0 0 0 0 16781312 2 1 0 0 17 93 0 0 93 0 0 94792773351440 94792773635480 94792793829376 140735033760513 140735033760583 140735033760583 140735033761767 0
/proc/16/statm: 57051 20045 5203 799 0 23758 0
[pid=21] ppid=16 vsize=318508 memory=280140 CPUtime=981.93 cores=92-105,204-217
/proc/21/stat : 21 (NuSMVa_linux64) R 16 16 0 0 -1 4194304 232896 0 73 0 98137 56 0 0 20 0 1 0 522991127 326152192 70035 67087892480 4194304 7931321 140737201210768 0 0 0 0 0 512 0 0 0 17 105 0 0 5 0 0 10030016 10037704 12201984 140737201211944 140737201212082 140737201212082 140737201213350 0
/proc/21/statm: 79627 70035 1733 913 0 68429 0
Current children cumulated CPU time: 1056.3 s
Current children cumulated vsize: 546712 KiB
Current children cumulated memory: 360320 KiB

[startup+1122.3 s]
/proc/loadavg: 54.00 54.20 54.29 55/3003 21
/proc/meminfo: memFree=479712680/527542224 swapFree=30769424/33554428
[pid=16] ppid=13 vsize=228204 memory=80180 CPUtime=74.37 cores=92-105,204-217
/proc/16/stat : 16 (python3) S 13 16 0 0 -1 4194304 14911 95323 298 4 70 16 7330 21 20 0 1 0 522983518 233680896 20045 67087892480 94792767717376 94792770988077 140735033756448 0 0 0 0 16781312 2 1 0 0 17 93 0 0 93 0 0 94792773351440 94792773635480 94792793829376 140735033760513 140735033760583 140735033760583 140735033761767 0
/proc/16/statm: 57051 20045 5203 799 0 23758 0
[pid=21] ppid=16 vsize=318508 memory=280140 CPUtime=1041.69 cores=92-105,204-217
/proc/21/stat : 21 (NuSMVa_linux64) R 16 16 0 0 -1 4194304 233122 0 73 0 104113 56 0 0 20 0 1 0 522991127 326152192 70035 67087892480 4194304 7931321 140737201210768 0 0 0 0 0 512 0 0 0 17 105 0 0 5 0 0 10030016 10037704 12201984 140737201211944 140737201212082 140737201212082 140737201213350 0
/proc/21/statm: 79627 70035 1733 913 0 68429 0
Current children cumulated CPU time: 1116.06 s
Current children cumulated vsize: 546712 KiB
Current children cumulated memory: 360320 KiB

[startup+1182.3 s]
/proc/loadavg: 54.00 54.16 54.27 55/3002 21
/proc/meminfo: memFree=479699724/527542224 swapFree=30769424/33554428
[pid=16] ppid=13 vsize=228204 memory=80180 CPUtime=74.37 cores=92-105,204-217
/proc/16/stat : 16 (python3) S 13 16 0 0 -1 4194304 14911 95323 298 4 70 16 7330 21 20 0 1 0 522983518 233680896 20045 67087892480 94792767717376 94792770988077 140735033756448 0 0 0 0 16781312 2 1 0 0 17 93 0 0 93 0 0 94792773351440 94792773635480 94792793829376 140735033760513 140735033760583 140735033760583 140735033761767 0
/proc/16/statm: 57051 20045 5203 799 0 23758 0
[pid=21] ppid=16 vsize=318508 memory=280140 CPUtime=1101.45 cores=92-105,204-217
/proc/21/stat : 21 (NuSMVa_linux64) R 16 16 0 0 -1 4194304 233350 0 73 0 110089 56 0 0 20 0 1 0 522991127 326152192 70035 67087892480 4194304 7931321 140737201210768 0 0 0 0 0 512 0 0 0 17 105 0 0 5 0 0 10030016 10037704 12201984 140737201211944 140737201212082 140737201212082 140737201213350 0
/proc/21/statm: 79627 70035 1733 913 0 68429 0
Current children cumulated CPU time: 1175.82 s
Current children cumulated vsize: 546712 KiB
Current children cumulated memory: 360320 KiB

[startup+1242.3 s]
/proc/loadavg: 54.00 54.13 54.25 56/2999 21
/proc/meminfo: memFree=479538024/527542224 swapFree=30769424/33554428
[pid=16] ppid=13 vsize=228204 memory=80180 CPUtime=74.37 cores=92-105,204-217
/proc/16/stat : 16 (python3) S 13 16 0 0 -1 4194304 14911 95323 298 4 70 16 7330 21 20 0 1 0 522983518 233680896 20045 67087892480 94792767717376 94792770988077 140735033756448 0 0 0 0 16781312 2 1 0 0 17 93 0 0 93 0 0 94792773351440 94792773635480 94792793829376 140735033760513 140735033760583 140735033760583 140735033761767 0
/proc/16/statm: 57051 20045 5203 799 0 23758 0
[pid=21] ppid=16 vsize=318508 memory=280140 CPUtime=1161.21 cores=92-105,204-217
/proc/21/stat : 21 (NuSMVa_linux64) R 16 16 0 0 -1 4194304 233578 0 73 0 116065 56 0 0 20 0 1 0 522991127 326152192 70035 67087892480 4194304 7931321 140737201210768 0 0 0 0 0 512 0 0 0 17 105 0 0 5 0 0 10030016 10037704 12201984 140737201211944 140737201212082 140737201212082 140737201213350 0
/proc/21/statm: 79627 70035 1733 913 0 68429 0
Current children cumulated CPU time: 1235.58 s
Current children cumulated vsize: 546712 KiB
Current children cumulated memory: 360320 KiB

[startup+1302.3 s]
/proc/loadavg: 54.03 54.12 54.24 55/2998 21
/proc/meminfo: memFree=479689104/527542224 swapFree=30769424/33554428
[pid=16] ppid=13 vsize=228204 memory=80180 CPUtime=74.37 cores=92-105,204-217
/proc/16/stat : 16 (python3) S 13 16 0 0 -1 4194304 14911 95323 298 4 70 16 7330 21 20 0 1 0 522983518 233680896 20045 67087892480 94792767717376 94792770988077 140735033756448 0 0 0 0 16781312 2 1 0 0 17 93 0 0 93 0 0 94792773351440 94792773635480 94792793829376 140735033760513 140735033760583 140735033760583 140735033761767 0
/proc/16/statm: 57051 20045 5203 799 0 23758 0
[pid=21] ppid=16 vsize=318508 memory=280140 CPUtime=1220.97 cores=92-105,204-217
/proc/21/stat : 21 (NuSMVa_linux64) R 16 16 0 0 -1 4194304 233805 0 73 0 122041 56 0 0 20 0 1 0 522991127 326152192 70035 67087892480 4194304 7931321 140737201210768 0 0 0 0 0 512 0 0 0 17 105 0 0 5 0 0 10030016 10037704 12201984 140737201211944 140737201212082 140737201212082 140737201213350 0
/proc/21/statm: 79627 70035 1733 913 0 68429 0
Current children cumulated CPU time: 1295.34 s
Current children cumulated vsize: 546712 KiB
Current children cumulated memory: 360320 KiB

[startup+1362.3 s]
/proc/loadavg: 54.09 54.11 54.23 56/2999 21
/proc/meminfo: memFree=479679172/527542224 swapFree=30769424/33554428
[pid=16] ppid=13 vsize=228204 memory=80180 CPUtime=74.37 cores=92-105,204-217
/proc/16/stat : 16 (python3) S 13 16 0 0 -1 4194304 14911 95323 298 4 70 16 7330 21 20 0 1 0 522983518 233680896 20045 67087892480 94792767717376 94792770988077 140735033756448 0 0 0 0 16781312 2 1 0 0 17 93 0 0 93 0 0 94792773351440 94792773635480 94792793829376 140735033760513 140735033760583 140735033760583 140735033761767 0
/proc/16/statm: 57051 20045 5203 799 0 23758 0
[pid=21] ppid=16 vsize=318508 memory=280140 CPUtime=1280.73 cores=92-105,204-217
/proc/21/stat : 21 (NuSMVa_linux64) R 16 16 0 0 -1 4194304 234029 0 73 0 128017 56 0 0 20 0 1 0 522991127 326152192 70035 67087892480 4194304 7931321 140737201210768 0 0 0 0 0 512 0 0 0 17 105 0 0 5 0 0 10030016 10037704 12201984 140737201211944 140737201212082 140737201212082 140737201213350 0
/proc/21/statm: 79627 70035 1733 913 0 68429 0
Current children cumulated CPU time: 1355.1 s
Current children cumulated vsize: 546712 KiB
Current children cumulated memory: 360320 KiB

[startup+1422.3 s]
/proc/loadavg: 54.03 54.09 54.21 55/2995 21
/proc/meminfo: memFree=479638620/527542224 swapFree=30769424/33554428
[pid=16] ppid=13 vsize=228204 memory=80180 CPUtime=74.37 cores=92-105,204-217
/proc/16/stat : 16 (python3) S 13 16 0 0 -1 4194304 14911 95323 298 4 70 16 7330 21 20 0 1 0 522983518 233680896 20045 67087892480 94792767717376 94792770988077 140735033756448 0 0 0 0 16781312 2 1 0 0 17 93 0 0 93 0 0 94792773351440 94792773635480 94792793829376 140735033760513 140735033760583 140735033760583 140735033761767 0
/proc/16/statm: 57051 20045 5203 799 0 23758 0
[pid=21] ppid=16 vsize=318508 memory=280140 CPUtime=1340.49 cores=92-105,204-217
/proc/21/stat : 21 (NuSMVa_linux64) R 16 16 0 0 -1 4194304 234253 0 73 0 133993 56 0 0 20 0 1 0 522991127 326152192 70035 67087892480 4194304 7931321 140737201210768 0 0 0 0 0 512 0 0 0 17 105 0 0 5 0 0 10030016 10037704 12201984 140737201211944 140737201212082 140737201212082 140737201213350 0
/proc/21/statm: 79627 70035 1733 913 0 68429 0
Current children cumulated CPU time: 1414.86 s
Current children cumulated vsize: 546712 KiB
Current children cumulated memory: 360320 KiB

[startup+1482.3 s]
/proc/loadavg: 54.08 54.09 54.20 55/2995 21
/proc/meminfo: memFree=479664720/527542224 swapFree=30769424/33554428
[pid=16] ppid=13 vsize=228204 memory=80180 CPUtime=74.37 cores=92-105,204-217
/proc/16/stat : 16 (python3) S 13 16 0 0 -1 4194304 14911 95323 298 4 70 16 7330 21 20 0 1 0 522983518 233680896 20045 67087892480 94792767717376 94792770988077 140735033756448 0 0 0 0 16781312 2 1 0 0 17 93 0 0 93 0 0 94792773351440 94792773635480 94792793829376 140735033760513 140735033760583 140735033760583 140735033761767 0
/proc/16/statm: 57051 20045 5203 799 0 23758 0
[pid=21] ppid=16 vsize=318508 memory=280140 CPUtime=1400.25 cores=92-105,204-217
/proc/21/stat : 21 (NuSMVa_linux64) R 16 16 0 0 -1 4194304 234477 0 73 0 139969 56 0 0 20 0 1 0 522991127 326152192 70035 67087892480 4194304 7931321 140737201210768 0 0 0 0 0 512 0 0 0 17 105 0 0 5 0 0 10030016 10037704 12201984 140737201211944 140737201212082 140737201212082 140737201213350 0
/proc/21/statm: 79627 70035 1733 913 0 68429 0
Current children cumulated CPU time: 1474.62 s
Current children cumulated vsize: 546712 KiB
Current children cumulated memory: 360320 KiB

[startup+1542.3 s]
/proc/loadavg: 54.03 54.07 54.18 55/2995 21
/proc/meminfo: memFree=479678556/527542224 swapFree=30769424/33554428
[pid=16] ppid=13 vsize=228204 memory=80180 CPUtime=74.37 cores=92-105,204-217
/proc/16/stat : 16 (python3) S 13 16 0 0 -1 4194304 14911 95323 298 4 70 16 7330 21 20 0 1 0 522983518 233680896 20045 67087892480 94792767717376 94792770988077 140735033756448 0 0 0 0 16781312 2 1 0 0 17 93 0 0 93 0 0 94792773351440 94792773635480 94792793829376 140735033760513 140735033760583 140735033760583 140735033761767 0
/proc/16/statm: 57051 20045 5203 799 0 23758 0
[pid=21] ppid=16 vsize=318508 memory=280140 CPUtime=1460.01 cores=92-105,204-217
/proc/21/stat : 21 (NuSMVa_linux64) R 16 16 0 0 -1 4194304 234702 0 73 0 145945 56 0 0 20 0 1 0 522991127 326152192 70035 67087892480 4194304 7931321 140737201210768 0 0 0 0 0 512 0 0 0 17 105 0 0 5 0 0 10030016 10037704 12201984 140737201211944 140737201212082 140737201212082 140737201213350 0
/proc/21/statm: 79627 70035 1733 913 0 68429 0
Current children cumulated CPU time: 1534.38 s
Current children cumulated vsize: 546712 KiB
Current children cumulated memory: 360320 KiB

[startup+1602.3 s]
/proc/loadavg: 54.01 54.05 54.17 56/2996 21
/proc/meminfo: memFree=479655376/527542224 swapFree=30769424/33554428
[pid=16] ppid=13 vsize=228204 memory=80180 CPUtime=74.37 cores=92-105,204-217
/proc/16/stat : 16 (python3) S 13 16 0 0 -1 4194304 14911 95323 298 4 70 16 7330 21 20 0 1 0 522983518 233680896 20045 67087892480 94792767717376 94792770988077 140735033756448 0 0 0 0 16781312 2 1 0 0 17 93 0 0 93 0 0 94792773351440 94792773635480 94792793829376 140735033760513 140735033760583 140735033760583 140735033761767 0
/proc/16/statm: 57051 20045 5203 799 0 23758 0
[pid=21] ppid=16 vsize=318508 memory=280140 CPUtime=1519.77 cores=92-105,204-217
/proc/21/stat : 21 (NuSMVa_linux64) R 16 16 0 0 -1 4194304 235099 0 73 0 151920 57 0 0 20 0 1 0 522991127 326152192 70035 67087892480 4194304 7931321 140737201210768 0 0 0 0 0 512 0 0 0 17 105 0 0 5 0 0 10030016 10037704 12201984 140737201211944 140737201212082 140737201212082 140737201213350 0
/proc/21/statm: 79627 70035 1733 913 0 68429 0
Current children cumulated CPU time: 1594.14 s
Current children cumulated vsize: 546712 KiB
Current children cumulated memory: 360320 KiB

[startup+1662.3 s]
/proc/loadavg: 54.00 54.04 54.16 55/2998 21
/proc/meminfo: memFree=479676892/527542224 swapFree=30769424/33554428
[pid=16] ppid=13 vsize=228204 memory=80180 CPUtime=74.37 cores=92-105,204-217
/proc/16/stat : 16 (python3) S 13 16 0 0 -1 4194304 14911 95323 298 4 70 16 7330 21 20 0 1 0 522983518 233680896 20045 67087892480 94792767717376 94792770988077 140735033756448 0 0 0 0 16781312 2 1 0 0 17 93 0 0 93 0 0 94792773351440 94792773635480 94792793829376 140735033760513 140735033760583 140735033760583 140735033761767 0
/proc/16/statm: 57051 20045 5203 799 0 23758 0
[pid=21] ppid=16 vsize=318508 memory=280140 CPUtime=1579.53 cores=92-105,204-217
/proc/21/stat : 21 (NuSMVa_linux64) R 16 16 0 0 -1 4194304 235221 0 73 0 157896 57 0 0 20 0 1 0 522991127 326152192 70035 67087892480 4194304 7931321 140737201210768 0 0 0 0 0 512 0 0 0 17 105 0 0 5 0 0 10030016 10037704 12201984 140737201211944 140737201212082 140737201212082 140737201213350 0
/proc/21/statm: 79627 70035 1733 913 0 68429 0
Current children cumulated CPU time: 1653.9 s
Current children cumulated vsize: 546712 KiB
Current children cumulated memory: 360320 KiB

[startup+1722.3 s]
/proc/loadavg: 54.00 54.03 54.15 55/2994 21
/proc/meminfo: memFree=479675780/527542224 swapFree=30769424/33554428
[pid=16] ppid=13 vsize=228204 memory=80180 CPUtime=74.37 cores=92-105,204-217
/proc/16/stat : 16 (python3) S 13 16 0 0 -1 4194304 14911 95323 298 4 70 16 7330 21 20 0 1 0 522983518 233680896 20045 67087892480 94792767717376 94792770988077 140735033756448 0 0 0 0 16781312 2 1 0 0 17 93 0 0 93 0 0 94792773351440 94792773635480 94792793829376 140735033760513 140735033760583 140735033760583 140735033761767 0
/proc/16/statm: 57051 20045 5203 799 0 23758 0
[pid=21] ppid=16 vsize=318508 memory=280140 CPUtime=1639.28 cores=92-105,204-217
/proc/21/stat : 21 (NuSMVa_linux64) R 16 16 0 0 -1 4194304 235343 0 73 0 163871 57 0 0 20 0 1 0 522991127 326152192 70035 67087892480 4194304 7931321 140737201210768 0 0 0 0 0 512 0 0 0 17 105 0 0 5 0 0 10030016 10037704 12201984 140737201211944 140737201212082 140737201212082 140737201213350 0
/proc/21/statm: 79627 70035 1733 913 0 68429 0
Current children cumulated CPU time: 1713.65 s
Current children cumulated vsize: 546712 KiB
Current children cumulated memory: 360320 KiB

[startup+1782.3 s]
/proc/loadavg: 54.04 54.04 54.14 55/2991 21
/proc/meminfo: memFree=479668036/527542224 swapFree=30769424/33554428
[pid=16] ppid=13 vsize=228204 memory=80180 CPUtime=74.37 cores=92-105,204-217
/proc/16/stat : 16 (python3) S 13 16 0 0 -1 4194304 14911 95323 298 4 70 16 7330 21 20 0 1 0 522983518 233680896 20045 67087892480 94792767717376 94792770988077 140735033756448 0 0 0 0 16781312 2 1 0 0 17 93 0 0 93 0 0 94792773351440 94792773635480 94792793829376 140735033760513 140735033760583 140735033760583 140735033761767 0
/proc/16/statm: 57051 20045 5203 799 0 23758 0
[pid=21] ppid=16 vsize=318508 memory=280140 CPUtime=1699.03 cores=92-105,204-217
/proc/21/stat : 21 (NuSMVa_linux64) R 16 16 0 0 -1 4194304 235465 0 73 0 169846 57 0 0 20 0 1 0 522991127 326152192 70035 67087892480 4194304 7931321 140737201210768 0 0 0 0 0 512 0 0 0 17 105 0 0 5 0 0 10030016 10037704 12201984 140737201211944 140737201212082 140737201212082 140737201213350 0
/proc/21/statm: 79627 70035 1733 913 0 68429 0
Current children cumulated CPU time: 1773.4 s
Current children cumulated vsize: 546712 KiB
Current children cumulated memory: 360320 KiB



Maximum wall clock time exceeded: sending SIGTERM then SIGKILL

[startup+1800 s]*
/proc/loadavg: 54.03 54.03 54.14 55/2991 21
/proc/meminfo: memFree=479674864/527542224 swapFree=30769424/33554428
[pid=16] ppid=13 vsize=228204 memory=80180 CPUtime=74.37 cores=92-105,204-217
/proc/16/stat : 16 (python3) S 13 16 0 0 -1 4194304 14911 95323 298 4 70 16 7330 21 20 0 1 0 522983518 233680896 20045 67087892480 94792767717376 94792770988077 140735033756448 0 0 0 0 16781312 2 1 0 0 17 93 0 0 93 0 0 94792773351440 94792773635480 94792793829376 140735033760513 140735033760583 140735033760583 140735033761767 0
/proc/16/statm: 57051 20045 5203 799 0 23758 0
[pid=21] ppid=16 vsize=318508 memory=280140 CPUtime=1716.66 cores=92-105,204-217
/proc/21/stat : 21 (NuSMVa_linux64) R 16 16 0 0 -1 4194304 235469 0 73 0 171609 57 0 0 20 0 1 0 522991127 326152192 70035 67087892480 4194304 7931321 140737201210768 0 0 0 0 0 512 0 0 0 17 105 0 0 5 0 0 10030016 10037704 12201984 140737201211944 140737201212082 140737201212082 140737201213350 0
/proc/21/statm: 79627 70035 1733 913 0 68429 0
Current children cumulated CPU time: 1791.03 s
Current children cumulated vsize: 546712 KiB
Current children cumulated memory: 360320 KiB

Sending SIGTERM to process tree (bottom up)
Sleeping 2 seconds

[startup+1800.01 s]
# the end of solver process 16 was just reported to runsolver
# cumulated CPU time of all completed processes:  user=1790.11 s, system=0.955235 s

Solver just ended.
??? end of watcher thread
Dumping a history of the last processes samples

Child ended because it received signal 15 (SIGTERM)
Real time (s): 1800.01
CPU time (s): 1791.07
CPU user time (s): 1790.11
CPU system time (s): 0.955235
CPU usage (%): 99.5033
Max. virtual memory (cumulated for all children) (KiB): 620964
Max. memory (cumulated for all children) (KiB): 398376

getrusage(RUSAGE_CHILDREN,...) data:
user time used= 1790.11
system time used= 0.955235
maximum resident set size= 327536
integral shared memory size= 0
integral unshared data size= 0
integral unshared stack size= 0
page reclaims= 345703
page faults= 376
swaps= 0
block input operations= 104584
block output operations= 8
messages sent= 0
messages received= 0
signals received= 0
voluntary context switches= 10401
involuntary context switches= 2059


# summary of solver processes directly reported to runsolver:
#   pid: 16
#   total CPU time (s): 1791.07
#   total CPU user time (s): 1790.11
#   total CPU system time (s): 0.955235

??? join timestamper begins
??? join timestamper ends
??? end of timestamper thread
runsolver used 1.25077 second user time and 4.25427 second system time

The end
