runsolver version 3.4.1 (svn: 3018) Copyright (C) 2010-2013 Olivier ROUSSEL

This program is distributed in the hope that it will be useful,
but WITHOUT ANY WARRANTY; without even the implied warranty of
MERCHANTABILITY or FITNESS FOR A PARTICULAR PURPOSE.  See the
GNU General Public License for more details.

NUMA information:
  number of nodes: 8
  memory of node 0: 63700 MiB (58064 MiB free)
  memory of node 1: 64504 MiB (62279 MiB free)
  memory of node 2: 64504 MiB (61997 MiB free)
  memory of node 3: 64504 MiB (62357 MiB free)
  memory of node 4: 64461 MiB (57275 MiB free)
  memory of node 5: 64504 MiB (62578 MiB free)
  memory of node 6: 64504 MiB (62052 MiB free)
  memory of node 7: 64491 MiB (51264 MiB free)
  node distances:
     10  12  12  12  21  21  21  21
     12  10  12  12  21  21  21  21
     12  12  10  12  21  21  21  21
     12  12  12  10  21  21  21  21
     21  21  21  21  10  12  12  12
     21  21  21  21  12  10  12  12
     21  21  21  21  12  12  10  12
     21  21  21  21  12  12  12  10

command line: /usr/local/bin/runsolver --timestamp -w /output/runsolver-watch.log -v /output/runsolver-values.log -o /output/solver-output.log -C 1800.0 -W 1800.0 -R 64000 /opt/solver/run_bn4rust.py --mode cyber-complement-gfp --instance /input/model_049.bnet 

running on 28 cores: 12-25,124-137

Enforcing CPUTime limit (soft limit, will send SIGTERM then SIGKILL): 1800 seconds
Enforcing CPUTime limit (hard limit, will send SIGXCPU): 1830 seconds
Enforcing wall clock limit (soft limit, will send SIGTERM then SIGKILL): 1800 seconds
Enforcing RSS+Swap limit (soft limit, will send SIGTERM then SIGKILL): 65536000 KiB
Linux 4.18.0-553.159.1.el8_10.x86_64
Current StackSize limit: 18014398509481983 KiB

solver pid=16, runsolver pid=13

[startup+0.100116 s]*
/proc/loadavg: 22.74 32.14 23.17 6/2793 17
/proc/meminfo: memFree=488938884/527542308 swapFree=33554428/33554428
[pid=16] ppid=13 vsize=15748 memory=9984 CPUtime=0.01 cores=12-25,124-137
/proc/16/stat : 16 (python3) D 13 16 0 0 -1 4194304 1372 0 81 0 1 0 0 0 20 0 1 0 53359385 16125952 2496 67087892480 4194304 7154137 140729009870640 0 0 0 0 16781312 2 0 0 0 17 13 0 0 6 0 0 9727432 11029816 36429824 140729009875789 140729009875885 140729009875885 140729009876967 0
/proc/16/statm: 3937 2496 1395 723 0 1673 0
Current children cumulated CPU time: 0.01 s
Current children cumulated vsize: 15748 KiB
Current children cumulated memory: 9984 KiB

[startup+0.200603 s]*
/proc/loadavg: 22.74 32.14 23.17 6/2794 18
/proc/meminfo: memFree=488553728/527542308 swapFree=33554428/33554428
[pid=16] ppid=13 vsize=17684 memory=12420 CPUtime=0.04 cores=12-25,124-137
/proc/16/stat : 16 (python3) S 13 16 0 0 -1 4194304 1894 0 96 0 3 1 0 0 20 0 1 0 53359385 18108416 3105 67087892480 4194304 7154137 140729009870640 0 0 0 0 16781312 2 1 0 0 17 13 0 0 8 0 0 9727432 11029816 36429824 140729009875789 140729009875885 140729009875885 140729009876967 0
/proc/16/statm: 4421 3105 1511 723 0 2063 0
[pid=18] ppid=16 vsize=8052 memory=4972 CPUtime=0.03 cores=12-25,124-137
/proc/18/stat : 18 (bn4rust) R 16 16 0 0 -1 4194304 271 0 17 0 3 0 0 0 20 0 1 0 53359399 8245248 1243 67087892480 94721191636992 94721193504113 140726147350832 0 0 0 0 4096 1088 0 0 0 17 124 0 0 1 0 0 94721193762176 94721193809112 94721199419392 140726147353360 140726147353494 140726147353494 140726147354593 0
/proc/18/statm: 2013 1243 1102 456 0 174 0
Current children cumulated CPU time: 0.07 s
Current children cumulated vsize: 25736 KiB
Current children cumulated memory: 17392 KiB

[startup+0.300508 s]*
/proc/loadavg: 22.74 32.14 23.17 6/2794 18
/proc/meminfo: memFree=488169996/527542308 swapFree=33554428/33554428
[pid=16] ppid=13 vsize=17684 memory=12420 CPUtime=0.04 cores=12-25,124-137
/proc/16/stat : 16 (python3) S 13 16 0 0 -1 4194304 1894 0 96 0 3 1 0 0 20 0 1 0 53359385 18108416 3105 67087892480 4194304 7154137 140729009870640 0 0 0 0 16781312 2 1 0 0 17 13 0 0 8 0 0 9727432 11029816 36429824 140729009875789 140729009875885 140729009875885 140729009876967 0
/proc/16/statm: 4421 3105 1511 723 0 2063 0
[pid=18] ppid=16 vsize=8084 memory=4972 CPUtime=0.13 cores=12-25,124-137
/proc/18/stat : 18 (bn4rust) R 16 16 0 0 -1 4194304 285 0 17 0 13 0 0 0 20 0 1 0 53359399 8278016 1243 67087892480 94721191636992 94721193504113 140726147350832 0 0 0 0 4096 1088 0 0 0 17 124 0 0 1 0 0 94721193762176 94721193809112 94721199419392 140726147353360 140726147353494 140726147353494 140726147354593 0
/proc/18/statm: 2021 1243 1102 456 0 182 0
Current children cumulated CPU time: 0.17 s
Current children cumulated vsize: 25768 KiB
Current children cumulated memory: 17392 KiB

[startup+0.340845 s]
# the end of solver process 16 was just reported to runsolver
# cumulated CPU time of all completed processes:  user=0.208915 s, system=0.015783 s

Solver just ended.
??? end of watcher thread
Dumping a history of the last processes samples

[startup+0.300508 s]*
/proc/loadavg: 22.74 32.14 23.17 6/2794 18
/proc/meminfo: memFree=488169996/527542308 swapFree=33554428/33554428
[pid=16] ppid=13 vsize=17684 memory=12420 CPUtime=0.04 cores=12-25,124-137
/proc/16/stat : 16 (python3) S 13 16 0 0 -1 4194304 1894 0 96 0 3 1 0 0 20 0 1 0 53359385 18108416 3105 67087892480 4194304 7154137 140729009870640 0 0 0 0 16781312 2 1 0 0 17 13 0 0 8 0 0 9727432 11029816 36429824 140729009875789 140729009875885 140729009875885 140729009876967 0
/proc/16/statm: 4421 3105 1511 723 0 2063 0
[pid=18] ppid=16 vsize=8084 memory=4972 CPUtime=0.13 cores=12-25,124-137
/proc/18/stat : 18 (bn4rust) R 16 16 0 0 -1 4194304 285 0 17 0 13 0 0 0 20 0 1 0 53359399 8278016 1243 67087892480 94721191636992 94721193504113 140726147350832 0 0 0 0 4096 1088 0 0 0 17 124 0 0 1 0 0 94721193762176 94721193809112 94721199419392 140726147353360 140726147353494 140726147353494 140726147354593 0
/proc/18/statm: 2021 1243 1102 456 0 182 0
Current children cumulated CPU time: 0.17 s
Current children cumulated vsize: 25768 KiB
Current children cumulated memory: 17392 KiB

Child status: 0
Real time (s): 0.340857
CPU time (s): 0.224698
CPU user time (s): 0.208915
CPU system time (s): 0.015783
CPU usage (%): 65.9215
Max. virtual memory (cumulated for all children) (KiB): 25768
Max. memory (cumulated for all children) (KiB): 17392

getrusage(RUSAGE_CHILDREN,...) data:
user time used= 0.208915
system time used= 0.015783
maximum resident set size= 12644
integral shared memory size= 0
integral unshared data size= 0
integral unshared stack size= 0
page reclaims= 2201
page faults= 115
swaps= 0
block input operations= 19800
block output operations= 0
messages sent= 0
messages received= 0
signals received= 0
voluntary context switches= 1020
involuntary context switches= 0


# summary of solver processes directly reported to runsolver:
#   pid: 16
#   total CPU time (s): 0.224698
#   total CPU user time (s): 0.208915
#   total CPU system time (s): 0.015783

??? join timestamper begins
??? join timestamper ends
??? end of timestamper thread
runsolver used 0.001588 second user time and 0.005835 second system time

The end
