# WCTIME: wall clock time in seconds
WCTIME=0.180732
# CPUTIME: CPU time in seconds (USERTIME+SYSTEMTIME)
CPUTIME=0.069077
# USERTIME: CPU time spent in user mode in seconds
USERTIME=0.05296
# SYSTEMTIME: CPU time spent in system mode in seconds
SYSTEMTIME=0.016117
# CPUUSAGE: CPUTIME/WCTIME in percent
CPUUSAGE=38.2207
# MAXVM: maximum virtual memory used in KiB
MAXVM=15800
# MAXMM: maximum memory used in KiB
MAXMM=10048
# MAXRSS: maximum Resident Segment Size in KiB
MAXRSS=12552
# TIMEOUT: did the solver exceed the time limit?
TIMEOUT=false
# MEMOUT: did the solver exceed the memory limit?
MEMOUT=false
# EXITSTATUS: Exit status of the solver
EXITSTATUS=0
