runsolver version 3.4.1 (svn: 3018) Copyright (C) 2010-2013 Olivier ROUSSEL

This program is distributed in the hope that it will be useful,
but WITHOUT ANY WARRANTY; without even the implied warranty of
MERCHANTABILITY or FITNESS FOR A PARTICULAR PURPOSE.  See the
GNU General Public License for more details.

NUMA information:
  number of nodes: 8
  memory of node 0: 63700 MiB (61713 MiB free)
  memory of node 1: 64504 MiB (63752 MiB free)
  memory of node 2: 64504 MiB (63820 MiB free)
  memory of node 3: 64504 MiB (63937 MiB free)
  memory of node 4: 64461 MiB (60535 MiB free)
  memory of node 5: 64504 MiB (62756 MiB free)
  memory of node 6: 64504 MiB (63021 MiB free)
  memory of node 7: 64491 MiB (62816 MiB free)
  node distances:
     10  12  12  12  21  21  21  21
     12  10  12  12  21  21  21  21
     12  12  10  12  21  21  21  21
     12  12  12  10  21  21  21  21
     21  21  21  21  10  12  12  12
     21  21  21  21  12  10  12  12
     21  21  21  21  12  12  10  12
     21  21  21  21  12  12  12  10

command line: /usr/local/bin/runsolver --timestamp -w /output/runsolver-watch.log -v /output/runsolver-values.log -o /output/solver-output.log -C 1800.0 -W 1800.0 -R 64000 /opt/solver/run_bn4rust.py --mode cyber-forward-baseline --instance /input/model_221.bnet 

running on 16 cores: 0-13,124-125

Enforcing CPUTime limit (soft limit, will send SIGTERM then SIGKILL): 1800 seconds
Enforcing CPUTime limit (hard limit, will send SIGXCPU): 1830 seconds
Enforcing wall clock limit (soft limit, will send SIGTERM then SIGKILL): 1800 seconds
Enforcing RSS+Swap limit (soft limit, will send SIGTERM then SIGKILL): 65536000 KiB
Linux 4.18.0-553.159.1.el8_10.x86_64
Current StackSize limit: 18014398509481983 KiB

solver pid=16, runsolver pid=13

[startup+0.100069 s]*
/proc/loadavg: 23.94 26.34 26.59 14/2891 17
/proc/meminfo: memFree=514347800/527542212 swapFree=33553404/33554428
[pid=16] ppid=13 vsize=15800 memory=10160 CPUtime=0.02 cores=0-13,112-125
/proc/16/stat : 16 (python3) D 13 16 0 0 -1 4194304 1395 0 84 0 2 0 0 0 20 0 1 0 53231829 16179200 2540 67087892480 4194304 7154137 140732832052512 0 0 0 0 16781312 2 0 0 0 17 2 0 0 6 0 0 9727432 11029816 14086144 140732832058187 140732832058285 140732832058285 140732832059367 0
/proc/16/statm: 3950 2540 1406 723 0 1674 0
Current children cumulated CPU time: 0.02 s
Current children cumulated vsize: 15800 KiB
Current children cumulated memory: 10160 KiB

[startup+0.200533 s]*
/proc/loadavg: 23.94 26.34 26.59 14/2895 18
/proc/meminfo: memFree=514306892/527542212 swapFree=33553404/33554428
[pid=16] ppid=13 vsize=17684 memory=12540 CPUtime=0.03 cores=0-13,112-125
/proc/16/stat : 16 (python3) S 13 16 0 0 -1 4194304 1885 0 96 0 3 0 0 0 20 0 1 0 53231829 18108416 3135 67087892480 4194304 7154137 140732832052512 0 0 0 0 16781312 2 1 0 0 17 2 0 0 8 0 0 9727432 11029816 14086144 140732832058187 140732832058285 140732832058285 140732832059367 0
/proc/16/statm: 4421 3135 1525 723 0 2063 0
[pid=18] ppid=16 vsize=11552 memory=7984 CPUtime=0.04 cores=0-13,112-125
/proc/18/stat : 18 (bn4rust) R 16 16 0 0 -1 4194304 2262 0 18 0 4 0 0 0 20 0 1 0 53231842 11829248 1996 67087892480 94159478063104 94159479930225 140720332371184 0 0 0 0 4096 1088 0 0 0 17 4 0 0 1 0 0 94159480188288 94159480235224 94159509946368 140720332372750 140720332372886 140720332372886 140720332373985 0
/proc/18/statm: 2888 1996 1051 456 0 1049 0
Current children cumulated CPU time: 0.07 s
Current children cumulated vsize: 29236 KiB
Current children cumulated memory: 20524 KiB

[startup+0.300475 s]*
/proc/loadavg: 23.94 26.34 26.59 12/2892 18
/proc/meminfo: memFree=514274336/527542212 swapFree=33553404/33554428
[pid=16] ppid=13 vsize=17684 memory=12540 CPUtime=0.03 cores=0-13,112-125
/proc/16/stat : 16 (python3) S 13 16 0 0 -1 4194304 1885 0 96 0 3 0 0 0 20 0 1 0 53231829 18108416 3135 67087892480 4194304 7154137 140732832052512 0 0 0 0 16781312 2 1 0 0 17 2 0 0 8 0 0 9727432 11029816 14086144 140732832058187 140732832058285 140732832058285 140732832059367 0
/proc/16/statm: 4421 3135 1525 723 0 2063 0
[pid=18] ppid=16 vsize=20792 memory=17264 CPUtime=0.14 cores=0-13,112-125
/proc/18/stat : 18 (bn4rust) R 16 16 0 0 -1 4194304 5951 0 18 0 13 1 0 0 20 0 1 0 53231842 21291008 4316 67087892480 94159478063104 94159479930225 140720332371184 0 0 0 0 4096 1088 0 0 0 17 4 0 0 1 0 0 94159480188288 94159480235224 94159509946368 140720332372750 140720332372886 140720332372886 140720332373985 0
/proc/18/statm: 5198 4316 1051 456 0 3359 0
Current children cumulated CPU time: 0.17 s
Current children cumulated vsize: 38476 KiB
Current children cumulated memory: 29804 KiB

[startup+0.700255 s]
/proc/loadavg: 23.94 26.34 26.59 12/2860 18
/proc/meminfo: memFree=514278064/527542212 swapFree=33553404/33554428
[pid=16] ppid=13 vsize=17684 memory=12540 CPUtime=0.03 cores=0-13,112-125
/proc/16/stat : 16 (python3) S 13 16 0 0 -1 4194304 1885 0 96 0 3 0 0 0 20 0 1 0 53231829 18108416 3135 67087892480 4194304 7154137 140732832052512 0 0 0 0 16781312 2 1 0 0 17 2 0 0 8 0 0 9727432 11029816 14086144 140732832058187 140732832058285 140732832058285 140732832059367 0
/proc/16/statm: 4421 3135 1525 723 0 2063 0
[pid=18] ppid=16 vsize=74708 memory=56144 CPUtime=0.54 cores=0-13,112-125
/proc/18/stat : 18 (bn4rust) R 16 16 0 0 -1 4194304 13269 0 18 0 51 3 0 0 20 0 1 0 53231842 76500992 14036 67087892480 94159478063104 94159479930225 140720332371184 0 0 0 0 4096 1088 0 0 0 17 4 0 0 1 0 0 94159480188288 94159480235224 94159509946368 140720332372750 140720332372886 140720332372886 140720332373985 0
/proc/18/statm: 18677 14036 1051 456 0 16838 0
Current children cumulated CPU time: 0.57 s
Current children cumulated vsize: 92392 KiB
Current children cumulated memory: 68684 KiB

[startup+1.50031 s]
/proc/loadavg: 23.94 26.34 26.59 13/2873 18
/proc/meminfo: memFree=514130592/527542212 swapFree=33553404/33554428
[pid=16] ppid=13 vsize=17684 memory=12540 CPUtime=0.03 cores=0-13,112-125
/proc/16/stat : 16 (python3) S 13 16 0 0 -1 4194304 1885 0 96 0 3 0 0 0 20 0 1 0 53231829 18108416 3135 67087892480 4194304 7154137 140732832052512 0 0 0 0 16781312 2 1 0 0 17 2 0 0 8 0 0 9727432 11029816 14086144 140732832058187 140732832058285 140732832058285 140732832059367 0
/proc/16/statm: 4421 3135 1525 723 0 2063 0
[pid=18] ppid=16 vsize=133072 memory=126956 CPUtime=1.33 cores=0-13,112-125
/proc/18/stat : 18 (bn4rust) R 16 16 0 0 -1 4194304 17493 0 18 0 128 5 0 0 20 0 1 0 53231842 136265728 31739 67087892480 94159478063104 94159479930225 140720332371184 0 0 0 0 4096 1088 0 0 0 17 4 0 0 1 0 0 94159480188288 94159480235224 94159509946368 140720332372750 140720332372886 140720332372886 140720332373985 0
/proc/18/statm: 33268 31739 1051 456 0 31429 0
Current children cumulated CPU time: 1.36 s
Current children cumulated vsize: 150756 KiB
Current children cumulated memory: 139496 KiB

[startup+3.10048 s]
/proc/loadavg: 23.94 26.34 26.59 12/2874 18
/proc/meminfo: memFree=513961380/527542212 swapFree=33553404/33554428
[pid=16] ppid=13 vsize=17684 memory=12540 CPUtime=0.03 cores=0-13,112-125
/proc/16/stat : 16 (python3) S 13 16 0 0 -1 4194304 1885 0 96 0 3 0 0 0 20 0 1 0 53231829 18108416 3135 67087892480 4194304 7154137 140732832052512 0 0 0 0 16781312 2 1 0 0 17 2 0 0 8 0 0 9727432 11029816 14086144 140732832058187 140732832058285 140732832058285 140732832059367 0
/proc/16/statm: 4421 3135 1525 723 0 2063 0
[pid=18] ppid=16 vsize=283068 memory=207124 CPUtime=2.93 cores=0-13,112-125
/proc/18/stat : 18 (bn4rust) R 16 16 0 0 -1 4194304 24542 0 18 0 283 10 0 0 20 0 1 0 53231842 289861632 51781 67087892480 94159478063104 94159479930225 140720332371184 0 0 0 0 4096 1088 0 0 0 17 4 0 0 1 0 0 94159480188288 94159480235224 94159509946368 140720332372750 140720332372886 140720332372886 140720332373985 0
/proc/18/statm: 70767 51781 1051 456 0 68928 0
Current children cumulated CPU time: 2.96 s
Current children cumulated vsize: 300752 KiB
Current children cumulated memory: 219664 KiB

[startup+6.30035 s]
/proc/loadavg: 22.82 26.07 26.50 13/2876 18
/proc/meminfo: memFree=514008448/527542212 swapFree=33553404/33554428
[pid=16] ppid=13 vsize=17684 memory=12540 CPUtime=0.03 cores=0-13,112-125
/proc/16/stat : 16 (python3) S 13 16 0 0 -1 4194304 1885 0 96 0 3 0 0 0 20 0 1 0 53231829 18108416 3135 67087892480 4194304 7154137 140732832052512 0 0 0 0 16781312 2 1 0 0 17 2 0 0 8 0 0 9727432 11029816 14086144 140732832058187 140732832058285 140732832058285 140732832059367 0
/proc/16/statm: 4421 3135 1525 723 0 2063 0
[pid=18] ppid=16 vsize=424736 memory=347320 CPUtime=6.12 cores=0-13,112-125
/proc/18/stat : 18 (bn4rust) R 16 16 0 0 -1 4194304 36693 0 18 0 588 24 0 0 20 0 1 0 53231842 434929664 86830 67087892480 94159478063104 94159479930225 140720332371184 0 0 0 0 4096 1088 0 0 0 17 4 0 0 1 0 0 94159480188288 94159480235224 94159509946368 140720332372750 140720332372886 140720332372886 140720332373985 0
/proc/18/statm: 106184 86830 1051 456 0 104345 0
Current children cumulated CPU time: 6.15 s
Current children cumulated vsize: 442420 KiB
Current children cumulated memory: 359860 KiB

[startup+12.7003 s]
/proc/loadavg: 21.79 25.80 26.41 12/2876 18
/proc/meminfo: memFree=513074552/527542212 swapFree=33553404/33554428
[pid=16] ppid=13 vsize=17684 memory=12540 CPUtime=0.03 cores=0-13,112-125
/proc/16/stat : 16 (python3) S 13 16 0 0 -1 4194304 1885 0 96 0 3 0 0 0 20 0 1 0 53231829 18108416 3135 67087892480 4194304 7154137 140732832052512 0 0 0 0 16781312 2 1 0 0 17 2 0 0 8 0 0 9727432 11029816 14086144 140732832058187 140732832058285 140732832058285 140732832059367 0
/proc/16/statm: 4421 3135 1525 723 0 2063 0
[pid=18] ppid=16 vsize=791780 memory=689868 CPUtime=12.5 cores=0-13,112-125
/proc/18/stat : 18 (bn4rust) R 16 16 0 0 -1 4194304 48223 0 18 0 1206 44 0 0 20 0 1 0 53231842 810782720 172467 67087892480 94159478063104 94159479930225 140720332371184 0 0 0 0 4096 1088 0 0 0 17 4 0 0 1 0 0 94159480188288 94159480235224 94159509946368 140720332372750 140720332372886 140720332372886 140720332373985 0
/proc/18/statm: 197945 172467 1051 456 0 196106 0
Current children cumulated CPU time: 12.53 s
Current children cumulated vsize: 809464 KiB
Current children cumulated memory: 702408 KiB

[startup+25.5003 s]
/proc/loadavg: 19.33 25.06 26.16 13/2902 18
/proc/meminfo: memFree=512775624/527542212 swapFree=33553404/33554428
[pid=16] ppid=13 vsize=17684 memory=12540 CPUtime=0.03 cores=0-13,112-125
/proc/16/stat : 16 (python3) S 13 16 0 0 -1 4194304 1885 0 96 0 3 0 0 0 20 0 1 0 53231829 18108416 3135 67087892480 4194304 7154137 140732832052512 0 0 0 0 16781312 2 1 0 0 17 2 0 0 8 0 0 9727432 11029816 14086144 140732832058187 140732832058285 140732832058285 140732832059367 0
/proc/16/statm: 4421 3135 1525 723 0 2063 0
[pid=18] ppid=16 vsize=1020176 memory=781296 CPUtime=25.26 cores=0-13,112-125
/proc/18/stat : 18 (bn4rust) R 16 16 0 0 -1 4194304 60145 0 18 0 2456 70 0 0 20 0 1 0 53231842 1044660224 195324 67087892480 94159478063104 94159479930225 140720332371184 0 0 0 0 4096 1088 0 0 0 17 4 0 0 1 0 0 94159480188288 94159480235224 94159509946368 140720332372750 140720332372886 140720332372886 140720332373985 0
/proc/18/statm: 255044 195324 1051 456 0 253205 0
Current children cumulated CPU time: 25.29 s
Current children cumulated vsize: 1037860 KiB
Current children cumulated memory: 793836 KiB

[startup+51.1005 s]
/proc/loadavg: 16.42 23.91 25.75 13/2901 18
/proc/meminfo: memFree=511723388/527542212 swapFree=33553404/33554428
[pid=16] ppid=13 vsize=17684 memory=12540 CPUtime=0.03 cores=0-13,112-125
/proc/16/stat : 16 (python3) S 13 16 0 0 -1 4194304 1885 0 96 0 3 0 0 0 20 0 1 0 53231829 18108416 3135 67087892480 4194304 7154137 140732832052512 0 0 0 0 16781312 2 1 0 0 17 2 0 0 8 0 0 9727432 11029816 14086144 140732832058187 140732832058285 140732832058285 140732832059367 0
/proc/16/statm: 4421 3135 1525 723 0 2063 0
[pid=18] ppid=16 vsize=2841452 memory=2389672 CPUtime=50.79 cores=0-13,112-125
/proc/18/stat : 18 (bn4rust) R 16 16 0 0 -1 4194304 76489 0 18 0 4940 139 0 0 20 0 1 0 53231842 2909646848 597418 67087892480 94159478063104 94159479930225 140720332371184 0 0 0 0 4096 1088 0 0 0 17 4 0 0 1 0 0 94159480188288 94159480235224 94159509946368 140720332372750 140720332372886 140720332372886 140720332373985 0
/proc/18/statm: 710363 597418 1051 456 0 708524 0
Current children cumulated CPU time: 50.82 s
Current children cumulated vsize: 2859136 KiB
Current children cumulated memory: 2402212 KiB

[startup+102.3 s]
/proc/loadavg: 13.35 21.92 24.97 13/2897 18
/proc/meminfo: memFree=511208644/527542212 swapFree=33553404/33554428
[pid=16] ppid=13 vsize=17684 memory=12540 CPUtime=0.03 cores=0-13,112-125
/proc/16/stat : 16 (python3) S 13 16 0 0 -1 4194304 1885 0 96 0 3 0 0 0 20 0 1 0 53231829 18108416 3135 67087892480 4194304 7154137 140732832052512 0 0 0 0 16781312 2 1 0 0 17 2 0 0 8 0 0 9727432 11029816 14086144 140732832058187 140732832058285 140732832058285 140732832059367 0
/proc/16/statm: 4421 3135 1525 723 0 2063 0
[pid=18] ppid=16 vsize=3465480 memory=2717336 CPUtime=101.84 cores=0-13,112-125
/proc/18/stat : 18 (bn4rust) R 16 16 0 0 -1 4194304 99512 0 18 0 9916 268 0 0 20 0 1 0 53231842 3548651520 679334 67087892480 94159478063104 94159479930225 140720332371184 0 0 0 0 4096 1088 0 0 0 17 4 0 0 1 0 0 94159480188288 94159480235224 94159509946368 140720332372750 140720332372886 140720332372886 140720332373985 0
/proc/18/statm: 866370 679334 1051 456 0 864531 0
Current children cumulated CPU time: 101.87 s
Current children cumulated vsize: 3483164 KiB
Current children cumulated memory: 2729876 KiB

[startup+162.3 s]
/proc/loadavg: 11.86 19.93 24.10 13/2899 18
/proc/meminfo: memFree=508564832/527542212 swapFree=33553404/33554428
[pid=16] ppid=13 vsize=17684 memory=12540 CPUtime=0.03 cores=0-13,112-125
/proc/16/stat : 16 (python3) S 13 16 0 0 -1 4194304 1885 0 96 0 3 0 0 0 20 0 1 0 53231829 18108416 3135 67087892480 4194304 7154137 140732832052512 0 0 0 0 16781312 2 1 0 0 17 2 0 0 8 0 0 9727432 11029816 14086144 140732832058187 140732832058285 140732832058285 140732832059367 0
/proc/16/statm: 4421 3135 1525 723 0 2063 0
[pid=18] ppid=16 vsize=5275044 memory=4703220 CPUtime=161.68 cores=0-13,112-125
/proc/18/stat : 18 (bn4rust) R 16 16 0 0 -1 4194304 120428 0 18 0 15735 433 0 0 20 0 1 0 53231842 5401645056 1175805 67087892480 94159478063104 94159479930225 140720332371184 0 0 0 0 4096 1088 0 0 0 17 4 0 0 1 0 0 94159480188288 94159480235224 94159509946368 140720332372750 140720332372886 140720332372886 140720332373985 0
/proc/18/statm: 1318761 1175805 1051 456 0 1316922 0
Current children cumulated CPU time: 161.71 s
Current children cumulated vsize: 5292728 KiB
Current children cumulated memory: 4715760 KiB

[startup+222.3 s]
/proc/loadavg: 11.96 18.47 23.33 14/2918 18
/proc/meminfo: memFree=506756320/527542212 swapFree=33553404/33554428
[pid=16] ppid=13 vsize=17684 memory=12540 CPUtime=0.03 cores=0-13,112-125
/proc/16/stat : 16 (python3) S 13 16 0 0 -1 4194304 1885 0 96 0 3 0 0 0 20 0 1 0 53231829 18108416 3135 67087892480 4194304 7154137 140732832052512 0 0 0 0 16781312 2 1 0 0 17 2 0 0 8 0 0 9727432 11029816 14086144 140732832058187 140732832058285 140732832058285 140732832059367 0
/proc/16/statm: 4421 3135 1525 723 0 2063 0
[pid=18] ppid=16 vsize=6874984 memory=5277296 CPUtime=221.45 cores=0-13,112-125
/proc/18/stat : 18 (bn4rust) R 16 16 0 0 -1 4194304 136279 0 18 0 21606 539 0 0 20 0 1 0 53231842 7039983616 1319324 67087892480 94159478063104 94159479930225 140720332371184 0 0 0 0 4096 1088 0 0 0 17 1 0 0 1 0 0 94159480188288 94159480235224 94159509946368 140720332372750 140720332372886 140720332372886 140720332373985 0
/proc/18/statm: 1718746 1319324 1051 456 0 1716907 0
Current children cumulated CPU time: 221.48 s
Current children cumulated vsize: 6892668 KiB
Current children cumulated memory: 5289836 KiB

[startup+282.3 s]
/proc/loadavg: 11.99 17.29 22.62 14/2919 18
/proc/meminfo: memFree=506090460/527542212 swapFree=33553404/33554428
[pid=16] ppid=13 vsize=17684 memory=12540 CPUtime=0.03 cores=0-13,112-125
/proc/16/stat : 16 (python3) S 13 16 0 0 -1 4194304 1885 0 96 0 3 0 0 0 20 0 1 0 53231829 18108416 3135 67087892480 4194304 7154137 140732832052512 0 0 0 0 16781312 2 1 0 0 17 2 0 0 8 0 0 9727432 11029816 14086144 140732832058187 140732832058285 140732832058285 140732832059367 0
/proc/16/statm: 4421 3135 1525 723 0 2063 0
[pid=18] ppid=16 vsize=6974716 memory=5547220 CPUtime=281.27 cores=0-13,112-125
/proc/18/stat : 18 (bn4rust) R 16 16 0 0 -1 4194304 151519 0 18 0 27485 642 0 0 20 0 1 0 53231842 7142109184 1386805 67087892480 94159478063104 94159479930225 140720332371184 0 0 0 0 4096 1088 0 0 0 17 8 0 0 1 0 0 94159480188288 94159480235224 94159509946368 140720332372750 140720332372886 140720332372886 140720332373985 0
/proc/18/statm: 1743679 1386805 1051 456 0 1741840 0
Current children cumulated CPU time: 281.3 s
Current children cumulated vsize: 6992400 KiB
Current children cumulated memory: 5559760 KiB

[startup+342.3 s]
/proc/loadavg: 11.60 16.23 21.92 13/2893 18
/proc/meminfo: memFree=507461248/527542212 swapFree=33553404/33554428
[pid=16] ppid=13 vsize=17684 memory=12540 CPUtime=0.03 cores=0-13,112-125
/proc/16/stat : 16 (python3) S 13 16 0 0 -1 4194304 1885 0 96 0 3 0 0 0 20 0 1 0 53231829 18108416 3135 67087892480 4194304 7154137 140732832052512 0 0 0 0 16781312 2 1 0 0 17 2 0 0 8 0 0 9727432 11029816 14086144 140732832058187 140732832058285 140732832058285 140732832059367 0
/proc/16/statm: 4421 3135 1525 723 0 2063 0
[pid=18] ppid=16 vsize=7109508 memory=5553800 CPUtime=341.1 cores=0-13,112-125
/proc/18/stat : 18 (bn4rust) R 16 16 0 0 -1 4194304 167433 0 18 0 33364 746 0 0 20 0 1 0 53231842 7280136192 1388450 67087892480 94159478063104 94159479930225 140720332371184 0 0 0 0 4096 1088 0 0 0 17 8 0 0 1 0 0 94159480188288 94159480235224 94159509946368 140720332372750 140720332372886 140720332372886 140720332373985 0
/proc/18/statm: 1777377 1388450 1051 456 0 1775538 0
Current children cumulated CPU time: 341.13 s
Current children cumulated vsize: 7127192 KiB
Current children cumulated memory: 5566340 KiB

[startup+402.3 s]
/proc/loadavg: 11.22 15.28 21.23 13/2893 18
/proc/meminfo: memFree=506568488/527542212 swapFree=33553404/33554428
[pid=16] ppid=13 vsize=17684 memory=12540 CPUtime=0.03 cores=0-13,112-125
/proc/16/stat : 16 (python3) S 13 16 0 0 -1 4194304 1885 0 96 0 3 0 0 0 20 0 1 0 53231829 18108416 3135 67087892480 4194304 7154137 140732832052512 0 0 0 0 16781312 2 1 0 0 17 2 0 0 8 0 0 9727432 11029816 14086144 140732832058187 140732832058285 140732832058285 140732832059367 0
/proc/16/statm: 4421 3135 1525 723 0 2063 0
[pid=18] ppid=16 vsize=7951408 memory=6344404 CPUtime=400.93 cores=0-13,112-125
/proc/18/stat : 18 (bn4rust) R 16 16 0 0 -1 4194304 179204 0 18 0 39249 844 0 0 20 0 1 0 53231842 8142241792 1586101 67087892480 94159478063104 94159479930225 140720332371184 0 0 0 0 4096 1088 0 0 0 17 8 0 0 1 0 0 94159480188288 94159480235224 94159509946368 140720332372750 140720332372886 140720332372886 140720332373985 0
/proc/18/statm: 1987852 1586101 1051 456 0 1986013 0
Current children cumulated CPU time: 400.96 s
Current children cumulated vsize: 7969092 KiB
Current children cumulated memory: 6356944 KiB

[startup+462.3 s]
/proc/loadavg: 11.15 14.51 20.60 13/2891 18
/proc/meminfo: memFree=503347380/527542212 swapFree=33553404/33554428
[pid=16] ppid=13 vsize=17684 memory=12540 CPUtime=0.03 cores=0-13,112-125
/proc/16/stat : 16 (python3) S 13 16 0 0 -1 4194304 1885 0 96 0 3 0 0 0 20 0 1 0 53231829 18108416 3135 67087892480 4194304 7154137 140732832052512 0 0 0 0 16781312 2 1 0 0 17 2 0 0 8 0 0 9727432 11029816 14086144 140732832058187 140732832058285 140732832058285 140732832059367 0
/proc/16/statm: 4421 3135 1525 723 0 2063 0
[pid=18] ppid=16 vsize=10673740 memory=9496712 CPUtime=460.75 cores=0-13,112-125
/proc/18/stat : 18 (bn4rust) R 16 16 0 0 -1 4194304 202021 0 18 0 44974 1101 0 0 20 0 1 0 53231842 10929909760 2374178 67087892480 94159478063104 94159479930225 140720332371184 0 0 0 0 4096 1088 0 0 0 17 8 0 0 1 0 0 94159480188288 94159480235224 94159509946368 140720332372750 140720332372886 140720332372886 140720332373985 0
/proc/18/statm: 2668435 2374178 1051 456 0 2666596 0
Current children cumulated CPU time: 460.78 s
Current children cumulated vsize: 10691424 KiB
Current children cumulated memory: 9509252 KiB

[startup+522.3 s]
/proc/loadavg: 11.81 14.03 20.05 16/2935 18
/proc/meminfo: memFree=498793216/527542212 swapFree=33553404/33554428
[pid=16] ppid=13 vsize=17684 memory=12540 CPUtime=0.03 cores=0-13,112-125
/proc/16/stat : 16 (python3) S 13 16 0 0 -1 4194304 1885 0 96 0 3 0 0 0 20 0 1 0 53231829 18108416 3135 67087892480 4194304 7154137 140732832052512 0 0 0 0 16781312 2 1 0 0 17 2 0 0 8 0 0 9727432 11029816 14086144 140732832058187 140732832058285 140732832058285 140732832059367 0
/proc/16/statm: 4421 3135 1525 723 0 2063 0
[pid=18] ppid=16 vsize=12918536 memory=10105300 CPUtime=520.58 cores=0-13,112-125
/proc/18/stat : 18 (bn4rust) R 16 16 0 0 -1 4194304 218543 0 18 0 50855 1203 0 0 20 0 1 0 53231842 13228580864 2526325 67087892480 94159478063104 94159479930225 140720332371184 0 0 0 0 4096 1088 0 0 0 17 8 0 0 1 0 0 94159480188288 94159480235224 94159509946368 140720332372750 140720332372886 140720332372886 140720332373985 0
/proc/18/statm: 3229634 2526325 1051 456 0 3227795 0
Current children cumulated CPU time: 520.61 s
Current children cumulated vsize: 12936220 KiB
Current children cumulated memory: 10117840 KiB

[startup+582.3 s]
/proc/loadavg: 13.02 14.08 19.69 22/3098 18
/proc/meminfo: memFree=495453976/527542212 swapFree=33553404/33554428
[pid=16] ppid=13 vsize=17684 memory=12540 CPUtime=0.03 cores=0-13,112-125
/proc/16/stat : 16 (python3) S 13 16 0 0 -1 4194304 1885 0 96 0 3 0 0 0 20 0 1 0 53231829 18108416 3135 67087892480 4194304 7154137 140732832052512 0 0 0 0 16781312 2 1 0 0 17 2 0 0 8 0 0 9727432 11029816 14086144 140732832058187 140732832058285 140732832058285 140732832059367 0
/proc/16/statm: 4421 3135 1525 723 0 2063 0
[pid=18] ppid=16 vsize=13777440 memory=10575092 CPUtime=580.4 cores=0-13,112-125
/proc/18/stat : 18 (bn4rust) R 16 16 0 0 -1 4194304 233446 0 18 0 56731 1309 0 0 20 0 1 0 53231842 14108098560 2643773 67087892480 94159478063104 94159479930225 140720332371184 0 0 0 0 4096 1088 0 0 0 17 8 0 0 1 0 0 94159480188288 94159480235224 94159509946368 140720332372750 140720332372886 140720332372886 140720332373985 0
/proc/18/statm: 3444360 2643773 1051 456 0 3442521 0
Current children cumulated CPU time: 580.43 s
Current children cumulated vsize: 13795124 KiB
Current children cumulated memory: 10587632 KiB

[startup+642.3 s]
/proc/loadavg: 21.50 16.29 20.10 23/3419 18
/proc/meminfo: memFree=485136208/527542212 swapFree=33553404/33554428
[pid=16] ppid=13 vsize=17684 memory=12540 CPUtime=0.03 cores=0-13,112-125
/proc/16/stat : 16 (python3) S 13 16 0 0 -1 4194304 1885 0 96 0 3 0 0 0 20 0 1 0 53231829 18108416 3135 67087892480 4194304 7154137 140732832052512 0 0 0 0 16781312 2 1 0 0 17 2 0 0 8 0 0 9727432 11029816 14086144 140732832058187 140732832058285 140732832058285 140732832059367 0
/proc/16/statm: 4421 3135 1525 723 0 2063 0
[pid=18] ppid=16 vsize=27671076 memory=18924904 CPUtime=640.18 cores=0-13,112-125
/proc/18/stat : 18 (bn4rust) R 16 16 0 0 -1 4194304 244675 0 18 0 62588 1430 0 0 20 0 1 0 53231842 28335181824 4731226 67087892480 94159478063104 94159479930225 140720332371184 0 0 0 0 4096 1088 0 0 0 17 8 0 0 1 0 0 94159480188288 94159480235224 94159509946368 140720332372750 140720332372886 140720332372886 140720332373985 0
/proc/18/statm: 6917769 4731226 1051 456 0 6915930 0
Current children cumulated CPU time: 640.21 s
Current children cumulated vsize: 27688760 KiB
Current children cumulated memory: 18937444 KiB

[startup+702.3 s]
/proc/loadavg: 22.36 17.54 20.29 23/3418 18
/proc/meminfo: memFree=483524492/527542212 swapFree=33553404/33554428
[pid=16] ppid=13 vsize=17684 memory=12540 CPUtime=0.03 cores=0-13,112-125
/proc/16/stat : 16 (python3) S 13 16 0 0 -1 4194304 1885 0 96 0 3 0 0 0 20 0 1 0 53231829 18108416 3135 67087892480 4194304 7154137 140732832052512 0 0 0 0 16781312 2 1 0 0 17 2 0 0 8 0 0 9727432 11029816 14086144 140732832058187 140732832058285 140732832058285 140732832059367 0
/proc/16/statm: 4421 3135 1525 723 0 2063 0
[pid=18] ppid=16 vsize=26136288 memory=20410440 CPUtime=699.97 cores=0-13,112-125
/proc/18/stat : 18 (bn4rust) R 16 16 0 0 -1 4194304 269173 0 18 0 68329 1668 0 0 20 0 1 0 53231842 26763558912 5102610 67087892480 94159478063104 94159479930225 140720332371184 0 0 0 0 4096 1088 0 0 0 17 8 0 0 1 0 0 94159480188288 94159480235224 94159509946368 140720332372750 140720332372886 140720332372886 140720332373985 0
/proc/18/statm: 6534072 5102610 1051 456 0 6532233 0
Current children cumulated CPU time: 700 s
Current children cumulated vsize: 26153972 KiB
Current children cumulated memory: 20422980 KiB

[startup+762.3 s]
/proc/loadavg: 15.74 16.57 19.79 13/2979 18
/proc/meminfo: memFree=484130328/527542212 swapFree=33553404/33554428
[pid=16] ppid=13 vsize=17684 memory=12540 CPUtime=0.03 cores=0-13,112-125
/proc/16/stat : 16 (python3) S 13 16 0 0 -1 4194304 1885 0 96 0 3 0 0 0 20 0 1 0 53231829 18108416 3135 67087892480 4194304 7154137 140732832052512 0 0 0 0 16781312 2 1 0 0 17 2 0 0 8 0 0 9727432 11029816 14086144 140732832058187 140732832058285 140732832058285 140732832059367 0
/proc/16/statm: 4421 3135 1525 723 0 2063 0
[pid=18] ppid=16 vsize=27709152 memory=22368332 CPUtime=759.79 cores=0-13,112-125
/proc/18/stat : 18 (bn4rust) R 16 16 0 0 -1 4194304 280181 0 18 0 74290 1689 0 0 20 0 1 0 53231842 28374171648 5592083 67087892480 94159478063104 94159479930225 140720332371184 0 0 0 0 4096 1088 0 0 0 17 8 0 0 1 0 0 94159480188288 94159480235224 94159509946368 140720332372750 140720332372886 140720332372886 140720332373985 0
/proc/18/statm: 6927288 5592083 1051 456 0 6925449 0
Current children cumulated CPU time: 759.82 s
Current children cumulated vsize: 27726836 KiB
Current children cumulated memory: 22380872 KiB

[startup+822.3 s]
/proc/loadavg: 12.74 15.55 19.23 13/2978 18
/proc/meminfo: memFree=484831892/527542212 swapFree=33553404/33554428
[pid=16] ppid=13 vsize=17684 memory=12540 CPUtime=0.03 cores=0-13,112-125
/proc/16/stat : 16 (python3) S 13 16 0 0 -1 4194304 1885 0 96 0 3 0 0 0 20 0 1 0 53231829 18108416 3135 67087892480 4194304 7154137 140732832052512 0 0 0 0 16781312 2 1 0 0 17 2 0 0 8 0 0 9727432 11029816 14086144 140732832058187 140732832058285 140732832058285 140732832059367 0
/proc/16/statm: 4421 3135 1525 723 0 2063 0
[pid=18] ppid=16 vsize=25579972 memory=20488172 CPUtime=819.62 cores=0-13,112-125
/proc/18/stat : 18 (bn4rust) R 16 16 0 0 -1 4194304 302090 0 18 0 80089 1873 0 0 20 0 1 0 53231842 26193891328 5122043 67087892480 94159478063104 94159479930225 140720332371184 0 0 0 0 4096 1088 0 0 0 17 8 0 0 1 0 0 94159480188288 94159480235224 94159509946368 140720332372750 140720332372886 140720332372886 140720332373985 0
/proc/18/statm: 6394993 5122043 1051 456 0 6393154 0
Current children cumulated CPU time: 819.65 s
Current children cumulated vsize: 25597656 KiB
Current children cumulated memory: 20500712 KiB

[startup+882.3 s]
/proc/loadavg: 11.64 14.72 18.72 13/2982 18
/proc/meminfo: memFree=484497152/527542212 swapFree=33553404/33554428
[pid=16] ppid=13 vsize=17684 memory=12540 CPUtime=0.03 cores=0-13,112-125
/proc/16/stat : 16 (python3) S 13 16 0 0 -1 4194304 1885 0 96 0 3 0 0 0 20 0 1 0 53231829 18108416 3135 67087892480 4194304 7154137 140732832052512 0 0 0 0 16781312 2 1 0 0 17 2 0 0 8 0 0 9727432 11029816 14086144 140732832058187 140732832058285 140732832058285 140732832059367 0
/proc/16/statm: 4421 3135 1525 723 0 2063 0
[pid=18] ppid=16 vsize=27939268 memory=22503412 CPUtime=879.45 cores=0-13,112-125
/proc/18/stat : 18 (bn4rust) R 16 16 0 0 -1 4194304 312570 0 18 0 86047 1898 0 0 20 0 1 0 53231842 28609810432 5625853 67087892480 94159478063104 94159479930225 140720332371184 0 0 0 0 4096 1088 0 0 0 17 8 0 0 1 0 0 94159480188288 94159480235224 94159509946368 140720332372750 140720332372886 140720332372886 140720332373985 0
/proc/18/statm: 6984817 5625853 1051 456 0 6982978 0
Current children cumulated CPU time: 879.48 s
Current children cumulated vsize: 27956952 KiB
Current children cumulated memory: 22515952 KiB

[startup+942.3 s]
/proc/loadavg: 11.23 14.04 18.23 13/2974 18
/proc/meminfo: memFree=486942732/527542212 swapFree=33553404/33554428
[pid=16] ppid=13 vsize=17684 memory=12540 CPUtime=0.03 cores=0-13,112-125
/proc/16/stat : 16 (python3) S 13 16 0 0 -1 4194304 1885 0 96 0 3 0 0 0 20 0 1 0 53231829 18108416 3135 67087892480 4194304 7154137 140732832052512 0 0 0 0 16781312 2 1 0 0 17 2 0 0 8 0 0 9727432 11029816 14086144 140732832058187 140732832058285 140732832058285 140732832059367 0
/proc/16/statm: 4421 3135 1525 723 0 2063 0
[pid=18] ppid=16 vsize=25210756 memory=20290784 CPUtime=939.28 cores=0-13,112-125
/proc/18/stat : 18 (bn4rust) R 16 16 0 0 -1 4194304 332651 0 18 0 91842 2086 0 0 20 0 1 0 53231842 25815814144 5072696 67087892480 94159478063104 94159479930225 140720332371184 0 0 0 0 4096 1088 0 0 0 17 8 0 0 1 0 0 94159480188288 94159480235224 94159509946368 140720332372750 140720332372886 140720332372886 140720332373985 0
/proc/18/statm: 6302689 5072696 1051 456 0 6300850 0
Current children cumulated CPU time: 939.31 s
Current children cumulated vsize: 25228440 KiB
Current children cumulated memory: 20303324 KiB

[startup+1002.3 s]
/proc/loadavg: 12.00 13.72 17.85 13/2962 18
/proc/meminfo: memFree=484453224/527542212 swapFree=33553404/33554428
[pid=16] ppid=13 vsize=17684 memory=12540 CPUtime=0.03 cores=0-13,112-125
/proc/16/stat : 16 (python3) S 13 16 0 0 -1 4194304 1885 0 96 0 3 0 0 0 20 0 1 0 53231829 18108416 3135 67087892480 4194304 7154137 140732832052512 0 0 0 0 16781312 2 1 0 0 17 2 0 0 8 0 0 9727432 11029816 14086144 140732832058187 140732832058285 140732832058285 140732832059367 0
/proc/16/statm: 4421 3135 1525 723 0 2063 0
[pid=18] ppid=16 vsize=28159876 memory=22363576 CPUtime=999.04 cores=0-13,112-125
/proc/18/stat : 18 (bn4rust) R 16 16 0 0 -1 4194304 345698 0 18 0 97790 2114 0 0 20 0 1 0 53231842 28835713024 5590894 67087892480 94159478063104 94159479930225 140720332371184 0 0 0 0 4096 1088 0 0 0 17 1 0 0 1 0 0 94159480188288 94159480235224 94159509946368 140720332372750 140720332372886 140720332372886 140720332373985 0
/proc/18/statm: 7039969 5590894 1051 456 0 7038130 0
Current children cumulated CPU time: 999.07 s
Current children cumulated vsize: 28177560 KiB
Current children cumulated memory: 22376116 KiB

[startup+1062.3 s]
/proc/loadavg: 11.42 13.24 17.43 13/2961 18
/proc/meminfo: memFree=482847140/527542212 swapFree=33553404/33554428
[pid=16] ppid=13 vsize=17684 memory=12540 CPUtime=0.03 cores=0-13,112-125
/proc/16/stat : 16 (python3) S 13 16 0 0 -1 4194304 1885 0 96 0 3 0 0 0 20 0 1 0 53231829 18108416 3135 67087892480 4194304 7154137 140732832052512 0 0 0 0 16781312 2 1 0 0 17 2 0 0 8 0 0 9727432 11029816 14086144 140732832058187 140732832058285 140732832058285 140732832059367 0
/proc/16/statm: 4421 3135 1525 723 0 2063 0
[pid=18] ppid=16 vsize=31305604 memory=24339900 CPUtime=1058.88 cores=0-13,112-125
/proc/18/stat : 18 (bn4rust) R 16 16 0 0 -1 4194304 356740 0 18 0 103749 2139 0 0 20 0 1 0 53231842 32056938496 6084975 67087892480 94159478063104 94159479930225 140720332371184 0 0 0 0 4096 1088 0 0 0 17 1 0 0 1 0 0 94159480188288 94159480235224 94159509946368 140720332372750 140720332372886 140720332372886 140720332373985 0
/proc/18/statm: 7826401 6084975 1051 456 0 7824562 0
Current children cumulated CPU time: 1058.91 s
Current children cumulated vsize: 31323288 KiB
Current children cumulated memory: 24352440 KiB

[startup+1122.3 s]
/proc/loadavg: 11.15 12.83 17.02 13/2961 18
/proc/meminfo: memFree=469931908/527542212 swapFree=33553404/33554428
[pid=16] ppid=13 vsize=17684 memory=12540 CPUtime=0.03 cores=0-13,112-125
/proc/16/stat : 16 (python3) S 13 16 0 0 -1 4194304 1885 0 96 0 3 0 0 0 20 0 1 0 53231829 18108416 3135 67087892480 4194304 7154137 140732832052512 0 0 0 0 16781312 2 1 0 0 17 2 0 0 8 0 0 9727432 11029816 14086144 140732832058187 140732832058285 140732832058285 140732832059367 0
/proc/16/statm: 4421 3135 1525 723 0 2063 0
[pid=18] ppid=16 vsize=55947144 memory=37243600 CPUtime=1118.69 cores=0-13,112-125
/proc/18/stat : 18 (bn4rust) R 16 16 0 0 -1 4194304 377071 0 18 0 109534 2335 0 0 20 0 1 0 53231842 57289875456 9310900 67087892480 94159478063104 94159479930225 140720332371184 0 0 0 0 4096 1088 0 0 0 17 1 0 0 1 0 0 94159480188288 94159480235224 94159509946368 140720332372750 140720332372886 140720332372886 140720332373985 0
/proc/18/statm: 13986786 9310900 1051 456 0 13984947 0
Current children cumulated CPU time: 1118.72 s
Current children cumulated vsize: 55964828 KiB
Current children cumulated memory: 37256140 KiB

[startup+1182.3 s]
/proc/loadavg: 11.05 12.49 16.64 13/2959 18
/proc/meminfo: memFree=463801024/527542212 swapFree=33553404/33554428
[pid=16] ppid=13 vsize=17684 memory=12540 CPUtime=0.03 cores=0-13,112-125
/proc/16/stat : 16 (python3) S 13 16 0 0 -1 4194304 1885 0 96 0 3 0 0 0 20 0 1 0 53231829 18108416 3135 67087892480 4194304 7154137 140732832052512 0 0 0 0 16781312 2 1 0 0 17 2 0 0 8 0 0 9727432 11029816 14086144 140732832058187 140732832058285 140732832058285 140732832059367 0
/proc/16/statm: 4421 3135 1525 723 0 2063 0
[pid=18] ppid=16 vsize=53325700 memory=43212220 CPUtime=1178.52 cores=0-13,112-125
/proc/18/stat : 18 (bn4rust) R 16 16 0 0 -1 4194304 401687 0 18 0 115364 2488 0 0 20 0 1 0 53231842 54605516800 10803055 67087892480 94159478063104 94159479930225 140720332371184 0 0 0 0 4096 1088 0 0 0 17 1 0 0 1 0 0 94159480188288 94159480235224 94159509946368 140720332372750 140720332372886 140720332372886 140720332373985 0
/proc/18/statm: 13331425 10803055 1051 456 0 13329586 0
Current children cumulated CPU time: 1178.55 s
Current children cumulated vsize: 53343384 KiB
Current children cumulated memory: 43224760 KiB

[startup+1242.3 s]
/proc/loadavg: 11.02 12.22 16.29 13/2960 18
/proc/meminfo: memFree=461602760/527542212 swapFree=33553404/33554428
[pid=16] ppid=13 vsize=17684 memory=12540 CPUtime=0.03 cores=0-13,112-125
/proc/16/stat : 16 (python3) S 13 16 0 0 -1 4194304 1885 0 96 0 3 0 0 0 20 0 1 0 53231829 18108416 3135 67087892480 4194304 7154137 140732832052512 0 0 0 0 16781312 2 1 0 0 17 2 0 0 8 0 0 9727432 11029816 14086144 140732832058187 140732832058285 140732832058285 140732832059367 0
/proc/16/statm: 4421 3135 1525 723 0 2063 0
[pid=18] ppid=16 vsize=53325700 memory=44924348 CPUtime=1238.35 cores=0-13,112-125
/proc/18/stat : 18 (bn4rust) R 16 16 0 0 -1 4194304 421118 0 18 0 121330 2505 0 0 20 0 1 0 53231842 54605516800 11231087 67087892480 94159478063104 94159479930225 140720332371184 0 0 0 0 4096 1088 0 0 0 17 1 0 0 1 0 0 94159480188288 94159480235224 94159509946368 140720332372750 140720332372886 140720332372886 140720332373985 0
/proc/18/statm: 13331425 11231087 1051 456 0 13329586 0
Current children cumulated CPU time: 1238.38 s
Current children cumulated vsize: 53343384 KiB
Current children cumulated memory: 44936888 KiB

[startup+1302.3 s]
/proc/loadavg: 11.04 12.01 15.96 13/2957 18
/proc/meminfo: memFree=463659528/527542212 swapFree=33553404/33554428
[pid=16] ppid=13 vsize=17684 memory=12540 CPUtime=0.03 cores=0-13,112-125
/proc/16/stat : 16 (python3) S 13 16 0 0 -1 4194304 1885 0 96 0 3 0 0 0 20 0 1 0 53231829 18108416 3135 67087892480 4194304 7154137 140732832052512 0 0 0 0 16781312 2 1 0 0 17 2 0 0 8 0 0 9727432 11029816 14086144 140732832058187 140732832058285 140732832058285 140732832059367 0
/proc/16/statm: 4421 3135 1525 723 0 2063 0
[pid=18] ppid=16 vsize=51961980 memory=42321064 CPUtime=1298.18 cores=0-13,112-125
/proc/18/stat : 18 (bn4rust) R 16 16 0 0 -1 4194304 460631 0 18 0 126972 2846 0 0 20 0 1 0 53231842 53209067520 10580266 67087892480 94159478063104 94159479930225 140720332371184 0 0 0 0 4096 1088 0 0 0 17 1 0 0 1 0 0 94159480188288 94159480235224 94159509946368 140720332372750 140720332372886 140720332372886 140720332373985 0
/proc/18/statm: 12990495 10580266 1051 456 0 12988656 0
Current children cumulated CPU time: 1298.21 s
Current children cumulated vsize: 51979664 KiB
Current children cumulated memory: 42333604 KiB

[startup+1362.3 s]
/proc/loadavg: 11.98 12.04 15.72 15/3028 18
/proc/meminfo: memFree=459620876/527542212 swapFree=33553404/33554428
[pid=16] ppid=13 vsize=17684 memory=12540 CPUtime=0.03 cores=0-13,112-125
/proc/16/stat : 16 (python3) S 13 16 0 0 -1 4194304 1885 0 96 0 3 0 0 0 20 0 1 0 53231829 18108416 3135 67087892480 4194304 7154137 140732832052512 0 0 0 0 16781312 2 1 0 0 17 2 0 0 8 0 0 9727432 11029816 14086144 140732832058187 140732832058285 140732832058285 140732832059367 0
/proc/16/statm: 4421 3135 1525 723 0 2063 0
[pid=18] ppid=16 vsize=56680572 memory=44401840 CPUtime=1357.96 cores=0-13,112-125
/proc/18/stat : 18 (bn4rust) R 16 16 0 0 -1 4194304 480335 0 18 0 132920 2876 0 0 20 0 1 0 53231842 58040905728 11100460 67087892480 94159478063104 94159479930225 140720332371184 0 0 0 0 4096 1088 0 0 0 17 114 0 0 1 0 0 94159480188288 94159480235224 94159509946368 140720332372750 140720332372886 140720332372886 140720332373985 0
/proc/18/statm: 14170143 11100460 1051 456 0 14168304 0
Current children cumulated CPU time: 1357.99 s
Current children cumulated vsize: 56698256 KiB
Current children cumulated memory: 44414380 KiB

[startup+1422.3 s]
/proc/loadavg: 12.99 12.29 15.57 18/3031 18
/proc/meminfo: memFree=452775312/527542212 swapFree=33553404/33554428
[pid=16] ppid=13 vsize=17684 memory=12540 CPUtime=0.03 cores=0-13,112-125
/proc/16/stat : 16 (python3) S 13 16 0 0 -1 4194304 1885 0 96 0 3 0 0 0 20 0 1 0 53231829 18108416 3135 67087892480 4194304 7154137 140732832052512 0 0 0 0 16781312 2 1 0 0 17 2 0 0 8 0 0 9727432 11029816 14086144 140732832058187 140732832058285 140732832058285 140732832059367 0
/proc/16/statm: 4421 3135 1525 723 0 2063 0
[pid=18] ppid=16 vsize=56680572 memory=46466224 CPUtime=1417.78 cores=0-13,112-125
/proc/18/stat : 18 (bn4rust) R 16 16 0 0 -1 4194304 500800 0 18 0 138878 2900 0 0 20 0 1 0 53231842 58040905728 11616556 67087892480 94159478063104 94159479930225 140720332371184 0 0 0 0 4096 1088 0 0 0 17 3 0 0 1 0 0 94159480188288 94159480235224 94159509946368 140720332372750 140720332372886 140720332372886 140720332373985 0
/proc/18/statm: 14170143 11616556 1051 456 0 14168304 0
Current children cumulated CPU time: 1417.81 s
Current children cumulated vsize: 56698256 KiB
Current children cumulated memory: 46478764 KiB

[startup+1482.3 s]
/proc/loadavg: 12.43 12.29 15.36 13/2964 18
/proc/meminfo: memFree=455963752/527542212 swapFree=33553404/33554428
[pid=16] ppid=13 vsize=17684 memory=12944 CPUtime=0.03 cores=0-13,112-125
/proc/16/stat : 16 (python3) S 13 16 0 0 -1 4194304 1885 0 96 0 3 0 0 0 20 0 1 0 53231829 18108416 3236 67087892480 4194304 7154137 140732832052512 0 0 0 0 16781312 2 1 0 0 17 2 0 0 8 0 0 9727432 11029816 14086144 140732832058187 140732832058285 140732832058285 140732832059367 0
/proc/16/statm: 4421 3236 1525 723 0 2063 0
[pid=18] ppid=16 vsize=62972028 memory=48506036 CPUtime=1477.6 cores=0-13,112-125
/proc/18/stat : 18 (bn4rust) R 16 16 0 0 -1 4194304 522020 0 18 0 144834 2926 0 0 20 0 1 0 53231842 64483356672 12126509 67087892480 94159478063104 94159479930225 140720332371184 0 0 0 0 4096 1088 0 0 0 17 3 0 0 1 0 0 94159480188288 94159480235224 94159509946368 140720332372750 140720332372886 140720332372886 140720332373985 0
/proc/18/statm: 15743007 12126509 1051 456 0 15741168 0
Current children cumulated CPU time: 1477.63 s
Current children cumulated vsize: 62989712 KiB
Current children cumulated memory: 48518980 KiB

[startup+1542.3 s]
/proc/loadavg: 11.52 12.06 15.09 13/2960 18
/proc/meminfo: memFree=454315152/527542212 swapFree=33553404/33554428
[pid=16] ppid=13 vsize=17684 memory=12944 CPUtime=0.03 cores=0-13,112-125
/proc/16/stat : 16 (python3) S 13 16 0 0 -1 4194304 1885 0 96 0 3 0 0 0 20 0 1 0 53231829 18108416 3236 67087892480 4194304 7154137 140732832052512 0 0 0 0 16781312 2 1 0 0 17 2 0 0 8 0 0 9727432 11029816 14086144 140732832058187 140732832058285 140732832058285 140732832059367 0
/proc/16/statm: 4421 3236 1525 723 0 2063 0
[pid=18] ppid=16 vsize=62972028 memory=50412724 CPUtime=1537.43 cores=0-13,112-125
/proc/18/stat : 18 (bn4rust) R 16 16 0 0 -1 4194304 541412 0 18 0 150794 2949 0 0 20 0 1 0 53231842 64483356672 12603181 67087892480 94159478063104 94159479930225 140720332371184 0 0 0 0 4096 1088 0 0 0 17 3 0 0 1 0 0 94159480188288 94159480235224 94159509946368 140720332372750 140720332372886 140720332372886 140720332373985 0
/proc/18/statm: 15743007 12603181 1051 456 0 15741168 0
Current children cumulated CPU time: 1537.46 s
Current children cumulated vsize: 62989712 KiB
Current children cumulated memory: 50425668 KiB

[startup+1596.72 s]
# the end of solver process 16 was just reported to runsolver
# cumulated CPU time of all completed processes:  user=1555.94 s, system=34.9586 s

Solver just ended.
??? end of watcher thread
Dumping a history of the last processes samples

[startup+1561.6 s]
/proc/loadavg: 11.37 11.99 15.00 13/2960 18
/proc/meminfo: memFree=453427192/527542212 swapFree=33553404/33554428
[pid=16] ppid=13 vsize=17684 memory=12944 CPUtime=0.03 cores=0-13,112-125
/proc/16/stat : 16 (python3) S 13 16 0 0 -1 4194304 1885 0 96 0 3 0 0 0 20 0 1 0 53231829 18108416 3236 67087892480 4194304 7154137 140732832052512 0 0 0 0 16781312 2 1 0 0 17 2 0 0 8 0 0 9727432 11029816 14086144 140732832058187 140732832058285 140732832058285 140732832059367 0
/proc/16/statm: 4421 3236 1525 723 0 2063 0
[pid=18] ppid=16 vsize=62972028 memory=50957492 CPUtime=1556.68 cores=0-13,112-125
/proc/18/stat : 18 (bn4rust) R 16 16 0 0 -1 4194304 548554 0 18 0 152712 2956 0 0 20 0 1 0 53231842 64483356672 12739373 67087892480 94159478063104 94159479930225 140720332371184 0 0 0 0 4096 1088 0 0 0 17 3 0 0 1 0 0 94159480188288 94159480235224 94159509946368 140720332372750 140720332372886 140720332372886 140720332373985 0
/proc/18/statm: 15743007 12739373 1051 456 0 15741168 0
Current children cumulated CPU time: 1556.71 s
Current children cumulated vsize: 62989712 KiB
Current children cumulated memory: 50970436 KiB

[startup+1574.4 s]
/proc/loadavg: 11.29 11.94 14.94 13/2960 18
/proc/meminfo: memFree=453217728/527542212 swapFree=33553404/33554428
[pid=16] ppid=13 vsize=17684 memory=12944 CPUtime=0.03 cores=0-13,112-125
/proc/16/stat : 16 (python3) S 13 16 0 0 -1 4194304 1885 0 96 0 3 0 0 0 20 0 1 0 53231829 18108416 3236 67087892480 4194304 7154137 140732832052512 0 0 0 0 16781312 2 1 0 0 17 2 0 0 8 0 0 9727432 11029816 14086144 140732832058187 140732832058285 140732832058285 140732832059367 0
/proc/16/statm: 4421 3236 1525 723 0 2063 0
[pid=18] ppid=16 vsize=62972028 memory=51293364 CPUtime=1569.43 cores=0-13,112-125
/proc/18/stat : 18 (bn4rust) R 16 16 0 0 -1 4194304 552967 0 18 0 153984 2959 0 0 20 0 1 0 53231842 64483356672 12823341 67087892480 94159478063104 94159479930225 140720332371184 0 0 0 0 4096 1088 0 0 0 17 3 0 0 1 0 0 94159480188288 94159480235224 94159509946368 140720332372750 140720332372886 140720332372886 140720332373985 0
/proc/18/statm: 15743007 12823341 1051 456 0 15741168 0
Current children cumulated CPU time: 1569.46 s
Current children cumulated vsize: 62989712 KiB
Current children cumulated memory: 51306308 KiB

[startup+1587.2 s]
/proc/loadavg: 11.24 11.91 14.89 13/2961 18
/proc/meminfo: memFree=448733080/527542212 swapFree=33553404/33554428
[pid=16] ppid=13 vsize=17684 memory=12944 CPUtime=0.03 cores=0-13,112-125
/proc/16/stat : 16 (python3) S 13 16 0 0 -1 4194304 1885 0 96 0 3 0 0 0 20 0 1 0 53231829 18108416 3236 67087892480 4194304 7154137 140732832052512 0 0 0 0 16781312 2 1 0 0 17 2 0 0 8 0 0 9727432 11029816 14086144 140732832058187 140732832058285 140732832058285 140732832059367 0
/proc/16/statm: 4421 3236 1525 723 0 2063 0
[pid=18] ppid=16 vsize=90235008 memory=55905392 CPUtime=1582.2 cores=0-13,112-125
/proc/18/stat : 18 (bn4rust) R 16 16 0 0 -1 4194304 1207535 0 18 0 155146 3074 0 0 20 0 1 0 53231842 92400648192 13976348 67087892480 94159478063104 94159479930225 140720332371184 0 0 0 0 4096 1088 0 0 0 17 3 0 0 1 0 0 94159480188288 94159480235224 94159509946368 140720332372750 140720332372886 140720332372886 140720332373985 0
/proc/18/statm: 22558752 13976348 1051 456 0 22556913 0
Current children cumulated CPU time: 1582.23 s
Current children cumulated vsize: 90252692 KiB
Current children cumulated memory: 55918336 KiB

[startup+1590.4 s]
/proc/loadavg: 11.22 11.89 14.87 13/2961 18
/proc/meminfo: memFree=445070388/527542212 swapFree=33553404/33554428
[pid=16] ppid=13 vsize=17684 memory=12944 CPUtime=0.03 cores=0-13,112-125
/proc/16/stat : 16 (python3) S 13 16 0 0 -1 4194304 1885 0 96 0 3 0 0 0 20 0 1 0 53231829 18108416 3236 67087892480 4194304 7154137 140732832052512 0 0 0 0 16781312 2 1 0 0 17 2 0 0 8 0 0 9727432 11029816 14086144 140732832058187 140732832058285 140732832058285 140732832059367 0
/proc/16/statm: 4421 3236 1525 723 0 2063 0
[pid=18] ppid=16 vsize=90235008 memory=59808880 CPUtime=1585.39 cores=0-13,112-125
/proc/18/stat : 18 (bn4rust) R 16 16 0 0 -1 4194304 2183381 0 18 0 155331 3208 0 0 20 0 1 0 53231842 92400648192 14952220 67087892480 94159478063104 94159479930225 140720332371184 0 0 0 0 4096 1088 0 0 0 17 3 0 0 1 0 0 94159480188288 94159480235224 94159509946368 140720332372750 140720332372886 140720332372886 140720332373985 0
/proc/18/statm: 22558752 14952220 1051 456 0 22556913 0
Current children cumulated CPU time: 1585.42 s
Current children cumulated vsize: 90252692 KiB
Current children cumulated memory: 59821824 KiB

[startup+1593.6 s]
/proc/loadavg: 11.22 11.89 14.87 10/2961 18
/proc/meminfo: memFree=447347256/527542212 swapFree=33552636/33554428
[pid=16] ppid=13 vsize=17684 memory=10468 CPUtime=0.03 cores=0-13,112-125
/proc/16/stat : 16 (python3) S 13 16 0 0 -1 4194304 1885 0 96 0 3 0 0 0 20 0 1 0 53231829 18108416 2617 67087892480 4194304 7154137 140732832052512 0 0 0 0 16781312 2 1 0 0 17 2 0 0 8 0 0 9727432 11029816 14086144 140732832058187 140732832058285 140732832058285 140732832059367 0
/proc/16/statm: 4421 2617 906 723 0 2063 0
[pid=18] ppid=16 vsize=90235008 memory=63630572 CPUtime=1588.57 cores=0-13,112-125
/proc/18/stat : 18 (bn4rust) R 16 16 0 0 -1 4194304 3139336 0 18 0 155510 3347 0 0 20 0 1 0 53231842 92400648192 15907643 67087892480 94159478063104 94159479930225 140720332371184 0 0 0 0 4096 1088 0 0 0 17 9 0 0 1 0 0 94159480188288 94159480235224 94159509946368 140720332372750 140720332372886 140720332372886 140720332373985 0
/proc/18/statm: 22558752 15907643 644 456 0 22556913 0
Current children cumulated CPU time: 1588.6 s
Current children cumulated vsize: 90252692 KiB
Current children cumulated memory: 63641040 KiB

[startup+1595.9 s]
/proc/loadavg: 11.45 11.93 14.87 14/2961 18
/proc/meminfo: memFree=447418684/527542212 swapFree=33549308/33554428
[pid=16] ppid=13 vsize=17684 memory=6844 CPUtime=0.03 cores=0-13,112-125
/proc/16/stat : 16 (python3) D 13 16 0 0 -1 4194304 1886 0 96 0 3 0 0 0 20 0 1 0 53231829 18108416 1711 67087892480 4194304 7154137 140732832052512 0 0 0 0 16781312 2 0 0 0 17 2 0 0 8 0 0 9727432 11029816 14086144 140732832058187 140732832058285 140732832058285 140732832059367 0
/proc/16/statm: 4421 1711 0 723 0 2063 0
Current children cumulated CPU time: 0.03 s
Current children cumulated vsize: 17684 KiB
Current children cumulated memory: 6844 KiB

[startup+1596.2 s]
/proc/loadavg: 11.45 11.93 14.87 14/2961 18
/proc/meminfo: memFree=447418684/527542212 swapFree=33549308/33554428
[pid=16] ppid=13 vsize=17684 memory=6844 CPUtime=0.03 cores=0-13,112-125
/proc/16/stat : 16 (python3) D 13 16 0 0 -1 4194304 1891 0 102 0 3 0 0 0 20 0 1 0 53231829 18108416 1711 67087892480 4194304 7154137 140732832052512 0 0 0 0 16781312 2 0 0 0 17 2 0 0 38 0 0 9727432 11029816 14086144 140732832058187 140732832058285 140732832058285 140732832059367 0
/proc/16/statm: 4421 1711 0 723 0 2063 0
Current children cumulated CPU time: 0.03 s
Current children cumulated vsize: 17684 KiB
Current children cumulated memory: 6844 KiB

[startup+1596.6 s]*
/proc/loadavg: 11.45 11.93 14.87 11/2961 18
/proc/meminfo: memFree=512457596/527542212 swapFree=33547772/33554428
[pid=16] ppid=13 vsize=17684 memory=8556 CPUtime=0.03 cores=0-13,112-125
/proc/16/stat : 16 (python3) D 13 16 0 0 -1 4194304 1905 0 128 0 3 0 0 0 20 0 1 0 53231829 18108416 2139 67087892480 4194304 7154137 140732832052512 0 0 0 0 16781312 2 0 0 0 17 2 0 0 74 0 0 9727432 11029816 14086144 140732832058187 140732832058285 140732832058285 140732832059367 0
/proc/16/statm: 4421 2139 419 723 0 2063 0
Current children cumulated CPU time: 0.03 s
Current children cumulated vsize: 17684 KiB
Current children cumulated memory: 8556 KiB

[startup+1596.71 s]
/proc/loadavg: 11.45 11.93 14.87 11/2961 18
/proc/meminfo: memFree=512457596/527542212 swapFree=33547772/33554428
[pid=16] ppid=13 vsize=17464 memory=10760 CPUtime=1590.88 cores=0-13,112-125
/proc/16/stat : 16 (python3) D 13 16 0 0 -1 4194304 1932 3563346 151 21 4 0 155589 3495 20 0 1 0 53231829 17883136 2690 67087892480 4194304 7154137 140732832052512 0 0 0 0 16781312 0 0 0 0 17 2 0 0 88 0 0 9727432 11029816 14086144 140732832058187 140732832058285 140732832058285 140732832059367 0
/proc/16/statm: 4366 2690 1021 723 0 2008 0
Current children cumulated CPU time: 1590.88 s
Current children cumulated vsize: 17464 KiB
Current children cumulated memory: 10760 KiB

Child status: 247
Real time (s): 1596.72
CPU time (s): 1590.9
CPU user time (s): 1555.94
CPU system time (s): 34.9586
CPU usage (%): 99.6354
Max. virtual memory (cumulated for all children) (KiB): 90252692
Max. memory (cumulated for all children) (KiB): 65285764

getrusage(RUSAGE_CHILDREN,...) data:
user time used= 1555.94
system time used= 34.9586
maximum resident set size= 65323888
integral shared memory size= 0
integral unshared data size= 0
integral unshared stack size= 0
page reclaims= 3565282
page faults= 176
swaps= 0
block input operations= 29936
block output operations= 8
messages sent= 0
messages received= 0
signals received= 0
voluntary context switches= 1011
involuntary context switches= 6772


# summary of solver processes directly reported to runsolver:
#   pid: 16
#   total CPU time (s): 1590.9
#   total CPU user time (s): 1555.94
#   total CPU system time (s): 34.9586

??? join timestamper begins
??? join timestamper ends
??? end of timestamper thread
runsolver used 0.912909 second user time and 2.13422 second system time

The end
