# WCTIME: wall clock time in seconds
WCTIME=1800.01
# CPUTIME: CPU time in seconds (USERTIME+SYSTEMTIME)
CPUTIME=1794.44
# USERTIME: CPU time spent in user mode in seconds
USERTIME=1755.59
# SYSTEMTIME: CPU time spent in system mode in seconds
SYSTEMTIME=38.856
# CPUUSAGE: CPUTIME/WCTIME in percent
CPUUSAGE=99.6909
# MAXVM: maximum virtual memory used in KiB
MAXVM=1713008
# MAXMM: maximum memory used in KiB
MAXMM=1321296
# MAXRSS: maximum Resident Segment Size in KiB
MAXRSS=1360180
# TIMEOUT: did the solver exceed the time limit?
TIMEOUT=true
# MEMOUT: did the solver exceed the memory limit?
MEMOUT=false
# EXITSTATUS: Exit status of the solver
EXITSTATUS=15
