# WCTIME: wall clock time in seconds
WCTIME=1609.75
# CPUTIME: CPU time in seconds (USERTIME+SYSTEMTIME)
CPUTIME=1604.17
# USERTIME: CPU time spent in user mode in seconds
USERTIME=1568.88
# SYSTEMTIME: CPU time spent in system mode in seconds
SYSTEMTIME=35.2903
# CPUUSAGE: CPUTIME/WCTIME in percent
CPUUSAGE=99.653
# MAXVM: maximum virtual memory used in KiB
MAXVM=89254160
# MAXMM: maximum memory used in KiB
MAXMM=65314412
# MAXRSS: maximum Resident Segment Size in KiB
MAXRSS=65322932
# TIMEOUT: did the solver exceed the time limit?
TIMEOUT=false
# MEMOUT: did the solver exceed the memory limit?
MEMOUT=false
# EXITSTATUS: Exit status of the solver
EXITSTATUS=63232
