runsolver version 3.4.1 (svn: 3018) Copyright (C) 2010-2013 Olivier ROUSSEL

This program is distributed in the hope that it will be useful,
but WITHOUT ANY WARRANTY; without even the implied warranty of
MERCHANTABILITY or FITNESS FOR A PARTICULAR PURPOSE.  See the
GNU General Public License for more details.

NUMA information:
  number of nodes: 8
  memory of node 0: 63700 MiB (41729 MiB free)
  memory of node 1: 64504 MiB (44245 MiB free)
  memory of node 2: 64504 MiB (44304 MiB free)
  memory of node 3: 64504 MiB (57487 MiB free)
  memory of node 4: 64504 MiB (41536 MiB free)
  memory of node 5: 64461 MiB (43544 MiB free)
  memory of node 6: 64504 MiB (56872 MiB free)
  memory of node 7: 64491 MiB (62292 MiB free)
  node distances:
     10  12  12  12  21  21  21  21
     12  10  12  12  21  21  21  21
     12  12  10  12  21  21  21  21
     12  12  12  10  21  21  21  21
     21  21  21  21  10  12  12  12
     21  21  21  21  12  10  12  12
     21  21  21  21  12  12  10  12
     21  21  21  21  12  12  12  10

command line: /usr/local/bin/runsolver --timestamp -w /output/runsolver-watch.log -v /output/runsolver-values.log -o /output/solver-output.log -C 1800.0 -W 1800.0 -R 64000 /opt/solver/run_pyboolnet.py --instance /input/model_076.bnet 

running on 21 cores: 91-96,99-103,203-208,211,216-218

Enforcing CPUTime limit (soft limit, will send SIGTERM then SIGKILL): 1800 seconds
Enforcing CPUTime limit (hard limit, will send SIGXCPU): 1830 seconds
Enforcing wall clock limit (soft limit, will send SIGTERM then SIGKILL): 1800 seconds
Enforcing RSS+Swap limit (soft limit, will send SIGTERM then SIGKILL): 65536000 KiB
Linux 4.18.0-553.126.1.el8_10.x86_64
Current StackSize limit: 18014398509481983 KiB

solver pid=16, runsolver pid=13

[startup+0.100081 s]*
/proc/loadavg: 77.30 76.47 76.44 78/3042 17
/proc/meminfo: memFree=401408276/527542272 swapFree=32709628/33554428
[pid=16] ppid=13 vsize=15100 memory=9272 CPUtime=0.01 cores=91-96,99-106,203-208,211-218
/proc/16/stat : 16 (python3) D 13 16 0 0 -1 4194304 1170 0 56 0 1 0 0 0 20 0 1 0 523000424 15462400 2318 67087892480 94045462560768 94045465831469 140736276390384 0 0 0 0 16781312 2 0 0 0 17 205 0 0 6 0 0 94045468194832 94045468478872 94045479047168 140736276396801 140736276396871 140736276396871 140736276398055 0
/proc/16/statm: 3775 2318 1357 799 0 1394 0
Current children cumulated CPU time: 0.01 s
Current children cumulated vsize: 15100 KiB
Current children cumulated memory: 9272 KiB

[startup+0.20068 s]*
/proc/loadavg: 77.30 76.47 76.44 79/3042 17
/proc/meminfo: memFree=401399076/527542272 swapFree=32709628/33554428
[pid=16] ppid=13 vsize=19860 memory=14480 CPUtime=0.06 cores=91-96,99-106,203-208,211-218
/proc/16/stat : 16 (python3) D 13 16 0 0 -1 4194304 2371 0 77 0 5 1 0 0 20 0 1 0 523000424 20336640 3620 67087892480 94045462560768 94045465831469 140736276390384 0 0 0 0 16781312 2 0 0 0 17 205 0 0 10 0 0 94045468194832 94045468478872 94045479047168 140736276396801 140736276396871 140736276396871 140736276398055 0
/proc/16/statm: 4965 3620 1504 799 0 2477 0
Current children cumulated CPU time: 0.06 s
Current children cumulated vsize: 19860 KiB
Current children cumulated memory: 14480 KiB

[startup+0.300548 s]*
/proc/loadavg: 77.30 76.47 76.44 78/3042 17
/proc/meminfo: memFree=401383732/527542272 swapFree=32709628/33554428
[pid=16] ppid=13 vsize=26104 memory=20708 CPUtime=0.12 cores=91-96,99-106,203-208,211-218
/proc/16/stat : 16 (python3) R 13 16 0 0 -1 4194304 3929 0 80 0 9 3 0 0 20 0 1 0 523000424 26730496 5177 67087892480 94045462560768 94045465831469 140736276390384 0 0 0 0 16781312 2 0 0 0 17 205 0 0 13 0 0 94045468194832 94045468478872 94045479047168 140736276396801 140736276396871 140736276396871 140736276398055 0
/proc/16/statm: 6526 5177 1610 799 0 4038 0
Current children cumulated CPU time: 0.12 s
Current children cumulated vsize: 26104 KiB
Current children cumulated memory: 20708 KiB

[startup+0.700215 s]
/proc/loadavg: 77.30 76.47 76.44 78/3042 17
/proc/meminfo: memFree=401353764/527542272 swapFree=32709628/33554428
[pid=16] ppid=13 vsize=124392 memory=46116 CPUtime=0.29 cores=91-96,99-106,203-208,211-218
/proc/16/stat : 16 (python3) D 13 16 0 0 -1 4194304 8220 0 225 0 22 7 0 0 20 0 1 0 523000424 127377408 11529 67087892480 94045462560768 94045465831469 140736276390384 0 0 0 0 16781312 2 0 0 0 17 205 0 0 32 0 0 94045468194832 94045468478872 94045479047168 140736276396801 140736276396871 140736276396871 140736276398055 0
/proc/16/statm: 31098 11529 3923 799 0 16404 0
Current children cumulated CPU time: 0.29 s
Current children cumulated vsize: 124392 KiB
Current children cumulated memory: 46116 KiB

[startup+1.50027 s]
/proc/loadavg: 77.30 76.47 76.44 78/3044 19
/proc/meminfo: memFree=401289596/527542272 swapFree=32709628/33554428
[pid=16] ppid=13 vsize=224940 memory=70628 CPUtime=0.79 cores=91-96,99-106,203-208,211-218
/proc/16/stat : 16 (python3) I 13 16 0 0 -1 4194304 13205 0 298 0 68 11 0 0 20 0 1 0 523000424 230338560 17657 67087892480 94045462560768 94045465831469 140736276390384 0 0 0 0 16781312 2 0 0 0 17 205 0 0 51 0 0 94045468194832 94045468478872 94045479047168 140736276396801 140736276396871 140736276396871 140736276398055 0
/proc/16/statm: 56235 17657 5161 799 0 22942 0
Current children cumulated CPU time: 0.79 s
Current children cumulated vsize: 224940 KiB
Current children cumulated memory: 70628 KiB

[startup+3.10052 s]
/proc/loadavg: 77.19 76.47 76.44 93/3046 21
/proc/meminfo: memFree=401185480/527542272 swapFree=32709628/33554428
[pid=16] ppid=13 vsize=222408 memory=71456 CPUtime=0.81 cores=91-96,99-106,203-208,211-218
/proc/16/stat : 16 (python3) S 13 16 0 0 -1 4194304 13457 150 298 4 69 11 1 0 20 0 1 0 523000424 227745792 17864 67087892480 94045462560768 94045465831469 140736276390384 0 0 0 0 16781312 2 1 0 0 17 205 0 0 51 0 0 94045468194832 94045468478872 94045479047168 140736276396801 140736276396871 140736276396871 140736276398055 0
/proc/16/statm: 55602 17864 5161 799 0 22309 0
[pid=21] ppid=16 vsize=67232 memory=28200 CPUtime=1.43 cores=91-96,99-106,203-208,211-218
/proc/21/stat : 21 (NuSMVa_linux64) R 16 16 0 0 -1 4194304 4053 0 73 0 143 0 0 0 20 0 1 0 523000583 68845568 7050 67087892480 4194304 7931321 140730343624976 0 0 0 0 0 512 0 0 0 17 206 0 0 5 0 0 10030016 10037704 13099008 140730343631400 140730343631538 140730343631538 140730343632806 0
/proc/21/statm: 16808 7050 1741 913 0 5610 0
Current children cumulated CPU time: 2.24 s
Current children cumulated vsize: 289640 KiB
Current children cumulated memory: 99656 KiB
heavy processes:

[startup+6.30031 s]
/proc/loadavg: 77.19 76.47 76.44 78/3039 21
/proc/meminfo: memFree=401056964/527542272 swapFree=32709628/33554428
[pid=16] ppid=13 vsize=222408 memory=71456 CPUtime=0.81 cores=91-96,99-106,203-208,211-218
/proc/16/stat : 16 (python3) S 13 16 0 0 -1 4194304 13457 150 298 4 69 11 1 0 20 0 1 0 523000424 227745792 17864 67087892480 94045462560768 94045465831469 140736276390384 0 0 0 0 16781312 2 1 0 0 17 205 0 0 51 0 0 94045468194832 94045468478872 94045479047168 140736276396801 140736276396871 140736276396871 140736276398055 0
/proc/16/statm: 55602 17864 5161 799 0 22309 0
[pid=21] ppid=16 vsize=87356 memory=48200 CPUtime=4.61 cores=91-96,99-106,203-208,211-218
/proc/21/stat : 21 (NuSMVa_linux64) R 16 16 0 0 -1 4194304 7568 0 73 0 460 1 0 0 20 0 1 0 523000583 89452544 12050 67087892480 4194304 7931321 140730343624976 0 0 0 0 0 512 0 0 0 17 206 0 0 5 0 0 10030016 10037704 13099008 140730343631400 140730343631538 140730343631538 140730343632806 0
/proc/21/statm: 21839 12050 1741 913 0 10641 0
Current children cumulated CPU time: 5.42 s
Current children cumulated vsize: 309764 KiB
Current children cumulated memory: 119656 KiB

[startup+12.7004 s]
/proc/loadavg: 77.16 76.48 76.44 78/3038 21
/proc/meminfo: memFree=400856092/527542272 swapFree=32709628/33554428
[pid=16] ppid=13 vsize=222408 memory=71456 CPUtime=0.81 cores=91-96,99-106,203-208,211-218
/proc/16/stat : 16 (python3) S 13 16 0 0 -1 4194304 13457 150 298 4 69 11 1 0 20 0 1 0 523000424 227745792 17864 67087892480 94045462560768 94045465831469 140736276390384 0 0 0 0 16781312 2 1 0 0 17 205 0 0 51 0 0 94045468194832 94045468478872 94045479047168 140736276396801 140736276396871 140736276396871 140736276398055 0
/proc/16/statm: 55602 17864 5161 799 0 22309 0
[pid=21] ppid=16 vsize=106484 memory=67444 CPUtime=10.99 cores=91-96,99-106,203-208,211-218
/proc/21/stat : 21 (NuSMVa_linux64) R 16 16 0 0 -1 4194304 12373 0 73 0 1096 3 0 0 20 0 1 0 523000583 109039616 16861 67087892480 4194304 7931321 140730343624976 0 0 0 0 0 512 0 0 0 17 206 0 0 5 0 0 10030016 10037704 13099008 140730343631400 140730343631538 140730343631538 140730343632806 0
/proc/21/statm: 26621 16861 1741 913 0 15423 0
Current children cumulated CPU time: 11.8 s
Current children cumulated vsize: 328892 KiB
Current children cumulated memory: 138900 KiB

[startup+25.5003 s]
/proc/loadavg: 76.90 76.45 76.43 85/3035 21
/proc/meminfo: memFree=401417548/527542272 swapFree=32709628/33554428
[pid=16] ppid=13 vsize=222408 memory=71456 CPUtime=0.81 cores=91-96,99-106,203-208,211-218
/proc/16/stat : 16 (python3) S 13 16 0 0 -1 4194304 13457 150 298 4 69 11 1 0 20 0 1 0 523000424 227745792 17864 67087892480 94045462560768 94045465831469 140736276390384 0 0 0 0 16781312 2 1 0 0 17 205 0 0 51 0 0 94045468194832 94045468478872 94045479047168 140736276396801 140736276396871 140736276396871 140736276398055 0
/proc/16/statm: 55602 17864 5161 799 0 22309 0
[pid=21] ppid=16 vsize=141028 memory=102000 CPUtime=23.71 cores=91-96,99-106,203-208,211-218
/proc/21/stat : 21 (NuSMVa_linux64) R 16 16 0 0 -1 4194304 21000 0 73 0 2367 4 0 0 20 0 1 0 523000583 144412672 25500 67087892480 4194304 7931321 140730343624976 0 0 0 0 0 512 0 0 0 17 94 0 0 5 0 0 10030016 10037704 13099008 140730343631400 140730343631538 140730343631538 140730343632806 0
/proc/21/statm: 35257 25500 1741 913 0 24059 0
Current children cumulated CPU time: 24.52 s
Current children cumulated vsize: 363436 KiB
Current children cumulated memory: 173456 KiB

[startup+51.1006 s]
/proc/loadavg: 76.84 76.48 76.44 77/3015 21
/proc/meminfo: memFree=400962280/527542272 swapFree=32709628/33554428
[pid=16] ppid=13 vsize=222408 memory=71456 CPUtime=0.81 cores=91-96,99-106,203-208,211-218
/proc/16/stat : 16 (python3) S 13 16 0 0 -1 4194304 13457 150 298 4 69 11 1 0 20 0 1 0 523000424 227745792 17864 67087892480 94045462560768 94045465831469 140736276390384 0 0 0 0 16781312 2 1 0 0 17 205 0 0 51 0 0 94045468194832 94045468478872 94045479047168 140736276396801 140736276396871 140736276396871 140736276398055 0
/proc/16/statm: 55602 17864 5161 799 0 22309 0
[pid=21] ppid=16 vsize=143208 memory=104112 CPUtime=49.16 cores=91-96,99-106,203-208,211-218
/proc/21/stat : 21 (NuSMVa_linux64) R 16 16 0 0 -1 4194304 21545 0 73 0 4912 4 0 0 20 0 1 0 523000583 146644992 26028 67087892480 4194304 7931321 140730343624976 0 0 0 0 0 512 0 0 0 17 94 0 0 5 0 0 10030016 10037704 13099008 140730343631400 140730343631538 140730343631538 140730343632806 0
/proc/21/statm: 35802 26028 1741 913 0 24604 0
Current children cumulated CPU time: 49.97 s
Current children cumulated vsize: 365616 KiB
Current children cumulated memory: 175568 KiB

[startup+102.3 s]
/proc/loadavg: 76.35 76.37 76.41 78/3031 21
/proc/meminfo: memFree=405405948/527542272 swapFree=32709628/33554428
[pid=16] ppid=13 vsize=222408 memory=71456 CPUtime=0.81 cores=91-96,99-106,203-208,211-218
/proc/16/stat : 16 (python3) S 13 16 0 0 -1 4194304 13457 150 298 4 69 11 1 0 20 0 1 0 523000424 227745792 17864 67087892480 94045462560768 94045465831469 140736276390384 0 0 0 0 16781312 2 1 0 0 17 205 0 0 51 0 0 94045468194832 94045468478872 94045479047168 140736276396801 140736276396871 140736276396871 140736276398055 0
/proc/16/statm: 55602 17864 5161 799 0 22309 0
[pid=21] ppid=16 vsize=214892 memory=175868 CPUtime=100.05 cores=91-96,99-106,203-208,211-218
/proc/21/stat : 21 (NuSMVa_linux64) R 16 16 0 0 -1 4194304 39495 0 73 0 9997 8 0 0 20 0 1 0 523000583 220049408 43967 67087892480 4194304 7931321 140730343624976 0 0 0 0 0 512 0 0 0 17 206 0 0 5 0 0 10030016 10037704 13099008 140730343631400 140730343631538 140730343631538 140730343632806 0
/proc/21/statm: 53723 43967 1757 913 0 42525 0
Current children cumulated CPU time: 100.86 s
Current children cumulated vsize: 437300 KiB
Current children cumulated memory: 247324 KiB

[startup+162.3 s]
/proc/loadavg: 77.14 76.56 76.47 75/2984 21
/proc/meminfo: memFree=406774448/527542272 swapFree=32709628/33554428
[pid=16] ppid=13 vsize=222408 memory=71456 CPUtime=0.81 cores=91-96,99-106,203-208,211-218
/proc/16/stat : 16 (python3) S 13 16 0 0 -1 4194304 13457 150 298 4 69 11 1 0 20 0 1 0 523000424 227745792 17864 67087892480 94045462560768 94045465831469 140736276390384 0 0 0 0 16781312 2 1 0 0 17 205 0 0 51 0 0 94045468194832 94045468478872 94045479047168 140736276396801 140736276396871 140736276396871 140736276398055 0
/proc/16/statm: 55602 17864 5161 799 0 22309 0
[pid=21] ppid=16 vsize=215916 memory=176924 CPUtime=159.7 cores=91-96,99-106,203-208,211-218
/proc/21/stat : 21 (NuSMVa_linux64) R 16 16 0 0 -1 4194304 39751 0 73 0 15962 8 0 0 20 0 1 0 523000583 221097984 44231 67087892480 4194304 7931321 140730343624976 0 0 0 0 0 512 0 0 0 17 206 0 0 5 0 0 10030016 10037704 13099008 140730343631400 140730343631538 140730343631538 140730343632806 0
/proc/21/statm: 53979 44231 1757 913 0 42781 0
Current children cumulated CPU time: 160.51 s
Current children cumulated vsize: 438324 KiB
Current children cumulated memory: 248380 KiB

[startup+222.3 s]
/proc/loadavg: 75.15 76.09 76.31 75/2958 21
/proc/meminfo: memFree=406792944/527542272 swapFree=32709628/33554428
[pid=16] ppid=13 vsize=222408 memory=71456 CPUtime=0.81 cores=91-96,99-106,203-208,211-218
/proc/16/stat : 16 (python3) S 13 16 0 0 -1 4194304 13457 150 298 4 69 11 1 0 20 0 1 0 523000424 227745792 17864 67087892480 94045462560768 94045465831469 140736276390384 0 0 0 0 16781312 2 1 0 0 17 205 0 0 51 0 0 94045468194832 94045468478872 94045479047168 140736276396801 140736276396871 140736276396871 140736276398055 0
/proc/16/statm: 55602 17864 5161 799 0 22309 0
[pid=21] ppid=16 vsize=215916 memory=176924 CPUtime=219.38 cores=91-96,99-106,203-208,211-218
/proc/21/stat : 21 (NuSMVa_linux64) R 16 16 0 0 -1 4194304 39772 0 73 0 21930 8 0 0 20 0 1 0 523000583 221097984 44231 67087892480 4194304 7931321 140730343624976 0 0 0 0 0 512 0 0 0 17 206 0 0 5 0 0 10030016 10037704 13099008 140730343631400 140730343631538 140730343631538 140730343632806 0
/proc/21/statm: 53979 44231 1757 913 0 42781 0
Current children cumulated CPU time: 220.19 s
Current children cumulated vsize: 438324 KiB
Current children cumulated memory: 248380 KiB

[startup+256.648 s]
# the end of solver process 16 was just reported to runsolver
# cumulated CPU time of all completed processes:  user=254.159 s, system=0.212703 s

Solver just ended.
??? end of watcher thread
Dumping a history of the last processes samples

[startup+230.4 s]
/proc/loadavg: 75.06 76.05 76.30 75/2958 21
/proc/meminfo: memFree=406794172/527542272 swapFree=32709628/33554428
[pid=16] ppid=13 vsize=222408 memory=71456 CPUtime=0.81 cores=91-96,99-106,203-208,211-218
/proc/16/stat : 16 (python3) S 13 16 0 0 -1 4194304 13457 150 298 4 69 11 1 0 20 0 1 0 523000424 227745792 17864 67087892480 94045462560768 94045465831469 140736276390384 0 0 0 0 16781312 2 1 0 0 17 205 0 0 51 0 0 94045468194832 94045468478872 94045479047168 140736276396801 140736276396871 140736276396871 140736276398055 0
/proc/16/statm: 55602 17864 5161 799 0 22309 0
[pid=21] ppid=16 vsize=215916 memory=176924 CPUtime=227.44 cores=91-96,99-106,203-208,211-218
/proc/21/stat : 21 (NuSMVa_linux64) R 16 16 0 0 -1 4194304 39772 0 73 0 22736 8 0 0 20 0 1 0 523000583 221097984 44231 67087892480 4194304 7931321 140730343624976 0 0 0 0 0 512 0 0 0 17 206 0 0 5 0 0 10030016 10037704 13099008 140730343631400 140730343631538 140730343631538 140730343632806 0
/proc/21/statm: 53979 44231 1757 913 0 42781 0
Current children cumulated CPU time: 228.25 s
Current children cumulated vsize: 438324 KiB
Current children cumulated memory: 248380 KiB

[startup+243.2 s]
/proc/loadavg: 74.82 75.95 76.26 75/2958 21
/proc/meminfo: memFree=406796548/527542272 swapFree=32709628/33554428
[pid=16] ppid=13 vsize=222408 memory=71456 CPUtime=0.81 cores=91-96,99-106,203-208,211-218
/proc/16/stat : 16 (python3) S 13 16 0 0 -1 4194304 13457 150 298 4 69 11 1 0 20 0 1 0 523000424 227745792 17864 67087892480 94045462560768 94045465831469 140736276390384 0 0 0 0 16781312 2 1 0 0 17 205 0 0 51 0 0 94045468194832 94045468478872 94045479047168 140736276396801 140736276396871 140736276396871 140736276398055 0
/proc/16/statm: 55602 17864 5161 799 0 22309 0
[pid=21] ppid=16 vsize=215916 memory=176924 CPUtime=240.17 cores=91-96,99-106,203-208,211-218
/proc/21/stat : 21 (NuSMVa_linux64) R 16 16 0 0 -1 4194304 39779 0 73 0 24009 8 0 0 20 0 1 0 523000583 221097984 44231 67087892480 4194304 7931321 140730343624976 0 0 0 0 0 512 0 0 0 17 206 0 0 5 0 0 10030016 10037704 13099008 140730343631400 140730343631538 140730343631538 140730343632806 0
/proc/21/statm: 53979 44231 1757 913 0 42781 0
Current children cumulated CPU time: 240.98 s
Current children cumulated vsize: 438324 KiB
Current children cumulated memory: 248380 KiB

[startup+249.6 s]
/proc/loadavg: 74.76 75.92 76.25 75/2958 21
/proc/meminfo: memFree=406797080/527542272 swapFree=32709628/33554428
[pid=16] ppid=13 vsize=222408 memory=71456 CPUtime=0.81 cores=91-96,99-106,203-208,211-218
/proc/16/stat : 16 (python3) S 13 16 0 0 -1 4194304 13457 150 298 4 69 11 1 0 20 0 1 0 523000424 227745792 17864 67087892480 94045462560768 94045465831469 140736276390384 0 0 0 0 16781312 2 1 0 0 17 205 0 0 51 0 0 94045468194832 94045468478872 94045479047168 140736276396801 140736276396871 140736276396871 140736276398055 0
/proc/16/statm: 55602 17864 5161 799 0 22309 0
[pid=21] ppid=16 vsize=215916 memory=176924 CPUtime=246.54 cores=91-96,99-106,203-208,211-218
/proc/21/stat : 21 (NuSMVa_linux64) R 16 16 0 0 -1 4194304 39779 0 73 0 24646 8 0 0 20 0 1 0 523000583 221097984 44231 67087892480 4194304 7931321 140730343624976 0 0 0 0 0 512 0 0 0 17 206 0 0 5 0 0 10030016 10037704 13099008 140730343631400 140730343631538 140730343631538 140730343632806 0
/proc/21/statm: 53979 44231 1757 913 0 42781 0
Current children cumulated CPU time: 247.35 s
Current children cumulated vsize: 438324 KiB
Current children cumulated memory: 248380 KiB

[startup+252.8 s]
/proc/loadavg: 74.70 75.89 76.24 75/2958 21
/proc/meminfo: memFree=406797080/527542272 swapFree=32709628/33554428
[pid=16] ppid=13 vsize=222408 memory=71456 CPUtime=0.81 cores=91-96,99-106,203-208,211-218
/proc/16/stat : 16 (python3) S 13 16 0 0 -1 4194304 13457 150 298 4 69 11 1 0 20 0 1 0 523000424 227745792 17864 67087892480 94045462560768 94045465831469 140736276390384 0 0 0 0 16781312 2 1 0 0 17 205 0 0 51 0 0 94045468194832 94045468478872 94045479047168 140736276396801 140736276396871 140736276396871 140736276398055 0
/proc/16/statm: 55602 17864 5161 799 0 22309 0
[pid=21] ppid=16 vsize=215916 memory=176924 CPUtime=249.72 cores=91-96,99-106,203-208,211-218
/proc/21/stat : 21 (NuSMVa_linux64) R 16 16 0 0 -1 4194304 39779 0 73 0 24964 8 0 0 20 0 1 0 523000583 221097984 44231 67087892480 4194304 7931321 140730343624976 0 0 0 0 0 512 0 0 0 17 206 0 0 5 0 0 10030016 10037704 13099008 140730343631400 140730343631538 140730343631538 140730343632806 0
/proc/21/statm: 53979 44231 1757 913 0 42781 0
Current children cumulated CPU time: 250.53 s
Current children cumulated vsize: 438324 KiB
Current children cumulated memory: 248380 KiB

[startup+254.4 s]
/proc/loadavg: 74.70 75.89 76.24 75/2958 21
/proc/meminfo: memFree=406797324/527542272 swapFree=32709628/33554428
[pid=16] ppid=13 vsize=222408 memory=71456 CPUtime=0.81 cores=91-96,99-106,203-208,211-218
/proc/16/stat : 16 (python3) S 13 16 0 0 -1 4194304 13457 150 298 4 69 11 1 0 20 0 1 0 523000424 227745792 17864 67087892480 94045462560768 94045465831469 140736276390384 0 0 0 0 16781312 2 1 0 0 17 205 0 0 51 0 0 94045468194832 94045468478872 94045479047168 140736276396801 140736276396871 140736276396871 140736276398055 0
/proc/16/statm: 55602 17864 5161 799 0 22309 0
[pid=21] ppid=16 vsize=215916 memory=176924 CPUtime=251.32 cores=91-96,99-106,203-208,211-218
/proc/21/stat : 21 (NuSMVa_linux64) R 16 16 0 0 -1 4194304 39779 0 73 0 25124 8 0 0 20 0 1 0 523000583 221097984 44231 67087892480 4194304 7931321 140730343624976 0 0 0 0 0 512 0 0 0 17 206 0 0 5 0 0 10030016 10037704 13099008 140730343631400 140730343631538 140730343631538 140730343632806 0
/proc/21/statm: 53979 44231 1757 913 0 42781 0
Current children cumulated CPU time: 252.13 s
Current children cumulated vsize: 438324 KiB
Current children cumulated memory: 248380 KiB

[startup+256 s]*
/proc/loadavg: 74.70 75.89 76.24 75/2958 21
/proc/meminfo: memFree=406797828/527542272 swapFree=32709628/33554428
[pid=16] ppid=13 vsize=222408 memory=71456 CPUtime=0.81 cores=91-96,99-106,203-208,211-218
/proc/16/stat : 16 (python3) S 13 16 0 0 -1 4194304 13457 150 298 4 69 11 1 0 20 0 1 0 523000424 227745792 17864 67087892480 94045462560768 94045465831469 140736276390384 0 0 0 0 16781312 2 1 0 0 17 205 0 0 51 0 0 94045468194832 94045468478872 94045479047168 140736276396801 140736276396871 140736276396871 140736276398055 0
/proc/16/statm: 55602 17864 5161 799 0 22309 0
[pid=21] ppid=16 vsize=215916 memory=176924 CPUtime=252.91 cores=91-96,99-106,203-208,211-218
/proc/21/stat : 21 (NuSMVa_linux64) R 16 16 0 0 -1 4194304 39779 0 73 0 25283 8 0 0 20 0 1 0 523000583 221097984 44231 67087892480 4194304 7931321 140730343624976 0 0 0 0 0 512 0 0 0 17 206 0 0 5 0 0 10030016 10037704 13099008 140730343631400 140730343631538 140730343631538 140730343632806 0
/proc/21/statm: 53979 44231 1757 913 0 42781 0
Current children cumulated CPU time: 253.72 s
Current children cumulated vsize: 438324 KiB
Current children cumulated memory: 248380 KiB

[startup+256.4 s]
/proc/loadavg: 74.70 75.89 76.24 75/2958 21
/proc/meminfo: memFree=406797828/527542272 swapFree=32709628/33554428
[pid=16] ppid=13 vsize=222408 memory=71456 CPUtime=0.81 cores=91-96,99-106,203-208,211-218
/proc/16/stat : 16 (python3) S 13 16 0 0 -1 4194304 13457 150 298 4 69 11 1 0 20 0 1 0 523000424 227745792 17864 67087892480 94045462560768 94045465831469 140736276390384 0 0 0 0 16781312 2 1 0 0 17 205 0 0 51 0 0 94045468194832 94045468478872 94045479047168 140736276396801 140736276396871 140736276396871 140736276398055 0
/proc/16/statm: 55602 17864 5161 799 0 22309 0
[pid=21] ppid=16 vsize=215916 memory=176924 CPUtime=253.31 cores=91-96,99-106,203-208,211-218
/proc/21/stat : 21 (NuSMVa_linux64) R 16 16 0 0 -1 4194304 39779 0 73 0 25323 8 0 0 20 0 1 0 523000583 221097984 44231 67087892480 4194304 7931321 140730343624976 0 0 0 0 0 512 0 0 0 17 206 0 0 5 0 0 10030016 10037704 13099008 140730343631400 140730343631538 140730343631538 140730343632806 0
/proc/21/statm: 53979 44231 1757 913 0 42781 0
Current children cumulated CPU time: 254.12 s
Current children cumulated vsize: 438324 KiB
Current children cumulated memory: 248380 KiB

[startup+256.6 s]
/proc/loadavg: 74.70 75.89 76.24 75/2958 21
/proc/meminfo: memFree=406797828/527542272 swapFree=32709628/33554428
[pid=16] ppid=13 vsize=222408 memory=71456 CPUtime=254.31 cores=91-96,99-106,203-208,211-218
/proc/16/stat : 16 (python3) R 13 16 0 0 -1 4194304 13457 39946 299 78 72 11 25339 9 20 0 1 0 523000424 227745792 17864 67087892480 94045462560768 94045465831469 140736276390384 0 0 0 0 16781312 0 0 0 0 17 205 0 0 51 0 0 94045468194832 94045468478872 94045479047168 140736276396801 140736276396871 140736276396871 140736276398055 0
/proc/16/statm: 55602 17864 5161 799 0 22309 0
Current children cumulated CPU time: 254.31 s
Current children cumulated vsize: 222408 KiB
Current children cumulated memory: 71456 KiB

Child status: 0
Real time (s): 256.648
CPU time (s): 254.372
CPU user time (s): 254.159
CPU system time (s): 0.212703
CPU usage (%): 99.1129
Max. virtual memory (cumulated for all children) (KiB): 438324
Max. memory (cumulated for all children) (KiB): 248380

getrusage(RUSAGE_CHILDREN,...) data:
user time used= 254.159
system time used= 0.212703
maximum resident set size= 177440
integral shared memory size= 0
integral unshared data size= 0
integral unshared stack size= 0
page reclaims= 53423
page faults= 385
swaps= 0
block input operations= 106136
block output operations= 8
messages sent= 0
messages received= 0
signals received= 0
voluntary context switches= 10315
involuntary context switches= 323


# summary of solver processes directly reported to runsolver:
#   pid: 16
#   total CPU time (s): 254.372
#   total CPU user time (s): 254.159
#   total CPU system time (s): 0.212703

??? join timestamper begins
??? join timestamper ends
??? end of timestamper thread
runsolver used 0.174962 second user time and 0.444797 second system time

The end
