runsolver version 3.4.1 (svn: 3018) Copyright (C) 2010-2013 Olivier ROUSSEL

This program is distributed in the hope that it will be useful,
but WITHOUT ANY WARRANTY; without even the implied warranty of
MERCHANTABILITY or FITNESS FOR A PARTICULAR PURPOSE.  See the
GNU General Public License for more details.

NUMA information:
  number of nodes: 8
  memory of node 0: 63700 MiB (41727 MiB free)
  memory of node 1: 64504 MiB (44247 MiB free)
  memory of node 2: 64504 MiB (44312 MiB free)
  memory of node 3: 64504 MiB (60385 MiB free)
  memory of node 4: 64504 MiB (41539 MiB free)
  memory of node 5: 64461 MiB (43191 MiB free)
  memory of node 6: 64504 MiB (62695 MiB free)
  memory of node 7: 64491 MiB (55988 MiB free)
  node distances:
     10  12  12  12  21  21  21  21
     12  10  12  12  21  21  21  21
     12  12  10  12  21  21  21  21
     12  12  12  10  21  21  21  21
     21  21  21  21  10  12  12  12
     21  21  21  21  12  10  12  12
     21  21  21  21  12  12  10  12
     21  21  21  21  12  12  12  10

command line: /usr/local/bin/runsolver --timestamp -w /output/runsolver-watch.log -v /output/runsolver-values.log -o /output/solver-output.log -C 1800.0 -W 1800.0 -R 64000 /opt/solver/run_pyboolnet.py --instance /input/model_105.bnet 

running on 28 cores: 44-55,156-167,97-98,209-210

Enforcing CPUTime limit (soft limit, will send SIGTERM then SIGKILL): 1800 seconds
Enforcing CPUTime limit (hard limit, will send SIGXCPU): 1830 seconds
Enforcing wall clock limit (soft limit, will send SIGTERM then SIGKILL): 1800 seconds
Enforcing RSS+Swap limit (soft limit, will send SIGTERM then SIGKILL): 65536000 KiB
Linux 4.18.0-553.126.1.el8_10.x86_64
Current StackSize limit: 18014398509481983 KiB

solver pid=16, runsolver pid=13

[startup+0.100103 s]*
/proc/loadavg: 75.84 76.11 76.08 77/3028 17
/proc/meminfo: memFree=403532956/527542272 swapFree=32708860/33554428
[pid=16] ppid=13 vsize=14924 memory=9044 CPUtime=0.02 cores=44-55,97-98,156-167,209-210
/proc/16/stat : 16 (python3) D 13 16 0 0 -1 4194304 1087 0 56 0 1 1 0 0 20 0 1 0 522829225 15282176 2261 67087892480 94748685611008 94748688881709 140725889706224 0 0 0 0 16781312 2 0 0 0 17 97 0 0 6 0 0 94748691245072 94748691529112 94748692738048 140725889710849 140725889710919 140725889710919 140725889712103 0
/proc/16/statm: 3731 2261 1400 799 0 1350 0
Current children cumulated CPU time: 0.02 s
Current children cumulated vsize: 14924 KiB
Current children cumulated memory: 9044 KiB

[startup+0.200737 s]*
/proc/loadavg: 75.84 76.11 76.08 77/3026 17
/proc/meminfo: memFree=403525648/527542272 swapFree=32708860/33554428
[pid=16] ppid=13 vsize=19804 memory=14268 CPUtime=0.06 cores=44-55,97-98,156-167,209-210
/proc/16/stat : 16 (python3) D 13 16 0 0 -1 4194304 2304 0 74 0 4 2 0 0 20 0 1 0 522829225 20279296 3567 67087892480 94748685611008 94748688881709 140725889706224 0 0 0 0 16781312 2 0 0 0 17 97 0 0 10 0 0 94748691245072 94748691529112 94748692738048 140725889710849 140725889710919 140725889710919 140725889712103 0
/proc/16/statm: 4951 3567 1572 799 0 2475 0
Current children cumulated CPU time: 0.06 s
Current children cumulated vsize: 19804 KiB
Current children cumulated memory: 14268 KiB

[startup+0.300434 s]*
/proc/loadavg: 75.84 76.11 76.08 77/3026 17
/proc/meminfo: memFree=403516320/527542272 swapFree=32708860/33554428
[pid=16] ppid=13 vsize=24636 memory=19720 CPUtime=0.12 cores=44-55,97-98,156-167,209-210
/proc/16/stat : 16 (python3) S 13 16 0 0 -1 4194304 3612 0 80 0 8 4 0 0 20 0 1 0 522829225 25227264 4930 67087892480 94748685611008 94748688881709 140725889706224 0 0 0 0 16781312 2 1 0 0 17 97 0 0 13 0 0 94748691245072 94748691529112 94748692738048 140725889710849 140725889710919 140725889710919 140725889712103 0
/proc/16/statm: 6159 4930 1691 799 0 3671 0
Current children cumulated CPU time: 0.12 s
Current children cumulated vsize: 24636 KiB
Current children cumulated memory: 19720 KiB

[startup+0.700239 s]
/proc/loadavg: 75.84 76.11 76.08 77/3027 17
/proc/meminfo: memFree=403497068/527542272 swapFree=32708860/33554428
[pid=16] ppid=13 vsize=121260 memory=44940 CPUtime=0.29 cores=44-55,97-98,156-167,209-210
/proc/16/stat : 16 (python3) D 13 16 0 0 -1 4194304 7956 0 218 0 19 10 0 0 20 0 1 0 522829225 124170240 11235 67087892480 94748685611008 94748688881709 140725889706224 0 0 0 0 16781312 2 0 0 0 17 97 0 0 31 0 0 94748691245072 94748691529112 94748692738048 140725889710849 140725889710919 140725889710919 140725889712103 0
/proc/16/statm: 30315 11235 3891 799 0 16317 0
Current children cumulated CPU time: 0.29 s
Current children cumulated vsize: 121260 KiB
Current children cumulated memory: 44940 KiB

[startup+1.50021 s]
/proc/loadavg: 75.84 76.11 76.08 77/3028 19
/proc/meminfo: memFree=403452200/527542272 swapFree=32708860/33554428
[pid=16] ppid=13 vsize=220204 memory=70404 CPUtime=0.84 cores=44-55,97-98,156-167,209-210
/proc/16/stat : 16 (python3) R 13 16 0 0 -1 4194304 13080 0 298 0 69 15 0 0 20 0 1 0 522829225 225488896 17601 67087892480 94748685611008 94748688881709 140725889706224 0 0 0 0 16781312 2 0 0 0 17 97 0 0 52 0 0 94748691245072 94748691529112 94748692738048 140725889710849 140725889710919 140725889710919 140725889712103 0
/proc/16/statm: 55051 17601 5238 799 0 21758 0
Current children cumulated CPU time: 0.84 s
Current children cumulated vsize: 220204 KiB
Current children cumulated memory: 70404 KiB

[startup+3.10071 s]
/proc/loadavg: 75.84 76.11 76.08 77/3028 21
/proc/meminfo: memFree=403925952/527542272 swapFree=32708860/33554428
[pid=16] ppid=13 vsize=222540 memory=72016 CPUtime=1.36 cores=44-55,97-98,156-167,209-210
/proc/16/stat : 16 (python3) S 13 16 0 0 -1 4194304 13516 1334 298 4 70 15 51 0 20 0 1 0 522829225 227880960 18004 67087892480 94748685611008 94748688881709 140725889706224 0 0 0 0 16781312 2 1 0 0 17 160 0 0 52 0 0 94748691245072 94748691529112 94748692738048 140725889710849 140725889710919 140725889710919 140725889712103 0
/proc/16/statm: 55635 18004 5238 799 0 22342 0
[pid=21] ppid=16 vsize=59676 memory=20752 CPUtime=0.08 cores=44-55,97-98,156-167,209-210
/proc/21/stat : 21 (NuSMVa_linux64) R 16 16 0 0 -1 4194304 2171 0 73 0 8 0 0 0 20 0 1 0 522829520 61108224 5188 67087892480 4194304 7931321 140728616599184 0 0 0 0 0 512 0 0 0 17 159 0 0 5 0 0 10030016 10037704 34529280 140728616602152 140728616602290 140728616602290 140728616603558 0
/proc/21/statm: 14919 5188 1727 913 0 3721 0
Current children cumulated CPU time: 1.44 s
Current children cumulated vsize: 282216 KiB
Current children cumulated memory: 92768 KiB
heavy processes:

[startup+6.30027 s]
/proc/loadavg: 75.85 76.11 76.08 77/3028 21
/proc/meminfo: memFree=403874780/527542272 swapFree=32708860/33554428
[pid=16] ppid=13 vsize=222540 memory=72016 CPUtime=1.36 cores=44-55,97-98,156-167,209-210
/proc/16/stat : 16 (python3) S 13 16 0 0 -1 4194304 13516 1334 298 4 70 15 51 0 20 0 1 0 522829225 227880960 18004 67087892480 94748685611008 94748688881709 140725889706224 0 0 0 0 16781312 2 1 0 0 17 160 0 0 52 0 0 94748691245072 94748691529112 94748692738048 140725889710849 140725889710919 140725889710919 140725889712103 0
/proc/16/statm: 55635 18004 5238 799 0 22342 0
[pid=21] ppid=16 vsize=82728 memory=43744 CPUtime=3.26 cores=44-55,97-98,156-167,209-210
/proc/21/stat : 21 (NuSMVa_linux64) R 16 16 0 0 -1 4194304 6434 0 73 0 325 1 0 0 20 0 1 0 522829520 84713472 10936 67087892480 4194304 7931321 140728616599184 0 0 0 0 0 512 0 0 0 17 159 0 0 5 0 0 10030016 10037704 34529280 140728616602152 140728616602290 140728616602290 140728616603558 0
/proc/21/statm: 20682 10936 1728 913 0 9484 0
Current children cumulated CPU time: 4.62 s
Current children cumulated vsize: 305268 KiB
Current children cumulated memory: 115760 KiB
heavy processes:

[startup+12.7003 s]
/proc/loadavg: 75.87 76.11 76.08 77/3028 21
/proc/meminfo: memFree=403814948/527542272 swapFree=32708860/33554428
[pid=16] ppid=13 vsize=222540 memory=72016 CPUtime=1.36 cores=44-55,97-98,156-167,209-210
/proc/16/stat : 16 (python3) S 13 16 0 0 -1 4194304 13516 1334 298 4 70 15 51 0 20 0 1 0 522829225 227880960 18004 67087892480 94748685611008 94748688881709 140725889706224 0 0 0 0 16781312 2 1 0 0 17 160 0 0 52 0 0 94748691245072 94748691529112 94748692738048 140725889710849 140725889710919 140725889710919 140725889712103 0
/proc/16/statm: 55635 18004 5238 799 0 22342 0
[pid=21] ppid=16 vsize=101344 memory=62056 CPUtime=9.63 cores=44-55,97-98,156-167,209-210
/proc/21/stat : 21 (NuSMVa_linux64) R 16 16 0 0 -1 4194304 11097 0 73 0 961 2 0 0 20 0 1 0 522829520 103776256 15514 67087892480 4194304 7931321 140728616599184 0 0 0 0 0 512 0 0 0 17 159 0 0 5 0 0 10030016 10037704 34529280 140728616602152 140728616602290 140728616602290 140728616603558 0
/proc/21/statm: 25336 15514 1728 913 0 14138 0
Current children cumulated CPU time: 10.99 s
Current children cumulated vsize: 323884 KiB
Current children cumulated memory: 134072 KiB

[startup+25.5003 s]
/proc/loadavg: 75.90 76.10 76.08 77/3028 21
/proc/meminfo: memFree=403762208/527542272 swapFree=32708860/33554428
[pid=16] ppid=13 vsize=222540 memory=72016 CPUtime=1.36 cores=44-55,97-98,156-167,209-210
/proc/16/stat : 16 (python3) S 13 16 0 0 -1 4194304 13516 1334 298 4 70 15 51 0 20 0 1 0 522829225 227880960 18004 67087892480 94748685611008 94748688881709 140725889706224 0 0 0 0 16781312 2 1 0 0 17 160 0 0 52 0 0 94748691245072 94748691529112 94748692738048 140725889710849 140725889710919 140725889710919 140725889712103 0
/proc/16/statm: 55635 18004 5238 799 0 22342 0
[pid=21] ppid=16 vsize=128756 memory=89484 CPUtime=22.36 cores=44-55,97-98,156-167,209-210
/proc/21/stat : 21 (NuSMVa_linux64) R 16 16 0 0 -1 4194304 17957 0 73 0 2233 3 0 0 20 0 1 0 522829520 131846144 22371 67087892480 4194304 7931321 140728616599184 0 0 0 0 0 512 0 0 0 17 159 0 0 5 0 0 10030016 10037704 34529280 140728616602152 140728616602290 140728616602290 140728616603558 0
/proc/21/statm: 32189 22371 1728 913 0 20991 0
Current children cumulated CPU time: 23.72 s
Current children cumulated vsize: 351296 KiB
Current children cumulated memory: 161500 KiB

[startup+51.1006 s]
/proc/loadavg: 75.93 76.09 76.08 76/3002 21
/proc/meminfo: memFree=404490976/527542272 swapFree=32708860/33554428
[pid=16] ppid=13 vsize=222540 memory=72016 CPUtime=1.36 cores=44-55,97-98,156-167,209-210
/proc/16/stat : 16 (python3) S 13 16 0 0 -1 4194304 13516 1334 298 4 70 15 51 0 20 0 1 0 522829225 227880960 18004 67087892480 94748685611008 94748688881709 140725889706224 0 0 0 0 16781312 2 1 0 0 17 160 0 0 52 0 0 94748691245072 94748691529112 94748692738048 140725889710849 140725889710919 140725889710919 140725889712103 0
/proc/16/statm: 55635 18004 5238 799 0 22342 0
[pid=21] ppid=16 vsize=148684 memory=109520 CPUtime=47.81 cores=44-55,97-98,156-167,209-210
/proc/21/stat : 21 (NuSMVa_linux64) R 16 16 0 0 -1 4194304 22946 0 73 0 4777 4 0 0 20 0 1 0 522829520 152252416 27380 67087892480 4194304 7931321 140728616599184 0 0 0 0 0 512 0 0 0 17 47 0 0 5 0 0 10030016 10037704 34529280 140728616602152 140728616602290 140728616602290 140728616603558 0
/proc/21/statm: 37171 27380 1728 913 0 25973 0
Current children cumulated CPU time: 49.17 s
Current children cumulated vsize: 371224 KiB
Current children cumulated memory: 181536 KiB

[startup+56.9944 s]
# the end of solver process 16 was just reported to runsolver
# cumulated CPU time of all completed processes:  user=54.8309 s, system=0.21921 s

Solver just ended.
??? end of watcher thread
Dumping a history of the last processes samples

[startup+51.2004 s]
/proc/loadavg: 75.93 76.09 76.08 76/3002 21
/proc/meminfo: memFree=404490976/527542272 swapFree=32708860/33554428
[pid=16] ppid=13 vsize=222540 memory=72016 CPUtime=1.36 cores=44-55,97-98,156-167,209-210
/proc/16/stat : 16 (python3) S 13 16 0 0 -1 4194304 13516 1334 298 4 70 15 51 0 20 0 1 0 522829225 227880960 18004 67087892480 94748685611008 94748688881709 140725889706224 0 0 0 0 16781312 2 1 0 0 17 160 0 0 52 0 0 94748691245072 94748691529112 94748692738048 140725889710849 140725889710919 140725889710919 140725889712103 0
/proc/16/statm: 55635 18004 5238 799 0 22342 0
[pid=21] ppid=16 vsize=148684 memory=109520 CPUtime=47.91 cores=44-55,97-98,156-167,209-210
/proc/21/stat : 21 (NuSMVa_linux64) R 16 16 0 0 -1 4194304 22946 0 73 0 4787 4 0 0 20 0 1 0 522829520 152252416 27380 67087892480 4194304 7931321 140728616599184 0 0 0 0 0 512 0 0 0 17 47 0 0 5 0 0 10030016 10037704 34529280 140728616602152 140728616602290 140728616602290 140728616603558 0
/proc/21/statm: 37171 27380 1728 913 0 25973 0
Current children cumulated CPU time: 49.27 s
Current children cumulated vsize: 371224 KiB
Current children cumulated memory: 181536 KiB

[startup+54.4003 s]
/proc/loadavg: 75.86 76.07 76.07 76/3005 21
/proc/meminfo: memFree=404490236/527542272 swapFree=32708860/33554428
[pid=16] ppid=13 vsize=222540 memory=72016 CPUtime=1.36 cores=44-55,97-98,156-167,209-210
/proc/16/stat : 16 (python3) S 13 16 0 0 -1 4194304 13516 1334 298 4 70 15 51 0 20 0 1 0 522829225 227880960 18004 67087892480 94748685611008 94748688881709 140725889706224 0 0 0 0 16781312 2 1 0 0 17 160 0 0 52 0 0 94748691245072 94748691529112 94748692738048 140725889710849 140725889710919 140725889710919 140725889712103 0
/proc/16/statm: 55635 18004 5238 799 0 22342 0
[pid=21] ppid=16 vsize=148684 memory=109520 CPUtime=51.09 cores=44-55,97-98,156-167,209-210
/proc/21/stat : 21 (NuSMVa_linux64) R 16 16 0 0 -1 4194304 22946 0 73 0 5105 4 0 0 20 0 1 0 522829520 152252416 27380 67087892480 4194304 7931321 140728616599184 0 0 0 0 0 512 0 0 0 17 47 0 0 5 0 0 10030016 10037704 34529280 140728616602152 140728616602290 140728616602290 140728616603558 0
/proc/21/statm: 37171 27380 1728 913 0 25973 0
Current children cumulated CPU time: 52.45 s
Current children cumulated vsize: 371224 KiB
Current children cumulated memory: 181536 KiB

[startup+56.0002 s]*
/proc/loadavg: 75.86 76.07 76.07 80/3017 21
/proc/meminfo: memFree=404486500/527542272 swapFree=32708860/33554428
[pid=16] ppid=13 vsize=222540 memory=72016 CPUtime=1.36 cores=44-55,97-98,156-167,209-210
/proc/16/stat : 16 (python3) S 13 16 0 0 -1 4194304 13516 1334 298 4 70 15 51 0 20 0 1 0 522829225 227880960 18004 67087892480 94748685611008 94748688881709 140725889706224 0 0 0 0 16781312 2 1 0 0 17 160 0 0 52 0 0 94748691245072 94748691529112 94748692738048 140725889710849 140725889710919 140725889710919 140725889712103 0
/proc/16/statm: 55635 18004 5238 799 0 22342 0
[pid=21] ppid=16 vsize=148684 memory=109520 CPUtime=52.68 cores=44-55,97-98,156-167,209-210
/proc/21/stat : 21 (NuSMVa_linux64) R 16 16 0 0 -1 4194304 22954 0 73 0 5264 4 0 0 20 0 1 0 522829520 152252416 27380 67087892480 4194304 7931321 140728616599184 0 0 0 0 0 512 0 0 0 17 47 0 0 5 0 0 10030016 10037704 34529280 140728616602152 140728616602290 140728616602290 140728616603558 0
/proc/21/statm: 37171 27380 1728 913 0 25973 0
Current children cumulated CPU time: 54.04 s
Current children cumulated vsize: 371224 KiB
Current children cumulated memory: 181536 KiB

[startup+56.4002 s]
/proc/loadavg: 75.86 76.07 76.07 80/3017 21
/proc/meminfo: memFree=404486500/527542272 swapFree=32708860/33554428
[pid=16] ppid=13 vsize=222540 memory=72016 CPUtime=1.36 cores=44-55,97-98,156-167,209-210
/proc/16/stat : 16 (python3) S 13 16 0 0 -1 4194304 13516 1334 298 4 70 15 51 0 20 0 1 0 522829225 227880960 18004 67087892480 94748685611008 94748688881709 140725889706224 0 0 0 0 16781312 2 1 0 0 17 160 0 0 52 0 0 94748691245072 94748691529112 94748692738048 140725889710849 140725889710919 140725889710919 140725889712103 0
/proc/16/statm: 55635 18004 5238 799 0 22342 0
[pid=21] ppid=16 vsize=148684 memory=109520 CPUtime=53.08 cores=44-55,97-98,156-167,209-210
/proc/21/stat : 21 (NuSMVa_linux64) R 16 16 0 0 -1 4194304 22954 0 73 0 5304 4 0 0 20 0 1 0 522829520 152252416 27380 67087892480 4194304 7931321 140728616599184 0 0 0 0 0 512 0 0 0 17 47 0 0 5 0 0 10030016 10037704 34529280 140728616602152 140728616602290 140728616602290 140728616603558 0
/proc/21/statm: 37171 27380 1728 913 0 25973 0
Current children cumulated CPU time: 54.44 s
Current children cumulated vsize: 371224 KiB
Current children cumulated memory: 181536 KiB

[startup+56.8002 s]
/proc/loadavg: 75.86 76.07 76.07 80/3017 21
/proc/meminfo: memFree=404486500/527542272 swapFree=32708860/33554428
[pid=16] ppid=13 vsize=222540 memory=72016 CPUtime=1.36 cores=44-55,97-98,156-167,209-210
/proc/16/stat : 16 (python3) S 13 16 0 0 -1 4194304 13516 1334 298 4 70 15 51 0 20 0 1 0 522829225 227880960 18004 67087892480 94748685611008 94748688881709 140725889706224 0 0 0 0 16781312 2 1 0 0 17 160 0 0 52 0 0 94748691245072 94748691529112 94748692738048 140725889710849 140725889710919 140725889710919 140725889712103 0
/proc/16/statm: 55635 18004 5238 799 0 22342 0
[pid=21] ppid=16 vsize=148684 memory=109520 CPUtime=53.48 cores=44-55,97-98,156-167,209-210
/proc/21/stat : 21 (NuSMVa_linux64) R 16 16 0 0 -1 4194304 22960 0 73 0 5344 4 0 0 20 0 1 0 522829520 152252416 27380 67087892480 4194304 7931321 140728616599184 0 0 0 0 0 512 0 0 0 17 47 0 0 5 0 0 10030016 10037704 34529280 140728616602152 140728616602290 140728616602290 140728616603558 0
/proc/21/statm: 37171 27380 1728 913 0 25973 0
Current children cumulated CPU time: 54.84 s
Current children cumulated vsize: 371224 KiB
Current children cumulated memory: 181536 KiB

[startup+56.9002 s]
/proc/loadavg: 75.86 76.07 76.07 80/3017 21
/proc/meminfo: memFree=404486500/527542272 swapFree=32708860/33554428
[pid=16] ppid=13 vsize=222540 memory=72016 CPUtime=54.95 cores=44-55,97-98,156-167,209-210
/proc/16/stat : 16 (python3) R 13 16 0 0 -1 4194304 13516 24303 299 78 73 15 5402 5 20 0 1 0 522829225 227880960 18004 67087892480 94748685611008 94748688881709 140725889706224 0 0 0 0 16781312 0 0 0 0 17 160 0 0 52 0 0 94748691245072 94748691529112 94748692738048 140725889710849 140725889710919 140725889710919 140725889712103 0
/proc/16/statm: 55635 18004 5238 799 0 22342 0
Current children cumulated CPU time: 54.95 s
Current children cumulated vsize: 222540 KiB
Current children cumulated memory: 72016 KiB

Child status: 0
Real time (s): 56.9945
CPU time (s): 55.0501
CPU user time (s): 54.8309
CPU system time (s): 0.21921
CPU usage (%): 96.5884
Max. virtual memory (cumulated for all children) (KiB): 371224
Max. memory (cumulated for all children) (KiB): 181536

getrusage(RUSAGE_CHILDREN,...) data:
user time used= 54.8309
system time used= 0.21921
maximum resident set size= 110044
integral shared memory size= 0
integral unshared data size= 0
integral unshared stack size= 0
page reclaims= 37837
page faults= 385
swaps= 0
block input operations= 106136
block output operations= 8
messages sent= 0
messages received= 0
signals received= 0
voluntary context switches= 10313
involuntary context switches= 52


# summary of solver processes directly reported to runsolver:
#   pid: 16
#   total CPU time (s): 55.0501
#   total CPU user time (s): 54.8309
#   total CPU system time (s): 0.21921

??? join timestamper begins
??? join timestamper ends
??? end of timestamper thread
runsolver used 0.029289 second user time and 0.219766 second system time

The end
