runsolver version 3.4.1 (svn: 3018) Copyright (C) 2010-2013 Olivier ROUSSEL

This program is distributed in the hope that it will be useful,
but WITHOUT ANY WARRANTY; without even the implied warranty of
MERCHANTABILITY or FITNESS FOR A PARTICULAR PURPOSE.  See the
GNU General Public License for more details.

NUMA information:
  number of nodes: 8
  memory of node 0: 63700 MiB (61831 MiB free)
  memory of node 1: 64504 MiB (58707 MiB free)
  memory of node 2: 64504 MiB (63836 MiB free)
  memory of node 3: 64504 MiB (58293 MiB free)
  memory of node 4: 64504 MiB (62867 MiB free)
  memory of node 5: 64504 MiB (63599 MiB free)
  memory of node 6: 64504 MiB (60941 MiB free)
  memory of node 7: 64447 MiB (63170 MiB free)
  node distances:
     10  12  12  12  21  21  21  21
     12  10  12  12  21  21  21  21
     12  12  10  12  21  21  21  21
     12  12  12  10  21  21  21  21
     21  21  21  21  10  12  12  12
     21  21  21  21  12  10  12  12
     21  21  21  21  12  12  10  12
     21  21  21  21  12  12  12  10

command line: /usr/local/bin/runsolver --timestamp -w /output/runsolver-watch.log -v /output/runsolver-values.log -o /output/solver-output.log -C 1800.0 -W 1800.0 -R 64000 /opt/solver/run_pyboolnet.py --instance /input/model_093.bnet 

running on 8 cores: 60-67

Enforcing CPUTime limit (soft limit, will send SIGTERM then SIGKILL): 1800 seconds
Enforcing CPUTime limit (hard limit, will send SIGXCPU): 1830 seconds
Enforcing wall clock limit (soft limit, will send SIGTERM then SIGKILL): 1800 seconds
Enforcing RSS+Swap limit (soft limit, will send SIGTERM then SIGKILL): 65536000 KiB
Linux 4.18.0-553.126.1.el8_10.x86_64
solver pid=17, runsolver pid=13
Current StackSize limit: 18014398509481983 KiB


[startup+0.100086 s]*
/proc/loadavg: 19.76 20.92 21.39 19/2967 18
/proc/meminfo: memFree=505082648/527542192 swapFree=32113916/33554428
[pid=17] ppid=13 vsize=10040 memory=2128 CPUtime=0 cores=56-69,168-181
/proc/17/stat : 17 (python3) S 13 17 0 0 -1 4194304 243 0 26 0 0 0 0 0 20 0 1 0 522729689 10280960 532 67087892480 93825006850048 93825010120749 140723454554128 0 0 0 0 0 0 1 0 0 17 60 0 0 2 0 0 93825012484112 93825012768152 93825018023936 140723454556929 140723454556999 140723454556999 140723454558183 0
/proc/17/statm: 2510 532 434 799 0 223 0
Current children cumulated CPU time: 0 s
Current children cumulated vsize: 10040 KiB
Current children cumulated memory: 2128 KiB

[startup+0.200576 s]*
/proc/loadavg: 19.76 20.92 21.39 20/2967 18
/proc/meminfo: memFree=505076852/527542192 swapFree=32113916/33554428
[pid=17] ppid=13 vsize=13704 memory=7356 CPUtime=0 cores=56-69,168-181
/proc/17/stat : 17 (python3) S 13 17 0 0 -1 4194304 810 0 51 0 0 0 0 0 20 0 1 0 522729689 14032896 1839 67087892480 93825006850048 93825010120749 140723454554128 0 0 0 0 16781312 2 1 0 0 17 60 0 0 5 0 0 93825012484112 93825012768152 93825018023936 140723454556929 140723454556999 140723454556999 140723454558183 0
/proc/17/statm: 3426 1839 1223 799 0 1045 0
Current children cumulated CPU time: 0 s
Current children cumulated vsize: 13704 KiB
Current children cumulated memory: 7356 KiB

[startup+0.300426 s]*
/proc/loadavg: 19.76 20.92 21.39 19/2967 18
/proc/meminfo: memFree=505070204/527542192 swapFree=32113916/33554428
[pid=17] ppid=13 vsize=17020 memory=12092 CPUtime=0.04 cores=56-69,168-181
/proc/17/stat : 17 (python3) D 13 17 0 0 -1 4194304 1720 0 71 0 3 1 0 0 20 0 1 0 522729689 17428480 3023 67087892480 93825006850048 93825010120749 140723454554128 0 0 0 0 16781312 2 0 0 0 17 60 0 0 10 0 0 93825012484112 93825012768152 93825018023936 140723454556929 140723454556999 140723454556999 140723454558183 0
/proc/17/statm: 4255 3023 1535 799 0 1783 0
Current children cumulated CPU time: 0.04 s
Current children cumulated vsize: 17020 KiB
Current children cumulated memory: 12092 KiB

[startup+0.700185 s]
/proc/loadavg: 19.76 20.92 21.39 19/2967 18
/proc/meminfo: memFree=505062388/527542192 swapFree=32113916/33554428
[pid=17] ppid=13 vsize=34564 memory=28480 CPUtime=0.17 cores=56-69,168-181
/proc/17/stat : 17 (python3) S 13 17 0 0 -1 4194304 5177 0 120 0 14 3 0 0 20 0 1 0 522729689 35393536 7120 67087892480 93825006850048 93825010120749 140723454554128 0 0 0 0 16781312 2 1 0 0 17 60 0 0 34 0 0 93825012484112 93825012768152 93825018023936 140723454556929 140723454556999 140723454556999 140723454558183 0
/proc/17/statm: 8641 7120 2326 799 0 5052 0
Current children cumulated CPU time: 0.17 s
Current children cumulated vsize: 34564 KiB
Current children cumulated memory: 28480 KiB

[startup+1.50018 s]
/proc/loadavg: 19.76 20.92 21.39 19/2967 18
/proc/meminfo: memFree=505024344/527542192 swapFree=32113916/33554428
[pid=17] ppid=13 vsize=212048 memory=60768 CPUtime=0.4 cores=56-69,168-181
/proc/17/stat : 17 (python3) R 13 17 0 0 -1 4194304 10858 0 289 0 32 8 0 0 20 0 2 0 522729689 217137152 15192 67087892480 93825006850048 93825010120749 140723454554128 0 0 0 0 16781312 2 0 0 0 17 60 0 0 88 0 0 93825012484112 93825012768152 93825018023936 140723454556929 140723454556999 140723454556999 140723454558183 0
/proc/17/statm: 53012 15192 5052 799 0 19719 0
Current children cumulated CPU time: 0.4 s
Current children cumulated vsize: 212048 KiB
Current children cumulated memory: 60768 KiB

[startup+3.1005 s]
/proc/loadavg: 19.76 20.92 21.39 21/2970 21
/proc/meminfo: memFree=504947336/527542192 swapFree=32113916/33554428
[pid=17] ppid=13 vsize=220844 memory=70832 CPUtime=0.79 cores=56-69,168-181
/proc/17/stat : 17 (python3) S 13 17 0 0 -1 4194304 13220 0 297 0 69 10 0 0 20 0 1 0 522729689 226144256 17708 67087892480 93825006850048 93825010120749 140723454554128 0 0 0 0 16781312 2 1 0 0 17 60 0 0 98 0 0 93825012484112 93825012768152 93825018023936 140723454556929 140723454556999 140723454556999 140723454558183 0
/proc/17/statm: 55211 17708 5203 799 0 21918 0
[pid=21] ppid=17 vsize=6416 memory=3704 CPUtime=1.05 cores=56-69,168-181
/proc/21/stat : 21 (BNetToPrime_lin) R 17 17 0 0 -1 4194304 176 0 3 0 105 0 0 0 20 0 1 0 522729892 6569984 926 67087892480 4194304 4299828 140732273947088 0 0 0 0 0 0 0 0 0 17 61 0 0 0 0 0 6397400 6398600 30457856 140732273953403 140732273953516 140732273953516 140732273954717 0
/proc/21/statm: 1604 926 850 26 0 165 0
Current children cumulated CPU time: 1.84 s
Current children cumulated vsize: 227260 KiB
Current children cumulated memory: 74536 KiB
heavy processes:

[startup+6.30026 s]
/proc/loadavg: 19.69 20.89 21.38 20/2966 21
/proc/meminfo: memFree=504926340/527542192 swapFree=32113916/33554428
[pid=17] ppid=13 vsize=220844 memory=70832 CPUtime=0.79 cores=56-69,168-181
/proc/17/stat : 17 (python3) S 13 17 0 0 -1 4194304 13220 0 297 0 69 10 0 0 20 0 1 0 522729689 226144256 17708 67087892480 93825006850048 93825010120749 140723454554128 0 0 0 0 16781312 2 1 0 0 17 60 0 0 98 0 0 93825012484112 93825012768152 93825018023936 140723454556929 140723454556999 140723454556999 140723454558183 0
/proc/17/statm: 55211 17708 5203 799 0 21918 0
[pid=21] ppid=17 vsize=33028 memory=29068 CPUtime=4.24 cores=56-69,168-181
/proc/21/stat : 21 (BNetToPrime_lin) R 17 17 0 0 -1 4194304 8472 0 3 0 423 1 0 0 20 0 1 0 522729892 33820672 7267 67087892480 4194304 4299828 140732273947088 0 0 0 0 0 0 0 0 0 17 61 0 0 0 0 0 6397400 6398600 30457856 140732273953403 140732273953516 140732273953516 140732273954717 0
/proc/21/statm: 8257 7267 850 26 0 6818 0
Current children cumulated CPU time: 5.03 s
Current children cumulated vsize: 253872 KiB
Current children cumulated memory: 99900 KiB
heavy processes:

[startup+12.7002 s]
/proc/loadavg: 19.64 20.86 21.36 20/2966 22
/proc/meminfo: memFree=504932388/527542192 swapFree=32113916/33554428
[pid=17] ppid=13 vsize=222680 memory=72148 CPUtime=7.23 cores=56-69,168-181
/proc/17/stat : 17 (python3) S 13 17 0 0 -1 4194304 13600 9186 297 4 69 10 643 1 20 0 1 0 522729689 228024320 18037 67087892480 93825006850048 93825010120749 140723454554128 0 0 0 0 16781312 2 1 0 0 17 60 0 0 98 0 0 93825012484112 93825012768152 93825018023936 140723454556929 140723454556999 140723454556999 140723454558183 0
/proc/17/statm: 55670 18037 5203 799 0 22377 0
[pid=22] ppid=17 vsize=70392 memory=31284 CPUtime=4.11 cores=56-69,168-181
/proc/22/stat : 22 (NuSMVa_linux64) R 17 17 0 0 -1 4194304 4828 0 73 0 410 1 0 0 20 0 1 0 522730541 72081408 7821 67087892480 4194304 7931321 140725894153040 0 0 0 0 0 512 0 0 0 17 61 0 0 5 0 0 10030016 10037704 30892032 140725894158888 140725894159026 140725894159026 140725894160294 0
/proc/22/statm: 17598 7821 1732 913 0 6400 0
Current children cumulated CPU time: 11.34 s
Current children cumulated vsize: 293072 KiB
Current children cumulated memory: 103432 KiB

[startup+25.5003 s]
/proc/loadavg: 19.50 20.76 21.33 20/2966 22
/proc/meminfo: memFree=504892248/527542192 swapFree=32113916/33554428
[pid=17] ppid=13 vsize=222680 memory=72148 CPUtime=7.23 cores=56-69,168-181
/proc/17/stat : 17 (python3) S 13 17 0 0 -1 4194304 13600 9186 297 4 69 10 643 1 20 0 1 0 522729689 228024320 18037 67087892480 93825006850048 93825010120749 140723454554128 0 0 0 0 16781312 2 1 0 0 17 60 0 0 98 0 0 93825012484112 93825012768152 93825018023936 140723454556929 140723454556999 140723454556999 140723454558183 0
/proc/17/statm: 55670 18037 5203 799 0 22377 0
[pid=22] ppid=17 vsize=115800 memory=76688 CPUtime=16.85 cores=56-69,168-181
/proc/22/stat : 22 (NuSMVa_linux64) R 17 17 0 0 -1 4194304 14666 0 73 0 1683 2 0 0 20 0 1 0 522730541 118579200 19172 67087892480 4194304 7931321 140725894153040 0 0 0 0 0 512 0 0 0 17 61 0 0 5 0 0 10030016 10037704 30892032 140725894158888 140725894159026 140725894159026 140725894160294 0
/proc/22/statm: 28950 19172 1732 913 0 17752 0
Current children cumulated CPU time: 24.08 s
Current children cumulated vsize: 338480 KiB
Current children cumulated memory: 148836 KiB

[startup+51.1005 s]
/proc/loadavg: 19.33 20.62 21.26 20/2966 22
/proc/meminfo: memFree=504869824/527542192 swapFree=32113916/33554428
[pid=17] ppid=13 vsize=222680 memory=72148 CPUtime=7.23 cores=56-69,168-181
/proc/17/stat : 17 (python3) S 13 17 0 0 -1 4194304 13600 9186 297 4 69 10 643 1 20 0 1 0 522729689 228024320 18037 67087892480 93825006850048 93825010120749 140723454554128 0 0 0 0 16781312 2 1 0 0 17 60 0 0 98 0 0 93825012484112 93825012768152 93825018023936 140723454556929 140723454556999 140723454556999 140723454558183 0
/proc/17/statm: 55670 18037 5203 799 0 22377 0
[pid=22] ppid=17 vsize=142032 memory=102796 CPUtime=42.36 cores=56-69,168-181
/proc/22/stat : 22 (NuSMVa_linux64) R 17 17 0 0 -1 4194304 21231 0 73 0 4232 4 0 0 20 0 1 0 522730541 145440768 25699 67087892480 4194304 7931321 140725894153040 0 0 0 0 0 512 0 0 0 17 61 0 0 5 0 0 10030016 10037704 30892032 140725894158888 140725894159026 140725894159026 140725894160294 0
/proc/22/statm: 35508 25699 1732 913 0 24310 0
Current children cumulated CPU time: 49.59 s
Current children cumulated vsize: 364712 KiB
Current children cumulated memory: 174944 KiB

[startup+102.3 s]
/proc/loadavg: 19.14 20.37 21.14 20/2965 22
/proc/meminfo: memFree=504808876/527542192 swapFree=32113916/33554428
[pid=17] ppid=13 vsize=222680 memory=72148 CPUtime=7.23 cores=56-69,168-181
/proc/17/stat : 17 (python3) S 13 17 0 0 -1 4194304 13600 9186 297 4 69 10 643 1 20 0 1 0 522729689 228024320 18037 67087892480 93825006850048 93825010120749 140723454554128 0 0 0 0 16781312 2 1 0 0 17 60 0 0 98 0 0 93825012484112 93825012768152 93825018023936 140723454556929 140723454556999 140723454556999 140723454558183 0
/proc/17/statm: 55670 18037 5203 799 0 22377 0
[pid=22] ppid=17 vsize=205076 memory=165864 CPUtime=93.36 cores=56-69,168-181
/proc/22/stat : 22 (NuSMVa_linux64) R 17 17 0 0 -1 4194304 36999 0 73 0 9330 6 0 0 20 0 1 0 522730541 209997824 41466 67087892480 4194304 7931321 140725894153040 0 0 0 0 0 512 0 0 0 17 61 0 0 5 0 0 10030016 10037704 30892032 140725894158888 140725894159026 140725894159026 140725894160294 0
/proc/22/statm: 51269 41466 1732 913 0 40071 0
Current children cumulated CPU time: 100.59 s
Current children cumulated vsize: 427756 KiB
Current children cumulated memory: 238012 KiB

[startup+162.3 s]
/proc/loadavg: 19.39 20.20 21.03 21/2997 22
/proc/meminfo: memFree=504569520/527542192 swapFree=32113916/33554428
[pid=17] ppid=13 vsize=222680 memory=72148 CPUtime=7.23 cores=56-69,168-181
/proc/17/stat : 17 (python3) S 13 17 0 0 -1 4194304 13600 9186 297 4 69 10 643 1 20 0 1 0 522729689 228024320 18037 67087892480 93825006850048 93825010120749 140723454554128 0 0 0 0 16781312 2 1 0 0 17 60 0 0 98 0 0 93825012484112 93825012768152 93825018023936 140723454556929 140723454556999 140723454556999 140723454558183 0
/proc/17/statm: 55670 18037 5203 799 0 22377 0
[pid=22] ppid=17 vsize=206356 memory=167424 CPUtime=153.14 cores=56-69,168-181
/proc/22/stat : 22 (NuSMVa_linux64) R 17 17 0 0 -1 4194304 37341 0 73 0 15308 6 0 0 20 0 1 0 522730541 211308544 41856 67087892480 4194304 7931321 140725894153040 0 0 0 0 0 512 0 0 0 17 61 0 0 5 0 0 10030016 10037704 30892032 140725894158888 140725894159026 140725894159026 140725894160294 0
/proc/22/statm: 51589 41856 1748 913 0 40391 0
Current children cumulated CPU time: 160.37 s
Current children cumulated vsize: 429036 KiB
Current children cumulated memory: 239572 KiB

[startup+222.3 s]
/proc/loadavg: 19.86 20.18 20.97 21/2996 22
/proc/meminfo: memFree=504350468/527542192 swapFree=32113916/33554428
[pid=17] ppid=13 vsize=222680 memory=72148 CPUtime=7.23 cores=56-69,168-181
/proc/17/stat : 17 (python3) S 13 17 0 0 -1 4194304 13600 9186 297 4 69 10 643 1 20 0 1 0 522729689 228024320 18037 67087892480 93825006850048 93825010120749 140723454554128 0 0 0 0 16781312 2 1 0 0 17 60 0 0 98 0 0 93825012484112 93825012768152 93825018023936 140723454556929 140723454556999 140723454556999 140723454558183 0
/proc/17/statm: 55670 18037 5203 799 0 22377 0
[pid=22] ppid=17 vsize=265020 memory=226076 CPUtime=212.93 cores=56-69,168-181
/proc/22/stat : 22 (NuSMVa_linux64) R 17 17 0 0 -1 4194304 53060 0 73 0 21285 8 0 0 20 0 1 0 522730541 271380480 56519 67087892480 4194304 7931321 140725894153040 0 0 0 0 0 512 0 0 0 17 61 0 0 5 0 0 10030016 10037704 30892032 140725894158888 140725894159026 140725894159026 140725894160294 0
/proc/22/statm: 66255 56519 1748 913 0 55057 0
Current children cumulated CPU time: 220.16 s
Current children cumulated vsize: 487700 KiB
Current children cumulated memory: 298224 KiB

[startup+282.3 s]
/proc/loadavg: 20.61 20.34 20.98 22/3017 22
/proc/meminfo: memFree=503627588/527542192 swapFree=32113916/33554428
[pid=17] ppid=13 vsize=222680 memory=72148 CPUtime=7.23 cores=56-69,168-181
/proc/17/stat : 17 (python3) S 13 17 0 0 -1 4194304 13600 9186 297 4 69 10 643 1 20 0 1 0 522729689 228024320 18037 67087892480 93825006850048 93825010120749 140723454554128 0 0 0 0 16781312 2 1 0 0 17 60 0 0 98 0 0 93825012484112 93825012768152 93825018023936 140723454556929 140723454556999 140723454556999 140723454558183 0
/proc/17/statm: 55670 18037 5203 799 0 22377 0
[pid=22] ppid=17 vsize=313708 memory=274624 CPUtime=272.69 cores=56-69,168-181
/proc/22/stat : 22 (NuSMVa_linux64) R 17 17 0 0 -1 4194304 65231 0 73 0 27258 11 0 0 20 0 1 0 522730541 321236992 68656 67087892480 4194304 7931321 140725894153040 0 0 0 0 0 512 0 0 0 17 61 0 0 5 0 0 10030016 10037704 30892032 140725894158888 140725894159026 140725894159026 140725894160294 0
/proc/22/statm: 78427 68656 1748 913 0 67229 0
Current children cumulated CPU time: 279.92 s
Current children cumulated vsize: 536388 KiB
Current children cumulated memory: 346772 KiB

[startup+342.3 s]
/proc/loadavg: 20.68 20.41 20.97 22/3017 22
/proc/meminfo: memFree=503830776/527542192 swapFree=32113916/33554428
[pid=17] ppid=13 vsize=222680 memory=72148 CPUtime=7.23 cores=56-69,168-181
/proc/17/stat : 17 (python3) S 13 17 0 0 -1 4194304 13600 9186 297 4 69 10 643 1 20 0 1 0 522729689 228024320 18037 67087892480 93825006850048 93825010120749 140723454554128 0 0 0 0 16781312 2 1 0 0 17 60 0 0 98 0 0 93825012484112 93825012768152 93825018023936 140723454556929 140723454556999 140723454556999 140723454558183 0
/proc/17/statm: 55670 18037 5203 799 0 22377 0
[pid=22] ppid=17 vsize=316780 memory=277792 CPUtime=332.44 cores=56-69,168-181
/proc/22/stat : 22 (NuSMVa_linux64) R 17 17 0 0 -1 4194304 65999 0 73 0 33233 11 0 0 20 0 1 0 522730541 324382720 69448 67087892480 4194304 7931321 140725894153040 0 0 0 0 0 512 0 0 0 17 173 0 0 5 0 0 10030016 10037704 30892032 140725894158888 140725894159026 140725894159026 140725894160294 0
/proc/22/statm: 79195 69448 1748 913 0 67997 0
Current children cumulated CPU time: 339.67 s
Current children cumulated vsize: 539460 KiB
Current children cumulated memory: 349940 KiB

[startup+402.3 s]
/proc/loadavg: 21.96 20.87 21.09 21/3014 22
/proc/meminfo: memFree=504025388/527542192 swapFree=32113916/33554428
[pid=17] ppid=13 vsize=222680 memory=72148 CPUtime=7.23 cores=56-69,168-181
/proc/17/stat : 17 (python3) S 13 17 0 0 -1 4194304 13600 9186 297 4 69 10 643 1 20 0 1 0 522729689 228024320 18037 67087892480 93825006850048 93825010120749 140723454554128 0 0 0 0 16781312 2 1 0 0 17 60 0 0 98 0 0 93825012484112 93825012768152 93825018023936 140723454556929 140723454556999 140723454556999 140723454558183 0
/proc/17/statm: 55670 18037 5203 799 0 22377 0
[pid=22] ppid=17 vsize=316780 memory=277792 CPUtime=392.19 cores=56-69,168-181
/proc/22/stat : 22 (NuSMVa_linux64) R 17 17 0 0 -1 4194304 65999 0 73 0 39208 11 0 0 20 0 1 0 522730541 324382720 69448 67087892480 4194304 7931321 140725894153040 0 0 0 0 0 512 0 0 0 17 173 0 0 5 0 0 10030016 10037704 30892032 140725894158888 140725894159026 140725894159026 140725894160294 0
/proc/22/statm: 79195 69448 1748 913 0 67997 0
Current children cumulated CPU time: 399.42 s
Current children cumulated vsize: 539460 KiB
Current children cumulated memory: 349940 KiB

[startup+462.3 s]
/proc/loadavg: 20.82 20.75 21.03 21/3000 22
/proc/meminfo: memFree=504185060/527542192 swapFree=32113916/33554428
[pid=17] ppid=13 vsize=222680 memory=72148 CPUtime=7.23 cores=56-69,168-181
/proc/17/stat : 17 (python3) S 13 17 0 0 -1 4194304 13600 9186 297 4 69 10 643 1 20 0 1 0 522729689 228024320 18037 67087892480 93825006850048 93825010120749 140723454554128 0 0 0 0 16781312 2 1 0 0 17 60 0 0 98 0 0 93825012484112 93825012768152 93825018023936 140723454556929 140723454556999 140723454556999 140723454558183 0
/proc/17/statm: 55670 18037 5203 799 0 22377 0
[pid=22] ppid=17 vsize=316780 memory=277792 CPUtime=451.93 cores=56-69,168-181
/proc/22/stat : 22 (NuSMVa_linux64) R 17 17 0 0 -1 4194304 65999 0 73 0 45182 11 0 0 20 0 1 0 522730541 324382720 69448 67087892480 4194304 7931321 140725894153040 0 0 0 0 0 512 0 0 0 17 61 0 0 5 0 0 10030016 10037704 30892032 140725894158888 140725894159026 140725894159026 140725894160294 0
/proc/22/statm: 79195 69448 1748 913 0 67997 0
Current children cumulated CPU time: 459.16 s
Current children cumulated vsize: 539460 KiB
Current children cumulated memory: 349940 KiB

[startup+522.3 s]
/proc/loadavg: 22.33 21.07 21.12 30/3042 22
/proc/meminfo: memFree=503062336/527542192 swapFree=32113916/33554428
[pid=17] ppid=13 vsize=222680 memory=72148 CPUtime=7.23 cores=56-69,168-181
/proc/17/stat : 17 (python3) S 13 17 0 0 -1 4194304 13600 9186 297 4 69 10 643 1 20 0 1 0 522729689 228024320 18037 67087892480 93825006850048 93825010120749 140723454554128 0 0 0 0 16781312 2 1 0 0 17 60 0 0 98 0 0 93825012484112 93825012768152 93825018023936 140723454556929 140723454556999 140723454556999 140723454558183 0
/proc/17/statm: 55670 18037 5203 799 0 22377 0
[pid=22] ppid=17 vsize=316780 memory=277792 CPUtime=511.66 cores=56-69,168-181
/proc/22/stat : 22 (NuSMVa_linux64) R 17 17 0 0 -1 4194304 65999 0 73 0 51155 11 0 0 20 0 1 0 522730541 324382720 69448 67087892480 4194304 7931321 140725894153040 0 0 0 0 0 512 0 0 0 17 61 0 0 5 0 0 10030016 10037704 30892032 140725894158888 140725894159026 140725894159026 140725894160294 0
/proc/22/statm: 79195 69448 1748 913 0 67997 0
Current children cumulated CPU time: 518.89 s
Current children cumulated vsize: 539460 KiB
Current children cumulated memory: 349940 KiB

[startup+582.3 s]
/proc/loadavg: 21.86 21.19 21.16 22/3007 22
/proc/meminfo: memFree=502740044/527542192 swapFree=32113916/33554428
[pid=17] ppid=13 vsize=222680 memory=72148 CPUtime=7.23 cores=56-69,168-181
/proc/17/stat : 17 (python3) S 13 17 0 0 -1 4194304 13600 9186 297 4 69 10 643 1 20 0 1 0 522729689 228024320 18037 67087892480 93825006850048 93825010120749 140723454554128 0 0 0 0 16781312 2 1 0 0 17 60 0 0 98 0 0 93825012484112 93825012768152 93825018023936 140723454556929 140723454556999 140723454556999 140723454558183 0
/proc/17/statm: 55670 18037 5203 799 0 22377 0
[pid=22] ppid=17 vsize=316780 memory=277792 CPUtime=571.47 cores=56-69,168-181
/proc/22/stat : 22 (NuSMVa_linux64) R 17 17 0 0 -1 4194304 65999 0 73 0 57135 12 0 0 20 0 1 0 522730541 324382720 69448 67087892480 4194304 7931321 140725894153040 0 0 0 0 0 512 0 0 0 17 61 0 0 5 0 0 10030016 10037704 30892032 140725894158888 140725894159026 140725894159026 140725894160294 0
/proc/22/statm: 79195 69448 1748 913 0 67997 0
Current children cumulated CPU time: 578.7 s
Current children cumulated vsize: 539460 KiB
Current children cumulated memory: 349940 KiB

[startup+642.3 s]
/proc/loadavg: 20.79 21.02 21.10 20/2979 22
/proc/meminfo: memFree=504549316/527542192 swapFree=32113916/33554428
[pid=17] ppid=13 vsize=222680 memory=72148 CPUtime=7.23 cores=56-69,168-181
/proc/17/stat : 17 (python3) S 13 17 0 0 -1 4194304 13600 9186 297 4 69 10 643 1 20 0 1 0 522729689 228024320 18037 67087892480 93825006850048 93825010120749 140723454554128 0 0 0 0 16781312 2 1 0 0 17 60 0 0 98 0 0 93825012484112 93825012768152 93825018023936 140723454556929 140723454556999 140723454556999 140723454558183 0
/proc/17/statm: 55670 18037 5203 799 0 22377 0
[pid=22] ppid=17 vsize=316780 memory=277792 CPUtime=631.28 cores=56-69,168-181
/proc/22/stat : 22 (NuSMVa_linux64) R 17 17 0 0 -1 4194304 66006 0 73 0 63116 12 0 0 20 0 1 0 522730541 324382720 69448 67087892480 4194304 7931321 140725894153040 0 0 0 0 0 512 0 0 0 17 61 0 0 5 0 0 10030016 10037704 30892032 140725894158888 140725894159026 140725894159026 140725894160294 0
/proc/22/statm: 79195 69448 1748 913 0 67997 0
Current children cumulated CPU time: 638.51 s
Current children cumulated vsize: 539460 KiB
Current children cumulated memory: 349940 KiB

[startup+702.3 s]
/proc/loadavg: 22.04 21.20 21.15 22/2994 22
/proc/meminfo: memFree=504000740/527542192 swapFree=32113916/33554428
[pid=17] ppid=13 vsize=222680 memory=72148 CPUtime=7.23 cores=56-69,168-181
/proc/17/stat : 17 (python3) S 13 17 0 0 -1 4194304 13600 9186 297 4 69 10 643 1 20 0 1 0 522729689 228024320 18037 67087892480 93825006850048 93825010120749 140723454554128 0 0 0 0 16781312 2 1 0 0 17 60 0 0 98 0 0 93825012484112 93825012768152 93825018023936 140723454556929 140723454556999 140723454556999 140723454558183 0
/proc/17/statm: 55670 18037 5203 799 0 22377 0
[pid=22] ppid=17 vsize=316780 memory=277792 CPUtime=691.04 cores=56-69,168-181
/proc/22/stat : 22 (NuSMVa_linux64) R 17 17 0 0 -1 4194304 66020 0 73 0 69092 12 0 0 20 0 1 0 522730541 324382720 69448 67087892480 4194304 7931321 140725894153040 0 0 0 0 0 512 0 0 0 17 173 0 0 5 0 0 10030016 10037704 30892032 140725894158888 140725894159026 140725894159026 140725894160294 0
/proc/22/statm: 79195 69448 1748 913 0 67997 0
Current children cumulated CPU time: 698.27 s
Current children cumulated vsize: 539460 KiB
Current children cumulated memory: 349940 KiB

[startup+740.426 s]
# the end of solver process 17 was just reported to runsolver
# cumulated CPU time of all completed processes:  user=736.02 s, system=0.274196 s

Solver just ended.
??? end of watcher thread
Dumping a history of the last processes samples

[startup+716.8 s]
/proc/loadavg: 21.58 21.14 21.13 21/2985 22
/proc/meminfo: memFree=503979280/527542192 swapFree=32113916/33554428
[pid=17] ppid=13 vsize=222680 memory=72148 CPUtime=7.23 cores=56-69,168-181
/proc/17/stat : 17 (python3) S 13 17 0 0 -1 4194304 13600 9186 297 4 69 10 643 1 20 0 1 0 522729689 228024320 18037 67087892480 93825006850048 93825010120749 140723454554128 0 0 0 0 16781312 2 1 0 0 17 60 0 0 98 0 0 93825012484112 93825012768152 93825018023936 140723454556929 140723454556999 140723454556999 140723454558183 0
/proc/17/statm: 55670 18037 5203 799 0 22377 0
[pid=22] ppid=17 vsize=316780 memory=277792 CPUtime=705.5 cores=56-69,168-181
/proc/22/stat : 22 (NuSMVa_linux64) R 17 17 0 0 -1 4194304 66020 0 73 0 70538 12 0 0 20 0 1 0 522730541 324382720 69448 67087892480 4194304 7931321 140725894153040 0 0 0 0 0 512 0 0 0 17 173 0 0 5 0 0 10030016 10037704 30892032 140725894158888 140725894159026 140725894159026 140725894160294 0
/proc/22/statm: 79195 69448 1748 913 0 67997 0
Current children cumulated CPU time: 712.73 s
Current children cumulated vsize: 539460 KiB
Current children cumulated memory: 349940 KiB

[startup+729.6 s]
/proc/loadavg: 21.86 21.22 21.16 22/3028 22
/proc/meminfo: memFree=503842324/527542192 swapFree=32113916/33554428
[pid=17] ppid=13 vsize=222680 memory=72148 CPUtime=7.23 cores=56-69,168-181
/proc/17/stat : 17 (python3) S 13 17 0 0 -1 4194304 13600 9186 297 4 69 10 643 1 20 0 1 0 522729689 228024320 18037 67087892480 93825006850048 93825010120749 140723454554128 0 0 0 0 16781312 2 1 0 0 17 60 0 0 98 0 0 93825012484112 93825012768152 93825018023936 140723454556929 140723454556999 140723454556999 140723454558183 0
/proc/17/statm: 55670 18037 5203 799 0 22377 0
[pid=22] ppid=17 vsize=316780 memory=277792 CPUtime=718.25 cores=56-69,168-181
/proc/22/stat : 22 (NuSMVa_linux64) R 17 17 0 0 -1 4194304 66027 0 73 0 71813 12 0 0 20 0 1 0 522730541 324382720 69448 67087892480 4194304 7931321 140725894153040 0 0 0 0 0 512 0 0 0 17 173 0 0 5 0 0 10030016 10037704 30892032 140725894158888 140725894159026 140725894159026 140725894160294 0
/proc/22/statm: 79195 69448 1748 913 0 67997 0
Current children cumulated CPU time: 725.48 s
Current children cumulated vsize: 539460 KiB
Current children cumulated memory: 349940 KiB

[startup+736 s]*
/proc/loadavg: 21.71 21.19 21.15 22/3029 22
/proc/meminfo: memFree=503924128/527542192 swapFree=32113916/33554428
[pid=17] ppid=13 vsize=222680 memory=72148 CPUtime=7.23 cores=56-69,168-181
/proc/17/stat : 17 (python3) S 13 17 0 0 -1 4194304 13600 9186 297 4 69 10 643 1 20 0 1 0 522729689 228024320 18037 67087892480 93825006850048 93825010120749 140723454554128 0 0 0 0 16781312 2 1 0 0 17 60 0 0 98 0 0 93825012484112 93825012768152 93825018023936 140723454556929 140723454556999 140723454556999 140723454558183 0
/proc/17/statm: 55670 18037 5203 799 0 22377 0
[pid=22] ppid=17 vsize=316780 memory=277792 CPUtime=724.63 cores=56-69,168-181
/proc/22/stat : 22 (NuSMVa_linux64) R 17 17 0 0 -1 4194304 66027 0 73 0 72451 12 0 0 20 0 1 0 522730541 324382720 69448 67087892480 4194304 7931321 140725894153040 0 0 0 0 0 512 0 0 0 17 61 0 0 5 0 0 10030016 10037704 30892032 140725894158888 140725894159026 140725894159026 140725894160294 0
/proc/22/statm: 79195 69448 1748 913 0 67997 0
Current children cumulated CPU time: 731.86 s
Current children cumulated vsize: 539460 KiB
Current children cumulated memory: 349940 KiB

[startup+737.6 s]
/proc/loadavg: 21.71 21.19 21.15 22/3023 22
/proc/meminfo: memFree=504677196/527542192 swapFree=32113916/33554428
[pid=17] ppid=13 vsize=222680 memory=72148 CPUtime=7.23 cores=56-69,168-181
/proc/17/stat : 17 (python3) S 13 17 0 0 -1 4194304 13600 9186 297 4 69 10 643 1 20 0 1 0 522729689 228024320 18037 67087892480 93825006850048 93825010120749 140723454554128 0 0 0 0 16781312 2 1 0 0 17 60 0 0 98 0 0 93825012484112 93825012768152 93825018023936 140723454556929 140723454556999 140723454556999 140723454558183 0
/proc/17/statm: 55670 18037 5203 799 0 22377 0
[pid=22] ppid=17 vsize=316780 memory=277792 CPUtime=726.22 cores=56-69,168-181
/proc/22/stat : 22 (NuSMVa_linux64) R 17 17 0 0 -1 4194304 66027 0 73 0 72610 12 0 0 20 0 1 0 522730541 324382720 69448 67087892480 4194304 7931321 140725894153040 0 0 0 0 0 512 0 0 0 17 61 0 0 5 0 0 10030016 10037704 30892032 140725894158888 140725894159026 140725894159026 140725894160294 0
/proc/22/statm: 79195 69448 1748 913 0 67997 0
Current children cumulated CPU time: 733.45 s
Current children cumulated vsize: 539460 KiB
Current children cumulated memory: 349940 KiB

[startup+739.2 s]
/proc/loadavg: 21.58 21.17 21.14 21/3024 22
/proc/meminfo: memFree=504748244/527542192 swapFree=32113916/33554428
[pid=17] ppid=13 vsize=222680 memory=72148 CPUtime=7.23 cores=56-69,168-181
/proc/17/stat : 17 (python3) S 13 17 0 0 -1 4194304 13600 9186 297 4 69 10 643 1 20 0 1 0 522729689 228024320 18037 67087892480 93825006850048 93825010120749 140723454554128 0 0 0 0 16781312 2 1 0 0 17 60 0 0 98 0 0 93825012484112 93825012768152 93825018023936 140723454556929 140723454556999 140723454556999 140723454558183 0
/proc/17/statm: 55670 18037 5203 799 0 22377 0
[pid=22] ppid=17 vsize=316780 memory=277792 CPUtime=727.82 cores=56-69,168-181
/proc/22/stat : 22 (NuSMVa_linux64) R 17 17 0 0 -1 4194304 66027 0 73 0 72770 12 0 0 20 0 1 0 522730541 324382720 69448 67087892480 4194304 7931321 140725894153040 0 0 0 0 0 512 0 0 0 17 61 0 0 5 0 0 10030016 10037704 30892032 140725894158888 140725894159026 140725894159026 140725894160294 0
/proc/22/statm: 79195 69448 1748 913 0 67997 0
Current children cumulated CPU time: 735.05 s
Current children cumulated vsize: 539460 KiB
Current children cumulated memory: 349940 KiB

[startup+740 s]*
/proc/loadavg: 21.58 21.17 21.14 21/3010 22
/proc/meminfo: memFree=504745764/527542192 swapFree=32113916/33554428
[pid=17] ppid=13 vsize=222680 memory=72148 CPUtime=7.23 cores=56-69,168-181
/proc/17/stat : 17 (python3) S 13 17 0 0 -1 4194304 13600 9186 297 4 69 10 643 1 20 0 1 0 522729689 228024320 18037 67087892480 93825006850048 93825010120749 140723454554128 0 0 0 0 16781312 2 1 0 0 17 60 0 0 98 0 0 93825012484112 93825012768152 93825018023936 140723454556929 140723454556999 140723454556999 140723454558183 0
/proc/17/statm: 55670 18037 5203 799 0 22377 0
[pid=22] ppid=17 vsize=316780 memory=277792 CPUtime=728.61 cores=56-69,168-181
/proc/22/stat : 22 (NuSMVa_linux64) R 17 17 0 0 -1 4194304 66027 0 73 0 72849 12 0 0 20 0 1 0 522730541 324382720 69448 67087892480 4194304 7931321 140725894153040 0 0 0 0 0 512 0 0 0 17 61 0 0 5 0 0 10030016 10037704 30892032 140725894158888 140725894159026 140725894159026 140725894160294 0
/proc/22/statm: 79195 69448 1748 913 0 67997 0
Current children cumulated CPU time: 735.84 s
Current children cumulated vsize: 539460 KiB
Current children cumulated memory: 349940 KiB

[startup+740.4 s]
/proc/loadavg: 21.58 21.17 21.14 21/3010 22
/proc/meminfo: memFree=504745764/527542192 swapFree=32113916/33554428
[pid=17] ppid=13 vsize=221740 memory=71484 CPUtime=736.26 cores=56-69,168-181
/proc/17/stat : 17 (python3) R 13 17 0 0 -1 4194304 15551 75229 298 78 75 11 73525 15 20 0 1 0 522729689 227061760 17871 67087892480 93825006850048 93825010120749 140723454554128 0 0 0 0 16781312 0 0 0 0 17 60 0 0 98 0 0 93825012484112 93825012768152 93825018023936 140723454556929 140723454556999 140723454556999 140723454558183 0
/proc/17/statm: 55435 17871 5204 799 0 22142 0
Current children cumulated CPU time: 736.26 s
Current children cumulated vsize: 221740 KiB
Current children cumulated memory: 71484 KiB

Child status: 0
Real time (s): 740.426
CPU time (s): 736.294
CPU user time (s): 736.02
CPU system time (s): 0.274196
CPU usage (%): 99.4419
Max. virtual memory (cumulated for all children) (KiB): 540516
Max. memory (cumulated for all children) (KiB): 350996

getrusage(RUSAGE_CHILDREN,...) data:
user time used= 736.02
system time used= 0.274196
maximum resident set size= 278200
integral shared memory size= 0
integral unshared data size= 0
integral unshared stack size= 0
page reclaims= 90798
page faults= 384
swaps= 0
block input operations= 106136
block output operations= 16
messages sent= 0
messages received= 0
signals received= 0
voluntary context switches= 10796
involuntary context switches= 383


# summary of solver processes directly reported to runsolver:
#   pid: 17
#   total CPU time (s): 736.294
#   total CPU user time (s): 736.02
#   total CPU system time (s): 0.274196

??? join timestamper begins
??? join timestamper ends
??? end of timestamper thread
runsolver used 0.595651 second user time and 1.03669 second system time

The end
