# WCTIME: wall clock time in seconds
WCTIME=1800.16
# CPUTIME: CPU time in seconds (USERTIME+SYSTEMTIME)
CPUTIME=1791.85
# USERTIME: CPU time spent in user mode in seconds
USERTIME=1750.86
# SYSTEMTIME: CPU time spent in system mode in seconds
SYSTEMTIME=40.9917
# CPUUSAGE: CPUTIME/WCTIME in percent
CPUUSAGE=99.5384
# MAXVM: maximum virtual memory used in KiB
MAXVM=28355004
# MAXMM: maximum memory used in KiB
MAXMM=25541248
# MAXRSS: maximum Resident Segment Size in KiB
MAXRSS=25694068
# TIMEOUT: did the solver exceed the time limit?
TIMEOUT=true
# MEMOUT: did the solver exceed the memory limit?
MEMOUT=false
# EXITSTATUS: Exit status of the solver
EXITSTATUS=15
