runsolver version 3.4.1 (svn: 3018) Copyright (C) 2010-2013 Olivier ROUSSEL

This program is distributed in the hope that it will be useful,
but WITHOUT ANY WARRANTY; without even the implied warranty of
MERCHANTABILITY or FITNESS FOR A PARTICULAR PURPOSE.  See the
GNU General Public License for more details.

NUMA information:
  number of nodes: 8
  memory of node 0: 63700 MiB (1860 MiB free)
  memory of node 1: 64504 MiB (61650 MiB free)
  memory of node 2: 64504 MiB (21449 MiB free)
  memory of node 3: 64461 MiB (36774 MiB free)
  memory of node 4: 64504 MiB (62906 MiB free)
  memory of node 5: 64504 MiB (63245 MiB free)
  memory of node 6: 64504 MiB (11195 MiB free)
  memory of node 7: 64491 MiB (24863 MiB free)
  node distances:
     10  12  12  12  21  21  21  21
     12  10  12  12  21  21  21  21
     12  12  10  12  21  21  21  21
     12  12  12  10  21  21  21  21
     21  21  21  21  10  12  12  12
     21  21  21  21  12  10  12  12
     21  21  21  21  12  12  10  12
     21  21  21  21  12  12  12  10

command line: /usr/local/bin/runsolver --timestamp -w /output/runsolver-watch.log -v /output/runsolver-values.log -o /output/solver-output.log -C 1800.0 -W 1800.0 -R 64000 /opt/solver/run_bn4rust.py --mode cyber-complement-gfp-plus-dependency-order --instance /input/model_063.bnet 

running on 8 cores: 60-67

Enforcing CPUTime limit (soft limit, will send SIGTERM then SIGKILL): 1800 seconds
Enforcing CPUTime limit (hard limit, will send SIGXCPU): 1830 seconds
Enforcing wall clock limit (soft limit, will send SIGTERM then SIGKILL): 1800 seconds
Enforcing RSS+Swap limit (soft limit, will send SIGTERM then SIGKILL): 65536000 KiB
Linux 4.18.0-553.159.1.el8_10.x86_64
Current StackSize limit: 18014398509481983 KiB

solver pid=16, runsolver pid=13

[startup+0.100069 s]*
/proc/loadavg: 42.01 36.85 35.08 43/2903 17
/proc/meminfo: memFree=290715884/527542228 swapFree=4962812/33554428
[pid=16] ppid=13 vsize=15748 memory=9976 CPUtime=0.02 cores=56-69,168-181
/proc/16/stat : 16 (python3) D 13 16 0 0 -1 4194304 1376 0 81 0 2 0 0 0 20 0 1 0 53473212 16125952 2494 67087892480 4194304 7154137 140737416703552 0 0 0 0 16781312 2 0 0 0 17 60 0 0 6 0 0 9727432 11029816 26533888 140737416706871 140737416706989 140737416706989 140737416708071 0
/proc/16/statm: 3937 2494 1393 723 0 1673 0
Current children cumulated CPU time: 0.02 s
Current children cumulated vsize: 15748 KiB
Current children cumulated memory: 9976 KiB

[startup+0.177326 s]
# the end of solver process 16 was just reported to runsolver
# cumulated CPU time of all completed processes:  user=0.050272 s, system=0.012568 s

Solver just ended.
??? end of watcher thread
Dumping a history of the last processes samples

[startup+0.100069 s]*
/proc/loadavg: 42.01 36.85 35.08 43/2903 17
/proc/meminfo: memFree=290715884/527542228 swapFree=4962812/33554428
[pid=16] ppid=13 vsize=15748 memory=9976 CPUtime=0.02 cores=56-69,168-181
/proc/16/stat : 16 (python3) D 13 16 0 0 -1 4194304 1376 0 81 0 2 0 0 0 20 0 1 0 53473212 16125952 2494 67087892480 4194304 7154137 140737416703552 0 0 0 0 16781312 2 0 0 0 17 60 0 0 6 0 0 9727432 11029816 26533888 140737416706871 140737416706989 140737416706989 140737416708071 0
/proc/16/statm: 3937 2494 1393 723 0 1673 0
Current children cumulated CPU time: 0.02 s
Current children cumulated vsize: 15748 KiB
Current children cumulated memory: 9976 KiB

Child status: 0
Real time (s): 0.177357
CPU time (s): 0.06284
CPU user time (s): 0.050272
CPU system time (s): 0.012568
CPU usage (%): 35.4314
Max. virtual memory (cumulated for all children) (KiB): 15748
Max. memory (cumulated for all children) (KiB): 9976

getrusage(RUSAGE_CHILDREN,...) data:
user time used= 0.050272
system time used= 0.012568
maximum resident set size= 12600
integral shared memory size= 0
integral unshared data size= 0
integral unshared stack size= 0
page reclaims= 2084
page faults= 115
swaps= 0
block input operations= 19800
block output operations= 0
messages sent= 0
messages received= 0
signals received= 0
voluntary context switches= 986
involuntary context switches= 0


# summary of solver processes directly reported to runsolver:
#   pid: 16
#   total CPU time (s): 0.06284
#   total CPU user time (s): 0.050272
#   total CPU system time (s): 0.012568

??? join timestamper begins
??? join timestamper ends
??? end of timestamper thread
runsolver used 0.002094 second user time and 0.004749 second system time

The end
