runsolver version 3.4.1 (svn: 3018) Copyright (C) 2010-2013 Olivier ROUSSEL

This program is distributed in the hope that it will be useful,
but WITHOUT ANY WARRANTY; without even the implied warranty of
MERCHANTABILITY or FITNESS FOR A PARTICULAR PURPOSE.  See the
GNU General Public License for more details.

NUMA information:
  number of nodes: 8
  memory of node 0: 63657 MiB (48972 MiB free)
  memory of node 1: 64504 MiB (52711 MiB free)
  memory of node 2: 64504 MiB (54613 MiB free)
  memory of node 3: 64504 MiB (59144 MiB free)
  memory of node 4: 64504 MiB (53850 MiB free)
  memory of node 5: 64504 MiB (54879 MiB free)
  memory of node 6: 64504 MiB (63129 MiB free)
  memory of node 7: 64491 MiB (54996 MiB free)
  node distances:
     10  12  12  12  21  21  21  21
     12  10  12  12  21  21  21  21
     12  12  10  12  21  21  21  21
     12  12  12  10  21  21  21  21
     21  21  21  21  10  12  12  12
     21  21  21  21  12  10  12  12
     21  21  21  21  12  12  10  12
     21  21  21  21  12  12  12  10

command line: /usr/local/bin/runsolver --timestamp -w /output/runsolver-watch.log -v /output/runsolver-values.log -o /output/solver-output.log -C 1800.0 -W 1800.0 -R 64000 /opt/solver/run_bn4rust.py --mode cyber-complement-gfp-plus-dependency-order --instance /input/model_052.bnet 

running on 28 cores: 44-47,50-55,156-159,162-167,78,84,87-88,190,196,199-200

Enforcing CPUTime limit (soft limit, will send SIGTERM then SIGKILL): 1800 seconds
Enforcing CPUTime limit (hard limit, will send SIGXCPU): 1830 seconds
Enforcing wall clock limit (soft limit, will send SIGTERM then SIGKILL): 1800 seconds
Enforcing RSS+Swap limit (soft limit, will send SIGTERM then SIGKILL): 65536000 KiB
Linux 4.18.0-553.159.1.el8_10.x86_64
solver pid=16, runsolver pid=13
Current StackSize limit: 18014398509481983 KiB


[startup+0.100073 s]*
/proc/loadavg: 24.56 25.85 29.19 26/2839 17
/proc/meminfo: memFree=452898108/527542244 swapFree=33538300/33554428
[pid=16] ppid=13 vsize=15748 memory=9984 CPUtime=0.01 cores=44-47,50-55,78,84,87-88,156-159,162-167,190,196,199-200
/proc/16/stat : 16 (python3) D 13 16 0 0 -1 4194304 1367 0 81 0 1 0 0 0 20 0 1 0 53525442 16125952 2496 67087892480 4194304 7154137 140723061292432 0 0 0 0 16781312 2 0 0 0 17 88 0 0 6 0 0 9727432 11029816 25169920 140723061300023 140723061300141 140723061300141 140723061301223 0
/proc/16/statm: 3937 2496 1395 723 0 1673 0
Current children cumulated CPU time: 0.01 s
Current children cumulated vsize: 15748 KiB
Current children cumulated memory: 9984 KiB

[startup+0.200692 s]*
/proc/loadavg: 24.56 25.85 29.19 27/2840 18
/proc/meminfo: memFree=453091812/527542244 swapFree=33538300/33554428
[pid=16] ppid=13 vsize=17684 memory=12424 CPUtime=0.07 cores=44-47,50-55,78,84,87-88,156-159,162-167,190,196,199-200
/proc/16/stat : 16 (python3) S 13 16 0 0 -1 4194304 1897 0 96 0 3 4 0 0 20 0 1 0 53525442 18108416 3106 67087892480 4194304 7154137 140723061292432 0 0 0 0 16781312 2 1 0 0 17 200 0 0 8 0 0 9727432 11029816 25169920 140723061300023 140723061300141 140723061300141 140723061301223 0
/proc/16/statm: 4421 3106 1512 723 0 2063 0
[pid=18] ppid=16 vsize=7904 memory=4400 CPUtime=0 cores=44-47,50-55,78,84,87-88,156-159,162-167,190,196,199-200
/proc/18/stat : 18 (bn4rust) R 16 16 0 0 -1 4194304 175 0 18 0 0 0 0 0 20 0 1 0 53525460 8093696 1100 67087892480 93969648091136 93969649958257 140725545842352 0 0 0 0 4096 1088 0 0 0 17 196 0 0 1 0 0 93969650216320 93969650263256 93969659502592 140725545843450 140725545843606 140725545843606 140725545844705 0
/proc/18/statm: 1976 1100 1036 456 0 137 0
Current children cumulated CPU time: 0.07 s
Current children cumulated vsize: 25588 KiB
Current children cumulated memory: 16824 KiB

[startup+0.254847 s]
# the end of solver process 16 was just reported to runsolver
# cumulated CPU time of all completed processes:  user=0.086287 s, system=0.050914 s

Solver just ended.
??? end of watcher thread
Dumping a history of the last processes samples

Child status: 0
Real time (s): 0.254873
CPU time (s): 0.137201
CPU user time (s): 0.086287
CPU system time (s): 0.050914
CPU usage (%): 53.8311
Max. virtual memory (cumulated for all children) (KiB): 25588
Max. memory (cumulated for all children) (KiB): 16824

getrusage(RUSAGE_CHILDREN,...) data:
user time used= 0.086287
system time used= 0.050914
maximum resident set size= 12640
integral shared memory size= 0
integral unshared data size= 0
integral unshared stack size= 0
page reclaims= 2128
page faults= 116
swaps= 0
block input operations= 19800
block output operations= 0
messages sent= 0
messages received= 0
signals received= 0
voluntary context switches= 985
involuntary context switches= 4


# summary of solver processes directly reported to runsolver:
#   pid: 16
#   total CPU time (s): 0.137201
#   total CPU user time (s): 0.086287
#   total CPU system time (s): 0.050914

??? join timestamper begins
??? join timestamper ends
??? end of timestamper thread
runsolver used 0.00104 second user time and 0.12005 second system time

The end
