runsolver version 3.4.1 (svn: 3018) Copyright (C) 2010-2013 Olivier ROUSSEL

This program is distributed in the hope that it will be useful,
but WITHOUT ANY WARRANTY; without even the implied warranty of
MERCHANTABILITY or FITNESS FOR A PARTICULAR PURPOSE.  See the
GNU General Public License for more details.

NUMA information:
  number of nodes: 8
  memory of node 0: 63700 MiB (59842 MiB free)
  memory of node 1: 64504 MiB (63546 MiB free)
  memory of node 2: 64504 MiB (56397 MiB free)
  memory of node 3: 64504 MiB (54021 MiB free)
  memory of node 4: 64504 MiB (56150 MiB free)
  memory of node 5: 64504 MiB (63747 MiB free)
  memory of node 6: 64461 MiB (45458 MiB free)
  memory of node 7: 64491 MiB (60426 MiB free)
  node distances:
     10  12  12  12  21  21  21  21
     12  10  12  12  21  21  21  21
     12  12  10  12  21  21  21  21
     12  12  12  10  21  21  21  21
     21  21  21  21  10  12  12  12
     21  21  21  21  12  10  12  12
     21  21  21  21  12  12  10  12
     21  21  21  21  12  12  12  10

command line: /usr/local/bin/runsolver --timestamp -w /output/runsolver-watch.log -v /output/runsolver-values.log -o /output/solver-output.log -C 1800.0 -W 1800.0 -R 64000 /opt/solver/run_bn4rust.py --mode cyber-complement-gfp-plus-immutable --instance /input/model_142.bnet 

running on 28 cores: 14-27,126-139

Enforcing CPUTime limit (soft limit, will send SIGTERM then SIGKILL): 1800 seconds
Enforcing CPUTime limit (hard limit, will send SIGXCPU): 1830 seconds
Enforcing wall clock limit (soft limit, will send SIGTERM then SIGKILL): 1800 seconds
Enforcing RSS+Swap limit (soft limit, will send SIGTERM then SIGKILL): 65536000 KiB
Linux 4.18.0-553.159.1.el8_10.x86_64
solver pid=16, runsolver pid=13
Current StackSize limit: 18014398509481983 KiB


[startup+0.100067 s]*
/proc/loadavg: 25.53 31.24 33.26 29/2880 17
/proc/meminfo: memFree=470559584/527542212 swapFree=33522940/33554428
[pid=16] ppid=13 vsize=15748 memory=9980 CPUtime=0.01 cores=14-27,126-139
/proc/16/stat : 16 (python3) D 13 16 0 0 -1 4194304 1375 0 81 0 1 0 0 0 20 0 1 0 53411903 16125952 2495 67087892480 4194304 7154137 140728963092576 0 0 0 0 16781312 2 0 0 0 17 15 0 0 6 0 0 9727432 11029816 26796032 140728963095358 140728963095469 140728963095469 140728963096551 0
/proc/16/statm: 3937 2495 1395 723 0 1673 0
Current children cumulated CPU time: 0.01 s
Current children cumulated vsize: 15748 KiB
Current children cumulated memory: 9980 KiB

[startup+0.200774 s]*
/proc/loadavg: 25.53 31.24 33.26 26/2881 18
/proc/meminfo: memFree=470539764/527542212 swapFree=33522940/33554428
[pid=16] ppid=13 vsize=17684 memory=12420 CPUtime=0.04 cores=14-27,126-139
/proc/16/stat : 16 (python3) S 13 16 0 0 -1 4194304 1896 0 96 0 3 1 0 0 20 0 1 0 53411903 18108416 3105 67087892480 4194304 7154137 140728963092576 0 0 0 0 16781312 2 1 0 0 17 15 0 0 8 0 0 9727432 11029816 26796032 140728963095358 140728963095469 140728963095469 140728963096551 0
/proc/16/statm: 4421 3105 1512 723 0 2063 0
[pid=18] ppid=16 vsize=8360 memory=5140 CPUtime=0.03 cores=14-27,126-139
/proc/18/stat : 18 (bn4rust) R 16 16 0 0 -1 4194304 394 0 17 0 3 0 0 0 20 0 1 0 53411917 8560640 1285 67087892480 94133711339520 94133713206641 140724141176944 0 0 0 0 4096 1088 0 0 0 17 16 0 0 1 0 0 94133713464704 94133713511640 94133727879168 140724141177601 140724141177750 140724141177750 140724141178849 0
/proc/18/statm: 2090 1285 1067 456 0 251 0
Current children cumulated CPU time: 0.07 s
Current children cumulated vsize: 26044 KiB
Current children cumulated memory: 17560 KiB

[startup+0.300596 s]*
/proc/loadavg: 25.53 31.24 33.26 27/2881 18
/proc/meminfo: memFree=470537004/527542212 swapFree=33522940/33554428
[pid=16] ppid=13 vsize=17684 memory=12420 CPUtime=0.04 cores=14-27,126-139
/proc/16/stat : 16 (python3) S 13 16 0 0 -1 4194304 1896 0 96 0 3 1 0 0 20 0 1 0 53411903 18108416 3105 67087892480 4194304 7154137 140728963092576 0 0 0 0 16781312 2 1 0 0 17 15 0 0 8 0 0 9727432 11029816 26796032 140728963095358 140728963095469 140728963095469 140728963096551 0
/proc/16/statm: 4421 3105 1512 723 0 2063 0
[pid=18] ppid=16 vsize=8592 memory=5396 CPUtime=0.13 cores=14-27,126-139
/proc/18/stat : 18 (bn4rust) R 16 16 0 0 -1 4194304 1933 0 17 0 13 0 0 0 20 0 1 0 53411917 8798208 1349 67087892480 94133711339520 94133713206641 140724141176944 0 0 0 0 4096 1088 0 0 0 17 16 0 0 1 0 0 94133713464704 94133713511640 94133727879168 140724141177601 140724141177750 140724141177750 140724141178849 0
/proc/18/statm: 2198 1349 1067 456 0 359 0
Current children cumulated CPU time: 0.17 s
Current children cumulated vsize: 26276 KiB
Current children cumulated memory: 17816 KiB

[startup+0.700345 s]
/proc/loadavg: 25.53 31.24 33.26 24/2881 18
/proc/meminfo: memFree=470506064/527542212 swapFree=33522940/33554428
[pid=16] ppid=13 vsize=17684 memory=12420 CPUtime=0.04 cores=14-27,126-139
/proc/16/stat : 16 (python3) S 13 16 0 0 -1 4194304 1896 0 96 0 3 1 0 0 20 0 1 0 53411903 18108416 3105 67087892480 4194304 7154137 140728963092576 0 0 0 0 16781312 2 1 0 0 17 15 0 0 8 0 0 9727432 11029816 26796032 140728963095358 140728963095469 140728963095469 140728963096551 0
/proc/16/statm: 4421 3105 1512 723 0 2063 0
[pid=18] ppid=16 vsize=8800 memory=5396 CPUtime=0.53 cores=14-27,126-139
/proc/18/stat : 18 (bn4rust) R 16 16 0 0 -1 4194304 3766 0 17 0 53 0 0 0 20 0 1 0 53411917 9011200 1349 67087892480 94133711339520 94133713206641 140724141176944 0 0 0 0 4096 1088 0 0 0 17 16 0 0 1 0 0 94133713464704 94133713511640 94133727879168 140724141177601 140724141177750 140724141177750 140724141178849 0
/proc/18/statm: 2200 1349 1067 456 0 361 0
Current children cumulated CPU time: 0.57 s
Current children cumulated vsize: 26484 KiB
Current children cumulated memory: 17816 KiB

[startup+0.746045 s]
# the end of solver process 16 was just reported to runsolver
# cumulated CPU time of all completed processes:  user=0.608857 s, system=0.022327 s

Solver just ended.
??? end of watcher thread
Dumping a history of the last processes samples

[startup+0.700345 s]
/proc/loadavg: 25.53 31.24 33.26 24/2881 18
/proc/meminfo: memFree=470506064/527542212 swapFree=33522940/33554428
[pid=16] ppid=13 vsize=17684 memory=12420 CPUtime=0.04 cores=14-27,126-139
/proc/16/stat : 16 (python3) S 13 16 0 0 -1 4194304 1896 0 96 0 3 1 0 0 20 0 1 0 53411903 18108416 3105 67087892480 4194304 7154137 140728963092576 0 0 0 0 16781312 2 1 0 0 17 15 0 0 8 0 0 9727432 11029816 26796032 140728963095358 140728963095469 140728963095469 140728963096551 0
/proc/16/statm: 4421 3105 1512 723 0 2063 0
[pid=18] ppid=16 vsize=8800 memory=5396 CPUtime=0.53 cores=14-27,126-139
/proc/18/stat : 18 (bn4rust) R 16 16 0 0 -1 4194304 3766 0 17 0 53 0 0 0 20 0 1 0 53411917 9011200 1349 67087892480 94133711339520 94133713206641 140724141176944 0 0 0 0 4096 1088 0 0 0 17 16 0 0 1 0 0 94133713464704 94133713511640 94133727879168 140724141177601 140724141177750 140724141177750 140724141178849 0
/proc/18/statm: 2200 1349 1067 456 0 361 0
Current children cumulated CPU time: 0.57 s
Current children cumulated vsize: 26484 KiB
Current children cumulated memory: 17816 KiB

Child status: 0
Real time (s): 0.746063
CPU time (s): 0.631184
CPU user time (s): 0.608857
CPU system time (s): 0.022327
CPU usage (%): 84.602
Max. virtual memory (cumulated for all children) (KiB): 26724
Max. memory (cumulated for all children) (KiB): 18032

getrusage(RUSAGE_CHILDREN,...) data:
user time used= 0.608857
system time used= 0.022327
maximum resident set size= 12636
integral shared memory size= 0
integral unshared data size= 0
integral unshared stack size= 0
page reclaims= 5682
page faults= 115
swaps= 0
block input operations= 19800
block output operations= 0
messages sent= 0
messages received= 0
signals received= 0
voluntary context switches= 1007
involuntary context switches= 6


# summary of solver processes directly reported to runsolver:
#   pid: 16
#   total CPU time (s): 0.631184
#   total CPU user time (s): 0.608857
#   total CPU system time (s): 0.022327

??? join timestamper begins
??? join timestamper ends
??? end of timestamper thread
runsolver used 0.002976 second user time and 0.082441 second system time

The end
