# WCTIME: wall clock time in seconds
WCTIME=0.40668
# CPUTIME: CPU time in seconds (USERTIME+SYSTEMTIME)
CPUTIME=0.29496
# USERTIME: CPU time spent in user mode in seconds
USERTIME=0.262703
# SYSTEMTIME: CPU time spent in system mode in seconds
SYSTEMTIME=0.032257
# CPUUSAGE: CPUTIME/WCTIME in percent
CPUUSAGE=72.5288
# MAXVM: maximum virtual memory used in KiB
MAXVM=26932
# MAXMM: maximum memory used in KiB
MAXMM=18180
# MAXRSS: maximum Resident Segment Size in KiB
MAXRSS=12488
# TIMEOUT: did the solver exceed the time limit?
TIMEOUT=false
# MEMOUT: did the solver exceed the memory limit?
MEMOUT=false
# EXITSTATUS: Exit status of the solver
EXITSTATUS=0
