runsolver version 3.4.1 (svn: 3018) Copyright (C) 2010-2013 Olivier ROUSSEL

This program is distributed in the hope that it will be useful,
but WITHOUT ANY WARRANTY; without even the implied warranty of
MERCHANTABILITY or FITNESS FOR A PARTICULAR PURPOSE.  See the
GNU General Public License for more details.

NUMA information:
  number of nodes: 8
  memory of node 0: 63700 MiB (61556 MiB free)
  memory of node 1: 64504 MiB (63511 MiB free)
  memory of node 2: 64504 MiB (63699 MiB free)
  memory of node 3: 64504 MiB (63676 MiB free)
  memory of node 4: 64461 MiB (63554 MiB free)
  memory of node 5: 64504 MiB (63352 MiB free)
  memory of node 6: 64504 MiB (63103 MiB free)
  memory of node 7: 64491 MiB (62988 MiB free)
  node distances:
     10  12  12  12  21  21  21  21
     12  10  12  12  21  21  21  21
     12  12  10  12  21  21  21  21
     12  12  12  10  21  21  21  21
     21  21  21  21  10  12  12  12
     21  21  21  21  12  10  12  12
     21  21  21  21  12  12  10  12
     21  21  21  21  12  12  12  10

command line: /usr/local/bin/runsolver --timestamp -w /output/runsolver-watch.log -v /output/runsolver-values.log -o /output/solver-output.log -C 1800.0 -W 1800.0 -R 64000 /opt/solver/run_bn4rust.py --mode cyber-complement-gfp --instance /input/model_098.bnet 

running on 20 cores: 72-83,188-195

Enforcing CPUTime limit (soft limit, will send SIGTERM then SIGKILL): 1800 seconds
Enforcing CPUTime limit (hard limit, will send SIGXCPU): 1830 seconds
Enforcing wall clock limit (soft limit, will send SIGTERM then SIGKILL): 1800 seconds
Enforcing RSS+Swap limit (soft limit, will send SIGTERM then SIGKILL): 65536000 KiB
Linux 4.18.0-553.159.1.el8_10.x86_64
solver pid=16, runsolver pid=13
Current StackSize limit: 18014398509481983 KiB


[startup+0.100078 s]*
/proc/loadavg: 2.47 0.61 0.20 7/2844 17
/proc/meminfo: memFree=517429324/527542240 swapFree=33534972/33554428
[pid=16] ppid=13 vsize=15800 memory=10036 CPUtime=0.02 cores=70-83,182-195
/proc/16/stat : 16 (python3) R 13 16 0 0 -1 4194304 1387 0 84 0 2 0 0 0 20 0 1 0 53233979 16179200 2509 67087892480 4194304 7154137 140726059109424 0 0 0 0 16781312 2 0 0 0 17 182 0 0 6 0 0 9727432 11029816 27615232 140726059113293 140726059113389 140726059113389 140726059114471 0
/proc/16/statm: 3950 2509 1375 723 0 1674 0
Current children cumulated CPU time: 0.02 s
Current children cumulated vsize: 15800 KiB
Current children cumulated memory: 10036 KiB

[startup+0.200564 s]*
/proc/loadavg: 2.47 0.61 0.20 7/2822 18
/proc/meminfo: memFree=517465848/527542240 swapFree=33534972/33554428
[pid=16] ppid=13 vsize=17684 memory=12348 CPUtime=0.04 cores=70-83,182-195
/proc/16/stat : 16 (python3) S 13 16 0 0 -1 4194304 1887 0 96 0 3 1 0 0 20 0 1 0 53233979 18108416 3087 67087892480 4194304 7154137 140726059109424 0 0 0 0 16781312 2 1 0 0 17 182 0 0 8 0 0 9727432 11029816 27615232 140726059113293 140726059113389 140726059113389 140726059114471 0
/proc/16/statm: 4421 3087 1493 723 0 2063 0
[pid=18] ppid=16 vsize=9248 memory=5832 CPUtime=0.04 cores=70-83,182-195
/proc/18/stat : 18 (bn4rust) R 16 16 0 0 -1 4194304 1621 0 18 0 4 0 0 0 20 0 1 0 53233993 9469952 1458 67087892480 94473693003776 94473694870897 140721204112368 0 0 0 0 4096 1088 0 0 0 17 191 0 0 1 0 0 94473695128960 94473695175896 94473714843648 140721204116240 140721204116374 140721204116374 140721204117473 0
/proc/18/statm: 2312 1458 1108 456 0 473 0
Current children cumulated CPU time: 0.08 s
Current children cumulated vsize: 26932 KiB
Current children cumulated memory: 18180 KiB

[startup+0.300554 s]*
/proc/loadavg: 2.47 0.61 0.20 7/2820 18
/proc/meminfo: memFree=517465024/527542240 swapFree=33534972/33554428
[pid=16] ppid=13 vsize=17684 memory=12348 CPUtime=0.04 cores=70-83,182-195
/proc/16/stat : 16 (python3) S 13 16 0 0 -1 4194304 1888 0 96 0 3 1 0 0 20 0 1 0 53233979 18108416 3087 67087892480 4194304 7154137 140726059109424 0 0 0 0 16781312 2 1 0 0 17 182 0 0 8 0 0 9727432 11029816 27615232 140726059113293 140726059113389 140726059113389 140726059114471 0
/proc/16/statm: 4421 3087 1493 723 0 2063 0
[pid=18] ppid=16 vsize=8760 memory=5316 CPUtime=0.13 cores=70-83,182-195
/proc/18/stat : 18 (bn4rust) R 16 16 0 0 -1 4194304 5396 0 18 0 13 0 0 0 20 0 1 0 53233993 8970240 1329 67087892480 94473693003776 94473694870897 140721204112368 0 0 0 0 4096 1088 0 0 0 17 191 0 0 1 0 0 94473695128960 94473695175896 94473714843648 140721204116240 140721204116374 140721204116374 140721204117473 0
/proc/18/statm: 2190 1329 1108 456 0 351 0
Current children cumulated CPU time: 0.17 s
Current children cumulated vsize: 26444 KiB
Current children cumulated memory: 17664 KiB

[startup+0.406657 s]
# the end of solver process 16 was just reported to runsolver
# cumulated CPU time of all completed processes:  user=0.262703 s, system=0.032257 s

Solver just ended.
??? end of watcher thread
Dumping a history of the last processes samples

[startup+0.400542 s]*
/proc/loadavg: 2.47 0.61 0.20 7/2819 18
/proc/meminfo: memFree=517681804/527542240 swapFree=33534972/33554428
[pid=16] ppid=13 vsize=17684 memory=12348 CPUtime=0.27 cores=70-83,182-195
/proc/16/stat : 16 (python3) R 13 16 0 0 -1 4194304 1893 9160 96 20 3 1 22 1 20 0 1 0 53233979 18108416 3087 67087892480 4194304 7154137 140726059109424 0 0 0 0 16781312 0 0 0 0 17 182 0 0 8 0 0 9727432 11029816 27615232 140726059113293 140726059113389 140726059113389 140726059114471 0
/proc/16/statm: 4421 3087 1493 723 0 2063 0
Current children cumulated CPU time: 0.27 s
Current children cumulated vsize: 17684 KiB
Current children cumulated memory: 12348 KiB

Child status: 0
Real time (s): 0.40668
CPU time (s): 0.29496
CPU user time (s): 0.262703
CPU system time (s): 0.032257
CPU usage (%): 72.5288
Max. virtual memory (cumulated for all children) (KiB): 26932
Max. memory (cumulated for all children) (KiB): 18180

getrusage(RUSAGE_CHILDREN,...) data:
user time used= 0.262703
system time used= 0.032257
maximum resident set size= 12488
integral shared memory size= 0
integral unshared data size= 0
integral unshared stack size= 0
page reclaims= 11062
page faults= 116
swaps= 0
block input operations= 19800
block output operations= 0
messages sent= 0
messages received= 0
signals received= 0
voluntary context switches= 978
involuntary context switches= 1


# summary of solver processes directly reported to runsolver:
#   pid: 16
#   total CPU time (s): 0.29496
#   total CPU user time (s): 0.262703
#   total CPU system time (s): 0.032257

??? join timestamper begins
??? join timestamper ends
??? end of timestamper thread
runsolver used 0.002628 second user time and 0.004897 second system time

The end
