# WCTIME: wall clock time in seconds
WCTIME=0.220089
# CPUTIME: CPU time in seconds (USERTIME+SYSTEMTIME)
CPUTIME=0.056038
# USERTIME: CPU time spent in user mode in seconds
USERTIME=0.036224
# SYSTEMTIME: CPU time spent in system mode in seconds
SYSTEMTIME=0.019814
# CPUUSAGE: CPUTIME/WCTIME in percent
CPUUSAGE=25.4615
# MAXVM: maximum virtual memory used in KiB
MAXVM=25456
# MAXMM: maximum memory used in KiB
MAXMM=16828
# MAXRSS: maximum Resident Segment Size in KiB
MAXRSS=12628
# TIMEOUT: did the solver exceed the time limit?
TIMEOUT=false
# MEMOUT: did the solver exceed the memory limit?
MEMOUT=false
# EXITSTATUS: Exit status of the solver
EXITSTATUS=0
