runsolver version 3.4.1 (svn: 3018) Copyright (C) 2010-2013 Olivier ROUSSEL

This program is distributed in the hope that it will be useful,
but WITHOUT ANY WARRANTY; without even the implied warranty of
MERCHANTABILITY or FITNESS FOR A PARTICULAR PURPOSE.  See the
GNU General Public License for more details.

NUMA information:
  number of nodes: 8
  memory of node 0: 63700 MiB (61769 MiB free)
  memory of node 1: 64504 MiB (63895 MiB free)
  memory of node 2: 64504 MiB (63356 MiB free)
  memory of node 3: 64504 MiB (63565 MiB free)
  memory of node 4: 64461 MiB (63036 MiB free)
  memory of node 5: 64504 MiB (64083 MiB free)
  memory of node 6: 64504 MiB (63751 MiB free)
  memory of node 7: 64491 MiB (63488 MiB free)
  node distances:
     10  12  12  12  21  21  21  21
     12  10  12  12  21  21  21  21
     12  12  10  12  21  21  21  21
     12  12  12  10  21  21  21  21
     21  21  21  21  10  12  12  12
     21  21  21  21  12  10  12  12
     21  21  21  21  12  12  10  12
     21  21  21  21  12  12  12  10

command line: /usr/local/bin/runsolver --timestamp -w /output/runsolver-watch.log -v /output/runsolver-values.log -o /output/solver-output.log -C 1800.0 -W 1800.0 -R 64000 /opt/solver/run_bn4rust.py --mode cyber-forward-baseline --instance /input/model_226.bnet 

running on 8 cores: 60-67

Enforcing CPUTime limit (soft limit, will send SIGTERM then SIGKILL): 1800 seconds
Enforcing CPUTime limit (hard limit, will send SIGXCPU): 1830 seconds
Enforcing wall clock limit (soft limit, will send SIGTERM then SIGKILL): 1800 seconds
Enforcing RSS+Swap limit (soft limit, will send SIGTERM then SIGKILL): 65536000 KiB
Linux 4.18.0-553.159.1.el8_10.x86_64
Current StackSize limit: 18014398509481983 KiB

solver pid=16, runsolver pid=13

[startup+0.100075 s]*
/proc/loadavg: 0.08 0.02 2.04 9/2830 17
/proc/meminfo: memFree=519107572/527542308 swapFree=33554428/33554428
[pid=16] ppid=13 vsize=15800 memory=10104 CPUtime=0.02 cores=56-69,168-181
/proc/16/stat : 16 (python3) D 13 16 0 0 -1 4194304 1395 0 84 0 1 1 0 0 20 0 1 0 53232051 16179200 2526 67087892480 4194304 7154137 140728426600144 0 0 0 0 16781312 2 0 0 0 17 176 0 0 6 0 0 9727432 11029816 15384576 140728426605387 140728426605485 140728426605485 140728426606567 0
/proc/16/statm: 3950 2526 1394 723 0 1674 0
Current children cumulated CPU time: 0.02 s
Current children cumulated vsize: 15800 KiB
Current children cumulated memory: 10104 KiB

[startup+0.200557 s]*
/proc/loadavg: 0.08 0.02 2.04 9/2831 18
/proc/meminfo: memFree=519072084/527542308 swapFree=33554428/33554428
[pid=16] ppid=13 vsize=17684 memory=12484 CPUtime=0.03 cores=56-69,168-181
/proc/16/stat : 16 (python3) S 13 16 0 0 -1 4194304 1885 0 96 0 2 1 0 0 20 0 1 0 53232051 18108416 3121 67087892480 4194304 7154137 140728426600144 0 0 0 0 16781312 2 1 0 0 17 176 0 0 8 0 0 9727432 11029816 15384576 140728426605387 140728426605485 140728426605485 140728426606567 0
/proc/16/statm: 4421 3121 1512 723 0 2063 0
[pid=18] ppid=16 vsize=9132 memory=5876 CPUtime=0.04 cores=56-69,168-181
/proc/18/stat : 18 (bn4rust) R 16 16 0 0 -1 4194304 1477 0 18 0 4 0 0 0 20 0 1 0 53232064 9351168 1469 67087892480 94469294764032 94469296631153 140734538686720 0 0 0 0 4096 1088 0 0 0 17 177 0 0 1 0 0 94469296889216 94469296936152 94469324177408 140734538693390 140734538693526 140734538693526 140734538694625 0
/proc/18/statm: 2283 1469 1100 456 0 444 0
Current children cumulated CPU time: 0.07 s
Current children cumulated vsize: 26816 KiB
Current children cumulated memory: 18360 KiB

[startup+0.30049 s]*
/proc/loadavg: 0.08 0.02 2.04 9/2823 18
/proc/meminfo: memFree=519074652/527542308 swapFree=33554428/33554428
[pid=16] ppid=13 vsize=17684 memory=12484 CPUtime=0.03 cores=56-69,168-181
/proc/16/stat : 16 (python3) S 13 16 0 0 -1 4194304 1885 0 96 0 2 1 0 0 20 0 1 0 53232051 18108416 3121 67087892480 4194304 7154137 140728426600144 0 0 0 0 16781312 2 1 0 0 17 176 0 0 8 0 0 9727432 11029816 15384576 140728426605387 140728426605485 140728426605485 140728426606567 0
/proc/16/statm: 4421 3121 1512 723 0 2063 0
[pid=18] ppid=16 vsize=9268 memory=5912 CPUtime=0.14 cores=56-69,168-181
/proc/18/stat : 18 (bn4rust) R 16 16 0 0 -1 4194304 2383 0 18 0 14 0 0 0 20 0 1 0 53232064 9490432 1478 67087892480 94469294764032 94469296631153 140734538686720 0 0 0 0 4096 1088 0 0 0 17 177 0 0 1 0 0 94469296889216 94469296936152 94469324177408 140734538693390 140734538693526 140734538693526 140734538694625 0
/proc/18/statm: 2317 1478 1100 456 0 478 0
Current children cumulated CPU time: 0.17 s
Current children cumulated vsize: 26952 KiB
Current children cumulated memory: 18396 KiB

[startup+0.700219 s]
/proc/loadavg: 0.08 0.02 2.04 7/2801 18
/proc/meminfo: memFree=519085540/527542308 swapFree=33554428/33554428
[pid=16] ppid=13 vsize=17684 memory=12484 CPUtime=0.03 cores=56-69,168-181
/proc/16/stat : 16 (python3) S 13 16 0 0 -1 4194304 1885 0 96 0 2 1 0 0 20 0 1 0 53232051 18108416 3121 67087892480 4194304 7154137 140728426600144 0 0 0 0 16781312 2 1 0 0 17 176 0 0 8 0 0 9727432 11029816 15384576 140728426605387 140728426605485 140728426605485 140728426606567 0
/proc/16/statm: 4421 3121 1512 723 0 2063 0
[pid=18] ppid=16 vsize=9420 memory=6160 CPUtime=0.54 cores=56-69,168-181
/proc/18/stat : 18 (bn4rust) R 16 16 0 0 -1 4194304 5653 0 18 0 53 1 0 0 20 0 1 0 53232064 9646080 1540 67087892480 94469294764032 94469296631153 140734538686720 0 0 0 0 4096 1088 0 0 0 17 177 0 0 1 0 0 94469296889216 94469296936152 94469324177408 140734538693390 140734538693526 140734538693526 140734538694625 0
/proc/18/statm: 2355 1540 1100 456 0 516 0
Current children cumulated CPU time: 0.57 s
Current children cumulated vsize: 27104 KiB
Current children cumulated memory: 18644 KiB

[startup+1.50024 s]
/proc/loadavg: 0.63 0.13 2.07 8/2813 18
/proc/meminfo: memFree=519016060/527542308 swapFree=33554428/33554428
[pid=16] ppid=13 vsize=17684 memory=12484 CPUtime=0.03 cores=56-69,168-181
/proc/16/stat : 16 (python3) S 13 16 0 0 -1 4194304 1885 0 96 0 2 1 0 0 20 0 1 0 53232051 18108416 3121 67087892480 4194304 7154137 140728426600144 0 0 0 0 16781312 2 1 0 0 17 176 0 0 8 0 0 9727432 11029816 15384576 140728426605387 140728426605485 140728426605485 140728426606567 0
/proc/16/statm: 4421 3121 1512 723 0 2063 0
[pid=18] ppid=16 vsize=10564 memory=7256 CPUtime=1.33 cores=56-69,168-181
/proc/18/stat : 18 (bn4rust) R 16 16 0 0 -1 4194304 9131 0 18 0 132 1 0 0 20 0 1 0 53232064 10817536 1814 67087892480 94469294764032 94469296631153 140734538686720 0 0 0 0 4096 1088 0 0 0 17 177 0 0 1 0 0 94469296889216 94469296936152 94469324177408 140734538693390 140734538693526 140734538693526 140734538694625 0
/proc/18/statm: 2641 1814 1100 456 0 802 0
Current children cumulated CPU time: 1.36 s
Current children cumulated vsize: 28248 KiB
Current children cumulated memory: 19740 KiB

[startup+3.10043 s]
/proc/loadavg: 0.63 0.13 2.07 7/2805 18
/proc/meminfo: memFree=518922440/527542308 swapFree=33554428/33554428
[pid=16] ppid=13 vsize=17684 memory=12484 CPUtime=0.03 cores=56-69,168-181
/proc/16/stat : 16 (python3) S 13 16 0 0 -1 4194304 1885 0 96 0 2 1 0 0 20 0 1 0 53232051 18108416 3121 67087892480 4194304 7154137 140728426600144 0 0 0 0 16781312 2 1 0 0 17 176 0 0 8 0 0 9727432 11029816 15384576 140728426605387 140728426605485 140728426605485 140728426606567 0
/proc/16/statm: 4421 3121 1512 723 0 2063 0
[pid=18] ppid=16 vsize=13412 memory=9824 CPUtime=2.93 cores=56-69,168-181
/proc/18/stat : 18 (bn4rust) R 16 16 0 0 -1 4194304 14743 0 18 0 291 2 0 0 20 0 1 0 53232064 13733888 2456 67087892480 94469294764032 94469296631153 140734538686720 0 0 0 0 4096 1088 0 0 0 17 177 0 0 1 0 0 94469296889216 94469296936152 94469324177408 140734538693390 140734538693526 140734538693526 140734538694625 0
/proc/18/statm: 3353 2456 1100 456 0 1514 0
Current children cumulated CPU time: 2.96 s
Current children cumulated vsize: 31096 KiB
Current children cumulated memory: 22308 KiB

[startup+6.30023 s]
/proc/loadavg: 1.14 0.25 2.09 9/2816 18
/proc/meminfo: memFree=518665000/527542308 swapFree=33554428/33554428
[pid=16] ppid=13 vsize=17684 memory=12484 CPUtime=0.03 cores=56-69,168-181
/proc/16/stat : 16 (python3) S 13 16 0 0 -1 4194304 1885 0 96 0 2 1 0 0 20 0 1 0 53232051 18108416 3121 67087892480 4194304 7154137 140728426600144 0 0 0 0 16781312 2 1 0 0 17 176 0 0 8 0 0 9727432 11029816 15384576 140728426605387 140728426605485 140728426605485 140728426606567 0
/proc/16/statm: 4421 3121 1512 723 0 2063 0
[pid=18] ppid=16 vsize=15860 memory=12648 CPUtime=6.12 cores=56-69,168-181
/proc/18/stat : 18 (bn4rust) R 16 16 0 0 -1 4194304 32482 0 18 0 607 5 0 0 20 0 1 0 53232064 16240640 3162 67087892480 94469294764032 94469296631153 140734538686720 0 0 0 0 4096 1088 0 0 0 17 65 0 0 1 0 0 94469296889216 94469296936152 94469324177408 140734538693390 140734538693526 140734538693526 140734538694625 0
/proc/18/statm: 3965 3162 1100 456 0 2126 0
Current children cumulated CPU time: 6.15 s
Current children cumulated vsize: 33544 KiB
Current children cumulated memory: 25132 KiB

[startup+12.7002 s]
/proc/loadavg: 1.61 0.36 2.12 8/2813 18
/proc/meminfo: memFree=518356340/527542308 swapFree=33554428/33554428
[pid=16] ppid=13 vsize=17684 memory=12484 CPUtime=0.03 cores=56-69,168-181
/proc/16/stat : 16 (python3) S 13 16 0 0 -1 4194304 1885 0 96 0 2 1 0 0 20 0 1 0 53232051 18108416 3121 67087892480 4194304 7154137 140728426600144 0 0 0 0 16781312 2 1 0 0 17 176 0 0 8 0 0 9727432 11029816 15384576 140728426605387 140728426605485 140728426605485 140728426606567 0
/proc/16/statm: 4421 3121 1512 723 0 2063 0
[pid=18] ppid=16 vsize=22328 memory=19092 CPUtime=12.5 cores=56-69,168-181
/proc/18/stat : 18 (bn4rust) R 16 16 0 0 -1 4194304 75252 0 18 0 1238 12 0 0 20 0 1 0 53232064 22863872 4773 67087892480 94469294764032 94469296631153 140734538686720 0 0 0 0 4096 1088 0 0 0 17 177 0 0 1 0 0 94469296889216 94469296936152 94469324177408 140734538693390 140734538693526 140734538693526 140734538694625 0
/proc/18/statm: 5582 4773 1100 456 0 3743 0
Current children cumulated CPU time: 12.53 s
Current children cumulated vsize: 40012 KiB
Current children cumulated memory: 31576 KiB

[startup+25.5002 s]
/proc/loadavg: 2.29 0.55 2.16 7/2760 18
/proc/meminfo: memFree=518147580/527542308 swapFree=33554428/33554428
[pid=16] ppid=13 vsize=17684 memory=12484 CPUtime=0.03 cores=56-69,168-181
/proc/16/stat : 16 (python3) S 13 16 0 0 -1 4194304 1885 0 96 0 2 1 0 0 20 0 1 0 53232051 18108416 3121 67087892480 4194304 7154137 140728426600144 0 0 0 0 16781312 2 1 0 0 17 176 0 0 8 0 0 9727432 11029816 15384576 140728426605387 140728426605485 140728426605485 140728426606567 0
/proc/16/statm: 4421 3121 1512 723 0 2063 0
[pid=18] ppid=16 vsize=15800 memory=12736 CPUtime=25.26 cores=56-69,168-181
/proc/18/stat : 18 (bn4rust) R 16 16 0 0 -1 4194304 113214 0 18 0 2508 18 0 0 20 0 1 0 53232064 16179200 3184 67087892480 94469294764032 94469296631153 140734538686720 0 0 0 0 4096 1088 0 0 0 17 177 0 0 1 0 0 94469296889216 94469296936152 94469324177408 140734538693390 140734538693526 140734538693526 140734538694625 0
/proc/18/statm: 3950 3184 1100 456 0 2111 0
Current children cumulated CPU time: 25.29 s
Current children cumulated vsize: 33484 KiB
Current children cumulated memory: 25220 KiB

[startup+51.1005 s]
/proc/loadavg: 3.73 1.07 2.29 6/2722 18
/proc/meminfo: memFree=517430676/527542308 swapFree=33554428/33554428
[pid=16] ppid=13 vsize=17684 memory=12484 CPUtime=0.03 cores=56-69,168-181
/proc/16/stat : 16 (python3) S 13 16 0 0 -1 4194304 1885 0 96 0 2 1 0 0 20 0 1 0 53232051 18108416 3121 67087892480 4194304 7154137 140728426600144 0 0 0 0 16781312 2 1 0 0 17 176 0 0 8 0 0 9727432 11029816 15384576 140728426605387 140728426605485 140728426605485 140728426606567 0
/proc/16/statm: 4421 3121 1512 723 0 2063 0
[pid=18] ppid=16 vsize=29624 memory=25072 CPUtime=50.79 cores=56-69,168-181
/proc/18/stat : 18 (bn4rust) R 16 16 0 0 -1 4194304 180680 0 18 0 5051 28 0 0 20 0 1 0 53232064 30334976 6268 67087892480 94469294764032 94469296631153 140734538686720 0 0 0 0 4096 1088 0 0 0 17 177 0 0 1 0 0 94469296889216 94469296936152 94469324177408 140734538693390 140734538693526 140734538693526 140734538694625 0
/proc/18/statm: 7406 6268 1100 456 0 5567 0
Current children cumulated CPU time: 50.82 s
Current children cumulated vsize: 47308 KiB
Current children cumulated memory: 37556 KiB

[startup+84.032 s]
# the end of solver process 16 was just reported to runsolver
# cumulated CPU time of all completed processes:  user=83.2823 s, system=0.393093 s

Solver just ended.
??? end of watcher thread
Dumping a history of the last processes samples

[startup+51.2003 s]
/proc/loadavg: 3.73 1.07 2.29 6/2722 18
/proc/meminfo: memFree=517430676/527542308 swapFree=33554428/33554428
[pid=16] ppid=13 vsize=17684 memory=12484 CPUtime=0.03 cores=56-69,168-181
/proc/16/stat : 16 (python3) S 13 16 0 0 -1 4194304 1885 0 96 0 2 1 0 0 20 0 1 0 53232051 18108416 3121 67087892480 4194304 7154137 140728426600144 0 0 0 0 16781312 2 1 0 0 17 176 0 0 8 0 0 9727432 11029816 15384576 140728426605387 140728426605485 140728426605485 140728426606567 0
/proc/16/statm: 4421 3121 1512 723 0 2063 0
[pid=18] ppid=16 vsize=29624 memory=25072 CPUtime=50.89 cores=56-69,168-181
/proc/18/stat : 18 (bn4rust) R 16 16 0 0 -1 4194304 180686 0 18 0 5061 28 0 0 20 0 1 0 53232064 30334976 6268 67087892480 94469294764032 94469296631153 140734538686720 0 0 0 0 4096 1088 0 0 0 17 177 0 0 1 0 0 94469296889216 94469296936152 94469324177408 140734538693390 140734538693526 140734538693526 140734538694625 0
/proc/18/statm: 7406 6268 1100 456 0 5567 0
Current children cumulated CPU time: 50.92 s
Current children cumulated vsize: 47308 KiB
Current children cumulated memory: 37556 KiB

[startup+64.0002 s]*
/proc/loadavg: 3.93 1.20 2.32 6/2722 18
/proc/meminfo: memFree=516818048/527542308 swapFree=33554428/33554428
[pid=16] ppid=13 vsize=17684 memory=12484 CPUtime=0.03 cores=56-69,168-181
/proc/16/stat : 16 (python3) S 13 16 0 0 -1 4194304 1885 0 96 0 2 1 0 0 20 0 1 0 53232051 18108416 3121 67087892480 4194304 7154137 140728426600144 0 0 0 0 16781312 2 1 0 0 17 176 0 0 8 0 0 9727432 11029816 15384576 140728426605387 140728426605485 140728426605485 140728426606567 0
/proc/16/statm: 4421 3121 1512 723 0 2063 0
[pid=18] ppid=16 vsize=23480 memory=20056 CPUtime=63.65 cores=56-69,168-181
/proc/18/stat : 18 (bn4rust) R 16 16 0 0 -1 4194304 222581 0 18 0 6331 34 0 0 20 0 1 0 53232064 24043520 5014 67087892480 94469294764032 94469296631153 140734538686720 0 0 0 0 4096 1088 0 0 0 17 177 0 0 1 0 0 94469296889216 94469296936152 94469324177408 140734538693390 140734538693526 140734538693526 140734538694625 0
/proc/18/statm: 5870 5014 1100 456 0 4031 0
Current children cumulated CPU time: 63.68 s
Current children cumulated vsize: 41164 KiB
Current children cumulated memory: 32540 KiB

[startup+76.8002 s]
/proc/loadavg: 4.24 1.40 2.37 6/2722 18
/proc/meminfo: memFree=516013548/527542308 swapFree=33554428/33554428
[pid=16] ppid=13 vsize=17684 memory=12484 CPUtime=0.04 cores=56-69,168-181
/proc/16/stat : 16 (python3) S 13 16 0 0 -1 4194304 1885 0 96 0 3 1 0 0 20 0 1 0 53232051 18108416 3121 67087892480 4194304 7154137 140728426600144 0 0 0 0 16781312 2 1 0 0 17 176 0 0 8 0 0 9727432 11029816 15384576 140728426605387 140728426605485 140728426605485 140728426606567 0
/proc/16/statm: 4421 3121 1512 723 0 2063 0
[pid=18] ppid=16 vsize=23480 memory=20056 CPUtime=76.41 cores=56-69,168-181
/proc/18/stat : 18 (bn4rust) R 16 16 0 0 -1 4194304 241446 0 18 0 7604 37 0 0 20 0 1 0 53232064 24043520 5014 67087892480 94469294764032 94469296631153 140734538686720 0 0 0 0 4096 1088 0 0 0 17 177 0 0 1 0 0 94469296889216 94469296936152 94469324177408 140734538693390 140734538693526 140734538693526 140734538694625 0
/proc/18/statm: 5870 5014 1100 456 0 4031 0
Current children cumulated CPU time: 76.45 s
Current children cumulated vsize: 41164 KiB
Current children cumulated memory: 32540 KiB

[startup+80.0002 s]*
/proc/loadavg: 4.24 1.40 2.37 6/2722 18
/proc/meminfo: memFree=515884588/527542308 swapFree=33554428/33554428
[pid=16] ppid=13 vsize=17684 memory=12484 CPUtime=0.04 cores=56-69,168-181
/proc/16/stat : 16 (python3) S 13 16 0 0 -1 4194304 1885 0 96 0 3 1 0 0 20 0 1 0 53232051 18108416 3121 67087892480 4194304 7154137 140728426600144 0 0 0 0 16781312 2 1 0 0 17 176 0 0 8 0 0 9727432 11029816 15384576 140728426605387 140728426605485 140728426605485 140728426606567 0
/proc/16/statm: 4421 3121 1512 723 0 2063 0
[pid=18] ppid=16 vsize=23480 memory=20056 CPUtime=79.6 cores=56-69,168-181
/proc/18/stat : 18 (bn4rust) R 16 16 0 0 -1 4194304 241447 0 18 0 7923 37 0 0 20 0 1 0 53232064 24043520 5014 67087892480 94469294764032 94469296631153 140734538686720 0 0 0 0 4096 1088 0 0 0 17 177 0 0 1 0 0 94469296889216 94469296936152 94469324177408 140734538693390 140734538693526 140734538693526 140734538694625 0
/proc/18/statm: 5870 5014 1100 456 0 4031 0
Current children cumulated CPU time: 79.64 s
Current children cumulated vsize: 41164 KiB
Current children cumulated memory: 32540 KiB

[startup+81.6002 s]
/proc/loadavg: 4.30 1.46 2.38 6/2722 18
/proc/meminfo: memFree=515823128/527542308 swapFree=33554428/33554428
[pid=16] ppid=13 vsize=17684 memory=12484 CPUtime=0.04 cores=56-69,168-181
/proc/16/stat : 16 (python3) S 13 16 0 0 -1 4194304 1885 0 96 0 3 1 0 0 20 0 1 0 53232051 18108416 3121 67087892480 4194304 7154137 140728426600144 0 0 0 0 16781312 2 1 0 0 17 176 0 0 8 0 0 9727432 11029816 15384576 140728426605387 140728426605485 140728426605485 140728426606567 0
/proc/16/statm: 4421 3121 1512 723 0 2063 0
[pid=18] ppid=16 vsize=23480 memory=20056 CPUtime=81.2 cores=56-69,168-181
/proc/18/stat : 18 (bn4rust) R 16 16 0 0 -1 4194304 241447 0 18 0 8083 37 0 0 20 0 1 0 53232064 24043520 5014 67087892480 94469294764032 94469296631153 140734538686720 0 0 0 0 4096 1088 0 0 0 17 177 0 0 1 0 0 94469296889216 94469296936152 94469324177408 140734538693390 140734538693526 140734538693526 140734538694625 0
/proc/18/statm: 5870 5014 1100 456 0 4031 0
Current children cumulated CPU time: 81.24 s
Current children cumulated vsize: 41164 KiB
Current children cumulated memory: 32540 KiB

[startup+83.2002 s]
/proc/loadavg: 4.30 1.46 2.38 6/2722 18
/proc/meminfo: memFree=514888520/527542308 swapFree=33554428/33554428
[pid=16] ppid=13 vsize=17684 memory=12484 CPUtime=0.04 cores=56-69,168-181
/proc/16/stat : 16 (python3) S 13 16 0 0 -1 4194304 1885 0 96 0 3 1 0 0 20 0 1 0 53232051 18108416 3121 67087892480 4194304 7154137 140728426600144 0 0 0 0 16781312 2 1 0 0 17 176 0 0 8 0 0 9727432 11029816 15384576 140728426605387 140728426605485 140728426605485 140728426606567 0
/proc/16/statm: 4421 3121 1512 723 0 2063 0
[pid=18] ppid=16 vsize=23480 memory=20056 CPUtime=82.79 cores=56-69,168-181
/proc/18/stat : 18 (bn4rust) R 16 16 0 0 -1 4194304 241447 0 18 0 8242 37 0 0 20 0 1 0 53232064 24043520 5014 67087892480 94469294764032 94469296631153 140734538686720 0 0 0 0 4096 1088 0 0 0 17 177 0 0 1 0 0 94469296889216 94469296936152 94469324177408 140734538693390 140734538693526 140734538693526 140734538694625 0
/proc/18/statm: 5870 5014 1100 456 0 4031 0
Current children cumulated CPU time: 82.83 s
Current children cumulated vsize: 41164 KiB
Current children cumulated memory: 32540 KiB

[startup+83.6002 s]
/proc/loadavg: 4.30 1.46 2.38 6/2722 18
/proc/meminfo: memFree=514888520/527542308 swapFree=33554428/33554428
[pid=16] ppid=13 vsize=17684 memory=12484 CPUtime=0.04 cores=56-69,168-181
/proc/16/stat : 16 (python3) S 13 16 0 0 -1 4194304 1885 0 96 0 3 1 0 0 20 0 1 0 53232051 18108416 3121 67087892480 4194304 7154137 140728426600144 0 0 0 0 16781312 2 1 0 0 17 176 0 0 8 0 0 9727432 11029816 15384576 140728426605387 140728426605485 140728426605485 140728426606567 0
/proc/16/statm: 4421 3121 1512 723 0 2063 0
[pid=18] ppid=16 vsize=23480 memory=20056 CPUtime=83.19 cores=56-69,168-181
/proc/18/stat : 18 (bn4rust) R 16 16 0 0 -1 4194304 241447 0 18 0 8282 37 0 0 20 0 1 0 53232064 24043520 5014 67087892480 94469294764032 94469296631153 140734538686720 0 0 0 0 4096 1088 0 0 0 17 177 0 0 1 0 0 94469296889216 94469296936152 94469324177408 140734538693390 140734538693526 140734538693526 140734538694625 0
/proc/18/statm: 5870 5014 1100 456 0 4031 0
Current children cumulated CPU time: 83.23 s
Current children cumulated vsize: 41164 KiB
Current children cumulated memory: 32540 KiB

[startup+84.0002 s]*
/proc/loadavg: 4.30 1.46 2.38 6/2722 18
/proc/meminfo: memFree=513510468/527542308 swapFree=33554428/33554428
[pid=16] ppid=13 vsize=17684 memory=12484 CPUtime=0.04 cores=56-69,168-181
/proc/16/stat : 16 (python3) S 13 16 0 0 -1 4194304 1885 0 96 0 3 1 0 0 20 0 1 0 53232051 18108416 3121 67087892480 4194304 7154137 140728426600144 0 0 0 0 16781312 2 1 0 0 17 176 0 0 8 0 0 9727432 11029816 15384576 140728426605387 140728426605485 140728426605485 140728426606567 0
/proc/16/statm: 4421 3121 1512 723 0 2063 0
[pid=18] ppid=16 vsize=23480 memory=20056 CPUtime=83.59 cores=56-69,168-181
/proc/18/stat : 18 (bn4rust) R 16 16 0 0 -1 4194304 241447 0 18 0 8322 37 0 0 20 0 1 0 53232064 24043520 5014 67087892480 94469294764032 94469296631153 140734538686720 0 0 0 0 4096 1088 0 0 0 17 177 0 0 1 0 0 94469296889216 94469296936152 94469324177408 140734538693390 140734538693526 140734538693526 140734538694625 0
/proc/18/statm: 5870 5014 1100 456 0 4031 0
Current children cumulated CPU time: 83.63 s
Current children cumulated vsize: 41164 KiB
Current children cumulated memory: 32540 KiB

Child status: 0
Real time (s): 84.0321
CPU time (s): 83.6754
CPU user time (s): 83.2823
CPU system time (s): 0.393093
CPU usage (%): 99.5755
Max. virtual memory (cumulated for all children) (KiB): 47308
Max. memory (cumulated for all children) (KiB): 37704

getrusage(RUSAGE_CHILDREN,...) data:
user time used= 83.2823
system time used= 0.393093
maximum resident set size= 25220
integral shared memory size= 0
integral unshared data size= 0
integral unshared stack size= 0
page reclaims= 243355
page faults= 116
swaps= 0
block input operations= 19800
block output operations= 8
messages sent= 0
messages received= 0
signals received= 0
voluntary context switches= 1073
involuntary context switches= 114


# summary of solver processes directly reported to runsolver:
#   pid: 16
#   total CPU time (s): 83.6754
#   total CPU user time (s): 83.2823
#   total CPU system time (s): 0.393093

??? join timestamper begins
??? join timestamper ends
??? end of timestamper thread
runsolver used 0.029577 second user time and 0.125583 second system time

The end
