runsolver version 3.4.1 (svn: 3018) Copyright (C) 2010-2013 Olivier ROUSSEL

This program is distributed in the hope that it will be useful,
but WITHOUT ANY WARRANTY; without even the implied warranty of
MERCHANTABILITY or FITNESS FOR A PARTICULAR PURPOSE.  See the
GNU General Public License for more details.

NUMA information:
  number of nodes: 8
  memory of node 0: 63700 MiB (61492 MiB free)
  memory of node 1: 64504 MiB (16934 MiB free)
  memory of node 2: 64504 MiB (63586 MiB free)
  memory of node 3: 64461 MiB (2023 MiB free)
  memory of node 4: 64504 MiB (62173 MiB free)
  memory of node 5: 64504 MiB (14003 MiB free)
  memory of node 6: 64504 MiB (28766 MiB free)
  memory of node 7: 64491 MiB (21261 MiB free)
  node distances:
     10  12  12  12  21  21  21  21
     12  10  12  12  21  21  21  21
     12  12  10  12  21  21  21  21
     12  12  12  10  21  21  21  21
     21  21  21  21  10  12  12  12
     21  21  21  21  12  10  12  12
     21  21  21  21  12  12  10  12
     21  21  21  21  12  12  12  10

command line: /usr/local/bin/runsolver --timestamp -w /output/runsolver-watch.log -v /output/runsolver-values.log -o /output/solver-output.log -C 1800.0 -W 1800.0 -R 64000 /opt/solver/run_bn4rust.py --mode cyber-full --instance /input/model_029.bnet 

running on 28 cores: 47-59,159-172,60

Enforcing CPUTime limit (soft limit, will send SIGTERM then SIGKILL): 1800 seconds
Enforcing CPUTime limit (hard limit, will send SIGXCPU): 1830 seconds
Enforcing wall clock limit (soft limit, will send SIGTERM then SIGKILL): 1800 seconds
Enforcing RSS+Swap limit (soft limit, will send SIGTERM then SIGKILL): 65536000 KiB
Linux 4.18.0-553.159.1.el8_10.x86_64
solver pid=16, runsolver pid=13
Current StackSize limit: 18014398509481983 KiB


[startup+0.100066 s]*
/proc/loadavg: 23.60 23.13 22.65 16/2799 17
/proc/meminfo: memFree=276693136/527542180 swapFree=14128380/33554428
[pid=16] ppid=13 vsize=14576 memory=9988 CPUtime=0.01 cores=47-60,159-172
/proc/16/stat : 16 (python3) R 13 16 0 0 -1 4194304 1345 0 80 0 1 0 0 0 20 0 1 0 53230872 14925824 2497 67087892480 4194304 7154137 140725350708352 0 0 0 0 16781312 2 0 0 0 17 48 0 0 6 0 0 9727432 11029816 29622272 140725350714199 140725350714285 140725350714285 140725350715367 0
/proc/16/statm: 3644 2497 1395 723 0 1380 0
Current children cumulated CPU time: 0.01 s
Current children cumulated vsize: 14576 KiB
Current children cumulated memory: 9988 KiB

[startup+0.200591 s]*
/proc/loadavg: 23.60 23.13 22.65 21/2801 18
/proc/meminfo: memFree=276672180/527542180 swapFree=14128380/33554428
[pid=16] ppid=13 vsize=17684 memory=12424 CPUtime=0.04 cores=47-60,159-172
/proc/16/stat : 16 (python3) S 13 16 0 0 -1 4194304 1887 0 96 0 3 1 0 0 20 0 1 0 53230872 18108416 3106 67087892480 4194304 7154137 140725350708352 0 0 0 0 16781312 2 1 0 0 17 48 0 0 8 0 0 9727432 11029816 29622272 140725350714199 140725350714285 140725350714285 140725350715367 0
/proc/16/statm: 4421 3106 1511 723 0 2063 0
[pid=18] ppid=16 vsize=7772 memory=2080 CPUtime=0 cores=47-60,159-172
/proc/18/stat : 18 (bn4rust) I 16 16 0 0 -1 4194304 133 0 12 0 0 0 0 0 20 0 1 0 53230887 7958528 520 67087892480 94807363477504 94807365344625 140723147443440 0 0 0 0 4096 1088 0 0 0 17 168 0 0 1 0 0 94807365602688 94807365649624 94807381807104 140723147447066 140723147447190 140723147447190 140723147448289 0
/proc/18/statm: 1943 520 466 456 0 104 0
Current children cumulated CPU time: 0.04 s
Current children cumulated vsize: 25456 KiB
Current children cumulated memory: 14504 KiB

[startup+0.245757 s]
# the end of solver process 16 was just reported to runsolver
# cumulated CPU time of all completed processes:  user=0.046029 s, system=0.016368 s

Solver just ended.
??? end of watcher thread
Dumping a history of the last processes samples

Child status: 0
Real time (s): 0.245828
CPU time (s): 0.062397
CPU user time (s): 0.046029
CPU system time (s): 0.016368
CPU usage (%): 25.3824
Max. virtual memory (cumulated for all children) (KiB): 25456
Max. memory (cumulated for all children) (KiB): 14504

getrusage(RUSAGE_CHILDREN,...) data:
user time used= 0.046029
system time used= 0.016368
maximum resident set size= 12632
integral shared memory size= 0
integral unshared data size= 0
integral unshared stack size= 0
page reclaims= 2053
page faults= 114
swaps= 0
block input operations= 19960
block output operations= 0
messages sent= 0
messages received= 0
signals received= 0
voluntary context switches= 959
involuntary context switches= 0


# summary of solver processes directly reported to runsolver:
#   pid: 16
#   total CPU time (s): 0.062397
#   total CPU user time (s): 0.046029
#   total CPU system time (s): 0.016368

??? join timestamper begins
??? join timestamper ends
??? end of timestamper thread
runsolver used 0.004057 second user time and 0.003245 second system time

The end
