runsolver version 3.4.1 (svn: 3018) Copyright (C) 2010-2013 Olivier ROUSSEL

This program is distributed in the hope that it will be useful,
but WITHOUT ANY WARRANTY; without even the implied warranty of
MERCHANTABILITY or FITNESS FOR A PARTICULAR PURPOSE.  See the
GNU General Public License for more details.

NUMA information:
  number of nodes: 8
  memory of node 0: 63700 MiB (61221 MiB free)
  memory of node 1: 64504 MiB (63611 MiB free)
  memory of node 2: 64504 MiB (60409 MiB free)
  memory of node 3: 64461 MiB (56975 MiB free)
  memory of node 4: 64504 MiB (40287 MiB free)
  memory of node 5: 64504 MiB (40757 MiB free)
  memory of node 6: 64504 MiB (38389 MiB free)
  memory of node 7: 64491 MiB (40637 MiB free)
  node distances:
     10  12  12  12  21  21  21  21
     12  10  12  12  21  21  21  21
     12  12  10  12  21  21  21  21
     12  12  12  10  21  21  21  21
     21  21  21  21  10  12  12  12
     21  21  21  21  12  10  12  12
     21  21  21  21  12  12  10  12
     21  21  21  21  12  12  12  10

command line: /usr/local/bin/runsolver --timestamp -w /output/runsolver-watch.log -v /output/runsolver-values.log -o /output/solver-output.log -C 1800.0 -W 1800.0 -R 64000 /opt/solver/run_bn4rust.py --mode cyber-full --instance /input/model_098.bnet 

running on 28 cores: 14-27,126-139

Enforcing CPUTime limit (soft limit, will send SIGTERM then SIGKILL): 1800 seconds
Enforcing CPUTime limit (hard limit, will send SIGXCPU): 1830 seconds
Enforcing wall clock limit (soft limit, will send SIGTERM then SIGKILL): 1800 seconds
Enforcing RSS+Swap limit (soft limit, will send SIGTERM then SIGKILL): 65536000 KiB
Linux 4.18.0-553.159.1.el8_10.x86_64
solver pid=16, runsolver pid=13
Current StackSize limit: 18014398509481983 KiB


[startup+0.100059 s]*
/proc/loadavg: 57.00 57.00 57.00 62/2883 17
/proc/meminfo: memFree=411927684/527542244 swapFree=33549052/33554428
[pid=16] ppid=13 vsize=15800 memory=10156 CPUtime=0.02 cores=14-27,126-139
/proc/16/stat : 16 (python3) D 13 16 0 0 -1 4194304 1396 0 84 0 2 0 0 0 20 0 1 0 53229969 16179200 2539 67087892480 4194304 7154137 140722983392192 0 0 0 0 16781312 2 0 0 0 17 19 0 0 6 0 0 9727432 11029816 12496896 140722983394135 140722983394221 140722983394221 140722983395303 0
/proc/16/statm: 3950 2539 1404 723 0 1674 0
Current children cumulated CPU time: 0.02 s
Current children cumulated vsize: 15800 KiB
Current children cumulated memory: 10156 KiB

[startup+0.200484 s]*
/proc/loadavg: 57.00 57.00 57.00 60/2884 18
/proc/meminfo: memFree=411955340/527542244 swapFree=33549052/33554428
[pid=16] ppid=13 vsize=17684 memory=12468 CPUtime=0.04 cores=14-27,126-139
/proc/16/stat : 16 (python3) S 13 16 0 0 -1 4194304 1895 0 96 0 3 1 0 0 20 0 1 0 53229969 18108416 3117 67087892480 4194304 7154137 140722983392192 0 0 0 0 16781312 2 1 0 0 17 19 0 0 8 0 0 9727432 11029816 12496896 140722983394135 140722983394221 140722983394221 140722983395303 0
/proc/16/statm: 4421 3117 1523 723 0 2063 0
[pid=18] ppid=16 vsize=7772 memory=4552 CPUtime=0 cores=14-27,126-139
/proc/18/stat : 18 (bn4rust) I 16 16 0 0 -1 4194304 147 0 14 0 0 0 0 0 20 0 1 0 53229982 7958528 1138 67087892480 94154730971136 94154732838257 140729298415104 0 0 0 0 4096 1088 0 0 0 17 18 0 0 1 0 0 94154733096320 94154733143256 94154746015744 140729298422554 140729298422678 140729298422678 140729298423777 0
/proc/18/statm: 1943 1138 1072 456 0 104 0
Current children cumulated CPU time: 0.04 s
Current children cumulated vsize: 25456 KiB
Current children cumulated memory: 17020 KiB

[startup+0.23473 s]
# the end of solver process 16 was just reported to runsolver
# cumulated CPU time of all completed processes:  user=0.053221 s, system=0.019348 s

Solver just ended.
??? end of watcher thread
Dumping a history of the last processes samples

Child status: 0
Real time (s): 0.234745
CPU time (s): 0.072569
CPU user time (s): 0.053221
CPU system time (s): 0.019348
CPU usage (%): 30.914
Max. virtual memory (cumulated for all children) (KiB): 25456
Max. memory (cumulated for all children) (KiB): 17020

getrusage(RUSAGE_CHILDREN,...) data:
user time used= 0.053221
system time used= 0.019348
maximum resident set size= 12600
integral shared memory size= 0
integral unshared data size= 0
integral unshared stack size= 0
page reclaims= 2104
page faults= 116
swaps= 0
block input operations= 20000
block output operations= 0
messages sent= 0
messages received= 0
signals received= 0
voluntary context switches= 975
involuntary context switches= 0


# summary of solver processes directly reported to runsolver:
#   pid: 16
#   total CPU time (s): 0.072569
#   total CPU user time (s): 0.053221
#   total CPU system time (s): 0.019348

??? join timestamper begins
??? join timestamper ends
??? end of timestamper thread
runsolver used 0.002461 second user time and 0.003852 second system time

The end
