runsolver version 3.4.1 (svn: 3018) Copyright (C) 2010-2013 Olivier ROUSSEL

This program is distributed in the hope that it will be useful,
but WITHOUT ANY WARRANTY; without even the implied warranty of
MERCHANTABILITY or FITNESS FOR A PARTICULAR PURPOSE.  See the
GNU General Public License for more details.

NUMA information:
  number of nodes: 8
  memory of node 0: 63657 MiB (61148 MiB free)
  memory of node 1: 64504 MiB (63713 MiB free)
  memory of node 2: 64504 MiB (63017 MiB free)
  memory of node 3: 64504 MiB (62209 MiB free)
  memory of node 4: 64504 MiB (43625 MiB free)
  memory of node 5: 64504 MiB (44502 MiB free)
  memory of node 6: 64504 MiB (44713 MiB free)
  memory of node 7: 64491 MiB (52062 MiB free)
  node distances:
     10  12  12  12  21  21  21  21
     12  10  12  12  21  21  21  21
     12  12  10  12  21  21  21  21
     12  12  12  10  21  21  21  21
     21  21  21  21  10  12  12  12
     21  21  21  21  12  10  12  12
     21  21  21  21  12  12  10  12
     21  21  21  21  12  12  12  10

command line: /usr/local/bin/runsolver --timestamp -w /output/runsolver-watch.log -v /output/runsolver-values.log -o /output/solver-output.log -C 1800.0 -W 1800.0 -R 64000 /opt/solver/run_bn4rust.py --mode cyber-complement-gfp-plus-dependency-order --instance /input/model_142.bnet 

running on 16 cores: 0-13,124-125

Enforcing CPUTime limit (soft limit, will send SIGTERM then SIGKILL): 1800 seconds
Enforcing CPUTime limit (hard limit, will send SIGXCPU): 1830 seconds
Enforcing wall clock limit (soft limit, will send SIGTERM then SIGKILL): 1800 seconds
Enforcing RSS+Swap limit (soft limit, will send SIGTERM then SIGKILL): 65536000 KiB
Linux 4.18.0-553.159.1.el8_10.x86_64
solver pid=16, runsolver pid=13
Current StackSize limit: 18014398509481983 KiB


[startup+0.100062 s]*
/proc/loadavg: 66.61 67.02 67.18 68/2826 17
/proc/meminfo: memFree=445417288/527542196 swapFree=33544188/33554428
[pid=16] ppid=13 vsize=15800 memory=10056 CPUtime=0.02 cores=0-13,112-125
/proc/16/stat : 16 (python3) D 13 16 0 0 -1 4194304 1394 0 84 0 2 0 0 0 20 0 1 0 53460041 16179200 2514 67087892480 4194304 7154137 140730644405584 0 0 0 0 16781312 2 0 0 0 17 123 0 0 6 0 0 9727432 11029816 18415616 140730644413239 140730644413357 140730644413357 140730644414439 0
/proc/16/statm: 3950 2514 1380 723 0 1674 0
Current children cumulated CPU time: 0.02 s
Current children cumulated vsize: 15800 KiB
Current children cumulated memory: 10056 KiB

[startup+0.200595 s]*
/proc/loadavg: 66.61 67.02 67.18 68/2827 18
/proc/meminfo: memFree=445407352/527542196 swapFree=33544188/33554428
[pid=16] ppid=13 vsize=17684 memory=12364 CPUtime=0.04 cores=0-13,112-125
/proc/16/stat : 16 (python3) S 13 16 0 0 -1 4194304 1894 0 96 0 3 1 0 0 20 0 1 0 53460041 18108416 3091 67087892480 4194304 7154137 140730644405584 0 0 0 0 16781312 2 1 0 0 17 123 0 0 8 0 0 9727432 11029816 18415616 140730644413239 140730644413357 140730644413357 140730644414439 0
/proc/16/statm: 4421 3091 1498 723 0 2063 0
[pid=18] ppid=16 vsize=8176 memory=4948 CPUtime=0.04 cores=0-13,112-125
/proc/18/stat : 18 (bn4rust) R 16 16 0 0 -1 4194304 390 0 18 0 4 0 0 0 20 0 1 0 53460055 8372224 1237 67087892480 94005838331904 94005840199025 140730453670400 0 0 0 0 4096 1088 0 0 0 17 118 0 0 1 0 0 94005840457088 94005840504024 94005865037824 140730453678842 140730453678998 140730453678998 140730453680097 0
/proc/18/statm: 2044 1237 1070 456 0 205 0
Current children cumulated CPU time: 0.08 s
Current children cumulated vsize: 25860 KiB
Current children cumulated memory: 17312 KiB

[startup+0.300505 s]*
/proc/loadavg: 66.61 67.02 67.18 68/2827 18
/proc/meminfo: memFree=445405312/527542196 swapFree=33544188/33554428
[pid=16] ppid=13 vsize=17684 memory=12364 CPUtime=0.04 cores=0-13,112-125
/proc/16/stat : 16 (python3) S 13 16 0 0 -1 4194304 1894 0 96 0 3 1 0 0 20 0 1 0 53460041 18108416 3091 67087892480 4194304 7154137 140730644405584 0 0 0 0 16781312 2 1 0 0 17 123 0 0 8 0 0 9727432 11029816 18415616 140730644413239 140730644413357 140730644413357 140730644414439 0
/proc/16/statm: 4421 3091 1498 723 0 2063 0
[pid=18] ppid=16 vsize=8360 memory=5160 CPUtime=0.14 cores=0-13,112-125
/proc/18/stat : 18 (bn4rust) R 16 16 0 0 -1 4194304 1294 0 18 0 14 0 0 0 20 0 1 0 53460055 8560640 1290 67087892480 94005838331904 94005840199025 140730453670400 0 0 0 0 4096 1088 0 0 0 17 118 0 0 1 0 0 94005840457088 94005840504024 94005865037824 140730453678842 140730453678998 140730453678998 140730453680097 0
/proc/18/statm: 2090 1290 1070 456 0 251 0
Current children cumulated CPU time: 0.18 s
Current children cumulated vsize: 26044 KiB
Current children cumulated memory: 17524 KiB

[startup+0.498675 s]
# the end of solver process 16 was just reported to runsolver
# cumulated CPU time of all completed processes:  user=0.369493 s, system=0.017667 s

Solver just ended.
??? end of watcher thread
Dumping a history of the last processes samples

[startup+0.400529 s]*
/proc/loadavg: 66.61 67.02 67.18 68/2827 18
/proc/meminfo: memFree=445403600/527542196 swapFree=33544188/33554428
[pid=16] ppid=13 vsize=17684 memory=12364 CPUtime=0.04 cores=0-13,112-125
/proc/16/stat : 16 (python3) S 13 16 0 0 -1 4194304 1894 0 96 0 3 1 0 0 20 0 1 0 53460041 18108416 3091 67087892480 4194304 7154137 140730644405584 0 0 0 0 16781312 2 1 0 0 17 123 0 0 8 0 0 9727432 11029816 18415616 140730644413239 140730644413357 140730644413357 140730644414439 0
/proc/16/statm: 4421 3091 1498 723 0 2063 0
[pid=18] ppid=16 vsize=8312 memory=5132 CPUtime=0.24 cores=0-13,112-125
/proc/18/stat : 18 (bn4rust) R 16 16 0 0 -1 4194304 1800 0 18 0 24 0 0 0 20 0 1 0 53460055 8511488 1283 67087892480 94005838331904 94005840199025 140730453670400 0 0 0 0 4096 1088 0 0 0 17 118 0 0 1 0 0 94005840457088 94005840504024 94005865037824 140730453678842 140730453678998 140730453678998 140730453680097 0
/proc/18/statm: 2078 1283 1070 456 0 239 0
Current children cumulated CPU time: 0.28 s
Current children cumulated vsize: 25996 KiB
Current children cumulated memory: 17496 KiB

Child status: 0
Real time (s): 0.498702
CPU time (s): 0.38716
CPU user time (s): 0.369493
CPU system time (s): 0.017667
CPU usage (%): 77.6336
Max. virtual memory (cumulated for all children) (KiB): 26044
Max. memory (cumulated for all children) (KiB): 17524

getrusage(RUSAGE_CHILDREN,...) data:
user time used= 0.369493
system time used= 0.017667
maximum resident set size= 12532
integral shared memory size= 0
integral unshared data size= 0
integral unshared stack size= 0
page reclaims= 3715
page faults= 116
swaps= 0
block input operations= 19800
block output operations= 0
messages sent= 0
messages received= 0
signals received= 0
voluntary context switches= 1009
involuntary context switches= 1


# summary of solver processes directly reported to runsolver:
#   pid: 16
#   total CPU time (s): 0.38716
#   total CPU user time (s): 0.369493
#   total CPU system time (s): 0.017667

??? join timestamper begins
??? join timestamper ends
??? end of timestamper thread
runsolver used 0.005177 second user time and 0.002584 second system time

The end
