# WCTIME: wall clock time in seconds
WCTIME=0.165769
# CPUTIME: CPU time in seconds (USERTIME+SYSTEMTIME)
CPUTIME=0.055465
# USERTIME: CPU time spent in user mode in seconds
USERTIME=0.04335
# SYSTEMTIME: CPU time spent in system mode in seconds
SYSTEMTIME=0.012115
# CPUUSAGE: CPUTIME/WCTIME in percent
CPUUSAGE=33.4592
# MAXVM: maximum virtual memory used in KiB
MAXVM=15800
# MAXMM: maximum memory used in KiB
MAXMM=10096
# MAXRSS: maximum Resident Segment Size in KiB
MAXRSS=12628
# TIMEOUT: did the solver exceed the time limit?
TIMEOUT=false
# MEMOUT: did the solver exceed the memory limit?
MEMOUT=false
# EXITSTATUS: Exit status of the solver
EXITSTATUS=0
