# WCTIME: wall clock time in seconds
WCTIME=1800.01
# CPUTIME: CPU time in seconds (USERTIME+SYSTEMTIME)
CPUTIME=1794.52
# USERTIME: CPU time spent in user mode in seconds
USERTIME=1763.87
# SYSTEMTIME: CPU time spent in system mode in seconds
SYSTEMTIME=30.6549
# CPUUSAGE: CPUTIME/WCTIME in percent
CPUUSAGE=99.6954
# MAXVM: maximum virtual memory used in KiB
MAXVM=657680
# MAXMM: maximum memory used in KiB
MAXMM=569932
# MAXRSS: maximum Resident Segment Size in KiB
MAXRSS=630892
# TIMEOUT: did the solver exceed the time limit?
TIMEOUT=true
# MEMOUT: did the solver exceed the memory limit?
MEMOUT=false
# EXITSTATUS: Exit status of the solver
EXITSTATUS=15
