runsolver version 3.4.1 (svn: 3018) Copyright (C) 2010-2013 Olivier ROUSSEL

This program is distributed in the hope that it will be useful,
but WITHOUT ANY WARRANTY; without even the implied warranty of
MERCHANTABILITY or FITNESS FOR A PARTICULAR PURPOSE.  See the
GNU General Public License for more details.

NUMA information:
  number of nodes: 8
  memory of node 0: 63700 MiB (61089 MiB free)
  memory of node 1: 64504 MiB (28335 MiB free)
  memory of node 2: 64504 MiB (60965 MiB free)
  memory of node 3: 64461 MiB (15069 MiB free)
  memory of node 4: 64504 MiB (61134 MiB free)
  memory of node 5: 64504 MiB (12236 MiB free)
  memory of node 6: 64504 MiB (29254 MiB free)
  memory of node 7: 64491 MiB (720 MiB free)
  node distances:
     10  12  12  12  21  21  21  21
     12  10  12  12  21  21  21  21
     12  12  10  12  21  21  21  21
     12  12  12  10  21  21  21  21
     21  21  21  21  10  12  12  12
     21  21  21  21  12  10  12  12
     21  21  21  21  12  12  10  12
     21  21  21  21  12  12  12  10

command line: /usr/local/bin/runsolver --timestamp -w /output/runsolver-watch.log -v /output/runsolver-values.log -o /output/solver-output.log -C 1800.0 -W 1800.0 -R 64000 /opt/solver/run_bn4rust.py --mode cyber-complement-gfp-plus-dependency-order --instance /input/model_079.bnet 

running on 20 cores: 28-31,36-41,144-153

Enforcing CPUTime limit (soft limit, will send SIGTERM then SIGKILL): 1800 seconds
Enforcing CPUTime limit (hard limit, will send SIGXCPU): 1830 seconds
Enforcing wall clock limit (soft limit, will send SIGTERM then SIGKILL): 1800 seconds
Enforcing RSS+Swap limit (soft limit, will send SIGTERM then SIGKILL): 65536000 KiB
Linux 4.18.0-553.159.1.el8_10.x86_64
Current StackSize limit: 18014398509481983 KiB

solver pid=16, runsolver pid=13

[startup+0.100067 s]*
/proc/loadavg: 34.22 39.12 37.06 30/2897 17
/proc/meminfo: memFree=275425896/527542180 swapFree=13837820/33554428
[pid=16] ppid=13 vsize=15748 memory=9976 CPUtime=0.02 cores=28-41,140-153
/proc/16/stat : 16 (python3) R 13 16 0 0 -1 4194304 1377 0 81 0 2 0 0 0 20 0 1 0 53470703 16125952 2494 67087892480 4194304 7154137 140735658331744 0 0 0 0 16781312 2 0 0 0 17 30 0 0 6 0 0 9727432 11029816 19197952 140735658335031 140735658335149 140735658335149 140735658336231 0
/proc/16/statm: 3937 2494 1393 723 0 1673 0
Current children cumulated CPU time: 0.02 s
Current children cumulated vsize: 15748 KiB
Current children cumulated memory: 9976 KiB

[startup+0.2007 s]*
/proc/loadavg: 34.22 39.12 37.06 27/2898 18
/proc/meminfo: memFree=275347280/527542180 swapFree=13837820/33554428
[pid=16] ppid=13 vsize=17684 memory=12424 CPUtime=0.04 cores=28-41,140-153
/proc/16/stat : 16 (python3) S 13 16 0 0 -1 4194304 1898 0 96 0 3 1 0 0 20 0 1 0 53470703 18108416 3106 67087892480 4194304 7154137 140735658331744 0 0 0 0 16781312 2 1 0 0 17 30 0 0 8 0 0 9727432 11029816 19197952 140735658335031 140735658335149 140735658335149 140735658336231 0
/proc/16/statm: 4421 3106 1512 723 0 2063 0
[pid=18] ppid=16 vsize=22948 memory=18940 CPUtime=0.03 cores=28-41,140-153
/proc/18/stat : 18 (bn4rust) R 16 16 0 0 -1 4194304 5019 0 14 0 3 0 0 0 20 0 1 0 53470717 23498752 4735 67087892480 94872563789824 94872565656945 140733260662272 0 0 0 0 4096 1088 0 0 0 17 144 0 0 1 0 0 94872565915008 94872565961944 94872587800576 140733260667642 140733260667798 140733260667798 140733260668897 0
/proc/18/statm: 5737 4735 1021 456 0 3898 0
Current children cumulated CPU time: 0.07 s
Current children cumulated vsize: 40632 KiB
Current children cumulated memory: 31364 KiB

[startup+0.300586 s]*
/proc/loadavg: 34.22 39.12 37.06 25/2900 18
/proc/meminfo: memFree=275193788/527542180 swapFree=13837820/33554428
[pid=16] ppid=13 vsize=17684 memory=12424 CPUtime=0.04 cores=28-41,140-153
/proc/16/stat : 16 (python3) S 13 16 0 0 -1 4194304 1898 0 96 0 3 1 0 0 20 0 1 0 53470703 18108416 3106 67087892480 4194304 7154137 140735658331744 0 0 0 0 16781312 2 1 0 0 17 30 0 0 8 0 0 9727432 11029816 19197952 140735658335031 140735658335149 140735658335149 140735658336231 0
/proc/16/statm: 4421 3106 1512 723 0 2063 0
[pid=18] ppid=16 vsize=47468 memory=44208 CPUtime=0.13 cores=28-41,140-153
/proc/18/stat : 18 (bn4rust) R 16 16 0 0 -1 4194304 11275 0 18 0 11 2 0 0 20 0 1 0 53470717 48607232 11052 67087892480 94872563789824 94872565656945 140733260662272 0 0 0 0 4096 1088 0 0 0 17 144 0 0 1 0 0 94872565915008 94872565961944 94872587800576 140733260667642 140733260667798 140733260667798 140733260668897 0
/proc/18/statm: 11867 11052 1083 456 0 10028 0
Current children cumulated CPU time: 0.17 s
Current children cumulated vsize: 65152 KiB
Current children cumulated memory: 56632 KiB

[startup+0.700166 s]
/proc/loadavg: 34.22 39.12 37.06 24/2895 18
/proc/meminfo: memFree=275213572/527542180 swapFree=13837820/33554428
[pid=16] ppid=13 vsize=17684 memory=12424 CPUtime=0.04 cores=28-41,140-153
/proc/16/stat : 16 (python3) S 13 16 0 0 -1 4194304 1899 0 96 0 3 1 0 0 20 0 1 0 53470703 18108416 3106 67087892480 4194304 7154137 140735658331744 0 0 0 0 16781312 2 1 0 0 17 30 0 0 8 0 0 9727432 11029816 19197952 140735658335031 140735658335149 140735658335149 140735658336231 0
/proc/16/statm: 4421 3106 1512 723 0 2063 0
[pid=18] ppid=16 vsize=59188 memory=55856 CPUtime=0.53 cores=28-41,140-153
/proc/18/stat : 18 (bn4rust) R 16 16 0 0 -1 4194304 15178 0 18 0 51 2 0 0 20 0 1 0 53470717 60608512 13964 67087892480 94872563789824 94872565656945 140733260662272 0 0 0 0 4096 1088 0 0 0 17 144 0 0 1 0 0 94872565915008 94872565961944 94872587800576 140733260667642 140733260667798 140733260667798 140733260668897 0
/proc/18/statm: 14797 13964 1083 456 0 12958 0
Current children cumulated CPU time: 0.57 s
Current children cumulated vsize: 76872 KiB
Current children cumulated memory: 68280 KiB

[startup+1.5003 s]
/proc/loadavg: 34.22 39.12 37.06 26/2895 18
/proc/meminfo: memFree=275092532/527542180 swapFree=13837820/33554428
[pid=16] ppid=13 vsize=17684 memory=12424 CPUtime=0.04 cores=28-41,140-153
/proc/16/stat : 16 (python3) S 13 16 0 0 -1 4194304 1899 0 96 0 3 1 0 0 20 0 1 0 53470703 18108416 3106 67087892480 4194304 7154137 140735658331744 0 0 0 0 16781312 2 1 0 0 17 30 0 0 8 0 0 9727432 11029816 19197952 140735658335031 140735658335149 140735658335149 140735658336231 0
/proc/16/statm: 4421 3106 1512 723 0 2063 0
[pid=18] ppid=16 vsize=153356 memory=131412 CPUtime=1.32 cores=28-41,140-153
/proc/18/stat : 18 (bn4rust) R 16 16 0 0 -1 4194304 30686 0 18 0 126 6 0 0 20 0 1 0 53470717 157036544 32853 67087892480 94872563789824 94872565656945 140733260662272 0 0 0 0 4096 1088 0 0 0 17 144 0 0 1 0 0 94872565915008 94872565961944 94872587800576 140733260667642 140733260667798 140733260667798 140733260668897 0
/proc/18/statm: 38339 32853 1083 456 0 36500 0
Current children cumulated CPU time: 1.36 s
Current children cumulated vsize: 171040 KiB
Current children cumulated memory: 143836 KiB

[startup+3.10053 s]
/proc/loadavg: 34.22 39.12 37.06 19/2895 18
/proc/meminfo: memFree=275180040/527542180 swapFree=13837820/33554428
[pid=16] ppid=13 vsize=17684 memory=12424 CPUtime=0.04 cores=28-41,140-153
/proc/16/stat : 16 (python3) S 13 16 0 0 -1 4194304 1899 0 96 0 3 1 0 0 20 0 1 0 53470703 18108416 3106 67087892480 4194304 7154137 140735658331744 0 0 0 0 16781312 2 1 0 0 17 30 0 0 8 0 0 9727432 11029816 19197952 140735658335031 140735658335149 140735658335149 140735658336231 0
/proc/16/statm: 4421 3106 1512 723 0 2063 0
[pid=18] ppid=16 vsize=148312 memory=145040 CPUtime=2.92 cores=28-41,140-153
/proc/18/stat : 18 (bn4rust) R 16 16 0 0 -1 4194304 35319 0 18 0 282 10 0 0 20 0 1 0 53470717 151871488 36260 67087892480 94872563789824 94872565656945 140733260662272 0 0 0 0 4096 1088 0 0 0 17 144 0 0 1 0 0 94872565915008 94872565961944 94872587800576 140733260667642 140733260667798 140733260667798 140733260668897 0
/proc/18/statm: 37078 36260 1083 456 0 35239 0
Current children cumulated CPU time: 2.96 s
Current children cumulated vsize: 165996 KiB
Current children cumulated memory: 157464 KiB

[startup+6.30019 s]
/proc/loadavg: 33.80 38.95 37.02 22/2895 18
/proc/meminfo: memFree=275536432/527542180 swapFree=13835772/33554428
[pid=16] ppid=13 vsize=17684 memory=12424 CPUtime=0.04 cores=28-41,140-153
/proc/16/stat : 16 (python3) S 13 16 0 0 -1 4194304 1899 0 96 0 3 1 0 0 20 0 1 0 53470703 18108416 3106 67087892480 4194304 7154137 140735658331744 0 0 0 0 16781312 2 1 0 0 17 30 0 0 8 0 0 9727432 11029816 19197952 140735658335031 140735658335149 140735658335149 140735658336231 0
/proc/16/statm: 4421 3106 1512 723 0 2063 0
[pid=18] ppid=16 vsize=194380 memory=184096 CPUtime=6.11 cores=28-41,140-153
/proc/18/stat : 18 (bn4rust) R 16 16 0 0 -1 4194304 41788 0 18 0 597 14 0 0 20 0 1 0 53470717 199045120 46024 67087892480 94872563789824 94872565656945 140733260662272 0 0 0 0 4096 1088 0 0 0 17 144 0 0 1 0 0 94872565915008 94872565961944 94872587800576 140733260667642 140733260667798 140733260667798 140733260668897 0
/proc/18/statm: 48595 46024 1083 456 0 46756 0
Current children cumulated CPU time: 6.15 s
Current children cumulated vsize: 212064 KiB
Current children cumulated memory: 196520 KiB

[startup+12.7002 s]
/proc/loadavg: 33.58 38.82 36.98 23/2892 18
/proc/meminfo: memFree=275723432/527542180 swapFree=13835772/33554428
[pid=16] ppid=13 vsize=17684 memory=12424 CPUtime=0.04 cores=28-41,140-153
/proc/16/stat : 16 (python3) S 13 16 0 0 -1 4194304 1899 0 96 0 3 1 0 0 20 0 1 0 53470703 18108416 3106 67087892480 4194304 7154137 140735658331744 0 0 0 0 16781312 2 1 0 0 17 30 0 0 8 0 0 9727432 11029816 19197952 140735658335031 140735658335149 140735658335149 140735658336231 0
/proc/16/statm: 4421 3106 1512 723 0 2063 0
[pid=18] ppid=16 vsize=158556 memory=149276 CPUtime=12.48 cores=28-41,140-153
/proc/18/stat : 18 (bn4rust) R 16 16 0 0 -1 4194304 71138 0 18 0 1205 43 0 0 20 0 1 0 53470717 162361344 37319 67087892480 94872563789824 94872565656945 140733260662272 0 0 0 0 4096 1088 0 0 0 17 32 0 0 1 0 0 94872565915008 94872565961944 94872587800576 140733260667642 140733260667798 140733260667798 140733260668897 0
/proc/18/statm: 39639 37319 1083 456 0 37800 0
Current children cumulated CPU time: 12.52 s
Current children cumulated vsize: 176240 KiB
Current children cumulated memory: 161700 KiB

[startup+25.5002 s]
/proc/loadavg: 31.74 38.14 36.79 30/2892 18
/proc/meminfo: memFree=276382652/527542180 swapFree=13830396/33554428
[pid=16] ppid=13 vsize=17684 memory=12424 CPUtime=0.04 cores=28-41,140-153
/proc/16/stat : 16 (python3) S 13 16 0 0 -1 4194304 1899 0 96 0 3 1 0 0 20 0 1 0 53470703 18108416 3106 67087892480 4194304 7154137 140735658331744 0 0 0 0 16781312 2 1 0 0 17 30 0 0 8 0 0 9727432 11029816 19197952 140735658335031 140735658335149 140735658335149 140735658336231 0
/proc/16/statm: 4421 3106 1512 723 0 2063 0
[pid=18] ppid=16 vsize=156520 memory=140832 CPUtime=25.23 cores=28-41,140-153
/proc/18/stat : 18 (bn4rust) R 16 16 0 0 -1 4194304 109087 0 18 0 2447 76 0 0 20 0 1 0 53470717 160276480 35208 67087892480 94872563789824 94872565656945 140733260662272 0 0 0 0 4096 1088 0 0 0 17 32 0 0 1 0 0 94872565915008 94872565961944 94872587800576 140733260667642 140733260667798 140733260667798 140733260668897 0
/proc/18/statm: 39130 35208 1086 456 0 37291 0
Current children cumulated CPU time: 25.27 s
Current children cumulated vsize: 174204 KiB
Current children cumulated memory: 153256 KiB

[startup+51.1004 s]
/proc/loadavg: 29.27 37.04 36.46 23/2891 18
/proc/meminfo: memFree=276734968/527542180 swapFree=13823228/33554428
[pid=16] ppid=13 vsize=17684 memory=12424 CPUtime=0.04 cores=28-41,140-153
/proc/16/stat : 16 (python3) S 13 16 0 0 -1 4194304 1899 0 96 0 3 1 0 0 20 0 1 0 53470703 18108416 3106 67087892480 4194304 7154137 140735658331744 0 0 0 0 16781312 2 1 0 0 17 30 0 0 8 0 0 9727432 11029816 19197952 140735658335031 140735658335149 140735658335149 140735658336231 0
/proc/16/statm: 4421 3106 1512 723 0 2063 0
[pid=18] ppid=16 vsize=275872 memory=228484 CPUtime=50.71 cores=28-41,140-153
/proc/18/stat : 18 (bn4rust) R 16 16 0 0 -1 4194304 184829 0 18 0 4931 140 0 0 20 0 1 0 53470717 282492928 57121 67087892480 94872563789824 94872565656945 140733260662272 0 0 0 0 4096 1088 0 0 0 17 32 0 0 1 0 0 94872565915008 94872565961944 94872587800576 140733260667642 140733260667798 140733260667798 140733260668897 0
/proc/18/statm: 68968 57121 1086 456 0 67129 0
Current children cumulated CPU time: 50.75 s
Current children cumulated vsize: 293556 KiB
Current children cumulated memory: 240908 KiB

[startup+102.3 s]
/proc/loadavg: 26.13 35.03 35.81 26/2892 18
/proc/meminfo: memFree=278203500/527542180 swapFree=13790204/33554428
[pid=16] ppid=13 vsize=17684 memory=12424 CPUtime=0.04 cores=28-41,140-153
/proc/16/stat : 16 (python3) S 13 16 0 0 -1 4194304 1899 0 96 0 3 1 0 0 20 0 1 0 53470703 18108416 3106 67087892480 4194304 7154137 140735658331744 0 0 0 0 16781312 2 1 0 0 17 30 0 0 8 0 0 9727432 11029816 19197952 140735658335031 140735658335149 140735658335149 140735658336231 0
/proc/16/statm: 4421 3106 1512 723 0 2063 0
[pid=18] ppid=16 vsize=476240 memory=434952 CPUtime=101.71 cores=28-41,140-153
/proc/18/stat : 18 (bn4rust) R 16 16 0 0 -1 4194304 315117 0 18 0 9912 259 0 0 20 0 1 0 53470717 487669760 108738 67087892480 94872563789824 94872565656945 140733260662272 0 0 0 0 4096 1088 0 0 0 17 32 0 0 1 0 0 94872565915008 94872565961944 94872587800576 140733260667642 140733260667798 140733260667798 140733260668897 0
/proc/18/statm: 119060 108738 1086 456 0 117221 0
Current children cumulated CPU time: 101.75 s
Current children cumulated vsize: 493924 KiB
Current children cumulated memory: 447376 KiB

[startup+162.3 s]
/proc/loadavg: 24.86 33.05 35.08 17/2890 18
/proc/meminfo: memFree=278920276/527542180 swapFree=13773820/33554428
[pid=16] ppid=13 vsize=17684 memory=12424 CPUtime=0.04 cores=28-41,140-153
/proc/16/stat : 16 (python3) S 13 16 0 0 -1 4194304 1899 0 96 0 3 1 0 0 20 0 1 0 53470703 18108416 3106 67087892480 4194304 7154137 140735658331744 0 0 0 0 16781312 2 1 0 0 17 30 0 0 8 0 0 9727432 11029816 19197952 140735658335031 140735658335149 140735658335149 140735658336231 0
/proc/16/statm: 4421 3106 1512 723 0 2063 0
[pid=18] ppid=16 vsize=244968 memory=235304 CPUtime=161.46 cores=28-41,140-153
/proc/18/stat : 18 (bn4rust) R 16 16 0 0 -1 4194304 448155 0 18 0 15754 392 0 0 20 0 1 0 53470717 250847232 58826 67087892480 94872563789824 94872565656945 140733260662272 0 0 0 0 4096 1088 0 0 0 17 32 0 0 1 0 0 94872565915008 94872565961944 94872587800576 140733260667642 140733260667798 140733260667798 140733260668897 0
/proc/18/statm: 61242 58826 1086 456 0 59403 0
Current children cumulated CPU time: 161.5 s
Current children cumulated vsize: 262652 KiB
Current children cumulated memory: 247728 KiB

[startup+222.3 s]
/proc/loadavg: 24.74 31.52 34.42 20/2890 18
/proc/meminfo: memFree=280176744/527542180 swapFree=13727996/33554428
[pid=16] ppid=13 vsize=17684 memory=12424 CPUtime=0.04 cores=28-41,140-153
/proc/16/stat : 16 (python3) S 13 16 0 0 -1 4194304 1899 0 96 0 3 1 0 0 20 0 1 0 53470703 18108416 3106 67087892480 4194304 7154137 140735658331744 0 0 0 0 16781312 2 1 0 0 17 30 0 0 8 0 0 9727432 11029816 19197952 140735658335031 140735658335149 140735658335149 140735658336231 0
/proc/16/statm: 4421 3106 1512 723 0 2063 0
[pid=18] ppid=16 vsize=114052 memory=108392 CPUtime=221.22 cores=28-41,140-153
/proc/18/stat : 18 (bn4rust) R 16 16 0 0 -1 4194304 568152 0 18 0 21617 505 0 0 20 0 1 0 53470717 116789248 27098 67087892480 94872563789824 94872565656945 140733260662272 0 0 0 0 4096 1088 0 0 0 17 32 0 0 1 0 0 94872565915008 94872565961944 94872587800576 140733260667642 140733260667798 140733260667798 140733260668897 0
/proc/18/statm: 28513 27098 1086 456 0 26674 0
Current children cumulated CPU time: 221.26 s
Current children cumulated vsize: 131736 KiB
Current children cumulated memory: 120816 KiB

[startup+282.3 s]
/proc/loadavg: 25.52 30.55 33.91 16/2899 18
/proc/meminfo: memFree=279965064/527542180 swapFree=13723900/33554428
[pid=16] ppid=13 vsize=17684 memory=12424 CPUtime=0.04 cores=28-41,140-153
/proc/16/stat : 16 (python3) S 13 16 0 0 -1 4194304 1899 0 96 0 3 1 0 0 20 0 1 0 53470703 18108416 3106 67087892480 4194304 7154137 140735658331744 0 0 0 0 16781312 2 1 0 0 17 30 0 0 8 0 0 9727432 11029816 19197952 140735658335031 140735658335149 140735658335149 140735658336231 0
/proc/16/statm: 4421 3106 1512 723 0 2063 0
[pid=18] ppid=16 vsize=161152 memory=158016 CPUtime=280.96 cores=28-41,140-153
/proc/18/stat : 18 (bn4rust) R 16 16 0 0 -1 4194304 674859 0 18 0 27488 608 0 0 20 0 1 0 53470717 165019648 39504 67087892480 94872563789824 94872565656945 140733260662272 0 0 0 0 4096 1088 0 0 0 17 32 0 0 1 0 0 94872565915008 94872565961944 94872587800576 140733260667642 140733260667798 140733260667798 140733260668897 0
/proc/18/statm: 40288 39504 1086 456 0 38449 0
Current children cumulated CPU time: 281 s
Current children cumulated vsize: 178836 KiB
Current children cumulated memory: 170440 KiB

[startup+342.3 s]
/proc/loadavg: 25.86 29.72 33.41 17/2894 18
/proc/meminfo: memFree=278765636/527542180 swapFree=13709308/33554428
[pid=16] ppid=13 vsize=17684 memory=12424 CPUtime=0.04 cores=28-41,140-153
/proc/16/stat : 16 (python3) S 13 16 0 0 -1 4194304 1899 0 96 0 3 1 0 0 20 0 1 0 53470703 18108416 3106 67087892480 4194304 7154137 140735658331744 0 0 0 0 16781312 2 1 0 0 17 30 0 0 8 0 0 9727432 11029816 19197952 140735658335031 140735658335149 140735658335149 140735658336231 0
/proc/16/statm: 4421 3106 1512 723 0 2063 0
[pid=18] ppid=16 vsize=167296 memory=161556 CPUtime=340.72 cores=28-41,140-153
/proc/18/stat : 18 (bn4rust) R 16 16 0 0 -1 4194304 770145 0 18 0 33358 714 0 0 20 0 1 0 53470717 171311104 40389 67087892480 94872563789824 94872565656945 140733260662272 0 0 0 0 4096 1088 0 0 0 17 32 0 0 1 0 0 94872565915008 94872565961944 94872587800576 140733260667642 140733260667798 140733260667798 140733260668897 0
/proc/18/statm: 41824 40389 1086 456 0 39985 0
Current children cumulated CPU time: 340.76 s
Current children cumulated vsize: 184980 KiB
Current children cumulated memory: 173980 KiB

[startup+402.3 s]
/proc/loadavg: 25.90 29.07 32.95 20/2905 18
/proc/meminfo: memFree=279204540/527542180 swapFree=13658108/33554428
[pid=16] ppid=13 vsize=17684 memory=12424 CPUtime=0.04 cores=28-41,140-153
/proc/16/stat : 16 (python3) S 13 16 0 0 -1 4194304 1899 0 96 0 3 1 0 0 20 0 1 0 53470703 18108416 3106 67087892480 4194304 7154137 140735658331744 0 0 0 0 16781312 2 1 0 0 17 30 0 0 8 0 0 9727432 11029816 19197952 140735658335031 140735658335149 140735658335149 140735658336231 0
/proc/16/statm: 4421 3106 1512 723 0 2063 0
[pid=18] ppid=16 vsize=215424 memory=201136 CPUtime=400.41 cores=28-41,140-153
/proc/18/stat : 18 (bn4rust) R 16 16 0 0 -1 4194304 842473 0 18 0 39256 785 0 0 20 0 1 0 53470717 220594176 50284 67087892480 94872563789824 94872565656945 140733260662272 0 0 0 0 4096 1088 0 0 0 17 32 0 0 1 0 0 94872565915008 94872565961944 94872587800576 140733260667642 140733260667798 140733260667798 140733260668897 0
/proc/18/statm: 53856 50284 1086 456 0 52017 0
Current children cumulated CPU time: 400.45 s
Current children cumulated vsize: 233108 KiB
Current children cumulated memory: 213560 KiB

[startup+462.3 s]
/proc/loadavg: 25.34 28.30 32.44 18/2906 18
/proc/meminfo: memFree=281216756/527542180 swapFree=13638140/33554428
[pid=16] ppid=13 vsize=17684 memory=12424 CPUtime=0.04 cores=28-41,140-153
/proc/16/stat : 16 (python3) S 13 16 0 0 -1 4194304 1899 0 96 0 3 1 0 0 20 0 1 0 53470703 18108416 3106 67087892480 4194304 7154137 140735658331744 0 0 0 0 16781312 2 1 0 0 17 30 0 0 8 0 0 9727432 11029816 19197952 140735658335031 140735658335149 140735658335149 140735658336231 0
/proc/16/statm: 4421 3106 1512 723 0 2063 0
[pid=18] ppid=16 vsize=208256 memory=200572 CPUtime=460.08 cores=28-41,140-153
/proc/18/stat : 18 (bn4rust) R 16 16 0 0 -1 4194304 916302 0 18 0 45141 867 0 0 20 0 1 0 53470717 213254144 50143 67087892480 94872563789824 94872565656945 140733260662272 0 0 0 0 4096 1088 0 0 0 17 32 0 0 1 0 0 94872565915008 94872565961944 94872587800576 140733260667642 140733260667798 140733260667798 140733260668897 0
/proc/18/statm: 52064 50143 1086 456 0 50225 0
Current children cumulated CPU time: 460.12 s
Current children cumulated vsize: 225940 KiB
Current children cumulated memory: 212996 KiB

[startup+522.3 s]
/proc/loadavg: 24.62 27.56 31.93 21/2908 18
/proc/meminfo: memFree=281879284/527542180 swapFree=13597436/33554428
[pid=16] ppid=13 vsize=17684 memory=12424 CPUtime=0.04 cores=28-41,140-153
/proc/16/stat : 16 (python3) S 13 16 0 0 -1 4194304 1899 0 96 0 3 1 0 0 20 0 1 0 53470703 18108416 3106 67087892480 4194304 7154137 140735658331744 0 0 0 0 16781312 2 1 0 0 17 30 0 0 8 0 0 9727432 11029816 19197952 140735658335031 140735658335149 140735658335149 140735658336231 0
/proc/16/statm: 4421 3106 1512 723 0 2063 0
[pid=18] ppid=16 vsize=211768 memory=200564 CPUtime=519.73 cores=28-41,140-153
/proc/18/stat : 18 (bn4rust) R 16 16 0 0 -1 4194304 996371 0 18 0 51014 959 0 0 20 0 1 0 53470717 216850432 50141 67087892480 94872563789824 94872565656945 140733260662272 0 0 0 0 4096 1088 0 0 0 17 32 0 0 1 0 0 94872565915008 94872565961944 94872587800576 140733260667642 140733260667798 140733260667798 140733260668897 0
/proc/18/statm: 52942 50141 1086 456 0 51103 0
Current children cumulated CPU time: 519.77 s
Current children cumulated vsize: 229452 KiB
Current children cumulated memory: 212988 KiB

[startup+582.3 s]
/proc/loadavg: 25.47 27.27 31.56 28/2906 18
/proc/meminfo: memFree=280793900/527542180 swapFree=13576444/33554428
[pid=16] ppid=13 vsize=17684 memory=12424 CPUtime=0.04 cores=28-41,140-153
/proc/16/stat : 16 (python3) S 13 16 0 0 -1 4194304 1899 0 96 0 3 1 0 0 20 0 1 0 53470703 18108416 3106 67087892480 4194304 7154137 140735658331744 0 0 0 0 16781312 2 1 0 0 17 30 0 0 8 0 0 9727432 11029816 19197952 140735658335031 140735658335149 140735658335149 140735658336231 0
/proc/16/statm: 4421 3106 1512 723 0 2063 0
[pid=18] ppid=16 vsize=275500 memory=256764 CPUtime=579.45 cores=28-41,140-153
/proc/18/stat : 18 (bn4rust) R 16 16 0 0 -1 4194304 1078935 0 18 0 56886 1059 0 0 20 0 1 0 53470717 282112000 64191 67087892480 94872563789824 94872565656945 140733260662272 0 0 0 0 4096 1088 0 0 0 17 144 0 0 1 0 0 94872565915008 94872565961944 94872587800576 140733260667642 140733260667798 140733260667798 140733260668897 0
/proc/18/statm: 68875 64191 1086 456 0 67036 0
Current children cumulated CPU time: 579.49 s
Current children cumulated vsize: 293184 KiB
Current children cumulated memory: 269188 KiB

[startup+642.3 s]
/proc/loadavg: 25.71 26.99 31.19 16/2904 18
/proc/meminfo: memFree=280123344/527542180 swapFree=13557500/33554428
[pid=16] ppid=13 vsize=17684 memory=12424 CPUtime=0.04 cores=28-41,140-153
/proc/16/stat : 16 (python3) S 13 16 0 0 -1 4194304 1899 0 96 0 3 1 0 0 20 0 1 0 53470703 18108416 3106 67087892480 4194304 7154137 140735658331744 0 0 0 0 16781312 2 1 0 0 17 30 0 0 8 0 0 9727432 11029816 19197952 140735658335031 140735658335149 140735658335149 140735658336231 0
/proc/16/statm: 4421 3106 1512 723 0 2063 0
[pid=18] ppid=16 vsize=262020 memory=255824 CPUtime=639.12 cores=28-41,140-153
/proc/18/stat : 18 (bn4rust) R 16 16 0 0 -1 4194304 1166303 0 18 0 62749 1163 0 0 20 0 1 0 53470717 268308480 63956 67087892480 94872563789824 94872565656945 140733260662272 0 0 0 0 4096 1088 0 0 0 17 144 0 0 1 0 0 94872565915008 94872565961944 94872587800576 140733260667642 140733260667798 140733260667798 140733260668897 0
/proc/18/statm: 65505 63956 1086 456 0 63666 0
Current children cumulated CPU time: 639.16 s
Current children cumulated vsize: 279704 KiB
Current children cumulated memory: 268248 KiB

[startup+702.3 s]
/proc/loadavg: 24.19 26.31 30.69 29/2898 18
/proc/meminfo: memFree=280405372/527542180 swapFree=13533180/33554428
[pid=16] ppid=13 vsize=17684 memory=12424 CPUtime=0.04 cores=28-41,140-153
/proc/16/stat : 16 (python3) S 13 16 0 0 -1 4194304 1899 0 96 0 3 1 0 0 20 0 1 0 53470703 18108416 3106 67087892480 4194304 7154137 140735658331744 0 0 0 0 16781312 2 1 0 0 17 30 0 0 8 0 0 9727432 11029816 19197952 140735658335031 140735658335149 140735658335149 140735658336231 0
/proc/16/statm: 4421 3106 1512 723 0 2063 0
[pid=18] ppid=16 vsize=176000 memory=171688 CPUtime=698.79 cores=28-41,140-153
/proc/18/stat : 18 (bn4rust) R 16 16 0 0 -1 4194304 1263184 0 18 0 68590 1289 0 0 20 0 1 0 53470717 180224000 42922 67087892480 94872563789824 94872565656945 140733260662272 0 0 0 0 4096 1088 0 0 0 17 144 0 0 1 0 0 94872565915008 94872565961944 94872587800576 140733260667642 140733260667798 140733260667798 140733260668897 0
/proc/18/statm: 44000 42922 1086 456 0 42161 0
Current children cumulated CPU time: 698.83 s
Current children cumulated vsize: 193684 KiB
Current children cumulated memory: 184112 KiB

[startup+762.3 s]
/proc/loadavg: 24.25 25.97 30.30 18/2889 18
/proc/meminfo: memFree=281417836/527542180 swapFree=13513212/33554428
[pid=16] ppid=13 vsize=17684 memory=12424 CPUtime=0.04 cores=28-41,140-153
/proc/16/stat : 16 (python3) S 13 16 0 0 -1 4194304 1899 0 96 0 3 1 0 0 20 0 1 0 53470703 18108416 3106 67087892480 4194304 7154137 140735658331744 0 0 0 0 16781312 2 1 0 0 17 30 0 0 8 0 0 9727432 11029816 19197952 140735658335031 140735658335149 140735658335149 140735658336231 0
/proc/16/statm: 4421 3106 1512 723 0 2063 0
[pid=18] ppid=16 vsize=319188 memory=277380 CPUtime=758.45 cores=28-41,140-153
/proc/18/stat : 18 (bn4rust) R 16 16 0 0 -1 4194304 1348591 0 18 0 74456 1389 0 0 20 0 1 0 53470717 326848512 69345 67087892480 94872563789824 94872565656945 140733260662272 0 0 0 0 4096 1088 0 0 0 17 144 0 0 1 0 0 94872565915008 94872565961944 94872587800576 140733260667642 140733260667798 140733260667798 140733260668897 0
/proc/18/statm: 79797 69345 1086 456 0 77958 0
Current children cumulated CPU time: 758.49 s
Current children cumulated vsize: 336872 KiB
Current children cumulated memory: 289804 KiB

[startup+822.3 s]
/proc/loadavg: 25.03 25.92 30.01 24/2885 18
/proc/meminfo: memFree=281583804/527542180 swapFree=13502972/33554428
[pid=16] ppid=13 vsize=17684 memory=12424 CPUtime=0.04 cores=28-41,140-153
/proc/16/stat : 16 (python3) S 13 16 0 0 -1 4194304 1899 0 96 0 3 1 0 0 20 0 1 0 53470703 18108416 3106 67087892480 4194304 7154137 140735658331744 0 0 0 0 16781312 2 1 0 0 17 30 0 0 8 0 0 9727432 11029816 19197952 140735658335031 140735658335149 140735658335149 140735658336231 0
/proc/16/statm: 4421 3106 1512 723 0 2063 0
[pid=18] ppid=16 vsize=297228 memory=292620 CPUtime=818.11 cores=28-41,140-153
/proc/18/stat : 18 (bn4rust) R 16 16 0 0 -1 4194304 1428112 0 18 0 80318 1493 0 0 20 0 1 0 53470717 304361472 73155 67087892480 94872563789824 94872565656945 140733260662272 0 0 0 0 4096 1088 0 0 0 17 144 0 0 1 0 0 94872565915008 94872565961944 94872587800576 140733260667642 140733260667798 140733260667798 140733260668897 0
/proc/18/statm: 74307 73155 1086 456 0 72468 0
Current children cumulated CPU time: 818.15 s
Current children cumulated vsize: 314912 KiB
Current children cumulated memory: 305044 KiB

[startup+882.3 s]
/proc/loadavg: 26.74 26.20 29.85 27/2907 18
/proc/meminfo: memFree=279697328/527542180 swapFree=13502716/33554428
[pid=16] ppid=13 vsize=17684 memory=12424 CPUtime=0.04 cores=28-41,140-153
/proc/16/stat : 16 (python3) S 13 16 0 0 -1 4194304 1899 0 96 0 3 1 0 0 20 0 1 0 53470703 18108416 3106 67087892480 4194304 7154137 140735658331744 0 0 0 0 16781312 2 1 0 0 17 30 0 0 8 0 0 9727432 11029816 19197952 140735658335031 140735658335149 140735658335149 140735658336231 0
/proc/16/statm: 4421 3106 1512 723 0 2063 0
[pid=18] ppid=16 vsize=432936 memory=380084 CPUtime=877.83 cores=28-41,140-153
/proc/18/stat : 18 (bn4rust) R 16 16 0 0 -1 4194304 1534192 0 18 0 86138 1645 0 0 20 0 1 0 53470717 443326464 95021 67087892480 94872563789824 94872565656945 140733260662272 0 0 0 0 4096 1088 0 0 0 17 32 0 0 1 0 0 94872565915008 94872565961944 94872587800576 140733260667642 140733260667798 140733260667798 140733260668897 0
/proc/18/statm: 108234 95021 1086 456 0 106395 0
Current children cumulated CPU time: 877.87 s
Current children cumulated vsize: 450620 KiB
Current children cumulated memory: 392508 KiB

[startup+942.3 s]
/proc/loadavg: 25.69 26.05 29.56 34/2885 18
/proc/meminfo: memFree=279931808/527542180 swapFree=13502716/33554428
[pid=16] ppid=13 vsize=17684 memory=12424 CPUtime=0.04 cores=28-41,140-153
/proc/16/stat : 16 (python3) S 13 16 0 0 -1 4194304 1899 0 96 0 3 1 0 0 20 0 1 0 53470703 18108416 3106 67087892480 4194304 7154137 140735658331744 0 0 0 0 16781312 2 1 0 0 17 30 0 0 8 0 0 9727432 11029816 19197952 140735658335031 140735658335149 140735658335149 140735658336231 0
/proc/16/statm: 4421 3106 1512 723 0 2063 0
[pid=18] ppid=16 vsize=324732 memory=273648 CPUtime=937.58 cores=28-41,140-153
/proc/18/stat : 18 (bn4rust) R 16 16 0 0 -1 4194304 1623329 0 18 0 92007 1751 0 0 20 0 1 0 53470717 332525568 68412 67087892480 94872563789824 94872565656945 140733260662272 0 0 0 0 4096 1088 0 0 0 17 32 0 0 1 0 0 94872565915008 94872565961944 94872587800576 140733260667642 140733260667798 140733260667798 140733260668897 0
/proc/18/statm: 81183 68412 1086 456 0 79344 0
Current children cumulated CPU time: 937.62 s
Current children cumulated vsize: 342416 KiB
Current children cumulated memory: 286072 KiB

[startup+1002.3 s]
/proc/loadavg: 25.92 25.98 29.32 22/2888 18
/proc/meminfo: memFree=279598716/527542180 swapFree=13475324/33554428
[pid=16] ppid=13 vsize=17684 memory=12424 CPUtime=0.04 cores=28-41,140-153
/proc/16/stat : 16 (python3) S 13 16 0 0 -1 4194304 1899 0 96 0 3 1 0 0 20 0 1 0 53470703 18108416 3106 67087892480 4194304 7154137 140735658331744 0 0 0 0 16781312 2 1 0 0 17 30 0 0 8 0 0 9727432 11029816 19197952 140735658335031 140735658335149 140735658335149 140735658336231 0
/proc/16/statm: 4421 3106 1512 723 0 2063 0
[pid=18] ppid=16 vsize=498856 memory=445096 CPUtime=997.34 cores=28-41,140-153
/proc/18/stat : 18 (bn4rust) R 16 16 0 0 -1 4194304 1715111 0 18 0 97829 1905 0 0 20 0 1 0 53470717 510828544 111274 67087892480 94872563789824 94872565656945 140733260662272 0 0 0 0 4096 1088 0 0 0 17 32 0 0 1 0 0 94872565915008 94872565961944 94872587800576 140733260667642 140733260667798 140733260667798 140733260668897 0
/proc/18/statm: 124714 111274 1086 456 0 122875 0
Current children cumulated CPU time: 997.38 s
Current children cumulated vsize: 516540 KiB
Current children cumulated memory: 457520 KiB

[startup+1062.3 s]
/proc/loadavg: 25.59 25.90 29.08 22/2889 18
/proc/meminfo: memFree=278567044/527542180 swapFree=13475324/33554428
[pid=16] ppid=13 vsize=17684 memory=12424 CPUtime=0.04 cores=28-41,140-153
/proc/16/stat : 16 (python3) S 13 16 0 0 -1 4194304 1899 0 96 0 3 1 0 0 20 0 1 0 53470703 18108416 3106 67087892480 4194304 7154137 140735658331744 0 0 0 0 16781312 2 1 0 0 17 30 0 0 8 0 0 9727432 11029816 19197952 140735658335031 140735658335149 140735658335149 140735658336231 0
/proc/16/statm: 4421 3106 1512 723 0 2063 0
[pid=18] ppid=16 vsize=485780 memory=380936 CPUtime=1057.09 cores=28-41,140-153
/proc/18/stat : 18 (bn4rust) R 16 16 0 0 -1 4194304 1796336 0 18 0 103710 1999 0 0 20 0 1 0 53470717 497438720 95234 67087892480 94872563789824 94872565656945 140733260662272 0 0 0 0 4096 1088 0 0 0 17 32 0 0 1 0 0 94872565915008 94872565961944 94872587800576 140733260667642 140733260667798 140733260667798 140733260668897 0
/proc/18/statm: 121445 95234 1086 456 0 119606 0
Current children cumulated CPU time: 1057.13 s
Current children cumulated vsize: 503464 KiB
Current children cumulated memory: 393360 KiB

[startup+1122.3 s]
/proc/loadavg: 25.06 25.76 28.84 16/2887 18
/proc/meminfo: memFree=278037256/527542180 swapFree=13475068/33554428
[pid=16] ppid=13 vsize=17684 memory=12424 CPUtime=0.04 cores=28-41,140-153
/proc/16/stat : 16 (python3) S 13 16 0 0 -1 4194304 1899 0 96 0 3 1 0 0 20 0 1 0 53470703 18108416 3106 67087892480 4194304 7154137 140735658331744 0 0 0 0 16781312 2 1 0 0 17 30 0 0 8 0 0 9727432 11029816 19197952 140735658335031 140735658335149 140735658335149 140735658336231 0
/proc/16/statm: 4421 3106 1512 723 0 2063 0
[pid=18] ppid=16 vsize=455648 memory=422000 CPUtime=1116.85 cores=28-41,140-153
/proc/18/stat : 18 (bn4rust) R 16 16 0 0 -1 4194304 1880711 0 18 0 109540 2145 0 0 20 0 1 0 53470717 466583552 105500 67087892480 94872563789824 94872565656945 140733260662272 0 0 0 0 4096 1088 0 0 0 17 32 0 0 1 0 0 94872565915008 94872565961944 94872587800576 140733260667642 140733260667798 140733260667798 140733260668897 0
/proc/18/statm: 113912 105500 1086 456 0 112073 0
Current children cumulated CPU time: 1116.89 s
Current children cumulated vsize: 473332 KiB
Current children cumulated memory: 434424 KiB

[startup+1182.3 s]
/proc/loadavg: 25.49 25.77 28.65 20/2889 18
/proc/meminfo: memFree=278711944/527542180 swapFree=13456892/33554428
[pid=16] ppid=13 vsize=17684 memory=12424 CPUtime=0.04 cores=28-41,140-153
/proc/16/stat : 16 (python3) S 13 16 0 0 -1 4194304 1899 0 96 0 3 1 0 0 20 0 1 0 53470703 18108416 3106 67087892480 4194304 7154137 140735658331744 0 0 0 0 16781312 2 1 0 0 17 30 0 0 8 0 0 9727432 11029816 19197952 140735658335031 140735658335149 140735658335149 140735658336231 0
/proc/16/statm: 4421 3106 1512 723 0 2063 0
[pid=18] ppid=16 vsize=318896 memory=246972 CPUtime=1176.61 cores=28-41,140-153
/proc/18/stat : 18 (bn4rust) R 16 16 0 0 -1 4194304 1959010 0 18 0 115421 2240 0 0 20 0 1 0 53470717 326549504 61204 67087892480 94872563789824 94872565656945 140733260662272 0 0 0 0 4096 1088 0 0 0 17 32 0 0 1 0 0 94872565915008 94872565961944 94872587800576 140733260667642 140733260667798 140733260667798 140733260668897 0
/proc/18/statm: 79724 61743 1086 456 0 77885 0
Current children cumulated CPU time: 1176.65 s
Current children cumulated vsize: 336580 KiB
Current children cumulated memory: 259396 KiB

[startup+1242.3 s]
/proc/loadavg: 26.19 25.87 28.50 16/2908 18
/proc/meminfo: memFree=279429520/527542180 swapFree=13448700/33554428
[pid=16] ppid=13 vsize=17684 memory=12424 CPUtime=0.04 cores=28-41,140-153
/proc/16/stat : 16 (python3) S 13 16 0 0 -1 4194304 1899 0 96 0 3 1 0 0 20 0 1 0 53470703 18108416 3106 67087892480 4194304 7154137 140735658331744 0 0 0 0 16781312 2 1 0 0 17 30 0 0 8 0 0 9727432 11029816 19197952 140735658335031 140735658335149 140735658335149 140735658336231 0
/proc/16/statm: 4421 3106 1512 723 0 2063 0
[pid=18] ppid=16 vsize=455072 memory=438464 CPUtime=1236.34 cores=28-41,140-153
/proc/18/stat : 18 (bn4rust) R 16 16 0 0 -1 4194304 2042395 0 18 0 121258 2376 0 0 20 0 1 0 53470717 465993728 109616 67087892480 94872563789824 94872565656945 140733260662272 0 0 0 0 4096 1088 0 0 0 17 32 0 0 1 0 0 94872565915008 94872565961944 94872587800576 140733260667642 140733260667798 140733260667798 140733260668897 0
/proc/18/statm: 113768 109616 1086 456 0 111929 0
Current children cumulated CPU time: 1236.38 s
Current children cumulated vsize: 472756 KiB
Current children cumulated memory: 450888 KiB

[startup+1302.3 s]
/proc/loadavg: 25.83 25.92 28.35 22/2911 18
/proc/meminfo: memFree=278594480/527542180 swapFree=13432572/33554428
[pid=16] ppid=13 vsize=17684 memory=12424 CPUtime=0.04 cores=28-41,140-153
/proc/16/stat : 16 (python3) S 13 16 0 0 -1 4194304 1899 0 96 0 3 1 0 0 20 0 1 0 53470703 18108416 3106 67087892480 4194304 7154137 140735658331744 0 0 0 0 16781312 2 1 0 0 17 30 0 0 8 0 0 9727432 11029816 19197952 140735658335031 140735658335149 140735658335149 140735658336231 0
/proc/16/statm: 4421 3106 1512 723 0 2063 0
[pid=18] ppid=16 vsize=213904 memory=208756 CPUtime=1296.02 cores=28-41,140-153
/proc/18/stat : 18 (bn4rust) R 16 16 0 0 -1 4194304 2121523 0 18 0 127122 2480 0 0 20 0 1 0 53470717 219037696 52189 67087892480 94872563789824 94872565656945 140733260662272 0 0 0 0 4096 1088 0 0 0 17 32 0 0 1 0 0 94872565915008 94872565961944 94872587800576 140733260667642 140733260667798 140733260667798 140733260668897 0
/proc/18/statm: 53476 52189 1086 456 0 51637 0
Current children cumulated CPU time: 1296.06 s
Current children cumulated vsize: 231588 KiB
Current children cumulated memory: 221180 KiB

[startup+1362.3 s]
/proc/loadavg: 24.11 25.36 28.01 21/2914 18
/proc/meminfo: memFree=278148620/527542180 swapFree=13423868/33554428
[pid=16] ppid=13 vsize=17684 memory=12424 CPUtime=0.04 cores=28-41,140-153
/proc/16/stat : 16 (python3) S 13 16 0 0 -1 4194304 1899 0 96 0 3 1 0 0 20 0 1 0 53470703 18108416 3106 67087892480 4194304 7154137 140735658331744 0 0 0 0 16781312 2 1 0 0 17 30 0 0 8 0 0 9727432 11029816 19197952 140735658335031 140735658335149 140735658335149 140735658336231 0
/proc/16/statm: 4421 3106 1512 723 0 2063 0
[pid=18] ppid=16 vsize=487060 memory=402036 CPUtime=1355.7 cores=28-41,140-153
/proc/18/stat : 18 (bn4rust) R 16 16 0 0 -1 4194304 2218038 0 18 0 132950 2620 0 0 20 0 1 0 53470717 498749440 100509 67087892480 94872563789824 94872565656945 140733260662272 0 0 0 0 4096 1088 0 0 0 17 144 0 0 1 0 0 94872565915008 94872565961944 94872587800576 140733260667642 140733260667798 140733260667798 140733260668897 0
/proc/18/statm: 121765 100509 1086 456 0 119926 0
Current children cumulated CPU time: 1355.74 s
Current children cumulated vsize: 504744 KiB
Current children cumulated memory: 414460 KiB

[startup+1422.3 s]
/proc/loadavg: 24.41 25.22 27.79 14/2915 18
/proc/meminfo: memFree=278809908/527542180 swapFree=13393660/33554428
[pid=16] ppid=13 vsize=17684 memory=12424 CPUtime=0.04 cores=28-41,140-153
/proc/16/stat : 16 (python3) S 13 16 0 0 -1 4194304 1899 0 96 0 3 1 0 0 20 0 1 0 53470703 18108416 3106 67087892480 4194304 7154137 140735658331744 0 0 0 0 16781312 2 1 0 0 17 30 0 0 8 0 0 9727432 11029816 19197952 140735658335031 140735658335149 140735658335149 140735658336231 0
/proc/16/statm: 4421 3106 1512 723 0 2063 0
[pid=18] ppid=16 vsize=490784 memory=465272 CPUtime=1415.38 cores=28-41,140-153
/proc/18/stat : 18 (bn4rust) R 16 16 0 0 -1 4194304 2307478 0 18 0 138776 2762 0 0 20 0 1 0 53470717 502562816 116318 67087892480 94872563789824 94872565656945 140733260662272 0 0 0 0 4096 1088 0 0 0 17 144 0 0 1 0 0 94872565915008 94872565961944 94872587800576 140733260667642 140733260667798 140733260667798 140733260668897 0
/proc/18/statm: 122696 116318 1086 456 0 120857 0
Current children cumulated CPU time: 1415.42 s
Current children cumulated vsize: 508468 KiB
Current children cumulated memory: 477696 KiB

[startup+1482.3 s]
/proc/loadavg: 25.02 25.30 27.66 24/2915 18
/proc/meminfo: memFree=278347072/527542180 swapFree=13377788/33554428
[pid=16] ppid=13 vsize=17684 memory=12424 CPUtime=0.04 cores=28-41,140-153
/proc/16/stat : 16 (python3) S 13 16 0 0 -1 4194304 1899 0 96 0 3 1 0 0 20 0 1 0 53470703 18108416 3106 67087892480 4194304 7154137 140735658331744 0 0 0 0 16781312 2 1 0 0 17 30 0 0 8 0 0 9727432 11029816 19197952 140735658335031 140735658335149 140735658335149 140735658336231 0
/proc/16/statm: 4421 3106 1512 723 0 2063 0
[pid=18] ppid=16 vsize=328868 memory=316216 CPUtime=1475.05 cores=28-41,140-153
/proc/18/stat : 18 (bn4rust) R 16 16 0 0 -1 4194304 2387556 0 18 0 144652 2853 0 0 20 0 1 0 53470717 336760832 79054 67087892480 94872563789824 94872565656945 140733260662272 0 0 0 0 4096 1088 0 0 0 17 32 0 0 1 0 0 94872565915008 94872565961944 94872587800576 140733260667642 140733260667798 140733260667798 140733260668897 0
/proc/18/statm: 82217 79054 1086 456 0 80378 0
Current children cumulated CPU time: 1475.09 s
Current children cumulated vsize: 346552 KiB
Current children cumulated memory: 328640 KiB

[startup+1542.3 s]
/proc/loadavg: 25.08 25.29 27.50 23/2908 18
/proc/meminfo: memFree=277885816/527542180 swapFree=13348092/33554428
[pid=16] ppid=13 vsize=17684 memory=12424 CPUtime=0.04 cores=28-41,140-153
/proc/16/stat : 16 (python3) S 13 16 0 0 -1 4194304 1899 0 96 0 3 1 0 0 20 0 1 0 53470703 18108416 3106 67087892480 4194304 7154137 140735658331744 0 0 0 0 16781312 2 1 0 0 17 30 0 0 8 0 0 9727432 11029816 19197952 140735658335031 140735658335149 140735658335149 140735658336231 0
/proc/16/statm: 4421 3106 1512 723 0 2063 0
[pid=18] ppid=16 vsize=500904 memory=484964 CPUtime=1534.72 cores=28-41,140-153
/proc/18/stat : 18 (bn4rust) R 16 16 0 0 -1 4194304 2457905 0 18 0 150490 2982 0 0 20 0 1 0 53470717 512925696 121241 67087892480 94872563789824 94872565656945 140733260662272 0 0 0 0 4096 1088 0 0 0 17 32 0 0 1 0 0 94872565915008 94872565961944 94872587800576 140733260667642 140733260667798 140733260667798 140733260668897 0
/proc/18/statm: 125226 121241 1086 456 0 123387 0
Current children cumulated CPU time: 1534.76 s
Current children cumulated vsize: 518588 KiB
Current children cumulated memory: 497388 KiB

[startup+1602.3 s]
/proc/loadavg: 24.69 25.20 27.34 25/2862 18
/proc/meminfo: memFree=279892180/527542180 swapFree=13326844/33554428
[pid=16] ppid=13 vsize=17684 memory=12424 CPUtime=0.04 cores=28-41,140-153
/proc/16/stat : 16 (python3) S 13 16 0 0 -1 4194304 1899 0 96 0 3 1 0 0 20 0 1 0 53470703 18108416 3106 67087892480 4194304 7154137 140735658331744 0 0 0 0 16781312 2 1 0 0 17 30 0 0 8 0 0 9727432 11029816 19197952 140735658335031 140735658335149 140735658335149 140735658336231 0
/proc/16/statm: 4421 3106 1512 723 0 2063 0
[pid=18] ppid=16 vsize=328868 memory=305972 CPUtime=1594.4 cores=28-41,140-153
/proc/18/stat : 18 (bn4rust) R 16 16 0 0 -1 4194304 2523526 0 18 0 156329 3111 0 0 20 0 1 0 53470717 336760832 76493 67087892480 94872563789824 94872565656945 140733260662272 0 0 0 0 4096 1088 0 0 0 17 32 0 0 1 0 0 94872565915008 94872565961944 94872587800576 140733260667642 140733260667798 140733260667798 140733260668897 0
/proc/18/statm: 82217 76493 1086 456 0 80378 0
Current children cumulated CPU time: 1594.44 s
Current children cumulated vsize: 346552 KiB
Current children cumulated memory: 318396 KiB

[startup+1662.3 s]
/proc/loadavg: 24.55 25.16 27.19 20/2863 18
/proc/meminfo: memFree=278050464/527542180 swapFree=13326844/33554428
[pid=16] ppid=13 vsize=17684 memory=12424 CPUtime=0.04 cores=28-41,140-153
/proc/16/stat : 16 (python3) S 13 16 0 0 -1 4194304 1899 0 96 0 3 1 0 0 20 0 1 0 53470703 18108416 3106 67087892480 4194304 7154137 140735658331744 0 0 0 0 16781312 2 1 0 0 17 30 0 0 8 0 0 9727432 11029816 19197952 140735658335031 140735658335149 140735658335149 140735658336231 0
/proc/16/statm: 4421 3106 1512 723 0 2063 0
[pid=18] ppid=16 vsize=417260 memory=396808 CPUtime=1654.06 cores=28-41,140-153
/proc/18/stat : 18 (bn4rust) R 16 16 0 0 -1 4194304 2586720 0 18 0 162214 3192 0 0 20 0 1 0 53470717 427274240 99202 67087892480 94872563789824 94872565656945 140733260662272 0 0 0 0 4096 1088 0 0 0 17 32 0 0 1 0 0 94872565915008 94872565961944 94872587800576 140733260667642 140733260667798 140733260667798 140733260668897 0
/proc/18/statm: 104315 99202 1086 456 0 102476 0
Current children cumulated CPU time: 1654.1 s
Current children cumulated vsize: 434944 KiB
Current children cumulated memory: 409232 KiB

[startup+1722.3 s]
/proc/loadavg: 24.75 25.12 27.05 21/2902 18
/proc/meminfo: memFree=274428804/527542180 swapFree=13326844/33554428
[pid=16] ppid=13 vsize=17684 memory=12424 CPUtime=0.04 cores=28-41,140-153
/proc/16/stat : 16 (python3) S 13 16 0 0 -1 4194304 1899 0 96 0 3 1 0 0 20 0 1 0 53470703 18108416 3106 67087892480 4194304 7154137 140735658331744 0 0 0 0 16781312 2 1 0 0 17 30 0 0 8 0 0 9727432 11029816 19197952 140735658335031 140735658335149 140735658335149 140735658336231 0
/proc/16/statm: 4421 3106 1512 723 0 2063 0
[pid=18] ppid=16 vsize=605680 memory=554376 CPUtime=1713.73 cores=28-41,140-153
/proc/18/stat : 18 (bn4rust) R 16 16 0 0 -1 4194304 2645711 0 18 0 168064 3309 0 0 20 0 1 0 53470717 620216320 138594 67087892480 94872563789824 94872565656945 140733260662272 0 0 0 0 4096 1088 0 0 0 17 32 0 0 1 0 0 94872565915008 94872565961944 94872587800576 140733260667642 140733260667798 140733260667798 140733260668897 0
/proc/18/statm: 151420 138594 1086 456 0 149581 0
Current children cumulated CPU time: 1713.77 s
Current children cumulated vsize: 623364 KiB
Current children cumulated memory: 566800 KiB

[startup+1782.3 s]
/proc/loadavg: 26.00 25.47 27.06 21/2905 18
/proc/meminfo: memFree=268795720/527542180 swapFree=13306876/33554428
[pid=16] ppid=13 vsize=17684 memory=12424 CPUtime=0.04 cores=28-41,140-153
/proc/16/stat : 16 (python3) S 13 16 0 0 -1 4194304 1899 0 96 0 3 1 0 0 20 0 1 0 53470703 18108416 3106 67087892480 4194304 7154137 140735658331744 0 0 0 0 16781312 2 1 0 0 17 30 0 0 8 0 0 9727432 11029816 19197952 140735658335031 140735658335149 140735658335149 140735658336231 0
/proc/16/statm: 4421 3106 1512 723 0 2063 0
[pid=18] ppid=16 vsize=556524 memory=506480 CPUtime=1773.44 cores=28-41,140-153
/proc/18/stat : 18 (bn4rust) R 16 16 0 0 -1 4194304 2708380 0 18 0 173904 3440 0 0 20 0 1 0 53470717 569880576 126620 67087892480 94872563789824 94872565656945 140733260662272 0 0 0 0 4096 1088 0 0 0 17 144 0 0 1 0 0 94872565915008 94872565961944 94872587800576 140733260667642 140733260667798 140733260667798 140733260668897 0
/proc/18/statm: 139131 126620 1086 456 0 137292 0
Current children cumulated CPU time: 1773.48 s
Current children cumulated vsize: 574208 KiB
Current children cumulated memory: 518904 KiB



Maximum wall clock time exceeded: sending SIGTERM then SIGKILL

[startup+1800 s]*
/proc/loadavg: 26.00 25.50 27.04 21/2905 18
/proc/meminfo: memFree=266897888/527542180 swapFree=13306876/33554428
[pid=16] ppid=13 vsize=17684 memory=12424 CPUtime=0.04 cores=28-41,140-153
/proc/16/stat : 16 (python3) S 13 16 0 0 -1 4194304 1899 0 96 0 3 1 0 0 20 0 1 0 53470703 18108416 3106 67087892480 4194304 7154137 140735658331744 0 0 0 0 16781312 2 1 0 0 17 30 0 0 8 0 0 9727432 11029816 19197952 140735658335031 140735658335149 140735658335149 140735658336231 0
/proc/16/statm: 4421 3106 1512 723 0 2063 0
[pid=18] ppid=16 vsize=233856 memory=225100 CPUtime=1791.07 cores=28-41,140-153
/proc/18/stat : 18 (bn4rust) R 16 16 0 0 -1 4194304 2729029 0 18 0 175633 3474 0 0 20 0 1 0 53470717 239468544 56275 67087892480 94872563789824 94872565656945 140733260662272 0 0 0 0 4096 1088 0 0 0 17 144 0 0 1 0 0 94872565915008 94872565961944 94872587800576 140733260667642 140733260667798 140733260667798 140733260668897 0
/proc/18/statm: 58464 56275 1086 456 0 56625 0
Current children cumulated CPU time: 1791.11 s
Current children cumulated vsize: 251540 KiB
Current children cumulated memory: 237524 KiB

Sending SIGTERM to process tree (bottom up)
Sleeping 2 seconds

[startup+1800.01 s]
# the end of solver process 16 was just reported to runsolver
# cumulated CPU time of all completed processes:  user=0.032622 s, system=0.015751 s

[startup+1800.01 s]
# the end of solver process 18 was just reported to runsolver
# cumulated CPU time of all completed processes:  user=1756.37 s, system=34.763 s
# this solver process was not waited by its parent and was adopted by runsolver

Solver just ended.
??? end of watcher thread
Dumping a history of the last processes samples

Child ended because it received signal 15 (SIGTERM)
Real time (s): 1800.01
CPU time (s): 1791.13
CPU user time (s): 1756.37
CPU system time (s): 34.763
CPU usage (%): 99.5068
Max. virtual memory (cumulated for all children) (KiB): 1155848
Max. memory (cumulated for all children) (KiB): 971588

getrusage(RUSAGE_CHILDREN,...) data:
user time used= 1756.37
system time used= 34.763
maximum resident set size= 1084800
integral shared memory size= 0
integral unshared data size= 0
integral unshared stack size= 0
page reclaims= 2730928
page faults= 114
swaps= 0
block input operations= 22256
block output operations= 8
messages sent= 0
messages received= 0
signals received= 0
voluntary context switches= 987
involuntary context switches= 4913


# summary of solver processes directly reported to runsolver:
#   pid: 16,18
#   total CPU time (s): 1791.13
#   total CPU user time (s): 1756.37
#   total CPU system time (s): 34.763

??? join timestamper begins
??? join timestamper ends
??? end of timestamper thread
runsolver used 0.921287 second user time and 2.01386 second system time

The end
