# WCTIME: wall clock time in seconds
WCTIME=1800.01
# CPUTIME: CPU time in seconds (USERTIME+SYSTEMTIME)
CPUTIME=1792.47
# USERTIME: CPU time spent in user mode in seconds
USERTIME=1756.21
# SYSTEMTIME: CPU time spent in system mode in seconds
SYSTEMTIME=36.2594
# CPUUSAGE: CPUTIME/WCTIME in percent
CPUUSAGE=99.5815
# MAXVM: maximum virtual memory used in KiB
MAXVM=2566736
# MAXMM: maximum memory used in KiB
MAXMM=2307008
# MAXRSS: maximum Resident Segment Size in KiB
MAXRSS=2336688
# TIMEOUT: did the solver exceed the time limit?
TIMEOUT=true
# MEMOUT: did the solver exceed the memory limit?
MEMOUT=false
# EXITSTATUS: Exit status of the solver
EXITSTATUS=15
