runsolver version 3.4.1 (svn: 3018) Copyright (C) 2010-2013 Olivier ROUSSEL

This program is distributed in the hope that it will be useful,
but WITHOUT ANY WARRANTY; without even the implied warranty of
MERCHANTABILITY or FITNESS FOR A PARTICULAR PURPOSE.  See the
GNU General Public License for more details.

NUMA information:
  number of nodes: 8
  memory of node 0: 63657 MiB (61731 MiB free)
  memory of node 1: 64504 MiB (64015 MiB free)
  memory of node 2: 64504 MiB (64040 MiB free)
  memory of node 3: 64504 MiB (63998 MiB free)
  memory of node 4: 64504 MiB (63966 MiB free)
  memory of node 5: 64504 MiB (61962 MiB free)
  memory of node 6: 64504 MiB (63260 MiB free)
  memory of node 7: 64491 MiB (63494 MiB free)
  node distances:
     10  12  12  12  21  21  21  21
     12  10  12  12  21  21  21  21
     12  12  10  12  21  21  21  21
     12  12  12  10  21  21  21  21
     21  21  21  21  10  12  12  12
     21  21  21  21  12  10  12  12
     21  21  21  21  12  12  10  12
     21  21  21  21  12  12  12  10

command line: /usr/local/bin/runsolver --timestamp -w /output/runsolver-watch.log -v /output/runsolver-values.log -o /output/solver-output.log -C 1800.0 -W 1800.0 -R 64000 /opt/solver/run_bn4rust.py --mode cyber-full --instance /input/model_184.bnet 

running on 28 cores: 14-27,126-139

Enforcing CPUTime limit (soft limit, will send SIGTERM then SIGKILL): 1800 seconds
Enforcing CPUTime limit (hard limit, will send SIGXCPU): 1830 seconds
Enforcing wall clock limit (soft limit, will send SIGTERM then SIGKILL): 1800 seconds
Enforcing RSS+Swap limit (soft limit, will send SIGTERM then SIGKILL): 65536000 KiB
Linux 4.18.0-553.159.1.el8_10.x86_64
solver pid=16, runsolver pid=13
Current StackSize limit: 18014398509481983 KiB


[startup+0.100076 s]*
/proc/loadavg: 0.88 0.18 2.10 9/2815 17
/proc/meminfo: memFree=518506004/527542224 swapFree=33554428/33554428
[pid=16] ppid=13 vsize=15800 memory=10040 CPUtime=0.02 cores=14-27,126-139
/proc/16/stat : 16 (python3) D 13 16 0 0 -1 4194304 1389 0 84 0 2 0 0 0 20 0 1 0 53231205 16179200 2510 67087892480 4194304 7154137 140726908374960 0 0 0 0 16781312 2 0 0 0 17 139 0 0 6 0 0 9727432 11029816 36343808 140726908382039 140726908382125 140726908382125 140726908383207 0
/proc/16/statm: 3950 2510 1375 723 0 1674 0
Current children cumulated CPU time: 0.02 s
Current children cumulated vsize: 15800 KiB
Current children cumulated memory: 10040 KiB

[startup+0.190949 s]
# the end of solver process 16 was just reported to runsolver
# cumulated CPU time of all completed processes:  user=0.042643 s, system=0.012319 s

Solver just ended.
??? end of watcher thread
Dumping a history of the last processes samples

[startup+0.100076 s]*
/proc/loadavg: 0.88 0.18 2.10 9/2815 17
/proc/meminfo: memFree=518506004/527542224 swapFree=33554428/33554428
[pid=16] ppid=13 vsize=15800 memory=10040 CPUtime=0.02 cores=14-27,126-139
/proc/16/stat : 16 (python3) D 13 16 0 0 -1 4194304 1389 0 84 0 2 0 0 0 20 0 1 0 53231205 16179200 2510 67087892480 4194304 7154137 140726908374960 0 0 0 0 16781312 2 0 0 0 17 139 0 0 6 0 0 9727432 11029816 36343808 140726908382039 140726908382125 140726908382125 140726908383207 0
/proc/16/statm: 3950 2510 1375 723 0 1674 0
Current children cumulated CPU time: 0.02 s
Current children cumulated vsize: 15800 KiB
Current children cumulated memory: 10040 KiB

Child status: 0
Real time (s): 0.190975
CPU time (s): 0.054962
CPU user time (s): 0.042643
CPU system time (s): 0.012319
CPU usage (%): 28.7797
Max. virtual memory (cumulated for all children) (KiB): 15800
Max. memory (cumulated for all children) (KiB): 10040

getrusage(RUSAGE_CHILDREN,...) data:
user time used= 0.042643
system time used= 0.012319
maximum resident set size= 12484
integral shared memory size= 0
integral unshared data size= 0
integral unshared stack size= 0
page reclaims= 2058
page faults= 115
swaps= 0
block input operations= 20000
block output operations= 0
messages sent= 0
messages received= 0
signals received= 0
voluntary context switches= 964
involuntary context switches= 0


# summary of solver processes directly reported to runsolver:
#   pid: 16
#   total CPU time (s): 0.054962
#   total CPU user time (s): 0.042643
#   total CPU system time (s): 0.012319

??? join timestamper begins
??? join timestamper ends
??? end of timestamper thread
runsolver used 0.000555 second user time and 0.005599 second system time

The end
