runsolver version 3.4.1 (svn: 3018) Copyright (C) 2010-2013 Olivier ROUSSEL

This program is distributed in the hope that it will be useful,
but WITHOUT ANY WARRANTY; without even the implied warranty of
MERCHANTABILITY or FITNESS FOR A PARTICULAR PURPOSE.  See the
GNU General Public License for more details.

NUMA information:
  number of nodes: 8
  memory of node 0: 63700 MiB (62078 MiB free)
  memory of node 1: 64504 MiB (62135 MiB free)
  memory of node 2: 64504 MiB (63553 MiB free)
  memory of node 3: 64461 MiB (63864 MiB free)
  memory of node 4: 64504 MiB (63656 MiB free)
  memory of node 5: 64504 MiB (63644 MiB free)
  memory of node 6: 64504 MiB (63959 MiB free)
  memory of node 7: 64491 MiB (63161 MiB free)
  node distances:
     10  12  12  12  21  21  21  21
     12  10  12  12  21  21  21  21
     12  12  10  12  21  21  21  21
     12  12  12  10  21  21  21  21
     21  21  21  21  10  12  12  12
     21  21  21  21  12  10  12  12
     21  21  21  21  12  12  10  12
     21  21  21  21  12  12  12  10

command line: /usr/local/bin/runsolver --timestamp -w /output/runsolver-watch.log -v /output/runsolver-values.log -o /output/solver-output.log -C 1800.0 -W 1800.0 -R 64000 /opt/solver/run_bn4rust.py --mode cyber-full --instance /input/model_158.bnet 

running on 20 cores: 72-83,188-195

Enforcing CPUTime limit (soft limit, will send SIGTERM then SIGKILL): 1800 seconds
Enforcing CPUTime limit (hard limit, will send SIGXCPU): 1830 seconds
Enforcing wall clock limit (soft limit, will send SIGTERM then SIGKILL): 1800 seconds
Enforcing RSS+Swap limit (soft limit, will send SIGTERM then SIGKILL): 65536000 KiB
Linux 4.18.0-553.159.1.el8_10.x86_64
Current StackSize limit: 18014398509481983 KiB
solver pid=16, runsolver pid=13


[startup+0.100083 s]*
/proc/loadavg: 0.00 0.00 0.00 14/2945 17
/proc/meminfo: memFree=518085020/527542180 swapFree=33544956/33554428
[pid=16] ppid=13 vsize=15800 memory=10116 CPUtime=0.02 cores=70-83,182-195
/proc/16/stat : 16 (python3) D 13 16 0 0 -1 4194304 1395 0 84 0 2 0 0 0 20 0 1 0 53230896 16179200 2529 67087892480 4194304 7154137 140734467305232 0 0 0 0 16781312 2 0 0 0 17 190 0 0 6 0 0 9727432 11029816 27136000 140734467308375 140734467308461 140734467308461 140734467309543 0
/proc/16/statm: 3950 2529 1394 723 0 1674 0
Current children cumulated CPU time: 0.02 s
Current children cumulated vsize: 15800 KiB
Current children cumulated memory: 10116 KiB

[startup+0.200561 s]*
/proc/loadavg: 0.00 0.00 0.00 26/2971 18
/proc/meminfo: memFree=518014840/527542180 swapFree=33544956/33554428
[pid=16] ppid=13 vsize=17684 memory=12424 CPUtime=0.03 cores=70-83,182-195
/proc/16/stat : 16 (python3) S 13 16 0 0 -1 4194304 1894 0 96 0 3 0 0 0 20 0 1 0 53230896 18108416 3106 67087892480 4194304 7154137 140734467305232 0 0 0 0 16781312 2 1 0 0 17 190 0 0 8 0 0 9727432 11029816 27136000 140734467308375 140734467308461 140734467308461 140734467309543 0
/proc/16/statm: 4421 3106 1512 723 0 2063 0
[pid=18] ppid=16 vsize=7772 memory=4464 CPUtime=0 cores=70-83,182-195
/proc/18/stat : 18 (bn4rust) I 16 16 0 0 -1 4194304 145 0 14 0 0 0 0 0 20 0 1 0 53230910 7958528 1116 67087892480 93848813322240 93848815189361 140721213141600 0 0 0 0 4096 1088 0 0 0 17 182 0 0 1 0 0 93848815447424 93848815494360 93848839909376 140721213143834 140721213143958 140721213143958 140721213145057 0
/proc/18/statm: 1943 1116 1050 456 0 104 0
Current children cumulated CPU time: 0.03 s
Current children cumulated vsize: 25456 KiB
Current children cumulated memory: 16888 KiB

[startup+0.300486 s]*
/proc/loadavg: 0.00 0.00 0.00 6/2955 18
/proc/meminfo: memFree=518016484/527542180 swapFree=33544956/33554428
[pid=16] ppid=13 vsize=17684 memory=12424 CPUtime=0.03 cores=70-83,182-195
/proc/16/stat : 16 (python3) S 13 16 0 0 -1 4194304 1894 0 96 0 3 0 0 0 20 0 1 0 53230896 18108416 3106 67087892480 4194304 7154137 140734467305232 0 0 0 0 16781312 2 1 0 0 17 190 0 0 8 0 0 9727432 11029816 27136000 140734467308375 140734467308461 140734467308461 140734467309543 0
/proc/16/statm: 4421 3106 1512 723 0 2063 0
[pid=18] ppid=16 vsize=7772 memory=4464 CPUtime=0 cores=70-83,182-195
/proc/18/stat : 18 (bn4rust) I 16 16 0 0 -1 4194304 145 0 14 0 0 0 0 0 20 0 1 0 53230910 7958528 1116 67087892480 93848813322240 93848815189361 140721213141600 0 0 0 0 4096 1088 0 0 0 17 182 0 0 1 0 0 93848815447424 93848815494360 93848839909376 140721213143834 140721213143958 140721213143958 140721213145057 0
/proc/18/statm: 1943 1116 1050 456 0 104 0
Current children cumulated CPU time: 0.03 s
Current children cumulated vsize: 25456 KiB
Current children cumulated memory: 16888 KiB

[startup+0.369142 s]
# the end of solver process 16 was just reported to runsolver
# cumulated CPU time of all completed processes:  user=0.041742 s, system=0.014578 s

Solver just ended.
??? end of watcher thread
Dumping a history of the last processes samples

[startup+0.300486 s]*
/proc/loadavg: 0.00 0.00 0.00 6/2955 18
/proc/meminfo: memFree=518016484/527542180 swapFree=33544956/33554428
[pid=16] ppid=13 vsize=17684 memory=12424 CPUtime=0.03 cores=70-83,182-195
/proc/16/stat : 16 (python3) S 13 16 0 0 -1 4194304 1894 0 96 0 3 0 0 0 20 0 1 0 53230896 18108416 3106 67087892480 4194304 7154137 140734467305232 0 0 0 0 16781312 2 1 0 0 17 190 0 0 8 0 0 9727432 11029816 27136000 140734467308375 140734467308461 140734467308461 140734467309543 0
/proc/16/statm: 4421 3106 1512 723 0 2063 0
[pid=18] ppid=16 vsize=7772 memory=4464 CPUtime=0 cores=70-83,182-195
/proc/18/stat : 18 (bn4rust) I 16 16 0 0 -1 4194304 145 0 14 0 0 0 0 0 20 0 1 0 53230910 7958528 1116 67087892480 93848813322240 93848815189361 140721213141600 0 0 0 0 4096 1088 0 0 0 17 182 0 0 1 0 0 93848815447424 93848815494360 93848839909376 140721213143834 140721213143958 140721213143958 140721213145057 0
/proc/18/statm: 1943 1116 1050 456 0 104 0
Current children cumulated CPU time: 0.03 s
Current children cumulated vsize: 25456 KiB
Current children cumulated memory: 16888 KiB

Child status: 0
Real time (s): 0.369166
CPU time (s): 0.05632
CPU user time (s): 0.041742
CPU system time (s): 0.014578
CPU usage (%): 15.256
Max. virtual memory (cumulated for all children) (KiB): 25456
Max. memory (cumulated for all children) (KiB): 16888

getrusage(RUSAGE_CHILDREN,...) data:
user time used= 0.041742
system time used= 0.014578
maximum resident set size= 12592
integral shared memory size= 0
integral unshared data size= 0
integral unshared stack size= 0
page reclaims= 2071
page faults= 115
swaps= 0
block input operations= 20000
block output operations= 0
messages sent= 0
messages received= 0
signals received= 0
voluntary context switches= 967
involuntary context switches= 0


# summary of solver processes directly reported to runsolver:
#   pid: 16
#   total CPU time (s): 0.05632
#   total CPU user time (s): 0.041742
#   total CPU system time (s): 0.014578

??? join timestamper begins
??? join timestamper ends
??? end of timestamper thread
runsolver used 0.001199 second user time and 0.005721 second system time

The end
