# WCTIME: wall clock time in seconds
WCTIME=1384.7
# CPUTIME: CPU time in seconds (USERTIME+SYSTEMTIME)
CPUTIME=1378.74
# USERTIME: CPU time spent in user mode in seconds
USERTIME=1342.89
# SYSTEMTIME: CPU time spent in system mode in seconds
SYSTEMTIME=35.8461
# CPUUSAGE: CPUTIME/WCTIME in percent
CPUUSAGE=99.5696
# MAXVM: maximum virtual memory used in KiB
MAXVM=90382876
# MAXMM: maximum memory used in KiB
MAXMM=65260548
# MAXRSS: maximum Resident Segment Size in KiB
MAXRSS=65331848
# TIMEOUT: did the solver exceed the time limit?
TIMEOUT=false
# MEMOUT: did the solver exceed the memory limit?
MEMOUT=false
# EXITSTATUS: Exit status of the solver
EXITSTATUS=63232
