runsolver version 3.4.1 (svn: 3018) Copyright (C) 2010-2013 Olivier ROUSSEL

This program is distributed in the hope that it will be useful,
but WITHOUT ANY WARRANTY; without even the implied warranty of
MERCHANTABILITY or FITNESS FOR A PARTICULAR PURPOSE.  See the
GNU General Public License for more details.

NUMA information:
  number of nodes: 8
  memory of node 0: 63700 MiB (57249 MiB free)
  memory of node 1: 64504 MiB (62216 MiB free)
  memory of node 2: 64504 MiB (62901 MiB free)
  memory of node 3: 64504 MiB (19411 MiB free)
  memory of node 4: 64504 MiB (14510 MiB free)
  memory of node 5: 64461 MiB (17177 MiB free)
  memory of node 6: 64504 MiB (18292 MiB free)
  memory of node 7: 64491 MiB (24678 MiB free)
  node distances:
     10  12  12  12  21  21  21  21
     12  10  12  12  21  21  21  21
     12  12  10  12  21  21  21  21
     12  12  12  10  21  21  21  21
     21  21  21  21  10  12  12  12
     21  21  21  21  12  10  12  12
     21  21  21  21  12  12  10  12
     21  21  21  21  12  12  12  10

command line: /usr/local/bin/runsolver --timestamp -w /output/runsolver-watch.log -v /output/runsolver-values.log -o /output/solver-output.log -C 1800.0 -W 1800.0 -R 64000 /opt/solver/run_bn4rust.py --mode cyber-complement-gfp --instance /input/model_067.bnet 

running on 24 cores: 8-21,124-133

Enforcing CPUTime limit (soft limit, will send SIGTERM then SIGKILL): 1800 seconds
Enforcing CPUTime limit (hard limit, will send SIGXCPU): 1830 seconds
Enforcing wall clock limit (soft limit, will send SIGTERM then SIGKILL): 1800 seconds
Enforcing RSS+Swap limit (soft limit, will send SIGTERM then SIGKILL): 65536000 KiB
Linux 4.18.0-553.159.1.el8_10.x86_64
solver pid=16, runsolver pid=13
Current StackSize limit: 18014398509481983 KiB


[startup+0.100089 s]*
/proc/loadavg: 46.27 45.54 45.46 50/2914 17
/proc/meminfo: memFree=283047972/527542152 swapFree=10775036/33554428
[pid=16] ppid=13 vsize=15748 memory=10036 CPUtime=0.02 cores=8-21,120-133
/proc/16/stat : 16 (python3) D 13 16 0 0 -1 4194304 1375 0 81 0 1 1 0 0 20 0 1 0 53234199 16125952 2509 67087892480 4194304 7154137 140728227802864 0 0 0 0 16781312 2 0 0 0 17 126 0 0 6 0 0 9727432 11029816 42049536 140728227810125 140728227810221 140728227810221 140728227811303 0
/proc/16/statm: 3937 2509 1407 723 0 1673 0
Current children cumulated CPU time: 0.02 s
Current children cumulated vsize: 15748 KiB
Current children cumulated memory: 10036 KiB

[startup+0.175178 s]
# the end of solver process 16 was just reported to runsolver
# cumulated CPU time of all completed processes:  user=0.046889 s, system=0.015668 s

Solver just ended.
??? end of watcher thread
Dumping a history of the last processes samples

[startup+0.100089 s]*
/proc/loadavg: 46.27 45.54 45.46 50/2914 17
/proc/meminfo: memFree=283047972/527542152 swapFree=10775036/33554428
[pid=16] ppid=13 vsize=15748 memory=10036 CPUtime=0.02 cores=8-21,120-133
/proc/16/stat : 16 (python3) D 13 16 0 0 -1 4194304 1375 0 81 0 1 1 0 0 20 0 1 0 53234199 16125952 2509 67087892480 4194304 7154137 140728227802864 0 0 0 0 16781312 2 0 0 0 17 126 0 0 6 0 0 9727432 11029816 42049536 140728227810125 140728227810221 140728227810221 140728227811303 0
/proc/16/statm: 3937 2509 1407 723 0 1673 0
Current children cumulated CPU time: 0.02 s
Current children cumulated vsize: 15748 KiB
Current children cumulated memory: 10036 KiB

Child status: 0
Real time (s): 0.175204
CPU time (s): 0.062557
CPU user time (s): 0.046889
CPU system time (s): 0.015668
CPU usage (%): 35.7053
Max. virtual memory (cumulated for all children) (KiB): 15748
Max. memory (cumulated for all children) (KiB): 10036

getrusage(RUSAGE_CHILDREN,...) data:
user time used= 0.046889
system time used= 0.015668
maximum resident set size= 12648
integral shared memory size= 0
integral unshared data size= 0
integral unshared stack size= 0
page reclaims= 2082
page faults= 115
swaps= 0
block input operations= 19800
block output operations= 0
messages sent= 0
messages received= 0
signals received= 0
voluntary context switches= 980
involuntary context switches= 0


# summary of solver processes directly reported to runsolver:
#   pid: 16
#   total CPU time (s): 0.062557
#   total CPU user time (s): 0.046889
#   total CPU system time (s): 0.015668

??? join timestamper begins
??? join timestamper ends
??? end of timestamper thread
runsolver used 0.002019 second user time and 0.0055 second system time

The end
