# WCTIME: wall clock time in seconds
WCTIME=0.676552
# CPUTIME: CPU time in seconds (USERTIME+SYSTEMTIME)
CPUTIME=0.562945
# USERTIME: CPU time spent in user mode in seconds
USERTIME=0.542711
# SYSTEMTIME: CPU time spent in system mode in seconds
SYSTEMTIME=0.020234
# CPUUSAGE: CPUTIME/WCTIME in percent
CPUUSAGE=83.208
# MAXVM: maximum virtual memory used in KiB
MAXVM=26576
# MAXMM: maximum memory used in KiB
MAXMM=17916
# MAXRSS: maximum Resident Segment Size in KiB
MAXRSS=12488
# TIMEOUT: did the solver exceed the time limit?
TIMEOUT=false
# MEMOUT: did the solver exceed the memory limit?
MEMOUT=false
# EXITSTATUS: Exit status of the solver
EXITSTATUS=0
