runsolver version 3.4.1 (svn: 3018) Copyright (C) 2010-2013 Olivier ROUSSEL

This program is distributed in the hope that it will be useful,
but WITHOUT ANY WARRANTY; without even the implied warranty of
MERCHANTABILITY or FITNESS FOR A PARTICULAR PURPOSE.  See the
GNU General Public License for more details.

NUMA information:
  number of nodes: 8
  memory of node 0: 63700 MiB (61735 MiB free)
  memory of node 1: 64504 MiB (63628 MiB free)
  memory of node 2: 64504 MiB (63495 MiB free)
  memory of node 3: 64461 MiB (63323 MiB free)
  memory of node 4: 64504 MiB (61815 MiB free)
  memory of node 5: 64504 MiB (62712 MiB free)
  memory of node 6: 64504 MiB (46164 MiB free)
  memory of node 7: 64491 MiB (12648 MiB free)
  node distances:
     10  12  12  12  21  21  21  21
     12  10  12  12  21  21  21  21
     12  12  10  12  21  21  21  21
     12  12  12  10  21  21  21  21
     21  21  21  21  10  12  12  12
     21  21  21  21  12  10  12  12
     21  21  21  21  12  12  10  12
     21  21  21  21  12  12  12  10

command line: /usr/local/bin/runsolver --timestamp -w /output/runsolver-watch.log -v /output/runsolver-values.log -o /output/solver-output.log -C 1800.0 -W 1800.0 -R 64000 /opt/solver/run_bn4rust.py --mode cyber-complement-gfp-plus-immutable --instance /input/model_074.bnet 

running on 8 cores: 60-67

Enforcing CPUTime limit (soft limit, will send SIGTERM then SIGKILL): 1800 seconds
Enforcing CPUTime limit (hard limit, will send SIGXCPU): 1830 seconds
Enforcing wall clock limit (soft limit, will send SIGTERM then SIGKILL): 1800 seconds
Enforcing RSS+Swap limit (soft limit, will send SIGTERM then SIGKILL): 65536000 KiB
Linux 4.18.0-553.159.1.el8_10.x86_64
Current StackSize limit: 18014398509481983 KiB

solver pid=16, runsolver pid=13

[startup+0.100092 s]*
/proc/loadavg: 17.59 22.20 25.93 23/2865 17
/proc/meminfo: memFree=445906920/527542268 swapFree=33513468/33554428
[pid=16] ppid=13 vsize=15748 memory=10112 CPUtime=0.02 cores=56-69,168-181
/proc/16/stat : 16 (python3) S 13 16 0 0 -1 4194304 1370 0 81 0 1 1 0 0 20 0 1 0 53412252 16125952 2493 67087892480 4194304 7154137 140725251799312 0 0 0 0 16781312 2 1 0 0 17 65 0 0 6 0 0 9727432 11029816 12066816 140725251808062 140725251808173 140725251808173 140725251809255 0
/proc/16/statm: 3950 2493 1393 723 0 1673 0
Current children cumulated CPU time: 0.02 s
Current children cumulated vsize: 15748 KiB
Current children cumulated memory: 10112 KiB

[startup+0.200611 s]*
/proc/loadavg: 17.59 22.20 25.93 34/2869 18
/proc/meminfo: memFree=446623528/527542268 swapFree=33513468/33554428
[pid=16] ppid=13 vsize=17684 memory=12420 CPUtime=0.03 cores=56-69,168-181
/proc/16/stat : 16 (python3) S 13 16 0 0 -1 4194304 1888 0 96 0 2 1 0 0 20 0 1 0 53412252 18108416 3105 67087892480 4194304 7154137 140725251799312 0 0 0 0 16781312 2 1 0 0 17 65 0 0 8 0 0 9727432 11029816 12066816 140725251808062 140725251808173 140725251808173 140725251809255 0
/proc/16/statm: 4421 3105 1512 723 0 2063 0
[pid=18] ppid=16 vsize=7772 memory=2060 CPUtime=0.04 cores=56-69,168-181
/proc/18/stat : 18 (bn4rust) R 16 16 0 0 -1 4194304 135 0 12 0 0 4 0 0 20 0 1 0 53412266 7958528 515 67087892480 94890271301632 94890273168753 140722816730640 0 0 0 0 4096 1088 0 0 0 17 175 0 0 1 0 0 94890273426816 94890273473752 94890293886976 140722816736001 140722816736150 140722816736150 140722816737249 0
/proc/18/statm: 1943 515 460 456 0 104 0
Current children cumulated CPU time: 0.07 s
Current children cumulated vsize: 25456 KiB
Current children cumulated memory: 14480 KiB

[startup+0.252198 s]
# the end of solver process 16 was just reported to runsolver
# cumulated CPU time of all completed processes:  user=0.045287 s, system=0.094706 s

Solver just ended.
??? end of watcher thread
Dumping a history of the last processes samples

Child status: 0
Real time (s): 0.252231
CPU time (s): 0.139993
CPU user time (s): 0.045287
CPU system time (s): 0.094706
CPU usage (%): 55.5019
Max. virtual memory (cumulated for all children) (KiB): 25456
Max. memory (cumulated for all children) (KiB): 14480

getrusage(RUSAGE_CHILDREN,...) data:
user time used= 0.045287
system time used= 0.094706
maximum resident set size= 12600
integral shared memory size= 0
integral unshared data size= 0
integral unshared stack size= 0
page reclaims= 2091
page faults= 114
swaps= 0
block input operations= 19800
block output operations= 0
messages sent= 0
messages received= 0
signals received= 0
voluntary context switches= 979
involuntary context switches= 1


# summary of solver processes directly reported to runsolver:
#   pid: 16
#   total CPU time (s): 0.139993
#   total CPU user time (s): 0.045287
#   total CPU system time (s): 0.094706

??? join timestamper begins
??? join timestamper ends
??? end of timestamper thread
runsolver used 0.001008 second user time and 0.101109 second system time

The end
