# WCTIME: wall clock time in seconds
WCTIME=67.0561
# CPUTIME: CPU time in seconds (USERTIME+SYSTEMTIME)
CPUTIME=66.6372
# USERTIME: CPU time spent in user mode in seconds
USERTIME=66.28
# SYSTEMTIME: CPU time spent in system mode in seconds
SYSTEMTIME=0.357218
# CPUUSAGE: CPUTIME/WCTIME in percent
CPUUSAGE=99.3753
# MAXVM: maximum virtual memory used in KiB
MAXVM=68480
# MAXMM: maximum memory used in KiB
MAXMM=59764
# MAXRSS: maximum Resident Segment Size in KiB
MAXRSS=47336
# TIMEOUT: did the solver exceed the time limit?
TIMEOUT=false
# MEMOUT: did the solver exceed the memory limit?
MEMOUT=false
# EXITSTATUS: Exit status of the solver
EXITSTATUS=0
