runsolver version 3.4.1 (svn: 3018) Copyright (C) 2010-2013 Olivier ROUSSEL

This program is distributed in the hope that it will be useful,
but WITHOUT ANY WARRANTY; without even the implied warranty of
MERCHANTABILITY or FITNESS FOR A PARTICULAR PURPOSE.  See the
GNU General Public License for more details.

NUMA information:
  number of nodes: 8
  memory of node 0: 63700 MiB (30564 MiB free)
  memory of node 1: 64504 MiB (25334 MiB free)
  memory of node 2: 64504 MiB (40089 MiB free)
  memory of node 3: 64504 MiB (62478 MiB free)
  memory of node 4: 64504 MiB (61244 MiB free)
  memory of node 5: 64504 MiB (63541 MiB free)
  memory of node 6: 64461 MiB (54261 MiB free)
  memory of node 7: 64491 MiB (45166 MiB free)
  node distances:
     10  12  12  12  21  21  21  21
     12  10  12  12  21  21  21  21
     12  12  10  12  21  21  21  21
     12  12  12  10  21  21  21  21
     21  21  21  21  10  12  12  12
     21  21  21  21  12  10  12  12
     21  21  21  21  12  12  10  12
     21  21  21  21  12  12  12  10

command line: /usr/local/bin/runsolver --timestamp -w /output/runsolver-watch.log -v /output/runsolver-values.log -o /output/solver-output.log -C 1800.0 -W 1800.0 -R 64000 /opt/solver/run_bn4rust.py --mode cyber-forward-baseline --instance /input/model_124.bnet 

running on 20 cores: 72-83,188-195

Enforcing CPUTime limit (soft limit, will send SIGTERM then SIGKILL): 1800 seconds
Enforcing CPUTime limit (hard limit, will send SIGXCPU): 1830 seconds
Enforcing wall clock limit (soft limit, will send SIGTERM then SIGKILL): 1800 seconds
Enforcing RSS+Swap limit (soft limit, will send SIGTERM then SIGKILL): 65536000 KiB
Linux 4.18.0-553.159.1.el8_10.x86_64
Current StackSize limit: 18014398509481983 KiB

solver pid=16, runsolver pid=13

[startup+0.100082 s]*
/proc/loadavg: 28.17 28.13 29.39 36/2967 17
/proc/meminfo: memFree=391762504/527542272 swapFree=32913148/33554428
[pid=16] ppid=13 vsize=15748 memory=9956 CPUtime=0.02 cores=70-83,182-195
/proc/16/stat : 16 (python3) D 13 16 0 0 -1 4194304 1363 0 81 0 1 1 0 0 20 0 1 0 53702785 16125952 2489 67087892480 4194304 7154137 140732844374528 0 0 0 0 16781312 2 0 0 0 17 185 0 0 6 0 0 9727432 11029816 12460032 140732844383051 140732844383149 140732844383149 140732844384231 0
/proc/16/statm: 3937 2489 1387 723 0 1673 0
Current children cumulated CPU time: 0.02 s
Current children cumulated vsize: 15748 KiB
Current children cumulated memory: 9956 KiB

[startup+0.200629 s]*
/proc/loadavg: 28.17 28.13 29.39 33/2998 18
/proc/meminfo: memFree=391706068/527542272 swapFree=32913148/33554428
[pid=16] ppid=13 vsize=17684 memory=12460 CPUtime=0.03 cores=70-83,182-195
/proc/16/stat : 16 (python3) S 13 16 0 0 -1 4194304 1885 0 96 0 2 1 0 0 20 0 1 0 53702785 18108416 3115 67087892480 4194304 7154137 140732844374528 0 0 0 0 16781312 2 1 0 0 17 190 0 0 8 0 0 9727432 11029816 12460032 140732844383051 140732844383149 140732844383149 140732844384231 0
/proc/16/statm: 4421 3115 1506 723 0 2063 0
[pid=18] ppid=16 vsize=11532 memory=8088 CPUtime=0.03 cores=70-83,182-195
/proc/18/stat : 18 (bn4rust) R 16 16 0 0 -1 4194304 2100 0 18 0 3 0 0 0 20 0 1 0 53702799 11808768 2022 67087892480 94718952202240 94718954069361 140727798981600 0 0 0 0 4096 1088 0 0 0 17 194 0 0 1 0 0 94718954327424 94718954374360 94718967963648 140727798987534 140727798987670 140727798987670 140727798988769 0
/proc/18/statm: 2883 2022 1039 456 0 1044 0
Current children cumulated CPU time: 0.06 s
Current children cumulated vsize: 29216 KiB
Current children cumulated memory: 20548 KiB

[startup+0.300658 s]*
/proc/loadavg: 28.17 28.13 29.39 37/3014 18
/proc/meminfo: memFree=391625632/527542272 swapFree=32913148/33554428
[pid=16] ppid=13 vsize=17684 memory=12460 CPUtime=0.03 cores=70-83,182-195
/proc/16/stat : 16 (python3) S 13 16 0 0 -1 4194304 1885 0 96 0 2 1 0 0 20 0 1 0 53702785 18108416 3115 67087892480 4194304 7154137 140732844374528 0 0 0 0 16781312 2 1 0 0 17 190 0 0 8 0 0 9727432 11029816 12460032 140732844383051 140732844383149 140732844383149 140732844384231 0
/proc/16/statm: 4421 3115 1506 723 0 2063 0
[pid=18] ppid=16 vsize=24372 memory=20224 CPUtime=0.13 cores=70-83,182-195
/proc/18/stat : 18 (bn4rust) R 16 16 0 0 -1 4194304 7262 0 18 0 12 1 0 0 20 0 1 0 53702799 24956928 5056 67087892480 94718952202240 94718954069361 140727798981600 0 0 0 0 4096 1088 0 0 0 17 194 0 0 1 0 0 94718954327424 94718954374360 94718967963648 140727798987534 140727798987670 140727798987670 140727798988769 0
/proc/18/statm: 6093 5056 1039 456 0 4254 0
Current children cumulated CPU time: 0.16 s
Current children cumulated vsize: 42056 KiB
Current children cumulated memory: 32684 KiB

[startup+0.700299 s]
/proc/loadavg: 28.17 28.13 29.39 35/3014 18
/proc/meminfo: memFree=392258064/527542272 swapFree=32913148/33554428
[pid=16] ppid=13 vsize=17684 memory=12460 CPUtime=0.03 cores=70-83,182-195
/proc/16/stat : 16 (python3) S 13 16 0 0 -1 4194304 1885 0 96 0 2 1 0 0 20 0 1 0 53702785 18108416 3115 67087892480 4194304 7154137 140732844374528 0 0 0 0 16781312 2 1 0 0 17 190 0 0 8 0 0 9727432 11029816 12460032 140732844383051 140732844383149 140732844383149 140732844384231 0
/proc/16/statm: 4421 3115 1506 723 0 2063 0
[pid=18] ppid=16 vsize=70080 memory=66564 CPUtime=0.52 cores=70-83,182-195
/proc/18/stat : 18 (bn4rust) R 16 16 0 0 -1 4194304 11312 0 18 0 51 1 0 0 20 0 1 0 53702799 71761920 16641 67087892480 94718952202240 94718954069361 140727798981600 0 0 0 0 4096 1088 0 0 0 17 194 0 0 1 0 0 94718954327424 94718954374360 94718967963648 140727798987534 140727798987670 140727798987670 140727798988769 0
/proc/18/statm: 17520 16641 1039 456 0 15681 0
Current children cumulated CPU time: 0.55 s
Current children cumulated vsize: 87764 KiB
Current children cumulated memory: 79024 KiB

[startup+1.50037 s]
/proc/loadavg: 28.17 28.13 29.39 36/2954 18
/proc/meminfo: memFree=392314108/527542272 swapFree=32913148/33554428
[pid=16] ppid=13 vsize=17684 memory=12460 CPUtime=0.03 cores=70-83,182-195
/proc/16/stat : 16 (python3) S 13 16 0 0 -1 4194304 1885 0 96 0 2 1 0 0 20 0 1 0 53702785 18108416 3115 67087892480 4194304 7154137 140732844374528 0 0 0 0 16781312 2 1 0 0 17 190 0 0 8 0 0 9727432 11029816 12460032 140732844383051 140732844383149 140732844383149 140732844384231 0
/proc/16/statm: 4421 3115 1506 723 0 2063 0
[pid=18] ppid=16 vsize=151172 memory=130160 CPUtime=1.32 cores=70-83,182-195
/proc/18/stat : 18 (bn4rust) R 16 16 0 0 -1 4194304 14474 0 18 0 129 3 0 0 20 0 1 0 53702799 154800128 32540 67087892480 94718952202240 94718954069361 140727798981600 0 0 0 0 4096 1088 0 0 0 17 194 0 0 1 0 0 94718954327424 94718954374360 94718967963648 140727798987534 140727798987670 140727798987670 140727798988769 0
/proc/18/statm: 37793 32540 1039 456 0 35954 0
Current children cumulated CPU time: 1.35 s
Current children cumulated vsize: 168856 KiB
Current children cumulated memory: 142620 KiB

[startup+3.10056 s]
/proc/loadavg: 28.17 28.13 29.39 33/2965 18
/proc/meminfo: memFree=392016944/527542272 swapFree=32913148/33554428
[pid=16] ppid=13 vsize=17684 memory=12460 CPUtime=0.03 cores=70-83,182-195
/proc/16/stat : 16 (python3) S 13 16 0 0 -1 4194304 1885 0 96 0 2 1 0 0 20 0 1 0 53702785 18108416 3115 67087892480 4194304 7154137 140732844374528 0 0 0 0 16781312 2 1 0 0 17 190 0 0 8 0 0 9727432 11029816 12460032 140732844383051 140732844383149 140732844383149 140732844384231 0
/proc/16/statm: 4421 3115 1506 723 0 2063 0
[pid=18] ppid=16 vsize=270160 memory=245836 CPUtime=2.91 cores=70-83,182-195
/proc/18/stat : 18 (bn4rust) R 16 16 0 0 -1 4194304 18716 0 18 0 285 6 0 0 20 0 1 0 53702799 276643840 61459 67087892480 94718952202240 94718954069361 140727798981600 0 0 0 0 4096 1088 0 0 0 17 194 0 0 1 0 0 94718954327424 94718954374360 94718967963648 140727798987534 140727798987670 140727798987670 140727798988769 0
/proc/18/statm: 67540 61459 1039 456 0 65701 0
Current children cumulated CPU time: 2.94 s
Current children cumulated vsize: 287844 KiB
Current children cumulated memory: 258296 KiB

[startup+6.3003 s]
/proc/loadavg: 28.47 28.19 29.41 34/2989 18
/proc/meminfo: memFree=391668924/527542272 swapFree=32913148/33554428
[pid=16] ppid=13 vsize=17684 memory=12460 CPUtime=0.03 cores=70-83,182-195
/proc/16/stat : 16 (python3) S 13 16 0 0 -1 4194304 1885 0 96 0 2 1 0 0 20 0 1 0 53702785 18108416 3115 67087892480 4194304 7154137 140732844374528 0 0 0 0 16781312 2 1 0 0 17 190 0 0 8 0 0 9727432 11029816 12460032 140732844383051 140732844383149 140732844383149 140732844384231 0
/proc/16/statm: 4421 3115 1506 723 0 2063 0
[pid=18] ppid=16 vsize=545348 memory=420776 CPUtime=6.1 cores=70-83,182-195
/proc/18/stat : 18 (bn4rust) R 16 16 0 0 -1 4194304 26908 0 18 0 591 19 0 0 20 0 1 0 53702799 558436352 105194 67087892480 94718952202240 94718954069361 140727798981600 0 0 0 0 4096 1088 0 0 0 17 194 0 0 1 0 0 94718954327424 94718954374360 94718967963648 140727798987534 140727798987670 140727798987670 140727798988769 0
/proc/18/statm: 136337 105194 1039 456 0 134498 0
Current children cumulated CPU time: 6.13 s
Current children cumulated vsize: 563032 KiB
Current children cumulated memory: 433236 KiB

[startup+12.7003 s]
/proc/loadavg: 28.76 28.25 29.42 33/2936 18
/proc/meminfo: memFree=389896576/527542272 swapFree=32913148/33554428
[pid=16] ppid=13 vsize=17684 memory=12460 CPUtime=0.03 cores=70-83,182-195
/proc/16/stat : 16 (python3) S 13 16 0 0 -1 4194304 1885 0 96 0 2 1 0 0 20 0 1 0 53702785 18108416 3115 67087892480 4194304 7154137 140732844374528 0 0 0 0 16781312 2 1 0 0 17 190 0 0 8 0 0 9727432 11029816 12460032 140732844383051 140732844383149 140732844383149 140732844384231 0
/proc/16/statm: 4421 3115 1506 723 0 2063 0
[pid=18] ppid=16 vsize=1538404 memory=1320888 CPUtime=12.46 cores=70-83,182-195
/proc/18/stat : 18 (bn4rust) R 16 16 0 0 -1 4194304 33347 0 18 0 1199 47 0 0 20 0 1 0 53702799 1575325696 330222 67087892480 94718952202240 94718954069361 140727798981600 0 0 0 0 4096 1088 0 0 0 17 194 0 0 1 0 0 94718954327424 94718954374360 94718967963648 140727798987534 140727798987670 140727798987670 140727798988769 0
/proc/18/statm: 384601 330222 1039 456 0 382762 0
Current children cumulated CPU time: 12.49 s
Current children cumulated vsize: 1556088 KiB
Current children cumulated memory: 1333348 KiB

[startup+25.5003 s]
/proc/loadavg: 29.79 28.50 29.48 35/3015 18
/proc/meminfo: memFree=388201092/527542272 swapFree=32913148/33554428
[pid=16] ppid=13 vsize=17684 memory=12460 CPUtime=0.03 cores=70-83,182-195
/proc/16/stat : 16 (python3) S 13 16 0 0 -1 4194304 1885 0 96 0 2 1 0 0 20 0 1 0 53702785 18108416 3115 67087892480 4194304 7154137 140732844374528 0 0 0 0 16781312 2 1 0 0 17 190 0 0 8 0 0 9727432 11029816 12460032 140732844383051 140732844383149 140732844383149 140732844384231 0
/proc/16/statm: 4421 3115 1506 723 0 2063 0
[pid=18] ppid=16 vsize=2428112 memory=2037864 CPUtime=25.19 cores=70-83,182-195
/proc/18/stat : 18 (bn4rust) R 16 16 0 0 -1 4194304 38680 0 18 0 2449 70 0 0 20 0 1 0 53702799 2486386688 509466 67087892480 94718952202240 94718954069361 140727798981600 0 0 0 0 4096 1088 0 0 0 17 194 0 0 1 0 0 94718954327424 94718954374360 94718967963648 140727798987534 140727798987670 140727798987670 140727798988769 0
/proc/18/statm: 607028 509466 1039 456 0 605189 0
Current children cumulated CPU time: 25.22 s
Current children cumulated vsize: 2445796 KiB
Current children cumulated memory: 2050324 KiB

[startup+51.1008 s]
/proc/loadavg: 31.23 28.95 29.60 35/3003 18
/proc/meminfo: memFree=382096248/527542272 swapFree=32913148/33554428
[pid=16] ppid=13 vsize=17684 memory=12460 CPUtime=0.03 cores=70-83,182-195
/proc/16/stat : 16 (python3) S 13 16 0 0 -1 4194304 1885 0 96 0 2 1 0 0 20 0 1 0 53702785 18108416 3115 67087892480 4194304 7154137 140732844374528 0 0 0 0 16781312 2 1 0 0 17 190 0 0 8 0 0 9727432 11029816 12460032 140732844383051 140732844383149 140732844383149 140732844384231 0
/proc/16/statm: 4421 3115 1506 723 0 2063 0
[pid=18] ppid=16 vsize=5867096 memory=5223780 CPUtime=50.66 cores=70-83,182-195
/proc/18/stat : 18 (bn4rust) R 16 16 0 0 -1 4194304 47904 0 18 0 4913 153 0 0 20 0 1 0 53702799 6007906304 1305945 67087892480 94718952202240 94718954069361 140727798981600 0 0 0 0 4096 1088 0 0 0 17 82 0 0 1 0 0 94718954327424 94718954374360 94718967963648 140727798987534 140727798987670 140727798987670 140727798988769 0
/proc/18/statm: 1466774 1305945 1039 456 0 1464935 0
Current children cumulated CPU time: 50.69 s
Current children cumulated vsize: 5884780 KiB
Current children cumulated memory: 5236240 KiB

[startup+102.3 s]
/proc/loadavg: 32.80 29.73 29.84 35/3003 18
/proc/meminfo: memFree=381214124/527542272 swapFree=32913148/33554428
[pid=16] ppid=13 vsize=17684 memory=12460 CPUtime=0.03 cores=70-83,182-195
/proc/16/stat : 16 (python3) S 13 16 0 0 -1 4194304 1885 0 96 0 2 1 0 0 20 0 1 0 53702785 18108416 3115 67087892480 4194304 7154137 140732844374528 0 0 0 0 16781312 2 1 0 0 17 190 0 0 8 0 0 9727432 11029816 12460032 140732844383051 140732844383149 140732844383149 140732844384231 0
/proc/16/statm: 4421 3115 1506 723 0 2063 0
[pid=18] ppid=16 vsize=7010604 memory=5720552 CPUtime=101.63 cores=70-83,182-195
/proc/18/stat : 18 (bn4rust) R 16 16 0 0 -1 4194304 61747 0 18 0 9908 255 0 0 20 0 1 0 53702799 7178858496 1430138 67087892480 94718952202240 94718954069361 140727798981600 0 0 0 0 4096 1088 0 0 0 17 82 0 0 1 0 0 94718954327424 94718954374360 94718967963648 140727798987534 140727798987670 140727798987670 140727798988769 0
/proc/18/statm: 1752651 1430138 1039 456 0 1750812 0
Current children cumulated CPU time: 101.66 s
Current children cumulated vsize: 7028288 KiB
Current children cumulated memory: 5733012 KiB

[startup+162.3 s]
/proc/loadavg: 33.62 30.52 30.11 35/3001 18
/proc/meminfo: memFree=372618516/527542272 swapFree=32913148/33554428
[pid=16] ppid=13 vsize=17684 memory=12460 CPUtime=0.03 cores=70-83,182-195
/proc/16/stat : 16 (python3) S 13 16 0 0 -1 4194304 1885 0 96 0 2 1 0 0 20 0 1 0 53702785 18108416 3115 67087892480 4194304 7154137 140732844374528 0 0 0 0 16781312 2 1 0 0 17 190 0 0 8 0 0 9727432 11029816 12460032 140732844383051 140732844383149 140732844383149 140732844384231 0
/proc/16/statm: 4421 3115 1506 723 0 2063 0
[pid=18] ppid=16 vsize=7860688 memory=5971688 CPUtime=161.36 cores=70-83,182-195
/proc/18/stat : 18 (bn4rust) R 16 16 0 0 -1 4194304 77145 0 18 0 15768 368 0 0 20 0 1 0 53702799 8049344512 1492922 67087892480 94718952202240 94718954069361 140727798981600 0 0 0 0 4096 1088 0 0 0 17 82 0 0 1 0 0 94718954327424 94718954374360 94718967963648 140727798987534 140727798987670 140727798987670 140727798988769 0
/proc/18/statm: 1965172 1492922 1039 456 0 1963333 0
Current children cumulated CPU time: 161.39 s
Current children cumulated vsize: 7878372 KiB
Current children cumulated memory: 5984148 KiB

[startup+222.3 s]
/proc/loadavg: 33.86 31.16 30.35 35/3000 18
/proc/meminfo: memFree=365583872/527542272 swapFree=32913148/33554428
[pid=16] ppid=13 vsize=17684 memory=12460 CPUtime=0.03 cores=70-83,182-195
/proc/16/stat : 16 (python3) S 13 16 0 0 -1 4194304 1885 0 96 0 2 1 0 0 20 0 1 0 53702785 18108416 3115 67087892480 4194304 7154137 140732844374528 0 0 0 0 16781312 2 1 0 0 17 190 0 0 8 0 0 9727432 11029816 12460032 140732844383051 140732844383149 140732844383149 140732844384231 0
/proc/16/statm: 4421 3115 1506 723 0 2063 0
[pid=18] ppid=16 vsize=13370304 memory=10916188 CPUtime=221.08 cores=70-83,182-195
/proc/18/stat : 18 (bn4rust) R 16 16 0 0 -1 4194304 91925 0 18 0 21598 510 0 0 20 0 1 0 53702799 13691191296 2729047 67087892480 94718952202240 94718954069361 140727798981600 0 0 0 0 4096 1088 0 0 0 17 82 0 0 1 0 0 94718954327424 94718954374360 94718967963648 140727798987534 140727798987670 140727798987670 140727798988769 0
/proc/18/statm: 3342576 2729047 1039 456 0 3340737 0
Current children cumulated CPU time: 221.11 s
Current children cumulated vsize: 13387988 KiB
Current children cumulated memory: 10928648 KiB

[startup+282.3 s]
/proc/loadavg: 33.95 31.68 30.58 35/3004 18
/proc/meminfo: memFree=368742572/527542272 swapFree=32913148/33554428
[pid=16] ppid=13 vsize=17684 memory=12460 CPUtime=0.03 cores=70-83,182-195
/proc/16/stat : 16 (python3) S 13 16 0 0 -1 4194304 1885 0 96 0 2 1 0 0 20 0 1 0 53702785 18108416 3115 67087892480 4194304 7154137 140732844374528 0 0 0 0 16781312 2 1 0 0 17 190 0 0 8 0 0 9727432 11029816 12460032 140732844383051 140732844383149 140732844383149 140732844384231 0
/proc/16/statm: 4421 3115 1506 723 0 2063 0
[pid=18] ppid=16 vsize=12533648 memory=10043136 CPUtime=280.8 cores=70-83,182-195
/proc/18/stat : 18 (bn4rust) R 16 16 0 0 -1 4194304 111353 0 18 0 27380 700 0 0 20 0 1 0 53702799 12834455552 2510784 67087892480 94718952202240 94718954069361 140727798981600 0 0 0 0 4096 1088 0 0 0 17 82 0 0 1 0 0 94718954327424 94718954374360 94718967963648 140727798987534 140727798987670 140727798987670 140727798988769 0
/proc/18/statm: 3133412 2510784 1039 456 0 3131573 0
Current children cumulated CPU time: 280.83 s
Current children cumulated vsize: 12551332 KiB
Current children cumulated memory: 10055596 KiB

[startup+342.3 s]
/proc/loadavg: 33.98 32.10 30.80 35/2982 18
/proc/meminfo: memFree=366448152/527542272 swapFree=32913148/33554428
[pid=16] ppid=13 vsize=17684 memory=12460 CPUtime=0.03 cores=70-83,182-195
/proc/16/stat : 16 (python3) S 13 16 0 0 -1 4194304 1885 0 96 0 2 1 0 0 20 0 1 0 53702785 18108416 3115 67087892480 4194304 7154137 140732844374528 0 0 0 0 16781312 2 1 0 0 17 190 0 0 8 0 0 9727432 11029816 12460032 140732844383051 140732844383149 140732844383149 140732844384231 0
/proc/16/statm: 4421 3115 1506 723 0 2063 0
[pid=18] ppid=16 vsize=15581072 memory=12402480 CPUtime=340.53 cores=70-83,182-195
/proc/18/stat : 18 (bn4rust) R 16 16 0 0 -1 4194304 120192 0 18 0 33324 729 0 0 20 0 1 0 53702799 15955017728 3100620 67087892480 94718952202240 94718954069361 140727798981600 0 0 0 0 4096 1088 0 0 0 17 82 0 0 1 0 0 94718954327424 94718954374360 94718967963648 140727798987534 140727798987670 140727798987670 140727798988769 0
/proc/18/statm: 3895268 3100620 1039 456 0 3893429 0
Current children cumulated CPU time: 340.56 s
Current children cumulated vsize: 15598756 KiB
Current children cumulated memory: 12414940 KiB

[startup+402.3 s]
/proc/loadavg: 34.34 32.55 31.04 35/2984 18
/proc/meminfo: memFree=380203436/527542272 swapFree=32913148/33554428
[pid=16] ppid=13 vsize=17684 memory=12460 CPUtime=0.03 cores=70-83,182-195
/proc/16/stat : 16 (python3) S 13 16 0 0 -1 4194304 1885 0 96 0 2 1 0 0 20 0 1 0 53702785 18108416 3115 67087892480 4194304 7154137 140732844374528 0 0 0 0 16781312 2 1 0 0 17 190 0 0 8 0 0 9727432 11029816 12460032 140732844383051 140732844383149 140732844383149 140732844384231 0
/proc/16/statm: 4421 3115 1506 723 0 2063 0
[pid=18] ppid=16 vsize=25987864 memory=20079112 CPUtime=400.25 cores=70-83,182-195
/proc/18/stat : 18 (bn4rust) R 16 16 0 0 -1 4194304 148907 0 18 0 38954 1071 0 0 20 0 1 0 53702799 26611572736 5019778 67087892480 94718952202240 94718954069361 140727798981600 0 0 0 0 4096 1088 0 0 0 17 82 0 0 1 0 0 94718954327424 94718954374360 94718967963648 140727798987534 140727798987670 140727798987670 140727798988769 0
/proc/18/statm: 6496966 5019778 1039 456 0 6495127 0
Current children cumulated CPU time: 400.28 s
Current children cumulated vsize: 26005548 KiB
Current children cumulated memory: 20091572 KiB

[startup+462.3 s]
/proc/loadavg: 30.97 31.82 30.88 35/2985 18
/proc/meminfo: memFree=381038884/527542272 swapFree=32913148/33554428
[pid=16] ppid=13 vsize=17684 memory=12460 CPUtime=0.03 cores=70-83,182-195
/proc/16/stat : 16 (python3) S 13 16 0 0 -1 4194304 1885 0 96 0 2 1 0 0 20 0 1 0 53702785 18108416 3115 67087892480 4194304 7154137 140732844374528 0 0 0 0 16781312 2 1 0 0 17 190 0 0 8 0 0 9727432 11029816 12460032 140732844383051 140732844383149 140732844383149 140732844384231 0
/proc/16/statm: 4421 3115 1506 723 0 2063 0
[pid=18] ppid=16 vsize=27560728 memory=22377004 CPUtime=459.98 cores=70-83,182-195
/proc/18/stat : 18 (bn4rust) R 16 16 0 0 -1 4194304 159562 0 18 0 44900 1098 0 0 20 0 1 0 53702799 28222185472 5594251 67087892480 94718952202240 94718954069361 140727798981600 0 0 0 0 4096 1088 0 0 0 17 82 0 0 1 0 0 94718954327424 94718954374360 94718967963648 140727798987534 140727798987670 140727798987670 140727798988769 0
/proc/18/statm: 6890182 5594251 1039 456 0 6888343 0
Current children cumulated CPU time: 460.01 s
Current children cumulated vsize: 27578412 KiB
Current children cumulated memory: 22389464 KiB

[startup+522.3 s]
/proc/loadavg: 32.93 32.24 31.08 35/2985 18
/proc/meminfo: memFree=369128624/527542272 swapFree=32913148/33554428
[pid=16] ppid=13 vsize=17684 memory=12460 CPUtime=0.03 cores=70-83,182-195
/proc/16/stat : 16 (python3) S 13 16 0 0 -1 4194304 1885 0 96 0 2 1 0 0 20 0 1 0 53702785 18108416 3115 67087892480 4194304 7154137 140732844374528 0 0 0 0 16781312 2 1 0 0 17 190 0 0 8 0 0 9727432 11029816 12460032 140732844383051 140732844383149 140732844383149 140732844384231 0
/proc/16/statm: 4421 3115 1506 723 0 2063 0
[pid=18] ppid=16 vsize=30706456 memory=24396336 CPUtime=519.7 cores=70-83,182-195
/proc/18/stat : 18 (bn4rust) R 16 16 0 0 -1 4194304 170582 0 18 0 50849 1121 0 0 20 0 1 0 53702799 31443410944 6099084 67087892480 94718952202240 94718954069361 140727798981600 0 0 0 0 4096 1088 0 0 0 17 82 0 0 1 0 0 94718954327424 94718954374360 94718967963648 140727798987534 140727798987670 140727798987670 140727798988769 0
/proc/18/statm: 7676614 6099084 1039 456 0 7674775 0
Current children cumulated CPU time: 519.73 s
Current children cumulated vsize: 30724140 KiB
Current children cumulated memory: 24408796 KiB

[startup+582.3 s]
/proc/loadavg: 33.61 32.56 31.27 35/2985 18
/proc/meminfo: memFree=366997780/527542272 swapFree=32913148/33554428
[pid=16] ppid=13 vsize=17684 memory=12460 CPUtime=0.03 cores=70-83,182-195
/proc/16/stat : 16 (python3) S 13 16 0 0 -1 4194304 1885 0 96 0 2 1 0 0 20 0 1 0 53702785 18108416 3115 67087892480 4194304 7154137 140732844374528 0 0 0 0 16781312 2 1 0 0 17 190 0 0 8 0 0 9727432 11029816 12460032 140732844383051 140732844383149 140732844383149 140732844384231 0
/proc/16/statm: 4421 3115 1506 723 0 2063 0
[pid=18] ppid=16 vsize=28791964 memory=23123768 CPUtime=579.44 cores=70-83,182-195
/proc/18/stat : 18 (bn4rust) R 16 16 0 0 -1 4194304 190451 0 18 0 56634 1310 0 0 20 0 1 0 53702799 29482971136 5780942 67087892480 94718952202240 94718954069361 140727798981600 0 0 0 0 4096 1088 0 0 0 17 82 0 0 1 0 0 94718954327424 94718954374360 94718967963648 140727798987534 140727798987670 140727798987670 140727798988769 0
/proc/18/statm: 7197991 5780942 1039 456 0 7196152 0
Current children cumulated CPU time: 579.47 s
Current children cumulated vsize: 28809648 KiB
Current children cumulated memory: 23136228 KiB

[startup+642.3 s]
/proc/loadavg: 33.86 32.83 31.44 35/2974 18
/proc/meminfo: memFree=346422308/527542272 swapFree=32913148/33554428
[pid=16] ppid=13 vsize=17684 memory=12460 CPUtime=0.03 cores=70-83,182-195
/proc/16/stat : 16 (python3) S 13 16 0 0 -1 4194304 1885 0 96 0 2 1 0 0 20 0 1 0 53702785 18108416 3115 67087892480 4194304 7154137 140732844374528 0 0 0 0 16781312 2 1 0 0 17 190 0 0 8 0 0 9727432 11029816 12460032 140732844383051 140732844383149 140732844383149 140732844384231 0
/proc/16/statm: 4421 3115 1506 723 0 2063 0
[pid=18] ppid=16 vsize=31937692 memory=25430356 CPUtime=639.16 cores=70-83,182-195
/proc/18/stat : 18 (bn4rust) R 16 16 0 0 -1 4194304 201375 0 18 0 62581 1335 0 0 20 0 1 0 53702799 32704196608 6357589 67087892480 94718952202240 94718954069361 140727798981600 0 0 0 0 4096 1088 0 0 0 17 82 0 0 1 0 0 94718954327424 94718954374360 94718967963648 140727798987534 140727798987670 140727798987670 140727798988769 0
/proc/18/statm: 7984423 6357589 1039 456 0 7982584 0
Current children cumulated CPU time: 639.19 s
Current children cumulated vsize: 31955376 KiB
Current children cumulated memory: 25442816 KiB

[startup+702.3 s]
/proc/loadavg: 33.95 33.04 31.60 35/2972 18
/proc/meminfo: memFree=339027496/527542272 swapFree=32913148/33554428
[pid=16] ppid=13 vsize=17684 memory=12460 CPUtime=0.03 cores=70-83,182-195
/proc/16/stat : 16 (python3) S 13 16 0 0 -1 4194304 1885 0 96 0 2 1 0 0 20 0 1 0 53702785 18108416 3115 67087892480 4194304 7154137 140732844374528 0 0 0 0 16781312 2 1 0 0 17 190 0 0 8 0 0 9727432 11029816 12460032 140732844383051 140732844383149 140732844383149 140732844384231 0
/proc/16/statm: 4421 3115 1506 723 0 2063 0
[pid=18] ppid=16 vsize=47666332 memory=42602836 CPUtime=698.87 cores=70-83,182-195
/proc/18/stat : 18 (bn4rust) R 16 16 0 0 -1 4194304 228985 0 18 0 68218 1669 0 0 20 0 1 0 53702799 48810323968 10650709 67087892480 94718952202240 94718954069361 140727798981600 0 0 0 0 4096 1088 0 0 0 17 82 0 0 1 0 0 94718954327424 94718954374360 94718967963648 140727798987534 140727798987670 140727798987670 140727798988769 0
/proc/18/statm: 11916583 10650709 1039 456 0 11914744 0
Current children cumulated CPU time: 698.9 s
Current children cumulated vsize: 47684016 KiB
Current children cumulated memory: 42615296 KiB

[startup+762.3 s]
/proc/loadavg: 33.98 33.22 31.76 35/2973 18
/proc/meminfo: memFree=339426148/527542272 swapFree=32913148/33554428
[pid=16] ppid=13 vsize=17684 memory=12460 CPUtime=0.03 cores=70-83,182-195
/proc/16/stat : 16 (python3) S 13 16 0 0 -1 4194304 1885 0 96 0 2 1 0 0 20 0 1 0 53702785 18108416 3115 67087892480 4194304 7154137 140732844374528 0 0 0 0 16781312 2 1 0 0 17 190 0 0 8 0 0 9727432 11029816 12460032 140732844383051 140732844383149 140732844383149 140732844384231 0
/proc/16/statm: 4421 3115 1506 723 0 2063 0
[pid=18] ppid=16 vsize=53957788 memory=44765532 CPUtime=758.6 cores=70-83,182-195
/proc/18/stat : 18 (bn4rust) R 16 16 0 0 -1 4194304 248373 0 18 0 74159 1701 0 0 20 0 1 0 53702799 55252774912 11191383 67087892480 94718952202240 94718954069361 140727798981600 0 0 0 0 4096 1088 0 0 0 17 82 0 0 1 0 0 94718954327424 94718954374360 94718967963648 140727798987534 140727798987670 140727798987670 140727798988769 0
/proc/18/statm: 13489447 11191383 1039 456 0 13487608 0
Current children cumulated CPU time: 758.63 s
Current children cumulated vsize: 53975472 KiB
Current children cumulated memory: 44777992 KiB

[startup+822.3 s]
/proc/loadavg: 34.00 33.36 31.90 35/2971 18
/proc/meminfo: memFree=341371940/527542272 swapFree=32913148/33554428
[pid=16] ppid=13 vsize=17684 memory=12460 CPUtime=0.03 cores=70-83,182-195
/proc/16/stat : 16 (python3) S 13 16 0 0 -1 4194304 1885 0 96 0 2 1 0 0 20 0 1 0 53702785 18108416 3115 67087892480 4194304 7154137 140732844374528 0 0 0 0 16781312 2 1 0 0 17 190 0 0 8 0 0 9727432 11029816 12460032 140732844383051 140732844383149 140732844383149 140732844384231 0
/proc/16/statm: 4421 3115 1506 723 0 2063 0
[pid=18] ppid=16 vsize=53957788 memory=46692700 CPUtime=818.33 cores=70-83,182-195
/proc/18/stat : 18 (bn4rust) R 16 16 0 0 -1 4194304 267205 0 18 0 80108 1725 0 0 20 0 1 0 53702799 55252774912 11673175 67087892480 94718952202240 94718954069361 140727798981600 0 0 0 0 4096 1088 0 0 0 17 82 0 0 1 0 0 94718954327424 94718954374360 94718967963648 140727798987534 140727798987670 140727798987670 140727798988769 0
/proc/18/statm: 13489447 11673175 1039 456 0 13487608 0
Current children cumulated CPU time: 818.36 s
Current children cumulated vsize: 53975472 KiB
Current children cumulated memory: 46705160 KiB

[startup+882.3 s]
/proc/loadavg: 34.12 33.51 32.04 35/2972 18
/proc/meminfo: memFree=344637644/527542272 swapFree=32913148/33554428
[pid=16] ppid=13 vsize=17684 memory=12460 CPUtime=0.03 cores=70-83,182-195
/proc/16/stat : 16 (python3) S 13 16 0 0 -1 4194304 1885 0 96 0 2 1 0 0 20 0 1 0 53702785 18108416 3115 67087892480 4194304 7154137 140732844374528 0 0 0 0 16781312 2 1 0 0 17 190 0 0 8 0 0 9727432 11029816 12460032 140732844383051 140732844383149 140732844383149 140732844384231 0
/proc/16/statm: 4421 3115 1506 723 0 2063 0
[pid=18] ppid=16 vsize=52819824 memory=43248152 CPUtime=878.04 cores=70-83,182-195
/proc/18/stat : 18 (bn4rust) R 16 16 0 0 -1 4194304 306927 0 18 0 85732 2072 0 0 20 0 1 0 53702799 54087499776 10812038 67087892480 94718952202240 94718954069361 140727798981600 0 0 0 0 4096 1088 0 0 0 17 82 0 0 1 0 0 94718954327424 94718954374360 94718967963648 140727798987534 140727798987670 140727798987670 140727798988769 0
/proc/18/statm: 13204956 10812038 1039 456 0 13203117 0
Current children cumulated CPU time: 878.07 s
Current children cumulated vsize: 52837508 KiB
Current children cumulated memory: 43260612 KiB

[startup+942.3 s]
/proc/loadavg: 34.04 33.60 32.17 35/2972 18
/proc/meminfo: memFree=339410476/527542272 swapFree=32913148/33554428
[pid=16] ppid=13 vsize=17684 memory=12460 CPUtime=0.03 cores=70-83,182-195
/proc/16/stat : 16 (python3) S 13 16 0 0 -1 4194304 1885 0 96 0 2 1 0 0 20 0 1 0 53702785 18108416 3115 67087892480 4194304 7154137 140732844374528 0 0 0 0 16781312 2 1 0 0 17 190 0 0 8 0 0 9727432 11029816 12460032 140732844383051 140732844383149 140732844383149 140732844384231 0
/proc/16/statm: 4421 3115 1506 723 0 2063 0
[pid=18] ppid=16 vsize=57538416 memory=45672992 CPUtime=937.77 cores=70-83,182-195
/proc/18/stat : 18 (bn4rust) R 16 16 0 0 -1 4194304 327858 0 18 0 91672 2105 0 0 20 0 1 0 53702799 58919337984 11418248 67087892480 94718952202240 94718954069361 140727798981600 0 0 0 0 4096 1088 0 0 0 17 82 0 0 1 0 0 94718954327424 94718954374360 94718967963648 140727798987534 140727798987670 140727798987670 140727798988769 0
/proc/18/statm: 14384604 11418248 1039 456 0 14382765 0
Current children cumulated CPU time: 937.8 s
Current children cumulated vsize: 57556100 KiB
Current children cumulated memory: 45685452 KiB

[startup+1002.3 s]
/proc/loadavg: 34.08 33.69 32.29 35/2968 18
/proc/meminfo: memFree=333542112/527542272 swapFree=32913148/33554428
[pid=16] ppid=13 vsize=17684 memory=12460 CPUtime=0.03 cores=70-83,182-195
/proc/16/stat : 16 (python3) S 13 16 0 0 -1 4194304 1885 0 96 0 2 1 0 0 20 0 1 0 53702785 18108416 3115 67087892480 4194304 7154137 140732844374528 0 0 0 0 16781312 2 1 0 0 17 190 0 0 8 0 0 9727432 11029816 12460032 140732844383051 140732844383149 140732844383149 140732844384231 0
/proc/16/statm: 4421 3115 1506 723 0 2063 0
[pid=18] ppid=16 vsize=57538416 memory=48077344 CPUtime=997.5 cores=70-83,182-195
/proc/18/stat : 18 (bn4rust) R 16 16 0 0 -1 4194304 347720 0 18 0 97615 2135 0 0 20 0 1 0 53702799 58919337984 12019336 67087892480 94718952202240 94718954069361 140727798981600 0 0 0 0 4096 1088 0 0 0 17 82 0 0 1 0 0 94718954327424 94718954374360 94718967963648 140727798987534 140727798987670 140727798987670 140727798988769 0
/proc/18/statm: 14384604 12019336 1039 456 0 14382765 0
Current children cumulated CPU time: 997.53 s
Current children cumulated vsize: 57556100 KiB
Current children cumulated memory: 48089804 KiB

[startup+1062.3 s]
/proc/loadavg: 34.03 33.75 32.40 35/2967 18
/proc/meminfo: memFree=326129360/527542272 swapFree=32913148/33554428
[pid=16] ppid=13 vsize=17684 memory=12460 CPUtime=0.03 cores=70-83,182-195
/proc/16/stat : 16 (python3) S 13 16 0 0 -1 4194304 1885 0 96 0 2 1 0 0 20 0 1 0 53702785 18108416 3115 67087892480 4194304 7154137 140732844374528 0 0 0 0 16781312 2 1 0 0 17 190 0 0 8 0 0 9727432 11029816 12460032 140732844383051 140732844383149 140732844383149 140732844384231 0
/proc/16/statm: 4421 3115 1506 723 0 2063 0
[pid=18] ppid=16 vsize=63829872 memory=50207088 CPUtime=1057.22 cores=70-83,182-195
/proc/18/stat : 18 (bn4rust) R 16 16 0 0 -1 4194304 369280 0 18 0 103558 2164 0 0 20 0 1 0 53702799 65361788928 12551772 67087892480 94718952202240 94718954069361 140727798981600 0 0 0 0 4096 1088 0 0 0 17 82 0 0 1 0 0 94718954327424 94718954374360 94718967963648 140727798987534 140727798987670 140727798987670 140727798988769 0
/proc/18/statm: 15957468 12551772 1039 456 0 15955629 0
Current children cumulated CPU time: 1057.25 s
Current children cumulated vsize: 63847556 KiB
Current children cumulated memory: 50219548 KiB

[startup+1122.3 s]
/proc/loadavg: 34.11 33.83 32.51 35/2968 18
/proc/meminfo: memFree=332352180/527542272 swapFree=32913148/33554428
[pid=16] ppid=13 vsize=17684 memory=12460 CPUtime=0.03 cores=70-83,182-195
/proc/16/stat : 16 (python3) S 13 16 0 0 -1 4194304 1885 0 96 0 2 1 0 0 20 0 1 0 53702785 18108416 3115 67087892480 4194304 7154137 140732844374528 0 0 0 0 16781312 2 1 0 0 17 190 0 0 8 0 0 9727432 11029816 12460032 140732844383051 140732844383149 140732844383149 140732844384231 0
/proc/16/statm: 4421 3115 1506 723 0 2063 0
[pid=18] ppid=16 vsize=63829872 memory=51947888 CPUtime=1116.93 cores=70-83,182-195
/proc/18/stat : 18 (bn4rust) R 16 16 0 0 -1 4194304 391742 0 18 0 109506 2187 0 0 20 0 1 0 53702799 65361788928 12986972 67087892480 94718952202240 94718954069361 140727798981600 0 0 0 0 4096 1088 0 0 0 17 82 0 0 1 0 0 94718954327424 94718954374360 94718967963648 140727798987534 140727798987670 140727798987670 140727798988769 0
/proc/18/statm: 15957468 12986972 1039 456 0 15955629 0
Current children cumulated CPU time: 1116.96 s
Current children cumulated vsize: 63847556 KiB
Current children cumulated memory: 51960348 KiB

[startup+1181.3 s]
# the end of solver process 16 was just reported to runsolver
# cumulated CPU time of all completed processes:  user=1150.78 s, system=24.041 s

Solver just ended.
??? end of watcher thread
Dumping a history of the last processes samples

[startup+1126.4 s]
/proc/loadavg: 34.10 33.83 32.52 35/2968 18
/proc/meminfo: memFree=331003868/527542272 swapFree=32913148/33554428
[pid=16] ppid=13 vsize=17684 memory=12460 CPUtime=0.03 cores=70-83,182-195
/proc/16/stat : 16 (python3) S 13 16 0 0 -1 4194304 1885 0 96 0 2 1 0 0 20 0 1 0 53702785 18108416 3115 67087892480 4194304 7154137 140732844374528 0 0 0 0 16781312 2 1 0 0 17 190 0 0 8 0 0 9727432 11029816 12460032 140732844383051 140732844383149 140732844383149 140732844384231 0
/proc/16/statm: 4421 3115 1506 723 0 2063 0
[pid=18] ppid=16 vsize=63829872 memory=52056432 CPUtime=1121.02 cores=70-83,182-195
/proc/18/stat : 18 (bn4rust) R 16 16 0 0 -1 4194304 393480 0 18 0 109914 2188 0 0 20 0 1 0 53702799 65361788928 13014108 67087892480 94718952202240 94718954069361 140727798981600 0 0 0 0 4096 1088 0 0 0 17 82 0 0 1 0 0 94718954327424 94718954374360 94718967963648 140727798987534 140727798987670 140727798987670 140727798988769 0
/proc/18/statm: 15957468 13014108 1039 456 0 15955629 0
Current children cumulated CPU time: 1121.05 s
Current children cumulated vsize: 63847556 KiB
Current children cumulated memory: 52068892 KiB

[startup+1152 s]*
/proc/loadavg: 34.14 33.86 32.57 35/2968 18
/proc/meminfo: memFree=330105252/527542272 swapFree=32913148/33554428
[pid=16] ppid=13 vsize=17684 memory=12460 CPUtime=0.03 cores=70-83,182-195
/proc/16/stat : 16 (python3) S 13 16 0 0 -1 4194304 1885 0 96 0 2 1 0 0 20 0 1 0 53702785 18108416 3115 67087892480 4194304 7154137 140732844374528 0 0 0 0 16781312 2 1 0 0 17 190 0 0 8 0 0 9727432 11029816 12460032 140732844383051 140732844383149 140732844383149 140732844384231 0
/proc/16/statm: 4421 3115 1506 723 0 2063 0
[pid=18] ppid=16 vsize=63829872 memory=52703600 CPUtime=1146.5 cores=70-83,182-195
/proc/18/stat : 18 (bn4rust) R 16 16 0 0 -1 4194304 401219 0 18 0 112449 2201 0 0 20 0 1 0 53702799 65361788928 13175900 67087892480 94718952202240 94718954069361 140727798981600 0 0 0 0 4096 1088 0 0 0 17 82 0 0 1 0 0 94718954327424 94718954374360 94718967963648 140727798987534 140727798987670 140727798987670 140727798988769 0
/proc/18/statm: 15957468 13175900 1039 456 0 15955629 0
Current children cumulated CPU time: 1146.53 s
Current children cumulated vsize: 63847556 KiB
Current children cumulated memory: 52716060 KiB

[startup+1164.8 s]
/proc/loadavg: 34.19 33.89 32.59 35/2971 18
/proc/meminfo: memFree=331488180/527542272 swapFree=32913148/33554428
[pid=16] ppid=13 vsize=17684 memory=12460 CPUtime=0.03 cores=70-83,182-195
/proc/16/stat : 16 (python3) S 13 16 0 0 -1 4194304 1885 0 96 0 2 1 0 0 20 0 1 0 53702785 18108416 3115 67087892480 4194304 7154137 140732844374528 0 0 0 0 16781312 2 1 0 0 17 190 0 0 8 0 0 9727432 11029816 12460032 140732844383051 140732844383149 140732844383149 140732844384231 0
/proc/16/statm: 4421 3115 1506 723 0 2063 0
[pid=18] ppid=16 vsize=63829872 memory=53010800 CPUtime=1159.23 cores=70-83,182-195
/proc/18/stat : 18 (bn4rust) R 16 16 0 0 -1 4194304 406745 0 18 0 113719 2204 0 0 20 0 1 0 53702799 65361788928 13252700 67087892480 94718952202240 94718954069361 140727798981600 0 0 0 0 4096 1088 0 0 0 17 82 0 0 1 0 0 94718954327424 94718954374360 94718967963648 140727798987534 140727798987670 140727798987670 140727798988769 0
/proc/18/statm: 15957468 13252700 1039 456 0 15955629 0
Current children cumulated CPU time: 1159.26 s
Current children cumulated vsize: 63847556 KiB
Current children cumulated memory: 53023260 KiB

[startup+1171.2 s]
/proc/loadavg: 34.24 33.91 32.61 35/2971 18
/proc/meminfo: memFree=330973840/527542272 swapFree=32913148/33554428
[pid=16] ppid=13 vsize=17684 memory=12460 CPUtime=0.03 cores=70-83,182-195
/proc/16/stat : 16 (python3) S 13 16 0 0 -1 4194304 1885 0 96 0 2 1 0 0 20 0 1 0 53702785 18108416 3115 67087892480 4194304 7154137 140732844374528 0 0 0 0 16781312 2 1 0 0 17 190 0 0 8 0 0 9727432 11029816 12460032 140732844383051 140732844383149 140732844383149 140732844384231 0
/proc/16/statm: 4421 3115 1506 723 0 2063 0
[pid=18] ppid=16 vsize=63829872 memory=53160304 CPUtime=1165.61 cores=70-83,182-195
/proc/18/stat : 18 (bn4rust) R 16 16 0 0 -1 4194304 409506 0 18 0 114355 2206 0 0 20 0 1 0 53702799 65361788928 13290076 67087892480 94718952202240 94718954069361 140727798981600 0 0 0 0 4096 1088 0 0 0 17 82 0 0 1 0 0 94718954327424 94718954374360 94718967963648 140727798987534 140727798987670 140727798987670 140727798988769 0
/proc/18/statm: 15957468 13290076 1039 456 0 15955629 0
Current children cumulated CPU time: 1165.64 s
Current children cumulated vsize: 63847556 KiB
Current children cumulated memory: 53172764 KiB

[startup+1177.6 s]
/proc/loadavg: 34.22 33.91 32.62 35/2971 18
/proc/meminfo: memFree=323826108/527542272 swapFree=32913148/33554428
[pid=16] ppid=13 vsize=17684 memory=12460 CPUtime=0.03 cores=70-83,182-195
/proc/16/stat : 16 (python3) S 13 16 0 0 -1 4194304 1885 0 96 0 2 1 0 0 20 0 1 0 53702785 18108416 3115 67087892480 4194304 7154137 140732844374528 0 0 0 0 16781312 2 1 0 0 17 190 0 0 8 0 0 9727432 11029816 12460032 140732844383051 140732844383149 140732844383149 140732844384231 0
/proc/16/statm: 4421 3115 1506 723 0 2063 0
[pid=18] ppid=16 vsize=91092852 memory=61464364 CPUtime=1171.98 cores=70-83,182-195
/proc/18/stat : 18 (bn4rust) R 16 16 0 0 -1 4194304 414223 0 18 0 114907 2291 0 0 20 0 1 0 53702799 93279080448 15366091 67087892480 94718952202240 94718954069361 140727798981600 0 0 0 0 4096 1088 0 0 0 17 82 0 0 1 0 0 94718954327424 94718954374360 94718967963648 140727798987534 140727798987670 140727798987670 140727798988769 0
/proc/18/statm: 22773213 15366091 1039 456 0 22771374 0
Current children cumulated CPU time: 1172.01 s
Current children cumulated vsize: 91110536 KiB
Current children cumulated memory: 61476824 KiB

[startup+1179.2 s]
/proc/loadavg: 34.22 33.91 32.62 35/2971 18
/proc/meminfo: memFree=319801960/527542272 swapFree=32913148/33554428
[pid=16] ppid=13 vsize=17684 memory=12460 CPUtime=0.03 cores=70-83,182-195
/proc/16/stat : 16 (python3) S 13 16 0 0 -1 4194304 1885 0 96 0 2 1 0 0 20 0 1 0 53702785 18108416 3115 67087892480 4194304 7154137 140732844374528 0 0 0 0 16781312 2 1 0 0 17 190 0 0 8 0 0 9727432 11029816 12460032 140732844383051 140732844383149 140732844383149 140732844384231 0
/proc/16/statm: 4421 3115 1506 723 0 2063 0
[pid=18] ppid=16 vsize=91092852 memory=64458540 CPUtime=1173.57 cores=70-83,182-195
/proc/18/stat : 18 (bn4rust) R 16 16 0 0 -1 4194304 415685 0 18 0 115037 2320 0 0 20 0 1 0 53702799 93279080448 16114635 67087892480 94718952202240 94718954069361 140727798981600 0 0 0 0 4096 1088 0 0 0 17 82 0 0 1 0 0 94718954327424 94718954374360 94718967963648 140727798987534 140727798987670 140727798987670 140727798988769 0
/proc/18/statm: 22773213 16114635 1039 456 0 22771374 0
Current children cumulated CPU time: 1173.6 s
Current children cumulated vsize: 91110536 KiB
Current children cumulated memory: 64471000 KiB

[startup+1180.45 s]*
/proc/loadavg: 34.21 33.91 32.63 34/2973 18
/proc/meminfo: memFree=383827372/527542272 swapFree=32913148/33554428
[pid=16] ppid=13 vsize=17684 memory=6436 CPUtime=0.03 cores=70-83,182-195
/proc/16/stat : 16 (python3) D 13 16 0 0 -1 4194304 1886 0 97 0 2 1 0 0 20 0 1 0 53702785 18108416 1609 67087892480 4194304 7154137 140732844374528 0 0 0 0 16781312 2 0 0 0 17 185 0 0 10 0 0 9727432 11029816 12460032 140732844383051 140732844383149 140732844383149 140732844384231 0
/proc/16/statm: 4421 1609 0 723 0 2063 0
Current children cumulated CPU time: 0.03 s
Current children cumulated vsize: 17684 KiB
Current children cumulated memory: 6436 KiB

[startup+1180.8 s]
/proc/loadavg: 34.21 33.91 32.63 34/2973 18
/proc/meminfo: memFree=383827372/527542272 swapFree=32913148/33554428
[pid=16] ppid=13 vsize=17684 memory=6436 CPUtime=0.03 cores=70-83,182-195
/proc/16/stat : 16 (python3) D 13 16 0 0 -1 4194304 1893 0 104 0 2 1 0 0 20 0 1 0 53702785 18108416 1609 67087892480 4194304 7154137 140732844374528 0 0 0 0 16781312 2 0 0 0 17 185 0 0 46 0 0 9727432 11029816 12460032 140732844383051 140732844383149 140732844383149 140732844384231 0
/proc/16/statm: 4421 1609 0 723 0 2063 0
Current children cumulated CPU time: 0.03 s
Current children cumulated vsize: 17684 KiB
Current children cumulated memory: 6436 KiB

[startup+1181.2 s]
/proc/loadavg: 34.21 33.91 32.63 34/2973 18
/proc/meminfo: memFree=383827372/527542272 swapFree=32913148/33554428
[pid=16] ppid=13 vsize=17684 memory=8124 CPUtime=0.03 cores=70-83,182-195
/proc/16/stat : 16 (python3) D 13 16 0 0 -1 4194304 1904 0 127 0 2 1 0 0 20 0 1 0 53702785 18108416 2031 67087892480 4194304 7154137 140732844374528 0 0 0 0 16781312 2 0 0 0 17 185 0 0 78 0 0 9727432 11029816 12460032 140732844383051 140732844383149 140732844383149 140732844384231 0
/proc/16/statm: 4421 2031 413 723 0 2063 0
Current children cumulated CPU time: 0.03 s
Current children cumulated vsize: 17684 KiB
Current children cumulated memory: 8124 KiB

Child status: 247
Real time (s): 1181.3
CPU time (s): 1174.82
CPU user time (s): 1150.78
CPU system time (s): 24.041
CPU usage (%): 99.4518
Max. virtual memory (cumulated for all children) (KiB): 91110536
Max. memory (cumulated for all children) (KiB): 65320800

getrusage(RUSAGE_CHILDREN,...) data:
user time used= 1150.78
system time used= 24.041
maximum resident set size= 65332040
integral shared memory size= 0
integral unshared data size= 0
integral unshared stack size= 0
page reclaims= 514390
page faults= 175
swaps= 0
block input operations= 29736
block output operations= 8
messages sent= 0
messages received= 0
signals received= 0
voluntary context switches= 1008
involuntary context switches= 1532


# summary of solver processes directly reported to runsolver:
#   pid: 16
#   total CPU time (s): 1174.82
#   total CPU user time (s): 1150.78
#   total CPU system time (s): 24.041

??? join timestamper begins
??? join timestamper ends
??? end of timestamper thread
runsolver used 0.64844 second user time and 2.31195 second system time

The end
