runsolver version 3.4.1 (svn: 3018) Copyright (C) 2010-2013 Olivier ROUSSEL

This program is distributed in the hope that it will be useful,
but WITHOUT ANY WARRANTY; without even the implied warranty of
MERCHANTABILITY or FITNESS FOR A PARTICULAR PURPOSE.  See the
GNU General Public License for more details.

NUMA information:
  number of nodes: 8
  memory of node 0: 63700 MiB (54635 MiB free)
  memory of node 1: 64461 MiB (59711 MiB free)
  memory of node 2: 64504 MiB (38289 MiB free)
  memory of node 3: 64504 MiB (54477 MiB free)
  memory of node 4: 64504 MiB (62790 MiB free)
  memory of node 5: 64504 MiB (62254 MiB free)
  memory of node 6: 64504 MiB (57170 MiB free)
  memory of node 7: 64491 MiB (52169 MiB free)
  node distances:
     10  12  12  12  21  21  21  21
     12  10  12  12  21  21  21  21
     12  12  10  12  21  21  21  21
     12  12  12  10  21  21  21  21
     21  21  21  21  10  12  12  12
     21  21  21  21  12  10  12  12
     21  21  21  21  12  12  10  12
     21  21  21  21  12  12  12  10

command line: /usr/local/bin/runsolver --timestamp -w /output/runsolver-watch.log -v /output/runsolver-values.log -o /output/solver-output.log -C 1800.0 -W 1800.0 -R 64000 /opt/solver/run_pyboolnet.py --instance /input/model_218.bnet 

running on 28 cores: 40-41,46-57,152-153,158-169

Enforcing CPUTime limit (soft limit, will send SIGTERM then SIGKILL): 1800 seconds
Enforcing CPUTime limit (hard limit, will send SIGXCPU): 1830 seconds
Enforcing wall clock limit (soft limit, will send SIGTERM then SIGKILL): 1800 seconds
Enforcing RSS+Swap limit (soft limit, will send SIGTERM then SIGKILL): 65536000 KiB
Linux 4.18.0-553.126.1.el8_10.x86_64
Current StackSize limit: 18014398509481983 KiB

solver pid=17, runsolver pid=13

[startup+0.1001 s]*
/proc/loadavg: 58.67 58.27 58.40 67/3208 18
/proc/meminfo: memFree=452091060/527542236 swapFree=31782908/33554428
[pid=17] ppid=13 vsize=10040 memory=2156 CPUtime=0 cores=40-41,46-57,152-153,158-169
/proc/17/stat : 17 (python3) S 13 17 0 0 -1 4194304 237 0 26 0 0 0 0 0 20 0 1 0 522901806 10280960 539 67087892480 94177315917824 94177319188525 140730670036048 0 0 0 0 0 0 1 0 0 17 53 0 0 2 0 0 94177321551888 94177321835928 94177334521856 140730670041857 140730670041927 140730670041927 140730670043111 0
/proc/17/statm: 2510 539 440 799 0 223 0
Current children cumulated CPU time: 0 s
Current children cumulated vsize: 10040 KiB
Current children cumulated memory: 2156 KiB

[startup+0.200812 s]*
/proc/loadavg: 58.67 58.27 58.40 52/3208 18
/proc/meminfo: memFree=452089588/527542236 swapFree=31782908/33554428
[pid=17] ppid=13 vsize=12100 memory=5112 CPUtime=0 cores=40-41,46-57,152-153,158-169
/proc/17/stat : 17 (python3) S 13 17 0 0 -1 4194304 464 0 45 0 0 0 0 0 20 0 1 0 522901806 12390400 1278 67087892480 94177315917824 94177319188525 140730670036048 0 0 0 0 0 0 1 0 0 17 53 0 0 4 0 0 94177321551888 94177321835928 94177334521856 140730670041857 140730670041927 140730670041927 140730670043111 0
/proc/17/statm: 3025 1278 987 799 0 644 0
Current children cumulated CPU time: 0 s
Current children cumulated vsize: 12100 KiB
Current children cumulated memory: 5112 KiB

[startup+0.300631 s]*
/proc/loadavg: 58.67 58.27 58.40 52/3208 18
/proc/meminfo: memFree=452092864/527542236 swapFree=31782908/33554428
[pid=17] ppid=13 vsize=12100 memory=5112 CPUtime=0 cores=40-41,46-57,152-153,158-169
/proc/17/stat : 17 (python3) S 13 17 0 0 -1 4194304 464 0 45 0 0 0 0 0 20 0 1 0 522901806 12390400 1278 67087892480 94177315917824 94177319188525 140730670036048 0 0 0 0 0 0 1 0 0 17 53 0 0 4 0 0 94177321551888 94177321835928 94177334521856 140730670041857 140730670041927 140730670041927 140730670043111 0
/proc/17/statm: 3025 1278 987 799 0 644 0
Current children cumulated CPU time: 0 s
Current children cumulated vsize: 12100 KiB
Current children cumulated memory: 5112 KiB

[startup+0.700306 s]
/proc/loadavg: 58.67 58.27 58.40 52/3208 18
/proc/meminfo: memFree=452065112/527542236 swapFree=31782908/33554428
[pid=17] ppid=13 vsize=22728 memory=17068 CPUtime=0.09 cores=40-41,46-57,152-153,158-169
/proc/17/stat : 17 (python3) D 13 17 0 0 -1 4194304 3054 0 79 0 7 2 0 0 20 0 1 0 522901806 23273472 4267 67087892480 94177315917824 94177319188525 140730670036048 0 0 0 0 16781312 2 0 0 0 17 152 0 0 27 0 0 94177321551888 94177321835928 94177334521856 140730670041857 140730670041927 140730670041927 140730670043111 0
/proc/17/statm: 5682 4267 1618 799 0 3194 0
Current children cumulated CPU time: 0.09 s
Current children cumulated vsize: 22728 KiB
Current children cumulated memory: 17068 KiB

[startup+1.5003 s]
/proc/loadavg: 58.67 58.27 58.40 56/3208 18
/proc/meminfo: memFree=452050172/527542236 swapFree=31782908/33554428
[pid=17] ppid=13 vsize=119000 memory=42328 CPUtime=0.28 cores=40-41,46-57,152-153,158-169
/proc/17/stat : 17 (python3) R 13 17 0 0 -1 4194304 7374 0 203 0 20 8 0 0 20 0 1 0 522901806 121856000 10582 67087892480 94177315917824 94177319188525 140730670036048 0 0 0 0 16781312 2 0 0 0 17 152 0 0 88 0 0 94177321551888 94177321835928 94177334521856 140730670041857 140730670041927 140730670041927 140730670043111 0
/proc/17/statm: 29750 10582 3669 799 0 15806 0
Current children cumulated CPU time: 0.28 s
Current children cumulated vsize: 119000 KiB
Current children cumulated memory: 42328 KiB

[startup+3.10065 s]
/proc/loadavg: 58.14 58.17 58.37 53/3210 21
/proc/meminfo: memFree=451942572/527542236 swapFree=31782908/33554428
[pid=17] ppid=13 vsize=220848 memory=70900 CPUtime=0.83 cores=40-41,46-57,152-153,158-169
/proc/17/stat : 17 (python3) S 13 17 0 0 -1 4194304 13219 0 297 0 70 13 0 0 20 0 1 0 522901806 226148352 17725 67087892480 94177315917824 94177319188525 140730670036048 0 0 0 0 16781312 2 1 0 0 17 152 0 0 111 0 0 94177321551888 94177321835928 94177334521856 140730670041857 140730670041927 140730670041927 140730670043111 0
/proc/17/statm: 55212 17725 5215 799 0 21919 0
[pid=21] ppid=17 vsize=6448 memory=3708 CPUtime=0.71 cores=40-41,46-57,152-153,158-169
/proc/21/stat : 21 (BNetToPrime_lin) R 17 17 0 0 -1 4194304 190 0 3 0 71 0 0 0 20 0 1 0 522902041 6602752 927 67087892480 4194304 4299828 140730366351792 0 0 0 0 0 0 0 0 0 17 153 0 0 0 0 0 6397400 6398600 10788864 140730366356091 140730366356204 140730366356204 140730366357405 0
/proc/21/statm: 1612 927 852 26 0 173 0
Current children cumulated CPU time: 1.54 s
Current children cumulated vsize: 227296 KiB
Current children cumulated memory: 74608 KiB
heavy processes:

[startup+6.30036 s]
/proc/loadavg: 58.14 58.17 58.37 53/3210 21
/proc/meminfo: memFree=451936996/527542236 swapFree=31782908/33554428
[pid=17] ppid=13 vsize=220848 memory=70900 CPUtime=0.83 cores=40-41,46-57,152-153,158-169
/proc/17/stat : 17 (python3) S 13 17 0 0 -1 4194304 13219 0 297 0 70 13 0 0 20 0 1 0 522901806 226148352 17725 67087892480 94177315917824 94177319188525 140730670036048 0 0 0 0 16781312 2 1 0 0 17 152 0 0 111 0 0 94177321551888 94177321835928 94177334521856 140730670041857 140730670041927 140730670041927 140730670043111 0
/proc/17/statm: 55212 17725 5215 799 0 21919 0
[pid=21] ppid=17 vsize=7568 memory=4680 CPUtime=3.9 cores=40-41,46-57,152-153,158-169
/proc/21/stat : 21 (BNetToPrime_lin) R 17 17 0 0 -1 4194304 442 0 3 0 390 0 0 0 20 0 1 0 522902041 7749632 1170 67087892480 4194304 4299828 140730366351792 0 0 0 0 0 0 0 0 0 17 153 0 0 0 0 0 6397400 6398600 10788864 140730366356091 140730366356204 140730366356204 140730366357405 0
/proc/21/statm: 1892 1170 852 26 0 453 0
Current children cumulated CPU time: 4.73 s
Current children cumulated vsize: 228416 KiB
Current children cumulated memory: 75580 KiB
heavy processes:

[startup+12.7004 s]
/proc/loadavg: 57.65 58.06 58.33 68/3210 21
/proc/meminfo: memFree=451948376/527542236 swapFree=31782908/33554428
[pid=17] ppid=13 vsize=220848 memory=70900 CPUtime=0.83 cores=40-41,46-57,152-153,158-169
/proc/17/stat : 17 (python3) S 13 17 0 0 -1 4194304 13219 0 297 0 70 13 0 0 20 0 1 0 522901806 226148352 17725 67087892480 94177315917824 94177319188525 140730670036048 0 0 0 0 16781312 2 1 0 0 17 152 0 0 111 0 0 94177321551888 94177321835928 94177334521856 140730670041857 140730670041927 140730670041927 140730670043111 0
/proc/17/statm: 55212 17725 5215 799 0 21919 0
[pid=21] ppid=17 vsize=8804 memory=5716 CPUtime=10.28 cores=40-41,46-57,152-153,158-169
/proc/21/stat : 21 (BNetToPrime_lin) R 17 17 0 0 -1 4194304 893 0 3 0 1028 0 0 0 20 0 1 0 522902041 9015296 1429 67087892480 4194304 4299828 140730366351792 0 0 0 0 0 0 0 0 0 17 153 0 0 0 0 0 6397400 6398600 10788864 140730366356091 140730366356204 140730366356204 140730366357405 0
/proc/21/statm: 2201 1429 852 26 0 762 0
Current children cumulated CPU time: 11.11 s
Current children cumulated vsize: 229652 KiB
Current children cumulated memory: 76616 KiB

[startup+25.5004 s]
/proc/loadavg: 59.40 58.44 58.45 53/3210 21
/proc/meminfo: memFree=451944812/527542236 swapFree=31782908/33554428
[pid=17] ppid=13 vsize=220848 memory=70900 CPUtime=0.83 cores=40-41,46-57,152-153,158-169
/proc/17/stat : 17 (python3) S 13 17 0 0 -1 4194304 13219 0 297 0 70 13 0 0 20 0 1 0 522901806 226148352 17725 67087892480 94177315917824 94177319188525 140730670036048 0 0 0 0 16781312 2 1 0 0 17 152 0 0 111 0 0 94177321551888 94177321835928 94177334521856 140730670041857 140730670041927 140730670041927 140730670043111 0
/proc/17/statm: 55212 17725 5215 799 0 21919 0
[pid=21] ppid=17 vsize=12836 memory=8932 CPUtime=23.04 cores=40-41,46-57,152-153,158-169
/proc/21/stat : 21 (BNetToPrime_lin) R 17 17 0 0 -1 4194304 2150 0 3 0 2304 0 0 0 20 0 1 0 522902041 13144064 2233 67087892480 4194304 4299828 140730366351792 0 0 0 0 0 0 0 0 0 17 153 0 0 0 0 0 6397400 6398600 10788864 140730366356091 140730366356204 140730366356204 140730366357405 0
/proc/21/statm: 3209 2233 852 26 0 1770 0
Current children cumulated CPU time: 23.87 s
Current children cumulated vsize: 233684 KiB
Current children cumulated memory: 79832 KiB

[startup+51.1006 s]
/proc/loadavg: 60.00 58.64 58.52 57/3210 21
/proc/meminfo: memFree=451739796/527542236 swapFree=31782908/33554428
[pid=17] ppid=13 vsize=220848 memory=70900 CPUtime=0.83 cores=40-41,46-57,152-153,158-169
/proc/17/stat : 17 (python3) S 13 17 0 0 -1 4194304 13219 0 297 0 70 13 0 0 20 0 1 0 522901806 226148352 17725 67087892480 94177315917824 94177319188525 140730670036048 0 0 0 0 16781312 2 1 0 0 17 152 0 0 111 0 0 94177321551888 94177321835928 94177334521856 140730670041857 140730670041927 140730670041927 140730670043111 0
/proc/17/statm: 55212 17725 5215 799 0 21919 0
[pid=21] ppid=17 vsize=18944 memory=15180 CPUtime=48.57 cores=40-41,46-57,152-153,158-169
/proc/21/stat : 21 (BNetToPrime_lin) R 17 17 0 0 -1 4194304 3963 0 3 0 4856 1 0 0 20 0 1 0 522902041 19398656 3795 67087892480 4194304 4299828 140730366351792 0 0 0 0 0 0 0 0 0 17 153 0 0 0 0 0 6397400 6398600 10788864 140730366356091 140730366356204 140730366356204 140730366357405 0
/proc/21/statm: 4736 3795 852 26 0 3297 0
Current children cumulated CPU time: 49.4 s
Current children cumulated vsize: 239792 KiB
Current children cumulated memory: 86080 KiB

[startup+102.3 s]
/proc/loadavg: 59.76 58.79 58.58 53/3209 21
/proc/meminfo: memFree=451610748/527542236 swapFree=31782908/33554428
[pid=17] ppid=13 vsize=220848 memory=70900 CPUtime=0.83 cores=40-41,46-57,152-153,158-169
/proc/17/stat : 17 (python3) S 13 17 0 0 -1 4194304 13219 0 297 0 70 13 0 0 20 0 1 0 522901806 226148352 17725 67087892480 94177315917824 94177319188525 140730670036048 0 0 0 0 16781312 2 1 0 0 17 152 0 0 111 0 0 94177321551888 94177321835928 94177334521856 140730670041857 140730670041927 140730670041927 140730670043111 0
/proc/17/statm: 55212 17725 5215 799 0 21919 0
[pid=21] ppid=17 vsize=31292 memory=28176 CPUtime=99.62 cores=40-41,46-57,152-153,158-169
/proc/21/stat : 21 (BNetToPrime_lin) R 17 17 0 0 -1 4194304 6708 0 3 0 9961 1 0 0 20 0 1 0 522902041 32043008 7044 67087892480 4194304 4299828 140730366351792 0 0 0 0 0 0 0 0 0 17 153 0 0 0 0 0 6397400 6398600 10788864 140730366356091 140730366356204 140730366356204 140730366357405 0
/proc/21/statm: 7823 7044 852 26 0 6384 0
Current children cumulated CPU time: 100.45 s
Current children cumulated vsize: 252140 KiB
Current children cumulated memory: 99076 KiB

[startup+162.3 s]
/proc/loadavg: 58.10 58.43 58.46 53/3209 21
/proc/meminfo: memFree=451133532/527542236 swapFree=31782908/33554428
[pid=17] ppid=13 vsize=220848 memory=70900 CPUtime=0.83 cores=40-41,46-57,152-153,158-169
/proc/17/stat : 17 (python3) S 13 17 0 0 -1 4194304 13219 0 297 0 70 13 0 0 20 0 1 0 522901806 226148352 17725 67087892480 94177315917824 94177319188525 140730670036048 0 0 0 0 16781312 2 1 0 0 17 152 0 0 111 0 0 94177321551888 94177321835928 94177334521856 140730670041857 140730670041927 140730670041927 140730670043111 0
/proc/17/statm: 55212 17725 5215 799 0 21919 0
[pid=21] ppid=17 vsize=346556 memory=335800 CPUtime=159.44 cores=40-41,46-57,152-153,158-169
/proc/21/stat : 21 (BNetToPrime_lin) R 17 17 0 0 -1 4194304 79574 0 3 0 15933 11 0 0 20 0 1 0 522902041 354873344 83950 67087892480 4194304 4299828 140730366351792 0 0 0 0 0 0 0 0 0 17 153 0 0 0 0 0 6397400 6398600 10788864 140730366356091 140730366356204 140730366356204 140730366357405 0
/proc/21/statm: 86639 83950 852 26 0 85200 0
Current children cumulated CPU time: 160.27 s
Current children cumulated vsize: 567404 KiB
Current children cumulated memory: 406700 KiB

[startup+222.3 s]
/proc/loadavg: 57.66 58.25 58.40 57/3210 21
/proc/meminfo: memFree=452631504/527542236 swapFree=31782908/33554428
[pid=17] ppid=13 vsize=220848 memory=70900 CPUtime=0.83 cores=40-41,46-57,152-153,158-169
/proc/17/stat : 17 (python3) S 13 17 0 0 -1 4194304 13219 0 297 0 70 13 0 0 20 0 1 0 522901806 226148352 17725 67087892480 94177315917824 94177319188525 140730670036048 0 0 0 0 16781312 2 1 0 0 17 152 0 0 111 0 0 94177321551888 94177321835928 94177334521856 140730670041857 140730670041927 140730670041927 140730670043111 0
/proc/17/statm: 55212 17725 5215 799 0 21919 0
[pid=21] ppid=17 vsize=404604 memory=392476 CPUtime=219.2 cores=40-41,46-57,152-153,158-169
/proc/21/stat : 21 (BNetToPrime_lin) R 17 17 0 0 -1 4194304 85577 0 3 0 21907 13 0 0 20 0 1 0 522902041 414314496 98119 67087892480 4194304 4299828 140730366351792 0 0 0 0 0 0 0 0 0 17 153 0 0 0 0 0 6397400 6398600 10788864 140730366356091 140730366356204 140730366356204 140730366357405 0
/proc/21/statm: 101151 98119 852 26 0 99712 0
Current children cumulated CPU time: 220.03 s
Current children cumulated vsize: 625452 KiB
Current children cumulated memory: 463376 KiB

[startup+282.3 s]
/proc/loadavg: 57.81 58.25 58.39 83/3210 21
/proc/meminfo: memFree=452046800/527542236 swapFree=31782908/33554428
[pid=17] ppid=13 vsize=220848 memory=70900 CPUtime=0.83 cores=40-41,46-57,152-153,158-169
/proc/17/stat : 17 (python3) S 13 17 0 0 -1 4194304 13219 0 297 0 70 13 0 0 20 0 1 0 522901806 226148352 17725 67087892480 94177315917824 94177319188525 140730670036048 0 0 0 0 16781312 2 1 0 0 17 152 0 0 111 0 0 94177321551888 94177321835928 94177334521856 140730670041857 140730670041927 140730670041927 140730670043111 0
/proc/17/statm: 55212 17725 5215 799 0 21919 0
[pid=21] ppid=17 vsize=479748 memory=449296 CPUtime=278.96 cores=40-41,46-57,152-153,158-169
/proc/21/stat : 21 (BNetToPrime_lin) R 17 17 0 0 -1 4194304 96216 0 3 0 27879 17 0 0 20 0 1 0 522902041 491261952 112324 67087892480 4194304 4299828 140730366351792 0 0 0 0 0 0 0 0 0 17 153 0 0 0 0 0 6397400 6398600 10788864 140730366356091 140730366356204 140730366356204 140730366357405 0
/proc/21/statm: 119937 112324 852 26 0 118498 0
Current children cumulated CPU time: 279.79 s
Current children cumulated vsize: 700596 KiB
Current children cumulated memory: 520196 KiB

[startup+342.3 s]
/proc/loadavg: 55.11 57.43 58.10 57/3206 21
/proc/meminfo: memFree=453107024/527542236 swapFree=31782908/33554428
[pid=17] ppid=13 vsize=220848 memory=70900 CPUtime=0.83 cores=40-41,46-57,152-153,158-169
/proc/17/stat : 17 (python3) S 13 17 0 0 -1 4194304 13219 0 297 0 70 13 0 0 20 0 1 0 522901806 226148352 17725 67087892480 94177315917824 94177319188525 140730670036048 0 0 0 0 16781312 2 1 0 0 17 152 0 0 111 0 0 94177321551888 94177321835928 94177334521856 140730670041857 140730670041927 140730670041927 140730670043111 0
/proc/17/statm: 55212 17725 5215 799 0 21919 0
[pid=21] ppid=17 vsize=484236 memory=468000 CPUtime=338.69 cores=40-41,46-57,152-153,158-169
/proc/21/stat : 21 (BNetToPrime_lin) R 17 17 0 0 -1 4194304 97359 0 3 0 33851 18 0 0 20 0 1 0 522902041 495857664 117000 67087892480 4194304 4299828 140730366351792 0 0 0 0 0 0 0 0 0 17 153 0 0 0 0 0 6397400 6398600 10788864 140730366356091 140730366356204 140730366356204 140730366357405 0
/proc/21/statm: 121059 117000 852 26 0 119620 0
Current children cumulated CPU time: 339.52 s
Current children cumulated vsize: 705084 KiB
Current children cumulated memory: 538900 KiB

[startup+402.3 s]
/proc/loadavg: 56.40 57.40 58.05 74/3194 21
/proc/meminfo: memFree=457507468/527542236 swapFree=31782908/33554428
[pid=17] ppid=13 vsize=220848 memory=70900 CPUtime=0.83 cores=40-41,46-57,152-153,158-169
/proc/17/stat : 17 (python3) S 13 17 0 0 -1 4194304 13219 0 297 0 70 13 0 0 20 0 1 0 522901806 226148352 17725 67087892480 94177315917824 94177319188525 140730670036048 0 0 0 0 16781312 2 1 0 0 17 152 0 0 111 0 0 94177321551888 94177321835928 94177334521856 140730670041857 140730670041927 140730670041927 140730670043111 0
/proc/17/statm: 55212 17725 5215 799 0 21919 0
[pid=21] ppid=17 vsize=635448 memory=559880 CPUtime=398.4 cores=40-41,46-57,152-153,158-169
/proc/21/stat : 21 (BNetToPrime_lin) R 17 17 0 0 -1 4194304 117817 0 3 0 39817 23 0 0 20 0 1 0 522902041 650698752 139970 67087892480 4194304 4299828 140730366351792 0 0 0 0 0 0 0 0 0 17 153 0 0 0 0 0 6397400 6398600 10788864 140730366356091 140730366356204 140730366356204 140730366357405 0
/proc/21/statm: 158862 139970 852 26 0 157423 0
Current children cumulated CPU time: 399.23 s
Current children cumulated vsize: 856296 KiB
Current children cumulated memory: 630780 KiB

[startup+462.3 s]
/proc/loadavg: 55.28 56.92 57.84 52/3194 21
/proc/meminfo: memFree=457200812/527542236 swapFree=31782908/33554428
[pid=17] ppid=13 vsize=220848 memory=70900 CPUtime=0.83 cores=40-41,46-57,152-153,158-169
/proc/17/stat : 17 (python3) S 13 17 0 0 -1 4194304 13219 0 297 0 70 13 0 0 20 0 1 0 522901806 226148352 17725 67087892480 94177315917824 94177319188525 140730670036048 0 0 0 0 16781312 2 1 0 0 17 152 0 0 111 0 0 94177321551888 94177321835928 94177334521856 140730670041857 140730670041927 140730670041927 140730670043111 0
/proc/17/statm: 55212 17725 5215 799 0 21919 0
[pid=21] ppid=17 vsize=635448 memory=574216 CPUtime=458.12 cores=40-41,46-57,152-153,158-169
/proc/21/stat : 21 (BNetToPrime_lin) R 17 17 0 0 -1 4194304 117830 0 3 0 45788 24 0 0 20 0 1 0 522902041 650698752 143554 67087892480 4194304 4299828 140730366351792 0 0 0 0 0 0 0 0 0 17 153 0 0 0 0 0 6397400 6398600 10788864 140730366356091 140730366356204 140730366356204 140730366357405 0
/proc/21/statm: 158862 143554 852 26 0 157423 0
Current children cumulated CPU time: 458.95 s
Current children cumulated vsize: 856296 KiB
Current children cumulated memory: 645116 KiB

[startup+522.3 s]
/proc/loadavg: 57.43 57.35 57.94 71/3193 21
/proc/meminfo: memFree=457129996/527542236 swapFree=31782908/33554428
[pid=17] ppid=13 vsize=220848 memory=70900 CPUtime=0.83 cores=40-41,46-57,152-153,158-169
/proc/17/stat : 17 (python3) S 13 17 0 0 -1 4194304 13219 0 297 0 70 13 0 0 20 0 1 0 522901806 226148352 17725 67087892480 94177315917824 94177319188525 140730670036048 0 0 0 0 16781312 2 1 0 0 17 152 0 0 111 0 0 94177321551888 94177321835928 94177334521856 140730670041857 140730670041927 140730670041927 140730670043111 0
/proc/17/statm: 55212 17725 5215 799 0 21919 0
[pid=21] ppid=17 vsize=635448 memory=592648 CPUtime=517.85 cores=40-41,46-57,152-153,158-169
/proc/21/stat : 21 (BNetToPrime_lin) R 17 17 0 0 -1 4194304 117843 0 3 0 51761 24 0 0 20 0 1 0 522902041 650698752 148162 67087892480 4194304 4299828 140730366351792 0 0 0 0 0 0 0 0 0 17 153 0 0 0 0 0 6397400 6398600 10788864 140730366356091 140730366356204 140730366356204 140730366357405 0
/proc/21/statm: 158862 148162 852 26 0 157423 0
Current children cumulated CPU time: 518.68 s
Current children cumulated vsize: 856296 KiB
Current children cumulated memory: 663548 KiB

[startup+582.3 s]
/proc/loadavg: 58.55 57.63 58.00 56/3195 21
/proc/meminfo: memFree=456742540/527542236 swapFree=31782908/33554428
[pid=17] ppid=13 vsize=220848 memory=70900 CPUtime=0.83 cores=40-41,46-57,152-153,158-169
/proc/17/stat : 17 (python3) S 13 17 0 0 -1 4194304 13219 0 297 0 70 13 0 0 20 0 1 0 522901806 226148352 17725 67087892480 94177315917824 94177319188525 140730670036048 0 0 0 0 16781312 2 1 0 0 17 152 0 0 111 0 0 94177321551888 94177321835928 94177334521856 140730670041857 140730670041927 140730670041927 140730670043111 0
/proc/17/statm: 55212 17725 5215 799 0 21919 0
[pid=21] ppid=17 vsize=645876 memory=621460 CPUtime=577.57 cores=40-41,46-57,152-153,158-169
/proc/21/stat : 21 (BNetToPrime_lin) R 17 17 0 0 -1 4194304 120485 0 3 0 57732 25 0 0 20 0 1 0 522902041 661377024 155365 67087892480 4194304 4299828 140730366351792 0 0 0 0 0 0 0 0 0 17 153 0 0 0 0 0 6397400 6398600 10788864 140730366356091 140730366356204 140730366356204 140730366357405 0
/proc/21/statm: 161469 155365 852 26 0 160030 0
Current children cumulated CPU time: 578.4 s
Current children cumulated vsize: 866724 KiB
Current children cumulated memory: 692360 KiB

[startup+642.3 s]
/proc/loadavg: 57.36 57.49 57.93 89/3197 21
/proc/meminfo: memFree=458971596/527542236 swapFree=31782908/33554428
[pid=17] ppid=13 vsize=220848 memory=70900 CPUtime=0.83 cores=40-41,46-57,152-153,158-169
/proc/17/stat : 17 (python3) S 13 17 0 0 -1 4194304 13219 0 297 0 70 13 0 0 20 0 1 0 522901806 226148352 17725 67087892480 94177315917824 94177319188525 140730670036048 0 0 0 0 16781312 2 1 0 0 17 152 0 0 111 0 0 94177321551888 94177321835928 94177334521856 140730670041857 140730670041927 140730670041927 140730670043111 0
/proc/17/statm: 55212 17725 5215 799 0 21919 0
[pid=21] ppid=17 vsize=607356 memory=600164 CPUtime=637.29 cores=40-41,46-57,152-153,158-169
/proc/21/stat : 21 (BNetToPrime_lin) R 17 17 0 0 -1 4194304 141259 0 3 0 63698 31 0 0 20 0 1 0 522902041 621932544 150041 67087892480 4194304 4299828 140730366351792 0 0 0 0 0 0 0 0 0 17 41 0 0 0 0 0 6397400 6398600 10788864 140730366356091 140730366356204 140730366356204 140730366357405 0
/proc/21/statm: 151839 150041 852 26 0 150400 0
Current children cumulated CPU time: 638.12 s
Current children cumulated vsize: 828204 KiB
Current children cumulated memory: 671064 KiB

[startup+702.3 s]
/proc/loadavg: 59.05 57.86 58.02 56/3197 21
/proc/meminfo: memFree=458694656/527542236 swapFree=31782908/33554428
[pid=17] ppid=13 vsize=220848 memory=70900 CPUtime=0.83 cores=40-41,46-57,152-153,158-169
/proc/17/stat : 17 (python3) S 13 17 0 0 -1 4194304 13219 0 297 0 70 13 0 0 20 0 1 0 522901806 226148352 17725 67087892480 94177315917824 94177319188525 140730670036048 0 0 0 0 16781312 2 1 0 0 17 152 0 0 111 0 0 94177321551888 94177321835928 94177334521856 140730670041857 140730670041927 140730670041927 140730670043111 0
/proc/17/statm: 55212 17725 5215 799 0 21919 0
[pid=21] ppid=17 vsize=705668 memory=668044 CPUtime=696.99 cores=40-41,46-57,152-153,158-169
/proc/21/stat : 21 (BNetToPrime_lin) R 17 17 0 0 -1 4194304 142340 0 3 0 69666 33 0 0 20 0 1 0 522902041 722604032 167011 67087892480 4194304 4299828 140730366351792 0 0 0 0 0 0 0 0 0 17 41 0 0 0 0 0 6397400 6398600 10788864 140730366356091 140730366356204 140730366356204 140730366357405 0
/proc/21/statm: 176417 167011 852 26 0 174978 0
Current children cumulated CPU time: 697.82 s
Current children cumulated vsize: 926516 KiB
Current children cumulated memory: 738944 KiB

[startup+762.3 s]
/proc/loadavg: 57.75 57.77 57.98 59/3194 21
/proc/meminfo: memFree=457902516/527542236 swapFree=31782908/33554428
[pid=17] ppid=13 vsize=220848 memory=70900 CPUtime=0.83 cores=40-41,46-57,152-153,158-169
/proc/17/stat : 17 (python3) S 13 17 0 0 -1 4194304 13219 0 297 0 70 13 0 0 20 0 1 0 522901806 226148352 17725 67087892480 94177315917824 94177319188525 140730670036048 0 0 0 0 16781312 2 1 0 0 17 152 0 0 111 0 0 94177321551888 94177321835928 94177334521856 140730670041857 140730670041927 140730670041927 140730670043111 0
/proc/17/statm: 55212 17725 5215 799 0 21919 0
[pid=21] ppid=17 vsize=834336 memory=771096 CPUtime=756.67 cores=40-41,46-57,152-153,158-169
/proc/21/stat : 21 (BNetToPrime_lin) R 17 17 0 0 -1 4194304 151313 0 3 0 75630 37 0 0 20 0 1 0 522902041 854360064 192774 67087892480 4194304 4299828 140730366351792 0 0 0 0 0 0 0 0 0 17 40 0 0 0 0 0 6397400 6398600 10788864 140730366356091 140730366356204 140730366356204 140730366357405 0
/proc/21/statm: 208584 192774 852 26 0 207145 0
Current children cumulated CPU time: 757.5 s
Current children cumulated vsize: 1055184 KiB
Current children cumulated memory: 841996 KiB

[startup+822.3 s]
/proc/loadavg: 56.70 57.62 57.92 52/3196 21
/proc/meminfo: memFree=458951000/527542236 swapFree=31782908/33554428
[pid=17] ppid=13 vsize=220848 memory=70900 CPUtime=0.83 cores=40-41,46-57,152-153,158-169
/proc/17/stat : 17 (python3) S 13 17 0 0 -1 4194304 13219 0 297 0 70 13 0 0 20 0 1 0 522901806 226148352 17725 67087892480 94177315917824 94177319188525 140730670036048 0 0 0 0 16781312 2 1 0 0 17 152 0 0 111 0 0 94177321551888 94177321835928 94177334521856 140730670041857 140730670041927 140730670041927 140730670043111 0
/proc/17/statm: 55212 17725 5215 799 0 21919 0
[pid=21] ppid=17 vsize=848328 memory=827956 CPUtime=816.38 cores=40-41,46-57,152-153,158-169
/proc/21/stat : 21 (BNetToPrime_lin) R 17 17 0 0 -1 4194304 154824 0 3 0 81598 40 0 0 20 0 1 0 522902041 868687872 206989 67087892480 4194304 4299828 140730366351792 0 0 0 0 0 0 0 0 0 17 40 0 0 0 0 0 6397400 6398600 10788864 140730366356091 140730366356204 140730366356204 140730366357405 0
/proc/21/statm: 212082 206989 852 26 0 210643 0
Current children cumulated CPU time: 817.21 s
Current children cumulated vsize: 1069176 KiB
Current children cumulated memory: 898856 KiB

[startup+882.3 s]
/proc/loadavg: 60.09 58.34 58.15 60/3225 21
/proc/meminfo: memFree=467159952/527542236 swapFree=31782908/33554428
[pid=17] ppid=13 vsize=220848 memory=70900 CPUtime=0.83 cores=40-41,46-57,152-153,158-169
/proc/17/stat : 17 (python3) S 13 17 0 0 -1 4194304 13219 0 297 0 70 13 0 0 20 0 1 0 522901806 226148352 17725 67087892480 94177315917824 94177319188525 140730670036048 0 0 0 0 16781312 2 1 0 0 17 152 0 0 111 0 0 94177321551888 94177321835928 94177334521856 140730670041857 140730670041927 140730670041927 140730670043111 0
/proc/17/statm: 55212 17725 5215 799 0 21919 0
[pid=21] ppid=17 vsize=1145736 memory=1012776 CPUtime=876.07 cores=40-41,46-57,152-153,158-169
/proc/21/stat : 21 (BNetToPrime_lin) R 17 17 0 0 -1 4194304 218070 0 3 0 87554 53 0 0 20 0 1 0 522902041 1173233664 253194 67087892480 4194304 4299828 140730366351792 0 0 0 0 0 0 0 0 0 17 152 0 0 0 0 0 6397400 6398600 10788864 140730366356091 140730366356204 140730366356204 140730366357405 0
/proc/21/statm: 286434 253194 852 26 0 284995 0
Current children cumulated CPU time: 876.9 s
Current children cumulated vsize: 1366584 KiB
Current children cumulated memory: 1083676 KiB

[startup+942.3 s]
/proc/loadavg: 60.30 58.98 58.40 56/3202 21
/proc/meminfo: memFree=470119996/527542236 swapFree=31782908/33554428
[pid=17] ppid=13 vsize=220848 memory=70900 CPUtime=0.83 cores=40-41,46-57,152-153,158-169
/proc/17/stat : 17 (python3) S 13 17 0 0 -1 4194304 13219 0 297 0 70 13 0 0 20 0 1 0 522901806 226148352 17725 67087892480 94177315917824 94177319188525 140730670036048 0 0 0 0 16781312 2 1 0 0 17 152 0 0 111 0 0 94177321551888 94177321835928 94177334521856 140730670041857 140730670041927 140730670041927 140730670043111 0
/proc/17/statm: 55212 17725 5215 799 0 21919 0
[pid=21] ppid=17 vsize=1145736 memory=1051688 CPUtime=935.76 cores=40-41,46-57,152-153,158-169
/proc/21/stat : 21 (BNetToPrime_lin) R 17 17 0 0 -1 4194304 220046 0 3 0 93522 54 0 0 20 0 1 0 522902041 1173233664 262922 67087892480 4194304 4299828 140730366351792 0 0 0 0 0 0 0 0 0 17 152 0 0 0 0 0 6397400 6398600 10788864 140730366356091 140730366356204 140730366356204 140730366357405 0
/proc/21/statm: 286434 262922 852 26 0 284995 0
Current children cumulated CPU time: 936.59 s
Current children cumulated vsize: 1366584 KiB
Current children cumulated memory: 1122588 KiB

[startup+1002.3 s]
/proc/loadavg: 55.75 57.97 58.09 74/3201 21
/proc/meminfo: memFree=470383604/527542236 swapFree=31782908/33554428
[pid=17] ppid=13 vsize=220848 memory=70900 CPUtime=0.83 cores=40-41,46-57,152-153,158-169
/proc/17/stat : 17 (python3) S 13 17 0 0 -1 4194304 13219 0 297 0 70 13 0 0 20 0 1 0 522901806 226148352 17725 67087892480 94177315917824 94177319188525 140730670036048 0 0 0 0 16781312 2 1 0 0 17 152 0 0 111 0 0 94177321551888 94177321835928 94177334521856 140730670041857 140730670041927 140730670041927 140730670043111 0
/proc/17/statm: 55212 17725 5215 799 0 21919 0
[pid=21] ppid=17 vsize=1153656 memory=1106548 CPUtime=995.47 cores=40-41,46-57,152-153,158-169
/proc/21/stat : 21 (BNetToPrime_lin) R 17 17 0 0 -1 4194304 222839 0 3 0 99491 56 0 0 20 0 1 0 522902041 1181343744 276637 67087892480 4194304 4299828 140730366351792 0 0 0 0 0 0 0 0 0 17 152 0 0 0 0 0 6397400 6398600 10788864 140730366356091 140730366356204 140730366356204 140730366357405 0
/proc/21/statm: 288414 276637 852 26 0 286975 0
Current children cumulated CPU time: 996.3 s
Current children cumulated vsize: 1374504 KiB
Current children cumulated memory: 1177448 KiB

[startup+1062.3 s]
/proc/loadavg: 58.06 58.17 58.15 52/3202 21
/proc/meminfo: memFree=469666900/527542236 swapFree=31782908/33554428
[pid=17] ppid=13 vsize=220848 memory=70900 CPUtime=0.83 cores=40-41,46-57,152-153,158-169
/proc/17/stat : 17 (python3) S 13 17 0 0 -1 4194304 13219 0 297 0 70 13 0 0 20 0 1 0 522901806 226148352 17725 67087892480 94177315917824 94177319188525 140730670036048 0 0 0 0 16781312 2 1 0 0 17 152 0 0 111 0 0 94177321551888 94177321835928 94177334521856 140730670041857 140730670041927 140730670041927 140730670043111 0
/proc/17/statm: 55212 17725 5215 799 0 21919 0
[pid=21] ppid=17 vsize=1768272 memory=1469496 CPUtime=1055.18 cores=40-41,46-57,152-153,158-169
/proc/21/stat : 21 (BNetToPrime_lin) R 17 17 0 0 -1 4194304 305071 0 3 0 105441 77 0 0 20 0 1 0 522902041 1810710528 367374 67087892480 4194304 4299828 140730366351792 0 0 0 0 0 0 0 0 0 17 152 0 0 0 0 0 6397400 6398600 10788864 140730366356091 140730366356204 140730366356204 140730366357405 0
/proc/21/statm: 442068 367374 852 26 0 440629 0
Current children cumulated CPU time: 1056.01 s
Current children cumulated vsize: 1989120 KiB
Current children cumulated memory: 1540396 KiB

[startup+1122.3 s]
/proc/loadavg: 58.02 58.12 58.13 56/3202 21
/proc/meminfo: memFree=469567052/527542236 swapFree=31782908/33554428
[pid=17] ppid=13 vsize=220848 memory=70900 CPUtime=0.83 cores=40-41,46-57,152-153,158-169
/proc/17/stat : 17 (python3) S 13 17 0 0 -1 4194304 13219 0 297 0 70 13 0 0 20 0 1 0 522901806 226148352 17725 67087892480 94177315917824 94177319188525 140730670036048 0 0 0 0 16781312 2 1 0 0 17 152 0 0 111 0 0 94177321551888 94177321835928 94177334521856 140730670041857 140730670041927 140730670041927 140730670043111 0
/proc/17/statm: 55212 17725 5215 799 0 21919 0
[pid=21] ppid=17 vsize=1768272 memory=1496120 CPUtime=1114.87 cores=40-41,46-57,152-153,158-169
/proc/21/stat : 21 (BNetToPrime_lin) R 17 17 0 0 -1 4194304 305362 0 3 0 111410 77 0 0 20 0 1 0 522902041 1810710528 374030 67087892480 4194304 4299828 140730366351792 0 0 0 0 0 0 0 0 0 17 152 0 0 0 0 0 6397400 6398600 10788864 140730366356091 140730366356204 140730366356204 140730366357405 0
/proc/21/statm: 442068 374030 852 26 0 440629 0
Current children cumulated CPU time: 1115.7 s
Current children cumulated vsize: 1989120 KiB
Current children cumulated memory: 1567020 KiB

[startup+1182.3 s]
/proc/loadavg: 57.97 58.11 58.12 52/3203 21
/proc/meminfo: memFree=469441780/527542236 swapFree=31782908/33554428
[pid=17] ppid=13 vsize=220848 memory=70900 CPUtime=0.83 cores=40-41,46-57,152-153,158-169
/proc/17/stat : 17 (python3) S 13 17 0 0 -1 4194304 13219 0 297 0 70 13 0 0 20 0 1 0 522901806 226148352 17725 67087892480 94177315917824 94177319188525 140730670036048 0 0 0 0 16781312 2 1 0 0 17 152 0 0 111 0 0 94177321551888 94177321835928 94177334521856 140730670041857 140730670041927 140730670041927 140730670043111 0
/proc/17/statm: 55212 17725 5215 799 0 21919 0
[pid=21] ppid=17 vsize=1768272 memory=1543224 CPUtime=1174.63 cores=40-41,46-57,152-153,158-169
/proc/21/stat : 21 (BNetToPrime_lin) R 17 17 0 0 -1 4194304 306367 0 3 0 117384 79 0 0 20 0 1 0 522902041 1810710528 385806 67087892480 4194304 4299828 140730366351792 0 0 0 0 0 0 0 0 0 17 152 0 0 0 0 0 6397400 6398600 10788864 140730366356091 140730366356204 140730366356204 140730366357405 0
/proc/21/statm: 442068 385806 852 26 0 440629 0
Current children cumulated CPU time: 1175.46 s
Current children cumulated vsize: 1989120 KiB
Current children cumulated memory: 1614124 KiB

[startup+1242.3 s]
/proc/loadavg: 56.84 57.85 58.04 59/3199 21
/proc/meminfo: memFree=469542108/527542236 swapFree=31782908/33554428
[pid=17] ppid=13 vsize=220848 memory=70900 CPUtime=0.83 cores=40-41,46-57,152-153,158-169
/proc/17/stat : 17 (python3) S 13 17 0 0 -1 4194304 13219 0 297 0 70 13 0 0 20 0 1 0 522901806 226148352 17725 67087892480 94177315917824 94177319188525 140730670036048 0 0 0 0 16781312 2 1 0 0 17 152 0 0 111 0 0 94177321551888 94177321835928 94177334521856 140730670041857 140730670041927 140730670041927 140730670043111 0
/proc/17/statm: 55212 17725 5215 799 0 21919 0
[pid=21] ppid=17 vsize=1768272 memory=1588280 CPUtime=1234.37 cores=40-41,46-57,152-153,158-169
/proc/21/stat : 21 (BNetToPrime_lin) R 17 17 0 0 -1 4194304 307457 0 3 0 123357 80 0 0 20 0 1 0 522902041 1810710528 397070 67087892480 4194304 4299828 140730366351792 0 0 0 0 0 0 0 0 0 17 152 0 0 0 0 0 6397400 6398600 10788864 140730366356091 140730366356204 140730366356204 140730366357405 0
/proc/21/statm: 442068 397070 852 26 0 440629 0
Current children cumulated CPU time: 1235.2 s
Current children cumulated vsize: 1989120 KiB
Current children cumulated memory: 1659180 KiB

[startup+1302.3 s]
/proc/loadavg: 58.06 57.88 58.03 56/3202 21
/proc/meminfo: memFree=469165912/527542236 swapFree=31782908/33554428
[pid=17] ppid=13 vsize=220848 memory=70900 CPUtime=0.83 cores=40-41,46-57,152-153,158-169
/proc/17/stat : 17 (python3) S 13 17 0 0 -1 4194304 13219 0 297 0 70 13 0 0 20 0 1 0 522901806 226148352 17725 67087892480 94177315917824 94177319188525 140730670036048 0 0 0 0 16781312 2 1 0 0 17 152 0 0 111 0 0 94177321551888 94177321835928 94177334521856 140730670041857 140730670041927 140730670041927 140730670043111 0
/proc/17/statm: 55212 17725 5215 799 0 21919 0
[pid=21] ppid=17 vsize=1768272 memory=1631288 CPUtime=1294.12 cores=40-41,46-57,152-153,158-169
/proc/21/stat : 21 (BNetToPrime_lin) R 17 17 0 0 -1 4194304 308559 0 3 0 129331 81 0 0 20 0 1 0 522902041 1810710528 407822 67087892480 4194304 4299828 140730366351792 0 0 0 0 0 0 0 0 0 17 41 0 0 0 0 0 6397400 6398600 10788864 140730366356091 140730366356204 140730366356204 140730366357405 0
/proc/21/statm: 442068 407822 852 26 0 440629 0
Current children cumulated CPU time: 1294.95 s
Current children cumulated vsize: 1989120 KiB
Current children cumulated memory: 1702188 KiB

[startup+1362.3 s]
/proc/loadavg: 57.94 57.90 58.02 67/3196 21
/proc/meminfo: memFree=468931968/527542236 swapFree=31888892/33554428
[pid=17] ppid=13 vsize=220848 memory=70900 CPUtime=0.83 cores=40-41,46-57,152-153,158-169
/proc/17/stat : 17 (python3) S 13 17 0 0 -1 4194304 13219 0 297 0 70 13 0 0 20 0 1 0 522901806 226148352 17725 67087892480 94177315917824 94177319188525 140730670036048 0 0 0 0 16781312 2 1 0 0 17 152 0 0 111 0 0 94177321551888 94177321835928 94177334521856 140730670041857 140730670041927 140730670041927 140730670043111 0
/proc/17/statm: 55212 17725 5215 799 0 21919 0
[pid=21] ppid=17 vsize=1768272 memory=1659960 CPUtime=1353.82 cores=40-41,46-57,152-153,158-169
/proc/21/stat : 21 (BNetToPrime_lin) R 17 17 0 0 -1 4194304 309032 0 3 0 135299 83 0 0 20 0 1 0 522902041 1810710528 414990 67087892480 4194304 4299828 140730366351792 0 0 0 0 0 0 0 0 0 17 40 0 0 0 0 0 6397400 6398600 10788864 140730366356091 140730366356204 140730366356204 140730366357405 0
/proc/21/statm: 442068 414990 852 26 0 440629 0
Current children cumulated CPU time: 1354.65 s
Current children cumulated vsize: 1989120 KiB
Current children cumulated memory: 1730860 KiB

[startup+1422.3 s]
/proc/loadavg: 58.40 58.00 58.05 59/3196 21
/proc/meminfo: memFree=468657048/527542236 swapFree=31888892/33554428
[pid=17] ppid=13 vsize=220848 memory=70900 CPUtime=0.83 cores=40-41,46-57,152-153,158-169
/proc/17/stat : 17 (python3) S 13 17 0 0 -1 4194304 13219 0 297 0 70 13 0 0 20 0 1 0 522901806 226148352 17725 67087892480 94177315917824 94177319188525 140730670036048 0 0 0 0 16781312 2 1 0 0 17 152 0 0 111 0 0 94177321551888 94177321835928 94177334521856 140730670041857 140730670041927 140730670041927 140730670043111 0
/proc/17/statm: 55212 17725 5215 799 0 21919 0
[pid=21] ppid=17 vsize=1817508 memory=1752172 CPUtime=1413.53 cores=40-41,46-57,152-153,158-169
/proc/21/stat : 21 (BNetToPrime_lin) R 17 17 0 0 -1 4194304 322304 0 3 0 141264 89 0 0 20 0 1 0 522902041 1861128192 438043 67087892480 4194304 4299828 140730366351792 0 0 0 0 0 0 0 0 0 17 40 0 0 0 0 0 6397400 6398600 10788864 140730366356091 140730366356204 140730366356204 140730366357405 0
/proc/21/statm: 454377 438043 852 26 0 452938 0
Current children cumulated CPU time: 1414.36 s
Current children cumulated vsize: 2038356 KiB
Current children cumulated memory: 1823072 KiB

[startup+1482.3 s]
/proc/loadavg: 59.95 58.44 58.19 64/3226 21
/proc/meminfo: memFree=480329952/527542236 swapFree=31888892/33554428
[pid=17] ppid=13 vsize=220848 memory=70900 CPUtime=0.83 cores=40-41,46-57,152-153,158-169
/proc/17/stat : 17 (python3) S 13 17 0 0 -1 4194304 13219 0 297 0 70 13 0 0 20 0 1 0 522901806 226148352 17725 67087892480 94177315917824 94177319188525 140730670036048 0 0 0 0 16781312 2 1 0 0 17 152 0 0 111 0 0 94177321551888 94177321835928 94177334521856 140730670041857 140730670041927 140730670041927 140730670043111 0
/proc/17/statm: 55212 17725 5215 799 0 21919 0
[pid=21] ppid=17 vsize=1856976 memory=1820140 CPUtime=1473.23 cores=40-41,46-57,152-153,158-169
/proc/21/stat : 21 (BNetToPrime_lin) R 17 17 0 0 -1 4194304 332658 0 3 0 147226 97 0 0 20 0 1 0 522902041 1901543424 455035 67087892480 4194304 4299828 140730366351792 0 0 0 0 0 0 0 0 0 17 40 0 0 0 0 0 6397400 6398600 10788864 140730366356091 140730366356204 140730366356204 140730366357405 0
/proc/21/statm: 464244 455035 852 26 0 462805 0
Current children cumulated CPU time: 1474.06 s
Current children cumulated vsize: 2077824 KiB
Current children cumulated memory: 1891040 KiB

[startup+1542.3 s]
/proc/loadavg: 55.80 57.84 58.02 52/3200 21
/proc/meminfo: memFree=481285088/527542236 swapFree=31888892/33554428
[pid=17] ppid=13 vsize=220848 memory=70900 CPUtime=0.83 cores=40-41,46-57,152-153,158-169
/proc/17/stat : 17 (python3) S 13 17 0 0 -1 4194304 13219 0 297 0 70 13 0 0 20 0 1 0 522901806 226148352 17725 67087892480 94177315917824 94177319188525 140730670036048 0 0 0 0 16781312 2 1 0 0 17 152 0 0 111 0 0 94177321551888 94177321835928 94177334521856 140730670041857 140730670041927 140730670041927 140730670043111 0
/proc/17/statm: 55212 17725 5215 799 0 21919 0
[pid=21] ppid=17 vsize=3013476 memory=2427948 CPUtime=1532.98 cores=40-41,46-57,152-153,158-169
/proc/21/stat : 21 (BNetToPrime_lin) R 17 17 0 0 -1 4194304 477425 0 3 0 153171 127 0 0 20 0 1 0 522902041 3085799424 606987 67087892480 4194304 4299828 140730366351792 0 0 0 0 0 0 0 0 0 17 40 0 0 0 0 0 6397400 6398600 10788864 140730366356091 140730366356204 140730366356204 140730366357405 0
/proc/21/statm: 753369 606987 852 26 0 751930 0
Current children cumulated CPU time: 1533.81 s
Current children cumulated vsize: 3234324 KiB
Current children cumulated memory: 2498848 KiB

[startup+1602.3 s]
/proc/loadavg: 54.82 57.34 57.84 52/3202 21
/proc/meminfo: memFree=480573564/527542236 swapFree=31888892/33554428
[pid=17] ppid=13 vsize=220848 memory=70900 CPUtime=0.83 cores=40-41,46-57,152-153,158-169
/proc/17/stat : 17 (python3) S 13 17 0 0 -1 4194304 13219 0 297 0 70 13 0 0 20 0 1 0 522901806 226148352 17725 67087892480 94177315917824 94177319188525 140730670036048 0 0 0 0 16781312 2 1 0 0 17 152 0 0 111 0 0 94177321551888 94177321835928 94177334521856 140730670041857 140730670041927 140730670041927 140730670043111 0
/proc/17/statm: 55212 17725 5215 799 0 21919 0
[pid=21] ppid=17 vsize=3013476 memory=2456620 CPUtime=1592.73 cores=40-41,46-57,152-153,158-169
/proc/21/stat : 21 (BNetToPrime_lin) R 17 17 0 0 -1 4194304 477706 0 3 0 159144 129 0 0 20 0 1 0 522902041 3085799424 614155 67087892480 4194304 4299828 140730366351792 0 0 0 0 0 0 0 0 0 17 40 0 0 0 0 0 6397400 6398600 10788864 140730366356091 140730366356204 140730366356204 140730366357405 0
/proc/21/statm: 753369 614155 852 26 0 751930 0
Current children cumulated CPU time: 1593.56 s
Current children cumulated vsize: 3234324 KiB
Current children cumulated memory: 2527520 KiB

[startup+1662.3 s]
/proc/loadavg: 52.33 56.37 57.49 61/3166 21
/proc/meminfo: memFree=482915676/527542236 swapFree=31888892/33554428
[pid=17] ppid=13 vsize=220848 memory=70900 CPUtime=0.83 cores=40-41,46-57,152-153,158-169
/proc/17/stat : 17 (python3) S 13 17 0 0 -1 4194304 13219 0 297 0 70 13 0 0 20 0 1 0 522901806 226148352 17725 67087892480 94177315917824 94177319188525 140730670036048 0 0 0 0 16781312 2 1 0 0 17 152 0 0 111 0 0 94177321551888 94177321835928 94177334521856 140730670041857 140730670041927 140730670041927 140730670043111 0
/proc/17/statm: 55212 17725 5215 799 0 21919 0
[pid=21] ppid=17 vsize=3013476 memory=2499628 CPUtime=1652.46 cores=40-41,46-57,152-153,158-169
/proc/21/stat : 21 (BNetToPrime_lin) R 17 17 0 0 -1 4194304 478986 0 3 0 165114 132 0 0 20 0 1 0 522902041 3085799424 624907 67087892480 4194304 4299828 140730366351792 0 0 0 0 0 0 0 0 0 17 40 0 0 0 0 0 6397400 6398600 10788864 140730366356091 140730366356204 140730366356204 140730366357405 0
/proc/21/statm: 753369 624907 852 26 0 751930 0
Current children cumulated CPU time: 1653.29 s
Current children cumulated vsize: 3234324 KiB
Current children cumulated memory: 2570528 KiB

[startup+1722.3 s]
/proc/loadavg: 56.16 56.64 57.50 52/3198 21
/proc/meminfo: memFree=480120956/527542236 swapFree=31888892/33554428
[pid=17] ppid=13 vsize=220848 memory=70900 CPUtime=0.83 cores=40-41,46-57,152-153,158-169
/proc/17/stat : 17 (python3) S 13 17 0 0 -1 4194304 13219 0 297 0 70 13 0 0 20 0 1 0 522901806 226148352 17725 67087892480 94177315917824 94177319188525 140730670036048 0 0 0 0 16781312 2 1 0 0 17 152 0 0 111 0 0 94177321551888 94177321835928 94177334521856 140730670041857 140730670041927 140730670041927 140730670043111 0
/proc/17/statm: 55212 17725 5215 799 0 21919 0
[pid=21] ppid=17 vsize=3013476 memory=2530348 CPUtime=1712.17 cores=40-41,46-57,152-153,158-169
/proc/21/stat : 21 (BNetToPrime_lin) R 17 17 0 0 -1 4194304 479371 0 3 0 171083 134 0 0 20 0 1 0 522902041 3085799424 632587 67087892480 4194304 4299828 140730366351792 0 0 0 0 0 0 0 0 0 17 40 0 0 0 0 0 6397400 6398600 10788864 140730366356091 140730366356204 140730366356204 140730366357405 0
/proc/21/statm: 753369 632587 852 26 0 751930 0
Current children cumulated CPU time: 1713 s
Current children cumulated vsize: 3234324 KiB
Current children cumulated memory: 2601248 KiB

[startup+1782.3 s]
/proc/loadavg: 58.63 57.27 57.67 52/3194 21
/proc/meminfo: memFree=479713732/527542236 swapFree=31888892/33554428
[pid=17] ppid=13 vsize=220848 memory=70900 CPUtime=0.83 cores=40-41,46-57,152-153,158-169
/proc/17/stat : 17 (python3) S 13 17 0 0 -1 4194304 13219 0 297 0 70 13 0 0 20 0 1 0 522901806 226148352 17725 67087892480 94177315917824 94177319188525 140730670036048 0 0 0 0 16781312 2 1 0 0 17 152 0 0 111 0 0 94177321551888 94177321835928 94177334521856 140730670041857 140730670041927 140730670041927 140730670043111 0
/proc/17/statm: 55212 17725 5215 799 0 21919 0
[pid=21] ppid=17 vsize=3013476 memory=2569260 CPUtime=1771.89 cores=40-41,46-57,152-153,158-169
/proc/21/stat : 21 (BNetToPrime_lin) R 17 17 0 0 -1 4194304 480503 0 3 0 177052 137 0 0 20 0 1 0 522902041 3085799424 642315 67087892480 4194304 4299828 140730366351792 0 0 0 0 0 0 0 0 0 17 40 0 0 0 0 0 6397400 6398600 10788864 140730366356091 140730366356204 140730366356204 140730366357405 0
/proc/21/statm: 753369 642315 852 26 0 751930 0
Current children cumulated CPU time: 1772.72 s
Current children cumulated vsize: 3234324 KiB
Current children cumulated memory: 2640160 KiB



Maximum wall clock time exceeded: sending SIGTERM then SIGKILL

[startup+1800 s]*
/proc/loadavg: 57.23 57.04 57.59 56/3194 21
/proc/meminfo: memFree=479791588/527542236 swapFree=31888892/33554428
[pid=17] ppid=13 vsize=220848 memory=70900 CPUtime=0.83 cores=40-41,46-57,152-153,158-169
/proc/17/stat : 17 (python3) S 13 17 0 0 -1 4194304 13219 0 297 0 70 13 0 0 20 0 1 0 522901806 226148352 17725 67087892480 94177315917824 94177319188525 140730670036048 0 0 0 0 16781312 2 1 0 0 17 152 0 0 111 0 0 94177321551888 94177321835928 94177334521856 140730670041857 140730670041927 140730670041927 140730670043111 0
/proc/17/statm: 55212 17725 5215 799 0 21919 0
[pid=21] ppid=17 vsize=3013476 memory=2579500 CPUtime=1789.51 cores=40-41,46-57,152-153,158-169
/proc/21/stat : 21 (BNetToPrime_lin) R 17 17 0 0 -1 4194304 480780 0 3 0 178814 137 0 0 20 0 1 0 522902041 3085799424 644875 67087892480 4194304 4299828 140730366351792 0 0 0 0 0 0 0 0 0 17 40 0 0 0 0 0 6397400 6398600 10788864 140730366356091 140730366356204 140730366356204 140730366357405 0
/proc/21/statm: 753369 644875 852 26 0 751930 0
Current children cumulated CPU time: 1790.34 s
Current children cumulated vsize: 3234324 KiB
Current children cumulated memory: 2650400 KiB

Sending SIGTERM to process tree (bottom up)
Sleeping 2 seconds

[startup+1800.01 s]
# the end of solver process 17 was just reported to runsolver
# cumulated CPU time of all completed processes:  user=0.709442 s, system=0.142852 s

[startup+1800.09 s]
# the end of solver process 21 was just reported to runsolver
# cumulated CPU time of all completed processes:  user=1788.85 s, system=1.60652 s
# this solver process was not waited by its parent and was adopted by runsolver

Solver just ended.
??? end of watcher thread
Dumping a history of the last processes samples

Child ended because it received signal 15 (SIGTERM)
Real time (s): 1800.09
CPU time (s): 1790.46
CPU user time (s): 1788.85
CPU system time (s): 1.60652
CPU usage (%): 99.4651
Max. virtual memory (cumulated for all children) (KiB): 3627544
Max. memory (cumulated for all children) (KiB): 2883744

getrusage(RUSAGE_CHILDREN,...) data:
user time used= 1788.85
system time used= 1.60652
maximum resident set size= 2812844
integral shared memory size= 0
integral unshared data size= 0
integral unshared stack size= 0
page reclaims= 493999
page faults= 300
swaps= 0
block input operations= 93168
block output operations= 8
messages sent= 0
messages received= 0
signals received= 0
voluntary context switches= 10137
involuntary context switches= 1495


# summary of solver processes directly reported to runsolver:
#   pid: 17,21
#   total CPU time (s): 1790.46
#   total CPU user time (s): 1788.85
#   total CPU system time (s): 1.60652

??? join timestamper begins
??? join timestamper ends
??? end of timestamper thread
runsolver used 1.95951 second user time and 3.2972 second system time

The end
