# WCTIME: wall clock time in seconds
WCTIME=1800.03
# CPUTIME: CPU time in seconds (USERTIME+SYSTEMTIME)
CPUTIME=1792.72
# USERTIME: CPU time spent in user mode in seconds
USERTIME=1752.21
# SYSTEMTIME: CPU time spent in system mode in seconds
SYSTEMTIME=40.5099
# CPUUSAGE: CPUTIME/WCTIME in percent
CPUUSAGE=99.5939
# MAXVM: maximum virtual memory used in KiB
MAXVM=4337936
# MAXMM: maximum memory used in KiB
MAXMM=3317228
# MAXRSS: maximum Resident Segment Size in KiB
MAXRSS=3482168
# TIMEOUT: did the solver exceed the time limit?
TIMEOUT=true
# MEMOUT: did the solver exceed the memory limit?
MEMOUT=false
# EXITSTATUS: Exit status of the solver
EXITSTATUS=15
