# WCTIME: wall clock time in seconds
WCTIME=0.279075
# CPUTIME: CPU time in seconds (USERTIME+SYSTEMTIME)
CPUTIME=0.166903
# USERTIME: CPU time spent in user mode in seconds
USERTIME=0.13587
# SYSTEMTIME: CPU time spent in system mode in seconds
SYSTEMTIME=0.031033
# CPUUSAGE: CPUTIME/WCTIME in percent
CPUUSAGE=59.8058
# MAXVM: maximum virtual memory used in KiB
MAXVM=25700
# MAXMM: maximum memory used in KiB
MAXMM=17164
# MAXRSS: maximum Resident Segment Size in KiB
MAXRSS=12592
# TIMEOUT: did the solver exceed the time limit?
TIMEOUT=false
# MEMOUT: did the solver exceed the memory limit?
MEMOUT=false
# EXITSTATUS: Exit status of the solver
EXITSTATUS=0
