# WCTIME: wall clock time in seconds
WCTIME=1800.01
# CPUTIME: CPU time in seconds (USERTIME+SYSTEMTIME)
CPUTIME=1794.66
# USERTIME: CPU time spent in user mode in seconds
USERTIME=1758.96
# SYSTEMTIME: CPU time spent in system mode in seconds
SYSTEMTIME=35.7048
# CPUUSAGE: CPUTIME/WCTIME in percent
CPUUSAGE=99.7032
# MAXVM: maximum virtual memory used in KiB
MAXVM=1600532
# MAXMM: maximum memory used in KiB
MAXMM=1275880
# MAXRSS: maximum Resident Segment Size in KiB
MAXRSS=1293324
# TIMEOUT: did the solver exceed the time limit?
TIMEOUT=true
# MEMOUT: did the solver exceed the memory limit?
MEMOUT=false
# EXITSTATUS: Exit status of the solver
EXITSTATUS=15
