1794.64/1800.00	   0.000 === Boolean Network: /input/model_178.bnet ===
1794.64/1800.00	   0.000 Rules: 48
1794.64/1800.00	   0.001 Loaded attractor from: /input/model_178_01.csv
1794.64/1800.00	   0.001 Attractor length: 1
1794.64/1800.00	   0.001 Using Complement GFP+Immutable
1794.64/1800.00	   0.001 CyBER configuration: Complement GFP+Immutable
1794.64/1800.00	   0.001 CyBER enabled techniques: complement-gfp,immutable
1794.64/1800.00	   0.001 BDD retained variables: 43
1794.64/1800.00	   0.001 BDD pruned convergent-output variables: 5
1794.64/1800.00	   0.001 BDD backend: Biodivine BDD 0.5.27
1794.64/1800.00	   0.001 CyBER fixed point: Complement GFP
1794.64/1800.00	   0.001 BDD variables: 43
1794.64/1800.00	   0.001 BDD transition representation: rule-local kernels
1794.64/1800.00	   0.001 BDD active rule functions: 43
1794.64/1800.00	   0.001 BDD variable order: lexical
1794.64/1800.00	   0.001 BDD image accumulation: binary then union
1794.64/1800.00	   0.001 BDD safety/deadlock check: global
1794.64/1800.00	   0.001 BDD build time: 0.000
1794.64/1800.00	   0.011 BDD iteration 1: bad nodes=81, time=0.005
1794.64/1800.00	   0.016 BDD iteration 2: bad nodes=210, time=0.006
1794.64/1800.00	   0.024 BDD iteration 3: bad nodes=383, time=0.008
1794.64/1800.00	   0.035 BDD iteration 4: bad nodes=693, time=0.011
1794.64/1800.00	   0.051 BDD iteration 5: bad nodes=1106, time=0.016
1794.64/1800.00	   0.073 BDD iteration 6: bad nodes=1726, time=0.022
1794.64/1800.00	   0.106 BDD iteration 7: bad nodes=2590, time=0.033
1794.64/1800.00	   0.154 BDD iteration 8: bad nodes=3788, time=0.047
1794.64/1800.00	   0.220 BDD iteration 9: bad nodes=5338, time=0.066
1794.64/1800.00	   0.309 BDD iteration 10: bad nodes=7350, time=0.089
1794.64/1800.00	   0.434 BDD iteration 11: bad nodes=9824, time=0.125
1794.64/1800.00	   0.598 BDD iteration 12: bad nodes=12885, time=0.164
1794.64/1800.00	   0.820 BDD iteration 13: bad nodes=16515, time=0.222
1794.64/1800.00	   1.109 BDD iteration 14: bad nodes=20854, time=0.289
1794.64/1800.00	   1.464 BDD iteration 15: bad nodes=25950, time=0.354
1794.64/1800.00	   1.916 BDD iteration 16: bad nodes=32007, time=0.452
1794.64/1800.00	   2.475 BDD iteration 17: bad nodes=38910, time=0.559
1794.64/1800.00	   3.156 BDD iteration 18: bad nodes=46826, time=0.680
1794.64/1800.00	   3.980 BDD iteration 19: bad nodes=55728, time=0.824
1794.64/1800.00	   4.967 BDD iteration 20: bad nodes=65771, time=0.987
1794.64/1800.00	   6.173 BDD iteration 21: bad nodes=76910, time=1.206
1794.64/1800.00	   7.555 BDD iteration 22: bad nodes=89255, time=1.382
1794.64/1800.00	   9.241 BDD iteration 23: bad nodes=102848, time=1.686
1794.64/1800.00	  11.230 BDD iteration 24: bad nodes=117855, time=1.989
1794.64/1800.00	  13.585 BDD iteration 25: bad nodes=134301, time=2.355
1794.64/1800.00	  16.367 BDD iteration 26: bad nodes=152449, time=2.782
1794.64/1800.00	  19.667 BDD iteration 27: bad nodes=172279, time=3.300
1794.64/1800.00	  23.718 BDD iteration 28: bad nodes=194011, time=4.051
1794.64/1800.00	  28.423 BDD iteration 29: bad nodes=217525, time=4.705
1794.64/1800.00	  33.780 BDD iteration 30: bad nodes=243006, time=5.357
1794.64/1800.00	  39.852 BDD iteration 31: bad nodes=270462, time=6.071
1794.64/1800.00	  46.697 BDD iteration 32: bad nodes=299936, time=6.845
1794.64/1800.00	  54.371 BDD iteration 33: bad nodes=331236, time=7.674
1794.64/1800.00	  63.041 BDD iteration 34: bad nodes=364420, time=8.670
1794.64/1800.00	  72.652 BDD iteration 35: bad nodes=399481, time=9.611
1794.64/1800.00	  83.421 BDD iteration 36: bad nodes=436581, time=10.769
1794.64/1800.00	  95.467 BDD iteration 37: bad nodes=475885, time=12.046
1794.64/1800.00	 108.218 BDD iteration 38: bad nodes=517414, time=12.751
1794.64/1800.00	 122.238 BDD iteration 39: bad nodes=561218, time=14.020
1794.64/1800.00	 138.553 BDD iteration 40: bad nodes=607526, time=16.315
1794.64/1800.00	 155.927 BDD iteration 41: bad nodes=656314, time=17.374
1794.64/1800.00	 176.731 BDD iteration 42: bad nodes=707958, time=20.804
1794.64/1800.00	 196.797 BDD iteration 43: bad nodes=762489, time=20.066
1794.64/1800.00	 218.786 BDD iteration 44: bad nodes=819927, time=21.989
1794.64/1800.00	 242.758 BDD iteration 45: bad nodes=880215, time=23.972
1794.64/1800.00	 268.811 BDD iteration 46: bad nodes=943665, time=26.053
1794.64/1800.00	 297.719 BDD iteration 47: bad nodes=1010588, time=28.908
1794.64/1800.00	 330.066 BDD iteration 48: bad nodes=1081201, time=32.347
1794.64/1800.00	 362.976 BDD iteration 49: bad nodes=1155707, time=32.910
1794.64/1800.00	 398.240 BDD iteration 50: bad nodes=1234242, time=35.264
1794.64/1800.00	 436.230 BDD iteration 51: bad nodes=1316947, time=37.990
1794.64/1800.00	 477.387 BDD iteration 52: bad nodes=1404153, time=41.157
1794.64/1800.00	 521.814 BDD iteration 53: bad nodes=1496035, time=44.426
1794.64/1800.00	 569.491 BDD iteration 54: bad nodes=1592491, time=47.677
1794.64/1800.00	 620.804 BDD iteration 55: bad nodes=1693620, time=51.313
1794.64/1800.00	 675.850 BDD iteration 56: bad nodes=1799446, time=55.046
1794.64/1800.00	 733.972 BDD iteration 57: bad nodes=1910130, time=58.123
1794.64/1800.00	 796.042 BDD iteration 58: bad nodes=2025278, time=62.070
1794.64/1800.00	 862.281 BDD iteration 59: bad nodes=2144680, time=66.239
1794.64/1800.00	 934.683 BDD iteration 60: bad nodes=2268341, time=72.402
1794.64/1800.00	1011.389 BDD iteration 61: bad nodes=2395994, time=76.706
1794.64/1800.00	1092.323 BDD iteration 62: bad nodes=2527160, time=80.934
1794.64/1800.00	1177.888 BDD iteration 63: bad nodes=2661642, time=85.565
1794.64/1800.00	1268.198 BDD iteration 64: bad nodes=2798545, time=90.309
1794.64/1800.00	1363.762 BDD iteration 65: bad nodes=2937040, time=95.564
1794.64/1800.00	1464.832 BDD iteration 66: bad nodes=3076146, time=101.070
1794.64/1800.00	1571.410 BDD iteration 67: bad nodes=3215578, time=106.578
1794.64/1800.00	1683.067 BDD iteration 68: bad nodes=3354676, time=111.657
1794.64/1800.00	1799.709 BDD iteration 69: bad nodes=3492289, time=116.641
1794.64/1800.00	{"algorithm": "cyber-complement-gfp-plus-immutable", "error": "bn4rust exited with code -15", "result_status": "failed"}
