runsolver version 3.4.1 (svn: 3018) Copyright (C) 2010-2013 Olivier ROUSSEL

This program is distributed in the hope that it will be useful,
but WITHOUT ANY WARRANTY; without even the implied warranty of
MERCHANTABILITY or FITNESS FOR A PARTICULAR PURPOSE.  See the
GNU General Public License for more details.

NUMA information:
  number of nodes: 8
  memory of node 0: 63700 MiB (61287 MiB free)
  memory of node 1: 64504 MiB (63417 MiB free)
  memory of node 2: 64504 MiB (61929 MiB free)
  memory of node 3: 64504 MiB (63704 MiB free)
  memory of node 4: 64461 MiB (63372 MiB free)
  memory of node 5: 64504 MiB (63386 MiB free)
  memory of node 6: 64504 MiB (63600 MiB free)
  memory of node 7: 64491 MiB (62993 MiB free)
  node distances:
     10  12  12  12  21  21  21  21
     12  10  12  12  21  21  21  21
     12  12  10  12  21  21  21  21
     12  12  12  10  21  21  21  21
     21  21  21  21  10  12  12  12
     21  21  21  21  12  10  12  12
     21  21  21  21  12  12  10  12
     21  21  21  21  12  12  12  10

command line: /usr/local/bin/runsolver --timestamp -w /output/runsolver-watch.log -v /output/runsolver-values.log -o /output/solver-output.log -C 1800.0 -W 1800.0 -R 64000 /opt/solver/run_bn4rust.py --mode cyber-full --instance /input/model_137.bnet 

running on 20 cores: 28-31,36-41,144-153

Enforcing CPUTime limit (soft limit, will send SIGTERM then SIGKILL): 1800 seconds
Enforcing CPUTime limit (hard limit, will send SIGXCPU): 1830 seconds
Enforcing wall clock limit (soft limit, will send SIGTERM then SIGKILL): 1800 seconds
Enforcing RSS+Swap limit (soft limit, will send SIGTERM then SIGKILL): 65536000 KiB
Linux 4.18.0-553.159.1.el8_10.x86_64
solver pid=16, runsolver pid=13
Current StackSize limit: 18014398509481983 KiB


[startup+0.100067 s]*
/proc/loadavg: 0.00 0.01 0.00 8/2895 17
/proc/meminfo: memFree=515687136/527542240 swapFree=33534972/33554428
[pid=16] ppid=13 vsize=15800 memory=10112 CPUtime=0.02 cores=28-41,140-153
/proc/16/stat : 16 (python3) S 13 16 0 0 -1 4194304 1381 0 84 0 1 1 0 0 20 0 1 0 53231052 16179200 2528 67087892480 4194304 7154137 140733513983664 0 0 0 0 16781312 2 1 0 0 17 32 0 0 6 0 0 9727432 11029816 14393344 140733513984855 140733513984941 140733513984941 140733513986023 0
/proc/16/statm: 3950 2528 1394 723 0 1674 0
Current children cumulated CPU time: 0.02 s
Current children cumulated vsize: 15800 KiB
Current children cumulated memory: 10112 KiB

[startup+0.20055 s]*
/proc/loadavg: 0.00 0.01 0.00 8/2900 18
/proc/meminfo: memFree=515619112/527542240 swapFree=33534972/33554428
[pid=16] ppid=13 vsize=17684 memory=12420 CPUtime=0.03 cores=28-41,140-153
/proc/16/stat : 16 (python3) S 13 16 0 0 -1 4194304 1892 0 96 0 2 1 0 0 20 0 1 0 53231052 18108416 3105 67087892480 4194304 7154137 140733513983664 0 0 0 0 16781312 2 1 0 0 17 150 0 0 8 0 0 9727432 11029816 14393344 140733513984855 140733513984941 140733513984941 140733513986023 0
/proc/16/statm: 4421 3105 1512 723 0 2063 0
[pid=18] ppid=16 vsize=7904 memory=4412 CPUtime=0 cores=28-41,140-153
/proc/18/stat : 18 (bn4rust) R 16 16 0 0 -1 4194304 180 0 18 0 0 0 0 0 20 0 1 0 53231065 8093696 1103 67087892480 94366329208832 94366331075953 140723722062848 0 0 0 0 4096 1088 0 0 0 17 32 0 0 1 0 0 94366331334016 94366331380952 94366344617984 140723722066714 140723722066838 140723722066838 140723722067937 0
/proc/18/statm: 1976 1103 1035 456 0 137 0
Current children cumulated CPU time: 0.03 s
Current children cumulated vsize: 25588 KiB
Current children cumulated memory: 16832 KiB

[startup+0.30056 s]*
/proc/loadavg: 0.00 0.01 0.00 8/2894 18
/proc/meminfo: memFree=516101748/527542240 swapFree=33534972/33554428
[pid=16] ppid=13 vsize=17684 memory=12420 CPUtime=0.03 cores=28-41,140-153
/proc/16/stat : 16 (python3) S 13 16 0 0 -1 4194304 1893 0 96 0 2 1 0 0 20 0 1 0 53231052 18108416 3105 67087892480 4194304 7154137 140733513983664 0 0 0 0 16781312 2 1 0 0 17 150 0 0 8 0 0 9727432 11029816 14393344 140733513984855 140733513984941 140733513984941 140733513986023 0
/proc/16/statm: 4421 3105 1512 723 0 2063 0
[pid=18] ppid=16 vsize=8900 memory=5420 CPUtime=0.09 cores=28-41,140-153
/proc/18/stat : 18 (bn4rust) R 16 16 0 0 -1 4194304 1520 0 18 0 9 0 0 0 20 0 1 0 53231065 9113600 1355 67087892480 94366329208832 94366331075953 140723722062848 0 0 0 0 4096 1088 0 0 0 17 32 0 0 1 0 0 94366331334016 94366331380952 94366344617984 140723722066714 140723722066838 140723722066838 140723722067937 0
/proc/18/statm: 2225 1355 1079 456 0 386 0
Current children cumulated CPU time: 0.12 s
Current children cumulated vsize: 26584 KiB
Current children cumulated memory: 17840 KiB

[startup+0.700225 s]
/proc/loadavg: 0.00 0.01 0.00 9/2798 18
/proc/meminfo: memFree=516435836/527542240 swapFree=33534972/33554428
[pid=16] ppid=13 vsize=17684 memory=12420 CPUtime=0.03 cores=28-41,140-153
/proc/16/stat : 16 (python3) S 13 16 0 0 -1 4194304 1893 0 96 0 2 1 0 0 20 0 1 0 53231052 18108416 3105 67087892480 4194304 7154137 140733513983664 0 0 0 0 16781312 2 1 0 0 17 150 0 0 8 0 0 9727432 11029816 14393344 140733513984855 140733513984941 140733513984941 140733513986023 0
/proc/16/statm: 4421 3105 1512 723 0 2063 0
[pid=18] ppid=16 vsize=10876 memory=7220 CPUtime=0.5 cores=28-41,140-153
/proc/18/stat : 18 (bn4rust) R 16 16 0 0 -1 4194304 9182 0 18 0 48 2 0 0 20 0 1 0 53231065 11137024 1805 67087892480 94366329208832 94366331075953 140723722062848 0 0 0 0 4096 1088 0 0 0 17 32 0 0 1 0 0 94366331334016 94366331380952 94366344617984 140723722066714 140723722066838 140723722066838 140723722067937 0
/proc/18/statm: 2719 1805 1079 456 0 880 0
Current children cumulated CPU time: 0.53 s
Current children cumulated vsize: 28560 KiB
Current children cumulated memory: 19640 KiB

[startup+1.50025 s]
/proc/loadavg: 0.64 0.14 0.04 9/2816 18
/proc/meminfo: memFree=516382044/527542240 swapFree=33534972/33554428
[pid=16] ppid=13 vsize=17684 memory=12420 CPUtime=0.03 cores=28-41,140-153
/proc/16/stat : 16 (python3) S 13 16 0 0 -1 4194304 1893 0 96 0 2 1 0 0 20 0 1 0 53231052 18108416 3105 67087892480 4194304 7154137 140733513983664 0 0 0 0 16781312 2 1 0 0 17 150 0 0 8 0 0 9727432 11029816 14393344 140733513984855 140733513984941 140733513984941 140733513986023 0
/proc/16/statm: 4421 3105 1512 723 0 2063 0
[pid=18] ppid=16 vsize=12216 memory=8920 CPUtime=1.29 cores=28-41,140-153
/proc/18/stat : 18 (bn4rust) R 16 16 0 0 -1 4194304 19751 0 18 0 125 4 0 0 20 0 1 0 53231065 12509184 2230 67087892480 94366329208832 94366331075953 140723722062848 0 0 0 0 4096 1088 0 0 0 17 32 0 0 1 0 0 94366331334016 94366331380952 94366344617984 140723722066714 140723722066838 140723722066838 140723722067937 0
/proc/18/statm: 3054 2230 1079 456 0 1215 0
Current children cumulated CPU time: 1.32 s
Current children cumulated vsize: 29900 KiB
Current children cumulated memory: 21340 KiB

[startup+3.10044 s]
/proc/loadavg: 0.64 0.14 0.04 5/2816 18
/proc/meminfo: memFree=516246120/527542240 swapFree=33534972/33554428
[pid=16] ppid=13 vsize=17684 memory=12420 CPUtime=0.03 cores=28-41,140-153
/proc/16/stat : 16 (python3) S 13 16 0 0 -1 4194304 1893 0 96 0 2 1 0 0 20 0 1 0 53231052 18108416 3105 67087892480 4194304 7154137 140733513983664 0 0 0 0 16781312 2 1 0 0 17 150 0 0 8 0 0 9727432 11029816 14393344 140733513984855 140733513984941 140733513984941 140733513986023 0
/proc/16/statm: 4421 3105 1512 723 0 2063 0
[pid=18] ppid=16 vsize=11548 memory=8148 CPUtime=2.89 cores=28-41,140-153
/proc/18/stat : 18 (bn4rust) R 16 16 0 0 -1 4194304 27698 0 18 0 284 5 0 0 20 0 1 0 53231065 11825152 2037 67087892480 94366329208832 94366331075953 140723722062848 0 0 0 0 4096 1088 0 0 0 17 32 0 0 1 0 0 94366331334016 94366331380952 94366344617984 140723722066714 140723722066838 140723722066838 140723722067937 0
/proc/18/statm: 2887 2037 1079 456 0 1048 0
Current children cumulated CPU time: 2.92 s
Current children cumulated vsize: 29232 KiB
Current children cumulated memory: 20568 KiB

[startup+5.5466 s]
# the end of solver process 16 was just reported to runsolver
# cumulated CPU time of all completed processes:  user=5.30914 s, system=0.074119 s

Solver just ended.
??? end of watcher thread
Dumping a history of the last processes samples

[startup+3.20025 s]
/proc/loadavg: 0.64 0.14 0.04 5/2816 18
/proc/meminfo: memFree=516246120/527542240 swapFree=33534972/33554428
[pid=16] ppid=13 vsize=17684 memory=12420 CPUtime=0.03 cores=28-41,140-153
/proc/16/stat : 16 (python3) S 13 16 0 0 -1 4194304 1893 0 96 0 2 1 0 0 20 0 1 0 53231052 18108416 3105 67087892480 4194304 7154137 140733513983664 0 0 0 0 16781312 2 1 0 0 17 150 0 0 8 0 0 9727432 11029816 14393344 140733513984855 140733513984941 140733513984941 140733513986023 0
/proc/16/statm: 4421 3105 1512 723 0 2063 0
[pid=18] ppid=16 vsize=11548 memory=8148 CPUtime=2.99 cores=28-41,140-153
/proc/18/stat : 18 (bn4rust) R 16 16 0 0 -1 4194304 27698 0 18 0 294 5 0 0 20 0 1 0 53231065 11825152 2037 67087892480 94366329208832 94366331075953 140723722062848 0 0 0 0 4096 1088 0 0 0 17 32 0 0 1 0 0 94366331334016 94366331380952 94366344617984 140723722066714 140723722066838 140723722066838 140723722067937 0
/proc/18/statm: 2887 2037 1079 456 0 1048 0
Current children cumulated CPU time: 3.02 s
Current children cumulated vsize: 29232 KiB
Current children cumulated memory: 20568 KiB

[startup+4.80022 s]
/proc/loadavg: 0.64 0.14 0.04 14/2788 18
/proc/meminfo: memFree=516130860/527542240 swapFree=33534972/33554428
[pid=16] ppid=13 vsize=17684 memory=12420 CPUtime=0.03 cores=28-41,140-153
/proc/16/stat : 16 (python3) S 13 16 0 0 -1 4194304 1894 0 96 0 2 1 0 0 20 0 1 0 53231052 18108416 3105 67087892480 4194304 7154137 140733513983664 0 0 0 0 16781312 2 1 0 0 17 150 0 0 8 0 0 9727432 11029816 14393344 140733513984855 140733513984941 140733513984941 140733513986023 0
/proc/16/statm: 4421 3105 1512 723 0 2063 0
[pid=18] ppid=16 vsize=11964 memory=8676 CPUtime=4.59 cores=28-41,140-153
/proc/18/stat : 18 (bn4rust) R 16 16 0 0 -1 4194304 27786 0 18 0 454 5 0 0 20 0 1 0 53231065 12251136 2169 67087892480 94366329208832 94366331075953 140723722062848 0 0 0 0 4096 1088 0 0 0 17 32 0 0 1 0 0 94366331334016 94366331380952 94366344617984 140723722066714 140723722066838 140723722066838 140723722067937 0
/proc/18/statm: 2991 2169 1079 456 0 1152 0
Current children cumulated CPU time: 4.62 s
Current children cumulated vsize: 29648 KiB
Current children cumulated memory: 21096 KiB

[startup+5.20021 s]
/proc/loadavg: 0.64 0.14 0.04 5/2760 18
/proc/meminfo: memFree=516236328/527542240 swapFree=33534972/33554428
[pid=16] ppid=13 vsize=17684 memory=12420 CPUtime=0.03 cores=28-41,140-153
/proc/16/stat : 16 (python3) S 13 16 0 0 -1 4194304 1894 0 96 0 2 1 0 0 20 0 1 0 53231052 18108416 3105 67087892480 4194304 7154137 140733513983664 0 0 0 0 16781312 2 1 0 0 17 150 0 0 8 0 0 9727432 11029816 14393344 140733513984855 140733513984941 140733513984941 140733513986023 0
/proc/16/statm: 4421 3105 1512 723 0 2063 0
[pid=18] ppid=16 vsize=11964 memory=8676 CPUtime=4.98 cores=28-41,140-153
/proc/18/stat : 18 (bn4rust) R 16 16 0 0 -1 4194304 27786 0 18 0 493 5 0 0 20 0 1 0 53231065 12251136 2169 67087892480 94366329208832 94366331075953 140723722062848 0 0 0 0 4096 1088 0 0 0 17 32 0 0 1 0 0 94366331334016 94366331380952 94366344617984 140723722066714 140723722066838 140723722066838 140723722067937 0
/proc/18/statm: 2991 2169 1079 456 0 1152 0
Current children cumulated CPU time: 5.01 s
Current children cumulated vsize: 29648 KiB
Current children cumulated memory: 21096 KiB

[startup+5.40021 s]
/proc/loadavg: 0.64 0.14 0.04 5/2760 18
/proc/meminfo: memFree=516236328/527542240 swapFree=33534972/33554428
[pid=16] ppid=13 vsize=17684 memory=12420 CPUtime=0.03 cores=28-41,140-153
/proc/16/stat : 16 (python3) S 13 16 0 0 -1 4194304 1895 0 96 0 2 1 0 0 20 0 1 0 53231052 18108416 3105 67087892480 4194304 7154137 140733513983664 0 0 0 0 16781312 2 1 0 0 17 150 0 0 8 0 0 9727432 11029816 14393344 140733513984855 140733513984941 140733513984941 140733513986023 0
/proc/16/statm: 4421 3105 1512 723 0 2063 0
[pid=18] ppid=16 vsize=11964 memory=8676 CPUtime=5.18 cores=28-41,140-153
/proc/18/stat : 18 (bn4rust) R 16 16 0 0 -1 4194304 27786 0 18 0 513 5 0 0 20 0 1 0 53231065 12251136 2169 67087892480 94366329208832 94366331075953 140723722062848 0 0 0 0 4096 1088 0 0 0 17 32 0 0 1 0 0 94366331334016 94366331380952 94366344617984 140723722066714 140723722066838 140723722066838 140723722067937 0
/proc/18/statm: 2991 2169 1079 456 0 1152 0
Current children cumulated CPU time: 5.21 s
Current children cumulated vsize: 29648 KiB
Current children cumulated memory: 21096 KiB

[startup+5.50022 s]
/proc/loadavg: 0.64 0.14 0.04 5/2760 18
/proc/meminfo: memFree=516236328/527542240 swapFree=33534972/33554428
[pid=16] ppid=13 vsize=17684 memory=12420 CPUtime=0.03 cores=28-41,140-153
/proc/16/stat : 16 (python3) S 13 16 0 0 -1 4194304 1895 0 96 0 2 1 0 0 20 0 1 0 53231052 18108416 3105 67087892480 4194304 7154137 140733513983664 0 0 0 0 16781312 2 1 0 0 17 150 0 0 8 0 0 9727432 11029816 14393344 140733513984855 140733513984941 140733513984941 140733513986023 0
/proc/16/statm: 4421 3105 1512 723 0 2063 0
[pid=18] ppid=16 vsize=11964 memory=8676 CPUtime=5.28 cores=28-41,140-153
/proc/18/stat : 18 (bn4rust) R 16 16 0 0 -1 4194304 27786 0 18 0 523 5 0 0 20 0 1 0 53231065 12251136 2169 67087892480 94366329208832 94366331075953 140723722062848 0 0 0 0 4096 1088 0 0 0 17 32 0 0 1 0 0 94366331334016 94366331380952 94366344617984 140723722066714 140723722066838 140723722066838 140723722067937 0
/proc/18/statm: 2991 2169 1079 456 0 1152 0
Current children cumulated CPU time: 5.31 s
Current children cumulated vsize: 29648 KiB
Current children cumulated memory: 21096 KiB

Child status: 0
Real time (s): 5.5467
CPU time (s): 5.38326
CPU user time (s): 5.30914
CPU system time (s): 0.074119
CPU usage (%): 97.0532
Max. virtual memory (cumulated for all children) (KiB): 31052
Max. memory (cumulated for all children) (KiB): 22396

getrusage(RUSAGE_CHILDREN,...) data:
user time used= 5.30914
system time used= 0.074119
maximum resident set size= 12584
integral shared memory size= 0
integral unshared data size= 0
integral unshared stack size= 0
page reclaims= 29707
page faults= 116
swaps= 0
block input operations= 20000
block output operations= 0
messages sent= 0
messages received= 0
signals received= 0
voluntary context switches= 1101
involuntary context switches= 13


# summary of solver processes directly reported to runsolver:
#   pid: 16
#   total CPU time (s): 5.38326
#   total CPU user time (s): 5.30914
#   total CPU system time (s): 0.074119

??? join timestamper begins
??? join timestamper ends
??? end of timestamper thread
runsolver used 0 second user time and 0.089676 second system time

The end
