runsolver version 3.4.1 (svn: 3018) Copyright (C) 2010-2013 Olivier ROUSSEL

This program is distributed in the hope that it will be useful,
but WITHOUT ANY WARRANTY; without even the implied warranty of
MERCHANTABILITY or FITNESS FOR A PARTICULAR PURPOSE.  See the
GNU General Public License for more details.

NUMA information:
  number of nodes: 8
  memory of node 0: 63657 MiB (51507 MiB free)
  memory of node 1: 64504 MiB (1196 MiB free)
  memory of node 2: 64504 MiB (1139 MiB free)
  memory of node 3: 64504 MiB (55002 MiB free)
  memory of node 4: 64504 MiB (62279 MiB free)
  memory of node 5: 64504 MiB (63727 MiB free)
  memory of node 6: 64504 MiB (63756 MiB free)
  memory of node 7: 64491 MiB (62390 MiB free)
  node distances:
     10  12  12  12  21  21  21  21
     12  10  12  12  21  21  21  21
     12  12  10  12  21  21  21  21
     12  12  12  10  21  21  21  21
     21  21  21  21  10  12  12  12
     21  21  21  21  12  10  12  12
     21  21  21  21  12  12  10  12
     21  21  21  21  12  12  12  10

command line: /usr/local/bin/runsolver --timestamp -w /output/runsolver-watch.log -v /output/runsolver-values.log -o /output/solver-output.log -C 1800.0 -W 1800.0 -R 64000 /opt/solver/run_bn4rust.py --mode cyber-complement-gfp --instance /input/model_015.bnet 

running on 28 cores: 84-97,196-209

Enforcing CPUTime limit (soft limit, will send SIGTERM then SIGKILL): 1800 seconds
Enforcing CPUTime limit (hard limit, will send SIGXCPU): 1830 seconds
Enforcing wall clock limit (soft limit, will send SIGTERM then SIGKILL): 1800 seconds
Enforcing RSS+Swap limit (soft limit, will send SIGTERM then SIGKILL): 65536000 KiB
Linux 4.18.0-553.159.1.el8_10.x86_64
solver pid=16, runsolver pid=13
Current StackSize limit: 18014398509481983 KiB


[startup+0.100079 s]*
/proc/loadavg: 48.42 53.89 60.23 51/2991 17
/proc/meminfo: memFree=369634460/527542240 swapFree=33461244/33554428
[pid=16] ppid=13 vsize=15800 memory=10036 CPUtime=0.02 cores=84-97,196-209
/proc/16/stat : 16 (python3) D 13 16 0 0 -1 4194304 1391 0 84 0 1 1 0 0 20 0 1 0 53235141 16179200 2509 67087892480 4194304 7154137 140720977681376 0 0 0 0 16781312 2 0 0 0 17 198 0 0 6 0 0 9727432 11029816 29601792 140720977689421 140720977689517 140720977689517 140720977690599 0
/proc/16/statm: 3950 2509 1375 723 0 1674 0
Current children cumulated CPU time: 0.02 s
Current children cumulated vsize: 15800 KiB
Current children cumulated memory: 10036 KiB

[startup+0.200598 s]*
/proc/loadavg: 48.42 53.89 60.23 52/2992 18
/proc/meminfo: memFree=369620212/527542240 swapFree=33461244/33554428
[pid=16] ppid=13 vsize=17684 memory=12348 CPUtime=0.04 cores=84-97,196-209
/proc/16/stat : 16 (python3) S 13 16 0 0 -1 4194304 1891 0 96 0 3 1 0 0 20 0 1 0 53235141 18108416 3087 67087892480 4194304 7154137 140720977681376 0 0 0 0 16781312 2 1 0 0 17 198 0 0 8 0 0 9727432 11029816 29601792 140720977689421 140720977689517 140720977689517 140720977690599 0
/proc/16/statm: 4421 3087 1493 723 0 2063 0
[pid=18] ppid=16 vsize=8008 memory=4892 CPUtime=0.04 cores=84-97,196-209
/proc/18/stat : 18 (bn4rust) R 16 16 0 0 -1 4194304 199 0 17 0 4 0 0 0 20 0 1 0 53235155 8200192 1223 67087892480 94223837233152 94223839100273 140730085783408 0 0 0 0 4096 1088 0 0 0 17 96 0 0 1 0 0 94223839358336 94223839405272 94223841902592 140730085788432 140730085788566 140730085788566 140730085789665 0
/proc/18/statm: 2002 1223 1111 456 0 163 0
Current children cumulated CPU time: 0.08 s
Current children cumulated vsize: 25692 KiB
Current children cumulated memory: 17240 KiB

[startup+0.253973 s]
# the end of solver process 16 was just reported to runsolver
# cumulated CPU time of all completed processes:  user=0.125759 s, system=0.017311 s

Solver just ended.
??? end of watcher thread
Dumping a history of the last processes samples

Child status: 0
Real time (s): 0.253998
CPU time (s): 0.14307
CPU user time (s): 0.125759
CPU system time (s): 0.017311
CPU usage (%): 56.3272
Max. virtual memory (cumulated for all children) (KiB): 25692
Max. memory (cumulated for all children) (KiB): 17240

getrusage(RUSAGE_CHILDREN,...) data:
user time used= 0.125759
system time used= 0.017311
maximum resident set size= 12564
integral shared memory size= 0
integral unshared data size= 0
integral unshared stack size= 0
page reclaims= 2112
page faults= 115
swaps= 0
block input operations= 19800
block output operations= 0
messages sent= 0
messages received= 0
signals received= 0
voluntary context switches= 1021
involuntary context switches= 1


# summary of solver processes directly reported to runsolver:
#   pid: 16
#   total CPU time (s): 0.14307
#   total CPU user time (s): 0.125759
#   total CPU system time (s): 0.017311

??? join timestamper begins
??? join timestamper ends
??? end of timestamper thread
runsolver used 0 second user time and 0.007125 second system time

The end
