# WCTIME: wall clock time in seconds
WCTIME=4.7358
# CPUTIME: CPU time in seconds (USERTIME+SYSTEMTIME)
CPUTIME=4.13885
# USERTIME: CPU time spent in user mode in seconds
USERTIME=3.98381
# SYSTEMTIME: CPU time spent in system mode in seconds
SYSTEMTIME=0.155036
# CPUUSAGE: CPUTIME/WCTIME in percent
CPUUSAGE=87.395
# MAXVM: maximum virtual memory used in KiB
MAXVM=28420
# MAXMM: maximum memory used in KiB
MAXMM=19856
# MAXRSS: maximum Resident Segment Size in KiB
MAXRSS=12632
# TIMEOUT: did the solver exceed the time limit?
TIMEOUT=false
# MEMOUT: did the solver exceed the memory limit?
MEMOUT=false
# EXITSTATUS: Exit status of the solver
EXITSTATUS=0
