runsolver version 3.4.1 (svn: 3018) Copyright (C) 2010-2013 Olivier ROUSSEL

This program is distributed in the hope that it will be useful,
but WITHOUT ANY WARRANTY; without even the implied warranty of
MERCHANTABILITY or FITNESS FOR A PARTICULAR PURPOSE.  See the
GNU General Public License for more details.

NUMA information:
  number of nodes: 8
  memory of node 0: 63700 MiB (61844 MiB free)
  memory of node 1: 64504 MiB (58711 MiB free)
  memory of node 2: 64504 MiB (63811 MiB free)
  memory of node 3: 64504 MiB (58290 MiB free)
  memory of node 4: 64504 MiB (63040 MiB free)
  memory of node 5: 64504 MiB (63567 MiB free)
  memory of node 6: 64504 MiB (60800 MiB free)
  memory of node 7: 64447 MiB (63092 MiB free)
  node distances:
     10  12  12  12  21  21  21  21
     12  10  12  12  21  21  21  21
     12  12  10  12  21  21  21  21
     12  12  12  10  21  21  21  21
     21  21  21  21  10  12  12  12
     21  21  21  21  12  10  12  12
     21  21  21  21  12  12  10  12
     21  21  21  21  12  12  12  10

command line: /usr/local/bin/runsolver --timestamp -w /output/runsolver-watch.log -v /output/runsolver-values.log -o /output/solver-output.log -C 1800.0 -W 1800.0 -R 64000 /opt/solver/run_pyboolnet.py --instance /input/model_124.bnet 

running on 20 cores: 72-83,188-195

Enforcing CPUTime limit (soft limit, will send SIGTERM then SIGKILL): 1800 seconds
Enforcing CPUTime limit (hard limit, will send SIGXCPU): 1830 seconds
Enforcing wall clock limit (soft limit, will send SIGTERM then SIGKILL): 1800 seconds
Enforcing RSS+Swap limit (soft limit, will send SIGTERM then SIGKILL): 65536000 KiB
Linux 4.18.0-553.126.1.el8_10.x86_64
Current StackSize limit: 18014398509481983 KiB

solver pid=16, runsolver pid=13

[startup+0.100077 s]*
/proc/loadavg: 20.18 20.85 21.03 21/3019 17
/proc/meminfo: memFree=504982360/527542192 swapFree=32113916/33554428
[pid=16] ppid=13 vsize=15152 memory=9508 CPUtime=0.01 cores=70-83,182-195
/proc/16/stat : 16 (python3) R 13 16 0 0 -1 4194304 1179 0 59 0 1 0 0 0 20 0 1 0 522810504 15515648 2377 67087892480 94917720797184 94917724067885 140722670805392 0 0 0 0 16781312 2 0 0 0 17 71 0 0 6 0 0 94917726431248 94917726715288 94917741715456 140722670807809 140722670807879 140722670807879 140722670809063 0
/proc/16/statm: 3788 2377 1389 799 0 1395 0
Current children cumulated CPU time: 0.01 s
Current children cumulated vsize: 15152 KiB
Current children cumulated memory: 9508 KiB

[startup+0.200572 s]*
/proc/loadavg: 20.18 20.85 21.03 21/3017 17
/proc/meminfo: memFree=504975052/527542192 swapFree=32113916/33554428
[pid=16] ppid=13 vsize=19860 memory=14608 CPUtime=0.07 cores=70-83,182-195
/proc/16/stat : 16 (python3) R 13 16 0 0 -1 4194304 2423 0 78 0 5 2 0 0 20 0 1 0 522810504 20336640 3652 67087892480 94917720797184 94917724067885 140722670805392 0 0 0 0 16781312 2 0 0 0 17 71 0 0 10 0 0 94917726431248 94917726715288 94917741715456 140722670807809 140722670807879 140722670807879 140722670809063 0
/proc/16/statm: 4965 3652 1538 799 0 2477 0
Current children cumulated CPU time: 0.07 s
Current children cumulated vsize: 19860 KiB
Current children cumulated memory: 14608 KiB

[startup+0.300495 s]*
/proc/loadavg: 20.18 20.85 21.03 20/3017 17
/proc/meminfo: memFree=504965912/527542192 swapFree=32113916/33554428
[pid=16] ppid=13 vsize=26104 memory=20732 CPUtime=0.12 cores=70-83,182-195
/proc/16/stat : 16 (python3) R 13 16 0 0 -1 4194304 3969 0 81 0 9 3 0 0 20 0 1 0 522810504 26730496 5183 67087892480 94917720797184 94917724067885 140722670805392 0 0 0 0 16781312 2 0 0 0 17 71 0 0 13 0 0 94917726431248 94917726715288 94917741715456 140722670807809 140722670807879 140722670807879 140722670809063 0
/proc/16/statm: 6526 5183 1617 799 0 4038 0
Current children cumulated CPU time: 0.12 s
Current children cumulated vsize: 26104 KiB
Current children cumulated memory: 20732 KiB

[startup+0.70018 s]
/proc/loadavg: 20.24 20.85 21.03 21/3017 17
/proc/meminfo: memFree=504945892/527542192 swapFree=32113916/33554428
[pid=16] ppid=13 vsize=128752 memory=47088 CPUtime=0.28 cores=70-83,182-195
/proc/16/stat : 16 (python3) R 13 16 0 0 -1 4194304 8268 0 250 0 21 7 0 0 20 0 1 0 522810504 131842048 11772 67087892480 94917720797184 94917724067885 140722670805392 0 0 0 0 16781312 2 0 0 0 17 71 0 0 33 0 0 94917726431248 94917726715288 94917741715456 140722670807809 140722670807879 140722670807879 140722670809063 0
/proc/16/statm: 32188 11772 4143 799 0 16422 0
Current children cumulated CPU time: 0.28 s
Current children cumulated vsize: 128752 KiB
Current children cumulated memory: 47088 KiB

[startup+1.50018 s]
/proc/loadavg: 20.24 20.85 21.03 21/3019 19
/proc/meminfo: memFree=504903600/527542192 swapFree=32113916/33554428
[pid=16] ppid=13 vsize=225336 memory=74568 CPUtime=0.82 cores=70-83,182-195
/proc/16/stat : 16 (python3) R 13 16 0 0 -1 4194304 14239 194 298 4 69 10 3 0 20 0 1 0 522810504 230744064 18642 67087892480 94917720797184 94917724067885 140722670805392 0 0 0 0 16781312 2 0 0 0 17 71 0 0 50 0 0 94917726431248 94917726715288 94917741715456 140722670807809 140722670807879 140722670807879 140722670809063 0
/proc/16/statm: 56334 18642 5151 799 0 23041 0
Current children cumulated CPU time: 0.82 s
Current children cumulated vsize: 225336 KiB
Current children cumulated memory: 74568 KiB

[startup+3.10046 s]
/proc/loadavg: 20.24 20.85 21.03 21/3016 21
/proc/meminfo: memFree=504838948/527542192 swapFree=32113916/33554428
[pid=16] ppid=13 vsize=225336 memory=74568 CPUtime=0.82 cores=70-83,182-195
/proc/16/stat : 16 (python3) S 13 16 0 0 -1 4194304 14242 194 298 4 69 10 3 0 20 0 1 0 522810504 230744064 18642 67087892480 94917720797184 94917724067885 140722670805392 0 0 0 0 16781312 2 1 0 0 17 71 0 0 50 0 0 94917726431248 94917726715288 94917741715456 140722670807809 140722670807879 140722670807879 140722670809063 0
/proc/16/statm: 56334 18642 5151 799 0 23041 0
[pid=21] ppid=16 vsize=85756 memory=46640 CPUtime=1.53 cores=70-83,182-195
/proc/21/stat : 21 (NuSMVa_linux64) R 16 16 0 0 -1 4194304 8689 0 73 0 152 1 0 0 20 0 1 0 522810654 87814144 11660 67087892480 4194304 7931321 140726329162352 0 0 0 0 0 512 0 0 0 17 75 0 0 5 0 0 10030016 10037704 32980992 140726329170472 140726329170610 140726329170610 140726329171878 0
/proc/21/statm: 21439 11660 1731 913 0 10241 0
Current children cumulated CPU time: 2.35 s
Current children cumulated vsize: 311092 KiB
Current children cumulated memory: 121208 KiB
heavy processes:

[startup+6.30023 s]
/proc/loadavg: 20.22 20.84 21.02 21/3016 21
/proc/meminfo: memFree=504831268/527542192 swapFree=32113916/33554428
[pid=16] ppid=13 vsize=225336 memory=74568 CPUtime=0.82 cores=70-83,182-195
/proc/16/stat : 16 (python3) S 13 16 0 0 -1 4194304 14242 194 298 4 69 10 3 0 20 0 1 0 522810504 230744064 18642 67087892480 94917720797184 94917724067885 140722670805392 0 0 0 0 16781312 2 1 0 0 17 71 0 0 50 0 0 94917726431248 94917726715288 94917741715456 140722670807809 140722670807879 140722670807879 140722670809063 0
/proc/16/statm: 56334 18642 5151 799 0 23041 0
[pid=21] ppid=16 vsize=94080 memory=55104 CPUtime=4.72 cores=70-83,182-195
/proc/21/stat : 21 (NuSMVa_linux64) R 16 16 0 0 -1 4194304 9232 0 73 0 471 1 0 0 20 0 1 0 522810654 96337920 13776 67087892480 4194304 7931321 140726329162352 0 0 0 0 0 512 0 0 0 17 75 0 0 5 0 0 10030016 10037704 32980992 140726329170472 140726329170610 140726329170610 140726329171878 0
/proc/21/statm: 23520 13776 1732 913 0 12322 0
Current children cumulated CPU time: 5.54 s
Current children cumulated vsize: 319416 KiB
Current children cumulated memory: 129672 KiB

[startup+12.7002 s]
/proc/loadavg: 20.21 20.82 21.02 21/3016 21
/proc/meminfo: memFree=504830588/527542192 swapFree=32113916/33554428
[pid=16] ppid=13 vsize=225336 memory=74568 CPUtime=0.82 cores=70-83,182-195
/proc/16/stat : 16 (python3) S 13 16 0 0 -1 4194304 14242 194 298 4 69 10 3 0 20 0 1 0 522810504 230744064 18642 67087892480 94917720797184 94917724067885 140722670805392 0 0 0 0 16781312 2 1 0 0 17 71 0 0 50 0 0 94917726431248 94917726715288 94917741715456 140722670807809 140722670807879 140722670807879 140722670809063 0
/proc/16/statm: 56334 18642 5151 799 0 23041 0
[pid=21] ppid=16 vsize=97744 memory=58740 CPUtime=11.1 cores=70-83,182-195
/proc/21/stat : 21 (NuSMVa_linux64) R 16 16 0 0 -1 4194304 10187 0 73 0 1109 1 0 0 20 0 1 0 522810654 100089856 14685 67087892480 4194304 7931321 140726329162352 0 0 0 0 0 512 0 0 0 17 75 0 0 5 0 0 10030016 10037704 32980992 140726329170472 140726329170610 140726329170610 140726329171878 0
/proc/21/statm: 24436 14685 1732 913 0 13238 0
Current children cumulated CPU time: 11.92 s
Current children cumulated vsize: 323080 KiB
Current children cumulated memory: 133308 KiB

[startup+25.5002 s]
/proc/loadavg: 20.17 20.80 21.01 22/3037 21
/proc/meminfo: memFree=504491660/527542192 swapFree=32113916/33554428
[pid=16] ppid=13 vsize=225336 memory=74568 CPUtime=0.82 cores=70-83,182-195
/proc/16/stat : 16 (python3) S 13 16 0 0 -1 4194304 14242 194 298 4 69 10 3 0 20 0 1 0 522810504 230744064 18642 67087892480 94917720797184 94917724067885 140722670805392 0 0 0 0 16781312 2 1 0 0 17 71 0 0 50 0 0 94917726431248 94917726715288 94917741715456 140722670807809 140722670807879 140722670807879 140722670809063 0
/proc/16/statm: 56334 18642 5151 799 0 23041 0
[pid=21] ppid=16 vsize=106716 memory=67660 CPUtime=23.85 cores=70-83,182-195
/proc/21/stat : 21 (NuSMVa_linux64) R 16 16 0 0 -1 4194304 12416 0 73 0 2383 2 0 0 20 0 1 0 522810654 109277184 16915 67087892480 4194304 7931321 140726329162352 0 0 0 0 0 512 0 0 0 17 75 0 0 5 0 0 10030016 10037704 32980992 140726329170472 140726329170610 140726329170610 140726329171878 0
/proc/21/statm: 26679 16915 1732 913 0 15481 0
Current children cumulated CPU time: 24.67 s
Current children cumulated vsize: 332052 KiB
Current children cumulated memory: 142228 KiB

[startup+51.1006 s]
/proc/loadavg: 20.50 20.82 21.00 22/3036 21
/proc/meminfo: memFree=504251532/527542192 swapFree=32113916/33554428
[pid=16] ppid=13 vsize=225336 memory=74568 CPUtime=0.82 cores=70-83,182-195
/proc/16/stat : 16 (python3) S 13 16 0 0 -1 4194304 14242 194 298 4 69 10 3 0 20 0 1 0 522810504 230744064 18642 67087892480 94917720797184 94917724067885 140722670805392 0 0 0 0 16781312 2 1 0 0 17 71 0 0 50 0 0 94917726431248 94917726715288 94917741715456 140722670807809 140722670807879 140722670807879 140722670809063 0
/proc/16/statm: 56334 18642 5151 799 0 23041 0
[pid=21] ppid=16 vsize=125652 memory=86612 CPUtime=49.34 cores=70-83,182-195
/proc/21/stat : 21 (NuSMVa_linux64) R 16 16 0 0 -1 4194304 17168 0 73 0 4932 2 0 0 20 0 1 0 522810654 128667648 21653 67087892480 4194304 7931321 140726329162352 0 0 0 0 0 512 0 0 0 17 75 0 0 5 0 0 10030016 10037704 32980992 140726329170472 140726329170610 140726329170610 140726329171878 0
/proc/21/statm: 31413 21653 1732 913 0 20215 0
Current children cumulated CPU time: 50.16 s
Current children cumulated vsize: 350988 KiB
Current children cumulated memory: 161180 KiB

[startup+102.3 s]
/proc/loadavg: 20.78 20.85 21.00 22/3035 21
/proc/meminfo: memFree=503914468/527542192 swapFree=32113916/33554428
[pid=16] ppid=13 vsize=225336 memory=74568 CPUtime=0.82 cores=70-83,182-195
/proc/16/stat : 16 (python3) S 13 16 0 0 -1 4194304 14242 194 298 4 69 10 3 0 20 0 1 0 522810504 230744064 18642 67087892480 94917720797184 94917724067885 140722670805392 0 0 0 0 16781312 2 1 0 0 17 71 0 0 50 0 0 94917726431248 94917726715288 94917741715456 140722670807809 140722670807879 140722670807879 140722670809063 0
/proc/16/statm: 56334 18642 5151 799 0 23041 0
[pid=21] ppid=16 vsize=155592 memory=116520 CPUtime=100.35 cores=70-83,182-195
/proc/21/stat : 21 (NuSMVa_linux64) R 16 16 0 0 -1 4194304 25022 0 73 0 10031 4 0 0 20 0 1 0 522810654 159326208 29130 67087892480 4194304 7931321 140726329162352 0 0 0 0 0 512 0 0 0 17 75 0 0 5 0 0 10030016 10037704 32980992 140726329170472 140726329170610 140726329170610 140726329171878 0
/proc/21/statm: 38898 29130 1732 913 0 27700 0
Current children cumulated CPU time: 101.17 s
Current children cumulated vsize: 380928 KiB
Current children cumulated memory: 191088 KiB

[startup+162.3 s]
/proc/loadavg: 20.77 20.84 20.99 21/3015 21
/proc/meminfo: memFree=504686560/527542192 swapFree=32113916/33554428
[pid=16] ppid=13 vsize=225336 memory=74568 CPUtime=0.82 cores=70-83,182-195
/proc/16/stat : 16 (python3) S 13 16 0 0 -1 4194304 14242 194 298 4 69 10 3 0 20 0 1 0 522810504 230744064 18642 67087892480 94917720797184 94917724067885 140722670805392 0 0 0 0 16781312 2 1 0 0 17 71 0 0 50 0 0 94917726431248 94917726715288 94917741715456 140722670807809 140722670807879 140722670807879 140722670809063 0
/proc/16/statm: 56334 18642 5151 799 0 23041 0
[pid=21] ppid=16 vsize=156872 memory=117840 CPUtime=160.11 cores=70-83,182-195
/proc/21/stat : 21 (NuSMVa_linux64) R 16 16 0 0 -1 4194304 25381 0 73 0 16007 4 0 0 20 0 1 0 522810654 160636928 29460 67087892480 4194304 7931321 140726329162352 0 0 0 0 0 512 0 0 0 17 75 0 0 5 0 0 10030016 10037704 32980992 140726329170472 140726329170610 140726329170610 140726329171878 0
/proc/21/statm: 39218 29460 1732 913 0 28020 0
Current children cumulated CPU time: 160.93 s
Current children cumulated vsize: 382208 KiB
Current children cumulated memory: 192408 KiB

[startup+222.3 s]
/proc/loadavg: 20.80 20.83 20.98 22/3032 21
/proc/meminfo: memFree=504094580/527542192 swapFree=32113916/33554428
[pid=16] ppid=13 vsize=225336 memory=74568 CPUtime=0.82 cores=70-83,182-195
/proc/16/stat : 16 (python3) S 13 16 0 0 -1 4194304 14242 194 298 4 69 10 3 0 20 0 1 0 522810504 230744064 18642 67087892480 94917720797184 94917724067885 140722670805392 0 0 0 0 16781312 2 1 0 0 17 71 0 0 50 0 0 94917726431248 94917726715288 94917741715456 140722670807809 140722670807879 140722670807879 140722670809063 0
/proc/16/statm: 56334 18642 5151 799 0 23041 0
[pid=21] ppid=16 vsize=156872 memory=117840 CPUtime=219.87 cores=70-83,182-195
/proc/21/stat : 21 (NuSMVa_linux64) R 16 16 0 0 -1 4194304 25388 0 73 0 21983 4 0 0 20 0 1 0 522810654 160636928 29460 67087892480 4194304 7931321 140726329162352 0 0 0 0 0 512 0 0 0 17 75 0 0 5 0 0 10030016 10037704 32980992 140726329170472 140726329170610 140726329170610 140726329171878 0
/proc/21/statm: 39218 29460 1732 913 0 28020 0
Current children cumulated CPU time: 220.69 s
Current children cumulated vsize: 382208 KiB
Current children cumulated memory: 192408 KiB

[startup+282.3 s]
/proc/loadavg: 20.99 20.88 20.99 22/3025 21
/proc/meminfo: memFree=503537464/527542192 swapFree=32113916/33554428
[pid=16] ppid=13 vsize=225336 memory=74568 CPUtime=0.82 cores=70-83,182-195
/proc/16/stat : 16 (python3) S 13 16 0 0 -1 4194304 14242 194 298 4 69 10 3 0 20 0 1 0 522810504 230744064 18642 67087892480 94917720797184 94917724067885 140722670805392 0 0 0 0 16781312 2 1 0 0 17 71 0 0 50 0 0 94917726431248 94917726715288 94917741715456 140722670807809 140722670807879 140722670807879 140722670809063 0
/proc/16/statm: 56334 18642 5151 799 0 23041 0
[pid=21] ppid=16 vsize=160200 memory=121160 CPUtime=279.63 cores=70-83,182-195
/proc/21/stat : 21 (NuSMVa_linux64) R 16 16 0 0 -1 4194304 26202 0 73 0 27959 4 0 0 20 0 1 0 522810654 164044800 30290 67087892480 4194304 7931321 140726329162352 0 0 0 0 0 512 0 0 0 17 75 0 0 5 0 0 10030016 10037704 32980992 140726329170472 140726329170610 140726329170610 140726329171878 0
/proc/21/statm: 40050 30290 1732 913 0 28852 0
Current children cumulated CPU time: 280.45 s
Current children cumulated vsize: 385536 KiB
Current children cumulated memory: 195728 KiB

[startup+342.3 s]
/proc/loadavg: 24.31 21.90 21.34 22/3034 21
/proc/meminfo: memFree=503641176/527542192 swapFree=32113916/33554428
[pid=16] ppid=13 vsize=225336 memory=74568 CPUtime=0.82 cores=70-83,182-195
/proc/16/stat : 16 (python3) S 13 16 0 0 -1 4194304 14242 194 298 4 69 10 3 0 20 0 1 0 522810504 230744064 18642 67087892480 94917720797184 94917724067885 140722670805392 0 0 0 0 16781312 2 1 0 0 17 71 0 0 50 0 0 94917726431248 94917726715288 94917741715456 140722670807809 140722670807879 140722670807879 140722670809063 0
/proc/16/statm: 56334 18642 5151 799 0 23041 0
[pid=21] ppid=16 vsize=172516 memory=133540 CPUtime=339.36 cores=70-83,182-195
/proc/21/stat : 21 (NuSMVa_linux64) R 16 16 0 0 -1 4194304 29288 0 73 0 33932 4 0 0 20 0 1 0 522810654 176656384 33385 67087892480 4194304 7931321 140726329162352 0 0 0 0 0 512 0 0 0 17 75 0 0 5 0 0 10030016 10037704 32980992 140726329170472 140726329170610 140726329170610 140726329171878 0
/proc/21/statm: 43129 33385 1732 913 0 31931 0
Current children cumulated CPU time: 340.18 s
Current children cumulated vsize: 397852 KiB
Current children cumulated memory: 208108 KiB

[startup+402.3 s]
/proc/loadavg: 22.35 21.76 21.32 22/3038 21
/proc/meminfo: memFree=503876024/527542192 swapFree=32113916/33554428
[pid=16] ppid=13 vsize=225336 memory=74568 CPUtime=0.82 cores=70-83,182-195
/proc/16/stat : 16 (python3) S 13 16 0 0 -1 4194304 14242 194 298 4 69 10 3 0 20 0 1 0 522810504 230744064 18642 67087892480 94917720797184 94917724067885 140722670805392 0 0 0 0 16781312 2 1 0 0 17 71 0 0 50 0 0 94917726431248 94917726715288 94917741715456 140722670807809 140722670807879 140722670807879 140722670809063 0
/proc/16/statm: 56334 18642 5151 799 0 23041 0
[pid=21] ppid=16 vsize=176960 memory=138000 CPUtime=399.11 cores=70-83,182-195
/proc/21/stat : 21 (NuSMVa_linux64) R 16 16 0 0 -1 4194304 30438 0 73 0 39906 5 0 0 20 0 1 0 522810654 181207040 34500 67087892480 4194304 7931321 140726329162352 0 0 0 0 0 512 0 0 0 17 187 0 0 5 0 0 10030016 10037704 32980992 140726329170472 140726329170610 140726329170610 140726329171878 0
/proc/21/statm: 44240 34500 1732 913 0 33042 0
Current children cumulated CPU time: 399.93 s
Current children cumulated vsize: 402296 KiB
Current children cumulated memory: 212568 KiB

[startup+462.3 s]
/proc/loadavg: 23.23 22.16 21.49 22/3033 21
/proc/meminfo: memFree=503545320/527542192 swapFree=32113916/33554428
[pid=16] ppid=13 vsize=225336 memory=74568 CPUtime=0.82 cores=70-83,182-195
/proc/16/stat : 16 (python3) S 13 16 0 0 -1 4194304 14242 194 298 4 69 10 3 0 20 0 1 0 522810504 230744064 18642 67087892480 94917720797184 94917724067885 140722670805392 0 0 0 0 16781312 2 1 0 0 17 71 0 0 50 0 0 94917726431248 94917726715288 94917741715456 140722670807809 140722670807879 140722670807879 140722670809063 0
/proc/16/statm: 56334 18642 5151 799 0 23041 0
[pid=21] ppid=16 vsize=179840 memory=140640 CPUtime=458.84 cores=70-83,182-195
/proc/21/stat : 21 (NuSMVa_linux64) R 16 16 0 0 -1 4194304 31126 0 73 0 45879 5 0 0 20 0 1 0 522810654 184156160 35160 67087892480 4194304 7931321 140726329162352 0 0 0 0 0 512 0 0 0 17 187 0 0 5 0 0 10030016 10037704 32980992 140726329170472 140726329170610 140726329170610 140726329171878 0
/proc/21/statm: 44960 35160 1732 913 0 33762 0
Current children cumulated CPU time: 459.66 s
Current children cumulated vsize: 405176 KiB
Current children cumulated memory: 215208 KiB

[startup+522.3 s]
/proc/loadavg: 24.21 22.54 21.65 30/3064 21
/proc/meminfo: memFree=502944104/527542192 swapFree=32113916/33554428
[pid=16] ppid=13 vsize=225336 memory=74568 CPUtime=0.82 cores=70-83,182-195
/proc/16/stat : 16 (python3) S 13 16 0 0 -1 4194304 14242 194 298 4 69 10 3 0 20 0 1 0 522810504 230744064 18642 67087892480 94917720797184 94917724067885 140722670805392 0 0 0 0 16781312 2 1 0 0 17 71 0 0 50 0 0 94917726431248 94917726715288 94917741715456 140722670807809 140722670807879 140722670807879 140722670809063 0
/proc/16/statm: 56334 18642 5151 799 0 23041 0
[pid=21] ppid=16 vsize=199192 memory=160148 CPUtime=518.59 cores=70-83,182-195
/proc/21/stat : 21 (NuSMVa_linux64) R 16 16 0 0 -1 4194304 35971 0 73 0 51854 5 0 0 20 0 1 0 522810654 203972608 40037 67087892480 4194304 7931321 140726329162352 0 0 0 0 0 512 0 0 0 17 187 0 0 5 0 0 10030016 10037704 32980992 140726329170472 140726329170610 140726329170610 140726329171878 0
/proc/21/statm: 49798 40037 1732 913 0 38600 0
Current children cumulated CPU time: 519.41 s
Current children cumulated vsize: 424528 KiB
Current children cumulated memory: 234716 KiB

[startup+582.3 s]
/proc/loadavg: 21.83 22.20 21.59 21/3016 21
/proc/meminfo: memFree=503318136/527542192 swapFree=32113916/33554428
[pid=16] ppid=13 vsize=225336 memory=74568 CPUtime=0.82 cores=70-83,182-195
/proc/16/stat : 16 (python3) S 13 16 0 0 -1 4194304 14242 194 298 4 69 10 3 0 20 0 1 0 522810504 230744064 18642 67087892480 94917720797184 94917724067885 140722670805392 0 0 0 0 16781312 2 1 0 0 17 71 0 0 50 0 0 94917726431248 94917726715288 94917741715456 140722670807809 140722670807879 140722670807879 140722670809063 0
/proc/16/statm: 56334 18642 5151 799 0 23041 0
[pid=21] ppid=16 vsize=200216 memory=161204 CPUtime=578.37 cores=70-83,182-195
/proc/21/stat : 21 (NuSMVa_linux64) R 16 16 0 0 -1 4194304 36227 0 73 0 57832 5 0 0 20 0 1 0 522810654 205021184 40301 67087892480 4194304 7931321 140726329162352 0 0 0 0 0 512 0 0 0 17 187 0 0 5 0 0 10030016 10037704 32980992 140726329170472 140726329170610 140726329170610 140726329171878 0
/proc/21/statm: 50054 40301 1732 913 0 38856 0
Current children cumulated CPU time: 579.19 s
Current children cumulated vsize: 425552 KiB
Current children cumulated memory: 235772 KiB

[startup+642.3 s]
/proc/loadavg: 21.07 21.89 21.52 22/3027 21
/proc/meminfo: memFree=502793908/527542192 swapFree=32113916/33554428
[pid=16] ppid=13 vsize=225336 memory=74568 CPUtime=0.82 cores=70-83,182-195
/proc/16/stat : 16 (python3) S 13 16 0 0 -1 4194304 14242 194 298 4 69 10 3 0 20 0 1 0 522810504 230744064 18642 67087892480 94917720797184 94917724067885 140722670805392 0 0 0 0 16781312 2 1 0 0 17 71 0 0 50 0 0 94917726431248 94917726715288 94917741715456 140722670807809 140722670807879 140722670807879 140722670809063 0
/proc/16/statm: 56334 18642 5151 799 0 23041 0
[pid=21] ppid=16 vsize=200856 memory=161704 CPUtime=638.18 cores=70-83,182-195
/proc/21/stat : 21 (NuSMVa_linux64) R 16 16 0 0 -1 4194304 36401 0 73 0 63813 5 0 0 20 0 1 0 522810654 205676544 40426 67087892480 4194304 7931321 140726329162352 0 0 0 0 0 512 0 0 0 17 187 0 0 5 0 0 10030016 10037704 32980992 140726329170472 140726329170610 140726329170610 140726329171878 0
/proc/21/statm: 50214 40426 1732 913 0 39016 0
Current children cumulated CPU time: 639 s
Current children cumulated vsize: 426192 KiB
Current children cumulated memory: 236272 KiB

[startup+702.3 s]
/proc/loadavg: 20.92 21.71 21.48 21/3004 21
/proc/meminfo: memFree=503319068/527542192 swapFree=32113916/33554428
[pid=16] ppid=13 vsize=225336 memory=74568 CPUtime=0.82 cores=70-83,182-195
/proc/16/stat : 16 (python3) S 13 16 0 0 -1 4194304 14242 194 298 4 69 10 3 0 20 0 1 0 522810504 230744064 18642 67087892480 94917720797184 94917724067885 140722670805392 0 0 0 0 16781312 2 1 0 0 17 71 0 0 50 0 0 94917726431248 94917726715288 94917741715456 140722670807809 140722670807879 140722670807879 140722670809063 0
/proc/16/statm: 56334 18642 5151 799 0 23041 0
[pid=21] ppid=16 vsize=200856 memory=161704 CPUtime=697.99 cores=70-83,182-195
/proc/21/stat : 21 (NuSMVa_linux64) R 16 16 0 0 -1 4194304 36408 0 73 0 69794 5 0 0 20 0 1 0 522810654 205676544 40426 67087892480 4194304 7931321 140726329162352 0 0 0 0 0 512 0 0 0 17 187 0 0 5 0 0 10030016 10037704 32980992 140726329170472 140726329170610 140726329170610 140726329171878 0
/proc/21/statm: 50214 40426 1732 913 0 39016 0
Current children cumulated CPU time: 698.81 s
Current children cumulated vsize: 426192 KiB
Current children cumulated memory: 236272 KiB

[startup+762.3 s]
/proc/loadavg: 20.34 21.39 21.39 21/3003 21
/proc/meminfo: memFree=503340764/527542192 swapFree=32113916/33554428
[pid=16] ppid=13 vsize=225336 memory=74568 CPUtime=0.82 cores=70-83,182-195
/proc/16/stat : 16 (python3) S 13 16 0 0 -1 4194304 14242 194 298 4 69 10 3 0 20 0 1 0 522810504 230744064 18642 67087892480 94917720797184 94917724067885 140722670805392 0 0 0 0 16781312 2 1 0 0 17 71 0 0 50 0 0 94917726431248 94917726715288 94917741715456 140722670807809 140722670807879 140722670807879 140722670809063 0
/proc/16/statm: 56334 18642 5151 799 0 23041 0
[pid=21] ppid=16 vsize=200856 memory=161888 CPUtime=757.81 cores=70-83,182-195
/proc/21/stat : 21 (NuSMVa_linux64) R 16 16 0 0 -1 4194304 36415 0 73 0 75776 5 0 0 20 0 1 0 522810654 205676544 40472 67087892480 4194304 7931321 140726329162352 0 0 0 0 0 512 0 0 0 17 187 0 0 5 0 0 10030016 10037704 32980992 140726329170472 140726329170610 140726329170610 140726329171878 0
/proc/21/statm: 50214 40472 1732 913 0 39016 0
Current children cumulated CPU time: 758.63 s
Current children cumulated vsize: 426192 KiB
Current children cumulated memory: 236456 KiB

[startup+822.3 s]
/proc/loadavg: 20.18 21.15 21.30 22/3019 21
/proc/meminfo: memFree=503187876/527542192 swapFree=32113916/33554428
[pid=16] ppid=13 vsize=225336 memory=74568 CPUtime=0.82 cores=70-83,182-195
/proc/16/stat : 16 (python3) S 13 16 0 0 -1 4194304 14242 194 298 4 69 10 3 0 20 0 1 0 522810504 230744064 18642 67087892480 94917720797184 94917724067885 140722670805392 0 0 0 0 16781312 2 1 0 0 17 71 0 0 50 0 0 94917726431248 94917726715288 94917741715456 140722670807809 140722670807879 140722670807879 140722670809063 0
/proc/16/statm: 56334 18642 5151 799 0 23041 0
[pid=21] ppid=16 vsize=200856 memory=161888 CPUtime=817.62 cores=70-83,182-195
/proc/21/stat : 21 (NuSMVa_linux64) R 16 16 0 0 -1 4194304 36422 0 73 0 81757 5 0 0 20 0 1 0 522810654 205676544 40472 67087892480 4194304 7931321 140726329162352 0 0 0 0 0 512 0 0 0 17 75 0 0 5 0 0 10030016 10037704 32980992 140726329170472 140726329170610 140726329170610 140726329171878 0
/proc/21/statm: 50214 40472 1732 913 0 39016 0
Current children cumulated CPU time: 818.44 s
Current children cumulated vsize: 426192 KiB
Current children cumulated memory: 236456 KiB

[startup+882.3 s]
/proc/loadavg: 20.80 21.17 21.30 22/3015 21
/proc/meminfo: memFree=502437336/527542192 swapFree=32113916/33554428
[pid=16] ppid=13 vsize=225336 memory=74568 CPUtime=0.82 cores=70-83,182-195
/proc/16/stat : 16 (python3) S 13 16 0 0 -1 4194304 14242 194 298 4 69 10 3 0 20 0 1 0 522810504 230744064 18642 67087892480 94917720797184 94917724067885 140722670805392 0 0 0 0 16781312 2 1 0 0 17 71 0 0 50 0 0 94917726431248 94917726715288 94917741715456 140722670807809 140722670807879 140722670807879 140722670809063 0
/proc/16/statm: 56334 18642 5151 799 0 23041 0
[pid=21] ppid=16 vsize=200856 memory=161888 CPUtime=877.43 cores=70-83,182-195
/proc/21/stat : 21 (NuSMVa_linux64) R 16 16 0 0 -1 4194304 36429 0 73 0 87738 5 0 0 20 0 1 0 522810654 205676544 40472 67087892480 4194304 7931321 140726329162352 0 0 0 0 0 512 0 0 0 17 187 0 0 5 0 0 10030016 10037704 32980992 140726329170472 140726329170610 140726329170610 140726329171878 0
/proc/21/statm: 50214 40472 1732 913 0 39016 0
Current children cumulated CPU time: 878.25 s
Current children cumulated vsize: 426192 KiB
Current children cumulated memory: 236456 KiB

[startup+942.3 s]
/proc/loadavg: 20.48 21.02 21.24 21/2994 21
/proc/meminfo: memFree=503203044/527542192 swapFree=32113916/33554428
[pid=16] ppid=13 vsize=225336 memory=74568 CPUtime=0.82 cores=70-83,182-195
/proc/16/stat : 16 (python3) S 13 16 0 0 -1 4194304 14242 194 298 4 69 10 3 0 20 0 1 0 522810504 230744064 18642 67087892480 94917720797184 94917724067885 140722670805392 0 0 0 0 16781312 2 1 0 0 17 71 0 0 50 0 0 94917726431248 94917726715288 94917741715456 140722670807809 140722670807879 140722670807879 140722670809063 0
/proc/16/statm: 56334 18642 5151 799 0 23041 0
[pid=21] ppid=16 vsize=255072 memory=215948 CPUtime=937.23 cores=70-83,182-195
/proc/21/stat : 21 (NuSMVa_linux64) R 16 16 0 0 -1 4194304 49983 0 73 0 93715 8 0 0 20 0 1 0 522810654 261193728 53987 67087892480 4194304 7931321 140726329162352 0 0 0 0 0 512 0 0 0 17 187 0 0 5 0 0 10030016 10037704 32980992 140726329170472 140726329170610 140726329170610 140726329171878 0
/proc/21/statm: 63768 53987 1732 913 0 52570 0
Current children cumulated CPU time: 938.05 s
Current children cumulated vsize: 480408 KiB
Current children cumulated memory: 290516 KiB

[startup+1002.3 s]
/proc/loadavg: 20.21 20.85 21.16 21/2997 21
/proc/meminfo: memFree=503084932/527542192 swapFree=32113916/33554428
[pid=16] ppid=13 vsize=225336 memory=74568 CPUtime=0.82 cores=70-83,182-195
/proc/16/stat : 16 (python3) S 13 16 0 0 -1 4194304 14242 194 298 4 69 10 3 0 20 0 1 0 522810504 230744064 18642 67087892480 94917720797184 94917724067885 140722670805392 0 0 0 0 16781312 2 1 0 0 17 71 0 0 50 0 0 94917726431248 94917726715288 94917741715456 140722670807809 140722670807879 140722670807879 140722670809063 0
/proc/16/statm: 56334 18642 5151 799 0 23041 0
[pid=21] ppid=16 vsize=255904 memory=216740 CPUtime=997.02 cores=70-83,182-195
/proc/21/stat : 21 (NuSMVa_linux64) R 16 16 0 0 -1 4194304 50191 0 73 0 99694 8 0 0 20 0 1 0 522810654 262045696 54185 67087892480 4194304 7931321 140726329162352 0 0 0 0 0 512 0 0 0 17 187 0 0 5 0 0 10030016 10037704 32980992 140726329170472 140726329170610 140726329170610 140726329171878 0
/proc/21/statm: 63976 54185 1732 913 0 52778 0
Current children cumulated CPU time: 997.84 s
Current children cumulated vsize: 481240 KiB
Current children cumulated memory: 291308 KiB

[startup+1062.3 s]
/proc/loadavg: 20.08 20.69 21.09 21/2994 21
/proc/meminfo: memFree=503089624/527542192 swapFree=32113916/33554428
[pid=16] ppid=13 vsize=225336 memory=74568 CPUtime=0.82 cores=70-83,182-195
/proc/16/stat : 16 (python3) S 13 16 0 0 -1 4194304 14242 194 298 4 69 10 3 0 20 0 1 0 522810504 230744064 18642 67087892480 94917720797184 94917724067885 140722670805392 0 0 0 0 16781312 2 1 0 0 17 71 0 0 50 0 0 94917726431248 94917726715288 94917741715456 140722670807809 140722670807879 140722670807879 140722670809063 0
/proc/16/statm: 56334 18642 5151 799 0 23041 0
[pid=21] ppid=16 vsize=255904 memory=216740 CPUtime=1056.8 cores=70-83,182-195
/proc/21/stat : 21 (NuSMVa_linux64) R 16 16 0 0 -1 4194304 50207 0 73 0 105672 8 0 0 20 0 1 0 522810654 262045696 54185 67087892480 4194304 7931321 140726329162352 0 0 0 0 0 512 0 0 0 17 187 0 0 5 0 0 10030016 10037704 32980992 140726329170472 140726329170610 140726329170610 140726329171878 0
/proc/21/statm: 63976 54185 1732 913 0 52778 0
Current children cumulated CPU time: 1057.62 s
Current children cumulated vsize: 481240 KiB
Current children cumulated memory: 291308 KiB

[startup+1122.3 s]
/proc/loadavg: 20.39 20.65 21.04 22/3015 21
/proc/meminfo: memFree=502601020/527542192 swapFree=32113916/33554428
[pid=16] ppid=13 vsize=225336 memory=74568 CPUtime=0.82 cores=70-83,182-195
/proc/16/stat : 16 (python3) S 13 16 0 0 -1 4194304 14242 194 298 4 69 10 3 0 20 0 1 0 522810504 230744064 18642 67087892480 94917720797184 94917724067885 140722670805392 0 0 0 0 16781312 2 1 0 0 17 71 0 0 50 0 0 94917726431248 94917726715288 94917741715456 140722670807809 140722670807879 140722670807879 140722670809063 0
/proc/16/statm: 56334 18642 5151 799 0 23041 0
[pid=21] ppid=16 vsize=292304 memory=253408 CPUtime=1116.57 cores=70-83,182-195
/proc/21/stat : 21 (NuSMVa_linux64) R 16 16 0 0 -1 4194304 59330 0 73 0 111647 10 0 0 20 0 1 0 522810654 299319296 63352 67087892480 4194304 7931321 140726329162352 0 0 0 0 0 512 0 0 0 17 75 0 0 5 0 0 10030016 10037704 32980992 140726329170472 140726329170610 140726329170610 140726329171878 0
/proc/21/statm: 73076 63352 1732 913 0 61878 0
Current children cumulated CPU time: 1117.39 s
Current children cumulated vsize: 517640 KiB
Current children cumulated memory: 327976 KiB

[startup+1182.3 s]
/proc/loadavg: 23.02 21.22 21.20 22/3029 21
/proc/meminfo: memFree=502482028/527542192 swapFree=32113916/33554428
[pid=16] ppid=13 vsize=225336 memory=74568 CPUtime=0.82 cores=70-83,182-195
/proc/16/stat : 16 (python3) S 13 16 0 0 -1 4194304 14242 194 298 4 69 10 3 0 20 0 1 0 522810504 230744064 18642 67087892480 94917720797184 94917724067885 140722670805392 0 0 0 0 16781312 2 1 0 0 17 71 0 0 50 0 0 94917726431248 94917726715288 94917741715456 140722670807809 140722670807879 140722670807879 140722670809063 0
/proc/16/statm: 56334 18642 5151 799 0 23041 0
[pid=21] ppid=16 vsize=296848 memory=257632 CPUtime=1176.34 cores=70-83,182-195
/proc/21/stat : 21 (NuSMVa_linux64) R 16 16 0 0 -1 4194304 60434 0 73 0 117624 10 0 0 20 0 1 0 522810654 303972352 64408 67087892480 4194304 7931321 140726329162352 0 0 0 0 0 512 0 0 0 17 75 0 0 5 0 0 10030016 10037704 32980992 140726329170472 140726329170610 140726329170610 140726329171878 0
/proc/21/statm: 74212 64408 1732 913 0 63014 0
Current children cumulated CPU time: 1177.16 s
Current children cumulated vsize: 522184 KiB
Current children cumulated memory: 332200 KiB

[startup+1242.3 s]
/proc/loadavg: 22.47 21.47 21.30 22/3015 21
/proc/meminfo: memFree=503492508/527542192 swapFree=32113916/33554428
[pid=16] ppid=13 vsize=225336 memory=74568 CPUtime=0.82 cores=70-83,182-195
/proc/16/stat : 16 (python3) S 13 16 0 0 -1 4194304 14242 194 298 4 69 10 3 0 20 0 1 0 522810504 230744064 18642 67087892480 94917720797184 94917724067885 140722670805392 0 0 0 0 16781312 2 1 0 0 17 71 0 0 50 0 0 94917726431248 94917726715288 94917741715456 140722670807809 140722670807879 140722670807879 140722670809063 0
/proc/16/statm: 56334 18642 5151 799 0 23041 0
[pid=21] ppid=16 vsize=299024 memory=260008 CPUtime=1236.1 cores=70-83,182-195
/proc/21/stat : 21 (NuSMVa_linux64) R 16 16 0 0 -1 4194304 60978 0 73 0 123600 10 0 0 20 0 1 0 522810654 306200576 65002 67087892480 4194304 7931321 140726329162352 0 0 0 0 0 512 0 0 0 17 187 0 0 5 0 0 10030016 10037704 32980992 140726329170472 140726329170610 140726329170610 140726329171878 0
/proc/21/statm: 74756 65002 1732 913 0 63558 0
Current children cumulated CPU time: 1236.92 s
Current children cumulated vsize: 524360 KiB
Current children cumulated memory: 334576 KiB

[startup+1302.3 s]
/proc/loadavg: 21.06 21.26 21.23 21/3000 21
/proc/meminfo: memFree=503511684/527542192 swapFree=32113916/33554428
[pid=16] ppid=13 vsize=225336 memory=74568 CPUtime=0.82 cores=70-83,182-195
/proc/16/stat : 16 (python3) S 13 16 0 0 -1 4194304 14242 194 298 4 69 10 3 0 20 0 1 0 522810504 230744064 18642 67087892480 94917720797184 94917724067885 140722670805392 0 0 0 0 16781312 2 1 0 0 17 71 0 0 50 0 0 94917726431248 94917726715288 94917741715456 140722670807809 140722670807879 140722670807879 140722670809063 0
/proc/16/statm: 56334 18642 5151 799 0 23041 0
[pid=21] ppid=16 vsize=300304 memory=261328 CPUtime=1295.88 cores=70-83,182-195
/proc/21/stat : 21 (NuSMVa_linux64) R 16 16 0 0 -1 4194304 61298 0 73 0 129577 11 0 0 20 0 1 0 522810654 307511296 65332 67087892480 4194304 7931321 140726329162352 0 0 0 0 0 512 0 0 0 17 187 0 0 5 0 0 10030016 10037704 32980992 140726329170472 140726329170610 140726329170610 140726329171878 0
/proc/21/statm: 75076 65332 1732 913 0 63878 0
Current children cumulated CPU time: 1296.7 s
Current children cumulated vsize: 525640 KiB
Current children cumulated memory: 335896 KiB

[startup+1362.3 s]
/proc/loadavg: 20.39 21.03 21.15 21/2999 21
/proc/meminfo: memFree=503517088/527542192 swapFree=32113916/33554428
[pid=16] ppid=13 vsize=225336 memory=74568 CPUtime=0.82 cores=70-83,182-195
/proc/16/stat : 16 (python3) S 13 16 0 0 -1 4194304 14242 194 298 4 69 10 3 0 20 0 1 0 522810504 230744064 18642 67087892480 94917720797184 94917724067885 140722670805392 0 0 0 0 16781312 2 1 0 0 17 71 0 0 50 0 0 94917726431248 94917726715288 94917741715456 140722670807809 140722670807879 140722670807879 140722670809063 0
/proc/16/statm: 56334 18642 5151 799 0 23041 0
[pid=21] ppid=16 vsize=300304 memory=261328 CPUtime=1355.66 cores=70-83,182-195
/proc/21/stat : 21 (NuSMVa_linux64) R 16 16 0 0 -1 4194304 61305 0 73 0 135555 11 0 0 20 0 1 0 522810654 307511296 65332 67087892480 4194304 7931321 140726329162352 0 0 0 0 0 512 0 0 0 17 187 0 0 5 0 0 10030016 10037704 32980992 140726329170472 140726329170610 140726329170610 140726329171878 0
/proc/21/statm: 75076 65332 1732 913 0 63878 0
Current children cumulated CPU time: 1356.48 s
Current children cumulated vsize: 525640 KiB
Current children cumulated memory: 335896 KiB

[startup+1422.3 s]
/proc/loadavg: 20.17 20.85 21.08 21/3000 21
/proc/meminfo: memFree=503659308/527542192 swapFree=32113916/33554428
[pid=16] ppid=13 vsize=225336 memory=74568 CPUtime=0.82 cores=70-83,182-195
/proc/16/stat : 16 (python3) S 13 16 0 0 -1 4194304 14242 194 298 4 69 10 3 0 20 0 1 0 522810504 230744064 18642 67087892480 94917720797184 94917724067885 140722670805392 0 0 0 0 16781312 2 1 0 0 17 71 0 0 50 0 0 94917726431248 94917726715288 94917741715456 140722670807809 140722670807879 140722670807879 140722670809063 0
/proc/16/statm: 56334 18642 5151 799 0 23041 0
[pid=21] ppid=16 vsize=300304 memory=261336 CPUtime=1415.48 cores=70-83,182-195
/proc/21/stat : 21 (NuSMVa_linux64) R 16 16 0 0 -1 4194304 62336 0 73 0 141537 11 0 0 20 0 1 0 522810654 307511296 65334 67087892480 4194304 7931321 140726329162352 0 0 0 0 0 512 0 0 0 17 187 0 0 5 0 0 10030016 10037704 32980992 140726329170472 140726329170610 140726329170610 140726329171878 0
/proc/21/statm: 75076 65334 1732 913 0 63878 0
Current children cumulated CPU time: 1416.3 s
Current children cumulated vsize: 525640 KiB
Current children cumulated memory: 335904 KiB

[startup+1482.3 s]
/proc/loadavg: 20.06 20.69 21.01 21/3000 21
/proc/meminfo: memFree=503672456/527542192 swapFree=32113916/33554428
[pid=16] ppid=13 vsize=225336 memory=74568 CPUtime=0.82 cores=70-83,182-195
/proc/16/stat : 16 (python3) S 13 16 0 0 -1 4194304 14242 194 298 4 69 10 3 0 20 0 1 0 522810504 230744064 18642 67087892480 94917720797184 94917724067885 140722670805392 0 0 0 0 16781312 2 1 0 0 17 71 0 0 50 0 0 94917726431248 94917726715288 94917741715456 140722670807809 140722670807879 140722670807879 140722670809063 0
/proc/16/statm: 56334 18642 5151 799 0 23041 0
[pid=21] ppid=16 vsize=300304 memory=261336 CPUtime=1475.29 cores=70-83,182-195
/proc/21/stat : 21 (NuSMVa_linux64) R 16 16 0 0 -1 4194304 62343 0 73 0 147518 11 0 0 20 0 1 0 522810654 307511296 65334 67087892480 4194304 7931321 140726329162352 0 0 0 0 0 512 0 0 0 17 187 0 0 5 0 0 10030016 10037704 32980992 140726329170472 140726329170610 140726329170610 140726329171878 0
/proc/21/statm: 75076 65334 1732 913 0 63878 0
Current children cumulated CPU time: 1476.11 s
Current children cumulated vsize: 525640 KiB
Current children cumulated memory: 335904 KiB

[startup+1542.3 s]
/proc/loadavg: 20.02 20.57 20.95 21/2995 21
/proc/meminfo: memFree=503675160/527542192 swapFree=32113916/33554428
[pid=16] ppid=13 vsize=225336 memory=74568 CPUtime=0.82 cores=70-83,182-195
/proc/16/stat : 16 (python3) S 13 16 0 0 -1 4194304 14242 194 298 4 69 10 3 0 20 0 1 0 522810504 230744064 18642 67087892480 94917720797184 94917724067885 140722670805392 0 0 0 0 16781312 2 1 0 0 17 71 0 0 50 0 0 94917726431248 94917726715288 94917741715456 140722670807809 140722670807879 140722670807879 140722670809063 0
/proc/16/statm: 56334 18642 5151 799 0 23041 0
[pid=21] ppid=16 vsize=300304 memory=261336 CPUtime=1535.11 cores=70-83,182-195
/proc/21/stat : 21 (NuSMVa_linux64) R 16 16 0 0 -1 4194304 62350 0 73 0 153500 11 0 0 20 0 1 0 522810654 307511296 65334 67087892480 4194304 7931321 140726329162352 0 0 0 0 0 512 0 0 0 17 187 0 0 5 0 0 10030016 10037704 32980992 140726329170472 140726329170610 140726329170610 140726329171878 0
/proc/21/statm: 75076 65334 1732 913 0 63878 0
Current children cumulated CPU time: 1535.93 s
Current children cumulated vsize: 525640 KiB
Current children cumulated memory: 335904 KiB

[startup+1602.3 s]
/proc/loadavg: 21.05 20.77 20.99 22/3018 21
/proc/meminfo: memFree=513852808/527542192 swapFree=32113916/33554428
[pid=16] ppid=13 vsize=225336 memory=74568 CPUtime=0.82 cores=70-83,182-195
/proc/16/stat : 16 (python3) S 13 16 0 0 -1 4194304 14242 194 298 4 69 10 3 0 20 0 1 0 522810504 230744064 18642 67087892480 94917720797184 94917724067885 140722670805392 0 0 0 0 16781312 2 1 0 0 17 71 0 0 50 0 0 94917726431248 94917726715288 94917741715456 140722670807809 140722670807879 140722670807879 140722670809063 0
/proc/16/statm: 56334 18642 5151 799 0 23041 0
[pid=21] ppid=16 vsize=300304 memory=261336 CPUtime=1594.91 cores=70-83,182-195
/proc/21/stat : 21 (NuSMVa_linux64) R 16 16 0 0 -1 4194304 62357 0 73 0 159480 11 0 0 20 0 1 0 522810654 307511296 65334 67087892480 4194304 7931321 140726329162352 0 0 0 0 0 512 0 0 0 17 187 0 0 5 0 0 10030016 10037704 32980992 140726329170472 140726329170610 140726329170610 140726329171878 0
/proc/21/statm: 75076 65334 1732 913 0 63878 0
Current children cumulated CPU time: 1595.73 s
Current children cumulated vsize: 525640 KiB
Current children cumulated memory: 335904 KiB

[startup+1662.3 s]
/proc/loadavg: 20.46 20.65 20.94 21/2996 21
/proc/meminfo: memFree=511678412/527542192 swapFree=32113916/33554428
[pid=16] ppid=13 vsize=225336 memory=74568 CPUtime=0.82 cores=70-83,182-195
/proc/16/stat : 16 (python3) S 13 16 0 0 -1 4194304 14242 194 298 4 69 10 3 0 20 0 1 0 522810504 230744064 18642 67087892480 94917720797184 94917724067885 140722670805392 0 0 0 0 16781312 2 1 0 0 17 71 0 0 50 0 0 94917726431248 94917726715288 94917741715456 140722670807809 140722670807879 140722670807879 140722670809063 0
/proc/16/statm: 56334 18642 5151 799 0 23041 0
[pid=21] ppid=16 vsize=300304 memory=261336 CPUtime=1654.73 cores=70-83,182-195
/proc/21/stat : 21 (NuSMVa_linux64) R 16 16 0 0 -1 4194304 62364 0 73 0 165462 11 0 0 20 0 1 0 522810654 307511296 65334 67087892480 4194304 7931321 140726329162352 0 0 0 0 0 512 0 0 0 17 187 0 0 5 0 0 10030016 10037704 32980992 140726329170472 140726329170610 140726329170610 140726329171878 0
/proc/21/statm: 75076 65334 1732 913 0 63878 0
Current children cumulated CPU time: 1655.55 s
Current children cumulated vsize: 525640 KiB
Current children cumulated memory: 335904 KiB

[startup+1722.3 s]
/proc/loadavg: 20.32 20.59 20.90 22/3010 21
/proc/meminfo: memFree=509399624/527542192 swapFree=32113916/33554428
[pid=16] ppid=13 vsize=225336 memory=74568 CPUtime=0.82 cores=70-83,182-195
/proc/16/stat : 16 (python3) S 13 16 0 0 -1 4194304 14242 194 298 4 69 10 3 0 20 0 1 0 522810504 230744064 18642 67087892480 94917720797184 94917724067885 140722670805392 0 0 0 0 16781312 2 1 0 0 17 71 0 0 50 0 0 94917726431248 94917726715288 94917741715456 140722670807809 140722670807879 140722670807879 140722670809063 0
/proc/16/statm: 56334 18642 5151 799 0 23041 0
[pid=21] ppid=16 vsize=300304 memory=261336 CPUtime=1714.55 cores=70-83,182-195
/proc/21/stat : 21 (NuSMVa_linux64) R 16 16 0 0 -1 4194304 62371 0 73 0 171444 11 0 0 20 0 1 0 522810654 307511296 65334 67087892480 4194304 7931321 140726329162352 0 0 0 0 0 512 0 0 0 17 187 0 0 5 0 0 10030016 10037704 32980992 140726329170472 140726329170610 140726329170610 140726329171878 0
/proc/21/statm: 75076 65334 1732 913 0 63878 0
Current children cumulated CPU time: 1715.37 s
Current children cumulated vsize: 525640 KiB
Current children cumulated memory: 335904 KiB

[startup+1782.3 s]
/proc/loadavg: 21.07 20.71 20.92 22/3045 21
/proc/meminfo: memFree=507488712/527542192 swapFree=32113916/33554428
[pid=16] ppid=13 vsize=225336 memory=76608 CPUtime=0.82 cores=70-83,182-195
/proc/16/stat : 16 (python3) S 13 16 0 0 -1 4194304 14242 194 298 4 69 10 3 0 20 0 1 0 522810504 230744064 19152 67087892480 94917720797184 94917724067885 140722670805392 0 0 0 0 16781312 2 1 0 0 17 71 0 0 50 0 0 94917726431248 94917726715288 94917741715456 140722670807809 140722670807879 140722670807879 140722670809063 0
/proc/16/statm: 56334 19152 5151 799 0 23041 0
[pid=21] ppid=16 vsize=300304 memory=261336 CPUtime=1774.32 cores=70-83,182-195
/proc/21/stat : 21 (NuSMVa_linux64) R 16 16 0 0 -1 4194304 62404 0 73 0 177420 12 0 0 20 0 1 0 522810654 307511296 65334 67087892480 4194304 7931321 140726329162352 0 0 0 0 0 512 0 0 0 17 187 0 0 5 0 0 10030016 10037704 32980992 140726329170472 140726329170610 140726329170610 140726329171878 0
/proc/21/statm: 75076 65334 1732 913 0 63878 0
Current children cumulated CPU time: 1775.14 s
Current children cumulated vsize: 525640 KiB
Current children cumulated memory: 337944 KiB



Maximum wall clock time exceeded: sending SIGTERM then SIGKILL

[startup+1800 s]*
/proc/loadavg: 21.79 20.88 20.97 30/3059 21
/proc/meminfo: memFree=506334936/527542192 swapFree=32113916/33554428
[pid=16] ppid=13 vsize=225336 memory=76608 CPUtime=0.82 cores=70-83,182-195
/proc/16/stat : 16 (python3) S 13 16 0 0 -1 4194304 14242 194 298 4 69 10 3 0 20 0 1 0 522810504 230744064 19152 67087892480 94917720797184 94917724067885 140722670805392 0 0 0 0 16781312 2 1 0 0 17 71 0 0 50 0 0 94917726431248 94917726715288 94917741715456 140722670807809 140722670807879 140722670807879 140722670809063 0
/proc/16/statm: 56334 19152 5151 799 0 23041 0
[pid=21] ppid=16 vsize=300304 memory=261336 CPUtime=1791.94 cores=70-83,182-195
/proc/21/stat : 21 (NuSMVa_linux64) R 16 16 0 0 -1 4194304 62421 0 73 0 179182 12 0 0 20 0 1 0 522810654 307511296 65334 67087892480 4194304 7931321 140726329162352 0 0 0 0 0 512 0 0 0 17 187 0 0 5 0 0 10030016 10037704 32980992 140726329170472 140726329170610 140726329170610 140726329171878 0
/proc/21/statm: 75076 65334 1732 913 0 63878 0
Current children cumulated CPU time: 1792.76 s
Current children cumulated vsize: 525640 KiB
Current children cumulated memory: 337944 KiB

Sending SIGTERM to process tree (bottom up)
Sleeping 2 seconds

[startup+1800.01 s]
# the end of solver process 16 was just reported to runsolver
# cumulated CPU time of all completed processes:  user=0.732578 s, system=0.111145 s

[startup+1800.01 s]
# the end of solver process 21 was just reported to runsolver
# cumulated CPU time of all completed processes:  user=1792.56 s, system=0.239611 s
# this solver process was not waited by its parent and was adopted by runsolver

Solver just ended.
??? end of watcher thread
Dumping a history of the last processes samples

Child ended because it received signal 15 (SIGTERM)
Real time (s): 1800.01
CPU time (s): 1792.8
CPU user time (s): 1792.56
CPU system time (s): 0.239611
CPU usage (%): 99.5996
Max. virtual memory (cumulated for all children) (KiB): 525640
Max. memory (cumulated for all children) (KiB): 337944

getrusage(RUSAGE_CHILDREN,...) data:
user time used= 1792.56
system time used= 0.239611
maximum resident set size= 261336
integral shared memory size= 0
integral unshared data size= 0
integral unshared stack size= 0
page reclaims= 76857
page faults= 375
swaps= 0
block input operations= 104584
block output operations= 0
messages sent= 0
messages received= 0
signals received= 0
voluntary context switches= 10347
involuntary context switches= 1077


# summary of solver processes directly reported to runsolver:
#   pid: 16,21
#   total CPU time (s): 1792.8
#   total CPU user time (s): 1792.56
#   total CPU system time (s): 0.239611

??? join timestamper begins
??? join timestamper ends
??? end of timestamper thread
runsolver used 1.0933 second user time and 2.73283 second system time

The end
