# WCTIME: wall clock time in seconds
WCTIME=1800.01
# CPUTIME: CPU time in seconds (USERTIME+SYSTEMTIME)
CPUTIME=1792.57
# USERTIME: CPU time spent in user mode in seconds
USERTIME=1752.99
# SYSTEMTIME: CPU time spent in system mode in seconds
SYSTEMTIME=39.5842
# CPUUSAGE: CPUTIME/WCTIME in percent
CPUUSAGE=99.587
# MAXVM: maximum virtual memory used in KiB
MAXVM=1659908
# MAXMM: maximum memory used in KiB
MAXMM=1317288
# MAXRSS: maximum Resident Segment Size in KiB
MAXRSS=1339136
# TIMEOUT: did the solver exceed the time limit?
TIMEOUT=true
# MEMOUT: did the solver exceed the memory limit?
MEMOUT=false
# EXITSTATUS: Exit status of the solver
EXITSTATUS=15
