# WCTIME: wall clock time in seconds
WCTIME=2.78302
# CPUTIME: CPU time in seconds (USERTIME+SYSTEMTIME)
CPUTIME=2.58576
# USERTIME: CPU time spent in user mode in seconds
USERTIME=2.52916
# SYSTEMTIME: CPU time spent in system mode in seconds
SYSTEMTIME=0.056602
# CPUUSAGE: CPUTIME/WCTIME in percent
CPUUSAGE=92.9118
# MAXVM: maximum virtual memory used in KiB
MAXVM=30668
# MAXMM: maximum memory used in KiB
MAXMM=21972
# MAXRSS: maximum Resident Segment Size in KiB
MAXRSS=12604
# TIMEOUT: did the solver exceed the time limit?
TIMEOUT=false
# MEMOUT: did the solver exceed the memory limit?
MEMOUT=false
# EXITSTATUS: Exit status of the solver
EXITSTATUS=0
