runsolver version 3.4.1 (svn: 3018) Copyright (C) 2010-2013 Olivier ROUSSEL

This program is distributed in the hope that it will be useful,
but WITHOUT ANY WARRANTY; without even the implied warranty of
MERCHANTABILITY or FITNESS FOR A PARTICULAR PURPOSE.  See the
GNU General Public License for more details.

NUMA information:
  number of nodes: 8
  memory of node 0: 63700 MiB (61288 MiB free)
  memory of node 1: 64504 MiB (63419 MiB free)
  memory of node 2: 64504 MiB (61812 MiB free)
  memory of node 3: 64504 MiB (63699 MiB free)
  memory of node 4: 64461 MiB (63370 MiB free)
  memory of node 5: 64504 MiB (63386 MiB free)
  memory of node 6: 64504 MiB (63602 MiB free)
  memory of node 7: 64491 MiB (62995 MiB free)
  node distances:
     10  12  12  12  21  21  21  21
     12  10  12  12  21  21  21  21
     12  12  10  12  21  21  21  21
     12  12  12  10  21  21  21  21
     21  21  21  21  10  12  12  12
     21  21  21  21  12  10  12  12
     21  21  21  21  12  12  10  12
     21  21  21  21  12  12  12  10

command line: /usr/local/bin/runsolver --timestamp -w /output/runsolver-watch.log -v /output/runsolver-values.log -o /output/solver-output.log -C 1800.0 -W 1800.0 -R 64000 /opt/solver/run_bn4rust.py --mode cyber-full --instance /input/model_118.bnet 

running on 20 cores: 98-103,108-111,210-211,216-223

Enforcing CPUTime limit (soft limit, will send SIGTERM then SIGKILL): 1800 seconds
Enforcing CPUTime limit (hard limit, will send SIGXCPU): 1830 seconds
Enforcing wall clock limit (soft limit, will send SIGTERM then SIGKILL): 1800 seconds
Enforcing RSS+Swap limit (soft limit, will send SIGTERM then SIGKILL): 65536000 KiB
Linux 4.18.0-553.159.1.el8_10.x86_64
Current StackSize limit: 18014398509481983 KiB

solver pid=16, runsolver pid=13

[startup+0.100074 s]*
/proc/loadavg: 0.00 0.01 0.00 8/2885 17
/proc/meminfo: memFree=515702312/527542240 swapFree=33534972/33554428
[pid=16] ppid=13 vsize=15800 memory=10048 CPUtime=0.02 cores=98-111,210-223
/proc/16/stat : 16 (python3) S 13 16 0 0 -1 4194304 1395 0 84 0 2 0 0 0 20 0 1 0 53231050 16179200 2512 67087892480 4194304 7154137 140725005075792 0 0 0 0 16781312 2 0 0 0 17 111 0 0 6 0 0 9727432 11029816 19124224 140725005077335 140725005077421 140725005077421 140725005078503 0
/proc/16/statm: 3950 2512 1378 723 0 1674 0
Current children cumulated CPU time: 0.02 s
Current children cumulated vsize: 15800 KiB
Current children cumulated memory: 10048 KiB

[startup+0.200704 s]*
/proc/loadavg: 0.00 0.01 0.00 6/2900 18
/proc/meminfo: memFree=515632984/527542240 swapFree=33534972/33554428
[pid=16] ppid=13 vsize=17684 memory=12356 CPUtime=0.03 cores=98-111,210-223
/proc/16/stat : 16 (python3) S 13 16 0 0 -1 4194304 1895 0 96 0 3 0 0 0 20 0 1 0 53231050 18108416 3089 67087892480 4194304 7154137 140725005075792 0 0 0 0 16781312 2 1 0 0 17 111 0 0 8 0 0 9727432 11029816 19124224 140725005077335 140725005077421 140725005077421 140725005078503 0
/proc/16/statm: 4421 3089 1496 723 0 2063 0
[pid=18] ppid=16 vsize=7772 memory=4552 CPUtime=0 cores=98-111,210-223
/proc/18/stat : 18 (bn4rust) I 16 16 0 0 -1 4194304 152 0 14 0 0 0 0 0 20 0 1 0 53231063 7958528 1138 67087892480 94270082777088 94270084644209 140721276082144 0 0 0 0 4096 1088 0 0 0 17 105 0 0 1 0 0 94270084902272 94270084949208 94270089400320 140721276082970 140721276083094 140721276083094 140721276084193 0
/proc/18/statm: 1943 1138 1073 456 0 104 0
Current children cumulated CPU time: 0.03 s
Current children cumulated vsize: 25456 KiB
Current children cumulated memory: 16908 KiB

[startup+0.224061 s]
# the end of solver process 16 was just reported to runsolver
# cumulated CPU time of all completed processes:  user=0.055245 s, system=0.011561 s

Solver just ended.
??? end of watcher thread
Dumping a history of the last processes samples

Child status: 0
Real time (s): 0.224082
CPU time (s): 0.066806
CPU user time (s): 0.055245
CPU system time (s): 0.011561
CPU usage (%): 29.8132
Max. virtual memory (cumulated for all children) (KiB): 25456
Max. memory (cumulated for all children) (KiB): 16908

getrusage(RUSAGE_CHILDREN,...) data:
user time used= 0.055245
system time used= 0.011561
maximum resident set size= 12544
integral shared memory size= 0
integral unshared data size= 0
integral unshared stack size= 0
page reclaims= 2117
page faults= 115
swaps= 0
block input operations= 19968
block output operations= 0
messages sent= 0
messages received= 0
signals received= 0
voluntary context switches= 961
involuntary context switches= 1


# summary of solver processes directly reported to runsolver:
#   pid: 16
#   total CPU time (s): 0.066806
#   total CPU user time (s): 0.055245
#   total CPU system time (s): 0.011561

??? join timestamper begins
??? join timestamper ends
??? end of timestamper thread
runsolver used 0.001114 second user time and 0.005554 second system time

The end
