runsolver version 3.4.1 (svn: 3018) Copyright (C) 2010-2013 Olivier ROUSSEL

This program is distributed in the hope that it will be useful,
but WITHOUT ANY WARRANTY; without even the implied warranty of
MERCHANTABILITY or FITNESS FOR A PARTICULAR PURPOSE.  See the
GNU General Public License for more details.

NUMA information:
  number of nodes: 8
  memory of node 0: 63700 MiB (60029 MiB free)
  memory of node 1: 64504 MiB (63806 MiB free)
  memory of node 2: 64461 MiB (57213 MiB free)
  memory of node 3: 64504 MiB (58564 MiB free)
  memory of node 4: 64504 MiB (63371 MiB free)
  memory of node 5: 64504 MiB (56618 MiB free)
  memory of node 6: 64504 MiB (57795 MiB free)
  memory of node 7: 64491 MiB (56079 MiB free)
  node distances:
     10  12  12  12  21  21  21  21
     12  10  12  12  21  21  21  21
     12  12  10  12  21  21  21  21
     12  12  12  10  21  21  21  21
     21  21  21  21  10  12  12  12
     21  21  21  21  12  10  12  12
     21  21  21  21  12  12  10  12
     21  21  21  21  12  12  12  10

command line: /usr/local/bin/runsolver --timestamp -w /output/runsolver-watch.log -v /output/runsolver-values.log -o /output/solver-output.log -C 1800.0 -W 1800.0 -R 64000 /opt/solver/run_bn4rust.py --mode cyber-complement-gfp --instance /input/model_024.bnet 

running on 28 cores: 14-27,126-139

Enforcing CPUTime limit (soft limit, will send SIGTERM then SIGKILL): 1800 seconds
Enforcing CPUTime limit (hard limit, will send SIGXCPU): 1830 seconds
Enforcing wall clock limit (soft limit, will send SIGTERM then SIGKILL): 1800 seconds
Enforcing RSS+Swap limit (soft limit, will send SIGTERM then SIGKILL): 65536000 KiB
Linux 4.18.0-553.159.1.el8_10.x86_64
Current StackSize limit: 18014398509481983 KiB

solver pid=16, runsolver pid=13

[startup+0.10008 s]*
/proc/loadavg: 34.68 33.91 33.97 37/2813 17
/proc/meminfo: memFree=484813056/527542196 swapFree=33554172/33554428
[pid=16] ppid=13 vsize=15800 memory=10108 CPUtime=0.02 cores=14-27,126-139
/proc/16/stat : 16 (python3) D 13 16 0 0 -1 4194304 1394 0 84 0 1 1 0 0 20 0 1 0 53240161 16179200 2527 67087892480 4194304 7154137 140723652912080 0 0 0 0 16781312 2 0 0 0 17 138 0 0 6 0 0 9727432 11029816 11915264 140723652918093 140723652918189 140723652918189 140723652919271 0
/proc/16/statm: 3950 2527 1392 723 0 1674 0
Current children cumulated CPU time: 0.02 s
Current children cumulated vsize: 15800 KiB
Current children cumulated memory: 10108 KiB

[startup+0.200575 s]*
/proc/loadavg: 34.68 33.91 33.97 38/2815 18
/proc/meminfo: memFree=484851000/527542196 swapFree=33554172/33554428
[pid=16] ppid=13 vsize=17684 memory=12424 CPUtime=0.03 cores=14-27,126-139
/proc/16/stat : 16 (python3) S 13 16 0 0 -1 4194304 1895 0 96 0 2 1 0 0 20 0 1 0 53240161 18108416 3106 67087892480 4194304 7154137 140723652912080 0 0 0 0 16781312 2 1 0 0 17 138 0 0 8 0 0 9727432 11029816 11915264 140723652918093 140723652918189 140723652918189 140723652919271 0
/proc/16/statm: 4421 3106 1511 723 0 2063 0
[pid=18] ppid=16 vsize=8008 memory=5032 CPUtime=0.04 cores=14-27,126-139
/proc/18/stat : 18 (bn4rust) R 16 16 0 0 -1 4194304 218 0 17 0 4 0 0 0 20 0 1 0 53240174 8200192 1258 67087892480 94236731199488 94236733066609 140731214822848 0 0 0 0 4096 1088 0 0 0 17 19 0 0 1 0 0 94236733324672 94236733371608 94236761112576 140731214830352 140731214830486 140731214830486 140731214831585 0
/proc/18/statm: 2002 1258 1124 456 0 163 0
Current children cumulated CPU time: 0.07 s
Current children cumulated vsize: 25692 KiB
Current children cumulated memory: 17456 KiB

[startup+0.223137 s]
# the end of solver process 16 was just reported to runsolver
# cumulated CPU time of all completed processes:  user=0.092651 s, system=0.02127 s

Solver just ended.
??? end of watcher thread
Dumping a history of the last processes samples

Child status: 0
Real time (s): 0.223145
CPU time (s): 0.113921
CPU user time (s): 0.092651
CPU system time (s): 0.02127
CPU usage (%): 51.0525
Max. virtual memory (cumulated for all children) (KiB): 25692
Max. memory (cumulated for all children) (KiB): 17456

getrusage(RUSAGE_CHILDREN,...) data:
user time used= 0.092651
system time used= 0.02127
maximum resident set size= 12616
integral shared memory size= 0
integral unshared data size= 0
integral unshared stack size= 0
page reclaims= 2134
page faults= 115
swaps= 0
block input operations= 19784
block output operations= 0
messages sent= 0
messages received= 0
signals received= 0
voluntary context switches= 989
involuntary context switches= 0


# summary of solver processes directly reported to runsolver:
#   pid: 16
#   total CPU time (s): 0.113921
#   total CPU user time (s): 0.092651
#   total CPU system time (s): 0.02127

??? join timestamper begins
??? join timestamper ends
??? end of timestamper thread
runsolver used 0.001022 second user time and 0.005682 second system time

The end
