# WCTIME: wall clock time in seconds
WCTIME=1800.01
# CPUTIME: CPU time in seconds (USERTIME+SYSTEMTIME)
CPUTIME=1792.25
# USERTIME: CPU time spent in user mode in seconds
USERTIME=1752.38
# SYSTEMTIME: CPU time spent in system mode in seconds
SYSTEMTIME=39.8658
# CPUUSAGE: CPUTIME/WCTIME in percent
CPUUSAGE=99.5688
# MAXVM: maximum virtual memory used in KiB
MAXVM=2036872
# MAXMM: maximum memory used in KiB
MAXMM=1689240
# MAXRSS: maximum Resident Segment Size in KiB
MAXRSS=1796464
# TIMEOUT: did the solver exceed the time limit?
TIMEOUT=true
# MEMOUT: did the solver exceed the memory limit?
MEMOUT=false
# EXITSTATUS: Exit status of the solver
EXITSTATUS=15
