# WCTIME: wall clock time in seconds
WCTIME=20.85
# CPUTIME: CPU time in seconds (USERTIME+SYSTEMTIME)
CPUTIME=20.6767
# USERTIME: CPU time spent in user mode in seconds
USERTIME=20.4314
# SYSTEMTIME: CPU time spent in system mode in seconds
SYSTEMTIME=0.245213
# CPUUSAGE: CPUTIME/WCTIME in percent
CPUUSAGE=99.1687
# MAXVM: maximum virtual memory used in KiB
MAXVM=33052
# MAXMM: maximum memory used in KiB
MAXMM=24344
# MAXRSS: maximum Resident Segment Size in KiB
MAXRSS=12584
# TIMEOUT: did the solver exceed the time limit?
TIMEOUT=false
# MEMOUT: did the solver exceed the memory limit?
MEMOUT=false
# EXITSTATUS: Exit status of the solver
EXITSTATUS=0
