runsolver version 3.4.1 (svn: 3018) Copyright (C) 2010-2013 Olivier ROUSSEL

This program is distributed in the hope that it will be useful,
but WITHOUT ANY WARRANTY; without even the implied warranty of
MERCHANTABILITY or FITNESS FOR A PARTICULAR PURPOSE.  See the
GNU General Public License for more details.

NUMA information:
  number of nodes: 8
  memory of node 0: 63657 MiB (40459 MiB free)
  memory of node 1: 64504 MiB (59229 MiB free)
  memory of node 2: 64504 MiB (63097 MiB free)
  memory of node 3: 64504 MiB (62961 MiB free)
  memory of node 4: 64504 MiB (43626 MiB free)
  memory of node 5: 64504 MiB (44490 MiB free)
  memory of node 6: 64504 MiB (44689 MiB free)
  memory of node 7: 64491 MiB (48056 MiB free)
  node distances:
     10  12  12  12  21  21  21  21
     12  10  12  12  21  21  21  21
     12  12  10  12  21  21  21  21
     12  12  12  10  21  21  21  21
     21  21  21  21  10  12  12  12
     21  21  21  21  12  10  12  12
     21  21  21  21  12  12  10  12
     21  21  21  21  12  12  12  10

command line: /usr/local/bin/runsolver --timestamp -w /output/runsolver-watch.log -v /output/runsolver-values.log -o /output/solver-output.log -C 1800.0 -W 1800.0 -R 64000 /opt/solver/run_bn4rust.py --mode cyber-complement-gfp --instance /input/model_114.bnet 

running on 16 cores: 0-13,124-125

Enforcing CPUTime limit (soft limit, will send SIGTERM then SIGKILL): 1800 seconds
Enforcing CPUTime limit (hard limit, will send SIGXCPU): 1830 seconds
Enforcing wall clock limit (soft limit, will send SIGTERM then SIGKILL): 1800 seconds
Enforcing RSS+Swap limit (soft limit, will send SIGTERM then SIGKILL): 65536000 KiB
Linux 4.18.0-553.159.1.el8_10.x86_64
Current StackSize limit: 18014398509481983 KiB

solver pid=16, runsolver pid=13

[startup+0.100062 s]*
/proc/loadavg: 66.61 65.14 64.45 73/2837 17
/proc/meminfo: memFree=416354328/527542196 swapFree=33544188/33554428
[pid=16] ppid=13 vsize=15800 memory=10108 CPUtime=0.02 cores=0-13,112-125
/proc/16/stat : 16 (python3) R 13 16 0 0 -1 4194304 1384 0 84 0 2 0 0 0 20 0 1 0 53242203 16179200 2527 67087892480 4194304 7154137 140726835828048 0 0 0 0 16781312 2 0 0 0 17 3 0 0 6 0 0 9727432 11029816 38948864 140726835829581 140726835829677 140726835829677 140726835830759 0
/proc/16/statm: 3950 2527 1394 723 0 1674 0
Current children cumulated CPU time: 0.02 s
Current children cumulated vsize: 15800 KiB
Current children cumulated memory: 10108 KiB

[startup+0.200595 s]*
/proc/loadavg: 66.61 65.14 64.45 68/2838 18
/proc/meminfo: memFree=416340396/527542196 swapFree=33544188/33554428
[pid=16] ppid=13 vsize=17684 memory=12420 CPUtime=0.04 cores=0-13,112-125
/proc/16/stat : 16 (python3) S 13 16 0 0 -1 4194304 1892 0 96 0 3 1 0 0 20 0 1 0 53242203 18108416 3105 67087892480 4194304 7154137 140726835828048 0 0 0 0 16781312 2 1 0 0 17 3 0 0 8 0 0 9727432 11029816 38948864 140726835829581 140726835829677 140726835829677 140726835830759 0
/proc/16/statm: 4421 3105 1512 723 0 2063 0
[pid=18] ppid=16 vsize=14364 memory=11036 CPUtime=0.03 cores=0-13,112-125
/proc/18/stat : 18 (bn4rust) R 16 16 0 0 -1 4194304 3639 0 18 0 3 0 0 0 20 0 1 0 53242217 14708736 2759 67087892480 94604003106816 94604004973937 140727057267296 0 0 0 0 4096 1088 0 0 0 17 6 0 0 1 0 0 94604005232000 94604005278936 94604010557440 140727057271568 140727057271702 140727057271702 140727057272801 0
/proc/18/statm: 3591 2759 1093 456 0 1752 0
Current children cumulated CPU time: 0.07 s
Current children cumulated vsize: 32048 KiB
Current children cumulated memory: 23456 KiB

[startup+0.300526 s]*
/proc/loadavg: 66.61 65.14 64.45 68/2838 18
/proc/meminfo: memFree=416325968/527542196 swapFree=33544188/33554428
[pid=16] ppid=13 vsize=17684 memory=12420 CPUtime=0.04 cores=0-13,112-125
/proc/16/stat : 16 (python3) S 13 16 0 0 -1 4194304 1892 0 96 0 3 1 0 0 20 0 1 0 53242203 18108416 3105 67087892480 4194304 7154137 140726835828048 0 0 0 0 16781312 2 1 0 0 17 3 0 0 8 0 0 9727432 11029816 38948864 140726835829581 140726835829677 140726835829677 140726835830759 0
/proc/16/statm: 4421 3105 1512 723 0 2063 0
[pid=18] ppid=16 vsize=29904 memory=25888 CPUtime=0.13 cores=0-13,112-125
/proc/18/stat : 18 (bn4rust) R 16 16 0 0 -1 4194304 8504 0 18 0 12 1 0 0 20 0 1 0 53242217 30621696 6472 67087892480 94604003106816 94604004973937 140727057267296 0 0 0 0 4096 1088 0 0 0 17 6 0 0 1 0 0 94604005232000 94604005278936 94604010557440 140727057271568 140727057271702 140727057271702 140727057272801 0
/proc/18/statm: 7476 6472 1093 456 0 5637 0
Current children cumulated CPU time: 0.17 s
Current children cumulated vsize: 47588 KiB
Current children cumulated memory: 38308 KiB

[startup+0.700277 s]
/proc/loadavg: 66.61 65.14 64.45 68/2838 18
/proc/meminfo: memFree=416360124/527542196 swapFree=33544188/33554428
[pid=16] ppid=13 vsize=17684 memory=12420 CPUtime=0.04 cores=0-13,112-125
/proc/16/stat : 16 (python3) S 13 16 0 0 -1 4194304 1892 0 96 0 3 1 0 0 20 0 1 0 53242203 18108416 3105 67087892480 4194304 7154137 140726835828048 0 0 0 0 16781312 2 1 0 0 17 3 0 0 8 0 0 9727432 11029816 38948864 140726835829581 140726835829677 140726835829677 140726835830759 0
/proc/16/statm: 4421 3105 1512 723 0 2063 0
[pid=18] ppid=16 vsize=59612 memory=54604 CPUtime=0.53 cores=0-13,112-125
/proc/18/stat : 18 (bn4rust) R 16 16 0 0 -1 4194304 13136 0 18 0 51 2 0 0 20 0 1 0 53242217 61042688 13651 67087892480 94604003106816 94604004973937 140727057267296 0 0 0 0 4096 1088 0 0 0 17 6 0 0 1 0 0 94604005232000 94604005278936 94604010557440 140727057271568 140727057271702 140727057271702 140727057272801 0
/proc/18/statm: 14903 13651 1093 456 0 13064 0
Current children cumulated CPU time: 0.57 s
Current children cumulated vsize: 77296 KiB
Current children cumulated memory: 67024 KiB

[startup+1.50029 s]
/proc/loadavg: 66.61 65.14 64.45 68/2838 18
/proc/meminfo: memFree=416300944/527542196 swapFree=33544188/33554428
[pid=16] ppid=13 vsize=17684 memory=12420 CPUtime=0.04 cores=0-13,112-125
/proc/16/stat : 16 (python3) S 13 16 0 0 -1 4194304 1892 0 96 0 3 1 0 0 20 0 1 0 53242203 18108416 3105 67087892480 4194304 7154137 140726835828048 0 0 0 0 16781312 2 1 0 0 17 3 0 0 8 0 0 9727432 11029816 38948864 140726835829581 140726835829677 140726835829677 140726835830759 0
/proc/16/statm: 4421 3105 1512 723 0 2063 0
[pid=18] ppid=16 vsize=78824 memory=70884 CPUtime=1.32 cores=0-13,112-125
/proc/18/stat : 18 (bn4rust) R 16 16 0 0 -1 4194304 18486 0 18 0 128 4 0 0 20 0 1 0 53242217 80715776 17721 67087892480 94604003106816 94604004973937 140727057267296 0 0 0 0 4096 1088 0 0 0 17 6 0 0 1 0 0 94604005232000 94604005278936 94604010557440 140727057271568 140727057271702 140727057271702 140727057272801 0
/proc/18/statm: 19706 17721 1093 456 0 17867 0
Current children cumulated CPU time: 1.36 s
Current children cumulated vsize: 96508 KiB
Current children cumulated memory: 83304 KiB

[startup+3.10046 s]
/proc/loadavg: 66.61 65.14 64.45 68/2838 18
/proc/meminfo: memFree=416325996/527542196 swapFree=33544188/33554428
[pid=16] ppid=13 vsize=17684 memory=12420 CPUtime=0.04 cores=0-13,112-125
/proc/16/stat : 16 (python3) S 13 16 0 0 -1 4194304 1892 0 96 0 3 1 0 0 20 0 1 0 53242203 18108416 3105 67087892480 4194304 7154137 140726835828048 0 0 0 0 16781312 2 1 0 0 17 3 0 0 8 0 0 9727432 11029816 38948864 140726835829581 140726835829677 140726835829677 140726835830759 0
/proc/16/statm: 4421 3105 1512 723 0 2063 0
[pid=18] ppid=16 vsize=42444 memory=34880 CPUtime=2.93 cores=0-13,112-125
/proc/18/stat : 18 (bn4rust) R 16 16 0 0 -1 4194304 19704 0 18 0 288 5 0 0 20 0 1 0 53242217 43462656 8720 67087892480 94604003106816 94604004973937 140727057267296 0 0 0 0 4096 1088 0 0 0 17 6 0 0 1 0 0 94604005232000 94604005278936 94604010557440 140727057271568 140727057271702 140727057271702 140727057272801 0
/proc/18/statm: 10611 8720 1093 456 0 8772 0
Current children cumulated CPU time: 2.97 s
Current children cumulated vsize: 60128 KiB
Current children cumulated memory: 47300 KiB

[startup+6.30027 s]
/proc/loadavg: 66.64 65.17 64.47 68/2838 18
/proc/meminfo: memFree=416356508/527542196 swapFree=33544188/33554428
[pid=16] ppid=13 vsize=17684 memory=12420 CPUtime=0.04 cores=0-13,112-125
/proc/16/stat : 16 (python3) S 13 16 0 0 -1 4194304 1892 0 96 0 3 1 0 0 20 0 1 0 53242203 18108416 3105 67087892480 4194304 7154137 140726835828048 0 0 0 0 16781312 2 1 0 0 17 3 0 0 8 0 0 9727432 11029816 38948864 140726835829581 140726835829677 140726835829677 140726835830759 0
/proc/16/statm: 4421 3105 1512 723 0 2063 0
[pid=18] ppid=16 vsize=52176 memory=47192 CPUtime=6.11 cores=0-13,112-125
/proc/18/stat : 18 (bn4rust) R 16 16 0 0 -1 4194304 24327 0 18 0 605 6 0 0 20 0 1 0 53242217 53428224 11798 67087892480 94604003106816 94604004973937 140727057267296 0 0 0 0 4096 1088 0 0 0 17 6 0 0 1 0 0 94604005232000 94604005278936 94604010557440 140727057271568 140727057271702 140727057271702 140727057272801 0
/proc/18/statm: 13044 11798 1093 456 0 11205 0
Current children cumulated CPU time: 6.15 s
Current children cumulated vsize: 69860 KiB
Current children cumulated memory: 59612 KiB

[startup+12.7003 s]
/proc/loadavg: 66.67 65.20 64.48 68/2836 18
/proc/meminfo: memFree=416355392/527542196 swapFree=33544188/33554428
[pid=16] ppid=13 vsize=17684 memory=12420 CPUtime=0.04 cores=0-13,112-125
/proc/16/stat : 16 (python3) S 13 16 0 0 -1 4194304 1892 0 96 0 3 1 0 0 20 0 1 0 53242203 18108416 3105 67087892480 4194304 7154137 140726835828048 0 0 0 0 16781312 2 1 0 0 17 3 0 0 8 0 0 9727432 11029816 38948864 140726835829581 140726835829677 140726835829677 140726835830759 0
/proc/16/statm: 4421 3105 1512 723 0 2063 0
[pid=18] ppid=16 vsize=82384 memory=75892 CPUtime=12.49 cores=0-13,112-125
/proc/18/stat : 18 (bn4rust) R 16 16 0 0 -1 4194304 31654 0 18 0 1239 10 0 0 20 0 1 0 53242217 84361216 18973 67087892480 94604003106816 94604004973937 140727057267296 0 0 0 0 4096 1088 0 0 0 17 6 0 0 1 0 0 94604005232000 94604005278936 94604010557440 140727057271568 140727057271702 140727057271702 140727057272801 0
/proc/18/statm: 20596 18973 1093 456 0 18757 0
Current children cumulated CPU time: 12.53 s
Current children cumulated vsize: 100068 KiB
Current children cumulated memory: 88312 KiB

[startup+25.5003 s]
/proc/loadavg: 66.75 65.29 64.52 68/2836 18
/proc/meminfo: memFree=416546448/527542196 swapFree=33544188/33554428
[pid=16] ppid=13 vsize=17684 memory=12420 CPUtime=0.04 cores=0-13,112-125
/proc/16/stat : 16 (python3) S 13 16 0 0 -1 4194304 1893 0 96 0 3 1 0 0 20 0 1 0 53242203 18108416 3105 67087892480 4194304 7154137 140726835828048 0 0 0 0 16781312 2 1 0 0 17 3 0 0 8 0 0 9727432 11029816 38948864 140726835829581 140726835829677 140726835829677 140726835830759 0
/proc/16/statm: 4421 3105 1512 723 0 2063 0
[pid=18] ppid=16 vsize=52176 memory=47192 CPUtime=25.23 cores=0-13,112-125
/proc/18/stat : 18 (bn4rust) R 16 16 0 0 -1 4194304 43878 0 18 0 2508 15 0 0 20 0 1 0 53242217 53428224 11798 67087892480 94604003106816 94604004973937 140727057267296 0 0 0 0 4096 1088 0 0 0 17 6 0 0 1 0 0 94604005232000 94604005278936 94604010557440 140727057271568 140727057271702 140727057271702 140727057272801 0
/proc/18/statm: 13044 11798 1093 456 0 11205 0
Current children cumulated CPU time: 25.27 s
Current children cumulated vsize: 69860 KiB
Current children cumulated memory: 59612 KiB

[startup+51.1005 s]
/proc/loadavg: 66.83 65.43 64.59 68/2837 18
/proc/meminfo: memFree=416402916/527542196 swapFree=33544188/33554428
[pid=16] ppid=13 vsize=17684 memory=12420 CPUtime=0.04 cores=0-13,112-125
/proc/16/stat : 16 (python3) S 13 16 0 0 -1 4194304 1893 0 96 0 3 1 0 0 20 0 1 0 53242203 18108416 3105 67087892480 4194304 7154137 140726835828048 0 0 0 0 16781312 2 1 0 0 17 3 0 0 8 0 0 9727432 11029816 38948864 140726835829581 140726835829677 140726835829677 140726835830759 0
/proc/16/statm: 4421 3105 1512 723 0 2063 0
[pid=18] ppid=16 vsize=52608 memory=47100 CPUtime=50.73 cores=0-13,112-125
/proc/18/stat : 18 (bn4rust) R 16 16 0 0 -1 4194304 83239 0 18 0 5044 29 0 0 20 0 1 0 53242217 53870592 11775 67087892480 94604003106816 94604004973937 140727057267296 0 0 0 0 4096 1088 0 0 0 17 6 0 0 1 0 0 94604005232000 94604005278936 94604010557440 140727057271568 140727057271702 140727057271702 140727057272801 0
/proc/18/statm: 13152 11775 1093 456 0 11313 0
Current children cumulated CPU time: 50.77 s
Current children cumulated vsize: 70292 KiB
Current children cumulated memory: 59520 KiB

[startup+102.3 s]
/proc/loadavg: 66.93 65.67 64.72 68/2836 18
/proc/meminfo: memFree=416179192/527542196 swapFree=33544188/33554428
[pid=16] ppid=13 vsize=17684 memory=12420 CPUtime=0.04 cores=0-13,112-125
/proc/16/stat : 16 (python3) S 13 16 0 0 -1 4194304 1893 0 96 0 3 1 0 0 20 0 1 0 53242203 18108416 3105 67087892480 4194304 7154137 140726835828048 0 0 0 0 16781312 2 1 0 0 17 3 0 0 8 0 0 9727432 11029816 38948864 140726835829581 140726835829677 140726835829677 140726835830759 0
/proc/16/statm: 4421 3105 1512 723 0 2063 0
[pid=18] ppid=16 vsize=77056 memory=72472 CPUtime=101.7 cores=0-13,112-125
/proc/18/stat : 18 (bn4rust) R 16 16 0 0 -1 4194304 139715 0 18 0 10122 48 0 0 20 0 1 0 53242217 78905344 18118 67087892480 94604003106816 94604004973937 140727057267296 0 0 0 0 4096 1088 0 0 0 17 6 0 0 1 0 0 94604005232000 94604005278936 94604010557440 140727057271568 140727057271702 140727057271702 140727057272801 0
/proc/18/statm: 19264 18118 1093 456 0 17425 0
Current children cumulated CPU time: 101.74 s
Current children cumulated vsize: 94740 KiB
Current children cumulated memory: 84892 KiB

[startup+162.3 s]
/proc/loadavg: 66.98 65.92 64.86 68/2839 18
/proc/meminfo: memFree=416166232/527542196 swapFree=33544188/33554428
[pid=16] ppid=13 vsize=17684 memory=12420 CPUtime=0.04 cores=0-13,112-125
/proc/16/stat : 16 (python3) S 13 16 0 0 -1 4194304 1893 0 96 0 3 1 0 0 20 0 1 0 53242203 18108416 3105 67087892480 4194304 7154137 140726835828048 0 0 0 0 16781312 2 1 0 0 17 3 0 0 8 0 0 9727432 11029816 38948864 140726835829581 140726835829677 140726835829677 140726835830759 0
/proc/16/statm: 4421 3105 1512 723 0 2063 0
[pid=18] ppid=16 vsize=52992 memory=47476 CPUtime=161.44 cores=0-13,112-125
/proc/18/stat : 18 (bn4rust) R 16 16 0 0 -1 4194304 193616 0 18 0 16076 68 0 0 20 0 1 0 53242217 54263808 11869 67087892480 94604003106816 94604004973937 140727057267296 0 0 0 0 4096 1088 0 0 0 17 6 0 0 1 0 0 94604005232000 94604005278936 94604010557440 140727057271568 140727057271702 140727057271702 140727057272801 0
/proc/18/statm: 13248 11869 1093 456 0 11409 0
Current children cumulated CPU time: 161.48 s
Current children cumulated vsize: 70676 KiB
Current children cumulated memory: 59896 KiB

[startup+222.3 s]
/proc/loadavg: 66.99 66.12 65.00 68/2827 18
/proc/meminfo: memFree=416023568/527542196 swapFree=33544188/33554428
[pid=16] ppid=13 vsize=17684 memory=12420 CPUtime=0.04 cores=0-13,112-125
/proc/16/stat : 16 (python3) S 13 16 0 0 -1 4194304 1894 0 96 0 3 1 0 0 20 0 1 0 53242203 18108416 3105 67087892480 4194304 7154137 140726835828048 0 0 0 0 16781312 2 1 0 0 17 3 0 0 8 0 0 9727432 11029816 38948864 140726835829581 140726835829677 140726835829677 140726835830759 0
/proc/16/statm: 4421 3105 1512 723 0 2063 0
[pid=18] ppid=16 vsize=52992 memory=47476 CPUtime=221.17 cores=0-13,112-125
/proc/18/stat : 18 (bn4rust) R 16 16 0 0 -1 4194304 253421 0 18 0 22029 88 0 0 20 0 1 0 53242217 54263808 11869 67087892480 94604003106816 94604004973937 140727057267296 0 0 0 0 4096 1088 0 0 0 17 6 0 0 1 0 0 94604005232000 94604005278936 94604010557440 140727057271568 140727057271702 140727057271702 140727057272801 0
/proc/18/statm: 13248 11869 1093 456 0 11409 0
Current children cumulated CPU time: 221.21 s
Current children cumulated vsize: 70676 KiB
Current children cumulated memory: 59896 KiB

[startup+282.3 s]
/proc/loadavg: 67.00 66.28 65.13 68/2825 18
/proc/meminfo: memFree=416058492/527542196 swapFree=33544188/33554428
[pid=16] ppid=13 vsize=17684 memory=12420 CPUtime=0.04 cores=0-13,112-125
/proc/16/stat : 16 (python3) S 13 16 0 0 -1 4194304 1894 0 96 0 3 1 0 0 20 0 1 0 53242203 18108416 3105 67087892480 4194304 7154137 140726835828048 0 0 0 0 16781312 2 1 0 0 17 3 0 0 8 0 0 9727432 11029816 38948864 140726835829581 140726835829677 140726835829677 140726835830759 0
/proc/16/statm: 4421 3105 1512 723 0 2063 0
[pid=18] ppid=16 vsize=52992 memory=47220 CPUtime=280.91 cores=0-13,112-125
/proc/18/stat : 18 (bn4rust) R 16 16 0 0 -1 4194304 317429 0 18 0 27980 111 0 0 20 0 1 0 53242217 54263808 11805 67087892480 94604003106816 94604004973937 140727057267296 0 0 0 0 4096 1088 0 0 0 17 6 0 0 1 0 0 94604005232000 94604005278936 94604010557440 140727057271568 140727057271702 140727057271702 140727057272801 0
/proc/18/statm: 13248 11805 1093 456 0 11409 0
Current children cumulated CPU time: 280.95 s
Current children cumulated vsize: 70676 KiB
Current children cumulated memory: 59640 KiB

[startup+300.848 s]
# the end of solver process 16 was just reported to runsolver
# cumulated CPU time of all completed processes:  user=298.236 s, system=1.2077 s

Solver just ended.
??? end of watcher thread
Dumping a history of the last processes samples

[startup+294.4 s]
/proc/loadavg: 68.04 66.52 65.22 68/2820 18
/proc/meminfo: memFree=416018752/527542196 swapFree=33544188/33554428
[pid=16] ppid=13 vsize=17684 memory=12420 CPUtime=0.04 cores=0-13,112-125
/proc/16/stat : 16 (python3) S 13 16 0 0 -1 4194304 1894 0 96 0 3 1 0 0 20 0 1 0 53242203 18108416 3105 67087892480 4194304 7154137 140726835828048 0 0 0 0 16781312 2 1 0 0 17 3 0 0 8 0 0 9727432 11029816 38948864 140726835829581 140726835829677 140726835829677 140726835830759 0
/proc/16/statm: 4421 3105 1512 723 0 2063 0
[pid=18] ppid=16 vsize=95488 memory=85988 CPUtime=292.97 cores=0-13,112-125
/proc/18/stat : 18 (bn4rust) R 16 16 0 0 -1 4194304 333108 0 18 0 29180 117 0 0 20 0 1 0 53242217 97779712 21497 67087892480 94604003106816 94604004973937 140727057267296 0 0 0 0 4096 1088 0 0 0 17 6 0 0 1 0 0 94604005232000 94604005278936 94604010557440 140727057271568 140727057271702 140727057271702 140727057272801 0
/proc/18/statm: 23872 21497 1093 456 0 22033 0
Current children cumulated CPU time: 293.01 s
Current children cumulated vsize: 113172 KiB
Current children cumulated memory: 98408 KiB

[startup+297.6 s]
/proc/loadavg: 67.96 66.53 65.23 68/2820 18
/proc/meminfo: memFree=416346888/527542196 swapFree=33544188/33554428
[pid=16] ppid=13 vsize=17684 memory=12420 CPUtime=0.04 cores=0-13,112-125
/proc/16/stat : 16 (python3) S 13 16 0 0 -1 4194304 1894 0 96 0 3 1 0 0 20 0 1 0 53242203 18108416 3105 67087892480 4194304 7154137 140726835828048 0 0 0 0 16781312 2 1 0 0 17 3 0 0 8 0 0 9727432 11029816 38948864 140726835829581 140726835829677 140726835829677 140726835830759 0
/proc/16/statm: 4421 3105 1512 723 0 2063 0
[pid=18] ppid=16 vsize=83712 memory=79132 CPUtime=296.16 cores=0-13,112-125
/proc/18/stat : 18 (bn4rust) R 16 16 0 0 -1 4194304 335266 0 18 0 29498 118 0 0 20 0 1 0 53242217 85721088 19783 67087892480 94604003106816 94604004973937 140727057267296 0 0 0 0 4096 1088 0 0 0 17 6 0 0 1 0 0 94604005232000 94604005278936 94604010557440 140727057271568 140727057271702 140727057271702 140727057272801 0
/proc/18/statm: 20928 19783 1093 456 0 19089 0
Current children cumulated CPU time: 296.2 s
Current children cumulated vsize: 101396 KiB
Current children cumulated memory: 91552 KiB

[startup+299.2 s]
/proc/loadavg: 67.96 66.53 65.23 68/2820 18
/proc/meminfo: memFree=416322544/527542196 swapFree=33544188/33554428
[pid=16] ppid=13 vsize=17684 memory=12420 CPUtime=0.04 cores=0-13,112-125
/proc/16/stat : 16 (python3) S 13 16 0 0 -1 4194304 1894 0 96 0 3 1 0 0 20 0 1 0 53242203 18108416 3105 67087892480 4194304 7154137 140726835828048 0 0 0 0 16781312 2 1 0 0 17 3 0 0 8 0 0 9727432 11029816 38948864 140726835829581 140726835829677 140726835829677 140726835830759 0
/proc/16/statm: 4421 3105 1512 723 0 2063 0
[pid=18] ppid=16 vsize=52992 memory=47220 CPUtime=297.75 cores=0-13,112-125
/proc/18/stat : 18 (bn4rust) R 16 16 0 0 -1 4194304 337433 0 18 0 29656 119 0 0 20 0 1 0 53242217 54263808 11805 67087892480 94604003106816 94604004973937 140727057267296 0 0 0 0 4096 1088 0 0 0 17 6 0 0 1 0 0 94604005232000 94604005278936 94604010557440 140727057271568 140727057271702 140727057271702 140727057272801 0
/proc/18/statm: 13248 11805 1093 456 0 11409 0
Current children cumulated CPU time: 297.79 s
Current children cumulated vsize: 70676 KiB
Current children cumulated memory: 59640 KiB

[startup+300 s]*
/proc/loadavg: 67.88 66.54 65.24 68/2820 18
/proc/meminfo: memFree=416059140/527542196 swapFree=33544188/33554428
[pid=16] ppid=13 vsize=17684 memory=12420 CPUtime=0.04 cores=0-13,112-125
/proc/16/stat : 16 (python3) S 13 16 0 0 -1 4194304 1894 0 96 0 3 1 0 0 20 0 1 0 53242203 18108416 3105 67087892480 4194304 7154137 140726835828048 0 0 0 0 16781312 2 1 0 0 17 3 0 0 8 0 0 9727432 11029816 38948864 140726835829581 140726835829677 140726835829677 140726835830759 0
/proc/16/statm: 4421 3105 1512 723 0 2063 0
[pid=18] ppid=16 vsize=52992 memory=47220 CPUtime=298.54 cores=0-13,112-125
/proc/18/stat : 18 (bn4rust) R 16 16 0 0 -1 4194304 337433 0 18 0 29735 119 0 0 20 0 1 0 53242217 54263808 11805 67087892480 94604003106816 94604004973937 140727057267296 0 0 0 0 4096 1088 0 0 0 17 6 0 0 1 0 0 94604005232000 94604005278936 94604010557440 140727057271568 140727057271702 140727057271702 140727057272801 0
/proc/18/statm: 13248 11805 1093 456 0 11409 0
Current children cumulated CPU time: 298.58 s
Current children cumulated vsize: 70676 KiB
Current children cumulated memory: 59640 KiB

[startup+300.4 s]
/proc/loadavg: 67.88 66.54 65.24 68/2820 18
/proc/meminfo: memFree=416059140/527542196 swapFree=33544188/33554428
[pid=16] ppid=13 vsize=17684 memory=12420 CPUtime=0.04 cores=0-13,112-125
/proc/16/stat : 16 (python3) S 13 16 0 0 -1 4194304 1894 0 96 0 3 1 0 0 20 0 1 0 53242203 18108416 3105 67087892480 4194304 7154137 140726835828048 0 0 0 0 16781312 2 1 0 0 17 3 0 0 8 0 0 9727432 11029816 38948864 140726835829581 140726835829677 140726835829677 140726835830759 0
/proc/16/statm: 4421 3105 1512 723 0 2063 0
[pid=18] ppid=16 vsize=52992 memory=47220 CPUtime=298.94 cores=0-13,112-125
/proc/18/stat : 18 (bn4rust) R 16 16 0 0 -1 4194304 337433 0 18 0 29775 119 0 0 20 0 1 0 53242217 54263808 11805 67087892480 94604003106816 94604004973937 140727057267296 0 0 0 0 4096 1088 0 0 0 17 6 0 0 1 0 0 94604005232000 94604005278936 94604010557440 140727057271568 140727057271702 140727057271702 140727057272801 0
/proc/18/statm: 13248 11805 1093 456 0 11409 0
Current children cumulated CPU time: 298.98 s
Current children cumulated vsize: 70676 KiB
Current children cumulated memory: 59640 KiB

[startup+300.8 s]
/proc/loadavg: 67.88 66.54 65.24 68/2820 18
/proc/meminfo: memFree=416059140/527542196 swapFree=33544188/33554428
[pid=16] ppid=13 vsize=17684 memory=12420 CPUtime=0.04 cores=0-13,112-125
/proc/16/stat : 16 (python3) S 13 16 0 0 -1 4194304 1894 0 96 0 3 1 0 0 20 0 1 0 53242203 18108416 3105 67087892480 4194304 7154137 140726835828048 0 0 0 0 16781312 2 1 0 0 17 3 0 0 8 0 0 9727432 11029816 38948864 140726835829581 140726835829677 140726835829677 140726835830759 0
/proc/16/statm: 4421 3105 1512 723 0 2063 0
[pid=18] ppid=16 vsize=52992 memory=47220 CPUtime=299.34 cores=0-13,112-125
/proc/18/stat : 18 (bn4rust) R 16 16 0 0 -1 4194304 337433 0 18 0 29815 119 0 0 20 0 1 0 53242217 54263808 11805 67087892480 94604003106816 94604004973937 140727057267296 0 0 0 0 4096 1088 0 0 0 17 6 0 0 1 0 0 94604005232000 94604005278936 94604010557440 140727057271568 140727057271702 140727057271702 140727057272801 0
/proc/18/statm: 13248 11805 1093 456 0 11409 0
Current children cumulated CPU time: 299.38 s
Current children cumulated vsize: 70676 KiB
Current children cumulated memory: 59640 KiB

Child status: 0
Real time (s): 300.848
CPU time (s): 299.443
CPU user time (s): 298.236
CPU system time (s): 1.2077
CPU usage (%): 99.5332
Max. virtual memory (cumulated for all children) (KiB): 113684
Max. memory (cumulated for all children) (KiB): 100660

getrusage(RUSAGE_CHILDREN,...) data:
user time used= 298.236
system time used= 1.2077
maximum resident set size= 88240
integral shared memory size= 0
integral unshared data size= 0
integral unshared stack size= 0
page reclaims= 339350
page faults= 116
swaps= 0
block input operations= 19808
block output operations= 8
messages sent= 0
messages received= 0
signals received= 0
voluntary context switches= 1037
involuntary context switches= 438


# summary of solver processes directly reported to runsolver:
#   pid: 16
#   total CPU time (s): 299.443
#   total CPU user time (s): 298.236
#   total CPU system time (s): 1.2077

??? join timestamper begins
??? join timestamper ends
??? end of timestamper thread
runsolver used 0.197135 second user time and 0.478279 second system time

The end
