runsolver version 3.4.1 (svn: 3018) Copyright (C) 2010-2013 Olivier ROUSSEL

This program is distributed in the hope that it will be useful,
but WITHOUT ANY WARRANTY; without even the implied warranty of
MERCHANTABILITY or FITNESS FOR A PARTICULAR PURPOSE.  See the
GNU General Public License for more details.

NUMA information:
  number of nodes: 8
  memory of node 0: 63700 MiB (61298 MiB free)
  memory of node 1: 64461 MiB (60690 MiB free)
  memory of node 2: 64504 MiB (63665 MiB free)
  memory of node 3: 64504 MiB (61008 MiB free)
  memory of node 4: 64504 MiB (63650 MiB free)
  memory of node 5: 64504 MiB (63548 MiB free)
  memory of node 6: 64504 MiB (61738 MiB free)
  memory of node 7: 64491 MiB (44563 MiB free)
  node distances:
     10  12  12  12  21  21  21  21
     12  10  12  12  21  21  21  21
     12  12  10  12  21  21  21  21
     12  12  12  10  21  21  21  21
     21  21  21  21  10  12  12  12
     21  21  21  21  12  10  12  12
     21  21  21  21  12  12  10  12
     21  21  21  21  12  12  12  10

command line: /usr/local/bin/runsolver --timestamp -w /output/runsolver-watch.log -v /output/runsolver-values.log -o /output/solver-output.log -C 1800.0 -W 1800.0 -R 64000 /opt/solver/run_bn4rust.py --mode cyber-complement-gfp-plus-dependency-order --instance /input/model_023.bnet 

running on 18 cores: 72-79,87-88,188-191,199-200,218-219

Enforcing CPUTime limit (soft limit, will send SIGTERM then SIGKILL): 1800 seconds
Enforcing CPUTime limit (hard limit, will send SIGXCPU): 1830 seconds
Enforcing wall clock limit (soft limit, will send SIGTERM then SIGKILL): 1800 seconds
Enforcing RSS+Swap limit (soft limit, will send SIGTERM then SIGKILL): 65536000 KiB
Linux 4.18.0-553.159.1.el8_10.x86_64
Current StackSize limit: 18014398509481983 KiB

solver pid=16, runsolver pid=13

[startup+0.100077 s]*
/proc/loadavg: 24.65 25.82 31.83 26/3007 17
/proc/meminfo: memFree=491550844/527542208 swapFree=33473788/33554428
[pid=16] ppid=13 vsize=15748 memory=10012 CPUtime=0.02 cores=70-79,87-88,106-107,182-191,199-200,218-219
/proc/16/stat : 16 (python3) D 13 16 0 0 -1 4194304 1374 0 81 0 2 0 0 0 20 0 1 0 53545848 16125952 2503 67087892480 4194304 7154137 140733068932688 0 0 0 0 16781312 2 0 0 0 17 218 0 0 6 0 0 9727432 11029816 12492800 140733068933943 140733068934061 140733068934061 140733068935143 0
/proc/16/statm: 3937 2503 1403 723 0 1673 0
Current children cumulated CPU time: 0.02 s
Current children cumulated vsize: 15748 KiB
Current children cumulated memory: 10012 KiB

[startup+0.171697 s]
# the end of solver process 16 was just reported to runsolver
# cumulated CPU time of all completed processes:  user=0.042025 s, system=0.016817 s

Solver just ended.
??? end of watcher thread
Dumping a history of the last processes samples

[startup+0.100077 s]*
/proc/loadavg: 24.65 25.82 31.83 26/3007 17
/proc/meminfo: memFree=491550844/527542208 swapFree=33473788/33554428
[pid=16] ppid=13 vsize=15748 memory=10012 CPUtime=0.02 cores=70-79,87-88,106-107,182-191,199-200,218-219
/proc/16/stat : 16 (python3) D 13 16 0 0 -1 4194304 1374 0 81 0 2 0 0 0 20 0 1 0 53545848 16125952 2503 67087892480 4194304 7154137 140733068932688 0 0 0 0 16781312 2 0 0 0 17 218 0 0 6 0 0 9727432 11029816 12492800 140733068933943 140733068934061 140733068934061 140733068935143 0
/proc/16/statm: 3937 2503 1403 723 0 1673 0
Current children cumulated CPU time: 0.02 s
Current children cumulated vsize: 15748 KiB
Current children cumulated memory: 10012 KiB

Child status: 0
Real time (s): 0.171726
CPU time (s): 0.058842
CPU user time (s): 0.042025
CPU system time (s): 0.016817
CPU usage (%): 34.265
Max. virtual memory (cumulated for all children) (KiB): 15748
Max. memory (cumulated for all children) (KiB): 10012

getrusage(RUSAGE_CHILDREN,...) data:
user time used= 0.042025
system time used= 0.016817
maximum resident set size= 12596
integral shared memory size= 0
integral unshared data size= 0
integral unshared stack size= 0
page reclaims= 2072
page faults= 115
swaps= 0
block input operations= 19800
block output operations= 8
messages sent= 0
messages received= 0
signals received= 0
voluntary context switches= 966
involuntary context switches= 0


# summary of solver processes directly reported to runsolver:
#   pid: 16
#   total CPU time (s): 0.058842
#   total CPU user time (s): 0.042025
#   total CPU system time (s): 0.016817

??? join timestamper begins
??? join timestamper ends
??? end of timestamper thread
runsolver used 0.00359 second user time and 0.003036 second system time

The end
