# WCTIME: wall clock time in seconds
WCTIME=30.5578
# CPUTIME: CPU time in seconds (USERTIME+SYSTEMTIME)
CPUTIME=29.7151
# USERTIME: CPU time spent in user mode in seconds
USERTIME=29.5457
# SYSTEMTIME: CPU time spent in system mode in seconds
SYSTEMTIME=0.16935
# CPUUSAGE: CPUTIME/WCTIME in percent
CPUUSAGE=97.242
# MAXVM: maximum virtual memory used in KiB
MAXVM=327204
# MAXMM: maximum memory used in KiB
MAXMM=137808
# MAXRSS: maximum Resident Segment Size in KiB
MAXRSS=71900
# TIMEOUT: did the solver exceed the time limit?
TIMEOUT=false
# MEMOUT: did the solver exceed the memory limit?
MEMOUT=false
# EXITSTATUS: Exit status of the solver
EXITSTATUS=0
