# WCTIME: wall clock time in seconds
WCTIME=1800.02
# CPUTIME: CPU time in seconds (USERTIME+SYSTEMTIME)
CPUTIME=1789.02
# USERTIME: CPU time spent in user mode in seconds
USERTIME=1788.76
# SYSTEMTIME: CPU time spent in system mode in seconds
SYSTEMTIME=0.263824
# CPUUSAGE: CPUTIME/WCTIME in percent
CPUUSAGE=99.3892
# MAXVM: maximum virtual memory used in KiB
MAXVM=427032
# MAXMM: maximum memory used in KiB
MAXMM=237584
# MAXRSS: maximum Resident Segment Size in KiB
MAXRSS=165812
# TIMEOUT: did the solver exceed the time limit?
TIMEOUT=true
# MEMOUT: did the solver exceed the memory limit?
MEMOUT=false
# EXITSTATUS: Exit status of the solver
EXITSTATUS=15
