# WCTIME: wall clock time in seconds
WCTIME=1800.01
# CPUTIME: CPU time in seconds (USERTIME+SYSTEMTIME)
CPUTIME=1790.73
# USERTIME: CPU time spent in user mode in seconds
USERTIME=1789.99
# SYSTEMTIME: CPU time spent in system mode in seconds
SYSTEMTIME=0.740783
# CPUUSAGE: CPUTIME/WCTIME in percent
CPUUSAGE=99.4844
# MAXVM: maximum virtual memory used in KiB
MAXVM=577504
# MAXMM: maximum memory used in KiB
MAXMM=391892
# MAXRSS: maximum Resident Segment Size in KiB
MAXRSS=316644
# TIMEOUT: did the solver exceed the time limit?
TIMEOUT=true
# MEMOUT: did the solver exceed the memory limit?
MEMOUT=false
# EXITSTATUS: Exit status of the solver
EXITSTATUS=15
