runsolver version 3.4.1 (svn: 3018) Copyright (C) 2010-2013 Olivier ROUSSEL

This program is distributed in the hope that it will be useful,
but WITHOUT ANY WARRANTY; without even the implied warranty of
MERCHANTABILITY or FITNESS FOR A PARTICULAR PURPOSE.  See the
GNU General Public License for more details.

NUMA information:
  number of nodes: 8
  memory of node 0: 63700 MiB (49430 MiB free)
  memory of node 1: 64504 MiB (50015 MiB free)
  memory of node 2: 64504 MiB (55363 MiB free)
  memory of node 3: 64504 MiB (55261 MiB free)
  memory of node 4: 64504 MiB (51562 MiB free)
  memory of node 5: 64461 MiB (59486 MiB free)
  memory of node 6: 64504 MiB (56601 MiB free)
  memory of node 7: 64491 MiB (52455 MiB free)
  node distances:
     10  12  12  12  21  21  21  21
     12  10  12  12  21  21  21  21
     12  12  10  12  21  21  21  21
     12  12  12  10  21  21  21  21
     21  21  21  21  10  12  12  12
     21  21  21  21  12  10  12  12
     21  21  21  21  12  12  10  12
     21  21  21  21  12  12  12  10

command line: /usr/local/bin/runsolver --timestamp -w /output/runsolver-watch.log -v /output/runsolver-values.log -o /output/solver-output.log -C 1800.0 -W 1800.0 -R 64000 /opt/solver/run_bn4rust.py --mode cyber-complement-gfp --instance /input/model_146.bnet 

running on 26 cores: 74-87,188-199

Enforcing CPUTime limit (soft limit, will send SIGTERM then SIGKILL): 1800 seconds
Enforcing CPUTime limit (hard limit, will send SIGXCPU): 1830 seconds
Enforcing wall clock limit (soft limit, will send SIGTERM then SIGKILL): 1800 seconds
Enforcing RSS+Swap limit (soft limit, will send SIGTERM then SIGKILL): 65536000 KiB
Linux 4.18.0-553.159.1.el8_10.x86_64
Current StackSize limit: 18014398509481983 KiB

solver pid=16, runsolver pid=13

[startup+0.100088 s]*
/proc/loadavg: 48.36 48.76 48.79 50/2839 17
/proc/meminfo: memFree=440485676/527542236 swapFree=33531424/33554428
[pid=16] ppid=13 vsize=15748 memory=9904 CPUtime=0.02 cores=74-87,186-199
/proc/16/stat : 16 (python3) D 13 16 0 0 -1 4194304 1373 0 81 0 1 1 0 0 20 0 1 0 53235689 16125952 2476 67087892480 4194304 7154137 140730032098112 0 0 0 0 16781312 2 0 0 0 17 196 0 0 6 0 0 9727432 11029816 34107392 140730032102221 140730032102317 140730032102317 140730032103399 0
/proc/16/statm: 3937 2476 1375 723 0 1673 0
Current children cumulated CPU time: 0.02 s
Current children cumulated vsize: 15748 KiB
Current children cumulated memory: 9904 KiB

[startup+0.200818 s]*
/proc/loadavg: 48.36 48.76 48.79 50/2840 18
/proc/meminfo: memFree=440471768/527542236 swapFree=33531424/33554428
[pid=16] ppid=13 vsize=17684 memory=12348 CPUtime=0.03 cores=74-87,186-199
/proc/16/stat : 16 (python3) S 13 16 0 0 -1 4194304 1893 0 96 0 2 1 0 0 20 0 1 0 53235689 18108416 3087 67087892480 4194304 7154137 140730032098112 0 0 0 0 16781312 2 1 0 0 17 196 0 0 8 0 0 9727432 11029816 34107392 140730032102221 140730032102317 140730032102317 140730032103399 0
/proc/16/statm: 4421 3087 1493 723 0 2063 0
[pid=18] ppid=16 vsize=14360 memory=11056 CPUtime=0.03 cores=74-87,186-199
/proc/18/stat : 18 (bn4rust) R 16 16 0 0 -1 4194304 2035 0 18 0 3 0 0 0 20 0 1 0 53235703 14704640 2764 67087892480 94219535020032 94219536887153 140726741135520 0 0 0 0 4096 1088 0 0 0 17 199 0 0 1 0 0 94219537145216 94219537192152 94219539574784 140726741142288 140726741142422 140726741142422 140726741143521 0
/proc/18/statm: 3590 2764 1049 456 0 1751 0
Current children cumulated CPU time: 0.06 s
Current children cumulated vsize: 32044 KiB
Current children cumulated memory: 23404 KiB

[startup+0.300817 s]*
/proc/loadavg: 48.36 48.76 48.79 50/2840 18
/proc/meminfo: memFree=440470004/527542236 swapFree=33531424/33554428
[pid=16] ppid=13 vsize=17684 memory=12348 CPUtime=0.03 cores=74-87,186-199
/proc/16/stat : 16 (python3) S 13 16 0 0 -1 4194304 1893 0 96 0 2 1 0 0 20 0 1 0 53235689 18108416 3087 67087892480 4194304 7154137 140730032098112 0 0 0 0 16781312 2 1 0 0 17 196 0 0 8 0 0 9727432 11029816 34107392 140730032102221 140730032102317 140730032102317 140730032103399 0
/proc/16/statm: 4421 3087 1493 723 0 2063 0
[pid=18] ppid=16 vsize=15908 memory=12376 CPUtime=0.13 cores=74-87,186-199
/proc/18/stat : 18 (bn4rust) R 16 16 0 0 -1 4194304 2407 0 18 0 13 0 0 0 20 0 1 0 53235703 16289792 3094 67087892480 94219535020032 94219536887153 140726741135520 0 0 0 0 4096 1088 0 0 0 17 199 0 0 1 0 0 94219537145216 94219537192152 94219539574784 140726741142288 140726741142422 140726741142422 140726741143521 0
/proc/18/statm: 3977 3094 1049 456 0 2138 0
Current children cumulated CPU time: 0.16 s
Current children cumulated vsize: 33592 KiB
Current children cumulated memory: 24724 KiB

[startup+0.700275 s]
/proc/loadavg: 48.36 48.76 48.79 50/2840 18
/proc/meminfo: memFree=440469500/527542236 swapFree=33531424/33554428
[pid=16] ppid=13 vsize=17684 memory=12348 CPUtime=0.03 cores=74-87,186-199
/proc/16/stat : 16 (python3) S 13 16 0 0 -1 4194304 1894 0 96 0 2 1 0 0 20 0 1 0 53235689 18108416 3087 67087892480 4194304 7154137 140730032098112 0 0 0 0 16781312 2 1 0 0 17 196 0 0 8 0 0 9727432 11029816 34107392 140730032102221 140730032102317 140730032102317 140730032103399 0
/proc/16/statm: 4421 3087 1493 723 0 2063 0
[pid=18] ppid=16 vsize=17548 memory=14044 CPUtime=0.52 cores=74-87,186-199
/proc/18/stat : 18 (bn4rust) R 16 16 0 0 -1 4194304 4272 0 18 0 52 0 0 0 20 0 1 0 53235703 17969152 3511 67087892480 94219535020032 94219536887153 140726741135520 0 0 0 0 4096 1088 0 0 0 17 87 0 0 1 0 0 94219537145216 94219537192152 94219539574784 140726741142288 140726741142422 140726741142422 140726741143521 0
/proc/18/statm: 4387 3511 1049 456 0 2548 0
Current children cumulated CPU time: 0.55 s
Current children cumulated vsize: 35232 KiB
Current children cumulated memory: 26392 KiB

[startup+1.50029 s]
/proc/loadavg: 48.36 48.76 48.79 50/2840 18
/proc/meminfo: memFree=440469240/527542236 swapFree=33531424/33554428
[pid=16] ppid=13 vsize=17684 memory=12348 CPUtime=0.03 cores=74-87,186-199
/proc/16/stat : 16 (python3) S 13 16 0 0 -1 4194304 1894 0 96 0 2 1 0 0 20 0 1 0 53235689 18108416 3087 67087892480 4194304 7154137 140730032098112 0 0 0 0 16781312 2 1 0 0 17 196 0 0 8 0 0 9727432 11029816 34107392 140730032102221 140730032102317 140730032102317 140730032103399 0
/proc/16/statm: 4421 3087 1493 723 0 2063 0
[pid=18] ppid=16 vsize=18188 memory=14692 CPUtime=1.33 cores=74-87,186-199
/proc/18/stat : 18 (bn4rust) R 16 16 0 0 -1 4194304 16205 0 18 0 131 2 0 0 20 0 1 0 53235703 18624512 3673 67087892480 94219535020032 94219536887153 140726741135520 0 0 0 0 4096 1088 0 0 0 17 87 0 0 1 0 0 94219537145216 94219537192152 94219539574784 140726741142288 140726741142422 140726741142422 140726741143521 0
/proc/18/statm: 4547 3673 1049 456 0 2708 0
Current children cumulated CPU time: 1.36 s
Current children cumulated vsize: 35872 KiB
Current children cumulated memory: 27040 KiB

[startup+3.10057 s]
/proc/loadavg: 48.36 48.76 48.79 50/2840 18
/proc/meminfo: memFree=440468592/527542236 swapFree=33531424/33554428
[pid=16] ppid=13 vsize=17684 memory=12348 CPUtime=0.03 cores=74-87,186-199
/proc/16/stat : 16 (python3) S 13 16 0 0 -1 4194304 1894 0 96 0 2 1 0 0 20 0 1 0 53235689 18108416 3087 67087892480 4194304 7154137 140730032098112 0 0 0 0 16781312 2 1 0 0 17 196 0 0 8 0 0 9727432 11029816 34107392 140730032102221 140730032102317 140730032102317 140730032103399 0
/proc/16/statm: 4421 3087 1493 723 0 2063 0
[pid=18] ppid=16 vsize=26380 memory=23080 CPUtime=2.91 cores=74-87,186-199
/proc/18/stat : 18 (bn4rust) R 16 16 0 0 -1 4194304 34863 0 18 0 286 5 0 0 20 0 1 0 53235703 27013120 5770 67087892480 94219535020032 94219536887153 140726741135520 0 0 0 0 4096 1088 0 0 0 17 87 0 0 1 0 0 94219537145216 94219537192152 94219539574784 140726741142288 140726741142422 140726741142422 140726741143521 0
/proc/18/statm: 6595 5770 1049 456 0 4756 0
Current children cumulated CPU time: 2.94 s
Current children cumulated vsize: 44064 KiB
Current children cumulated memory: 35428 KiB

[startup+6.30028 s]
/proc/loadavg: 48.41 48.77 48.79 50/2840 18
/proc/meminfo: memFree=440471148/527542236 swapFree=33531424/33554428
[pid=16] ppid=13 vsize=17684 memory=12348 CPUtime=0.04 cores=74-87,186-199
/proc/16/stat : 16 (python3) S 13 16 0 0 -1 4194304 1894 0 96 0 3 1 0 0 20 0 1 0 53235689 18108416 3087 67087892480 4194304 7154137 140730032098112 0 0 0 0 16781312 2 1 0 0 17 75 0 0 8 0 0 9727432 11029816 34107392 140730032102221 140730032102317 140730032102317 140730032103399 0
/proc/16/statm: 4421 3087 1493 723 0 2063 0
[pid=18] ppid=16 vsize=33804 memory=30312 CPUtime=6.11 cores=74-87,186-199
/proc/18/stat : 18 (bn4rust) R 16 16 0 0 -1 4194304 70158 0 18 0 599 12 0 0 20 0 1 0 53235703 34615296 7578 67087892480 94219535020032 94219536887153 140726741135520 0 0 0 0 4096 1088 0 0 0 17 74 0 0 1 0 0 94219537145216 94219537192152 94219539574784 140726741142288 140726741142422 140726741142422 140726741143521 0
/proc/18/statm: 8451 7578 1049 456 0 6612 0
Current children cumulated CPU time: 6.15 s
Current children cumulated vsize: 51488 KiB
Current children cumulated memory: 42660 KiB

[startup+12.7003 s]
/proc/loadavg: 48.46 48.77 48.80 50/2840 18
/proc/meminfo: memFree=440472344/527542236 swapFree=33531424/33554428
[pid=16] ppid=13 vsize=17684 memory=12348 CPUtime=0.04 cores=74-87,186-199
/proc/16/stat : 16 (python3) S 13 16 0 0 -1 4194304 1894 0 96 0 3 1 0 0 20 0 1 0 53235689 18108416 3087 67087892480 4194304 7154137 140730032098112 0 0 0 0 16781312 2 1 0 0 17 196 0 0 8 0 0 9727432 11029816 34107392 140730032102221 140730032102317 140730032102317 140730032103399 0
/proc/16/statm: 4421 3087 1493 723 0 2063 0
[pid=18] ppid=16 vsize=28728 memory=25064 CPUtime=12.48 cores=74-87,186-199
/proc/18/stat : 18 (bn4rust) R 16 16 0 0 -1 4194304 104936 0 18 0 1229 19 0 0 20 0 1 0 53235703 29417472 6266 67087892480 94219535020032 94219536887153 140726741135520 0 0 0 0 4096 1088 0 0 0 17 84 0 0 1 0 0 94219537145216 94219537192152 94219539574784 140726741142288 140726741142422 140726741142422 140726741143521 0
/proc/18/statm: 7182 6266 1049 456 0 5343 0
Current children cumulated CPU time: 12.52 s
Current children cumulated vsize: 46412 KiB
Current children cumulated memory: 37412 KiB

[startup+25.5003 s]
/proc/loadavg: 48.58 48.78 48.80 50/2838 18
/proc/meminfo: memFree=440630092/527542236 swapFree=33531424/33554428
[pid=16] ppid=13 vsize=17684 memory=12348 CPUtime=0.04 cores=74-87,186-199
/proc/16/stat : 16 (python3) S 13 16 0 0 -1 4194304 1895 0 96 0 3 1 0 0 20 0 1 0 53235689 18108416 3087 67087892480 4194304 7154137 140730032098112 0 0 0 0 16781312 2 1 0 0 17 197 0 0 8 0 0 9727432 11029816 34107392 140730032102221 140730032102317 140730032102317 140730032103399 0
/proc/16/statm: 4421 3087 1493 723 0 2063 0
[pid=18] ppid=16 vsize=30096 memory=26676 CPUtime=25.22 cores=74-87,186-199
/proc/18/stat : 18 (bn4rust) R 16 16 0 0 -1 4194304 160788 0 18 0 2492 30 0 0 20 0 1 0 53235703 30818304 6669 67087892480 94219535020032 94219536887153 140726741135520 0 0 0 0 4096 1088 0 0 0 17 196 0 0 1 0 0 94219537145216 94219537192152 94219539574784 140726741142288 140726741142422 140726741142422 140726741143521 0
/proc/18/statm: 7524 6669 1049 456 0 5685 0
Current children cumulated CPU time: 25.26 s
Current children cumulated vsize: 47780 KiB
Current children cumulated memory: 39024 KiB

[startup+40.4881 s]
# the end of solver process 16 was just reported to runsolver
# cumulated CPU time of all completed processes:  user=39.8606 s, system=0.357334 s

Solver just ended.
??? end of watcher thread
Dumping a history of the last processes samples

[startup+25.6004 s]
/proc/loadavg: 48.58 48.78 48.80 50/2838 18
/proc/meminfo: memFree=440630092/527542236 swapFree=33531424/33554428
[pid=16] ppid=13 vsize=17684 memory=12348 CPUtime=0.04 cores=74-87,186-199
/proc/16/stat : 16 (python3) S 13 16 0 0 -1 4194304 1895 0 96 0 3 1 0 0 20 0 1 0 53235689 18108416 3087 67087892480 4194304 7154137 140730032098112 0 0 0 0 16781312 2 1 0 0 17 197 0 0 8 0 0 9727432 11029816 34107392 140730032102221 140730032102317 140730032102317 140730032103399 0
/proc/16/statm: 4421 3087 1493 723 0 2063 0
[pid=18] ppid=16 vsize=30096 memory=26676 CPUtime=25.32 cores=74-87,186-199
/proc/18/stat : 18 (bn4rust) R 16 16 0 0 -1 4194304 160788 0 18 0 2502 30 0 0 20 0 1 0 53235703 30818304 6669 67087892480 94219535020032 94219536887153 140726741135520 0 0 0 0 4096 1088 0 0 0 17 196 0 0 1 0 0 94219537145216 94219537192152 94219539574784 140726741142288 140726741142422 140726741142422 140726741143521 0
/proc/18/statm: 7524 6669 1049 456 0 5685 0
Current children cumulated CPU time: 25.36 s
Current children cumulated vsize: 47780 KiB
Current children cumulated memory: 39024 KiB

[startup+32.0003 s]*
/proc/loadavg: 48.61 48.79 48.80 46/2838 18
/proc/meminfo: memFree=440626104/527542236 swapFree=33531424/33554428
[pid=16] ppid=13 vsize=17684 memory=12348 CPUtime=0.04 cores=74-87,186-199
/proc/16/stat : 16 (python3) S 13 16 0 0 -1 4194304 1895 0 96 0 3 1 0 0 20 0 1 0 53235689 18108416 3087 67087892480 4194304 7154137 140730032098112 0 0 0 0 16781312 2 1 0 0 17 197 0 0 8 0 0 9727432 11029816 34107392 140730032102221 140730032102317 140730032102317 140730032103399 0
/proc/16/statm: 4421 3087 1493 723 0 2063 0
[pid=18] ppid=16 vsize=29868 memory=26344 CPUtime=31.71 cores=74-87,186-199
/proc/18/stat : 18 (bn4rust) R 16 16 0 0 -1 4194304 170334 0 18 0 3138 33 0 0 20 0 1 0 53235703 30584832 6586 67087892480 94219535020032 94219536887153 140726741135520 0 0 0 0 4096 1088 0 0 0 17 84 0 0 1 0 0 94219537145216 94219537192152 94219539574784 140726741142288 140726741142422 140726741142422 140726741143521 0
/proc/18/statm: 7467 6586 1049 456 0 5628 0
Current children cumulated CPU time: 31.75 s
Current children cumulated vsize: 47552 KiB
Current children cumulated memory: 38692 KiB

[startup+35.2003 s]
/proc/loadavg: 48.64 48.79 48.80 50/2838 18
/proc/meminfo: memFree=440626232/527542236 swapFree=33531424/33554428
[pid=16] ppid=13 vsize=17684 memory=12348 CPUtime=0.04 cores=74-87,186-199
/proc/16/stat : 16 (python3) S 13 16 0 0 -1 4194304 1895 0 96 0 3 1 0 0 20 0 1 0 53235689 18108416 3087 67087892480 4194304 7154137 140730032098112 0 0 0 0 16781312 2 1 0 0 17 197 0 0 8 0 0 9727432 11029816 34107392 140730032102221 140730032102317 140730032102317 140730032103399 0
/proc/16/statm: 4421 3087 1493 723 0 2063 0
[pid=18] ppid=16 vsize=29868 memory=26344 CPUtime=34.89 cores=74-87,186-199
/proc/18/stat : 18 (bn4rust) R 16 16 0 0 -1 4194304 170334 0 18 0 3456 33 0 0 20 0 1 0 53235703 30584832 6586 67087892480 94219535020032 94219536887153 140726741135520 0 0 0 0 4096 1088 0 0 0 17 84 0 0 1 0 0 94219537145216 94219537192152 94219539574784 140726741142288 140726741142422 140726741142422 140726741143521 0
/proc/18/statm: 7467 6586 1049 456 0 5628 0
Current children cumulated CPU time: 34.93 s
Current children cumulated vsize: 47552 KiB
Current children cumulated memory: 38692 KiB

[startup+38.4003 s]
/proc/loadavg: 48.64 48.79 48.80 50/2840 18
/proc/meminfo: memFree=440624344/527542236 swapFree=33531424/33554428
[pid=16] ppid=13 vsize=17684 memory=12348 CPUtime=0.04 cores=74-87,186-199
/proc/16/stat : 16 (python3) S 13 16 0 0 -1 4194304 1895 0 96 0 3 1 0 0 20 0 1 0 53235689 18108416 3087 67087892480 4194304 7154137 140730032098112 0 0 0 0 16781312 2 1 0 0 17 197 0 0 8 0 0 9727432 11029816 34107392 140730032102221 140730032102317 140730032102317 140730032103399 0
/proc/16/statm: 4421 3087 1493 723 0 2063 0
[pid=18] ppid=16 vsize=29868 memory=26344 CPUtime=38.08 cores=74-87,186-199
/proc/18/stat : 18 (bn4rust) R 16 16 0 0 -1 4194304 170335 0 18 0 3775 33 0 0 20 0 1 0 53235703 30584832 6586 67087892480 94219535020032 94219536887153 140726741135520 0 0 0 0 4096 1088 0 0 0 17 196 0 0 1 0 0 94219537145216 94219537192152 94219539574784 140726741142288 140726741142422 140726741142422 140726741143521 0
/proc/18/statm: 7467 6586 1049 456 0 5628 0
Current children cumulated CPU time: 38.12 s
Current children cumulated vsize: 47552 KiB
Current children cumulated memory: 38692 KiB

[startup+39.2003 s]
/proc/loadavg: 48.64 48.79 48.80 50/2840 18
/proc/meminfo: memFree=440620764/527542236 swapFree=33531424/33554428
[pid=16] ppid=13 vsize=17684 memory=12348 CPUtime=0.04 cores=74-87,186-199
/proc/16/stat : 16 (python3) S 13 16 0 0 -1 4194304 1896 0 96 0 3 1 0 0 20 0 1 0 53235689 18108416 3087 67087892480 4194304 7154137 140730032098112 0 0 0 0 16781312 2 1 0 0 17 197 0 0 8 0 0 9727432 11029816 34107392 140730032102221 140730032102317 140730032102317 140730032103399 0
/proc/16/statm: 4421 3087 1493 723 0 2063 0
[pid=18] ppid=16 vsize=29868 memory=26344 CPUtime=38.88 cores=74-87,186-199
/proc/18/stat : 18 (bn4rust) R 16 16 0 0 -1 4194304 170335 0 18 0 3855 33 0 0 20 0 1 0 53235703 30584832 6586 67087892480 94219535020032 94219536887153 140726741135520 0 0 0 0 4096 1088 0 0 0 17 196 0 0 1 0 0 94219537145216 94219537192152 94219539574784 140726741142288 140726741142422 140726741142422 140726741143521 0
/proc/18/statm: 7467 6586 1049 456 0 5628 0
Current children cumulated CPU time: 38.92 s
Current children cumulated vsize: 47552 KiB
Current children cumulated memory: 38692 KiB

[startup+40.0003 s]*
/proc/loadavg: 48.67 48.80 48.81 50/2840 18
/proc/meminfo: memFree=440621136/527542236 swapFree=33531424/33554428
[pid=16] ppid=13 vsize=17684 memory=12348 CPUtime=0.04 cores=74-87,186-199
/proc/16/stat : 16 (python3) S 13 16 0 0 -1 4194304 1896 0 96 0 3 1 0 0 20 0 1 0 53235689 18108416 3087 67087892480 4194304 7154137 140730032098112 0 0 0 0 16781312 2 1 0 0 17 197 0 0 8 0 0 9727432 11029816 34107392 140730032102221 140730032102317 140730032102317 140730032103399 0
/proc/16/statm: 4421 3087 1493 723 0 2063 0
[pid=18] ppid=16 vsize=29868 memory=26344 CPUtime=39.67 cores=74-87,186-199
/proc/18/stat : 18 (bn4rust) R 16 16 0 0 -1 4194304 170335 0 18 0 3934 33 0 0 20 0 1 0 53235703 30584832 6586 67087892480 94219535020032 94219536887153 140726741135520 0 0 0 0 4096 1088 0 0 0 17 196 0 0 1 0 0 94219537145216 94219537192152 94219539574784 140726741142288 140726741142422 140726741142422 140726741143521 0
/proc/18/statm: 7467 6586 1049 456 0 5628 0
Current children cumulated CPU time: 39.71 s
Current children cumulated vsize: 47552 KiB
Current children cumulated memory: 38692 KiB

[startup+40.4003 s]
/proc/loadavg: 48.67 48.80 48.81 50/2840 18
/proc/meminfo: memFree=440621136/527542236 swapFree=33531424/33554428
[pid=16] ppid=13 vsize=17684 memory=12348 CPUtime=0.04 cores=74-87,186-199
/proc/16/stat : 16 (python3) S 13 16 0 0 -1 4194304 1896 0 96 0 3 1 0 0 20 0 1 0 53235689 18108416 3087 67087892480 4194304 7154137 140730032098112 0 0 0 0 16781312 2 1 0 0 17 197 0 0 8 0 0 9727432 11029816 34107392 140730032102221 140730032102317 140730032102317 140730032103399 0
/proc/16/statm: 4421 3087 1493 723 0 2063 0
[pid=18] ppid=16 vsize=29868 memory=26344 CPUtime=40.07 cores=74-87,186-199
/proc/18/stat : 18 (bn4rust) R 16 16 0 0 -1 4194304 170335 0 18 0 3974 33 0 0 20 0 1 0 53235703 30584832 6586 67087892480 94219535020032 94219536887153 140726741135520 0 0 0 0 4096 1088 0 0 0 17 196 0 0 1 0 0 94219537145216 94219537192152 94219539574784 140726741142288 140726741142422 140726741142422 140726741143521 0
/proc/18/statm: 7467 6586 1049 456 0 5628 0
Current children cumulated CPU time: 40.11 s
Current children cumulated vsize: 47552 KiB
Current children cumulated memory: 38692 KiB

Child status: 0
Real time (s): 40.4882
CPU time (s): 40.2179
CPU user time (s): 39.8606
CPU system time (s): 0.357334
CPU usage (%): 99.3323
Max. virtual memory (cumulated for all children) (KiB): 54688
Max. memory (cumulated for all children) (KiB): 46016

getrusage(RUSAGE_CHILDREN,...) data:
user time used= 39.8606
system time used= 0.357334
maximum resident set size= 33668
integral shared memory size= 0
integral unshared data size= 0
integral unshared stack size= 0
page reclaims= 173827
page faults= 116
swaps= 0
block input operations= 20304
block output operations= 8
messages sent= 0
messages received= 0
signals received= 0
voluntary context switches= 1073
involuntary context switches= 236


# summary of solver processes directly reported to runsolver:
#   pid: 16
#   total CPU time (s): 40.2179
#   total CPU user time (s): 39.8606
#   total CPU system time (s): 0.357334

??? join timestamper begins
??? join timestamper ends
??? end of timestamper thread
runsolver used 0.021421 second user time and 0.077582 second system time

The end
