runsolver version 3.4.1 (svn: 3018) Copyright (C) 2010-2013 Olivier ROUSSEL

This program is distributed in the hope that it will be useful,
but WITHOUT ANY WARRANTY; without even the implied warranty of
MERCHANTABILITY or FITNESS FOR A PARTICULAR PURPOSE.  See the
GNU General Public License for more details.

NUMA information:
  number of nodes: 8
  memory of node 0: 63700 MiB (61332 MiB free)
  memory of node 1: 64504 MiB (15217 MiB free)
  memory of node 2: 64504 MiB (19752 MiB free)
  memory of node 3: 64504 MiB (63149 MiB free)
  memory of node 4: 64504 MiB (17745 MiB free)
  memory of node 5: 64461 MiB (59237 MiB free)
  memory of node 6: 64504 MiB (16988 MiB free)
  memory of node 7: 64491 MiB (16874 MiB free)
  node distances:
     10  12  12  12  21  21  21  21
     12  10  12  12  21  21  21  21
     12  12  10  12  21  21  21  21
     12  12  12  10  21  21  21  21
     21  21  21  21  10  12  12  12
     21  21  21  21  12  10  12  12
     21  21  21  21  12  12  10  12
     21  21  21  21  12  12  12  10

command line: /usr/local/bin/runsolver --timestamp -w /output/runsolver-watch.log -v /output/runsolver-values.log -o /output/solver-output.log -C 1800.0 -W 1800.0 -R 64000 /opt/solver/run_bn4rust.py --mode cyber-complement-gfp-plus-dependency-order --instance /input/model_073.bnet 

running on 26 cores: 47-55,159-167,182-186,72-74

Enforcing CPUTime limit (soft limit, will send SIGTERM then SIGKILL): 1800 seconds
Enforcing CPUTime limit (hard limit, will send SIGXCPU): 1830 seconds
Enforcing wall clock limit (soft limit, will send SIGTERM then SIGKILL): 1800 seconds
Enforcing RSS+Swap limit (soft limit, will send SIGTERM then SIGKILL): 65536000 KiB
Linux 4.18.0-553.159.1.el8_10.x86_64
Current StackSize limit: 18014398509481983 KiB
solver pid=16, runsolver pid=13


[startup+0.100077 s]*
/proc/loadavg: 17.03 20.21 21.85 17/2929 17
/proc/meminfo: memFree=276771556/527542280 swapFree=9689156/33554428
[pid=16] ppid=13 vsize=15600 memory=10016 CPUtime=0.02 cores=47-55,70-74,159-167,182-186
/proc/16/stat : 16 (python3) S 13 16 0 0 -1 4194304 1364 0 81 0 2 0 0 0 20 0 1 0 53490517 15974400 2504 67087892480 4194304 7154137 140724300552432 0 0 0 0 16781312 2 1 0 0 17 48 0 0 6 0 0 9727432 11029816 18710528 140724300561207 140724300561325 140724300561325 140724300562407 0
/proc/16/statm: 3900 2504 1403 723 0 1636 0
Current children cumulated CPU time: 0.02 s
Current children cumulated vsize: 15600 KiB
Current children cumulated memory: 10016 KiB

[startup+0.200684 s]*
/proc/loadavg: 17.03 20.21 21.85 20/2930 18
/proc/meminfo: memFree=276763152/527542280 swapFree=9689156/33554428
[pid=16] ppid=13 vsize=17684 memory=12468 CPUtime=0.04 cores=47-55,70-74,159-167,182-186
/proc/16/stat : 16 (python3) S 13 16 0 0 -1 4194304 1896 0 96 0 3 1 0 0 20 0 1 0 53490517 18108416 3117 67087892480 4194304 7154137 140724300552432 0 0 0 0 16781312 2 1 0 0 17 72 0 0 8 0 0 9727432 11029816 18710528 140724300561207 140724300561325 140724300561325 140724300562407 0
/proc/16/statm: 4421 3117 1523 723 0 2063 0
[pid=18] ppid=16 vsize=8156 memory=4820 CPUtime=0.03 cores=47-55,70-74,159-167,182-186
/proc/18/stat : 18 (bn4rust) R 16 16 0 0 -1 4194304 254 0 18 0 3 0 0 0 20 0 1 0 53490531 8351744 1205 67087892480 94309855621120 94309857488241 140725058920432 0 0 0 0 4096 1088 0 0 0 17 70 0 0 1 0 0 94309857746304 94309857793240 94309863075840 140725058927354 140725058927510 140725058927510 140725058928609 0
/proc/18/statm: 2039 1205 1049 456 0 200 0
Current children cumulated CPU time: 0.07 s
Current children cumulated vsize: 25840 KiB
Current children cumulated memory: 17288 KiB

[startup+0.300445 s]*
/proc/loadavg: 17.03 20.21 21.85 16/2929 18
/proc/meminfo: memFree=276747344/527542280 swapFree=9689156/33554428
Current children cumulated CPU time: 0 s
Current children cumulated vsize: 0 KiB
Current children cumulated memory: 0 KiB

[startup+0.301335 s]
# the end of solver process 16 was just reported to runsolver
# cumulated CPU time of all completed processes:  user=0.167533 s, system=0.016119 s

Solver just ended.
??? end of watcher thread
Dumping a history of the last processes samples

[startup+0.300445 s]*
/proc/loadavg: 17.03 20.21 21.85 16/2929 18
/proc/meminfo: memFree=276747344/527542280 swapFree=9689156/33554428
Current children cumulated CPU time: 0 s
Current children cumulated vsize: 0 KiB
Current children cumulated memory: 0 KiB

Child status: 0
Real time (s): 0.301344
CPU time (s): 0.183652
CPU user time (s): 0.167533
CPU system time (s): 0.016119
CPU usage (%): 60.9443
Max. virtual memory (cumulated for all children) (KiB): 25840
Max. memory (cumulated for all children) (KiB): 17288

getrusage(RUSAGE_CHILDREN,...) data:
user time used= 0.167533
system time used= 0.016119
maximum resident set size= 12608
integral shared memory size= 0
integral unshared data size= 0
integral unshared stack size= 0
page reclaims= 2235
page faults= 116
swaps= 0
block input operations= 19800
block output operations= 8
messages sent= 0
messages received= 0
signals received= 0
voluntary context switches= 990
involuntary context switches= 1


# summary of solver processes directly reported to runsolver:
#   pid: 16
#   total CPU time (s): 0.183652
#   total CPU user time (s): 0.167533
#   total CPU system time (s): 0.016119

??? join timestamper begins
??? join timestamper ends
??? end of timestamper thread
runsolver used 0 second user time and 0.007172 second system time

The end
