runsolver version 3.4.1 (svn: 3018) Copyright (C) 2010-2013 Olivier ROUSSEL

This program is distributed in the hope that it will be useful,
but WITHOUT ANY WARRANTY; without even the implied warranty of
MERCHANTABILITY or FITNESS FOR A PARTICULAR PURPOSE.  See the
GNU General Public License for more details.

NUMA information:
  number of nodes: 8
  memory of node 0: 63700 MiB (22210 MiB free)
  memory of node 1: 64504 MiB (17422 MiB free)
  memory of node 2: 64504 MiB (63315 MiB free)
  memory of node 3: 64504 MiB (768 MiB free)
  memory of node 4: 64504 MiB (63000 MiB free)
  memory of node 5: 64504 MiB (21231 MiB free)
  memory of node 6: 64504 MiB (35866 MiB free)
  memory of node 7: 64447 MiB (63166 MiB free)
  node distances:
     10  12  12  12  21  21  21  21
     12  10  12  12  21  21  21  21
     12  12  10  12  21  21  21  21
     12  12  12  10  21  21  21  21
     21  21  21  21  10  12  12  12
     21  21  21  21  12  10  12  12
     21  21  21  21  12  12  10  12
     21  21  21  21  12  12  12  10

command line: /usr/local/bin/runsolver --timestamp -w /output/runsolver-watch.log -v /output/runsolver-values.log -o /output/solver-output.log -C 1800.0 -W 1800.0 -R 64000 /opt/solver/run_bn4rust.py --mode cyber-forward-baseline --instance /input/model_114.bnet 

running on 20 cores: 28-31,36-41,144-153

Enforcing CPUTime limit (soft limit, will send SIGTERM then SIGKILL): 1800 seconds
Enforcing CPUTime limit (hard limit, will send SIGXCPU): 1830 seconds
Enforcing wall clock limit (soft limit, will send SIGTERM then SIGKILL): 1800 seconds
Enforcing RSS+Swap limit (soft limit, will send SIGTERM then SIGKILL): 65536000 KiB
Linux 4.18.0-553.159.1.el8_10.x86_64
Current StackSize limit: 18014398509481983 KiB

solver pid=16, runsolver pid=13

[startup+0.100073 s]*
/proc/loadavg: 21.21 21.56 21.72 20/2787 17
/proc/meminfo: memFree=293841100/527542244 swapFree=3649532/33554428
[pid=16] ppid=13 vsize=15748 memory=9904 CPUtime=0.01 cores=28-41,140-153
/proc/16/stat : 16 (python3) D 13 16 0 0 -1 4194304 1371 0 81 0 1 0 0 0 20 0 1 0 53231850 16125952 2476 67087892480 4194304 7154137 140726955008624 0 0 0 0 16781312 2 0 0 0 17 29 0 0 6 0 0 9727432 11029816 43008000 140726955014987 140726955015085 140726955015085 140726955016167 0
/proc/16/statm: 3937 2476 1374 723 0 1673 0
Current children cumulated CPU time: 0.01 s
Current children cumulated vsize: 15748 KiB
Current children cumulated memory: 9904 KiB

[startup+0.200609 s]*
/proc/loadavg: 21.21 21.56 21.72 21/2781 18
/proc/meminfo: memFree=293811040/527542244 swapFree=3649532/33554428
[pid=16] ppid=13 vsize=17684 memory=12408 CPUtime=0.03 cores=28-41,140-153
/proc/16/stat : 16 (python3) S 13 16 0 0 -1 4194304 1885 0 96 0 3 0 0 0 20 0 1 0 53231850 18108416 3102 67087892480 4194304 7154137 140726955008624 0 0 0 0 16781312 2 1 0 0 17 29 0 0 8 0 0 9727432 11029816 43008000 140726955014987 140726955015085 140726955015085 140726955016167 0
/proc/16/statm: 4421 3102 1493 723 0 2063 0
[pid=18] ppid=16 vsize=14368 memory=10132 CPUtime=0.03 cores=28-41,140-153
/proc/18/stat : 18 (bn4rust) R 16 16 0 0 -1 4194304 2993 0 18 0 3 0 0 0 20 0 1 0 53231864 14712832 2533 67087892480 94865997176832 94865999043953 140721129993008 0 0 0 0 4096 1088 0 0 0 17 144 0 0 1 0 0 94865999302016 94865999348952 94866005729280 140721129995022 140721129995158 140721129995158 140721129996257 0
/proc/18/statm: 3592 2533 1092 456 0 1753 0
Current children cumulated CPU time: 0.06 s
Current children cumulated vsize: 32052 KiB
Current children cumulated memory: 22540 KiB

[startup+0.300418 s]*
/proc/loadavg: 21.21 21.56 21.72 21/2781 18
/proc/meminfo: memFree=293786456/527542244 swapFree=3649532/33554428
[pid=16] ppid=13 vsize=17684 memory=12408 CPUtime=0.03 cores=28-41,140-153
/proc/16/stat : 16 (python3) S 13 16 0 0 -1 4194304 1885 0 96 0 3 0 0 0 20 0 1 0 53231850 18108416 3102 67087892480 4194304 7154137 140726955008624 0 0 0 0 16781312 2 1 0 0 17 29 0 0 8 0 0 9727432 11029816 43008000 140726955014987 140726955015085 140726955015085 140726955016167 0
/proc/16/statm: 4421 3102 1493 723 0 2063 0
[pid=18] ppid=16 vsize=39772 memory=30768 CPUtime=0.14 cores=28-41,140-153
/proc/18/stat : 18 (bn4rust) R 16 16 0 0 -1 4194304 7542 0 18 0 13 1 0 0 20 0 1 0 53231864 40726528 7692 67087892480 94865997176832 94865999043953 140721129993008 0 0 0 0 4096 1088 0 0 0 17 144 0 0 1 0 0 94865999302016 94865999348952 94866005729280 140721129995022 140721129995158 140721129995158 140721129996257 0
/proc/18/statm: 9943 7692 1092 456 0 8104 0
Current children cumulated CPU time: 0.17 s
Current children cumulated vsize: 57456 KiB
Current children cumulated memory: 43176 KiB

[startup+0.700165 s]
/proc/loadavg: 21.21 21.56 21.72 19/2765 18
/proc/meminfo: memFree=294023776/527542244 swapFree=3649532/33554428
[pid=16] ppid=13 vsize=17684 memory=12408 CPUtime=0.03 cores=28-41,140-153
/proc/16/stat : 16 (python3) S 13 16 0 0 -1 4194304 1885 0 96 0 3 0 0 0 20 0 1 0 53231850 18108416 3102 67087892480 4194304 7154137 140726955008624 0 0 0 0 16781312 2 1 0 0 17 29 0 0 8 0 0 9727432 11029816 43008000 140726955014987 140726955015085 140726955015085 140726955016167 0
/proc/16/statm: 4421 3102 1493 723 0 2063 0
[pid=18] ppid=16 vsize=59348 memory=54436 CPUtime=0.53 cores=28-41,140-153
/proc/18/stat : 18 (bn4rust) R 16 16 0 0 -1 4194304 13236 0 18 0 51 2 0 0 20 0 1 0 53231864 60772352 13609 67087892480 94865997176832 94865999043953 140721129993008 0 0 0 0 4096 1088 0 0 0 17 144 0 0 1 0 0 94865999302016 94865999348952 94866005729280 140721129995022 140721129995158 140721129995158 140721129996257 0
/proc/18/statm: 14837 13609 1092 456 0 12998 0
Current children cumulated CPU time: 0.56 s
Current children cumulated vsize: 77032 KiB
Current children cumulated memory: 66844 KiB

[startup+1.50016 s]
/proc/loadavg: 21.21 21.56 21.72 20/2765 18
/proc/meminfo: memFree=294023616/527542244 swapFree=3649532/33554428
[pid=16] ppid=13 vsize=17684 memory=12408 CPUtime=0.03 cores=28-41,140-153
/proc/16/stat : 16 (python3) S 13 16 0 0 -1 4194304 1885 0 96 0 3 0 0 0 20 0 1 0 53231850 18108416 3102 67087892480 4194304 7154137 140726955008624 0 0 0 0 16781312 2 1 0 0 17 29 0 0 8 0 0 9727432 11029816 43008000 140726955014987 140726955015085 140726955015085 140726955016167 0
/proc/16/statm: 4421 3102 1493 723 0 2063 0
[pid=18] ppid=16 vsize=74068 memory=66588 CPUtime=1.33 cores=28-41,140-153
/proc/18/stat : 18 (bn4rust) R 16 16 0 0 -1 4194304 20125 0 18 0 129 4 0 0 20 0 1 0 53231864 75845632 16647 67087892480 94865997176832 94865999043953 140721129993008 0 0 0 0 4096 1088 0 0 0 17 144 0 0 1 0 0 94865999302016 94865999348952 94866005729280 140721129995022 140721129995158 140721129995158 140721129996257 0
/proc/18/statm: 18517 16647 1092 456 0 16678 0
Current children cumulated CPU time: 1.36 s
Current children cumulated vsize: 91752 KiB
Current children cumulated memory: 78996 KiB

[startup+3.10041 s]
/proc/loadavg: 21.76 21.66 21.76 23/2763 18
/proc/meminfo: memFree=293838172/527542244 swapFree=3649532/33554428
[pid=16] ppid=13 vsize=17684 memory=12408 CPUtime=0.03 cores=28-41,140-153
/proc/16/stat : 16 (python3) S 13 16 0 0 -1 4194304 1885 0 96 0 3 0 0 0 20 0 1 0 53231850 18108416 3102 67087892480 4194304 7154137 140726955008624 0 0 0 0 16781312 2 1 0 0 17 29 0 0 8 0 0 9727432 11029816 43008000 140726955014987 140726955015085 140726955015085 140726955016167 0
/proc/16/statm: 4421 3102 1493 723 0 2063 0
[pid=18] ppid=16 vsize=42176 memory=34604 CPUtime=2.92 cores=28-41,140-153
/proc/18/stat : 18 (bn4rust) R 16 16 0 0 -1 4194304 21387 0 18 0 288 4 0 0 20 0 1 0 53231864 43188224 8651 67087892480 94865997176832 94865999043953 140721129993008 0 0 0 0 4096 1088 0 0 0 17 144 0 0 1 0 0 94865999302016 94865999348952 94866005729280 140721129995022 140721129995158 140721129995158 140721129996257 0
/proc/18/statm: 10544 8651 1092 456 0 8705 0
Current children cumulated CPU time: 2.95 s
Current children cumulated vsize: 59860 KiB
Current children cumulated memory: 47012 KiB

[startup+6.30017 s]
/proc/loadavg: 21.76 21.66 21.76 22/2781 18
/proc/meminfo: memFree=293835212/527542244 swapFree=3649532/33554428
[pid=16] ppid=13 vsize=17684 memory=12408 CPUtime=0.03 cores=28-41,140-153
/proc/16/stat : 16 (python3) S 13 16 0 0 -1 4194304 1885 0 96 0 3 0 0 0 20 0 1 0 53231850 18108416 3102 67087892480 4194304 7154137 140726955008624 0 0 0 0 16781312 2 1 0 0 17 29 0 0 8 0 0 9727432 11029816 43008000 140726955014987 140726955015085 140726955015085 140726955016167 0
/proc/16/statm: 4421 3102 1493 723 0 2063 0
[pid=18] ppid=16 vsize=42180 memory=34608 CPUtime=6.1 cores=28-41,140-153
/proc/18/stat : 18 (bn4rust) R 16 16 0 0 -1 4194304 33705 0 18 0 603 7 0 0 20 0 1 0 53231864 43192320 8652 67087892480 94865997176832 94865999043953 140721129993008 0 0 0 0 4096 1088 0 0 0 17 144 0 0 1 0 0 94865999302016 94865999348952 94866005729280 140721129995022 140721129995158 140721129995158 140721129996257 0
/proc/18/statm: 10545 8652 1092 456 0 8706 0
Current children cumulated CPU time: 6.13 s
Current children cumulated vsize: 59864 KiB
Current children cumulated memory: 47016 KiB

[startup+12.7002 s]
/proc/loadavg: 21.94 21.70 21.77 23/2749 18
/proc/meminfo: memFree=293818432/527542244 swapFree=3649532/33554428
[pid=16] ppid=13 vsize=17684 memory=12408 CPUtime=0.03 cores=28-41,140-153
/proc/16/stat : 16 (python3) S 13 16 0 0 -1 4194304 1885 0 96 0 3 0 0 0 20 0 1 0 53231850 18108416 3102 67087892480 4194304 7154137 140726955008624 0 0 0 0 16781312 2 1 0 0 17 29 0 0 8 0 0 9727432 11029816 43008000 140726955014987 140726955015085 140726955015085 140726955016167 0
/proc/16/statm: 4421 3102 1493 723 0 2063 0
[pid=18] ppid=16 vsize=49932 memory=46436 CPUtime=12.46 cores=28-41,140-153
/proc/18/stat : 18 (bn4rust) R 16 16 0 0 -1 4194304 53313 0 18 0 1234 12 0 0 20 0 1 0 53231864 51130368 11609 67087892480 94865997176832 94865999043953 140721129993008 0 0 0 0 4096 1088 0 0 0 17 144 0 0 1 0 0 94865999302016 94865999348952 94866005729280 140721129995022 140721129995158 140721129995158 140721129996257 0
/proc/18/statm: 12483 11609 1092 456 0 10644 0
Current children cumulated CPU time: 12.49 s
Current children cumulated vsize: 67616 KiB
Current children cumulated memory: 58844 KiB

[startup+25.5002 s]
/proc/loadavg: 22.25 21.78 21.79 26/2743 18
/proc/meminfo: memFree=294199960/527542244 swapFree=3649276/33554428
[pid=16] ppid=13 vsize=17684 memory=12408 CPUtime=0.03 cores=28-41,140-153
/proc/16/stat : 16 (python3) S 13 16 0 0 -1 4194304 1885 0 96 0 3 0 0 0 20 0 1 0 53231850 18108416 3102 67087892480 4194304 7154137 140726955008624 0 0 0 0 16781312 2 1 0 0 17 29 0 0 8 0 0 9727432 11029816 43008000 140726955014987 140726955015085 140726955015085 140726955016167 0
/proc/16/statm: 4421 3102 1493 723 0 2063 0
[pid=18] ppid=16 vsize=79476 memory=70708 CPUtime=25.19 cores=28-41,140-153
/proc/18/stat : 18 (bn4rust) R 16 16 0 0 -1 4194304 91638 0 18 0 2495 24 0 0 20 0 1 0 53231864 81383424 17677 67087892480 94865997176832 94865999043953 140721129993008 0 0 0 0 4096 1088 0 0 0 17 144 0 0 1 0 0 94865999302016 94865999348952 94866005729280 140721129995022 140721129995158 140721129995158 140721129996257 0
/proc/18/statm: 19869 17677 1092 456 0 18030 0
Current children cumulated CPU time: 25.22 s
Current children cumulated vsize: 97160 KiB
Current children cumulated memory: 83116 KiB

[startup+51.1004 s]
/proc/loadavg: 22.76 21.93 21.84 18/2784 18
/proc/meminfo: memFree=294003968/527542244 swapFree=3649276/33554428
[pid=16] ppid=13 vsize=17684 memory=12408 CPUtime=0.04 cores=28-41,140-153
/proc/16/stat : 16 (python3) S 13 16 0 0 -1 4194304 1885 0 96 0 3 1 0 0 20 0 1 0 53231850 18108416 3102 67087892480 4194304 7154137 140726955008624 0 0 0 0 16781312 2 1 0 0 17 29 0 0 8 0 0 9727432 11029816 43008000 140726955014987 140726955015085 140726955015085 140726955016167 0
/proc/16/statm: 4421 3102 1493 723 0 2063 0
[pid=18] ppid=16 vsize=47160 memory=42096 CPUtime=50.65 cores=28-41,140-153
/proc/18/stat : 18 (bn4rust) R 16 16 0 0 -1 4194304 169521 0 18 0 5019 46 0 0 20 0 1 0 53231864 48291840 10524 67087892480 94865997176832 94865999043953 140721129993008 0 0 0 0 4096 1088 0 0 0 17 144 0 0 1 0 0 94865999302016 94865999348952 94866005729280 140721129995022 140721129995158 140721129995158 140721129996257 0
/proc/18/statm: 11790 10524 1092 456 0 9951 0
Current children cumulated CPU time: 50.69 s
Current children cumulated vsize: 64844 KiB
Current children cumulated memory: 54504 KiB

[startup+102.3 s]
/proc/loadavg: 23.69 22.30 21.97 17/2783 18
/proc/meminfo: memFree=294286156/527542244 swapFree=3649020/33554428
[pid=16] ppid=13 vsize=17684 memory=12408 CPUtime=0.04 cores=28-41,140-153
/proc/16/stat : 16 (python3) S 13 16 0 0 -1 4194304 1885 0 96 0 3 1 0 0 20 0 1 0 53231850 18108416 3102 67087892480 4194304 7154137 140726955008624 0 0 0 0 16781312 2 1 0 0 17 29 0 0 8 0 0 9727432 11029816 43008000 140726955014987 140726955015085 140726955015085 140726955016167 0
/proc/16/statm: 4421 3102 1493 723 0 2063 0
[pid=18] ppid=16 vsize=27856 memory=22980 CPUtime=101.57 cores=28-41,140-153
/proc/18/stat : 18 (bn4rust) R 16 16 0 0 -1 4194304 289779 0 18 0 10076 81 0 0 20 0 1 0 53231864 28524544 5745 67087892480 94865997176832 94865999043953 140721129993008 0 0 0 0 4096 1088 0 0 0 17 144 0 0 1 0 0 94865999302016 94865999348952 94866005729280 140721129995022 140721129995158 140721129995158 140721129996257 0
/proc/18/statm: 6964 5745 1092 456 0 5125 0
Current children cumulated CPU time: 101.61 s
Current children cumulated vsize: 45540 KiB
Current children cumulated memory: 35388 KiB

[startup+162.3 s]
/proc/loadavg: 23.80 22.63 22.11 27/2779 18
/proc/meminfo: memFree=293770312/527542244 swapFree=3648764/33554428
[pid=16] ppid=13 vsize=17684 memory=12408 CPUtime=0.04 cores=28-41,140-153
/proc/16/stat : 16 (python3) S 13 16 0 0 -1 4194304 1885 0 96 0 3 1 0 0 20 0 1 0 53231850 18108416 3102 67087892480 4194304 7154137 140726955008624 0 0 0 0 16781312 2 1 0 0 17 29 0 0 8 0 0 9727432 11029816 43008000 140726955014987 140726955015085 140726955015085 140726955016167 0
/proc/16/statm: 4421 3102 1493 723 0 2063 0
[pid=18] ppid=16 vsize=53968 memory=50396 CPUtime=161.25 cores=28-41,140-153
/proc/18/stat : 18 (bn4rust) R 16 16 0 0 -1 4194304 399562 0 18 0 16010 115 0 0 20 0 1 0 53231864 55263232 12599 67087892480 94865997176832 94865999043953 140721129993008 0 0 0 0 4096 1088 0 0 0 17 144 0 0 1 0 0 94865999302016 94865999348952 94866005729280 140721129995022 140721129995158 140721129995158 140721129996257 0
/proc/18/statm: 13492 12599 1092 456 0 11653 0
Current children cumulated CPU time: 161.29 s
Current children cumulated vsize: 71652 KiB
Current children cumulated memory: 62804 KiB

[startup+222.3 s]
/proc/loadavg: 24.61 23.07 22.29 23/2780 18
/proc/meminfo: memFree=293208820/527542244 swapFree=3648764/33554428
[pid=16] ppid=13 vsize=17684 memory=12408 CPUtime=0.04 cores=28-41,140-153
/proc/16/stat : 16 (python3) S 13 16 0 0 -1 4194304 1885 0 96 0 3 1 0 0 20 0 1 0 53231850 18108416 3102 67087892480 4194304 7154137 140726955008624 0 0 0 0 16781312 2 1 0 0 17 29 0 0 8 0 0 9727432 11029816 43008000 140726955014987 140726955015085 140726955015085 140726955016167 0
/proc/16/statm: 4421 3102 1493 723 0 2063 0
[pid=18] ppid=16 vsize=51380 memory=46312 CPUtime=220.92 cores=28-41,140-153
/proc/18/stat : 18 (bn4rust) R 16 16 0 0 -1 4194304 519285 0 18 0 21944 148 0 0 20 0 1 0 53231864 52613120 11578 67087892480 94865997176832 94865999043953 140721129993008 0 0 0 0 4096 1088 0 0 0 17 32 0 0 1 0 0 94865999302016 94865999348952 94866005729280 140721129995022 140721129995158 140721129995158 140721129996257 0
/proc/18/statm: 12845 11578 1092 456 0 11006 0
Current children cumulated CPU time: 220.96 s
Current children cumulated vsize: 69064 KiB
Current children cumulated memory: 58720 KiB

[startup+282.3 s]
/proc/loadavg: 24.96 23.46 22.48 22/2785 18
/proc/meminfo: memFree=292149848/527542244 swapFree=3648764/33554428
[pid=16] ppid=13 vsize=17684 memory=12408 CPUtime=0.04 cores=28-41,140-153
/proc/16/stat : 16 (python3) S 13 16 0 0 -1 4194304 1885 0 96 0 3 1 0 0 20 0 1 0 53231850 18108416 3102 67087892480 4194304 7154137 140726955008624 0 0 0 0 16781312 2 1 0 0 17 29 0 0 8 0 0 9727432 11029816 43008000 140726955014987 140726955015085 140726955015085 140726955016167 0
/proc/16/statm: 4421 3102 1493 723 0 2063 0
[pid=18] ppid=16 vsize=88272 memory=81120 CPUtime=280.59 cores=28-41,140-153
/proc/18/stat : 18 (bn4rust) R 16 16 0 0 -1 4194304 669602 0 18 0 27870 189 0 0 20 0 1 0 53231864 90390528 20280 67087892480 94865997176832 94865999043953 140721129993008 0 0 0 0 4096 1088 0 0 0 17 32 0 0 1 0 0 94865999302016 94865999348952 94866005729280 140721129995022 140721129995158 140721129995158 140721129996257 0
/proc/18/statm: 22068 20280 1092 456 0 20229 0
Current children cumulated CPU time: 280.63 s
Current children cumulated vsize: 105956 KiB
Current children cumulated memory: 93528 KiB

[startup+342.3 s]
/proc/loadavg: 25.40 23.89 22.69 23/2766 18
/proc/meminfo: memFree=292295384/527542244 swapFree=3648764/33554428
[pid=16] ppid=13 vsize=17684 memory=12408 CPUtime=0.04 cores=28-41,140-153
/proc/16/stat : 16 (python3) S 13 16 0 0 -1 4194304 1885 0 96 0 3 1 0 0 20 0 1 0 53231850 18108416 3102 67087892480 4194304 7154137 140726955008624 0 0 0 0 16781312 2 1 0 0 17 29 0 0 8 0 0 9727432 11029816 43008000 140726955014987 140726955015085 140726955015085 140726955016167 0
/proc/16/statm: 4421 3102 1493 723 0 2063 0
[pid=18] ppid=16 vsize=82936 memory=68516 CPUtime=340.26 cores=28-41,140-153
/proc/18/stat : 18 (bn4rust) R 16 16 0 0 -1 4194304 762000 0 18 0 33803 223 0 0 20 0 1 0 53231864 84926464 17129 67087892480 94865997176832 94865999043953 140721129993008 0 0 0 0 4096 1088 0 0 0 17 32 0 0 1 0 0 94865999302016 94865999348952 94866005729280 140721129995022 140721129995158 140721129995158 140721129996257 0
/proc/18/statm: 20734 17129 1092 456 0 18895 0
Current children cumulated CPU time: 340.3 s
Current children cumulated vsize: 100620 KiB
Current children cumulated memory: 80924 KiB

[startup+352.734 s]
# the end of solver process 16 was just reported to runsolver
# cumulated CPU time of all completed processes:  user=348.39 s, system=2.30307 s

Solver just ended.
??? end of watcher thread
Dumping a history of the last processes samples

[startup+345.6 s]
/proc/loadavg: 25.12 23.86 22.69 18/2766 18
/proc/meminfo: memFree=292279844/527542244 swapFree=3648764/33554428
[pid=16] ppid=13 vsize=17684 memory=12408 CPUtime=0.04 cores=28-41,140-153
/proc/16/stat : 16 (python3) S 13 16 0 0 -1 4194304 1885 0 96 0 3 1 0 0 20 0 1 0 53231850 18108416 3102 67087892480 4194304 7154137 140726955008624 0 0 0 0 16781312 2 1 0 0 17 29 0 0 8 0 0 9727432 11029816 43008000 140726955014987 140726955015085 140726955015085 140726955016167 0
/proc/16/statm: 4421 3102 1493 723 0 2063 0
[pid=18] ppid=16 vsize=34056 memory=30952 CPUtime=343.54 cores=28-41,140-153
/proc/18/stat : 18 (bn4rust) R 16 16 0 0 -1 4194304 764609 0 18 0 34130 224 0 0 20 0 1 0 53231864 34873344 7738 67087892480 94865997176832 94865999043953 140721129993008 0 0 0 0 4096 1088 0 0 0 17 32 0 0 1 0 0 94865999302016 94865999348952 94866005729280 140721129995022 140721129995158 140721129995158 140721129996257 0
/proc/18/statm: 8514 7738 1092 456 0 6675 0
Current children cumulated CPU time: 343.58 s
Current children cumulated vsize: 51740 KiB
Current children cumulated memory: 43360 KiB

[startup+348.8 s]
/proc/loadavg: 25.12 23.86 22.69 17/2766 18
/proc/meminfo: memFree=292309524/527542244 swapFree=3648764/33554428
[pid=16] ppid=13 vsize=17684 memory=12408 CPUtime=0.04 cores=28-41,140-153
/proc/16/stat : 16 (python3) S 13 16 0 0 -1 4194304 1885 0 96 0 3 1 0 0 20 0 1 0 53231850 18108416 3102 67087892480 4194304 7154137 140726955008624 0 0 0 0 16781312 2 1 0 0 17 29 0 0 8 0 0 9727432 11029816 43008000 140726955014987 140726955015085 140726955015085 140726955016167 0
/proc/16/statm: 4421 3102 1493 723 0 2063 0
[pid=18] ppid=16 vsize=46544 memory=42008 CPUtime=346.73 cores=28-41,140-153
/proc/18/stat : 18 (bn4rust) R 16 16 0 0 -1 4194304 769659 0 18 0 34447 226 0 0 20 0 1 0 53231864 47661056 10502 67087892480 94865997176832 94865999043953 140721129993008 0 0 0 0 4096 1088 0 0 0 17 32 0 0 1 0 0 94865999302016 94865999348952 94866005729280 140721129995022 140721129995158 140721129995158 140721129996257 0
/proc/18/statm: 11636 10502 1092 456 0 9797 0
Current children cumulated CPU time: 346.77 s
Current children cumulated vsize: 64228 KiB
Current children cumulated memory: 54416 KiB

[startup+350.4 s]
/proc/loadavg: 25.03 23.86 22.69 23/2766 18
/proc/meminfo: memFree=292211424/527542244 swapFree=3648764/33554428
[pid=16] ppid=13 vsize=17684 memory=12408 CPUtime=0.04 cores=28-41,140-153
/proc/16/stat : 16 (python3) S 13 16 0 0 -1 4194304 1885 0 96 0 3 1 0 0 20 0 1 0 53231850 18108416 3102 67087892480 4194304 7154137 140726955008624 0 0 0 0 16781312 2 1 0 0 17 29 0 0 8 0 0 9727432 11029816 43008000 140726955014987 140726955015085 140726955015085 140726955016167 0
/proc/16/statm: 4421 3102 1493 723 0 2063 0
[pid=18] ppid=16 vsize=82936 memory=74976 CPUtime=348.32 cores=28-41,140-153
/proc/18/stat : 18 (bn4rust) R 16 16 0 0 -1 4194304 774762 0 18 0 34604 228 0 0 20 0 1 0 53231864 84926464 18744 67087892480 94865997176832 94865999043953 140721129993008 0 0 0 0 4096 1088 0 0 0 17 32 0 0 1 0 0 94865999302016 94865999348952 94866005729280 140721129995022 140721129995158 140721129995158 140721129996257 0
/proc/18/statm: 20734 18744 1092 456 0 18895 0
Current children cumulated CPU time: 348.36 s
Current children cumulated vsize: 100620 KiB
Current children cumulated memory: 87384 KiB

[startup+352 s]*
/proc/loadavg: 25.03 23.86 22.69 18/2766 18
/proc/meminfo: memFree=291975696/527542244 swapFree=3648764/33554428
[pid=16] ppid=13 vsize=17684 memory=12408 CPUtime=0.04 cores=28-41,140-153
/proc/16/stat : 16 (python3) S 13 16 0 0 -1 4194304 1885 0 96 0 3 1 0 0 20 0 1 0 53231850 18108416 3102 67087892480 4194304 7154137 140726955008624 0 0 0 0 16781312 2 1 0 0 17 29 0 0 8 0 0 9727432 11029816 43008000 140726955014987 140726955015085 140726955015085 140726955016167 0
/proc/16/statm: 4421 3102 1493 723 0 2063 0
[pid=18] ppid=16 vsize=46544 memory=42008 CPUtime=349.91 cores=28-41,140-153
/proc/18/stat : 18 (bn4rust) R 16 16 0 0 -1 4194304 775749 0 18 0 34763 228 0 0 20 0 1 0 53231864 47661056 10502 67087892480 94865997176832 94865999043953 140721129993008 0 0 0 0 4096 1088 0 0 0 17 32 0 0 1 0 0 94865999302016 94865999348952 94866005729280 140721129995022 140721129995158 140721129995158 140721129996257 0
/proc/18/statm: 11636 10502 1092 456 0 9797 0
Current children cumulated CPU time: 349.95 s
Current children cumulated vsize: 64228 KiB
Current children cumulated memory: 54416 KiB

[startup+352.4 s]
/proc/loadavg: 25.03 23.86 22.69 18/2766 18
/proc/meminfo: memFree=291975696/527542244 swapFree=3648764/33554428
[pid=16] ppid=13 vsize=17684 memory=12408 CPUtime=0.04 cores=28-41,140-153
/proc/16/stat : 16 (python3) S 13 16 0 0 -1 4194304 1885 0 96 0 3 1 0 0 20 0 1 0 53231850 18108416 3102 67087892480 4194304 7154137 140726955008624 0 0 0 0 16781312 2 1 0 0 17 29 0 0 8 0 0 9727432 11029816 43008000 140726955014987 140726955015085 140726955015085 140726955016167 0
/proc/16/statm: 4421 3102 1493 723 0 2063 0
[pid=18] ppid=16 vsize=46544 memory=42008 CPUtime=350.3 cores=28-41,140-153
/proc/18/stat : 18 (bn4rust) R 16 16 0 0 -1 4194304 775749 0 18 0 34802 228 0 0 20 0 1 0 53231864 47661056 10502 67087892480 94865997176832 94865999043953 140721129993008 0 0 0 0 4096 1088 0 0 0 17 32 0 0 1 0 0 94865999302016 94865999348952 94866005729280 140721129995022 140721129995158 140721129995158 140721129996257 0
/proc/18/statm: 11636 10502 1092 456 0 9797 0
Current children cumulated CPU time: 350.34 s
Current children cumulated vsize: 64228 KiB
Current children cumulated memory: 54416 KiB

[startup+352.6 s]
/proc/loadavg: 25.03 23.86 22.69 18/2766 18
/proc/meminfo: memFree=291975696/527542244 swapFree=3648764/33554428
[pid=16] ppid=13 vsize=17684 memory=12408 CPUtime=0.04 cores=28-41,140-153
/proc/16/stat : 16 (python3) S 13 16 0 0 -1 4194304 1885 0 96 0 3 1 0 0 20 0 1 0 53231850 18108416 3102 67087892480 4194304 7154137 140726955008624 0 0 0 0 16781312 2 1 0 0 17 29 0 0 8 0 0 9727432 11029816 43008000 140726955014987 140726955015085 140726955015085 140726955016167 0
/proc/16/statm: 4421 3102 1493 723 0 2063 0
[pid=18] ppid=16 vsize=46544 memory=42008 CPUtime=350.5 cores=28-41,140-153
/proc/18/stat : 18 (bn4rust) R 16 16 0 0 -1 4194304 775749 0 18 0 34822 228 0 0 20 0 1 0 53231864 47661056 10502 67087892480 94865997176832 94865999043953 140721129993008 0 0 0 0 4096 1088 0 0 0 17 32 0 0 1 0 0 94865999302016 94865999348952 94866005729280 140721129995022 140721129995158 140721129995158 140721129996257 0
/proc/18/statm: 11636 10502 1092 456 0 9797 0
Current children cumulated CPU time: 350.54 s
Current children cumulated vsize: 64228 KiB
Current children cumulated memory: 54416 KiB

[startup+352.7 s]
/proc/loadavg: 25.03 23.86 22.69 18/2766 18
/proc/meminfo: memFree=291975696/527542244 swapFree=3648764/33554428
[pid=16] ppid=13 vsize=17684 memory=12408 CPUtime=0.04 cores=28-41,140-153
/proc/16/stat : 16 (python3) S 13 16 0 0 -1 4194304 1885 0 96 0 3 1 0 0 20 0 1 0 53231850 18108416 3102 67087892480 4194304 7154137 140726955008624 0 0 0 0 16781312 2 1 0 0 17 29 0 0 8 0 0 9727432 11029816 43008000 140726955014987 140726955015085 140726955015085 140726955016167 0
/proc/16/statm: 4421 3102 1493 723 0 2063 0
[pid=18] ppid=16 vsize=46544 memory=42008 CPUtime=350.6 cores=28-41,140-153
/proc/18/stat : 18 (bn4rust) R 16 16 0 0 -1 4194304 775749 0 18 0 34832 228 0 0 20 0 1 0 53231864 47661056 10502 67087892480 94865997176832 94865999043953 140721129993008 0 0 0 0 4096 1088 0 0 0 17 32 0 0 1 0 0 94865999302016 94865999348952 94866005729280 140721129995022 140721129995158 140721129995158 140721129996257 0
/proc/18/statm: 11636 10502 1092 456 0 9797 0
Current children cumulated CPU time: 350.64 s
Current children cumulated vsize: 64228 KiB
Current children cumulated memory: 54416 KiB

Child status: 0
Real time (s): 352.734
CPU time (s): 350.693
CPU user time (s): 348.39
CPU system time (s): 2.30307
CPU usage (%): 99.4216
Max. virtual memory (cumulated for all children) (KiB): 117644
Max. memory (cumulated for all children) (KiB): 103764

getrusage(RUSAGE_CHILDREN,...) data:
user time used= 348.39
system time used= 2.30307
maximum resident set size= 91356
integral shared memory size= 0
integral unshared data size= 0
integral unshared stack size= 0
page reclaims= 777656
page faults= 116
swaps= 0
block input operations= 19808
block output operations= 8
messages sent= 0
messages received= 0
signals received= 0
voluntary context switches= 1037
involuntary context switches= 841


# summary of solver processes directly reported to runsolver:
#   pid: 16
#   total CPU time (s): 350.693
#   total CPU user time (s): 348.39
#   total CPU system time (s): 2.30307

??? join timestamper begins
??? join timestamper ends
??? end of timestamper thread
runsolver used 0.179181 second user time and 0.363159 second system time

The end
