# WCTIME: wall clock time in seconds
WCTIME=0.263912
# CPUTIME: CPU time in seconds (USERTIME+SYSTEMTIME)
CPUTIME=0.150247
# USERTIME: CPU time spent in user mode in seconds
USERTIME=0.119644
# SYSTEMTIME: CPU time spent in system mode in seconds
SYSTEMTIME=0.030603
# CPUUSAGE: CPUTIME/WCTIME in percent
CPUUSAGE=56.9307
# MAXVM: maximum virtual memory used in KiB
MAXVM=25664
# MAXMM: maximum memory used in KiB
MAXMM=17272
# MAXRSS: maximum Resident Segment Size in KiB
MAXRSS=12536
# TIMEOUT: did the solver exceed the time limit?
TIMEOUT=false
# MEMOUT: did the solver exceed the memory limit?
MEMOUT=false
# EXITSTATUS: Exit status of the solver
EXITSTATUS=0
