# WCTIME: wall clock time in seconds
WCTIME=528.471
# CPUTIME: CPU time in seconds (USERTIME+SYSTEMTIME)
CPUTIME=526.679
# USERTIME: CPU time spent in user mode in seconds
USERTIME=523.802
# SYSTEMTIME: CPU time spent in system mode in seconds
SYSTEMTIME=2.87723
# CPUUSAGE: CPUTIME/WCTIME in percent
CPUUSAGE=99.6609
# MAXVM: maximum virtual memory used in KiB
MAXVM=351564
# MAXMM: maximum memory used in KiB
MAXMM=343092
# MAXRSS: maximum Resident Segment Size in KiB
MAXRSS=330776
# TIMEOUT: did the solver exceed the time limit?
TIMEOUT=false
# MEMOUT: did the solver exceed the memory limit?
MEMOUT=false
# EXITSTATUS: Exit status of the solver
EXITSTATUS=0
