runsolver version 3.4.1 (svn: 3018) Copyright (C) 2010-2013 Olivier ROUSSEL

This program is distributed in the hope that it will be useful,
but WITHOUT ANY WARRANTY; without even the implied warranty of
MERCHANTABILITY or FITNESS FOR A PARTICULAR PURPOSE.  See the
GNU General Public License for more details.

NUMA information:
  number of nodes: 8
  memory of node 0: 63700 MiB (33400 MiB free)
  memory of node 1: 64504 MiB (61784 MiB free)
  memory of node 2: 64504 MiB (60962 MiB free)
  memory of node 3: 64504 MiB (41172 MiB free)
  memory of node 4: 64504 MiB (57546 MiB free)
  memory of node 5: 64504 MiB (17150 MiB free)
  memory of node 6: 64461 MiB (55330 MiB free)
  memory of node 7: 64491 MiB (45287 MiB free)
  node distances:
     10  12  12  12  21  21  21  21
     12  10  12  12  21  21  21  21
     12  12  10  12  21  21  21  21
     12  12  12  10  21  21  21  21
     21  21  21  21  10  12  12  12
     21  21  21  21  12  10  12  12
     21  21  21  21  12  12  10  12
     21  21  21  21  12  12  12  10

command line: /usr/local/bin/runsolver --timestamp -w /output/runsolver-watch.log -v /output/runsolver-values.log -o /output/solver-output.log -C 1800.0 -W 1800.0 -R 64000 /opt/solver/run_bn4rust.py --mode cyber-complement-gfp-plus-sink-scc --instance /input/model_076.bnet 

running on 28 cores: 14-21,126-133,94-95,108-111,206-207,220-223

Enforcing CPUTime limit (soft limit, will send SIGTERM then SIGKILL): 1800 seconds
Enforcing CPUTime limit (hard limit, will send SIGXCPU): 1830 seconds
Enforcing wall clock limit (soft limit, will send SIGTERM then SIGKILL): 1800 seconds
Enforcing RSS+Swap limit (soft limit, will send SIGTERM then SIGKILL): 65536000 KiB
Linux 4.18.0-553.159.1.el8_10.x86_64
Current StackSize limit: 18014398509481983 KiB

solver pid=16, runsolver pid=13

[startup+0.100113 s]*
/proc/loadavg: 34.45 35.08 34.56 35/3029 17
/proc/meminfo: memFree=381557744/527542272 swapFree=32904444/33554428
[pid=16] ppid=13 vsize=14444 memory=9324 CPUtime=0.02 cores=14-21,94-95,108-111,126-133,206-207,220-223
/proc/16/stat : 16 (python3) R 13 16 0 0 -1 4194304 1267 0 80 0 1 1 0 0 20 0 1 0 53897748 14790656 2331 67087892480 4194304 7154137 140732057588448 0 0 0 0 16781312 2 0 0 0 17 95 0 0 6 0 0 9727432 11029816 42692608 140732057590591 140732057590701 140732057590701 140732057591783 0
/proc/16/statm: 3611 2331 1360 723 0 1347 0
Current children cumulated CPU time: 0.02 s
Current children cumulated vsize: 14444 KiB
Current children cumulated memory: 9324 KiB

[startup+0.201019 s]*
/proc/loadavg: 34.45 35.08 34.56 36/3030 18
/proc/meminfo: memFree=381537668/527542272 swapFree=32904444/33554428
[pid=16] ppid=13 vsize=17684 memory=12400 CPUtime=0.06 cores=14-21,94-95,108-111,126-133,206-207,220-223
/proc/16/stat : 16 (python3) S 13 16 0 0 -1 4194304 1897 0 96 0 4 2 0 0 20 0 1 0 53897748 18108416 3100 67087892480 4194304 7154137 140732057588448 0 0 0 0 16781312 2 1 0 0 17 95 0 0 8 0 0 9727432 11029816 42692608 140732057590591 140732057590701 140732057590701 140732057591783 0
/proc/16/statm: 4421 3100 1506 723 0 2063 0
[pid=18] ppid=16 vsize=9364 memory=5836 CPUtime=0 cores=14-21,94-95,108-111,126-133,206-207,220-223
/proc/18/stat : 18 (bn4rust) R 16 16 0 0 -1 4194304 902 0 19 0 0 0 0 0 20 0 1 0 53897765 9588736 1394 67087892480 94308930408448 94308932275569 140735328142512 0 0 0 0 4096 1088 0 0 0 17 206 0 0 1 0 0 94308932533632 94308932580568 94308936470528 140735328148226 140735328148374 140735328148374 140735328149473 0
/proc/18/statm: 2341 1459 1065 456 0 502 0
Current children cumulated CPU time: 0.06 s
Current children cumulated vsize: 27048 KiB
Current children cumulated memory: 18236 KiB

[startup+0.300906 s]*
/proc/loadavg: 34.42 35.06 34.55 35/3030 18
/proc/meminfo: memFree=381526088/527542272 swapFree=32904444/33554428
[pid=16] ppid=13 vsize=17684 memory=12400 CPUtime=0.06 cores=14-21,94-95,108-111,126-133,206-207,220-223
/proc/16/stat : 16 (python3) S 13 16 0 0 -1 4194304 1898 0 96 0 4 2 0 0 20 0 1 0 53897748 18108416 3100 67087892480 4194304 7154137 140732057588448 0 0 0 0 16781312 2 1 0 0 17 95 0 0 8 0 0 9727432 11029816 42692608 140732057590591 140732057590701 140732057590701 140732057591783 0
/proc/16/statm: 4421 3100 1506 723 0 2063 0
[pid=18] ppid=16 vsize=10904 memory=7472 CPUtime=0.11 cores=14-21,94-95,108-111,126-133,206-207,220-223
/proc/18/stat : 18 (bn4rust) R 16 16 0 0 -1 4194304 4314 0 19 0 10 1 0 0 20 0 1 0 53897765 11165696 1868 67087892480 94308930408448 94308932275569 140735328142512 0 0 0 0 4096 1088 0 0 0 17 206 0 0 1 0 0 94308932533632 94308932580568 94308936470528 140735328148226 140735328148374 140735328148374 140735328149473 0
/proc/18/statm: 2726 1868 1065 456 0 887 0
Current children cumulated CPU time: 0.17 s
Current children cumulated vsize: 28588 KiB
Current children cumulated memory: 19872 KiB

[startup+0.700318 s]
/proc/loadavg: 34.42 35.06 34.55 35/3030 18
/proc/meminfo: memFree=381491588/527542272 swapFree=32904444/33554428
[pid=16] ppid=13 vsize=17684 memory=12400 CPUtime=0.06 cores=14-21,94-95,108-111,126-133,206-207,220-223
/proc/16/stat : 16 (python3) S 13 16 0 0 -1 4194304 1898 0 96 0 4 2 0 0 20 0 1 0 53897748 18108416 3100 67087892480 4194304 7154137 140732057588448 0 0 0 0 16781312 2 1 0 0 17 95 0 0 8 0 0 9727432 11029816 42692608 140732057590591 140732057590701 140732057590701 140732057591783 0
/proc/16/statm: 4421 3100 1506 723 0 2063 0
[pid=18] ppid=16 vsize=10476 memory=6976 CPUtime=0.5 cores=14-21,94-95,108-111,126-133,206-207,220-223
/proc/18/stat : 18 (bn4rust) R 16 16 0 0 -1 4194304 10738 0 19 0 48 2 0 0 20 0 1 0 53897765 10727424 1744 67087892480 94308930408448 94308932275569 140735328142512 0 0 0 0 4096 1088 0 0 0 17 206 0 0 1 0 0 94308932533632 94308932580568 94308936470528 140735328148226 140735328148374 140735328148374 140735328149473 0
/proc/18/statm: 2619 1744 1065 456 0 780 0
Current children cumulated CPU time: 0.56 s
Current children cumulated vsize: 28160 KiB
Current children cumulated memory: 19376 KiB

[startup+1.50049 s]
/proc/loadavg: 34.42 35.06 34.55 35/3030 18
/proc/meminfo: memFree=381473488/527542272 swapFree=32904444/33554428
[pid=16] ppid=13 vsize=17684 memory=12400 CPUtime=0.06 cores=14-21,94-95,108-111,126-133,206-207,220-223
/proc/16/stat : 16 (python3) S 13 16 0 0 -1 4194304 1898 0 96 0 4 2 0 0 20 0 1 0 53897748 18108416 3100 67087892480 4194304 7154137 140732057588448 0 0 0 0 16781312 2 1 0 0 17 95 0 0 8 0 0 9727432 11029816 42692608 140732057590591 140732057590701 140732057590701 140732057591783 0
/proc/16/statm: 4421 3100 1506 723 0 2063 0
[pid=18] ppid=16 vsize=15780 memory=12120 CPUtime=1.3 cores=14-21,94-95,108-111,126-133,206-207,220-223
/proc/18/stat : 18 (bn4rust) R 16 16 0 0 -1 4194304 16327 0 19 0 127 3 0 0 20 0 1 0 53897765 16158720 3030 67087892480 94308930408448 94308932275569 140735328142512 0 0 0 0 4096 1088 0 0 0 17 206 0 0 1 0 0 94308932533632 94308932580568 94308936470528 140735328148226 140735328148374 140735328148374 140735328149473 0
/proc/18/statm: 3945 3030 1065 456 0 2106 0
Current children cumulated CPU time: 1.36 s
Current children cumulated vsize: 33464 KiB
Current children cumulated memory: 24520 KiB

[startup+3.1006 s]
/proc/loadavg: 34.42 35.06 34.55 35/3030 18
/proc/meminfo: memFree=381279896/527542272 swapFree=32904444/33554428
[pid=16] ppid=13 vsize=17684 memory=12400 CPUtime=0.06 cores=14-21,94-95,108-111,126-133,206-207,220-223
/proc/16/stat : 16 (python3) S 13 16 0 0 -1 4194304 1898 0 96 0 4 2 0 0 20 0 1 0 53897748 18108416 3100 67087892480 4194304 7154137 140732057588448 0 0 0 0 16781312 2 1 0 0 17 95 0 0 8 0 0 9727432 11029816 42692608 140732057590591 140732057590701 140732057590701 140732057591783 0
/proc/16/statm: 4421 3100 1506 723 0 2063 0
[pid=18] ppid=16 vsize=17460 memory=12724 CPUtime=2.89 cores=14-21,94-95,108-111,126-133,206-207,220-223
/proc/18/stat : 18 (bn4rust) R 16 16 0 0 -1 4194304 31436 0 19 0 282 7 0 0 20 0 1 0 53897765 17879040 3181 67087892480 94308930408448 94308932275569 140735328142512 0 0 0 0 4096 1088 0 0 0 17 206 0 0 1 0 0 94308932533632 94308932580568 94308936470528 140735328148226 140735328148374 140735328148374 140735328149473 0
/proc/18/statm: 4365 3181 1065 456 0 2526 0
Current children cumulated CPU time: 2.95 s
Current children cumulated vsize: 35144 KiB
Current children cumulated memory: 25124 KiB

[startup+6.30032 s]
/proc/loadavg: 34.38 35.04 34.55 35/3030 18
/proc/meminfo: memFree=382483580/527542272 swapFree=32904444/33554428
[pid=16] ppid=13 vsize=17684 memory=12400 CPUtime=0.06 cores=14-21,94-95,108-111,126-133,206-207,220-223
/proc/16/stat : 16 (python3) S 13 16 0 0 -1 4194304 1898 0 96 0 4 2 0 0 20 0 1 0 53897748 18108416 3100 67087892480 4194304 7154137 140732057588448 0 0 0 0 16781312 2 1 0 0 17 95 0 0 8 0 0 9727432 11029816 42692608 140732057590591 140732057590701 140732057590701 140732057591783 0
/proc/16/statm: 4421 3100 1506 723 0 2063 0
[pid=18] ppid=16 vsize=18788 memory=15584 CPUtime=6.07 cores=14-21,94-95,108-111,126-133,206-207,220-223
/proc/18/stat : 18 (bn4rust) R 16 16 0 0 -1 4194304 47475 0 19 0 596 11 0 0 20 0 1 0 53897765 19238912 3896 67087892480 94308930408448 94308932275569 140735328142512 0 0 0 0 4096 1088 0 0 0 17 206 0 0 1 0 0 94308932533632 94308932580568 94308936470528 140735328148226 140735328148374 140735328148374 140735328149473 0
/proc/18/statm: 4697 3896 1065 456 0 2858 0
Current children cumulated CPU time: 6.13 s
Current children cumulated vsize: 36472 KiB
Current children cumulated memory: 27984 KiB

[startup+12.7003 s]
/proc/loadavg: 34.35 35.03 34.55 35/3030 18
/proc/meminfo: memFree=381845952/527542272 swapFree=32904444/33554428
[pid=16] ppid=13 vsize=17684 memory=12400 CPUtime=0.06 cores=14-21,94-95,108-111,126-133,206-207,220-223
/proc/16/stat : 16 (python3) S 13 16 0 0 -1 4194304 1898 0 96 0 4 2 0 0 20 0 1 0 53897748 18108416 3100 67087892480 4194304 7154137 140732057588448 0 0 0 0 16781312 2 1 0 0 17 95 0 0 8 0 0 9727432 11029816 42692608 140732057590591 140732057590701 140732057590701 140732057591783 0
/proc/16/statm: 4421 3100 1506 723 0 2063 0
[pid=18] ppid=16 vsize=44516 memory=40928 CPUtime=12.45 cores=14-21,94-95,108-111,126-133,206-207,220-223
/proc/18/stat : 18 (bn4rust) R 16 16 0 0 -1 4194304 57606 0 19 0 1230 15 0 0 20 0 1 0 53897765 45584384 10232 67087892480 94308930408448 94308932275569 140735328142512 0 0 0 0 4096 1088 0 0 0 17 206 0 0 1 0 0 94308932533632 94308932580568 94308936470528 140735328148226 140735328148374 140735328148374 140735328149473 0
/proc/18/statm: 11129 10232 1065 456 0 9290 0
Current children cumulated CPU time: 12.51 s
Current children cumulated vsize: 62200 KiB
Current children cumulated memory: 53328 KiB

[startup+25.5003 s]
/proc/loadavg: 34.30 34.99 34.54 35/3028 18
/proc/meminfo: memFree=381082664/527542272 swapFree=32904444/33554428
[pid=16] ppid=13 vsize=17684 memory=12400 CPUtime=0.06 cores=14-21,94-95,108-111,126-133,206-207,220-223
/proc/16/stat : 16 (python3) S 13 16 0 0 -1 4194304 1898 0 96 0 4 2 0 0 20 0 1 0 53897748 18108416 3100 67087892480 4194304 7154137 140732057588448 0 0 0 0 16781312 2 1 0 0 17 95 0 0 8 0 0 9727432 11029816 42692608 140732057590591 140732057590701 140732057590701 140732057591783 0
/proc/16/statm: 4421 3100 1506 723 0 2063 0
[pid=18] ppid=16 vsize=69768 memory=66264 CPUtime=25.19 cores=14-21,94-95,108-111,126-133,206-207,220-223
/proc/18/stat : 18 (bn4rust) R 16 16 0 0 -1 4194304 88667 0 19 0 2490 29 0 0 20 0 1 0 53897765 71442432 16566 67087892480 94308930408448 94308932275569 140735328142512 0 0 0 0 4096 1088 0 0 0 17 206 0 0 1 0 0 94308932533632 94308932580568 94308936470528 140735328148226 140735328148374 140735328148374 140735328149473 0
/proc/18/statm: 17442 16566 1065 456 0 15603 0
Current children cumulated CPU time: 25.25 s
Current children cumulated vsize: 87452 KiB
Current children cumulated memory: 78664 KiB

[startup+51.1009 s]
/proc/loadavg: 34.18 34.90 34.52 35/3027 18
/proc/meminfo: memFree=379442012/527542272 swapFree=32904444/33554428
[pid=16] ppid=13 vsize=17684 memory=12400 CPUtime=0.06 cores=14-21,94-95,108-111,126-133,206-207,220-223
/proc/16/stat : 16 (python3) S 13 16 0 0 -1 4194304 1898 0 96 0 4 2 0 0 20 0 1 0 53897748 18108416 3100 67087892480 4194304 7154137 140732057588448 0 0 0 0 16781312 2 1 0 0 17 95 0 0 8 0 0 9727432 11029816 42692608 140732057590591 140732057590701 140732057590701 140732057591783 0
/proc/16/statm: 4421 3100 1506 723 0 2063 0
[pid=18] ppid=16 vsize=77792 memory=74428 CPUtime=50.67 cores=14-21,94-95,108-111,126-133,206-207,220-223
/proc/18/stat : 18 (bn4rust) R 16 16 0 0 -1 4194304 100347 0 19 0 5031 36 0 0 20 0 1 0 53897765 79659008 18607 67087892480 94308930408448 94308932275569 140735328142512 0 0 0 0 4096 1088 0 0 0 17 206 0 0 1 0 0 94308932533632 94308932580568 94308936470528 140735328148226 140735328148374 140735328148374 140735328149473 0
/proc/18/statm: 19448 18607 1065 456 0 17609 0
Current children cumulated CPU time: 50.73 s
Current children cumulated vsize: 95476 KiB
Current children cumulated memory: 86828 KiB

[startup+102.3 s]
/proc/loadavg: 34.93 35.04 34.59 35/3025 18
/proc/meminfo: memFree=380067392/527542272 swapFree=32904444/33554428
[pid=16] ppid=13 vsize=17684 memory=12400 CPUtime=0.06 cores=14-21,94-95,108-111,126-133,206-207,220-223
/proc/16/stat : 16 (python3) S 13 16 0 0 -1 4194304 1898 0 96 0 4 2 0 0 20 0 1 0 53897748 18108416 3100 67087892480 4194304 7154137 140732057588448 0 0 0 0 16781312 2 1 0 0 17 95 0 0 8 0 0 9727432 11029816 42692608 140732057590591 140732057590701 140732057590701 140732057591783 0
/proc/16/statm: 4421 3100 1506 723 0 2063 0
[pid=18] ppid=16 vsize=235880 memory=168560 CPUtime=101.65 cores=14-21,94-95,108-111,126-133,206-207,220-223
/proc/18/stat : 18 (bn4rust) R 16 16 0 0 -1 4194304 143578 0 19 0 10089 76 0 0 20 0 1 0 53897765 241541120 42140 67087892480 94308930408448 94308932275569 140735328142512 0 0 0 0 4096 1088 0 0 0 17 206 0 0 1 0 0 94308932533632 94308932580568 94308936470528 140735328148226 140735328148374 140735328148374 140735328149473 0
/proc/18/statm: 58970 42140 1065 456 0 57131 0
Current children cumulated CPU time: 101.71 s
Current children cumulated vsize: 253564 KiB
Current children cumulated memory: 180960 KiB

[startup+162.3 s]
/proc/loadavg: 34.34 34.85 34.55 35/3013 18
/proc/meminfo: memFree=385483372/527542272 swapFree=32904444/33554428
[pid=16] ppid=13 vsize=17684 memory=12400 CPUtime=0.06 cores=14-21,94-95,108-111,126-133,206-207,220-223
/proc/16/stat : 16 (python3) S 13 16 0 0 -1 4194304 1898 0 96 0 4 2 0 0 20 0 1 0 53897748 18108416 3100 67087892480 4194304 7154137 140732057588448 0 0 0 0 16781312 2 1 0 0 17 95 0 0 8 0 0 9727432 11029816 42692608 140732057590591 140732057590701 140732057590701 140732057591783 0
/proc/16/statm: 4421 3100 1506 723 0 2063 0
[pid=18] ppid=16 vsize=143716 memory=134964 CPUtime=161.37 cores=14-21,94-95,108-111,126-133,206-207,220-223
/proc/18/stat : 18 (bn4rust) R 16 16 0 0 -1 4194304 192192 0 19 0 16004 133 0 0 20 0 1 0 53897765 147165184 33741 67087892480 94308930408448 94308932275569 140735328142512 0 0 0 0 4096 1088 0 0 0 17 206 0 0 1 0 0 94308932533632 94308932580568 94308936470528 140735328148226 140735328148374 140735328148374 140735328149473 0
/proc/18/statm: 35929 33741 1065 456 0 34090 0
Current children cumulated CPU time: 161.43 s
Current children cumulated vsize: 161400 KiB
Current children cumulated memory: 147364 KiB

[startup+222.301 s]
/proc/loadavg: 34.29 34.74 34.53 35/2995 18
/proc/meminfo: memFree=386690004/527542272 swapFree=32904444/33554428
[pid=16] ppid=13 vsize=17684 memory=12400 CPUtime=0.06 cores=14-21,94-95,108-111,126-133,206-207,220-223
/proc/16/stat : 16 (python3) S 13 16 0 0 -1 4194304 1898 0 96 0 4 2 0 0 20 0 1 0 53897748 18108416 3100 67087892480 4194304 7154137 140732057588448 0 0 0 0 16781312 2 1 0 0 17 95 0 0 8 0 0 9727432 11029816 42692608 140732057590591 140732057590701 140732057590701 140732057591783 0
/proc/16/statm: 4421 3100 1506 723 0 2063 0
[pid=18] ppid=16 vsize=231784 memory=211280 CPUtime=221.11 cores=14-21,94-95,108-111,126-133,206-207,220-223
/proc/18/stat : 18 (bn4rust) R 16 16 0 0 -1 4194304 233553 0 19 0 21917 194 0 0 20 0 1 0 53897765 237346816 52820 67087892480 94308930408448 94308932275569 140735328142512 0 0 0 0 4096 1088 0 0 0 17 206 0 0 1 0 0 94308932533632 94308932580568 94308936470528 140735328148226 140735328148374 140735328148374 140735328149473 0
/proc/18/statm: 57946 52820 1065 456 0 56107 0
Current children cumulated CPU time: 221.17 s
Current children cumulated vsize: 249468 KiB
Current children cumulated memory: 223680 KiB

[startup+282.301 s]
/proc/loadavg: 34.19 34.62 34.50 35/2987 18
/proc/meminfo: memFree=381464932/527542272 swapFree=32904444/33554428
[pid=16] ppid=13 vsize=17684 memory=12400 CPUtime=0.06 cores=14-21,94-95,108-111,126-133,206-207,220-223
/proc/16/stat : 16 (python3) S 13 16 0 0 -1 4194304 1898 0 96 0 4 2 0 0 20 0 1 0 53897748 18108416 3100 67087892480 4194304 7154137 140732057588448 0 0 0 0 16781312 2 1 0 0 17 95 0 0 8 0 0 9727432 11029816 42692608 140732057590591 140732057590701 140732057590701 140732057591783 0
/proc/16/statm: 4421 3100 1506 723 0 2063 0
[pid=18] ppid=16 vsize=364912 memory=342880 CPUtime=280.84 cores=14-21,94-95,108-111,126-133,206-207,220-223
/proc/18/stat : 18 (bn4rust) R 16 16 0 0 -1 4194304 271884 0 19 0 27816 268 0 0 20 0 1 0 53897765 373669888 85720 67087892480 94308930408448 94308932275569 140735328142512 0 0 0 0 4096 1088 0 0 0 17 206 0 0 1 0 0 94308932533632 94308932580568 94308936470528 140735328148226 140735328148374 140735328148374 140735328149473 0
/proc/18/statm: 91228 85720 1065 456 0 89389 0
Current children cumulated CPU time: 280.9 s
Current children cumulated vsize: 382596 KiB
Current children cumulated memory: 355280 KiB

[startup+342.3 s]
/proc/loadavg: 34.07 34.50 34.47 35/2991 18
/proc/meminfo: memFree=380655308/527542272 swapFree=32904444/33554428
[pid=16] ppid=13 vsize=17684 memory=12400 CPUtime=0.06 cores=14-21,94-95,108-111,126-133,206-207,220-223
/proc/16/stat : 16 (python3) S 13 16 0 0 -1 4194304 1898 0 96 0 4 2 0 0 20 0 1 0 53897748 18108416 3100 67087892480 4194304 7154137 140732057588448 0 0 0 0 16781312 2 1 0 0 17 95 0 0 8 0 0 9727432 11029816 42692608 140732057590591 140732057590701 140732057590701 140732057591783 0
/proc/16/statm: 4421 3100 1506 723 0 2063 0
[pid=18] ppid=16 vsize=192868 memory=186184 CPUtime=340.56 cores=14-21,94-95,108-111,126-133,206-207,220-223
/proc/18/stat : 18 (bn4rust) R 16 16 0 0 -1 4194304 298624 0 19 0 33724 332 0 0 20 0 1 0 53897765 197496832 46546 67087892480 94308930408448 94308932275569 140735328142512 0 0 0 0 4096 1088 0 0 0 17 206 0 0 1 0 0 94308932533632 94308932580568 94308936470528 140735328148226 140735328148374 140735328148374 140735328149473 0
/proc/18/statm: 48217 46546 1065 456 0 46378 0
Current children cumulated CPU time: 340.62 s
Current children cumulated vsize: 210552 KiB
Current children cumulated memory: 198584 KiB

[startup+402.3 s]
/proc/loadavg: 34.02 34.41 34.44 35/2991 18
/proc/meminfo: memFree=383210220/527542272 swapFree=32904444/33554428
[pid=16] ppid=13 vsize=17684 memory=12400 CPUtime=0.06 cores=14-21,94-95,108-111,126-133,206-207,220-223
/proc/16/stat : 16 (python3) S 13 16 0 0 -1 4194304 1898 0 96 0 4 2 0 0 20 0 1 0 53897748 18108416 3100 67087892480 4194304 7154137 140732057588448 0 0 0 0 16781312 2 1 0 0 17 95 0 0 8 0 0 9727432 11029816 42692608 140732057590591 140732057590701 140732057590701 140732057591783 0
/proc/16/statm: 4421 3100 1506 723 0 2063 0
[pid=18] ppid=16 vsize=313708 memory=309080 CPUtime=400.3 cores=14-21,94-95,108-111,126-133,206-207,220-223
/proc/18/stat : 18 (bn4rust) R 16 16 0 0 -1 4194304 327511 0 19 0 39625 405 0 0 20 0 1 0 53897765 321236992 77270 67087892480 94308930408448 94308932275569 140735328142512 0 0 0 0 4096 1088 0 0 0 17 206 0 0 1 0 0 94308932533632 94308932580568 94308936470528 140735328148226 140735328148374 140735328148374 140735328149473 0
/proc/18/statm: 78427 77270 1065 456 0 76588 0
Current children cumulated CPU time: 400.36 s
Current children cumulated vsize: 331392 KiB
Current children cumulated memory: 321480 KiB

[startup+462.3 s]
/proc/loadavg: 34.01 34.33 34.41 35/2992 18
/proc/meminfo: memFree=390213296/527542272 swapFree=32904444/33554428
[pid=16] ppid=13 vsize=17684 memory=12400 CPUtime=0.06 cores=14-21,94-95,108-111,126-133,206-207,220-223
/proc/16/stat : 16 (python3) S 13 16 0 0 -1 4194304 1898 0 96 0 4 2 0 0 20 0 1 0 53897748 18108416 3100 67087892480 4194304 7154137 140732057588448 0 0 0 0 16781312 2 1 0 0 17 95 0 0 8 0 0 9727432 11029816 42692608 140732057590591 140732057590701 140732057590701 140732057591783 0
/proc/16/statm: 4421 3100 1506 723 0 2063 0
[pid=18] ppid=16 vsize=355208 memory=296016 CPUtime=460.03 cores=14-21,94-95,108-111,126-133,206-207,220-223
/proc/18/stat : 18 (bn4rust) R 16 16 0 0 -1 4194304 379344 0 19 0 45515 488 0 0 20 0 1 0 53897765 363732992 74004 67087892480 94308930408448 94308932275569 140735328142512 0 0 0 0 4096 1088 0 0 0 17 206 0 0 1 0 0 94308932533632 94308932580568 94308936470528 140735328148226 140735328148374 140735328148374 140735328149473 0
/proc/18/statm: 88802 74004 1065 456 0 86963 0
Current children cumulated CPU time: 460.09 s
Current children cumulated vsize: 372892 KiB
Current children cumulated memory: 308416 KiB

[startup+522.3 s]
/proc/loadavg: 34.00 34.27 34.38 35/2985 18
/proc/meminfo: memFree=376679660/527542272 swapFree=32904444/33554428
[pid=16] ppid=13 vsize=17684 memory=12400 CPUtime=0.06 cores=14-21,94-95,108-111,126-133,206-207,220-223
/proc/16/stat : 16 (python3) S 13 16 0 0 -1 4194304 1898 0 96 0 4 2 0 0 20 0 1 0 53897748 18108416 3100 67087892480 4194304 7154137 140732057588448 0 0 0 0 16781312 2 1 0 0 17 95 0 0 8 0 0 9727432 11029816 42692608 140732057590591 140732057590701 140732057590701 140732057591783 0
/proc/16/statm: 4421 3100 1506 723 0 2063 0
[pid=18] ppid=16 vsize=209632 memory=200392 CPUtime=519.75 cores=14-21,94-95,108-111,126-133,206-207,220-223
/proc/18/stat : 18 (bn4rust) R 16 16 0 0 -1 4194304 478543 0 19 0 51363 612 0 0 20 0 1 0 53897765 214663168 50098 67087892480 94308930408448 94308932275569 140735328142512 0 0 0 0 4096 1088 0 0 0 17 206 0 0 1 0 0 94308932533632 94308932580568 94308936470528 140735328148226 140735328148374 140735328148374 140735328149473 0
/proc/18/statm: 52408 50098 1065 456 0 50569 0
Current children cumulated CPU time: 519.81 s
Current children cumulated vsize: 227316 KiB
Current children cumulated memory: 212792 KiB

[startup+582.3 s]
/proc/loadavg: 34.03 34.23 34.36 34/2978 18
/proc/meminfo: memFree=363559536/527542272 swapFree=32904444/33554428
[pid=16] ppid=13 vsize=17684 memory=12400 CPUtime=0.06 cores=14-21,94-95,108-111,126-133,206-207,220-223
/proc/16/stat : 16 (python3) S 13 16 0 0 -1 4194304 1898 0 96 0 4 2 0 0 20 0 1 0 53897748 18108416 3100 67087892480 4194304 7154137 140732057588448 0 0 0 0 16781312 2 1 0 0 17 95 0 0 8 0 0 9727432 11029816 42692608 140732057590591 140732057590701 140732057590701 140732057591783 0
/proc/16/statm: 4421 3100 1506 723 0 2063 0
[pid=18] ppid=16 vsize=358772 memory=317016 CPUtime=579.48 cores=14-21,94-95,108-111,126-133,206-207,220-223
/proc/18/stat : 18 (bn4rust) R 16 16 0 0 -1 4194304 510925 0 19 0 57250 698 0 0 20 0 1 0 53897765 367382528 79254 67087892480 94308930408448 94308932275569 140735328142512 0 0 0 0 4096 1088 0 0 0 17 94 0 0 1 0 0 94308932533632 94308932580568 94308936470528 140735328148226 140735328148374 140735328148374 140735328149473 0
/proc/18/statm: 89693 79254 1065 456 0 87854 0
Current children cumulated CPU time: 579.54 s
Current children cumulated vsize: 376456 KiB
Current children cumulated memory: 329416 KiB

[startup+642.3 s]
/proc/loadavg: 33.38 34.00 34.27 34/2966 18
/proc/meminfo: memFree=348765692/527542272 swapFree=32904444/33554428
[pid=16] ppid=13 vsize=17684 memory=12400 CPUtime=0.06 cores=14-21,94-95,108-111,126-133,206-207,220-223
/proc/16/stat : 16 (python3) S 13 16 0 0 -1 4194304 1898 0 96 0 4 2 0 0 20 0 1 0 53897748 18108416 3100 67087892480 4194304 7154137 140732057588448 0 0 0 0 16781312 2 1 0 0 17 95 0 0 8 0 0 9727432 11029816 42692608 140732057590591 140732057590701 140732057590701 140732057591783 0
/proc/16/statm: 4421 3100 1506 723 0 2063 0
[pid=18] ppid=16 vsize=256364 memory=232284 CPUtime=639.21 cores=14-21,94-95,108-111,126-133,206-207,220-223
/proc/18/stat : 18 (bn4rust) R 16 16 0 0 -1 4194304 533587 0 19 0 63177 744 0 0 20 0 1 0 53897765 262516736 58071 67087892480 94308930408448 94308932275569 140735328142512 0 0 0 0 4096 1088 0 0 0 17 94 0 0 1 0 0 94308932533632 94308932580568 94308936470528 140735328148226 140735328148374 140735328148374 140735328149473 0
/proc/18/statm: 64091 58071 1065 456 0 62252 0
Current children cumulated CPU time: 639.27 s
Current children cumulated vsize: 274048 KiB
Current children cumulated memory: 244684 KiB

[startup+702.3 s]
/proc/loadavg: 33.21 33.84 34.19 34/2965 18
/proc/meminfo: memFree=347655676/527542272 swapFree=32904444/33554428
[pid=16] ppid=13 vsize=17684 memory=12400 CPUtime=0.06 cores=14-21,94-95,108-111,126-133,206-207,220-223
/proc/16/stat : 16 (python3) S 13 16 0 0 -1 4194304 1898 0 96 0 4 2 0 0 20 0 1 0 53897748 18108416 3100 67087892480 4194304 7154137 140732057588448 0 0 0 0 16781312 2 1 0 0 17 95 0 0 8 0 0 9727432 11029816 42692608 140732057590591 140732057590701 140732057590701 140732057591783 0
/proc/16/statm: 4421 3100 1506 723 0 2063 0
[pid=18] ppid=16 vsize=346480 memory=325136 CPUtime=698.94 cores=14-21,94-95,108-111,126-133,206-207,220-223
/proc/18/stat : 18 (bn4rust) R 16 16 0 0 -1 4194304 562302 0 19 0 69050 844 0 0 20 0 1 0 53897765 354795520 81284 67087892480 94308930408448 94308932275569 140735328142512 0 0 0 0 4096 1088 0 0 0 17 94 0 0 1 0 0 94308932533632 94308932580568 94308936470528 140735328148226 140735328148374 140735328148374 140735328149473 0
/proc/18/statm: 86620 81284 1065 456 0 84781 0
Current children cumulated CPU time: 699 s
Current children cumulated vsize: 364164 KiB
Current children cumulated memory: 337536 KiB

[startup+762.3 s]
/proc/loadavg: 33.97 33.86 34.17 46/2958 18
/proc/meminfo: memFree=403289920/527542272 swapFree=32904444/33554428
[pid=16] ppid=13 vsize=17684 memory=12400 CPUtime=0.06 cores=14-21,94-95,108-111,126-133,206-207,220-223
/proc/16/stat : 16 (python3) S 13 16 0 0 -1 4194304 1898 0 96 0 4 2 0 0 20 0 1 0 53897748 18108416 3100 67087892480 4194304 7154137 140732057588448 0 0 0 0 16781312 2 1 0 0 17 95 0 0 8 0 0 9727432 11029816 42692608 140732057590591 140732057590701 140732057590701 140732057591783 0
/proc/16/statm: 4421 3100 1506 723 0 2063 0
[pid=18] ppid=16 vsize=276844 memory=273564 CPUtime=758.65 cores=14-21,94-95,108-111,126-133,206-207,220-223
/proc/18/stat : 18 (bn4rust) R 16 16 0 0 -1 4194304 581142 0 19 0 74975 890 0 0 20 0 1 0 53897765 283488256 68391 67087892480 94308930408448 94308932275569 140735328142512 0 0 0 0 4096 1088 0 0 0 17 94 0 0 1 0 0 94308932533632 94308932580568 94308936470528 140735328148226 140735328148374 140735328148374 140735328149473 0
/proc/18/statm: 69211 68391 1065 456 0 67372 0
Current children cumulated CPU time: 758.71 s
Current children cumulated vsize: 294528 KiB
Current children cumulated memory: 285964 KiB

[startup+822.3 s]
/proc/loadavg: 36.10 34.54 34.39 34/2955 18
/proc/meminfo: memFree=401436464/527542272 swapFree=32904444/33554428
[pid=16] ppid=13 vsize=17684 memory=12400 CPUtime=0.06 cores=14-21,94-95,108-111,126-133,206-207,220-223
/proc/16/stat : 16 (python3) S 13 16 0 0 -1 4194304 1898 0 96 0 4 2 0 0 20 0 1 0 53897748 18108416 3100 67087892480 4194304 7154137 140732057588448 0 0 0 0 16781312 2 1 0 0 17 95 0 0 8 0 0 9727432 11029816 42692608 140732057590591 140732057590701 140732057590701 140732057591783 0
/proc/16/statm: 4421 3100 1506 723 0 2063 0
[pid=18] ppid=16 vsize=555380 memory=480424 CPUtime=818.36 cores=14-21,94-95,108-111,126-133,206-207,220-223
/proc/18/stat : 18 (bn4rust) R 16 16 0 0 -1 4194304 604747 0 19 0 80862 974 0 0 20 0 1 0 53897765 568709120 120106 67087892480 94308930408448 94308932275569 140735328142512 0 0 0 0 4096 1088 0 0 0 17 94 0 0 1 0 0 94308932533632 94308932580568 94308936470528 140735328148226 140735328148374 140735328148374 140735328149473 0
/proc/18/statm: 138845 120106 1065 456 0 137006 0
Current children cumulated CPU time: 818.42 s
Current children cumulated vsize: 573064 KiB
Current children cumulated memory: 492824 KiB

[startup+882.3 s]
/proc/loadavg: 34.05 34.23 34.29 34/2972 18
/proc/meminfo: memFree=411988668/527542272 swapFree=32904444/33554428
[pid=16] ppid=13 vsize=17684 memory=12400 CPUtime=0.06 cores=14-21,94-95,108-111,126-133,206-207,220-223
/proc/16/stat : 16 (python3) S 13 16 0 0 -1 4194304 1898 0 96 0 4 2 0 0 20 0 1 0 53897748 18108416 3100 67087892480 4194304 7154137 140732057588448 0 0 0 0 16781312 2 1 0 0 17 95 0 0 8 0 0 9727432 11029816 42692608 140732057590591 140732057590701 140732057590701 140732057591783 0
/proc/16/statm: 4421 3100 1506 723 0 2063 0
[pid=18] ppid=16 vsize=330092 memory=303956 CPUtime=878.08 cores=14-21,94-95,108-111,126-133,206-207,220-223
/proc/18/stat : 18 (bn4rust) R 16 16 0 0 -1 4194304 622903 0 19 0 86788 1020 0 0 20 0 1 0 53897765 338014208 75989 67087892480 94308930408448 94308932275569 140735328142512 0 0 0 0 4096 1088 0 0 0 17 206 0 0 1 0 0 94308932533632 94308932580568 94308936470528 140735328148226 140735328148374 140735328148374 140735328149473 0
/proc/18/statm: 82523 75989 1065 456 0 80684 0
Current children cumulated CPU time: 878.14 s
Current children cumulated vsize: 347776 KiB
Current children cumulated memory: 316356 KiB

[startup+942.3 s]
/proc/loadavg: 33.45 34.02 34.21 34/2967 18
/proc/meminfo: memFree=414002128/527542272 swapFree=32904444/33554428
[pid=16] ppid=13 vsize=17684 memory=12400 CPUtime=0.06 cores=14-21,94-95,108-111,126-133,206-207,220-223
/proc/16/stat : 16 (python3) S 13 16 0 0 -1 4194304 1898 0 96 0 4 2 0 0 20 0 1 0 53897748 18108416 3100 67087892480 4194304 7154137 140732057588448 0 0 0 0 16781312 2 1 0 0 17 95 0 0 8 0 0 9727432 11029816 42692608 140732057590591 140732057590701 140732057590701 140732057591783 0
/proc/16/statm: 4421 3100 1506 723 0 2063 0
[pid=18] ppid=16 vsize=873192 memory=744880 CPUtime=937.81 cores=14-21,94-95,108-111,126-133,206-207,220-223
/proc/18/stat : 18 (bn4rust) R 16 16 0 0 -1 4194304 671256 0 19 0 92668 1113 0 0 20 0 1 0 53897765 894148608 186220 67087892480 94308930408448 94308932275569 140735328142512 0 0 0 0 4096 1088 0 0 0 17 206 0 0 1 0 0 94308932533632 94308932580568 94308936470528 140735328148226 140735328148374 140735328148374 140735328149473 0
/proc/18/statm: 218298 186220 1065 456 0 216459 0
Current children cumulated CPU time: 937.87 s
Current children cumulated vsize: 890876 KiB
Current children cumulated memory: 757280 KiB

[startup+1002.3 s]
/proc/loadavg: 33.16 33.83 34.13 34/2966 18
/proc/meminfo: memFree=412050516/527542272 swapFree=32904444/33554428
[pid=16] ppid=13 vsize=17684 memory=12400 CPUtime=0.06 cores=14-21,94-95,108-111,126-133,206-207,220-223
/proc/16/stat : 16 (python3) S 13 16 0 0 -1 4194304 1898 0 96 0 4 2 0 0 20 0 1 0 53897748 18108416 3100 67087892480 4194304 7154137 140732057588448 0 0 0 0 16781312 2 1 0 0 17 95 0 0 8 0 0 9727432 11029816 42692608 140732057590591 140732057590701 140732057590701 140732057591783 0
/proc/16/statm: 4421 3100 1506 723 0 2063 0
[pid=18] ppid=16 vsize=499984 memory=425500 CPUtime=997.53 cores=14-21,94-95,108-111,126-133,206-207,220-223
/proc/18/stat : 18 (bn4rust) R 16 16 0 0 -1 4194304 752367 0 19 0 98482 1271 0 0 20 0 1 0 53897765 511983616 106375 67087892480 94308930408448 94308932275569 140735328142512 0 0 0 0 4096 1088 0 0 0 17 206 0 0 1 0 0 94308932533632 94308932580568 94308936470528 140735328148226 140735328148374 140735328148374 140735328149473 0
/proc/18/statm: 124996 106375 1065 456 0 123157 0
Current children cumulated CPU time: 997.59 s
Current children cumulated vsize: 517668 KiB
Current children cumulated memory: 437900 KiB

[startup+1062.3 s]
/proc/loadavg: 33.14 33.70 34.07 34/2959 18
/proc/meminfo: memFree=408104736/527542272 swapFree=32904444/33554428
[pid=16] ppid=13 vsize=17684 memory=12400 CPUtime=0.06 cores=14-21,94-95,108-111,126-133,206-207,220-223
/proc/16/stat : 16 (python3) S 13 16 0 0 -1 4194304 1898 0 96 0 4 2 0 0 20 0 1 0 53897748 18108416 3100 67087892480 4194304 7154137 140732057588448 0 0 0 0 16781312 2 1 0 0 17 95 0 0 8 0 0 9727432 11029816 42692608 140732057590591 140732057590701 140732057590701 140732057591783 0
/proc/16/statm: 4421 3100 1506 723 0 2063 0
[pid=18] ppid=16 vsize=292956 memory=230400 CPUtime=1057.25 cores=14-21,94-95,108-111,126-133,206-207,220-223
/proc/18/stat : 18 (bn4rust) R 16 16 0 0 -1 4194304 860259 0 19 0 104279 1446 0 0 20 0 1 0 53897765 299986944 57600 67087892480 94308930408448 94308932275569 140735328142512 0 0 0 0 4096 1088 0 0 0 17 206 0 0 1 0 0 94308932533632 94308932580568 94308936470528 140735328148226 140735328148374 140735328148374 140735328149473 0
/proc/18/statm: 73239 57600 1065 456 0 71400 0
Current children cumulated CPU time: 1057.31 s
Current children cumulated vsize: 310640 KiB
Current children cumulated memory: 242800 KiB

[startup+1122.3 s]
/proc/loadavg: 34.25 33.91 34.11 34/2970 18
/proc/meminfo: memFree=407668192/527542272 swapFree=32904444/33554428
[pid=16] ppid=13 vsize=17684 memory=12400 CPUtime=0.06 cores=14-21,94-95,108-111,126-133,206-207,220-223
/proc/16/stat : 16 (python3) S 13 16 0 0 -1 4194304 1898 0 96 0 4 2 0 0 20 0 1 0 53897748 18108416 3100 67087892480 4194304 7154137 140732057588448 0 0 0 0 16781312 2 1 0 0 17 95 0 0 8 0 0 9727432 11029816 42692608 140732057590591 140732057590701 140732057590701 140732057591783 0
/proc/16/statm: 4421 3100 1506 723 0 2063 0
[pid=18] ppid=16 vsize=589668 memory=502448 CPUtime=1116.97 cores=14-21,94-95,108-111,126-133,206-207,220-223
/proc/18/stat : 18 (bn4rust) R 16 16 0 0 -1 4194304 929561 0 19 0 110096 1601 0 0 20 0 1 0 53897765 603820032 125612 67087892480 94308930408448 94308932275569 140735328142512 0 0 0 0 4096 1088 0 0 0 17 94 0 0 1 0 0 94308932533632 94308932580568 94308936470528 140735328148226 140735328148374 140735328148374 140735328149473 0
/proc/18/statm: 147417 125612 1065 456 0 145578 0
Current children cumulated CPU time: 1117.03 s
Current children cumulated vsize: 607352 KiB
Current children cumulated memory: 514848 KiB

[startup+1182.3 s]
/proc/loadavg: 33.58 33.76 34.05 33/2969 18
/proc/meminfo: memFree=453041936/527542272 swapFree=32901372/33554428
[pid=16] ppid=13 vsize=17684 memory=12400 CPUtime=0.06 cores=14-21,94-95,108-111,126-133,206-207,220-223
/proc/16/stat : 16 (python3) S 13 16 0 0 -1 4194304 1898 0 96 0 4 2 0 0 20 0 1 0 53897748 18108416 3100 67087892480 4194304 7154137 140732057588448 0 0 0 0 16781312 2 1 0 0 17 95 0 0 8 0 0 9727432 11029816 42692608 140732057590591 140732057590701 140732057590701 140732057591783 0
/proc/16/statm: 4421 3100 1506 723 0 2063 0
[pid=18] ppid=16 vsize=460012 memory=389552 CPUtime=1176.7 cores=14-21,94-95,108-111,126-133,206-207,220-223
/proc/18/stat : 18 (bn4rust) R 16 16 0 0 -1 4194304 1014595 0 19 0 115906 1764 0 0 20 0 1 0 53897765 471052288 97388 67087892480 94308930408448 94308932275569 140735328142512 0 0 0 0 4096 1088 0 0 0 17 94 0 0 1 0 0 94308932533632 94308932580568 94308936470528 140735328148226 140735328148374 140735328148374 140735328149473 0
/proc/18/statm: 115003 97388 1065 456 0 113164 0
Current children cumulated CPU time: 1176.76 s
Current children cumulated vsize: 477696 KiB
Current children cumulated memory: 401952 KiB

[startup+1242.3 s]
/proc/loadavg: 34.88 34.14 34.16 34/2966 18
/proc/meminfo: memFree=452506868/527542272 swapFree=32901372/33554428
[pid=16] ppid=13 vsize=17684 memory=12400 CPUtime=0.06 cores=14-21,94-95,108-111,126-133,206-207,220-223
/proc/16/stat : 16 (python3) S 13 16 0 0 -1 4194304 1898 0 96 0 4 2 0 0 20 0 1 0 53897748 18108416 3100 67087892480 4194304 7154137 140732057588448 0 0 0 0 16781312 2 1 0 0 17 95 0 0 8 0 0 9727432 11029816 42692608 140732057590591 140732057590701 140732057590701 140732057591783 0
/proc/16/statm: 4421 3100 1506 723 0 2063 0
[pid=18] ppid=16 vsize=337132 memory=252324 CPUtime=1236.41 cores=14-21,94-95,108-111,126-133,206-207,220-223
/proc/18/stat : 18 (bn4rust) R 16 16 0 0 -1 4194304 1101035 0 19 0 121717 1924 0 0 20 0 1 0 53897765 345223168 63081 67087892480 94308930408448 94308932275569 140735328142512 0 0 0 0 4096 1088 0 0 0 17 94 0 0 1 0 0 94308932533632 94308932580568 94308936470528 140735328148226 140735328148374 140735328148374 140735328149473 0
/proc/18/statm: 84283 63081 1065 456 0 82444 0
Current children cumulated CPU time: 1236.47 s
Current children cumulated vsize: 354816 KiB
Current children cumulated memory: 264724 KiB

[startup+1302.3 s]
/proc/loadavg: 34.17 34.11 34.15 48/2951 18
/proc/meminfo: memFree=452566356/527542272 swapFree=32901372/33554428
[pid=16] ppid=13 vsize=17684 memory=12400 CPUtime=0.06 cores=14-21,94-95,108-111,126-133,206-207,220-223
/proc/16/stat : 16 (python3) S 13 16 0 0 -1 4194304 1898 0 96 0 4 2 0 0 20 0 1 0 53897748 18108416 3100 67087892480 4194304 7154137 140732057588448 0 0 0 0 16781312 2 1 0 0 17 95 0 0 8 0 0 9727432 11029816 42692608 140732057590591 140732057590701 140732057590701 140732057591783 0
/proc/16/statm: 4421 3100 1506 723 0 2063 0
[pid=18] ppid=16 vsize=1021756 memory=777052 CPUtime=1296.13 cores=14-21,94-95,108-111,126-133,206-207,220-223
/proc/18/stat : 18 (bn4rust) R 16 16 0 0 -1 4194304 1160004 0 19 0 127540 2073 0 0 20 0 1 0 53897765 1046278144 194263 67087892480 94308930408448 94308932275569 140735328142512 0 0 0 0 4096 1088 0 0 0 17 94 0 0 1 0 0 94308932533632 94308932580568 94308936470528 140735328148226 140735328148374 140735328148374 140735328149473 0
/proc/18/statm: 255439 194263 1065 456 0 253600 0
Current children cumulated CPU time: 1296.19 s
Current children cumulated vsize: 1039440 KiB
Current children cumulated memory: 789452 KiB

[startup+1362.3 s]
/proc/loadavg: 33.35 33.87 34.07 34/2983 18
/proc/meminfo: memFree=452118680/527542272 swapFree=32901372/33554428
[pid=16] ppid=13 vsize=17684 memory=12400 CPUtime=0.06 cores=14-21,94-95,108-111,126-133,206-207,220-223
/proc/16/stat : 16 (python3) S 13 16 0 0 -1 4194304 1898 0 96 0 4 2 0 0 20 0 1 0 53897748 18108416 3100 67087892480 4194304 7154137 140732057588448 0 0 0 0 16781312 2 1 0 0 17 95 0 0 8 0 0 9727432 11029816 42692608 140732057590591 140732057590701 140732057590701 140732057591783 0
/proc/16/statm: 4421 3100 1506 723 0 2063 0
[pid=18] ppid=16 vsize=527832 memory=414272 CPUtime=1355.86 cores=14-21,94-95,108-111,126-133,206-207,220-223
/proc/18/stat : 18 (bn4rust) R 16 16 0 0 -1 4194304 1236868 0 19 0 133360 2226 0 0 20 0 1 0 53897765 540499968 103568 67087892480 94308930408448 94308932275569 140735328142512 0 0 0 0 4096 1088 0 0 0 17 206 0 0 1 0 0 94308932533632 94308932580568 94308936470528 140735328148226 140735328148374 140735328148374 140735328149473 0
/proc/18/statm: 131958 103568 1065 456 0 130119 0
Current children cumulated CPU time: 1355.92 s
Current children cumulated vsize: 545516 KiB
Current children cumulated memory: 426672 KiB

[startup+1422.3 s]
/proc/loadavg: 33.21 33.73 34.00 34/2972 18
/proc/meminfo: memFree=450765600/527542272 swapFree=32901372/33554428
[pid=16] ppid=13 vsize=17684 memory=12400 CPUtime=0.06 cores=14-21,94-95,108-111,126-133,206-207,220-223
/proc/16/stat : 16 (python3) S 13 16 0 0 -1 4194304 1898 0 96 0 4 2 0 0 20 0 1 0 53897748 18108416 3100 67087892480 4194304 7154137 140732057588448 0 0 0 0 16781312 2 1 0 0 17 95 0 0 8 0 0 9727432 11029816 42692608 140732057590591 140732057590701 140732057590701 140732057591783 0
/proc/16/statm: 4421 3100 1506 723 0 2063 0
[pid=18] ppid=16 vsize=325340 memory=264776 CPUtime=1415.6 cores=14-21,94-95,108-111,126-133,206-207,220-223
/proc/18/stat : 18 (bn4rust) R 16 16 0 0 -1 4194304 1309163 0 19 0 139189 2371 0 0 20 0 1 0 53897765 333148160 66194 67087892480 94308930408448 94308932275569 140735328142512 0 0 0 0 4096 1088 0 0 0 17 206 0 0 1 0 0 94308932533632 94308932580568 94308936470528 140735328148226 140735328148374 140735328148374 140735328149473 0
/proc/18/statm: 81335 66194 1065 456 0 79496 0
Current children cumulated CPU time: 1415.66 s
Current children cumulated vsize: 343024 KiB
Current children cumulated memory: 277176 KiB

[startup+1482.3 s]
/proc/loadavg: 33.07 33.59 33.94 34/2965 18
/proc/meminfo: memFree=437895000/527542272 swapFree=32901372/33554428
[pid=16] ppid=13 vsize=17684 memory=12400 CPUtime=0.06 cores=14-21,94-95,108-111,126-133,206-207,220-223
/proc/16/stat : 16 (python3) S 13 16 0 0 -1 4194304 1898 0 96 0 4 2 0 0 20 0 1 0 53897748 18108416 3100 67087892480 4194304 7154137 140732057588448 0 0 0 0 16781312 2 1 0 0 17 95 0 0 8 0 0 9727432 11029816 42692608 140732057590591 140732057590701 140732057590701 140732057591783 0
/proc/16/statm: 4421 3100 1506 723 0 2063 0
[pid=18] ppid=16 vsize=1123020 memory=838280 CPUtime=1475.33 cores=14-21,94-95,108-111,126-133,206-207,220-223
/proc/18/stat : 18 (bn4rust) R 16 16 0 0 -1 4194304 1377345 0 19 0 145024 2509 0 0 20 0 1 0 53897765 1149972480 209570 67087892480 94308930408448 94308932275569 140735328142512 0 0 0 0 4096 1088 0 0 0 17 94 0 0 1 0 0 94308932533632 94308932580568 94308936470528 140735328148226 140735328148374 140735328148374 140735328149473 0
/proc/18/statm: 280755 209570 1065 456 0 278916 0
Current children cumulated CPU time: 1475.39 s
Current children cumulated vsize: 1140704 KiB
Current children cumulated memory: 850680 KiB

[startup+1542.3 s]
/proc/loadavg: 33.06 33.50 33.88 34/2958 18
/proc/meminfo: memFree=419000276/527542272 swapFree=32901372/33554428
[pid=16] ppid=13 vsize=17684 memory=12400 CPUtime=0.06 cores=14-21,94-95,108-111,126-133,206-207,220-223
/proc/16/stat : 16 (python3) S 13 16 0 0 -1 4194304 1898 0 96 0 4 2 0 0 20 0 1 0 53897748 18108416 3100 67087892480 4194304 7154137 140732057588448 0 0 0 0 16781312 2 1 0 0 17 95 0 0 8 0 0 9727432 11029816 42692608 140732057590591 140732057590701 140732057590701 140732057591783 0
/proc/16/statm: 4421 3100 1506 723 0 2063 0
[pid=18] ppid=16 vsize=307216 memory=240452 CPUtime=1535.06 cores=14-21,94-95,108-111,126-133,206-207,220-223
/proc/18/stat : 18 (bn4rust) R 16 16 0 0 -1 4194304 1423609 0 19 0 150858 2648 0 0 20 0 1 0 53897765 314589184 60113 67087892480 94308930408448 94308932275569 140735328142512 0 0 0 0 4096 1088 0 0 0 17 94 0 0 1 0 0 94308932533632 94308932580568 94308936470528 140735328148226 140735328148374 140735328148374 140735328149473 0
/proc/18/statm: 76804 60113 1065 456 0 74965 0
Current children cumulated CPU time: 1535.12 s
Current children cumulated vsize: 324900 KiB
Current children cumulated memory: 252852 KiB

[startup+1602.3 s]
/proc/loadavg: 33.02 33.40 33.82 34/2959 18
/proc/meminfo: memFree=394626372/527542272 swapFree=32901372/33554428
[pid=16] ppid=13 vsize=17684 memory=12400 CPUtime=0.06 cores=14-21,94-95,108-111,126-133,206-207,220-223
/proc/16/stat : 16 (python3) S 13 16 0 0 -1 4194304 1898 0 96 0 4 2 0 0 20 0 1 0 53897748 18108416 3100 67087892480 4194304 7154137 140732057588448 0 0 0 0 16781312 2 1 0 0 17 95 0 0 8 0 0 9727432 11029816 42692608 140732057590591 140732057590701 140732057590701 140732057591783 0
/proc/16/statm: 4421 3100 1506 723 0 2063 0
[pid=18] ppid=16 vsize=291856 memory=248628 CPUtime=1594.79 cores=14-21,94-95,108-111,126-133,206-207,220-223
/proc/18/stat : 18 (bn4rust) R 16 16 0 0 -1 4194304 1483188 0 19 0 156685 2794 0 0 20 0 1 0 53897765 298860544 62157 67087892480 94308930408448 94308932275569 140735328142512 0 0 0 0 4096 1088 0 0 0 17 94 0 0 1 0 0 94308932533632 94308932580568 94308936470528 140735328148226 140735328148374 140735328148374 140735328149473 0
/proc/18/statm: 72964 62157 1065 456 0 71125 0
Current children cumulated CPU time: 1594.85 s
Current children cumulated vsize: 309540 KiB
Current children cumulated memory: 261028 KiB

[startup+1662.3 s]
/proc/loadavg: 33.49 33.50 33.83 34/2959 18
/proc/meminfo: memFree=375273824/527542272 swapFree=32901372/33554428
[pid=16] ppid=13 vsize=17684 memory=12400 CPUtime=0.06 cores=14-21,94-95,108-111,126-133,206-207,220-223
/proc/16/stat : 16 (python3) S 13 16 0 0 -1 4194304 1898 0 96 0 4 2 0 0 20 0 1 0 53897748 18108416 3100 67087892480 4194304 7154137 140732057588448 0 0 0 0 16781312 2 1 0 0 17 95 0 0 8 0 0 9727432 11029816 42692608 140732057590591 140732057590701 140732057590701 140732057591783 0
/proc/16/statm: 4421 3100 1506 723 0 2063 0
[pid=18] ppid=16 vsize=341012 memory=274724 CPUtime=1654.53 cores=14-21,94-95,108-111,126-133,206-207,220-223
/proc/18/stat : 18 (bn4rust) R 16 16 0 0 -1 4194304 1546702 0 19 0 162517 2936 0 0 20 0 1 0 53897765 349196288 68681 67087892480 94308930408448 94308932275569 140735328142512 0 0 0 0 4096 1088 0 0 0 17 94 0 0 1 0 0 94308932533632 94308932580568 94308936470528 140735328148226 140735328148374 140735328148374 140735328149473 0
/proc/18/statm: 85253 68681 1065 456 0 83414 0
Current children cumulated CPU time: 1654.59 s
Current children cumulated vsize: 358696 KiB
Current children cumulated memory: 287124 KiB

[startup+1722.3 s]
/proc/loadavg: 33.00 33.36 33.76 33/2953 18
/proc/meminfo: memFree=457969356/527542272 swapFree=32894716/33554428
[pid=16] ppid=13 vsize=17684 memory=12400 CPUtime=0.06 cores=14-21,94-95,108-111,126-133,206-207,220-223
/proc/16/stat : 16 (python3) S 13 16 0 0 -1 4194304 1898 0 96 0 4 2 0 0 20 0 1 0 53897748 18108416 3100 67087892480 4194304 7154137 140732057588448 0 0 0 0 16781312 2 1 0 0 17 95 0 0 8 0 0 9727432 11029816 42692608 140732057590591 140732057590701 140732057590701 140732057591783 0
/proc/16/statm: 4421 3100 1506 723 0 2063 0
[pid=18] ppid=16 vsize=490428 memory=381428 CPUtime=1714.25 cores=14-21,94-95,108-111,126-133,206-207,220-223
/proc/18/stat : 18 (bn4rust) R 16 16 0 0 -1 4194304 1593581 0 19 0 168353 3072 0 0 20 0 1 0 53897765 502198272 95357 67087892480 94308930408448 94308932275569 140735328142512 0 0 0 0 4096 1088 0 0 0 17 206 0 0 1 0 0 94308932533632 94308932580568 94308936470528 140735328148226 140735328148374 140735328148374 140735328149473 0
/proc/18/statm: 122607 95357 1065 456 0 120768 0
Current children cumulated CPU time: 1714.31 s
Current children cumulated vsize: 508112 KiB
Current children cumulated memory: 393828 KiB

[startup+1782.3 s]
/proc/loadavg: 33.03 33.31 33.71 34/2975 18
/proc/meminfo: memFree=457159648/527542272 swapFree=32894716/33554428
[pid=16] ppid=13 vsize=17684 memory=12400 CPUtime=0.06 cores=14-21,94-95,108-111,126-133,206-207,220-223
/proc/16/stat : 16 (python3) S 13 16 0 0 -1 4194304 1898 0 96 0 4 2 0 0 20 0 1 0 53897748 18108416 3100 67087892480 4194304 7154137 140732057588448 0 0 0 0 16781312 2 1 0 0 17 95 0 0 8 0 0 9727432 11029816 42692608 140732057590591 140732057590701 140732057590701 140732057591783 0
/proc/16/statm: 4421 3100 1506 723 0 2063 0
[pid=18] ppid=16 vsize=540152 memory=434968 CPUtime=1773.99 cores=14-21,94-95,108-111,126-133,206-207,220-223
/proc/18/stat : 18 (bn4rust) R 16 16 0 0 -1 4194304 1646018 0 19 0 174176 3223 0 0 20 0 1 0 53897765 553115648 108742 67087892480 94308930408448 94308932275569 140735328142512 0 0 0 0 4096 1088 0 0 0 17 206 0 0 1 0 0 94308932533632 94308932580568 94308936470528 140735328148226 140735328148374 140735328148374 140735328149473 0
/proc/18/statm: 135038 108742 1065 456 0 133199 0
Current children cumulated CPU time: 1774.05 s
Current children cumulated vsize: 557836 KiB
Current children cumulated memory: 447368 KiB



Maximum wall clock time exceeded: sending SIGTERM then SIGKILL

[startup+1800 s]*
/proc/loadavg: 33.02 33.29 33.70 34/2976 18
/proc/meminfo: memFree=457008492/527542272 swapFree=32894716/33554428
[pid=16] ppid=13 vsize=17684 memory=12400 CPUtime=0.06 cores=14-21,94-95,108-111,126-133,206-207,220-223
/proc/16/stat : 16 (python3) S 13 16 0 0 -1 4194304 1898 0 96 0 4 2 0 0 20 0 1 0 53897748 18108416 3100 67087892480 4194304 7154137 140732057588448 0 0 0 0 16781312 2 1 0 0 17 95 0 0 8 0 0 9727432 11029816 42692608 140732057590591 140732057590701 140732057590701 140732057591783 0
/proc/16/statm: 4421 3100 1506 723 0 2063 0
[pid=18] ppid=16 vsize=533648 memory=434704 CPUtime=1791.62 cores=14-21,94-95,108-111,126-133,206-207,220-223
/proc/18/stat : 18 (bn4rust) R 16 16 0 0 -1 4194304 1665771 0 19 0 175890 3272 0 0 20 0 1 0 53897765 546455552 108676 67087892480 94308930408448 94308932275569 140735328142512 0 0 0 0 4096 1088 0 0 0 17 206 0 0 1 0 0 94308932533632 94308932580568 94308936470528 140735328148226 140735328148374 140735328148374 140735328149473 0
/proc/18/statm: 133412 108676 1065 456 0 131573 0
Current children cumulated CPU time: 1791.68 s
Current children cumulated vsize: 551332 KiB
Current children cumulated memory: 447104 KiB

Sending SIGTERM to process tree (bottom up)
Sleeping 2 seconds

[startup+1800.01 s]
# the end of solver process 16 was just reported to runsolver
# cumulated CPU time of all completed processes:  user=0.043997 s, system=0.025945 s

[startup+1800.01 s]
# the end of solver process 18 was just reported to runsolver
# cumulated CPU time of all completed processes:  user=1758.95 s, system=32.7613 s
# this solver process was not waited by its parent and was adopted by runsolver

Solver just ended.
??? end of watcher thread
Dumping a history of the last processes samples

Child ended because it received signal 15 (SIGTERM)
Real time (s): 1800.01
CPU time (s): 1791.71
CPU user time (s): 1758.95
CPU system time (s): 32.7613
CPU usage (%): 99.5388
Max. virtual memory (cumulated for all children) (KiB): 1484288
Max. memory (cumulated for all children) (KiB): 1221832

getrusage(RUSAGE_CHILDREN,...) data:
user time used= 1758.95
system time used= 32.7613
maximum resident set size= 1282200
integral shared memory size= 0
integral unshared data size= 0
integral unshared stack size= 0
page reclaims= 1667669
page faults= 115
swaps= 0
block input operations= 19712
block output operations= 8
messages sent= 0
messages received= 0
signals received= 0
voluntary context switches= 994
involuntary context switches= 2451


# summary of solver processes directly reported to runsolver:
#   pid: 16,18
#   total CPU time (s): 1791.71
#   total CPU user time (s): 1758.95
#   total CPU system time (s): 32.7613

??? join timestamper begins
??? join timestamper ends
??? end of timestamper thread
runsolver used 2.07317 second user time and 3.82206 second system time

The end
