runsolver version 3.4.1 (svn: 3018) Copyright (C) 2010-2013 Olivier ROUSSEL

This program is distributed in the hope that it will be useful,
but WITHOUT ANY WARRANTY; without even the implied warranty of
MERCHANTABILITY or FITNESS FOR A PARTICULAR PURPOSE.  See the
GNU General Public License for more details.

NUMA information:
  number of nodes: 8
  memory of node 0: 63700 MiB (34033 MiB free)
  memory of node 1: 64504 MiB (62111 MiB free)
  memory of node 2: 64504 MiB (60994 MiB free)
  memory of node 3: 64504 MiB (20124 MiB free)
  memory of node 4: 64504 MiB (58404 MiB free)
  memory of node 5: 64504 MiB (63539 MiB free)
  memory of node 6: 64461 MiB (54982 MiB free)
  memory of node 7: 64491 MiB (45289 MiB free)
  node distances:
     10  12  12  12  21  21  21  21
     12  10  12  12  21  21  21  21
     12  12  10  12  21  21  21  21
     12  12  12  10  21  21  21  21
     21  21  21  21  10  12  12  12
     21  21  21  21  12  10  12  12
     21  21  21  21  12  12  10  12
     21  21  21  21  12  12  12  10

command line: /usr/local/bin/runsolver --timestamp -w /output/runsolver-watch.log -v /output/runsolver-values.log -o /output/solver-output.log -C 1800.0 -W 1800.0 -R 64000 /opt/solver/run_bn4rust.py --mode cyber-complement-gfp-plus-dependency-order --instance /input/model_216.bnet 

running on 26 cores: 12,124,182-187,72-82,188-194

Enforcing CPUTime limit (soft limit, will send SIGTERM then SIGKILL): 1800 seconds
Enforcing CPUTime limit (hard limit, will send SIGXCPU): 1830 seconds
Enforcing wall clock limit (soft limit, will send SIGTERM then SIGKILL): 1800 seconds
Enforcing RSS+Swap limit (soft limit, will send SIGTERM then SIGKILL): 65536000 KiB
Linux 4.18.0-553.159.1.el8_10.x86_64
Current StackSize limit: 18014398509481983 KiB

solver pid=16, runsolver pid=13

[startup+0.10008 s]*
/proc/loadavg: 33.11 33.66 34.05 34/2966 17
/proc/meminfo: memFree=409034408/527542272 swapFree=32904444/33554428
[pid=16] ppid=13 vsize=15600 memory=9904 CPUtime=0.02 cores=12,70-82,124,182-194
/proc/16/stat : 16 (python3) R 13 16 0 0 -1 4194304 1357 0 81 0 1 1 0 0 20 0 1 0 54005374 15974400 2476 67087892480 4194304 7154137 140735551029584 0 0 0 0 16781312 2 0 0 0 17 80 0 0 6 0 0 9727432 11029816 37793792 140735551036215 140735551036333 140735551036333 140735551037415 0
/proc/16/statm: 3900 2476 1375 723 0 1636 0
Current children cumulated CPU time: 0.02 s
Current children cumulated vsize: 15600 KiB
Current children cumulated memory: 9904 KiB

[startup+0.200702 s]*
/proc/loadavg: 33.11 33.66 34.05 33/2967 18
/proc/meminfo: memFree=408908780/527542272 swapFree=32904444/33554428
[pid=16] ppid=13 vsize=17684 memory=12348 CPUtime=0.03 cores=12,70-82,124,182-194
/proc/16/stat : 16 (python3) S 13 16 0 0 -1 4194304 1890 0 96 0 2 1 0 0 20 0 1 0 54005374 18108416 3087 67087892480 4194304 7154137 140735551029584 0 0 0 0 16781312 2 1 0 0 17 80 0 0 8 0 0 9727432 11029816 37793792 140735551036215 140735551036333 140735551036333 140735551037415 0
/proc/16/statm: 4421 3087 1493 723 0 2063 0
[pid=18] ppid=16 vsize=7772 memory=2056 CPUtime=0 cores=12,70-82,124,182-194
/proc/18/stat : 18 (bn4rust) I 16 16 0 0 -1 4194304 137 0 12 0 0 0 0 0 20 0 1 0 54005388 7958528 514 67087892480 94822540398592 94822542265713 140727792380272 0 0 0 0 4096 1088 0 0 0 17 184 0 0 1 0 0 94822542523776 94822542570712 94822562304000 140727792388858 140727792389014 140727792389014 140727792390113 0
/proc/18/statm: 1943 514 460 456 0 104 0
Current children cumulated CPU time: 0.03 s
Current children cumulated vsize: 25456 KiB
Current children cumulated memory: 14404 KiB

[startup+0.300747 s]*
/proc/loadavg: 33.11 33.66 34.05 34/2967 18
/proc/meminfo: memFree=408897528/527542272 swapFree=32904444/33554428
[pid=16] ppid=13 vsize=17684 memory=12348 CPUtime=0.03 cores=12,70-82,124,182-194
/proc/16/stat : 16 (python3) S 13 16 0 0 -1 4194304 1893 0 96 0 2 1 0 0 20 0 1 0 54005374 18108416 3087 67087892480 4194304 7154137 140735551029584 0 0 0 0 16781312 2 1 0 0 17 80 0 0 8 0 0 9727432 11029816 37793792 140735551036215 140735551036333 140735551036333 140735551037415 0
/proc/16/statm: 4421 3087 1493 723 0 2063 0
[pid=18] ppid=16 vsize=8032 memory=4564 CPUtime=0.01 cores=12,70-82,124,182-194
/proc/18/stat : 18 (bn4rust) R 16 16 0 0 -1 4194304 216 0 18 0 1 0 0 0 20 0 1 0 54005388 8224768 1141 67087892480 94822540398592 94822542265713 140727792380272 0 0 0 0 4096 1088 0 0 0 17 184 0 0 1 0 0 94822542523776 94822542570712 94822562304000 140727792388858 140727792389014 140727792389014 140727792390113 0
/proc/18/statm: 2008 1141 1064 456 0 169 0
Current children cumulated CPU time: 0.04 s
Current children cumulated vsize: 25716 KiB
Current children cumulated memory: 16912 KiB

[startup+0.700285 s]
/proc/loadavg: 33.11 33.66 34.05 35/2967 18
/proc/meminfo: memFree=408945740/527542272 swapFree=32904444/33554428
[pid=16] ppid=13 vsize=17684 memory=12348 CPUtime=0.03 cores=12,70-82,124,182-194
/proc/16/stat : 16 (python3) S 13 16 0 0 -1 4194304 1893 0 96 0 2 1 0 0 20 0 1 0 54005374 18108416 3087 67087892480 4194304 7154137 140735551029584 0 0 0 0 16781312 2 1 0 0 17 80 0 0 8 0 0 9727432 11029816 37793792 140735551036215 140735551036333 140735551036333 140735551037415 0
/proc/16/statm: 4421 3087 1493 723 0 2063 0
[pid=18] ppid=16 vsize=8888 memory=5636 CPUtime=0.41 cores=12,70-82,124,182-194
/proc/18/stat : 18 (bn4rust) R 16 16 0 0 -1 4194304 4828 0 18 0 40 1 0 0 20 0 1 0 54005388 9101312 1409 67087892480 94822540398592 94822542265713 140727792380272 0 0 0 0 4096 1088 0 0 0 17 184 0 0 1 0 0 94822542523776 94822542570712 94822562304000 140727792388858 140727792389014 140727792389014 140727792390113 0
/proc/18/statm: 2222 1409 1065 456 0 383 0
Current children cumulated CPU time: 0.44 s
Current children cumulated vsize: 26572 KiB
Current children cumulated memory: 17984 KiB

[startup+1.50043 s]
/proc/loadavg: 33.11 33.66 34.05 34/2967 18
/proc/meminfo: memFree=408878580/527542272 swapFree=32904444/33554428
[pid=16] ppid=13 vsize=17684 memory=12348 CPUtime=0.04 cores=12,70-82,124,182-194
/proc/16/stat : 16 (python3) S 13 16 0 0 -1 4194304 1893 0 96 0 3 1 0 0 20 0 1 0 54005374 18108416 3087 67087892480 4194304 7154137 140735551029584 0 0 0 0 16781312 2 1 0 0 17 80 0 0 8 0 0 9727432 11029816 37793792 140735551036215 140735551036333 140735551036333 140735551037415 0
/proc/16/statm: 4421 3087 1493 723 0 2063 0
[pid=18] ppid=16 vsize=8884 memory=5428 CPUtime=1.2 cores=12,70-82,124,182-194
/proc/18/stat : 18 (bn4rust) R 16 16 0 0 -1 4194304 14114 0 18 0 118 2 0 0 20 0 1 0 54005388 9097216 1357 67087892480 94822540398592 94822542265713 140727792380272 0 0 0 0 4096 1088 0 0 0 17 184 0 0 1 0 0 94822542523776 94822542570712 94822562304000 140727792388858 140727792389014 140727792389014 140727792390113 0
/proc/18/statm: 2221 1357 1065 456 0 382 0
Current children cumulated CPU time: 1.24 s
Current children cumulated vsize: 26568 KiB
Current children cumulated memory: 17776 KiB

[startup+3.10051 s]
/proc/loadavg: 33.11 33.66 34.05 34/2967 18
/proc/meminfo: memFree=408612056/527542272 swapFree=32904444/33554428
[pid=16] ppid=13 vsize=17684 memory=12348 CPUtime=0.04 cores=12,70-82,124,182-194
/proc/16/stat : 16 (python3) S 13 16 0 0 -1 4194304 1894 0 96 0 3 1 0 0 20 0 1 0 54005374 18108416 3087 67087892480 4194304 7154137 140735551029584 0 0 0 0 16781312 2 1 0 0 17 80 0 0 8 0 0 9727432 11029816 37793792 140735551036215 140735551036333 140735551036333 140735551037415 0
/proc/16/statm: 4421 3087 1493 723 0 2063 0
[pid=18] ppid=16 vsize=10124 memory=6656 CPUtime=2.79 cores=12,70-82,124,182-194
/proc/18/stat : 18 (bn4rust) R 16 16 0 0 -1 4194304 29991 0 18 0 275 4 0 0 20 0 1 0 54005388 10366976 1664 67087892480 94822540398592 94822542265713 140727792380272 0 0 0 0 4096 1088 0 0 0 17 184 0 0 1 0 0 94822542523776 94822542570712 94822562304000 140727792388858 140727792389014 140727792389014 140727792390113 0
/proc/18/statm: 2531 1664 1065 456 0 692 0
Current children cumulated CPU time: 2.83 s
Current children cumulated vsize: 27808 KiB
Current children cumulated memory: 19004 KiB

[startup+4.82477 s]
# the end of solver process 16 was just reported to runsolver
# cumulated CPU time of all completed processes:  user=4.50497 s, system=0.064975 s

Solver just ended.
??? end of watcher thread
Dumping a history of the last processes samples

[startup+3.20034 s]
/proc/loadavg: 33.11 33.66 34.05 34/2967 18
/proc/meminfo: memFree=408612056/527542272 swapFree=32904444/33554428
[pid=16] ppid=13 vsize=17684 memory=12348 CPUtime=0.04 cores=12,70-82,124,182-194
/proc/16/stat : 16 (python3) S 13 16 0 0 -1 4194304 1894 0 96 0 3 1 0 0 20 0 1 0 54005374 18108416 3087 67087892480 4194304 7154137 140735551029584 0 0 0 0 16781312 2 1 0 0 17 80 0 0 8 0 0 9727432 11029816 37793792 140735551036215 140735551036333 140735551036333 140735551037415 0
/proc/16/statm: 4421 3087 1493 723 0 2063 0
[pid=18] ppid=16 vsize=10124 memory=6656 CPUtime=2.89 cores=12,70-82,124,182-194
/proc/18/stat : 18 (bn4rust) R 16 16 0 0 -1 4194304 29991 0 18 0 285 4 0 0 20 0 1 0 54005388 10366976 1664 67087892480 94822540398592 94822542265713 140727792380272 0 0 0 0 4096 1088 0 0 0 17 184 0 0 1 0 0 94822542523776 94822542570712 94822562304000 140727792388858 140727792389014 140727792389014 140727792390113 0
/proc/18/statm: 2531 1664 1065 456 0 692 0
Current children cumulated CPU time: 2.93 s
Current children cumulated vsize: 27808 KiB
Current children cumulated memory: 19004 KiB

[startup+4.0003 s]*
/proc/loadavg: 33.11 33.66 34.05 34/2967 18
/proc/meminfo: memFree=408475784/527542272 swapFree=32904444/33554428
[pid=16] ppid=13 vsize=17684 memory=12348 CPUtime=0.04 cores=12,70-82,124,182-194
/proc/16/stat : 16 (python3) S 13 16 0 0 -1 4194304 1894 0 96 0 3 1 0 0 20 0 1 0 54005374 18108416 3087 67087892480 4194304 7154137 140735551029584 0 0 0 0 16781312 2 1 0 0 17 80 0 0 8 0 0 9727432 11029816 37793792 140735551036215 140735551036333 140735551036333 140735551037415 0
/proc/16/statm: 4421 3087 1493 723 0 2063 0
[pid=18] ppid=16 vsize=10124 memory=6656 CPUtime=3.69 cores=12,70-82,124,182-194
/proc/18/stat : 18 (bn4rust) R 16 16 0 0 -1 4194304 29991 0 18 0 365 4 0 0 20 0 1 0 54005388 10366976 1664 67087892480 94822540398592 94822542265713 140727792380272 0 0 0 0 4096 1088 0 0 0 17 184 0 0 1 0 0 94822542523776 94822542570712 94822562304000 140727792388858 140727792389014 140727792389014 140727792390113 0
/proc/18/statm: 2531 1664 1065 456 0 692 0
Current children cumulated CPU time: 3.73 s
Current children cumulated vsize: 27808 KiB
Current children cumulated memory: 19004 KiB

[startup+4.40029 s]
/proc/loadavg: 33.11 33.66 34.05 34/2967 18
/proc/meminfo: memFree=408475784/527542272 swapFree=32904444/33554428
[pid=16] ppid=13 vsize=17684 memory=12348 CPUtime=0.04 cores=12,70-82,124,182-194
/proc/16/stat : 16 (python3) S 13 16 0 0 -1 4194304 1894 0 96 0 3 1 0 0 20 0 1 0 54005374 18108416 3087 67087892480 4194304 7154137 140735551029584 0 0 0 0 16781312 2 1 0 0 17 80 0 0 8 0 0 9727432 11029816 37793792 140735551036215 140735551036333 140735551036333 140735551037415 0
/proc/16/statm: 4421 3087 1493 723 0 2063 0
[pid=18] ppid=16 vsize=10124 memory=6656 CPUtime=4.09 cores=12,70-82,124,182-194
/proc/18/stat : 18 (bn4rust) R 16 16 0 0 -1 4194304 29991 0 18 0 405 4 0 0 20 0 1 0 54005388 10366976 1664 67087892480 94822540398592 94822542265713 140727792380272 0 0 0 0 4096 1088 0 0 0 17 184 0 0 1 0 0 94822542523776 94822542570712 94822562304000 140727792388858 140727792389014 140727792389014 140727792390113 0
/proc/18/statm: 2531 1664 1065 456 0 692 0
Current children cumulated CPU time: 4.13 s
Current children cumulated vsize: 27808 KiB
Current children cumulated memory: 19004 KiB

[startup+4.80029 s]
/proc/loadavg: 33.11 33.66 34.05 34/2967 18
/proc/meminfo: memFree=408475784/527542272 swapFree=32904444/33554428
[pid=16] ppid=13 vsize=17684 memory=12348 CPUtime=0.04 cores=12,70-82,124,182-194
/proc/16/stat : 16 (python3) S 13 16 0 0 -1 4194304 1895 0 96 0 3 1 0 0 20 0 1 0 54005374 18108416 3087 67087892480 4194304 7154137 140735551029584 0 0 0 0 16781312 2 1 0 0 17 80 0 0 8 0 0 9727432 11029816 37793792 140735551036215 140735551036333 140735551036333 140735551037415 0
/proc/16/statm: 4421 3087 1493 723 0 2063 0
[pid=18] ppid=16 vsize=10124 memory=6656 CPUtime=4.48 cores=12,70-82,124,182-194
/proc/18/stat : 18 (bn4rust) R 16 16 0 0 -1 4194304 29991 0 18 0 444 4 0 0 20 0 1 0 54005388 10366976 1664 67087892480 94822540398592 94822542265713 140727792380272 0 0 0 0 4096 1088 0 0 0 17 184 0 0 1 0 0 94822542523776 94822542570712 94822562304000 140727792388858 140727792389014 140727792389014 140727792390113 0
/proc/18/statm: 2531 1664 1065 456 0 692 0
Current children cumulated CPU time: 4.52 s
Current children cumulated vsize: 27808 KiB
Current children cumulated memory: 19004 KiB

Child status: 0
Real time (s): 4.82486
CPU time (s): 4.56995
CPU user time (s): 4.50497
CPU system time (s): 0.064975
CPU usage (%): 94.7167
Max. virtual memory (cumulated for all children) (KiB): 27808
Max. memory (cumulated for all children) (KiB): 19004

getrusage(RUSAGE_CHILDREN,...) data:
user time used= 4.50497
system time used= 0.064975
maximum resident set size= 12572
integral shared memory size= 0
integral unshared data size= 0
integral unshared stack size= 0
page reclaims= 31911
page faults= 116
swaps= 0
block input operations= 19808
block output operations= 8
messages sent= 0
messages received= 0
signals received= 0
voluntary context switches= 1055
involuntary context switches= 5


# summary of solver processes directly reported to runsolver:
#   pid: 16
#   total CPU time (s): 4.56995
#   total CPU user time (s): 4.50497
#   total CPU system time (s): 0.064975

??? join timestamper begins
??? join timestamper ends
??? end of timestamper thread
runsolver used 0.002624 second user time and 0.01931 second system time

The end
