# WCTIME: wall clock time in seconds
WCTIME=0.28277
# CPUTIME: CPU time in seconds (USERTIME+SYSTEMTIME)
CPUTIME=0.162744
# USERTIME: CPU time spent in user mode in seconds
USERTIME=0.140493
# SYSTEMTIME: CPU time spent in system mode in seconds
SYSTEMTIME=0.022251
# CPUUSAGE: CPUTIME/WCTIME in percent
CPUUSAGE=57.5535
# MAXVM: maximum virtual memory used in KiB
MAXVM=25692
# MAXMM: maximum memory used in KiB
MAXMM=17104
# MAXRSS: maximum Resident Segment Size in KiB
MAXRSS=12608
# TIMEOUT: did the solver exceed the time limit?
TIMEOUT=false
# MEMOUT: did the solver exceed the memory limit?
MEMOUT=false
# EXITSTATUS: Exit status of the solver
EXITSTATUS=0
