# WCTIME: wall clock time in seconds
WCTIME=53.7879
# CPUTIME: CPU time in seconds (USERTIME+SYSTEMTIME)
CPUTIME=53.5078
# USERTIME: CPU time spent in user mode in seconds
USERTIME=53.1327
# SYSTEMTIME: CPU time spent in system mode in seconds
SYSTEMTIME=0.375091
# CPUUSAGE: CPUTIME/WCTIME in percent
CPUUSAGE=99.4792
# MAXVM: maximum virtual memory used in KiB
MAXVM=48244
# MAXMM: maximum memory used in KiB
MAXMM=39784
# MAXRSS: maximum Resident Segment Size in KiB
MAXRSS=31728
# TIMEOUT: did the solver exceed the time limit?
TIMEOUT=false
# MEMOUT: did the solver exceed the memory limit?
MEMOUT=false
# EXITSTATUS: Exit status of the solver
EXITSTATUS=0
