runsolver version 3.4.1 (svn: 3018) Copyright (C) 2010-2013 Olivier ROUSSEL

This program is distributed in the hope that it will be useful,
but WITHOUT ANY WARRANTY; without even the implied warranty of
MERCHANTABILITY or FITNESS FOR A PARTICULAR PURPOSE.  See the
GNU General Public License for more details.

NUMA information:
  number of nodes: 8
  memory of node 0: 63657 MiB (51477 MiB free)
  memory of node 1: 64504 MiB (1200 MiB free)
  memory of node 2: 64504 MiB (1140 MiB free)
  memory of node 3: 64504 MiB (55004 MiB free)
  memory of node 4: 64504 MiB (63501 MiB free)
  memory of node 5: 64504 MiB (63803 MiB free)
  memory of node 6: 64504 MiB (63769 MiB free)
  memory of node 7: 64491 MiB (63694 MiB free)
  node distances:
     10  12  12  12  21  21  21  21
     12  10  12  12  21  21  21  21
     12  12  10  12  21  21  21  21
     12  12  12  10  21  21  21  21
     21  21  21  21  10  12  12  12
     21  21  21  21  12  10  12  12
     21  21  21  21  12  12  10  12
     21  21  21  21  12  12  12  10

command line: /usr/local/bin/runsolver --timestamp -w /output/runsolver-watch.log -v /output/runsolver-values.log -o /output/solver-output.log -C 1800.0 -W 1800.0 -R 64000 /opt/solver/run_bn4rust.py --mode cyber-full --instance /input/model_196.bnet 

running on 20 cores: 72-83,188-195

Enforcing CPUTime limit (soft limit, will send SIGTERM then SIGKILL): 1800 seconds
Enforcing CPUTime limit (hard limit, will send SIGXCPU): 1830 seconds
Enforcing wall clock limit (soft limit, will send SIGTERM then SIGKILL): 1800 seconds
Enforcing RSS+Swap limit (soft limit, will send SIGTERM then SIGKILL): 65536000 KiB
Linux 4.18.0-553.159.1.el8_10.x86_64
Current StackSize limit: 18014398509481983 KiB

solver pid=16, runsolver pid=13

[startup+0.100061 s]*
/proc/loadavg: 46.53 54.66 60.82 51/2962 17
/proc/meminfo: memFree=372258600/527542240 swapFree=33461244/33554428
[pid=16] ppid=13 vsize=15800 memory=10120 CPUtime=0.02 cores=70-83,182-195
/proc/16/stat : 16 (python3) S 13 16 0 0 -1 4194304 1392 0 84 0 2 0 0 0 20 0 1 0 53230592 16179200 2530 67087892480 4194304 7154137 140726401823520 0 0 0 0 16781312 2 1 0 0 17 193 0 0 6 0 0 9727432 11029816 18976768 140726401829719 140726401829805 140726401829805 140726401830887 0
/proc/16/statm: 3950 2530 1394 723 0 1674 0
Current children cumulated CPU time: 0.02 s
Current children cumulated vsize: 15800 KiB
Current children cumulated memory: 10120 KiB

[startup+0.20056 s]*
/proc/loadavg: 46.53 54.66 60.82 48/2964 18
/proc/meminfo: memFree=372236736/527542240 swapFree=33461244/33554428
[pid=16] ppid=13 vsize=17684 memory=12428 CPUtime=0.04 cores=70-83,182-195
/proc/16/stat : 16 (python3) S 13 16 0 0 -1 4194304 1890 0 96 0 3 1 0 0 20 0 1 0 53230592 18108416 3107 67087892480 4194304 7154137 140726401823520 0 0 0 0 16781312 2 1 0 0 17 193 0 0 8 0 0 9727432 11029816 18976768 140726401829719 140726401829805 140726401829805 140726401830887 0
/proc/16/statm: 4421 3107 1512 723 0 2063 0
[pid=18] ppid=16 vsize=7772 memory=2084 CPUtime=0 cores=70-83,182-195
/proc/18/stat : 18 (bn4rust) I 16 16 0 0 -1 4194304 138 0 12 0 0 0 0 0 20 0 1 0 53230605 7958528 521 67087892480 93910868373504 93910870240625 140734675581440 0 0 0 0 4096 1088 0 0 0 17 190 0 0 1 0 0 93910870498688 93910870545624 93910881529856 140734675585818 140734675585942 140734675585942 140734675587041 0
/proc/18/statm: 1943 521 467 456 0 104 0
Current children cumulated CPU time: 0.04 s
Current children cumulated vsize: 25456 KiB
Current children cumulated memory: 14512 KiB

[startup+0.300499 s]*
/proc/loadavg: 46.53 54.66 60.82 50/2942 18
/proc/meminfo: memFree=372279864/527542240 swapFree=33461244/33554428
[pid=16] ppid=13 vsize=17684 memory=12428 CPUtime=0.04 cores=70-83,182-195
/proc/16/stat : 16 (python3) S 13 16 0 0 -1 4194304 1890 0 96 0 3 1 0 0 20 0 1 0 53230592 18108416 3107 67087892480 4194304 7154137 140726401823520 0 0 0 0 16781312 2 1 0 0 17 193 0 0 8 0 0 9727432 11029816 18976768 140726401829719 140726401829805 140726401829805 140726401830887 0
/proc/16/statm: 4421 3107 1512 723 0 2063 0
[pid=18] ppid=16 vsize=7772 memory=2084 CPUtime=0 cores=70-83,182-195
/proc/18/stat : 18 (bn4rust) I 16 16 0 0 -1 4194304 138 0 12 0 0 0 0 0 20 0 1 0 53230605 7958528 521 67087892480 93910868373504 93910870240625 140734675581440 0 0 0 0 4096 1088 0 0 0 17 190 0 0 1 0 0 93910870498688 93910870545624 93910881529856 140734675585818 140734675585942 140734675585942 140734675587041 0
/proc/18/statm: 1943 521 467 456 0 104 0
Current children cumulated CPU time: 0.04 s
Current children cumulated vsize: 25456 KiB
Current children cumulated memory: 14512 KiB

[startup+0.700247 s]
/proc/loadavg: 46.53 54.66 60.82 49/2919 18
/proc/meminfo: memFree=372341108/527542240 swapFree=33461244/33554428
[pid=16] ppid=13 vsize=17684 memory=12428 CPUtime=0.04 cores=70-83,182-195
/proc/16/stat : 16 (python3) S 13 16 0 0 -1 4194304 1892 0 96 0 3 1 0 0 20 0 1 0 53230592 18108416 3107 67087892480 4194304 7154137 140726401823520 0 0 0 0 16781312 2 1 0 0 17 193 0 0 8 0 0 9727432 11029816 18976768 140726401829719 140726401829805 140726401829805 140726401830887 0
/proc/16/statm: 4421 3107 1512 723 0 2063 0
[pid=18] ppid=16 vsize=7904 memory=4540 CPUtime=0 cores=70-83,182-195
/proc/18/stat : 18 (bn4rust) I 16 16 0 0 -1 4194304 173 0 14 0 0 0 0 0 20 0 1 0 53230605 8093696 1135 67087892480 93910868373504 93910870240625 140734675581440 0 0 0 0 4096 1088 0 0 0 17 190 0 0 1 0 0 93910870498688 93910870545624 93910881529856 140734675585818 140734675585942 140734675585942 140734675587041 0
/proc/18/statm: 1976 1135 1070 456 0 137 0
Current children cumulated CPU time: 0.04 s
Current children cumulated vsize: 25588 KiB
Current children cumulated memory: 16968 KiB

[startup+1.50022 s]
/proc/loadavg: 46.73 54.57 60.76 50/2924 18
/proc/meminfo: memFree=372333436/527542240 swapFree=33461244/33554428
[pid=16] ppid=13 vsize=17684 memory=12428 CPUtime=0.04 cores=70-83,182-195
/proc/16/stat : 16 (python3) S 13 16 0 0 -1 4194304 1893 0 96 0 3 1 0 0 20 0 1 0 53230592 18108416 3107 67087892480 4194304 7154137 140726401823520 0 0 0 0 16781312 2 1 0 0 17 193 0 0 8 0 0 9727432 11029816 18976768 140726401829719 140726401829805 140726401829805 140726401830887 0
/proc/16/statm: 4421 3107 1512 723 0 2063 0
[pid=18] ppid=16 vsize=12008 memory=8872 CPUtime=0.66 cores=70-83,182-195
/proc/18/stat : 18 (bn4rust) R 16 16 0 0 -1 4194304 11531 0 18 0 65 1 0 0 20 0 1 0 53230605 12296192 2218 67087892480 93910868373504 93910870240625 140734675581440 0 0 0 0 4096 1088 0 0 0 17 190 0 0 1 0 0 93910870498688 93910870545624 93910881529856 140734675585818 140734675585942 140734675585942 140734675587041 0
/proc/18/statm: 3002 2218 1128 456 0 1163 0
Current children cumulated CPU time: 0.7 s
Current children cumulated vsize: 29692 KiB
Current children cumulated memory: 21300 KiB

[startup+3.10043 s]
/proc/loadavg: 46.73 54.57 60.76 49/2924 18
/proc/meminfo: memFree=372329188/527542240 swapFree=33461244/33554428
[pid=16] ppid=13 vsize=17684 memory=12428 CPUtime=0.04 cores=70-83,182-195
/proc/16/stat : 16 (python3) S 13 16 0 0 -1 4194304 1893 0 96 0 3 1 0 0 20 0 1 0 53230592 18108416 3107 67087892480 4194304 7154137 140726401823520 0 0 0 0 16781312 2 1 0 0 17 193 0 0 8 0 0 9727432 11029816 18976768 140726401829719 140726401829805 140726401829805 140726401830887 0
/proc/16/statm: 4421 3107 1512 723 0 2063 0
[pid=18] ppid=16 vsize=14488 memory=11312 CPUtime=2.26 cores=70-83,182-195
/proc/18/stat : 18 (bn4rust) R 16 16 0 0 -1 4194304 36813 0 18 0 222 4 0 0 20 0 1 0 53230605 14835712 2828 67087892480 93910868373504 93910870240625 140734675581440 0 0 0 0 4096 1088 0 0 0 17 190 0 0 1 0 0 93910870498688 93910870545624 93910881529856 140734675585818 140734675585942 140734675585942 140734675587041 0
/proc/18/statm: 3622 2828 1128 456 0 1783 0
Current children cumulated CPU time: 2.3 s
Current children cumulated vsize: 32172 KiB
Current children cumulated memory: 23740 KiB
heavy processes:

[startup+6.30021 s]
/proc/loadavg: 46.91 54.48 60.69 50/2896 18
/proc/meminfo: memFree=372337192/527542240 swapFree=33461244/33554428
[pid=16] ppid=13 vsize=17684 memory=12428 CPUtime=0.04 cores=70-83,182-195
/proc/16/stat : 16 (python3) S 13 16 0 0 -1 4194304 1893 0 96 0 3 1 0 0 20 0 1 0 53230592 18108416 3107 67087892480 4194304 7154137 140726401823520 0 0 0 0 16781312 2 1 0 0 17 193 0 0 8 0 0 9727432 11029816 18976768 140726401829719 140726401829805 140726401829805 140726401830887 0
/proc/16/statm: 4421 3107 1512 723 0 2063 0
[pid=18] ppid=16 vsize=14616 memory=11432 CPUtime=5.44 cores=70-83,182-195
/proc/18/stat : 18 (bn4rust) R 16 16 0 0 -1 4194304 75206 0 18 0 534 10 0 0 20 0 1 0 53230605 14966784 2858 67087892480 93910868373504 93910870240625 140734675581440 0 0 0 0 4096 1088 0 0 0 17 190 0 0 1 0 0 93910870498688 93910870545624 93910881529856 140734675585818 140734675585942 140734675585942 140734675587041 0
/proc/18/statm: 3654 2858 1128 456 0 1815 0
Current children cumulated CPU time: 5.48 s
Current children cumulated vsize: 32300 KiB
Current children cumulated memory: 23860 KiB

[startup+10.5378 s]
# the end of solver process 16 was just reported to runsolver
# cumulated CPU time of all completed processes:  user=9.59356 s, system=0.129444 s

Solver just ended.
??? end of watcher thread
Dumping a history of the last processes samples

[startup+6.40032 s]
/proc/loadavg: 46.91 54.48 60.69 50/2896 18
/proc/meminfo: memFree=372337192/527542240 swapFree=33461244/33554428
[pid=16] ppid=13 vsize=17684 memory=12428 CPUtime=0.04 cores=70-83,182-195
/proc/16/stat : 16 (python3) S 13 16 0 0 -1 4194304 1893 0 96 0 3 1 0 0 20 0 1 0 53230592 18108416 3107 67087892480 4194304 7154137 140726401823520 0 0 0 0 16781312 2 1 0 0 17 193 0 0 8 0 0 9727432 11029816 18976768 140726401829719 140726401829805 140726401829805 140726401830887 0
/proc/16/statm: 4421 3107 1512 723 0 2063 0
[pid=18] ppid=16 vsize=14808 memory=11432 CPUtime=5.54 cores=70-83,182-195
/proc/18/stat : 18 (bn4rust) R 16 16 0 0 -1 4194304 75207 0 18 0 544 10 0 0 20 0 1 0 53230605 15163392 2858 67087892480 93910868373504 93910870240625 140734675581440 0 0 0 0 4096 1088 0 0 0 17 190 0 0 1 0 0 93910870498688 93910870545624 93910881529856 140734675585818 140734675585942 140734675585942 140734675587041 0
/proc/18/statm: 3702 2858 1128 456 0 1863 0
Current children cumulated CPU time: 5.58 s
Current children cumulated vsize: 32492 KiB
Current children cumulated memory: 23860 KiB

[startup+8.00021 s]*
/proc/loadavg: 46.91 54.48 60.69 48/2873 18
/proc/meminfo: memFree=371393388/527542240 swapFree=33461244/33554428
[pid=16] ppid=13 vsize=17684 memory=12428 CPUtime=0.04 cores=70-83,182-195
/proc/16/stat : 16 (python3) S 13 16 0 0 -1 4194304 1893 0 96 0 3 1 0 0 20 0 1 0 53230592 18108416 3107 67087892480 4194304 7154137 140726401823520 0 0 0 0 16781312 2 1 0 0 17 193 0 0 8 0 0 9727432 11029816 18976768 140726401829719 140726401829805 140726401829805 140726401830887 0
/proc/16/statm: 4421 3107 1512 723 0 2063 0
[pid=18] ppid=16 vsize=17240 memory=13928 CPUtime=7.14 cores=70-83,182-195
/proc/18/stat : 18 (bn4rust) R 16 16 0 0 -1 4194304 82216 0 18 0 703 11 0 0 20 0 1 0 53230605 17653760 3482 67087892480 93910868373504 93910870240625 140734675581440 0 0 0 0 4096 1088 0 0 0 17 190 0 0 1 0 0 93910870498688 93910870545624 93910881529856 140734675585818 140734675585942 140734675585942 140734675587041 0
/proc/18/statm: 4310 3482 1128 456 0 2471 0
Current children cumulated CPU time: 7.18 s
Current children cumulated vsize: 34924 KiB
Current children cumulated memory: 26356 KiB

[startup+9.60023 s]
/proc/loadavg: 46.91 54.48 60.69 48/2873 18
/proc/meminfo: memFree=370825864/527542240 swapFree=33461244/33554428
[pid=16] ppid=13 vsize=17684 memory=12428 CPUtime=0.04 cores=70-83,182-195
/proc/16/stat : 16 (python3) S 13 16 0 0 -1 4194304 1893 0 96 0 3 1 0 0 20 0 1 0 53230592 18108416 3107 67087892480 4194304 7154137 140726401823520 0 0 0 0 16781312 2 1 0 0 17 193 0 0 8 0 0 9727432 11029816 18976768 140726401829719 140726401829805 140726401829805 140726401830887 0
/proc/16/statm: 4421 3107 1512 723 0 2063 0
[pid=18] ppid=16 vsize=17240 memory=13928 CPUtime=8.73 cores=70-83,182-195
/proc/18/stat : 18 (bn4rust) R 16 16 0 0 -1 4194304 82216 0 18 0 862 11 0 0 20 0 1 0 53230605 17653760 3482 67087892480 93910868373504 93910870240625 140734675581440 0 0 0 0 4096 1088 0 0 0 17 190 0 0 1 0 0 93910870498688 93910870545624 93910881529856 140734675585818 140734675585942 140734675585942 140734675587041 0
/proc/18/statm: 4310 3482 1128 456 0 2471 0
Current children cumulated CPU time: 8.77 s
Current children cumulated vsize: 34924 KiB
Current children cumulated memory: 26356 KiB

[startup+10.0002 s]*
/proc/loadavg: 46.91 54.48 60.69 48/2851 18
/proc/meminfo: memFree=372399756/527542240 swapFree=33461244/33554428
[pid=16] ppid=13 vsize=17684 memory=12428 CPUtime=0.04 cores=70-83,182-195
/proc/16/stat : 16 (python3) S 13 16 0 0 -1 4194304 1894 0 96 0 3 1 0 0 20 0 1 0 53230592 18108416 3107 67087892480 4194304 7154137 140726401823520 0 0 0 0 16781312 2 1 0 0 17 193 0 0 8 0 0 9727432 11029816 18976768 140726401829719 140726401829805 140726401829805 140726401830887 0
/proc/16/statm: 4421 3107 1512 723 0 2063 0
[pid=18] ppid=16 vsize=17240 memory=13928 CPUtime=9.13 cores=70-83,182-195
/proc/18/stat : 18 (bn4rust) R 16 16 0 0 -1 4194304 82216 0 18 0 902 11 0 0 20 0 1 0 53230605 17653760 3482 67087892480 93910868373504 93910870240625 140734675581440 0 0 0 0 4096 1088 0 0 0 17 190 0 0 1 0 0 93910870498688 93910870545624 93910881529856 140734675585818 140734675585942 140734675585942 140734675587041 0
/proc/18/statm: 4310 3482 1128 456 0 2471 0
Current children cumulated CPU time: 9.17 s
Current children cumulated vsize: 34924 KiB
Current children cumulated memory: 26356 KiB

[startup+10.4002 s]
/proc/loadavg: 46.91 54.48 60.69 48/2851 18
/proc/meminfo: memFree=372399756/527542240 swapFree=33461244/33554428
[pid=16] ppid=13 vsize=17684 memory=12428 CPUtime=0.04 cores=70-83,182-195
/proc/16/stat : 16 (python3) S 13 16 0 0 -1 4194304 1894 0 96 0 3 1 0 0 20 0 1 0 53230592 18108416 3107 67087892480 4194304 7154137 140726401823520 0 0 0 0 16781312 2 1 0 0 17 193 0 0 8 0 0 9727432 11029816 18976768 140726401829719 140726401829805 140726401829805 140726401830887 0
/proc/16/statm: 4421 3107 1512 723 0 2063 0
[pid=18] ppid=16 vsize=17240 memory=13928 CPUtime=9.53 cores=70-83,182-195
/proc/18/stat : 18 (bn4rust) R 16 16 0 0 -1 4194304 82216 0 18 0 942 11 0 0 20 0 1 0 53230605 17653760 3482 67087892480 93910868373504 93910870240625 140734675581440 0 0 0 0 4096 1088 0 0 0 17 190 0 0 1 0 0 93910870498688 93910870545624 93910881529856 140734675585818 140734675585942 140734675585942 140734675587041 0
/proc/18/statm: 4310 3482 1128 456 0 2471 0
Current children cumulated CPU time: 9.57 s
Current children cumulated vsize: 34924 KiB
Current children cumulated memory: 26356 KiB

[startup+10.5002 s]
/proc/loadavg: 46.91 54.48 60.69 48/2851 18
/proc/meminfo: memFree=372399756/527542240 swapFree=33461244/33554428
[pid=16] ppid=13 vsize=17684 memory=12428 CPUtime=0.04 cores=70-83,182-195
/proc/16/stat : 16 (python3) S 13 16 0 0 -1 4194304 1894 0 96 0 3 1 0 0 20 0 1 0 53230592 18108416 3107 67087892480 4194304 7154137 140726401823520 0 0 0 0 16781312 2 1 0 0 17 193 0 0 8 0 0 9727432 11029816 18976768 140726401829719 140726401829805 140726401829805 140726401830887 0
/proc/16/statm: 4421 3107 1512 723 0 2063 0
[pid=18] ppid=16 vsize=17240 memory=13928 CPUtime=9.63 cores=70-83,182-195
/proc/18/stat : 18 (bn4rust) R 16 16 0 0 -1 4194304 82216 0 18 0 952 11 0 0 20 0 1 0 53230605 17653760 3482 67087892480 93910868373504 93910870240625 140734675581440 0 0 0 0 4096 1088 0 0 0 17 190 0 0 1 0 0 93910870498688 93910870545624 93910881529856 140734675585818 140734675585942 140734675585942 140734675587041 0
/proc/18/statm: 4310 3482 1128 456 0 2471 0
Current children cumulated CPU time: 9.67 s
Current children cumulated vsize: 34924 KiB
Current children cumulated memory: 26356 KiB

Child status: 0
Real time (s): 10.5379
CPU time (s): 9.723
CPU user time (s): 9.59356
CPU system time (s): 0.129444
CPU usage (%): 92.2671
Max. virtual memory (cumulated for all children) (KiB): 37164
Max. memory (cumulated for all children) (KiB): 28448

getrusage(RUSAGE_CHILDREN,...) data:
user time used= 9.59356
system time used= 0.129444
maximum resident set size= 18832
integral shared memory size= 0
integral unshared data size= 0
integral unshared stack size= 0
page reclaims= 84132
page faults= 116
swaps= 0
block input operations= 20016
block output operations= 0
messages sent= 0
messages received= 0
signals received= 0
voluntary context switches= 1029
involuntary context switches= 14


# summary of solver processes directly reported to runsolver:
#   pid: 16
#   total CPU time (s): 9.723
#   total CPU user time (s): 9.59356
#   total CPU system time (s): 0.129444

??? join timestamper begins
??? join timestamper ends
??? end of timestamper thread
runsolver used 0.002018 second user time and 0.023538 second system time

The end
