# WCTIME: wall clock time in seconds
WCTIME=2.38559
# CPUTIME: CPU time in seconds (USERTIME+SYSTEMTIME)
CPUTIME=1.3498
# USERTIME: CPU time spent in user mode in seconds
USERTIME=1.21894
# SYSTEMTIME: CPU time spent in system mode in seconds
SYSTEMTIME=0.130863
# CPUUSAGE: CPUTIME/WCTIME in percent
CPUUSAGE=56.5815
# MAXVM: maximum virtual memory used in KiB
MAXVM=281828
# MAXMM: maximum memory used in KiB
MAXMM=91776
# MAXRSS: maximum Resident Segment Size in KiB
MAXRSS=71124
# TIMEOUT: did the solver exceed the time limit?
TIMEOUT=false
# MEMOUT: did the solver exceed the memory limit?
MEMOUT=false
# EXITSTATUS: Exit status of the solver
EXITSTATUS=0
