runsolver version 3.4.1 (svn: 3018) Copyright (C) 2010-2013 Olivier ROUSSEL

This program is distributed in the hope that it will be useful,
but WITHOUT ANY WARRANTY; without even the implied warranty of
MERCHANTABILITY or FITNESS FOR A PARTICULAR PURPOSE.  See the
GNU General Public License for more details.

NUMA information:
  number of nodes: 8
  memory of node 0: 63700 MiB (56198 MiB free)
  memory of node 1: 64461 MiB (56529 MiB free)
  memory of node 2: 64504 MiB (57672 MiB free)
  memory of node 3: 64504 MiB (62334 MiB free)
  memory of node 4: 64504 MiB (48394 MiB free)
  memory of node 5: 64504 MiB (62814 MiB free)
  memory of node 6: 64504 MiB (62620 MiB free)
  memory of node 7: 64491 MiB (61067 MiB free)
  node distances:
     10  12  12  12  21  21  21  21
     12  10  12  12  21  21  21  21
     12  12  10  12  21  21  21  21
     12  12  12  10  21  21  21  21
     21  21  21  21  10  12  12  12
     21  21  21  21  12  10  12  12
     21  21  21  21  12  12  10  12
     21  21  21  21  12  12  12  10

command line: /usr/local/bin/runsolver --timestamp -w /output/runsolver-watch.log -v /output/runsolver-values.log -o /output/solver-output.log -C 1800.0 -W 1800.0 -R 64000 /opt/solver/run_pyboolnet.py --instance /input/model_130.bnet 

running on 28 cores: 78-91,190-203

Enforcing CPUTime limit (soft limit, will send SIGTERM then SIGKILL): 1800 seconds
Enforcing CPUTime limit (hard limit, will send SIGXCPU): 1830 seconds
Enforcing wall clock limit (soft limit, will send SIGTERM then SIGKILL): 1800 seconds
Enforcing RSS+Swap limit (soft limit, will send SIGTERM then SIGKILL): 65536000 KiB
Linux 4.18.0-553.126.1.el8_10.x86_64
solver pid=16, runsolver pid=13
Current StackSize limit: 18014398509481983 KiB


[startup+0.100074 s]*
/proc/loadavg: 53.75 54.04 54.24 57/3031 17
/proc/meminfo: memFree=478830904/527542224 swapFree=30769424/33554428
[pid=16] ppid=13 vsize=14920 memory=9428 CPUtime=0.01 cores=78-91,190-203
/proc/16/stat : 16 (python3) R 13 16 0 0 -1 4194304 1148 0 56 0 1 0 0 0 20 0 1 0 522987560 15278080 2357 67087892480 94358073036800 94358076307501 140726706770592 0 0 0 0 16781312 2 0 0 0 17 81 0 0 6 0 0 94358078670864 94358078954904 94358099816448 140726706776833 140726706776903 140726706776903 140726706778087 0
/proc/16/statm: 3730 2357 1396 799 0 1349 0
Current children cumulated CPU time: 0.01 s
Current children cumulated vsize: 14920 KiB
Current children cumulated memory: 9428 KiB

[startup+0.200919 s]*
/proc/loadavg: 54.41 54.17 54.28 63/3030 17
/proc/meminfo: memFree=478836572/527542224 swapFree=30769424/33554428
[pid=16] ppid=13 vsize=19804 memory=14408 CPUtime=0.07 cores=78-91,190-203
/proc/16/stat : 16 (python3) D 13 16 0 0 -1 4194304 2341 0 74 0 5 2 0 0 20 0 1 0 522987560 20279296 3602 67087892480 94358073036800 94358076307501 140726706770592 0 0 0 0 16781312 2 0 0 0 17 81 0 0 10 0 0 94358078670864 94358078954904 94358099816448 140726706776833 140726706776903 140726706776903 140726706778087 0
/proc/16/statm: 4951 3602 1547 799 0 2475 0
Current children cumulated CPU time: 0.07 s
Current children cumulated vsize: 19804 KiB
Current children cumulated memory: 14408 KiB

[startup+0.300377 s]*
/proc/loadavg: 54.41 54.17 54.28 62/3034 17
/proc/meminfo: memFree=478837988/527542224 swapFree=30769424/33554428
[pid=16] ppid=13 vsize=24904 memory=19860 CPUtime=0.13 cores=78-91,190-203
/proc/16/stat : 16 (python3) R 13 16 0 0 -1 4194304 3704 0 80 0 9 4 0 0 20 0 1 0 522987560 25501696 4965 67087892480 94358073036800 94358076307501 140726706770592 0 0 0 0 16781312 2 0 0 0 17 81 0 0 13 0 0 94358078670864 94358078954904 94358099816448 140726706776833 140726706776903 140726706776903 140726706778087 0
/proc/16/statm: 6226 4965 1661 799 0 3738 0
Current children cumulated CPU time: 0.13 s
Current children cumulated vsize: 24904 KiB
Current children cumulated memory: 19860 KiB

[startup+0.700269 s]
/proc/loadavg: 54.41 54.17 54.28 55/3034 17
/proc/meminfo: memFree=478818468/527542224 swapFree=30769424/33554428
[pid=16] ppid=13 vsize=121492 memory=45996 CPUtime=0.29 cores=78-91,190-203
/proc/16/stat : 16 (python3) R 13 16 0 0 -1 4194304 8174 0 221 0 20 9 0 0 20 0 1 0 522987560 124407808 11499 67087892480 94358073036800 94358076307501 140726706770592 0 0 0 0 16781312 2 0 0 0 17 191 0 0 31 0 0 94358078670864 94358078954904 94358099816448 140726706776833 140726706776903 140726706776903 140726706778087 0
/proc/16/statm: 30373 11499 3960 799 0 16372 0
Current children cumulated CPU time: 0.29 s
Current children cumulated vsize: 121492 KiB
Current children cumulated memory: 45996 KiB

[startup+1.50029 s]
/proc/loadavg: 54.41 54.17 54.28 63/3035 19
/proc/meminfo: memFree=478737428/527542224 swapFree=30769424/33554428
[pid=16] ppid=13 vsize=224932 memory=71064 CPUtime=0.83 cores=78-91,190-203
/proc/16/stat : 16 (python3) I 13 16 0 0 -1 4194304 13223 0 298 0 68 15 0 0 20 0 1 0 522987560 230330368 17766 67087892480 94358073036800 94358076307501 140726706770592 0 0 0 0 16781312 2 0 0 0 17 85 0 0 51 0 0 94358078670864 94358078954904 94358099816448 140726706776833 140726706776903 140726706776903 140726706778087 0
/proc/16/statm: 56233 17766 5273 799 0 22940 0
Current children cumulated CPU time: 0.83 s
Current children cumulated vsize: 224932 KiB
Current children cumulated memory: 71064 KiB

[startup+3.10066 s]
/proc/loadavg: 54.41 54.17 54.28 58/3028 21
/proc/meminfo: memFree=479290220/527542224 swapFree=30769424/33554428
[pid=16] ppid=13 vsize=222836 memory=72692 CPUtime=2.12 cores=78-91,190-203
/proc/16/stat : 16 (python3) S 13 16 0 0 -1 4194304 13684 2657 298 4 69 26 117 0 20 0 1 0 522987560 228184064 18173 67087892480 94358073036800 94358076307501 140726706770592 0 0 0 0 16781312 2 1 0 0 17 85 0 0 51 0 0 94358078670864 94358078954904 94358099816448 140726706776833 140726706776903 140726706776903 140726706778087 0
/proc/16/statm: 55709 18173 5273 799 0 22416 0
[pid=21] ppid=16 vsize=62036 memory=22876 CPUtime=0.12 cores=78-91,190-203
/proc/21/stat : 21 (NuSMVa_linux64) R 16 16 0 0 -1 4194304 2741 0 73 0 12 0 0 0 20 0 1 0 522987852 63524864 5719 67087892480 4194304 7931321 140731314706224 0 0 0 0 0 512 0 0 0 17 199 0 0 5 0 0 10030016 10037704 30715904 140731314706984 140731314707122 140731314707122 140731314708390 0
/proc/21/statm: 15509 5719 1731 913 0 4311 0
Current children cumulated CPU time: 2.24 s
Current children cumulated vsize: 284872 KiB
Current children cumulated memory: 95568 KiB
heavy processes:

[startup+6.30037 s]
/proc/loadavg: 54.38 54.17 54.28 55/3023 21
/proc/meminfo: memFree=479297360/527542224 swapFree=30769424/33554428
[pid=16] ppid=13 vsize=222836 memory=72692 CPUtime=2.12 cores=78-91,190-203
/proc/16/stat : 16 (python3) S 13 16 0 0 -1 4194304 13684 2657 298 4 69 26 117 0 20 0 1 0 522987560 228184064 18173 67087892480 94358073036800 94358076307501 140726706770592 0 0 0 0 16781312 2 1 0 0 17 85 0 0 51 0 0 94358078670864 94358078954904 94358099816448 140726706776833 140726706776903 140726706776903 140726706778087 0
/proc/16/statm: 55709 18173 5273 799 0 22416 0
[pid=21] ppid=16 vsize=67812 memory=28892 CPUtime=3.31 cores=78-91,190-203
/proc/21/stat : 21 (NuSMVa_linux64) R 16 16 0 0 -1 4194304 4219 0 73 0 330 1 0 0 20 0 1 0 522987852 69439488 7223 67087892480 4194304 7931321 140731314706224 0 0 0 0 0 512 0 0 0 17 87 0 0 5 0 0 10030016 10037704 30715904 140731314706984 140731314707122 140731314707122 140731314708390 0
/proc/21/statm: 16953 7223 1732 913 0 5755 0
Current children cumulated CPU time: 5.43 s
Current children cumulated vsize: 290648 KiB
Current children cumulated memory: 101584 KiB

[startup+12.7003 s]
/proc/loadavg: 54.99 54.30 54.32 63/3037 21
/proc/meminfo: memFree=478848224/527542224 swapFree=30769424/33554428
[pid=16] ppid=13 vsize=222836 memory=72692 CPUtime=2.12 cores=78-91,190-203
/proc/16/stat : 16 (python3) S 13 16 0 0 -1 4194304 13684 2657 298 4 69 26 117 0 20 0 1 0 522987560 228184064 18173 67087892480 94358073036800 94358076307501 140726706770592 0 0 0 0 16781312 2 1 0 0 17 85 0 0 51 0 0 94358078670864 94358078954904 94358099816448 140726706776833 140726706776903 140726706776903 140726706778087 0
/proc/16/statm: 55709 18173 5273 799 0 22416 0
[pid=21] ppid=16 vsize=85424 memory=46380 CPUtime=9.67 cores=78-91,190-203
/proc/21/stat : 21 (NuSMVa_linux64) R 16 16 0 0 -1 4194304 7065 0 73 0 966 1 0 0 20 0 1 0 522987852 87474176 11595 67087892480 4194304 7931321 140731314706224 0 0 0 0 0 512 0 0 0 17 87 0 0 5 0 0 10030016 10037704 30715904 140731314706984 140731314707122 140731314707122 140731314708390 0
/proc/21/statm: 21356 11595 1732 913 0 10158 0
Current children cumulated CPU time: 11.79 s
Current children cumulated vsize: 308260 KiB
Current children cumulated memory: 119072 KiB

[startup+25.5003 s]
/proc/loadavg: 55.43 54.42 54.36 63/3039 21
/proc/meminfo: memFree=478725668/527542224 swapFree=30769424/33554428
[pid=16] ppid=13 vsize=222836 memory=72692 CPUtime=2.12 cores=78-91,190-203
/proc/16/stat : 16 (python3) S 13 16 0 0 -1 4194304 13684 2657 298 4 69 26 117 0 20 0 1 0 522987560 228184064 18173 67087892480 94358073036800 94358076307501 140726706770592 0 0 0 0 16781312 2 1 0 0 17 85 0 0 51 0 0 94358078670864 94358078954904 94358099816448 140726706776833 140726706776903 140726706776903 140726706778087 0
/proc/16/statm: 55709 18173 5273 799 0 22416 0
[pid=21] ppid=16 vsize=111268 memory=72196 CPUtime=22.41 cores=78-91,190-203
/proc/21/stat : 21 (NuSMVa_linux64) R 16 16 0 0 -1 4194304 13572 0 73 0 2239 2 0 0 20 0 1 0 522987852 113938432 18049 67087892480 4194304 7931321 140731314706224 0 0 0 0 0 512 0 0 0 17 87 0 0 5 0 0 10030016 10037704 30715904 140731314706984 140731314707122 140731314707122 140731314708390 0
/proc/21/statm: 27817 18049 1732 913 0 16619 0
Current children cumulated CPU time: 24.53 s
Current children cumulated vsize: 334104 KiB
Current children cumulated memory: 144888 KiB

[startup+51.1006 s]
/proc/loadavg: 55.74 54.63 54.43 55/3012 21
/proc/meminfo: memFree=479034464/527542224 swapFree=30769424/33554428
[pid=16] ppid=13 vsize=222836 memory=72692 CPUtime=2.12 cores=78-91,190-203
/proc/16/stat : 16 (python3) S 13 16 0 0 -1 4194304 13684 2657 298 4 69 26 117 0 20 0 1 0 522987560 228184064 18173 67087892480 94358073036800 94358076307501 140726706770592 0 0 0 0 16781312 2 1 0 0 17 85 0 0 51 0 0 94358078670864 94358078954904 94358099816448 140726706776833 140726706776903 140726706776903 140726706778087 0
/proc/16/statm: 55709 18173 5273 799 0 22416 0
[pid=21] ppid=16 vsize=112932 memory=73772 CPUtime=47.88 cores=78-91,190-203
/proc/21/stat : 21 (NuSMVa_linux64) R 16 16 0 0 -1 4194304 13963 0 73 0 4786 2 0 0 20 0 1 0 522987852 115642368 18443 67087892480 4194304 7931321 140731314706224 0 0 0 0 0 512 0 0 0 17 87 0 0 5 0 0 10030016 10037704 30715904 140731314706984 140731314707122 140731314707122 140731314708390 0
/proc/21/statm: 28233 18443 1732 913 0 17035 0
Current children cumulated CPU time: 50 s
Current children cumulated vsize: 335768 KiB
Current children cumulated memory: 146464 KiB

[startup+102.3 s]
/proc/loadavg: 54.76 54.53 54.41 55/3014 21
/proc/meminfo: memFree=478977316/527542224 swapFree=30769424/33554428
[pid=16] ppid=13 vsize=222836 memory=72692 CPUtime=2.12 cores=78-91,190-203
/proc/16/stat : 16 (python3) S 13 16 0 0 -1 4194304 13684 2657 298 4 69 26 117 0 20 0 1 0 522987560 228184064 18173 67087892480 94358073036800 94358076307501 140726706770592 0 0 0 0 16781312 2 1 0 0 17 85 0 0 51 0 0 94358078670864 94358078954904 94358099816448 140726706776833 140726706776903 140726706776903 140726706778087 0
/proc/16/statm: 55709 18173 5273 799 0 22416 0
[pid=21] ppid=16 vsize=152964 memory=113856 CPUtime=98.84 cores=78-91,190-203
/proc/21/stat : 21 (NuSMVa_linux64) R 16 16 0 0 -1 4194304 23993 0 73 0 9880 4 0 0 20 0 1 0 522987852 156635136 28464 67087892480 4194304 7931321 140731314706224 0 0 0 0 0 512 0 0 0 17 87 0 0 5 0 0 10030016 10037704 30715904 140731314706984 140731314707122 140731314707122 140731314708390 0
/proc/21/statm: 38241 28464 1748 913 0 27043 0
Current children cumulated CPU time: 100.96 s
Current children cumulated vsize: 375800 KiB
Current children cumulated memory: 186548 KiB

[startup+162.3 s]
/proc/loadavg: 54.28 54.43 54.38 55/3015 21
/proc/meminfo: memFree=478971136/527542224 swapFree=30769424/33554428
[pid=16] ppid=13 vsize=222836 memory=72692 CPUtime=2.12 cores=78-91,190-203
/proc/16/stat : 16 (python3) S 13 16 0 0 -1 4194304 13684 2657 298 4 69 26 117 0 20 0 1 0 522987560 228184064 18173 67087892480 94358073036800 94358076307501 140726706770592 0 0 0 0 16781312 2 1 0 0 17 85 0 0 51 0 0 94358078670864 94358078954904 94358099816448 140726706776833 140726706776903 140726706776903 140726706778087 0
/proc/16/statm: 55709 18173 5273 799 0 22416 0
[pid=21] ppid=16 vsize=152964 memory=113856 CPUtime=158.55 cores=78-91,190-203
/proc/21/stat : 21 (NuSMVa_linux64) R 16 16 0 0 -1 4194304 23993 0 73 0 15851 4 0 0 20 0 1 0 522987852 156635136 28464 67087892480 4194304 7931321 140731314706224 0 0 0 0 0 512 0 0 0 17 87 0 0 5 0 0 10030016 10037704 30715904 140731314706984 140731314707122 140731314707122 140731314708390 0
/proc/21/statm: 38241 28464 1748 913 0 27043 0
Current children cumulated CPU time: 160.67 s
Current children cumulated vsize: 375800 KiB
Current children cumulated memory: 186548 KiB

[startup+222.3 s]
/proc/loadavg: 54.28 54.41 54.37 55/3015 21
/proc/meminfo: memFree=478922696/527542224 swapFree=30769424/33554428
[pid=16] ppid=13 vsize=222836 memory=72692 CPUtime=2.12 cores=78-91,190-203
/proc/16/stat : 16 (python3) S 13 16 0 0 -1 4194304 13684 2657 298 4 69 26 117 0 20 0 1 0 522987560 228184064 18173 67087892480 94358073036800 94358076307501 140726706770592 0 0 0 0 16781312 2 1 0 0 17 85 0 0 51 0 0 94358078670864 94358078954904 94358099816448 140726706776833 140726706776903 140726706776903 140726706778087 0
/proc/16/statm: 55709 18173 5273 799 0 22416 0
[pid=21] ppid=16 vsize=152964 memory=114060 CPUtime=218.28 cores=78-91,190-203
/proc/21/stat : 21 (NuSMVa_linux64) R 16 16 0 0 -1 4194304 24014 0 73 0 21824 4 0 0 20 0 1 0 522987852 156635136 28515 67087892480 4194304 7931321 140731314706224 0 0 0 0 0 512 0 0 0 17 87 0 0 5 0 0 10030016 10037704 30715904 140731314706984 140731314707122 140731314707122 140731314708390 0
/proc/21/statm: 38241 28515 1748 913 0 27043 0
Current children cumulated CPU time: 220.4 s
Current children cumulated vsize: 375800 KiB
Current children cumulated memory: 186752 KiB

[startup+282.3 s]
/proc/loadavg: 54.10 54.33 54.35 55/3010 21
/proc/meminfo: memFree=478892904/527542224 swapFree=30769424/33554428
[pid=16] ppid=13 vsize=222836 memory=72692 CPUtime=2.12 cores=78-91,190-203
/proc/16/stat : 16 (python3) S 13 16 0 0 -1 4194304 13684 2657 298 4 69 26 117 0 20 0 1 0 522987560 228184064 18173 67087892480 94358073036800 94358076307501 140726706770592 0 0 0 0 16781312 2 1 0 0 17 85 0 0 51 0 0 94358078670864 94358078954904 94358099816448 140726706776833 140726706776903 140726706776903 140726706778087 0
/proc/16/statm: 55709 18173 5273 799 0 22416 0
[pid=21] ppid=16 vsize=182012 memory=143048 CPUtime=278 cores=78-91,190-203
/proc/21/stat : 21 (NuSMVa_linux64) R 16 16 0 0 -1 4194304 31283 0 73 0 27794 6 0 0 20 0 1 0 522987852 186380288 35762 67087892480 4194304 7931321 140731314706224 0 0 0 0 0 512 0 0 0 17 87 0 0 5 0 0 10030016 10037704 30715904 140731314706984 140731314707122 140731314707122 140731314708390 0
/proc/21/statm: 45503 35762 1748 913 0 34305 0
Current children cumulated CPU time: 280.12 s
Current children cumulated vsize: 404848 KiB
Current children cumulated memory: 215740 KiB

[startup+342.3 s]
/proc/loadavg: 54.04 54.27 54.33 55/2999 21
/proc/meminfo: memFree=478896000/527542224 swapFree=30769424/33554428
[pid=16] ppid=13 vsize=222836 memory=72692 CPUtime=2.12 cores=78-91,190-203
/proc/16/stat : 16 (python3) S 13 16 0 0 -1 4194304 13684 2657 298 4 69 26 117 0 20 0 1 0 522987560 228184064 18173 67087892480 94358073036800 94358076307501 140726706770592 0 0 0 0 16781312 2 1 0 0 17 85 0 0 51 0 0 94358078670864 94358078954904 94358099816448 140726706776833 140726706776903 140726706776903 140726706778087 0
/proc/16/statm: 55709 18173 5273 799 0 22416 0
[pid=21] ppid=16 vsize=182012 memory=143048 CPUtime=337.72 cores=78-91,190-203
/proc/21/stat : 21 (NuSMVa_linux64) R 16 16 0 0 -1 4194304 31283 0 73 0 33766 6 0 0 20 0 1 0 522987852 186380288 35762 67087892480 4194304 7931321 140731314706224 0 0 0 0 0 512 0 0 0 17 87 0 0 5 0 0 10030016 10037704 30715904 140731314706984 140731314707122 140731314707122 140731314708390 0
/proc/21/statm: 45503 35762 1748 913 0 34305 0
Current children cumulated CPU time: 339.84 s
Current children cumulated vsize: 404848 KiB
Current children cumulated memory: 215740 KiB

[startup+402.3 s]
/proc/loadavg: 54.01 54.22 54.30 55/2998 21
/proc/meminfo: memFree=478895772/527542224 swapFree=30769424/33554428
[pid=16] ppid=13 vsize=222836 memory=72692 CPUtime=2.12 cores=78-91,190-203
/proc/16/stat : 16 (python3) S 13 16 0 0 -1 4194304 13684 2657 298 4 69 26 117 0 20 0 1 0 522987560 228184064 18173 67087892480 94358073036800 94358076307501 140726706770592 0 0 0 0 16781312 2 1 0 0 17 85 0 0 51 0 0 94358078670864 94358078954904 94358099816448 140726706776833 140726706776903 140726706776903 140726706778087 0
/proc/16/statm: 55709 18173 5273 799 0 22416 0
[pid=21] ppid=16 vsize=182012 memory=143048 CPUtime=397.43 cores=78-91,190-203
/proc/21/stat : 21 (NuSMVa_linux64) R 16 16 0 0 -1 4194304 31283 0 73 0 39737 6 0 0 20 0 1 0 522987852 186380288 35762 67087892480 4194304 7931321 140731314706224 0 0 0 0 0 512 0 0 0 17 199 0 0 5 0 0 10030016 10037704 30715904 140731314706984 140731314707122 140731314707122 140731314708390 0
/proc/21/statm: 45503 35762 1748 913 0 34305 0
Current children cumulated CPU time: 399.55 s
Current children cumulated vsize: 404848 KiB
Current children cumulated memory: 215740 KiB

[startup+462.3 s]
/proc/loadavg: 54.00 54.18 54.28 55/3002 21
/proc/meminfo: memFree=483597024/527542224 swapFree=30769424/33554428
[pid=16] ppid=13 vsize=222836 memory=72692 CPUtime=2.12 cores=78-91,190-203
/proc/16/stat : 16 (python3) S 13 16 0 0 -1 4194304 13684 2657 298 4 69 26 117 0 20 0 1 0 522987560 228184064 18173 67087892480 94358073036800 94358076307501 140726706770592 0 0 0 0 16781312 2 1 0 0 17 85 0 0 51 0 0 94358078670864 94358078954904 94358099816448 140726706776833 140726706776903 140726706776903 140726706778087 0
/proc/16/statm: 55709 18173 5273 799 0 22416 0
[pid=21] ppid=16 vsize=182012 memory=143048 CPUtime=457.16 cores=78-91,190-203
/proc/21/stat : 21 (NuSMVa_linux64) R 16 16 0 0 -1 4194304 31297 0 73 0 45710 6 0 0 20 0 1 0 522987852 186380288 35762 67087892480 4194304 7931321 140731314706224 0 0 0 0 0 512 0 0 0 17 199 0 0 5 0 0 10030016 10037704 30715904 140731314706984 140731314707122 140731314707122 140731314708390 0
/proc/21/statm: 45503 35762 1748 913 0 34305 0
Current children cumulated CPU time: 459.28 s
Current children cumulated vsize: 404848 KiB
Current children cumulated memory: 215740 KiB

[startup+522.3 s]
/proc/loadavg: 54.00 54.14 54.26 55/3000 21
/proc/meminfo: memFree=482634960/527542224 swapFree=30769424/33554428
[pid=16] ppid=13 vsize=222836 memory=73984 CPUtime=2.12 cores=78-91,190-203
/proc/16/stat : 16 (python3) S 13 16 0 0 -1 4194304 13684 2657 298 4 69 26 117 0 20 0 1 0 522987560 228184064 18496 67087892480 94358073036800 94358076307501 140726706770592 0 0 0 0 16781312 2 1 0 0 17 85 0 0 51 0 0 94358078670864 94358078954904 94358099816448 140726706776833 140726706776903 140726706776903 140726706778087 0
/proc/16/statm: 55709 18496 5273 799 0 22416 0
[pid=21] ppid=16 vsize=182012 memory=143048 CPUtime=516.89 cores=78-91,190-203
/proc/21/stat : 21 (NuSMVa_linux64) R 16 16 0 0 -1 4194304 31313 0 73 0 51683 6 0 0 20 0 1 0 522987852 186380288 35762 67087892480 4194304 7931321 140731314706224 0 0 0 0 0 512 0 0 0 17 199 0 0 5 0 0 10030016 10037704 30715904 140731314706984 140731314707122 140731314707122 140731314708390 0
/proc/21/statm: 45503 35762 1748 913 0 34305 0
Current children cumulated CPU time: 519.01 s
Current children cumulated vsize: 404848 KiB
Current children cumulated memory: 217032 KiB

[startup+582.3 s]
/proc/loadavg: 54.05 54.13 54.25 55/3000 21
/proc/meminfo: memFree=481596276/527542224 swapFree=30769424/33554428
[pid=16] ppid=13 vsize=222836 memory=73984 CPUtime=2.12 cores=78-91,190-203
/proc/16/stat : 16 (python3) S 13 16 0 0 -1 4194304 13684 2657 298 4 69 26 117 0 20 0 1 0 522987560 228184064 18496 67087892480 94358073036800 94358076307501 140726706770592 0 0 0 0 16781312 2 1 0 0 17 85 0 0 51 0 0 94358078670864 94358078954904 94358099816448 140726706776833 140726706776903 140726706776903 140726706778087 0
/proc/16/statm: 55709 18496 5273 799 0 22416 0
[pid=21] ppid=16 vsize=182012 memory=143108 CPUtime=576.59 cores=78-91,190-203
/proc/21/stat : 21 (NuSMVa_linux64) R 16 16 0 0 -1 4194304 31421 0 73 0 57653 6 0 0 20 0 1 0 522987852 186380288 35777 67087892480 4194304 7931321 140731314706224 0 0 0 0 0 512 0 0 0 17 199 0 0 5 0 0 10030016 10037704 30715904 140731314706984 140731314707122 140731314707122 140731314708390 0
/proc/21/statm: 45503 35777 1748 913 0 34305 0
Current children cumulated CPU time: 578.71 s
Current children cumulated vsize: 404848 KiB
Current children cumulated memory: 217092 KiB

[startup+642.3 s]
/proc/loadavg: 56.48 54.73 54.44 63/3030 21
/proc/meminfo: memFree=480903640/527542224 swapFree=30769424/33554428
[pid=16] ppid=13 vsize=222836 memory=73984 CPUtime=2.12 cores=78-91,190-203
/proc/16/stat : 16 (python3) S 13 16 0 0 -1 4194304 13684 2657 298 4 69 26 117 0 20 0 1 0 522987560 228184064 18496 67087892480 94358073036800 94358076307501 140726706770592 0 0 0 0 16781312 2 1 0 0 17 85 0 0 51 0 0 94358078670864 94358078954904 94358099816448 140726706776833 140726706776903 140726706776903 140726706778087 0
/proc/16/statm: 55709 18496 5273 799 0 22416 0
[pid=21] ppid=16 vsize=182012 memory=143108 CPUtime=636.33 cores=78-91,190-203
/proc/21/stat : 21 (NuSMVa_linux64) R 16 16 0 0 -1 4194304 31489 0 73 0 63627 6 0 0 20 0 1 0 522987852 186380288 35777 67087892480 4194304 7931321 140731314706224 0 0 0 0 0 512 0 0 0 17 199 0 0 5 0 0 10030016 10037704 30715904 140731314706984 140731314707122 140731314707122 140731314708390 0
/proc/21/statm: 45503 35777 1748 913 0 34305 0
Current children cumulated CPU time: 638.45 s
Current children cumulated vsize: 404848 KiB
Current children cumulated memory: 217092 KiB

[startup+702.3 s]
/proc/loadavg: 55.24 54.72 54.46 55/3001 21
/proc/meminfo: memFree=480018404/527542224 swapFree=30769424/33554428
[pid=16] ppid=13 vsize=222836 memory=73984 CPUtime=2.12 cores=78-91,190-203
/proc/16/stat : 16 (python3) S 13 16 0 0 -1 4194304 13684 2657 298 4 69 26 117 0 20 0 1 0 522987560 228184064 18496 67087892480 94358073036800 94358076307501 140726706770592 0 0 0 0 16781312 2 1 0 0 17 85 0 0 51 0 0 94358078670864 94358078954904 94358099816448 140726706776833 140726706776903 140726706776903 140726706778087 0
/proc/16/statm: 55709 18496 5273 799 0 22416 0
[pid=21] ppid=16 vsize=182012 memory=143108 CPUtime=696.09 cores=78-91,190-203
/proc/21/stat : 21 (NuSMVa_linux64) R 16 16 0 0 -1 4194304 31553 0 73 0 69603 6 0 0 20 0 1 0 522987852 186380288 35777 67087892480 4194304 7931321 140731314706224 0 0 0 0 0 512 0 0 0 17 199 0 0 5 0 0 10030016 10037704 30715904 140731314706984 140731314707122 140731314707122 140731314708390 0
/proc/21/statm: 45503 35777 1748 913 0 34305 0
Current children cumulated CPU time: 698.21 s
Current children cumulated vsize: 404848 KiB
Current children cumulated memory: 217092 KiB

[startup+762.301 s]
/proc/loadavg: 54.45 54.59 54.43 55/2999 21
/proc/meminfo: memFree=479566304/527542224 swapFree=30769424/33554428
[pid=16] ppid=13 vsize=222836 memory=73984 CPUtime=2.12 cores=78-91,190-203
/proc/16/stat : 16 (python3) S 13 16 0 0 -1 4194304 13684 2657 298 4 69 26 117 0 20 0 1 0 522987560 228184064 18496 67087892480 94358073036800 94358076307501 140726706770592 0 0 0 0 16781312 2 1 0 0 17 85 0 0 51 0 0 94358078670864 94358078954904 94358099816448 140726706776833 140726706776903 140726706776903 140726706778087 0
/proc/16/statm: 55709 18496 5273 799 0 22416 0
[pid=21] ppid=16 vsize=182012 memory=143108 CPUtime=755.85 cores=78-91,190-203
/proc/21/stat : 21 (NuSMVa_linux64) R 16 16 0 0 -1 4194304 31617 0 73 0 75579 6 0 0 20 0 1 0 522987852 186380288 35777 67087892480 4194304 7931321 140731314706224 0 0 0 0 0 512 0 0 0 17 199 0 0 5 0 0 10030016 10037704 30715904 140731314706984 140731314707122 140731314707122 140731314708390 0
/proc/21/statm: 45503 35777 1748 913 0 34305 0
Current children cumulated CPU time: 757.97 s
Current children cumulated vsize: 404848 KiB
Current children cumulated memory: 217092 KiB

[startup+822.3 s]
/proc/loadavg: 54.16 54.48 54.40 55/3000 21
/proc/meminfo: memFree=479564696/527542224 swapFree=30769424/33554428
[pid=16] ppid=13 vsize=222836 memory=73984 CPUtime=2.12 cores=78-91,190-203
/proc/16/stat : 16 (python3) S 13 16 0 0 -1 4194304 13684 2657 298 4 69 26 117 0 20 0 1 0 522987560 228184064 18496 67087892480 94358073036800 94358076307501 140726706770592 0 0 0 0 16781312 2 1 0 0 17 85 0 0 51 0 0 94358078670864 94358078954904 94358099816448 140726706776833 140726706776903 140726706776903 140726706778087 0
/proc/16/statm: 55709 18496 5273 799 0 22416 0
[pid=21] ppid=16 vsize=182012 memory=143108 CPUtime=815.62 cores=78-91,190-203
/proc/21/stat : 21 (NuSMVa_linux64) R 16 16 0 0 -1 4194304 31681 0 73 0 81555 7 0 0 20 0 1 0 522987852 186380288 35777 67087892480 4194304 7931321 140731314706224 0 0 0 0 0 512 0 0 0 17 199 0 0 5 0 0 10030016 10037704 30715904 140731314706984 140731314707122 140731314707122 140731314708390 0
/proc/21/statm: 45503 35777 1748 913 0 34305 0
Current children cumulated CPU time: 817.74 s
Current children cumulated vsize: 404848 KiB
Current children cumulated memory: 217092 KiB

[startup+874.808 s]
# the end of solver process 16 was just reported to runsolver
# cumulated CPU time of all completed processes:  user=869.172 s, system=0.378216 s

Solver just ended.
??? end of watcher thread
Dumping a history of the last processes samples

[startup+844.8 s]
/proc/loadavg: 54.12 54.45 54.39 55/3000 21
/proc/meminfo: memFree=479565724/527542224 swapFree=30769424/33554428
[pid=16] ppid=13 vsize=222836 memory=73984 CPUtime=2.12 cores=78-91,190-203
/proc/16/stat : 16 (python3) S 13 16 0 0 -1 4194304 13684 2657 298 4 69 26 117 0 20 0 1 0 522987560 228184064 18496 67087892480 94358073036800 94358076307501 140726706770592 0 0 0 0 16781312 2 1 0 0 17 85 0 0 51 0 0 94358078670864 94358078954904 94358099816448 140726706776833 140726706776903 140726706776903 140726706778087 0
/proc/16/statm: 55709 18496 5273 799 0 22416 0
[pid=21] ppid=16 vsize=182012 memory=143108 CPUtime=838.03 cores=78-91,190-203
/proc/21/stat : 21 (NuSMVa_linux64) R 16 16 0 0 -1 4194304 31681 0 73 0 83796 7 0 0 20 0 1 0 522987852 186380288 35777 67087892480 4194304 7931321 140731314706224 0 0 0 0 0 512 0 0 0 17 199 0 0 5 0 0 10030016 10037704 30715904 140731314706984 140731314707122 140731314707122 140731314708390 0
/proc/21/statm: 45503 35777 1748 913 0 34305 0
Current children cumulated CPU time: 840.15 s
Current children cumulated vsize: 404848 KiB
Current children cumulated memory: 217092 KiB

[startup+857.6 s]
/proc/loadavg: 54.09 54.42 54.38 55/3000 21
/proc/meminfo: memFree=479566640/527542224 swapFree=30769424/33554428
[pid=16] ppid=13 vsize=222836 memory=73984 CPUtime=2.12 cores=78-91,190-203
/proc/16/stat : 16 (python3) S 13 16 0 0 -1 4194304 13684 2657 298 4 69 26 117 0 20 0 1 0 522987560 228184064 18496 67087892480 94358073036800 94358076307501 140726706770592 0 0 0 0 16781312 2 1 0 0 17 85 0 0 51 0 0 94358078670864 94358078954904 94358099816448 140726706776833 140726706776903 140726706776903 140726706778087 0
/proc/16/statm: 55709 18496 5273 799 0 22416 0
[pid=21] ppid=16 vsize=182012 memory=143108 CPUtime=850.78 cores=78-91,190-203
/proc/21/stat : 21 (NuSMVa_linux64) R 16 16 0 0 -1 4194304 31681 0 73 0 85071 7 0 0 20 0 1 0 522987852 186380288 35777 67087892480 4194304 7931321 140731314706224 0 0 0 0 0 512 0 0 0 17 199 0 0 5 0 0 10030016 10037704 30715904 140731314706984 140731314707122 140731314707122 140731314708390 0
/proc/21/statm: 45503 35777 1748 913 0 34305 0
Current children cumulated CPU time: 852.9 s
Current children cumulated vsize: 404848 KiB
Current children cumulated memory: 217092 KiB

[startup+864 s]*
/proc/loadavg: 54.08 54.42 54.38 55/3000 21
/proc/meminfo: memFree=479566892/527542224 swapFree=30769424/33554428
[pid=16] ppid=13 vsize=222836 memory=73984 CPUtime=2.12 cores=78-91,190-203
/proc/16/stat : 16 (python3) S 13 16 0 0 -1 4194304 13684 2657 298 4 69 26 117 0 20 0 1 0 522987560 228184064 18496 67087892480 94358073036800 94358076307501 140726706770592 0 0 0 0 16781312 2 1 0 0 17 85 0 0 51 0 0 94358078670864 94358078954904 94358099816448 140726706776833 140726706776903 140726706776903 140726706778087 0
/proc/16/statm: 55709 18496 5273 799 0 22416 0
[pid=21] ppid=16 vsize=182012 memory=143108 CPUtime=857.15 cores=78-91,190-203
/proc/21/stat : 21 (NuSMVa_linux64) R 16 16 0 0 -1 4194304 31681 0 73 0 85708 7 0 0 20 0 1 0 522987852 186380288 35777 67087892480 4194304 7931321 140731314706224 0 0 0 0 0 512 0 0 0 17 199 0 0 5 0 0 10030016 10037704 30715904 140731314706984 140731314707122 140731314707122 140731314708390 0
/proc/21/statm: 45503 35777 1748 913 0 34305 0
Current children cumulated CPU time: 859.27 s
Current children cumulated vsize: 404848 KiB
Current children cumulated memory: 217092 KiB

[startup+870.4 s]
/proc/loadavg: 54.08 54.41 54.38 55/3000 21
/proc/meminfo: memFree=479567644/527542224 swapFree=30769424/33554428
[pid=16] ppid=13 vsize=222836 memory=73984 CPUtime=2.12 cores=78-91,190-203
/proc/16/stat : 16 (python3) S 13 16 0 0 -1 4194304 13684 2657 298 4 69 26 117 0 20 0 1 0 522987560 228184064 18496 67087892480 94358073036800 94358076307501 140726706770592 0 0 0 0 16781312 2 1 0 0 17 85 0 0 51 0 0 94358078670864 94358078954904 94358099816448 140726706776833 140726706776903 140726706776903 140726706778087 0
/proc/16/statm: 55709 18496 5273 799 0 22416 0
[pid=21] ppid=16 vsize=182012 memory=143108 CPUtime=863.53 cores=78-91,190-203
/proc/21/stat : 21 (NuSMVa_linux64) R 16 16 0 0 -1 4194304 31681 0 73 0 86346 7 0 0 20 0 1 0 522987852 186380288 35777 67087892480 4194304 7931321 140731314706224 0 0 0 0 0 512 0 0 0 17 199 0 0 5 0 0 10030016 10037704 30715904 140731314706984 140731314707122 140731314707122 140731314708390 0
/proc/21/statm: 45503 35777 1748 913 0 34305 0
Current children cumulated CPU time: 865.65 s
Current children cumulated vsize: 404848 KiB
Current children cumulated memory: 217092 KiB

[startup+872 s]*
/proc/loadavg: 54.07 54.40 54.37 55/3000 21
/proc/meminfo: memFree=479567800/527542224 swapFree=30769424/33554428
[pid=16] ppid=13 vsize=222836 memory=73984 CPUtime=2.12 cores=78-91,190-203
/proc/16/stat : 16 (python3) S 13 16 0 0 -1 4194304 13684 2657 298 4 69 26 117 0 20 0 1 0 522987560 228184064 18496 67087892480 94358073036800 94358076307501 140726706770592 0 0 0 0 16781312 2 1 0 0 17 85 0 0 51 0 0 94358078670864 94358078954904 94358099816448 140726706776833 140726706776903 140726706776903 140726706778087 0
/proc/16/statm: 55709 18496 5273 799 0 22416 0
[pid=21] ppid=16 vsize=182012 memory=143108 CPUtime=865.12 cores=78-91,190-203
/proc/21/stat : 21 (NuSMVa_linux64) R 16 16 0 0 -1 4194304 31681 0 73 0 86505 7 0 0 20 0 1 0 522987852 186380288 35777 67087892480 4194304 7931321 140731314706224 0 0 0 0 0 512 0 0 0 17 199 0 0 5 0 0 10030016 10037704 30715904 140731314706984 140731314707122 140731314707122 140731314708390 0
/proc/21/statm: 45503 35777 1748 913 0 34305 0
Current children cumulated CPU time: 867.24 s
Current children cumulated vsize: 404848 KiB
Current children cumulated memory: 217092 KiB

[startup+873.6 s]
/proc/loadavg: 54.07 54.40 54.37 55/3000 21
/proc/meminfo: memFree=479568036/527542224 swapFree=30769424/33554428
[pid=16] ppid=13 vsize=222836 memory=73984 CPUtime=2.12 cores=78-91,190-203
/proc/16/stat : 16 (python3) S 13 16 0 0 -1 4194304 13684 2657 298 4 69 26 117 0 20 0 1 0 522987560 228184064 18496 67087892480 94358073036800 94358076307501 140726706770592 0 0 0 0 16781312 2 1 0 0 17 85 0 0 51 0 0 94358078670864 94358078954904 94358099816448 140726706776833 140726706776903 140726706776903 140726706778087 0
/proc/16/statm: 55709 18496 5273 799 0 22416 0
[pid=21] ppid=16 vsize=182012 memory=143108 CPUtime=866.71 cores=78-91,190-203
/proc/21/stat : 21 (NuSMVa_linux64) R 16 16 0 0 -1 4194304 31681 0 73 0 86664 7 0 0 20 0 1 0 522987852 186380288 35777 67087892480 4194304 7931321 140731314706224 0 0 0 0 0 512 0 0 0 17 199 0 0 5 0 0 10030016 10037704 30715904 140731314706984 140731314707122 140731314707122 140731314708390 0
/proc/21/statm: 45503 35777 1748 913 0 34305 0
Current children cumulated CPU time: 868.83 s
Current children cumulated vsize: 404848 KiB
Current children cumulated memory: 217092 KiB

[startup+874.4 s]
/proc/loadavg: 54.07 54.40 54.37 55/3000 21
/proc/meminfo: memFree=479568004/527542224 swapFree=30769424/33554428
[pid=16] ppid=13 vsize=222836 memory=73984 CPUtime=2.12 cores=78-91,190-203
/proc/16/stat : 16 (python3) S 13 16 0 0 -1 4194304 13684 2657 298 4 69 26 117 0 20 0 1 0 522987560 228184064 18496 67087892480 94358073036800 94358076307501 140726706770592 0 0 0 0 16781312 2 1 0 0 17 85 0 0 51 0 0 94358078670864 94358078954904 94358099816448 140726706776833 140726706776903 140726706776903 140726706778087 0
/proc/16/statm: 55709 18496 5273 799 0 22416 0
[pid=21] ppid=16 vsize=133072 memory=95660 CPUtime=867.28 cores=78-91,190-203
/proc/21/stat : 21 (NuSMVa_linux64) D 16 16 0 0 -1 4194304 31690 0 73 0 86721 7 0 0 20 0 1 0 522987852 136265728 23915 67087892480 4194304 7931321 140731314706224 0 0 0 0 0 512 0 0 0 17 199 0 0 5 0 0 10030016 10037704 30715904 140731314706984 140731314707122 140731314707122 140731314708390 0
/proc/21/statm: 33268 23915 1833 913 0 22070 0
Current children cumulated CPU time: 869.4 s
Current children cumulated vsize: 355908 KiB
Current children cumulated memory: 169644 KiB

[startup+874.8 s]
/proc/loadavg: 54.07 54.40 54.37 55/3000 21
/proc/meminfo: memFree=479568004/527542224 swapFree=30769424/33554428
[pid=16] ppid=13 vsize=188784 memory=73512 CPUtime=869.54 cores=78-91,190-203
/proc/16/stat : 16 (python3) D 13 16 0 0 -1 4194304 18279 34354 306 78 78 29 86839 8 20 0 1 0 522987560 193314816 18378 67087892480 94358073036800 94358076307501 140726706770592 0 0 0 0 16781312 0 0 0 0 17 85 0 0 65 0 0 94358078670864 94358078954904 94358099816448 140726706776833 140726706776903 140726706776903 140726706778087 0
/proc/16/statm: 47196 18378 5408 799 0 13903 0
Current children cumulated CPU time: 869.54 s
Current children cumulated vsize: 188784 KiB
Current children cumulated memory: 73512 KiB

Child status: 0
Real time (s): 874.809
CPU time (s): 869.55
CPU user time (s): 869.172
CPU system time (s): 0.378216
CPU usage (%): 99.3989
Max. virtual memory (cumulated for all children) (KiB): 404848
Max. memory (cumulated for all children) (KiB): 217092

getrusage(RUSAGE_CHILDREN,...) data:
user time used= 869.172
system time used= 0.378216
maximum resident set size= 143444
integral shared memory size= 0
integral unshared data size= 0
integral unshared stack size= 0
page reclaims= 52637
page faults= 385
swaps= 0
block input operations= 106144
block output operations= 8
messages sent= 0
messages received= 0
signals received= 0
voluntary context switches= 10372
involuntary context switches= 1247


# summary of solver processes directly reported to runsolver:
#   pid: 16
#   total CPU time (s): 869.55
#   total CPU user time (s): 869.172
#   total CPU system time (s): 0.378216

??? join timestamper begins
??? join timestamper ends
??? end of timestamper thread
runsolver used 0.891496 second user time and 1.8305 second system time

The end
