# WCTIME: wall clock time in seconds
WCTIME=1.9813
# CPUTIME: CPU time in seconds (USERTIME+SYSTEMTIME)
CPUTIME=0.93445
# USERTIME: CPU time spent in user mode in seconds
USERTIME=0.795079
# SYSTEMTIME: CPU time spent in system mode in seconds
SYSTEMTIME=0.139371
# CPUUSAGE: CPUTIME/WCTIME in percent
CPUUSAGE=47.1635
# MAXVM: maximum virtual memory used in KiB
MAXVM=224936
# MAXMM: maximum memory used in KiB
MAXMM=70940
# MAXRSS: maximum Resident Segment Size in KiB
MAXRSS=70940
# TIMEOUT: did the solver exceed the time limit?
TIMEOUT=false
# MEMOUT: did the solver exceed the memory limit?
MEMOUT=false
# EXITSTATUS: Exit status of the solver
EXITSTATUS=0
