# WCTIME: wall clock time in seconds
WCTIME=1800.02
# CPUTIME: CPU time in seconds (USERTIME+SYSTEMTIME)
CPUTIME=1792.06
# USERTIME: CPU time spent in user mode in seconds
USERTIME=1791.52
# SYSTEMTIME: CPU time spent in system mode in seconds
SYSTEMTIME=0.534526
# CPUUSAGE: CPUTIME/WCTIME in percent
CPUUSAGE=99.5573
# MAXVM: maximum virtual memory used in KiB
MAXVM=710388
# MAXMM: maximum memory used in KiB
MAXMM=520764
# MAXRSS: maximum Resident Segment Size in KiB
MAXRSS=448692
# TIMEOUT: did the solver exceed the time limit?
TIMEOUT=true
# MEMOUT: did the solver exceed the memory limit?
MEMOUT=false
# EXITSTATUS: Exit status of the solver
EXITSTATUS=15
