runsolver version 3.4.1 (svn: 3018) Copyright (C) 2010-2013 Olivier ROUSSEL

This program is distributed in the hope that it will be useful,
but WITHOUT ANY WARRANTY; without even the implied warranty of
MERCHANTABILITY or FITNESS FOR A PARTICULAR PURPOSE.  See the
GNU General Public License for more details.

NUMA information:
  number of nodes: 8
  memory of node 0: 63700 MiB (61321 MiB free)
  memory of node 1: 64504 MiB (63344 MiB free)
  memory of node 2: 64504 MiB (61031 MiB free)
  memory of node 3: 64504 MiB (63723 MiB free)
  memory of node 4: 64504 MiB (62981 MiB free)
  memory of node 5: 64461 MiB (63345 MiB free)
  memory of node 6: 64504 MiB (63587 MiB free)
  memory of node 7: 64491 MiB (37205 MiB free)
  node distances:
     10  12  12  12  21  21  21  21
     12  10  12  12  21  21  21  21
     12  12  10  12  21  21  21  21
     12  12  12  10  21  21  21  21
     21  21  21  21  10  12  12  12
     21  21  21  21  12  10  12  12
     21  21  21  21  12  12  10  12
     21  21  21  21  12  12  12  10

command line: /usr/local/bin/runsolver --timestamp -w /output/runsolver-watch.log -v /output/runsolver-values.log -o /output/solver-output.log -C 1800.0 -W 1800.0 -R 64000 /opt/solver/run_bn4rust.py --mode cyber-complement-gfp-plus-dependency-order --instance /input/model_199.bnet 

running on 6 cores: 65-67,72-74

Enforcing CPUTime limit (soft limit, will send SIGTERM then SIGKILL): 1800 seconds
Enforcing CPUTime limit (hard limit, will send SIGXCPU): 1830 seconds
Enforcing wall clock limit (soft limit, will send SIGTERM then SIGKILL): 1800 seconds
Enforcing RSS+Swap limit (soft limit, will send SIGTERM then SIGKILL): 65536000 KiB
Linux 4.18.0-553.159.1.el8_10.x86_64
Current StackSize limit: 18014398509481983 KiB

solver pid=16, runsolver pid=13

[startup+0.100157 s]*
/proc/loadavg: 42.18 44.29 45.67 44/2989 17
/proc/meminfo: memFree=487952264/527542200 swapFree=33551356/33554428
[pid=16] ppid=13 vsize=15800 memory=10112 CPUtime=0.02 cores=56-59,65-74,168-171,177-186
/proc/16/stat : 16 (python3) R 13 16 0 0 -1 4194304 1386 0 84 0 1 1 0 0 20 0 1 0 53430957 16179200 2528 67087892480 4194304 7154137 140731869466960 0 0 0 0 16781312 2 0 0 0 17 180 0 0 6 0 0 9727432 11029816 15986688 140731869469495 140731869469613 140731869469613 140731869470695 0
/proc/16/statm: 3950 2528 1394 723 0 1674 0
Current children cumulated CPU time: 0.02 s
Current children cumulated vsize: 15800 KiB
Current children cumulated memory: 10112 KiB

[startup+0.200601 s]*
/proc/loadavg: 42.18 44.29 45.67 45/2991 18
/proc/meminfo: memFree=487934536/527542200 swapFree=33551356/33554428
[pid=16] ppid=13 vsize=17684 memory=12420 CPUtime=0.03 cores=56-59,65-74,168-171,177-186
/proc/16/stat : 16 (python3) S 13 16 0 0 -1 4194304 1894 0 96 0 2 1 0 0 20 0 1 0 53430957 18108416 3105 67087892480 4194304 7154137 140731869466960 0 0 0 0 16781312 2 1 0 0 17 180 0 0 8 0 0 9727432 11029816 15986688 140731869469495 140731869469613 140731869469613 140731869470695 0
/proc/16/statm: 4421 3105 1512 723 0 2063 0
[pid=18] ppid=16 vsize=8188 memory=5140 CPUtime=0.04 cores=56-59,65-74,168-171,177-186
/proc/18/stat : 18 (bn4rust) R 16 16 0 0 -1 4194304 409 0 18 0 4 0 0 0 20 0 1 0 53430970 8384512 1285 67087892480 94450760777728 94450762644849 140727365717536 0 0 0 0 4096 1088 0 0 0 17 171 0 0 1 0 0 94450762902912 94450762949848 94450770731008 140727365724922 140727365725078 140727365725078 140727365726177 0
/proc/18/statm: 2047 1285 1102 456 0 208 0
Current children cumulated CPU time: 0.07 s
Current children cumulated vsize: 25872 KiB
Current children cumulated memory: 17560 KiB

[startup+0.300672 s]*
/proc/loadavg: 42.18 44.29 45.67 45/2991 18
/proc/meminfo: memFree=487922696/527542200 swapFree=33551356/33554428
[pid=16] ppid=13 vsize=17684 memory=12420 CPUtime=0.03 cores=56-59,65-74,168-171,177-186
/proc/16/stat : 16 (python3) S 13 16 0 0 -1 4194304 1894 0 96 0 2 1 0 0 20 0 1 0 53430957 18108416 3105 67087892480 4194304 7154137 140731869466960 0 0 0 0 16781312 2 1 0 0 17 180 0 0 8 0 0 9727432 11029816 15986688 140731869469495 140731869469613 140731869469613 140731869470695 0
/proc/16/statm: 4421 3105 1512 723 0 2063 0
[pid=18] ppid=16 vsize=8852 memory=5276 CPUtime=0.14 cores=56-59,65-74,168-171,177-186
/proc/18/stat : 18 (bn4rust) R 16 16 0 0 -1 4194304 1793 0 18 0 14 0 0 0 20 0 1 0 53430970 9064448 1319 67087892480 94450760777728 94450762644849 140727365717536 0 0 0 0 4096 1088 0 0 0 17 171 0 0 1 0 0 94450762902912 94450762949848 94450770731008 140727365724922 140727365725078 140727365725078 140727365726177 0
/proc/18/statm: 2213 1319 1102 456 0 374 0
Current children cumulated CPU time: 0.17 s
Current children cumulated vsize: 26536 KiB
Current children cumulated memory: 17696 KiB

[startup+0.700241 s]
/proc/loadavg: 42.18 44.29 45.67 46/2995 18
/proc/meminfo: memFree=487916632/527542200 swapFree=33551356/33554428
[pid=16] ppid=13 vsize=17684 memory=12420 CPUtime=0.03 cores=56-59,65-74,168-171,177-186
/proc/16/stat : 16 (python3) S 13 16 0 0 -1 4194304 1894 0 96 0 2 1 0 0 20 0 1 0 53430957 18108416 3105 67087892480 4194304 7154137 140731869466960 0 0 0 0 16781312 2 1 0 0 17 180 0 0 8 0 0 9727432 11029816 15986688 140731869469495 140731869469613 140731869469613 140731869470695 0
/proc/16/statm: 4421 3105 1512 723 0 2063 0
[pid=18] ppid=16 vsize=10980 memory=7368 CPUtime=0.53 cores=56-59,65-74,168-171,177-186
/proc/18/stat : 18 (bn4rust) R 16 16 0 0 -1 4194304 11620 0 18 0 52 1 0 0 20 0 1 0 53430970 11243520 1842 67087892480 94450760777728 94450762644849 140727365717536 0 0 0 0 4096 1088 0 0 0 17 171 0 0 1 0 0 94450762902912 94450762949848 94450770731008 140727365724922 140727365725078 140727365725078 140727365726177 0
/proc/18/statm: 2745 1842 1102 456 0 906 0
Current children cumulated CPU time: 0.56 s
Current children cumulated vsize: 28664 KiB
Current children cumulated memory: 19788 KiB

[startup+1.50023 s]
/proc/loadavg: 42.18 44.29 45.67 46/3017 18
/proc/meminfo: memFree=487846648/527542200 swapFree=33551356/33554428
[pid=16] ppid=13 vsize=17684 memory=12420 CPUtime=0.03 cores=56-59,65-74,168-171,177-186
/proc/16/stat : 16 (python3) S 13 16 0 0 -1 4194304 1894 0 96 0 2 1 0 0 20 0 1 0 53430957 18108416 3105 67087892480 4194304 7154137 140731869466960 0 0 0 0 16781312 2 1 0 0 17 180 0 0 8 0 0 9727432 11029816 15986688 140731869469495 140731869469613 140731869469613 140731869470695 0
/proc/16/statm: 4421 3105 1512 723 0 2063 0
[pid=18] ppid=16 vsize=11196 memory=7700 CPUtime=1.33 cores=56-59,65-74,168-171,177-186
/proc/18/stat : 18 (bn4rust) R 16 16 0 0 -1 4194304 25414 0 18 0 129 4 0 0 20 0 1 0 53430970 11464704 1925 67087892480 94450760777728 94450762644849 140727365717536 0 0 0 0 4096 1088 0 0 0 17 171 0 0 1 0 0 94450762902912 94450762949848 94450770731008 140727365724922 140727365725078 140727365725078 140727365726177 0
/proc/18/statm: 2799 1925 1102 456 0 960 0
Current children cumulated CPU time: 1.36 s
Current children cumulated vsize: 28880 KiB
Current children cumulated memory: 20120 KiB

[startup+3.10048 s]
/proc/loadavg: 42.41 44.30 45.67 45/3009 18
/proc/meminfo: memFree=487847980/527542200 swapFree=33551356/33554428
[pid=16] ppid=13 vsize=17684 memory=12420 CPUtime=0.03 cores=56-59,65-74,168-171,177-186
/proc/16/stat : 16 (python3) S 13 16 0 0 -1 4194304 1894 0 96 0 2 1 0 0 20 0 1 0 53430957 18108416 3105 67087892480 4194304 7154137 140731869466960 0 0 0 0 16781312 2 1 0 0 17 180 0 0 8 0 0 9727432 11029816 15986688 140731869469495 140731869469613 140731869469613 140731869470695 0
/proc/16/statm: 4421 3105 1512 723 0 2063 0
[pid=18] ppid=16 vsize=13276 memory=9888 CPUtime=2.93 cores=56-59,65-74,168-171,177-186
/proc/18/stat : 18 (bn4rust) R 16 16 0 0 -1 4194304 46357 0 18 0 286 7 0 0 20 0 1 0 53430970 13594624 2472 67087892480 94450760777728 94450762644849 140727365717536 0 0 0 0 4096 1088 0 0 0 17 171 0 0 1 0 0 94450762902912 94450762949848 94450770731008 140727365724922 140727365725078 140727365725078 140727365726177 0
/proc/18/statm: 3319 2472 1102 456 0 1480 0
Current children cumulated CPU time: 2.96 s
Current children cumulated vsize: 30960 KiB
Current children cumulated memory: 22308 KiB

[startup+6.30024 s]
/proc/loadavg: 42.41 44.30 45.67 56/3009 18
/proc/meminfo: memFree=487923616/527542200 swapFree=33551356/33554428
[pid=16] ppid=13 vsize=17684 memory=12420 CPUtime=0.03 cores=56-59,65-74,168-171,177-186
/proc/16/stat : 16 (python3) S 13 16 0 0 -1 4194304 1895 0 96 0 2 1 0 0 20 0 1 0 53430957 18108416 3105 67087892480 4194304 7154137 140731869466960 0 0 0 0 16781312 2 1 0 0 17 180 0 0 8 0 0 9727432 11029816 15986688 140731869469495 140731869469613 140731869469613 140731869470695 0
/proc/16/statm: 4421 3105 1512 723 0 2063 0
[pid=18] ppid=16 vsize=15932 memory=12732 CPUtime=6.1 cores=56-59,65-74,168-171,177-186
/proc/18/stat : 18 (bn4rust) R 16 16 0 0 -1 4194304 130263 0 18 0 592 18 0 0 20 0 1 0 53430970 16314368 3183 67087892480 94450760777728 94450762644849 140727365717536 0 0 0 0 4096 1088 0 0 0 17 171 0 0 1 0 0 94450762902912 94450762949848 94450770731008 140727365724922 140727365725078 140727365725078 140727365726177 0
/proc/18/statm: 3983 3183 1102 456 0 2144 0
Current children cumulated CPU time: 6.13 s
Current children cumulated vsize: 33616 KiB
Current children cumulated memory: 25152 KiB

[startup+12.7003 s]
/proc/loadavg: 42.61 44.31 45.67 46/3010 18
/proc/meminfo: memFree=487757908/527542200 swapFree=33551356/33554428
[pid=16] ppid=13 vsize=17684 memory=12420 CPUtime=0.03 cores=56-59,65-74,168-171,177-186
/proc/16/stat : 16 (python3) S 13 16 0 0 -1 4194304 1895 0 96 0 2 1 0 0 20 0 1 0 53430957 18108416 3105 67087892480 4194304 7154137 140731869466960 0 0 0 0 16781312 2 1 0 0 17 180 0 0 8 0 0 9727432 11029816 15986688 140731869469495 140731869469613 140731869469613 140731869470695 0
/proc/16/statm: 4421 3105 1512 723 0 2063 0
[pid=18] ppid=16 vsize=14908 memory=11488 CPUtime=12.47 cores=56-59,65-74,168-171,177-186
/proc/18/stat : 18 (bn4rust) R 16 16 0 0 -1 4194304 218998 0 18 0 1217 30 0 0 20 0 1 0 53430970 15265792 2872 67087892480 94450760777728 94450762644849 140727365717536 0 0 0 0 4096 1088 0 0 0 17 171 0 0 1 0 0 94450762902912 94450762949848 94450770731008 140727365724922 140727365725078 140727365725078 140727365726177 0
/proc/18/statm: 3727 2872 1102 456 0 1888 0
Current children cumulated CPU time: 12.5 s
Current children cumulated vsize: 32592 KiB
Current children cumulated memory: 23908 KiB

[startup+25.5002 s]
/proc/loadavg: 43.14 44.34 45.66 46/3010 18
/proc/meminfo: memFree=487333812/527542200 swapFree=33551356/33554428
[pid=16] ppid=13 vsize=17684 memory=12420 CPUtime=0.04 cores=56-59,65-74,168-171,177-186
/proc/16/stat : 16 (python3) S 13 16 0 0 -1 4194304 1897 0 96 0 2 2 0 0 20 0 1 0 53430957 18108416 3105 67087892480 4194304 7154137 140731869466960 0 0 0 0 16781312 2 1 0 0 17 180 0 0 8 0 0 9727432 11029816 15986688 140731869469495 140731869469613 140731869469613 140731869470695 0
/proc/16/statm: 4421 3105 1512 723 0 2063 0
[pid=18] ppid=16 vsize=13436 memory=10168 CPUtime=25.22 cores=56-59,65-74,168-171,177-186
/proc/18/stat : 18 (bn4rust) R 16 16 0 0 -1 4194304 334540 0 18 0 2474 48 0 0 20 0 1 0 53430970 13758464 2542 67087892480 94450760777728 94450762644849 140727365717536 0 0 0 0 4096 1088 0 0 0 17 171 0 0 1 0 0 94450762902912 94450762949848 94450770731008 140727365724922 140727365725078 140727365725078 140727365726177 0
/proc/18/statm: 3359 2542 1102 456 0 1520 0
Current children cumulated CPU time: 25.26 s
Current children cumulated vsize: 31120 KiB
Current children cumulated memory: 22588 KiB

[startup+31.0512 s]
# the end of solver process 16 was just reported to runsolver
# cumulated CPU time of all completed processes:  user=30.2909 s, system=0.517108 s

Solver just ended.
??? end of watcher thread
Dumping a history of the last processes samples

[startup+25.6004 s]
/proc/loadavg: 43.14 44.34 45.66 46/3010 18
/proc/meminfo: memFree=487333812/527542200 swapFree=33551356/33554428
[pid=16] ppid=13 vsize=17684 memory=12420 CPUtime=0.04 cores=56-59,65-74,168-171,177-186
/proc/16/stat : 16 (python3) S 13 16 0 0 -1 4194304 1897 0 96 0 2 2 0 0 20 0 1 0 53430957 18108416 3105 67087892480 4194304 7154137 140731869466960 0 0 0 0 16781312 2 1 0 0 17 180 0 0 8 0 0 9727432 11029816 15986688 140731869469495 140731869469613 140731869469613 140731869470695 0
/proc/16/statm: 4421 3105 1512 723 0 2063 0
[pid=18] ppid=16 vsize=13436 memory=10168 CPUtime=25.32 cores=56-59,65-74,168-171,177-186
/proc/18/stat : 18 (bn4rust) R 16 16 0 0 -1 4194304 334540 0 18 0 2484 48 0 0 20 0 1 0 53430970 13758464 2542 67087892480 94450760777728 94450762644849 140727365717536 0 0 0 0 4096 1088 0 0 0 17 171 0 0 1 0 0 94450762902912 94450762949848 94450770731008 140727365724922 140727365725078 140727365725078 140727365726177 0
/proc/18/statm: 3359 2542 1102 456 0 1520 0
Current children cumulated CPU time: 25.36 s
Current children cumulated vsize: 31120 KiB
Current children cumulated memory: 22588 KiB

[startup+28.8002 s]
/proc/loadavg: 43.29 44.36 45.65 46/3010 18
/proc/meminfo: memFree=487281148/527542200 swapFree=33551356/33554428
[pid=16] ppid=13 vsize=17684 memory=12420 CPUtime=0.04 cores=56-59,65-74,168-171,177-186
/proc/16/stat : 16 (python3) S 13 16 0 0 -1 4194304 1898 0 96 0 2 2 0 0 20 0 1 0 53430957 18108416 3105 67087892480 4194304 7154137 140731869466960 0 0 0 0 16781312 2 1 0 0 17 71 0 0 8 0 0 9727432 11029816 15986688 140731869469495 140731869469613 140731869469613 140731869470695 0
/proc/16/statm: 4421 3105 1512 723 0 2063 0
[pid=18] ppid=16 vsize=13436 memory=10260 CPUtime=28.51 cores=56-59,65-74,168-171,177-186
/proc/18/stat : 18 (bn4rust) R 16 16 0 0 -1 4194304 335600 0 18 0 2802 49 0 0 20 0 1 0 53430970 13758464 2565 67087892480 94450760777728 94450762644849 140727365717536 0 0 0 0 4096 1088 0 0 0 17 70 0 0 1 0 0 94450762902912 94450762949848 94450770731008 140727365724922 140727365725078 140727365725078 140727365726177 0
/proc/18/statm: 3359 2565 1102 456 0 1520 0
Current children cumulated CPU time: 28.55 s
Current children cumulated vsize: 31120 KiB
Current children cumulated memory: 22680 KiB

[startup+30.4002 s]
/proc/loadavg: 43.29 44.36 45.65 46/3010 18
/proc/meminfo: memFree=487259688/527542200 swapFree=33551356/33554428
[pid=16] ppid=13 vsize=17684 memory=12420 CPUtime=0.05 cores=56-59,65-74,168-171,177-186
/proc/16/stat : 16 (python3) S 13 16 0 0 -1 4194304 1899 0 96 0 3 2 0 0 20 0 1 0 53430957 18108416 3105 67087892480 4194304 7154137 140731869466960 0 0 0 0 16781312 2 1 0 0 17 71 0 0 8 0 0 9727432 11029816 15986688 140731869469495 140731869469613 140731869469613 140731869470695 0
/proc/16/statm: 4421 3105 1512 723 0 2063 0
[pid=18] ppid=16 vsize=13436 memory=10260 CPUtime=30.1 cores=56-59,65-74,168-171,177-186
/proc/18/stat : 18 (bn4rust) R 16 16 0 0 -1 4194304 335601 0 18 0 2961 49 0 0 20 0 1 0 53430970 13758464 2565 67087892480 94450760777728 94450762644849 140727365717536 0 0 0 0 4096 1088 0 0 0 17 70 0 0 1 0 0 94450762902912 94450762949848 94450770731008 140727365724922 140727365725078 140727365725078 140727365726177 0
/proc/18/statm: 3359 2565 1102 456 0 1520 0
Current children cumulated CPU time: 30.15 s
Current children cumulated vsize: 31120 KiB
Current children cumulated memory: 22680 KiB

[startup+30.8002 s]
/proc/loadavg: 43.29 44.36 45.65 46/3010 18
/proc/meminfo: memFree=487259688/527542200 swapFree=33551356/33554428
[pid=16] ppid=13 vsize=17684 memory=12420 CPUtime=0.05 cores=56-59,65-74,168-171,177-186
/proc/16/stat : 16 (python3) S 13 16 0 0 -1 4194304 1899 0 96 0 3 2 0 0 20 0 1 0 53430957 18108416 3105 67087892480 4194304 7154137 140731869466960 0 0 0 0 16781312 2 1 0 0 17 71 0 0 8 0 0 9727432 11029816 15986688 140731869469495 140731869469613 140731869469613 140731869470695 0
/proc/16/statm: 4421 3105 1512 723 0 2063 0
[pid=18] ppid=16 vsize=13436 memory=10260 CPUtime=30.5 cores=56-59,65-74,168-171,177-186
/proc/18/stat : 18 (bn4rust) R 16 16 0 0 -1 4194304 335604 0 18 0 3001 49 0 0 20 0 1 0 53430970 13758464 2565 67087892480 94450760777728 94450762644849 140727365717536 0 0 0 0 4096 1088 0 0 0 17 70 0 0 1 0 0 94450762902912 94450762949848 94450770731008 140727365724922 140727365725078 140727365725078 140727365726177 0
/proc/18/statm: 3359 2565 1102 456 0 1520 0
Current children cumulated CPU time: 30.55 s
Current children cumulated vsize: 31120 KiB
Current children cumulated memory: 22680 KiB

[startup+31.0002 s]*
/proc/loadavg: 43.29 44.36 45.65 46/3010 18
/proc/meminfo: memFree=487161828/527542200 swapFree=33551356/33554428
[pid=16] ppid=13 vsize=17684 memory=12420 CPUtime=0.05 cores=56-59,65-74,168-171,177-186
/proc/16/stat : 16 (python3) S 13 16 0 0 -1 4194304 1899 0 96 0 3 2 0 0 20 0 1 0 53430957 18108416 3105 67087892480 4194304 7154137 140731869466960 0 0 0 0 16781312 2 1 0 0 17 71 0 0 8 0 0 9727432 11029816 15986688 140731869469495 140731869469613 140731869469613 140731869470695 0
/proc/16/statm: 4421 3105 1512 723 0 2063 0
[pid=18] ppid=16 vsize=13436 memory=10260 CPUtime=30.7 cores=56-59,65-74,168-171,177-186
/proc/18/stat : 18 (bn4rust) R 16 16 0 0 -1 4194304 335604 0 18 0 3021 49 0 0 20 0 1 0 53430970 13758464 2565 67087892480 94450760777728 94450762644849 140727365717536 0 0 0 0 4096 1088 0 0 0 17 70 0 0 1 0 0 94450762902912 94450762949848 94450770731008 140727365724922 140727365725078 140727365725078 140727365726177 0
/proc/18/statm: 3359 2565 1102 456 0 1520 0
Current children cumulated CPU time: 30.75 s
Current children cumulated vsize: 31120 KiB
Current children cumulated memory: 22680 KiB

Child status: 0
Real time (s): 31.0512
CPU time (s): 30.8081
CPU user time (s): 30.2909
CPU system time (s): 0.517108
CPU usage (%): 99.2168
Max. virtual memory (cumulated for all children) (KiB): 35600
Max. memory (cumulated for all children) (KiB): 27012

getrusage(RUSAGE_CHILDREN,...) data:
user time used= 30.2909
system time used= 0.517108
maximum resident set size= 14592
integral shared memory size= 0
integral unshared data size= 0
integral unshared stack size= 0
page reclaims= 337560
page faults= 116
swaps= 0
block input operations= 19800
block output operations= 8
messages sent= 0
messages received= 0
signals received= 0
voluntary context switches= 1202
involuntary context switches= 44


# summary of solver processes directly reported to runsolver:
#   pid: 16
#   total CPU time (s): 30.8081
#   total CPU user time (s): 30.2909
#   total CPU system time (s): 0.517108

??? join timestamper begins
??? join timestamper ends
??? end of timestamper thread
runsolver used 0.016108 second user time and 0.049259 second system time

The end
