# WCTIME: wall clock time in seconds
WCTIME=31.0512
# CPUTIME: CPU time in seconds (USERTIME+SYSTEMTIME)
CPUTIME=30.8081
# USERTIME: CPU time spent in user mode in seconds
USERTIME=30.2909
# SYSTEMTIME: CPU time spent in system mode in seconds
SYSTEMTIME=0.517108
# CPUUSAGE: CPUTIME/WCTIME in percent
CPUUSAGE=99.2168
# MAXVM: maximum virtual memory used in KiB
MAXVM=35600
# MAXMM: maximum memory used in KiB
MAXMM=27012
# MAXRSS: maximum Resident Segment Size in KiB
MAXRSS=14592
# TIMEOUT: did the solver exceed the time limit?
TIMEOUT=false
# MEMOUT: did the solver exceed the memory limit?
MEMOUT=false
# EXITSTATUS: Exit status of the solver
EXITSTATUS=0
