runsolver version 3.4.1 (svn: 3018) Copyright (C) 2010-2013 Olivier ROUSSEL

This program is distributed in the hope that it will be useful,
but WITHOUT ANY WARRANTY; without even the implied warranty of
MERCHANTABILITY or FITNESS FOR A PARTICULAR PURPOSE.  See the
GNU General Public License for more details.

NUMA information:
  number of nodes: 8
  memory of node 0: 63700 MiB (31120 MiB free)
  memory of node 1: 64461 MiB (31958 MiB free)
  memory of node 2: 64504 MiB (397 MiB free)
  memory of node 3: 64504 MiB (20768 MiB free)
  memory of node 4: 64504 MiB (31919 MiB free)
  memory of node 5: 64504 MiB (63822 MiB free)
  memory of node 6: 64504 MiB (61677 MiB free)
  memory of node 7: 64491 MiB (63019 MiB free)
  node distances:
     10  12  12  12  21  21  21  21
     12  10  12  12  21  21  21  21
     12  12  10  12  21  21  21  21
     12  12  12  10  21  21  21  21
     21  21  21  21  10  12  12  12
     21  21  21  21  12  10  12  12
     21  21  21  21  12  12  10  12
     21  21  21  21  12  12  12  10

command line: /usr/local/bin/runsolver --timestamp -w /output/runsolver-watch.log -v /output/runsolver-values.log -o /output/solver-output.log -C 1800.0 -W 1800.0 -R 64000 /opt/solver/run_bn4rust.py --mode cyber-complement-gfp --instance /input/model_105.bnet 

running on 10 cores: 60-67,72-73

Enforcing CPUTime limit (soft limit, will send SIGTERM then SIGKILL): 1800 seconds
Enforcing CPUTime limit (hard limit, will send SIGXCPU): 1830 seconds
Enforcing wall clock limit (soft limit, will send SIGTERM then SIGKILL): 1800 seconds
Enforcing RSS+Swap limit (soft limit, will send SIGTERM then SIGKILL): 65536000 KiB
Linux 4.18.0-553.159.1.el8_10.x86_64
Current StackSize limit: 18014398509481983 KiB

solver pid=16, runsolver pid=13

[startup+0.100064 s]*
/proc/loadavg: 22.68 21.28 20.56 24/2828 17
/proc/meminfo: memFree=310925712/527542216 swapFree=3792684/33554428
[pid=16] ppid=13 vsize=15748 memory=9972 CPUtime=0.02 cores=60-73,172-185
/proc/16/stat : 16 (python3) D 13 16 0 0 -1 4194304 1368 0 81 0 2 0 0 0 20 0 1 0 53248682 16125952 2493 67087892480 4194304 7154137 140723438285104 0 0 0 0 16781312 2 0 0 0 17 72 0 0 6 0 0 9727432 11029816 17117184 140723438287693 140723438287789 140723438287789 140723438288871 0
/proc/16/statm: 3937 2493 1393 723 0 1673 0
Current children cumulated CPU time: 0.02 s
Current children cumulated vsize: 15748 KiB
Current children cumulated memory: 9972 KiB

[startup+0.200757 s]*
/proc/loadavg: 22.68 21.28 20.56 24/2829 18
/proc/meminfo: memFree=312233264/527542216 swapFree=3792684/33554428
[pid=16] ppid=13 vsize=17684 memory=12372 CPUtime=0.04 cores=60-73,172-185
/proc/16/stat : 16 (python3) S 13 16 0 0 -1 4194304 1890 0 96 0 3 1 0 0 20 0 1 0 53248682 18108416 3093 67087892480 4194304 7154137 140723438285104 0 0 0 0 16781312 2 1 0 0 17 72 0 0 8 0 0 9727432 11029816 17117184 140723438287693 140723438287789 140723438287789 140723438288871 0
/proc/16/statm: 4421 3093 1500 723 0 2063 0
[pid=18] ppid=16 vsize=8156 memory=4900 CPUtime=0.03 cores=60-73,172-185
/proc/18/stat : 18 (bn4rust) R 16 16 0 0 -1 4194304 466 0 18 0 3 0 0 0 20 0 1 0 53248696 8351744 1225 67087892480 94154176573440 94154178440561 140730629416144 0 0 0 0 4096 1088 0 0 0 17 185 0 0 1 0 0 94154178698624 94154178745560 94154196246528 140730629421840 140730629421974 140730629421974 140730629423073 0
/proc/18/statm: 2039 1225 1065 456 0 200 0
Current children cumulated CPU time: 0.07 s
Current children cumulated vsize: 25840 KiB
Current children cumulated memory: 17272 KiB

[startup+0.300644 s]*
/proc/loadavg: 22.68 21.28 20.56 24/2829 18
/proc/meminfo: memFree=311107976/527542216 swapFree=3792684/33554428
[pid=16] ppid=13 vsize=17684 memory=12372 CPUtime=0.04 cores=60-73,172-185
/proc/16/stat : 16 (python3) S 13 16 0 0 -1 4194304 1890 0 96 0 3 1 0 0 20 0 1 0 53248682 18108416 3093 67087892480 4194304 7154137 140723438285104 0 0 0 0 16781312 2 1 0 0 17 72 0 0 8 0 0 9727432 11029816 17117184 140723438287693 140723438287789 140723438287789 140723438288871 0
/proc/16/statm: 4421 3093 1500 723 0 2063 0
[pid=18] ppid=16 vsize=9772 memory=6272 CPUtime=0.13 cores=60-73,172-185
/proc/18/stat : 18 (bn4rust) R 16 16 0 0 -1 4194304 2164 0 18 0 13 0 0 0 20 0 1 0 53248696 10006528 1568 67087892480 94154176573440 94154178440561 140730629416144 0 0 0 0 4096 1088 0 0 0 17 185 0 0 1 0 0 94154178698624 94154178745560 94154196246528 140730629421840 140730629421974 140730629421974 140730629423073 0
/proc/18/statm: 2443 1568 1065 456 0 604 0
Current children cumulated CPU time: 0.17 s
Current children cumulated vsize: 27456 KiB
Current children cumulated memory: 18644 KiB

[startup+0.700502 s]
/proc/loadavg: 22.68 21.28 20.56 25/2829 18
/proc/meminfo: memFree=312221984/527542216 swapFree=3792684/33554428
[pid=16] ppid=13 vsize=17684 memory=12372 CPUtime=0.04 cores=60-73,172-185
/proc/16/stat : 16 (python3) S 13 16 0 0 -1 4194304 1890 0 96 0 3 1 0 0 20 0 1 0 53248682 18108416 3093 67087892480 4194304 7154137 140723438285104 0 0 0 0 16781312 2 1 0 0 17 72 0 0 8 0 0 9727432 11029816 17117184 140723438287693 140723438287789 140723438287789 140723438288871 0
/proc/16/statm: 4421 3093 1500 723 0 2063 0
[pid=18] ppid=16 vsize=12076 memory=8348 CPUtime=0.52 cores=60-73,172-185
/proc/18/stat : 18 (bn4rust) R 16 16 0 0 -1 4194304 6885 0 18 0 52 0 0 0 20 0 1 0 53248696 12365824 2087 67087892480 94154176573440 94154178440561 140730629416144 0 0 0 0 4096 1088 0 0 0 17 73 0 0 1 0 0 94154178698624 94154178745560 94154196246528 140730629421840 140730629421974 140730629421974 140730629423073 0
/proc/18/statm: 3019 2087 1065 456 0 1180 0
Current children cumulated CPU time: 0.56 s
Current children cumulated vsize: 29760 KiB
Current children cumulated memory: 20720 KiB

[startup+1.5005 s]
/proc/loadavg: 22.68 21.28 20.56 23/2830 18
/proc/meminfo: memFree=311786044/527542216 swapFree=3792684/33554428
[pid=16] ppid=13 vsize=17684 memory=12372 CPUtime=0.04 cores=60-73,172-185
/proc/16/stat : 16 (python3) S 13 16 0 0 -1 4194304 1890 0 96 0 3 1 0 0 20 0 1 0 53248682 18108416 3093 67087892480 4194304 7154137 140723438285104 0 0 0 0 16781312 2 1 0 0 17 72 0 0 8 0 0 9727432 11029816 17117184 140723438287693 140723438287789 140723438287789 140723438288871 0
/proc/16/statm: 4421 3093 1500 723 0 2063 0
[pid=18] ppid=16 vsize=12972 memory=9496 CPUtime=1.32 cores=60-73,172-185
/proc/18/stat : 18 (bn4rust) R 16 16 0 0 -1 4194304 18854 0 18 0 130 2 0 0 20 0 1 0 53248696 13283328 2374 67087892480 94154176573440 94154178440561 140730629416144 0 0 0 0 4096 1088 0 0 0 17 73 0 0 1 0 0 94154178698624 94154178745560 94154196246528 140730629421840 140730629421974 140730629421974 140730629423073 0
/proc/18/statm: 3243 2374 1065 456 0 1404 0
Current children cumulated CPU time: 1.36 s
Current children cumulated vsize: 30656 KiB
Current children cumulated memory: 21868 KiB

[startup+3.1005 s]
/proc/loadavg: 22.68 21.28 20.56 26/2830 18
/proc/meminfo: memFree=311989892/527542216 swapFree=3792684/33554428
[pid=16] ppid=13 vsize=17684 memory=12372 CPUtime=0.04 cores=60-73,172-185
/proc/16/stat : 16 (python3) S 13 16 0 0 -1 4194304 1890 0 96 0 3 1 0 0 20 0 1 0 53248682 18108416 3093 67087892480 4194304 7154137 140723438285104 0 0 0 0 16781312 2 1 0 0 17 72 0 0 8 0 0 9727432 11029816 17117184 140723438287693 140723438287789 140723438287789 140723438288871 0
/proc/16/statm: 4421 3093 1500 723 0 2063 0
[pid=18] ppid=16 vsize=15260 memory=11900 CPUtime=2.91 cores=60-73,172-185
/proc/18/stat : 18 (bn4rust) R 16 16 0 0 -1 4194304 39374 0 18 0 286 5 0 0 20 0 1 0 53248696 15626240 2975 67087892480 94154176573440 94154178440561 140730629416144 0 0 0 0 4096 1088 0 0 0 17 73 0 0 1 0 0 94154178698624 94154178745560 94154196246528 140730629421840 140730629421974 140730629421974 140730629423073 0
/proc/18/statm: 3815 2975 1065 456 0 1976 0
Current children cumulated CPU time: 2.95 s
Current children cumulated vsize: 32944 KiB
Current children cumulated memory: 24272 KiB

[startup+6.30029 s]
/proc/loadavg: 22.71 21.31 20.57 19/2831 18
/proc/meminfo: memFree=311189836/527542216 swapFree=3792684/33554428
[pid=16] ppid=13 vsize=17684 memory=12372 CPUtime=0.04 cores=60-73,172-185
/proc/16/stat : 16 (python3) S 13 16 0 0 -1 4194304 1890 0 96 0 3 1 0 0 20 0 1 0 53248682 18108416 3093 67087892480 4194304 7154137 140723438285104 0 0 0 0 16781312 2 1 0 0 17 72 0 0 8 0 0 9727432 11029816 17117184 140723438287693 140723438287789 140723438287789 140723438288871 0
/proc/16/statm: 4421 3093 1500 723 0 2063 0
[pid=18] ppid=16 vsize=21356 memory=17900 CPUtime=6.1 cores=60-73,172-185
/proc/18/stat : 18 (bn4rust) R 16 16 0 0 -1 4194304 70480 0 18 0 598 12 0 0 20 0 1 0 53248696 21868544 4475 67087892480 94154176573440 94154178440561 140730629416144 0 0 0 0 4096 1088 0 0 0 17 185 0 0 1 0 0 94154178698624 94154178745560 94154196246528 140730629421840 140730629421974 140730629421974 140730629423073 0
/proc/18/statm: 5339 4475 1065 456 0 3500 0
Current children cumulated CPU time: 6.14 s
Current children cumulated vsize: 39040 KiB
Current children cumulated memory: 30272 KiB

[startup+12.7003 s]
/proc/loadavg: 22.65 21.32 20.58 24/2825 18
/proc/meminfo: memFree=311709864/527542216 swapFree=3792684/33554428
[pid=16] ppid=13 vsize=17684 memory=12372 CPUtime=0.04 cores=60-73,172-185
/proc/16/stat : 16 (python3) S 13 16 0 0 -1 4194304 1890 0 96 0 3 1 0 0 20 0 1 0 53248682 18108416 3093 67087892480 4194304 7154137 140723438285104 0 0 0 0 16781312 2 1 0 0 17 72 0 0 8 0 0 9727432 11029816 17117184 140723438287693 140723438287789 140723438287789 140723438288871 0
/proc/16/statm: 4421 3093 1500 723 0 2063 0
[pid=18] ppid=16 vsize=15756 memory=12264 CPUtime=12.47 cores=60-73,172-185
/proc/18/stat : 18 (bn4rust) R 16 16 0 0 -1 4194304 121163 0 18 0 1225 22 0 0 20 0 1 0 53248696 16134144 3066 67087892480 94154176573440 94154178440561 140730629416144 0 0 0 0 4096 1088 0 0 0 17 185 0 0 1 0 0 94154178698624 94154178745560 94154196246528 140730629421840 140730629421974 140730629421974 140730629423073 0
/proc/18/statm: 3939 3066 1065 456 0 2100 0
Current children cumulated CPU time: 12.51 s
Current children cumulated vsize: 33440 KiB
Current children cumulated memory: 24636 KiB

[startup+13.5463 s]
# the end of solver process 16 was just reported to runsolver
# cumulated CPU time of all completed processes:  user=13.1251 s, system=0.238795 s

Solver just ended.
??? end of watcher thread
Dumping a history of the last processes samples

[startup+12.8004 s]
/proc/loadavg: 22.65 21.32 20.58 24/2825 18
/proc/meminfo: memFree=311709864/527542216 swapFree=3792684/33554428
[pid=16] ppid=13 vsize=17684 memory=12372 CPUtime=0.04 cores=60-73,172-185
/proc/16/stat : 16 (python3) S 13 16 0 0 -1 4194304 1891 0 96 0 3 1 0 0 20 0 1 0 53248682 18108416 3093 67087892480 4194304 7154137 140723438285104 0 0 0 0 16781312 2 1 0 0 17 72 0 0 8 0 0 9727432 11029816 17117184 140723438287693 140723438287789 140723438287789 140723438288871 0
/proc/16/statm: 4421 3093 1500 723 0 2063 0
[pid=18] ppid=16 vsize=15756 memory=12264 CPUtime=12.57 cores=60-73,172-185
/proc/18/stat : 18 (bn4rust) R 16 16 0 0 -1 4194304 121163 0 18 0 1235 22 0 0 20 0 1 0 53248696 16134144 3066 67087892480 94154176573440 94154178440561 140730629416144 0 0 0 0 4096 1088 0 0 0 17 185 0 0 1 0 0 94154178698624 94154178745560 94154196246528 140730629421840 140730629421974 140730629421974 140730629423073 0
/proc/18/statm: 3939 3066 1065 456 0 2100 0
Current children cumulated CPU time: 12.61 s
Current children cumulated vsize: 33440 KiB
Current children cumulated memory: 24636 KiB

[startup+13.2003 s]
/proc/loadavg: 22.65 21.32 20.58 24/2825 18
/proc/meminfo: memFree=311813384/527542216 swapFree=3792684/33554428
[pid=16] ppid=13 vsize=17684 memory=12372 CPUtime=0.04 cores=60-73,172-185
/proc/16/stat : 16 (python3) S 13 16 0 0 -1 4194304 1891 0 96 0 3 1 0 0 20 0 1 0 53248682 18108416 3093 67087892480 4194304 7154137 140723438285104 0 0 0 0 16781312 2 1 0 0 17 72 0 0 8 0 0 9727432 11029816 17117184 140723438287693 140723438287789 140723438287789 140723438288871 0
/proc/16/statm: 4421 3093 1500 723 0 2063 0
[pid=18] ppid=16 vsize=15756 memory=12264 CPUtime=12.96 cores=60-73,172-185
/proc/18/stat : 18 (bn4rust) R 16 16 0 0 -1 4194304 121163 0 18 0 1274 22 0 0 20 0 1 0 53248696 16134144 3066 67087892480 94154176573440 94154178440561 140730629416144 0 0 0 0 4096 1088 0 0 0 17 185 0 0 1 0 0 94154178698624 94154178745560 94154196246528 140730629421840 140730629421974 140730629421974 140730629423073 0
/proc/18/statm: 3939 3066 1065 456 0 2100 0
Current children cumulated CPU time: 13 s
Current children cumulated vsize: 33440 KiB
Current children cumulated memory: 24636 KiB

[startup+13.4002 s]
/proc/loadavg: 22.65 21.32 20.58 24/2825 18
/proc/meminfo: memFree=311813384/527542216 swapFree=3792684/33554428
[pid=16] ppid=13 vsize=17684 memory=12372 CPUtime=0.04 cores=60-73,172-185
/proc/16/stat : 16 (python3) S 13 16 0 0 -1 4194304 1891 0 96 0 3 1 0 0 20 0 1 0 53248682 18108416 3093 67087892480 4194304 7154137 140723438285104 0 0 0 0 16781312 2 1 0 0 17 72 0 0 8 0 0 9727432 11029816 17117184 140723438287693 140723438287789 140723438287789 140723438288871 0
/proc/16/statm: 4421 3093 1500 723 0 2063 0
[pid=18] ppid=16 vsize=15756 memory=12264 CPUtime=13.16 cores=60-73,172-185
/proc/18/stat : 18 (bn4rust) R 16 16 0 0 -1 4194304 121163 0 18 0 1294 22 0 0 20 0 1 0 53248696 16134144 3066 67087892480 94154176573440 94154178440561 140730629416144 0 0 0 0 4096 1088 0 0 0 17 185 0 0 1 0 0 94154178698624 94154178745560 94154196246528 140730629421840 140730629421974 140730629421974 140730629423073 0
/proc/18/statm: 3939 3066 1065 456 0 2100 0
Current children cumulated CPU time: 13.2 s
Current children cumulated vsize: 33440 KiB
Current children cumulated memory: 24636 KiB

[startup+13.5002 s]
/proc/loadavg: 22.65 21.32 20.58 24/2825 18
/proc/meminfo: memFree=311813384/527542216 swapFree=3792684/33554428
[pid=16] ppid=13 vsize=17684 memory=12372 CPUtime=0.04 cores=60-73,172-185
/proc/16/stat : 16 (python3) S 13 16 0 0 -1 4194304 1891 0 96 0 3 1 0 0 20 0 1 0 53248682 18108416 3093 67087892480 4194304 7154137 140723438285104 0 0 0 0 16781312 2 1 0 0 17 72 0 0 8 0 0 9727432 11029816 17117184 140723438287693 140723438287789 140723438287789 140723438288871 0
/proc/16/statm: 4421 3093 1500 723 0 2063 0
[pid=18] ppid=16 vsize=15756 memory=12264 CPUtime=13.26 cores=60-73,172-185
/proc/18/stat : 18 (bn4rust) R 16 16 0 0 -1 4194304 121163 0 18 0 1304 22 0 0 20 0 1 0 53248696 16134144 3066 67087892480 94154176573440 94154178440561 140730629416144 0 0 0 0 4096 1088 0 0 0 17 185 0 0 1 0 0 94154178698624 94154178745560 94154196246528 140730629421840 140730629421974 140730629421974 140730629423073 0
/proc/18/statm: 3939 3066 1065 456 0 2100 0
Current children cumulated CPU time: 13.3 s
Current children cumulated vsize: 33440 KiB
Current children cumulated memory: 24636 KiB

Child status: 0
Real time (s): 13.5463
CPU time (s): 13.3639
CPU user time (s): 13.1251
CPU system time (s): 0.238795
CPU usage (%): 98.6535
Max. virtual memory (cumulated for all children) (KiB): 41200
Max. memory (cumulated for all children) (KiB): 31632

getrusage(RUSAGE_CHILDREN,...) data:
user time used= 13.1251
system time used= 0.238795
maximum resident set size= 20348
integral shared memory size= 0
integral unshared data size= 0
integral unshared stack size= 0
page reclaims= 123076
page faults= 116
swaps= 0
block input operations= 19800
block output operations= 0
messages sent= 0
messages received= 0
signals received= 0
voluntary context switches= 1027
involuntary context switches= 76


# summary of solver processes directly reported to runsolver:
#   pid: 16
#   total CPU time (s): 13.3639
#   total CPU user time (s): 13.1251
#   total CPU system time (s): 0.238795

??? join timestamper begins
??? join timestamper ends
??? end of timestamper thread
runsolver used 0.015855 second user time and 0.022106 second system time

The end
