# WCTIME: wall clock time in seconds
WCTIME=13.5463
# CPUTIME: CPU time in seconds (USERTIME+SYSTEMTIME)
CPUTIME=13.3639
# USERTIME: CPU time spent in user mode in seconds
USERTIME=13.1251
# SYSTEMTIME: CPU time spent in system mode in seconds
SYSTEMTIME=0.238795
# CPUUSAGE: CPUTIME/WCTIME in percent
CPUUSAGE=98.6535
# MAXVM: maximum virtual memory used in KiB
MAXVM=41200
# MAXMM: maximum memory used in KiB
MAXMM=31632
# MAXRSS: maximum Resident Segment Size in KiB
MAXRSS=20348
# TIMEOUT: did the solver exceed the time limit?
TIMEOUT=false
# MEMOUT: did the solver exceed the memory limit?
MEMOUT=false
# EXITSTATUS: Exit status of the solver
EXITSTATUS=0
