# WCTIME: wall clock time in seconds
WCTIME=10.8265
# CPUTIME: CPU time in seconds (USERTIME+SYSTEMTIME)
CPUTIME=10.6666
# USERTIME: CPU time spent in user mode in seconds
USERTIME=10.5024
# SYSTEMTIME: CPU time spent in system mode in seconds
SYSTEMTIME=0.164164
# CPUUSAGE: CPUTIME/WCTIME in percent
CPUUSAGE=98.5233
# MAXVM: maximum virtual memory used in KiB
MAXVM=33764
# MAXMM: maximum memory used in KiB
MAXMM=24888
# MAXRSS: maximum Resident Segment Size in KiB
MAXRSS=12904
# TIMEOUT: did the solver exceed the time limit?
TIMEOUT=false
# MEMOUT: did the solver exceed the memory limit?
MEMOUT=false
# EXITSTATUS: Exit status of the solver
EXITSTATUS=0
