# WCTIME: wall clock time in seconds
WCTIME=1800.01
# CPUTIME: CPU time in seconds (USERTIME+SYSTEMTIME)
CPUTIME=1792.64
# USERTIME: CPU time spent in user mode in seconds
USERTIME=1760.03
# SYSTEMTIME: CPU time spent in system mode in seconds
SYSTEMTIME=32.6194
# CPUUSAGE: CPUTIME/WCTIME in percent
CPUUSAGE=99.591
# MAXVM: maximum virtual memory used in KiB
MAXVM=799228
# MAXMM: maximum memory used in KiB
MAXMM=681396
# MAXRSS: maximum Resident Segment Size in KiB
MAXRSS=700404
# TIMEOUT: did the solver exceed the time limit?
TIMEOUT=true
# MEMOUT: did the solver exceed the memory limit?
MEMOUT=false
# EXITSTATUS: Exit status of the solver
EXITSTATUS=15
