# WCTIME: wall clock time in seconds
WCTIME=1800.12
# CPUTIME: CPU time in seconds (USERTIME+SYSTEMTIME)
CPUTIME=1794
# USERTIME: CPU time spent in user mode in seconds
USERTIME=1755.46
# SYSTEMTIME: CPU time spent in system mode in seconds
SYSTEMTIME=38.5425
# CPUUSAGE: CPUTIME/WCTIME in percent
CPUUSAGE=99.6602
# MAXVM: maximum virtual memory used in KiB
MAXVM=45155524
# MAXMM: maximum memory used in KiB
MAXMM=38810780
# MAXRSS: maximum Resident Segment Size in KiB
MAXRSS=38896968
# TIMEOUT: did the solver exceed the time limit?
TIMEOUT=true
# MEMOUT: did the solver exceed the memory limit?
MEMOUT=false
# EXITSTATUS: Exit status of the solver
EXITSTATUS=15
