runsolver version 3.4.1 (svn: 3018) Copyright (C) 2010-2013 Olivier ROUSSEL

This program is distributed in the hope that it will be useful,
but WITHOUT ANY WARRANTY; without even the implied warranty of
MERCHANTABILITY or FITNESS FOR A PARTICULAR PURPOSE.  See the
GNU General Public License for more details.

NUMA information:
  number of nodes: 8
  memory of node 0: 63700 MiB (48066 MiB free)
  memory of node 1: 64504 MiB (50057 MiB free)
  memory of node 2: 64461 MiB (51261 MiB free)
  memory of node 3: 64504 MiB (51091 MiB free)
  memory of node 4: 64504 MiB (47744 MiB free)
  memory of node 5: 64504 MiB (60531 MiB free)
  memory of node 6: 64504 MiB (59263 MiB free)
  memory of node 7: 64491 MiB (62823 MiB free)
  node distances:
     10  12  12  12  21  21  21  21
     12  10  12  12  21  21  21  21
     12  12  10  12  21  21  21  21
     12  12  12  10  21  21  21  21
     21  21  21  21  10  12  12  12
     21  21  21  21  12  10  12  12
     21  21  21  21  12  12  10  12
     21  21  21  21  12  12  12  10

command line: /usr/local/bin/runsolver --timestamp -w /output/runsolver-watch.log -v /output/runsolver-values.log -o /output/solver-output.log -C 1800.0 -W 1800.0 -R 64000 /opt/solver/run_bn4rust.py --mode cyber-complement-gfp --instance /input/model_023.bnet 

running on 24 cores: 74,76-77,82,87-91,93-94,109,188-189,194,199-203,205-206,217,221

Enforcing CPUTime limit (soft limit, will send SIGTERM then SIGKILL): 1800 seconds
Enforcing CPUTime limit (hard limit, will send SIGXCPU): 1830 seconds
Enforcing wall clock limit (soft limit, will send SIGTERM then SIGKILL): 1800 seconds
Enforcing RSS+Swap limit (soft limit, will send SIGTERM then SIGKILL): 65536000 KiB
Linux 4.18.0-553.159.1.el8_10.x86_64
solver pid=16, runsolver pid=13
Current StackSize limit: 18014398509481983 KiB


[startup+0.100093 s]*
/proc/loadavg: 57.00 57.01 57.31 58/2886 17
/proc/meminfo: memFree=441165640/527542236 swapFree=33503740/33554428
[pid=16] ppid=13 vsize=15800 memory=10104 CPUtime=0.01 cores=70,74,76-77,82,87-91,93-94,105,109,182,186,188-189,194,199-203,205-206,217,221
/proc/16/stat : 16 (python3) R 13 16 0 0 -1 4194304 1376 0 84 0 1 0 0 0 20 0 1 0 53377227 16179200 2526 67087892480 4194304 7154137 140733099698304 0 0 0 0 16781312 2 0 0 0 17 206 0 0 6 0 0 9727432 11029816 34779136 140733099703117 140733099703213 140733099703213 140733099704295 0
/proc/16/statm: 3950 2526 1392 723 0 1674 0
Current children cumulated CPU time: 0.01 s
Current children cumulated vsize: 15800 KiB
Current children cumulated memory: 10104 KiB

[startup+0.169604 s]
# the end of solver process 16 was just reported to runsolver
# cumulated CPU time of all completed processes:  user=0.038847 s, system=0.018502 s

Solver just ended.
??? end of watcher thread
Dumping a history of the last processes samples

[startup+0.100093 s]*
/proc/loadavg: 57.00 57.01 57.31 58/2886 17
/proc/meminfo: memFree=441165640/527542236 swapFree=33503740/33554428
[pid=16] ppid=13 vsize=15800 memory=10104 CPUtime=0.01 cores=70,74,76-77,82,87-91,93-94,105,109,182,186,188-189,194,199-203,205-206,217,221
/proc/16/stat : 16 (python3) R 13 16 0 0 -1 4194304 1376 0 84 0 1 0 0 0 20 0 1 0 53377227 16179200 2526 67087892480 4194304 7154137 140733099698304 0 0 0 0 16781312 2 0 0 0 17 206 0 0 6 0 0 9727432 11029816 34779136 140733099703117 140733099703213 140733099703213 140733099704295 0
/proc/16/statm: 3950 2526 1392 723 0 1674 0
Current children cumulated CPU time: 0.01 s
Current children cumulated vsize: 15800 KiB
Current children cumulated memory: 10104 KiB

Child status: 0
Real time (s): 0.169634
CPU time (s): 0.057349
CPU user time (s): 0.038847
CPU system time (s): 0.018502
CPU usage (%): 33.8075
Max. virtual memory (cumulated for all children) (KiB): 15800
Max. memory (cumulated for all children) (KiB): 10104

getrusage(RUSAGE_CHILDREN,...) data:
user time used= 0.038847
system time used= 0.018502
maximum resident set size= 12604
integral shared memory size= 0
integral unshared data size= 0
integral unshared stack size= 0
page reclaims= 2068
page faults= 115
swaps= 0
block input operations= 19800
block output operations= 0
messages sent= 0
messages received= 0
signals received= 0
voluntary context switches= 967
involuntary context switches= 0


# summary of solver processes directly reported to runsolver:
#   pid: 16
#   total CPU time (s): 0.057349
#   total CPU user time (s): 0.038847
#   total CPU system time (s): 0.018502

??? join timestamper begins
??? join timestamper ends
??? end of timestamper thread
runsolver used 0 second user time and 0.007021 second system time

The end
