runsolver version 3.4.1 (svn: 3018) Copyright (C) 2010-2013 Olivier ROUSSEL

This program is distributed in the hope that it will be useful,
but WITHOUT ANY WARRANTY; without even the implied warranty of
MERCHANTABILITY or FITNESS FOR A PARTICULAR PURPOSE.  See the
GNU General Public License for more details.

NUMA information:
  number of nodes: 8
  memory of node 0: 63700 MiB (62043 MiB free)
  memory of node 1: 64504 MiB (62065 MiB free)
  memory of node 2: 64504 MiB (63514 MiB free)
  memory of node 3: 64461 MiB (63835 MiB free)
  memory of node 4: 64504 MiB (63676 MiB free)
  memory of node 5: 64504 MiB (63629 MiB free)
  memory of node 6: 64504 MiB (63921 MiB free)
  memory of node 7: 64491 MiB (63122 MiB free)
  node distances:
     10  12  12  12  21  21  21  21
     12  10  12  12  21  21  21  21
     12  12  10  12  21  21  21  21
     12  12  12  10  21  21  21  21
     21  21  21  21  10  12  12  12
     21  21  21  21  12  10  12  12
     21  21  21  21  12  12  10  12
     21  21  21  21  12  12  12  10

command line: /usr/local/bin/runsolver --timestamp -w /output/runsolver-watch.log -v /output/runsolver-values.log -o /output/solver-output.log -C 1800.0 -W 1800.0 -R 64000 /opt/solver/run_bn4rust.py --mode cyber-forward-baseline --instance /input/model_096.bnet 

running on 20 cores: 72-83,188-195

Enforcing CPUTime limit (soft limit, will send SIGTERM then SIGKILL): 1800 seconds
Enforcing CPUTime limit (hard limit, will send SIGXCPU): 1830 seconds
Enforcing wall clock limit (soft limit, will send SIGTERM then SIGKILL): 1800 seconds
Enforcing RSS+Swap limit (soft limit, will send SIGTERM then SIGKILL): 65536000 KiB
Linux 4.18.0-553.159.1.el8_10.x86_64
solver pid=16, runsolver pid=13
Current StackSize limit: 18014398509481983 KiB


[startup+0.100075 s]*
/proc/loadavg: 0.38 0.08 0.03 7/2977 17
/proc/meminfo: memFree=517921468/527542180 swapFree=33544956/33554428
[pid=16] ppid=13 vsize=15800 memory=10116 CPUtime=0.02 cores=70-83,182-195
/proc/16/stat : 16 (python3) D 13 16 0 0 -1 4194304 1398 0 84 0 1 1 0 0 20 0 1 0 53232003 16179200 2529 67087892480 4194304 7154137 140730296022240 0 0 0 0 16781312 2 0 0 0 17 183 0 0 6 0 0 9727432 11029816 20389888 140730296023883 140730296023981 140730296023981 140730296025063 0
/proc/16/statm: 3950 2529 1396 723 0 1674 0
Current children cumulated CPU time: 0.02 s
Current children cumulated vsize: 15800 KiB
Current children cumulated memory: 10116 KiB

[startup+0.200542 s]*
/proc/loadavg: 0.38 0.08 0.03 8/2978 18
/proc/meminfo: memFree=517920200/527542180 swapFree=33544956/33554428
[pid=16] ppid=13 vsize=17684 memory=12480 CPUtime=0.04 cores=70-83,182-195
/proc/16/stat : 16 (python3) S 13 16 0 0 -1 4194304 1888 0 96 0 3 1 0 0 20 0 1 0 53232003 18108416 3120 67087892480 4194304 7154137 140730296022240 0 0 0 0 16781312 2 1 0 0 17 192 0 0 8 0 0 9727432 11029816 20389888 140730296023883 140730296023981 140730296023981 140730296025063 0
/proc/16/statm: 4421 3120 1511 723 0 2063 0
[pid=18] ppid=16 vsize=8284 memory=5048 CPUtime=0.04 cores=70-83,182-195
/proc/18/stat : 18 (bn4rust) R 16 16 0 0 -1 4194304 336 0 17 0 4 0 0 0 20 0 1 0 53232016 8482816 1262 67087892480 94595705528320 94595707395441 140725707149584 0 0 0 0 4096 1088 0 0 0 17 183 0 0 1 0 0 94595707653504 94595707700440 94595739365376 140725707152142 140725707152278 140725707152278 140725707153377 0
/proc/18/statm: 2071 1262 1078 456 0 232 0
Current children cumulated CPU time: 0.08 s
Current children cumulated vsize: 25968 KiB
Current children cumulated memory: 17528 KiB

[startup+0.30047 s]*
/proc/loadavg: 0.38 0.08 0.03 9/2979 18
/proc/meminfo: memFree=517917000/527542180 swapFree=33544956/33554428
[pid=16] ppid=13 vsize=17684 memory=12480 CPUtime=0.04 cores=70-83,182-195
/proc/16/stat : 16 (python3) S 13 16 0 0 -1 4194304 1888 0 96 0 3 1 0 0 20 0 1 0 53232003 18108416 3120 67087892480 4194304 7154137 140730296022240 0 0 0 0 16781312 2 1 0 0 17 192 0 0 8 0 0 9727432 11029816 20389888 140730296023883 140730296023981 140730296023981 140730296025063 0
/proc/16/statm: 4421 3120 1511 723 0 2063 0
[pid=18] ppid=16 vsize=8920 memory=5612 CPUtime=0.14 cores=70-83,182-195
/proc/18/stat : 18 (bn4rust) R 16 16 0 0 -1 4194304 1209 0 17 0 14 0 0 0 20 0 1 0 53232016 9134080 1403 67087892480 94595705528320 94595707395441 140725707149584 0 0 0 0 4096 1088 0 0 0 17 183 0 0 1 0 0 94595707653504 94595707700440 94595739365376 140725707152142 140725707152278 140725707152278 140725707153377 0
/proc/18/statm: 2230 1403 1078 456 0 391 0
Current children cumulated CPU time: 0.18 s
Current children cumulated vsize: 26604 KiB
Current children cumulated memory: 18092 KiB

[startup+0.700229 s]
/proc/loadavg: 0.38 0.08 0.03 11/2950 18
/proc/meminfo: memFree=517972276/527542180 swapFree=33544956/33554428
[pid=16] ppid=13 vsize=17684 memory=12480 CPUtime=0.04 cores=70-83,182-195
/proc/16/stat : 16 (python3) S 13 16 0 0 -1 4194304 1888 0 96 0 3 1 0 0 20 0 1 0 53232003 18108416 3120 67087892480 4194304 7154137 140730296022240 0 0 0 0 16781312 2 1 0 0 17 192 0 0 8 0 0 9727432 11029816 20389888 140730296023883 140730296023981 140730296023981 140730296025063 0
/proc/16/statm: 4421 3120 1511 723 0 2063 0
[pid=18] ppid=16 vsize=8924 memory=5720 CPUtime=0.54 cores=70-83,182-195
/proc/18/stat : 18 (bn4rust) R 16 16 0 0 -1 4194304 6202 0 17 0 53 1 0 0 20 0 1 0 53232016 9138176 1430 67087892480 94595705528320 94595707395441 140725707149584 0 0 0 0 4096 1088 0 0 0 17 183 0 0 1 0 0 94595707653504 94595707700440 94595739365376 140725707152142 140725707152278 140725707152278 140725707153377 0
/proc/18/statm: 2231 1430 1078 456 0 392 0
Current children cumulated CPU time: 0.58 s
Current children cumulated vsize: 26608 KiB
Current children cumulated memory: 18200 KiB

[startup+1.09446 s]
# the end of solver process 16 was just reported to runsolver
# cumulated CPU time of all completed processes:  user=0.951749 s, system=0.029351 s

Solver just ended.
??? end of watcher thread
Dumping a history of the last processes samples

[startup+0.800232 s]
/proc/loadavg: 0.38 0.08 0.03 11/2950 18
/proc/meminfo: memFree=517972276/527542180 swapFree=33544956/33554428
[pid=16] ppid=13 vsize=17684 memory=12480 CPUtime=0.04 cores=70-83,182-195
/proc/16/stat : 16 (python3) S 13 16 0 0 -1 4194304 1888 0 96 0 3 1 0 0 20 0 1 0 53232003 18108416 3120 67087892480 4194304 7154137 140730296022240 0 0 0 0 16781312 2 1 0 0 17 192 0 0 8 0 0 9727432 11029816 20389888 140730296023883 140730296023981 140730296023981 140730296025063 0
/proc/16/statm: 4421 3120 1511 723 0 2063 0
[pid=18] ppid=16 vsize=8924 memory=5720 CPUtime=0.64 cores=70-83,182-195
/proc/18/stat : 18 (bn4rust) R 16 16 0 0 -1 4194304 6202 0 17 0 63 1 0 0 20 0 1 0 53232016 9138176 1430 67087892480 94595705528320 94595707395441 140725707149584 0 0 0 0 4096 1088 0 0 0 17 183 0 0 1 0 0 94595707653504 94595707700440 94595739365376 140725707152142 140725707152278 140725707152278 140725707153377 0
/proc/18/statm: 2231 1430 1078 456 0 392 0
Current children cumulated CPU time: 0.68 s
Current children cumulated vsize: 26608 KiB
Current children cumulated memory: 18200 KiB

[startup+1.0002 s]*
/proc/loadavg: 0.38 0.08 0.03 7/2940 18
/proc/meminfo: memFree=518001248/527542180 swapFree=33544956/33554428
[pid=16] ppid=13 vsize=17684 memory=12480 CPUtime=0.04 cores=70-83,182-195
/proc/16/stat : 16 (python3) S 13 16 0 0 -1 4194304 1888 0 96 0 3 1 0 0 20 0 1 0 53232003 18108416 3120 67087892480 4194304 7154137 140730296022240 0 0 0 0 16781312 2 1 0 0 17 192 0 0 8 0 0 9727432 11029816 20389888 140730296023883 140730296023981 140730296023981 140730296025063 0
/proc/16/statm: 4421 3120 1511 723 0 2063 0
[pid=18] ppid=16 vsize=8632 memory=5392 CPUtime=0.83 cores=70-83,182-195
/proc/18/stat : 18 (bn4rust) R 16 16 0 0 -1 4194304 6280 0 17 0 82 1 0 0 20 0 1 0 53232016 8839168 1348 67087892480 94595705528320 94595707395441 140725707149584 0 0 0 0 4096 1088 0 0 0 17 183 0 0 1 0 0 94595707653504 94595707700440 94595739365376 140725707152142 140725707152278 140725707152278 140725707153377 0
/proc/18/statm: 2158 1348 1078 456 0 319 0
Current children cumulated CPU time: 0.87 s
Current children cumulated vsize: 26316 KiB
Current children cumulated memory: 17872 KiB

Child status: 0
Real time (s): 1.09448
CPU time (s): 0.9811
CPU user time (s): 0.951749
CPU system time (s): 0.029351
CPU usage (%): 89.6407
Max. virtual memory (cumulated for all children) (KiB): 26716
Max. memory (cumulated for all children) (KiB): 18200

getrusage(RUSAGE_CHILDREN,...) data:
user time used= 0.951749
system time used= 0.029351
maximum resident set size= 12660
integral shared memory size= 0
integral unshared data size= 0
integral unshared stack size= 0
page reclaims= 8189
page faults= 115
swaps= 0
block input operations= 19800
block output operations= 0
messages sent= 0
messages received= 0
signals received= 0
voluntary context switches= 1016
involuntary context switches= 3


# summary of solver processes directly reported to runsolver:
#   pid: 16
#   total CPU time (s): 0.9811
#   total CPU user time (s): 0.951749
#   total CPU system time (s): 0.029351

??? join timestamper begins
??? join timestamper ends
??? end of timestamper thread
runsolver used 0.002358 second user time and 0.006155 second system time

The end
