runsolver version 3.4.1 (svn: 3018) Copyright (C) 2010-2013 Olivier ROUSSEL

This program is distributed in the hope that it will be useful,
but WITHOUT ANY WARRANTY; without even the implied warranty of
MERCHANTABILITY or FITNESS FOR A PARTICULAR PURPOSE.  See the
GNU General Public License for more details.

NUMA information:
  number of nodes: 8
  memory of node 0: 63700 MiB (39525 MiB free)
  memory of node 1: 64461 MiB (63814 MiB free)
  memory of node 2: 64504 MiB (63768 MiB free)
  memory of node 3: 64504 MiB (63282 MiB free)
  memory of node 4: 64504 MiB (63328 MiB free)
  memory of node 5: 64504 MiB (63540 MiB free)
  memory of node 6: 64504 MiB (63561 MiB free)
  memory of node 7: 64491 MiB (61493 MiB free)
  node distances:
     10  12  12  12  21  21  21  21
     12  10  12  12  21  21  21  21
     12  12  10  12  21  21  21  21
     12  12  12  10  21  21  21  21
     21  21  21  21  10  12  12  12
     21  21  21  21  12  10  12  12
     21  21  21  21  12  12  10  12
     21  21  21  21  12  12  12  10

command line: /usr/local/bin/runsolver --timestamp -w /output/runsolver-watch.log -v /output/runsolver-values.log -o /output/solver-output.log -C 1800.0 -W 1800.0 -R 64000 /opt/solver/run_bn4rust.py --mode cyber-complement-gfp-plus-sink-scc --instance /input/model_137.bnet 

running on 28 cores: 14-27,126-139

Enforcing CPUTime limit (soft limit, will send SIGTERM then SIGKILL): 1800 seconds
Enforcing CPUTime limit (hard limit, will send SIGXCPU): 1830 seconds
Enforcing wall clock limit (soft limit, will send SIGTERM then SIGKILL): 1800 seconds
Enforcing RSS+Swap limit (soft limit, will send SIGTERM then SIGKILL): 65536000 KiB
Linux 4.18.0-553.159.1.el8_10.x86_64
solver pid=16, runsolver pid=13
Current StackSize limit: 18014398509481983 KiB


[startup+0.100062 s]*
/proc/loadavg: 7.52 10.91 14.89 9/2913 17
/proc/meminfo: memFree=493869492/527542268 swapFree=33507324/33554428
[pid=16] ppid=13 vsize=15800 memory=10120 CPUtime=0.02 cores=14-27,126-139
/proc/16/stat : 16 (python3) D 13 16 0 0 -1 4194304 1397 0 84 0 1 1 0 0 20 0 1 0 53416168 16179200 2530 67087892480 4194304 7154137 140725698200848 0 0 0 0 16781312 2 0 0 0 17 22 0 0 6 0 0 9727432 11029816 29802496 140725698206527 140725698206637 140725698206637 140725698207719 0
/proc/16/statm: 3950 2530 1394 723 0 1674 0
Current children cumulated CPU time: 0.02 s
Current children cumulated vsize: 15800 KiB
Current children cumulated memory: 10120 KiB

[startup+0.200534 s]*
/proc/loadavg: 7.64 10.88 14.86 9/2914 18
/proc/meminfo: memFree=493911508/527542268 swapFree=33507324/33554428
[pid=16] ppid=13 vsize=17684 memory=12428 CPUtime=0.03 cores=14-27,126-139
/proc/16/stat : 16 (python3) S 13 16 0 0 -1 4194304 1897 0 96 0 2 1 0 0 20 0 1 0 53416168 18108416 3107 67087892480 4194304 7154137 140725698200848 0 0 0 0 16781312 2 1 0 0 17 19 0 0 8 0 0 9727432 11029816 29802496 140725698206527 140725698206637 140725698206637 140725698207719 0
/proc/16/statm: 4421 3107 1512 723 0 2063 0
[pid=18] ppid=16 vsize=8528 memory=5296 CPUtime=0.04 cores=14-27,126-139
/proc/18/stat : 18 (bn4rust) R 16 16 0 0 -1 4194304 791 0 19 0 4 0 0 0 20 0 1 0 53416181 8732672 1324 67087892480 94516732055552 94516733922673 140736132721392 0 0 0 0 4096 1088 0 0 0 17 22 0 0 1 0 0 94516734180736 94516734227672 94516759609344 140736132729602 140736132729750 140736132729750 140736132730849 0
/proc/18/statm: 2132 1324 1105 456 0 293 0
Current children cumulated CPU time: 0.07 s
Current children cumulated vsize: 26212 KiB
Current children cumulated memory: 17724 KiB

[startup+0.300497 s]*
/proc/loadavg: 7.64 10.88 14.86 9/2914 18
/proc/meminfo: memFree=493894004/527542268 swapFree=33507324/33554428
[pid=16] ppid=13 vsize=17684 memory=12428 CPUtime=0.03 cores=14-27,126-139
/proc/16/stat : 16 (python3) S 13 16 0 0 -1 4194304 1897 0 96 0 2 1 0 0 20 0 1 0 53416168 18108416 3107 67087892480 4194304 7154137 140725698200848 0 0 0 0 16781312 2 1 0 0 17 19 0 0 8 0 0 9727432 11029816 29802496 140725698206527 140725698206637 140725698206637 140725698207719 0
/proc/16/statm: 4421 3107 1512 723 0 2063 0
[pid=18] ppid=16 vsize=9804 memory=6408 CPUtime=0.14 cores=14-27,126-139
/proc/18/stat : 18 (bn4rust) R 16 16 0 0 -1 4194304 2817 0 19 0 14 0 0 0 20 0 1 0 53416181 10039296 1602 67087892480 94516732055552 94516733922673 140736132721392 0 0 0 0 4096 1088 0 0 0 17 22 0 0 1 0 0 94516734180736 94516734227672 94516759609344 140736132729602 140736132729750 140736132729750 140736132730849 0
/proc/18/statm: 2451 1602 1105 456 0 612 0
Current children cumulated CPU time: 0.17 s
Current children cumulated vsize: 27488 KiB
Current children cumulated memory: 18836 KiB

[startup+0.700221 s]
/proc/loadavg: 7.64 10.88 14.86 9/2914 18
/proc/meminfo: memFree=493694812/527542268 swapFree=33507324/33554428
[pid=16] ppid=13 vsize=17684 memory=12428 CPUtime=0.03 cores=14-27,126-139
/proc/16/stat : 16 (python3) S 13 16 0 0 -1 4194304 1897 0 96 0 2 1 0 0 20 0 1 0 53416168 18108416 3107 67087892480 4194304 7154137 140725698200848 0 0 0 0 16781312 2 1 0 0 17 19 0 0 8 0 0 9727432 11029816 29802496 140725698206527 140725698206637 140725698206637 140725698207719 0
/proc/16/statm: 4421 3107 1512 723 0 2063 0
[pid=18] ppid=16 vsize=11308 memory=8016 CPUtime=0.54 cores=14-27,126-139
/proc/18/stat : 18 (bn4rust) R 16 16 0 0 -1 4194304 7305 0 19 0 53 1 0 0 20 0 1 0 53416181 11579392 2004 67087892480 94516732055552 94516733922673 140736132721392 0 0 0 0 4096 1088 0 0 0 17 22 0 0 1 0 0 94516734180736 94516734227672 94516759609344 140736132729602 140736132729750 140736132729750 140736132730849 0
/proc/18/statm: 2827 2004 1105 456 0 988 0
Current children cumulated CPU time: 0.57 s
Current children cumulated vsize: 28992 KiB
Current children cumulated memory: 20444 KiB

[startup+1.50022 s]
/proc/loadavg: 7.64 10.88 14.86 10/2914 18
/proc/meminfo: memFree=493759080/527542268 swapFree=33507324/33554428
[pid=16] ppid=13 vsize=17684 memory=12428 CPUtime=0.03 cores=14-27,126-139
/proc/16/stat : 16 (python3) S 13 16 0 0 -1 4194304 1897 0 96 0 2 1 0 0 20 0 1 0 53416168 18108416 3107 67087892480 4194304 7154137 140725698200848 0 0 0 0 16781312 2 1 0 0 17 19 0 0 8 0 0 9727432 11029816 29802496 140725698206527 140725698206637 140725698206637 140725698207719 0
/proc/16/statm: 4421 3107 1512 723 0 2063 0
[pid=18] ppid=16 vsize=10428 memory=7128 CPUtime=1.34 cores=14-27,126-139
/proc/18/stat : 18 (bn4rust) R 16 16 0 0 -1 4194304 14880 0 19 0 132 2 0 0 20 0 1 0 53416181 10678272 1782 67087892480 94516732055552 94516733922673 140736132721392 0 0 0 0 4096 1088 0 0 0 17 22 0 0 1 0 0 94516734180736 94516734227672 94516759609344 140736132729602 140736132729750 140736132729750 140736132730849 0
/proc/18/statm: 2607 1782 1105 456 0 768 0
Current children cumulated CPU time: 1.37 s
Current children cumulated vsize: 28112 KiB
Current children cumulated memory: 19556 KiB

[startup+3.10044 s]
/proc/loadavg: 7.64 10.88 14.86 10/2914 18
/proc/meminfo: memFree=493804576/527542268 swapFree=33507324/33554428
[pid=16] ppid=13 vsize=17684 memory=12428 CPUtime=0.03 cores=14-27,126-139
/proc/16/stat : 16 (python3) S 13 16 0 0 -1 4194304 1897 0 96 0 2 1 0 0 20 0 1 0 53416168 18108416 3107 67087892480 4194304 7154137 140725698200848 0 0 0 0 16781312 2 1 0 0 17 19 0 0 8 0 0 9727432 11029816 29802496 140725698206527 140725698206637 140725698206637 140725698207719 0
/proc/16/statm: 4421 3107 1512 723 0 2063 0
[pid=18] ppid=16 vsize=11500 memory=8020 CPUtime=2.93 cores=14-27,126-139
/proc/18/stat : 18 (bn4rust) R 16 16 0 0 -1 4194304 23462 0 19 0 291 2 0 0 20 0 1 0 53416181 11776000 2005 67087892480 94516732055552 94516733922673 140736132721392 0 0 0 0 4096 1088 0 0 0 17 22 0 0 1 0 0 94516734180736 94516734227672 94516759609344 140736132729602 140736132729750 140736132729750 140736132730849 0
/proc/18/statm: 2875 2005 1105 456 0 1036 0
Current children cumulated CPU time: 2.96 s
Current children cumulated vsize: 29184 KiB
Current children cumulated memory: 20448 KiB

[startup+6.30022 s]
/proc/loadavg: 7.75 10.85 14.83 10/2914 18
/proc/meminfo: memFree=494190140/527542268 swapFree=33507324/33554428
[pid=16] ppid=13 vsize=17684 memory=12428 CPUtime=0.03 cores=14-27,126-139
/proc/16/stat : 16 (python3) S 13 16 0 0 -1 4194304 1898 0 96 0 2 1 0 0 20 0 1 0 53416168 18108416 3107 67087892480 4194304 7154137 140725698200848 0 0 0 0 16781312 2 1 0 0 17 19 0 0 8 0 0 9727432 11029816 29802496 140725698206527 140725698206637 140725698206637 140725698207719 0
/proc/16/statm: 4421 3107 1512 723 0 2063 0
[pid=18] ppid=16 vsize=13912 memory=10284 CPUtime=6.12 cores=14-27,126-139
/proc/18/stat : 18 (bn4rust) R 16 16 0 0 -1 4194304 54608 0 19 0 605 7 0 0 20 0 1 0 53416181 14245888 2571 67087892480 94516732055552 94516733922673 140736132721392 0 0 0 0 4096 1088 0 0 0 17 22 0 0 1 0 0 94516734180736 94516734227672 94516759609344 140736132729602 140736132729750 140736132729750 140736132730849 0
/proc/18/statm: 3478 2571 1105 456 0 1639 0
Current children cumulated CPU time: 6.15 s
Current children cumulated vsize: 31596 KiB
Current children cumulated memory: 22712 KiB

[startup+12.7002 s]
/proc/loadavg: 7.77 10.80 14.79 10/2914 18
/proc/meminfo: memFree=493109412/527542268 swapFree=33507324/33554428
[pid=16] ppid=13 vsize=17684 memory=12428 CPUtime=0.04 cores=14-27,126-139
/proc/16/stat : 16 (python3) S 13 16 0 0 -1 4194304 1899 0 96 0 3 1 0 0 20 0 1 0 53416168 18108416 3107 67087892480 4194304 7154137 140725698200848 0 0 0 0 16781312 2 1 0 0 17 19 0 0 8 0 0 9727432 11029816 29802496 140725698206527 140725698206637 140725698206637 140725698207719 0
/proc/16/statm: 4421 3107 1512 723 0 2063 0
[pid=18] ppid=16 vsize=13560 memory=10132 CPUtime=12.5 cores=14-27,126-139
/proc/18/stat : 18 (bn4rust) R 16 16 0 0 -1 4194304 91932 0 19 0 1237 13 0 0 20 0 1 0 53416181 13885440 2533 67087892480 94516732055552 94516733922673 140736132721392 0 0 0 0 4096 1088 0 0 0 17 22 0 0 1 0 0 94516734180736 94516734227672 94516759609344 140736132729602 140736132729750 140736132729750 140736132730849 0
/proc/18/statm: 3390 2533 1105 456 0 1551 0
Current children cumulated CPU time: 12.54 s
Current children cumulated vsize: 31244 KiB
Current children cumulated memory: 22560 KiB

[startup+15.8105 s]
# the end of solver process 16 was just reported to runsolver
# cumulated CPU time of all completed processes:  user=15.5115 s, system=0.151042 s

Solver just ended.
??? end of watcher thread
Dumping a history of the last processes samples

[startup+12.8003 s]
/proc/loadavg: 7.77 10.80 14.79 10/2914 18
/proc/meminfo: memFree=493109412/527542268 swapFree=33507324/33554428
[pid=16] ppid=13 vsize=17684 memory=12428 CPUtime=0.04 cores=14-27,126-139
/proc/16/stat : 16 (python3) S 13 16 0 0 -1 4194304 1899 0 96 0 3 1 0 0 20 0 1 0 53416168 18108416 3107 67087892480 4194304 7154137 140725698200848 0 0 0 0 16781312 2 1 0 0 17 19 0 0 8 0 0 9727432 11029816 29802496 140725698206527 140725698206637 140725698206637 140725698207719 0
/proc/16/statm: 4421 3107 1512 723 0 2063 0
[pid=18] ppid=16 vsize=13560 memory=10132 CPUtime=12.6 cores=14-27,126-139
/proc/18/stat : 18 (bn4rust) R 16 16 0 0 -1 4194304 91932 0 19 0 1247 13 0 0 20 0 1 0 53416181 13885440 2533 67087892480 94516732055552 94516733922673 140736132721392 0 0 0 0 4096 1088 0 0 0 17 22 0 0 1 0 0 94516734180736 94516734227672 94516759609344 140736132729602 140736132729750 140736132729750 140736132730849 0
/proc/18/statm: 3390 2533 1105 456 0 1551 0
Current children cumulated CPU time: 12.64 s
Current children cumulated vsize: 31244 KiB
Current children cumulated memory: 22560 KiB

[startup+14.4002 s]
/proc/loadavg: 7.77 10.80 14.79 10/2914 18
/proc/meminfo: memFree=492459396/527542268 swapFree=33507324/33554428
[pid=16] ppid=13 vsize=17684 memory=12428 CPUtime=0.04 cores=14-27,126-139
/proc/16/stat : 16 (python3) S 13 16 0 0 -1 4194304 1899 0 96 0 3 1 0 0 20 0 1 0 53416168 18108416 3107 67087892480 4194304 7154137 140725698200848 0 0 0 0 16781312 2 1 0 0 17 19 0 0 8 0 0 9727432 11029816 29802496 140725698206527 140725698206637 140725698206637 140725698207719 0
/proc/16/statm: 4421 3107 1512 723 0 2063 0
[pid=18] ppid=16 vsize=13560 memory=10132 CPUtime=14.2 cores=14-27,126-139
/proc/18/stat : 18 (bn4rust) R 16 16 0 0 -1 4194304 91932 0 19 0 1407 13 0 0 20 0 1 0 53416181 13885440 2533 67087892480 94516732055552 94516733922673 140736132721392 0 0 0 0 4096 1088 0 0 0 17 22 0 0 1 0 0 94516734180736 94516734227672 94516759609344 140736132729602 140736132729750 140736132729750 140736132730849 0
/proc/18/statm: 3390 2533 1105 456 0 1551 0
Current children cumulated CPU time: 14.24 s
Current children cumulated vsize: 31244 KiB
Current children cumulated memory: 22560 KiB

[startup+15.2002 s]
/proc/loadavg: 7.77 10.80 14.79 10/2914 18
/proc/meminfo: memFree=492414580/527542268 swapFree=33507324/33554428
[pid=16] ppid=13 vsize=17684 memory=12428 CPUtime=0.04 cores=14-27,126-139
/proc/16/stat : 16 (python3) S 13 16 0 0 -1 4194304 1900 0 96 0 3 1 0 0 20 0 1 0 53416168 18108416 3107 67087892480 4194304 7154137 140725698200848 0 0 0 0 16781312 2 1 0 0 17 19 0 0 8 0 0 9727432 11029816 29802496 140725698206527 140725698206637 140725698206637 140725698207719 0
/proc/16/statm: 4421 3107 1512 723 0 2063 0
[pid=18] ppid=16 vsize=13560 memory=10132 CPUtime=15 cores=14-27,126-139
/proc/18/stat : 18 (bn4rust) R 16 16 0 0 -1 4194304 91932 0 19 0 1487 13 0 0 20 0 1 0 53416181 13885440 2533 67087892480 94516732055552 94516733922673 140736132721392 0 0 0 0 4096 1088 0 0 0 17 22 0 0 1 0 0 94516734180736 94516734227672 94516759609344 140736132729602 140736132729750 140736132729750 140736132730849 0
/proc/18/statm: 3390 2533 1105 456 0 1551 0
Current children cumulated CPU time: 15.04 s
Current children cumulated vsize: 31244 KiB
Current children cumulated memory: 22560 KiB

[startup+15.6002 s]
/proc/loadavg: 7.77 10.80 14.79 10/2914 18
/proc/meminfo: memFree=492414580/527542268 swapFree=33507324/33554428
[pid=16] ppid=13 vsize=17684 memory=12428 CPUtime=0.04 cores=14-27,126-139
/proc/16/stat : 16 (python3) S 13 16 0 0 -1 4194304 1900 0 96 0 3 1 0 0 20 0 1 0 53416168 18108416 3107 67087892480 4194304 7154137 140725698200848 0 0 0 0 16781312 2 1 0 0 17 19 0 0 8 0 0 9727432 11029816 29802496 140725698206527 140725698206637 140725698206637 140725698207719 0
/proc/16/statm: 4421 3107 1512 723 0 2063 0
[pid=18] ppid=16 vsize=13560 memory=10132 CPUtime=15.4 cores=14-27,126-139
/proc/18/stat : 18 (bn4rust) R 16 16 0 0 -1 4194304 91932 0 19 0 1527 13 0 0 20 0 1 0 53416181 13885440 2533 67087892480 94516732055552 94516733922673 140736132721392 0 0 0 0 4096 1088 0 0 0 17 22 0 0 1 0 0 94516734180736 94516734227672 94516759609344 140736132729602 140736132729750 140736132729750 140736132730849 0
/proc/18/statm: 3390 2533 1105 456 0 1551 0
Current children cumulated CPU time: 15.44 s
Current children cumulated vsize: 31244 KiB
Current children cumulated memory: 22560 KiB

[startup+15.8002 s]
/proc/loadavg: 7.77 10.80 14.79 10/2914 18
/proc/meminfo: memFree=492414580/527542268 swapFree=33507324/33554428
[pid=16] ppid=13 vsize=17684 memory=12428 CPUtime=15.63 cores=14-27,126-139
/proc/16/stat : 16 (python3) R 13 16 0 0 -1 4194304 1911 91938 96 21 3 1 1546 13 20 0 1 0 53416168 18108416 3107 67087892480 4194304 7154137 140725698200848 0 0 0 0 16781312 2 0 0 0 17 19 0 0 8 0 0 9727432 11029816 29802496 140725698206527 140725698206637 140725698206637 140725698207719 0
/proc/16/statm: 4421 3107 1512 723 0 2063 0
Current children cumulated CPU time: 15.63 s
Current children cumulated vsize: 17684 KiB
Current children cumulated memory: 12428 KiB

Child status: 0
Real time (s): 15.8105
CPU time (s): 15.6625
CPU user time (s): 15.5115
CPU system time (s): 0.151042
CPU usage (%): 99.064
Max. virtual memory (cumulated for all children) (KiB): 35020
Max. memory (cumulated for all children) (KiB): 26528

getrusage(RUSAGE_CHILDREN,...) data:
user time used= 15.5115
system time used= 0.151042
maximum resident set size= 14100
integral shared memory size= 0
integral unshared data size= 0
integral unshared stack size= 0
page reclaims= 93859
page faults= 117
swaps= 0
block input operations= 20000
block output operations= 0
messages sent= 0
messages received= 0
signals received= 0
voluntary context switches= 1100
involuntary context switches= 22


# summary of solver processes directly reported to runsolver:
#   pid: 16
#   total CPU time (s): 15.6625
#   total CPU user time (s): 15.5115
#   total CPU system time (s): 0.151042

??? join timestamper begins
??? join timestamper ends
??? end of timestamper thread
runsolver used 0.004837 second user time and 0.029517 second system time

The end
