runsolver version 3.4.1 (svn: 3018) Copyright (C) 2010-2013 Olivier ROUSSEL

This program is distributed in the hope that it will be useful,
but WITHOUT ANY WARRANTY; without even the implied warranty of
MERCHANTABILITY or FITNESS FOR A PARTICULAR PURPOSE.  See the
GNU General Public License for more details.

NUMA information:
  number of nodes: 8
  memory of node 0: 63700 MiB (57117 MiB free)
  memory of node 1: 64461 MiB (56862 MiB free)
  memory of node 2: 64504 MiB (57922 MiB free)
  memory of node 3: 64504 MiB (62814 MiB free)
  memory of node 4: 64504 MiB (59771 MiB free)
  memory of node 5: 64504 MiB (60696 MiB free)
  memory of node 6: 64504 MiB (61028 MiB free)
  memory of node 7: 64491 MiB (57178 MiB free)
  node distances:
     10  12  12  12  21  21  21  21
     12  10  12  12  21  21  21  21
     12  12  10  12  21  21  21  21
     12  12  12  10  21  21  21  21
     21  21  21  21  10  12  12  12
     21  21  21  21  12  10  12  12
     21  21  21  21  12  12  10  12
     21  21  21  21  12  12  12  10

command line: /usr/local/bin/runsolver --timestamp -w /output/runsolver-watch.log -v /output/runsolver-values.log -o /output/solver-output.log -C 1800.0 -W 1800.0 -R 64000 /opt/solver/run_bn4rust.py --mode cyber-complement-gfp --instance /input/model_126.bnet 

running on 20 cores: 27-31,36-40,139,144-152

Enforcing CPUTime limit (soft limit, will send SIGTERM then SIGKILL): 1800 seconds
Enforcing CPUTime limit (hard limit, will send SIGXCPU): 1830 seconds
Enforcing wall clock limit (soft limit, will send SIGTERM then SIGKILL): 1800 seconds
Enforcing RSS+Swap limit (soft limit, will send SIGTERM then SIGKILL): 65536000 KiB
Linux 4.18.0-553.159.1.el8_10.x86_64
Current StackSize limit: 18014398509481983 KiB
solver pid=16, runsolver pid=14


[startup+0.100071 s]*
/proc/loadavg: 31.55 33.83 28.87 24/2808 17
/proc/meminfo: memFree=484757604/527542292 swapFree=33545980/33554428
[pid=16] ppid=14 vsize=15800 memory=10116 CPUtime=0.02 cores=27-40,139-152
/proc/16/stat : 16 (python3) R 14 16 0 0 -1 4194304 1388 0 84 0 2 0 0 0 20 0 1 0 53383614 16179200 2529 67087892480 4194304 7154137 140731913704752 0 0 0 0 16781312 2 0 0 0 17 40 0 0 6 0 0 9727432 11029816 38584320 140731913710413 140731913710509 140731913710509 140731913711591 0
/proc/16/statm: 3950 2529 1394 723 0 1674 0
Current children cumulated CPU time: 0.02 s
Current children cumulated vsize: 15800 KiB
Current children cumulated memory: 10116 KiB

[startup+0.200717 s]*
/proc/loadavg: 31.55 33.83 28.87 24/2809 18
/proc/meminfo: memFree=484724968/527542292 swapFree=33545980/33554428
[pid=16] ppid=14 vsize=17684 memory=12424 CPUtime=0.03 cores=27-40,139-152
/proc/16/stat : 16 (python3) S 14 16 0 0 -1 4194304 1894 0 96 0 3 0 0 0 20 0 1 0 53383614 18108416 3106 67087892480 4194304 7154137 140731913704752 0 0 0 0 16781312 2 1 0 0 17 40 0 0 8 0 0 9727432 11029816 38584320 140731913710413 140731913710509 140731913710509 140731913711591 0
/proc/16/statm: 4421 3106 1512 723 0 2063 0
[pid=18] ppid=16 vsize=8772 memory=5796 CPUtime=0.03 cores=27-40,139-152
/proc/18/stat : 18 (bn4rust) R 16 16 0 0 -1 4194304 1921 0 18 0 3 0 0 0 20 0 1 0 53383628 8982528 1449 67087892480 94038757949440 94038759816561 140723083553424 0 0 0 0 4096 1088 0 0 0 17 34 0 0 1 0 0 94038760074624 94038760121560 94038779531264 140723083557648 140723083557782 140723083557782 140723083558881 0
/proc/18/statm: 2193 1449 1123 456 0 354 0
Current children cumulated CPU time: 0.06 s
Current children cumulated vsize: 26456 KiB
Current children cumulated memory: 18220 KiB

[startup+0.300533 s]*
/proc/loadavg: 31.55 33.83 28.87 25/2809 18
/proc/meminfo: memFree=484719076/527542292 swapFree=33545980/33554428
[pid=16] ppid=14 vsize=17684 memory=12424 CPUtime=0.03 cores=27-40,139-152
/proc/16/stat : 16 (python3) S 14 16 0 0 -1 4194304 1895 0 96 0 3 0 0 0 20 0 1 0 53383614 18108416 3106 67087892480 4194304 7154137 140731913704752 0 0 0 0 16781312 2 1 0 0 17 40 0 0 8 0 0 9727432 11029816 38584320 140731913710413 140731913710509 140731913710509 140731913711591 0
/proc/16/statm: 4421 3106 1512 723 0 2063 0
[pid=18] ppid=16 vsize=9332 memory=5796 CPUtime=0.13 cores=27-40,139-152
/proc/18/stat : 18 (bn4rust) R 16 16 0 0 -1 4194304 5563 0 18 0 13 0 0 0 20 0 1 0 53383628 9555968 1449 67087892480 94038757949440 94038759816561 140723083553424 0 0 0 0 4096 1088 0 0 0 17 34 0 0 1 0 0 94038760074624 94038760121560 94038779531264 140723083557648 140723083557782 140723083557782 140723083558881 0
/proc/18/statm: 2333 1449 1123 456 0 494 0
Current children cumulated CPU time: 0.16 s
Current children cumulated vsize: 27016 KiB
Current children cumulated memory: 18220 KiB

[startup+0.407912 s]
# the end of solver process 16 was just reported to runsolver
# cumulated CPU time of all completed processes:  user=0.270246 s, system=0.023915 s

Solver just ended.
??? end of watcher thread
Dumping a history of the last processes samples

[startup+0.400554 s]*
/proc/loadavg: 31.55 33.83 28.87 24/2808 18
/proc/meminfo: memFree=484715016/527542292 swapFree=33545980/33554428
[pid=16] ppid=14 vsize=17684 memory=12424 CPUtime=0.26 cores=27-40,139-152
/proc/16/stat : 16 (python3) R 14 16 0 0 -1 4194304 1898 9214 96 20 3 0 22 1 20 0 1 0 53383614 18108416 3106 67087892480 4194304 7154137 140731913704752 0 0 0 0 16781312 2 0 0 0 17 40 0 0 8 0 0 9727432 11029816 38584320 140731913710413 140731913710509 140731913710509 140731913711591 0
/proc/16/statm: 4421 3106 1512 723 0 2063 0
Current children cumulated CPU time: 0.26 s
Current children cumulated vsize: 17684 KiB
Current children cumulated memory: 12424 KiB

Child status: 0
Real time (s): 0.407939
CPU time (s): 0.294161
CPU user time (s): 0.270246
CPU system time (s): 0.023915
CPU usage (%): 72.109
Max. virtual memory (cumulated for all children) (KiB): 27016
Max. memory (cumulated for all children) (KiB): 18220

getrusage(RUSAGE_CHILDREN,...) data:
user time used= 0.270246
system time used= 0.023915
maximum resident set size= 12592
integral shared memory size= 0
integral unshared data size= 0
integral unshared stack size= 0
page reclaims= 11122
page faults= 116
swaps= 0
block input operations= 19800
block output operations= 0
messages sent= 0
messages received= 0
signals received= 0
voluntary context switches= 972
involuntary context switches= 0


# summary of solver processes directly reported to runsolver:
#   pid: 16
#   total CPU time (s): 0.294161
#   total CPU user time (s): 0.270246
#   total CPU system time (s): 0.023915

??? join timestamper begins
??? join timestamper ends
??? end of timestamper thread
runsolver used 0.001073 second user time and 0.007087 second system time

The end
