runsolver version 3.4.1 (svn: 3018) Copyright (C) 2010-2013 Olivier ROUSSEL

This program is distributed in the hope that it will be useful,
but WITHOUT ANY WARRANTY; without even the implied warranty of
MERCHANTABILITY or FITNESS FOR A PARTICULAR PURPOSE.  See the
GNU General Public License for more details.

NUMA information:
  number of nodes: 8
  memory of node 0: 63700 MiB (61773 MiB free)
  memory of node 1: 64504 MiB (63656 MiB free)
  memory of node 2: 64504 MiB (63863 MiB free)
  memory of node 3: 64504 MiB (63817 MiB free)
  memory of node 4: 64504 MiB (63871 MiB free)
  memory of node 5: 64461 MiB (63922 MiB free)
  memory of node 6: 64504 MiB (62763 MiB free)
  memory of node 7: 64491 MiB (63849 MiB free)
  node distances:
     10  12  12  12  21  21  21  21
     12  10  12  12  21  21  21  21
     12  12  10  12  21  21  21  21
     12  12  12  10  21  21  21  21
     21  21  21  21  10  12  12  12
     21  21  21  21  12  10  12  12
     21  21  21  21  12  12  10  12
     21  21  21  21  12  12  12  10

command line: /usr/local/bin/runsolver --timestamp -w /output/runsolver-watch.log -v /output/runsolver-values.log -o /output/solver-output.log -C 1800.0 -W 1800.0 -R 64000 /opt/solver/run_bn4rust.py --mode cyber-full --instance /input/model_145.bnet 

running on 20 cores: 98-103,108-111,210-211,216-223

Enforcing CPUTime limit (soft limit, will send SIGTERM then SIGKILL): 1800 seconds
Enforcing CPUTime limit (hard limit, will send SIGXCPU): 1830 seconds
Enforcing wall clock limit (soft limit, will send SIGTERM then SIGKILL): 1800 seconds
Enforcing RSS+Swap limit (soft limit, will send SIGTERM then SIGKILL): 65536000 KiB
Linux 4.18.0-553.159.1.el8_10.x86_64
solver pid=16, runsolver pid=13
Current StackSize limit: 18014398509481983 KiB


[startup+0.100082 s]*
/proc/loadavg: 0.42 0.11 0.03 12/2873 17
/proc/meminfo: memFree=519593936/527542252 swapFree=33525500/33554428
[pid=16] ppid=13 vsize=15800 memory=10120 CPUtime=0.02 cores=98-111,210-223
/proc/16/stat : 16 (python3) S 13 16 0 0 -1 4194304 1390 0 84 0 1 1 0 0 20 0 1 0 46720424 16179200 2530 67087892480 4194304 7154137 140728711098000 0 0 0 0 16781312 2 1 0 0 17 101 0 0 6 0 0 9727432 11029816 32387072 140728711105367 140728711105453 140728711105453 140728711106535 0
/proc/16/statm: 3950 2530 1394 723 0 1674 0
Current children cumulated CPU time: 0.02 s
Current children cumulated vsize: 15800 KiB
Current children cumulated memory: 10120 KiB

[startup+0.200538 s]*
/proc/loadavg: 0.42 0.11 0.03 5/2879 18
/proc/meminfo: memFree=519545656/527542252 swapFree=33525500/33554428
[pid=16] ppid=13 vsize=17684 memory=12428 CPUtime=0.03 cores=98-111,210-223
/proc/16/stat : 16 (python3) S 13 16 0 0 -1 4194304 1890 0 96 0 2 1 0 0 20 0 1 0 46720424 18108416 3107 67087892480 4194304 7154137 140728711098000 0 0 0 0 16781312 2 1 0 0 17 101 0 0 8 0 0 9727432 11029816 32387072 140728711105367 140728711105453 140728711105453 140728711106535 0
/proc/16/statm: 4421 3107 1512 723 0 2063 0
[pid=18] ppid=16 vsize=8048 memory=5000 CPUtime=0.01 cores=98-111,210-223
/proc/18/stat : 18 (bn4rust) R 16 16 0 0 -1 4194304 224 0 18 0 1 0 0 0 20 0 1 0 46720440 8241152 1250 67087892480 94215094194176 94215096061297 140723561119632 0 0 0 0 4096 1088 0 0 0 17 104 0 0 1 0 0 94215096319360 94215096366296 94215129681920 140723561126682 140723561126806 140723561126806 140723561127905 0
/proc/18/statm: 2012 1250 1105 456 0 173 0
Current children cumulated CPU time: 0.04 s
Current children cumulated vsize: 25732 KiB
Current children cumulated memory: 17428 KiB

[startup+0.300478 s]*
/proc/loadavg: 0.42 0.11 0.03 7/2803 18
/proc/meminfo: memFree=519672952/527542252 swapFree=33525500/33554428
[pid=16] ppid=13 vsize=17684 memory=12428 CPUtime=0.03 cores=98-111,210-223
/proc/16/stat : 16 (python3) S 13 16 0 0 -1 4194304 1891 0 96 0 2 1 0 0 20 0 1 0 46720424 18108416 3107 67087892480 4194304 7154137 140728711098000 0 0 0 0 16781312 2 1 0 0 17 101 0 0 8 0 0 9727432 11029816 32387072 140728711105367 140728711105453 140728711105453 140728711106535 0
/proc/16/statm: 4421 3107 1512 723 0 2063 0
[pid=18] ppid=16 vsize=8224 memory=5192 CPUtime=0.11 cores=98-111,210-223
/proc/18/stat : 18 (bn4rust) R 16 16 0 0 -1 4194304 1066 0 18 0 11 0 0 0 20 0 1 0 46720440 8421376 1298 67087892480 94215094194176 94215096061297 140723561119632 0 0 0 0 4096 1088 0 0 0 17 104 0 0 1 0 0 94215096319360 94215096366296 94215129681920 140723561126682 140723561126806 140723561126806 140723561127905 0
/proc/18/statm: 2056 1298 1105 456 0 217 0
Current children cumulated CPU time: 0.14 s
Current children cumulated vsize: 25908 KiB
Current children cumulated memory: 17620 KiB

[startup+0.700239 s]
/proc/loadavg: 0.42 0.11 0.03 9/2754 18
/proc/meminfo: memFree=519803340/527542252 swapFree=33525500/33554428
[pid=16] ppid=13 vsize=17684 memory=12428 CPUtime=0.03 cores=98-111,210-223
/proc/16/stat : 16 (python3) S 13 16 0 0 -1 4194304 1891 0 96 0 2 1 0 0 20 0 1 0 46720424 18108416 3107 67087892480 4194304 7154137 140728711098000 0 0 0 0 16781312 2 1 0 0 17 101 0 0 8 0 0 9727432 11029816 32387072 140728711105367 140728711105453 140728711105453 140728711106535 0
/proc/16/statm: 4421 3107 1512 723 0 2063 0
[pid=18] ppid=16 vsize=8948 memory=5600 CPUtime=0.5 cores=98-111,210-223
/proc/18/stat : 18 (bn4rust) R 16 16 0 0 -1 4194304 7258 0 18 0 50 0 0 0 20 0 1 0 46720440 9162752 1400 67087892480 94215094194176 94215096061297 140723561119632 0 0 0 0 4096 1088 0 0 0 17 216 0 0 1 0 0 94215096319360 94215096366296 94215129681920 140723561126682 140723561126806 140723561126806 140723561127905 0
/proc/18/statm: 2237 1400 1105 456 0 398 0
Current children cumulated CPU time: 0.53 s
Current children cumulated vsize: 26632 KiB
Current children cumulated memory: 18028 KiB

[startup+1.50014 s]
/proc/loadavg: 0.42 0.11 0.03 9/2774 18
/proc/meminfo: memFree=519747680/527542252 swapFree=33525500/33554428
[pid=16] ppid=13 vsize=17684 memory=12428 CPUtime=0.03 cores=98-111,210-223
/proc/16/stat : 16 (python3) S 13 16 0 0 -1 4194304 1891 0 96 0 2 1 0 0 20 0 1 0 46720424 18108416 3107 67087892480 4194304 7154137 140728711098000 0 0 0 0 16781312 2 1 0 0 17 101 0 0 8 0 0 9727432 11029816 32387072 140728711105367 140728711105453 140728711105453 140728711106535 0
/proc/16/statm: 4421 3107 1512 723 0 2063 0
[pid=18] ppid=16 vsize=9068 memory=5888 CPUtime=1.3 cores=98-111,210-223
/proc/18/stat : 18 (bn4rust) R 16 16 0 0 -1 4194304 13871 0 18 0 129 1 0 0 20 0 1 0 46720440 9285632 1472 67087892480 94215094194176 94215096061297 140723561119632 0 0 0 0 4096 1088 0 0 0 17 216 0 0 1 0 0 94215096319360 94215096366296 94215129681920 140723561126682 140723561126806 140723561126806 140723561127905 0
/proc/18/statm: 2267 1472 1105 456 0 428 0
Current children cumulated CPU time: 1.33 s
Current children cumulated vsize: 26752 KiB
Current children cumulated memory: 18316 KiB

[startup+3.10041 s]
/proc/loadavg: 0.42 0.11 0.03 4/2771 18
/proc/meminfo: memFree=519727912/527542252 swapFree=33525500/33554428
[pid=16] ppid=13 vsize=17684 memory=12428 CPUtime=0.03 cores=98-111,210-223
/proc/16/stat : 16 (python3) S 13 16 0 0 -1 4194304 1892 0 96 0 2 1 0 0 20 0 1 0 46720424 18108416 3107 67087892480 4194304 7154137 140728711098000 0 0 0 0 16781312 2 1 0 0 17 101 0 0 8 0 0 9727432 11029816 32387072 140728711105367 140728711105453 140728711105453 140728711106535 0
/proc/16/statm: 4421 3107 1512 723 0 2063 0
[pid=18] ppid=16 vsize=9236 memory=5888 CPUtime=2.89 cores=98-111,210-223
/proc/18/stat : 18 (bn4rust) R 16 16 0 0 -1 4194304 35708 0 18 0 285 4 0 0 20 0 1 0 46720440 9457664 1472 67087892480 94215094194176 94215096061297 140723561119632 0 0 0 0 4096 1088 0 0 0 17 216 0 0 1 0 0 94215096319360 94215096366296 94215129681920 140723561126682 140723561126806 140723561126806 140723561127905 0
/proc/18/statm: 2309 1472 1105 456 0 470 0
Current children cumulated CPU time: 2.92 s
Current children cumulated vsize: 26920 KiB
Current children cumulated memory: 18316 KiB

[startup+6.30022 s]
/proc/loadavg: 0.94 0.23 0.07 4/2701 18
/proc/meminfo: memFree=519722596/527542252 swapFree=33525500/33554428
[pid=16] ppid=13 vsize=17684 memory=12428 CPUtime=0.04 cores=98-111,210-223
/proc/16/stat : 16 (python3) S 13 16 0 0 -1 4194304 1893 0 96 0 3 1 0 0 20 0 1 0 46720424 18108416 3107 67087892480 4194304 7154137 140728711098000 0 0 0 0 16781312 2 1 0 0 17 111 0 0 8 0 0 9727432 11029816 32387072 140728711105367 140728711105453 140728711105453 140728711106535 0
/proc/16/statm: 4421 3107 1512 723 0 2063 0
[pid=18] ppid=16 vsize=12068 memory=8608 CPUtime=6.08 cores=98-111,210-223
/proc/18/stat : 18 (bn4rust) R 16 16 0 0 -1 4194304 73004 0 18 0 600 8 0 0 20 0 1 0 46720440 12357632 2152 67087892480 94215094194176 94215096061297 140723561119632 0 0 0 0 4096 1088 0 0 0 17 216 0 0 1 0 0 94215096319360 94215096366296 94215129681920 140723561126682 140723561126806 140723561126806 140723561127905 0
/proc/18/statm: 3017 2152 1105 456 0 1178 0
Current children cumulated CPU time: 6.12 s
Current children cumulated vsize: 29752 KiB
Current children cumulated memory: 21036 KiB

[startup+12.7002 s]
/proc/loadavg: 1.51 0.36 0.11 7/2840 18
/proc/meminfo: memFree=519398652/527542252 swapFree=33525500/33554428
[pid=16] ppid=13 vsize=17684 memory=12428 CPUtime=0.04 cores=98-111,210-223
/proc/16/stat : 16 (python3) S 13 16 0 0 -1 4194304 1893 0 96 0 3 1 0 0 20 0 1 0 46720424 18108416 3107 67087892480 4194304 7154137 140728711098000 0 0 0 0 16781312 2 1 0 0 17 111 0 0 8 0 0 9727432 11029816 32387072 140728711105367 140728711105453 140728711105453 140728711106535 0
/proc/16/statm: 4421 3107 1512 723 0 2063 0
[pid=18] ppid=16 vsize=12276 memory=9056 CPUtime=12.46 cores=98-111,210-223
/proc/18/stat : 18 (bn4rust) R 16 16 0 0 -1 4194304 132609 0 18 0 1228 18 0 0 20 0 1 0 46720440 12570624 2264 67087892480 94215094194176 94215096061297 140723561119632 0 0 0 0 4096 1088 0 0 0 17 104 0 0 1 0 0 94215096319360 94215096366296 94215129681920 140723561126682 140723561126806 140723561126806 140723561127905 0
/proc/18/statm: 3069 2264 1105 456 0 1230 0
Current children cumulated CPU time: 12.5 s
Current children cumulated vsize: 29960 KiB
Current children cumulated memory: 21484 KiB

[startup+25.5002 s]
/proc/loadavg: 2.51 0.64 0.20 7/2825 18
/proc/meminfo: memFree=519402452/527542252 swapFree=33525500/33554428
[pid=16] ppid=13 vsize=17684 memory=12428 CPUtime=0.04 cores=98-111,210-223
/proc/16/stat : 16 (python3) S 13 16 0 0 -1 4194304 1895 0 96 0 3 1 0 0 20 0 1 0 46720424 18108416 3107 67087892480 4194304 7154137 140728711098000 0 0 0 0 16781312 2 1 0 0 17 111 0 0 8 0 0 9727432 11029816 32387072 140728711105367 140728711105453 140728711105453 140728711106535 0
/proc/16/statm: 4421 3107 1512 723 0 2063 0
[pid=18] ppid=16 vsize=13188 memory=9816 CPUtime=25.22 cores=98-111,210-223
/proc/18/stat : 18 (bn4rust) R 16 16 0 0 -1 4194304 289156 0 18 0 2481 41 0 0 20 0 1 0 46720440 13504512 2454 67087892480 94215094194176 94215096061297 140723561119632 0 0 0 0 4096 1088 0 0 0 17 104 0 0 1 0 0 94215096319360 94215096366296 94215129681920 140723561126682 140723561126806 140723561126806 140723561127905 0
/proc/18/statm: 3297 2454 1105 456 0 1458 0
Current children cumulated CPU time: 25.26 s
Current children cumulated vsize: 30872 KiB
Current children cumulated memory: 22244 KiB

[startup+46.8694 s]
# the end of solver process 16 was just reported to runsolver
# cumulated CPU time of all completed processes:  user=45.974 s, system=0.62044 s

Solver just ended.
??? end of watcher thread
Dumping a history of the last processes samples

[startup+25.6003 s]
/proc/loadavg: 2.51 0.64 0.20 7/2825 18
/proc/meminfo: memFree=519402452/527542252 swapFree=33525500/33554428
[pid=16] ppid=13 vsize=17684 memory=12428 CPUtime=0.04 cores=98-111,210-223
/proc/16/stat : 16 (python3) S 13 16 0 0 -1 4194304 1895 0 96 0 3 1 0 0 20 0 1 0 46720424 18108416 3107 67087892480 4194304 7154137 140728711098000 0 0 0 0 16781312 2 1 0 0 17 111 0 0 8 0 0 9727432 11029816 32387072 140728711105367 140728711105453 140728711105453 140728711106535 0
/proc/16/statm: 4421 3107 1512 723 0 2063 0
[pid=18] ppid=16 vsize=15624 memory=12456 CPUtime=25.32 cores=98-111,210-223
/proc/18/stat : 18 (bn4rust) R 16 16 0 0 -1 4194304 289764 0 18 0 2491 41 0 0 20 0 1 0 46720440 15998976 3114 67087892480 94215094194176 94215096061297 140723561119632 0 0 0 0 4096 1088 0 0 0 17 104 0 0 1 0 0 94215096319360 94215096366296 94215129681920 140723561126682 140723561126806 140723561126806 140723561127905 0
/proc/18/statm: 3906 3114 1105 456 0 2067 0
Current children cumulated CPU time: 25.36 s
Current children cumulated vsize: 33308 KiB
Current children cumulated memory: 24884 KiB

[startup+38.4002 s]
/proc/loadavg: 3.04 0.81 0.27 6/2775 18
/proc/meminfo: memFree=519386468/527542252 swapFree=33525500/33554428
[pid=16] ppid=13 vsize=17684 memory=12428 CPUtime=0.04 cores=98-111,210-223
/proc/16/stat : 16 (python3) S 13 16 0 0 -1 4194304 1896 0 96 0 3 1 0 0 20 0 1 0 46720424 18108416 3107 67087892480 4194304 7154137 140728711098000 0 0 0 0 16781312 2 1 0 0 17 111 0 0 8 0 0 9727432 11029816 32387072 140728711105367 140728711105453 140728711105453 140728711106535 0
/proc/16/statm: 4421 3107 1512 723 0 2063 0
[pid=18] ppid=16 vsize=12804 memory=9464 CPUtime=38.08 cores=98-111,210-223
/proc/18/stat : 18 (bn4rust) R 16 16 0 0 -1 4194304 417192 0 18 0 3749 59 0 0 20 0 1 0 46720440 13111296 2366 67087892480 94215094194176 94215096061297 140723561119632 0 0 0 0 4096 1088 0 0 0 17 216 0 0 1 0 0 94215096319360 94215096366296 94215129681920 140723561126682 140723561126806 140723561126806 140723561127905 0
/proc/18/statm: 3201 2366 1105 456 0 1362 0
Current children cumulated CPU time: 38.12 s
Current children cumulated vsize: 30488 KiB
Current children cumulated memory: 21892 KiB

[startup+41.6002 s]
/proc/loadavg: 3.20 0.88 0.29 6/2775 18
/proc/meminfo: memFree=519403736/527542252 swapFree=33525500/33554428
[pid=16] ppid=13 vsize=17684 memory=12428 CPUtime=0.04 cores=98-111,210-223
/proc/16/stat : 16 (python3) S 13 16 0 0 -1 4194304 1897 0 96 0 3 1 0 0 20 0 1 0 46720424 18108416 3107 67087892480 4194304 7154137 140728711098000 0 0 0 0 16781312 2 1 0 0 17 111 0 0 8 0 0 9727432 11029816 32387072 140728711105367 140728711105453 140728711105453 140728711106535 0
/proc/16/statm: 4421 3107 1512 723 0 2063 0
[pid=18] ppid=16 vsize=12420 memory=9192 CPUtime=41.27 cores=98-111,210-223
/proc/18/stat : 18 (bn4rust) R 16 16 0 0 -1 4194304 422006 0 18 0 4068 59 0 0 20 0 1 0 46720440 12718080 2298 67087892480 94215094194176 94215096061297 140723561119632 0 0 0 0 4096 1088 0 0 0 17 216 0 0 1 0 0 94215096319360 94215096366296 94215129681920 140723561126682 140723561126806 140723561126806 140723561127905 0
/proc/18/statm: 3105 2298 1105 456 0 1266 0
Current children cumulated CPU time: 41.31 s
Current children cumulated vsize: 30104 KiB
Current children cumulated memory: 21620 KiB

[startup+44.8002 s]
/proc/loadavg: 3.20 0.88 0.29 6/2775 18
/proc/meminfo: memFree=519405340/527542252 swapFree=33525500/33554428
[pid=16] ppid=13 vsize=17684 memory=12428 CPUtime=0.04 cores=98-111,210-223
/proc/16/stat : 16 (python3) S 13 16 0 0 -1 4194304 1897 0 96 0 3 1 0 0 20 0 1 0 46720424 18108416 3107 67087892480 4194304 7154137 140728711098000 0 0 0 0 16781312 2 1 0 0 17 111 0 0 8 0 0 9727432 11029816 32387072 140728711105367 140728711105453 140728711105453 140728711106535 0
/proc/16/statm: 4421 3107 1512 723 0 2063 0
[pid=18] ppid=16 vsize=12420 memory=9192 CPUtime=44.46 cores=98-111,210-223
/proc/18/stat : 18 (bn4rust) R 16 16 0 0 -1 4194304 422006 0 18 0 4387 59 0 0 20 0 1 0 46720440 12718080 2298 67087892480 94215094194176 94215096061297 140723561119632 0 0 0 0 4096 1088 0 0 0 17 216 0 0 1 0 0 94215096319360 94215096366296 94215129681920 140723561126682 140723561126806 140723561126806 140723561127905 0
/proc/18/statm: 3105 2298 1105 456 0 1266 0
Current children cumulated CPU time: 44.5 s
Current children cumulated vsize: 30104 KiB
Current children cumulated memory: 21620 KiB

[startup+45.6002 s]
/proc/loadavg: 3.35 0.95 0.32 6/2775 18
/proc/meminfo: memFree=519493344/527542252 swapFree=33525500/33554428
[pid=16] ppid=13 vsize=17684 memory=12428 CPUtime=0.04 cores=98-111,210-223
/proc/16/stat : 16 (python3) S 13 16 0 0 -1 4194304 1897 0 96 0 3 1 0 0 20 0 1 0 46720424 18108416 3107 67087892480 4194304 7154137 140728711098000 0 0 0 0 16781312 2 1 0 0 17 111 0 0 8 0 0 9727432 11029816 32387072 140728711105367 140728711105453 140728711105453 140728711106535 0
/proc/16/statm: 4421 3107 1512 723 0 2063 0
[pid=18] ppid=16 vsize=12420 memory=9192 CPUtime=45.26 cores=98-111,210-223
/proc/18/stat : 18 (bn4rust) R 16 16 0 0 -1 4194304 422006 0 18 0 4467 59 0 0 20 0 1 0 46720440 12718080 2298 67087892480 94215094194176 94215096061297 140723561119632 0 0 0 0 4096 1088 0 0 0 17 216 0 0 1 0 0 94215096319360 94215096366296 94215129681920 140723561126682 140723561126806 140723561126806 140723561127905 0
/proc/18/statm: 3105 2298 1105 456 0 1266 0
Current children cumulated CPU time: 45.3 s
Current children cumulated vsize: 30104 KiB
Current children cumulated memory: 21620 KiB

[startup+46.4002 s]
/proc/loadavg: 3.35 0.95 0.32 6/2775 18
/proc/meminfo: memFree=519513544/527542252 swapFree=33525500/33554428
[pid=16] ppid=13 vsize=17684 memory=12428 CPUtime=0.04 cores=98-111,210-223
/proc/16/stat : 16 (python3) S 13 16 0 0 -1 4194304 1897 0 96 0 3 1 0 0 20 0 1 0 46720424 18108416 3107 67087892480 4194304 7154137 140728711098000 0 0 0 0 16781312 2 1 0 0 17 111 0 0 8 0 0 9727432 11029816 32387072 140728711105367 140728711105453 140728711105453 140728711106535 0
/proc/16/statm: 4421 3107 1512 723 0 2063 0
[pid=18] ppid=16 vsize=12420 memory=9192 CPUtime=46.06 cores=98-111,210-223
/proc/18/stat : 18 (bn4rust) R 16 16 0 0 -1 4194304 422006 0 18 0 4547 59 0 0 20 0 1 0 46720440 12718080 2298 67087892480 94215094194176 94215096061297 140723561119632 0 0 0 0 4096 1088 0 0 0 17 216 0 0 1 0 0 94215096319360 94215096366296 94215129681920 140723561126682 140723561126806 140723561126806 140723561127905 0
/proc/18/statm: 3105 2298 1105 456 0 1266 0
Current children cumulated CPU time: 46.1 s
Current children cumulated vsize: 30104 KiB
Current children cumulated memory: 21620 KiB

[startup+46.8002 s]
/proc/loadavg: 3.35 0.95 0.32 6/2775 18
/proc/meminfo: memFree=519513544/527542252 swapFree=33525500/33554428
[pid=16] ppid=13 vsize=17684 memory=12428 CPUtime=0.05 cores=98-111,210-223
/proc/16/stat : 16 (python3) S 13 16 0 0 -1 4194304 1897 0 96 0 3 2 0 0 20 0 1 0 46720424 18108416 3107 67087892480 4194304 7154137 140728711098000 0 0 0 0 16781312 2 1 0 0 17 111 0 0 8 0 0 9727432 11029816 32387072 140728711105367 140728711105453 140728711105453 140728711106535 0
/proc/16/statm: 4421 3107 1512 723 0 2063 0
[pid=18] ppid=16 vsize=12420 memory=9192 CPUtime=46.46 cores=98-111,210-223
/proc/18/stat : 18 (bn4rust) R 16 16 0 0 -1 4194304 422006 0 18 0 4587 59 0 0 20 0 1 0 46720440 12718080 2298 67087892480 94215094194176 94215096061297 140723561119632 0 0 0 0 4096 1088 0 0 0 17 216 0 0 1 0 0 94215096319360 94215096366296 94215129681920 140723561126682 140723561126806 140723561126806 140723561127905 0
/proc/18/statm: 3105 2298 1105 456 0 1266 0
Current children cumulated CPU time: 46.51 s
Current children cumulated vsize: 30104 KiB
Current children cumulated memory: 21620 KiB

Child status: 0
Real time (s): 46.8694
CPU time (s): 46.5944
CPU user time (s): 45.974
CPU system time (s): 0.62044
CPU usage (%): 99.4132
Max. virtual memory (cumulated for all children) (KiB): 33756
Max. memory (cumulated for all children) (KiB): 25172

getrusage(RUSAGE_CHILDREN,...) data:
user time used= 45.974
system time used= 0.62044
maximum resident set size= 12896
integral shared memory size= 0
integral unshared data size= 0
integral unshared stack size= 0
page reclaims= 423932
page faults= 116
swaps= 0
block input operations= 20000
block output operations= 8
messages sent= 0
messages received= 0
signals received= 0
voluntary context switches= 1309
involuntary context switches= 136


# summary of solver processes directly reported to runsolver:
#   pid: 16
#   total CPU time (s): 46.5944
#   total CPU user time (s): 45.974
#   total CPU system time (s): 0.62044

??? join timestamper begins
??? join timestamper ends
??? end of timestamper thread
runsolver used 0 second user time and 0.086159 second system time

The end
