# WCTIME: wall clock time in seconds
WCTIME=0.172602
# CPUTIME: CPU time in seconds (USERTIME+SYSTEMTIME)
CPUTIME=0.061953
# USERTIME: CPU time spent in user mode in seconds
USERTIME=0.050712
# SYSTEMTIME: CPU time spent in system mode in seconds
SYSTEMTIME=0.011241
# CPUUSAGE: CPUTIME/WCTIME in percent
CPUUSAGE=35.8935
# MAXVM: maximum virtual memory used in KiB
MAXVM=15800
# MAXMM: maximum memory used in KiB
MAXMM=10080
# MAXRSS: maximum Resident Segment Size in KiB
MAXRSS=12588
# TIMEOUT: did the solver exceed the time limit?
TIMEOUT=false
# MEMOUT: did the solver exceed the memory limit?
MEMOUT=false
# EXITSTATUS: Exit status of the solver
EXITSTATUS=0
