runsolver version 3.4.1 (svn: 3018) Copyright (C) 2010-2013 Olivier ROUSSEL

This program is distributed in the hope that it will be useful,
but WITHOUT ANY WARRANTY; without even the implied warranty of
MERCHANTABILITY or FITNESS FOR A PARTICULAR PURPOSE.  See the
GNU General Public License for more details.

NUMA information:
  number of nodes: 8
  memory of node 0: 63700 MiB (57027 MiB free)
  memory of node 1: 64504 MiB (41725 MiB free)
  memory of node 2: 64461 MiB (57298 MiB free)
  memory of node 3: 64504 MiB (57480 MiB free)
  memory of node 4: 64504 MiB (63336 MiB free)
  memory of node 5: 64504 MiB (55967 MiB free)
  memory of node 6: 64504 MiB (58955 MiB free)
  memory of node 7: 64491 MiB (54975 MiB free)
  node distances:
     10  12  12  12  21  21  21  21
     12  10  12  12  21  21  21  21
     12  12  10  12  21  21  21  21
     12  12  12  10  21  21  21  21
     21  21  21  21  10  12  12  12
     21  21  21  21  12  10  12  12
     21  21  21  21  12  12  10  12
     21  21  21  21  12  12  12  10

command line: /usr/local/bin/runsolver --timestamp -w /output/runsolver-watch.log -v /output/runsolver-values.log -o /output/solver-output.log -C 1800.0 -W 1800.0 -R 64000 /opt/solver/run_bn4rust.py --mode cyber-complement-gfp-plus-sink-scc --instance /input/model_146.bnet 

running on 20 cores: 28-31,36-38,44-46,144-150,156-158

Enforcing CPUTime limit (soft limit, will send SIGTERM then SIGKILL): 1800 seconds
Enforcing CPUTime limit (hard limit, will send SIGXCPU): 1830 seconds
Enforcing wall clock limit (soft limit, will send SIGTERM then SIGKILL): 1800 seconds
Enforcing RSS+Swap limit (soft limit, will send SIGTERM then SIGKILL): 65536000 KiB
Linux 4.18.0-553.159.1.el8_10.x86_64
Current StackSize limit: 18014398509481983 KiB

solver pid=16, runsolver pid=13

[startup+0.100067 s]*
/proc/loadavg: 36.14 36.76 36.59 37/2811 17
/proc/meminfo: memFree=457469092/527542196 swapFree=33554172/33554428
[pid=16] ppid=13 vsize=15800 memory=10116 CPUtime=0.01 cores=28-38,44-46,140-150,156-158
/proc/16/stat : 16 (python3) R 13 16 0 0 -1 4194304 1394 0 84 0 1 0 0 0 20 0 1 0 53414976 16179200 2529 67087892480 4194304 7154137 140725889862960 0 0 0 0 16781312 2 0 0 0 17 30 0 0 6 0 0 9727432 11029816 28512256 140725889870655 140725889870765 140725889870765 140725889871847 0
/proc/16/statm: 3950 2529 1394 723 0 1674 0
Current children cumulated CPU time: 0.01 s
Current children cumulated vsize: 15800 KiB
Current children cumulated memory: 10116 KiB

[startup+0.200663 s]*
/proc/loadavg: 36.14 36.76 36.59 38/2812 18
/proc/meminfo: memFree=457694880/527542196 swapFree=33554172/33554428
[pid=16] ppid=13 vsize=17684 memory=12424 CPUtime=0.04 cores=28-38,44-46,140-150,156-158
/proc/16/stat : 16 (python3) S 13 16 0 0 -1 4194304 1894 0 96 0 3 1 0 0 20 0 1 0 53414976 18108416 3106 67087892480 4194304 7154137 140725889862960 0 0 0 0 16781312 2 1 0 0 17 30 0 0 8 0 0 9727432 11029816 28512256 140725889870655 140725889870765 140725889870765 140725889871847 0
/proc/16/statm: 4421 3106 1512 723 0 2063 0
[pid=18] ppid=16 vsize=7772 memory=2060 CPUtime=0.04 cores=28-38,44-46,140-150,156-158
/proc/18/stat : 18 (bn4rust) R 16 16 0 0 -1 4194304 138 0 12 0 0 4 0 0 20 0 1 0 53414989 7958528 515 67087892480 94790014160896 94790016028017 140731051324592 0 0 0 0 4096 1088 0 0 0 17 32 0 0 1 0 0 94790016286080 94790016333016 94790021636096 140731051326210 140731051326358 140731051326358 140731051327457 0
/proc/18/statm: 1943 515 461 456 0 104 0
Current children cumulated CPU time: 0.08 s
Current children cumulated vsize: 25456 KiB
Current children cumulated memory: 14484 KiB

[startup+0.300531 s]*
/proc/loadavg: 36.14 36.76 36.59 37/2812 18
/proc/meminfo: memFree=457856892/527542196 swapFree=33554172/33554428
[pid=16] ppid=13 vsize=17684 memory=12424 CPUtime=0.04 cores=28-38,44-46,140-150,156-158
/proc/16/stat : 16 (python3) S 13 16 0 0 -1 4194304 1896 0 96 0 3 1 0 0 20 0 1 0 53414976 18108416 3106 67087892480 4194304 7154137 140725889862960 0 0 0 0 16781312 2 1 0 0 17 144 0 0 8 0 0 9727432 11029816 28512256 140725889870655 140725889870765 140725889870765 140725889871847 0
/proc/16/statm: 4421 3106 1512 723 0 2063 0
[pid=18] ppid=16 vsize=14360 memory=11128 CPUtime=0.13 cores=28-38,44-46,140-150,156-158
/proc/18/stat : 18 (bn4rust) R 16 16 0 0 -1 4194304 2048 0 18 0 6 7 0 0 20 0 1 0 53414989 14704640 2782 67087892480 94790014160896 94790016028017 140731051324592 0 0 0 0 4096 1088 0 0 0 17 30 0 0 1 0 0 94790016286080 94790016333016 94790021636096 140731051326210 140731051326358 140731051326358 140731051327457 0
/proc/18/statm: 3590 2782 1067 456 0 1751 0
Current children cumulated CPU time: 0.17 s
Current children cumulated vsize: 32044 KiB
Current children cumulated memory: 23552 KiB

[startup+0.700289 s]
/proc/loadavg: 36.14 36.76 36.59 37/2812 18
/proc/meminfo: memFree=457838012/527542196 swapFree=33554172/33554428
[pid=16] ppid=13 vsize=17684 memory=12424 CPUtime=0.04 cores=28-38,44-46,140-150,156-158
/proc/16/stat : 16 (python3) S 13 16 0 0 -1 4194304 1897 0 96 0 3 1 0 0 20 0 1 0 53414976 18108416 3106 67087892480 4194304 7154137 140725889862960 0 0 0 0 16781312 2 1 0 0 17 144 0 0 8 0 0 9727432 11029816 28512256 140725889870655 140725889870765 140725889870765 140725889871847 0
/proc/16/statm: 4421 3106 1512 723 0 2063 0
[pid=18] ppid=16 vsize=17908 memory=14612 CPUtime=0.53 cores=28-38,44-46,140-150,156-158
/proc/18/stat : 18 (bn4rust) R 16 16 0 0 -1 4194304 3634 0 18 0 46 7 0 0 20 0 1 0 53414989 18337792 3653 67087892480 94790014160896 94790016028017 140731051324592 0 0 0 0 4096 1088 0 0 0 17 30 0 0 1 0 0 94790016286080 94790016333016 94790021636096 140731051326210 140731051326358 140731051326358 140731051327457 0
/proc/18/statm: 4477 3653 1067 456 0 2638 0
Current children cumulated CPU time: 0.57 s
Current children cumulated vsize: 35592 KiB
Current children cumulated memory: 27036 KiB

[startup+1.50025 s]
/proc/loadavg: 36.14 36.76 36.59 37/2812 18
/proc/meminfo: memFree=457799420/527542196 swapFree=33554172/33554428
[pid=16] ppid=13 vsize=17684 memory=12424 CPUtime=0.04 cores=28-38,44-46,140-150,156-158
/proc/16/stat : 16 (python3) S 13 16 0 0 -1 4194304 1897 0 96 0 3 1 0 0 20 0 1 0 53414976 18108416 3106 67087892480 4194304 7154137 140725889862960 0 0 0 0 16781312 2 1 0 0 17 144 0 0 8 0 0 9727432 11029816 28512256 140725889870655 140725889870765 140725889870765 140725889871847 0
/proc/16/statm: 4421 3106 1512 723 0 2063 0
[pid=18] ppid=16 vsize=20636 memory=17296 CPUtime=1.33 cores=28-38,44-46,140-150,156-158
/proc/18/stat : 18 (bn4rust) R 16 16 0 0 -1 4194304 16113 0 18 0 124 9 0 0 20 0 1 0 53414989 21131264 4324 67087892480 94790014160896 94790016028017 140731051324592 0 0 0 0 4096 1088 0 0 0 17 30 0 0 1 0 0 94790016286080 94790016333016 94790021636096 140731051326210 140731051326358 140731051326358 140731051327457 0
/proc/18/statm: 5159 4324 1067 456 0 3320 0
Current children cumulated CPU time: 1.37 s
Current children cumulated vsize: 38320 KiB
Current children cumulated memory: 29720 KiB

[startup+3.10038 s]
/proc/loadavg: 36.13 36.75 36.59 37/2812 18
/proc/meminfo: memFree=473462136/527542196 swapFree=33554172/33554428
[pid=16] ppid=13 vsize=17684 memory=12424 CPUtime=0.04 cores=28-38,44-46,140-150,156-158
/proc/16/stat : 16 (python3) S 13 16 0 0 -1 4194304 1897 0 96 0 3 1 0 0 20 0 1 0 53414976 18108416 3106 67087892480 4194304 7154137 140725889862960 0 0 0 0 16781312 2 1 0 0 17 144 0 0 8 0 0 9727432 11029816 28512256 140725889870655 140725889870765 140725889870765 140725889871847 0
/proc/16/statm: 4421 3106 1512 723 0 2063 0
[pid=18] ppid=16 vsize=22204 memory=18976 CPUtime=2.92 cores=28-38,44-46,140-150,156-158
/proc/18/stat : 18 (bn4rust) R 16 16 0 0 -1 4194304 36881 0 18 0 280 12 0 0 20 0 1 0 53414989 22736896 4744 67087892480 94790014160896 94790016028017 140731051324592 0 0 0 0 4096 1088 0 0 0 17 32 0 0 1 0 0 94790016286080 94790016333016 94790021636096 140731051326210 140731051326358 140731051326358 140731051327457 0
/proc/18/statm: 5551 4744 1067 456 0 3712 0
Current children cumulated CPU time: 2.96 s
Current children cumulated vsize: 39888 KiB
Current children cumulated memory: 31400 KiB

[startup+6.30026 s]
/proc/loadavg: 36.13 36.75 36.59 37/2812 18
/proc/meminfo: memFree=461590260/527542196 swapFree=33554172/33554428
[pid=16] ppid=13 vsize=17684 memory=12424 CPUtime=0.04 cores=28-38,44-46,140-150,156-158
/proc/16/stat : 16 (python3) S 13 16 0 0 -1 4194304 1897 0 96 0 3 1 0 0 20 0 1 0 53414976 18108416 3106 67087892480 4194304 7154137 140725889862960 0 0 0 0 16781312 2 1 0 0 17 144 0 0 8 0 0 9727432 11029816 28512256 140725889870655 140725889870765 140725889870765 140725889871847 0
/proc/16/statm: 4421 3106 1512 723 0 2063 0
[pid=18] ppid=16 vsize=25532 memory=22076 CPUtime=6.11 cores=28-38,44-46,140-150,156-158
/proc/18/stat : 18 (bn4rust) R 16 16 0 0 -1 4194304 62615 0 18 0 594 17 0 0 20 0 1 0 53414989 26144768 5519 67087892480 94790014160896 94790016028017 140731051324592 0 0 0 0 4096 1088 0 0 0 17 33 0 0 1 0 0 94790016286080 94790016333016 94790021636096 140731051326210 140731051326358 140731051326358 140731051327457 0
/proc/18/statm: 6383 5519 1067 456 0 4544 0
Current children cumulated CPU time: 6.15 s
Current children cumulated vsize: 43216 KiB
Current children cumulated memory: 34500 KiB

[startup+12.7002 s]
/proc/loadavg: 36.20 36.75 36.59 39/2812 18
/proc/meminfo: memFree=461436632/527542196 swapFree=33554172/33554428
[pid=16] ppid=13 vsize=17684 memory=12424 CPUtime=0.04 cores=28-38,44-46,140-150,156-158
/proc/16/stat : 16 (python3) S 13 16 0 0 -1 4194304 1897 0 96 0 3 1 0 0 20 0 1 0 53414976 18108416 3106 67087892480 4194304 7154137 140725889862960 0 0 0 0 16781312 2 1 0 0 17 144 0 0 8 0 0 9727432 11029816 28512256 140725889870655 140725889870765 140725889870765 140725889871847 0
/proc/16/statm: 4421 3106 1512 723 0 2063 0
[pid=18] ppid=16 vsize=29692 memory=25796 CPUtime=12.49 cores=28-38,44-46,140-150,156-158
/proc/18/stat : 18 (bn4rust) R 16 16 0 0 -1 4194304 90274 0 18 0 1227 22 0 0 20 0 1 0 53414989 30404608 6449 67087892480 94790014160896 94790016028017 140731051324592 0 0 0 0 4096 1088 0 0 0 17 140 0 0 1 0 0 94790016286080 94790016333016 94790021636096 140731051326210 140731051326358 140731051326358 140731051327457 0
/proc/18/statm: 7423 6449 1067 456 0 5584 0
Current children cumulated CPU time: 12.53 s
Current children cumulated vsize: 47376 KiB
Current children cumulated memory: 38220 KiB

[startup+25.5002 s]
/proc/loadavg: 36.38 36.77 36.60 38/2810 18
/proc/meminfo: memFree=462821716/527542196 swapFree=33554172/33554428
[pid=16] ppid=13 vsize=17684 memory=12424 CPUtime=0.04 cores=28-38,44-46,140-150,156-158
/proc/16/stat : 16 (python3) S 13 16 0 0 -1 4194304 1898 0 96 0 3 1 0 0 20 0 1 0 53414976 18108416 3106 67087892480 4194304 7154137 140725889862960 0 0 0 0 16781312 2 1 0 0 17 144 0 0 8 0 0 9727432 11029816 28512256 140725889870655 140725889870765 140725889870765 140725889871847 0
/proc/16/statm: 4421 3106 1512 723 0 2063 0
[pid=18] ppid=16 vsize=29692 memory=26300 CPUtime=25.23 cores=28-38,44-46,140-150,156-158
/proc/18/stat : 18 (bn4rust) R 16 16 0 0 -1 4194304 123832 0 18 0 2495 28 0 0 20 0 1 0 53414989 30404608 6575 67087892480 94790014160896 94790016028017 140731051324592 0 0 0 0 4096 1088 0 0 0 17 141 0 0 1 0 0 94790016286080 94790016333016 94790021636096 140731051326210 140731051326358 140731051326358 140731051327457 0
/proc/18/statm: 7423 6575 1067 456 0 5584 0
Current children cumulated CPU time: 25.27 s
Current children cumulated vsize: 47376 KiB
Current children cumulated memory: 38724 KiB

[startup+38.6037 s]
# the end of solver process 16 was just reported to runsolver
# cumulated CPU time of all completed processes:  user=38.0419 s, system=0.30058 s

Solver just ended.
??? end of watcher thread
Dumping a history of the last processes samples

[startup+25.6004 s]
/proc/loadavg: 36.38 36.77 36.60 38/2810 18
/proc/meminfo: memFree=462821716/527542196 swapFree=33554172/33554428
[pid=16] ppid=13 vsize=17684 memory=12424 CPUtime=0.04 cores=28-38,44-46,140-150,156-158
/proc/16/stat : 16 (python3) S 13 16 0 0 -1 4194304 1898 0 96 0 3 1 0 0 20 0 1 0 53414976 18108416 3106 67087892480 4194304 7154137 140725889862960 0 0 0 0 16781312 2 1 0 0 17 144 0 0 8 0 0 9727432 11029816 28512256 140725889870655 140725889870765 140725889870765 140725889871847 0
/proc/16/statm: 4421 3106 1512 723 0 2063 0
[pid=18] ppid=16 vsize=29692 memory=26300 CPUtime=25.33 cores=28-38,44-46,140-150,156-158
/proc/18/stat : 18 (bn4rust) R 16 16 0 0 -1 4194304 123832 0 18 0 2505 28 0 0 20 0 1 0 53414989 30404608 6575 67087892480 94790014160896 94790016028017 140731051324592 0 0 0 0 4096 1088 0 0 0 17 141 0 0 1 0 0 94790016286080 94790016333016 94790021636096 140731051326210 140731051326358 140731051326358 140731051327457 0
/proc/18/statm: 7423 6575 1067 456 0 5584 0
Current children cumulated CPU time: 25.37 s
Current children cumulated vsize: 47376 KiB
Current children cumulated memory: 38724 KiB

[startup+32.0002 s]*
/proc/loadavg: 36.43 36.77 36.60 37/2810 18
/proc/meminfo: memFree=460375108/527542196 swapFree=33554172/33554428
[pid=16] ppid=13 vsize=17684 memory=12424 CPUtime=0.04 cores=28-38,44-46,140-150,156-158
/proc/16/stat : 16 (python3) S 13 16 0 0 -1 4194304 1898 0 96 0 3 1 0 0 20 0 1 0 53414976 18108416 3106 67087892480 4194304 7154137 140725889862960 0 0 0 0 16781312 2 1 0 0 17 144 0 0 8 0 0 9727432 11029816 28512256 140725889870655 140725889870765 140725889870765 140725889871847 0
/proc/16/statm: 4421 3106 1512 723 0 2063 0
[pid=18] ppid=16 vsize=30652 memory=27352 CPUtime=31.71 cores=28-38,44-46,140-150,156-158
/proc/18/stat : 18 (bn4rust) R 16 16 0 0 -1 4194304 124073 0 18 0 3143 28 0 0 20 0 1 0 53414989 31387648 6838 67087892480 94790014160896 94790016028017 140731051324592 0 0 0 0 4096 1088 0 0 0 17 141 0 0 1 0 0 94790016286080 94790016333016 94790021636096 140731051326210 140731051326358 140731051326358 140731051327457 0
/proc/18/statm: 7663 6838 1067 456 0 5824 0
Current children cumulated CPU time: 31.75 s
Current children cumulated vsize: 48336 KiB
Current children cumulated memory: 39776 KiB

[startup+35.2002 s]
/proc/loadavg: 36.47 36.78 36.60 38/2810 18
/proc/meminfo: memFree=460103088/527542196 swapFree=33554172/33554428
[pid=16] ppid=13 vsize=17684 memory=12424 CPUtime=0.04 cores=28-38,44-46,140-150,156-158
/proc/16/stat : 16 (python3) S 13 16 0 0 -1 4194304 1898 0 96 0 3 1 0 0 20 0 1 0 53414976 18108416 3106 67087892480 4194304 7154137 140725889862960 0 0 0 0 16781312 2 1 0 0 17 144 0 0 8 0 0 9727432 11029816 28512256 140725889870655 140725889870765 140725889870765 140725889871847 0
/proc/16/statm: 4421 3106 1512 723 0 2063 0
[pid=18] ppid=16 vsize=30652 memory=27352 CPUtime=34.89 cores=28-38,44-46,140-150,156-158
/proc/18/stat : 18 (bn4rust) R 16 16 0 0 -1 4194304 124074 0 18 0 3461 28 0 0 20 0 1 0 53414989 31387648 6838 67087892480 94790014160896 94790016028017 140731051324592 0 0 0 0 4096 1088 0 0 0 17 141 0 0 1 0 0 94790016286080 94790016333016 94790021636096 140731051326210 140731051326358 140731051326358 140731051327457 0
/proc/18/statm: 7663 6838 1067 456 0 5824 0
Current children cumulated CPU time: 34.93 s
Current children cumulated vsize: 48336 KiB
Current children cumulated memory: 39776 KiB

[startup+36.8002 s]
/proc/loadavg: 36.47 36.78 36.60 38/2810 18
/proc/meminfo: memFree=460012920/527542196 swapFree=33554172/33554428
[pid=16] ppid=13 vsize=17684 memory=12424 CPUtime=0.04 cores=28-38,44-46,140-150,156-158
/proc/16/stat : 16 (python3) S 13 16 0 0 -1 4194304 1898 0 96 0 3 1 0 0 20 0 1 0 53414976 18108416 3106 67087892480 4194304 7154137 140725889862960 0 0 0 0 16781312 2 1 0 0 17 144 0 0 8 0 0 9727432 11029816 28512256 140725889870655 140725889870765 140725889870765 140725889871847 0
/proc/16/statm: 4421 3106 1512 723 0 2063 0
[pid=18] ppid=16 vsize=30652 memory=27352 CPUtime=36.49 cores=28-38,44-46,140-150,156-158
/proc/18/stat : 18 (bn4rust) R 16 16 0 0 -1 4194304 124074 0 18 0 3621 28 0 0 20 0 1 0 53414989 31387648 6838 67087892480 94790014160896 94790016028017 140731051324592 0 0 0 0 4096 1088 0 0 0 17 28 0 0 1 0 0 94790016286080 94790016333016 94790021636096 140731051326210 140731051326358 140731051326358 140731051327457 0
/proc/18/statm: 7663 6838 1067 456 0 5824 0
Current children cumulated CPU time: 36.53 s
Current children cumulated vsize: 48336 KiB
Current children cumulated memory: 39776 KiB

[startup+37.6002 s]
/proc/loadavg: 36.47 36.78 36.60 38/2810 18
/proc/meminfo: memFree=459925792/527542196 swapFree=33554172/33554428
[pid=16] ppid=13 vsize=17684 memory=12424 CPUtime=0.04 cores=28-38,44-46,140-150,156-158
/proc/16/stat : 16 (python3) S 13 16 0 0 -1 4194304 1899 0 96 0 3 1 0 0 20 0 1 0 53414976 18108416 3106 67087892480 4194304 7154137 140725889862960 0 0 0 0 16781312 2 1 0 0 17 144 0 0 8 0 0 9727432 11029816 28512256 140725889870655 140725889870765 140725889870765 140725889871847 0
/proc/16/statm: 4421 3106 1512 723 0 2063 0
[pid=18] ppid=16 vsize=30652 memory=27352 CPUtime=37.28 cores=28-38,44-46,140-150,156-158
/proc/18/stat : 18 (bn4rust) R 16 16 0 0 -1 4194304 124074 0 18 0 3700 28 0 0 20 0 1 0 53414989 31387648 6838 67087892480 94790014160896 94790016028017 140731051324592 0 0 0 0 4096 1088 0 0 0 17 28 0 0 1 0 0 94790016286080 94790016333016 94790021636096 140731051326210 140731051326358 140731051326358 140731051327457 0
/proc/18/statm: 7663 6838 1067 456 0 5824 0
Current children cumulated CPU time: 37.32 s
Current children cumulated vsize: 48336 KiB
Current children cumulated memory: 39776 KiB

[startup+38.4003 s]
/proc/loadavg: 36.52 36.78 36.60 37/2810 18
/proc/meminfo: memFree=459836500/527542196 swapFree=33554172/33554428
[pid=16] ppid=13 vsize=17684 memory=12424 CPUtime=0.04 cores=28-38,44-46,140-150,156-158
/proc/16/stat : 16 (python3) S 13 16 0 0 -1 4194304 1899 0 96 0 3 1 0 0 20 0 1 0 53414976 18108416 3106 67087892480 4194304 7154137 140725889862960 0 0 0 0 16781312 2 1 0 0 17 144 0 0 8 0 0 9727432 11029816 28512256 140725889870655 140725889870765 140725889870765 140725889871847 0
/proc/16/statm: 4421 3106 1512 723 0 2063 0
[pid=18] ppid=16 vsize=30652 memory=27352 CPUtime=38.08 cores=28-38,44-46,140-150,156-158
/proc/18/stat : 18 (bn4rust) R 16 16 0 0 -1 4194304 124074 0 18 0 3780 28 0 0 20 0 1 0 53414989 31387648 6838 67087892480 94790014160896 94790016028017 140731051324592 0 0 0 0 4096 1088 0 0 0 17 28 0 0 1 0 0 94790016286080 94790016333016 94790021636096 140731051326210 140731051326358 140731051326358 140731051327457 0
/proc/18/statm: 7663 6838 1067 456 0 5824 0
Current children cumulated CPU time: 38.12 s
Current children cumulated vsize: 48336 KiB
Current children cumulated memory: 39776 KiB

[startup+38.6002 s]
/proc/loadavg: 36.52 36.78 36.60 37/2810 18
/proc/meminfo: memFree=459836500/527542196 swapFree=33554172/33554428
[pid=16] ppid=13 vsize=17684 memory=12424 CPUtime=38.32 cores=28-38,44-46,140-150,156-158
/proc/16/stat : 16 (python3) R 13 16 0 0 -1 4194304 1908 124081 96 20 4 1 3799 28 20 0 1 0 53414976 18108416 3106 67087892480 4194304 7154137 140725889862960 0 0 0 0 16781312 0 0 0 0 17 32 0 0 8 0 0 9727432 11029816 28512256 140725889870655 140725889870765 140725889870765 140725889871847 0
/proc/16/statm: 4421 3106 1512 723 0 2063 0
Current children cumulated CPU time: 38.32 s
Current children cumulated vsize: 17684 KiB
Current children cumulated memory: 12424 KiB

Child status: 0
Real time (s): 38.6038
CPU time (s): 38.3424
CPU user time (s): 38.0419
CPU system time (s): 0.30058
CPU usage (%): 99.323
Max. virtual memory (cumulated for all children) (KiB): 55824
Max. memory (cumulated for all children) (KiB): 46908

getrusage(RUSAGE_CHILDREN,...) data:
user time used= 38.0419
system time used= 0.30058
maximum resident set size= 34484
integral shared memory size= 0
integral unshared data size= 0
integral unshared stack size= 0
page reclaims= 125998
page faults= 116
swaps= 0
block input operations= 20304
block output operations= 8
messages sent= 0
messages received= 0
signals received= 0
voluntary context switches= 1073
involuntary context switches= 51


# summary of solver processes directly reported to runsolver:
#   pid: 16
#   total CPU time (s): 38.3424
#   total CPU user time (s): 38.0419
#   total CPU system time (s): 0.30058

??? join timestamper begins
??? join timestamper ends
??? end of timestamper thread
runsolver used 0.023091 second user time and 0.071705 second system time

The end
