# WCTIME: wall clock time in seconds
WCTIME=1800.01
# CPUTIME: CPU time in seconds (USERTIME+SYSTEMTIME)
CPUTIME=1793.85
# USERTIME: CPU time spent in user mode in seconds
USERTIME=1744.54
# SYSTEMTIME: CPU time spent in system mode in seconds
SYSTEMTIME=49.3146
# CPUUSAGE: CPUTIME/WCTIME in percent
CPUUSAGE=99.6582
# MAXVM: maximum virtual memory used in KiB
MAXVM=1983248
# MAXMM: maximum memory used in KiB
MAXMM=1748816
# MAXRSS: maximum Resident Segment Size in KiB
MAXRSS=1782480
# TIMEOUT: did the solver exceed the time limit?
TIMEOUT=true
# MEMOUT: did the solver exceed the memory limit?
MEMOUT=false
# EXITSTATUS: Exit status of the solver
EXITSTATUS=15
