# WCTIME: wall clock time in seconds
WCTIME=111.798
# CPUTIME: CPU time in seconds (USERTIME+SYSTEMTIME)
CPUTIME=110.595
# USERTIME: CPU time spent in user mode in seconds
USERTIME=110.379
# SYSTEMTIME: CPU time spent in system mode in seconds
SYSTEMTIME=0.216113
# CPUUSAGE: CPUTIME/WCTIME in percent
CPUUSAGE=98.9241
# MAXVM: maximum virtual memory used in KiB
MAXVM=453496
# MAXMM: maximum memory used in KiB
MAXMM=264752
# MAXRSS: maximum Resident Segment Size in KiB
MAXRSS=192212
# TIMEOUT: did the solver exceed the time limit?
TIMEOUT=false
# MEMOUT: did the solver exceed the memory limit?
MEMOUT=false
# EXITSTATUS: Exit status of the solver
EXITSTATUS=0
