runsolver version 3.4.1 (svn: 3018) Copyright (C) 2010-2013 Olivier ROUSSEL

This program is distributed in the hope that it will be useful,
but WITHOUT ANY WARRANTY; without even the implied warranty of
MERCHANTABILITY or FITNESS FOR A PARTICULAR PURPOSE.  See the
GNU General Public License for more details.

NUMA information:
  number of nodes: 8
  memory of node 0: 63700 MiB (13872 MiB free)
  memory of node 1: 64504 MiB (55070 MiB free)
  memory of node 2: 64504 MiB (63562 MiB free)
  memory of node 3: 64504 MiB (62972 MiB free)
  memory of node 4: 64504 MiB (3551 MiB free)
  memory of node 5: 64461 MiB (190 MiB free)
  memory of node 6: 64504 MiB (37368 MiB free)
  memory of node 7: 64491 MiB (39587 MiB free)
  node distances:
     10  12  12  12  21  21  21  21
     12  10  12  12  21  21  21  21
     12  12  10  12  21  21  21  21
     12  12  12  10  21  21  21  21
     21  21  21  21  10  12  12  12
     21  21  21  21  12  10  12  12
     21  21  21  21  12  12  10  12
     21  21  21  21  12  12  12  10

command line: /usr/local/bin/runsolver --timestamp -w /output/runsolver-watch.log -v /output/runsolver-values.log -o /output/solver-output.log -C 1800.0 -W 1800.0 -R 64000 /opt/solver/run_bn4rust.py --mode cyber-complement-gfp --instance /input/model_109.bnet 

running on 28 cores: 43-56,155-168

Enforcing CPUTime limit (soft limit, will send SIGTERM then SIGKILL): 1800 seconds
Enforcing CPUTime limit (hard limit, will send SIGXCPU): 1830 seconds
Enforcing wall clock limit (soft limit, will send SIGTERM then SIGKILL): 1800 seconds
Enforcing RSS+Swap limit (soft limit, will send SIGTERM then SIGKILL): 65536000 KiB
Linux 4.18.0-553.159.1.el8_10.x86_64
solver pid=16, runsolver pid=13
Current StackSize limit: 18014398509481983 KiB


[startup+0.100081 s]*
/proc/loadavg: 23.11 22.58 22.37 28/2907 17
/proc/meminfo: memFree=282783948/527542252 swapFree=13472508/33554428
[pid=16] ppid=13 vsize=15748 memory=9964 CPUtime=0.01 cores=43-56,155-168
/proc/16/stat : 16 (python3) S 13 16 0 0 -1 4194304 1374 0 81 0 1 0 0 0 20 0 1 0 53233816 16125952 2491 67087892480 4194304 7154137 140723018222880 0 0 0 0 16781312 2 1 0 0 17 163 0 0 6 0 0 9727432 11029816 36007936 140723018230605 140723018230701 140723018230701 140723018231783 0
/proc/16/statm: 3937 2491 1390 723 0 1673 0
Current children cumulated CPU time: 0.01 s
Current children cumulated vsize: 15748 KiB
Current children cumulated memory: 9964 KiB

[startup+0.170355 s]
# the end of solver process 16 was just reported to runsolver
# cumulated CPU time of all completed processes:  user=0.041838 s, system=0.014992 s

Solver just ended.
??? end of watcher thread
Dumping a history of the last processes samples

[startup+0.100081 s]*
/proc/loadavg: 23.11 22.58 22.37 28/2907 17
/proc/meminfo: memFree=282783948/527542252 swapFree=13472508/33554428
[pid=16] ppid=13 vsize=15748 memory=9964 CPUtime=0.01 cores=43-56,155-168
/proc/16/stat : 16 (python3) S 13 16 0 0 -1 4194304 1374 0 81 0 1 0 0 0 20 0 1 0 53233816 16125952 2491 67087892480 4194304 7154137 140723018222880 0 0 0 0 16781312 2 1 0 0 17 163 0 0 6 0 0 9727432 11029816 36007936 140723018230605 140723018230701 140723018230701 140723018231783 0
/proc/16/statm: 3937 2491 1390 723 0 1673 0
Current children cumulated CPU time: 0.01 s
Current children cumulated vsize: 15748 KiB
Current children cumulated memory: 9964 KiB

Child status: 0
Real time (s): 0.170378
CPU time (s): 0.05683
CPU user time (s): 0.041838
CPU system time (s): 0.014992
CPU usage (%): 33.3553
Max. virtual memory (cumulated for all children) (KiB): 15748
Max. memory (cumulated for all children) (KiB): 9964

getrusage(RUSAGE_CHILDREN,...) data:
user time used= 0.041838
system time used= 0.014992
maximum resident set size= 12588
integral shared memory size= 0
integral unshared data size= 0
integral unshared stack size= 0
page reclaims= 2061
page faults= 115
swaps= 0
block input operations= 19800
block output operations= 0
messages sent= 0
messages received= 0
signals received= 0
voluntary context switches= 963
involuntary context switches= 1


# summary of solver processes directly reported to runsolver:
#   pid: 16
#   total CPU time (s): 0.05683
#   total CPU user time (s): 0.041838
#   total CPU system time (s): 0.014992

??? join timestamper begins
??? join timestamper ends
??? end of timestamper thread
runsolver used 0.000712 second user time and 0.005721 second system time

The end
