# WCTIME: wall clock time in seconds
WCTIME=49.0536
# CPUTIME: CPU time in seconds (USERTIME+SYSTEMTIME)
CPUTIME=47.7876
# USERTIME: CPU time spent in user mode in seconds
USERTIME=47.5972
# SYSTEMTIME: CPU time spent in system mode in seconds
SYSTEMTIME=0.190441
# CPUUSAGE: CPUTIME/WCTIME in percent
CPUUSAGE=97.4193
# MAXVM: maximum virtual memory used in KiB
MAXVM=330852
# MAXMM: maximum memory used in KiB
MAXMM=141416
# MAXRSS: maximum Resident Segment Size in KiB
MAXRSS=72348
# TIMEOUT: did the solver exceed the time limit?
TIMEOUT=false
# MEMOUT: did the solver exceed the memory limit?
MEMOUT=false
# EXITSTATUS: Exit status of the solver
EXITSTATUS=0
